Command line invocation:
    /Applications/Xcode.app/Contents/Developer/usr/bin/xcodebuild -workspace ios/revmeter.xcworkspace -scheme revmeter -configuration Debug -sdk iphonesimulator clean build

Build settings from command line:
    SDKROOT = iphonesimulator26.5

--- xcodebuild: WARNING: Using the first of multiple matching destinations:
{ platform:iOS Simulator, id:dvtdevice-DVTiOSDeviceSimulatorPlaceholder-iphonesimulator:placeholder, name:Any iOS Simulator Device }
{ platform:iOS Simulator, arch:arm64, id:6E5CD2C1-AFFB-4A27-8B1A-20F846EB3C61, OS:26.5, name:iPad (A16) }
{ platform:iOS Simulator, arch:arm64, id:4115CF7B-36B9-44A5-9A43-35202D5E749D, OS:26.5, name:iPad Air 11-inch (M4) }
{ platform:iOS Simulator, arch:arm64, id:2E3F7BC1-455B-4921-931E-25DBC64225D6, OS:26.5, name:iPad Air 13-inch (M4) }
{ platform:iOS Simulator, arch:arm64, id:48A51EB2-D2F9-4E9C-A6BA-6793F0E2BCE4, OS:26.5, name:iPad Pro 11-inch (M5) }
{ platform:iOS Simulator, arch:arm64, id:611A6735-26E5-4683-B055-F852B31DDF1C, OS:26.5, name:iPad Pro 13-inch (M5) }
{ platform:iOS Simulator, arch:arm64, id:CAE9B9B7-EFE9-4314-8BBE-5E5D60B9455F, OS:26.5, name:iPad mini (A17 Pro) }
{ platform:iOS Simulator, arch:arm64, id:A0DBA422-C334-4D59-8E92-C167C85959DE, OS:26.5, name:iPhone 17 }
{ platform:iOS Simulator, arch:arm64, id:F2C860FB-B65E-46E5-BC35-A7601BC8047F, OS:26.5, name:iPhone 17 Pro }
{ platform:iOS Simulator, arch:arm64, id:BB30AB56-0300-4B64-AF58-698E7884D50E, OS:26.5, name:iPhone 17 Pro Max }
{ platform:iOS Simulator, arch:arm64, id:36DCF771-76DB-45BD-8323-43DC102EB04F, OS:26.5, name:iPhone 17e }
{ platform:iOS Simulator, arch:arm64, id:15D4C44A-7908-4CAF-81CC-547A946E8206, OS:26.5, name:iPhone Air }
{ platform:macOS, arch:arm64, variant:Designed for [iPad,iPhone], id:00006000-001C783C3CD3401E, name:My Mac }
{ platform:iOS, id:dvtdevice-DVTiPhonePlaceholder-iphoneos:placeholder, name:Any iOS Device }
{ platform:iOS, arch:arm64, id:00008150-00127D6E0A33401C, name:Karel - iPhone }
CreateBuildRequest

SendProjectDescription

CreateBuildOperation

** CLEAN SUCCEEDED **

--- xcodebuild: WARNING: Using the first of multiple matching destinations:
{ platform:iOS Simulator, id:dvtdevice-DVTiOSDeviceSimulatorPlaceholder-iphonesimulator:placeholder, name:Any iOS Simulator Device }
{ platform:iOS Simulator, arch:arm64, id:6E5CD2C1-AFFB-4A27-8B1A-20F846EB3C61, OS:26.5, name:iPad (A16) }
{ platform:iOS Simulator, arch:arm64, id:4115CF7B-36B9-44A5-9A43-35202D5E749D, OS:26.5, name:iPad Air 11-inch (M4) }
{ platform:iOS Simulator, arch:arm64, id:2E3F7BC1-455B-4921-931E-25DBC64225D6, OS:26.5, name:iPad Air 13-inch (M4) }
{ platform:iOS Simulator, arch:arm64, id:48A51EB2-D2F9-4E9C-A6BA-6793F0E2BCE4, OS:26.5, name:iPad Pro 11-inch (M5) }
{ platform:iOS Simulator, arch:arm64, id:611A6735-26E5-4683-B055-F852B31DDF1C, OS:26.5, name:iPad Pro 13-inch (M5) }
{ platform:iOS Simulator, arch:arm64, id:CAE9B9B7-EFE9-4314-8BBE-5E5D60B9455F, OS:26.5, name:iPad mini (A17 Pro) }
{ platform:iOS Simulator, arch:arm64, id:A0DBA422-C334-4D59-8E92-C167C85959DE, OS:26.5, name:iPhone 17 }
{ platform:iOS Simulator, arch:arm64, id:F2C860FB-B65E-46E5-BC35-A7601BC8047F, OS:26.5, name:iPhone 17 Pro }
{ platform:iOS Simulator, arch:arm64, id:BB30AB56-0300-4B64-AF58-698E7884D50E, OS:26.5, name:iPhone 17 Pro Max }
{ platform:iOS Simulator, arch:arm64, id:36DCF771-76DB-45BD-8323-43DC102EB04F, OS:26.5, name:iPhone 17e }
{ platform:iOS Simulator, arch:arm64, id:15D4C44A-7908-4CAF-81CC-547A946E8206, OS:26.5, name:iPhone Air }
{ platform:macOS, arch:arm64, variant:Designed for [iPad,iPhone], id:00006000-001C783C3CD3401E, name:My Mac }
{ platform:iOS, id:dvtdevice-DVTiPhonePlaceholder-iphoneos:placeholder, name:Any iOS Device }
{ platform:iOS, arch:arm64, id:00008150-00127D6E0A33401C, name:Karel - iPhone }
ComputePackagePrebuildTargetDependencyGraph

Prepare packages

CreateBuildRequest

SendProjectDescription

CreateBuildOperation

ComputeTargetDependencyGraph
note: Building targets in dependency order
note: Target dependency graph (115 targets)
    Target 'revmeter' in project 'revmeter'
        ➜ Implicit dependency on target 'Pods-revmeter' in project 'Pods' via file 'libPods-revmeter.a' in build phase 'Link Binary'
        ➜ Implicit dependency on target 'EXAV' in project 'Pods' via options '-lEXAV' in build setting 'OTHER_LDFLAGS'
        ➜ Implicit dependency on target 'EXConstants' in project 'Pods' via options '-lEXConstants' in build setting 'OTHER_LDFLAGS'
        ➜ Implicit dependency on target 'Expo' in project 'Pods' via options '-lExpo' in build setting 'OTHER_LDFLAGS'
        ➜ Implicit dependency on target 'ExpoAsset' in project 'Pods' via options '-lExpoAsset' in build setting 'OTHER_LDFLAGS'
        ➜ Implicit dependency on target 'ExpoDevice' in project 'Pods' via options '-lExpoDevice' in build setting 'OTHER_LDFLAGS'
        ➜ Implicit dependency on target 'ExpoDomWebView' in project 'Pods' via options '-lExpoDomWebView' in build setting 'OTHER_LDFLAGS'
        ➜ Implicit dependency on target 'ExpoGlassEffect' in project 'Pods' via options '-lExpoGlassEffect' in build setting 'OTHER_LDFLAGS'
        ➜ Implicit dependency on target 'ExpoKeepAwake' in project 'Pods' via options '-lExpoKeepAwake' in build setting 'OTHER_LDFLAGS'
        ➜ Implicit dependency on target 'ExpoLinking' in project 'Pods' via options '-lExpoLinking' in build setting 'OTHER_LDFLAGS'
        ➜ Implicit dependency on target 'ExpoLogBox' in project 'Pods' via options '-lExpoLogBox' in build setting 'OTHER_LDFLAGS'
        ➜ Implicit dependency on target 'ExpoModulesWorkletsAdapter' in project 'Pods' via options '-lExpoModulesWorkletsAdapter' in build setting 'OTHER_LDFLAGS'
        ➜ Implicit dependency on target 'ExpoRouter' in project 'Pods' via options '-lExpoRouter' in build setting 'OTHER_LDFLAGS'
        ➜ Implicit dependency on target 'ExpoSplashScreen' in project 'Pods' via options '-lExpoSplashScreen' in build setting 'OTHER_LDFLAGS'
        ➜ Implicit dependency on target 'ExpoSymbols' in project 'Pods' via options '-lExpoSymbols' in build setting 'OTHER_LDFLAGS'
        ➜ Implicit dependency on target 'ExpoSystemUI' in project 'Pods' via options '-lExpoSystemUI' in build setting 'OTHER_LDFLAGS'
        ➜ Implicit dependency on target 'ExpoUI' in project 'Pods' via options '-lExpoUI' in build setting 'OTHER_LDFLAGS'
        ➜ Implicit dependency on target 'ExpoWebBrowser' in project 'Pods' via options '-lExpoWebBrowser' in build setting 'OTHER_LDFLAGS'
        ➜ Implicit dependency on target 'RNCMaskedView' in project 'Pods' via options '-lRNCMaskedView' in build setting 'OTHER_LDFLAGS'
        ➜ Implicit dependency on target 'RNGestureHandler' in project 'Pods' via options '-lRNGestureHandler' in build setting 'OTHER_LDFLAGS'
        ➜ Implicit dependency on target 'RNReanimated' in project 'Pods' via options '-lRNReanimated' in build setting 'OTHER_LDFLAGS'
        ➜ Implicit dependency on target 'RNScreens' in project 'Pods' via options '-lRNScreens' in build setting 'OTHER_LDFLAGS'
        ➜ Implicit dependency on target 'RNWorklets' in project 'Pods' via options '-lRNWorklets' in build setting 'OTHER_LDFLAGS'
        ➜ Implicit dependency on target 'ReactAppDependencyProvider' in project 'Pods' via options '-lReactAppDependencyProvider' in build setting 'OTHER_LDFLAGS'
        ➜ Implicit dependency on target 'ReactCodegen' in project 'Pods' via options '-lReactCodegen' in build setting 'OTHER_LDFLAGS'
        ➜ Implicit dependency on target 'react-native-safe-area-context' in project 'Pods' via options '-lreact-native-safe-area-context' in build setting 'OTHER_LDFLAGS'
        ➜ Implicit dependency on target 'react-native-slider' in project 'Pods' via options '-lreact-native-slider' in build setting 'OTHER_LDFLAGS'
    Target 'Pods-revmeter' in project 'Pods'
        ➜ Explicit dependency on target 'EXAV' in project 'Pods'
        ➜ Explicit dependency on target 'EXConstants' in project 'Pods'
        ➜ Explicit dependency on target 'Expo' in project 'Pods'
        ➜ Explicit dependency on target 'ExpoAsset' in project 'Pods'
        ➜ Explicit dependency on target 'ExpoDevice' in project 'Pods'
        ➜ Explicit dependency on target 'ExpoDomWebView' in project 'Pods'
        ➜ Explicit dependency on target 'ExpoFileSystem' in project 'Pods'
        ➜ Explicit dependency on target 'ExpoFont' in project 'Pods'
        ➜ Explicit dependency on target 'ExpoGlassEffect' in project 'Pods'
        ➜ Explicit dependency on target 'ExpoImage' in project 'Pods'
        ➜ Explicit dependency on target 'ExpoKeepAwake' in project 'Pods'
        ➜ Explicit dependency on target 'ExpoLinking' in project 'Pods'
        ➜ Explicit dependency on target 'ExpoLogBox' in project 'Pods'
        ➜ Explicit dependency on target 'ExpoModulesCore' in project 'Pods'
        ➜ Explicit dependency on target 'ExpoModulesJSI' in project 'Pods'
        ➜ Explicit dependency on target 'ExpoModulesWorklets' in project 'Pods'
        ➜ Explicit dependency on target 'ExpoModulesWorkletsAdapter' in project 'Pods'
        ➜ Explicit dependency on target 'ExpoRouter' in project 'Pods'
        ➜ Explicit dependency on target 'ExpoSplashScreen' in project 'Pods'
        ➜ Explicit dependency on target 'ExpoSymbols' in project 'Pods'
        ➜ Explicit dependency on target 'ExpoSystemUI' in project 'Pods'
        ➜ Explicit dependency on target 'ExpoUI' in project 'Pods'
        ➜ Explicit dependency on target 'ExpoWebBrowser' in project 'Pods'
        ➜ Explicit dependency on target 'FBLazyVector' in project 'Pods'
        ➜ Explicit dependency on target 'RCTDeprecation' in project 'Pods'
        ➜ Explicit dependency on target 'RCTRequired' in project 'Pods'
        ➜ Explicit dependency on target 'RCTSwiftUI' in project 'Pods'
        ➜ Explicit dependency on target 'RCTSwiftUIWrapper' in project 'Pods'
        ➜ Explicit dependency on target 'RCTTypeSafety' in project 'Pods'
        ➜ Explicit dependency on target 'RNCMaskedView' in project 'Pods'
        ➜ Explicit dependency on target 'RNGestureHandler' in project 'Pods'
        ➜ Explicit dependency on target 'RNReanimated' in project 'Pods'
        ➜ Explicit dependency on target 'RNScreens' in project 'Pods'
        ➜ Explicit dependency on target 'RNWorklets' in project 'Pods'
        ➜ Explicit dependency on target 'React' in project 'Pods'
        ➜ Explicit dependency on target 'React-Core' in project 'Pods'
        ➜ Explicit dependency on target 'React-Core-prebuilt' in project 'Pods'
        ➜ Explicit dependency on target 'React-CoreModules' in project 'Pods'
        ➜ Explicit dependency on target 'React-Fabric' in project 'Pods'
        ➜ Explicit dependency on target 'React-FabricComponents' in project 'Pods'
        ➜ Explicit dependency on target 'React-FabricImage' in project 'Pods'
        ➜ Explicit dependency on target 'React-ImageManager' in project 'Pods'
        ➜ Explicit dependency on target 'React-Mapbuffer' in project 'Pods'
        ➜ Explicit dependency on target 'React-NativeModulesApple' in project 'Pods'
        ➜ Explicit dependency on target 'React-RCTActionSheet' in project 'Pods'
        ➜ Explicit dependency on target 'React-RCTAnimation' in project 'Pods'
        ➜ Explicit dependency on target 'React-RCTAppDelegate' in project 'Pods'
        ➜ Explicit dependency on target 'React-RCTBlob' in project 'Pods'
        ➜ Explicit dependency on target 'React-RCTFBReactNativeSpec' in project 'Pods'
        ➜ Explicit dependency on target 'React-RCTFabric' in project 'Pods'
        ➜ Explicit dependency on target 'React-RCTImage' in project 'Pods'
        ➜ Explicit dependency on target 'React-RCTLinking' in project 'Pods'
        ➜ Explicit dependency on target 'React-RCTNetwork' in project 'Pods'
        ➜ Explicit dependency on target 'React-RCTRuntime' in project 'Pods'
        ➜ Explicit dependency on target 'React-RCTSettings' in project 'Pods'
        ➜ Explicit dependency on target 'React-RCTText' in project 'Pods'
        ➜ Explicit dependency on target 'React-RCTVibration' in project 'Pods'
        ➜ Explicit dependency on target 'React-RuntimeApple' in project 'Pods'
        ➜ Explicit dependency on target 'React-RuntimeCore' in project 'Pods'
        ➜ Explicit dependency on target 'React-RuntimeHermes' in project 'Pods'
        ➜ Explicit dependency on target 'React-callinvoker' in project 'Pods'
        ➜ Explicit dependency on target 'React-cxxreact' in project 'Pods'
        ➜ Explicit dependency on target 'React-debug' in project 'Pods'
        ➜ Explicit dependency on target 'React-defaultsnativemodule' in project 'Pods'
        ➜ Explicit dependency on target 'React-domnativemodule' in project 'Pods'
        ➜ Explicit dependency on target 'React-featureflags' in project 'Pods'
        ➜ Explicit dependency on target 'React-featureflagsnativemodule' in project 'Pods'
        ➜ Explicit dependency on target 'React-graphics' in project 'Pods'
        ➜ Explicit dependency on target 'React-hermes' in project 'Pods'
        ➜ Explicit dependency on target 'React-idlecallbacksnativemodule' in project 'Pods'
        ➜ Explicit dependency on target 'React-intersectionobservernativemodule' in project 'Pods'
        ➜ Explicit dependency on target 'React-jserrorhandler' in project 'Pods'
        ➜ Explicit dependency on target 'React-jsi' in project 'Pods'
        ➜ Explicit dependency on target 'React-jsiexecutor' in project 'Pods'
        ➜ Explicit dependency on target 'React-jsinspector' in project 'Pods'
        ➜ Explicit dependency on target 'React-jsinspectorcdp' in project 'Pods'
        ➜ Explicit dependency on target 'React-jsinspectornetwork' in project 'Pods'
        ➜ Explicit dependency on target 'React-jsinspectortracing' in project 'Pods'
        ➜ Explicit dependency on target 'React-jsitooling' in project 'Pods'
        ➜ Explicit dependency on target 'React-jsitracing' in project 'Pods'
        ➜ Explicit dependency on target 'React-logger' in project 'Pods'
        ➜ Explicit dependency on target 'React-microtasksnativemodule' in project 'Pods'
        ➜ Explicit dependency on target 'React-mutationobservernativemodule' in project 'Pods'
        ➜ Explicit dependency on target 'React-networking' in project 'Pods'
        ➜ Explicit dependency on target 'React-oscompat' in project 'Pods'
        ➜ Explicit dependency on target 'React-perflogger' in project 'Pods'
        ➜ Explicit dependency on target 'React-performancecdpmetrics' in project 'Pods'
        ➜ Explicit dependency on target 'React-performancetimeline' in project 'Pods'
        ➜ Explicit dependency on target 'React-rendererconsistency' in project 'Pods'
        ➜ Explicit dependency on target 'React-renderercss' in project 'Pods'
        ➜ Explicit dependency on target 'React-rendererdebug' in project 'Pods'
        ➜ Explicit dependency on target 'React-runtimeexecutor' in project 'Pods'
        ➜ Explicit dependency on target 'React-runtimescheduler' in project 'Pods'
        ➜ Explicit dependency on target 'React-timing' in project 'Pods'
        ➜ Explicit dependency on target 'React-utils' in project 'Pods'
        ➜ Explicit dependency on target 'React-viewtransitionnativemodule' in project 'Pods'
        ➜ Explicit dependency on target 'React-webperformancenativemodule' in project 'Pods'
        ➜ Explicit dependency on target 'ReactAppDependencyProvider' in project 'Pods'
        ➜ Explicit dependency on target 'ReactCodegen' in project 'Pods'
        ➜ Explicit dependency on target 'ReactCommon' in project 'Pods'
        ➜ Explicit dependency on target 'ReactNativeDependencies' in project 'Pods'
        ➜ Explicit dependency on target 'Yoga' in project 'Pods'
        ➜ Explicit dependency on target 'hermes-engine' in project 'Pods'
        ➜ Explicit dependency on target 'react-native-safe-area-context' in project 'Pods'
        ➜ Explicit dependency on target 'react-native-slider' in project 'Pods'
    Target 'react-native-slider' in project 'Pods'
        ➜ Explicit dependency on target 'RCTRequired' in project 'Pods'
        ➜ Explicit dependency on target 'RCTTypeSafety' in project 'Pods'
        ➜ Explicit dependency on target 'React-Core' in project 'Pods'
        ➜ Explicit dependency on target 'React-Core-prebuilt' in project 'Pods'
        ➜ Explicit dependency on target 'React-Fabric' in project 'Pods'
        ➜ Explicit dependency on target 'React-ImageManager' in project 'Pods'
        ➜ Explicit dependency on target 'React-NativeModulesApple' in project 'Pods'
        ➜ Explicit dependency on target 'React-RCTFabric' in project 'Pods'
        ➜ Explicit dependency on target 'React-debug' in project 'Pods'
        ➜ Explicit dependency on target 'React-featureflags' in project 'Pods'
        ➜ Explicit dependency on target 'React-graphics' in project 'Pods'
        ➜ Explicit dependency on target 'React-jsi' in project 'Pods'
        ➜ Explicit dependency on target 'React-renderercss' in project 'Pods'
        ➜ Explicit dependency on target 'React-rendererdebug' in project 'Pods'
        ➜ Explicit dependency on target 'React-utils' in project 'Pods'
        ➜ Explicit dependency on target 'ReactCodegen' in project 'Pods'
        ➜ Explicit dependency on target 'ReactCommon' in project 'Pods'
        ➜ Explicit dependency on target 'ReactNativeDependencies' in project 'Pods'
        ➜ Explicit dependency on target 'Yoga' in project 'Pods'
        ➜ Explicit dependency on target 'hermes-engine' in project 'Pods'
    Target 'react-native-safe-area-context' in project 'Pods'
        ➜ Explicit dependency on target 'RCTRequired' in project 'Pods'
        ➜ Explicit dependency on target 'RCTTypeSafety' in project 'Pods'
        ➜ Explicit dependency on target 'React-Core' in project 'Pods'
        ➜ Explicit dependency on target 'React-Core-prebuilt' in project 'Pods'
        ➜ Explicit dependency on target 'React-Fabric' in project 'Pods'
        ➜ Explicit dependency on target 'React-ImageManager' in project 'Pods'
        ➜ Explicit dependency on target 'React-NativeModulesApple' in project 'Pods'
        ➜ Explicit dependency on target 'React-RCTFabric' in project 'Pods'
        ➜ Explicit dependency on target 'React-debug' in project 'Pods'
        ➜ Explicit dependency on target 'React-featureflags' in project 'Pods'
        ➜ Explicit dependency on target 'React-graphics' in project 'Pods'
        ➜ Explicit dependency on target 'React-jsi' in project 'Pods'
        ➜ Explicit dependency on target 'React-renderercss' in project 'Pods'
        ➜ Explicit dependency on target 'React-rendererdebug' in project 'Pods'
        ➜ Explicit dependency on target 'React-utils' in project 'Pods'
        ➜ Explicit dependency on target 'ReactCodegen' in project 'Pods'
        ➜ Explicit dependency on target 'ReactCommon' in project 'Pods'
        ➜ Explicit dependency on target 'ReactNativeDependencies' in project 'Pods'
        ➜ Explicit dependency on target 'Yoga' in project 'Pods'
        ➜ Explicit dependency on target 'hermes-engine' in project 'Pods'
    Target 'React' in project 'Pods'
        ➜ Explicit dependency on target 'React-Core' in project 'Pods'
        ➜ Explicit dependency on target 'React-RCTActionSheet' in project 'Pods'
        ➜ Explicit dependency on target 'React-RCTAnimation' in project 'Pods'
        ➜ Explicit dependency on target 'React-RCTBlob' in project 'Pods'
        ➜ Explicit dependency on target 'React-RCTImage' in project 'Pods'
        ➜ Explicit dependency on target 'React-RCTLinking' in project 'Pods'
        ➜ Explicit dependency on target 'React-RCTNetwork' in project 'Pods'
        ➜ Explicit dependency on target 'React-RCTSettings' in project 'Pods'
        ➜ Explicit dependency on target 'React-RCTText' in project 'Pods'
        ➜ Explicit dependency on target 'React-RCTVibration' in project 'Pods'
    Target 'React-RCTVibration' in project 'Pods'
        ➜ Explicit dependency on target 'React-Core' in project 'Pods'
        ➜ Explicit dependency on target 'React-Core-prebuilt' in project 'Pods'
        ➜ Explicit dependency on target 'React-jsi' in project 'Pods'
        ➜ Explicit dependency on target 'React-NativeModulesApple' in project 'Pods'
        ➜ Explicit dependency on target 'React-RCTFBReactNativeSpec' in project 'Pods'
        ➜ Explicit dependency on target 'ReactCommon' in project 'Pods'
        ➜ Explicit dependency on target 'ReactNativeDependencies' in project 'Pods'
    Target 'React-RCTSettings' in project 'Pods'
        ➜ Explicit dependency on target 'RCTTypeSafety' in project 'Pods'
        ➜ Explicit dependency on target 'React-Core' in project 'Pods'
        ➜ Explicit dependency on target 'React-Core-prebuilt' in project 'Pods'
        ➜ Explicit dependency on target 'React-jsi' in project 'Pods'
        ➜ Explicit dependency on target 'React-NativeModulesApple' in project 'Pods'
        ➜ Explicit dependency on target 'React-RCTFBReactNativeSpec' in project 'Pods'
        ➜ Explicit dependency on target 'ReactCommon' in project 'Pods'
        ➜ Explicit dependency on target 'ReactNativeDependencies' in project 'Pods'
    Target 'React-RCTLinking' in project 'Pods'
        ➜ Explicit dependency on target 'React-Core' in project 'Pods'
        ➜ Explicit dependency on target 'React-jsi' in project 'Pods'
        ➜ Explicit dependency on target 'React-NativeModulesApple' in project 'Pods'
        ➜ Explicit dependency on target 'React-RCTFBReactNativeSpec' in project 'Pods'
        ➜ Explicit dependency on target 'ReactCommon' in project 'Pods'
    Target 'React-RCTActionSheet' in project 'Pods'
        ➜ Explicit dependency on target 'React-Core' in project 'Pods'
    Target 'RNReanimated' in project 'Pods'
        ➜ Explicit dependency on target 'RCTRequired' in project 'Pods'
        ➜ Explicit dependency on target 'RCTTypeSafety' in project 'Pods'
        ➜ Explicit dependency on target 'RNWorklets' in project 'Pods'
        ➜ Explicit dependency on target 'React-Core' in project 'Pods'
        ➜ Explicit dependency on target 'React-Core-prebuilt' in project 'Pods'
        ➜ Explicit dependency on target 'React-Fabric' in project 'Pods'
        ➜ Explicit dependency on target 'React-ImageManager' in project 'Pods'
        ➜ Explicit dependency on target 'React-NativeModulesApple' in project 'Pods'
        ➜ Explicit dependency on target 'React-RCTFabric' in project 'Pods'
        ➜ Explicit dependency on target 'React-debug' in project 'Pods'
        ➜ Explicit dependency on target 'React-featureflags' in project 'Pods'
        ➜ Explicit dependency on target 'React-graphics' in project 'Pods'
        ➜ Explicit dependency on target 'React-hermes' in project 'Pods'
        ➜ Explicit dependency on target 'React-jsi' in project 'Pods'
        ➜ Explicit dependency on target 'React-renderercss' in project 'Pods'
        ➜ Explicit dependency on target 'React-rendererdebug' in project 'Pods'
        ➜ Explicit dependency on target 'React-utils' in project 'Pods'
        ➜ Explicit dependency on target 'ReactCodegen' in project 'Pods'
        ➜ Explicit dependency on target 'ReactCommon' in project 'Pods'
        ➜ Explicit dependency on target 'ReactNativeDependencies' in project 'Pods'
        ➜ Explicit dependency on target 'Yoga' in project 'Pods'
        ➜ Explicit dependency on target 'hermes-engine' in project 'Pods'
    Target 'RNGestureHandler' in project 'Pods'
        ➜ Explicit dependency on target 'RCTRequired' in project 'Pods'
        ➜ Explicit dependency on target 'RCTTypeSafety' in project 'Pods'
        ➜ Explicit dependency on target 'React-Core' in project 'Pods'
        ➜ Explicit dependency on target 'React-Core-prebuilt' in project 'Pods'
        ➜ Explicit dependency on target 'React-Fabric' in project 'Pods'
        ➜ Explicit dependency on target 'React-ImageManager' in project 'Pods'
        ➜ Explicit dependency on target 'React-NativeModulesApple' in project 'Pods'
        ➜ Explicit dependency on target 'React-RCTFabric' in project 'Pods'
        ➜ Explicit dependency on target 'React-debug' in project 'Pods'
        ➜ Explicit dependency on target 'React-featureflags' in project 'Pods'
        ➜ Explicit dependency on target 'React-graphics' in project 'Pods'
        ➜ Explicit dependency on target 'React-jsi' in project 'Pods'
        ➜ Explicit dependency on target 'React-renderercss' in project 'Pods'
        ➜ Explicit dependency on target 'React-rendererdebug' in project 'Pods'
        ➜ Explicit dependency on target 'React-utils' in project 'Pods'
        ➜ Explicit dependency on target 'ReactCodegen' in project 'Pods'
        ➜ Explicit dependency on target 'ReactCommon' in project 'Pods'
        ➜ Explicit dependency on target 'ReactNativeDependencies' in project 'Pods'
        ➜ Explicit dependency on target 'Yoga' in project 'Pods'
        ➜ Explicit dependency on target 'hermes-engine' in project 'Pods'
    Target 'RNCMaskedView' in project 'Pods'
        ➜ Explicit dependency on target 'RCTRequired' in project 'Pods'
        ➜ Explicit dependency on target 'RCTTypeSafety' in project 'Pods'
        ➜ Explicit dependency on target 'React-Core' in project 'Pods'
        ➜ Explicit dependency on target 'React-Core-prebuilt' in project 'Pods'
        ➜ Explicit dependency on target 'React-Fabric' in project 'Pods'
        ➜ Explicit dependency on target 'React-ImageManager' in project 'Pods'
        ➜ Explicit dependency on target 'React-NativeModulesApple' in project 'Pods'
        ➜ Explicit dependency on target 'React-RCTFabric' in project 'Pods'
        ➜ Explicit dependency on target 'React-debug' in project 'Pods'
        ➜ Explicit dependency on target 'React-featureflags' in project 'Pods'
        ➜ Explicit dependency on target 'React-graphics' in project 'Pods'
        ➜ Explicit dependency on target 'React-jsi' in project 'Pods'
        ➜ Explicit dependency on target 'React-renderercss' in project 'Pods'
        ➜ Explicit dependency on target 'React-rendererdebug' in project 'Pods'
        ➜ Explicit dependency on target 'React-utils' in project 'Pods'
        ➜ Explicit dependency on target 'ReactCodegen' in project 'Pods'
        ➜ Explicit dependency on target 'ReactCommon' in project 'Pods'
        ➜ Explicit dependency on target 'ReactNativeDependencies' in project 'Pods'
        ➜ Explicit dependency on target 'Yoga' in project 'Pods'
        ➜ Explicit dependency on target 'hermes-engine' in project 'Pods'
    Target 'ExpoWebBrowser' in project 'Pods'
        ➜ Explicit dependency on target 'ExpoModulesCore' in project 'Pods'
    Target 'ExpoUI' in project 'Pods'
        ➜ Explicit dependency on target 'ExpoModulesCore' in project 'Pods'
        ➜ Explicit dependency on target 'ExpoModulesWorklets' in project 'Pods'
        ➜ Explicit dependency on target 'React-RCTFabric' in project 'Pods'
    Target 'ExpoSystemUI' in project 'Pods'
        ➜ Explicit dependency on target 'ExpoModulesCore' in project 'Pods'
        ➜ Explicit dependency on target 'ExpoSystemUI-ExpoSystemUI_privacy' in project 'Pods'
    Target 'ExpoSystemUI-ExpoSystemUI_privacy' in project 'Pods' (no dependencies)
    Target 'ExpoSymbols' in project 'Pods'
        ➜ Explicit dependency on target 'ExpoModulesCore' in project 'Pods'
    Target 'ExpoSplashScreen' in project 'Pods'
        ➜ Explicit dependency on target 'ExpoModulesCore' in project 'Pods'
    Target 'ExpoRouter' in project 'Pods'
        ➜ Explicit dependency on target 'ExpoModulesCore' in project 'Pods'
        ➜ Explicit dependency on target 'RNScreens' in project 'Pods'
    Target 'RNScreens' in project 'Pods'
        ➜ Explicit dependency on target 'RCTRequired' in project 'Pods'
        ➜ Explicit dependency on target 'RCTTypeSafety' in project 'Pods'
        ➜ Explicit dependency on target 'React-Core' in project 'Pods'
        ➜ Explicit dependency on target 'React-Core-prebuilt' in project 'Pods'
        ➜ Explicit dependency on target 'React-Fabric' in project 'Pods'
        ➜ Explicit dependency on target 'React-ImageManager' in project 'Pods'
        ➜ Explicit dependency on target 'React-NativeModulesApple' in project 'Pods'
        ➜ Explicit dependency on target 'React-RCTFabric' in project 'Pods'
        ➜ Explicit dependency on target 'React-RCTImage' in project 'Pods'
        ➜ Explicit dependency on target 'React-debug' in project 'Pods'
        ➜ Explicit dependency on target 'React-featureflags' in project 'Pods'
        ➜ Explicit dependency on target 'React-graphics' in project 'Pods'
        ➜ Explicit dependency on target 'React-jsi' in project 'Pods'
        ➜ Explicit dependency on target 'React-renderercss' in project 'Pods'
        ➜ Explicit dependency on target 'React-rendererdebug' in project 'Pods'
        ➜ Explicit dependency on target 'React-utils' in project 'Pods'
        ➜ Explicit dependency on target 'ReactCodegen' in project 'Pods'
        ➜ Explicit dependency on target 'ReactCommon' in project 'Pods'
        ➜ Explicit dependency on target 'ReactNativeDependencies' in project 'Pods'
        ➜ Explicit dependency on target 'Yoga' in project 'Pods'
        ➜ Explicit dependency on target 'hermes-engine' in project 'Pods'
    Target 'ExpoModulesWorkletsAdapter' in project 'Pods'
        ➜ Explicit dependency on target 'ExpoModulesCore' in project 'Pods'
        ➜ Explicit dependency on target 'ExpoModulesJSI' in project 'Pods'
        ➜ Explicit dependency on target 'ExpoModulesWorklets' in project 'Pods'
        ➜ Explicit dependency on target 'RNWorklets' in project 'Pods'
    Target 'RNWorklets' in project 'Pods'
        ➜ Explicit dependency on target 'RCTRequired' in project 'Pods'
        ➜ Explicit dependency on target 'RCTTypeSafety' in project 'Pods'
        ➜ Explicit dependency on target 'React-Core' in project 'Pods'
        ➜ Explicit dependency on target 'React-Core-prebuilt' in project 'Pods'
        ➜ Explicit dependency on target 'React-Fabric' in project 'Pods'
        ➜ Explicit dependency on target 'React-ImageManager' in project 'Pods'
        ➜ Explicit dependency on target 'React-NativeModulesApple' in project 'Pods'
        ➜ Explicit dependency on target 'React-RCTFabric' in project 'Pods'
        ➜ Explicit dependency on target 'React-debug' in project 'Pods'
        ➜ Explicit dependency on target 'React-featureflags' in project 'Pods'
        ➜ Explicit dependency on target 'React-graphics' in project 'Pods'
        ➜ Explicit dependency on target 'React-hermes' in project 'Pods'
        ➜ Explicit dependency on target 'React-jsi' in project 'Pods'
        ➜ Explicit dependency on target 'React-renderercss' in project 'Pods'
        ➜ Explicit dependency on target 'React-rendererdebug' in project 'Pods'
        ➜ Explicit dependency on target 'React-utils' in project 'Pods'
        ➜ Explicit dependency on target 'ReactCodegen' in project 'Pods'
        ➜ Explicit dependency on target 'ReactCommon' in project 'Pods'
        ➜ Explicit dependency on target 'ReactNativeDependencies' in project 'Pods'
        ➜ Explicit dependency on target 'Yoga' in project 'Pods'
        ➜ Explicit dependency on target 'hermes-engine' in project 'Pods'
    Target 'ExpoModulesWorklets' in project 'Pods'
        ➜ Explicit dependency on target 'ExpoModulesCore' in project 'Pods'
        ➜ Explicit dependency on target 'ExpoModulesJSI' in project 'Pods'
    Target 'ExpoLogBox' in project 'Pods'
        ➜ Explicit dependency on target 'React-Core' in project 'Pods'
    Target 'ExpoLinking' in project 'Pods'
        ➜ Explicit dependency on target 'ExpoModulesCore' in project 'Pods'
    Target 'ExpoKeepAwake' in project 'Pods'
        ➜ Explicit dependency on target 'ExpoModulesCore' in project 'Pods'
    Target 'ExpoImage' in project 'Pods'
        ➜ Explicit dependency on target 'ExpoModulesCore' in project 'Pods'
    Target 'ExpoGlassEffect' in project 'Pods'
        ➜ Explicit dependency on target 'ExpoModulesCore' in project 'Pods'
    Target 'ExpoFont' in project 'Pods'
        ➜ Explicit dependency on target 'ExpoModulesCore' in project 'Pods'
    Target 'ExpoFileSystem' in project 'Pods'
        ➜ Explicit dependency on target 'ExpoFileSystem-ExpoFileSystem_privacy' in project 'Pods'
        ➜ Explicit dependency on target 'ExpoModulesCore' in project 'Pods'
    Target 'ExpoFileSystem-ExpoFileSystem_privacy' in project 'Pods' (no dependencies)
    Target 'ExpoDomWebView' in project 'Pods'
        ➜ Explicit dependency on target 'ExpoModulesCore' in project 'Pods'
    Target 'ExpoDevice' in project 'Pods'
        ➜ Explicit dependency on target 'ExpoDevice-ExpoDevice_privacy' in project 'Pods'
        ➜ Explicit dependency on target 'ExpoModulesCore' in project 'Pods'
    Target 'ExpoDevice-ExpoDevice_privacy' in project 'Pods' (no dependencies)
    Target 'ExpoAsset' in project 'Pods'
        ➜ Explicit dependency on target 'ExpoModulesCore' in project 'Pods'
    Target 'Expo' in project 'Pods'
        ➜ Explicit dependency on target 'ExpoModulesCore' in project 'Pods'
        ➜ Explicit dependency on target 'ExpoModulesJSI' in project 'Pods'
        ➜ Explicit dependency on target 'RCTRequired' in project 'Pods'
        ➜ Explicit dependency on target 'RCTTypeSafety' in project 'Pods'
        ➜ Explicit dependency on target 'React-Core' in project 'Pods'
        ➜ Explicit dependency on target 'React-Core-prebuilt' in project 'Pods'
        ➜ Explicit dependency on target 'React-Fabric' in project 'Pods'
        ➜ Explicit dependency on target 'React-ImageManager' in project 'Pods'
        ➜ Explicit dependency on target 'React-NativeModulesApple' in project 'Pods'
        ➜ Explicit dependency on target 'React-RCTAppDelegate' in project 'Pods'
        ➜ Explicit dependency on target 'React-RCTFabric' in project 'Pods'
        ➜ Explicit dependency on target 'React-debug' in project 'Pods'
        ➜ Explicit dependency on target 'React-featureflags' in project 'Pods'
        ➜ Explicit dependency on target 'React-graphics' in project 'Pods'
        ➜ Explicit dependency on target 'React-jsi' in project 'Pods'
        ➜ Explicit dependency on target 'React-renderercss' in project 'Pods'
        ➜ Explicit dependency on target 'React-rendererdebug' in project 'Pods'
        ➜ Explicit dependency on target 'React-utils' in project 'Pods'
        ➜ Explicit dependency on target 'ReactAppDependencyProvider' in project 'Pods'
        ➜ Explicit dependency on target 'ReactCodegen' in project 'Pods'
        ➜ Explicit dependency on target 'ReactCommon' in project 'Pods'
        ➜ Explicit dependency on target 'ReactNativeDependencies' in project 'Pods'
        ➜ Explicit dependency on target 'Yoga' in project 'Pods'
        ➜ Explicit dependency on target 'hermes-engine' in project 'Pods'
    Target 'ReactAppDependencyProvider' in project 'Pods'
        ➜ Explicit dependency on target 'ReactCodegen' in project 'Pods'
    Target 'EXConstants' in project 'Pods'
        ➜ Explicit dependency on target 'EXConstants-EXConstants' in project 'Pods'
        ➜ Explicit dependency on target 'EXConstants-ExpoConstants_privacy' in project 'Pods'
        ➜ Explicit dependency on target 'ExpoModulesCore' in project 'Pods'
    Target 'EXConstants-ExpoConstants_privacy' in project 'Pods' (no dependencies)
    Target 'EXConstants-EXConstants' in project 'Pods' (no dependencies)
    Target 'EXAV' in project 'Pods'
        ➜ Explicit dependency on target 'ExpoModulesCore' in project 'Pods'
        ➜ Explicit dependency on target 'ReactCommon' in project 'Pods'
    Target 'ExpoModulesCore' in project 'Pods'
        ➜ Explicit dependency on target 'ExpoModulesJSI' in project 'Pods'
        ➜ Explicit dependency on target 'hermes-engine' in project 'Pods'
        ➜ Explicit dependency on target 'RCTRequired' in project 'Pods'
        ➜ Explicit dependency on target 'RCTTypeSafety' in project 'Pods'
        ➜ Explicit dependency on target 'React-Core' in project 'Pods'
        ➜ Explicit dependency on target 'React-Core-prebuilt' in project 'Pods'
        ➜ Explicit dependency on target 'React-debug' in project 'Pods'
        ➜ Explicit dependency on target 'React-Fabric' in project 'Pods'
        ➜ Explicit dependency on target 'React-featureflags' in project 'Pods'
        ➜ Explicit dependency on target 'React-graphics' in project 'Pods'
        ➜ Explicit dependency on target 'React-ImageManager' in project 'Pods'
        ➜ Explicit dependency on target 'React-jsi' in project 'Pods'
        ➜ Explicit dependency on target 'React-jsinspector' in project 'Pods'
        ➜ Explicit dependency on target 'React-NativeModulesApple' in project 'Pods'
        ➜ Explicit dependency on target 'React-RCTFabric' in project 'Pods'
        ➜ Explicit dependency on target 'React-renderercss' in project 'Pods'
        ➜ Explicit dependency on target 'React-rendererdebug' in project 'Pods'
        ➜ Explicit dependency on target 'React-utils' in project 'Pods'
        ➜ Explicit dependency on target 'ReactCodegen' in project 'Pods'
        ➜ Explicit dependency on target 'ReactCommon' in project 'Pods'
        ➜ Explicit dependency on target 'ReactNativeDependencies' in project 'Pods'
        ➜ Explicit dependency on target 'Yoga' in project 'Pods'
    Target 'ReactCodegen' in project 'Pods'
        ➜ Explicit dependency on target 'RCTRequired' in project 'Pods'
        ➜ Explicit dependency on target 'RCTTypeSafety' in project 'Pods'
        ➜ Explicit dependency on target 'React-Core' in project 'Pods'
        ➜ Explicit dependency on target 'React-Core-prebuilt' in project 'Pods'
        ➜ Explicit dependency on target 'React-Fabric' in project 'Pods'
        ➜ Explicit dependency on target 'React-FabricImage' in project 'Pods'
        ➜ Explicit dependency on target 'React-NativeModulesApple' in project 'Pods'
        ➜ Explicit dependency on target 'React-RCTAppDelegate' in project 'Pods'
        ➜ Explicit dependency on target 'React-debug' in project 'Pods'
        ➜ Explicit dependency on target 'React-featureflags' in project 'Pods'
        ➜ Explicit dependency on target 'React-graphics' in project 'Pods'
        ➜ Explicit dependency on target 'React-jsi' in project 'Pods'
        ➜ Explicit dependency on target 'React-jsiexecutor' in project 'Pods'
        ➜ Explicit dependency on target 'React-rendererdebug' in project 'Pods'
        ➜ Explicit dependency on target 'React-utils' in project 'Pods'
        ➜ Explicit dependency on target 'ReactCommon' in project 'Pods'
        ➜ Explicit dependency on target 'ReactNativeDependencies' in project 'Pods'
        ➜ Explicit dependency on target 'hermes-engine' in project 'Pods'
    Target 'React-RCTAppDelegate' in project 'Pods'
        ➜ Explicit dependency on target 'hermes-engine' in project 'Pods'
        ➜ Explicit dependency on target 'RCTRequired' in project 'Pods'
        ➜ Explicit dependency on target 'RCTTypeSafety' in project 'Pods'
        ➜ Explicit dependency on target 'React-Core' in project 'Pods'
        ➜ Explicit dependency on target 'React-Core-prebuilt' in project 'Pods'
        ➜ Explicit dependency on target 'React-CoreModules' in project 'Pods'
        ➜ Explicit dependency on target 'React-debug' in project 'Pods'
        ➜ Explicit dependency on target 'React-defaultsnativemodule' in project 'Pods'
        ➜ Explicit dependency on target 'React-Fabric' in project 'Pods'
        ➜ Explicit dependency on target 'React-featureflags' in project 'Pods'
        ➜ Explicit dependency on target 'React-graphics' in project 'Pods'
        ➜ Explicit dependency on target 'React-hermes' in project 'Pods'
        ➜ Explicit dependency on target 'React-jsitooling' in project 'Pods'
        ➜ Explicit dependency on target 'React-NativeModulesApple' in project 'Pods'
        ➜ Explicit dependency on target 'React-RCTFabric' in project 'Pods'
        ➜ Explicit dependency on target 'React-RCTFBReactNativeSpec' in project 'Pods'
        ➜ Explicit dependency on target 'React-RCTImage' in project 'Pods'
        ➜ Explicit dependency on target 'React-RCTNetwork' in project 'Pods'
        ➜ Explicit dependency on target 'React-RCTRuntime' in project 'Pods'
        ➜ Explicit dependency on target 'React-rendererdebug' in project 'Pods'
        ➜ Explicit dependency on target 'React-RuntimeApple' in project 'Pods'
        ➜ Explicit dependency on target 'React-RuntimeCore' in project 'Pods'
        ➜ Explicit dependency on target 'React-runtimeexecutor' in project 'Pods'
        ➜ Explicit dependency on target 'React-runtimescheduler' in project 'Pods'
        ➜ Explicit dependency on target 'React-utils' in project 'Pods'
        ➜ Explicit dependency on target 'ReactCommon' in project 'Pods'
        ➜ Explicit dependency on target 'ReactNativeDependencies' in project 'Pods'
    Target 'React-RCTRuntime' in project 'Pods'
        ➜ Explicit dependency on target 'hermes-engine' in project 'Pods'
        ➜ Explicit dependency on target 'React-Core' in project 'Pods'
        ➜ Explicit dependency on target 'React-Core-prebuilt' in project 'Pods'
        ➜ Explicit dependency on target 'React-debug' in project 'Pods'
        ➜ Explicit dependency on target 'React-jsi' in project 'Pods'
        ➜ Explicit dependency on target 'React-jsinspector' in project 'Pods'
        ➜ Explicit dependency on target 'React-jsinspectorcdp' in project 'Pods'
        ➜ Explicit dependency on target 'React-jsinspectortracing' in project 'Pods'
        ➜ Explicit dependency on target 'React-jsitooling' in project 'Pods'
        ➜ Explicit dependency on target 'React-RuntimeApple' in project 'Pods'
        ➜ Explicit dependency on target 'React-RuntimeCore' in project 'Pods'
        ➜ Explicit dependency on target 'React-runtimeexecutor' in project 'Pods'
        ➜ Explicit dependency on target 'React-RuntimeHermes' in project 'Pods'
        ➜ Explicit dependency on target 'React-utils' in project 'Pods'
        ➜ Explicit dependency on target 'ReactNativeDependencies' in project 'Pods'
    Target 'React-RuntimeApple' in project 'Pods'
        ➜ Explicit dependency on target 'hermes-engine' in project 'Pods'
        ➜ Explicit dependency on target 'React-callinvoker' in project 'Pods'
        ➜ Explicit dependency on target 'React-Core' in project 'Pods'
        ➜ Explicit dependency on target 'React-Core-prebuilt' in project 'Pods'
        ➜ Explicit dependency on target 'React-CoreModules' in project 'Pods'
        ➜ Explicit dependency on target 'React-cxxreact' in project 'Pods'
        ➜ Explicit dependency on target 'React-featureflags' in project 'Pods'
        ➜ Explicit dependency on target 'React-jserrorhandler' in project 'Pods'
        ➜ Explicit dependency on target 'React-jsi' in project 'Pods'
        ➜ Explicit dependency on target 'React-jsiexecutor' in project 'Pods'
        ➜ Explicit dependency on target 'React-jsinspector' in project 'Pods'
        ➜ Explicit dependency on target 'React-jsitooling' in project 'Pods'
        ➜ Explicit dependency on target 'React-Mapbuffer' in project 'Pods'
        ➜ Explicit dependency on target 'React-NativeModulesApple' in project 'Pods'
        ➜ Explicit dependency on target 'React-RCTFabric' in project 'Pods'
        ➜ Explicit dependency on target 'React-RCTFBReactNativeSpec' in project 'Pods'
        ➜ Explicit dependency on target 'React-RuntimeCore' in project 'Pods'
        ➜ Explicit dependency on target 'React-runtimeexecutor' in project 'Pods'
        ➜ Explicit dependency on target 'React-RuntimeHermes' in project 'Pods'
        ➜ Explicit dependency on target 'React-runtimescheduler' in project 'Pods'
        ➜ Explicit dependency on target 'React-utils' in project 'Pods'
        ➜ Explicit dependency on target 'ReactNativeDependencies' in project 'Pods'
    Target 'React-RuntimeHermes' in project 'Pods'
        ➜ Explicit dependency on target 'hermes-engine' in project 'Pods'
        ➜ Explicit dependency on target 'React-Core-prebuilt' in project 'Pods'
        ➜ Explicit dependency on target 'React-featureflags' in project 'Pods'
        ➜ Explicit dependency on target 'React-hermes' in project 'Pods'
        ➜ Explicit dependency on target 'React-jsi' in project 'Pods'
        ➜ Explicit dependency on target 'React-jsinspector' in project 'Pods'
        ➜ Explicit dependency on target 'React-jsinspectorcdp' in project 'Pods'
        ➜ Explicit dependency on target 'React-jsinspectortracing' in project 'Pods'
        ➜ Explicit dependency on target 'React-jsitooling' in project 'Pods'
        ➜ Explicit dependency on target 'React-jsitracing' in project 'Pods'
        ➜ Explicit dependency on target 'React-RuntimeCore' in project 'Pods'
        ➜ Explicit dependency on target 'React-runtimeexecutor' in project 'Pods'
        ➜ Explicit dependency on target 'React-utils' in project 'Pods'
        ➜ Explicit dependency on target 'ReactNativeDependencies' in project 'Pods'
    Target 'React-jsitracing' in project 'Pods'
        ➜ Explicit dependency on target 'React-jsi' in project 'Pods'
    Target 'React-RuntimeCore' in project 'Pods'
        ➜ Explicit dependency on target 'hermes-engine' in project 'Pods'
        ➜ Explicit dependency on target 'React-Core-prebuilt' in project 'Pods'
        ➜ Explicit dependency on target 'React-cxxreact' in project 'Pods'
        ➜ Explicit dependency on target 'React-Fabric' in project 'Pods'
        ➜ Explicit dependency on target 'React-featureflags' in project 'Pods'
        ➜ Explicit dependency on target 'React-jserrorhandler' in project 'Pods'
        ➜ Explicit dependency on target 'React-jsi' in project 'Pods'
        ➜ Explicit dependency on target 'React-jsiexecutor' in project 'Pods'
        ➜ Explicit dependency on target 'React-jsinspector' in project 'Pods'
        ➜ Explicit dependency on target 'React-jsitooling' in project 'Pods'
        ➜ Explicit dependency on target 'React-performancetimeline' in project 'Pods'
        ➜ Explicit dependency on target 'React-runtimeexecutor' in project 'Pods'
        ➜ Explicit dependency on target 'React-runtimescheduler' in project 'Pods'
        ➜ Explicit dependency on target 'React-utils' in project 'Pods'
        ➜ Explicit dependency on target 'ReactNativeDependencies' in project 'Pods'
    Target 'React-Mapbuffer' in project 'Pods'
        ➜ Explicit dependency on target 'React-Core-prebuilt' in project 'Pods'
        ➜ Explicit dependency on target 'React-debug' in project 'Pods'
        ➜ Explicit dependency on target 'ReactNativeDependencies' in project 'Pods'
    Target 'React-defaultsnativemodule' in project 'Pods'
        ➜ Explicit dependency on target 'hermes-engine' in project 'Pods'
        ➜ Explicit dependency on target 'React-Core-prebuilt' in project 'Pods'
        ➜ Explicit dependency on target 'React-domnativemodule' in project 'Pods'
        ➜ Explicit dependency on target 'React-Fabric' in project 'Pods'
        ➜ Explicit dependency on target 'React-featureflags' in project 'Pods'
        ➜ Explicit dependency on target 'React-featureflagsnativemodule' in project 'Pods'
        ➜ Explicit dependency on target 'React-idlecallbacksnativemodule' in project 'Pods'
        ➜ Explicit dependency on target 'React-intersectionobservernativemodule' in project 'Pods'
        ➜ Explicit dependency on target 'React-jsi' in project 'Pods'
        ➜ Explicit dependency on target 'React-jsiexecutor' in project 'Pods'
        ➜ Explicit dependency on target 'React-microtasksnativemodule' in project 'Pods'
        ➜ Explicit dependency on target 'React-mutationobservernativemodule' in project 'Pods'
        ➜ Explicit dependency on target 'React-RCTFBReactNativeSpec' in project 'Pods'
        ➜ Explicit dependency on target 'React-viewtransitionnativemodule' in project 'Pods'
        ➜ Explicit dependency on target 'React-webperformancenativemodule' in project 'Pods'
        ➜ Explicit dependency on target 'ReactNativeDependencies' in project 'Pods'
        ➜ Explicit dependency on target 'Yoga' in project 'Pods'
    Target 'React-webperformancenativemodule' in project 'Pods'
        ➜ Explicit dependency on target 'hermes-engine' in project 'Pods'
        ➜ Explicit dependency on target 'React-Core-prebuilt' in project 'Pods'
        ➜ Explicit dependency on target 'React-cxxreact' in project 'Pods'
        ➜ Explicit dependency on target 'React-jsi' in project 'Pods'
        ➜ Explicit dependency on target 'React-jsiexecutor' in project 'Pods'
        ➜ Explicit dependency on target 'React-performancetimeline' in project 'Pods'
        ➜ Explicit dependency on target 'React-RCTFBReactNativeSpec' in project 'Pods'
        ➜ Explicit dependency on target 'React-runtimeexecutor' in project 'Pods'
        ➜ Explicit dependency on target 'ReactCommon' in project 'Pods'
        ➜ Explicit dependency on target 'ReactNativeDependencies' in project 'Pods'
    Target 'React-viewtransitionnativemodule' in project 'Pods'
        ➜ Explicit dependency on target 'hermes-engine' in project 'Pods'
        ➜ Explicit dependency on target 'React-Core-prebuilt' in project 'Pods'
        ➜ Explicit dependency on target 'React-Fabric' in project 'Pods'
        ➜ Explicit dependency on target 'React-jsi' in project 'Pods'
        ➜ Explicit dependency on target 'React-jsiexecutor' in project 'Pods'
        ➜ Explicit dependency on target 'React-RCTFBReactNativeSpec' in project 'Pods'
        ➜ Explicit dependency on target 'React-runtimeexecutor' in project 'Pods'
        ➜ Explicit dependency on target 'ReactCommon' in project 'Pods'
        ➜ Explicit dependency on target 'ReactNativeDependencies' in project 'Pods'
        ➜ Explicit dependency on target 'Yoga' in project 'Pods'
    Target 'React-mutationobservernativemodule' in project 'Pods'
        ➜ Explicit dependency on target 'hermes-engine' in project 'Pods'
        ➜ Explicit dependency on target 'React-Core-prebuilt' in project 'Pods'
        ➜ Explicit dependency on target 'React-cxxreact' in project 'Pods'
        ➜ Explicit dependency on target 'React-Fabric' in project 'Pods'
        ➜ Explicit dependency on target 'React-featureflags' in project 'Pods'
        ➜ Explicit dependency on target 'React-jsi' in project 'Pods'
        ➜ Explicit dependency on target 'React-jsiexecutor' in project 'Pods'
        ➜ Explicit dependency on target 'React-RCTFBReactNativeSpec' in project 'Pods'
        ➜ Explicit dependency on target 'React-runtimeexecutor' in project 'Pods'
        ➜ Explicit dependency on target 'ReactCommon' in project 'Pods'
        ➜ Explicit dependency on target 'ReactNativeDependencies' in project 'Pods'
        ➜ Explicit dependency on target 'Yoga' in project 'Pods'
    Target 'React-microtasksnativemodule' in project 'Pods'
        ➜ Explicit dependency on target 'hermes-engine' in project 'Pods'
        ➜ Explicit dependency on target 'React-Core-prebuilt' in project 'Pods'
        ➜ Explicit dependency on target 'React-jsi' in project 'Pods'
        ➜ Explicit dependency on target 'React-jsiexecutor' in project 'Pods'
        ➜ Explicit dependency on target 'React-RCTFBReactNativeSpec' in project 'Pods'
        ➜ Explicit dependency on target 'ReactCommon' in project 'Pods'
        ➜ Explicit dependency on target 'ReactNativeDependencies' in project 'Pods'
    Target 'React-intersectionobservernativemodule' in project 'Pods'
        ➜ Explicit dependency on target 'hermes-engine' in project 'Pods'
        ➜ Explicit dependency on target 'React-Core-prebuilt' in project 'Pods'
        ➜ Explicit dependency on target 'React-cxxreact' in project 'Pods'
        ➜ Explicit dependency on target 'React-Fabric' in project 'Pods'
        ➜ Explicit dependency on target 'React-graphics' in project 'Pods'
        ➜ Explicit dependency on target 'React-jsi' in project 'Pods'
        ➜ Explicit dependency on target 'React-jsiexecutor' in project 'Pods'
        ➜ Explicit dependency on target 'React-RCTFBReactNativeSpec' in project 'Pods'
        ➜ Explicit dependency on target 'React-runtimeexecutor' in project 'Pods'
        ➜ Explicit dependency on target 'React-runtimescheduler' in project 'Pods'
        ➜ Explicit dependency on target 'ReactCommon' in project 'Pods'
        ➜ Explicit dependency on target 'ReactNativeDependencies' in project 'Pods'
        ➜ Explicit dependency on target 'Yoga' in project 'Pods'
    Target 'React-idlecallbacksnativemodule' in project 'Pods'
        ➜ Explicit dependency on target 'hermes-engine' in project 'Pods'
        ➜ Explicit dependency on target 'React-Core-prebuilt' in project 'Pods'
        ➜ Explicit dependency on target 'React-jsi' in project 'Pods'
        ➜ Explicit dependency on target 'React-jsiexecutor' in project 'Pods'
        ➜ Explicit dependency on target 'React-RCTFBReactNativeSpec' in project 'Pods'
        ➜ Explicit dependency on target 'React-runtimeexecutor' in project 'Pods'
        ➜ Explicit dependency on target 'React-runtimescheduler' in project 'Pods'
        ➜ Explicit dependency on target 'ReactCommon' in project 'Pods'
        ➜ Explicit dependency on target 'ReactNativeDependencies' in project 'Pods'
    Target 'React-featureflagsnativemodule' in project 'Pods'
        ➜ Explicit dependency on target 'hermes-engine' in project 'Pods'
        ➜ Explicit dependency on target 'React-Core-prebuilt' in project 'Pods'
        ➜ Explicit dependency on target 'React-featureflags' in project 'Pods'
        ➜ Explicit dependency on target 'React-jsi' in project 'Pods'
        ➜ Explicit dependency on target 'React-jsiexecutor' in project 'Pods'
        ➜ Explicit dependency on target 'React-RCTFBReactNativeSpec' in project 'Pods'
        ➜ Explicit dependency on target 'ReactCommon' in project 'Pods'
        ➜ Explicit dependency on target 'ReactNativeDependencies' in project 'Pods'
    Target 'React-domnativemodule' in project 'Pods'
        ➜ Explicit dependency on target 'hermes-engine' in project 'Pods'
        ➜ Explicit dependency on target 'React-Core-prebuilt' in project 'Pods'
        ➜ Explicit dependency on target 'React-Fabric' in project 'Pods'
        ➜ Explicit dependency on target 'React-FabricComponents' in project 'Pods'
        ➜ Explicit dependency on target 'React-graphics' in project 'Pods'
        ➜ Explicit dependency on target 'React-jsi' in project 'Pods'
        ➜ Explicit dependency on target 'React-jsiexecutor' in project 'Pods'
        ➜ Explicit dependency on target 'React-RCTFBReactNativeSpec' in project 'Pods'
        ➜ Explicit dependency on target 'React-runtimeexecutor' in project 'Pods'
        ➜ Explicit dependency on target 'ReactCommon' in project 'Pods'
        ➜ Explicit dependency on target 'ReactNativeDependencies' in project 'Pods'
        ➜ Explicit dependency on target 'Yoga' in project 'Pods'
    Target 'React-CoreModules' in project 'Pods'
        ➜ Explicit dependency on target 'RCTTypeSafety' in project 'Pods'
        ➜ Explicit dependency on target 'React-Core' in project 'Pods'
        ➜ Explicit dependency on target 'React-Core-prebuilt' in project 'Pods'
        ➜ Explicit dependency on target 'React-debug' in project 'Pods'
        ➜ Explicit dependency on target 'React-featureflags' in project 'Pods'
        ➜ Explicit dependency on target 'React-jsi' in project 'Pods'
        ➜ Explicit dependency on target 'React-jsinspector' in project 'Pods'
        ➜ Explicit dependency on target 'React-jsinspectorcdp' in project 'Pods'
        ➜ Explicit dependency on target 'React-jsinspectortracing' in project 'Pods'
        ➜ Explicit dependency on target 'React-NativeModulesApple' in project 'Pods'
        ➜ Explicit dependency on target 'React-RCTBlob' in project 'Pods'
        ➜ Explicit dependency on target 'React-RCTFBReactNativeSpec' in project 'Pods'
        ➜ Explicit dependency on target 'React-RCTImage' in project 'Pods'
        ➜ Explicit dependency on target 'React-runtimeexecutor' in project 'Pods'
        ➜ Explicit dependency on target 'React-utils' in project 'Pods'
        ➜ Explicit dependency on target 'ReactCommon' in project 'Pods'
        ➜ Explicit dependency on target 'ReactNativeDependencies' in project 'Pods'
    Target 'React-RCTBlob' in project 'Pods'
        ➜ Explicit dependency on target 'hermes-engine' in project 'Pods'
        ➜ Explicit dependency on target 'React-Core' in project 'Pods'
        ➜ Explicit dependency on target 'React-Core-prebuilt' in project 'Pods'
        ➜ Explicit dependency on target 'React-jsi' in project 'Pods'
        ➜ Explicit dependency on target 'React-jsinspector' in project 'Pods'
        ➜ Explicit dependency on target 'React-jsinspectorcdp' in project 'Pods'
        ➜ Explicit dependency on target 'React-NativeModulesApple' in project 'Pods'
        ➜ Explicit dependency on target 'React-RCTFBReactNativeSpec' in project 'Pods'
        ➜ Explicit dependency on target 'React-RCTNetwork' in project 'Pods'
        ➜ Explicit dependency on target 'ReactCommon' in project 'Pods'
        ➜ Explicit dependency on target 'ReactNativeDependencies' in project 'Pods'
    Target 'React-RCTFabric' in project 'Pods'
        ➜ Explicit dependency on target 'hermes-engine' in project 'Pods'
        ➜ Explicit dependency on target 'RCTSwiftUIWrapper' in project 'Pods'
        ➜ Explicit dependency on target 'React-Core' in project 'Pods'
        ➜ Explicit dependency on target 'React-Core-prebuilt' in project 'Pods'
        ➜ Explicit dependency on target 'React-debug' in project 'Pods'
        ➜ Explicit dependency on target 'React-Fabric' in project 'Pods'
        ➜ Explicit dependency on target 'React-FabricComponents' in project 'Pods'
        ➜ Explicit dependency on target 'React-FabricImage' in project 'Pods'
        ➜ Explicit dependency on target 'React-featureflags' in project 'Pods'
        ➜ Explicit dependency on target 'React-graphics' in project 'Pods'
        ➜ Explicit dependency on target 'React-ImageManager' in project 'Pods'
        ➜ Explicit dependency on target 'React-jsi' in project 'Pods'
        ➜ Explicit dependency on target 'React-jsinspector' in project 'Pods'
        ➜ Explicit dependency on target 'React-jsinspectorcdp' in project 'Pods'
        ➜ Explicit dependency on target 'React-jsinspectortracing' in project 'Pods'
        ➜ Explicit dependency on target 'React-networking' in project 'Pods'
        ➜ Explicit dependency on target 'React-performancecdpmetrics' in project 'Pods'
        ➜ Explicit dependency on target 'React-performancetimeline' in project 'Pods'
        ➜ Explicit dependency on target 'React-RCTAnimation' in project 'Pods'
        ➜ Explicit dependency on target 'React-RCTFBReactNativeSpec' in project 'Pods'
        ➜ Explicit dependency on target 'React-RCTImage' in project 'Pods'
        ➜ Explicit dependency on target 'React-RCTText' in project 'Pods'
        ➜ Explicit dependency on target 'React-rendererconsistency' in project 'Pods'
        ➜ Explicit dependency on target 'React-renderercss' in project 'Pods'
        ➜ Explicit dependency on target 'React-rendererdebug' in project 'Pods'
        ➜ Explicit dependency on target 'React-runtimeexecutor' in project 'Pods'
        ➜ Explicit dependency on target 'React-runtimescheduler' in project 'Pods'
        ➜ Explicit dependency on target 'React-utils' in project 'Pods'
        ➜ Explicit dependency on target 'ReactNativeDependencies' in project 'Pods'
        ➜ Explicit dependency on target 'Yoga' in project 'Pods'
    Target 'React-RCTText' in project 'Pods'
        ➜ Explicit dependency on target 'React-Core' in project 'Pods'
        ➜ Explicit dependency on target 'Yoga' in project 'Pods'
    Target 'React-RCTImage' in project 'Pods'
        ➜ Explicit dependency on target 'RCTTypeSafety' in project 'Pods'
        ➜ Explicit dependency on target 'React-Core' in project 'Pods'
        ➜ Explicit dependency on target 'React-Core-prebuilt' in project 'Pods'
        ➜ Explicit dependency on target 'React-jsi' in project 'Pods'
        ➜ Explicit dependency on target 'React-NativeModulesApple' in project 'Pods'
        ➜ Explicit dependency on target 'React-RCTFBReactNativeSpec' in project 'Pods'
        ➜ Explicit dependency on target 'React-RCTNetwork' in project 'Pods'
        ➜ Explicit dependency on target 'ReactCommon' in project 'Pods'
        ➜ Explicit dependency on target 'ReactNativeDependencies' in project 'Pods'
    Target 'React-RCTNetwork' in project 'Pods'
        ➜ Explicit dependency on target 'RCTTypeSafety' in project 'Pods'
        ➜ Explicit dependency on target 'React-Core' in project 'Pods'
        ➜ Explicit dependency on target 'React-Core-prebuilt' in project 'Pods'
        ➜ Explicit dependency on target 'React-debug' in project 'Pods'
        ➜ Explicit dependency on target 'React-featureflags' in project 'Pods'
        ➜ Explicit dependency on target 'React-jsi' in project 'Pods'
        ➜ Explicit dependency on target 'React-jsinspectorcdp' in project 'Pods'
        ➜ Explicit dependency on target 'React-jsinspectornetwork' in project 'Pods'
        ➜ Explicit dependency on target 'React-NativeModulesApple' in project 'Pods'
        ➜ Explicit dependency on target 'React-networking' in project 'Pods'
        ➜ Explicit dependency on target 'React-RCTFBReactNativeSpec' in project 'Pods'
        ➜ Explicit dependency on target 'ReactCommon' in project 'Pods'
        ➜ Explicit dependency on target 'ReactNativeDependencies' in project 'Pods'
    Target 'React-RCTAnimation' in project 'Pods'
        ➜ Explicit dependency on target 'RCTTypeSafety' in project 'Pods'
        ➜ Explicit dependency on target 'React-Core' in project 'Pods'
        ➜ Explicit dependency on target 'React-Core-prebuilt' in project 'Pods'
        ➜ Explicit dependency on target 'React-debug' in project 'Pods'
        ➜ Explicit dependency on target 'React-featureflags' in project 'Pods'
        ➜ Explicit dependency on target 'React-jsi' in project 'Pods'
        ➜ Explicit dependency on target 'React-NativeModulesApple' in project 'Pods'
        ➜ Explicit dependency on target 'React-RCTFBReactNativeSpec' in project 'Pods'
        ➜ Explicit dependency on target 'ReactCommon' in project 'Pods'
        ➜ Explicit dependency on target 'ReactNativeDependencies' in project 'Pods'
    Target 'React-networking' in project 'Pods'
        ➜ Explicit dependency on target 'React-Core-prebuilt' in project 'Pods'
        ➜ Explicit dependency on target 'React-jsinspectornetwork' in project 'Pods'
        ➜ Explicit dependency on target 'React-jsinspectortracing' in project 'Pods'
        ➜ Explicit dependency on target 'React-performancetimeline' in project 'Pods'
        ➜ Explicit dependency on target 'React-timing' in project 'Pods'
        ➜ Explicit dependency on target 'ReactNativeDependencies' in project 'Pods'
    Target 'React-FabricImage' in project 'Pods'
        ➜ Explicit dependency on target 'hermes-engine' in project 'Pods'
        ➜ Explicit dependency on target 'RCTRequired' in project 'Pods'
        ➜ Explicit dependency on target 'RCTTypeSafety' in project 'Pods'
        ➜ Explicit dependency on target 'React-Core-prebuilt' in project 'Pods'
        ➜ Explicit dependency on target 'React-Fabric' in project 'Pods'
        ➜ Explicit dependency on target 'React-featureflags' in project 'Pods'
        ➜ Explicit dependency on target 'React-graphics' in project 'Pods'
        ➜ Explicit dependency on target 'React-ImageManager' in project 'Pods'
        ➜ Explicit dependency on target 'React-jsi' in project 'Pods'
        ➜ Explicit dependency on target 'React-jsiexecutor' in project 'Pods'
        ➜ Explicit dependency on target 'React-logger' in project 'Pods'
        ➜ Explicit dependency on target 'React-rendererdebug' in project 'Pods'
        ➜ Explicit dependency on target 'React-utils' in project 'Pods'
        ➜ Explicit dependency on target 'ReactCommon' in project 'Pods'
        ➜ Explicit dependency on target 'ReactNativeDependencies' in project 'Pods'
        ➜ Explicit dependency on target 'Yoga' in project 'Pods'
    Target 'React-FabricComponents' in project 'Pods'
        ➜ Explicit dependency on target 'hermes-engine' in project 'Pods'
        ➜ Explicit dependency on target 'RCTRequired' in project 'Pods'
        ➜ Explicit dependency on target 'RCTTypeSafety' in project 'Pods'
        ➜ Explicit dependency on target 'React-Core' in project 'Pods'
        ➜ Explicit dependency on target 'React-Core-prebuilt' in project 'Pods'
        ➜ Explicit dependency on target 'React-cxxreact' in project 'Pods'
        ➜ Explicit dependency on target 'React-debug' in project 'Pods'
        ➜ Explicit dependency on target 'React-Fabric' in project 'Pods'
        ➜ Explicit dependency on target 'React-featureflags' in project 'Pods'
        ➜ Explicit dependency on target 'React-graphics' in project 'Pods'
        ➜ Explicit dependency on target 'React-jsi' in project 'Pods'
        ➜ Explicit dependency on target 'React-jsiexecutor' in project 'Pods'
        ➜ Explicit dependency on target 'React-logger' in project 'Pods'
        ➜ Explicit dependency on target 'React-RCTFBReactNativeSpec' in project 'Pods'
        ➜ Explicit dependency on target 'React-rendererdebug' in project 'Pods'
        ➜ Explicit dependency on target 'React-runtimescheduler' in project 'Pods'
        ➜ Explicit dependency on target 'React-utils' in project 'Pods'
        ➜ Explicit dependency on target 'ReactCommon' in project 'Pods'
        ➜ Explicit dependency on target 'ReactNativeDependencies' in project 'Pods'
        ➜ Explicit dependency on target 'Yoga' in project 'Pods'
    Target 'React-RCTFBReactNativeSpec' in project 'Pods'
        ➜ Explicit dependency on target 'hermes-engine' in project 'Pods'
        ➜ Explicit dependency on target 'RCTRequired' in project 'Pods'
        ➜ Explicit dependency on target 'RCTTypeSafety' in project 'Pods'
        ➜ Explicit dependency on target 'React-Core' in project 'Pods'
        ➜ Explicit dependency on target 'React-Core-prebuilt' in project 'Pods'
        ➜ Explicit dependency on target 'React-debug' in project 'Pods'
        ➜ Explicit dependency on target 'React-Fabric' in project 'Pods'
        ➜ Explicit dependency on target 'React-featureflags' in project 'Pods'
        ➜ Explicit dependency on target 'React-graphics' in project 'Pods'
        ➜ Explicit dependency on target 'React-jsi' in project 'Pods'
        ➜ Explicit dependency on target 'React-NativeModulesApple' in project 'Pods'
        ➜ Explicit dependency on target 'React-rendererdebug' in project 'Pods'
        ➜ Explicit dependency on target 'React-utils' in project 'Pods'
        ➜ Explicit dependency on target 'ReactCommon' in project 'Pods'
        ➜ Explicit dependency on target 'ReactNativeDependencies' in project 'Pods'
        ➜ Explicit dependency on target 'Yoga' in project 'Pods'
    Target 'RCTSwiftUIWrapper' in project 'Pods'
        ➜ Explicit dependency on target 'RCTSwiftUI' in project 'Pods'
    Target 'RCTSwiftUI' in project 'Pods' (no dependencies)
    Target 'React-NativeModulesApple' in project 'Pods'
        ➜ Explicit dependency on target 'hermes-engine' in project 'Pods'
        ➜ Explicit dependency on target 'React-callinvoker' in project 'Pods'
        ➜ Explicit dependency on target 'React-Core' in project 'Pods'
        ➜ Explicit dependency on target 'React-Core-prebuilt' in project 'Pods'
        ➜ Explicit dependency on target 'React-cxxreact' in project 'Pods'
        ➜ Explicit dependency on target 'React-debug' in project 'Pods'
        ➜ Explicit dependency on target 'React-featureflags' in project 'Pods'
        ➜ Explicit dependency on target 'React-jsi' in project 'Pods'
        ➜ Explicit dependency on target 'React-jsinspector' in project 'Pods'
        ➜ Explicit dependency on target 'React-jsinspectorcdp' in project 'Pods'
        ➜ Explicit dependency on target 'React-runtimeexecutor' in project 'Pods'
        ➜ Explicit dependency on target 'ReactCommon' in project 'Pods'
        ➜ Explicit dependency on target 'ReactNativeDependencies' in project 'Pods'
    Target 'React-ImageManager' in project 'Pods'
        ➜ Explicit dependency on target 'React-Core' in project 'Pods'
        ➜ Explicit dependency on target 'React-Core-prebuilt' in project 'Pods'
        ➜ Explicit dependency on target 'React-debug' in project 'Pods'
        ➜ Explicit dependency on target 'React-Fabric' in project 'Pods'
        ➜ Explicit dependency on target 'React-graphics' in project 'Pods'
        ➜ Explicit dependency on target 'React-rendererdebug' in project 'Pods'
        ➜ Explicit dependency on target 'React-utils' in project 'Pods'
        ➜ Explicit dependency on target 'ReactNativeDependencies' in project 'Pods'
    Target 'React-Fabric' in project 'Pods'
        ➜ Explicit dependency on target 'hermes-engine' in project 'Pods'
        ➜ Explicit dependency on target 'RCTRequired' in project 'Pods'
        ➜ Explicit dependency on target 'RCTTypeSafety' in project 'Pods'
        ➜ Explicit dependency on target 'React-Core' in project 'Pods'
        ➜ Explicit dependency on target 'React-Core-prebuilt' in project 'Pods'
        ➜ Explicit dependency on target 'React-cxxreact' in project 'Pods'
        ➜ Explicit dependency on target 'React-debug' in project 'Pods'
        ➜ Explicit dependency on target 'React-featureflags' in project 'Pods'
        ➜ Explicit dependency on target 'React-graphics' in project 'Pods'
        ➜ Explicit dependency on target 'React-jsi' in project 'Pods'
        ➜ Explicit dependency on target 'React-jsiexecutor' in project 'Pods'
        ➜ Explicit dependency on target 'React-jsinspectortracing' in project 'Pods'
        ➜ Explicit dependency on target 'React-logger' in project 'Pods'
        ➜ Explicit dependency on target 'React-performancecdpmetrics' in project 'Pods'
        ➜ Explicit dependency on target 'React-performancetimeline' in project 'Pods'
        ➜ Explicit dependency on target 'React-rendererconsistency' in project 'Pods'
        ➜ Explicit dependency on target 'React-renderercss' in project 'Pods'
        ➜ Explicit dependency on target 'React-rendererdebug' in project 'Pods'
        ➜ Explicit dependency on target 'React-runtimeexecutor' in project 'Pods'
        ➜ Explicit dependency on target 'React-runtimescheduler' in project 'Pods'
        ➜ Explicit dependency on target 'React-utils' in project 'Pods'
        ➜ Explicit dependency on target 'ReactCommon' in project 'Pods'
        ➜ Explicit dependency on target 'ReactNativeDependencies' in project 'Pods'
        ➜ Explicit dependency on target 'Yoga' in project 'Pods'
    Target 'React-renderercss' in project 'Pods'
        ➜ Explicit dependency on target 'React-debug' in project 'Pods'
        ➜ Explicit dependency on target 'React-utils' in project 'Pods'
    Target 'React-performancecdpmetrics' in project 'Pods'
        ➜ Explicit dependency on target 'hermes-engine' in project 'Pods'
        ➜ Explicit dependency on target 'React-Core-prebuilt' in project 'Pods'
        ➜ Explicit dependency on target 'React-jsi' in project 'Pods'
        ➜ Explicit dependency on target 'React-performancetimeline' in project 'Pods'
        ➜ Explicit dependency on target 'React-runtimeexecutor' in project 'Pods'
        ➜ Explicit dependency on target 'React-timing' in project 'Pods'
        ➜ Explicit dependency on target 'ReactNativeDependencies' in project 'Pods'
    Target 'React-graphics' in project 'Pods'
        ➜ Explicit dependency on target 'hermes-engine' in project 'Pods'
        ➜ Explicit dependency on target 'React-Core-prebuilt' in project 'Pods'
        ➜ Explicit dependency on target 'React-featureflags' in project 'Pods'
        ➜ Explicit dependency on target 'React-jsi' in project 'Pods'
        ➜ Explicit dependency on target 'React-jsiexecutor' in project 'Pods'
        ➜ Explicit dependency on target 'React-rendererdebug' in project 'Pods'
        ➜ Explicit dependency on target 'React-utils' in project 'Pods'
        ➜ Explicit dependency on target 'ReactNativeDependencies' in project 'Pods'
    Target 'RCTTypeSafety' in project 'Pods'
        ➜ Explicit dependency on target 'FBLazyVector' in project 'Pods'
        ➜ Explicit dependency on target 'RCTRequired' in project 'Pods'
        ➜ Explicit dependency on target 'React-Core' in project 'Pods'
    Target 'FBLazyVector' in project 'Pods' (no dependencies)
    Target 'RCTRequired' in project 'Pods' (no dependencies)
    Target 'ExpoModulesJSI' in project 'Pods'
        ➜ Explicit dependency on target 'React-Core' in project 'Pods'
        ➜ Explicit dependency on target 'ReactCommon' in project 'Pods'
    Target 'React-Core' in project 'Pods'
        ➜ Explicit dependency on target 'hermes-engine' in project 'Pods'
        ➜ Explicit dependency on target 'RCTDeprecation' in project 'Pods'
        ➜ Explicit dependency on target 'React-Core-prebuilt' in project 'Pods'
        ➜ Explicit dependency on target 'React-Core-React-Core_privacy' in project 'Pods'
        ➜ Explicit dependency on target 'React-cxxreact' in project 'Pods'
        ➜ Explicit dependency on target 'React-featureflags' in project 'Pods'
        ➜ Explicit dependency on target 'React-hermes' in project 'Pods'
        ➜ Explicit dependency on target 'React-jsi' in project 'Pods'
        ➜ Explicit dependency on target 'React-jsiexecutor' in project 'Pods'
        ➜ Explicit dependency on target 'React-jsinspector' in project 'Pods'
        ➜ Explicit dependency on target 'React-jsinspectorcdp' in project 'Pods'
        ➜ Explicit dependency on target 'React-jsitooling' in project 'Pods'
        ➜ Explicit dependency on target 'React-perflogger' in project 'Pods'
        ➜ Explicit dependency on target 'React-runtimeexecutor' in project 'Pods'
        ➜ Explicit dependency on target 'React-runtimescheduler' in project 'Pods'
        ➜ Explicit dependency on target 'React-utils' in project 'Pods'
        ➜ Explicit dependency on target 'ReactNativeDependencies' in project 'Pods'
        ➜ Explicit dependency on target 'Yoga' in project 'Pods'
    Target 'Yoga' in project 'Pods' (no dependencies)
    Target 'React-runtimescheduler' in project 'Pods'
        ➜ Explicit dependency on target 'hermes-engine' in project 'Pods'
        ➜ Explicit dependency on target 'React-callinvoker' in project 'Pods'
        ➜ Explicit dependency on target 'React-Core-prebuilt' in project 'Pods'
        ➜ Explicit dependency on target 'React-cxxreact' in project 'Pods'
        ➜ Explicit dependency on target 'React-debug' in project 'Pods'
        ➜ Explicit dependency on target 'React-featureflags' in project 'Pods'
        ➜ Explicit dependency on target 'React-jsi' in project 'Pods'
        ➜ Explicit dependency on target 'React-jsinspectortracing' in project 'Pods'
        ➜ Explicit dependency on target 'React-performancetimeline' in project 'Pods'
        ➜ Explicit dependency on target 'React-rendererconsistency' in project 'Pods'
        ➜ Explicit dependency on target 'React-rendererdebug' in project 'Pods'
        ➜ Explicit dependency on target 'React-runtimeexecutor' in project 'Pods'
        ➜ Explicit dependency on target 'React-timing' in project 'Pods'
        ➜ Explicit dependency on target 'React-utils' in project 'Pods'
        ➜ Explicit dependency on target 'ReactNativeDependencies' in project 'Pods'
    Target 'React-rendererdebug' in project 'Pods'
        ➜ Explicit dependency on target 'React-Core-prebuilt' in project 'Pods'
        ➜ Explicit dependency on target 'React-debug' in project 'Pods'
        ➜ Explicit dependency on target 'ReactNativeDependencies' in project 'Pods'
    Target 'React-rendererconsistency' in project 'Pods' (no dependencies)
    Target 'React-performancetimeline' in project 'Pods'
        ➜ Explicit dependency on target 'React-Core-prebuilt' in project 'Pods'
        ➜ Explicit dependency on target 'React-featureflags' in project 'Pods'
        ➜ Explicit dependency on target 'React-jsinspector' in project 'Pods'
        ➜ Explicit dependency on target 'React-jsinspectortracing' in project 'Pods'
        ➜ Explicit dependency on target 'React-perflogger' in project 'Pods'
        ➜ Explicit dependency on target 'React-timing' in project 'Pods'
        ➜ Explicit dependency on target 'ReactNativeDependencies' in project 'Pods'
    Target 'React-hermes' in project 'Pods'
        ➜ Explicit dependency on target 'hermes-engine' in project 'Pods'
        ➜ Explicit dependency on target 'React-Core-prebuilt' in project 'Pods'
        ➜ Explicit dependency on target 'React-cxxreact' in project 'Pods'
        ➜ Explicit dependency on target 'React-jsi' in project 'Pods'
        ➜ Explicit dependency on target 'React-jsiexecutor' in project 'Pods'
        ➜ Explicit dependency on target 'React-jsinspector' in project 'Pods'
        ➜ Explicit dependency on target 'React-jsinspectorcdp' in project 'Pods'
        ➜ Explicit dependency on target 'React-jsinspectortracing' in project 'Pods'
        ➜ Explicit dependency on target 'React-jsitooling' in project 'Pods'
        ➜ Explicit dependency on target 'React-oscompat' in project 'Pods'
        ➜ Explicit dependency on target 'React-perflogger' in project 'Pods'
        ➜ Explicit dependency on target 'React-runtimeexecutor' in project 'Pods'
        ➜ Explicit dependency on target 'ReactNativeDependencies' in project 'Pods'
    Target 'React-jsiexecutor' in project 'Pods'
        ➜ Explicit dependency on target 'hermes-engine' in project 'Pods'
        ➜ Explicit dependency on target 'React-Core-prebuilt' in project 'Pods'
        ➜ Explicit dependency on target 'React-cxxreact' in project 'Pods'
        ➜ Explicit dependency on target 'React-debug' in project 'Pods'
        ➜ Explicit dependency on target 'React-jserrorhandler' in project 'Pods'
        ➜ Explicit dependency on target 'React-jsi' in project 'Pods'
        ➜ Explicit dependency on target 'React-jsinspector' in project 'Pods'
        ➜ Explicit dependency on target 'React-jsinspectorcdp' in project 'Pods'
        ➜ Explicit dependency on target 'React-jsinspectortracing' in project 'Pods'
        ➜ Explicit dependency on target 'React-jsitooling' in project 'Pods'
        ➜ Explicit dependency on target 'React-perflogger' in project 'Pods'
        ➜ Explicit dependency on target 'React-runtimeexecutor' in project 'Pods'
        ➜ Explicit dependency on target 'React-utils' in project 'Pods'
        ➜ Explicit dependency on target 'ReactNativeDependencies' in project 'Pods'
    Target 'React-jsitooling' in project 'Pods'
        ➜ Explicit dependency on target 'hermes-engine' in project 'Pods'
        ➜ Explicit dependency on target 'React-Core-prebuilt' in project 'Pods'
        ➜ Explicit dependency on target 'React-cxxreact' in project 'Pods'
        ➜ Explicit dependency on target 'React-debug' in project 'Pods'
        ➜ Explicit dependency on target 'React-jsi' in project 'Pods'
        ➜ Explicit dependency on target 'React-jsinspector' in project 'Pods'
        ➜ Explicit dependency on target 'React-jsinspectorcdp' in project 'Pods'
        ➜ Explicit dependency on target 'React-jsinspectortracing' in project 'Pods'
        ➜ Explicit dependency on target 'React-runtimeexecutor' in project 'Pods'
        ➜ Explicit dependency on target 'React-utils' in project 'Pods'
        ➜ Explicit dependency on target 'ReactNativeDependencies' in project 'Pods'
    Target 'React-jserrorhandler' in project 'Pods'
        ➜ Explicit dependency on target 'hermes-engine' in project 'Pods'
        ➜ Explicit dependency on target 'React-Core-prebuilt' in project 'Pods'
        ➜ Explicit dependency on target 'React-cxxreact' in project 'Pods'
        ➜ Explicit dependency on target 'React-debug' in project 'Pods'
        ➜ Explicit dependency on target 'React-featureflags' in project 'Pods'
        ➜ Explicit dependency on target 'React-jsi' in project 'Pods'
        ➜ Explicit dependency on target 'ReactCommon' in project 'Pods'
        ➜ Explicit dependency on target 'ReactNativeDependencies' in project 'Pods'
    Target 'ReactCommon' in project 'Pods'
        ➜ Explicit dependency on target 'hermes-engine' in project 'Pods'
        ➜ Explicit dependency on target 'React-callinvoker' in project 'Pods'
        ➜ Explicit dependency on target 'React-Core-prebuilt' in project 'Pods'
        ➜ Explicit dependency on target 'React-cxxreact' in project 'Pods'
        ➜ Explicit dependency on target 'React-debug' in project 'Pods'
        ➜ Explicit dependency on target 'React-featureflags' in project 'Pods'
        ➜ Explicit dependency on target 'React-jsi' in project 'Pods'
        ➜ Explicit dependency on target 'React-logger' in project 'Pods'
        ➜ Explicit dependency on target 'React-perflogger' in project 'Pods'
        ➜ Explicit dependency on target 'React-utils' in project 'Pods'
        ➜ Explicit dependency on target 'ReactNativeDependencies' in project 'Pods'
    Target 'React-cxxreact' in project 'Pods'
        ➜ Explicit dependency on target 'hermes-engine' in project 'Pods'
        ➜ Explicit dependency on target 'React-callinvoker' in project 'Pods'
        ➜ Explicit dependency on target 'React-Core-prebuilt' in project 'Pods'
        ➜ Explicit dependency on target 'React-cxxreact-React-cxxreact_privacy' in project 'Pods'
        ➜ Explicit dependency on target 'React-debug' in project 'Pods'
        ➜ Explicit dependency on target 'React-jsi' in project 'Pods'
        ➜ Explicit dependency on target 'React-jsinspector' in project 'Pods'
        ➜ Explicit dependency on target 'React-jsinspectorcdp' in project 'Pods'
        ➜ Explicit dependency on target 'React-jsinspectortracing' in project 'Pods'
        ➜ Explicit dependency on target 'React-logger' in project 'Pods'
        ➜ Explicit dependency on target 'React-perflogger' in project 'Pods'
        ➜ Explicit dependency on target 'React-runtimeexecutor' in project 'Pods'
        ➜ Explicit dependency on target 'React-timing' in project 'Pods'
        ➜ Explicit dependency on target 'React-utils' in project 'Pods'
        ➜ Explicit dependency on target 'ReactNativeDependencies' in project 'Pods'
    Target 'React-logger' in project 'Pods'
        ➜ Explicit dependency on target 'React-Core-prebuilt' in project 'Pods'
        ➜ Explicit dependency on target 'ReactNativeDependencies' in project 'Pods'
    Target 'React-jsinspector' in project 'Pods'
        ➜ Explicit dependency on target 'hermes-engine' in project 'Pods'
        ➜ Explicit dependency on target 'React-Core-prebuilt' in project 'Pods'
        ➜ Explicit dependency on target 'React-featureflags' in project 'Pods'
        ➜ Explicit dependency on target 'React-jsi' in project 'Pods'
        ➜ Explicit dependency on target 'React-jsinspectorcdp' in project 'Pods'
        ➜ Explicit dependency on target 'React-jsinspectornetwork' in project 'Pods'
        ➜ Explicit dependency on target 'React-jsinspectortracing' in project 'Pods'
        ➜ Explicit dependency on target 'React-oscompat' in project 'Pods'
        ➜ Explicit dependency on target 'React-perflogger' in project 'Pods'
        ➜ Explicit dependency on target 'React-runtimeexecutor' in project 'Pods'
        ➜ Explicit dependency on target 'React-utils' in project 'Pods'
        ➜ Explicit dependency on target 'ReactNativeDependencies' in project 'Pods'
    Target 'React-runtimeexecutor' in project 'Pods'
        ➜ Explicit dependency on target 'React-Core-prebuilt' in project 'Pods'
        ➜ Explicit dependency on target 'React-debug' in project 'Pods'
        ➜ Explicit dependency on target 'React-featureflags' in project 'Pods'
        ➜ Explicit dependency on target 'React-jsi' in project 'Pods'
        ➜ Explicit dependency on target 'React-utils' in project 'Pods'
        ➜ Explicit dependency on target 'ReactNativeDependencies' in project 'Pods'
    Target 'React-perflogger' in project 'Pods'
        ➜ Explicit dependency on target 'React-Core-prebuilt' in project 'Pods'
        ➜ Explicit dependency on target 'ReactNativeDependencies' in project 'Pods'
    Target 'React-jsinspectortracing' in project 'Pods'
        ➜ Explicit dependency on target 'hermes-engine' in project 'Pods'
        ➜ Explicit dependency on target 'React-Core-prebuilt' in project 'Pods'
        ➜ Explicit dependency on target 'React-jsi' in project 'Pods'
        ➜ Explicit dependency on target 'React-jsinspectornetwork' in project 'Pods'
        ➜ Explicit dependency on target 'React-oscompat' in project 'Pods'
        ➜ Explicit dependency on target 'React-timing' in project 'Pods'
        ➜ Explicit dependency on target 'React-utils' in project 'Pods'
        ➜ Explicit dependency on target 'ReactNativeDependencies' in project 'Pods'
    Target 'React-utils' in project 'Pods'
        ➜ Explicit dependency on target 'hermes-engine' in project 'Pods'
        ➜ Explicit dependency on target 'React-Core-prebuilt' in project 'Pods'
        ➜ Explicit dependency on target 'React-debug' in project 'Pods'
        ➜ Explicit dependency on target 'React-jsi' in project 'Pods'
        ➜ Explicit dependency on target 'ReactNativeDependencies' in project 'Pods'
    Target 'React-timing' in project 'Pods'
        ➜ Explicit dependency on target 'React-debug' in project 'Pods'
        ➜ Explicit dependency on target 'React-timing-React-timing_privacy' in project 'Pods'
    Target 'React-timing-React-timing_privacy' in project 'Pods' (no dependencies)
    Target 'React-oscompat' in project 'Pods' (no dependencies)
    Target 'React-jsinspectornetwork' in project 'Pods'
        ➜ Explicit dependency on target 'React-Core-prebuilt' in project 'Pods'
        ➜ Explicit dependency on target 'React-jsinspectorcdp' in project 'Pods'
        ➜ Explicit dependency on target 'ReactNativeDependencies' in project 'Pods'
    Target 'React-jsinspectorcdp' in project 'Pods'
        ➜ Explicit dependency on target 'React-Core-prebuilt' in project 'Pods'
        ➜ Explicit dependency on target 'ReactNativeDependencies' in project 'Pods'
    Target 'React-featureflags' in project 'Pods'
        ➜ Explicit dependency on target 'React-Core-prebuilt' in project 'Pods'
        ➜ Explicit dependency on target 'ReactNativeDependencies' in project 'Pods'
    Target 'React-jsi' in project 'Pods'
        ➜ Explicit dependency on target 'hermes-engine' in project 'Pods'
        ➜ Explicit dependency on target 'React-Core-prebuilt' in project 'Pods'
        ➜ Explicit dependency on target 'ReactNativeDependencies' in project 'Pods'
    Target 'React-debug' in project 'Pods' (no dependencies)
    Target 'React-cxxreact-React-cxxreact_privacy' in project 'Pods' (no dependencies)
    Target 'React-callinvoker' in project 'Pods' (no dependencies)
    Target 'React-Core-React-Core_privacy' in project 'Pods' (no dependencies)
    Target 'React-Core-prebuilt' in project 'Pods'
        ➜ Explicit dependency on target 'ReactNativeDependencies' in project 'Pods'
    Target 'ReactNativeDependencies' in project 'Pods' (no dependencies)
    Target 'RCTDeprecation' in project 'Pods' (no dependencies)
    Target 'hermes-engine' in project 'Pods' (no dependencies)

GatherProvisioningInputs

CreateBuildDescription

ExecuteExternalTool /Applications/Xcode.app/Contents/Developer/Toolchains/XcodeDefault.xctoolchain/usr/bin/clang -v -E -dM -isysroot /Applications/Xcode.app/Contents/Developer/Platforms/iPhoneSimulator.platform/Developer/SDKs/iPhoneSimulator26.5.sdk -x c -c /dev/null

ExecuteExternalTool /Applications/Xcode.app/Contents/Developer/Toolchains/XcodeDefault.xctoolchain/usr/bin/clang -v -E -dM -arch arm64 -isysroot /Applications/Xcode.app/Contents/Developer/Platforms/iPhoneSimulator.platform/Developer/SDKs/iPhoneSimulator26.5.sdk -x objective-c++ -c /dev/null

ExecuteExternalTool /Applications/Xcode.app/Contents/Developer/Toolchains/XcodeDefault.xctoolchain/usr/bin/clang -v -E -dM -arch arm64 -isysroot /Applications/Xcode.app/Contents/Developer/Platforms/iPhoneSimulator.platform/Developer/SDKs/iPhoneSimulator26.5.sdk -x c++ -c /dev/null

ExecuteExternalTool /Applications/Xcode.app/Contents/Developer/Toolchains/XcodeDefault.xctoolchain/usr/bin/clang -v -E -dM -arch arm64 -isysroot /Applications/Xcode.app/Contents/Developer/Platforms/iPhoneSimulator.platform/Developer/SDKs/iPhoneSimulator26.5.sdk -x objective-c -c /dev/null

ExecuteExternalTool /Applications/Xcode.app/Contents/Developer/Toolchains/XcodeDefault.xctoolchain/usr/bin/clang -v -E -dM -arch arm64 -isysroot /Applications/Xcode.app/Contents/Developer/Platforms/iPhoneSimulator.platform/Developer/SDKs/iPhoneSimulator26.5.sdk -x c -c /dev/null

ExecuteExternalTool /Applications/Xcode.app/Contents/Developer/Toolchains/XcodeDefault.xctoolchain/usr/bin/swiftc --version

ExecuteExternalTool /Applications/Xcode.app/Contents/Developer/Toolchains/XcodeDefault.xctoolchain/usr/bin/libtool -V

ExecuteExternalTool /Applications/Xcode.app/Contents/Developer/usr/bin/ibtool --version --output-format xml1

ExecuteExternalTool /Applications/Xcode.app/Contents/Developer/usr/bin/actool --print-asset-tag-combinations --output-format xml1 /Users/karelbraborec/rev-meter/ios/revmeter/Images.xcassets /Users/karelbraborec/rev-meter/ios/revmeter/expo.icon

ExecuteExternalTool /Applications/Xcode.app/Contents/Developer/Toolchains/XcodeDefault.xctoolchain/usr/bin/clang -v -E -dM -arch x86_64 -isysroot /Applications/Xcode.app/Contents/Developer/Platforms/iPhoneSimulator.platform/Developer/SDKs/iPhoneSimulator26.5.sdk -x objective-c++ -c /dev/null

ExecuteExternalTool /Applications/Xcode.app/Contents/Developer/Toolchains/XcodeDefault.xctoolchain/usr/bin/clang -v -E -dM -arch x86_64 -isysroot /Applications/Xcode.app/Contents/Developer/Platforms/iPhoneSimulator.platform/Developer/SDKs/iPhoneSimulator26.5.sdk -x objective-c -c /dev/null

ExecuteExternalTool /Applications/Xcode.app/Contents/Developer/Toolchains/XcodeDefault.xctoolchain/usr/bin/clang -v -E -dM -arch x86_64 -isysroot /Applications/Xcode.app/Contents/Developer/Platforms/iPhoneSimulator.platform/Developer/SDKs/iPhoneSimulator26.5.sdk -x c++ -c /dev/null

ExecuteExternalTool /Applications/Xcode.app/Contents/Developer/usr/bin/actool --version --output-format xml1

ExecuteExternalTool /Applications/Xcode.app/Contents/Developer/Toolchains/XcodeDefault.xctoolchain/usr/bin/clang -v -E -dM -arch x86_64 -isysroot /Applications/Xcode.app/Contents/Developer/Platforms/iPhoneSimulator.platform/Developer/SDKs/iPhoneSimulator26.5.sdk -x c -c /dev/null

ExecuteExternalTool /Applications/Xcode.app/Contents/Developer/Toolchains/XcodeDefault.xctoolchain/usr/bin/ld -version_details

Build description signature: 06407bc006b5c69cfc87c640d4c37b37
Build description path: /Users/karelbraborec/Library/Developer/Xcode/DerivedData/revmeter-hbcnswmlqmbpnlazhhkncgeowiss/Build/Intermediates.noindex/XCBuildData/06407bc006b5c69cfc87c640d4c37b37.xcbuilddata
ClangStatCache /Applications/Xcode.app/Contents/Developer/Toolchains/XcodeDefault.xctoolchain/usr/bin/clang-stat-cache /Applications/Xcode.app/Contents/Developer/Platforms/iPhoneSimulator.platform/Developer/SDKs/iPhoneSimulator26.5.sdk /Users/karelbraborec/Library/Developer/Xcode/DerivedData/SDKStatCaches.noindex/iphonesimulator26.5-23F81a-6cfe768891a92b912361537c460fe42b.sdkstatcache
    cd /Users/karelbraborec/rev-meter/ios
    /Applications/Xcode.app/Contents/Developer/Toolchains/XcodeDefault.xctoolchain/usr/bin/clang-stat-cache /Applications/Xcode.app/Contents/Developer/Platforms/iPhoneSimulator.platform/Developer/SDKs/iPhoneSimulator26.5.sdk -o /Users/karelbraborec/Library/Developer/Xcode/DerivedData/SDKStatCaches.noindex/iphonesimulator26.5-23F81a-6cfe768891a92b912361537c460fe42b.sdkstatcache

CreateBuildDirectory /Users/karelbraborec/Library/Developer/Xcode/DerivedData/revmeter-hbcnswmlqmbpnlazhhkncgeowiss/Build/Intermediates.noindex
    cd /Users/karelbraborec/rev-meter/ios
    builtin-create-build-directory /Users/karelbraborec/Library/Developer/Xcode/DerivedData/revmeter-hbcnswmlqmbpnlazhhkncgeowiss/Build/Intermediates.noindex

CreateBuildDirectory /Users/karelbraborec/Library/Developer/Xcode/DerivedData/revmeter-hbcnswmlqmbpnlazhhkncgeowiss/Build/Products
    cd /Users/karelbraborec/rev-meter/ios
    builtin-create-build-directory /Users/karelbraborec/Library/Developer/Xcode/DerivedData/revmeter-hbcnswmlqmbpnlazhhkncgeowiss/Build/Products

CreateBuildDirectory /Users/karelbraborec/Library/Developer/Xcode/DerivedData/revmeter-hbcnswmlqmbpnlazhhkncgeowiss/Build/Products/Debug-iphonesimulator
    cd /Users/karelbraborec/rev-meter/ios
    builtin-create-build-directory /Users/karelbraborec/Library/Developer/Xcode/DerivedData/revmeter-hbcnswmlqmbpnlazhhkncgeowiss/Build/Products/Debug-iphonesimulator

CreateBuildDirectory /Users/karelbraborec/Library/Developer/Xcode/DerivedData/revmeter-hbcnswmlqmbpnlazhhkncgeowiss/Build/Intermediates.noindex/SwiftExplicitPrecompiledModules
    cd /Users/karelbraborec/rev-meter/ios
    builtin-create-build-directory /Users/karelbraborec/Library/Developer/Xcode/DerivedData/revmeter-hbcnswmlqmbpnlazhhkncgeowiss/Build/Intermediates.noindex/SwiftExplicitPrecompiledModules

CreateBuildDirectory /Users/karelbraborec/Library/Developer/Xcode/DerivedData/revmeter-hbcnswmlqmbpnlazhhkncgeowiss/Build/Intermediates.noindex/ExplicitPrecompiledModules
    cd /Users/karelbraborec/rev-meter/ios
    builtin-create-build-directory /Users/karelbraborec/Library/Developer/Xcode/DerivedData/revmeter-hbcnswmlqmbpnlazhhkncgeowiss/Build/Intermediates.noindex/ExplicitPrecompiledModules

WriteAuxiliaryFile /Users/karelbraborec/Library/Developer/Xcode/DerivedData/revmeter-hbcnswmlqmbpnlazhhkncgeowiss/Build/Intermediates.noindex/Pods.build/Debug-iphonesimulator/Pods-8699adb1dd336b26511df848a716bd42-VFS-iphonesimulator/all-product-headers.yaml
    cd /Users/karelbraborec/rev-meter/ios
    write-file /Users/karelbraborec/Library/Developer/Xcode/DerivedData/revmeter-hbcnswmlqmbpnlazhhkncgeowiss/Build/Intermediates.noindex/Pods.build/Debug-iphonesimulator/Pods-8699adb1dd336b26511df848a716bd42-VFS-iphonesimulator/all-product-headers.yaml

WriteAuxiliaryFile /Users/karelbraborec/Library/Developer/Xcode/DerivedData/revmeter-hbcnswmlqmbpnlazhhkncgeowiss/Build/Intermediates.noindex/revmeter.build/Debug-iphonesimulator/revmeter-28a2985fa85c7eef0a83728d1cdefc6d-VFS-iphonesimulator/all-product-headers.yaml
    cd /Users/karelbraborec/rev-meter/ios
    write-file /Users/karelbraborec/Library/Developer/Xcode/DerivedData/revmeter-hbcnswmlqmbpnlazhhkncgeowiss/Build/Intermediates.noindex/revmeter.build/Debug-iphonesimulator/revmeter-28a2985fa85c7eef0a83728d1cdefc6d-VFS-iphonesimulator/all-product-headers.yaml

CreateBuildDirectory /Users/karelbraborec/Library/Developer/Xcode/DerivedData/revmeter-hbcnswmlqmbpnlazhhkncgeowiss/Build/Intermediates.noindex/EagerLinkingTBDs/Debug-iphonesimulator
    cd /Users/karelbraborec/rev-meter/ios
    builtin-create-build-directory /Users/karelbraborec/Library/Developer/Xcode/DerivedData/revmeter-hbcnswmlqmbpnlazhhkncgeowiss/Build/Intermediates.noindex/EagerLinkingTBDs/Debug-iphonesimulator

WriteAuxiliaryFile /Users/karelbraborec/Library/Developer/Xcode/DerivedData/revmeter-hbcnswmlqmbpnlazhhkncgeowiss/Build/Intermediates.noindex/Pods.build/Debug-iphonesimulator/hermes-engine.build/Script-46EB2E0001F490.sh (in target 'hermes-engine' from project 'Pods')
    cd /Users/karelbraborec/rev-meter/ios/Pods
    write-file /Users/karelbraborec/Library/Developer/Xcode/DerivedData/revmeter-hbcnswmlqmbpnlazhhkncgeowiss/Build/Intermediates.noindex/Pods.build/Debug-iphonesimulator/hermes-engine.build/Script-46EB2E0001F490.sh

WriteAuxiliaryFile /Users/karelbraborec/Library/Developer/Xcode/DerivedData/revmeter-hbcnswmlqmbpnlazhhkncgeowiss/Build/Intermediates.noindex/Pods.build/Debug-iphonesimulator/hermes-engine.build/InputFileList-46EB2E0001F490-hermes-engine-xcframeworks-input-files-0b703ac908069a79b39b4bf219cebfe7-resolved.xcfilelist (in target 'hermes-engine' from project 'Pods')
    cd /Users/karelbraborec/rev-meter/ios/Pods
    write-file /Users/karelbraborec/Library/Developer/Xcode/DerivedData/revmeter-hbcnswmlqmbpnlazhhkncgeowiss/Build/Intermediates.noindex/Pods.build/Debug-iphonesimulator/hermes-engine.build/InputFileList-46EB2E0001F490-hermes-engine-xcframeworks-input-files-0b703ac908069a79b39b4bf219cebfe7-resolved.xcfilelist

WriteAuxiliaryFile /Users/karelbraborec/Library/Developer/Xcode/DerivedData/revmeter-hbcnswmlqmbpnlazhhkncgeowiss/Build/Intermediates.noindex/Pods.build/Debug-iphonesimulator/hermes-engine.build/OutputFileList-46EB2E0001F490-hermes-engine-xcframeworks-output-files-65887e884435b9dfe3e7b9f3cbdaeb98-resolved.xcfilelist (in target 'hermes-engine' from project 'Pods')
    cd /Users/karelbraborec/rev-meter/ios/Pods
    write-file /Users/karelbraborec/Library/Developer/Xcode/DerivedData/revmeter-hbcnswmlqmbpnlazhhkncgeowiss/Build/Intermediates.noindex/Pods.build/Debug-iphonesimulator/hermes-engine.build/OutputFileList-46EB2E0001F490-hermes-engine-xcframeworks-output-files-65887e884435b9dfe3e7b9f3cbdaeb98-resolved.xcfilelist

WriteAuxiliaryFile /Users/karelbraborec/Library/Developer/Xcode/DerivedData/revmeter-hbcnswmlqmbpnlazhhkncgeowiss/Build/Intermediates.noindex/Pods.build/Debug-iphonesimulator/hermes-engine.build/Script-46EB2E0001F4A0.sh (in target 'hermes-engine' from project 'Pods')
    cd /Users/karelbraborec/rev-meter/ios/Pods
    write-file /Users/karelbraborec/Library/Developer/Xcode/DerivedData/revmeter-hbcnswmlqmbpnlazhhkncgeowiss/Build/Intermediates.noindex/Pods.build/Debug-iphonesimulator/hermes-engine.build/Script-46EB2E0001F4A0.sh

WriteAuxiliaryFile /Users/karelbraborec/Library/Developer/Xcode/DerivedData/revmeter-hbcnswmlqmbpnlazhhkncgeowiss/Build/Intermediates.noindex/Pods.build/Debug-iphonesimulator/ReactNativeDependencies.build/Script-46EB2E0001F470.sh (in target 'ReactNativeDependencies' from project 'Pods')
    cd /Users/karelbraborec/rev-meter/ios/Pods
    write-file /Users/karelbraborec/Library/Developer/Xcode/DerivedData/revmeter-hbcnswmlqmbpnlazhhkncgeowiss/Build/Intermediates.noindex/Pods.build/Debug-iphonesimulator/ReactNativeDependencies.build/Script-46EB2E0001F470.sh

WriteAuxiliaryFile /Users/karelbraborec/Library/Developer/Xcode/DerivedData/revmeter-hbcnswmlqmbpnlazhhkncgeowiss/Build/Intermediates.noindex/Pods.build/Debug-iphonesimulator/ReactNativeDependencies.build/OutputFileList-46EB2E0001F470-ReactNativeDependencies-xcframeworks-output-files-e79992998b70f9ee5fecd0b3efaaeecc-resolved.xcfilelist (in target 'ReactNativeDependencies' from project 'Pods')
    cd /Users/karelbraborec/rev-meter/ios/Pods
    write-file /Users/karelbraborec/Library/Developer/Xcode/DerivedData/revmeter-hbcnswmlqmbpnlazhhkncgeowiss/Build/Intermediates.noindex/Pods.build/Debug-iphonesimulator/ReactNativeDependencies.build/OutputFileList-46EB2E0001F470-ReactNativeDependencies-xcframeworks-output-files-e79992998b70f9ee5fecd0b3efaaeecc-resolved.xcfilelist

WriteAuxiliaryFile /Users/karelbraborec/Library/Developer/Xcode/DerivedData/revmeter-hbcnswmlqmbpnlazhhkncgeowiss/Build/Intermediates.noindex/Pods.build/Debug-iphonesimulator/ReactNativeDependencies.build/Script-46EB2E0001F480.sh (in target 'ReactNativeDependencies' from project 'Pods')
    cd /Users/karelbraborec/rev-meter/ios/Pods
    write-file /Users/karelbraborec/Library/Developer/Xcode/DerivedData/revmeter-hbcnswmlqmbpnlazhhkncgeowiss/Build/Intermediates.noindex/Pods.build/Debug-iphonesimulator/ReactNativeDependencies.build/Script-46EB2E0001F480.sh

WriteAuxiliaryFile /Users/karelbraborec/Library/Developer/Xcode/DerivedData/revmeter-hbcnswmlqmbpnlazhhkncgeowiss/Build/Intermediates.noindex/Pods.build/Debug-iphonesimulator/ReactNativeDependencies.build/InputFileList-46EB2E0001F470-ReactNativeDependencies-xcframeworks-input-files-859d54f4f4b4d20a9a01e4875aa0bb68-resolved.xcfilelist (in target 'ReactNativeDependencies' from project 'Pods')
    cd /Users/karelbraborec/rev-meter/ios/Pods
    write-file /Users/karelbraborec/Library/Developer/Xcode/DerivedData/revmeter-hbcnswmlqmbpnlazhhkncgeowiss/Build/Intermediates.noindex/Pods.build/Debug-iphonesimulator/ReactNativeDependencies.build/InputFileList-46EB2E0001F470-ReactNativeDependencies-xcframeworks-input-files-859d54f4f4b4d20a9a01e4875aa0bb68-resolved.xcfilelist

WriteAuxiliaryFile /Users/karelbraborec/Library/Developer/Xcode/DerivedData/revmeter-hbcnswmlqmbpnlazhhkncgeowiss/Build/Intermediates.noindex/Pods.build/Debug-iphonesimulator/React-RCTFBReactNativeSpec.build/Script-46EB2E0001F450.sh (in target 'React-RCTFBReactNativeSpec' from project 'Pods')
    cd /Users/karelbraborec/rev-meter/ios/Pods
    write-file /Users/karelbraborec/Library/Developer/Xcode/DerivedData/revmeter-hbcnswmlqmbpnlazhhkncgeowiss/Build/Intermediates.noindex/Pods.build/Debug-iphonesimulator/React-RCTFBReactNativeSpec.build/Script-46EB2E0001F450.sh

WriteAuxiliaryFile /Users/karelbraborec/Library/Developer/Xcode/DerivedData/revmeter-hbcnswmlqmbpnlazhhkncgeowiss/Build/Intermediates.noindex/Pods.build/Debug-iphonesimulator/React-Core-prebuilt.build/Script-46EB2E0001F440.sh (in target 'React-Core-prebuilt' from project 'Pods')
    cd /Users/karelbraborec/rev-meter/ios/Pods
    write-file /Users/karelbraborec/Library/Developer/Xcode/DerivedData/revmeter-hbcnswmlqmbpnlazhhkncgeowiss/Build/Intermediates.noindex/Pods.build/Debug-iphonesimulator/React-Core-prebuilt.build/Script-46EB2E0001F440.sh

WriteAuxiliaryFile /Users/karelbraborec/Library/Developer/Xcode/DerivedData/revmeter-hbcnswmlqmbpnlazhhkncgeowiss/Build/Intermediates.noindex/Pods.build/Debug-iphonesimulator/React-Core-prebuilt.build/Script-46EB2E0001F430.sh (in target 'React-Core-prebuilt' from project 'Pods')
    cd /Users/karelbraborec/rev-meter/ios/Pods
    write-file /Users/karelbraborec/Library/Developer/Xcode/DerivedData/revmeter-hbcnswmlqmbpnlazhhkncgeowiss/Build/Intermediates.noindex/Pods.build/Debug-iphonesimulator/React-Core-prebuilt.build/Script-46EB2E0001F430.sh

WriteAuxiliaryFile /Users/karelbraborec/Library/Developer/Xcode/DerivedData/revmeter-hbcnswmlqmbpnlazhhkncgeowiss/Build/Intermediates.noindex/Pods.build/Debug-iphonesimulator/React-Core-prebuilt.build/OutputFileList-46EB2E0001F430-React-Core-prebuilt-xcframeworks-output-files-e13a6c1ee12e3eb0dd63031a518dde76-resolved.xcfilelist (in target 'React-Core-prebuilt' from project 'Pods')
    cd /Users/karelbraborec/rev-meter/ios/Pods
    write-file /Users/karelbraborec/Library/Developer/Xcode/DerivedData/revmeter-hbcnswmlqmbpnlazhhkncgeowiss/Build/Intermediates.noindex/Pods.build/Debug-iphonesimulator/React-Core-prebuilt.build/OutputFileList-46EB2E0001F430-React-Core-prebuilt-xcframeworks-output-files-e13a6c1ee12e3eb0dd63031a518dde76-resolved.xcfilelist

WriteAuxiliaryFile /Users/karelbraborec/Library/Developer/Xcode/DerivedData/revmeter-hbcnswmlqmbpnlazhhkncgeowiss/Build/Intermediates.noindex/Pods.build/Debug-iphonesimulator/React-Core-prebuilt.build/InputFileList-46EB2E0001F430-React-Core-prebuilt-xcframeworks-input-files-bea074a954add753c20566cbc389e4b2-resolved.xcfilelist (in target 'React-Core-prebuilt' from project 'Pods')
    cd /Users/karelbraborec/rev-meter/ios/Pods
    write-file /Users/karelbraborec/Library/Developer/Xcode/DerivedData/revmeter-hbcnswmlqmbpnlazhhkncgeowiss/Build/Intermediates.noindex/Pods.build/Debug-iphonesimulator/React-Core-prebuilt.build/InputFileList-46EB2E0001F430-React-Core-prebuilt-xcframeworks-input-files-bea074a954add753c20566cbc389e4b2-resolved.xcfilelist

WriteAuxiliaryFile /Users/karelbraborec/Library/Developer/Xcode/DerivedData/revmeter-hbcnswmlqmbpnlazhhkncgeowiss/Build/Intermediates.noindex/Pods.build/Debug-iphonesimulator/ExpoModulesWorklets.build/Script-46EB2E0001F410.sh (in target 'ExpoModulesWorklets' from project 'Pods')
    cd /Users/karelbraborec/rev-meter/ios/Pods
    write-file /Users/karelbraborec/Library/Developer/Xcode/DerivedData/revmeter-hbcnswmlqmbpnlazhhkncgeowiss/Build/Intermediates.noindex/Pods.build/Debug-iphonesimulator/ExpoModulesWorklets.build/Script-46EB2E0001F410.sh

WriteAuxiliaryFile /Users/karelbraborec/Library/Developer/Xcode/DerivedData/revmeter-hbcnswmlqmbpnlazhhkncgeowiss/Build/Intermediates.noindex/Pods.build/Debug-iphonesimulator/ExpoModulesWorklets.build/Script-46EB2E0001F400.sh (in target 'ExpoModulesWorklets' from project 'Pods')
    cd /Users/karelbraborec/rev-meter/ios/Pods
    write-file /Users/karelbraborec/Library/Developer/Xcode/DerivedData/revmeter-hbcnswmlqmbpnlazhhkncgeowiss/Build/Intermediates.noindex/Pods.build/Debug-iphonesimulator/ExpoModulesWorklets.build/Script-46EB2E0001F400.sh

WriteAuxiliaryFile /Users/karelbraborec/Library/Developer/Xcode/DerivedData/revmeter-hbcnswmlqmbpnlazhhkncgeowiss/Build/Intermediates.noindex/Pods.build/Debug-iphonesimulator/ExpoModulesWorklets.build/OutputFileList-46EB2E0001F400-ExpoModulesWorklets-xcframeworks-output-files-f334b071cc5ef7a8d0cdf3d570a40c5a-resolved.xcfilelist (in target 'ExpoModulesWorklets' from project 'Pods')
    cd /Users/karelbraborec/rev-meter/ios/Pods
    write-file /Users/karelbraborec/Library/Developer/Xcode/DerivedData/revmeter-hbcnswmlqmbpnlazhhkncgeowiss/Build/Intermediates.noindex/Pods.build/Debug-iphonesimulator/ExpoModulesWorklets.build/OutputFileList-46EB2E0001F400-ExpoModulesWorklets-xcframeworks-output-files-f334b071cc5ef7a8d0cdf3d570a40c5a-resolved.xcfilelist

WriteAuxiliaryFile /Users/karelbraborec/Library/Developer/Xcode/DerivedData/revmeter-hbcnswmlqmbpnlazhhkncgeowiss/Build/Intermediates.noindex/Pods.build/Debug-iphonesimulator/ExpoModulesWorklets.build/Script-46EB2E0001F420.sh (in target 'ExpoModulesWorklets' from project 'Pods')
    cd /Users/karelbraborec/rev-meter/ios/Pods
    write-file /Users/karelbraborec/Library/Developer/Xcode/DerivedData/revmeter-hbcnswmlqmbpnlazhhkncgeowiss/Build/Intermediates.noindex/Pods.build/Debug-iphonesimulator/ExpoModulesWorklets.build/Script-46EB2E0001F420.sh

WriteAuxiliaryFile /Users/karelbraborec/Library/Developer/Xcode/DerivedData/revmeter-hbcnswmlqmbpnlazhhkncgeowiss/Build/Intermediates.noindex/Pods.build/Debug-iphonesimulator/ExpoModulesWorklets.build/InputFileList-46EB2E0001F400-ExpoModulesWorklets-xcframeworks-input-files-7b3684fb7638424e3f7010c8f12c662b-resolved.xcfilelist (in target 'ExpoModulesWorklets' from project 'Pods')
    cd /Users/karelbraborec/rev-meter/ios/Pods
    write-file /Users/karelbraborec/Library/Developer/Xcode/DerivedData/revmeter-hbcnswmlqmbpnlazhhkncgeowiss/Build/Intermediates.noindex/Pods.build/Debug-iphonesimulator/ExpoModulesWorklets.build/InputFileList-46EB2E0001F400-ExpoModulesWorklets-xcframeworks-input-files-7b3684fb7638424e3f7010c8f12c662b-resolved.xcfilelist

WriteAuxiliaryFile /Users/karelbraborec/Library/Developer/Xcode/DerivedData/revmeter-hbcnswmlqmbpnlazhhkncgeowiss/Build/Intermediates.noindex/Pods.build/Debug-iphonesimulator/ExpoModulesJSI.build/Script-46EB2E0001F3F0.sh (in target 'ExpoModulesJSI' from project 'Pods')
    cd /Users/karelbraborec/rev-meter/ios/Pods
    write-file /Users/karelbraborec/Library/Developer/Xcode/DerivedData/revmeter-hbcnswmlqmbpnlazhhkncgeowiss/Build/Intermediates.noindex/Pods.build/Debug-iphonesimulator/ExpoModulesJSI.build/Script-46EB2E0001F3F0.sh

WriteAuxiliaryFile /Users/karelbraborec/Library/Developer/Xcode/DerivedData/revmeter-hbcnswmlqmbpnlazhhkncgeowiss/Build/Intermediates.noindex/Pods.build/Debug-iphonesimulator/ExpoModulesJSI.build/Script-46EB2E0001F3E0.sh (in target 'ExpoModulesJSI' from project 'Pods')
    cd /Users/karelbraborec/rev-meter/ios/Pods
    write-file /Users/karelbraborec/Library/Developer/Xcode/DerivedData/revmeter-hbcnswmlqmbpnlazhhkncgeowiss/Build/Intermediates.noindex/Pods.build/Debug-iphonesimulator/ExpoModulesJSI.build/Script-46EB2E0001F3E0.sh

WriteAuxiliaryFile /Users/karelbraborec/Library/Developer/Xcode/DerivedData/revmeter-hbcnswmlqmbpnlazhhkncgeowiss/Build/Intermediates.noindex/Pods.build/Debug-iphonesimulator/ExpoModulesJSI.build/OutputFileList-46EB2E0001F3E0-ExpoModulesJSI-xcframeworks-output-files-762c70c5a43824c8a75188191d67c85c-resolved.xcfilelist (in target 'ExpoModulesJSI' from project 'Pods')
    cd /Users/karelbraborec/rev-meter/ios/Pods
    write-file /Users/karelbraborec/Library/Developer/Xcode/DerivedData/revmeter-hbcnswmlqmbpnlazhhkncgeowiss/Build/Intermediates.noindex/Pods.build/Debug-iphonesimulator/ExpoModulesJSI.build/OutputFileList-46EB2E0001F3E0-ExpoModulesJSI-xcframeworks-output-files-762c70c5a43824c8a75188191d67c85c-resolved.xcfilelist

WriteAuxiliaryFile /Users/karelbraborec/Library/Developer/Xcode/DerivedData/revmeter-hbcnswmlqmbpnlazhhkncgeowiss/Build/Intermediates.noindex/Pods.build/Debug-iphonesimulator/ExpoModulesJSI.build/InputFileList-46EB2E0001F3E0-ExpoModulesJSI-xcframeworks-input-files-454baf1084cf11694d10dcc72dee989d-resolved.xcfilelist (in target 'ExpoModulesJSI' from project 'Pods')
    cd /Users/karelbraborec/rev-meter/ios/Pods
    write-file /Users/karelbraborec/Library/Developer/Xcode/DerivedData/revmeter-hbcnswmlqmbpnlazhhkncgeowiss/Build/Intermediates.noindex/Pods.build/Debug-iphonesimulator/ExpoModulesJSI.build/InputFileList-46EB2E0001F3E0-ExpoModulesJSI-xcframeworks-input-files-454baf1084cf11694d10dcc72dee989d-resolved.xcfilelist

WriteAuxiliaryFile /Users/karelbraborec/Library/Developer/Xcode/DerivedData/revmeter-hbcnswmlqmbpnlazhhkncgeowiss/Build/Intermediates.noindex/Pods.build/Debug-iphonesimulator/ExpoModulesCore.build/Script-46EB2E0001F3B0.sh (in target 'ExpoModulesCore' from project 'Pods')
    cd /Users/karelbraborec/rev-meter/ios/Pods
    write-file /Users/karelbraborec/Library/Developer/Xcode/DerivedData/revmeter-hbcnswmlqmbpnlazhhkncgeowiss/Build/Intermediates.noindex/Pods.build/Debug-iphonesimulator/ExpoModulesCore.build/Script-46EB2E0001F3B0.sh

WriteAuxiliaryFile /Users/karelbraborec/Library/Developer/Xcode/DerivedData/revmeter-hbcnswmlqmbpnlazhhkncgeowiss/Build/Intermediates.noindex/Pods.build/Debug-iphonesimulator/ExpoModulesCore.build/InputFileList-46EB2E0001F3B0-ExpoModulesCore-xcframeworks-input-files-06c3557fb3e3e8130e39bdfa849ebb89-resolved.xcfilelist (in target 'ExpoModulesCore' from project 'Pods')
    cd /Users/karelbraborec/rev-meter/ios/Pods
    write-file /Users/karelbraborec/Library/Developer/Xcode/DerivedData/revmeter-hbcnswmlqmbpnlazhhkncgeowiss/Build/Intermediates.noindex/Pods.build/Debug-iphonesimulator/ExpoModulesCore.build/InputFileList-46EB2E0001F3B0-ExpoModulesCore-xcframeworks-input-files-06c3557fb3e3e8130e39bdfa849ebb89-resolved.xcfilelist

WriteAuxiliaryFile /Users/karelbraborec/Library/Developer/Xcode/DerivedData/revmeter-hbcnswmlqmbpnlazhhkncgeowiss/Build/Intermediates.noindex/Pods.build/Debug-iphonesimulator/ExpoModulesCore.build/Script-46EB2E0001F3D0.sh (in target 'ExpoModulesCore' from project 'Pods')
    cd /Users/karelbraborec/rev-meter/ios/Pods
    write-file /Users/karelbraborec/Library/Developer/Xcode/DerivedData/revmeter-hbcnswmlqmbpnlazhhkncgeowiss/Build/Intermediates.noindex/Pods.build/Debug-iphonesimulator/ExpoModulesCore.build/Script-46EB2E0001F3D0.sh

WriteAuxiliaryFile /Users/karelbraborec/Library/Developer/Xcode/DerivedData/revmeter-hbcnswmlqmbpnlazhhkncgeowiss/Build/Intermediates.noindex/Pods.build/Debug-iphonesimulator/ExpoModulesCore.build/Script-46EB2E0001F3C0.sh (in target 'ExpoModulesCore' from project 'Pods')
    cd /Users/karelbraborec/rev-meter/ios/Pods
    write-file /Users/karelbraborec/Library/Developer/Xcode/DerivedData/revmeter-hbcnswmlqmbpnlazhhkncgeowiss/Build/Intermediates.noindex/Pods.build/Debug-iphonesimulator/ExpoModulesCore.build/Script-46EB2E0001F3C0.sh

WriteAuxiliaryFile /Users/karelbraborec/Library/Developer/Xcode/DerivedData/revmeter-hbcnswmlqmbpnlazhhkncgeowiss/Build/Intermediates.noindex/Pods.build/Debug-iphonesimulator/ExpoModulesCore.build/OutputFileList-46EB2E0001F3B0-ExpoModulesCore-xcframeworks-output-files-66df360a5942bbc00a6467045d539342-resolved.xcfilelist (in target 'ExpoModulesCore' from project 'Pods')
    cd /Users/karelbraborec/rev-meter/ios/Pods
    write-file /Users/karelbraborec/Library/Developer/Xcode/DerivedData/revmeter-hbcnswmlqmbpnlazhhkncgeowiss/Build/Intermediates.noindex/Pods.build/Debug-iphonesimulator/ExpoModulesCore.build/OutputFileList-46EB2E0001F3B0-ExpoModulesCore-xcframeworks-output-files-66df360a5942bbc00a6467045d539342-resolved.xcfilelist

WriteAuxiliaryFile /Users/karelbraborec/Library/Developer/Xcode/DerivedData/revmeter-hbcnswmlqmbpnlazhhkncgeowiss/Build/Intermediates.noindex/Pods.build/Debug-iphonesimulator/ExpoImage.build/Script-46EB2E0001F390.sh (in target 'ExpoImage' from project 'Pods')
    cd /Users/karelbraborec/rev-meter/ios/Pods
    write-file /Users/karelbraborec/Library/Developer/Xcode/DerivedData/revmeter-hbcnswmlqmbpnlazhhkncgeowiss/Build/Intermediates.noindex/Pods.build/Debug-iphonesimulator/ExpoImage.build/Script-46EB2E0001F390.sh

WriteAuxiliaryFile /Users/karelbraborec/Library/Developer/Xcode/DerivedData/revmeter-hbcnswmlqmbpnlazhhkncgeowiss/Build/Intermediates.noindex/Pods.build/Debug-iphonesimulator/ExpoImage.build/Script-46EB2E0001F3A0.sh (in target 'ExpoImage' from project 'Pods')
    cd /Users/karelbraborec/rev-meter/ios/Pods
    write-file /Users/karelbraborec/Library/Developer/Xcode/DerivedData/revmeter-hbcnswmlqmbpnlazhhkncgeowiss/Build/Intermediates.noindex/Pods.build/Debug-iphonesimulator/ExpoImage.build/Script-46EB2E0001F3A0.sh

WriteAuxiliaryFile /Users/karelbraborec/Library/Developer/Xcode/DerivedData/revmeter-hbcnswmlqmbpnlazhhkncgeowiss/Build/Intermediates.noindex/Pods.build/Debug-iphonesimulator/ExpoImage.build/Script-46EB2E0001F380.sh (in target 'ExpoImage' from project 'Pods')
    cd /Users/karelbraborec/rev-meter/ios/Pods
    write-file /Users/karelbraborec/Library/Developer/Xcode/DerivedData/revmeter-hbcnswmlqmbpnlazhhkncgeowiss/Build/Intermediates.noindex/Pods.build/Debug-iphonesimulator/ExpoImage.build/Script-46EB2E0001F380.sh

WriteAuxiliaryFile /Users/karelbraborec/Library/Developer/Xcode/DerivedData/revmeter-hbcnswmlqmbpnlazhhkncgeowiss/Build/Intermediates.noindex/Pods.build/Debug-iphonesimulator/ExpoImage.build/OutputFileList-46EB2E0001F380-ExpoImage-xcframeworks-output-files-c2d117568e5ac6fc09926f83e4764f74-resolved.xcfilelist (in target 'ExpoImage' from project 'Pods')
    cd /Users/karelbraborec/rev-meter/ios/Pods
    write-file /Users/karelbraborec/Library/Developer/Xcode/DerivedData/revmeter-hbcnswmlqmbpnlazhhkncgeowiss/Build/Intermediates.noindex/Pods.build/Debug-iphonesimulator/ExpoImage.build/OutputFileList-46EB2E0001F380-ExpoImage-xcframeworks-output-files-c2d117568e5ac6fc09926f83e4764f74-resolved.xcfilelist

WriteAuxiliaryFile /Users/karelbraborec/Library/Developer/Xcode/DerivedData/revmeter-hbcnswmlqmbpnlazhhkncgeowiss/Build/Intermediates.noindex/Pods.build/Debug-iphonesimulator/ExpoImage.build/InputFileList-46EB2E0001F380-ExpoImage-xcframeworks-input-files-f58b1a2e1c07b628a9a5db07d553ba0f-resolved.xcfilelist (in target 'ExpoImage' from project 'Pods')
    cd /Users/karelbraborec/rev-meter/ios/Pods
    write-file /Users/karelbraborec/Library/Developer/Xcode/DerivedData/revmeter-hbcnswmlqmbpnlazhhkncgeowiss/Build/Intermediates.noindex/Pods.build/Debug-iphonesimulator/ExpoImage.build/InputFileList-46EB2E0001F380-ExpoImage-xcframeworks-input-files-f58b1a2e1c07b628a9a5db07d553ba0f-resolved.xcfilelist

WriteAuxiliaryFile /Users/karelbraborec/Library/Developer/Xcode/DerivedData/revmeter-hbcnswmlqmbpnlazhhkncgeowiss/Build/Intermediates.noindex/Pods.build/Debug-iphonesimulator/ExpoFont.build/Script-46EB2E0001F360.sh (in target 'ExpoFont' from project 'Pods')
    cd /Users/karelbraborec/rev-meter/ios/Pods
    write-file /Users/karelbraborec/Library/Developer/Xcode/DerivedData/revmeter-hbcnswmlqmbpnlazhhkncgeowiss/Build/Intermediates.noindex/Pods.build/Debug-iphonesimulator/ExpoFont.build/Script-46EB2E0001F360.sh

WriteAuxiliaryFile /Users/karelbraborec/Library/Developer/Xcode/DerivedData/revmeter-hbcnswmlqmbpnlazhhkncgeowiss/Build/Intermediates.noindex/Pods.build/Debug-iphonesimulator/ExpoFont.build/Script-46EB2E0001F370.sh (in target 'ExpoFont' from project 'Pods')
    cd /Users/karelbraborec/rev-meter/ios/Pods
    write-file /Users/karelbraborec/Library/Developer/Xcode/DerivedData/revmeter-hbcnswmlqmbpnlazhhkncgeowiss/Build/Intermediates.noindex/Pods.build/Debug-iphonesimulator/ExpoFont.build/Script-46EB2E0001F370.sh

WriteAuxiliaryFile /Users/karelbraborec/Library/Developer/Xcode/DerivedData/revmeter-hbcnswmlqmbpnlazhhkncgeowiss/Build/Intermediates.noindex/Pods.build/Debug-iphonesimulator/ExpoFont.build/Script-46EB2E0001F350.sh (in target 'ExpoFont' from project 'Pods')
    cd /Users/karelbraborec/rev-meter/ios/Pods
    write-file /Users/karelbraborec/Library/Developer/Xcode/DerivedData/revmeter-hbcnswmlqmbpnlazhhkncgeowiss/Build/Intermediates.noindex/Pods.build/Debug-iphonesimulator/ExpoFont.build/Script-46EB2E0001F350.sh

WriteAuxiliaryFile /Users/karelbraborec/Library/Developer/Xcode/DerivedData/revmeter-hbcnswmlqmbpnlazhhkncgeowiss/Build/Intermediates.noindex/Pods.build/Debug-iphonesimulator/ExpoFont.build/OutputFileList-46EB2E0001F350-ExpoFont-xcframeworks-output-files-3f84cad69a906b730c20482b32e82537-resolved.xcfilelist (in target 'ExpoFont' from project 'Pods')
    cd /Users/karelbraborec/rev-meter/ios/Pods
    write-file /Users/karelbraborec/Library/Developer/Xcode/DerivedData/revmeter-hbcnswmlqmbpnlazhhkncgeowiss/Build/Intermediates.noindex/Pods.build/Debug-iphonesimulator/ExpoFont.build/OutputFileList-46EB2E0001F350-ExpoFont-xcframeworks-output-files-3f84cad69a906b730c20482b32e82537-resolved.xcfilelist

WriteAuxiliaryFile /Users/karelbraborec/Library/Developer/Xcode/DerivedData/revmeter-hbcnswmlqmbpnlazhhkncgeowiss/Build/Intermediates.noindex/Pods.build/Debug-iphonesimulator/ExpoFont.build/InputFileList-46EB2E0001F350-ExpoFont-xcframeworks-input-files-0836b504b69877beb1f50a77fad5235b-resolved.xcfilelist (in target 'ExpoFont' from project 'Pods')
    cd /Users/karelbraborec/rev-meter/ios/Pods
    write-file /Users/karelbraborec/Library/Developer/Xcode/DerivedData/revmeter-hbcnswmlqmbpnlazhhkncgeowiss/Build/Intermediates.noindex/Pods.build/Debug-iphonesimulator/ExpoFont.build/InputFileList-46EB2E0001F350-ExpoFont-xcframeworks-input-files-0836b504b69877beb1f50a77fad5235b-resolved.xcfilelist

WriteAuxiliaryFile /Users/karelbraborec/Library/Developer/Xcode/DerivedData/revmeter-hbcnswmlqmbpnlazhhkncgeowiss/Build/Intermediates.noindex/Pods.build/Debug-iphonesimulator/ExpoFileSystem.build/Script-46EB2E0001F340.sh (in target 'ExpoFileSystem' from project 'Pods')
    cd /Users/karelbraborec/rev-meter/ios/Pods
    write-file /Users/karelbraborec/Library/Developer/Xcode/DerivedData/revmeter-hbcnswmlqmbpnlazhhkncgeowiss/Build/Intermediates.noindex/Pods.build/Debug-iphonesimulator/ExpoFileSystem.build/Script-46EB2E0001F340.sh

WriteAuxiliaryFile /Users/karelbraborec/Library/Developer/Xcode/DerivedData/revmeter-hbcnswmlqmbpnlazhhkncgeowiss/Build/Intermediates.noindex/Pods.build/Debug-iphonesimulator/ExpoFileSystem.build/Script-46EB2E0001F330.sh (in target 'ExpoFileSystem' from project 'Pods')
    cd /Users/karelbraborec/rev-meter/ios/Pods
    write-file /Users/karelbraborec/Library/Developer/Xcode/DerivedData/revmeter-hbcnswmlqmbpnlazhhkncgeowiss/Build/Intermediates.noindex/Pods.build/Debug-iphonesimulator/ExpoFileSystem.build/Script-46EB2E0001F330.sh

WriteAuxiliaryFile /Users/karelbraborec/Library/Developer/Xcode/DerivedData/revmeter-hbcnswmlqmbpnlazhhkncgeowiss/Build/Intermediates.noindex/Pods.build/Debug-iphonesimulator/ExpoFileSystem.build/Script-46EB2E0001F320.sh (in target 'ExpoFileSystem' from project 'Pods')
    cd /Users/karelbraborec/rev-meter/ios/Pods
    write-file /Users/karelbraborec/Library/Developer/Xcode/DerivedData/revmeter-hbcnswmlqmbpnlazhhkncgeowiss/Build/Intermediates.noindex/Pods.build/Debug-iphonesimulator/ExpoFileSystem.build/Script-46EB2E0001F320.sh

WriteAuxiliaryFile /Users/karelbraborec/Library/Developer/Xcode/DerivedData/revmeter-hbcnswmlqmbpnlazhhkncgeowiss/Build/Intermediates.noindex/Pods.build/Debug-iphonesimulator/ExpoFileSystem.build/OutputFileList-46EB2E0001F320-ExpoFileSystem-xcframeworks-output-files-b694364779012bd2153c3829a440842a-resolved.xcfilelist (in target 'ExpoFileSystem' from project 'Pods')
    cd /Users/karelbraborec/rev-meter/ios/Pods
    write-file /Users/karelbraborec/Library/Developer/Xcode/DerivedData/revmeter-hbcnswmlqmbpnlazhhkncgeowiss/Build/Intermediates.noindex/Pods.build/Debug-iphonesimulator/ExpoFileSystem.build/OutputFileList-46EB2E0001F320-ExpoFileSystem-xcframeworks-output-files-b694364779012bd2153c3829a440842a-resolved.xcfilelist

WriteAuxiliaryFile /Users/karelbraborec/Library/Developer/Xcode/DerivedData/revmeter-hbcnswmlqmbpnlazhhkncgeowiss/Build/Intermediates.noindex/Pods.build/Debug-iphonesimulator/ExpoFileSystem.build/InputFileList-46EB2E0001F320-ExpoFileSystem-xcframeworks-input-files-0d407ad2ddb43b11234bfe1bbd0ac8aa-resolved.xcfilelist (in target 'ExpoFileSystem' from project 'Pods')
    cd /Users/karelbraborec/rev-meter/ios/Pods
    write-file /Users/karelbraborec/Library/Developer/Xcode/DerivedData/revmeter-hbcnswmlqmbpnlazhhkncgeowiss/Build/Intermediates.noindex/Pods.build/Debug-iphonesimulator/ExpoFileSystem.build/InputFileList-46EB2E0001F320-ExpoFileSystem-xcframeworks-input-files-0d407ad2ddb43b11234bfe1bbd0ac8aa-resolved.xcfilelist

CreateBuildDirectory /Users/karelbraborec/Library/Developer/Xcode/DerivedData/revmeter-hbcnswmlqmbpnlazhhkncgeowiss/Build/Products/Debug-iphonesimulator/react-native-slider
    cd /Users/karelbraborec/rev-meter/ios
    builtin-create-build-directory /Users/karelbraborec/Library/Developer/Xcode/DerivedData/revmeter-hbcnswmlqmbpnlazhhkncgeowiss/Build/Products/Debug-iphonesimulator/react-native-slider

CreateBuildDirectory /Users/karelbraborec/Library/Developer/Xcode/DerivedData/revmeter-hbcnswmlqmbpnlazhhkncgeowiss/Build/Products/Debug-iphonesimulator/react-native-safe-area-context
    cd /Users/karelbraborec/rev-meter/ios
    builtin-create-build-directory /Users/karelbraborec/Library/Developer/Xcode/DerivedData/revmeter-hbcnswmlqmbpnlazhhkncgeowiss/Build/Products/Debug-iphonesimulator/react-native-safe-area-context

CreateBuildDirectory /Users/karelbraborec/Library/Developer/Xcode/DerivedData/revmeter-hbcnswmlqmbpnlazhhkncgeowiss/Build/Products/Debug-iphonesimulator/hermes-engine
    cd /Users/karelbraborec/rev-meter/ios
    builtin-create-build-directory /Users/karelbraborec/Library/Developer/Xcode/DerivedData/revmeter-hbcnswmlqmbpnlazhhkncgeowiss/Build/Products/Debug-iphonesimulator/hermes-engine

CreateBuildDirectory /Users/karelbraborec/Library/Developer/Xcode/DerivedData/revmeter-hbcnswmlqmbpnlazhhkncgeowiss/Build/Products/Debug-iphonesimulator/Yoga
    cd /Users/karelbraborec/rev-meter/ios
    builtin-create-build-directory /Users/karelbraborec/Library/Developer/Xcode/DerivedData/revmeter-hbcnswmlqmbpnlazhhkncgeowiss/Build/Products/Debug-iphonesimulator/Yoga

CreateBuildDirectory /Users/karelbraborec/Library/Developer/Xcode/DerivedData/revmeter-hbcnswmlqmbpnlazhhkncgeowiss/Build/Products/Debug-iphonesimulator/ReactNativeDependencies
    cd /Users/karelbraborec/rev-meter/ios
    builtin-create-build-directory /Users/karelbraborec/Library/Developer/Xcode/DerivedData/revmeter-hbcnswmlqmbpnlazhhkncgeowiss/Build/Products/Debug-iphonesimulator/ReactNativeDependencies

CreateBuildDirectory /Users/karelbraborec/Library/Developer/Xcode/DerivedData/revmeter-hbcnswmlqmbpnlazhhkncgeowiss/Build/Products/Debug-iphonesimulator/ReactCommon
    cd /Users/karelbraborec/rev-meter/ios
    builtin-create-build-directory /Users/karelbraborec/Library/Developer/Xcode/DerivedData/revmeter-hbcnswmlqmbpnlazhhkncgeowiss/Build/Products/Debug-iphonesimulator/ReactCommon

CreateBuildDirectory /Users/karelbraborec/Library/Developer/Xcode/DerivedData/revmeter-hbcnswmlqmbpnlazhhkncgeowiss/Build/Products/Debug-iphonesimulator/ReactCodegen
    cd /Users/karelbraborec/rev-meter/ios
    builtin-create-build-directory /Users/karelbraborec/Library/Developer/Xcode/DerivedData/revmeter-hbcnswmlqmbpnlazhhkncgeowiss/Build/Products/Debug-iphonesimulator/ReactCodegen

CreateBuildDirectory /Users/karelbraborec/Library/Developer/Xcode/DerivedData/revmeter-hbcnswmlqmbpnlazhhkncgeowiss/Build/Products/Debug-iphonesimulator/ReactAppDependencyProvider
    cd /Users/karelbraborec/rev-meter/ios
    builtin-create-build-directory /Users/karelbraborec/Library/Developer/Xcode/DerivedData/revmeter-hbcnswmlqmbpnlazhhkncgeowiss/Build/Products/Debug-iphonesimulator/ReactAppDependencyProvider

CreateBuildDirectory /Users/karelbraborec/Library/Developer/Xcode/DerivedData/revmeter-hbcnswmlqmbpnlazhhkncgeowiss/Build/Products/Debug-iphonesimulator/React-webperformancenativemodule
    cd /Users/karelbraborec/rev-meter/ios
    builtin-create-build-directory /Users/karelbraborec/Library/Developer/Xcode/DerivedData/revmeter-hbcnswmlqmbpnlazhhkncgeowiss/Build/Products/Debug-iphonesimulator/React-webperformancenativemodule

CreateBuildDirectory /Users/karelbraborec/Library/Developer/Xcode/DerivedData/revmeter-hbcnswmlqmbpnlazhhkncgeowiss/Build/Products/Debug-iphonesimulator/React-viewtransitionnativemodule
    cd /Users/karelbraborec/rev-meter/ios
    builtin-create-build-directory /Users/karelbraborec/Library/Developer/Xcode/DerivedData/revmeter-hbcnswmlqmbpnlazhhkncgeowiss/Build/Products/Debug-iphonesimulator/React-viewtransitionnativemodule

CreateBuildDirectory /Users/karelbraborec/Library/Developer/Xcode/DerivedData/revmeter-hbcnswmlqmbpnlazhhkncgeowiss/Build/Products/Debug-iphonesimulator/React-utils
    cd /Users/karelbraborec/rev-meter/ios
    builtin-create-build-directory /Users/karelbraborec/Library/Developer/Xcode/DerivedData/revmeter-hbcnswmlqmbpnlazhhkncgeowiss/Build/Products/Debug-iphonesimulator/React-utils

CreateBuildDirectory /Users/karelbraborec/Library/Developer/Xcode/DerivedData/revmeter-hbcnswmlqmbpnlazhhkncgeowiss/Build/Products/Debug-iphonesimulator/React-timing
    cd /Users/karelbraborec/rev-meter/ios
    builtin-create-build-directory /Users/karelbraborec/Library/Developer/Xcode/DerivedData/revmeter-hbcnswmlqmbpnlazhhkncgeowiss/Build/Products/Debug-iphonesimulator/React-timing

CreateBuildDirectory /Users/karelbraborec/Library/Developer/Xcode/DerivedData/revmeter-hbcnswmlqmbpnlazhhkncgeowiss/Build/Products/Debug-iphonesimulator/React-runtimescheduler
    cd /Users/karelbraborec/rev-meter/ios
    builtin-create-build-directory /Users/karelbraborec/Library/Developer/Xcode/DerivedData/revmeter-hbcnswmlqmbpnlazhhkncgeowiss/Build/Products/Debug-iphonesimulator/React-runtimescheduler

CreateBuildDirectory /Users/karelbraborec/Library/Developer/Xcode/DerivedData/revmeter-hbcnswmlqmbpnlazhhkncgeowiss/Build/Products/Debug-iphonesimulator/React-runtimeexecutor
    cd /Users/karelbraborec/rev-meter/ios
    builtin-create-build-directory /Users/karelbraborec/Library/Developer/Xcode/DerivedData/revmeter-hbcnswmlqmbpnlazhhkncgeowiss/Build/Products/Debug-iphonesimulator/React-runtimeexecutor

CreateBuildDirectory /Users/karelbraborec/Library/Developer/Xcode/DerivedData/revmeter-hbcnswmlqmbpnlazhhkncgeowiss/Build/Products/Debug-iphonesimulator/React-rendererdebug
    cd /Users/karelbraborec/rev-meter/ios
    builtin-create-build-directory /Users/karelbraborec/Library/Developer/Xcode/DerivedData/revmeter-hbcnswmlqmbpnlazhhkncgeowiss/Build/Products/Debug-iphonesimulator/React-rendererdebug

CreateBuildDirectory /Users/karelbraborec/Library/Developer/Xcode/DerivedData/revmeter-hbcnswmlqmbpnlazhhkncgeowiss/Build/Products/Debug-iphonesimulator/React-renderercss
    cd /Users/karelbraborec/rev-meter/ios
    builtin-create-build-directory /Users/karelbraborec/Library/Developer/Xcode/DerivedData/revmeter-hbcnswmlqmbpnlazhhkncgeowiss/Build/Products/Debug-iphonesimulator/React-renderercss

CreateBuildDirectory /Users/karelbraborec/Library/Developer/Xcode/DerivedData/revmeter-hbcnswmlqmbpnlazhhkncgeowiss/Build/Products/Debug-iphonesimulator/React-rendererconsistency
    cd /Users/karelbraborec/rev-meter/ios
    builtin-create-build-directory /Users/karelbraborec/Library/Developer/Xcode/DerivedData/revmeter-hbcnswmlqmbpnlazhhkncgeowiss/Build/Products/Debug-iphonesimulator/React-rendererconsistency

CreateBuildDirectory /Users/karelbraborec/Library/Developer/Xcode/DerivedData/revmeter-hbcnswmlqmbpnlazhhkncgeowiss/Build/Products/Debug-iphonesimulator/React-performancetimeline
    cd /Users/karelbraborec/rev-meter/ios
    builtin-create-build-directory /Users/karelbraborec/Library/Developer/Xcode/DerivedData/revmeter-hbcnswmlqmbpnlazhhkncgeowiss/Build/Products/Debug-iphonesimulator/React-performancetimeline

CreateBuildDirectory /Users/karelbraborec/Library/Developer/Xcode/DerivedData/revmeter-hbcnswmlqmbpnlazhhkncgeowiss/Build/Products/Debug-iphonesimulator/React-performancecdpmetrics
    cd /Users/karelbraborec/rev-meter/ios
    builtin-create-build-directory /Users/karelbraborec/Library/Developer/Xcode/DerivedData/revmeter-hbcnswmlqmbpnlazhhkncgeowiss/Build/Products/Debug-iphonesimulator/React-performancecdpmetrics

CreateBuildDirectory /Users/karelbraborec/Library/Developer/Xcode/DerivedData/revmeter-hbcnswmlqmbpnlazhhkncgeowiss/Build/Products/Debug-iphonesimulator/React-perflogger
    cd /Users/karelbraborec/rev-meter/ios
    builtin-create-build-directory /Users/karelbraborec/Library/Developer/Xcode/DerivedData/revmeter-hbcnswmlqmbpnlazhhkncgeowiss/Build/Products/Debug-iphonesimulator/React-perflogger

CreateBuildDirectory /Users/karelbraborec/Library/Developer/Xcode/DerivedData/revmeter-hbcnswmlqmbpnlazhhkncgeowiss/Build/Products/Debug-iphonesimulator/React-oscompat
    cd /Users/karelbraborec/rev-meter/ios
    builtin-create-build-directory /Users/karelbraborec/Library/Developer/Xcode/DerivedData/revmeter-hbcnswmlqmbpnlazhhkncgeowiss/Build/Products/Debug-iphonesimulator/React-oscompat

CreateBuildDirectory /Users/karelbraborec/Library/Developer/Xcode/DerivedData/revmeter-hbcnswmlqmbpnlazhhkncgeowiss/Build/Products/Debug-iphonesimulator/React-networking
    cd /Users/karelbraborec/rev-meter/ios
    builtin-create-build-directory /Users/karelbraborec/Library/Developer/Xcode/DerivedData/revmeter-hbcnswmlqmbpnlazhhkncgeowiss/Build/Products/Debug-iphonesimulator/React-networking

CreateBuildDirectory /Users/karelbraborec/Library/Developer/Xcode/DerivedData/revmeter-hbcnswmlqmbpnlazhhkncgeowiss/Build/Products/Debug-iphonesimulator/React-mutationobservernativemodule
    cd /Users/karelbraborec/rev-meter/ios
    builtin-create-build-directory /Users/karelbraborec/Library/Developer/Xcode/DerivedData/revmeter-hbcnswmlqmbpnlazhhkncgeowiss/Build/Products/Debug-iphonesimulator/React-mutationobservernativemodule

CreateBuildDirectory /Users/karelbraborec/Library/Developer/Xcode/DerivedData/revmeter-hbcnswmlqmbpnlazhhkncgeowiss/Build/Products/Debug-iphonesimulator/React-microtasksnativemodule
    cd /Users/karelbraborec/rev-meter/ios
    builtin-create-build-directory /Users/karelbraborec/Library/Developer/Xcode/DerivedData/revmeter-hbcnswmlqmbpnlazhhkncgeowiss/Build/Products/Debug-iphonesimulator/React-microtasksnativemodule

CreateBuildDirectory /Users/karelbraborec/Library/Developer/Xcode/DerivedData/revmeter-hbcnswmlqmbpnlazhhkncgeowiss/Build/Products/Debug-iphonesimulator/React-logger
    cd /Users/karelbraborec/rev-meter/ios
    builtin-create-build-directory /Users/karelbraborec/Library/Developer/Xcode/DerivedData/revmeter-hbcnswmlqmbpnlazhhkncgeowiss/Build/Products/Debug-iphonesimulator/React-logger

CreateBuildDirectory /Users/karelbraborec/Library/Developer/Xcode/DerivedData/revmeter-hbcnswmlqmbpnlazhhkncgeowiss/Build/Products/Debug-iphonesimulator/React-jsitracing
    cd /Users/karelbraborec/rev-meter/ios
    builtin-create-build-directory /Users/karelbraborec/Library/Developer/Xcode/DerivedData/revmeter-hbcnswmlqmbpnlazhhkncgeowiss/Build/Products/Debug-iphonesimulator/React-jsitracing

CreateBuildDirectory /Users/karelbraborec/Library/Developer/Xcode/DerivedData/revmeter-hbcnswmlqmbpnlazhhkncgeowiss/Build/Products/Debug-iphonesimulator/React-jsinspectortracing
    cd /Users/karelbraborec/rev-meter/ios
    builtin-create-build-directory /Users/karelbraborec/Library/Developer/Xcode/DerivedData/revmeter-hbcnswmlqmbpnlazhhkncgeowiss/Build/Products/Debug-iphonesimulator/React-jsinspectortracing

CreateBuildDirectory /Users/karelbraborec/Library/Developer/Xcode/DerivedData/revmeter-hbcnswmlqmbpnlazhhkncgeowiss/Build/Products/Debug-iphonesimulator/React-jsitooling
    cd /Users/karelbraborec/rev-meter/ios
    builtin-create-build-directory /Users/karelbraborec/Library/Developer/Xcode/DerivedData/revmeter-hbcnswmlqmbpnlazhhkncgeowiss/Build/Products/Debug-iphonesimulator/React-jsitooling

CreateBuildDirectory /Users/karelbraborec/Library/Developer/Xcode/DerivedData/revmeter-hbcnswmlqmbpnlazhhkncgeowiss/Build/Products/Debug-iphonesimulator/React-jsinspectorcdp
    cd /Users/karelbraborec/rev-meter/ios
    builtin-create-build-directory /Users/karelbraborec/Library/Developer/Xcode/DerivedData/revmeter-hbcnswmlqmbpnlazhhkncgeowiss/Build/Products/Debug-iphonesimulator/React-jsinspectorcdp

CreateBuildDirectory /Users/karelbraborec/Library/Developer/Xcode/DerivedData/revmeter-hbcnswmlqmbpnlazhhkncgeowiss/Build/Products/Debug-iphonesimulator/React-jsinspectornetwork
    cd /Users/karelbraborec/rev-meter/ios
    builtin-create-build-directory /Users/karelbraborec/Library/Developer/Xcode/DerivedData/revmeter-hbcnswmlqmbpnlazhhkncgeowiss/Build/Products/Debug-iphonesimulator/React-jsinspectornetwork

CreateBuildDirectory /Users/karelbraborec/Library/Developer/Xcode/DerivedData/revmeter-hbcnswmlqmbpnlazhhkncgeowiss/Build/Products/Debug-iphonesimulator/React-jsinspector
    cd /Users/karelbraborec/rev-meter/ios
    builtin-create-build-directory /Users/karelbraborec/Library/Developer/Xcode/DerivedData/revmeter-hbcnswmlqmbpnlazhhkncgeowiss/Build/Products/Debug-iphonesimulator/React-jsinspector

CreateBuildDirectory /Users/karelbraborec/Library/Developer/Xcode/DerivedData/revmeter-hbcnswmlqmbpnlazhhkncgeowiss/Build/Products/Debug-iphonesimulator/React-jserrorhandler
    cd /Users/karelbraborec/rev-meter/ios
    builtin-create-build-directory /Users/karelbraborec/Library/Developer/Xcode/DerivedData/revmeter-hbcnswmlqmbpnlazhhkncgeowiss/Build/Products/Debug-iphonesimulator/React-jserrorhandler

CreateBuildDirectory /Users/karelbraborec/Library/Developer/Xcode/DerivedData/revmeter-hbcnswmlqmbpnlazhhkncgeowiss/Build/Products/Debug-iphonesimulator/React-jsi
    cd /Users/karelbraborec/rev-meter/ios
    builtin-create-build-directory /Users/karelbraborec/Library/Developer/Xcode/DerivedData/revmeter-hbcnswmlqmbpnlazhhkncgeowiss/Build/Products/Debug-iphonesimulator/React-jsi

CreateBuildDirectory /Users/karelbraborec/Library/Developer/Xcode/DerivedData/revmeter-hbcnswmlqmbpnlazhhkncgeowiss/Build/Products/Debug-iphonesimulator/React-jsiexecutor
    cd /Users/karelbraborec/rev-meter/ios
    builtin-create-build-directory /Users/karelbraborec/Library/Developer/Xcode/DerivedData/revmeter-hbcnswmlqmbpnlazhhkncgeowiss/Build/Products/Debug-iphonesimulator/React-jsiexecutor

CreateBuildDirectory /Users/karelbraborec/Library/Developer/Xcode/DerivedData/revmeter-hbcnswmlqmbpnlazhhkncgeowiss/Build/Products/Debug-iphonesimulator/React-intersectionobservernativemodule
    cd /Users/karelbraborec/rev-meter/ios
    builtin-create-build-directory /Users/karelbraborec/Library/Developer/Xcode/DerivedData/revmeter-hbcnswmlqmbpnlazhhkncgeowiss/Build/Products/Debug-iphonesimulator/React-intersectionobservernativemodule

CreateBuildDirectory /Users/karelbraborec/Library/Developer/Xcode/DerivedData/revmeter-hbcnswmlqmbpnlazhhkncgeowiss/Build/Products/Debug-iphonesimulator/React-hermes
    cd /Users/karelbraborec/rev-meter/ios
    builtin-create-build-directory /Users/karelbraborec/Library/Developer/Xcode/DerivedData/revmeter-hbcnswmlqmbpnlazhhkncgeowiss/Build/Products/Debug-iphonesimulator/React-hermes

CreateBuildDirectory /Users/karelbraborec/Library/Developer/Xcode/DerivedData/revmeter-hbcnswmlqmbpnlazhhkncgeowiss/Build/Products/Debug-iphonesimulator/React-idlecallbacksnativemodule
    cd /Users/karelbraborec/rev-meter/ios
    builtin-create-build-directory /Users/karelbraborec/Library/Developer/Xcode/DerivedData/revmeter-hbcnswmlqmbpnlazhhkncgeowiss/Build/Products/Debug-iphonesimulator/React-idlecallbacksnativemodule

CreateBuildDirectory /Users/karelbraborec/Library/Developer/Xcode/DerivedData/revmeter-hbcnswmlqmbpnlazhhkncgeowiss/Build/Products/Debug-iphonesimulator/React-graphics
    cd /Users/karelbraborec/rev-meter/ios
    builtin-create-build-directory /Users/karelbraborec/Library/Developer/Xcode/DerivedData/revmeter-hbcnswmlqmbpnlazhhkncgeowiss/Build/Products/Debug-iphonesimulator/React-graphics

CreateBuildDirectory /Users/karelbraborec/Library/Developer/Xcode/DerivedData/revmeter-hbcnswmlqmbpnlazhhkncgeowiss/Build/Products/Debug-iphonesimulator/React-featureflagsnativemodule
    cd /Users/karelbraborec/rev-meter/ios
    builtin-create-build-directory /Users/karelbraborec/Library/Developer/Xcode/DerivedData/revmeter-hbcnswmlqmbpnlazhhkncgeowiss/Build/Products/Debug-iphonesimulator/React-featureflagsnativemodule

CreateBuildDirectory /Users/karelbraborec/Library/Developer/Xcode/DerivedData/revmeter-hbcnswmlqmbpnlazhhkncgeowiss/Build/Products/Debug-iphonesimulator/React-featureflags
    cd /Users/karelbraborec/rev-meter/ios
    builtin-create-build-directory /Users/karelbraborec/Library/Developer/Xcode/DerivedData/revmeter-hbcnswmlqmbpnlazhhkncgeowiss/Build/Products/Debug-iphonesimulator/React-featureflags

CreateBuildDirectory /Users/karelbraborec/Library/Developer/Xcode/DerivedData/revmeter-hbcnswmlqmbpnlazhhkncgeowiss/Build/Products/Debug-iphonesimulator/React-domnativemodule
    cd /Users/karelbraborec/rev-meter/ios
    builtin-create-build-directory /Users/karelbraborec/Library/Developer/Xcode/DerivedData/revmeter-hbcnswmlqmbpnlazhhkncgeowiss/Build/Products/Debug-iphonesimulator/React-domnativemodule

CreateBuildDirectory /Users/karelbraborec/Library/Developer/Xcode/DerivedData/revmeter-hbcnswmlqmbpnlazhhkncgeowiss/Build/Products/Debug-iphonesimulator/React-defaultsnativemodule
    cd /Users/karelbraborec/rev-meter/ios
    builtin-create-build-directory /Users/karelbraborec/Library/Developer/Xcode/DerivedData/revmeter-hbcnswmlqmbpnlazhhkncgeowiss/Build/Products/Debug-iphonesimulator/React-defaultsnativemodule

CreateBuildDirectory /Users/karelbraborec/Library/Developer/Xcode/DerivedData/revmeter-hbcnswmlqmbpnlazhhkncgeowiss/Build/Products/Debug-iphonesimulator/React-debug
    cd /Users/karelbraborec/rev-meter/ios
    builtin-create-build-directory /Users/karelbraborec/Library/Developer/Xcode/DerivedData/revmeter-hbcnswmlqmbpnlazhhkncgeowiss/Build/Products/Debug-iphonesimulator/React-debug

CreateBuildDirectory /Users/karelbraborec/Library/Developer/Xcode/DerivedData/revmeter-hbcnswmlqmbpnlazhhkncgeowiss/Build/Products/Debug-iphonesimulator/React-cxxreact
    cd /Users/karelbraborec/rev-meter/ios
    builtin-create-build-directory /Users/karelbraborec/Library/Developer/Xcode/DerivedData/revmeter-hbcnswmlqmbpnlazhhkncgeowiss/Build/Products/Debug-iphonesimulator/React-cxxreact

CreateBuildDirectory /Users/karelbraborec/Library/Developer/Xcode/DerivedData/revmeter-hbcnswmlqmbpnlazhhkncgeowiss/Build/Products/Debug-iphonesimulator/React-callinvoker
    cd /Users/karelbraborec/rev-meter/ios
    builtin-create-build-directory /Users/karelbraborec/Library/Developer/Xcode/DerivedData/revmeter-hbcnswmlqmbpnlazhhkncgeowiss/Build/Products/Debug-iphonesimulator/React-callinvoker

CreateBuildDirectory /Users/karelbraborec/Library/Developer/Xcode/DerivedData/revmeter-hbcnswmlqmbpnlazhhkncgeowiss/Build/Products/Debug-iphonesimulator/React-RuntimeHermes
    cd /Users/karelbraborec/rev-meter/ios
    builtin-create-build-directory /Users/karelbraborec/Library/Developer/Xcode/DerivedData/revmeter-hbcnswmlqmbpnlazhhkncgeowiss/Build/Products/Debug-iphonesimulator/React-RuntimeHermes

CreateBuildDirectory /Users/karelbraborec/Library/Developer/Xcode/DerivedData/revmeter-hbcnswmlqmbpnlazhhkncgeowiss/Build/Products/Debug-iphonesimulator/React-RuntimeCore
    cd /Users/karelbraborec/rev-meter/ios
    builtin-create-build-directory /Users/karelbraborec/Library/Developer/Xcode/DerivedData/revmeter-hbcnswmlqmbpnlazhhkncgeowiss/Build/Products/Debug-iphonesimulator/React-RuntimeCore

CreateBuildDirectory /Users/karelbraborec/Library/Developer/Xcode/DerivedData/revmeter-hbcnswmlqmbpnlazhhkncgeowiss/Build/Products/Debug-iphonesimulator/React-RuntimeApple
    cd /Users/karelbraborec/rev-meter/ios
    builtin-create-build-directory /Users/karelbraborec/Library/Developer/Xcode/DerivedData/revmeter-hbcnswmlqmbpnlazhhkncgeowiss/Build/Products/Debug-iphonesimulator/React-RuntimeApple

CreateBuildDirectory /Users/karelbraborec/Library/Developer/Xcode/DerivedData/revmeter-hbcnswmlqmbpnlazhhkncgeowiss/Build/Products/Debug-iphonesimulator/React-RCTVibration
    cd /Users/karelbraborec/rev-meter/ios
    builtin-create-build-directory /Users/karelbraborec/Library/Developer/Xcode/DerivedData/revmeter-hbcnswmlqmbpnlazhhkncgeowiss/Build/Products/Debug-iphonesimulator/React-RCTVibration

CreateBuildDirectory /Users/karelbraborec/Library/Developer/Xcode/DerivedData/revmeter-hbcnswmlqmbpnlazhhkncgeowiss/Build/Products/Debug-iphonesimulator/React-RCTText
    cd /Users/karelbraborec/rev-meter/ios
    builtin-create-build-directory /Users/karelbraborec/Library/Developer/Xcode/DerivedData/revmeter-hbcnswmlqmbpnlazhhkncgeowiss/Build/Products/Debug-iphonesimulator/React-RCTText

WriteAuxiliaryFile /Users/karelbraborec/Library/Developer/Xcode/DerivedData/revmeter-hbcnswmlqmbpnlazhhkncgeowiss/Build/Intermediates.noindex/revmeter.build/Debug-iphonesimulator/revmeter.build/revmeter.hmap (in target 'revmeter' from project 'revmeter')
    cd /Users/karelbraborec/rev-meter/ios
    write-file /Users/karelbraborec/Library/Developer/Xcode/DerivedData/revmeter-hbcnswmlqmbpnlazhhkncgeowiss/Build/Intermediates.noindex/revmeter.build/Debug-iphonesimulator/revmeter.build/revmeter.hmap

WriteAuxiliaryFile /Users/karelbraborec/Library/Developer/Xcode/DerivedData/revmeter-hbcnswmlqmbpnlazhhkncgeowiss/Build/Intermediates.noindex/revmeter.build/Debug-iphonesimulator/revmeter.build/revmeter.DependencyStaticMetadataFileList (in target 'revmeter' from project 'revmeter')
    cd /Users/karelbraborec/rev-meter/ios
    write-file /Users/karelbraborec/Library/Developer/Xcode/DerivedData/revmeter-hbcnswmlqmbpnlazhhkncgeowiss/Build/Intermediates.noindex/revmeter.build/Debug-iphonesimulator/revmeter.build/revmeter.DependencyStaticMetadataFileList

WriteAuxiliaryFile /Users/karelbraborec/Library/Developer/Xcode/DerivedData/revmeter-hbcnswmlqmbpnlazhhkncgeowiss/Build/Intermediates.noindex/revmeter.build/Debug-iphonesimulator/revmeter.build/revmeter.DependencyMetadataFileList (in target 'revmeter' from project 'revmeter')
    cd /Users/karelbraborec/rev-meter/ios
    write-file /Users/karelbraborec/Library/Developer/Xcode/DerivedData/revmeter-hbcnswmlqmbpnlazhhkncgeowiss/Build/Intermediates.noindex/revmeter.build/Debug-iphonesimulator/revmeter.build/revmeter.DependencyMetadataFileList

WriteAuxiliaryFile /Users/karelbraborec/Library/Developer/Xcode/DerivedData/revmeter-hbcnswmlqmbpnlazhhkncgeowiss/Build/Intermediates.noindex/revmeter.build/Debug-iphonesimulator/revmeter.build/revmeter-own-target-headers.hmap (in target 'revmeter' from project 'revmeter')
    cd /Users/karelbraborec/rev-meter/ios
    write-file /Users/karelbraborec/Library/Developer/Xcode/DerivedData/revmeter-hbcnswmlqmbpnlazhhkncgeowiss/Build/Intermediates.noindex/revmeter.build/Debug-iphonesimulator/revmeter.build/revmeter-own-target-headers.hmap

WriteAuxiliaryFile /Users/karelbraborec/Library/Developer/Xcode/DerivedData/revmeter-hbcnswmlqmbpnlazhhkncgeowiss/Build/Intermediates.noindex/revmeter.build/Debug-iphonesimulator/revmeter.build/revmeter-project-headers.hmap (in target 'revmeter' from project 'revmeter')
    cd /Users/karelbraborec/rev-meter/ios
    write-file /Users/karelbraborec/Library/Developer/Xcode/DerivedData/revmeter-hbcnswmlqmbpnlazhhkncgeowiss/Build/Intermediates.noindex/revmeter.build/Debug-iphonesimulator/revmeter.build/revmeter-project-headers.hmap

WriteAuxiliaryFile /Users/karelbraborec/Library/Developer/Xcode/DerivedData/revmeter-hbcnswmlqmbpnlazhhkncgeowiss/Build/Intermediates.noindex/revmeter.build/Debug-iphonesimulator/revmeter.build/revmeter-generated-files.hmap (in target 'revmeter' from project 'revmeter')
    cd /Users/karelbraborec/rev-meter/ios
    write-file /Users/karelbraborec/Library/Developer/Xcode/DerivedData/revmeter-hbcnswmlqmbpnlazhhkncgeowiss/Build/Intermediates.noindex/revmeter.build/Debug-iphonesimulator/revmeter.build/revmeter-generated-files.hmap

WriteAuxiliaryFile /Users/karelbraborec/Library/Developer/Xcode/DerivedData/revmeter-hbcnswmlqmbpnlazhhkncgeowiss/Build/Intermediates.noindex/revmeter.build/Debug-iphonesimulator/revmeter.build/revmeter-all-target-headers.hmap (in target 'revmeter' from project 'revmeter')
    cd /Users/karelbraborec/rev-meter/ios
    write-file /Users/karelbraborec/Library/Developer/Xcode/DerivedData/revmeter-hbcnswmlqmbpnlazhhkncgeowiss/Build/Intermediates.noindex/revmeter.build/Debug-iphonesimulator/revmeter.build/revmeter-all-target-headers.hmap

WriteAuxiliaryFile /Users/karelbraborec/Library/Developer/Xcode/DerivedData/revmeter-hbcnswmlqmbpnlazhhkncgeowiss/Build/Intermediates.noindex/revmeter.build/Debug-iphonesimulator/revmeter.build/revmeter-all-non-framework-target-headers.hmap (in target 'revmeter' from project 'revmeter')
    cd /Users/karelbraborec/rev-meter/ios
    write-file /Users/karelbraborec/Library/Developer/Xcode/DerivedData/revmeter-hbcnswmlqmbpnlazhhkncgeowiss/Build/Intermediates.noindex/revmeter.build/Debug-iphonesimulator/revmeter.build/revmeter-all-non-framework-target-headers.hmap

WriteAuxiliaryFile /Users/karelbraborec/Library/Developer/Xcode/DerivedData/revmeter-hbcnswmlqmbpnlazhhkncgeowiss/Build/Intermediates.noindex/revmeter.build/Debug-iphonesimulator/revmeter.build/revmeter-DebugDylibPath-normal-x86_64.txt (in target 'revmeter' from project 'revmeter')
    cd /Users/karelbraborec/rev-meter/ios
    write-file /Users/karelbraborec/Library/Developer/Xcode/DerivedData/revmeter-hbcnswmlqmbpnlazhhkncgeowiss/Build/Intermediates.noindex/revmeter.build/Debug-iphonesimulator/revmeter.build/revmeter-DebugDylibPath-normal-x86_64.txt

WriteAuxiliaryFile /Users/karelbraborec/Library/Developer/Xcode/DerivedData/revmeter-hbcnswmlqmbpnlazhhkncgeowiss/Build/Intermediates.noindex/revmeter.build/Debug-iphonesimulator/revmeter.build/revmeter-DebugDylibPath-normal-arm64.txt (in target 'revmeter' from project 'revmeter')
    cd /Users/karelbraborec/rev-meter/ios
    write-file /Users/karelbraborec/Library/Developer/Xcode/DerivedData/revmeter-hbcnswmlqmbpnlazhhkncgeowiss/Build/Intermediates.noindex/revmeter.build/Debug-iphonesimulator/revmeter.build/revmeter-DebugDylibPath-normal-arm64.txt

WriteAuxiliaryFile /Users/karelbraborec/Library/Developer/Xcode/DerivedData/revmeter-hbcnswmlqmbpnlazhhkncgeowiss/Build/Intermediates.noindex/revmeter.build/Debug-iphonesimulator/revmeter.build/revmeter-DebugDylibInstallName-normal-x86_64.txt (in target 'revmeter' from project 'revmeter')
    cd /Users/karelbraborec/rev-meter/ios
    write-file /Users/karelbraborec/Library/Developer/Xcode/DerivedData/revmeter-hbcnswmlqmbpnlazhhkncgeowiss/Build/Intermediates.noindex/revmeter.build/Debug-iphonesimulator/revmeter.build/revmeter-DebugDylibInstallName-normal-x86_64.txt

WriteAuxiliaryFile /Users/karelbraborec/Library/Developer/Xcode/DerivedData/revmeter-hbcnswmlqmbpnlazhhkncgeowiss/Build/Intermediates.noindex/revmeter.build/Debug-iphonesimulator/revmeter.build/revmeter-DebugDylibInstallName-normal-arm64.txt (in target 'revmeter' from project 'revmeter')
    cd /Users/karelbraborec/rev-meter/ios
    write-file /Users/karelbraborec/Library/Developer/Xcode/DerivedData/revmeter-hbcnswmlqmbpnlazhhkncgeowiss/Build/Intermediates.noindex/revmeter.build/Debug-iphonesimulator/revmeter.build/revmeter-DebugDylibInstallName-normal-arm64.txt

WriteAuxiliaryFile /Users/karelbraborec/Library/Developer/Xcode/DerivedData/revmeter-hbcnswmlqmbpnlazhhkncgeowiss/Build/Intermediates.noindex/revmeter.build/Debug-iphonesimulator/revmeter.build/Script-B472AB52DAA25115FCA1C288.sh (in target 'revmeter' from project 'revmeter')
    cd /Users/karelbraborec/rev-meter/ios
    write-file /Users/karelbraborec/Library/Developer/Xcode/DerivedData/revmeter-hbcnswmlqmbpnlazhhkncgeowiss/Build/Intermediates.noindex/revmeter.build/Debug-iphonesimulator/revmeter.build/Script-B472AB52DAA25115FCA1C288.sh

WriteAuxiliaryFile /Users/karelbraborec/Library/Developer/Xcode/DerivedData/revmeter-hbcnswmlqmbpnlazhhkncgeowiss/Build/Intermediates.noindex/revmeter.build/Debug-iphonesimulator/revmeter.build/Script-800E24972A6A228C8D4807E9.sh (in target 'revmeter' from project 'revmeter')
    cd /Users/karelbraborec/rev-meter/ios
    write-file /Users/karelbraborec/Library/Developer/Xcode/DerivedData/revmeter-hbcnswmlqmbpnlazhhkncgeowiss/Build/Intermediates.noindex/revmeter.build/Debug-iphonesimulator/revmeter.build/Script-800E24972A6A228C8D4807E9.sh

WriteAuxiliaryFile /Users/karelbraborec/Library/Developer/Xcode/DerivedData/revmeter-hbcnswmlqmbpnlazhhkncgeowiss/Build/Intermediates.noindex/revmeter.build/Debug-iphonesimulator/revmeter.build/Script-2A2B3C7DD52BDFCB376DF63E.sh (in target 'revmeter' from project 'revmeter')
    cd /Users/karelbraborec/rev-meter/ios
    write-file /Users/karelbraborec/Library/Developer/Xcode/DerivedData/revmeter-hbcnswmlqmbpnlazhhkncgeowiss/Build/Intermediates.noindex/revmeter.build/Debug-iphonesimulator/revmeter.build/Script-2A2B3C7DD52BDFCB376DF63E.sh

WriteAuxiliaryFile /Users/karelbraborec/Library/Developer/Xcode/DerivedData/revmeter-hbcnswmlqmbpnlazhhkncgeowiss/Build/Intermediates.noindex/revmeter.build/Debug-iphonesimulator/revmeter.build/Script-08A4A3CD28434E44B6B9DE2E.sh (in target 'revmeter' from project 'revmeter')
    cd /Users/karelbraborec/rev-meter/ios
    write-file /Users/karelbraborec/Library/Developer/Xcode/DerivedData/revmeter-hbcnswmlqmbpnlazhhkncgeowiss/Build/Intermediates.noindex/revmeter.build/Debug-iphonesimulator/revmeter.build/Script-08A4A3CD28434E44B6B9DE2E.sh

WriteAuxiliaryFile /Users/karelbraborec/Library/Developer/Xcode/DerivedData/revmeter-hbcnswmlqmbpnlazhhkncgeowiss/Build/Intermediates.noindex/revmeter.build/Debug-iphonesimulator/revmeter.build/Script-00DD1BFF1BD5951E006B06BC.sh (in target 'revmeter' from project 'revmeter')
    cd /Users/karelbraborec/rev-meter/ios
    write-file /Users/karelbraborec/Library/Developer/Xcode/DerivedData/revmeter-hbcnswmlqmbpnlazhhkncgeowiss/Build/Intermediates.noindex/revmeter.build/Debug-iphonesimulator/revmeter.build/Script-00DD1BFF1BD5951E006B06BC.sh

WriteAuxiliaryFile /Users/karelbraborec/Library/Developer/Xcode/DerivedData/revmeter-hbcnswmlqmbpnlazhhkncgeowiss/Build/Intermediates.noindex/revmeter.build/Debug-iphonesimulator/revmeter.build/Objects-normal/x86_64/revmeter_const_extract_protocols.json (in target 'revmeter' from project 'revmeter')
    cd /Users/karelbraborec/rev-meter/ios
    write-file /Users/karelbraborec/Library/Developer/Xcode/DerivedData/revmeter-hbcnswmlqmbpnlazhhkncgeowiss/Build/Intermediates.noindex/revmeter.build/Debug-iphonesimulator/revmeter.build/Objects-normal/x86_64/revmeter_const_extract_protocols.json

WriteAuxiliaryFile /Users/karelbraborec/Library/Developer/Xcode/DerivedData/revmeter-hbcnswmlqmbpnlazhhkncgeowiss/Build/Intermediates.noindex/revmeter.build/Debug-iphonesimulator/revmeter.build/Objects-normal/x86_64/revmeter.SwiftFileList (in target 'revmeter' from project 'revmeter')
    cd /Users/karelbraborec/rev-meter/ios
    write-file /Users/karelbraborec/Library/Developer/Xcode/DerivedData/revmeter-hbcnswmlqmbpnlazhhkncgeowiss/Build/Intermediates.noindex/revmeter.build/Debug-iphonesimulator/revmeter.build/Objects-normal/x86_64/revmeter.SwiftFileList

WriteAuxiliaryFile /Users/karelbraborec/Library/Developer/Xcode/DerivedData/revmeter-hbcnswmlqmbpnlazhhkncgeowiss/Build/Intermediates.noindex/revmeter.build/Debug-iphonesimulator/revmeter.build/Objects-normal/x86_64/revmeter.SwiftConstValuesFileList (in target 'revmeter' from project 'revmeter')
    cd /Users/karelbraborec/rev-meter/ios
    write-file /Users/karelbraborec/Library/Developer/Xcode/DerivedData/revmeter-hbcnswmlqmbpnlazhhkncgeowiss/Build/Intermediates.noindex/revmeter.build/Debug-iphonesimulator/revmeter.build/Objects-normal/x86_64/revmeter.SwiftConstValuesFileList

WriteAuxiliaryFile /Users/karelbraborec/Library/Developer/Xcode/DerivedData/revmeter-hbcnswmlqmbpnlazhhkncgeowiss/Build/Intermediates.noindex/revmeter.build/Debug-iphonesimulator/revmeter.build/Objects-normal/x86_64/revmeter.LinkFileList (in target 'revmeter' from project 'revmeter')
    cd /Users/karelbraborec/rev-meter/ios
    write-file /Users/karelbraborec/Library/Developer/Xcode/DerivedData/revmeter-hbcnswmlqmbpnlazhhkncgeowiss/Build/Intermediates.noindex/revmeter.build/Debug-iphonesimulator/revmeter.build/Objects-normal/x86_64/revmeter.LinkFileList

WriteAuxiliaryFile /Users/karelbraborec/Library/Developer/Xcode/DerivedData/revmeter-hbcnswmlqmbpnlazhhkncgeowiss/Build/Intermediates.noindex/revmeter.build/Debug-iphonesimulator/revmeter.build/Objects-normal/x86_64/revmeter-OutputFileMap.json (in target 'revmeter' from project 'revmeter')
    cd /Users/karelbraborec/rev-meter/ios
    write-file /Users/karelbraborec/Library/Developer/Xcode/DerivedData/revmeter-hbcnswmlqmbpnlazhhkncgeowiss/Build/Intermediates.noindex/revmeter.build/Debug-iphonesimulator/revmeter.build/Objects-normal/x86_64/revmeter-OutputFileMap.json

WriteAuxiliaryFile /Users/karelbraborec/Library/Developer/Xcode/DerivedData/revmeter-hbcnswmlqmbpnlazhhkncgeowiss/Build/Intermediates.noindex/revmeter.build/Debug-iphonesimulator/revmeter.build/Objects-normal/x86_64/7187679823f38a2a940e0043cdf9d637-common-args.resp (in target 'revmeter' from project 'revmeter')
    cd /Users/karelbraborec/rev-meter/ios
    write-file /Users/karelbraborec/Library/Developer/Xcode/DerivedData/revmeter-hbcnswmlqmbpnlazhhkncgeowiss/Build/Intermediates.noindex/revmeter.build/Debug-iphonesimulator/revmeter.build/Objects-normal/x86_64/7187679823f38a2a940e0043cdf9d637-common-args.resp
'-std=gnu99' -fmodules -gmodules '-fmodules-cache-path=/Users/karelbraborec/Library/Developer/Xcode/DerivedData/ModuleCache.noindex' -fpascal-strings -O0 -fno-common '-DDEBUG=1' '-DCOCOAPODS=1' '-DFB_SONARKIT_ENABLED=1' -fasm-blocks -g -iquote /Users/karelbraborec/Library/Developer/Xcode/DerivedData/revmeter-hbcnswmlqmbpnlazhhkncgeowiss/Build/Intermediates.noindex/revmeter.build/Debug-iphonesimulator/revmeter.build/revmeter-generated-files.hmap -I/Users/karelbraborec/Library/Developer/Xcode/DerivedData/revmeter-hbcnswmlqmbpnlazhhkncgeowiss/Build/Intermediates.noindex/revmeter.build/Debug-iphonesimulator/revmeter.build/revmeter-own-target-headers.hmap -I/Users/karelbraborec/Library/Developer/Xcode/DerivedData/revmeter-hbcnswmlqmbpnlazhhkncgeowiss/Build/Intermediates.noindex/revmeter.build/Debug-iphonesimulator/revmeter.build/revmeter-all-non-framework-target-headers.hmap -ivfsoverlay /Users/karelbraborec/Library/Developer/Xcode/DerivedData/revmeter-hbcnswmlqmbpnlazhhkncgeowiss/Build/Intermediates.noindex/revmeter.build/Debug-iphonesimulator/revmeter-28a2985fa85c7eef0a83728d1cdefc6d-VFS-iphonesimulator/all-product-headers.yaml -iquote /Users/karelbraborec/Library/Developer/Xcode/DerivedData/revmeter-hbcnswmlqmbpnlazhhkncgeowiss/Build/Intermediates.noindex/revmeter.build/Debug-iphonesimulator/revmeter.build/revmeter-project-headers.hmap -I/Users/karelbraborec/Library/Developer/Xcode/DerivedData/revmeter-hbcnswmlqmbpnlazhhkncgeowiss/Build/Products/Debug-iphonesimulator/include -I/Users/karelbraborec/rev-meter/ios/Pods/Headers/Public -I/Users/karelbraborec/rev-meter/ios/Pods/Headers/Public/EXAV -I/Users/karelbraborec/rev-meter/ios/Pods/Headers/Public/EXConstants -I/Users/karelbraborec/rev-meter/ios/Pods/Headers/Public/Expo -I/Users/karelbraborec/rev-meter/ios/Pods/Headers/Public/ExpoModulesWorkletsAdapter -I/Users/karelbraborec/rev-meter/ios/Pods/Headers/Public/ExpoUI -I/Users/karelbraborec/rev-meter/ios/Pods/Headers/Public/FBLazyVector -I/Users/karelbraborec/rev-meter/ios/Pods/Headers/Public/RCTDeprecation -I/Users/karelbraborec/rev-meter/ios/Pods/Headers/Public/RCTRequired -I/Users/karelbraborec/rev-meter/ios/Pods/Headers/Public/RCTSwiftUIWrapper -I/Users/karelbraborec/rev-meter/ios/Pods/Headers/Public/RCTTypeSafety -I/Users/karelbraborec/rev-meter/ios/Pods/Headers/Public/RNCMaskedView -I/Users/karelbraborec/rev-meter/ios/Pods/Headers/Public/RNGestureHandler -I/Users/karelbraborec/rev-meter/ios/Pods/Headers/Public/RNReanimated -I/Users/karelbraborec/rev-meter/ios/Pods/Headers/Public/RNScreens -I/Users/karelbraborec/rev-meter/ios/Pods/Headers/Public/RNWorklets -I/Users/karelbraborec/rev-meter/ios/Pods/Headers/Public/React-Core -I/Users/karelbraborec/rev-meter/ios/Pods/Headers/Public/React-Core-prebuilt -I/Users/karelbraborec/rev-meter/ios/Pods/Headers/Public/React-CoreModules -I/Users/karelbraborec/rev-meter/ios/Pods/Headers/Public/React-Fabric -I/Users/karelbraborec/rev-meter/ios/Pods/Headers/Public/React-FabricComponents -I/Users/karelbraborec/rev-meter/ios/Pods/Headers/Public/React-FabricImage -I/Users/karelbraborec/rev-meter/ios/Pods/Headers/Public/React-ImageManager -I/Users/karelbraborec/rev-meter/ios/Pods/Headers/Public/React-Mapbuffer -I/Users/karelbraborec/rev-meter/ios/Pods/Headers/Public/React-NativeModulesApple -I/Users/karelbraborec/rev-meter/ios/Pods/Headers/Public/React-RCTAnimation -I/Users/karelbraborec/rev-meter/ios/Pods/Headers/Public/React-RCTAppDelegate -I/Users/karelbraborec/rev-meter/ios/Pods/Headers/Public/React-RCTBlob -I/Users/karelbraborec/rev-meter/ios/Pods/Headers/Public/React-RCTFBReactNativeSpec -I/Users/karelbraborec/rev-meter/ios/Pods/Headers/Public/React-RCTFabric -I/Users/karelbraborec/rev-meter/ios/Pods/Headers/Public/React-RCTImage -I/Users/karelbraborec/rev-meter/ios/Pods/Headers/Public/React-RCTRuntime -I/Users/karelbraborec/rev-meter/ios/Pods/Headers/Public/React-RCTSettings -I/Users/karelbraborec/rev-meter/ios/Pods/Headers/Public/React-RCTText -I/Users/karelbraborec/rev-meter/ios/Pods/Headers/Public/React-RCTVibration -I/Users/karelbraborec/rev-meter/ios/Pods/Headers/Public/React-RuntimeApple -I/Users/karelbraborec/rev-meter/ios/Pods/Headers/Public/React-RuntimeCore -I/Users/karelbraborec/rev-meter/ios/Pods/Headers/Public/React-RuntimeHermes -I/Users/karelbraborec/rev-meter/ios/Pods/Headers/Public/React-callinvoker -I/Users/karelbraborec/rev-meter/ios/Pods/Headers/Public/React-cxxreact -I/Users/karelbraborec/rev-meter/ios/Pods/Headers/Public/React-debug -I/Users/karelbraborec/rev-meter/ios/Pods/Headers/Public/React-defaultsnativemodule -I/Users/karelbraborec/rev-meter/ios/Pods/Headers/Public/React-domnativemodule -I/Users/karelbraborec/rev-meter/ios/Pods/Headers/Public/React-featureflags -I/Users/karelbraborec/rev-meter/ios/Pods/Headers/Public/React-featureflagsnativemodule -I/Users/karelbraborec/rev-meter/ios/Pods/Headers/Public/React-graphics -I/Users/karelbraborec/rev-meter/ios/Pods/Headers/Public/React-hermes -I/Users/karelbraborec/rev-meter/ios/Pods/Headers/Public/React-idlecallbacksnativemodule -I/Users/karelbraborec/rev-meter/ios/Pods/Headers/Public/React-intersectionobservernativemodule -I/Users/karelbraborec/rev-meter/ios/Pods/Headers/Public/React-jserrorhandler -I/Users/karelbraborec/rev-meter/ios/Pods/Headers/Public/React-jsi -I/Users/karelbraborec/rev-meter/ios/Pods/Headers/Public/React-jsiexecutor -I/Users/karelbraborec/rev-meter/ios/Pods/Headers/Public/React-jsinspector -I/Users/karelbraborec/rev-meter/ios/Pods/Headers/Public/React-jsinspectorcdp -I/Users/karelbraborec/rev-meter/ios/Pods/Headers/Public/React-jsinspectornetwork -I/Users/karelbraborec/rev-meter/ios/Pods/Headers/Public/React-jsinspectortracing -I/Users/karelbraborec/rev-meter/ios/Pods/Headers/Public/React-jsitooling -I/Users/karelbraborec/rev-meter/ios/Pods/Headers/Public/React-logger -I/Users/karelbraborec/rev-meter/ios/Pods/Headers/Public/React-microtasksnativemodule -I/Users/karelbraborec/rev-meter/ios/Pods/Headers/Public/React-mutationobservernativemodule -I/Users/karelbraborec/rev-meter/ios/Pods/Headers/Public/React-networking -I/Users/karelbraborec/rev-meter/ios/Pods/Headers/Public/React-oscompat -I/Users/karelbraborec/rev-meter/ios/Pods/Headers/Public/React-perflogger -I/Users/karelbraborec/rev-meter/ios/Pods/Headers/Public/React-performancecdpmetrics -I/Users/karelbraborec/rev-meter/ios/Pods/Headers/Public/React-performancetimeline -I/Users/karelbraborec/rev-meter/ios/Pods/Headers/Public/React-rendererconsistency -I/Users/karelbraborec/rev-meter/ios/Pods/Headers/Public/React-renderercss -I/Users/karelbraborec/rev-meter/ios/Pods/Headers/Public/React-rendererdebug -I/Users/karelbraborec/rev-meter/ios/Pods/Headers/Public/React-runtimeexecutor -I/Users/karelbraborec/rev-meter/ios/Pods/Headers/Public/React-runtimescheduler -I/Users/karelbraborec/rev-meter/ios/Pods/Headers/Public/React-timing -I/Users/karelbraborec/rev-meter/ios/Pods/Headers/Public/React-utils -I/Users/karelbraborec/rev-meter/ios/Pods/Headers/Public/React-viewtransitionnativemodule -I/Users/karelbraborec/rev-meter/ios/Pods/Headers/Public/React-webperformancenativemodule -I/Users/karelbraborec/rev-meter/ios/Pods/Headers/Public/ReactAppDependencyProvider -I/Users/karelbraborec/rev-meter/ios/Pods/Headers/Public/ReactCodegen -I/Users/karelbraborec/rev-meter/ios/Pods/Headers/Public/ReactCommon -I/Users/karelbraborec/rev-meter/ios/Pods/Headers/Public/ReactNativeDependencies -I/Users/karelbraborec/rev-meter/ios/Pods/Headers/Public/Yoga -I/Users/karelbraborec/rev-meter/ios/Pods/Headers/Public/hermes-engine -I/Users/karelbraborec/rev-meter/ios/Pods/Headers/Public/react-native-safe-area-context -I/Users/karelbraborec/rev-meter/ios/Pods/Headers/Public/react-native-slider '-I/Users/karelbraborec/Library/Developer/Xcode/DerivedData/revmeter-hbcnswmlqmbpnlazhhkncgeowiss/Build/Products/Debug-iphonesimulator/Expo/Swift Compatibility Header' -I/Users/karelbraborec/rev-meter/ios/Pods/Headers/Private/Yoga '-I/Users/karelbraborec/Library/Developer/Xcode/DerivedData/revmeter-hbcnswmlqmbpnlazhhkncgeowiss/Build/Products/Debug-iphonesimulator/ExpoModulesCore/Swift Compatibility Header' -I/Users/karelbraborec/rev-meter/ios/Pods/Headers/Private/Yoga -I/Users/karelbraborec/rev-meter/ios/Pods/boost -I/Users/karelbraborec/rev-meter/ios/Pods/boost-for-react-native -I/Users/karelbraborec/rev-meter/ios/Pods/glog -I/Users/karelbraborec/rev-meter/ios/Pods/RCT-Folly -I/Users/karelbraborec/rev-meter/ios/Pods/Headers/Public/React-hermes -I/Users/karelbraborec/rev-meter/ios/Pods/Headers/Public/hermes-engine -I/Users/karelbraborec/rev-meter/ios/Pods/Headers/Public/RNWorklets -I/Users/karelbraborec/rev-meter/node_modules/react-native/ReactCommon -I/Users/karelbraborec/rev-meter/node_modules/react-native/ReactCommon/jsitooling -I/Users/karelbraborec/rev-meter/ios/Pods/boost -I/Users/karelbraborec/rev-meter/ios/Pods/boost-for-react-native -I/Users/karelbraborec/rev-meter/ios/Pods/glog -I/Users/karelbraborec/rev-meter/ios/Pods/RCT-Folly -I/Users/karelbraborec/rev-meter/ios/Pods/Headers/Public/React-hermes -I/Users/karelbraborec/rev-meter/ios/Pods/Headers/Public/hermes-engine -I/Users/karelbraborec/rev-meter/node_modules/react-native/ReactCommon -I/Users/karelbraborec/rev-meter/node_modules/react-native/ReactCommon/jsitooling -I/Users/karelbraborec/rev-meter/ios/Pods/Headers/Private/React-Core -I/Users/karelbraborec/rev-meter/ios/Pods/Headers/Private/React-Core -I/Users/karelbraborec/rev-meter/ios/Pods/Headers/Private/Yoga -I/Users/karelbraborec/rev-meter/ios/Pods/ExpoModulesCore/ExpoModulesCore.xcframework/ios-arm64_x86_64-simulator/ExpoModulesCore.framework/Headers -I/Users/karelbraborec/rev-meter/ios/Pods/ExpoModulesCore/ExpoModulesCore.xcframework/ios-arm64/ExpoModulesCore.framework/Headers -I/Users/karelbraborec/Library/Developer/Xcode/DerivedData/revmeter-hbcnswmlqmbpnlazhhkncgeowiss/Build/Intermediates.noindex/revmeter.build/Debug-iphonesimulator/revmeter.build/DerivedSources-normal/x86_64 -I/Users/karelbraborec/Library/Developer/Xcode/DerivedData/revmeter-hbcnswmlqmbpnlazhhkncgeowiss/Build/Intermediates.noindex/revmeter.build/Debug-iphonesimulator/revmeter.build/DerivedSources/x86_64 -I/Users/karelbraborec/Library/Developer/Xcode/DerivedData/revmeter-hbcnswmlqmbpnlazhhkncgeowiss/Build/Intermediates.noindex/revmeter.build/Debug-iphonesimulator/revmeter.build/DerivedSources -F/Users/karelbraborec/Library/Developer/Xcode/DerivedData/revmeter-hbcnswmlqmbpnlazhhkncgeowiss/Build/Products/Debug-iphonesimulator -F/Users/karelbraborec/rev-meter/node_modules/expo-modules-jsi/apple/Products -F/Users/karelbraborec/rev-meter/ios/Pods/ExpoFileSystem -F/Users/karelbraborec/rev-meter/ios/Pods/ExpoFont -F/Users/karelbraborec/rev-meter/ios/Pods/ExpoImage -F/Users/karelbraborec/rev-meter/ios/Pods/ExpoModulesCore -F/Users/karelbraborec/rev-meter/ios/Pods/ExpoModulesWorklets -F/Users/karelbraborec/rev-meter/ios/Pods/React-Core-prebuilt -F/Users/karelbraborec/rev-meter/ios/Pods/ReactNativeDependencies/framework/packages/react-native -F/Users/karelbraborec/rev-meter/ios/Pods/hermes-engine/destroot/Library/Frameworks/universal -F/Users/karelbraborec/Library/Developer/Xcode/DerivedData/revmeter-hbcnswmlqmbpnlazhhkncgeowiss/Build/Products/Debug-iphonesimulator/XCFrameworkIntermediates/ExpoFileSystem -F/Users/karelbraborec/Library/Developer/Xcode/DerivedData/revmeter-hbcnswmlqmbpnlazhhkncgeowiss/Build/Products/Debug-iphonesimulator/XCFrameworkIntermediates/ExpoFont -F/Users/karelbraborec/Library/Developer/Xcode/DerivedData/revmeter-hbcnswmlqmbpnlazhhkncgeowiss/Build/Products/Debug-iphonesimulator/XCFrameworkIntermediates/ExpoImage -F/Users/karelbraborec/Library/Developer/Xcode/DerivedData/revmeter-hbcnswmlqmbpnlazhhkncgeowiss/Build/Products/Debug-iphonesimulator/XCFrameworkIntermediates/ExpoModulesCore -F/Users/karelbraborec/Library/Developer/Xcode/DerivedData/revmeter-hbcnswmlqmbpnlazhhkncgeowiss/Build/Products/Debug-iphonesimulator/XCFrameworkIntermediates/ExpoModulesJSI -F/Users/karelbraborec/Library/Developer/Xcode/DerivedData/revmeter-hbcnswmlqmbpnlazhhkncgeowiss/Build/Products/Debug-iphonesimulator/XCFrameworkIntermediates/ExpoModulesWorklets -F/Users/karelbraborec/Library/Developer/Xcode/DerivedData/revmeter-hbcnswmlqmbpnlazhhkncgeowiss/Build/Products/Debug-iphonesimulator/XCFrameworkIntermediates/React-Core-prebuilt -F/Users/karelbraborec/Library/Developer/Xcode/DerivedData/revmeter-hbcnswmlqmbpnlazhhkncgeowiss/Build/Products/Debug-iphonesimulator/XCFrameworkIntermediates/ReactNativeDependencies -F/Users/karelbraborec/Library/Developer/Xcode/DerivedData/revmeter-hbcnswmlqmbpnlazhhkncgeowiss/Build/Products/Debug-iphonesimulator/XCFrameworkIntermediates/hermes-engine/Pre-built '-DRCT_REMOVE_LEGACY_ARCH=1' '-fmodule-map-file=/Users/karelbraborec/Library/Developer/Xcode/DerivedData/revmeter-hbcnswmlqmbpnlazhhkncgeowiss/Build/Products/Debug-iphonesimulator/EXAV/EXAV.modulemap' '-fmodule-map-file=/Users/karelbraborec/Library/Developer/Xcode/DerivedData/revmeter-hbcnswmlqmbpnlazhhkncgeowiss/Build/Products/Debug-iphonesimulator/EXConstants/EXConstants.modulemap' '-fmodule-map-file=/Users/karelbraborec/Library/Developer/Xcode/DerivedData/revmeter-hbcnswmlqmbpnlazhhkncgeowiss/Build/Products/Debug-iphonesimulator/Expo/Expo.modulemap' '-fmodule-map-file=/Users/karelbraborec/Library/Developer/Xcode/DerivedData/revmeter-hbcnswmlqmbpnlazhhkncgeowiss/Build/Products/Debug-iphonesimulator/ExpoAsset/ExpoAsset.modulemap' '-fmodule-map-file=/Users/karelbraborec/Library/Developer/Xcode/DerivedData/revmeter-hbcnswmlqmbpnlazhhkncgeowiss/Build/Products/Debug-iphonesimulator/ExpoDevice/ExpoDevice.modulemap' '-fmodule-map-file=/Users/karelbraborec/Library/Developer/Xcode/DerivedData/revmeter-hbcnswmlqmbpnlazhhkncgeowiss/Build/Products/Debug-iphonesimulator/ExpoDomWebView/ExpoDomWebView.modulemap' '-fmodule-map-file=/Users/karelbraborec/Library/Developer/Xcode/DerivedData/revmeter-hbcnswmlqmbpnlazhhkncgeowiss/Build/Products/Debug-iphonesimulator/ExpoGlassEffect/ExpoGlassEffect.modulemap' '-fmodule-map-file=/Users/karelbraborec/Library/Developer/Xcode/DerivedData/revmeter-hbcnswmlqmbpnlazhhkncgeowiss/Build/Products/Debug-iphonesimulator/ExpoKeepAwake/ExpoKeepAwake.modulemap' '-fmodule-map-file=/Users/karelbraborec/Library/Developer/Xcode/DerivedData/revmeter-hbcnswmlqmbpnlazhhkncgeowiss/Build/Products/Debug-iphonesimulator/ExpoLinking/ExpoLinking.modulemap' '-fmodule-map-file=/Users/karelbraborec/Library/Developer/Xcode/DerivedData/revmeter-hbcnswmlqmbpnlazhhkncgeowiss/Build/Products/Debug-iphonesimulator/ExpoLogBox/ExpoLogBox.modulemap' '-fmodule-map-file=/Users/karelbraborec/Library/Developer/Xcode/DerivedData/revmeter-hbcnswmlqmbpnlazhhkncgeowiss/Build/Products/Debug-iphonesimulator/ExpoRouter/ExpoRouter.modulemap' '-fmodule-map-file=/Users/karelbraborec/Library/Developer/Xcode/DerivedData/revmeter-hbcnswmlqmbpnlazhhkncgeowiss/Build/Products/Debug-iphonesimulator/ExpoSplashScreen/ExpoSplashScreen.modulemap' '-fmodule-map-file=/Users/karelbraborec/Library/Developer/Xcode/DerivedData/revmeter-hbcnswmlqmbpnlazhhkncgeowiss/Build/Products/Debug-iphonesimulator/ExpoSymbols/ExpoSymbols.modulemap' '-fmodule-map-file=/Users/karelbraborec/Library/Developer/Xcode/DerivedData/revmeter-hbcnswmlqmbpnlazhhkncgeowiss/Build/Products/Debug-iphonesimulator/ExpoSystemUI/ExpoSystemUI.modulemap' '-fmodule-map-file=/Users/karelbraborec/Library/Developer/Xcode/DerivedData/revmeter-hbcnswmlqmbpnlazhhkncgeowiss/Build/Products/Debug-iphonesimulator/ExpoUI/ExpoUI.modulemap' '-fmodule-map-file=/Users/karelbraborec/Library/Developer/Xcode/DerivedData/revmeter-hbcnswmlqmbpnlazhhkncgeowiss/Build/Products/Debug-iphonesimulator/ExpoWebBrowser/ExpoWebBrowser.modulemap' '-fmodule-map-file=/Users/karelbraborec/Library/Developer/Xcode/DerivedData/revmeter-hbcnswmlqmbpnlazhhkncgeowiss/Build/Products/Debug-iphonesimulator/RNScreens/RNScreens.modulemap' '-fmodule-map-file=/Users/karelbraborec/rev-meter/ios/Pods/Headers/Public/ExpoModulesWorkletsAdapter/ExpoModulesWorkletsAdapter.modulemap' '-fmodule-map-file=/Users/karelbraborec/rev-meter/ios/Pods/Headers/Public/ReactAppDependencyProvider/ReactAppDependencyProvider.modulemap' '-fmodule-map-file=/Users/karelbraborec/rev-meter/ios/Pods/Headers/Public/ReactCodegen/ReactCodegen.modulemap' '-fmodule-map-file=/Users/karelbraborec/rev-meter/ios/Pods/Headers/Public/reanimated/RNReanimated.modulemap' '-fmodule-map-file=/Users/karelbraborec/rev-meter/ios/Pods/Headers/Public/worklets/RNWorklets.modulemap' '-DRCT_REMOVE_LEGACY_ARCH=1' '-DREACT_NATIVE_MINOR_VERSION=86' '-DRCT_REMOVE_LEGACY_ARCH=1' '-DREANIMATED_VERSION=4.5.1' '-DREANIMATED_FEATURE_FLAGS=[RUNTIME_TEST_FLAG:false][DISABLE_COMMIT_PAUSING_MECHANISM:false][ANDROID_SYNCHRONOUSLY_UPDATE_UI_PROPS:false][IOS_SYNCHRONOUSLY_UPDATE_UI_PROPS:false][EXPERIMENTAL_CSS_ANIMATIONS_FOR_SVG_COMPONENTS:true][IOS_CSS_CORE_ANIMATION:false][USE_SYNCHRONIZABLE_FOR_MUTABLES:true][USE_COMMIT_HOOK_ONLY_FOR_REACT_COMMITS:true][ENABLE_SHARED_ELEMENT_TRANSITIONS:false][FORCE_REACT_RENDER_FOR_SETTLED_ANIMATIONS:true][USE_ANIMATION_BACKEND:false]' -ivfsoverlay /Users/karelbraborec/rev-meter/ios/Pods/React-Core-prebuilt/React-VFS.yaml

WriteAuxiliaryFile /Users/karelbraborec/Library/Developer/Xcode/DerivedData/revmeter-hbcnswmlqmbpnlazhhkncgeowiss/Build/Intermediates.noindex/revmeter.build/Debug-iphonesimulator/revmeter.build/Objects-normal/arm64/revmeter.SwiftFileList (in target 'revmeter' from project 'revmeter')
    cd /Users/karelbraborec/rev-meter/ios
    write-file /Users/karelbraborec/Library/Developer/Xcode/DerivedData/revmeter-hbcnswmlqmbpnlazhhkncgeowiss/Build/Intermediates.noindex/revmeter.build/Debug-iphonesimulator/revmeter.build/Objects-normal/arm64/revmeter.SwiftFileList

WriteAuxiliaryFile /Users/karelbraborec/Library/Developer/Xcode/DerivedData/revmeter-hbcnswmlqmbpnlazhhkncgeowiss/Build/Intermediates.noindex/revmeter.build/Debug-iphonesimulator/revmeter.build/Objects-normal/arm64/revmeter_const_extract_protocols.json (in target 'revmeter' from project 'revmeter')
    cd /Users/karelbraborec/rev-meter/ios
    write-file /Users/karelbraborec/Library/Developer/Xcode/DerivedData/revmeter-hbcnswmlqmbpnlazhhkncgeowiss/Build/Intermediates.noindex/revmeter.build/Debug-iphonesimulator/revmeter.build/Objects-normal/arm64/revmeter_const_extract_protocols.json

WriteAuxiliaryFile /Users/karelbraborec/Library/Developer/Xcode/DerivedData/revmeter-hbcnswmlqmbpnlazhhkncgeowiss/Build/Intermediates.noindex/revmeter.build/Debug-iphonesimulator/revmeter.build/Objects-normal/arm64/revmeter.SwiftConstValuesFileList (in target 'revmeter' from project 'revmeter')
    cd /Users/karelbraborec/rev-meter/ios
    write-file /Users/karelbraborec/Library/Developer/Xcode/DerivedData/revmeter-hbcnswmlqmbpnlazhhkncgeowiss/Build/Intermediates.noindex/revmeter.build/Debug-iphonesimulator/revmeter.build/Objects-normal/arm64/revmeter.SwiftConstValuesFileList

WriteAuxiliaryFile /Users/karelbraborec/Library/Developer/Xcode/DerivedData/revmeter-hbcnswmlqmbpnlazhhkncgeowiss/Build/Intermediates.noindex/revmeter.build/Debug-iphonesimulator/revmeter.build/Objects-normal/arm64/revmeter.LinkFileList (in target 'revmeter' from project 'revmeter')
    cd /Users/karelbraborec/rev-meter/ios
    write-file /Users/karelbraborec/Library/Developer/Xcode/DerivedData/revmeter-hbcnswmlqmbpnlazhhkncgeowiss/Build/Intermediates.noindex/revmeter.build/Debug-iphonesimulator/revmeter.build/Objects-normal/arm64/revmeter.LinkFileList

WriteAuxiliaryFile /Users/karelbraborec/Library/Developer/Xcode/DerivedData/revmeter-hbcnswmlqmbpnlazhhkncgeowiss/Build/Intermediates.noindex/revmeter.build/Debug-iphonesimulator/revmeter.build/Objects-normal/arm64/revmeter-OutputFileMap.json (in target 'revmeter' from project 'revmeter')
    cd /Users/karelbraborec/rev-meter/ios
    write-file /Users/karelbraborec/Library/Developer/Xcode/DerivedData/revmeter-hbcnswmlqmbpnlazhhkncgeowiss/Build/Intermediates.noindex/revmeter.build/Debug-iphonesimulator/revmeter.build/Objects-normal/arm64/revmeter-OutputFileMap.json

WriteAuxiliaryFile /Users/karelbraborec/Library/Developer/Xcode/DerivedData/revmeter-hbcnswmlqmbpnlazhhkncgeowiss/Build/Intermediates.noindex/revmeter.build/Debug-iphonesimulator/revmeter.build/Objects-normal/arm64/7187679823f38a2a940e0043cdf9d637-common-args.resp (in target 'revmeter' from project 'revmeter')
    cd /Users/karelbraborec/rev-meter/ios
    write-file /Users/karelbraborec/Library/Developer/Xcode/DerivedData/revmeter-hbcnswmlqmbpnlazhhkncgeowiss/Build/Intermediates.noindex/revmeter.build/Debug-iphonesimulator/revmeter.build/Objects-normal/arm64/7187679823f38a2a940e0043cdf9d637-common-args.resp
'-std=gnu99' -fmodules -gmodules '-fmodules-cache-path=/Users/karelbraborec/Library/Developer/Xcode/DerivedData/ModuleCache.noindex' -fpascal-strings -O0 -fno-common '-DDEBUG=1' '-DCOCOAPODS=1' '-DFB_SONARKIT_ENABLED=1' -g -iquote /Users/karelbraborec/Library/Developer/Xcode/DerivedData/revmeter-hbcnswmlqmbpnlazhhkncgeowiss/Build/Intermediates.noindex/revmeter.build/Debug-iphonesimulator/revmeter.build/revmeter-generated-files.hmap -I/Users/karelbraborec/Library/Developer/Xcode/DerivedData/revmeter-hbcnswmlqmbpnlazhhkncgeowiss/Build/Intermediates.noindex/revmeter.build/Debug-iphonesimulator/revmeter.build/revmeter-own-target-headers.hmap -I/Users/karelbraborec/Library/Developer/Xcode/DerivedData/revmeter-hbcnswmlqmbpnlazhhkncgeowiss/Build/Intermediates.noindex/revmeter.build/Debug-iphonesimulator/revmeter.build/revmeter-all-non-framework-target-headers.hmap -ivfsoverlay /Users/karelbraborec/Library/Developer/Xcode/DerivedData/revmeter-hbcnswmlqmbpnlazhhkncgeowiss/Build/Intermediates.noindex/revmeter.build/Debug-iphonesimulator/revmeter-28a2985fa85c7eef0a83728d1cdefc6d-VFS-iphonesimulator/all-product-headers.yaml -iquote /Users/karelbraborec/Library/Developer/Xcode/DerivedData/revmeter-hbcnswmlqmbpnlazhhkncgeowiss/Build/Intermediates.noindex/revmeter.build/Debug-iphonesimulator/revmeter.build/revmeter-project-headers.hmap -I/Users/karelbraborec/Library/Developer/Xcode/DerivedData/revmeter-hbcnswmlqmbpnlazhhkncgeowiss/Build/Products/Debug-iphonesimulator/include -I/Users/karelbraborec/rev-meter/ios/Pods/Headers/Public -I/Users/karelbraborec/rev-meter/ios/Pods/Headers/Public/EXAV -I/Users/karelbraborec/rev-meter/ios/Pods/Headers/Public/EXConstants -I/Users/karelbraborec/rev-meter/ios/Pods/Headers/Public/Expo -I/Users/karelbraborec/rev-meter/ios/Pods/Headers/Public/ExpoModulesWorkletsAdapter -I/Users/karelbraborec/rev-meter/ios/Pods/Headers/Public/ExpoUI -I/Users/karelbraborec/rev-meter/ios/Pods/Headers/Public/FBLazyVector -I/Users/karelbraborec/rev-meter/ios/Pods/Headers/Public/RCTDeprecation -I/Users/karelbraborec/rev-meter/ios/Pods/Headers/Public/RCTRequired -I/Users/karelbraborec/rev-meter/ios/Pods/Headers/Public/RCTSwiftUIWrapper -I/Users/karelbraborec/rev-meter/ios/Pods/Headers/Public/RCTTypeSafety -I/Users/karelbraborec/rev-meter/ios/Pods/Headers/Public/RNCMaskedView -I/Users/karelbraborec/rev-meter/ios/Pods/Headers/Public/RNGestureHandler -I/Users/karelbraborec/rev-meter/ios/Pods/Headers/Public/RNReanimated -I/Users/karelbraborec/rev-meter/ios/Pods/Headers/Public/RNScreens -I/Users/karelbraborec/rev-meter/ios/Pods/Headers/Public/RNWorklets -I/Users/karelbraborec/rev-meter/ios/Pods/Headers/Public/React-Core -I/Users/karelbraborec/rev-meter/ios/Pods/Headers/Public/React-Core-prebuilt -I/Users/karelbraborec/rev-meter/ios/Pods/Headers/Public/React-CoreModules -I/Users/karelbraborec/rev-meter/ios/Pods/Headers/Public/React-Fabric -I/Users/karelbraborec/rev-meter/ios/Pods/Headers/Public/React-FabricComponents -I/Users/karelbraborec/rev-meter/ios/Pods/Headers/Public/React-FabricImage -I/Users/karelbraborec/rev-meter/ios/Pods/Headers/Public/React-ImageManager -I/Users/karelbraborec/rev-meter/ios/Pods/Headers/Public/React-Mapbuffer -I/Users/karelbraborec/rev-meter/ios/Pods/Headers/Public/React-NativeModulesApple -I/Users/karelbraborec/rev-meter/ios/Pods/Headers/Public/React-RCTAnimation -I/Users/karelbraborec/rev-meter/ios/Pods/Headers/Public/React-RCTAppDelegate -I/Users/karelbraborec/rev-meter/ios/Pods/Headers/Public/React-RCTBlob -I/Users/karelbraborec/rev-meter/ios/Pods/Headers/Public/React-RCTFBReactNativeSpec -I/Users/karelbraborec/rev-meter/ios/Pods/Headers/Public/React-RCTFabric -I/Users/karelbraborec/rev-meter/ios/Pods/Headers/Public/React-RCTImage -I/Users/karelbraborec/rev-meter/ios/Pods/Headers/Public/React-RCTRuntime -I/Users/karelbraborec/rev-meter/ios/Pods/Headers/Public/React-RCTSettings -I/Users/karelbraborec/rev-meter/ios/Pods/Headers/Public/React-RCTText -I/Users/karelbraborec/rev-meter/ios/Pods/Headers/Public/React-RCTVibration -I/Users/karelbraborec/rev-meter/ios/Pods/Headers/Public/React-RuntimeApple -I/Users/karelbraborec/rev-meter/ios/Pods/Headers/Public/React-RuntimeCore -I/Users/karelbraborec/rev-meter/ios/Pods/Headers/Public/React-RuntimeHermes -I/Users/karelbraborec/rev-meter/ios/Pods/Headers/Public/React-callinvoker -I/Users/karelbraborec/rev-meter/ios/Pods/Headers/Public/React-cxxreact -I/Users/karelbraborec/rev-meter/ios/Pods/Headers/Public/React-debug -I/Users/karelbraborec/rev-meter/ios/Pods/Headers/Public/React-defaultsnativemodule -I/Users/karelbraborec/rev-meter/ios/Pods/Headers/Public/React-domnativemodule -I/Users/karelbraborec/rev-meter/ios/Pods/Headers/Public/React-featureflags -I/Users/karelbraborec/rev-meter/ios/Pods/Headers/Public/React-featureflagsnativemodule -I/Users/karelbraborec/rev-meter/ios/Pods/Headers/Public/React-graphics -I/Users/karelbraborec/rev-meter/ios/Pods/Headers/Public/React-hermes -I/Users/karelbraborec/rev-meter/ios/Pods/Headers/Public/React-idlecallbacksnativemodule -I/Users/karelbraborec/rev-meter/ios/Pods/Headers/Public/React-intersectionobservernativemodule -I/Users/karelbraborec/rev-meter/ios/Pods/Headers/Public/React-jserrorhandler -I/Users/karelbraborec/rev-meter/ios/Pods/Headers/Public/React-jsi -I/Users/karelbraborec/rev-meter/ios/Pods/Headers/Public/React-jsiexecutor -I/Users/karelbraborec/rev-meter/ios/Pods/Headers/Public/React-jsinspector -I/Users/karelbraborec/rev-meter/ios/Pods/Headers/Public/React-jsinspectorcdp -I/Users/karelbraborec/rev-meter/ios/Pods/Headers/Public/React-jsinspectornetwork -I/Users/karelbraborec/rev-meter/ios/Pods/Headers/Public/React-jsinspectortracing -I/Users/karelbraborec/rev-meter/ios/Pods/Headers/Public/React-jsitooling -I/Users/karelbraborec/rev-meter/ios/Pods/Headers/Public/React-logger -I/Users/karelbraborec/rev-meter/ios/Pods/Headers/Public/React-microtasksnativemodule -I/Users/karelbraborec/rev-meter/ios/Pods/Headers/Public/React-mutationobservernativemodule -I/Users/karelbraborec/rev-meter/ios/Pods/Headers/Public/React-networking -I/Users/karelbraborec/rev-meter/ios/Pods/Headers/Public/React-oscompat -I/Users/karelbraborec/rev-meter/ios/Pods/Headers/Public/React-perflogger -I/Users/karelbraborec/rev-meter/ios/Pods/Headers/Public/React-performancecdpmetrics -I/Users/karelbraborec/rev-meter/ios/Pods/Headers/Public/React-performancetimeline -I/Users/karelbraborec/rev-meter/ios/Pods/Headers/Public/React-rendererconsistency -I/Users/karelbraborec/rev-meter/ios/Pods/Headers/Public/React-renderercss -I/Users/karelbraborec/rev-meter/ios/Pods/Headers/Public/React-rendererdebug -I/Users/karelbraborec/rev-meter/ios/Pods/Headers/Public/React-runtimeexecutor -I/Users/karelbraborec/rev-meter/ios/Pods/Headers/Public/React-runtimescheduler -I/Users/karelbraborec/rev-meter/ios/Pods/Headers/Public/React-timing -I/Users/karelbraborec/rev-meter/ios/Pods/Headers/Public/React-utils -I/Users/karelbraborec/rev-meter/ios/Pods/Headers/Public/React-viewtransitionnativemodule -I/Users/karelbraborec/rev-meter/ios/Pods/Headers/Public/React-webperformancenativemodule -I/Users/karelbraborec/rev-meter/ios/Pods/Headers/Public/ReactAppDependencyProvider -I/Users/karelbraborec/rev-meter/ios/Pods/Headers/Public/ReactCodegen -I/Users/karelbraborec/rev-meter/ios/Pods/Headers/Public/ReactCommon -I/Users/karelbraborec/rev-meter/ios/Pods/Headers/Public/ReactNativeDependencies -I/Users/karelbraborec/rev-meter/ios/Pods/Headers/Public/Yoga -I/Users/karelbraborec/rev-meter/ios/Pods/Headers/Public/hermes-engine -I/Users/karelbraborec/rev-meter/ios/Pods/Headers/Public/react-native-safe-area-context -I/Users/karelbraborec/rev-meter/ios/Pods/Headers/Public/react-native-slider '-I/Users/karelbraborec/Library/Developer/Xcode/DerivedData/revmeter-hbcnswmlqmbpnlazhhkncgeowiss/Build/Products/Debug-iphonesimulator/Expo/Swift Compatibility Header' -I/Users/karelbraborec/rev-meter/ios/Pods/Headers/Private/Yoga '-I/Users/karelbraborec/Library/Developer/Xcode/DerivedData/revmeter-hbcnswmlqmbpnlazhhkncgeowiss/Build/Products/Debug-iphonesimulator/ExpoModulesCore/Swift Compatibility Header' -I/Users/karelbraborec/rev-meter/ios/Pods/Headers/Private/Yoga -I/Users/karelbraborec/rev-meter/ios/Pods/boost -I/Users/karelbraborec/rev-meter/ios/Pods/boost-for-react-native -I/Users/karelbraborec/rev-meter/ios/Pods/glog -I/Users/karelbraborec/rev-meter/ios/Pods/RCT-Folly -I/Users/karelbraborec/rev-meter/ios/Pods/Headers/Public/React-hermes -I/Users/karelbraborec/rev-meter/ios/Pods/Headers/Public/hermes-engine -I/Users/karelbraborec/rev-meter/ios/Pods/Headers/Public/RNWorklets -I/Users/karelbraborec/rev-meter/node_modules/react-native/ReactCommon -I/Users/karelbraborec/rev-meter/node_modules/react-native/ReactCommon/jsitooling -I/Users/karelbraborec/rev-meter/ios/Pods/boost -I/Users/karelbraborec/rev-meter/ios/Pods/boost-for-react-native -I/Users/karelbraborec/rev-meter/ios/Pods/glog -I/Users/karelbraborec/rev-meter/ios/Pods/RCT-Folly -I/Users/karelbraborec/rev-meter/ios/Pods/Headers/Public/React-hermes -I/Users/karelbraborec/rev-meter/ios/Pods/Headers/Public/hermes-engine -I/Users/karelbraborec/rev-meter/node_modules/react-native/ReactCommon -I/Users/karelbraborec/rev-meter/node_modules/react-native/ReactCommon/jsitooling -I/Users/karelbraborec/rev-meter/ios/Pods/Headers/Private/React-Core -I/Users/karelbraborec/rev-meter/ios/Pods/Headers/Private/React-Core -I/Users/karelbraborec/rev-meter/ios/Pods/Headers/Private/Yoga -I/Users/karelbraborec/rev-meter/ios/Pods/ExpoModulesCore/ExpoModulesCore.xcframework/ios-arm64_x86_64-simulator/ExpoModulesCore.framework/Headers -I/Users/karelbraborec/rev-meter/ios/Pods/ExpoModulesCore/ExpoModulesCore.xcframework/ios-arm64/ExpoModulesCore.framework/Headers -I/Users/karelbraborec/Library/Developer/Xcode/DerivedData/revmeter-hbcnswmlqmbpnlazhhkncgeowiss/Build/Intermediates.noindex/revmeter.build/Debug-iphonesimulator/revmeter.build/DerivedSources-normal/arm64 -I/Users/karelbraborec/Library/Developer/Xcode/DerivedData/revmeter-hbcnswmlqmbpnlazhhkncgeowiss/Build/Intermediates.noindex/revmeter.build/Debug-iphonesimulator/revmeter.build/DerivedSources/arm64 -I/Users/karelbraborec/Library/Developer/Xcode/DerivedData/revmeter-hbcnswmlqmbpnlazhhkncgeowiss/Build/Intermediates.noindex/revmeter.build/Debug-iphonesimulator/revmeter.build/DerivedSources -F/Users/karelbraborec/Library/Developer/Xcode/DerivedData/revmeter-hbcnswmlqmbpnlazhhkncgeowiss/Build/Products/Debug-iphonesimulator -F/Users/karelbraborec/rev-meter/node_modules/expo-modules-jsi/apple/Products -F/Users/karelbraborec/rev-meter/ios/Pods/ExpoFileSystem -F/Users/karelbraborec/rev-meter/ios/Pods/ExpoFont -F/Users/karelbraborec/rev-meter/ios/Pods/ExpoImage -F/Users/karelbraborec/rev-meter/ios/Pods/ExpoModulesCore -F/Users/karelbraborec/rev-meter/ios/Pods/ExpoModulesWorklets -F/Users/karelbraborec/rev-meter/ios/Pods/React-Core-prebuilt -F/Users/karelbraborec/rev-meter/ios/Pods/ReactNativeDependencies/framework/packages/react-native -F/Users/karelbraborec/rev-meter/ios/Pods/hermes-engine/destroot/Library/Frameworks/universal -F/Users/karelbraborec/Library/Developer/Xcode/DerivedData/revmeter-hbcnswmlqmbpnlazhhkncgeowiss/Build/Products/Debug-iphonesimulator/XCFrameworkIntermediates/ExpoFileSystem -F/Users/karelbraborec/Library/Developer/Xcode/DerivedData/revmeter-hbcnswmlqmbpnlazhhkncgeowiss/Build/Products/Debug-iphonesimulator/XCFrameworkIntermediates/ExpoFont -F/Users/karelbraborec/Library/Developer/Xcode/DerivedData/revmeter-hbcnswmlqmbpnlazhhkncgeowiss/Build/Products/Debug-iphonesimulator/XCFrameworkIntermediates/ExpoImage -F/Users/karelbraborec/Library/Developer/Xcode/DerivedData/revmeter-hbcnswmlqmbpnlazhhkncgeowiss/Build/Products/Debug-iphonesimulator/XCFrameworkIntermediates/ExpoModulesCore -F/Users/karelbraborec/Library/Developer/Xcode/DerivedData/revmeter-hbcnswmlqmbpnlazhhkncgeowiss/Build/Products/Debug-iphonesimulator/XCFrameworkIntermediates/ExpoModulesJSI -F/Users/karelbraborec/Library/Developer/Xcode/DerivedData/revmeter-hbcnswmlqmbpnlazhhkncgeowiss/Build/Products/Debug-iphonesimulator/XCFrameworkIntermediates/ExpoModulesWorklets -F/Users/karelbraborec/Library/Developer/Xcode/DerivedData/revmeter-hbcnswmlqmbpnlazhhkncgeowiss/Build/Products/Debug-iphonesimulator/XCFrameworkIntermediates/React-Core-prebuilt -F/Users/karelbraborec/Library/Developer/Xcode/DerivedData/revmeter-hbcnswmlqmbpnlazhhkncgeowiss/Build/Products/Debug-iphonesimulator/XCFrameworkIntermediates/ReactNativeDependencies -F/Users/karelbraborec/Library/Developer/Xcode/DerivedData/revmeter-hbcnswmlqmbpnlazhhkncgeowiss/Build/Products/Debug-iphonesimulator/XCFrameworkIntermediates/hermes-engine/Pre-built '-DRCT_REMOVE_LEGACY_ARCH=1' '-fmodule-map-file=/Users/karelbraborec/Library/Developer/Xcode/DerivedData/revmeter-hbcnswmlqmbpnlazhhkncgeowiss/Build/Products/Debug-iphonesimulator/EXAV/EXAV.modulemap' '-fmodule-map-file=/Users/karelbraborec/Library/Developer/Xcode/DerivedData/revmeter-hbcnswmlqmbpnlazhhkncgeowiss/Build/Products/Debug-iphonesimulator/EXConstants/EXConstants.modulemap' '-fmodule-map-file=/Users/karelbraborec/Library/Developer/Xcode/DerivedData/revmeter-hbcnswmlqmbpnlazhhkncgeowiss/Build/Products/Debug-iphonesimulator/Expo/Expo.modulemap' '-fmodule-map-file=/Users/karelbraborec/Library/Developer/Xcode/DerivedData/revmeter-hbcnswmlqmbpnlazhhkncgeowiss/Build/Products/Debug-iphonesimulator/ExpoAsset/ExpoAsset.modulemap' '-fmodule-map-file=/Users/karelbraborec/Library/Developer/Xcode/DerivedData/revmeter-hbcnswmlqmbpnlazhhkncgeowiss/Build/Products/Debug-iphonesimulator/ExpoDevice/ExpoDevice.modulemap' '-fmodule-map-file=/Users/karelbraborec/Library/Developer/Xcode/DerivedData/revmeter-hbcnswmlqmbpnlazhhkncgeowiss/Build/Products/Debug-iphonesimulator/ExpoDomWebView/ExpoDomWebView.modulemap' '-fmodule-map-file=/Users/karelbraborec/Library/Developer/Xcode/DerivedData/revmeter-hbcnswmlqmbpnlazhhkncgeowiss/Build/Products/Debug-iphonesimulator/ExpoGlassEffect/ExpoGlassEffect.modulemap' '-fmodule-map-file=/Users/karelbraborec/Library/Developer/Xcode/DerivedData/revmeter-hbcnswmlqmbpnlazhhkncgeowiss/Build/Products/Debug-iphonesimulator/ExpoKeepAwake/ExpoKeepAwake.modulemap' '-fmodule-map-file=/Users/karelbraborec/Library/Developer/Xcode/DerivedData/revmeter-hbcnswmlqmbpnlazhhkncgeowiss/Build/Products/Debug-iphonesimulator/ExpoLinking/ExpoLinking.modulemap' '-fmodule-map-file=/Users/karelbraborec/Library/Developer/Xcode/DerivedData/revmeter-hbcnswmlqmbpnlazhhkncgeowiss/Build/Products/Debug-iphonesimulator/ExpoLogBox/ExpoLogBox.modulemap' '-fmodule-map-file=/Users/karelbraborec/Library/Developer/Xcode/DerivedData/revmeter-hbcnswmlqmbpnlazhhkncgeowiss/Build/Products/Debug-iphonesimulator/ExpoRouter/ExpoRouter.modulemap' '-fmodule-map-file=/Users/karelbraborec/Library/Developer/Xcode/DerivedData/revmeter-hbcnswmlqmbpnlazhhkncgeowiss/Build/Products/Debug-iphonesimulator/ExpoSplashScreen/ExpoSplashScreen.modulemap' '-fmodule-map-file=/Users/karelbraborec/Library/Developer/Xcode/DerivedData/revmeter-hbcnswmlqmbpnlazhhkncgeowiss/Build/Products/Debug-iphonesimulator/ExpoSymbols/ExpoSymbols.modulemap' '-fmodule-map-file=/Users/karelbraborec/Library/Developer/Xcode/DerivedData/revmeter-hbcnswmlqmbpnlazhhkncgeowiss/Build/Products/Debug-iphonesimulator/ExpoSystemUI/ExpoSystemUI.modulemap' '-fmodule-map-file=/Users/karelbraborec/Library/Developer/Xcode/DerivedData/revmeter-hbcnswmlqmbpnlazhhkncgeowiss/Build/Products/Debug-iphonesimulator/ExpoUI/ExpoUI.modulemap' '-fmodule-map-file=/Users/karelbraborec/Library/Developer/Xcode/DerivedData/revmeter-hbcnswmlqmbpnlazhhkncgeowiss/Build/Products/Debug-iphonesimulator/ExpoWebBrowser/ExpoWebBrowser.modulemap' '-fmodule-map-file=/Users/karelbraborec/Library/Developer/Xcode/DerivedData/revmeter-hbcnswmlqmbpnlazhhkncgeowiss/Build/Products/Debug-iphonesimulator/RNScreens/RNScreens.modulemap' '-fmodule-map-file=/Users/karelbraborec/rev-meter/ios/Pods/Headers/Public/ExpoModulesWorkletsAdapter/ExpoModulesWorkletsAdapter.modulemap' '-fmodule-map-file=/Users/karelbraborec/rev-meter/ios/Pods/Headers/Public/ReactAppDependencyProvider/ReactAppDependencyProvider.modulemap' '-fmodule-map-file=/Users/karelbraborec/rev-meter/ios/Pods/Headers/Public/ReactCodegen/ReactCodegen.modulemap' '-fmodule-map-file=/Users/karelbraborec/rev-meter/ios/Pods/Headers/Public/reanimated/RNReanimated.modulemap' '-fmodule-map-file=/Users/karelbraborec/rev-meter/ios/Pods/Headers/Public/worklets/RNWorklets.modulemap' '-DRCT_REMOVE_LEGACY_ARCH=1' '-DREACT_NATIVE_MINOR_VERSION=86' '-DRCT_REMOVE_LEGACY_ARCH=1' '-DREANIMATED_VERSION=4.5.1' '-DREANIMATED_FEATURE_FLAGS=[RUNTIME_TEST_FLAG:false][DISABLE_COMMIT_PAUSING_MECHANISM:false][ANDROID_SYNCHRONOUSLY_UPDATE_UI_PROPS:false][IOS_SYNCHRONOUSLY_UPDATE_UI_PROPS:false][EXPERIMENTAL_CSS_ANIMATIONS_FOR_SVG_COMPONENTS:true][IOS_CSS_CORE_ANIMATION:false][USE_SYNCHRONIZABLE_FOR_MUTABLES:true][USE_COMMIT_HOOK_ONLY_FOR_REACT_COMMITS:true][ENABLE_SHARED_ELEMENT_TRANSITIONS:false][FORCE_REACT_RENDER_FOR_SETTLED_ANIMATIONS:true][USE_ANIMATION_BACKEND:false]' -ivfsoverlay /Users/karelbraborec/rev-meter/ios/Pods/React-Core-prebuilt/React-VFS.yaml

WriteAuxiliaryFile /Users/karelbraborec/Library/Developer/Xcode/DerivedData/revmeter-hbcnswmlqmbpnlazhhkncgeowiss/Build/Intermediates.noindex/revmeter.build/Debug-iphonesimulator/revmeter.build/DerivedSources/revmeter_vers.c (in target 'revmeter' from project 'revmeter')
    cd /Users/karelbraborec/rev-meter/ios
    write-file /Users/karelbraborec/Library/Developer/Xcode/DerivedData/revmeter-hbcnswmlqmbpnlazhhkncgeowiss/Build/Intermediates.noindex/revmeter.build/Debug-iphonesimulator/revmeter.build/DerivedSources/revmeter_vers.c

PhaseScriptExecution [CP-User]\ [Hermes]\ Replace\ Hermes\ for\ the\ right\ configuration,\ if\ needed /Users/karelbraborec/Library/Developer/Xcode/DerivedData/revmeter-hbcnswmlqmbpnlazhhkncgeowiss/Build/Intermediates.noindex/Pods.build/Debug-iphonesimulator/hermes-engine.build/Script-46EB2E0001F4A0.sh (in target 'hermes-engine' from project 'Pods')
    cd /Users/karelbraborec/rev-meter/ios/Pods
    export ACTION\=build
    export AD_HOC_CODE_SIGNING_ALLOWED\=YES
    export ALLOW_BUILD_REQUEST_OVERRIDES\=NO
    export ALLOW_TARGET_PLATFORM_SPECIALIZATION\=NO
    export ALTERNATE_GROUP\=staff
    export ALTERNATE_MODE\=u+w,go-w,a+rX
    export ALTERNATE_OWNER\=karelbraborec
    export ALTERNATIVE_DISTRIBUTION_WEB\=NO
    export ALWAYS_EMBED_SWIFT_STANDARD_LIBRARIES\=NO
    export ALWAYS_SEARCH_USER_PATHS\=NO
    export ALWAYS_USE_SEPARATE_HEADERMAPS\=NO
    export APPLICATION_EXTENSION_API_ONLY\=NO
    export APPLY_RULES_IN_COPY_FILES\=NO
    export APPLY_RULES_IN_COPY_HEADERS\=NO
    export APP_SHORTCUTS_ENABLE_FLEXIBLE_MATCHING\=YES
    export ARCHS\=arm64\ x86_64
    export ARCHS_BASE\=arm64\ x86_64
    export ARCHS_STANDARD\=arm64\ x86_64
    export ARCHS_STANDARD_32_64_BIT\=arm64\ x86_64
    export ARCHS_STANDARD_64_BIT\=arm64\ x86_64
    export ARCHS_STANDARD_INCLUDING_64_BIT\=arm64\ x86_64
    export ARCHS_UNIVERSAL_IPHONE_OS\=arm64\ x86_64
    export ASSETCATALOG_COMPILER_APPICON_NAME\=AppIcon
    export ASSETCATALOG_COMPILER_GLOBAL_ACCENT_COLOR_NAME\=AccentColor
    export AUTOMATICALLY_MERGE_DEPENDENCIES\=NO
    export AUTOMATION_APPLE_EVENTS\=NO
    export AVAILABLE_PLATFORMS\=android\ appletvos\ appletvsimulator\ driverkit\ freebsd\ iphoneos\ iphonesimulator\ linux\ macosx\ none\ openbsd\ qnx\ watchos\ watchsimulator\ webassembly\ xros\ xrsimulator
    export BUILD_ACTIVE_RESOURCES_ONLY\=NO
    export BUILD_COMPONENTS\=headers\ build
    export BUILD_DIR\=/Users/karelbraborec/Library/Developer/Xcode/DerivedData/revmeter-hbcnswmlqmbpnlazhhkncgeowiss/Build/Products
    export BUILD_LIBRARY_FOR_DISTRIBUTION\=NO
    export BUILD_ONLY_KNOWN_LOCALIZATIONS\=NO
    export BUILD_ROOT\=/Users/karelbraborec/Library/Developer/Xcode/DerivedData/revmeter-hbcnswmlqmbpnlazhhkncgeowiss/Build/Products
    export BUILD_STYLE\=
    export BUILD_VARIANTS\=normal
    export BUILT_PRODUCTS_DIR\=/Users/karelbraborec/Library/Developer/Xcode/DerivedData/revmeter-hbcnswmlqmbpnlazhhkncgeowiss/Build/Products/Debug-iphonesimulator/hermes-engine
    export BUNDLE_CONTENTS_FOLDER_PATH_deep\=Contents/
    export BUNDLE_EXECUTABLE_FOLDER_NAME_deep\=MacOS
    export BUNDLE_EXTENSIONS_FOLDER_PATH\=Extensions
    export BUNDLE_FORMAT\=shallow
    export BUNDLE_FRAMEWORKS_FOLDER_PATH\=Frameworks
    export BUNDLE_PLUGINS_FOLDER_PATH\=PlugIns
    export BUNDLE_PRIVATE_HEADERS_FOLDER_PATH\=PrivateHeaders
    export BUNDLE_PUBLIC_HEADERS_FOLDER_PATH\=Headers
    export CACHE_ROOT\=/var/folders/zn/6f_ddjd136v_cf62f8s84b0m0000gn/C/com.apple.DeveloperTools/26.6-17F113/Xcode
    export CCHROOT\=/var/folders/zn/6f_ddjd136v_cf62f8s84b0m0000gn/C/com.apple.DeveloperTools/26.6-17F113/Xcode
    export CHMOD\=/bin/chmod
    export CHOWN\=chown
    export CLANG_ANALYZER_LOCALIZABILITY_NONLOCALIZED\=YES
    export CLANG_ANALYZER_NONNULL\=YES
    export CLANG_ANALYZER_NUMBER_OBJECT_CONVERSION\=YES_AGGRESSIVE
    export CLANG_CACHE_FINE_GRAINED_OUTPUTS\=YES
    export CLANG_CXX_LANGUAGE_STANDARD\=c++20
    export CLANG_CXX_LIBRARY\=compiler-default
    export CLANG_ENABLE_EXPLICIT_MODULES\=YES
    export CLANG_ENABLE_MODULES\=YES
    export CLANG_ENABLE_OBJC_ARC\=YES
    export CLANG_ENABLE_OBJC_WEAK\=NO
    export CLANG_MODULES_BUILD_SESSION_FILE\=/Users/karelbraborec/Library/Developer/Xcode/DerivedData/ModuleCache.noindex/Session.modulevalidation
    export CLANG_WARN_BLOCK_CAPTURE_AUTORELEASING\=YES
    export CLANG_WARN_BOOL_CONVERSION\=YES
    export CLANG_WARN_COMMA\=YES
    export CLANG_WARN_CONSTANT_CONVERSION\=YES
    export CLANG_WARN_DEPRECATED_OBJC_IMPLEMENTATIONS\=YES
    export CLANG_WARN_DIRECT_OBJC_ISA_USAGE\=YES_ERROR
    export CLANG_WARN_DOCUMENTATION_COMMENTS\=YES
    export CLANG_WARN_EMPTY_BODY\=YES
    export CLANG_WARN_ENUM_CONVERSION\=YES
    export CLANG_WARN_INFINITE_RECURSION\=YES
    export CLANG_WARN_INT_CONVERSION\=YES
    export CLANG_WARN_NON_LITERAL_NULL_CONVERSION\=YES
    export CLANG_WARN_OBJC_IMPLICIT_RETAIN_SELF\=YES
    export CLANG_WARN_OBJC_LITERAL_CONVERSION\=YES
    export CLANG_WARN_OBJC_ROOT_CLASS\=YES_ERROR
    export CLANG_WARN_QUOTED_INCLUDE_IN_FRAMEWORK_HEADER\=NO
    export CLANG_WARN_RANGE_LOOP_ANALYSIS\=YES
    export CLANG_WARN_STRICT_PROTOTYPES\=YES
    export CLANG_WARN_SUSPICIOUS_MOVE\=YES
    export CLANG_WARN_UNGUARDED_AVAILABILITY\=YES_AGGRESSIVE
    export CLANG_WARN_UNREACHABLE_CODE\=YES
    export CLANG_WARN__DUPLICATE_METHOD_MATCH\=YES
    export CLASS_FILE_DIR\=/Users/karelbraborec/Library/Developer/Xcode/DerivedData/revmeter-hbcnswmlqmbpnlazhhkncgeowiss/Build/Intermediates.noindex/Pods.build/Debug-iphonesimulator/hermes-engine.build/JavaClasses
    export CLEAN_PRECOMPS\=YES
    export CLONE_HEADERS\=NO
    export CODESIGNING_FOLDER_PATH\=/Users/karelbraborec/Library/Developer/Xcode/DerivedData/revmeter-hbcnswmlqmbpnlazhhkncgeowiss/Build/Products/Debug-iphonesimulator/hermes-engine/
    export CODE_SIGNING_ALLOWED\=NO
    export CODE_SIGNING_REQUIRED\=YES
    export CODE_SIGN_CONTEXT_CLASS\=XCiPhoneSimulatorCodeSignContext
    export CODE_SIGN_IDENTITY\=-
    export CODE_SIGN_INJECT_BASE_ENTITLEMENTS\=YES
    export COLOR_DIAGNOSTICS\=NO
    export COMBINE_HIDPI_IMAGES\=NO
    export COMPILATION_CACHE_CAS_PATH\=/Users/karelbraborec/Library/Developer/Xcode/DerivedData/CompilationCache.noindex
    export COMPILATION_CACHE_KEEP_CAS_DIRECTORY\=YES
    export COMPILER_INDEX_STORE_ENABLE\=Default
    export COMPOSITE_SDK_DIRS\=/Users/karelbraborec/Library/Developer/Xcode/DerivedData/revmeter-hbcnswmlqmbpnlazhhkncgeowiss/Build/Intermediates.noindex/CompositeSDKs
    export COMPRESS_PNG_FILES\=YES
    export CONFIGURATION\=Debug
    export CONFIGURATION_BUILD_DIR\=/Users/karelbraborec/Library/Developer/Xcode/DerivedData/revmeter-hbcnswmlqmbpnlazhhkncgeowiss/Build/Products/Debug-iphonesimulator/hermes-engine
    export CONFIGURATION_TEMP_DIR\=/Users/karelbraborec/Library/Developer/Xcode/DerivedData/revmeter-hbcnswmlqmbpnlazhhkncgeowiss/Build/Intermediates.noindex/Pods.build/Debug-iphonesimulator
    export COPYING_PRESERVES_HFS_DATA\=NO
    export COPY_HEADERS_RUN_UNIFDEF\=NO
    export COPY_PHASE_STRIP\=NO
    export CORRESPONDING_DEVICE_PLATFORM_DIR\=/Applications/Xcode.app/Contents/Developer/Platforms/iPhoneOS.platform
    export CORRESPONDING_DEVICE_PLATFORM_NAME\=iphoneos
    export CORRESPONDING_DEVICE_SDK_DIR\=/Applications/Xcode.app/Contents/Developer/Platforms/iPhoneOS.platform/Developer/SDKs/iPhoneOS26.5.sdk
    export CORRESPONDING_DEVICE_SDK_NAME\=iphoneos26.5
    export CP\=/bin/cp
    export CREATE_INFOPLIST_SECTION_IN_BINARY\=NO
    export CURRENT_ARCH\=undefined_arch
    export CURRENT_VARIANT\=normal
    export DEAD_CODE_STRIPPING\=YES
    export DEBUGGING_SYMBOLS\=YES
    export DEBUG_INFORMATION_FORMAT\=dwarf
    export DEBUG_INFORMATION_VERSION\=compiler-default
    export DEFAULT_COMPILER\=com.apple.compilers.llvm.clang.1_0
    export DEFAULT_DEXT_INSTALL_PATH\=/System/Library/DriverExtensions
    export DEFAULT_KEXT_INSTALL_PATH\=/System/Library/Extensions
    export DEFINES_MODULE\=NO
    export DEPLOYMENT_LOCATION\=NO
    export DEPLOYMENT_POSTPROCESSING\=NO
    export DEPLOYMENT_TARGET_SETTING_NAME\=IPHONEOS_DEPLOYMENT_TARGET
    export DEPLOYMENT_TARGET_SUGGESTED_VALUES\=12.0\ 12.1\ 12.2\ 12.3\ 12.4\ 13.0\ 13.1\ 13.2\ 13.3\ 13.4\ 13.5\ 13.6\ 14.0\ 14.1\ 14.2\ 14.3\ 14.4\ 14.5\ 14.6\ 14.7\ 15.0\ 15.1\ 15.2\ 15.3\ 15.4\ 15.5\ 15.6\ 16.0\ 16.1\ 16.2\ 16.3\ 16.4\ 16.5\ 16.6\ 17.0\ 17.1\ 17.2\ 17.3\ 17.4\ 17.5\ 17.6\ 18.0\ 18.1\ 18.2\ 18.3\ 18.4\ 18.5\ 18.6\ 26.0\ 26.2\ 26.3\ 26.4\ 26.5
    export DERIVED_FILES_DIR\=/Users/karelbraborec/Library/Developer/Xcode/DerivedData/revmeter-hbcnswmlqmbpnlazhhkncgeowiss/Build/Intermediates.noindex/Pods.build/Debug-iphonesimulator/hermes-engine.build/DerivedSources
    export DERIVED_FILE_DIR\=/Users/karelbraborec/Library/Developer/Xcode/DerivedData/revmeter-hbcnswmlqmbpnlazhhkncgeowiss/Build/Intermediates.noindex/Pods.build/Debug-iphonesimulator/hermes-engine.build/DerivedSources
    export DERIVED_SOURCES_DIR\=/Users/karelbraborec/Library/Developer/Xcode/DerivedData/revmeter-hbcnswmlqmbpnlazhhkncgeowiss/Build/Intermediates.noindex/Pods.build/Debug-iphonesimulator/hermes-engine.build/DerivedSources
    export DEVELOPER_APPLICATIONS_DIR\=/Applications/Xcode.app/Contents/Developer/Applications
    export DEVELOPER_BIN_DIR\=/Applications/Xcode.app/Contents/Developer/usr/bin
    export DEVELOPER_DIR\=/Applications/Xcode.app/Contents/Developer
    export DEVELOPER_FRAMEWORKS_DIR\=/Applications/Xcode.app/Contents/Developer/Library/Frameworks
    export DEVELOPER_FRAMEWORKS_DIR_QUOTED\=/Applications/Xcode.app/Contents/Developer/Library/Frameworks
    export DEVELOPER_LIBRARY_DIR\=/Applications/Xcode.app/Contents/Developer/Library
    export DEVELOPER_SDK_DIR\=/Applications/Xcode.app/Contents/Developer/Platforms/MacOSX.platform/Developer/SDKs
    export DEVELOPER_TOOLS_DIR\=/Applications/Xcode.app/Contents/Developer/Tools
    export DEVELOPER_USR_DIR\=/Applications/Xcode.app/Contents/Developer/usr
    export DEVELOPMENT_LANGUAGE\=en
    export DIAGNOSE_MISSING_TARGET_DEPENDENCIES\=YES
    export DIFF\=/usr/bin/diff
    export DONT_GENERATE_INFOPLIST_FILE\=NO
    export DSTROOT\=/tmp/Pods.dst
    export DT_TOOLCHAIN_DIR\=/Applications/Xcode.app/Contents/Developer/Toolchains/XcodeDefault.xctoolchain
    export DUMP_DEPENDENCIES\=NO
    export DUMP_DEPENDENCIES_OUTPUT_PATH\=/Users/karelbraborec/Library/Developer/Xcode/DerivedData/revmeter-hbcnswmlqmbpnlazhhkncgeowiss/Build/Intermediates.noindex/Pods.build/Debug-iphonesimulator/hermes-engine.build/hermes-engine-BuildDependencyInfo.json
    export DWARF_DSYM_FILE_NAME\=.dSYM
    export DWARF_DSYM_FILE_SHOULD_ACCOMPANY_PRODUCT\=NO
    export DWARF_DSYM_FOLDER_PATH\=/Users/karelbraborec/Library/Developer/Xcode/DerivedData/revmeter-hbcnswmlqmbpnlazhhkncgeowiss/Build/Products/Debug-iphonesimulator/hermes-engine
    export DYNAMIC_LIBRARY_EXTENSION\=dylib
    export EAGER_COMPILATION_ALLOW_SCRIPTS\=NO
    export EAGER_LINKING\=NO
    export EFFECTIVE_PLATFORM_NAME\=-iphonesimulator
    export EFFECTIVE_SWIFT_VERSION\=5
    export EMBEDDED_CONTENT_CONTAINS_SWIFT\=NO
    export EMBED_ASSET_PACKS_IN_PRODUCT_BUNDLE\=NO
    export ENABLE_APP_SANDBOX\=NO
    export ENABLE_CODE_COVERAGE\=YES
    export ENABLE_COHORT_ARCHS\=NO
    export ENABLE_CPLUSPLUS_BOUNDS_SAFE_BUFFERS\=NO
    export ENABLE_C_BOUNDS_SAFETY\=NO
    export ENABLE_DEFAULT_HEADER_SEARCH_PATHS\=YES
    export ENABLE_DEFAULT_SEARCH_PATHS\=YES
    export ENABLE_ENHANCED_SECURITY\=NO
    export ENABLE_HARDENED_RUNTIME\=NO
    export ENABLE_HEADER_DEPENDENCIES\=YES
    export ENABLE_INCOMING_NETWORK_CONNECTIONS\=NO
    export ENABLE_ON_DEMAND_RESOURCES\=NO
    export ENABLE_OUTGOING_NETWORK_CONNECTIONS\=NO
    export ENABLE_POINTER_AUTHENTICATION\=NO
    export ENABLE_PREVIEWS\=NO
    export ENABLE_RESOURCE_ACCESS_AUDIO_INPUT\=NO
    export ENABLE_RESOURCE_ACCESS_BLUETOOTH\=NO
    export ENABLE_RESOURCE_ACCESS_CALENDARS\=NO
    export ENABLE_RESOURCE_ACCESS_CAMERA\=NO
    export ENABLE_RESOURCE_ACCESS_CONTACTS\=NO
    export ENABLE_RESOURCE_ACCESS_LOCATION\=NO
    export ENABLE_RESOURCE_ACCESS_PHOTO_LIBRARY\=NO
    export ENABLE_RESOURCE_ACCESS_PRINTING\=NO
    export ENABLE_RESOURCE_ACCESS_USB\=NO
    export ENABLE_SDK_IMPORTS\=NO
    export ENABLE_SECURITY_COMPILER_WARNINGS\=NO
    export ENABLE_STRICT_OBJC_MSGSEND\=YES
    export ENABLE_TESTABILITY\=YES
    export ENABLE_TESTING_SEARCH_PATHS\=NO
    export ENABLE_USER_SCRIPT_SANDBOXING\=NO
    export ENABLE_XOJIT_PREVIEWS\=YES
    export ENFORCE_VALID_ARCHS\=YES
    export ENTITLEMENTS_DESTINATION\=__entitlements
    export ENTITLEMENTS_REQUIRED\=YES
    export EXCLUDED_INSTALLSRC_SUBDIRECTORY_PATTERNS\=.DS_Store\ .svn\ .git\ .hg\ CVS
    export EXCLUDED_RECURSIVE_SEARCH_PATH_SUBDIRECTORIES\=\*.nib\ \*.lproj\ \*.framework\ \*.gch\ \*.xcode\*\ \*.xcassets\ \*.icon\ \(\*\)\ .DS_Store\ CVS\ .svn\ .git\ .hg\ \*.pbproj\ \*.pbxproj
    export FILE_LIST\=/Users/karelbraborec/Library/Developer/Xcode/DerivedData/revmeter-hbcnswmlqmbpnlazhhkncgeowiss/Build/Intermediates.noindex/Pods.build/Debug-iphonesimulator/hermes-engine.build/Objects/LinkFileList
    export FIXED_FILES_DIR\=/Users/karelbraborec/Library/Developer/Xcode/DerivedData/revmeter-hbcnswmlqmbpnlazhhkncgeowiss/Build/Intermediates.noindex/Pods.build/Debug-iphonesimulator/hermes-engine.build/FixedFiles
    export FRAMEWORK_SEARCH_PATHS\=\ \"/Users/karelbraborec/rev-meter/ios/Pods/hermes-engine/destroot/Library/Frameworks/universal\"\ \"/Users/karelbraborec/Library/Developer/Xcode/DerivedData/revmeter-hbcnswmlqmbpnlazhhkncgeowiss/Build/Products/Debug-iphonesimulator/XCFrameworkIntermediates/hermes-engine/Pre-built\"
    export FRAMEWORK_VERSION\=A
    export FUSE_BUILD_PHASES\=YES
    export FUSE_BUILD_SCRIPT_PHASES\=NO
    export GCC3_VERSION\=3.3
    export GCC_C_LANGUAGE_STANDARD\=gnu11
    export GCC_DYNAMIC_NO_PIC\=NO
    export GCC_NO_COMMON_BLOCKS\=YES
    export GCC_OBJC_LEGACY_DISPATCH\=YES
    export GCC_OPTIMIZATION_LEVEL\=0
    export GCC_PFE_FILE_C_DIALECTS\=c\ objective-c\ c++\ objective-c++
    export GCC_PREPROCESSOR_DEFINITIONS\=POD_CONFIGURATION_DEBUG\=1\ DEBUG\=1\ \ COCOAPODS\=1\ HERMES_ENABLE_DEBUGGER\=1
    export GCC_TREAT_WARNINGS_AS_ERRORS\=NO
    export GCC_VERSION\=com.apple.compilers.llvm.clang.1_0
    export GCC_VERSION_IDENTIFIER\=com_apple_compilers_llvm_clang_1_0
    export GCC_WARN_64_TO_32_BIT_CONVERSION\=YES
    export GCC_WARN_ABOUT_RETURN_TYPE\=YES_ERROR
    export GCC_WARN_INHIBIT_ALL_WARNINGS\=YES
    export GCC_WARN_UNDECLARED_SELECTOR\=YES
    export GCC_WARN_UNINITIALIZED_AUTOS\=YES_AGGRESSIVE
    export GCC_WARN_UNUSED_FUNCTION\=YES
    export GCC_WARN_UNUSED_VARIABLE\=YES
    export GENERATED_MODULEMAP_DIR\=/Users/karelbraborec/Library/Developer/Xcode/DerivedData/revmeter-hbcnswmlqmbpnlazhhkncgeowiss/Build/Intermediates.noindex/GeneratedModuleMaps-iphonesimulator
    export GENERATE_INFOPLIST_FILE\=NO
    export GENERATE_INTERMEDIATE_TEXT_BASED_STUBS\=YES
    export GENERATE_PKGINFO_FILE\=NO
    export GENERATE_PRELINK_OBJECT_FILE\=NO
    export GENERATE_PROFILING_CODE\=NO
    export GENERATE_TEXT_BASED_STUBS\=NO
    export GID\=20
    export GROUP\=staff
    export HEADERMAP_INCLUDES_FLAT_ENTRIES_FOR_TARGET_BEING_BUILT\=YES
    export HEADERMAP_INCLUDES_FRAMEWORK_ENTRIES_FOR_ALL_PRODUCT_TYPES\=YES
    export HEADERMAP_INCLUDES_FRAMEWORK_ENTRIES_FOR_TARGETS_NOT_BEING_BUILT\=YES
    export HEADERMAP_INCLUDES_NONPUBLIC_NONPRIVATE_HEADERS\=YES
    export HEADERMAP_INCLUDES_PROJECT_HEADERS\=YES
    export HEADERMAP_USES_FRAMEWORK_PREFIX_ENTRIES\=YES
    export HEADERMAP_USES_VFS\=NO
    export HEADER_SEARCH_PATHS\=\ \"/Users/karelbraborec/rev-meter/ios/Pods/Headers/Private\"\ \"/Users/karelbraborec/rev-meter/ios/Pods/Headers/Private/hermes-engine\"\ \"/Users/karelbraborec/rev-meter/ios/Pods/Headers/Public\"\ \"/Users/karelbraborec/rev-meter/ios/Pods/Headers/Public/hermes-engine\"\ \"/Users/karelbraborec/rev-meter/ios/Pods/ExpoModulesCore/ExpoModulesCore.xcframework/ios-arm64_x86_64-simulator/ExpoModulesCore.framework/Headers\"\ \"/Users/karelbraborec/rev-meter/ios/Pods/ExpoModulesCore/ExpoModulesCore.xcframework/ios-arm64/ExpoModulesCore.framework/Headers\"\ \"/Users/karelbraborec/rev-meter/ios/Pods/ExpoModulesCore/ExpoModulesCore.xcframework/ios-arm64_x86_64-simulator/ExpoModulesCore.framework/Headers\"\ \"/Users/karelbraborec/rev-meter/ios/Pods/ExpoModulesCore/ExpoModulesCore.xcframework/ios-arm64/ExpoModulesCore.framework/Headers\"
    export HOME\=/Users/karelbraborec
    export HOST_ARCH\=arm64
    export HOST_PLATFORM\=macosx
    export ICONV\=/usr/bin/iconv
    export IMPLICIT_DEPENDENCY_DOMAIN\=default
    export INDEX_STORE_COMPRESS\=NO
    export INDEX_STORE_ONLY_PROJECT_FILES\=NO
    export INFOPLIST_ENABLE_CFBUNDLEICONS_MERGE\=YES
    export INFOPLIST_EXPAND_BUILD_SETTINGS\=YES
    export INFOPLIST_OUTPUT_FORMAT\=binary
    export INFOPLIST_PREPROCESS\=NO
    export INLINE_PRIVATE_FRAMEWORKS\=NO
    export INSTALLAPI_IGNORE_SKIP_INSTALL\=YES
    export INSTALLHDRS_COPY_PHASE\=NO
    export INSTALLHDRS_SCRIPT_PHASE\=NO
    export INSTALL_DIR\=/tmp/Pods.dst
    export INSTALL_GROUP\=staff
    export INSTALL_MODE_FLAG\=u+w,go-w,a+rX
    export INSTALL_OWNER\=karelbraborec
    export INSTALL_ROOT\=/tmp/Pods.dst
    export IPHONEOS_DEPLOYMENT_TARGET\=15.1
    export IS_UNOPTIMIZED_BUILD\=YES
    export JAVAC_DEFAULT_FLAGS\=-J-Xms64m\ -J-XX:NewSize\=4M\ -J-Dfile.encoding\=UTF8
    export JAVA_APP_STUB\=/System/Library/Frameworks/JavaVM.framework/Resources/MacOS/JavaApplicationStub
    export JAVA_ARCHIVE_CLASSES\=YES
    export JAVA_ARCHIVE_TYPE\=JAR
    export JAVA_COMPILER\=/usr/bin/javac
    export JAVA_FRAMEWORK_RESOURCES_DIRS\=Resources
    export JAVA_JAR_FLAGS\=cv
    export JAVA_SOURCE_SUBDIR\=.
    export JAVA_USE_DEPENDENCIES\=YES
    export JAVA_ZIP_FLAGS\=-urg
    export JIKES_DEFAULT_FLAGS\=+E\ +OLDCSO
    export KEEP_PRIVATE_EXTERNS\=NO
    export LD_DEPENDENCY_INFO_FILE\=/Users/karelbraborec/Library/Developer/Xcode/DerivedData/revmeter-hbcnswmlqmbpnlazhhkncgeowiss/Build/Intermediates.noindex/Pods.build/Debug-iphonesimulator/hermes-engine.build/Objects-normal/undefined_arch/hermes-engine_dependency_info.dat
    export LD_EXPORT_SYMBOLS\=YES
    export LD_GENERATE_MAP_FILE\=NO
    export LD_MAP_FILE_PATH\=/Users/karelbraborec/Library/Developer/Xcode/DerivedData/revmeter-hbcnswmlqmbpnlazhhkncgeowiss/Build/Intermediates.noindex/Pods.build/Debug-iphonesimulator/hermes-engine.build/hermes-engine-LinkMap-normal-undefined_arch.txt
    export LD_NO_PIE\=NO
    export LD_QUOTE_LINKER_ARGUMENTS_FOR_COMPILER_DRIVER\=YES
    export LD_RUNPATH_SEARCH_PATHS\=\ @executable_path/Frameworks
    export LD_SHARED_CACHE_ELIGIBLE\=Automatic
    export LD_WARN_DUPLICATE_LIBRARIES\=NO
    export LD_WARN_UNUSED_DYLIBS\=NO
    export LEGACY_DEVELOPER_DIR\=/Applications/Xcode.app/Contents/PlugIns/Xcode3Core.ideplugin/Contents/SharedSupport/Developer
    export LEX\=lex
    export LIBRARY_DEXT_INSTALL_PATH\=/Library/DriverExtensions
    export LIBRARY_FLAG_NOSPACE\=YES
    export LIBRARY_KEXT_INSTALL_PATH\=/Library/Extensions
    export LINKER_DISPLAYS_MANGLED_NAMES\=NO
    export LINK_FILE_LIST_normal_arm64\=/Users/karelbraborec/Library/Developer/Xcode/DerivedData/revmeter-hbcnswmlqmbpnlazhhkncgeowiss/Build/Intermediates.noindex/Pods.build/Debug-iphonesimulator/hermes-engine.build/Objects-normal/arm64/hermes-engine.LinkFileList
    export LINK_FILE_LIST_normal_x86_64\=/Users/karelbraborec/Library/Developer/Xcode/DerivedData/revmeter-hbcnswmlqmbpnlazhhkncgeowiss/Build/Intermediates.noindex/Pods.build/Debug-iphonesimulator/hermes-engine.build/Objects-normal/x86_64/hermes-engine.LinkFileList
    export LINK_OBJC_RUNTIME\=YES
    export LINK_WITH_STANDARD_LIBRARIES\=YES
    export LLVM_TARGET_TRIPLE_OS_VERSION\=ios15.1
    export LLVM_TARGET_TRIPLE_SUFFIX\=-simulator
    export LLVM_TARGET_TRIPLE_VENDOR\=apple
    export LM_AUX_CONST_METADATA_LIST_PATH_normal_arm64\=/Users/karelbraborec/Library/Developer/Xcode/DerivedData/revmeter-hbcnswmlqmbpnlazhhkncgeowiss/Build/Intermediates.noindex/Pods.build/Debug-iphonesimulator/hermes-engine.build/Objects-normal/arm64/hermes-engine.SwiftConstValuesFileList
    export LM_AUX_CONST_METADATA_LIST_PATH_normal_x86_64\=/Users/karelbraborec/Library/Developer/Xcode/DerivedData/revmeter-hbcnswmlqmbpnlazhhkncgeowiss/Build/Intermediates.noindex/Pods.build/Debug-iphonesimulator/hermes-engine.build/Objects-normal/x86_64/hermes-engine.SwiftConstValuesFileList
    export LOCALIZATION_EXPORT_SUPPORTED\=YES
    export LOCALIZATION_PREFERS_STRING_CATALOGS\=NO
    export LOCALIZED_STRING_CODE_COMMENTS\=NO
    export LOCALIZED_STRING_MACRO_NAMES\=NSLocalizedString\ CFCopyLocalizedString
    export LOCALIZED_STRING_SWIFTUI_SUPPORT\=YES
    export LOCAL_ADMIN_APPS_DIR\=/Applications/Utilities
    export LOCAL_APPS_DIR\=/Applications
    export LOCAL_DEVELOPER_DIR\=/Library/Developer
    export LOCAL_LIBRARY_DIR\=/Library
    export LOCROOT\=/Users/karelbraborec/rev-meter/ios/Pods
    export LOCSYMROOT\=/Users/karelbraborec/rev-meter/ios/Pods
    export MAC_OS_X_PRODUCT_BUILD_VERSION\=25F84
    export MAC_OS_X_VERSION_ACTUAL\=260502
    export MAC_OS_X_VERSION_MAJOR\=260000
    export MAC_OS_X_VERSION_MINOR\=260500
    export MAKE_MERGEABLE\=NO
    export MERGEABLE_LIBRARY\=NO
    export MERGED_BINARY_TYPE\=none
    export MERGE_LINKED_LIBRARIES\=NO
    export METAL_LIBRARY_FILE_BASE\=default
    export METAL_LIBRARY_OUTPUT_DIR\=/Users/karelbraborec/Library/Developer/Xcode/DerivedData/revmeter-hbcnswmlqmbpnlazhhkncgeowiss/Build/Products/Debug-iphonesimulator/hermes-engine/
    export MODULE_CACHE_DIR\=/Users/karelbraborec/Library/Developer/Xcode/DerivedData/ModuleCache.noindex
    export MTL_ENABLE_DEBUG_INFO\=INCLUDE_SOURCE
    export MTL_FAST_MATH\=YES
    export NATIVE_ARCH\=arm64
    export NATIVE_ARCH_32_BIT\=arm
    export NATIVE_ARCH_64_BIT\=arm64
    export NATIVE_ARCH_ACTUAL\=arm64
    export NO_COMMON\=YES
    export OBJC_ABI_VERSION\=2
    export OBJECT_FILE_DIR\=/Users/karelbraborec/Library/Developer/Xcode/DerivedData/revmeter-hbcnswmlqmbpnlazhhkncgeowiss/Build/Intermediates.noindex/Pods.build/Debug-iphonesimulator/hermes-engine.build/Objects
    export OBJECT_FILE_DIR_normal\=/Users/karelbraborec/Library/Developer/Xcode/DerivedData/revmeter-hbcnswmlqmbpnlazhhkncgeowiss/Build/Intermediates.noindex/Pods.build/Debug-iphonesimulator/hermes-engine.build/Objects-normal
    export OBJROOT\=/Users/karelbraborec/Library/Developer/Xcode/DerivedData/revmeter-hbcnswmlqmbpnlazhhkncgeowiss/Build/Intermediates.noindex
    export ONLY_ACTIVE_ARCH\=NO
    export OS\=MACOS
    export OSAC\=/usr/bin/osacompile
    export OTHER_CFLAGS\=\ -DRCT_REMOVE_LEGACY_ARCH\=1\ -ivfsoverlay\ \"/Users/karelbraborec/rev-meter/ios/Pods/React-Core-prebuilt/React-VFS.yaml\"
    export OTHER_CPLUSPLUSFLAGS\=\ -DRCT_REMOVE_LEGACY_ARCH\=1\ -ivfsoverlay\ \"/Users/karelbraborec/rev-meter/ios/Pods/React-Core-prebuilt/React-VFS.yaml\"\ -DRCT_REMOVE_LEGACY_ARCH\=1\ -ivfsoverlay\ \"/Users/karelbraborec/rev-meter/ios/Pods/React-Core-prebuilt/React-VFS.yaml\"
    export OTHER_SWIFT_FLAGS\=\ -Xcc\ -ivfsoverlay\ -Xcc\ \"/Users/karelbraborec/rev-meter/ios/Pods/React-Core-prebuilt/React-VFS.yaml\"\ -Xcc\ -Wno-incomplete-umbrella
    export PASCAL_STRINGS\=YES
    export PATH\=/Applications/Xcode.app/Contents/SharedFrameworks/SwiftBuild.framework/Versions/A/PlugIns/SWBBuildService.bundle/Contents/PlugIns/SWBUniversalPlatformPlugin.bundle/Contents/Frameworks/SWBUniversalPlatform.framework/Resources:/Applications/Xcode.app/Contents/Developer/Toolchains/XcodeDefault.xctoolchain/usr/bin:/Applications/Xcode.app/Contents/Developer/Toolchains/XcodeDefault.xctoolchain/usr/local/bin:/Applications/Xcode.app/Contents/Developer/Toolchains/XcodeDefault.xctoolchain/usr/libexec:/Applications/Xcode.app/Contents/Developer/Platforms/iPhoneSimulator.platform/usr/bin:/Applications/Xcode.app/Contents/Developer/Platforms/iPhoneSimulator.platform/usr/local/bin:/Applications/Xcode.app/Contents/Developer/Platforms/iPhoneSimulator.platform/Developer/usr/bin:/Applications/Xcode.app/Contents/Developer/Platforms/iPhoneSimulator.platform/Developer/usr/local/bin:/Applications/Xcode.app/Contents/Developer/usr/bin:/Applications/Xcode.app/Contents/Developer/usr/local/bin:/Users/karelbraborec/.gemini/antigravity-ide/bin:/usr/local/bin:/System/Cryptexes/App/usr/bin:/usr/bin:/bin:/usr/sbin:/sbin:/var/run/com.apple.security.cryptexd/codex.system/bootstrap/usr/local/bin:/var/run/com.apple.security.cryptexd/codex.system/bootstrap/usr/bin:/var/run/com.apple.security.cryptexd/codex.system/bootstrap/usr/appleinternal/bin:/pkg/env/global/bin:/Library/Apple/usr/bin:/opt/homebrew/bin
    export PATH_PREFIXES_EXCLUDED_FROM_HEADER_DEPENDENCIES\=/usr/include\ /usr/local/include\ /System/Library/Frameworks\ /System/Library/PrivateFrameworks\ /Applications/Xcode.app/Contents/Developer/Headers\ /Applications/Xcode.app/Contents/Developer/SDKs\ /Applications/Xcode.app/Contents/Developer/Platforms
    export PER_ARCH_MODULE_FILE_DIR\=/Users/karelbraborec/Library/Developer/Xcode/DerivedData/revmeter-hbcnswmlqmbpnlazhhkncgeowiss/Build/Intermediates.noindex/Pods.build/Debug-iphonesimulator/hermes-engine.build/Objects-normal/undefined_arch
    export PER_ARCH_OBJECT_FILE_DIR\=/Users/karelbraborec/Library/Developer/Xcode/DerivedData/revmeter-hbcnswmlqmbpnlazhhkncgeowiss/Build/Intermediates.noindex/Pods.build/Debug-iphonesimulator/hermes-engine.build/Objects-normal/undefined_arch
    export PER_VARIANT_OBJECT_FILE_DIR\=/Users/karelbraborec/Library/Developer/Xcode/DerivedData/revmeter-hbcnswmlqmbpnlazhhkncgeowiss/Build/Intermediates.noindex/Pods.build/Debug-iphonesimulator/hermes-engine.build/Objects-normal
    export PKGINFO_FILE_PATH\=/Users/karelbraborec/Library/Developer/Xcode/DerivedData/revmeter-hbcnswmlqmbpnlazhhkncgeowiss/Build/Intermediates.noindex/Pods.build/Debug-iphonesimulator/hermes-engine.build/PkgInfo
    export PLATFORM_DEVELOPER_APPLICATIONS_DIR\=/Applications/Xcode.app/Contents/Developer/Platforms/iPhoneSimulator.platform/Developer/Applications
    export PLATFORM_DEVELOPER_BIN_DIR\=/Applications/Xcode.app/Contents/Developer/Platforms/iPhoneSimulator.platform/Developer/usr/bin
    export PLATFORM_DEVELOPER_LIBRARY_DIR\=/Applications/Xcode.app/Contents/Developer/Platforms/iPhoneSimulator.platform/Developer/Library
    export PLATFORM_DEVELOPER_SDK_DIR\=/Applications/Xcode.app/Contents/Developer/Platforms/iPhoneSimulator.platform/Developer/SDKs
    export PLATFORM_DEVELOPER_TOOLS_DIR\=/Applications/Xcode.app/Contents/Developer/Platforms/iPhoneSimulator.platform/Developer/Tools
    export PLATFORM_DEVELOPER_USR_DIR\=/Applications/Xcode.app/Contents/Developer/Platforms/iPhoneSimulator.platform/Developer/usr
    export PLATFORM_DIR\=/Applications/Xcode.app/Contents/Developer/Platforms/iPhoneSimulator.platform
    export PLATFORM_DISPLAY_NAME\=iOS\ Simulator
    export PLATFORM_FAMILY_NAME\=iOS
    export PLATFORM_NAME\=iphonesimulator
    export PLATFORM_PREFERRED_ARCH\=x86_64
    export PLATFORM_PRODUCT_BUILD_VERSION\=23F81a
    export PLATFORM_REQUIRES_SWIFT_AUTOLINK_EXTRACT\=NO
    export PLATFORM_REQUIRES_SWIFT_MODULEWRAP\=NO
    export PLATFORM_USES_DSYMS\=YES
    export PLIST_FILE_OUTPUT_FORMAT\=binary
    export PODFILE_DIR\=/Users/karelbraborec/rev-meter/ios/Pods/..
    export PODS_BUILD_DIR\=/Users/karelbraborec/Library/Developer/Xcode/DerivedData/revmeter-hbcnswmlqmbpnlazhhkncgeowiss/Build/Products
    export PODS_CONFIGURATION_BUILD_DIR\=/Users/karelbraborec/Library/Developer/Xcode/DerivedData/revmeter-hbcnswmlqmbpnlazhhkncgeowiss/Build/Products/Debug-iphonesimulator
    export PODS_DEVELOPMENT_LANGUAGE\=en
    export PODS_ROOT\=/Users/karelbraborec/rev-meter/ios/Pods
    export PODS_TARGET_SRCROOT\=/Users/karelbraborec/rev-meter/ios/Pods/hermes-engine
    export PODS_XCFRAMEWORKS_BUILD_DIR\=/Users/karelbraborec/Library/Developer/Xcode/DerivedData/revmeter-hbcnswmlqmbpnlazhhkncgeowiss/Build/Products/Debug-iphonesimulator/XCFrameworkIntermediates
    export PRECOMPS_INCLUDE_HEADERS_FROM_BUILT_PRODUCTS_DIR\=YES
    export PRECOMP_DESTINATION_DIR\=/Users/karelbraborec/Library/Developer/Xcode/DerivedData/revmeter-hbcnswmlqmbpnlazhhkncgeowiss/Build/Intermediates.noindex/Pods.build/Debug-iphonesimulator/hermes-engine.build/PrefixHeaders
    export PROCESSED_INFOPLIST_PATH\=/Users/karelbraborec/Library/Developer/Xcode/DerivedData/revmeter-hbcnswmlqmbpnlazhhkncgeowiss/Build/Intermediates.noindex/Pods.build/Debug-iphonesimulator/hermes-engine.build/Objects-normal/undefined_arch/Processed-Info.plist
    export PRODUCT_BUNDLE_IDENTIFIER\=org.cocoapods.hermes-engine
    export PRODUCT_MODULE_NAME\=hermes_engine
    export PRODUCT_NAME\=hermes-engine
    export PRODUCT_SETTINGS_PATH\=
    export PROFILING_CODE\=NO
    export PROJECT\=Pods
    export PROJECT_DERIVED_FILE_DIR\=/Users/karelbraborec/Library/Developer/Xcode/DerivedData/revmeter-hbcnswmlqmbpnlazhhkncgeowiss/Build/Intermediates.noindex/Pods.build/DerivedSources
    export PROJECT_DIR\=/Users/karelbraborec/rev-meter/ios/Pods
    export PROJECT_FILE_PATH\=/Users/karelbraborec/rev-meter/ios/Pods/Pods.xcodeproj
    export PROJECT_GUID\=8699adb1dd336b26511df848a716bd42
    export PROJECT_NAME\=Pods
    export PROJECT_TEMP_DIR\=/Users/karelbraborec/Library/Developer/Xcode/DerivedData/revmeter-hbcnswmlqmbpnlazhhkncgeowiss/Build/Intermediates.noindex/Pods.build
    export PROJECT_TEMP_ROOT\=/Users/karelbraborec/Library/Developer/Xcode/DerivedData/revmeter-hbcnswmlqmbpnlazhhkncgeowiss/Build/Intermediates.noindex
    export REACT_NATIVE_PATH\=/Users/karelbraborec/rev-meter/ios/Pods/../../node_modules/react-native
    export RECOMMENDED_IPHONEOS_DEPLOYMENT_TARGET\=15.0
    export RECURSIVE_SEARCH_PATHS_FOLLOW_SYMLINKS\=YES
    export REMOVE_CVS_FROM_RESOURCES\=YES
    export REMOVE_GIT_FROM_RESOURCES\=YES
    export REMOVE_HEADERS_FROM_EMBEDDED_BUNDLES\=YES
    export REMOVE_HG_FROM_RESOURCES\=YES
    export REMOVE_STATIC_EXECUTABLES_FROM_EMBEDDED_BUNDLES\=YES
    export REMOVE_SVN_FROM_RESOURCES\=YES
    export RESCHEDULE_INDEPENDENT_HEADERS_PHASES\=YES
    export REZ_COLLECTOR_DIR\=/Users/karelbraborec/Library/Developer/Xcode/DerivedData/revmeter-hbcnswmlqmbpnlazhhkncgeowiss/Build/Intermediates.noindex/Pods.build/Debug-iphonesimulator/hermes-engine.build/ResourceManagerResources
    export REZ_OBJECTS_DIR\=/Users/karelbraborec/Library/Developer/Xcode/DerivedData/revmeter-hbcnswmlqmbpnlazhhkncgeowiss/Build/Intermediates.noindex/Pods.build/Debug-iphonesimulator/hermes-engine.build/ResourceManagerResources/Objects
    export RPATH_ORIGIN\=@loader_path
    export RUNTIME_EXCEPTION_ALLOW_DYLD_ENVIRONMENT_VARIABLES\=NO
    export RUNTIME_EXCEPTION_ALLOW_JIT\=NO
    export RUNTIME_EXCEPTION_ALLOW_UNSIGNED_EXECUTABLE_MEMORY\=NO
    export RUNTIME_EXCEPTION_DEBUGGING_TOOL\=NO
    export RUNTIME_EXCEPTION_DISABLE_EXECUTABLE_PAGE_PROTECTION\=NO
    export RUNTIME_EXCEPTION_DISABLE_LIBRARY_VALIDATION\=NO
    export SCANNING_PCM_KEEP_CACHE_DIRECTORY\=YES
    export SCAN_ALL_SOURCE_FILES_FOR_INCLUDES\=NO
    export SCRIPT_INPUT_FILE_COUNT\=0
    export SCRIPT_INPUT_FILE_LIST_COUNT\=0
    export SCRIPT_OUTPUT_FILE_COUNT\=0
    export SCRIPT_OUTPUT_FILE_LIST_COUNT\=0
    export SDKROOT\=/Applications/Xcode.app/Contents/Developer/Platforms/iPhoneSimulator.platform/Developer/SDKs/iPhoneSimulator26.5.sdk
    export SDK_DIR\=/Applications/Xcode.app/Contents/Developer/Platforms/iPhoneSimulator.platform/Developer/SDKs/iPhoneSimulator26.5.sdk
    export SDK_DIR_iphonesimulator\=/Applications/Xcode.app/Contents/Developer/Platforms/iPhoneSimulator.platform/Developer/SDKs/iPhoneSimulator26.5.sdk
    export SDK_DIR_iphonesimulator26_5\=/Applications/Xcode.app/Contents/Developer/Platforms/iPhoneSimulator.platform/Developer/SDKs/iPhoneSimulator26.5.sdk
    export SDK_NAME\=iphonesimulator26.5
    export SDK_NAMES\=iphonesimulator26.5
    export SDK_PRODUCT_BUILD_VERSION\=23F81a
    export SDK_STAT_CACHE_DIR\=/Users/karelbraborec/Library/Developer/Xcode/DerivedData
    export SDK_STAT_CACHE_ENABLE\=YES
    export SDK_STAT_CACHE_PATH\=/Users/karelbraborec/Library/Developer/Xcode/DerivedData/SDKStatCaches.noindex/iphonesimulator26.5-23F81a-6cfe768891a92b912361537c460fe42b.sdkstatcache
    export SDK_VERSION\=26.5
    export SDK_VERSION_ACTUAL\=260500
    export SDK_VERSION_MAJOR\=260000
    export SDK_VERSION_MINOR\=260500
    export SED\=/usr/bin/sed
    export SEPARATE_STRIP\=NO
    export SEPARATE_SYMBOL_EDIT\=NO
    export SET_DIR_MODE_OWNER_GROUP\=YES
    export SET_FILE_MODE_OWNER_GROUP\=NO
    export SHALLOW_BUNDLE\=NO
    export SHARED_DERIVED_FILE_DIR\=/Users/karelbraborec/Library/Developer/Xcode/DerivedData/revmeter-hbcnswmlqmbpnlazhhkncgeowiss/Build/Products/Debug-iphonesimulator/hermes-engine/DerivedSources
    export SHARED_PRECOMPS_DIR\=/Users/karelbraborec/Library/Developer/Xcode/DerivedData/revmeter-hbcnswmlqmbpnlazhhkncgeowiss/Build/Intermediates.noindex/PrecompiledHeaders
    export SKIP_INSTALL\=YES
    export SKIP_MERGEABLE_LIBRARY_BUNDLE_HOOK\=NO
    export SOURCE_ROOT\=/Users/karelbraborec/rev-meter/ios/Pods
    export SRCROOT\=/Users/karelbraborec/rev-meter/ios/Pods
    export STRINGSDATA_DIR\=/Users/karelbraborec/Library/Developer/Xcode/DerivedData/revmeter-hbcnswmlqmbpnlazhhkncgeowiss/Build/Intermediates.noindex/Pods.build/Debug-iphonesimulator/hermes-engine.build/Objects-normal/undefined_arch
    export STRINGSDATA_ROOT\=/Users/karelbraborec/Library/Developer/Xcode/DerivedData/revmeter-hbcnswmlqmbpnlazhhkncgeowiss/Build/Intermediates.noindex/Pods.build/Debug-iphonesimulator/hermes-engine.build
    export STRINGS_FILE_INFOPLIST_RENAME\=YES
    export STRINGS_FILE_OUTPUT_ENCODING\=binary
    export STRING_CATALOG_GENERATE_SYMBOLS\=NO
    export STRIP_BITCODE_FROM_COPIED_FILES\=NO
    export STRIP_INSTALLED_PRODUCT\=NO
    export STRIP_STYLE\=all
    export STRIP_SWIFT_SYMBOLS\=YES
    export SUPPORTED_DEVICE_FAMILIES\=1,2
    export SUPPORTED_PLATFORMS\=iphoneos\ iphonesimulator
    export SUPPORTS_TEXT_BASED_API\=NO
    export SUPPRESS_WARNINGS\=NO
    export SWIFT_ACTIVE_COMPILATION_CONDITIONS\=\ DEBUG
    export SWIFT_EMIT_CONST_VALUE_PROTOCOLS\=AnyResolverProviding\ AppEntity\ AppEnum\ AppExtension\ AppIntent\ AppIntentsPackage\ AppShortcutProviding\ AppShortcutsProvider\ AppUnionValue\ AppUnionValueCasesProviding\ DynamicOptionsProvider\ EntityQuery\ ExtensionPointDefining\ IntentValueQuery\ Resolver\ TransientEntity\ _AssistantIntentsProvider\ _GenerativeFunctionExtractable\ _IntentValueRepresentable
    export SWIFT_EMIT_LOC_STRINGS\=NO
    export SWIFT_EMIT_MODULE_INTERFACE\=NO
    export SWIFT_ENABLE_EXPLICIT_MODULES\=NO
    export SWIFT_OPTIMIZATION_LEVEL\=-Onone
    export SWIFT_PLATFORM_TARGET_PREFIX\=ios
    export SWIFT_RESPONSE_FILE_PATH_normal_arm64\=/Users/karelbraborec/Library/Developer/Xcode/DerivedData/revmeter-hbcnswmlqmbpnlazhhkncgeowiss/Build/Intermediates.noindex/Pods.build/Debug-iphonesimulator/hermes-engine.build/Objects-normal/arm64/hermes-engine.SwiftFileList
    export SWIFT_RESPONSE_FILE_PATH_normal_x86_64\=/Users/karelbraborec/Library/Developer/Xcode/DerivedData/revmeter-hbcnswmlqmbpnlazhhkncgeowiss/Build/Intermediates.noindex/Pods.build/Debug-iphonesimulator/hermes-engine.build/Objects-normal/x86_64/hermes-engine.SwiftFileList
    export SWIFT_VERSION\=5.0
    export SYMROOT\=/Users/karelbraborec/Library/Developer/Xcode/DerivedData/revmeter-hbcnswmlqmbpnlazhhkncgeowiss/Build/Products
    export SYSTEM_ADMIN_APPS_DIR\=/Applications/Utilities
    export SYSTEM_APPS_DIR\=/Applications
    export SYSTEM_CORE_SERVICES_DIR\=/System/Library/CoreServices
    export SYSTEM_DEMOS_DIR\=/Applications/Extras
    export SYSTEM_DEVELOPER_APPS_DIR\=/Applications/Xcode.app/Contents/Developer/Applications
    export SYSTEM_DEVELOPER_BIN_DIR\=/Applications/Xcode.app/Contents/Developer/usr/bin
    export SYSTEM_DEVELOPER_DEMOS_DIR\=/Applications/Xcode.app/Contents/Developer/Applications/Utilities/Built\ Examples
    export SYSTEM_DEVELOPER_DIR\=/Applications/Xcode.app/Contents/Developer
    export SYSTEM_DEVELOPER_DOC_DIR\=/Applications/Xcode.app/Contents/Developer/ADC\ Reference\ Library
    export SYSTEM_DEVELOPER_GRAPHICS_TOOLS_DIR\=/Applications/Xcode.app/Contents/Developer/Applications/Graphics\ Tools
    export SYSTEM_DEVELOPER_JAVA_TOOLS_DIR\=/Applications/Xcode.app/Contents/Developer/Applications/Java\ Tools
    export SYSTEM_DEVELOPER_PERFORMANCE_TOOLS_DIR\=/Applications/Xcode.app/Contents/Developer/Applications/Performance\ Tools
    export SYSTEM_DEVELOPER_RELEASENOTES_DIR\=/Applications/Xcode.app/Contents/Developer/ADC\ Reference\ Library/releasenotes
    export SYSTEM_DEVELOPER_TOOLS\=/Applications/Xcode.app/Contents/Developer/Tools
    export SYSTEM_DEVELOPER_TOOLS_DOC_DIR\=/Applications/Xcode.app/Contents/Developer/ADC\ Reference\ Library/documentation/DeveloperTools
    export SYSTEM_DEVELOPER_TOOLS_RELEASENOTES_DIR\=/Applications/Xcode.app/Contents/Developer/ADC\ Reference\ Library/releasenotes/DeveloperTools
    export SYSTEM_DEVELOPER_USR_DIR\=/Applications/Xcode.app/Contents/Developer/usr
    export SYSTEM_DEVELOPER_UTILITIES_DIR\=/Applications/Xcode.app/Contents/Developer/Applications/Utilities
    export SYSTEM_DEXT_INSTALL_PATH\=/System/Library/DriverExtensions
    export SYSTEM_DOCUMENTATION_DIR\=/Library/Documentation
    export SYSTEM_KEXT_INSTALL_PATH\=/System/Library/Extensions
    export SYSTEM_LIBRARY_DIR\=/System/Library
    export TAPI_DEMANGLE\=YES
    export TAPI_ENABLE_PROJECT_HEADERS\=NO
    export TAPI_LANGUAGE\=objective-c
    export TAPI_LANGUAGE_STANDARD\=compiler-default
    export TAPI_USE_SRCROOT\=YES
    export TAPI_VERIFY_MODE\=Pedantic
    export TARGETED_DEVICE_FAMILY\=1,2
    export TARGETNAME\=hermes-engine
    export TARGET_BUILD_DIR\=/Users/karelbraborec/Library/Developer/Xcode/DerivedData/revmeter-hbcnswmlqmbpnlazhhkncgeowiss/Build/Products/Debug-iphonesimulator/hermes-engine
    export TARGET_NAME\=hermes-engine
    export TARGET_TEMP_DIR\=/Users/karelbraborec/Library/Developer/Xcode/DerivedData/revmeter-hbcnswmlqmbpnlazhhkncgeowiss/Build/Intermediates.noindex/Pods.build/Debug-iphonesimulator/hermes-engine.build
    export TEMP_DIR\=/Users/karelbraborec/Library/Developer/Xcode/DerivedData/revmeter-hbcnswmlqmbpnlazhhkncgeowiss/Build/Intermediates.noindex/Pods.build/Debug-iphonesimulator/hermes-engine.build
    export TEMP_FILES_DIR\=/Users/karelbraborec/Library/Developer/Xcode/DerivedData/revmeter-hbcnswmlqmbpnlazhhkncgeowiss/Build/Intermediates.noindex/Pods.build/Debug-iphonesimulator/hermes-engine.build
    export TEMP_FILE_DIR\=/Users/karelbraborec/Library/Developer/Xcode/DerivedData/revmeter-hbcnswmlqmbpnlazhhkncgeowiss/Build/Intermediates.noindex/Pods.build/Debug-iphonesimulator/hermes-engine.build
    export TEMP_ROOT\=/Users/karelbraborec/Library/Developer/Xcode/DerivedData/revmeter-hbcnswmlqmbpnlazhhkncgeowiss/Build/Intermediates.noindex
    export TEMP_SANDBOX_DIR\=/Users/karelbraborec/Library/Developer/Xcode/DerivedData/revmeter-hbcnswmlqmbpnlazhhkncgeowiss/Build/Intermediates.noindex/TemporaryTaskSandboxes
    export TEST_FRAMEWORK_SEARCH_PATHS\=\ /Applications/Xcode.app/Contents/Developer/Platforms/iPhoneSimulator.platform/Developer/Library/Frameworks\ /Applications/Xcode.app/Contents/Developer/Platforms/iPhoneSimulator.platform/Developer/SDKs/iPhoneSimulator26.5.sdk/Developer/Library/Frameworks
    export TEST_LIBRARY_SEARCH_PATHS\=\ /Applications/Xcode.app/Contents/Developer/Platforms/iPhoneSimulator.platform/Developer/usr/lib
    export TOOLCHAINS\=com.apple.dt.toolchain.XcodeDefault
    export TOOLCHAIN_DIR\=/Applications/Xcode.app/Contents/Developer/Toolchains/XcodeDefault.xctoolchain
    export TREAT_MISSING_BASELINES_AS_TEST_FAILURES\=NO
    export TREAT_MISSING_SCRIPT_PHASE_OUTPUTS_AS_ERRORS\=NO
    export UID\=501
    export UNINSTALLED_PRODUCTS_DIR\=/Users/karelbraborec/Library/Developer/Xcode/DerivedData/revmeter-hbcnswmlqmbpnlazhhkncgeowiss/Build/Intermediates.noindex/UninstalledProducts
    export UNSTRIPPED_PRODUCT\=NO
    export USER\=karelbraborec
    export USER_APPS_DIR\=/Users/karelbraborec/Applications
    export USER_LIBRARY_DIR\=/Users/karelbraborec/Library
    export USE_DYNAMIC_NO_PIC\=YES
    export USE_HEADERMAP\=YES
    export USE_HEADER_SYMLINKS\=NO
    export USE_HERMES\=true
    export USE_RECURSIVE_SCRIPT_INPUTS_IN_SCRIPT_PHASES\=YES
    export VALIDATE_DEVELOPMENT_ASSET_PATHS\=YES_ERROR
    export VALIDATE_PRODUCT\=NO
    export VALID_ARCHS\=arm64\ x86_64
    export VERBOSE_PBXCP\=NO
    export VERSION_INFO_BUILDER\=karelbraborec
    export VERSION_INFO_FILE\=hermes-engine_vers.c
    export VERSION_INFO_STRING\=\"@\(\#\)PROGRAM:hermes-engine\ \ PROJECT:Pods-\"
    export WORKSPACE_DIR\=/Users/karelbraborec/rev-meter/ios
    export WRAP_ASSET_PACKS_IN_SEPARATE_DIRECTORIES\=NO
    export XCODE_APP_SUPPORT_DIR\=/Applications/Xcode.app/Contents/Developer/Library/Xcode
    export XCODE_PRODUCT_BUILD_VERSION\=17F113
    export XCODE_VERSION_ACTUAL\=2660
    export XCODE_VERSION_MAJOR\=2600
    export XCODE_VERSION_MINOR\=2660
    export XPCSERVICES_FOLDER_PATH\=/XPCServices
    export YACC\=yacc
    export _DISCOVER_COMMAND_LINE_LINKER_INPUTS\=YES
    export _DISCOVER_COMMAND_LINE_LINKER_INPUTS_INCLUDE_WL\=YES
    export _LD_MULTIARCH\=YES
    export __DIAGNOSE_DEPRECATED_ARCHS\=YES
    export __ORIGINAL_SDK_DEFINED_LLVM_TARGET_TRIPLE_SYS\=ios
    export arch\=undefined_arch
    export variant\=normal
    /bin/sh -c /Users/karelbraborec/Library/Developer/Xcode/DerivedData/revmeter-hbcnswmlqmbpnlazhhkncgeowiss/Build/Intermediates.noindex/Pods.build/Debug-iphonesimulator/hermes-engine.build/Script-46EB2E0001F4A0.sh
Node found at: /usr/local/bin/node
No previous build detected, but Debug Configuration. No need to replace Hermes engine

WriteAuxiliaryFile /Users/karelbraborec/Library/Developer/Xcode/DerivedData/revmeter-hbcnswmlqmbpnlazhhkncgeowiss/Build/Intermediates.noindex/revmeter.build/Debug-iphonesimulator/revmeter.build/DerivedSources/Entitlements-Simulated.plist (in target 'revmeter' from project 'revmeter')
    cd /Users/karelbraborec/rev-meter/ios
    write-file /Users/karelbraborec/Library/Developer/Xcode/DerivedData/revmeter-hbcnswmlqmbpnlazhhkncgeowiss/Build/Intermediates.noindex/revmeter.build/Debug-iphonesimulator/revmeter.build/DerivedSources/Entitlements-Simulated.plist

PhaseScriptExecution [CP-User]\ [RNDeps]\ Replace\ React\ Native\ Dependencies\ for\ the\ right\ configuration,\ if\ needed /Users/karelbraborec/Library/Developer/Xcode/DerivedData/revmeter-hbcnswmlqmbpnlazhhkncgeowiss/Build/Intermediates.noindex/Pods.build/Debug-iphonesimulator/ReactNativeDependencies.build/Script-46EB2E0001F480.sh (in target 'ReactNativeDependencies' from project 'Pods')
    cd /Users/karelbraborec/rev-meter/ios/Pods
    export ACTION\=build
    export AD_HOC_CODE_SIGNING_ALLOWED\=YES
    export ALLOW_BUILD_REQUEST_OVERRIDES\=NO
    export ALLOW_TARGET_PLATFORM_SPECIALIZATION\=NO
    export ALTERNATE_GROUP\=staff
    export ALTERNATE_MODE\=u+w,go-w,a+rX
    export ALTERNATE_OWNER\=karelbraborec
    export ALTERNATIVE_DISTRIBUTION_WEB\=NO
    export ALWAYS_EMBED_SWIFT_STANDARD_LIBRARIES\=NO
    export ALWAYS_SEARCH_USER_PATHS\=NO
    export ALWAYS_USE_SEPARATE_HEADERMAPS\=NO
    export APPLICATION_EXTENSION_API_ONLY\=NO
    export APPLY_RULES_IN_COPY_FILES\=NO
    export APPLY_RULES_IN_COPY_HEADERS\=NO
    export APP_SHORTCUTS_ENABLE_FLEXIBLE_MATCHING\=YES
    export ARCHS\=arm64\ x86_64
    export ARCHS_BASE\=arm64\ x86_64
    export ARCHS_STANDARD\=arm64\ x86_64
    export ARCHS_STANDARD_32_64_BIT\=arm64\ x86_64
    export ARCHS_STANDARD_64_BIT\=arm64\ x86_64
    export ARCHS_STANDARD_INCLUDING_64_BIT\=arm64\ x86_64
    export ARCHS_UNIVERSAL_IPHONE_OS\=arm64\ x86_64
    export ASSETCATALOG_COMPILER_APPICON_NAME\=AppIcon
    export ASSETCATALOG_COMPILER_GLOBAL_ACCENT_COLOR_NAME\=AccentColor
    export AUTOMATICALLY_MERGE_DEPENDENCIES\=NO
    export AUTOMATION_APPLE_EVENTS\=NO
    export AVAILABLE_PLATFORMS\=android\ appletvos\ appletvsimulator\ driverkit\ freebsd\ iphoneos\ iphonesimulator\ linux\ macosx\ none\ openbsd\ qnx\ watchos\ watchsimulator\ webassembly\ xros\ xrsimulator
    export BUILD_ACTIVE_RESOURCES_ONLY\=NO
    export BUILD_COMPONENTS\=headers\ build
    export BUILD_DIR\=/Users/karelbraborec/Library/Developer/Xcode/DerivedData/revmeter-hbcnswmlqmbpnlazhhkncgeowiss/Build/Products
    export BUILD_LIBRARY_FOR_DISTRIBUTION\=NO
    export BUILD_ONLY_KNOWN_LOCALIZATIONS\=NO
    export BUILD_ROOT\=/Users/karelbraborec/Library/Developer/Xcode/DerivedData/revmeter-hbcnswmlqmbpnlazhhkncgeowiss/Build/Products
    export BUILD_STYLE\=
    export BUILD_VARIANTS\=normal
    export BUILT_PRODUCTS_DIR\=/Users/karelbraborec/Library/Developer/Xcode/DerivedData/revmeter-hbcnswmlqmbpnlazhhkncgeowiss/Build/Products/Debug-iphonesimulator/ReactNativeDependencies
    export BUNDLE_CONTENTS_FOLDER_PATH_deep\=Contents/
    export BUNDLE_EXECUTABLE_FOLDER_NAME_deep\=MacOS
    export BUNDLE_EXTENSIONS_FOLDER_PATH\=Extensions
    export BUNDLE_FORMAT\=shallow
    export BUNDLE_FRAMEWORKS_FOLDER_PATH\=Frameworks
    export BUNDLE_PLUGINS_FOLDER_PATH\=PlugIns
    export BUNDLE_PRIVATE_HEADERS_FOLDER_PATH\=PrivateHeaders
    export BUNDLE_PUBLIC_HEADERS_FOLDER_PATH\=Headers
    export CACHE_ROOT\=/var/folders/zn/6f_ddjd136v_cf62f8s84b0m0000gn/C/com.apple.DeveloperTools/26.6-17F113/Xcode
    export CCHROOT\=/var/folders/zn/6f_ddjd136v_cf62f8s84b0m0000gn/C/com.apple.DeveloperTools/26.6-17F113/Xcode
    export CHMOD\=/bin/chmod
    export CHOWN\=chown
    export CLANG_ANALYZER_LOCALIZABILITY_NONLOCALIZED\=YES
    export CLANG_ANALYZER_NONNULL\=YES
    export CLANG_ANALYZER_NUMBER_OBJECT_CONVERSION\=YES_AGGRESSIVE
    export CLANG_CACHE_FINE_GRAINED_OUTPUTS\=YES
    export CLANG_CXX_LANGUAGE_STANDARD\=c++20
    export CLANG_CXX_LIBRARY\=libc++
    export CLANG_ENABLE_EXPLICIT_MODULES\=YES
    export CLANG_ENABLE_MODULES\=YES
    export CLANG_ENABLE_OBJC_ARC\=YES
    export CLANG_ENABLE_OBJC_WEAK\=NO
    export CLANG_MODULES_BUILD_SESSION_FILE\=/Users/karelbraborec/Library/Developer/Xcode/DerivedData/ModuleCache.noindex/Session.modulevalidation
    export CLANG_WARN_BLOCK_CAPTURE_AUTORELEASING\=YES
    export CLANG_WARN_BOOL_CONVERSION\=YES
    export CLANG_WARN_COMMA\=YES
    export CLANG_WARN_CONSTANT_CONVERSION\=YES
    export CLANG_WARN_DEPRECATED_OBJC_IMPLEMENTATIONS\=YES
    export CLANG_WARN_DIRECT_OBJC_ISA_USAGE\=YES_ERROR
    export CLANG_WARN_DOCUMENTATION_COMMENTS\=YES
    export CLANG_WARN_EMPTY_BODY\=YES
    export CLANG_WARN_ENUM_CONVERSION\=YES
    export CLANG_WARN_INFINITE_RECURSION\=YES
    export CLANG_WARN_INT_CONVERSION\=YES
    export CLANG_WARN_NON_LITERAL_NULL_CONVERSION\=YES
    export CLANG_WARN_OBJC_IMPLICIT_RETAIN_SELF\=YES
    export CLANG_WARN_OBJC_LITERAL_CONVERSION\=YES
    export CLANG_WARN_OBJC_ROOT_CLASS\=YES_ERROR
    export CLANG_WARN_QUOTED_INCLUDE_IN_FRAMEWORK_HEADER\=NO
    export CLANG_WARN_RANGE_LOOP_ANALYSIS\=YES
    export CLANG_WARN_STRICT_PROTOTYPES\=YES
    export CLANG_WARN_SUSPICIOUS_MOVE\=YES
    export CLANG_WARN_UNGUARDED_AVAILABILITY\=YES_AGGRESSIVE
    export CLANG_WARN_UNREACHABLE_CODE\=YES
    export CLANG_WARN__DUPLICATE_METHOD_MATCH\=YES
    export CLASS_FILE_DIR\=/Users/karelbraborec/Library/Developer/Xcode/DerivedData/revmeter-hbcnswmlqmbpnlazhhkncgeowiss/Build/Intermediates.noindex/Pods.build/Debug-iphonesimulator/ReactNativeDependencies.build/JavaClasses
    export CLEAN_PRECOMPS\=YES
    export CLONE_HEADERS\=NO
    export CODESIGNING_FOLDER_PATH\=/Users/karelbraborec/Library/Developer/Xcode/DerivedData/revmeter-hbcnswmlqmbpnlazhhkncgeowiss/Build/Products/Debug-iphonesimulator/ReactNativeDependencies/
    export CODE_SIGNING_ALLOWED\=NO
    export CODE_SIGNING_REQUIRED\=YES
    export CODE_SIGN_CONTEXT_CLASS\=XCiPhoneSimulatorCodeSignContext
    export CODE_SIGN_IDENTITY\=-
    export CODE_SIGN_INJECT_BASE_ENTITLEMENTS\=YES
    export COLOR_DIAGNOSTICS\=NO
    export COMBINE_HIDPI_IMAGES\=NO
    export COMPILATION_CACHE_CAS_PATH\=/Users/karelbraborec/Library/Developer/Xcode/DerivedData/CompilationCache.noindex
    export COMPILATION_CACHE_KEEP_CAS_DIRECTORY\=YES
    export COMPILER_INDEX_STORE_ENABLE\=Default
    export COMPOSITE_SDK_DIRS\=/Users/karelbraborec/Library/Developer/Xcode/DerivedData/revmeter-hbcnswmlqmbpnlazhhkncgeowiss/Build/Intermediates.noindex/CompositeSDKs
    export COMPRESS_PNG_FILES\=YES
    export CONFIGURATION\=Debug
    export CONFIGURATION_BUILD_DIR\=/Users/karelbraborec/Library/Developer/Xcode/DerivedData/revmeter-hbcnswmlqmbpnlazhhkncgeowiss/Build/Products/Debug-iphonesimulator/ReactNativeDependencies
    export CONFIGURATION_TEMP_DIR\=/Users/karelbraborec/Library/Developer/Xcode/DerivedData/revmeter-hbcnswmlqmbpnlazhhkncgeowiss/Build/Intermediates.noindex/Pods.build/Debug-iphonesimulator
    export COPYING_PRESERVES_HFS_DATA\=NO
    export COPY_HEADERS_RUN_UNIFDEF\=NO
    export COPY_PHASE_STRIP\=NO
    export CORRESPONDING_DEVICE_PLATFORM_DIR\=/Applications/Xcode.app/Contents/Developer/Platforms/iPhoneOS.platform
    export CORRESPONDING_DEVICE_PLATFORM_NAME\=iphoneos
    export CORRESPONDING_DEVICE_SDK_DIR\=/Applications/Xcode.app/Contents/Developer/Platforms/iPhoneOS.platform/Developer/SDKs/iPhoneOS26.5.sdk
    export CORRESPONDING_DEVICE_SDK_NAME\=iphoneos26.5
    export CP\=/bin/cp
    export CREATE_INFOPLIST_SECTION_IN_BINARY\=NO
    export CURRENT_ARCH\=undefined_arch
    export CURRENT_VARIANT\=normal
    export DEAD_CODE_STRIPPING\=YES
    export DEBUGGING_SYMBOLS\=YES
    export DEBUG_INFORMATION_FORMAT\=dwarf
    export DEBUG_INFORMATION_VERSION\=compiler-default
    export DEFAULT_COMPILER\=com.apple.compilers.llvm.clang.1_0
    export DEFAULT_DEXT_INSTALL_PATH\=/System/Library/DriverExtensions
    export DEFAULT_KEXT_INSTALL_PATH\=/System/Library/Extensions
    export DEFINES_MODULE\=NO
    export DEPLOYMENT_LOCATION\=NO
    export DEPLOYMENT_POSTPROCESSING\=NO
    export DEPLOYMENT_TARGET_SETTING_NAME\=IPHONEOS_DEPLOYMENT_TARGET
    export DEPLOYMENT_TARGET_SUGGESTED_VALUES\=12.0\ 12.1\ 12.2\ 12.3\ 12.4\ 13.0\ 13.1\ 13.2\ 13.3\ 13.4\ 13.5\ 13.6\ 14.0\ 14.1\ 14.2\ 14.3\ 14.4\ 14.5\ 14.6\ 14.7\ 15.0\ 15.1\ 15.2\ 15.3\ 15.4\ 15.5\ 15.6\ 16.0\ 16.1\ 16.2\ 16.3\ 16.4\ 16.5\ 16.6\ 17.0\ 17.1\ 17.2\ 17.3\ 17.4\ 17.5\ 17.6\ 18.0\ 18.1\ 18.2\ 18.3\ 18.4\ 18.5\ 18.6\ 26.0\ 26.2\ 26.3\ 26.4\ 26.5
    export DERIVED_FILES_DIR\=/Users/karelbraborec/Library/Developer/Xcode/DerivedData/revmeter-hbcnswmlqmbpnlazhhkncgeowiss/Build/Intermediates.noindex/Pods.build/Debug-iphonesimulator/ReactNativeDependencies.build/DerivedSources
    export DERIVED_FILE_DIR\=/Users/karelbraborec/Library/Developer/Xcode/DerivedData/revmeter-hbcnswmlqmbpnlazhhkncgeowiss/Build/Intermediates.noindex/Pods.build/Debug-iphonesimulator/ReactNativeDependencies.build/DerivedSources
    export DERIVED_SOURCES_DIR\=/Users/karelbraborec/Library/Developer/Xcode/DerivedData/revmeter-hbcnswmlqmbpnlazhhkncgeowiss/Build/Intermediates.noindex/Pods.build/Debug-iphonesimulator/ReactNativeDependencies.build/DerivedSources
    export DEVELOPER_APPLICATIONS_DIR\=/Applications/Xcode.app/Contents/Developer/Applications
    export DEVELOPER_BIN_DIR\=/Applications/Xcode.app/Contents/Developer/usr/bin
    export DEVELOPER_DIR\=/Applications/Xcode.app/Contents/Developer
    export DEVELOPER_FRAMEWORKS_DIR\=/Applications/Xcode.app/Contents/Developer/Library/Frameworks
    export DEVELOPER_FRAMEWORKS_DIR_QUOTED\=/Applications/Xcode.app/Contents/Developer/Library/Frameworks
    export DEVELOPER_LIBRARY_DIR\=/Applications/Xcode.app/Contents/Developer/Library
    export DEVELOPER_SDK_DIR\=/Applications/Xcode.app/Contents/Developer/Platforms/MacOSX.platform/Developer/SDKs
    export DEVELOPER_TOOLS_DIR\=/Applications/Xcode.app/Contents/Developer/Tools
    export DEVELOPER_USR_DIR\=/Applications/Xcode.app/Contents/Developer/usr
    export DEVELOPMENT_LANGUAGE\=en
    export DIAGNOSE_MISSING_TARGET_DEPENDENCIES\=YES
    export DIFF\=/usr/bin/diff
    export DONT_GENERATE_INFOPLIST_FILE\=NO
    export DSTROOT\=/tmp/Pods.dst
    export DT_TOOLCHAIN_DIR\=/Applications/Xcode.app/Contents/Developer/Toolchains/XcodeDefault.xctoolchain
    export DUMP_DEPENDENCIES\=NO
    export DUMP_DEPENDENCIES_OUTPUT_PATH\=/Users/karelbraborec/Library/Developer/Xcode/DerivedData/revmeter-hbcnswmlqmbpnlazhhkncgeowiss/Build/Intermediates.noindex/Pods.build/Debug-iphonesimulator/ReactNativeDependencies.build/ReactNativeDependencies-BuildDependencyInfo.json
    export DWARF_DSYM_FILE_NAME\=.dSYM
    export DWARF_DSYM_FILE_SHOULD_ACCOMPANY_PRODUCT\=NO
    export DWARF_DSYM_FOLDER_PATH\=/Users/karelbraborec/Library/Developer/Xcode/DerivedData/revmeter-hbcnswmlqmbpnlazhhkncgeowiss/Build/Products/Debug-iphonesimulator/ReactNativeDependencies
    export DYNAMIC_LIBRARY_EXTENSION\=dylib
    export EAGER_COMPILATION_ALLOW_SCRIPTS\=NO
    export EAGER_LINKING\=NO
    export EFFECTIVE_PLATFORM_NAME\=-iphonesimulator
    export EFFECTIVE_SWIFT_VERSION\=5
    export EMBEDDED_CONTENT_CONTAINS_SWIFT\=NO
    export EMBED_ASSET_PACKS_IN_PRODUCT_BUNDLE\=NO
    export ENABLE_APP_SANDBOX\=NO
    export ENABLE_CODE_COVERAGE\=YES
    export ENABLE_COHORT_ARCHS\=NO
    export ENABLE_CPLUSPLUS_BOUNDS_SAFE_BUFFERS\=NO
    export ENABLE_C_BOUNDS_SAFETY\=NO
    export ENABLE_DEFAULT_HEADER_SEARCH_PATHS\=YES
    export ENABLE_DEFAULT_SEARCH_PATHS\=YES
    export ENABLE_ENHANCED_SECURITY\=NO
    export ENABLE_HARDENED_RUNTIME\=NO
    export ENABLE_HEADER_DEPENDENCIES\=YES
    export ENABLE_INCOMING_NETWORK_CONNECTIONS\=NO
    export ENABLE_ON_DEMAND_RESOURCES\=NO
    export ENABLE_OUTGOING_NETWORK_CONNECTIONS\=NO
    export ENABLE_POINTER_AUTHENTICATION\=NO
    export ENABLE_PREVIEWS\=NO
    export ENABLE_RESOURCE_ACCESS_AUDIO_INPUT\=NO
    export ENABLE_RESOURCE_ACCESS_BLUETOOTH\=NO
    export ENABLE_RESOURCE_ACCESS_CALENDARS\=NO
    export ENABLE_RESOURCE_ACCESS_CAMERA\=NO
    export ENABLE_RESOURCE_ACCESS_CONTACTS\=NO
    export ENABLE_RESOURCE_ACCESS_LOCATION\=NO
    export ENABLE_RESOURCE_ACCESS_PHOTO_LIBRARY\=NO
    export ENABLE_RESOURCE_ACCESS_PRINTING\=NO
    export ENABLE_RESOURCE_ACCESS_USB\=NO
    export ENABLE_SDK_IMPORTS\=NO
    export ENABLE_SECURITY_COMPILER_WARNINGS\=NO
    export ENABLE_STRICT_OBJC_MSGSEND\=YES
    export ENABLE_TESTABILITY\=YES
    export ENABLE_TESTING_SEARCH_PATHS\=NO
    export ENABLE_USER_SCRIPT_SANDBOXING\=NO
    export ENABLE_XOJIT_PREVIEWS\=YES
    export ENFORCE_VALID_ARCHS\=YES
    export ENTITLEMENTS_DESTINATION\=__entitlements
    export ENTITLEMENTS_REQUIRED\=YES
    export EXCLUDED_INSTALLSRC_SUBDIRECTORY_PATTERNS\=.DS_Store\ .svn\ .git\ .hg\ CVS
    export EXCLUDED_RECURSIVE_SEARCH_PATH_SUBDIRECTORIES\=\*.nib\ \*.lproj\ \*.framework\ \*.gch\ \*.xcode\*\ \*.xcassets\ \*.icon\ \(\*\)\ .DS_Store\ CVS\ .svn\ .git\ .hg\ \*.pbproj\ \*.pbxproj
    export FILE_LIST\=/Users/karelbraborec/Library/Developer/Xcode/DerivedData/revmeter-hbcnswmlqmbpnlazhhkncgeowiss/Build/Intermediates.noindex/Pods.build/Debug-iphonesimulator/ReactNativeDependencies.build/Objects/LinkFileList
    export FIXED_FILES_DIR\=/Users/karelbraborec/Library/Developer/Xcode/DerivedData/revmeter-hbcnswmlqmbpnlazhhkncgeowiss/Build/Intermediates.noindex/Pods.build/Debug-iphonesimulator/ReactNativeDependencies.build/FixedFiles
    export FRAMEWORK_SEARCH_PATHS\=\ \"/Users/karelbraborec/rev-meter/ios/Pods/ReactNativeDependencies/framework/packages/react-native\"\ \"/Users/karelbraborec/Library/Developer/Xcode/DerivedData/revmeter-hbcnswmlqmbpnlazhhkncgeowiss/Build/Products/Debug-iphonesimulator/XCFrameworkIntermediates/ReactNativeDependencies\"
    export FRAMEWORK_VERSION\=A
    export FUSE_BUILD_PHASES\=YES
    export FUSE_BUILD_SCRIPT_PHASES\=NO
    export GCC3_VERSION\=3.3
    export GCC_C_LANGUAGE_STANDARD\=gnu11
    export GCC_DYNAMIC_NO_PIC\=NO
    export GCC_NO_COMMON_BLOCKS\=YES
    export GCC_OBJC_LEGACY_DISPATCH\=YES
    export GCC_OPTIMIZATION_LEVEL\=0
    export GCC_PFE_FILE_C_DIALECTS\=c\ objective-c\ c++\ objective-c++
    export GCC_PREPROCESSOR_DEFINITIONS\=POD_CONFIGURATION_DEBUG\=1\ DEBUG\=1\ \ COCOAPODS\=1
    export GCC_TREAT_WARNINGS_AS_ERRORS\=NO
    export GCC_VERSION\=com.apple.compilers.llvm.clang.1_0
    export GCC_VERSION_IDENTIFIER\=com_apple_compilers_llvm_clang_1_0
    export GCC_WARN_64_TO_32_BIT_CONVERSION\=YES
    export GCC_WARN_ABOUT_RETURN_TYPE\=YES_ERROR
    export GCC_WARN_UNDECLARED_SELECTOR\=YES
    export GCC_WARN_UNINITIALIZED_AUTOS\=YES_AGGRESSIVE
    export GCC_WARN_UNUSED_FUNCTION\=YES
    export GCC_WARN_UNUSED_VARIABLE\=YES
    export GENERATED_MODULEMAP_DIR\=/Users/karelbraborec/Library/Developer/Xcode/DerivedData/revmeter-hbcnswmlqmbpnlazhhkncgeowiss/Build/Intermediates.noindex/GeneratedModuleMaps-iphonesimulator
    export GENERATE_INFOPLIST_FILE\=NO
    export GENERATE_INTERMEDIATE_TEXT_BASED_STUBS\=YES
    export GENERATE_PKGINFO_FILE\=NO
    export GENERATE_PRELINK_OBJECT_FILE\=NO
    export GENERATE_PROFILING_CODE\=NO
    export GENERATE_TEXT_BASED_STUBS\=NO
    export GID\=20
    export GROUP\=staff
    export HEADERMAP_INCLUDES_FLAT_ENTRIES_FOR_TARGET_BEING_BUILT\=YES
    export HEADERMAP_INCLUDES_FRAMEWORK_ENTRIES_FOR_ALL_PRODUCT_TYPES\=YES
    export HEADERMAP_INCLUDES_FRAMEWORK_ENTRIES_FOR_TARGETS_NOT_BEING_BUILT\=YES
    export HEADERMAP_INCLUDES_NONPUBLIC_NONPRIVATE_HEADERS\=YES
    export HEADERMAP_INCLUDES_PROJECT_HEADERS\=YES
    export HEADERMAP_USES_FRAMEWORK_PREFIX_ENTRIES\=YES
    export HEADERMAP_USES_VFS\=NO
    export HEADER_SEARCH_PATHS\=\ \"/Users/karelbraborec/rev-meter/ios/Pods/Headers/Private\"\ \"/Users/karelbraborec/rev-meter/ios/Pods/Headers/Private/ReactNativeDependencies\"\ \"/Users/karelbraborec/rev-meter/ios/Pods/Headers/Public\"\ \"/Users/karelbraborec/rev-meter/ios/Pods/Headers/Public/ReactNativeDependencies\"\ \"/Users/karelbraborec/rev-meter/ios/Pods/ExpoModulesCore/ExpoModulesCore.xcframework/ios-arm64_x86_64-simulator/ExpoModulesCore.framework/Headers\"\ \"/Users/karelbraborec/rev-meter/ios/Pods/ExpoModulesCore/ExpoModulesCore.xcframework/ios-arm64/ExpoModulesCore.framework/Headers\"\ \"/Users/karelbraborec/rev-meter/ios/Pods/ExpoModulesCore/ExpoModulesCore.xcframework/ios-arm64_x86_64-simulator/ExpoModulesCore.framework/Headers\"\ \"/Users/karelbraborec/rev-meter/ios/Pods/ExpoModulesCore/ExpoModulesCore.xcframework/ios-arm64/ExpoModulesCore.framework/Headers\"
    export HOME\=/Users/karelbraborec
    export HOST_ARCH\=arm64
    export HOST_PLATFORM\=macosx
    export ICONV\=/usr/bin/iconv
    export IMPLICIT_DEPENDENCY_DOMAIN\=default
    export INDEX_STORE_COMPRESS\=NO
    export INDEX_STORE_ONLY_PROJECT_FILES\=NO
    export INFOPLIST_ENABLE_CFBUNDLEICONS_MERGE\=YES
    export INFOPLIST_EXPAND_BUILD_SETTINGS\=YES
    export INFOPLIST_OUTPUT_FORMAT\=binary
    export INFOPLIST_PREPROCESS\=NO
    export INLINE_PRIVATE_FRAMEWORKS\=NO
    export INSTALLAPI_IGNORE_SKIP_INSTALL\=YES
    export INSTALLHDRS_COPY_PHASE\=NO
    export INSTALLHDRS_SCRIPT_PHASE\=NO
    export INSTALL_DIR\=/tmp/Pods.dst
    export INSTALL_GROUP\=staff
    export INSTALL_MODE_FLAG\=u+w,go-w,a+rX
    export INSTALL_OWNER\=karelbraborec
    export INSTALL_ROOT\=/tmp/Pods.dst
    export IPHONEOS_DEPLOYMENT_TARGET\=15.1
    export IS_UNOPTIMIZED_BUILD\=YES
    export JAVAC_DEFAULT_FLAGS\=-J-Xms64m\ -J-XX:NewSize\=4M\ -J-Dfile.encoding\=UTF8
    export JAVA_APP_STUB\=/System/Library/Frameworks/JavaVM.framework/Resources/MacOS/JavaApplicationStub
    export JAVA_ARCHIVE_CLASSES\=YES
    export JAVA_ARCHIVE_TYPE\=JAR
    export JAVA_COMPILER\=/usr/bin/javac
    export JAVA_FRAMEWORK_RESOURCES_DIRS\=Resources
    export JAVA_JAR_FLAGS\=cv
    export JAVA_SOURCE_SUBDIR\=.
    export JAVA_USE_DEPENDENCIES\=YES
    export JAVA_ZIP_FLAGS\=-urg
    export JIKES_DEFAULT_FLAGS\=+E\ +OLDCSO
    export KEEP_PRIVATE_EXTERNS\=NO
    export LD_DEPENDENCY_INFO_FILE\=/Users/karelbraborec/Library/Developer/Xcode/DerivedData/revmeter-hbcnswmlqmbpnlazhhkncgeowiss/Build/Intermediates.noindex/Pods.build/Debug-iphonesimulator/ReactNativeDependencies.build/Objects-normal/undefined_arch/ReactNativeDependencies_dependency_info.dat
    export LD_EXPORT_SYMBOLS\=YES
    export LD_GENERATE_MAP_FILE\=NO
    export LD_MAP_FILE_PATH\=/Users/karelbraborec/Library/Developer/Xcode/DerivedData/revmeter-hbcnswmlqmbpnlazhhkncgeowiss/Build/Intermediates.noindex/Pods.build/Debug-iphonesimulator/ReactNativeDependencies.build/ReactNativeDependencies-LinkMap-normal-undefined_arch.txt
    export LD_NO_PIE\=NO
    export LD_QUOTE_LINKER_ARGUMENTS_FOR_COMPILER_DRIVER\=YES
    export LD_RUNPATH_SEARCH_PATHS\=\ @executable_path/Frameworks
    export LD_SHARED_CACHE_ELIGIBLE\=Automatic
    export LD_WARN_DUPLICATE_LIBRARIES\=NO
    export LD_WARN_UNUSED_DYLIBS\=NO
    export LEGACY_DEVELOPER_DIR\=/Applications/Xcode.app/Contents/PlugIns/Xcode3Core.ideplugin/Contents/SharedSupport/Developer
    export LEX\=lex
    export LIBRARY_DEXT_INSTALL_PATH\=/Library/DriverExtensions
    export LIBRARY_FLAG_NOSPACE\=YES
    export LIBRARY_KEXT_INSTALL_PATH\=/Library/Extensions
    export LINKER_DISPLAYS_MANGLED_NAMES\=NO
    export LINK_FILE_LIST_normal_arm64\=/Users/karelbraborec/Library/Developer/Xcode/DerivedData/revmeter-hbcnswmlqmbpnlazhhkncgeowiss/Build/Intermediates.noindex/Pods.build/Debug-iphonesimulator/ReactNativeDependencies.build/Objects-normal/arm64/ReactNativeDependencies.LinkFileList
    export LINK_FILE_LIST_normal_x86_64\=/Users/karelbraborec/Library/Developer/Xcode/DerivedData/revmeter-hbcnswmlqmbpnlazhhkncgeowiss/Build/Intermediates.noindex/Pods.build/Debug-iphonesimulator/ReactNativeDependencies.build/Objects-normal/x86_64/ReactNativeDependencies.LinkFileList
    export LINK_OBJC_RUNTIME\=YES
    export LINK_WITH_STANDARD_LIBRARIES\=YES
    export LLVM_TARGET_TRIPLE_OS_VERSION\=ios15.1
    export LLVM_TARGET_TRIPLE_SUFFIX\=-simulator
    export LLVM_TARGET_TRIPLE_VENDOR\=apple
    export LM_AUX_CONST_METADATA_LIST_PATH_normal_arm64\=/Users/karelbraborec/Library/Developer/Xcode/DerivedData/revmeter-hbcnswmlqmbpnlazhhkncgeowiss/Build/Intermediates.noindex/Pods.build/Debug-iphonesimulator/ReactNativeDependencies.build/Objects-normal/arm64/ReactNativeDependencies.SwiftConstValuesFileList
    export LM_AUX_CONST_METADATA_LIST_PATH_normal_x86_64\=/Users/karelbraborec/Library/Developer/Xcode/DerivedData/revmeter-hbcnswmlqmbpnlazhhkncgeowiss/Build/Intermediates.noindex/Pods.build/Debug-iphonesimulator/ReactNativeDependencies.build/Objects-normal/x86_64/ReactNativeDependencies.SwiftConstValuesFileList
    export LOCALIZATION_EXPORT_SUPPORTED\=YES
    export LOCALIZATION_PREFERS_STRING_CATALOGS\=NO
    export LOCALIZED_STRING_CODE_COMMENTS\=NO
    export LOCALIZED_STRING_MACRO_NAMES\=NSLocalizedString\ CFCopyLocalizedString
    export LOCALIZED_STRING_SWIFTUI_SUPPORT\=YES
    export LOCAL_ADMIN_APPS_DIR\=/Applications/Utilities
    export LOCAL_APPS_DIR\=/Applications
    export LOCAL_DEVELOPER_DIR\=/Library/Developer
    export LOCAL_LIBRARY_DIR\=/Library
    export LOCROOT\=/Users/karelbraborec/rev-meter/ios/Pods
    export LOCSYMROOT\=/Users/karelbraborec/rev-meter/ios/Pods
    export MAC_OS_X_PRODUCT_BUILD_VERSION\=25F84
    export MAC_OS_X_VERSION_ACTUAL\=260502
    export MAC_OS_X_VERSION_MAJOR\=260000
    export MAC_OS_X_VERSION_MINOR\=260500
    export MAKE_MERGEABLE\=NO
    export MERGEABLE_LIBRARY\=NO
    export MERGED_BINARY_TYPE\=none
    export MERGE_LINKED_LIBRARIES\=NO
    export METAL_LIBRARY_FILE_BASE\=default
    export METAL_LIBRARY_OUTPUT_DIR\=/Users/karelbraborec/Library/Developer/Xcode/DerivedData/revmeter-hbcnswmlqmbpnlazhhkncgeowiss/Build/Products/Debug-iphonesimulator/ReactNativeDependencies/
    export MODULE_CACHE_DIR\=/Users/karelbraborec/Library/Developer/Xcode/DerivedData/ModuleCache.noindex
    export MTL_ENABLE_DEBUG_INFO\=INCLUDE_SOURCE
    export MTL_FAST_MATH\=YES
    export NATIVE_ARCH\=arm64
    export NATIVE_ARCH_32_BIT\=arm
    export NATIVE_ARCH_64_BIT\=arm64
    export NATIVE_ARCH_ACTUAL\=arm64
    export NO_COMMON\=YES
    export OBJC_ABI_VERSION\=2
    export OBJECT_FILE_DIR\=/Users/karelbraborec/Library/Developer/Xcode/DerivedData/revmeter-hbcnswmlqmbpnlazhhkncgeowiss/Build/Intermediates.noindex/Pods.build/Debug-iphonesimulator/ReactNativeDependencies.build/Objects
    export OBJECT_FILE_DIR_normal\=/Users/karelbraborec/Library/Developer/Xcode/DerivedData/revmeter-hbcnswmlqmbpnlazhhkncgeowiss/Build/Intermediates.noindex/Pods.build/Debug-iphonesimulator/ReactNativeDependencies.build/Objects-normal
    export OBJROOT\=/Users/karelbraborec/Library/Developer/Xcode/DerivedData/revmeter-hbcnswmlqmbpnlazhhkncgeowiss/Build/Intermediates.noindex
    export ONLY_ACTIVE_ARCH\=NO
    export OS\=MACOS
    export OSAC\=/usr/bin/osacompile
    export OTHER_CFLAGS\=\ -DRCT_REMOVE_LEGACY_ARCH\=1\ -ivfsoverlay\ \"/Users/karelbraborec/rev-meter/ios/Pods/React-Core-prebuilt/React-VFS.yaml\"
    export OTHER_CPLUSPLUSFLAGS\=\ -DRCT_REMOVE_LEGACY_ARCH\=1\ -ivfsoverlay\ \"/Users/karelbraborec/rev-meter/ios/Pods/React-Core-prebuilt/React-VFS.yaml\"\ -DRCT_REMOVE_LEGACY_ARCH\=1\ -ivfsoverlay\ \"/Users/karelbraborec/rev-meter/ios/Pods/React-Core-prebuilt/React-VFS.yaml\"
    export OTHER_SWIFT_FLAGS\=\ -Xcc\ -ivfsoverlay\ -Xcc\ \"/Users/karelbraborec/rev-meter/ios/Pods/React-Core-prebuilt/React-VFS.yaml\"\ -Xcc\ -Wno-incomplete-umbrella
    export PASCAL_STRINGS\=YES
    export PATH\=/Applications/Xcode.app/Contents/SharedFrameworks/SwiftBuild.framework/Versions/A/PlugIns/SWBBuildService.bundle/Contents/PlugIns/SWBUniversalPlatformPlugin.bundle/Contents/Frameworks/SWBUniversalPlatform.framework/Resources:/Applications/Xcode.app/Contents/Developer/Toolchains/XcodeDefault.xctoolchain/usr/bin:/Applications/Xcode.app/Contents/Developer/Toolchains/XcodeDefault.xctoolchain/usr/local/bin:/Applications/Xcode.app/Contents/Developer/Toolchains/XcodeDefault.xctoolchain/usr/libexec:/Applications/Xcode.app/Contents/Developer/Platforms/iPhoneSimulator.platform/usr/bin:/Applications/Xcode.app/Contents/Developer/Platforms/iPhoneSimulator.platform/usr/local/bin:/Applications/Xcode.app/Contents/Developer/Platforms/iPhoneSimulator.platform/Developer/usr/bin:/Applications/Xcode.app/Contents/Developer/Platforms/iPhoneSimulator.platform/Developer/usr/local/bin:/Applications/Xcode.app/Contents/Developer/usr/bin:/Applications/Xcode.app/Contents/Developer/usr/local/bin:/Users/karelbraborec/.gemini/antigravity-ide/bin:/usr/local/bin:/System/Cryptexes/App/usr/bin:/usr/bin:/bin:/usr/sbin:/sbin:/var/run/com.apple.security.cryptexd/codex.system/bootstrap/usr/local/bin:/var/run/com.apple.security.cryptexd/codex.system/bootstrap/usr/bin:/var/run/com.apple.security.cryptexd/codex.system/bootstrap/usr/appleinternal/bin:/pkg/env/global/bin:/Library/Apple/usr/bin:/opt/homebrew/bin
    export PATH_PREFIXES_EXCLUDED_FROM_HEADER_DEPENDENCIES\=/usr/include\ /usr/local/include\ /System/Library/Frameworks\ /System/Library/PrivateFrameworks\ /Applications/Xcode.app/Contents/Developer/Headers\ /Applications/Xcode.app/Contents/Developer/SDKs\ /Applications/Xcode.app/Contents/Developer/Platforms
    export PER_ARCH_MODULE_FILE_DIR\=/Users/karelbraborec/Library/Developer/Xcode/DerivedData/revmeter-hbcnswmlqmbpnlazhhkncgeowiss/Build/Intermediates.noindex/Pods.build/Debug-iphonesimulator/ReactNativeDependencies.build/Objects-normal/undefined_arch
    export PER_ARCH_OBJECT_FILE_DIR\=/Users/karelbraborec/Library/Developer/Xcode/DerivedData/revmeter-hbcnswmlqmbpnlazhhkncgeowiss/Build/Intermediates.noindex/Pods.build/Debug-iphonesimulator/ReactNativeDependencies.build/Objects-normal/undefined_arch
    export PER_VARIANT_OBJECT_FILE_DIR\=/Users/karelbraborec/Library/Developer/Xcode/DerivedData/revmeter-hbcnswmlqmbpnlazhhkncgeowiss/Build/Intermediates.noindex/Pods.build/Debug-iphonesimulator/ReactNativeDependencies.build/Objects-normal
    export PKGINFO_FILE_PATH\=/Users/karelbraborec/Library/Developer/Xcode/DerivedData/revmeter-hbcnswmlqmbpnlazhhkncgeowiss/Build/Intermediates.noindex/Pods.build/Debug-iphonesimulator/ReactNativeDependencies.build/PkgInfo
    export PLATFORM_DEVELOPER_APPLICATIONS_DIR\=/Applications/Xcode.app/Contents/Developer/Platforms/iPhoneSimulator.platform/Developer/Applications
    export PLATFORM_DEVELOPER_BIN_DIR\=/Applications/Xcode.app/Contents/Developer/Platforms/iPhoneSimulator.platform/Developer/usr/bin
    export PLATFORM_DEVELOPER_LIBRARY_DIR\=/Applications/Xcode.app/Contents/Developer/Platforms/iPhoneSimulator.platform/Developer/Library
    export PLATFORM_DEVELOPER_SDK_DIR\=/Applications/Xcode.app/Contents/Developer/Platforms/iPhoneSimulator.platform/Developer/SDKs
    export PLATFORM_DEVELOPER_TOOLS_DIR\=/Applications/Xcode.app/Contents/Developer/Platforms/iPhoneSimulator.platform/Developer/Tools
    export PLATFORM_DEVELOPER_USR_DIR\=/Applications/Xcode.app/Contents/Developer/Platforms/iPhoneSimulator.platform/Developer/usr
    export PLATFORM_DIR\=/Applications/Xcode.app/Contents/Developer/Platforms/iPhoneSimulator.platform
    export PLATFORM_DISPLAY_NAME\=iOS\ Simulator
    export PLATFORM_FAMILY_NAME\=iOS
    export PLATFORM_NAME\=iphonesimulator
    export PLATFORM_PREFERRED_ARCH\=x86_64
    export PLATFORM_PRODUCT_BUILD_VERSION\=23F81a
    export PLATFORM_REQUIRES_SWIFT_AUTOLINK_EXTRACT\=NO
    export PLATFORM_REQUIRES_SWIFT_MODULEWRAP\=NO
    export PLATFORM_USES_DSYMS\=YES
    export PLIST_FILE_OUTPUT_FORMAT\=binary
    export PODFILE_DIR\=/Users/karelbraborec/rev-meter/ios/Pods/..
    export PODS_BUILD_DIR\=/Users/karelbraborec/Library/Developer/Xcode/DerivedData/revmeter-hbcnswmlqmbpnlazhhkncgeowiss/Build/Products
    export PODS_CONFIGURATION_BUILD_DIR\=/Users/karelbraborec/Library/Developer/Xcode/DerivedData/revmeter-hbcnswmlqmbpnlazhhkncgeowiss/Build/Products/Debug-iphonesimulator
    export PODS_DEVELOPMENT_LANGUAGE\=en
    export PODS_ROOT\=/Users/karelbraborec/rev-meter/ios/Pods
    export PODS_TARGET_SRCROOT\=/Users/karelbraborec/rev-meter/ios/Pods/ReactNativeDependencies
    export PODS_XCFRAMEWORKS_BUILD_DIR\=/Users/karelbraborec/Library/Developer/Xcode/DerivedData/revmeter-hbcnswmlqmbpnlazhhkncgeowiss/Build/Products/Debug-iphonesimulator/XCFrameworkIntermediates
    export PRECOMPS_INCLUDE_HEADERS_FROM_BUILT_PRODUCTS_DIR\=YES
    export PRECOMP_DESTINATION_DIR\=/Users/karelbraborec/Library/Developer/Xcode/DerivedData/revmeter-hbcnswmlqmbpnlazhhkncgeowiss/Build/Intermediates.noindex/Pods.build/Debug-iphonesimulator/ReactNativeDependencies.build/PrefixHeaders
    export PROCESSED_INFOPLIST_PATH\=/Users/karelbraborec/Library/Developer/Xcode/DerivedData/revmeter-hbcnswmlqmbpnlazhhkncgeowiss/Build/Intermediates.noindex/Pods.build/Debug-iphonesimulator/ReactNativeDependencies.build/Objects-normal/undefined_arch/Processed-Info.plist
    export PRODUCT_BUNDLE_IDENTIFIER\=org.cocoapods.ReactNativeDependencies
    export PRODUCT_MODULE_NAME\=ReactNativeDependencies
    export PRODUCT_NAME\=ReactNativeDependencies
    export PRODUCT_SETTINGS_PATH\=
    export PROFILING_CODE\=NO
    export PROJECT\=Pods
    export PROJECT_DERIVED_FILE_DIR\=/Users/karelbraborec/Library/Developer/Xcode/DerivedData/revmeter-hbcnswmlqmbpnlazhhkncgeowiss/Build/Intermediates.noindex/Pods.build/DerivedSources
    export PROJECT_DIR\=/Users/karelbraborec/rev-meter/ios/Pods
    export PROJECT_FILE_PATH\=/Users/karelbraborec/rev-meter/ios/Pods/Pods.xcodeproj
    export PROJECT_GUID\=8699adb1dd336b26511df848a716bd42
    export PROJECT_NAME\=Pods
    export PROJECT_TEMP_DIR\=/Users/karelbraborec/Library/Developer/Xcode/DerivedData/revmeter-hbcnswmlqmbpnlazhhkncgeowiss/Build/Intermediates.noindex/Pods.build
    export PROJECT_TEMP_ROOT\=/Users/karelbraborec/Library/Developer/Xcode/DerivedData/revmeter-hbcnswmlqmbpnlazhhkncgeowiss/Build/Intermediates.noindex
    export REACT_NATIVE_PATH\=/Users/karelbraborec/rev-meter/ios/Pods/../../node_modules/react-native
    export RECOMMENDED_IPHONEOS_DEPLOYMENT_TARGET\=15.0
    export RECURSIVE_SEARCH_PATHS_FOLLOW_SYMLINKS\=YES
    export REMOVE_CVS_FROM_RESOURCES\=YES
    export REMOVE_GIT_FROM_RESOURCES\=YES
    export REMOVE_HEADERS_FROM_EMBEDDED_BUNDLES\=YES
    export REMOVE_HG_FROM_RESOURCES\=YES
    export REMOVE_STATIC_EXECUTABLES_FROM_EMBEDDED_BUNDLES\=YES
    export REMOVE_SVN_FROM_RESOURCES\=YES
    export RESCHEDULE_INDEPENDENT_HEADERS_PHASES\=YES
    export REZ_COLLECTOR_DIR\=/Users/karelbraborec/Library/Developer/Xcode/DerivedData/revmeter-hbcnswmlqmbpnlazhhkncgeowiss/Build/Intermediates.noindex/Pods.build/Debug-iphonesimulator/ReactNativeDependencies.build/ResourceManagerResources
    export REZ_OBJECTS_DIR\=/Users/karelbraborec/Library/Developer/Xcode/DerivedData/revmeter-hbcnswmlqmbpnlazhhkncgeowiss/Build/Intermediates.noindex/Pods.build/Debug-iphonesimulator/ReactNativeDependencies.build/ResourceManagerResources/Objects
    export RPATH_ORIGIN\=@loader_path
    export RUNTIME_EXCEPTION_ALLOW_DYLD_ENVIRONMENT_VARIABLES\=NO
    export RUNTIME_EXCEPTION_ALLOW_JIT\=NO
    export RUNTIME_EXCEPTION_ALLOW_UNSIGNED_EXECUTABLE_MEMORY\=NO
    export RUNTIME_EXCEPTION_DEBUGGING_TOOL\=NO
    export RUNTIME_EXCEPTION_DISABLE_EXECUTABLE_PAGE_PROTECTION\=NO
    export RUNTIME_EXCEPTION_DISABLE_LIBRARY_VALIDATION\=NO
    export SCANNING_PCM_KEEP_CACHE_DIRECTORY\=YES
    export SCAN_ALL_SOURCE_FILES_FOR_INCLUDES\=NO
    export SCRIPT_INPUT_FILE_COUNT\=0
    export SCRIPT_INPUT_FILE_LIST_COUNT\=0
    export SCRIPT_OUTPUT_FILE_COUNT\=0
    export SCRIPT_OUTPUT_FILE_LIST_COUNT\=0
    export SDKROOT\=/Applications/Xcode.app/Contents/Developer/Platforms/iPhoneSimulator.platform/Developer/SDKs/iPhoneSimulator26.5.sdk
    export SDK_DIR\=/Applications/Xcode.app/Contents/Developer/Platforms/iPhoneSimulator.platform/Developer/SDKs/iPhoneSimulator26.5.sdk
    export SDK_DIR_iphonesimulator\=/Applications/Xcode.app/Contents/Developer/Platforms/iPhoneSimulator.platform/Developer/SDKs/iPhoneSimulator26.5.sdk
    export SDK_DIR_iphonesimulator26_5\=/Applications/Xcode.app/Contents/Developer/Platforms/iPhoneSimulator.platform/Developer/SDKs/iPhoneSimulator26.5.sdk
    export SDK_NAME\=iphonesimulator26.5
    export SDK_NAMES\=iphonesimulator26.5
    export SDK_PRODUCT_BUILD_VERSION\=23F81a
    export SDK_STAT_CACHE_DIR\=/Users/karelbraborec/Library/Developer/Xcode/DerivedData
    export SDK_STAT_CACHE_ENABLE\=YES
    export SDK_STAT_CACHE_PATH\=/Users/karelbraborec/Library/Developer/Xcode/DerivedData/SDKStatCaches.noindex/iphonesimulator26.5-23F81a-6cfe768891a92b912361537c460fe42b.sdkstatcache
    export SDK_VERSION\=26.5
    export SDK_VERSION_ACTUAL\=260500
    export SDK_VERSION_MAJOR\=260000
    export SDK_VERSION_MINOR\=260500
    export SED\=/usr/bin/sed
    export SEPARATE_STRIP\=NO
    export SEPARATE_SYMBOL_EDIT\=NO
    export SET_DIR_MODE_OWNER_GROUP\=YES
    export SET_FILE_MODE_OWNER_GROUP\=NO
    export SHALLOW_BUNDLE\=NO
    export SHARED_DERIVED_FILE_DIR\=/Users/karelbraborec/Library/Developer/Xcode/DerivedData/revmeter-hbcnswmlqmbpnlazhhkncgeowiss/Build/Products/Debug-iphonesimulator/ReactNativeDependencies/DerivedSources
    export SHARED_PRECOMPS_DIR\=/Users/karelbraborec/Library/Developer/Xcode/DerivedData/revmeter-hbcnswmlqmbpnlazhhkncgeowiss/Build/Intermediates.noindex/PrecompiledHeaders
    export SKIP_INSTALL\=YES
    export SKIP_MERGEABLE_LIBRARY_BUNDLE_HOOK\=NO
    export SOURCE_ROOT\=/Users/karelbraborec/rev-meter/ios/Pods
    export SRCROOT\=/Users/karelbraborec/rev-meter/ios/Pods
    export STRINGSDATA_DIR\=/Users/karelbraborec/Library/Developer/Xcode/DerivedData/revmeter-hbcnswmlqmbpnlazhhkncgeowiss/Build/Intermediates.noindex/Pods.build/Debug-iphonesimulator/ReactNativeDependencies.build/Objects-normal/undefined_arch
    export STRINGSDATA_ROOT\=/Users/karelbraborec/Library/Developer/Xcode/DerivedData/revmeter-hbcnswmlqmbpnlazhhkncgeowiss/Build/Intermediates.noindex/Pods.build/Debug-iphonesimulator/ReactNativeDependencies.build
    export STRINGS_FILE_INFOPLIST_RENAME\=YES
    export STRINGS_FILE_OUTPUT_ENCODING\=binary
    export STRING_CATALOG_GENERATE_SYMBOLS\=NO
    export STRIP_BITCODE_FROM_COPIED_FILES\=NO
    export STRIP_INSTALLED_PRODUCT\=NO
    export STRIP_STYLE\=all
    export STRIP_SWIFT_SYMBOLS\=YES
    export SUPPORTED_DEVICE_FAMILIES\=1,2
    export SUPPORTED_PLATFORMS\=iphoneos\ iphonesimulator
    export SUPPORTS_TEXT_BASED_API\=NO
    export SUPPRESS_WARNINGS\=NO
    export SWIFT_ACTIVE_COMPILATION_CONDITIONS\=\ DEBUG
    export SWIFT_EMIT_CONST_VALUE_PROTOCOLS\=AnyResolverProviding\ AppEntity\ AppEnum\ AppExtension\ AppIntent\ AppIntentsPackage\ AppShortcutProviding\ AppShortcutsProvider\ AppUnionValue\ AppUnionValueCasesProviding\ DynamicOptionsProvider\ EntityQuery\ ExtensionPointDefining\ IntentValueQuery\ Resolver\ TransientEntity\ _AssistantIntentsProvider\ _GenerativeFunctionExtractable\ _IntentValueRepresentable
    export SWIFT_EMIT_LOC_STRINGS\=NO
    export SWIFT_EMIT_MODULE_INTERFACE\=NO
    export SWIFT_ENABLE_EXPLICIT_MODULES\=NO
    export SWIFT_OPTIMIZATION_LEVEL\=-Onone
    export SWIFT_PLATFORM_TARGET_PREFIX\=ios
    export SWIFT_RESPONSE_FILE_PATH_normal_arm64\=/Users/karelbraborec/Library/Developer/Xcode/DerivedData/revmeter-hbcnswmlqmbpnlazhhkncgeowiss/Build/Intermediates.noindex/Pods.build/Debug-iphonesimulator/ReactNativeDependencies.build/Objects-normal/arm64/ReactNativeDependencies.SwiftFileList
    export SWIFT_RESPONSE_FILE_PATH_normal_x86_64\=/Users/karelbraborec/Library/Developer/Xcode/DerivedData/revmeter-hbcnswmlqmbpnlazhhkncgeowiss/Build/Intermediates.noindex/Pods.build/Debug-iphonesimulator/ReactNativeDependencies.build/Objects-normal/x86_64/ReactNativeDependencies.SwiftFileList
    export SWIFT_VERSION\=5.0
    export SYMROOT\=/Users/karelbraborec/Library/Developer/Xcode/DerivedData/revmeter-hbcnswmlqmbpnlazhhkncgeowiss/Build/Products
    export SYSTEM_ADMIN_APPS_DIR\=/Applications/Utilities
    export SYSTEM_APPS_DIR\=/Applications
    export SYSTEM_CORE_SERVICES_DIR\=/System/Library/CoreServices
    export SYSTEM_DEMOS_DIR\=/Applications/Extras
    export SYSTEM_DEVELOPER_APPS_DIR\=/Applications/Xcode.app/Contents/Developer/Applications
    export SYSTEM_DEVELOPER_BIN_DIR\=/Applications/Xcode.app/Contents/Developer/usr/bin
    export SYSTEM_DEVELOPER_DEMOS_DIR\=/Applications/Xcode.app/Contents/Developer/Applications/Utilities/Built\ Examples
    export SYSTEM_DEVELOPER_DIR\=/Applications/Xcode.app/Contents/Developer
    export SYSTEM_DEVELOPER_DOC_DIR\=/Applications/Xcode.app/Contents/Developer/ADC\ Reference\ Library
    export SYSTEM_DEVELOPER_GRAPHICS_TOOLS_DIR\=/Applications/Xcode.app/Contents/Developer/Applications/Graphics\ Tools
    export SYSTEM_DEVELOPER_JAVA_TOOLS_DIR\=/Applications/Xcode.app/Contents/Developer/Applications/Java\ Tools
    export SYSTEM_DEVELOPER_PERFORMANCE_TOOLS_DIR\=/Applications/Xcode.app/Contents/Developer/Applications/Performance\ Tools
    export SYSTEM_DEVELOPER_RELEASENOTES_DIR\=/Applications/Xcode.app/Contents/Developer/ADC\ Reference\ Library/releasenotes
    export SYSTEM_DEVELOPER_TOOLS\=/Applications/Xcode.app/Contents/Developer/Tools
    export SYSTEM_DEVELOPER_TOOLS_DOC_DIR\=/Applications/Xcode.app/Contents/Developer/ADC\ Reference\ Library/documentation/DeveloperTools
    export SYSTEM_DEVELOPER_TOOLS_RELEASENOTES_DIR\=/Applications/Xcode.app/Contents/Developer/ADC\ Reference\ Library/releasenotes/DeveloperTools
    export SYSTEM_DEVELOPER_USR_DIR\=/Applications/Xcode.app/Contents/Developer/usr
    export SYSTEM_DEVELOPER_UTILITIES_DIR\=/Applications/Xcode.app/Contents/Developer/Applications/Utilities
    export SYSTEM_DEXT_INSTALL_PATH\=/System/Library/DriverExtensions
    export SYSTEM_DOCUMENTATION_DIR\=/Library/Documentation
    export SYSTEM_KEXT_INSTALL_PATH\=/System/Library/Extensions
    export SYSTEM_LIBRARY_DIR\=/System/Library
    export TAPI_DEMANGLE\=YES
    export TAPI_ENABLE_PROJECT_HEADERS\=NO
    export TAPI_LANGUAGE\=objective-c
    export TAPI_LANGUAGE_STANDARD\=compiler-default
    export TAPI_USE_SRCROOT\=YES
    export TAPI_VERIFY_MODE\=Pedantic
    export TARGETED_DEVICE_FAMILY\=1,2
    export TARGETNAME\=ReactNativeDependencies
    export TARGET_BUILD_DIR\=/Users/karelbraborec/Library/Developer/Xcode/DerivedData/revmeter-hbcnswmlqmbpnlazhhkncgeowiss/Build/Products/Debug-iphonesimulator/ReactNativeDependencies
    export TARGET_NAME\=ReactNativeDependencies
    export TARGET_TEMP_DIR\=/Users/karelbraborec/Library/Developer/Xcode/DerivedData/revmeter-hbcnswmlqmbpnlazhhkncgeowiss/Build/Intermediates.noindex/Pods.build/Debug-iphonesimulator/ReactNativeDependencies.build
    export TEMP_DIR\=/Users/karelbraborec/Library/Developer/Xcode/DerivedData/revmeter-hbcnswmlqmbpnlazhhkncgeowiss/Build/Intermediates.noindex/Pods.build/Debug-iphonesimulator/ReactNativeDependencies.build
    export TEMP_FILES_DIR\=/Users/karelbraborec/Library/Developer/Xcode/DerivedData/revmeter-hbcnswmlqmbpnlazhhkncgeowiss/Build/Intermediates.noindex/Pods.build/Debug-iphonesimulator/ReactNativeDependencies.build
    export TEMP_FILE_DIR\=/Users/karelbraborec/Library/Developer/Xcode/DerivedData/revmeter-hbcnswmlqmbpnlazhhkncgeowiss/Build/Intermediates.noindex/Pods.build/Debug-iphonesimulator/ReactNativeDependencies.build
    export TEMP_ROOT\=/Users/karelbraborec/Library/Developer/Xcode/DerivedData/revmeter-hbcnswmlqmbpnlazhhkncgeowiss/Build/Intermediates.noindex
    export TEMP_SANDBOX_DIR\=/Users/karelbraborec/Library/Developer/Xcode/DerivedData/revmeter-hbcnswmlqmbpnlazhhkncgeowiss/Build/Intermediates.noindex/TemporaryTaskSandboxes
    export TEST_FRAMEWORK_SEARCH_PATHS\=\ /Applications/Xcode.app/Contents/Developer/Platforms/iPhoneSimulator.platform/Developer/Library/Frameworks\ /Applications/Xcode.app/Contents/Developer/Platforms/iPhoneSimulator.platform/Developer/SDKs/iPhoneSimulator26.5.sdk/Developer/Library/Frameworks
    export TEST_LIBRARY_SEARCH_PATHS\=\ /Applications/Xcode.app/Contents/Developer/Platforms/iPhoneSimulator.platform/Developer/usr/lib
    export TOOLCHAINS\=com.apple.dt.toolchain.XcodeDefault
    export TOOLCHAIN_DIR\=/Applications/Xcode.app/Contents/Developer/Toolchains/XcodeDefault.xctoolchain
    export TREAT_MISSING_BASELINES_AS_TEST_FAILURES\=NO
    export TREAT_MISSING_SCRIPT_PHASE_OUTPUTS_AS_ERRORS\=NO
    export UID\=501
    export UNINSTALLED_PRODUCTS_DIR\=/Users/karelbraborec/Library/Developer/Xcode/DerivedData/revmeter-hbcnswmlqmbpnlazhhkncgeowiss/Build/Intermediates.noindex/UninstalledProducts
    export UNSTRIPPED_PRODUCT\=NO
    export USER\=karelbraborec
    export USER_APPS_DIR\=/Users/karelbraborec/Applications
    export USER_LIBRARY_DIR\=/Users/karelbraborec/Library
    export USE_DYNAMIC_NO_PIC\=YES
    export USE_HEADERMAP\=YES
    export USE_HEADER_SYMLINKS\=NO
    export USE_HERMES\=true
    export USE_RECURSIVE_SCRIPT_INPUTS_IN_SCRIPT_PHASES\=YES
    export VALIDATE_DEVELOPMENT_ASSET_PATHS\=YES_ERROR
    export VALIDATE_PRODUCT\=NO
    export VALID_ARCHS\=arm64\ x86_64
    export VERBOSE_PBXCP\=NO
    export VERSION_INFO_BUILDER\=karelbraborec
    export VERSION_INFO_FILE\=ReactNativeDependencies_vers.c
    export VERSION_INFO_STRING\=\"@\(\#\)PROGRAM:ReactNativeDependencies\ \ PROJECT:Pods-\"
    export WORKSPACE_DIR\=/Users/karelbraborec/rev-meter/ios
    export WRAP_ASSET_PACKS_IN_SEPARATE_DIRECTORIES\=NO
    export XCODE_APP_SUPPORT_DIR\=/Applications/Xcode.app/Contents/Developer/Library/Xcode
    export XCODE_PRODUCT_BUILD_VERSION\=17F113
    export XCODE_VERSION_ACTUAL\=2660
    export XCODE_VERSION_MAJOR\=2600
    export XCODE_VERSION_MINOR\=2660
    export XPCSERVICES_FOLDER_PATH\=/XPCServices
    export YACC\=yacc
    export _DISCOVER_COMMAND_LINE_LINKER_INPUTS\=YES
    export _DISCOVER_COMMAND_LINE_LINKER_INPUTS_INCLUDE_WL\=YES
    export _LD_MULTIARCH\=YES
    export __DIAGNOSE_DEPRECATED_ARCHS\=YES
    export __ORIGINAL_SDK_DEFINED_LLVM_TARGET_TRIPLE_SYS\=ios
    export arch\=undefined_arch
    export variant\=normal
    /bin/sh -c /Users/karelbraborec/Library/Developer/Xcode/DerivedData/revmeter-hbcnswmlqmbpnlazhhkncgeowiss/Build/Intermediates.noindex/Pods.build/Debug-iphonesimulator/ReactNativeDependencies.build/Script-46EB2E0001F480.sh
Node found at: /usr/local/bin/node
No previous build detected, but Debug Configuration. No need to replace RNDeps

WriteAuxiliaryFile /Users/karelbraborec/Library/Developer/Xcode/DerivedData/revmeter-hbcnswmlqmbpnlazhhkncgeowiss/Build/Intermediates.noindex/Pods.build/Debug-iphonesimulator/Pods-revmeter.build/Pods-revmeter.DependencyStaticMetadataFileList (in target 'Pods-revmeter' from project 'Pods')
    cd /Users/karelbraborec/rev-meter/ios/Pods
    write-file /Users/karelbraborec/Library/Developer/Xcode/DerivedData/revmeter-hbcnswmlqmbpnlazhhkncgeowiss/Build/Intermediates.noindex/Pods.build/Debug-iphonesimulator/Pods-revmeter.build/Pods-revmeter.DependencyStaticMetadataFileList

WriteAuxiliaryFile /Users/karelbraborec/Library/Developer/Xcode/DerivedData/revmeter-hbcnswmlqmbpnlazhhkncgeowiss/Build/Intermediates.noindex/Pods.build/Debug-iphonesimulator/Pods-revmeter.build/Pods-revmeter.hmap (in target 'Pods-revmeter' from project 'Pods')
    cd /Users/karelbraborec/rev-meter/ios/Pods
    write-file /Users/karelbraborec/Library/Developer/Xcode/DerivedData/revmeter-hbcnswmlqmbpnlazhhkncgeowiss/Build/Intermediates.noindex/Pods.build/Debug-iphonesimulator/Pods-revmeter.build/Pods-revmeter.hmap

WriteAuxiliaryFile /Users/karelbraborec/Library/Developer/Xcode/DerivedData/revmeter-hbcnswmlqmbpnlazhhkncgeowiss/Build/Intermediates.noindex/Pods.build/Debug-iphonesimulator/Pods-revmeter.build/Pods-revmeter.DependencyMetadataFileList (in target 'Pods-revmeter' from project 'Pods')
    cd /Users/karelbraborec/rev-meter/ios/Pods
    write-file /Users/karelbraborec/Library/Developer/Xcode/DerivedData/revmeter-hbcnswmlqmbpnlazhhkncgeowiss/Build/Intermediates.noindex/Pods.build/Debug-iphonesimulator/Pods-revmeter.build/Pods-revmeter.DependencyMetadataFileList

WriteAuxiliaryFile /Users/karelbraborec/Library/Developer/Xcode/DerivedData/revmeter-hbcnswmlqmbpnlazhhkncgeowiss/Build/Intermediates.noindex/Pods.build/Debug-iphonesimulator/Pods-revmeter.build/Pods-revmeter-project-headers.hmap (in target 'Pods-revmeter' from project 'Pods')
    cd /Users/karelbraborec/rev-meter/ios/Pods
    write-file /Users/karelbraborec/Library/Developer/Xcode/DerivedData/revmeter-hbcnswmlqmbpnlazhhkncgeowiss/Build/Intermediates.noindex/Pods.build/Debug-iphonesimulator/Pods-revmeter.build/Pods-revmeter-project-headers.hmap

WriteAuxiliaryFile /Users/karelbraborec/Library/Developer/Xcode/DerivedData/revmeter-hbcnswmlqmbpnlazhhkncgeowiss/Build/Intermediates.noindex/Pods.build/Debug-iphonesimulator/Pods-revmeter.build/Pods-revmeter-own-target-headers.hmap (in target 'Pods-revmeter' from project 'Pods')
    cd /Users/karelbraborec/rev-meter/ios/Pods
    write-file /Users/karelbraborec/Library/Developer/Xcode/DerivedData/revmeter-hbcnswmlqmbpnlazhhkncgeowiss/Build/Intermediates.noindex/Pods.build/Debug-iphonesimulator/Pods-revmeter.build/Pods-revmeter-own-target-headers.hmap

WriteAuxiliaryFile /Users/karelbraborec/Library/Developer/Xcode/DerivedData/revmeter-hbcnswmlqmbpnlazhhkncgeowiss/Build/Intermediates.noindex/Pods.build/Debug-iphonesimulator/Pods-revmeter.build/Pods-revmeter-generated-files.hmap (in target 'Pods-revmeter' from project 'Pods')
    cd /Users/karelbraborec/rev-meter/ios/Pods
    write-file /Users/karelbraborec/Library/Developer/Xcode/DerivedData/revmeter-hbcnswmlqmbpnlazhhkncgeowiss/Build/Intermediates.noindex/Pods.build/Debug-iphonesimulator/Pods-revmeter.build/Pods-revmeter-generated-files.hmap

WriteAuxiliaryFile /Users/karelbraborec/Library/Developer/Xcode/DerivedData/revmeter-hbcnswmlqmbpnlazhhkncgeowiss/Build/Intermediates.noindex/Pods.build/Debug-iphonesimulator/Pods-revmeter.build/Pods-revmeter-all-target-headers.hmap (in target 'Pods-revmeter' from project 'Pods')
    cd /Users/karelbraborec/rev-meter/ios/Pods
    write-file /Users/karelbraborec/Library/Developer/Xcode/DerivedData/revmeter-hbcnswmlqmbpnlazhhkncgeowiss/Build/Intermediates.noindex/Pods.build/Debug-iphonesimulator/Pods-revmeter.build/Pods-revmeter-all-target-headers.hmap

WriteAuxiliaryFile /Users/karelbraborec/Library/Developer/Xcode/DerivedData/revmeter-hbcnswmlqmbpnlazhhkncgeowiss/Build/Intermediates.noindex/Pods.build/Debug-iphonesimulator/Pods-revmeter.build/Pods-revmeter-all-non-framework-target-headers.hmap (in target 'Pods-revmeter' from project 'Pods')
    cd /Users/karelbraborec/rev-meter/ios/Pods
    write-file /Users/karelbraborec/Library/Developer/Xcode/DerivedData/revmeter-hbcnswmlqmbpnlazhhkncgeowiss/Build/Intermediates.noindex/Pods.build/Debug-iphonesimulator/Pods-revmeter.build/Pods-revmeter-all-non-framework-target-headers.hmap

WriteAuxiliaryFile /Users/karelbraborec/Library/Developer/Xcode/DerivedData/revmeter-hbcnswmlqmbpnlazhhkncgeowiss/Build/Intermediates.noindex/Pods.build/Debug-iphonesimulator/Pods-revmeter.build/Objects-normal/x86_64/e6072d4f65d7061329687fe24e3d63a7-common-args.resp (in target 'Pods-revmeter' from project 'Pods')
    cd /Users/karelbraborec/rev-meter/ios/Pods
    write-file /Users/karelbraborec/Library/Developer/Xcode/DerivedData/revmeter-hbcnswmlqmbpnlazhhkncgeowiss/Build/Intermediates.noindex/Pods.build/Debug-iphonesimulator/Pods-revmeter.build/Objects-normal/x86_64/e6072d4f65d7061329687fe24e3d63a7-common-args.resp
'-std=gnu11' -fobjc-arc -fmodules '-fmodules-cache-path=/Users/karelbraborec/Library/Developer/Xcode/DerivedData/ModuleCache.noindex' -fpascal-strings -O0 -fno-common '-DPOD_CONFIGURATION_DEBUG=1' '-DDEBUG=1' '-DCOCOAPODS=1' '-DOBJC_OLD_DISPATCH_PROTOTYPES=0' -fasm-blocks -g '-fobjc-abi-version=2' -fobjc-legacy-dispatch -iquote /Users/karelbraborec/Library/Developer/Xcode/DerivedData/revmeter-hbcnswmlqmbpnlazhhkncgeowiss/Build/Intermediates.noindex/Pods.build/Debug-iphonesimulator/Pods-revmeter.build/Pods-revmeter-generated-files.hmap -I/Users/karelbraborec/Library/Developer/Xcode/DerivedData/revmeter-hbcnswmlqmbpnlazhhkncgeowiss/Build/Intermediates.noindex/Pods.build/Debug-iphonesimulator/Pods-revmeter.build/Pods-revmeter-own-target-headers.hmap -I/Users/karelbraborec/Library/Developer/Xcode/DerivedData/revmeter-hbcnswmlqmbpnlazhhkncgeowiss/Build/Intermediates.noindex/Pods.build/Debug-iphonesimulator/Pods-revmeter.build/Pods-revmeter-all-non-framework-target-headers.hmap -ivfsoverlay /Users/karelbraborec/Library/Developer/Xcode/DerivedData/revmeter-hbcnswmlqmbpnlazhhkncgeowiss/Build/Intermediates.noindex/Pods.build/Debug-iphonesimulator/Pods-8699adb1dd336b26511df848a716bd42-VFS-iphonesimulator/all-product-headers.yaml -iquote /Users/karelbraborec/Library/Developer/Xcode/DerivedData/revmeter-hbcnswmlqmbpnlazhhkncgeowiss/Build/Intermediates.noindex/Pods.build/Debug-iphonesimulator/Pods-revmeter.build/Pods-revmeter-project-headers.hmap -I/Users/karelbraborec/Library/Developer/Xcode/DerivedData/revmeter-hbcnswmlqmbpnlazhhkncgeowiss/Build/Products/Debug-iphonesimulator/include -I/Users/karelbraborec/rev-meter/ios/Pods/Headers/Public -I/Users/karelbraborec/rev-meter/ios/Pods/Headers/Public/EXAV -I/Users/karelbraborec/rev-meter/ios/Pods/Headers/Public/EXConstants -I/Users/karelbraborec/rev-meter/ios/Pods/Headers/Public/Expo -I/Users/karelbraborec/rev-meter/ios/Pods/Headers/Public/ExpoModulesWorkletsAdapter -I/Users/karelbraborec/rev-meter/ios/Pods/Headers/Public/ExpoUI -I/Users/karelbraborec/rev-meter/ios/Pods/Headers/Public/FBLazyVector -I/Users/karelbraborec/rev-meter/ios/Pods/Headers/Public/RCTDeprecation -I/Users/karelbraborec/rev-meter/ios/Pods/Headers/Public/RCTRequired -I/Users/karelbraborec/rev-meter/ios/Pods/Headers/Public/RCTSwiftUIWrapper -I/Users/karelbraborec/rev-meter/ios/Pods/Headers/Public/RCTTypeSafety -I/Users/karelbraborec/rev-meter/ios/Pods/Headers/Public/RNCMaskedView -I/Users/karelbraborec/rev-meter/ios/Pods/Headers/Public/RNGestureHandler -I/Users/karelbraborec/rev-meter/ios/Pods/Headers/Public/RNReanimated -I/Users/karelbraborec/rev-meter/ios/Pods/Headers/Public/RNScreens -I/Users/karelbraborec/rev-meter/ios/Pods/Headers/Public/RNWorklets -I/Users/karelbraborec/rev-meter/ios/Pods/Headers/Public/React-Core -I/Users/karelbraborec/rev-meter/ios/Pods/Headers/Public/React-Core-prebuilt -I/Users/karelbraborec/rev-meter/ios/Pods/Headers/Public/React-CoreModules -I/Users/karelbraborec/rev-meter/ios/Pods/Headers/Public/React-Fabric -I/Users/karelbraborec/rev-meter/ios/Pods/Headers/Public/React-FabricComponents -I/Users/karelbraborec/rev-meter/ios/Pods/Headers/Public/React-FabricImage -I/Users/karelbraborec/rev-meter/ios/Pods/Headers/Public/React-ImageManager -I/Users/karelbraborec/rev-meter/ios/Pods/Headers/Public/React-Mapbuffer -I/Users/karelbraborec/rev-meter/ios/Pods/Headers/Public/React-NativeModulesApple -I/Users/karelbraborec/rev-meter/ios/Pods/Headers/Public/React-RCTAnimation -I/Users/karelbraborec/rev-meter/ios/Pods/Headers/Public/React-RCTAppDelegate -I/Users/karelbraborec/rev-meter/ios/Pods/Headers/Public/React-RCTBlob -I/Users/karelbraborec/rev-meter/ios/Pods/Headers/Public/React-RCTFBReactNativeSpec -I/Users/karelbraborec/rev-meter/ios/Pods/Headers/Public/React-RCTFabric -I/Users/karelbraborec/rev-meter/ios/Pods/Headers/Public/React-RCTImage -I/Users/karelbraborec/rev-meter/ios/Pods/Headers/Public/React-RCTRuntime -I/Users/karelbraborec/rev-meter/ios/Pods/Headers/Public/React-RCTSettings -I/Users/karelbraborec/rev-meter/ios/Pods/Headers/Public/React-RCTText -I/Users/karelbraborec/rev-meter/ios/Pods/Headers/Public/React-RCTVibration -I/Users/karelbraborec/rev-meter/ios/Pods/Headers/Public/React-RuntimeApple -I/Users/karelbraborec/rev-meter/ios/Pods/Headers/Public/React-RuntimeCore -I/Users/karelbraborec/rev-meter/ios/Pods/Headers/Public/React-RuntimeHermes -I/Users/karelbraborec/rev-meter/ios/Pods/Headers/Public/React-callinvoker -I/Users/karelbraborec/rev-meter/ios/Pods/Headers/Public/React-cxxreact -I/Users/karelbraborec/rev-meter/ios/Pods/Headers/Public/React-debug -I/Users/karelbraborec/rev-meter/ios/Pods/Headers/Public/React-defaultsnativemodule -I/Users/karelbraborec/rev-meter/ios/Pods/Headers/Public/React-domnativemodule -I/Users/karelbraborec/rev-meter/ios/Pods/Headers/Public/React-featureflags -I/Users/karelbraborec/rev-meter/ios/Pods/Headers/Public/React-featureflagsnativemodule -I/Users/karelbraborec/rev-meter/ios/Pods/Headers/Public/React-graphics -I/Users/karelbraborec/rev-meter/ios/Pods/Headers/Public/React-hermes -I/Users/karelbraborec/rev-meter/ios/Pods/Headers/Public/React-idlecallbacksnativemodule -I/Users/karelbraborec/rev-meter/ios/Pods/Headers/Public/React-intersectionobservernativemodule -I/Users/karelbraborec/rev-meter/ios/Pods/Headers/Public/React-jserrorhandler -I/Users/karelbraborec/rev-meter/ios/Pods/Headers/Public/React-jsi -I/Users/karelbraborec/rev-meter/ios/Pods/Headers/Public/React-jsiexecutor -I/Users/karelbraborec/rev-meter/ios/Pods/Headers/Public/React-jsinspector -I/Users/karelbraborec/rev-meter/ios/Pods/Headers/Public/React-jsinspectorcdp -I/Users/karelbraborec/rev-meter/ios/Pods/Headers/Public/React-jsinspectornetwork -I/Users/karelbraborec/rev-meter/ios/Pods/Headers/Public/React-jsinspectortracing -I/Users/karelbraborec/rev-meter/ios/Pods/Headers/Public/React-jsitooling -I/Users/karelbraborec/rev-meter/ios/Pods/Headers/Public/React-logger -I/Users/karelbraborec/rev-meter/ios/Pods/Headers/Public/React-microtasksnativemodule -I/Users/karelbraborec/rev-meter/ios/Pods/Headers/Public/React-mutationobservernativemodule -I/Users/karelbraborec/rev-meter/ios/Pods/Headers/Public/React-networking -I/Users/karelbraborec/rev-meter/ios/Pods/Headers/Public/React-oscompat -I/Users/karelbraborec/rev-meter/ios/Pods/Headers/Public/React-perflogger -I/Users/karelbraborec/rev-meter/ios/Pods/Headers/Public/React-performancecdpmetrics -I/Users/karelbraborec/rev-meter/ios/Pods/Headers/Public/React-performancetimeline -I/Users/karelbraborec/rev-meter/ios/Pods/Headers/Public/React-rendererconsistency -I/Users/karelbraborec/rev-meter/ios/Pods/Headers/Public/React-renderercss -I/Users/karelbraborec/rev-meter/ios/Pods/Headers/Public/React-rendererdebug -I/Users/karelbraborec/rev-meter/ios/Pods/Headers/Public/React-runtimeexecutor -I/Users/karelbraborec/rev-meter/ios/Pods/Headers/Public/React-runtimescheduler -I/Users/karelbraborec/rev-meter/ios/Pods/Headers/Public/React-timing -I/Users/karelbraborec/rev-meter/ios/Pods/Headers/Public/React-utils -I/Users/karelbraborec/rev-meter/ios/Pods/Headers/Public/React-viewtransitionnativemodule -I/Users/karelbraborec/rev-meter/ios/Pods/Headers/Public/React-webperformancenativemodule -I/Users/karelbraborec/rev-meter/ios/Pods/Headers/Public/ReactAppDependencyProvider -I/Users/karelbraborec/rev-meter/ios/Pods/Headers/Public/ReactCodegen -I/Users/karelbraborec/rev-meter/ios/Pods/Headers/Public/ReactCommon -I/Users/karelbraborec/rev-meter/ios/Pods/Headers/Public/ReactNativeDependencies -I/Users/karelbraborec/rev-meter/ios/Pods/Headers/Public/Yoga -I/Users/karelbraborec/rev-meter/ios/Pods/Headers/Public/hermes-engine -I/Users/karelbraborec/rev-meter/ios/Pods/Headers/Public/react-native-safe-area-context -I/Users/karelbraborec/rev-meter/ios/Pods/Headers/Public/react-native-slider '-I/Users/karelbraborec/Library/Developer/Xcode/DerivedData/revmeter-hbcnswmlqmbpnlazhhkncgeowiss/Build/Products/Debug-iphonesimulator/Expo/Swift Compatibility Header' -I/Users/karelbraborec/rev-meter/ios/Pods/Headers/Private/Yoga '-I/Users/karelbraborec/Library/Developer/Xcode/DerivedData/revmeter-hbcnswmlqmbpnlazhhkncgeowiss/Build/Products/Debug-iphonesimulator/ExpoModulesCore/Swift Compatibility Header' -I/Users/karelbraborec/rev-meter/ios/Pods/Headers/Private/Yoga -I/Users/karelbraborec/rev-meter/ios/Pods/boost -I/Users/karelbraborec/rev-meter/ios/Pods/boost-for-react-native -I/Users/karelbraborec/rev-meter/ios/Pods/glog -I/Users/karelbraborec/rev-meter/ios/Pods/RCT-Folly -I/Users/karelbraborec/rev-meter/ios/Pods/Headers/Public/React-hermes -I/Users/karelbraborec/rev-meter/ios/Pods/Headers/Public/hermes-engine -I/Users/karelbraborec/rev-meter/ios/Pods/Headers/Public/RNWorklets -I/Users/karelbraborec/rev-meter/node_modules/react-native/ReactCommon -I/Users/karelbraborec/rev-meter/node_modules/react-native/ReactCommon/jsitooling -I/Users/karelbraborec/rev-meter/ios/Pods/boost -I/Users/karelbraborec/rev-meter/ios/Pods/boost-for-react-native -I/Users/karelbraborec/rev-meter/ios/Pods/glog -I/Users/karelbraborec/rev-meter/ios/Pods/RCT-Folly -I/Users/karelbraborec/rev-meter/ios/Pods/Headers/Public/React-hermes -I/Users/karelbraborec/rev-meter/ios/Pods/Headers/Public/hermes-engine -I/Users/karelbraborec/rev-meter/node_modules/react-native/ReactCommon -I/Users/karelbraborec/rev-meter/node_modules/react-native/ReactCommon/jsitooling -I/Users/karelbraborec/rev-meter/ios/Pods/Headers/Private/React-Core -I/Users/karelbraborec/rev-meter/ios/Pods/Headers/Private/React-Core -I/Users/karelbraborec/rev-meter/ios/Pods/Headers/Private/Yoga -I/Users/karelbraborec/rev-meter/ios/Pods/ExpoModulesCore/ExpoModulesCore.xcframework/ios-arm64_x86_64-simulator/ExpoModulesCore.framework/Headers -I/Users/karelbraborec/rev-meter/ios/Pods/ExpoModulesCore/ExpoModulesCore.xcframework/ios-arm64/ExpoModulesCore.framework/Headers -I/Users/karelbraborec/rev-meter/ios/Pods/ExpoModulesCore/ExpoModulesCore.xcframework/ios-arm64_x86_64-simulator/ExpoModulesCore.framework/Headers -I/Users/karelbraborec/rev-meter/ios/Pods/ExpoModulesCore/ExpoModulesCore.xcframework/ios-arm64/ExpoModulesCore.framework/Headers -I/Users/karelbraborec/Library/Developer/Xcode/DerivedData/revmeter-hbcnswmlqmbpnlazhhkncgeowiss/Build/Intermediates.noindex/Pods.build/Debug-iphonesimulator/Pods-revmeter.build/DerivedSources-normal/x86_64 -I/Users/karelbraborec/Library/Developer/Xcode/DerivedData/revmeter-hbcnswmlqmbpnlazhhkncgeowiss/Build/Intermediates.noindex/Pods.build/Debug-iphonesimulator/Pods-revmeter.build/DerivedSources/x86_64 -I/Users/karelbraborec/Library/Developer/Xcode/DerivedData/revmeter-hbcnswmlqmbpnlazhhkncgeowiss/Build/Intermediates.noindex/Pods.build/Debug-iphonesimulator/Pods-revmeter.build/DerivedSources -F/Users/karelbraborec/Library/Developer/Xcode/DerivedData/revmeter-hbcnswmlqmbpnlazhhkncgeowiss/Build/Products/Debug-iphonesimulator -F/Users/karelbraborec/rev-meter/node_modules/expo-modules-jsi/apple/Products -F/Users/karelbraborec/rev-meter/ios/Pods/ExpoFileSystem -F/Users/karelbraborec/rev-meter/ios/Pods/ExpoFont -F/Users/karelbraborec/rev-meter/ios/Pods/ExpoImage -F/Users/karelbraborec/rev-meter/ios/Pods/ExpoModulesCore -F/Users/karelbraborec/rev-meter/ios/Pods/ExpoModulesWorklets -F/Users/karelbraborec/rev-meter/ios/Pods/React-Core-prebuilt -F/Users/karelbraborec/rev-meter/ios/Pods/ReactNativeDependencies/framework/packages/react-native -F/Users/karelbraborec/rev-meter/ios/Pods/hermes-engine/destroot/Library/Frameworks/universal -F/Users/karelbraborec/Library/Developer/Xcode/DerivedData/revmeter-hbcnswmlqmbpnlazhhkncgeowiss/Build/Products/Debug-iphonesimulator/XCFrameworkIntermediates/ExpoFileSystem -F/Users/karelbraborec/Library/Developer/Xcode/DerivedData/revmeter-hbcnswmlqmbpnlazhhkncgeowiss/Build/Products/Debug-iphonesimulator/XCFrameworkIntermediates/ExpoFont -F/Users/karelbraborec/Library/Developer/Xcode/DerivedData/revmeter-hbcnswmlqmbpnlazhhkncgeowiss/Build/Products/Debug-iphonesimulator/XCFrameworkIntermediates/ExpoImage -F/Users/karelbraborec/Library/Developer/Xcode/DerivedData/revmeter-hbcnswmlqmbpnlazhhkncgeowiss/Build/Products/Debug-iphonesimulator/XCFrameworkIntermediates/ExpoModulesCore -F/Users/karelbraborec/Library/Developer/Xcode/DerivedData/revmeter-hbcnswmlqmbpnlazhhkncgeowiss/Build/Products/Debug-iphonesimulator/XCFrameworkIntermediates/ExpoModulesJSI -F/Users/karelbraborec/Library/Developer/Xcode/DerivedData/revmeter-hbcnswmlqmbpnlazhhkncgeowiss/Build/Products/Debug-iphonesimulator/XCFrameworkIntermediates/ExpoModulesWorklets -F/Users/karelbraborec/Library/Developer/Xcode/DerivedData/revmeter-hbcnswmlqmbpnlazhhkncgeowiss/Build/Products/Debug-iphonesimulator/XCFrameworkIntermediates/React-Core-prebuilt -F/Users/karelbraborec/Library/Developer/Xcode/DerivedData/revmeter-hbcnswmlqmbpnlazhhkncgeowiss/Build/Products/Debug-iphonesimulator/XCFrameworkIntermediates/ReactNativeDependencies -F/Users/karelbraborec/Library/Developer/Xcode/DerivedData/revmeter-hbcnswmlqmbpnlazhhkncgeowiss/Build/Products/Debug-iphonesimulator/XCFrameworkIntermediates/hermes-engine/Pre-built '-DRCT_REMOVE_LEGACY_ARCH=1' '-fmodule-map-file=/Users/karelbraborec/Library/Developer/Xcode/DerivedData/revmeter-hbcnswmlqmbpnlazhhkncgeowiss/Build/Products/Debug-iphonesimulator/EXAV/EXAV.modulemap' '-fmodule-map-file=/Users/karelbraborec/Library/Developer/Xcode/DerivedData/revmeter-hbcnswmlqmbpnlazhhkncgeowiss/Build/Products/Debug-iphonesimulator/EXConstants/EXConstants.modulemap' '-fmodule-map-file=/Users/karelbraborec/Library/Developer/Xcode/DerivedData/revmeter-hbcnswmlqmbpnlazhhkncgeowiss/Build/Products/Debug-iphonesimulator/Expo/Expo.modulemap' '-fmodule-map-file=/Users/karelbraborec/Library/Developer/Xcode/DerivedData/revmeter-hbcnswmlqmbpnlazhhkncgeowiss/Build/Products/Debug-iphonesimulator/ExpoAsset/ExpoAsset.modulemap' '-fmodule-map-file=/Users/karelbraborec/Library/Developer/Xcode/DerivedData/revmeter-hbcnswmlqmbpnlazhhkncgeowiss/Build/Products/Debug-iphonesimulator/ExpoDevice/ExpoDevice.modulemap' '-fmodule-map-file=/Users/karelbraborec/Library/Developer/Xcode/DerivedData/revmeter-hbcnswmlqmbpnlazhhkncgeowiss/Build/Products/Debug-iphonesimulator/ExpoDomWebView/ExpoDomWebView.modulemap' '-fmodule-map-file=/Users/karelbraborec/Library/Developer/Xcode/DerivedData/revmeter-hbcnswmlqmbpnlazhhkncgeowiss/Build/Products/Debug-iphonesimulator/ExpoGlassEffect/ExpoGlassEffect.modulemap' '-fmodule-map-file=/Users/karelbraborec/Library/Developer/Xcode/DerivedData/revmeter-hbcnswmlqmbpnlazhhkncgeowiss/Build/Products/Debug-iphonesimulator/ExpoKeepAwake/ExpoKeepAwake.modulemap' '-fmodule-map-file=/Users/karelbraborec/Library/Developer/Xcode/DerivedData/revmeter-hbcnswmlqmbpnlazhhkncgeowiss/Build/Products/Debug-iphonesimulator/ExpoLinking/ExpoLinking.modulemap' '-fmodule-map-file=/Users/karelbraborec/Library/Developer/Xcode/DerivedData/revmeter-hbcnswmlqmbpnlazhhkncgeowiss/Build/Products/Debug-iphonesimulator/ExpoLogBox/ExpoLogBox.modulemap' '-fmodule-map-file=/Users/karelbraborec/Library/Developer/Xcode/DerivedData/revmeter-hbcnswmlqmbpnlazhhkncgeowiss/Build/Products/Debug-iphonesimulator/ExpoRouter/ExpoRouter.modulemap' '-fmodule-map-file=/Users/karelbraborec/Library/Developer/Xcode/DerivedData/revmeter-hbcnswmlqmbpnlazhhkncgeowiss/Build/Products/Debug-iphonesimulator/ExpoSplashScreen/ExpoSplashScreen.modulemap' '-fmodule-map-file=/Users/karelbraborec/Library/Developer/Xcode/DerivedData/revmeter-hbcnswmlqmbpnlazhhkncgeowiss/Build/Products/Debug-iphonesimulator/ExpoSymbols/ExpoSymbols.modulemap' '-fmodule-map-file=/Users/karelbraborec/Library/Developer/Xcode/DerivedData/revmeter-hbcnswmlqmbpnlazhhkncgeowiss/Build/Products/Debug-iphonesimulator/ExpoSystemUI/ExpoSystemUI.modulemap' '-fmodule-map-file=/Users/karelbraborec/Library/Developer/Xcode/DerivedData/revmeter-hbcnswmlqmbpnlazhhkncgeowiss/Build/Products/Debug-iphonesimulator/ExpoUI/ExpoUI.modulemap' '-fmodule-map-file=/Users/karelbraborec/Library/Developer/Xcode/DerivedData/revmeter-hbcnswmlqmbpnlazhhkncgeowiss/Build/Products/Debug-iphonesimulator/ExpoWebBrowser/ExpoWebBrowser.modulemap' '-fmodule-map-file=/Users/karelbraborec/Library/Developer/Xcode/DerivedData/revmeter-hbcnswmlqmbpnlazhhkncgeowiss/Build/Products/Debug-iphonesimulator/RNScreens/RNScreens.modulemap' '-fmodule-map-file=/Users/karelbraborec/rev-meter/ios/Pods/Headers/Public/ExpoModulesWorkletsAdapter/ExpoModulesWorkletsAdapter.modulemap' '-fmodule-map-file=/Users/karelbraborec/rev-meter/ios/Pods/Headers/Public/ReactAppDependencyProvider/ReactAppDependencyProvider.modulemap' '-fmodule-map-file=/Users/karelbraborec/rev-meter/ios/Pods/Headers/Public/ReactCodegen/ReactCodegen.modulemap' '-fmodule-map-file=/Users/karelbraborec/rev-meter/ios/Pods/Headers/Public/reanimated/RNReanimated.modulemap' '-fmodule-map-file=/Users/karelbraborec/rev-meter/ios/Pods/Headers/Public/worklets/RNWorklets.modulemap' '-DRCT_REMOVE_LEGACY_ARCH=1' '-DREACT_NATIVE_MINOR_VERSION=86' '-DRCT_REMOVE_LEGACY_ARCH=1' '-DREANIMATED_VERSION=4.5.1' '-DREANIMATED_FEATURE_FLAGS=[RUNTIME_TEST_FLAG:false][DISABLE_COMMIT_PAUSING_MECHANISM:false][ANDROID_SYNCHRONOUSLY_UPDATE_UI_PROPS:false][IOS_SYNCHRONOUSLY_UPDATE_UI_PROPS:false][EXPERIMENTAL_CSS_ANIMATIONS_FOR_SVG_COMPONENTS:true][IOS_CSS_CORE_ANIMATION:false][USE_SYNCHRONIZABLE_FOR_MUTABLES:true][USE_COMMIT_HOOK_ONLY_FOR_REACT_COMMITS:true][ENABLE_SHARED_ELEMENT_TRANSITIONS:false][FORCE_REACT_RENDER_FOR_SETTLED_ANIMATIONS:true][USE_ANIMATION_BACKEND:false]' -ivfsoverlay /Users/karelbraborec/rev-meter/ios/Pods/React-Core-prebuilt/React-VFS.yaml

WriteAuxiliaryFile /Users/karelbraborec/Library/Developer/Xcode/DerivedData/revmeter-hbcnswmlqmbpnlazhhkncgeowiss/Build/Intermediates.noindex/Pods.build/Debug-iphonesimulator/Pods-revmeter.build/Objects-normal/x86_64/Pods-revmeter.LinkFileList (in target 'Pods-revmeter' from project 'Pods')
    cd /Users/karelbraborec/rev-meter/ios/Pods
    write-file /Users/karelbraborec/Library/Developer/Xcode/DerivedData/revmeter-hbcnswmlqmbpnlazhhkncgeowiss/Build/Intermediates.noindex/Pods.build/Debug-iphonesimulator/Pods-revmeter.build/Objects-normal/x86_64/Pods-revmeter.LinkFileList

WriteAuxiliaryFile /Users/karelbraborec/Library/Developer/Xcode/DerivedData/revmeter-hbcnswmlqmbpnlazhhkncgeowiss/Build/Intermediates.noindex/Pods.build/Debug-iphonesimulator/Pods-revmeter.build/Objects-normal/arm64/e6072d4f65d7061329687fe24e3d63a7-common-args.resp (in target 'Pods-revmeter' from project 'Pods')
    cd /Users/karelbraborec/rev-meter/ios/Pods
    write-file /Users/karelbraborec/Library/Developer/Xcode/DerivedData/revmeter-hbcnswmlqmbpnlazhhkncgeowiss/Build/Intermediates.noindex/Pods.build/Debug-iphonesimulator/Pods-revmeter.build/Objects-normal/arm64/e6072d4f65d7061329687fe24e3d63a7-common-args.resp
'-std=gnu11' -fobjc-arc -fmodules '-fmodules-cache-path=/Users/karelbraborec/Library/Developer/Xcode/DerivedData/ModuleCache.noindex' -fpascal-strings -O0 -fno-common '-DPOD_CONFIGURATION_DEBUG=1' '-DDEBUG=1' '-DCOCOAPODS=1' '-DOBJC_OLD_DISPATCH_PROTOTYPES=0' -g '-fobjc-abi-version=2' -fobjc-legacy-dispatch -iquote /Users/karelbraborec/Library/Developer/Xcode/DerivedData/revmeter-hbcnswmlqmbpnlazhhkncgeowiss/Build/Intermediates.noindex/Pods.build/Debug-iphonesimulator/Pods-revmeter.build/Pods-revmeter-generated-files.hmap -I/Users/karelbraborec/Library/Developer/Xcode/DerivedData/revmeter-hbcnswmlqmbpnlazhhkncgeowiss/Build/Intermediates.noindex/Pods.build/Debug-iphonesimulator/Pods-revmeter.build/Pods-revmeter-own-target-headers.hmap -I/Users/karelbraborec/Library/Developer/Xcode/DerivedData/revmeter-hbcnswmlqmbpnlazhhkncgeowiss/Build/Intermediates.noindex/Pods.build/Debug-iphonesimulator/Pods-revmeter.build/Pods-revmeter-all-non-framework-target-headers.hmap -ivfsoverlay /Users/karelbraborec/Library/Developer/Xcode/DerivedData/revmeter-hbcnswmlqmbpnlazhhkncgeowiss/Build/Intermediates.noindex/Pods.build/Debug-iphonesimulator/Pods-8699adb1dd336b26511df848a716bd42-VFS-iphonesimulator/all-product-headers.yaml -iquote /Users/karelbraborec/Library/Developer/Xcode/DerivedData/revmeter-hbcnswmlqmbpnlazhhkncgeowiss/Build/Intermediates.noindex/Pods.build/Debug-iphonesimulator/Pods-revmeter.build/Pods-revmeter-project-headers.hmap -I/Users/karelbraborec/Library/Developer/Xcode/DerivedData/revmeter-hbcnswmlqmbpnlazhhkncgeowiss/Build/Products/Debug-iphonesimulator/include -I/Users/karelbraborec/rev-meter/ios/Pods/Headers/Public -I/Users/karelbraborec/rev-meter/ios/Pods/Headers/Public/EXAV -I/Users/karelbraborec/rev-meter/ios/Pods/Headers/Public/EXConstants -I/Users/karelbraborec/rev-meter/ios/Pods/Headers/Public/Expo -I/Users/karelbraborec/rev-meter/ios/Pods/Headers/Public/ExpoModulesWorkletsAdapter -I/Users/karelbraborec/rev-meter/ios/Pods/Headers/Public/ExpoUI -I/Users/karelbraborec/rev-meter/ios/Pods/Headers/Public/FBLazyVector -I/Users/karelbraborec/rev-meter/ios/Pods/Headers/Public/RCTDeprecation -I/Users/karelbraborec/rev-meter/ios/Pods/Headers/Public/RCTRequired -I/Users/karelbraborec/rev-meter/ios/Pods/Headers/Public/RCTSwiftUIWrapper -I/Users/karelbraborec/rev-meter/ios/Pods/Headers/Public/RCTTypeSafety -I/Users/karelbraborec/rev-meter/ios/Pods/Headers/Public/RNCMaskedView -I/Users/karelbraborec/rev-meter/ios/Pods/Headers/Public/RNGestureHandler -I/Users/karelbraborec/rev-meter/ios/Pods/Headers/Public/RNReanimated -I/Users/karelbraborec/rev-meter/ios/Pods/Headers/Public/RNScreens -I/Users/karelbraborec/rev-meter/ios/Pods/Headers/Public/RNWorklets -I/Users/karelbraborec/rev-meter/ios/Pods/Headers/Public/React-Core -I/Users/karelbraborec/rev-meter/ios/Pods/Headers/Public/React-Core-prebuilt -I/Users/karelbraborec/rev-meter/ios/Pods/Headers/Public/React-CoreModules -I/Users/karelbraborec/rev-meter/ios/Pods/Headers/Public/React-Fabric -I/Users/karelbraborec/rev-meter/ios/Pods/Headers/Public/React-FabricComponents -I/Users/karelbraborec/rev-meter/ios/Pods/Headers/Public/React-FabricImage -I/Users/karelbraborec/rev-meter/ios/Pods/Headers/Public/React-ImageManager -I/Users/karelbraborec/rev-meter/ios/Pods/Headers/Public/React-Mapbuffer -I/Users/karelbraborec/rev-meter/ios/Pods/Headers/Public/React-NativeModulesApple -I/Users/karelbraborec/rev-meter/ios/Pods/Headers/Public/React-RCTAnimation -I/Users/karelbraborec/rev-meter/ios/Pods/Headers/Public/React-RCTAppDelegate -I/Users/karelbraborec/rev-meter/ios/Pods/Headers/Public/React-RCTBlob -I/Users/karelbraborec/rev-meter/ios/Pods/Headers/Public/React-RCTFBReactNativeSpec -I/Users/karelbraborec/rev-meter/ios/Pods/Headers/Public/React-RCTFabric -I/Users/karelbraborec/rev-meter/ios/Pods/Headers/Public/React-RCTImage -I/Users/karelbraborec/rev-meter/ios/Pods/Headers/Public/React-RCTRuntime -I/Users/karelbraborec/rev-meter/ios/Pods/Headers/Public/React-RCTSettings -I/Users/karelbraborec/rev-meter/ios/Pods/Headers/Public/React-RCTText -I/Users/karelbraborec/rev-meter/ios/Pods/Headers/Public/React-RCTVibration -I/Users/karelbraborec/rev-meter/ios/Pods/Headers/Public/React-RuntimeApple -I/Users/karelbraborec/rev-meter/ios/Pods/Headers/Public/React-RuntimeCore -I/Users/karelbraborec/rev-meter/ios/Pods/Headers/Public/React-RuntimeHermes -I/Users/karelbraborec/rev-meter/ios/Pods/Headers/Public/React-callinvoker -I/Users/karelbraborec/rev-meter/ios/Pods/Headers/Public/React-cxxreact -I/Users/karelbraborec/rev-meter/ios/Pods/Headers/Public/React-debug -I/Users/karelbraborec/rev-meter/ios/Pods/Headers/Public/React-defaultsnativemodule -I/Users/karelbraborec/rev-meter/ios/Pods/Headers/Public/React-domnativemodule -I/Users/karelbraborec/rev-meter/ios/Pods/Headers/Public/React-featureflags -I/Users/karelbraborec/rev-meter/ios/Pods/Headers/Public/React-featureflagsnativemodule -I/Users/karelbraborec/rev-meter/ios/Pods/Headers/Public/React-graphics -I/Users/karelbraborec/rev-meter/ios/Pods/Headers/Public/React-hermes -I/Users/karelbraborec/rev-meter/ios/Pods/Headers/Public/React-idlecallbacksnativemodule -I/Users/karelbraborec/rev-meter/ios/Pods/Headers/Public/React-intersectionobservernativemodule -I/Users/karelbraborec/rev-meter/ios/Pods/Headers/Public/React-jserrorhandler -I/Users/karelbraborec/rev-meter/ios/Pods/Headers/Public/React-jsi -I/Users/karelbraborec/rev-meter/ios/Pods/Headers/Public/React-jsiexecutor -I/Users/karelbraborec/rev-meter/ios/Pods/Headers/Public/React-jsinspector -I/Users/karelbraborec/rev-meter/ios/Pods/Headers/Public/React-jsinspectorcdp -I/Users/karelbraborec/rev-meter/ios/Pods/Headers/Public/React-jsinspectornetwork -I/Users/karelbraborec/rev-meter/ios/Pods/Headers/Public/React-jsinspectortracing -I/Users/karelbraborec/rev-meter/ios/Pods/Headers/Public/React-jsitooling -I/Users/karelbraborec/rev-meter/ios/Pods/Headers/Public/React-logger -I/Users/karelbraborec/rev-meter/ios/Pods/Headers/Public/React-microtasksnativemodule -I/Users/karelbraborec/rev-meter/ios/Pods/Headers/Public/React-mutationobservernativemodule -I/Users/karelbraborec/rev-meter/ios/Pods/Headers/Public/React-networking -I/Users/karelbraborec/rev-meter/ios/Pods/Headers/Public/React-oscompat -I/Users/karelbraborec/rev-meter/ios/Pods/Headers/Public/React-perflogger -I/Users/karelbraborec/rev-meter/ios/Pods/Headers/Public/React-performancecdpmetrics -I/Users/karelbraborec/rev-meter/ios/Pods/Headers/Public/React-performancetimeline -I/Users/karelbraborec/rev-meter/ios/Pods/Headers/Public/React-rendererconsistency -I/Users/karelbraborec/rev-meter/ios/Pods/Headers/Public/React-renderercss -I/Users/karelbraborec/rev-meter/ios/Pods/Headers/Public/React-rendererdebug -I/Users/karelbraborec/rev-meter/ios/Pods/Headers/Public/React-runtimeexecutor -I/Users/karelbraborec/rev-meter/ios/Pods/Headers/Public/React-runtimescheduler -I/Users/karelbraborec/rev-meter/ios/Pods/Headers/Public/React-timing -I/Users/karelbraborec/rev-meter/ios/Pods/Headers/Public/React-utils -I/Users/karelbraborec/rev-meter/ios/Pods/Headers/Public/React-viewtransitionnativemodule -I/Users/karelbraborec/rev-meter/ios/Pods/Headers/Public/React-webperformancenativemodule -I/Users/karelbraborec/rev-meter/ios/Pods/Headers/Public/ReactAppDependencyProvider -I/Users/karelbraborec/rev-meter/ios/Pods/Headers/Public/ReactCodegen -I/Users/karelbraborec/rev-meter/ios/Pods/Headers/Public/ReactCommon -I/Users/karelbraborec/rev-meter/ios/Pods/Headers/Public/ReactNativeDependencies -I/Users/karelbraborec/rev-meter/ios/Pods/Headers/Public/Yoga -I/Users/karelbraborec/rev-meter/ios/Pods/Headers/Public/hermes-engine -I/Users/karelbraborec/rev-meter/ios/Pods/Headers/Public/react-native-safe-area-context -I/Users/karelbraborec/rev-meter/ios/Pods/Headers/Public/react-native-slider '-I/Users/karelbraborec/Library/Developer/Xcode/DerivedData/revmeter-hbcnswmlqmbpnlazhhkncgeowiss/Build/Products/Debug-iphonesimulator/Expo/Swift Compatibility Header' -I/Users/karelbraborec/rev-meter/ios/Pods/Headers/Private/Yoga '-I/Users/karelbraborec/Library/Developer/Xcode/DerivedData/revmeter-hbcnswmlqmbpnlazhhkncgeowiss/Build/Products/Debug-iphonesimulator/ExpoModulesCore/Swift Compatibility Header' -I/Users/karelbraborec/rev-meter/ios/Pods/Headers/Private/Yoga -I/Users/karelbraborec/rev-meter/ios/Pods/boost -I/Users/karelbraborec/rev-meter/ios/Pods/boost-for-react-native -I/Users/karelbraborec/rev-meter/ios/Pods/glog -I/Users/karelbraborec/rev-meter/ios/Pods/RCT-Folly -I/Users/karelbraborec/rev-meter/ios/Pods/Headers/Public/React-hermes -I/Users/karelbraborec/rev-meter/ios/Pods/Headers/Public/hermes-engine -I/Users/karelbraborec/rev-meter/ios/Pods/Headers/Public/RNWorklets -I/Users/karelbraborec/rev-meter/node_modules/react-native/ReactCommon -I/Users/karelbraborec/rev-meter/node_modules/react-native/ReactCommon/jsitooling -I/Users/karelbraborec/rev-meter/ios/Pods/boost -I/Users/karelbraborec/rev-meter/ios/Pods/boost-for-react-native -I/Users/karelbraborec/rev-meter/ios/Pods/glog -I/Users/karelbraborec/rev-meter/ios/Pods/RCT-Folly -I/Users/karelbraborec/rev-meter/ios/Pods/Headers/Public/React-hermes -I/Users/karelbraborec/rev-meter/ios/Pods/Headers/Public/hermes-engine -I/Users/karelbraborec/rev-meter/node_modules/react-native/ReactCommon -I/Users/karelbraborec/rev-meter/node_modules/react-native/ReactCommon/jsitooling -I/Users/karelbraborec/rev-meter/ios/Pods/Headers/Private/React-Core -I/Users/karelbraborec/rev-meter/ios/Pods/Headers/Private/React-Core -I/Users/karelbraborec/rev-meter/ios/Pods/Headers/Private/Yoga -I/Users/karelbraborec/rev-meter/ios/Pods/ExpoModulesCore/ExpoModulesCore.xcframework/ios-arm64_x86_64-simulator/ExpoModulesCore.framework/Headers -I/Users/karelbraborec/rev-meter/ios/Pods/ExpoModulesCore/ExpoModulesCore.xcframework/ios-arm64/ExpoModulesCore.framework/Headers -I/Users/karelbraborec/rev-meter/ios/Pods/ExpoModulesCore/ExpoModulesCore.xcframework/ios-arm64_x86_64-simulator/ExpoModulesCore.framework/Headers -I/Users/karelbraborec/rev-meter/ios/Pods/ExpoModulesCore/ExpoModulesCore.xcframework/ios-arm64/ExpoModulesCore.framework/Headers -I/Users/karelbraborec/Library/Developer/Xcode/DerivedData/revmeter-hbcnswmlqmbpnlazhhkncgeowiss/Build/Intermediates.noindex/Pods.build/Debug-iphonesimulator/Pods-revmeter.build/DerivedSources-normal/arm64 -I/Users/karelbraborec/Library/Developer/Xcode/DerivedData/revmeter-hbcnswmlqmbpnlazhhkncgeowiss/Build/Intermediates.noindex/Pods.build/Debug-iphonesimulator/Pods-revmeter.build/DerivedSources/arm64 -I/Users/karelbraborec/Library/Developer/Xcode/DerivedData/revmeter-hbcnswmlqmbpnlazhhkncgeowiss/Build/Intermediates.noindex/Pods.build/Debug-iphonesimulator/Pods-revmeter.build/DerivedSources -F/Users/karelbraborec/Library/Developer/Xcode/DerivedData/revmeter-hbcnswmlqmbpnlazhhkncgeowiss/Build/Products/Debug-iphonesimulator -F/Users/karelbraborec/rev-meter/node_modules/expo-modules-jsi/apple/Products -F/Users/karelbraborec/rev-meter/ios/Pods/ExpoFileSystem -F/Users/karelbraborec/rev-meter/ios/Pods/ExpoFont -F/Users/karelbraborec/rev-meter/ios/Pods/ExpoImage -F/Users/karelbraborec/rev-meter/ios/Pods/ExpoModulesCore -F/Users/karelbraborec/rev-meter/ios/Pods/ExpoModulesWorklets -F/Users/karelbraborec/rev-meter/ios/Pods/React-Core-prebuilt -F/Users/karelbraborec/rev-meter/ios/Pods/ReactNativeDependencies/framework/packages/react-native -F/Users/karelbraborec/rev-meter/ios/Pods/hermes-engine/destroot/Library/Frameworks/universal -F/Users/karelbraborec/Library/Developer/Xcode/DerivedData/revmeter-hbcnswmlqmbpnlazhhkncgeowiss/Build/Products/Debug-iphonesimulator/XCFrameworkIntermediates/ExpoFileSystem -F/Users/karelbraborec/Library/Developer/Xcode/DerivedData/revmeter-hbcnswmlqmbpnlazhhkncgeowiss/Build/Products/Debug-iphonesimulator/XCFrameworkIntermediates/ExpoFont -F/Users/karelbraborec/Library/Developer/Xcode/DerivedData/revmeter-hbcnswmlqmbpnlazhhkncgeowiss/Build/Products/Debug-iphonesimulator/XCFrameworkIntermediates/ExpoImage -F/Users/karelbraborec/Library/Developer/Xcode/DerivedData/revmeter-hbcnswmlqmbpnlazhhkncgeowiss/Build/Products/Debug-iphonesimulator/XCFrameworkIntermediates/ExpoModulesCore -F/Users/karelbraborec/Library/Developer/Xcode/DerivedData/revmeter-hbcnswmlqmbpnlazhhkncgeowiss/Build/Products/Debug-iphonesimulator/XCFrameworkIntermediates/ExpoModulesJSI -F/Users/karelbraborec/Library/Developer/Xcode/DerivedData/revmeter-hbcnswmlqmbpnlazhhkncgeowiss/Build/Products/Debug-iphonesimulator/XCFrameworkIntermediates/ExpoModulesWorklets -F/Users/karelbraborec/Library/Developer/Xcode/DerivedData/revmeter-hbcnswmlqmbpnlazhhkncgeowiss/Build/Products/Debug-iphonesimulator/XCFrameworkIntermediates/React-Core-prebuilt -F/Users/karelbraborec/Library/Developer/Xcode/DerivedData/revmeter-hbcnswmlqmbpnlazhhkncgeowiss/Build/Products/Debug-iphonesimulator/XCFrameworkIntermediates/ReactNativeDependencies -F/Users/karelbraborec/Library/Developer/Xcode/DerivedData/revmeter-hbcnswmlqmbpnlazhhkncgeowiss/Build/Products/Debug-iphonesimulator/XCFrameworkIntermediates/hermes-engine/Pre-built '-DRCT_REMOVE_LEGACY_ARCH=1' '-fmodule-map-file=/Users/karelbraborec/Library/Developer/Xcode/DerivedData/revmeter-hbcnswmlqmbpnlazhhkncgeowiss/Build/Products/Debug-iphonesimulator/EXAV/EXAV.modulemap' '-fmodule-map-file=/Users/karelbraborec/Library/Developer/Xcode/DerivedData/revmeter-hbcnswmlqmbpnlazhhkncgeowiss/Build/Products/Debug-iphonesimulator/EXConstants/EXConstants.modulemap' '-fmodule-map-file=/Users/karelbraborec/Library/Developer/Xcode/DerivedData/revmeter-hbcnswmlqmbpnlazhhkncgeowiss/Build/Products/Debug-iphonesimulator/Expo/Expo.modulemap' '-fmodule-map-file=/Users/karelbraborec/Library/Developer/Xcode/DerivedData/revmeter-hbcnswmlqmbpnlazhhkncgeowiss/Build/Products/Debug-iphonesimulator/ExpoAsset/ExpoAsset.modulemap' '-fmodule-map-file=/Users/karelbraborec/Library/Developer/Xcode/DerivedData/revmeter-hbcnswmlqmbpnlazhhkncgeowiss/Build/Products/Debug-iphonesimulator/ExpoDevice/ExpoDevice.modulemap' '-fmodule-map-file=/Users/karelbraborec/Library/Developer/Xcode/DerivedData/revmeter-hbcnswmlqmbpnlazhhkncgeowiss/Build/Products/Debug-iphonesimulator/ExpoDomWebView/ExpoDomWebView.modulemap' '-fmodule-map-file=/Users/karelbraborec/Library/Developer/Xcode/DerivedData/revmeter-hbcnswmlqmbpnlazhhkncgeowiss/Build/Products/Debug-iphonesimulator/ExpoGlassEffect/ExpoGlassEffect.modulemap' '-fmodule-map-file=/Users/karelbraborec/Library/Developer/Xcode/DerivedData/revmeter-hbcnswmlqmbpnlazhhkncgeowiss/Build/Products/Debug-iphonesimulator/ExpoKeepAwake/ExpoKeepAwake.modulemap' '-fmodule-map-file=/Users/karelbraborec/Library/Developer/Xcode/DerivedData/revmeter-hbcnswmlqmbpnlazhhkncgeowiss/Build/Products/Debug-iphonesimulator/ExpoLinking/ExpoLinking.modulemap' '-fmodule-map-file=/Users/karelbraborec/Library/Developer/Xcode/DerivedData/revmeter-hbcnswmlqmbpnlazhhkncgeowiss/Build/Products/Debug-iphonesimulator/ExpoLogBox/ExpoLogBox.modulemap' '-fmodule-map-file=/Users/karelbraborec/Library/Developer/Xcode/DerivedData/revmeter-hbcnswmlqmbpnlazhhkncgeowiss/Build/Products/Debug-iphonesimulator/ExpoRouter/ExpoRouter.modulemap' '-fmodule-map-file=/Users/karelbraborec/Library/Developer/Xcode/DerivedData/revmeter-hbcnswmlqmbpnlazhhkncgeowiss/Build/Products/Debug-iphonesimulator/ExpoSplashScreen/ExpoSplashScreen.modulemap' '-fmodule-map-file=/Users/karelbraborec/Library/Developer/Xcode/DerivedData/revmeter-hbcnswmlqmbpnlazhhkncgeowiss/Build/Products/Debug-iphonesimulator/ExpoSymbols/ExpoSymbols.modulemap' '-fmodule-map-file=/Users/karelbraborec/Library/Developer/Xcode/DerivedData/revmeter-hbcnswmlqmbpnlazhhkncgeowiss/Build/Products/Debug-iphonesimulator/ExpoSystemUI/ExpoSystemUI.modulemap' '-fmodule-map-file=/Users/karelbraborec/Library/Developer/Xcode/DerivedData/revmeter-hbcnswmlqmbpnlazhhkncgeowiss/Build/Products/Debug-iphonesimulator/ExpoUI/ExpoUI.modulemap' '-fmodule-map-file=/Users/karelbraborec/Library/Developer/Xcode/DerivedData/revmeter-hbcnswmlqmbpnlazhhkncgeowiss/Build/Products/Debug-iphonesimulator/ExpoWebBrowser/ExpoWebBrowser.modulemap' '-fmodule-map-file=/Users/karelbraborec/Library/Developer/Xcode/DerivedData/revmeter-hbcnswmlqmbpnlazhhkncgeowiss/Build/Products/Debug-iphonesimulator/RNScreens/RNScreens.modulemap' '-fmodule-map-file=/Users/karelbraborec/rev-meter/ios/Pods/Headers/Public/ExpoModulesWorkletsAdapter/ExpoModulesWorkletsAdapter.modulemap' '-fmodule-map-file=/Users/karelbraborec/rev-meter/ios/Pods/Headers/Public/ReactAppDependencyProvider/ReactAppDependencyProvider.modulemap' '-fmodule-map-file=/Users/karelbraborec/rev-meter/ios/Pods/Headers/Public/ReactCodegen/ReactCodegen.modulemap' '-fmodule-map-file=/Users/karelbraborec/rev-meter/ios/Pods/Headers/Public/reanimated/RNReanimated.modulemap' '-fmodule-map-file=/Users/karelbraborec/rev-meter/ios/Pods/Headers/Public/worklets/RNWorklets.modulemap' '-DRCT_REMOVE_LEGACY_ARCH=1' '-DREACT_NATIVE_MINOR_VERSION=86' '-DRCT_REMOVE_LEGACY_ARCH=1' '-DREANIMATED_VERSION=4.5.1' '-DREANIMATED_FEATURE_FLAGS=[RUNTIME_TEST_FLAG:false][DISABLE_COMMIT_PAUSING_MECHANISM:false][ANDROID_SYNCHRONOUSLY_UPDATE_UI_PROPS:false][IOS_SYNCHRONOUSLY_UPDATE_UI_PROPS:false][EXPERIMENTAL_CSS_ANIMATIONS_FOR_SVG_COMPONENTS:true][IOS_CSS_CORE_ANIMATION:false][USE_SYNCHRONIZABLE_FOR_MUTABLES:true][USE_COMMIT_HOOK_ONLY_FOR_REACT_COMMITS:true][ENABLE_SHARED_ELEMENT_TRANSITIONS:false][FORCE_REACT_RENDER_FOR_SETTLED_ANIMATIONS:true][USE_ANIMATION_BACKEND:false]' -ivfsoverlay /Users/karelbraborec/rev-meter/ios/Pods/React-Core-prebuilt/React-VFS.yaml

WriteAuxiliaryFile /Users/karelbraborec/Library/Developer/Xcode/DerivedData/revmeter-hbcnswmlqmbpnlazhhkncgeowiss/Build/Intermediates.noindex/Pods.build/Debug-iphonesimulator/Pods-revmeter.build/Objects-normal/arm64/Pods-revmeter.LinkFileList (in target 'Pods-revmeter' from project 'Pods')
    cd /Users/karelbraborec/rev-meter/ios/Pods
    write-file /Users/karelbraborec/Library/Developer/Xcode/DerivedData/revmeter-hbcnswmlqmbpnlazhhkncgeowiss/Build/Intermediates.noindex/Pods.build/Debug-iphonesimulator/Pods-revmeter.build/Objects-normal/arm64/Pods-revmeter.LinkFileList

MkDir /Users/karelbraborec/Library/Developer/Xcode/DerivedData/revmeter-hbcnswmlqmbpnlazhhkncgeowiss/Build/Products/Debug-iphonesimulator/revmeter.app (in target 'revmeter' from project 'revmeter')
    cd /Users/karelbraborec/rev-meter/ios
    /bin/mkdir -p /Users/karelbraborec/Library/Developer/Xcode/DerivedData/revmeter-hbcnswmlqmbpnlazhhkncgeowiss/Build/Products/Debug-iphonesimulator/revmeter.app

MkDir /Users/karelbraborec/Library/Developer/Xcode/DerivedData/revmeter-hbcnswmlqmbpnlazhhkncgeowiss/Build/Products/Debug-iphonesimulator/revmeter.app/Frameworks (in target 'revmeter' from project 'revmeter')
    cd /Users/karelbraborec/rev-meter/ios
    /bin/mkdir -p /Users/karelbraborec/Library/Developer/Xcode/DerivedData/revmeter-hbcnswmlqmbpnlazhhkncgeowiss/Build/Products/Debug-iphonesimulator/revmeter.app/Frameworks

CreateBuildDirectory /Users/karelbraborec/Library/Developer/Xcode/DerivedData/revmeter-hbcnswmlqmbpnlazhhkncgeowiss/Build/Products/Debug-iphonesimulator/React-RCTSettings
    cd /Users/karelbraborec/rev-meter/ios
    builtin-create-build-directory /Users/karelbraborec/Library/Developer/Xcode/DerivedData/revmeter-hbcnswmlqmbpnlazhhkncgeowiss/Build/Products/Debug-iphonesimulator/React-RCTSettings

CreateBuildDirectory /Users/karelbraborec/Library/Developer/Xcode/DerivedData/revmeter-hbcnswmlqmbpnlazhhkncgeowiss/Build/Products/Debug-iphonesimulator/React-RCTRuntime
    cd /Users/karelbraborec/rev-meter/ios
    builtin-create-build-directory /Users/karelbraborec/Library/Developer/Xcode/DerivedData/revmeter-hbcnswmlqmbpnlazhhkncgeowiss/Build/Products/Debug-iphonesimulator/React-RCTRuntime

CreateBuildDirectory /Users/karelbraborec/Library/Developer/Xcode/DerivedData/revmeter-hbcnswmlqmbpnlazhhkncgeowiss/Build/Products/Debug-iphonesimulator/React-RCTNetwork
    cd /Users/karelbraborec/rev-meter/ios
    builtin-create-build-directory /Users/karelbraborec/Library/Developer/Xcode/DerivedData/revmeter-hbcnswmlqmbpnlazhhkncgeowiss/Build/Products/Debug-iphonesimulator/React-RCTNetwork

CreateBuildDirectory /Users/karelbraborec/Library/Developer/Xcode/DerivedData/revmeter-hbcnswmlqmbpnlazhhkncgeowiss/Build/Products/Debug-iphonesimulator/React-RCTLinking
    cd /Users/karelbraborec/rev-meter/ios
    builtin-create-build-directory /Users/karelbraborec/Library/Developer/Xcode/DerivedData/revmeter-hbcnswmlqmbpnlazhhkncgeowiss/Build/Products/Debug-iphonesimulator/React-RCTLinking

CreateBuildDirectory /Users/karelbraborec/Library/Developer/Xcode/DerivedData/revmeter-hbcnswmlqmbpnlazhhkncgeowiss/Build/Products/Debug-iphonesimulator/React-RCTImage
    cd /Users/karelbraborec/rev-meter/ios
    builtin-create-build-directory /Users/karelbraborec/Library/Developer/Xcode/DerivedData/revmeter-hbcnswmlqmbpnlazhhkncgeowiss/Build/Products/Debug-iphonesimulator/React-RCTImage

CreateBuildDirectory /Users/karelbraborec/Library/Developer/Xcode/DerivedData/revmeter-hbcnswmlqmbpnlazhhkncgeowiss/Build/Products/Debug-iphonesimulator/React-RCTFabric
    cd /Users/karelbraborec/rev-meter/ios
    builtin-create-build-directory /Users/karelbraborec/Library/Developer/Xcode/DerivedData/revmeter-hbcnswmlqmbpnlazhhkncgeowiss/Build/Products/Debug-iphonesimulator/React-RCTFabric

CreateBuildDirectory /Users/karelbraborec/Library/Developer/Xcode/DerivedData/revmeter-hbcnswmlqmbpnlazhhkncgeowiss/Build/Products/Debug-iphonesimulator/React-RCTFBReactNativeSpec
    cd /Users/karelbraborec/rev-meter/ios
    builtin-create-build-directory /Users/karelbraborec/Library/Developer/Xcode/DerivedData/revmeter-hbcnswmlqmbpnlazhhkncgeowiss/Build/Products/Debug-iphonesimulator/React-RCTFBReactNativeSpec

CreateBuildDirectory /Users/karelbraborec/Library/Developer/Xcode/DerivedData/revmeter-hbcnswmlqmbpnlazhhkncgeowiss/Build/Products/Debug-iphonesimulator/React-RCTBlob
    cd /Users/karelbraborec/rev-meter/ios
    builtin-create-build-directory /Users/karelbraborec/Library/Developer/Xcode/DerivedData/revmeter-hbcnswmlqmbpnlazhhkncgeowiss/Build/Products/Debug-iphonesimulator/React-RCTBlob

CreateBuildDirectory /Users/karelbraborec/Library/Developer/Xcode/DerivedData/revmeter-hbcnswmlqmbpnlazhhkncgeowiss/Build/Products/Debug-iphonesimulator/React-RCTAppDelegate
    cd /Users/karelbraborec/rev-meter/ios
    builtin-create-build-directory /Users/karelbraborec/Library/Developer/Xcode/DerivedData/revmeter-hbcnswmlqmbpnlazhhkncgeowiss/Build/Products/Debug-iphonesimulator/React-RCTAppDelegate

CreateBuildDirectory /Users/karelbraborec/Library/Developer/Xcode/DerivedData/revmeter-hbcnswmlqmbpnlazhhkncgeowiss/Build/Products/Debug-iphonesimulator/React-RCTAnimation
    cd /Users/karelbraborec/rev-meter/ios
    builtin-create-build-directory /Users/karelbraborec/Library/Developer/Xcode/DerivedData/revmeter-hbcnswmlqmbpnlazhhkncgeowiss/Build/Products/Debug-iphonesimulator/React-RCTAnimation

CreateBuildDirectory /Users/karelbraborec/Library/Developer/Xcode/DerivedData/revmeter-hbcnswmlqmbpnlazhhkncgeowiss/Build/Products/Debug-iphonesimulator/React-RCTActionSheet
    cd /Users/karelbraborec/rev-meter/ios
    builtin-create-build-directory /Users/karelbraborec/Library/Developer/Xcode/DerivedData/revmeter-hbcnswmlqmbpnlazhhkncgeowiss/Build/Products/Debug-iphonesimulator/React-RCTActionSheet

CreateBuildDirectory /Users/karelbraborec/Library/Developer/Xcode/DerivedData/revmeter-hbcnswmlqmbpnlazhhkncgeowiss/Build/Products/Debug-iphonesimulator/React-NativeModulesApple
    cd /Users/karelbraborec/rev-meter/ios
    builtin-create-build-directory /Users/karelbraborec/Library/Developer/Xcode/DerivedData/revmeter-hbcnswmlqmbpnlazhhkncgeowiss/Build/Products/Debug-iphonesimulator/React-NativeModulesApple

CreateBuildDirectory /Users/karelbraborec/Library/Developer/Xcode/DerivedData/revmeter-hbcnswmlqmbpnlazhhkncgeowiss/Build/Products/Debug-iphonesimulator/React-Mapbuffer
    cd /Users/karelbraborec/rev-meter/ios
    builtin-create-build-directory /Users/karelbraborec/Library/Developer/Xcode/DerivedData/revmeter-hbcnswmlqmbpnlazhhkncgeowiss/Build/Products/Debug-iphonesimulator/React-Mapbuffer

CreateBuildDirectory /Users/karelbraborec/Library/Developer/Xcode/DerivedData/revmeter-hbcnswmlqmbpnlazhhkncgeowiss/Build/Products/Debug-iphonesimulator/React-ImageManager
    cd /Users/karelbraborec/rev-meter/ios
    builtin-create-build-directory /Users/karelbraborec/Library/Developer/Xcode/DerivedData/revmeter-hbcnswmlqmbpnlazhhkncgeowiss/Build/Products/Debug-iphonesimulator/React-ImageManager

CreateBuildDirectory /Users/karelbraborec/Library/Developer/Xcode/DerivedData/revmeter-hbcnswmlqmbpnlazhhkncgeowiss/Build/Products/Debug-iphonesimulator/React-FabricImage
    cd /Users/karelbraborec/rev-meter/ios
    builtin-create-build-directory /Users/karelbraborec/Library/Developer/Xcode/DerivedData/revmeter-hbcnswmlqmbpnlazhhkncgeowiss/Build/Products/Debug-iphonesimulator/React-FabricImage

CreateBuildDirectory /Users/karelbraborec/Library/Developer/Xcode/DerivedData/revmeter-hbcnswmlqmbpnlazhhkncgeowiss/Build/Products/Debug-iphonesimulator/React-FabricComponents
    cd /Users/karelbraborec/rev-meter/ios
    builtin-create-build-directory /Users/karelbraborec/Library/Developer/Xcode/DerivedData/revmeter-hbcnswmlqmbpnlazhhkncgeowiss/Build/Products/Debug-iphonesimulator/React-FabricComponents

CreateBuildDirectory /Users/karelbraborec/Library/Developer/Xcode/DerivedData/revmeter-hbcnswmlqmbpnlazhhkncgeowiss/Build/Products/Debug-iphonesimulator/React-Fabric
    cd /Users/karelbraborec/rev-meter/ios
    builtin-create-build-directory /Users/karelbraborec/Library/Developer/Xcode/DerivedData/revmeter-hbcnswmlqmbpnlazhhkncgeowiss/Build/Products/Debug-iphonesimulator/React-Fabric

CreateBuildDirectory /Users/karelbraborec/Library/Developer/Xcode/DerivedData/revmeter-hbcnswmlqmbpnlazhhkncgeowiss/Build/Products/Debug-iphonesimulator/React-CoreModules
    cd /Users/karelbraborec/rev-meter/ios
    builtin-create-build-directory /Users/karelbraborec/Library/Developer/Xcode/DerivedData/revmeter-hbcnswmlqmbpnlazhhkncgeowiss/Build/Products/Debug-iphonesimulator/React-CoreModules

CreateBuildDirectory /Users/karelbraborec/Library/Developer/Xcode/DerivedData/revmeter-hbcnswmlqmbpnlazhhkncgeowiss/Build/Products/Debug-iphonesimulator/React-Core-prebuilt
    cd /Users/karelbraborec/rev-meter/ios
    builtin-create-build-directory /Users/karelbraborec/Library/Developer/Xcode/DerivedData/revmeter-hbcnswmlqmbpnlazhhkncgeowiss/Build/Products/Debug-iphonesimulator/React-Core-prebuilt

CreateBuildDirectory /Users/karelbraborec/Library/Developer/Xcode/DerivedData/revmeter-hbcnswmlqmbpnlazhhkncgeowiss/Build/Products/Debug-iphonesimulator/React-Core
    cd /Users/karelbraborec/rev-meter/ios
    builtin-create-build-directory /Users/karelbraborec/Library/Developer/Xcode/DerivedData/revmeter-hbcnswmlqmbpnlazhhkncgeowiss/Build/Products/Debug-iphonesimulator/React-Core

CreateBuildDirectory /Users/karelbraborec/Library/Developer/Xcode/DerivedData/revmeter-hbcnswmlqmbpnlazhhkncgeowiss/Build/Products/Debug-iphonesimulator/React
    cd /Users/karelbraborec/rev-meter/ios
    builtin-create-build-directory /Users/karelbraborec/Library/Developer/Xcode/DerivedData/revmeter-hbcnswmlqmbpnlazhhkncgeowiss/Build/Products/Debug-iphonesimulator/React

CreateBuildDirectory /Users/karelbraborec/Library/Developer/Xcode/DerivedData/revmeter-hbcnswmlqmbpnlazhhkncgeowiss/Build/Products/Debug-iphonesimulator/RNWorklets
    cd /Users/karelbraborec/rev-meter/ios
    builtin-create-build-directory /Users/karelbraborec/Library/Developer/Xcode/DerivedData/revmeter-hbcnswmlqmbpnlazhhkncgeowiss/Build/Products/Debug-iphonesimulator/RNWorklets

CreateBuildDirectory /Users/karelbraborec/Library/Developer/Xcode/DerivedData/revmeter-hbcnswmlqmbpnlazhhkncgeowiss/Build/Products/Debug-iphonesimulator/RNScreens
    cd /Users/karelbraborec/rev-meter/ios
    builtin-create-build-directory /Users/karelbraborec/Library/Developer/Xcode/DerivedData/revmeter-hbcnswmlqmbpnlazhhkncgeowiss/Build/Products/Debug-iphonesimulator/RNScreens

CreateBuildDirectory /Users/karelbraborec/Library/Developer/Xcode/DerivedData/revmeter-hbcnswmlqmbpnlazhhkncgeowiss/Build/Products/Debug-iphonesimulator/RNReanimated
    cd /Users/karelbraborec/rev-meter/ios
    builtin-create-build-directory /Users/karelbraborec/Library/Developer/Xcode/DerivedData/revmeter-hbcnswmlqmbpnlazhhkncgeowiss/Build/Products/Debug-iphonesimulator/RNReanimated

CreateBuildDirectory /Users/karelbraborec/Library/Developer/Xcode/DerivedData/revmeter-hbcnswmlqmbpnlazhhkncgeowiss/Build/Products/Debug-iphonesimulator/RNGestureHandler
    cd /Users/karelbraborec/rev-meter/ios
    builtin-create-build-directory /Users/karelbraborec/Library/Developer/Xcode/DerivedData/revmeter-hbcnswmlqmbpnlazhhkncgeowiss/Build/Products/Debug-iphonesimulator/RNGestureHandler

CreateBuildDirectory /Users/karelbraborec/Library/Developer/Xcode/DerivedData/revmeter-hbcnswmlqmbpnlazhhkncgeowiss/Build/Products/Debug-iphonesimulator/RNCMaskedView
    cd /Users/karelbraborec/rev-meter/ios
    builtin-create-build-directory /Users/karelbraborec/Library/Developer/Xcode/DerivedData/revmeter-hbcnswmlqmbpnlazhhkncgeowiss/Build/Products/Debug-iphonesimulator/RNCMaskedView

CreateBuildDirectory /Users/karelbraborec/Library/Developer/Xcode/DerivedData/revmeter-hbcnswmlqmbpnlazhhkncgeowiss/Build/Products/Debug-iphonesimulator/RCTTypeSafety
    cd /Users/karelbraborec/rev-meter/ios
    builtin-create-build-directory /Users/karelbraborec/Library/Developer/Xcode/DerivedData/revmeter-hbcnswmlqmbpnlazhhkncgeowiss/Build/Products/Debug-iphonesimulator/RCTTypeSafety

CreateBuildDirectory /Users/karelbraborec/Library/Developer/Xcode/DerivedData/revmeter-hbcnswmlqmbpnlazhhkncgeowiss/Build/Products/Debug-iphonesimulator/RCTSwiftUIWrapper
    cd /Users/karelbraborec/rev-meter/ios
    builtin-create-build-directory /Users/karelbraborec/Library/Developer/Xcode/DerivedData/revmeter-hbcnswmlqmbpnlazhhkncgeowiss/Build/Products/Debug-iphonesimulator/RCTSwiftUIWrapper

CreateBuildDirectory /Users/karelbraborec/Library/Developer/Xcode/DerivedData/revmeter-hbcnswmlqmbpnlazhhkncgeowiss/Build/Products/Debug-iphonesimulator/RCTSwiftUI
    cd /Users/karelbraborec/rev-meter/ios
    builtin-create-build-directory /Users/karelbraborec/Library/Developer/Xcode/DerivedData/revmeter-hbcnswmlqmbpnlazhhkncgeowiss/Build/Products/Debug-iphonesimulator/RCTSwiftUI

CreateBuildDirectory /Users/karelbraborec/Library/Developer/Xcode/DerivedData/revmeter-hbcnswmlqmbpnlazhhkncgeowiss/Build/Products/Debug-iphonesimulator/RCTRequired
    cd /Users/karelbraborec/rev-meter/ios
    builtin-create-build-directory /Users/karelbraborec/Library/Developer/Xcode/DerivedData/revmeter-hbcnswmlqmbpnlazhhkncgeowiss/Build/Products/Debug-iphonesimulator/RCTRequired

CreateBuildDirectory /Users/karelbraborec/Library/Developer/Xcode/DerivedData/revmeter-hbcnswmlqmbpnlazhhkncgeowiss/Build/Products/Debug-iphonesimulator/RCTDeprecation
    cd /Users/karelbraborec/rev-meter/ios
    builtin-create-build-directory /Users/karelbraborec/Library/Developer/Xcode/DerivedData/revmeter-hbcnswmlqmbpnlazhhkncgeowiss/Build/Products/Debug-iphonesimulator/RCTDeprecation

CreateBuildDirectory /Users/karelbraborec/Library/Developer/Xcode/DerivedData/revmeter-hbcnswmlqmbpnlazhhkncgeowiss/Build/Products/Debug-iphonesimulator/FBLazyVector
    cd /Users/karelbraborec/rev-meter/ios
    builtin-create-build-directory /Users/karelbraborec/Library/Developer/Xcode/DerivedData/revmeter-hbcnswmlqmbpnlazhhkncgeowiss/Build/Products/Debug-iphonesimulator/FBLazyVector

CreateBuildDirectory /Users/karelbraborec/Library/Developer/Xcode/DerivedData/revmeter-hbcnswmlqmbpnlazhhkncgeowiss/Build/Products/Debug-iphonesimulator/ExpoWebBrowser
    cd /Users/karelbraborec/rev-meter/ios
    builtin-create-build-directory /Users/karelbraborec/Library/Developer/Xcode/DerivedData/revmeter-hbcnswmlqmbpnlazhhkncgeowiss/Build/Products/Debug-iphonesimulator/ExpoWebBrowser

CreateBuildDirectory /Users/karelbraborec/Library/Developer/Xcode/DerivedData/revmeter-hbcnswmlqmbpnlazhhkncgeowiss/Build/Products/Debug-iphonesimulator/ExpoSystemUI
    cd /Users/karelbraborec/rev-meter/ios
    builtin-create-build-directory /Users/karelbraborec/Library/Developer/Xcode/DerivedData/revmeter-hbcnswmlqmbpnlazhhkncgeowiss/Build/Products/Debug-iphonesimulator/ExpoSystemUI

CreateBuildDirectory /Users/karelbraborec/Library/Developer/Xcode/DerivedData/revmeter-hbcnswmlqmbpnlazhhkncgeowiss/Build/Products/Debug-iphonesimulator/ExpoSymbols
    cd /Users/karelbraborec/rev-meter/ios
    builtin-create-build-directory /Users/karelbraborec/Library/Developer/Xcode/DerivedData/revmeter-hbcnswmlqmbpnlazhhkncgeowiss/Build/Products/Debug-iphonesimulator/ExpoSymbols

CreateBuildDirectory /Users/karelbraborec/Library/Developer/Xcode/DerivedData/revmeter-hbcnswmlqmbpnlazhhkncgeowiss/Build/Products/Debug-iphonesimulator/ExpoSplashScreen
    cd /Users/karelbraborec/rev-meter/ios
    builtin-create-build-directory /Users/karelbraborec/Library/Developer/Xcode/DerivedData/revmeter-hbcnswmlqmbpnlazhhkncgeowiss/Build/Products/Debug-iphonesimulator/ExpoSplashScreen

CreateBuildDirectory /Users/karelbraborec/Library/Developer/Xcode/DerivedData/revmeter-hbcnswmlqmbpnlazhhkncgeowiss/Build/Products/Debug-iphonesimulator/ExpoUI
    cd /Users/karelbraborec/rev-meter/ios
    builtin-create-build-directory /Users/karelbraborec/Library/Developer/Xcode/DerivedData/revmeter-hbcnswmlqmbpnlazhhkncgeowiss/Build/Products/Debug-iphonesimulator/ExpoUI

CreateBuildDirectory /Users/karelbraborec/Library/Developer/Xcode/DerivedData/revmeter-hbcnswmlqmbpnlazhhkncgeowiss/Build/Products/Debug-iphonesimulator/ExpoRouter
    cd /Users/karelbraborec/rev-meter/ios
    builtin-create-build-directory /Users/karelbraborec/Library/Developer/Xcode/DerivedData/revmeter-hbcnswmlqmbpnlazhhkncgeowiss/Build/Products/Debug-iphonesimulator/ExpoRouter

CreateBuildDirectory /Users/karelbraborec/Library/Developer/Xcode/DerivedData/revmeter-hbcnswmlqmbpnlazhhkncgeowiss/Build/Products/Debug-iphonesimulator/ExpoModulesWorkletsAdapter
    cd /Users/karelbraborec/rev-meter/ios
    builtin-create-build-directory /Users/karelbraborec/Library/Developer/Xcode/DerivedData/revmeter-hbcnswmlqmbpnlazhhkncgeowiss/Build/Products/Debug-iphonesimulator/ExpoModulesWorkletsAdapter

CreateBuildDirectory /Users/karelbraborec/Library/Developer/Xcode/DerivedData/revmeter-hbcnswmlqmbpnlazhhkncgeowiss/Build/Products/Debug-iphonesimulator/ExpoModulesWorklets
    cd /Users/karelbraborec/rev-meter/ios
    builtin-create-build-directory /Users/karelbraborec/Library/Developer/Xcode/DerivedData/revmeter-hbcnswmlqmbpnlazhhkncgeowiss/Build/Products/Debug-iphonesimulator/ExpoModulesWorklets

CreateBuildDirectory /Users/karelbraborec/Library/Developer/Xcode/DerivedData/revmeter-hbcnswmlqmbpnlazhhkncgeowiss/Build/Products/Debug-iphonesimulator/ExpoModulesJSI
    cd /Users/karelbraborec/rev-meter/ios
    builtin-create-build-directory /Users/karelbraborec/Library/Developer/Xcode/DerivedData/revmeter-hbcnswmlqmbpnlazhhkncgeowiss/Build/Products/Debug-iphonesimulator/ExpoModulesJSI

CreateBuildDirectory /Users/karelbraborec/Library/Developer/Xcode/DerivedData/revmeter-hbcnswmlqmbpnlazhhkncgeowiss/Build/Products/Debug-iphonesimulator/ExpoModulesCore
    cd /Users/karelbraborec/rev-meter/ios
    builtin-create-build-directory /Users/karelbraborec/Library/Developer/Xcode/DerivedData/revmeter-hbcnswmlqmbpnlazhhkncgeowiss/Build/Products/Debug-iphonesimulator/ExpoModulesCore

CreateBuildDirectory /Users/karelbraborec/Library/Developer/Xcode/DerivedData/revmeter-hbcnswmlqmbpnlazhhkncgeowiss/Build/Products/Debug-iphonesimulator/ExpoLogBox
    cd /Users/karelbraborec/rev-meter/ios
    builtin-create-build-directory /Users/karelbraborec/Library/Developer/Xcode/DerivedData/revmeter-hbcnswmlqmbpnlazhhkncgeowiss/Build/Products/Debug-iphonesimulator/ExpoLogBox

CreateBuildDirectory /Users/karelbraborec/Library/Developer/Xcode/DerivedData/revmeter-hbcnswmlqmbpnlazhhkncgeowiss/Build/Products/Debug-iphonesimulator/ExpoLinking
    cd /Users/karelbraborec/rev-meter/ios
    builtin-create-build-directory /Users/karelbraborec/Library/Developer/Xcode/DerivedData/revmeter-hbcnswmlqmbpnlazhhkncgeowiss/Build/Products/Debug-iphonesimulator/ExpoLinking

CreateBuildDirectory /Users/karelbraborec/Library/Developer/Xcode/DerivedData/revmeter-hbcnswmlqmbpnlazhhkncgeowiss/Build/Products/Debug-iphonesimulator/ExpoKeepAwake
    cd /Users/karelbraborec/rev-meter/ios
    builtin-create-build-directory /Users/karelbraborec/Library/Developer/Xcode/DerivedData/revmeter-hbcnswmlqmbpnlazhhkncgeowiss/Build/Products/Debug-iphonesimulator/ExpoKeepAwake

CreateBuildDirectory /Users/karelbraborec/Library/Developer/Xcode/DerivedData/revmeter-hbcnswmlqmbpnlazhhkncgeowiss/Build/Products/Debug-iphonesimulator/ExpoImage
    cd /Users/karelbraborec/rev-meter/ios
    builtin-create-build-directory /Users/karelbraborec/Library/Developer/Xcode/DerivedData/revmeter-hbcnswmlqmbpnlazhhkncgeowiss/Build/Products/Debug-iphonesimulator/ExpoImage

CreateBuildDirectory /Users/karelbraborec/Library/Developer/Xcode/DerivedData/revmeter-hbcnswmlqmbpnlazhhkncgeowiss/Build/Products/Debug-iphonesimulator/ExpoGlassEffect
    cd /Users/karelbraborec/rev-meter/ios
    builtin-create-build-directory /Users/karelbraborec/Library/Developer/Xcode/DerivedData/revmeter-hbcnswmlqmbpnlazhhkncgeowiss/Build/Products/Debug-iphonesimulator/ExpoGlassEffect

CreateBuildDirectory /Users/karelbraborec/Library/Developer/Xcode/DerivedData/revmeter-hbcnswmlqmbpnlazhhkncgeowiss/Build/Products/Debug-iphonesimulator/ExpoFont
    cd /Users/karelbraborec/rev-meter/ios
    builtin-create-build-directory /Users/karelbraborec/Library/Developer/Xcode/DerivedData/revmeter-hbcnswmlqmbpnlazhhkncgeowiss/Build/Products/Debug-iphonesimulator/ExpoFont

CreateBuildDirectory /Users/karelbraborec/Library/Developer/Xcode/DerivedData/revmeter-hbcnswmlqmbpnlazhhkncgeowiss/Build/Products/Debug-iphonesimulator/ExpoFileSystem
    cd /Users/karelbraborec/rev-meter/ios
    builtin-create-build-directory /Users/karelbraborec/Library/Developer/Xcode/DerivedData/revmeter-hbcnswmlqmbpnlazhhkncgeowiss/Build/Products/Debug-iphonesimulator/ExpoFileSystem

CreateBuildDirectory /Users/karelbraborec/Library/Developer/Xcode/DerivedData/revmeter-hbcnswmlqmbpnlazhhkncgeowiss/Build/Products/Debug-iphonesimulator/ExpoDomWebView
    cd /Users/karelbraborec/rev-meter/ios
    builtin-create-build-directory /Users/karelbraborec/Library/Developer/Xcode/DerivedData/revmeter-hbcnswmlqmbpnlazhhkncgeowiss/Build/Products/Debug-iphonesimulator/ExpoDomWebView

CreateBuildDirectory /Users/karelbraborec/Library/Developer/Xcode/DerivedData/revmeter-hbcnswmlqmbpnlazhhkncgeowiss/Build/Products/Debug-iphonesimulator/ExpoDevice
    cd /Users/karelbraborec/rev-meter/ios
    builtin-create-build-directory /Users/karelbraborec/Library/Developer/Xcode/DerivedData/revmeter-hbcnswmlqmbpnlazhhkncgeowiss/Build/Products/Debug-iphonesimulator/ExpoDevice

CreateBuildDirectory /Users/karelbraborec/Library/Developer/Xcode/DerivedData/revmeter-hbcnswmlqmbpnlazhhkncgeowiss/Build/Products/Debug-iphonesimulator/ExpoAsset
    cd /Users/karelbraborec/rev-meter/ios
    builtin-create-build-directory /Users/karelbraborec/Library/Developer/Xcode/DerivedData/revmeter-hbcnswmlqmbpnlazhhkncgeowiss/Build/Products/Debug-iphonesimulator/ExpoAsset

CreateBuildDirectory /Users/karelbraborec/Library/Developer/Xcode/DerivedData/revmeter-hbcnswmlqmbpnlazhhkncgeowiss/Build/Products/Debug-iphonesimulator/Expo
    cd /Users/karelbraborec/rev-meter/ios
    builtin-create-build-directory /Users/karelbraborec/Library/Developer/Xcode/DerivedData/revmeter-hbcnswmlqmbpnlazhhkncgeowiss/Build/Products/Debug-iphonesimulator/Expo

CreateBuildDirectory /Users/karelbraborec/Library/Developer/Xcode/DerivedData/revmeter-hbcnswmlqmbpnlazhhkncgeowiss/Build/Products/Debug-iphonesimulator/EXConstants
    cd /Users/karelbraborec/rev-meter/ios
    builtin-create-build-directory /Users/karelbraborec/Library/Developer/Xcode/DerivedData/revmeter-hbcnswmlqmbpnlazhhkncgeowiss/Build/Products/Debug-iphonesimulator/EXConstants

CreateBuildDirectory /Users/karelbraborec/Library/Developer/Xcode/DerivedData/revmeter-hbcnswmlqmbpnlazhhkncgeowiss/Build/Products/Debug-iphonesimulator/EXAV
    cd /Users/karelbraborec/rev-meter/ios
    builtin-create-build-directory /Users/karelbraborec/Library/Developer/Xcode/DerivedData/revmeter-hbcnswmlqmbpnlazhhkncgeowiss/Build/Products/Debug-iphonesimulator/EXAV

WriteAuxiliaryFile /Users/karelbraborec/Library/Developer/Xcode/DerivedData/revmeter-hbcnswmlqmbpnlazhhkncgeowiss/Build/Intermediates.noindex/Pods.build/Debug-iphonesimulator/React-cxxreact-React-cxxreact_privacy.build/React-cxxreact_privacy.DependencyStaticMetadataFileList (in target 'React-cxxreact-React-cxxreact_privacy' from project 'Pods')
    cd /Users/karelbraborec/rev-meter/ios/Pods
    write-file /Users/karelbraborec/Library/Developer/Xcode/DerivedData/revmeter-hbcnswmlqmbpnlazhhkncgeowiss/Build/Intermediates.noindex/Pods.build/Debug-iphonesimulator/React-cxxreact-React-cxxreact_privacy.build/React-cxxreact_privacy.DependencyStaticMetadataFileList

WriteAuxiliaryFile /Users/karelbraborec/Library/Developer/Xcode/DerivedData/revmeter-hbcnswmlqmbpnlazhhkncgeowiss/Build/Intermediates.noindex/Pods.build/Debug-iphonesimulator/React-cxxreact-React-cxxreact_privacy.build/React-cxxreact_privacy-all-target-headers.hmap (in target 'React-cxxreact-React-cxxreact_privacy' from project 'Pods')
    cd /Users/karelbraborec/rev-meter/ios/Pods
    write-file /Users/karelbraborec/Library/Developer/Xcode/DerivedData/revmeter-hbcnswmlqmbpnlazhhkncgeowiss/Build/Intermediates.noindex/Pods.build/Debug-iphonesimulator/React-cxxreact-React-cxxreact_privacy.build/React-cxxreact_privacy-all-target-headers.hmap

WriteAuxiliaryFile /Users/karelbraborec/Library/Developer/Xcode/DerivedData/revmeter-hbcnswmlqmbpnlazhhkncgeowiss/Build/Intermediates.noindex/Pods.build/Debug-iphonesimulator/React-cxxreact-React-cxxreact_privacy.build/React-cxxreact_privacy-generated-files.hmap (in target 'React-cxxreact-React-cxxreact_privacy' from project 'Pods')
    cd /Users/karelbraborec/rev-meter/ios/Pods
    write-file /Users/karelbraborec/Library/Developer/Xcode/DerivedData/revmeter-hbcnswmlqmbpnlazhhkncgeowiss/Build/Intermediates.noindex/Pods.build/Debug-iphonesimulator/React-cxxreact-React-cxxreact_privacy.build/React-cxxreact_privacy-generated-files.hmap

WriteAuxiliaryFile /Users/karelbraborec/Library/Developer/Xcode/DerivedData/revmeter-hbcnswmlqmbpnlazhhkncgeowiss/Build/Intermediates.noindex/Pods.build/Debug-iphonesimulator/React-cxxreact-React-cxxreact_privacy.build/React-cxxreact_privacy.DependencyMetadataFileList (in target 'React-cxxreact-React-cxxreact_privacy' from project 'Pods')
    cd /Users/karelbraborec/rev-meter/ios/Pods
    write-file /Users/karelbraborec/Library/Developer/Xcode/DerivedData/revmeter-hbcnswmlqmbpnlazhhkncgeowiss/Build/Intermediates.noindex/Pods.build/Debug-iphonesimulator/React-cxxreact-React-cxxreact_privacy.build/React-cxxreact_privacy.DependencyMetadataFileList

WriteAuxiliaryFile /Users/karelbraborec/Library/Developer/Xcode/DerivedData/revmeter-hbcnswmlqmbpnlazhhkncgeowiss/Build/Intermediates.noindex/Pods.build/Debug-iphonesimulator/React-cxxreact-React-cxxreact_privacy.build/React-cxxreact_privacy.hmap (in target 'React-cxxreact-React-cxxreact_privacy' from project 'Pods')
    cd /Users/karelbraborec/rev-meter/ios/Pods
    write-file /Users/karelbraborec/Library/Developer/Xcode/DerivedData/revmeter-hbcnswmlqmbpnlazhhkncgeowiss/Build/Intermediates.noindex/Pods.build/Debug-iphonesimulator/React-cxxreact-React-cxxreact_privacy.build/React-cxxreact_privacy.hmap

WriteAuxiliaryFile /Users/karelbraborec/Library/Developer/Xcode/DerivedData/revmeter-hbcnswmlqmbpnlazhhkncgeowiss/Build/Intermediates.noindex/Pods.build/Debug-iphonesimulator/React-cxxreact-React-cxxreact_privacy.build/React-cxxreact_privacy-project-headers.hmap (in target 'React-cxxreact-React-cxxreact_privacy' from project 'Pods')
    cd /Users/karelbraborec/rev-meter/ios/Pods
    write-file /Users/karelbraborec/Library/Developer/Xcode/DerivedData/revmeter-hbcnswmlqmbpnlazhhkncgeowiss/Build/Intermediates.noindex/Pods.build/Debug-iphonesimulator/React-cxxreact-React-cxxreact_privacy.build/React-cxxreact_privacy-project-headers.hmap

WriteAuxiliaryFile /Users/karelbraborec/Library/Developer/Xcode/DerivedData/revmeter-hbcnswmlqmbpnlazhhkncgeowiss/Build/Intermediates.noindex/Pods.build/Debug-iphonesimulator/React-cxxreact-React-cxxreact_privacy.build/React-cxxreact_privacy-own-target-headers.hmap (in target 'React-cxxreact-React-cxxreact_privacy' from project 'Pods')
    cd /Users/karelbraborec/rev-meter/ios/Pods
    write-file /Users/karelbraborec/Library/Developer/Xcode/DerivedData/revmeter-hbcnswmlqmbpnlazhhkncgeowiss/Build/Intermediates.noindex/Pods.build/Debug-iphonesimulator/React-cxxreact-React-cxxreact_privacy.build/React-cxxreact_privacy-own-target-headers.hmap

WriteAuxiliaryFile /Users/karelbraborec/Library/Developer/Xcode/DerivedData/revmeter-hbcnswmlqmbpnlazhhkncgeowiss/Build/Intermediates.noindex/Pods.build/Debug-iphonesimulator/react-native-slider.build/react-native-slider.hmap (in target 'react-native-slider' from project 'Pods')
    cd /Users/karelbraborec/rev-meter/ios/Pods
    write-file /Users/karelbraborec/Library/Developer/Xcode/DerivedData/revmeter-hbcnswmlqmbpnlazhhkncgeowiss/Build/Intermediates.noindex/Pods.build/Debug-iphonesimulator/react-native-slider.build/react-native-slider.hmap

WriteAuxiliaryFile /Users/karelbraborec/Library/Developer/Xcode/DerivedData/revmeter-hbcnswmlqmbpnlazhhkncgeowiss/Build/Intermediates.noindex/Pods.build/Debug-iphonesimulator/react-native-slider.build/react-native-slider.DependencyStaticMetadataFileList (in target 'react-native-slider' from project 'Pods')
    cd /Users/karelbraborec/rev-meter/ios/Pods
    write-file /Users/karelbraborec/Library/Developer/Xcode/DerivedData/revmeter-hbcnswmlqmbpnlazhhkncgeowiss/Build/Intermediates.noindex/Pods.build/Debug-iphonesimulator/react-native-slider.build/react-native-slider.DependencyStaticMetadataFileList

WriteAuxiliaryFile /Users/karelbraborec/Library/Developer/Xcode/DerivedData/revmeter-hbcnswmlqmbpnlazhhkncgeowiss/Build/Intermediates.noindex/Pods.build/Debug-iphonesimulator/react-native-slider.build/react-native-slider.DependencyMetadataFileList (in target 'react-native-slider' from project 'Pods')
    cd /Users/karelbraborec/rev-meter/ios/Pods
    write-file /Users/karelbraborec/Library/Developer/Xcode/DerivedData/revmeter-hbcnswmlqmbpnlazhhkncgeowiss/Build/Intermediates.noindex/Pods.build/Debug-iphonesimulator/react-native-slider.build/react-native-slider.DependencyMetadataFileList

WriteAuxiliaryFile /Users/karelbraborec/Library/Developer/Xcode/DerivedData/revmeter-hbcnswmlqmbpnlazhhkncgeowiss/Build/Intermediates.noindex/Pods.build/Debug-iphonesimulator/react-native-slider.build/react-native-slider-project-headers.hmap (in target 'react-native-slider' from project 'Pods')
    cd /Users/karelbraborec/rev-meter/ios/Pods
    write-file /Users/karelbraborec/Library/Developer/Xcode/DerivedData/revmeter-hbcnswmlqmbpnlazhhkncgeowiss/Build/Intermediates.noindex/Pods.build/Debug-iphonesimulator/react-native-slider.build/react-native-slider-project-headers.hmap

WriteAuxiliaryFile /Users/karelbraborec/Library/Developer/Xcode/DerivedData/revmeter-hbcnswmlqmbpnlazhhkncgeowiss/Build/Intermediates.noindex/Pods.build/Debug-iphonesimulator/react-native-slider.build/react-native-slider-own-target-headers.hmap (in target 'react-native-slider' from project 'Pods')
    cd /Users/karelbraborec/rev-meter/ios/Pods
    write-file /Users/karelbraborec/Library/Developer/Xcode/DerivedData/revmeter-hbcnswmlqmbpnlazhhkncgeowiss/Build/Intermediates.noindex/Pods.build/Debug-iphonesimulator/react-native-slider.build/react-native-slider-own-target-headers.hmap

WriteAuxiliaryFile /Users/karelbraborec/Library/Developer/Xcode/DerivedData/revmeter-hbcnswmlqmbpnlazhhkncgeowiss/Build/Intermediates.noindex/Pods.build/Debug-iphonesimulator/react-native-slider.build/react-native-slider-generated-files.hmap (in target 'react-native-slider' from project 'Pods')
    cd /Users/karelbraborec/rev-meter/ios/Pods
    write-file /Users/karelbraborec/Library/Developer/Xcode/DerivedData/revmeter-hbcnswmlqmbpnlazhhkncgeowiss/Build/Intermediates.noindex/Pods.build/Debug-iphonesimulator/react-native-slider.build/react-native-slider-generated-files.hmap

WriteAuxiliaryFile /Users/karelbraborec/Library/Developer/Xcode/DerivedData/revmeter-hbcnswmlqmbpnlazhhkncgeowiss/Build/Intermediates.noindex/Pods.build/Debug-iphonesimulator/react-native-slider.build/react-native-slider-all-target-headers.hmap (in target 'react-native-slider' from project 'Pods')
    cd /Users/karelbraborec/rev-meter/ios/Pods
    write-file /Users/karelbraborec/Library/Developer/Xcode/DerivedData/revmeter-hbcnswmlqmbpnlazhhkncgeowiss/Build/Intermediates.noindex/Pods.build/Debug-iphonesimulator/react-native-slider.build/react-native-slider-all-target-headers.hmap

WriteAuxiliaryFile /Users/karelbraborec/Library/Developer/Xcode/DerivedData/revmeter-hbcnswmlqmbpnlazhhkncgeowiss/Build/Intermediates.noindex/Pods.build/Debug-iphonesimulator/react-native-slider.build/react-native-slider-all-non-framework-target-headers.hmap (in target 'react-native-slider' from project 'Pods')
    cd /Users/karelbraborec/rev-meter/ios/Pods
    write-file /Users/karelbraborec/Library/Developer/Xcode/DerivedData/revmeter-hbcnswmlqmbpnlazhhkncgeowiss/Build/Intermediates.noindex/Pods.build/Debug-iphonesimulator/react-native-slider.build/react-native-slider-all-non-framework-target-headers.hmap

WriteAuxiliaryFile /Users/karelbraborec/Library/Developer/Xcode/DerivedData/revmeter-hbcnswmlqmbpnlazhhkncgeowiss/Build/Intermediates.noindex/Pods.build/Debug-iphonesimulator/react-native-slider.build/Objects-normal/x86_64/react-native-slider.LinkFileList (in target 'react-native-slider' from project 'Pods')
    cd /Users/karelbraborec/rev-meter/ios/Pods
    write-file /Users/karelbraborec/Library/Developer/Xcode/DerivedData/revmeter-hbcnswmlqmbpnlazhhkncgeowiss/Build/Intermediates.noindex/Pods.build/Debug-iphonesimulator/react-native-slider.build/Objects-normal/x86_64/react-native-slider.LinkFileList

WriteAuxiliaryFile /Users/karelbraborec/Library/Developer/Xcode/DerivedData/revmeter-hbcnswmlqmbpnlazhhkncgeowiss/Build/Intermediates.noindex/Pods.build/Debug-iphonesimulator/react-native-slider.build/Objects-normal/x86_64/82b82416624d2658e5098eb0a28c15c5-common-args.resp (in target 'react-native-slider' from project 'Pods')
    cd /Users/karelbraborec/rev-meter/ios/Pods
    write-file /Users/karelbraborec/Library/Developer/Xcode/DerivedData/revmeter-hbcnswmlqmbpnlazhhkncgeowiss/Build/Intermediates.noindex/Pods.build/Debug-iphonesimulator/react-native-slider.build/Objects-normal/x86_64/82b82416624d2658e5098eb0a28c15c5-common-args.resp
'-std=c++20' '-stdlib=libc++' -fmodules -fno-cxx-modules '-fmodules-cache-path=/Users/karelbraborec/Library/Developer/Xcode/DerivedData/ModuleCache.noindex' '-D_LIBCPP_HARDENING_MODE=_LIBCPP_HARDENING_MODE_DEBUG' -fpascal-strings -O0 -fno-common '-DPOD_CONFIGURATION_DEBUG=1' '-DDEBUG=1' '-DCOCOAPODS=1' -fasm-blocks -g -iquote /Users/karelbraborec/Library/Developer/Xcode/DerivedData/revmeter-hbcnswmlqmbpnlazhhkncgeowiss/Build/Intermediates.noindex/Pods.build/Debug-iphonesimulator/react-native-slider.build/react-native-slider-generated-files.hmap -I/Users/karelbraborec/Library/Developer/Xcode/DerivedData/revmeter-hbcnswmlqmbpnlazhhkncgeowiss/Build/Intermediates.noindex/Pods.build/Debug-iphonesimulator/react-native-slider.build/react-native-slider-own-target-headers.hmap -I/Users/karelbraborec/Library/Developer/Xcode/DerivedData/revmeter-hbcnswmlqmbpnlazhhkncgeowiss/Build/Intermediates.noindex/Pods.build/Debug-iphonesimulator/react-native-slider.build/react-native-slider-all-non-framework-target-headers.hmap -ivfsoverlay /Users/karelbraborec/Library/Developer/Xcode/DerivedData/revmeter-hbcnswmlqmbpnlazhhkncgeowiss/Build/Intermediates.noindex/Pods.build/Debug-iphonesimulator/Pods-8699adb1dd336b26511df848a716bd42-VFS-iphonesimulator/all-product-headers.yaml -iquote /Users/karelbraborec/Library/Developer/Xcode/DerivedData/revmeter-hbcnswmlqmbpnlazhhkncgeowiss/Build/Intermediates.noindex/Pods.build/Debug-iphonesimulator/react-native-slider.build/react-native-slider-project-headers.hmap -I/Users/karelbraborec/Library/Developer/Xcode/DerivedData/revmeter-hbcnswmlqmbpnlazhhkncgeowiss/Build/Products/Debug-iphonesimulator/react-native-slider/include -I/Users/karelbraborec/rev-meter/ios/Pods/Headers/Private -I/Users/karelbraborec/rev-meter/ios/Pods/Headers/Private/react-native-slider -I/Users/karelbraborec/rev-meter/ios/Pods/Headers/Public -I/Users/karelbraborec/rev-meter/ios/Pods/Headers/Public/FBLazyVector -I/Users/karelbraborec/rev-meter/ios/Pods/Headers/Public/RCTDeprecation -I/Users/karelbraborec/rev-meter/ios/Pods/Headers/Public/RCTRequired -I/Users/karelbraborec/rev-meter/ios/Pods/Headers/Public/RCTSwiftUIWrapper -I/Users/karelbraborec/rev-meter/ios/Pods/Headers/Public/RCTTypeSafety -I/Users/karelbraborec/rev-meter/ios/Pods/Headers/Public/React-Core -I/Users/karelbraborec/rev-meter/ios/Pods/Headers/Public/React-Core-prebuilt -I/Users/karelbraborec/rev-meter/ios/Pods/Headers/Public/React-CoreModules -I/Users/karelbraborec/rev-meter/ios/Pods/Headers/Public/React-Fabric -I/Users/karelbraborec/rev-meter/ios/Pods/Headers/Public/React-FabricComponents -I/Users/karelbraborec/rev-meter/ios/Pods/Headers/Public/React-FabricImage -I/Users/karelbraborec/rev-meter/ios/Pods/Headers/Public/React-ImageManager -I/Users/karelbraborec/rev-meter/ios/Pods/Headers/Public/React-Mapbuffer -I/Users/karelbraborec/rev-meter/ios/Pods/Headers/Public/React-NativeModulesApple -I/Users/karelbraborec/rev-meter/ios/Pods/Headers/Public/React-RCTAnimation -I/Users/karelbraborec/rev-meter/ios/Pods/Headers/Public/React-RCTAppDelegate -I/Users/karelbraborec/rev-meter/ios/Pods/Headers/Public/React-RCTBlob -I/Users/karelbraborec/rev-meter/ios/Pods/Headers/Public/React-RCTFBReactNativeSpec -I/Users/karelbraborec/rev-meter/ios/Pods/Headers/Public/React-RCTFabric -I/Users/karelbraborec/rev-meter/ios/Pods/Headers/Public/React-RCTImage -I/Users/karelbraborec/rev-meter/ios/Pods/Headers/Public/React-RCTRuntime -I/Users/karelbraborec/rev-meter/ios/Pods/Headers/Public/React-RCTText -I/Users/karelbraborec/rev-meter/ios/Pods/Headers/Public/React-RuntimeApple -I/Users/karelbraborec/rev-meter/ios/Pods/Headers/Public/React-RuntimeCore -I/Users/karelbraborec/rev-meter/ios/Pods/Headers/Public/React-RuntimeHermes -I/Users/karelbraborec/rev-meter/ios/Pods/Headers/Public/React-callinvoker -I/Users/karelbraborec/rev-meter/ios/Pods/Headers/Public/React-cxxreact -I/Users/karelbraborec/rev-meter/ios/Pods/Headers/Public/React-debug -I/Users/karelbraborec/rev-meter/ios/Pods/Headers/Public/React-defaultsnativemodule -I/Users/karelbraborec/rev-meter/ios/Pods/Headers/Public/React-domnativemodule -I/Users/karelbraborec/rev-meter/ios/Pods/Headers/Public/React-featureflags -I/Users/karelbraborec/rev-meter/ios/Pods/Headers/Public/React-featureflagsnativemodule -I/Users/karelbraborec/rev-meter/ios/Pods/Headers/Public/React-graphics -I/Users/karelbraborec/rev-meter/ios/Pods/Headers/Public/React-hermes -I/Users/karelbraborec/rev-meter/ios/Pods/Headers/Public/React-idlecallbacksnativemodule -I/Users/karelbraborec/rev-meter/ios/Pods/Headers/Public/React-intersectionobservernativemodule -I/Users/karelbraborec/rev-meter/ios/Pods/Headers/Public/React-jserrorhandler -I/Users/karelbraborec/rev-meter/ios/Pods/Headers/Public/React-jsi -I/Users/karelbraborec/rev-meter/ios/Pods/Headers/Public/React-jsiexecutor -I/Users/karelbraborec/rev-meter/ios/Pods/Headers/Public/React-jsinspector -I/Users/karelbraborec/rev-meter/ios/Pods/Headers/Public/React-jsinspectorcdp -I/Users/karelbraborec/rev-meter/ios/Pods/Headers/Public/React-jsinspectornetwork -I/Users/karelbraborec/rev-meter/ios/Pods/Headers/Public/React-jsinspectortracing -I/Users/karelbraborec/rev-meter/ios/Pods/Headers/Public/React-jsitooling -I/Users/karelbraborec/rev-meter/ios/Pods/Headers/Public/React-logger -I/Users/karelbraborec/rev-meter/ios/Pods/Headers/Public/React-microtasksnativemodule -I/Users/karelbraborec/rev-meter/ios/Pods/Headers/Public/React-mutationobservernativemodule -I/Users/karelbraborec/rev-meter/ios/Pods/Headers/Public/React-networking -I/Users/karelbraborec/rev-meter/ios/Pods/Headers/Public/React-oscompat -I/Users/karelbraborec/rev-meter/ios/Pods/Headers/Public/React-perflogger -I/Users/karelbraborec/rev-meter/ios/Pods/Headers/Public/React-performancecdpmetrics -I/Users/karelbraborec/rev-meter/ios/Pods/Headers/Public/React-performancetimeline -I/Users/karelbraborec/rev-meter/ios/Pods/Headers/Public/React-rendererconsistency -I/Users/karelbraborec/rev-meter/ios/Pods/Headers/Public/React-renderercss -I/Users/karelbraborec/rev-meter/ios/Pods/Headers/Public/React-rendererdebug -I/Users/karelbraborec/rev-meter/ios/Pods/Headers/Public/React-runtimeexecutor -I/Users/karelbraborec/rev-meter/ios/Pods/Headers/Public/React-runtimescheduler -I/Users/karelbraborec/rev-meter/ios/Pods/Headers/Public/React-timing -I/Users/karelbraborec/rev-meter/ios/Pods/Headers/Public/React-utils -I/Users/karelbraborec/rev-meter/ios/Pods/Headers/Public/React-viewtransitionnativemodule -I/Users/karelbraborec/rev-meter/ios/Pods/Headers/Public/React-webperformancenativemodule -I/Users/karelbraborec/rev-meter/ios/Pods/Headers/Public/ReactCodegen -I/Users/karelbraborec/rev-meter/ios/Pods/Headers/Public/ReactCommon -I/Users/karelbraborec/rev-meter/ios/Pods/Headers/Public/ReactNativeDependencies -I/Users/karelbraborec/rev-meter/ios/Pods/Headers/Public/Yoga -I/Users/karelbraborec/rev-meter/ios/Pods/Headers/Public/hermes-engine -I/Users/karelbraborec/rev-meter/ios/Pods/Headers/Public/react-native-slider -I/Users/karelbraborec/rev-meter/ios/Pods/Headers/Private/Yoga -I/Users/karelbraborec/rev-meter/ios/Pods/Headers/Private/Yoga -I/Users/karelbraborec/rev-meter/node_modules/@react-native-community/slider/common/cpp -I/Users/karelbraborec/rev-meter/ios/Pods/ExpoModulesCore/ExpoModulesCore.xcframework/ios-arm64_x86_64-simulator/ExpoModulesCore.framework/Headers -I/Users/karelbraborec/rev-meter/ios/Pods/ExpoModulesCore/ExpoModulesCore.xcframework/ios-arm64/ExpoModulesCore.framework/Headers -I/Users/karelbraborec/rev-meter/ios/Pods/ExpoModulesCore/ExpoModulesCore.xcframework/ios-arm64_x86_64-simulator/ExpoModulesCore.framework/Headers -I/Users/karelbraborec/rev-meter/ios/Pods/ExpoModulesCore/ExpoModulesCore.xcframework/ios-arm64/ExpoModulesCore.framework/Headers -I/Users/karelbraborec/Library/Developer/Xcode/DerivedData/revmeter-hbcnswmlqmbpnlazhhkncgeowiss/Build/Intermediates.noindex/Pods.build/Debug-iphonesimulator/react-native-slider.build/DerivedSources-normal/x86_64 -I/Users/karelbraborec/Library/Developer/Xcode/DerivedData/revmeter-hbcnswmlqmbpnlazhhkncgeowiss/Build/Intermediates.noindex/Pods.build/Debug-iphonesimulator/react-native-slider.build/DerivedSources/x86_64 -I/Users/karelbraborec/Library/Developer/Xcode/DerivedData/revmeter-hbcnswmlqmbpnlazhhkncgeowiss/Build/Intermediates.noindex/Pods.build/Debug-iphonesimulator/react-native-slider.build/DerivedSources -F/Users/karelbraborec/Library/Developer/Xcode/DerivedData/revmeter-hbcnswmlqmbpnlazhhkncgeowiss/Build/Products/Debug-iphonesimulator/react-native-slider -F/Users/karelbraborec/rev-meter/ios/Pods/React-Core-prebuilt -F/Users/karelbraborec/rev-meter/ios/Pods/ReactNativeDependencies/framework/packages/react-native -F/Users/karelbraborec/rev-meter/ios/Pods/hermes-engine/destroot/Library/Frameworks/universal -F/Users/karelbraborec/Library/Developer/Xcode/DerivedData/revmeter-hbcnswmlqmbpnlazhhkncgeowiss/Build/Products/Debug-iphonesimulator/XCFrameworkIntermediates/React-Core-prebuilt -F/Users/karelbraborec/Library/Developer/Xcode/DerivedData/revmeter-hbcnswmlqmbpnlazhhkncgeowiss/Build/Products/Debug-iphonesimulator/XCFrameworkIntermediates/ReactNativeDependencies -F/Users/karelbraborec/Library/Developer/Xcode/DerivedData/revmeter-hbcnswmlqmbpnlazhhkncgeowiss/Build/Products/Debug-iphonesimulator/XCFrameworkIntermediates/hermes-engine/Pre-built '-DRCT_REMOVE_LEGACY_ARCH=1' '-fmodule-map-file=/Users/karelbraborec/rev-meter/ios/Pods/Headers/Public/ReactCodegen/ReactCodegen.modulemap' '-DRCT_REMOVE_LEGACY_ARCH=1' -ivfsoverlay /Users/karelbraborec/rev-meter/ios/Pods/React-Core-prebuilt/React-VFS.yaml '-DRCT_REMOVE_LEGACY_ARCH=1' '-DRCT_NEW_ARCH_ENABLED=1' -ivfsoverlay /Users/karelbraborec/rev-meter/ios/Pods/React-Core-prebuilt/React-VFS.yaml

WriteAuxiliaryFile /Users/karelbraborec/Library/Developer/Xcode/DerivedData/revmeter-hbcnswmlqmbpnlazhhkncgeowiss/Build/Intermediates.noindex/Pods.build/Debug-iphonesimulator/react-native-slider.build/Objects-normal/x86_64/e6072d4f65d7061329687fe24e3d63a7-common-args.resp (in target 'react-native-slider' from project 'Pods')
    cd /Users/karelbraborec/rev-meter/ios/Pods
    write-file /Users/karelbraborec/Library/Developer/Xcode/DerivedData/revmeter-hbcnswmlqmbpnlazhhkncgeowiss/Build/Intermediates.noindex/Pods.build/Debug-iphonesimulator/react-native-slider.build/Objects-normal/x86_64/e6072d4f65d7061329687fe24e3d63a7-common-args.resp
'-std=gnu11' -fobjc-arc -fobjc-weak -fmodules '-fmodules-cache-path=/Users/karelbraborec/Library/Developer/Xcode/DerivedData/ModuleCache.noindex' -fpascal-strings -O0 -fno-common '-DPOD_CONFIGURATION_DEBUG=1' '-DDEBUG=1' '-DCOCOAPODS=1' '-DOBJC_OLD_DISPATCH_PROTOTYPES=0' -fasm-blocks -g '-fobjc-abi-version=2' -fobjc-legacy-dispatch -iquote /Users/karelbraborec/Library/Developer/Xcode/DerivedData/revmeter-hbcnswmlqmbpnlazhhkncgeowiss/Build/Intermediates.noindex/Pods.build/Debug-iphonesimulator/react-native-slider.build/react-native-slider-generated-files.hmap -I/Users/karelbraborec/Library/Developer/Xcode/DerivedData/revmeter-hbcnswmlqmbpnlazhhkncgeowiss/Build/Intermediates.noindex/Pods.build/Debug-iphonesimulator/react-native-slider.build/react-native-slider-own-target-headers.hmap -I/Users/karelbraborec/Library/Developer/Xcode/DerivedData/revmeter-hbcnswmlqmbpnlazhhkncgeowiss/Build/Intermediates.noindex/Pods.build/Debug-iphonesimulator/react-native-slider.build/react-native-slider-all-non-framework-target-headers.hmap -ivfsoverlay /Users/karelbraborec/Library/Developer/Xcode/DerivedData/revmeter-hbcnswmlqmbpnlazhhkncgeowiss/Build/Intermediates.noindex/Pods.build/Debug-iphonesimulator/Pods-8699adb1dd336b26511df848a716bd42-VFS-iphonesimulator/all-product-headers.yaml -iquote /Users/karelbraborec/Library/Developer/Xcode/DerivedData/revmeter-hbcnswmlqmbpnlazhhkncgeowiss/Build/Intermediates.noindex/Pods.build/Debug-iphonesimulator/react-native-slider.build/react-native-slider-project-headers.hmap -I/Users/karelbraborec/Library/Developer/Xcode/DerivedData/revmeter-hbcnswmlqmbpnlazhhkncgeowiss/Build/Products/Debug-iphonesimulator/react-native-slider/include -I/Users/karelbraborec/rev-meter/ios/Pods/Headers/Private -I/Users/karelbraborec/rev-meter/ios/Pods/Headers/Private/react-native-slider -I/Users/karelbraborec/rev-meter/ios/Pods/Headers/Public -I/Users/karelbraborec/rev-meter/ios/Pods/Headers/Public/FBLazyVector -I/Users/karelbraborec/rev-meter/ios/Pods/Headers/Public/RCTDeprecation -I/Users/karelbraborec/rev-meter/ios/Pods/Headers/Public/RCTRequired -I/Users/karelbraborec/rev-meter/ios/Pods/Headers/Public/RCTSwiftUIWrapper -I/Users/karelbraborec/rev-meter/ios/Pods/Headers/Public/RCTTypeSafety -I/Users/karelbraborec/rev-meter/ios/Pods/Headers/Public/React-Core -I/Users/karelbraborec/rev-meter/ios/Pods/Headers/Public/React-Core-prebuilt -I/Users/karelbraborec/rev-meter/ios/Pods/Headers/Public/React-CoreModules -I/Users/karelbraborec/rev-meter/ios/Pods/Headers/Public/React-Fabric -I/Users/karelbraborec/rev-meter/ios/Pods/Headers/Public/React-FabricComponents -I/Users/karelbraborec/rev-meter/ios/Pods/Headers/Public/React-FabricImage -I/Users/karelbraborec/rev-meter/ios/Pods/Headers/Public/React-ImageManager -I/Users/karelbraborec/rev-meter/ios/Pods/Headers/Public/React-Mapbuffer -I/Users/karelbraborec/rev-meter/ios/Pods/Headers/Public/React-NativeModulesApple -I/Users/karelbraborec/rev-meter/ios/Pods/Headers/Public/React-RCTAnimation -I/Users/karelbraborec/rev-meter/ios/Pods/Headers/Public/React-RCTAppDelegate -I/Users/karelbraborec/rev-meter/ios/Pods/Headers/Public/React-RCTBlob -I/Users/karelbraborec/rev-meter/ios/Pods/Headers/Public/React-RCTFBReactNativeSpec -I/Users/karelbraborec/rev-meter/ios/Pods/Headers/Public/React-RCTFabric -I/Users/karelbraborec/rev-meter/ios/Pods/Headers/Public/React-RCTImage -I/Users/karelbraborec/rev-meter/ios/Pods/Headers/Public/React-RCTRuntime -I/Users/karelbraborec/rev-meter/ios/Pods/Headers/Public/React-RCTText -I/Users/karelbraborec/rev-meter/ios/Pods/Headers/Public/React-RuntimeApple -I/Users/karelbraborec/rev-meter/ios/Pods/Headers/Public/React-RuntimeCore -I/Users/karelbraborec/rev-meter/ios/Pods/Headers/Public/React-RuntimeHermes -I/Users/karelbraborec/rev-meter/ios/Pods/Headers/Public/React-callinvoker -I/Users/karelbraborec/rev-meter/ios/Pods/Headers/Public/React-cxxreact -I/Users/karelbraborec/rev-meter/ios/Pods/Headers/Public/React-debug -I/Users/karelbraborec/rev-meter/ios/Pods/Headers/Public/React-defaultsnativemodule -I/Users/karelbraborec/rev-meter/ios/Pods/Headers/Public/React-domnativemodule -I/Users/karelbraborec/rev-meter/ios/Pods/Headers/Public/React-featureflags -I/Users/karelbraborec/rev-meter/ios/Pods/Headers/Public/React-featureflagsnativemodule -I/Users/karelbraborec/rev-meter/ios/Pods/Headers/Public/React-graphics -I/Users/karelbraborec/rev-meter/ios/Pods/Headers/Public/React-hermes -I/Users/karelbraborec/rev-meter/ios/Pods/Headers/Public/React-idlecallbacksnativemodule -I/Users/karelbraborec/rev-meter/ios/Pods/Headers/Public/React-intersectionobservernativemodule -I/Users/karelbraborec/rev-meter/ios/Pods/Headers/Public/React-jserrorhandler -I/Users/karelbraborec/rev-meter/ios/Pods/Headers/Public/React-jsi -I/Users/karelbraborec/rev-meter/ios/Pods/Headers/Public/React-jsiexecutor -I/Users/karelbraborec/rev-meter/ios/Pods/Headers/Public/React-jsinspector -I/Users/karelbraborec/rev-meter/ios/Pods/Headers/Public/React-jsinspectorcdp -I/Users/karelbraborec/rev-meter/ios/Pods/Headers/Public/React-jsinspectornetwork -I/Users/karelbraborec/rev-meter/ios/Pods/Headers/Public/React-jsinspectortracing -I/Users/karelbraborec/rev-meter/ios/Pods/Headers/Public/React-jsitooling -I/Users/karelbraborec/rev-meter/ios/Pods/Headers/Public/React-logger -I/Users/karelbraborec/rev-meter/ios/Pods/Headers/Public/React-microtasksnativemodule -I/Users/karelbraborec/rev-meter/ios/Pods/Headers/Public/React-mutationobservernativemodule -I/Users/karelbraborec/rev-meter/ios/Pods/Headers/Public/React-networking -I/Users/karelbraborec/rev-meter/ios/Pods/Headers/Public/React-oscompat -I/Users/karelbraborec/rev-meter/ios/Pods/Headers/Public/React-perflogger -I/Users/karelbraborec/rev-meter/ios/Pods/Headers/Public/React-performancecdpmetrics -I/Users/karelbraborec/rev-meter/ios/Pods/Headers/Public/React-performancetimeline -I/Users/karelbraborec/rev-meter/ios/Pods/Headers/Public/React-rendererconsistency -I/Users/karelbraborec/rev-meter/ios/Pods/Headers/Public/React-renderercss -I/Users/karelbraborec/rev-meter/ios/Pods/Headers/Public/React-rendererdebug -I/Users/karelbraborec/rev-meter/ios/Pods/Headers/Public/React-runtimeexecutor -I/Users/karelbraborec/rev-meter/ios/Pods/Headers/Public/React-runtimescheduler -I/Users/karelbraborec/rev-meter/ios/Pods/Headers/Public/React-timing -I/Users/karelbraborec/rev-meter/ios/Pods/Headers/Public/React-utils -I/Users/karelbraborec/rev-meter/ios/Pods/Headers/Public/React-viewtransitionnativemodule -I/Users/karelbraborec/rev-meter/ios/Pods/Headers/Public/React-webperformancenativemodule -I/Users/karelbraborec/rev-meter/ios/Pods/Headers/Public/ReactCodegen -I/Users/karelbraborec/rev-meter/ios/Pods/Headers/Public/ReactCommon -I/Users/karelbraborec/rev-meter/ios/Pods/Headers/Public/ReactNativeDependencies -I/Users/karelbraborec/rev-meter/ios/Pods/Headers/Public/Yoga -I/Users/karelbraborec/rev-meter/ios/Pods/Headers/Public/hermes-engine -I/Users/karelbraborec/rev-meter/ios/Pods/Headers/Public/react-native-slider -I/Users/karelbraborec/rev-meter/ios/Pods/Headers/Private/Yoga -I/Users/karelbraborec/rev-meter/ios/Pods/Headers/Private/Yoga -I/Users/karelbraborec/rev-meter/node_modules/@react-native-community/slider/common/cpp -I/Users/karelbraborec/rev-meter/ios/Pods/ExpoModulesCore/ExpoModulesCore.xcframework/ios-arm64_x86_64-simulator/ExpoModulesCore.framework/Headers -I/Users/karelbraborec/rev-meter/ios/Pods/ExpoModulesCore/ExpoModulesCore.xcframework/ios-arm64/ExpoModulesCore.framework/Headers -I/Users/karelbraborec/rev-meter/ios/Pods/ExpoModulesCore/ExpoModulesCore.xcframework/ios-arm64_x86_64-simulator/ExpoModulesCore.framework/Headers -I/Users/karelbraborec/rev-meter/ios/Pods/ExpoModulesCore/ExpoModulesCore.xcframework/ios-arm64/ExpoModulesCore.framework/Headers -I/Users/karelbraborec/Library/Developer/Xcode/DerivedData/revmeter-hbcnswmlqmbpnlazhhkncgeowiss/Build/Intermediates.noindex/Pods.build/Debug-iphonesimulator/react-native-slider.build/DerivedSources-normal/x86_64 -I/Users/karelbraborec/Library/Developer/Xcode/DerivedData/revmeter-hbcnswmlqmbpnlazhhkncgeowiss/Build/Intermediates.noindex/Pods.build/Debug-iphonesimulator/react-native-slider.build/DerivedSources/x86_64 -I/Users/karelbraborec/Library/Developer/Xcode/DerivedData/revmeter-hbcnswmlqmbpnlazhhkncgeowiss/Build/Intermediates.noindex/Pods.build/Debug-iphonesimulator/react-native-slider.build/DerivedSources -F/Users/karelbraborec/Library/Developer/Xcode/DerivedData/revmeter-hbcnswmlqmbpnlazhhkncgeowiss/Build/Products/Debug-iphonesimulator/react-native-slider -F/Users/karelbraborec/rev-meter/ios/Pods/React-Core-prebuilt -F/Users/karelbraborec/rev-meter/ios/Pods/ReactNativeDependencies/framework/packages/react-native -F/Users/karelbraborec/rev-meter/ios/Pods/hermes-engine/destroot/Library/Frameworks/universal -F/Users/karelbraborec/Library/Developer/Xcode/DerivedData/revmeter-hbcnswmlqmbpnlazhhkncgeowiss/Build/Products/Debug-iphonesimulator/XCFrameworkIntermediates/React-Core-prebuilt -F/Users/karelbraborec/Library/Developer/Xcode/DerivedData/revmeter-hbcnswmlqmbpnlazhhkncgeowiss/Build/Products/Debug-iphonesimulator/XCFrameworkIntermediates/ReactNativeDependencies -F/Users/karelbraborec/Library/Developer/Xcode/DerivedData/revmeter-hbcnswmlqmbpnlazhhkncgeowiss/Build/Products/Debug-iphonesimulator/XCFrameworkIntermediates/hermes-engine/Pre-built '-DRCT_REMOVE_LEGACY_ARCH=1' '-fmodule-map-file=/Users/karelbraborec/rev-meter/ios/Pods/Headers/Public/ReactCodegen/ReactCodegen.modulemap' '-DRCT_REMOVE_LEGACY_ARCH=1' -ivfsoverlay /Users/karelbraborec/rev-meter/ios/Pods/React-Core-prebuilt/React-VFS.yaml

WriteAuxiliaryFile /Users/karelbraborec/Library/Developer/Xcode/DerivedData/revmeter-hbcnswmlqmbpnlazhhkncgeowiss/Build/Intermediates.noindex/Pods.build/Debug-iphonesimulator/react-native-slider.build/Objects-normal/x86_64/af3fcb34312c57c0f52879cdce924b91-common-args.resp (in target 'react-native-slider' from project 'Pods')
    cd /Users/karelbraborec/rev-meter/ios/Pods
    write-file /Users/karelbraborec/Library/Developer/Xcode/DerivedData/revmeter-hbcnswmlqmbpnlazhhkncgeowiss/Build/Intermediates.noindex/Pods.build/Debug-iphonesimulator/react-native-slider.build/Objects-normal/x86_64/af3fcb34312c57c0f52879cdce924b91-common-args.resp
'-std=c++20' '-stdlib=libc++' -fobjc-arc -fobjc-weak -fmodules -fno-cxx-modules '-fmodules-cache-path=/Users/karelbraborec/Library/Developer/Xcode/DerivedData/ModuleCache.noindex' '-D_LIBCPP_HARDENING_MODE=_LIBCPP_HARDENING_MODE_DEBUG' -fpascal-strings -O0 -fno-common '-DPOD_CONFIGURATION_DEBUG=1' '-DDEBUG=1' '-DCOCOAPODS=1' '-DOBJC_OLD_DISPATCH_PROTOTYPES=0' -fasm-blocks -g '-fobjc-abi-version=2' -fobjc-legacy-dispatch -iquote /Users/karelbraborec/Library/Developer/Xcode/DerivedData/revmeter-hbcnswmlqmbpnlazhhkncgeowiss/Build/Intermediates.noindex/Pods.build/Debug-iphonesimulator/react-native-slider.build/react-native-slider-generated-files.hmap -I/Users/karelbraborec/Library/Developer/Xcode/DerivedData/revmeter-hbcnswmlqmbpnlazhhkncgeowiss/Build/Intermediates.noindex/Pods.build/Debug-iphonesimulator/react-native-slider.build/react-native-slider-own-target-headers.hmap -I/Users/karelbraborec/Library/Developer/Xcode/DerivedData/revmeter-hbcnswmlqmbpnlazhhkncgeowiss/Build/Intermediates.noindex/Pods.build/Debug-iphonesimulator/react-native-slider.build/react-native-slider-all-non-framework-target-headers.hmap -ivfsoverlay /Users/karelbraborec/Library/Developer/Xcode/DerivedData/revmeter-hbcnswmlqmbpnlazhhkncgeowiss/Build/Intermediates.noindex/Pods.build/Debug-iphonesimulator/Pods-8699adb1dd336b26511df848a716bd42-VFS-iphonesimulator/all-product-headers.yaml -iquote /Users/karelbraborec/Library/Developer/Xcode/DerivedData/revmeter-hbcnswmlqmbpnlazhhkncgeowiss/Build/Intermediates.noindex/Pods.build/Debug-iphonesimulator/react-native-slider.build/react-native-slider-project-headers.hmap -I/Users/karelbraborec/Library/Developer/Xcode/DerivedData/revmeter-hbcnswmlqmbpnlazhhkncgeowiss/Build/Products/Debug-iphonesimulator/react-native-slider/include -I/Users/karelbraborec/rev-meter/ios/Pods/Headers/Private -I/Users/karelbraborec/rev-meter/ios/Pods/Headers/Private/react-native-slider -I/Users/karelbraborec/rev-meter/ios/Pods/Headers/Public -I/Users/karelbraborec/rev-meter/ios/Pods/Headers/Public/FBLazyVector -I/Users/karelbraborec/rev-meter/ios/Pods/Headers/Public/RCTDeprecation -I/Users/karelbraborec/rev-meter/ios/Pods/Headers/Public/RCTRequired -I/Users/karelbraborec/rev-meter/ios/Pods/Headers/Public/RCTSwiftUIWrapper -I/Users/karelbraborec/rev-meter/ios/Pods/Headers/Public/RCTTypeSafety -I/Users/karelbraborec/rev-meter/ios/Pods/Headers/Public/React-Core -I/Users/karelbraborec/rev-meter/ios/Pods/Headers/Public/React-Core-prebuilt -I/Users/karelbraborec/rev-meter/ios/Pods/Headers/Public/React-CoreModules -I/Users/karelbraborec/rev-meter/ios/Pods/Headers/Public/React-Fabric -I/Users/karelbraborec/rev-meter/ios/Pods/Headers/Public/React-FabricComponents -I/Users/karelbraborec/rev-meter/ios/Pods/Headers/Public/React-FabricImage -I/Users/karelbraborec/rev-meter/ios/Pods/Headers/Public/React-ImageManager -I/Users/karelbraborec/rev-meter/ios/Pods/Headers/Public/React-Mapbuffer -I/Users/karelbraborec/rev-meter/ios/Pods/Headers/Public/React-NativeModulesApple -I/Users/karelbraborec/rev-meter/ios/Pods/Headers/Public/React-RCTAnimation -I/Users/karelbraborec/rev-meter/ios/Pods/Headers/Public/React-RCTAppDelegate -I/Users/karelbraborec/rev-meter/ios/Pods/Headers/Public/React-RCTBlob -I/Users/karelbraborec/rev-meter/ios/Pods/Headers/Public/React-RCTFBReactNativeSpec -I/Users/karelbraborec/rev-meter/ios/Pods/Headers/Public/React-RCTFabric -I/Users/karelbraborec/rev-meter/ios/Pods/Headers/Public/React-RCTImage -I/Users/karelbraborec/rev-meter/ios/Pods/Headers/Public/React-RCTRuntime -I/Users/karelbraborec/rev-meter/ios/Pods/Headers/Public/React-RCTText -I/Users/karelbraborec/rev-meter/ios/Pods/Headers/Public/React-RuntimeApple -I/Users/karelbraborec/rev-meter/ios/Pods/Headers/Public/React-RuntimeCore -I/Users/karelbraborec/rev-meter/ios/Pods/Headers/Public/React-RuntimeHermes -I/Users/karelbraborec/rev-meter/ios/Pods/Headers/Public/React-callinvoker -I/Users/karelbraborec/rev-meter/ios/Pods/Headers/Public/React-cxxreact -I/Users/karelbraborec/rev-meter/ios/Pods/Headers/Public/React-debug -I/Users/karelbraborec/rev-meter/ios/Pods/Headers/Public/React-defaultsnativemodule -I/Users/karelbraborec/rev-meter/ios/Pods/Headers/Public/React-domnativemodule -I/Users/karelbraborec/rev-meter/ios/Pods/Headers/Public/React-featureflags -I/Users/karelbraborec/rev-meter/ios/Pods/Headers/Public/React-featureflagsnativemodule -I/Users/karelbraborec/rev-meter/ios/Pods/Headers/Public/React-graphics -I/Users/karelbraborec/rev-meter/ios/Pods/Headers/Public/React-hermes -I/Users/karelbraborec/rev-meter/ios/Pods/Headers/Public/React-idlecallbacksnativemodule -I/Users/karelbraborec/rev-meter/ios/Pods/Headers/Public/React-intersectionobservernativemodule -I/Users/karelbraborec/rev-meter/ios/Pods/Headers/Public/React-jserrorhandler -I/Users/karelbraborec/rev-meter/ios/Pods/Headers/Public/React-jsi -I/Users/karelbraborec/rev-meter/ios/Pods/Headers/Public/React-jsiexecutor -I/Users/karelbraborec/rev-meter/ios/Pods/Headers/Public/React-jsinspector -I/Users/karelbraborec/rev-meter/ios/Pods/Headers/Public/React-jsinspectorcdp -I/Users/karelbraborec/rev-meter/ios/Pods/Headers/Public/React-jsinspectornetwork -I/Users/karelbraborec/rev-meter/ios/Pods/Headers/Public/React-jsinspectortracing -I/Users/karelbraborec/rev-meter/ios/Pods/Headers/Public/React-jsitooling -I/Users/karelbraborec/rev-meter/ios/Pods/Headers/Public/React-logger -I/Users/karelbraborec/rev-meter/ios/Pods/Headers/Public/React-microtasksnativemodule -I/Users/karelbraborec/rev-meter/ios/Pods/Headers/Public/React-mutationobservernativemodule -I/Users/karelbraborec/rev-meter/ios/Pods/Headers/Public/React-networking -I/Users/karelbraborec/rev-meter/ios/Pods/Headers/Public/React-oscompat -I/Users/karelbraborec/rev-meter/ios/Pods/Headers/Public/React-perflogger -I/Users/karelbraborec/rev-meter/ios/Pods/Headers/Public/React-performancecdpmetrics -I/Users/karelbraborec/rev-meter/ios/Pods/Headers/Public/React-performancetimeline -I/Users/karelbraborec/rev-meter/ios/Pods/Headers/Public/React-rendererconsistency -I/Users/karelbraborec/rev-meter/ios/Pods/Headers/Public/React-renderercss -I/Users/karelbraborec/rev-meter/ios/Pods/Headers/Public/React-rendererdebug -I/Users/karelbraborec/rev-meter/ios/Pods/Headers/Public/React-runtimeexecutor -I/Users/karelbraborec/rev-meter/ios/Pods/Headers/Public/React-runtimescheduler -I/Users/karelbraborec/rev-meter/ios/Pods/Headers/Public/React-timing -I/Users/karelbraborec/rev-meter/ios/Pods/Headers/Public/React-utils -I/Users/karelbraborec/rev-meter/ios/Pods/Headers/Public/React-viewtransitionnativemodule -I/Users/karelbraborec/rev-meter/ios/Pods/Headers/Public/React-webperformancenativemodule -I/Users/karelbraborec/rev-meter/ios/Pods/Headers/Public/ReactCodegen -I/Users/karelbraborec/rev-meter/ios/Pods/Headers/Public/ReactCommon -I/Users/karelbraborec/rev-meter/ios/Pods/Headers/Public/ReactNativeDependencies -I/Users/karelbraborec/rev-meter/ios/Pods/Headers/Public/Yoga -I/Users/karelbraborec/rev-meter/ios/Pods/Headers/Public/hermes-engine -I/Users/karelbraborec/rev-meter/ios/Pods/Headers/Public/react-native-slider -I/Users/karelbraborec/rev-meter/ios/Pods/Headers/Private/Yoga -I/Users/karelbraborec/rev-meter/ios/Pods/Headers/Private/Yoga -I/Users/karelbraborec/rev-meter/node_modules/@react-native-community/slider/common/cpp -I/Users/karelbraborec/rev-meter/ios/Pods/ExpoModulesCore/ExpoModulesCore.xcframework/ios-arm64_x86_64-simulator/ExpoModulesCore.framework/Headers -I/Users/karelbraborec/rev-meter/ios/Pods/ExpoModulesCore/ExpoModulesCore.xcframework/ios-arm64/ExpoModulesCore.framework/Headers -I/Users/karelbraborec/rev-meter/ios/Pods/ExpoModulesCore/ExpoModulesCore.xcframework/ios-arm64_x86_64-simulator/ExpoModulesCore.framework/Headers -I/Users/karelbraborec/rev-meter/ios/Pods/ExpoModulesCore/ExpoModulesCore.xcframework/ios-arm64/ExpoModulesCore.framework/Headers -I/Users/karelbraborec/Library/Developer/Xcode/DerivedData/revmeter-hbcnswmlqmbpnlazhhkncgeowiss/Build/Intermediates.noindex/Pods.build/Debug-iphonesimulator/react-native-slider.build/DerivedSources-normal/x86_64 -I/Users/karelbraborec/Library/Developer/Xcode/DerivedData/revmeter-hbcnswmlqmbpnlazhhkncgeowiss/Build/Intermediates.noindex/Pods.build/Debug-iphonesimulator/react-native-slider.build/DerivedSources/x86_64 -I/Users/karelbraborec/Library/Developer/Xcode/DerivedData/revmeter-hbcnswmlqmbpnlazhhkncgeowiss/Build/Intermediates.noindex/Pods.build/Debug-iphonesimulator/react-native-slider.build/DerivedSources -F/Users/karelbraborec/Library/Developer/Xcode/DerivedData/revmeter-hbcnswmlqmbpnlazhhkncgeowiss/Build/Products/Debug-iphonesimulator/react-native-slider -F/Users/karelbraborec/rev-meter/ios/Pods/React-Core-prebuilt -F/Users/karelbraborec/rev-meter/ios/Pods/ReactNativeDependencies/framework/packages/react-native -F/Users/karelbraborec/rev-meter/ios/Pods/hermes-engine/destroot/Library/Frameworks/universal -F/Users/karelbraborec/Library/Developer/Xcode/DerivedData/revmeter-hbcnswmlqmbpnlazhhkncgeowiss/Build/Products/Debug-iphonesimulator/XCFrameworkIntermediates/React-Core-prebuilt -F/Users/karelbraborec/Library/Developer/Xcode/DerivedData/revmeter-hbcnswmlqmbpnlazhhkncgeowiss/Build/Products/Debug-iphonesimulator/XCFrameworkIntermediates/ReactNativeDependencies -F/Users/karelbraborec/Library/Developer/Xcode/DerivedData/revmeter-hbcnswmlqmbpnlazhhkncgeowiss/Build/Products/Debug-iphonesimulator/XCFrameworkIntermediates/hermes-engine/Pre-built '-DRCT_REMOVE_LEGACY_ARCH=1' '-fmodule-map-file=/Users/karelbraborec/rev-meter/ios/Pods/Headers/Public/ReactCodegen/ReactCodegen.modulemap' '-DRCT_REMOVE_LEGACY_ARCH=1' -ivfsoverlay /Users/karelbraborec/rev-meter/ios/Pods/React-Core-prebuilt/React-VFS.yaml '-DRCT_REMOVE_LEGACY_ARCH=1' '-DRCT_NEW_ARCH_ENABLED=1' -ivfsoverlay /Users/karelbraborec/rev-meter/ios/Pods/React-Core-prebuilt/React-VFS.yaml

WriteAuxiliaryFile /Users/karelbraborec/Library/Developer/Xcode/DerivedData/revmeter-hbcnswmlqmbpnlazhhkncgeowiss/Build/Intermediates.noindex/Pods.build/Debug-iphonesimulator/react-native-slider.build/Objects-normal/arm64/react-native-slider.LinkFileList (in target 'react-native-slider' from project 'Pods')
    cd /Users/karelbraborec/rev-meter/ios/Pods
    write-file /Users/karelbraborec/Library/Developer/Xcode/DerivedData/revmeter-hbcnswmlqmbpnlazhhkncgeowiss/Build/Intermediates.noindex/Pods.build/Debug-iphonesimulator/react-native-slider.build/Objects-normal/arm64/react-native-slider.LinkFileList

WriteAuxiliaryFile /Users/karelbraborec/Library/Developer/Xcode/DerivedData/revmeter-hbcnswmlqmbpnlazhhkncgeowiss/Build/Intermediates.noindex/Pods.build/Debug-iphonesimulator/react-native-slider.build/Objects-normal/arm64/e6072d4f65d7061329687fe24e3d63a7-common-args.resp (in target 'react-native-slider' from project 'Pods')
    cd /Users/karelbraborec/rev-meter/ios/Pods
    write-file /Users/karelbraborec/Library/Developer/Xcode/DerivedData/revmeter-hbcnswmlqmbpnlazhhkncgeowiss/Build/Intermediates.noindex/Pods.build/Debug-iphonesimulator/react-native-slider.build/Objects-normal/arm64/e6072d4f65d7061329687fe24e3d63a7-common-args.resp
'-std=gnu11' -fobjc-arc -fobjc-weak -fmodules '-fmodules-cache-path=/Users/karelbraborec/Library/Developer/Xcode/DerivedData/ModuleCache.noindex' -fpascal-strings -O0 -fno-common '-DPOD_CONFIGURATION_DEBUG=1' '-DDEBUG=1' '-DCOCOAPODS=1' '-DOBJC_OLD_DISPATCH_PROTOTYPES=0' -g '-fobjc-abi-version=2' -fobjc-legacy-dispatch -iquote /Users/karelbraborec/Library/Developer/Xcode/DerivedData/revmeter-hbcnswmlqmbpnlazhhkncgeowiss/Build/Intermediates.noindex/Pods.build/Debug-iphonesimulator/react-native-slider.build/react-native-slider-generated-files.hmap -I/Users/karelbraborec/Library/Developer/Xcode/DerivedData/revmeter-hbcnswmlqmbpnlazhhkncgeowiss/Build/Intermediates.noindex/Pods.build/Debug-iphonesimulator/react-native-slider.build/react-native-slider-own-target-headers.hmap -I/Users/karelbraborec/Library/Developer/Xcode/DerivedData/revmeter-hbcnswmlqmbpnlazhhkncgeowiss/Build/Intermediates.noindex/Pods.build/Debug-iphonesimulator/react-native-slider.build/react-native-slider-all-non-framework-target-headers.hmap -ivfsoverlay /Users/karelbraborec/Library/Developer/Xcode/DerivedData/revmeter-hbcnswmlqmbpnlazhhkncgeowiss/Build/Intermediates.noindex/Pods.build/Debug-iphonesimulator/Pods-8699adb1dd336b26511df848a716bd42-VFS-iphonesimulator/all-product-headers.yaml -iquote /Users/karelbraborec/Library/Developer/Xcode/DerivedData/revmeter-hbcnswmlqmbpnlazhhkncgeowiss/Build/Intermediates.noindex/Pods.build/Debug-iphonesimulator/react-native-slider.build/react-native-slider-project-headers.hmap -I/Users/karelbraborec/Library/Developer/Xcode/DerivedData/revmeter-hbcnswmlqmbpnlazhhkncgeowiss/Build/Products/Debug-iphonesimulator/react-native-slider/include -I/Users/karelbraborec/rev-meter/ios/Pods/Headers/Private -I/Users/karelbraborec/rev-meter/ios/Pods/Headers/Private/react-native-slider -I/Users/karelbraborec/rev-meter/ios/Pods/Headers/Public -I/Users/karelbraborec/rev-meter/ios/Pods/Headers/Public/FBLazyVector -I/Users/karelbraborec/rev-meter/ios/Pods/Headers/Public/RCTDeprecation -I/Users/karelbraborec/rev-meter/ios/Pods/Headers/Public/RCTRequired -I/Users/karelbraborec/rev-meter/ios/Pods/Headers/Public/RCTSwiftUIWrapper -I/Users/karelbraborec/rev-meter/ios/Pods/Headers/Public/RCTTypeSafety -I/Users/karelbraborec/rev-meter/ios/Pods/Headers/Public/React-Core -I/Users/karelbraborec/rev-meter/ios/Pods/Headers/Public/React-Core-prebuilt -I/Users/karelbraborec/rev-meter/ios/Pods/Headers/Public/React-CoreModules -I/Users/karelbraborec/rev-meter/ios/Pods/Headers/Public/React-Fabric -I/Users/karelbraborec/rev-meter/ios/Pods/Headers/Public/React-FabricComponents -I/Users/karelbraborec/rev-meter/ios/Pods/Headers/Public/React-FabricImage -I/Users/karelbraborec/rev-meter/ios/Pods/Headers/Public/React-ImageManager -I/Users/karelbraborec/rev-meter/ios/Pods/Headers/Public/React-Mapbuffer -I/Users/karelbraborec/rev-meter/ios/Pods/Headers/Public/React-NativeModulesApple -I/Users/karelbraborec/rev-meter/ios/Pods/Headers/Public/React-RCTAnimation -I/Users/karelbraborec/rev-meter/ios/Pods/Headers/Public/React-RCTAppDelegate -I/Users/karelbraborec/rev-meter/ios/Pods/Headers/Public/React-RCTBlob -I/Users/karelbraborec/rev-meter/ios/Pods/Headers/Public/React-RCTFBReactNativeSpec -I/Users/karelbraborec/rev-meter/ios/Pods/Headers/Public/React-RCTFabric -I/Users/karelbraborec/rev-meter/ios/Pods/Headers/Public/React-RCTImage -I/Users/karelbraborec/rev-meter/ios/Pods/Headers/Public/React-RCTRuntime -I/Users/karelbraborec/rev-meter/ios/Pods/Headers/Public/React-RCTText -I/Users/karelbraborec/rev-meter/ios/Pods/Headers/Public/React-RuntimeApple -I/Users/karelbraborec/rev-meter/ios/Pods/Headers/Public/React-RuntimeCore -I/Users/karelbraborec/rev-meter/ios/Pods/Headers/Public/React-RuntimeHermes -I/Users/karelbraborec/rev-meter/ios/Pods/Headers/Public/React-callinvoker -I/Users/karelbraborec/rev-meter/ios/Pods/Headers/Public/React-cxxreact -I/Users/karelbraborec/rev-meter/ios/Pods/Headers/Public/React-debug -I/Users/karelbraborec/rev-meter/ios/Pods/Headers/Public/React-defaultsnativemodule -I/Users/karelbraborec/rev-meter/ios/Pods/Headers/Public/React-domnativemodule -I/Users/karelbraborec/rev-meter/ios/Pods/Headers/Public/React-featureflags -I/Users/karelbraborec/rev-meter/ios/Pods/Headers/Public/React-featureflagsnativemodule -I/Users/karelbraborec/rev-meter/ios/Pods/Headers/Public/React-graphics -I/Users/karelbraborec/rev-meter/ios/Pods/Headers/Public/React-hermes -I/Users/karelbraborec/rev-meter/ios/Pods/Headers/Public/React-idlecallbacksnativemodule -I/Users/karelbraborec/rev-meter/ios/Pods/Headers/Public/React-intersectionobservernativemodule -I/Users/karelbraborec/rev-meter/ios/Pods/Headers/Public/React-jserrorhandler -I/Users/karelbraborec/rev-meter/ios/Pods/Headers/Public/React-jsi -I/Users/karelbraborec/rev-meter/ios/Pods/Headers/Public/React-jsiexecutor -I/Users/karelbraborec/rev-meter/ios/Pods/Headers/Public/React-jsinspector -I/Users/karelbraborec/rev-meter/ios/Pods/Headers/Public/React-jsinspectorcdp -I/Users/karelbraborec/rev-meter/ios/Pods/Headers/Public/React-jsinspectornetwork -I/Users/karelbraborec/rev-meter/ios/Pods/Headers/Public/React-jsinspectortracing -I/Users/karelbraborec/rev-meter/ios/Pods/Headers/Public/React-jsitooling -I/Users/karelbraborec/rev-meter/ios/Pods/Headers/Public/React-logger -I/Users/karelbraborec/rev-meter/ios/Pods/Headers/Public/React-microtasksnativemodule -I/Users/karelbraborec/rev-meter/ios/Pods/Headers/Public/React-mutationobservernativemodule -I/Users/karelbraborec/rev-meter/ios/Pods/Headers/Public/React-networking -I/Users/karelbraborec/rev-meter/ios/Pods/Headers/Public/React-oscompat -I/Users/karelbraborec/rev-meter/ios/Pods/Headers/Public/React-perflogger -I/Users/karelbraborec/rev-meter/ios/Pods/Headers/Public/React-performancecdpmetrics -I/Users/karelbraborec/rev-meter/ios/Pods/Headers/Public/React-performancetimeline -I/Users/karelbraborec/rev-meter/ios/Pods/Headers/Public/React-rendererconsistency -I/Users/karelbraborec/rev-meter/ios/Pods/Headers/Public/React-renderercss -I/Users/karelbraborec/rev-meter/ios/Pods/Headers/Public/React-rendererdebug -I/Users/karelbraborec/rev-meter/ios/Pods/Headers/Public/React-runtimeexecutor -I/Users/karelbraborec/rev-meter/ios/Pods/Headers/Public/React-runtimescheduler -I/Users/karelbraborec/rev-meter/ios/Pods/Headers/Public/React-timing -I/Users/karelbraborec/rev-meter/ios/Pods/Headers/Public/React-utils -I/Users/karelbraborec/rev-meter/ios/Pods/Headers/Public/React-viewtransitionnativemodule -I/Users/karelbraborec/rev-meter/ios/Pods/Headers/Public/React-webperformancenativemodule -I/Users/karelbraborec/rev-meter/ios/Pods/Headers/Public/ReactCodegen -I/Users/karelbraborec/rev-meter/ios/Pods/Headers/Public/ReactCommon -I/Users/karelbraborec/rev-meter/ios/Pods/Headers/Public/ReactNativeDependencies -I/Users/karelbraborec/rev-meter/ios/Pods/Headers/Public/Yoga -I/Users/karelbraborec/rev-meter/ios/Pods/Headers/Public/hermes-engine -I/Users/karelbraborec/rev-meter/ios/Pods/Headers/Public/react-native-slider -I/Users/karelbraborec/rev-meter/ios/Pods/Headers/Private/Yoga -I/Users/karelbraborec/rev-meter/ios/Pods/Headers/Private/Yoga -I/Users/karelbraborec/rev-meter/node_modules/@react-native-community/slider/common/cpp -I/Users/karelbraborec/rev-meter/ios/Pods/ExpoModulesCore/ExpoModulesCore.xcframework/ios-arm64_x86_64-simulator/ExpoModulesCore.framework/Headers -I/Users/karelbraborec/rev-meter/ios/Pods/ExpoModulesCore/ExpoModulesCore.xcframework/ios-arm64/ExpoModulesCore.framework/Headers -I/Users/karelbraborec/rev-meter/ios/Pods/ExpoModulesCore/ExpoModulesCore.xcframework/ios-arm64_x86_64-simulator/ExpoModulesCore.framework/Headers -I/Users/karelbraborec/rev-meter/ios/Pods/ExpoModulesCore/ExpoModulesCore.xcframework/ios-arm64/ExpoModulesCore.framework/Headers -I/Users/karelbraborec/Library/Developer/Xcode/DerivedData/revmeter-hbcnswmlqmbpnlazhhkncgeowiss/Build/Intermediates.noindex/Pods.build/Debug-iphonesimulator/react-native-slider.build/DerivedSources-normal/arm64 -I/Users/karelbraborec/Library/Developer/Xcode/DerivedData/revmeter-hbcnswmlqmbpnlazhhkncgeowiss/Build/Intermediates.noindex/Pods.build/Debug-iphonesimulator/react-native-slider.build/DerivedSources/arm64 -I/Users/karelbraborec/Library/Developer/Xcode/DerivedData/revmeter-hbcnswmlqmbpnlazhhkncgeowiss/Build/Intermediates.noindex/Pods.build/Debug-iphonesimulator/react-native-slider.build/DerivedSources -F/Users/karelbraborec/Library/Developer/Xcode/DerivedData/revmeter-hbcnswmlqmbpnlazhhkncgeowiss/Build/Products/Debug-iphonesimulator/react-native-slider -F/Users/karelbraborec/rev-meter/ios/Pods/React-Core-prebuilt -F/Users/karelbraborec/rev-meter/ios/Pods/ReactNativeDependencies/framework/packages/react-native -F/Users/karelbraborec/rev-meter/ios/Pods/hermes-engine/destroot/Library/Frameworks/universal -F/Users/karelbraborec/Library/Developer/Xcode/DerivedData/revmeter-hbcnswmlqmbpnlazhhkncgeowiss/Build/Products/Debug-iphonesimulator/XCFrameworkIntermediates/React-Core-prebuilt -F/Users/karelbraborec/Library/Developer/Xcode/DerivedData/revmeter-hbcnswmlqmbpnlazhhkncgeowiss/Build/Products/Debug-iphonesimulator/XCFrameworkIntermediates/ReactNativeDependencies -F/Users/karelbraborec/Library/Developer/Xcode/DerivedData/revmeter-hbcnswmlqmbpnlazhhkncgeowiss/Build/Products/Debug-iphonesimulator/XCFrameworkIntermediates/hermes-engine/Pre-built '-DRCT_REMOVE_LEGACY_ARCH=1' '-fmodule-map-file=/Users/karelbraborec/rev-meter/ios/Pods/Headers/Public/ReactCodegen/ReactCodegen.modulemap' '-DRCT_REMOVE_LEGACY_ARCH=1' -ivfsoverlay /Users/karelbraborec/rev-meter/ios/Pods/React-Core-prebuilt/React-VFS.yaml

WriteAuxiliaryFile /Users/karelbraborec/Library/Developer/Xcode/DerivedData/revmeter-hbcnswmlqmbpnlazhhkncgeowiss/Build/Intermediates.noindex/Pods.build/Debug-iphonesimulator/react-native-slider.build/Objects-normal/arm64/af3fcb34312c57c0f52879cdce924b91-common-args.resp (in target 'react-native-slider' from project 'Pods')
    cd /Users/karelbraborec/rev-meter/ios/Pods
    write-file /Users/karelbraborec/Library/Developer/Xcode/DerivedData/revmeter-hbcnswmlqmbpnlazhhkncgeowiss/Build/Intermediates.noindex/Pods.build/Debug-iphonesimulator/react-native-slider.build/Objects-normal/arm64/af3fcb34312c57c0f52879cdce924b91-common-args.resp
'-std=c++20' '-stdlib=libc++' -fobjc-arc -fobjc-weak -fmodules -fno-cxx-modules '-fmodules-cache-path=/Users/karelbraborec/Library/Developer/Xcode/DerivedData/ModuleCache.noindex' '-D_LIBCPP_HARDENING_MODE=_LIBCPP_HARDENING_MODE_DEBUG' -fpascal-strings -O0 -fno-common '-DPOD_CONFIGURATION_DEBUG=1' '-DDEBUG=1' '-DCOCOAPODS=1' '-DOBJC_OLD_DISPATCH_PROTOTYPES=0' -g '-fobjc-abi-version=2' -fobjc-legacy-dispatch -iquote /Users/karelbraborec/Library/Developer/Xcode/DerivedData/revmeter-hbcnswmlqmbpnlazhhkncgeowiss/Build/Intermediates.noindex/Pods.build/Debug-iphonesimulator/react-native-slider.build/react-native-slider-generated-files.hmap -I/Users/karelbraborec/Library/Developer/Xcode/DerivedData/revmeter-hbcnswmlqmbpnlazhhkncgeowiss/Build/Intermediates.noindex/Pods.build/Debug-iphonesimulator/react-native-slider.build/react-native-slider-own-target-headers.hmap -I/Users/karelbraborec/Library/Developer/Xcode/DerivedData/revmeter-hbcnswmlqmbpnlazhhkncgeowiss/Build/Intermediates.noindex/Pods.build/Debug-iphonesimulator/react-native-slider.build/react-native-slider-all-non-framework-target-headers.hmap -ivfsoverlay /Users/karelbraborec/Library/Developer/Xcode/DerivedData/revmeter-hbcnswmlqmbpnlazhhkncgeowiss/Build/Intermediates.noindex/Pods.build/Debug-iphonesimulator/Pods-8699adb1dd336b26511df848a716bd42-VFS-iphonesimulator/all-product-headers.yaml -iquote /Users/karelbraborec/Library/Developer/Xcode/DerivedData/revmeter-hbcnswmlqmbpnlazhhkncgeowiss/Build/Intermediates.noindex/Pods.build/Debug-iphonesimulator/react-native-slider.build/react-native-slider-project-headers.hmap -I/Users/karelbraborec/Library/Developer/Xcode/DerivedData/revmeter-hbcnswmlqmbpnlazhhkncgeowiss/Build/Products/Debug-iphonesimulator/react-native-slider/include -I/Users/karelbraborec/rev-meter/ios/Pods/Headers/Private -I/Users/karelbraborec/rev-meter/ios/Pods/Headers/Private/react-native-slider -I/Users/karelbraborec/rev-meter/ios/Pods/Headers/Public -I/Users/karelbraborec/rev-meter/ios/Pods/Headers/Public/FBLazyVector -I/Users/karelbraborec/rev-meter/ios/Pods/Headers/Public/RCTDeprecation -I/Users/karelbraborec/rev-meter/ios/Pods/Headers/Public/RCTRequired -I/Users/karelbraborec/rev-meter/ios/Pods/Headers/Public/RCTSwiftUIWrapper -I/Users/karelbraborec/rev-meter/ios/Pods/Headers/Public/RCTTypeSafety -I/Users/karelbraborec/rev-meter/ios/Pods/Headers/Public/React-Core -I/Users/karelbraborec/rev-meter/ios/Pods/Headers/Public/React-Core-prebuilt -I/Users/karelbraborec/rev-meter/ios/Pods/Headers/Public/React-CoreModules -I/Users/karelbraborec/rev-meter/ios/Pods/Headers/Public/React-Fabric -I/Users/karelbraborec/rev-meter/ios/Pods/Headers/Public/React-FabricComponents -I/Users/karelbraborec/rev-meter/ios/Pods/Headers/Public/React-FabricImage -I/Users/karelbraborec/rev-meter/ios/Pods/Headers/Public/React-ImageManager -I/Users/karelbraborec/rev-meter/ios/Pods/Headers/Public/React-Mapbuffer -I/Users/karelbraborec/rev-meter/ios/Pods/Headers/Public/React-NativeModulesApple -I/Users/karelbraborec/rev-meter/ios/Pods/Headers/Public/React-RCTAnimation -I/Users/karelbraborec/rev-meter/ios/Pods/Headers/Public/React-RCTAppDelegate -I/Users/karelbraborec/rev-meter/ios/Pods/Headers/Public/React-RCTBlob -I/Users/karelbraborec/rev-meter/ios/Pods/Headers/Public/React-RCTFBReactNativeSpec -I/Users/karelbraborec/rev-meter/ios/Pods/Headers/Public/React-RCTFabric -I/Users/karelbraborec/rev-meter/ios/Pods/Headers/Public/React-RCTImage -I/Users/karelbraborec/rev-meter/ios/Pods/Headers/Public/React-RCTRuntime -I/Users/karelbraborec/rev-meter/ios/Pods/Headers/Public/React-RCTText -I/Users/karelbraborec/rev-meter/ios/Pods/Headers/Public/React-RuntimeApple -I/Users/karelbraborec/rev-meter/ios/Pods/Headers/Public/React-RuntimeCore -I/Users/karelbraborec/rev-meter/ios/Pods/Headers/Public/React-RuntimeHermes -I/Users/karelbraborec/rev-meter/ios/Pods/Headers/Public/React-callinvoker -I/Users/karelbraborec/rev-meter/ios/Pods/Headers/Public/React-cxxreact -I/Users/karelbraborec/rev-meter/ios/Pods/Headers/Public/React-debug -I/Users/karelbraborec/rev-meter/ios/Pods/Headers/Public/React-defaultsnativemodule -I/Users/karelbraborec/rev-meter/ios/Pods/Headers/Public/React-domnativemodule -I/Users/karelbraborec/rev-meter/ios/Pods/Headers/Public/React-featureflags -I/Users/karelbraborec/rev-meter/ios/Pods/Headers/Public/React-featureflagsnativemodule -I/Users/karelbraborec/rev-meter/ios/Pods/Headers/Public/React-graphics -I/Users/karelbraborec/rev-meter/ios/Pods/Headers/Public/React-hermes -I/Users/karelbraborec/rev-meter/ios/Pods/Headers/Public/React-idlecallbacksnativemodule -I/Users/karelbraborec/rev-meter/ios/Pods/Headers/Public/React-intersectionobservernativemodule -I/Users/karelbraborec/rev-meter/ios/Pods/Headers/Public/React-jserrorhandler -I/Users/karelbraborec/rev-meter/ios/Pods/Headers/Public/React-jsi -I/Users/karelbraborec/rev-meter/ios/Pods/Headers/Public/React-jsiexecutor -I/Users/karelbraborec/rev-meter/ios/Pods/Headers/Public/React-jsinspector -I/Users/karelbraborec/rev-meter/ios/Pods/Headers/Public/React-jsinspectorcdp -I/Users/karelbraborec/rev-meter/ios/Pods/Headers/Public/React-jsinspectornetwork -I/Users/karelbraborec/rev-meter/ios/Pods/Headers/Public/React-jsinspectortracing -I/Users/karelbraborec/rev-meter/ios/Pods/Headers/Public/React-jsitooling -I/Users/karelbraborec/rev-meter/ios/Pods/Headers/Public/React-logger -I/Users/karelbraborec/rev-meter/ios/Pods/Headers/Public/React-microtasksnativemodule -I/Users/karelbraborec/rev-meter/ios/Pods/Headers/Public/React-mutationobservernativemodule -I/Users/karelbraborec/rev-meter/ios/Pods/Headers/Public/React-networking -I/Users/karelbraborec/rev-meter/ios/Pods/Headers/Public/React-oscompat -I/Users/karelbraborec/rev-meter/ios/Pods/Headers/Public/React-perflogger -I/Users/karelbraborec/rev-meter/ios/Pods/Headers/Public/React-performancecdpmetrics -I/Users/karelbraborec/rev-meter/ios/Pods/Headers/Public/React-performancetimeline -I/Users/karelbraborec/rev-meter/ios/Pods/Headers/Public/React-rendererconsistency -I/Users/karelbraborec/rev-meter/ios/Pods/Headers/Public/React-renderercss -I/Users/karelbraborec/rev-meter/ios/Pods/Headers/Public/React-rendererdebug -I/Users/karelbraborec/rev-meter/ios/Pods/Headers/Public/React-runtimeexecutor -I/Users/karelbraborec/rev-meter/ios/Pods/Headers/Public/React-runtimescheduler -I/Users/karelbraborec/rev-meter/ios/Pods/Headers/Public/React-timing -I/Users/karelbraborec/rev-meter/ios/Pods/Headers/Public/React-utils -I/Users/karelbraborec/rev-meter/ios/Pods/Headers/Public/React-viewtransitionnativemodule -I/Users/karelbraborec/rev-meter/ios/Pods/Headers/Public/React-webperformancenativemodule -I/Users/karelbraborec/rev-meter/ios/Pods/Headers/Public/ReactCodegen -I/Users/karelbraborec/rev-meter/ios/Pods/Headers/Public/ReactCommon -I/Users/karelbraborec/rev-meter/ios/Pods/Headers/Public/ReactNativeDependencies -I/Users/karelbraborec/rev-meter/ios/Pods/Headers/Public/Yoga -I/Users/karelbraborec/rev-meter/ios/Pods/Headers/Public/hermes-engine -I/Users/karelbraborec/rev-meter/ios/Pods/Headers/Public/react-native-slider -I/Users/karelbraborec/rev-meter/ios/Pods/Headers/Private/Yoga -I/Users/karelbraborec/rev-meter/ios/Pods/Headers/Private/Yoga -I/Users/karelbraborec/rev-meter/node_modules/@react-native-community/slider/common/cpp -I/Users/karelbraborec/rev-meter/ios/Pods/ExpoModulesCore/ExpoModulesCore.xcframework/ios-arm64_x86_64-simulator/ExpoModulesCore.framework/Headers -I/Users/karelbraborec/rev-meter/ios/Pods/ExpoModulesCore/ExpoModulesCore.xcframework/ios-arm64/ExpoModulesCore.framework/Headers -I/Users/karelbraborec/rev-meter/ios/Pods/ExpoModulesCore/ExpoModulesCore.xcframework/ios-arm64_x86_64-simulator/ExpoModulesCore.framework/Headers -I/Users/karelbraborec/rev-meter/ios/Pods/ExpoModulesCore/ExpoModulesCore.xcframework/ios-arm64/ExpoModulesCore.framework/Headers -I/Users/karelbraborec/Library/Developer/Xcode/DerivedData/revmeter-hbcnswmlqmbpnlazhhkncgeowiss/Build/Intermediates.noindex/Pods.build/Debug-iphonesimulator/react-native-slider.build/DerivedSources-normal/arm64 -I/Users/karelbraborec/Library/Developer/Xcode/DerivedData/revmeter-hbcnswmlqmbpnlazhhkncgeowiss/Build/Intermediates.noindex/Pods.build/Debug-iphonesimulator/react-native-slider.build/DerivedSources/arm64 -I/Users/karelbraborec/Library/Developer/Xcode/DerivedData/revmeter-hbcnswmlqmbpnlazhhkncgeowiss/Build/Intermediates.noindex/Pods.build/Debug-iphonesimulator/react-native-slider.build/DerivedSources -F/Users/karelbraborec/Library/Developer/Xcode/DerivedData/revmeter-hbcnswmlqmbpnlazhhkncgeowiss/Build/Products/Debug-iphonesimulator/react-native-slider -F/Users/karelbraborec/rev-meter/ios/Pods/React-Core-prebuilt -F/Users/karelbraborec/rev-meter/ios/Pods/ReactNativeDependencies/framework/packages/react-native -F/Users/karelbraborec/rev-meter/ios/Pods/hermes-engine/destroot/Library/Frameworks/universal -F/Users/karelbraborec/Library/Developer/Xcode/DerivedData/revmeter-hbcnswmlqmbpnlazhhkncgeowiss/Build/Products/Debug-iphonesimulator/XCFrameworkIntermediates/React-Core-prebuilt -F/Users/karelbraborec/Library/Developer/Xcode/DerivedData/revmeter-hbcnswmlqmbpnlazhhkncgeowiss/Build/Products/Debug-iphonesimulator/XCFrameworkIntermediates/ReactNativeDependencies -F/Users/karelbraborec/Library/Developer/Xcode/DerivedData/revmeter-hbcnswmlqmbpnlazhhkncgeowiss/Build/Products/Debug-iphonesimulator/XCFrameworkIntermediates/hermes-engine/Pre-built '-DRCT_REMOVE_LEGACY_ARCH=1' '-fmodule-map-file=/Users/karelbraborec/rev-meter/ios/Pods/Headers/Public/ReactCodegen/ReactCodegen.modulemap' '-DRCT_REMOVE_LEGACY_ARCH=1' -ivfsoverlay /Users/karelbraborec/rev-meter/ios/Pods/React-Core-prebuilt/React-VFS.yaml '-DRCT_REMOVE_LEGACY_ARCH=1' '-DRCT_NEW_ARCH_ENABLED=1' -ivfsoverlay /Users/karelbraborec/rev-meter/ios/Pods/React-Core-prebuilt/React-VFS.yaml

WriteAuxiliaryFile /Users/karelbraborec/Library/Developer/Xcode/DerivedData/revmeter-hbcnswmlqmbpnlazhhkncgeowiss/Build/Intermediates.noindex/Pods.build/Debug-iphonesimulator/react-native-slider.build/Objects-normal/arm64/82b82416624d2658e5098eb0a28c15c5-common-args.resp (in target 'react-native-slider' from project 'Pods')
    cd /Users/karelbraborec/rev-meter/ios/Pods
    write-file /Users/karelbraborec/Library/Developer/Xcode/DerivedData/revmeter-hbcnswmlqmbpnlazhhkncgeowiss/Build/Intermediates.noindex/Pods.build/Debug-iphonesimulator/react-native-slider.build/Objects-normal/arm64/82b82416624d2658e5098eb0a28c15c5-common-args.resp
'-std=c++20' '-stdlib=libc++' -fmodules -fno-cxx-modules '-fmodules-cache-path=/Users/karelbraborec/Library/Developer/Xcode/DerivedData/ModuleCache.noindex' '-D_LIBCPP_HARDENING_MODE=_LIBCPP_HARDENING_MODE_DEBUG' -fpascal-strings -O0 -fno-common '-DPOD_CONFIGURATION_DEBUG=1' '-DDEBUG=1' '-DCOCOAPODS=1' -g -iquote /Users/karelbraborec/Library/Developer/Xcode/DerivedData/revmeter-hbcnswmlqmbpnlazhhkncgeowiss/Build/Intermediates.noindex/Pods.build/Debug-iphonesimulator/react-native-slider.build/react-native-slider-generated-files.hmap -I/Users/karelbraborec/Library/Developer/Xcode/DerivedData/revmeter-hbcnswmlqmbpnlazhhkncgeowiss/Build/Intermediates.noindex/Pods.build/Debug-iphonesimulator/react-native-slider.build/react-native-slider-own-target-headers.hmap -I/Users/karelbraborec/Library/Developer/Xcode/DerivedData/revmeter-hbcnswmlqmbpnlazhhkncgeowiss/Build/Intermediates.noindex/Pods.build/Debug-iphonesimulator/react-native-slider.build/react-native-slider-all-non-framework-target-headers.hmap -ivfsoverlay /Users/karelbraborec/Library/Developer/Xcode/DerivedData/revmeter-hbcnswmlqmbpnlazhhkncgeowiss/Build/Intermediates.noindex/Pods.build/Debug-iphonesimulator/Pods-8699adb1dd336b26511df848a716bd42-VFS-iphonesimulator/all-product-headers.yaml -iquote /Users/karelbraborec/Library/Developer/Xcode/DerivedData/revmeter-hbcnswmlqmbpnlazhhkncgeowiss/Build/Intermediates.noindex/Pods.build/Debug-iphonesimulator/react-native-slider.build/react-native-slider-project-headers.hmap -I/Users/karelbraborec/Library/Developer/Xcode/DerivedData/revmeter-hbcnswmlqmbpnlazhhkncgeowiss/Build/Products/Debug-iphonesimulator/react-native-slider/include -I/Users/karelbraborec/rev-meter/ios/Pods/Headers/Private -I/Users/karelbraborec/rev-meter/ios/Pods/Headers/Private/react-native-slider -I/Users/karelbraborec/rev-meter/ios/Pods/Headers/Public -I/Users/karelbraborec/rev-meter/ios/Pods/Headers/Public/FBLazyVector -I/Users/karelbraborec/rev-meter/ios/Pods/Headers/Public/RCTDeprecation -I/Users/karelbraborec/rev-meter/ios/Pods/Headers/Public/RCTRequired -I/Users/karelbraborec/rev-meter/ios/Pods/Headers/Public/RCTSwiftUIWrapper -I/Users/karelbraborec/rev-meter/ios/Pods/Headers/Public/RCTTypeSafety -I/Users/karelbraborec/rev-meter/ios/Pods/Headers/Public/React-Core -I/Users/karelbraborec/rev-meter/ios/Pods/Headers/Public/React-Core-prebuilt -I/Users/karelbraborec/rev-meter/ios/Pods/Headers/Public/React-CoreModules -I/Users/karelbraborec/rev-meter/ios/Pods/Headers/Public/React-Fabric -I/Users/karelbraborec/rev-meter/ios/Pods/Headers/Public/React-FabricComponents -I/Users/karelbraborec/rev-meter/ios/Pods/Headers/Public/React-FabricImage -I/Users/karelbraborec/rev-meter/ios/Pods/Headers/Public/React-ImageManager -I/Users/karelbraborec/rev-meter/ios/Pods/Headers/Public/React-Mapbuffer -I/Users/karelbraborec/rev-meter/ios/Pods/Headers/Public/React-NativeModulesApple -I/Users/karelbraborec/rev-meter/ios/Pods/Headers/Public/React-RCTAnimation -I/Users/karelbraborec/rev-meter/ios/Pods/Headers/Public/React-RCTAppDelegate -I/Users/karelbraborec/rev-meter/ios/Pods/Headers/Public/React-RCTBlob -I/Users/karelbraborec/rev-meter/ios/Pods/Headers/Public/React-RCTFBReactNativeSpec -I/Users/karelbraborec/rev-meter/ios/Pods/Headers/Public/React-RCTFabric -I/Users/karelbraborec/rev-meter/ios/Pods/Headers/Public/React-RCTImage -I/Users/karelbraborec/rev-meter/ios/Pods/Headers/Public/React-RCTRuntime -I/Users/karelbraborec/rev-meter/ios/Pods/Headers/Public/React-RCTText -I/Users/karelbraborec/rev-meter/ios/Pods/Headers/Public/React-RuntimeApple -I/Users/karelbraborec/rev-meter/ios/Pods/Headers/Public/React-RuntimeCore -I/Users/karelbraborec/rev-meter/ios/Pods/Headers/Public/React-RuntimeHermes -I/Users/karelbraborec/rev-meter/ios/Pods/Headers/Public/React-callinvoker -I/Users/karelbraborec/rev-meter/ios/Pods/Headers/Public/React-cxxreact -I/Users/karelbraborec/rev-meter/ios/Pods/Headers/Public/React-debug -I/Users/karelbraborec/rev-meter/ios/Pods/Headers/Public/React-defaultsnativemodule -I/Users/karelbraborec/rev-meter/ios/Pods/Headers/Public/React-domnativemodule -I/Users/karelbraborec/rev-meter/ios/Pods/Headers/Public/React-featureflags -I/Users/karelbraborec/rev-meter/ios/Pods/Headers/Public/React-featureflagsnativemodule -I/Users/karelbraborec/rev-meter/ios/Pods/Headers/Public/React-graphics -I/Users/karelbraborec/rev-meter/ios/Pods/Headers/Public/React-hermes -I/Users/karelbraborec/rev-meter/ios/Pods/Headers/Public/React-idlecallbacksnativemodule -I/Users/karelbraborec/rev-meter/ios/Pods/Headers/Public/React-intersectionobservernativemodule -I/Users/karelbraborec/rev-meter/ios/Pods/Headers/Public/React-jserrorhandler -I/Users/karelbraborec/rev-meter/ios/Pods/Headers/Public/React-jsi -I/Users/karelbraborec/rev-meter/ios/Pods/Headers/Public/React-jsiexecutor -I/Users/karelbraborec/rev-meter/ios/Pods/Headers/Public/React-jsinspector -I/Users/karelbraborec/rev-meter/ios/Pods/Headers/Public/React-jsinspectorcdp -I/Users/karelbraborec/rev-meter/ios/Pods/Headers/Public/React-jsinspectornetwork -I/Users/karelbraborec/rev-meter/ios/Pods/Headers/Public/React-jsinspectortracing -I/Users/karelbraborec/rev-meter/ios/Pods/Headers/Public/React-jsitooling -I/Users/karelbraborec/rev-meter/ios/Pods/Headers/Public/React-logger -I/Users/karelbraborec/rev-meter/ios/Pods/Headers/Public/React-microtasksnativemodule -I/Users/karelbraborec/rev-meter/ios/Pods/Headers/Public/React-mutationobservernativemodule -I/Users/karelbraborec/rev-meter/ios/Pods/Headers/Public/React-networking -I/Users/karelbraborec/rev-meter/ios/Pods/Headers/Public/React-oscompat -I/Users/karelbraborec/rev-meter/ios/Pods/Headers/Public/React-perflogger -I/Users/karelbraborec/rev-meter/ios/Pods/Headers/Public/React-performancecdpmetrics -I/Users/karelbraborec/rev-meter/ios/Pods/Headers/Public/React-performancetimeline -I/Users/karelbraborec/rev-meter/ios/Pods/Headers/Public/React-rendererconsistency -I/Users/karelbraborec/rev-meter/ios/Pods/Headers/Public/React-renderercss -I/Users/karelbraborec/rev-meter/ios/Pods/Headers/Public/React-rendererdebug -I/Users/karelbraborec/rev-meter/ios/Pods/Headers/Public/React-runtimeexecutor -I/Users/karelbraborec/rev-meter/ios/Pods/Headers/Public/React-runtimescheduler -I/Users/karelbraborec/rev-meter/ios/Pods/Headers/Public/React-timing -I/Users/karelbraborec/rev-meter/ios/Pods/Headers/Public/React-utils -I/Users/karelbraborec/rev-meter/ios/Pods/Headers/Public/React-viewtransitionnativemodule -I/Users/karelbraborec/rev-meter/ios/Pods/Headers/Public/React-webperformancenativemodule -I/Users/karelbraborec/rev-meter/ios/Pods/Headers/Public/ReactCodegen -I/Users/karelbraborec/rev-meter/ios/Pods/Headers/Public/ReactCommon -I/Users/karelbraborec/rev-meter/ios/Pods/Headers/Public/ReactNativeDependencies -I/Users/karelbraborec/rev-meter/ios/Pods/Headers/Public/Yoga -I/Users/karelbraborec/rev-meter/ios/Pods/Headers/Public/hermes-engine -I/Users/karelbraborec/rev-meter/ios/Pods/Headers/Public/react-native-slider -I/Users/karelbraborec/rev-meter/ios/Pods/Headers/Private/Yoga -I/Users/karelbraborec/rev-meter/ios/Pods/Headers/Private/Yoga -I/Users/karelbraborec/rev-meter/node_modules/@react-native-community/slider/common/cpp -I/Users/karelbraborec/rev-meter/ios/Pods/ExpoModulesCore/ExpoModulesCore.xcframework/ios-arm64_x86_64-simulator/ExpoModulesCore.framework/Headers -I/Users/karelbraborec/rev-meter/ios/Pods/ExpoModulesCore/ExpoModulesCore.xcframework/ios-arm64/ExpoModulesCore.framework/Headers -I/Users/karelbraborec/rev-meter/ios/Pods/ExpoModulesCore/ExpoModulesCore.xcframework/ios-arm64_x86_64-simulator/ExpoModulesCore.framework/Headers -I/Users/karelbraborec/rev-meter/ios/Pods/ExpoModulesCore/ExpoModulesCore.xcframework/ios-arm64/ExpoModulesCore.framework/Headers -I/Users/karelbraborec/Library/Developer/Xcode/DerivedData/revmeter-hbcnswmlqmbpnlazhhkncgeowiss/Build/Intermediates.noindex/Pods.build/Debug-iphonesimulator/react-native-slider.build/DerivedSources-normal/arm64 -I/Users/karelbraborec/Library/Developer/Xcode/DerivedData/revmeter-hbcnswmlqmbpnlazhhkncgeowiss/Build/Intermediates.noindex/Pods.build/Debug-iphonesimulator/react-native-slider.build/DerivedSources/arm64 -I/Users/karelbraborec/Library/Developer/Xcode/DerivedData/revmeter-hbcnswmlqmbpnlazhhkncgeowiss/Build/Intermediates.noindex/Pods.build/Debug-iphonesimulator/react-native-slider.build/DerivedSources -F/Users/karelbraborec/Library/Developer/Xcode/DerivedData/revmeter-hbcnswmlqmbpnlazhhkncgeowiss/Build/Products/Debug-iphonesimulator/react-native-slider -F/Users/karelbraborec/rev-meter/ios/Pods/React-Core-prebuilt -F/Users/karelbraborec/rev-meter/ios/Pods/ReactNativeDependencies/framework/packages/react-native -F/Users/karelbraborec/rev-meter/ios/Pods/hermes-engine/destroot/Library/Frameworks/universal -F/Users/karelbraborec/Library/Developer/Xcode/DerivedData/revmeter-hbcnswmlqmbpnlazhhkncgeowiss/Build/Products/Debug-iphonesimulator/XCFrameworkIntermediates/React-Core-prebuilt -F/Users/karelbraborec/Library/Developer/Xcode/DerivedData/revmeter-hbcnswmlqmbpnlazhhkncgeowiss/Build/Products/Debug-iphonesimulator/XCFrameworkIntermediates/ReactNativeDependencies -F/Users/karelbraborec/Library/Developer/Xcode/DerivedData/revmeter-hbcnswmlqmbpnlazhhkncgeowiss/Build/Products/Debug-iphonesimulator/XCFrameworkIntermediates/hermes-engine/Pre-built '-DRCT_REMOVE_LEGACY_ARCH=1' '-fmodule-map-file=/Users/karelbraborec/rev-meter/ios/Pods/Headers/Public/ReactCodegen/ReactCodegen.modulemap' '-DRCT_REMOVE_LEGACY_ARCH=1' -ivfsoverlay /Users/karelbraborec/rev-meter/ios/Pods/React-Core-prebuilt/React-VFS.yaml '-DRCT_REMOVE_LEGACY_ARCH=1' '-DRCT_NEW_ARCH_ENABLED=1' -ivfsoverlay /Users/karelbraborec/rev-meter/ios/Pods/React-Core-prebuilt/React-VFS.yaml

WriteAuxiliaryFile /Users/karelbraborec/Library/Developer/Xcode/DerivedData/revmeter-hbcnswmlqmbpnlazhhkncgeowiss/Build/Intermediates.noindex/Pods.build/Debug-iphonesimulator/react-native-safe-area-context.build/react-native-safe-area-context.hmap (in target 'react-native-safe-area-context' from project 'Pods')
    cd /Users/karelbraborec/rev-meter/ios/Pods
    write-file /Users/karelbraborec/Library/Developer/Xcode/DerivedData/revmeter-hbcnswmlqmbpnlazhhkncgeowiss/Build/Intermediates.noindex/Pods.build/Debug-iphonesimulator/react-native-safe-area-context.build/react-native-safe-area-context.hmap

WriteAuxiliaryFile /Users/karelbraborec/Library/Developer/Xcode/DerivedData/revmeter-hbcnswmlqmbpnlazhhkncgeowiss/Build/Intermediates.noindex/Pods.build/Debug-iphonesimulator/react-native-safe-area-context.build/react-native-safe-area-context.DependencyStaticMetadataFileList (in target 'react-native-safe-area-context' from project 'Pods')
    cd /Users/karelbraborec/rev-meter/ios/Pods
    write-file /Users/karelbraborec/Library/Developer/Xcode/DerivedData/revmeter-hbcnswmlqmbpnlazhhkncgeowiss/Build/Intermediates.noindex/Pods.build/Debug-iphonesimulator/react-native-safe-area-context.build/react-native-safe-area-context.DependencyStaticMetadataFileList

WriteAuxiliaryFile /Users/karelbraborec/Library/Developer/Xcode/DerivedData/revmeter-hbcnswmlqmbpnlazhhkncgeowiss/Build/Intermediates.noindex/Pods.build/Debug-iphonesimulator/react-native-safe-area-context.build/react-native-safe-area-context.DependencyMetadataFileList (in target 'react-native-safe-area-context' from project 'Pods')
    cd /Users/karelbraborec/rev-meter/ios/Pods
    write-file /Users/karelbraborec/Library/Developer/Xcode/DerivedData/revmeter-hbcnswmlqmbpnlazhhkncgeowiss/Build/Intermediates.noindex/Pods.build/Debug-iphonesimulator/react-native-safe-area-context.build/react-native-safe-area-context.DependencyMetadataFileList

WriteAuxiliaryFile /Users/karelbraborec/Library/Developer/Xcode/DerivedData/revmeter-hbcnswmlqmbpnlazhhkncgeowiss/Build/Intermediates.noindex/Pods.build/Debug-iphonesimulator/react-native-safe-area-context.build/react-native-safe-area-context-project-headers.hmap (in target 'react-native-safe-area-context' from project 'Pods')
    cd /Users/karelbraborec/rev-meter/ios/Pods
    write-file /Users/karelbraborec/Library/Developer/Xcode/DerivedData/revmeter-hbcnswmlqmbpnlazhhkncgeowiss/Build/Intermediates.noindex/Pods.build/Debug-iphonesimulator/react-native-safe-area-context.build/react-native-safe-area-context-project-headers.hmap

WriteAuxiliaryFile /Users/karelbraborec/Library/Developer/Xcode/DerivedData/revmeter-hbcnswmlqmbpnlazhhkncgeowiss/Build/Intermediates.noindex/Pods.build/Debug-iphonesimulator/react-native-safe-area-context.build/react-native-safe-area-context-own-target-headers.hmap (in target 'react-native-safe-area-context' from project 'Pods')
    cd /Users/karelbraborec/rev-meter/ios/Pods
    write-file /Users/karelbraborec/Library/Developer/Xcode/DerivedData/revmeter-hbcnswmlqmbpnlazhhkncgeowiss/Build/Intermediates.noindex/Pods.build/Debug-iphonesimulator/react-native-safe-area-context.build/react-native-safe-area-context-own-target-headers.hmap

WriteAuxiliaryFile /Users/karelbraborec/Library/Developer/Xcode/DerivedData/revmeter-hbcnswmlqmbpnlazhhkncgeowiss/Build/Intermediates.noindex/Pods.build/Debug-iphonesimulator/react-native-safe-area-context.build/react-native-safe-area-context-generated-files.hmap (in target 'react-native-safe-area-context' from project 'Pods')
    cd /Users/karelbraborec/rev-meter/ios/Pods
    write-file /Users/karelbraborec/Library/Developer/Xcode/DerivedData/revmeter-hbcnswmlqmbpnlazhhkncgeowiss/Build/Intermediates.noindex/Pods.build/Debug-iphonesimulator/react-native-safe-area-context.build/react-native-safe-area-context-generated-files.hmap

WriteAuxiliaryFile /Users/karelbraborec/Library/Developer/Xcode/DerivedData/revmeter-hbcnswmlqmbpnlazhhkncgeowiss/Build/Intermediates.noindex/Pods.build/Debug-iphonesimulator/react-native-safe-area-context.build/react-native-safe-area-context-all-target-headers.hmap (in target 'react-native-safe-area-context' from project 'Pods')
    cd /Users/karelbraborec/rev-meter/ios/Pods
    write-file /Users/karelbraborec/Library/Developer/Xcode/DerivedData/revmeter-hbcnswmlqmbpnlazhhkncgeowiss/Build/Intermediates.noindex/Pods.build/Debug-iphonesimulator/react-native-safe-area-context.build/react-native-safe-area-context-all-target-headers.hmap

WriteAuxiliaryFile /Users/karelbraborec/Library/Developer/Xcode/DerivedData/revmeter-hbcnswmlqmbpnlazhhkncgeowiss/Build/Intermediates.noindex/Pods.build/Debug-iphonesimulator/react-native-safe-area-context.build/react-native-safe-area-context-all-non-framework-target-headers.hmap (in target 'react-native-safe-area-context' from project 'Pods')
    cd /Users/karelbraborec/rev-meter/ios/Pods
    write-file /Users/karelbraborec/Library/Developer/Xcode/DerivedData/revmeter-hbcnswmlqmbpnlazhhkncgeowiss/Build/Intermediates.noindex/Pods.build/Debug-iphonesimulator/react-native-safe-area-context.build/react-native-safe-area-context-all-non-framework-target-headers.hmap

WriteAuxiliaryFile /Users/karelbraborec/Library/Developer/Xcode/DerivedData/revmeter-hbcnswmlqmbpnlazhhkncgeowiss/Build/Intermediates.noindex/Pods.build/Debug-iphonesimulator/react-native-safe-area-context.build/Objects-normal/x86_64/react-native-safe-area-context.LinkFileList (in target 'react-native-safe-area-context' from project 'Pods')
    cd /Users/karelbraborec/rev-meter/ios/Pods
    write-file /Users/karelbraborec/Library/Developer/Xcode/DerivedData/revmeter-hbcnswmlqmbpnlazhhkncgeowiss/Build/Intermediates.noindex/Pods.build/Debug-iphonesimulator/react-native-safe-area-context.build/Objects-normal/x86_64/react-native-safe-area-context.LinkFileList

WriteAuxiliaryFile /Users/karelbraborec/Library/Developer/Xcode/DerivedData/revmeter-hbcnswmlqmbpnlazhhkncgeowiss/Build/Intermediates.noindex/Pods.build/Debug-iphonesimulator/react-native-safe-area-context.build/Objects-normal/x86_64/e6072d4f65d7061329687fe24e3d63a7-common-args.resp (in target 'react-native-safe-area-context' from project 'Pods')
    cd /Users/karelbraborec/rev-meter/ios/Pods
    write-file /Users/karelbraborec/Library/Developer/Xcode/DerivedData/revmeter-hbcnswmlqmbpnlazhhkncgeowiss/Build/Intermediates.noindex/Pods.build/Debug-iphonesimulator/react-native-safe-area-context.build/Objects-normal/x86_64/e6072d4f65d7061329687fe24e3d63a7-common-args.resp
'-std=gnu11' -fobjc-arc -fmodules '-fmodules-cache-path=/Users/karelbraborec/Library/Developer/Xcode/DerivedData/ModuleCache.noindex' -fpascal-strings -O0 -fno-common '-DPOD_CONFIGURATION_DEBUG=1' '-DDEBUG=1' '-DCOCOAPODS=1' '-DOBJC_OLD_DISPATCH_PROTOTYPES=0' -fasm-blocks -g '-fobjc-abi-version=2' -fobjc-legacy-dispatch -iquote /Users/karelbraborec/Library/Developer/Xcode/DerivedData/revmeter-hbcnswmlqmbpnlazhhkncgeowiss/Build/Intermediates.noindex/Pods.build/Debug-iphonesimulator/react-native-safe-area-context.build/react-native-safe-area-context-generated-files.hmap -I/Users/karelbraborec/Library/Developer/Xcode/DerivedData/revmeter-hbcnswmlqmbpnlazhhkncgeowiss/Build/Intermediates.noindex/Pods.build/Debug-iphonesimulator/react-native-safe-area-context.build/react-native-safe-area-context-own-target-headers.hmap -I/Users/karelbraborec/Library/Developer/Xcode/DerivedData/revmeter-hbcnswmlqmbpnlazhhkncgeowiss/Build/Intermediates.noindex/Pods.build/Debug-iphonesimulator/react-native-safe-area-context.build/react-native-safe-area-context-all-non-framework-target-headers.hmap -ivfsoverlay /Users/karelbraborec/Library/Developer/Xcode/DerivedData/revmeter-hbcnswmlqmbpnlazhhkncgeowiss/Build/Intermediates.noindex/Pods.build/Debug-iphonesimulator/Pods-8699adb1dd336b26511df848a716bd42-VFS-iphonesimulator/all-product-headers.yaml -iquote /Users/karelbraborec/Library/Developer/Xcode/DerivedData/revmeter-hbcnswmlqmbpnlazhhkncgeowiss/Build/Intermediates.noindex/Pods.build/Debug-iphonesimulator/react-native-safe-area-context.build/react-native-safe-area-context-project-headers.hmap -I/Users/karelbraborec/Library/Developer/Xcode/DerivedData/revmeter-hbcnswmlqmbpnlazhhkncgeowiss/Build/Products/Debug-iphonesimulator/react-native-safe-area-context/include -I/Users/karelbraborec/rev-meter/ios/Pods/Headers/Private -I/Users/karelbraborec/rev-meter/ios/Pods/Headers/Private/react-native-safe-area-context -I/Users/karelbraborec/rev-meter/ios/Pods/Headers/Public -I/Users/karelbraborec/rev-meter/ios/Pods/Headers/Public/FBLazyVector -I/Users/karelbraborec/rev-meter/ios/Pods/Headers/Public/RCTDeprecation -I/Users/karelbraborec/rev-meter/ios/Pods/Headers/Public/RCTRequired -I/Users/karelbraborec/rev-meter/ios/Pods/Headers/Public/RCTSwiftUIWrapper -I/Users/karelbraborec/rev-meter/ios/Pods/Headers/Public/RCTTypeSafety -I/Users/karelbraborec/rev-meter/ios/Pods/Headers/Public/React-Core -I/Users/karelbraborec/rev-meter/ios/Pods/Headers/Public/React-Core-prebuilt -I/Users/karelbraborec/rev-meter/ios/Pods/Headers/Public/React-CoreModules -I/Users/karelbraborec/rev-meter/ios/Pods/Headers/Public/React-Fabric -I/Users/karelbraborec/rev-meter/ios/Pods/Headers/Public/React-FabricComponents -I/Users/karelbraborec/rev-meter/ios/Pods/Headers/Public/React-FabricImage -I/Users/karelbraborec/rev-meter/ios/Pods/Headers/Public/React-ImageManager -I/Users/karelbraborec/rev-meter/ios/Pods/Headers/Public/React-Mapbuffer -I/Users/karelbraborec/rev-meter/ios/Pods/Headers/Public/React-NativeModulesApple -I/Users/karelbraborec/rev-meter/ios/Pods/Headers/Public/React-RCTAnimation -I/Users/karelbraborec/rev-meter/ios/Pods/Headers/Public/React-RCTAppDelegate -I/Users/karelbraborec/rev-meter/ios/Pods/Headers/Public/React-RCTBlob -I/Users/karelbraborec/rev-meter/ios/Pods/Headers/Public/React-RCTFBReactNativeSpec -I/Users/karelbraborec/rev-meter/ios/Pods/Headers/Public/React-RCTFabric -I/Users/karelbraborec/rev-meter/ios/Pods/Headers/Public/React-RCTImage -I/Users/karelbraborec/rev-meter/ios/Pods/Headers/Public/React-RCTRuntime -I/Users/karelbraborec/rev-meter/ios/Pods/Headers/Public/React-RCTText -I/Users/karelbraborec/rev-meter/ios/Pods/Headers/Public/React-RuntimeApple -I/Users/karelbraborec/rev-meter/ios/Pods/Headers/Public/React-RuntimeCore -I/Users/karelbraborec/rev-meter/ios/Pods/Headers/Public/React-RuntimeHermes -I/Users/karelbraborec/rev-meter/ios/Pods/Headers/Public/React-callinvoker -I/Users/karelbraborec/rev-meter/ios/Pods/Headers/Public/React-cxxreact -I/Users/karelbraborec/rev-meter/ios/Pods/Headers/Public/React-debug -I/Users/karelbraborec/rev-meter/ios/Pods/Headers/Public/React-defaultsnativemodule -I/Users/karelbraborec/rev-meter/ios/Pods/Headers/Public/React-domnativemodule -I/Users/karelbraborec/rev-meter/ios/Pods/Headers/Public/React-featureflags -I/Users/karelbraborec/rev-meter/ios/Pods/Headers/Public/React-featureflagsnativemodule -I/Users/karelbraborec/rev-meter/ios/Pods/Headers/Public/React-graphics -I/Users/karelbraborec/rev-meter/ios/Pods/Headers/Public/React-hermes -I/Users/karelbraborec/rev-meter/ios/Pods/Headers/Public/React-idlecallbacksnativemodule -I/Users/karelbraborec/rev-meter/ios/Pods/Headers/Public/React-intersectionobservernativemodule -I/Users/karelbraborec/rev-meter/ios/Pods/Headers/Public/React-jserrorhandler -I/Users/karelbraborec/rev-meter/ios/Pods/Headers/Public/React-jsi -I/Users/karelbraborec/rev-meter/ios/Pods/Headers/Public/React-jsiexecutor -I/Users/karelbraborec/rev-meter/ios/Pods/Headers/Public/React-jsinspector -I/Users/karelbraborec/rev-meter/ios/Pods/Headers/Public/React-jsinspectorcdp -I/Users/karelbraborec/rev-meter/ios/Pods/Headers/Public/React-jsinspectornetwork -I/Users/karelbraborec/rev-meter/ios/Pods/Headers/Public/React-jsinspectortracing -I/Users/karelbraborec/rev-meter/ios/Pods/Headers/Public/React-jsitooling -I/Users/karelbraborec/rev-meter/ios/Pods/Headers/Public/React-logger -I/Users/karelbraborec/rev-meter/ios/Pods/Headers/Public/React-microtasksnativemodule -I/Users/karelbraborec/rev-meter/ios/Pods/Headers/Public/React-mutationobservernativemodule -I/Users/karelbraborec/rev-meter/ios/Pods/Headers/Public/React-networking -I/Users/karelbraborec/rev-meter/ios/Pods/Headers/Public/React-oscompat -I/Users/karelbraborec/rev-meter/ios/Pods/Headers/Public/React-perflogger -I/Users/karelbraborec/rev-meter/ios/Pods/Headers/Public/React-performancecdpmetrics -I/Users/karelbraborec/rev-meter/ios/Pods/Headers/Public/React-performancetimeline -I/Users/karelbraborec/rev-meter/ios/Pods/Headers/Public/React-rendererconsistency -I/Users/karelbraborec/rev-meter/ios/Pods/Headers/Public/React-renderercss -I/Users/karelbraborec/rev-meter/ios/Pods/Headers/Public/React-rendererdebug -I/Users/karelbraborec/rev-meter/ios/Pods/Headers/Public/React-runtimeexecutor -I/Users/karelbraborec/rev-meter/ios/Pods/Headers/Public/React-runtimescheduler -I/Users/karelbraborec/rev-meter/ios/Pods/Headers/Public/React-timing -I/Users/karelbraborec/rev-meter/ios/Pods/Headers/Public/React-utils -I/Users/karelbraborec/rev-meter/ios/Pods/Headers/Public/React-viewtransitionnativemodule -I/Users/karelbraborec/rev-meter/ios/Pods/Headers/Public/React-webperformancenativemodule -I/Users/karelbraborec/rev-meter/ios/Pods/Headers/Public/ReactCodegen -I/Users/karelbraborec/rev-meter/ios/Pods/Headers/Public/ReactCommon -I/Users/karelbraborec/rev-meter/ios/Pods/Headers/Public/ReactNativeDependencies -I/Users/karelbraborec/rev-meter/ios/Pods/Headers/Public/Yoga -I/Users/karelbraborec/rev-meter/ios/Pods/Headers/Public/hermes-engine -I/Users/karelbraborec/rev-meter/ios/Pods/Headers/Public/react-native-safe-area-context -I/Users/karelbraborec/rev-meter/ios/Pods/Headers/Private/Yoga -I/Users/karelbraborec/rev-meter/ios/Pods/Headers/Private/Yoga -I/Users/karelbraborec/rev-meter/node_modules/react-native-safe-area-context/common/cpp -I/Users/karelbraborec/rev-meter/ios/Pods/ExpoModulesCore/ExpoModulesCore.xcframework/ios-arm64_x86_64-simulator/ExpoModulesCore.framework/Headers -I/Users/karelbraborec/rev-meter/ios/Pods/ExpoModulesCore/ExpoModulesCore.xcframework/ios-arm64/ExpoModulesCore.framework/Headers -I/Users/karelbraborec/rev-meter/ios/Pods/ExpoModulesCore/ExpoModulesCore.xcframework/ios-arm64_x86_64-simulator/ExpoModulesCore.framework/Headers -I/Users/karelbraborec/rev-meter/ios/Pods/ExpoModulesCore/ExpoModulesCore.xcframework/ios-arm64/ExpoModulesCore.framework/Headers -I/Users/karelbraborec/Library/Developer/Xcode/DerivedData/revmeter-hbcnswmlqmbpnlazhhkncgeowiss/Build/Intermediates.noindex/Pods.build/Debug-iphonesimulator/react-native-safe-area-context.build/DerivedSources-normal/x86_64 -I/Users/karelbraborec/Library/Developer/Xcode/DerivedData/revmeter-hbcnswmlqmbpnlazhhkncgeowiss/Build/Intermediates.noindex/Pods.build/Debug-iphonesimulator/react-native-safe-area-context.build/DerivedSources/x86_64 -I/Users/karelbraborec/Library/Developer/Xcode/DerivedData/revmeter-hbcnswmlqmbpnlazhhkncgeowiss/Build/Intermediates.noindex/Pods.build/Debug-iphonesimulator/react-native-safe-area-context.build/DerivedSources -F/Users/karelbraborec/Library/Developer/Xcode/DerivedData/revmeter-hbcnswmlqmbpnlazhhkncgeowiss/Build/Products/Debug-iphonesimulator/react-native-safe-area-context -F/Users/karelbraborec/rev-meter/ios/Pods/React-Core-prebuilt -F/Users/karelbraborec/rev-meter/ios/Pods/ReactNativeDependencies/framework/packages/react-native -F/Users/karelbraborec/rev-meter/ios/Pods/hermes-engine/destroot/Library/Frameworks/universal -F/Users/karelbraborec/Library/Developer/Xcode/DerivedData/revmeter-hbcnswmlqmbpnlazhhkncgeowiss/Build/Products/Debug-iphonesimulator/XCFrameworkIntermediates/React-Core-prebuilt -F/Users/karelbraborec/Library/Developer/Xcode/DerivedData/revmeter-hbcnswmlqmbpnlazhhkncgeowiss/Build/Products/Debug-iphonesimulator/XCFrameworkIntermediates/ReactNativeDependencies -F/Users/karelbraborec/Library/Developer/Xcode/DerivedData/revmeter-hbcnswmlqmbpnlazhhkncgeowiss/Build/Products/Debug-iphonesimulator/XCFrameworkIntermediates/hermes-engine/Pre-built '-DRCT_REMOVE_LEGACY_ARCH=1' '-fmodule-map-file=/Users/karelbraborec/rev-meter/ios/Pods/Headers/Public/ReactCodegen/ReactCodegen.modulemap' '-DRCT_REMOVE_LEGACY_ARCH=1' -ivfsoverlay /Users/karelbraborec/rev-meter/ios/Pods/React-Core-prebuilt/React-VFS.yaml

WriteAuxiliaryFile /Users/karelbraborec/Library/Developer/Xcode/DerivedData/revmeter-hbcnswmlqmbpnlazhhkncgeowiss/Build/Intermediates.noindex/Pods.build/Debug-iphonesimulator/react-native-safe-area-context.build/Objects-normal/x86_64/af3fcb34312c57c0f52879cdce924b91-common-args.resp (in target 'react-native-safe-area-context' from project 'Pods')
    cd /Users/karelbraborec/rev-meter/ios/Pods
    write-file /Users/karelbraborec/Library/Developer/Xcode/DerivedData/revmeter-hbcnswmlqmbpnlazhhkncgeowiss/Build/Intermediates.noindex/Pods.build/Debug-iphonesimulator/react-native-safe-area-context.build/Objects-normal/x86_64/af3fcb34312c57c0f52879cdce924b91-common-args.resp
'-std=c++20' '-stdlib=libc++' -fobjc-arc -fmodules -fno-cxx-modules '-fmodules-cache-path=/Users/karelbraborec/Library/Developer/Xcode/DerivedData/ModuleCache.noindex' '-D_LIBCPP_HARDENING_MODE=_LIBCPP_HARDENING_MODE_DEBUG' -fpascal-strings -O0 -fno-common '-DPOD_CONFIGURATION_DEBUG=1' '-DDEBUG=1' '-DCOCOAPODS=1' '-DOBJC_OLD_DISPATCH_PROTOTYPES=0' -fasm-blocks -g '-fobjc-abi-version=2' -fobjc-legacy-dispatch -iquote /Users/karelbraborec/Library/Developer/Xcode/DerivedData/revmeter-hbcnswmlqmbpnlazhhkncgeowiss/Build/Intermediates.noindex/Pods.build/Debug-iphonesimulator/react-native-safe-area-context.build/react-native-safe-area-context-generated-files.hmap -I/Users/karelbraborec/Library/Developer/Xcode/DerivedData/revmeter-hbcnswmlqmbpnlazhhkncgeowiss/Build/Intermediates.noindex/Pods.build/Debug-iphonesimulator/react-native-safe-area-context.build/react-native-safe-area-context-own-target-headers.hmap -I/Users/karelbraborec/Library/Developer/Xcode/DerivedData/revmeter-hbcnswmlqmbpnlazhhkncgeowiss/Build/Intermediates.noindex/Pods.build/Debug-iphonesimulator/react-native-safe-area-context.build/react-native-safe-area-context-all-non-framework-target-headers.hmap -ivfsoverlay /Users/karelbraborec/Library/Developer/Xcode/DerivedData/revmeter-hbcnswmlqmbpnlazhhkncgeowiss/Build/Intermediates.noindex/Pods.build/Debug-iphonesimulator/Pods-8699adb1dd336b26511df848a716bd42-VFS-iphonesimulator/all-product-headers.yaml -iquote /Users/karelbraborec/Library/Developer/Xcode/DerivedData/revmeter-hbcnswmlqmbpnlazhhkncgeowiss/Build/Intermediates.noindex/Pods.build/Debug-iphonesimulator/react-native-safe-area-context.build/react-native-safe-area-context-project-headers.hmap -I/Users/karelbraborec/Library/Developer/Xcode/DerivedData/revmeter-hbcnswmlqmbpnlazhhkncgeowiss/Build/Products/Debug-iphonesimulator/react-native-safe-area-context/include -I/Users/karelbraborec/rev-meter/ios/Pods/Headers/Private -I/Users/karelbraborec/rev-meter/ios/Pods/Headers/Private/react-native-safe-area-context -I/Users/karelbraborec/rev-meter/ios/Pods/Headers/Public -I/Users/karelbraborec/rev-meter/ios/Pods/Headers/Public/FBLazyVector -I/Users/karelbraborec/rev-meter/ios/Pods/Headers/Public/RCTDeprecation -I/Users/karelbraborec/rev-meter/ios/Pods/Headers/Public/RCTRequired -I/Users/karelbraborec/rev-meter/ios/Pods/Headers/Public/RCTSwiftUIWrapper -I/Users/karelbraborec/rev-meter/ios/Pods/Headers/Public/RCTTypeSafety -I/Users/karelbraborec/rev-meter/ios/Pods/Headers/Public/React-Core -I/Users/karelbraborec/rev-meter/ios/Pods/Headers/Public/React-Core-prebuilt -I/Users/karelbraborec/rev-meter/ios/Pods/Headers/Public/React-CoreModules -I/Users/karelbraborec/rev-meter/ios/Pods/Headers/Public/React-Fabric -I/Users/karelbraborec/rev-meter/ios/Pods/Headers/Public/React-FabricComponents -I/Users/karelbraborec/rev-meter/ios/Pods/Headers/Public/React-FabricImage -I/Users/karelbraborec/rev-meter/ios/Pods/Headers/Public/React-ImageManager -I/Users/karelbraborec/rev-meter/ios/Pods/Headers/Public/React-Mapbuffer -I/Users/karelbraborec/rev-meter/ios/Pods/Headers/Public/React-NativeModulesApple -I/Users/karelbraborec/rev-meter/ios/Pods/Headers/Public/React-RCTAnimation -I/Users/karelbraborec/rev-meter/ios/Pods/Headers/Public/React-RCTAppDelegate -I/Users/karelbraborec/rev-meter/ios/Pods/Headers/Public/React-RCTBlob -I/Users/karelbraborec/rev-meter/ios/Pods/Headers/Public/React-RCTFBReactNativeSpec -I/Users/karelbraborec/rev-meter/ios/Pods/Headers/Public/React-RCTFabric -I/Users/karelbraborec/rev-meter/ios/Pods/Headers/Public/React-RCTImage -I/Users/karelbraborec/rev-meter/ios/Pods/Headers/Public/React-RCTRuntime -I/Users/karelbraborec/rev-meter/ios/Pods/Headers/Public/React-RCTText -I/Users/karelbraborec/rev-meter/ios/Pods/Headers/Public/React-RuntimeApple -I/Users/karelbraborec/rev-meter/ios/Pods/Headers/Public/React-RuntimeCore -I/Users/karelbraborec/rev-meter/ios/Pods/Headers/Public/React-RuntimeHermes -I/Users/karelbraborec/rev-meter/ios/Pods/Headers/Public/React-callinvoker -I/Users/karelbraborec/rev-meter/ios/Pods/Headers/Public/React-cxxreact -I/Users/karelbraborec/rev-meter/ios/Pods/Headers/Public/React-debug -I/Users/karelbraborec/rev-meter/ios/Pods/Headers/Public/React-defaultsnativemodule -I/Users/karelbraborec/rev-meter/ios/Pods/Headers/Public/React-domnativemodule -I/Users/karelbraborec/rev-meter/ios/Pods/Headers/Public/React-featureflags -I/Users/karelbraborec/rev-meter/ios/Pods/Headers/Public/React-featureflagsnativemodule -I/Users/karelbraborec/rev-meter/ios/Pods/Headers/Public/React-graphics -I/Users/karelbraborec/rev-meter/ios/Pods/Headers/Public/React-hermes -I/Users/karelbraborec/rev-meter/ios/Pods/Headers/Public/React-idlecallbacksnativemodule -I/Users/karelbraborec/rev-meter/ios/Pods/Headers/Public/React-intersectionobservernativemodule -I/Users/karelbraborec/rev-meter/ios/Pods/Headers/Public/React-jserrorhandler -I/Users/karelbraborec/rev-meter/ios/Pods/Headers/Public/React-jsi -I/Users/karelbraborec/rev-meter/ios/Pods/Headers/Public/React-jsiexecutor -I/Users/karelbraborec/rev-meter/ios/Pods/Headers/Public/React-jsinspector -I/Users/karelbraborec/rev-meter/ios/Pods/Headers/Public/React-jsinspectorcdp -I/Users/karelbraborec/rev-meter/ios/Pods/Headers/Public/React-jsinspectornetwork -I/Users/karelbraborec/rev-meter/ios/Pods/Headers/Public/React-jsinspectortracing -I/Users/karelbraborec/rev-meter/ios/Pods/Headers/Public/React-jsitooling -I/Users/karelbraborec/rev-meter/ios/Pods/Headers/Public/React-logger -I/Users/karelbraborec/rev-meter/ios/Pods/Headers/Public/React-microtasksnativemodule -I/Users/karelbraborec/rev-meter/ios/Pods/Headers/Public/React-mutationobservernativemodule -I/Users/karelbraborec/rev-meter/ios/Pods/Headers/Public/React-networking -I/Users/karelbraborec/rev-meter/ios/Pods/Headers/Public/React-oscompat -I/Users/karelbraborec/rev-meter/ios/Pods/Headers/Public/React-perflogger -I/Users/karelbraborec/rev-meter/ios/Pods/Headers/Public/React-performancecdpmetrics -I/Users/karelbraborec/rev-meter/ios/Pods/Headers/Public/React-performancetimeline -I/Users/karelbraborec/rev-meter/ios/Pods/Headers/Public/React-rendererconsistency -I/Users/karelbraborec/rev-meter/ios/Pods/Headers/Public/React-renderercss -I/Users/karelbraborec/rev-meter/ios/Pods/Headers/Public/React-rendererdebug -I/Users/karelbraborec/rev-meter/ios/Pods/Headers/Public/React-runtimeexecutor -I/Users/karelbraborec/rev-meter/ios/Pods/Headers/Public/React-runtimescheduler -I/Users/karelbraborec/rev-meter/ios/Pods/Headers/Public/React-timing -I/Users/karelbraborec/rev-meter/ios/Pods/Headers/Public/React-utils -I/Users/karelbraborec/rev-meter/ios/Pods/Headers/Public/React-viewtransitionnativemodule -I/Users/karelbraborec/rev-meter/ios/Pods/Headers/Public/React-webperformancenativemodule -I/Users/karelbraborec/rev-meter/ios/Pods/Headers/Public/ReactCodegen -I/Users/karelbraborec/rev-meter/ios/Pods/Headers/Public/ReactCommon -I/Users/karelbraborec/rev-meter/ios/Pods/Headers/Public/ReactNativeDependencies -I/Users/karelbraborec/rev-meter/ios/Pods/Headers/Public/Yoga -I/Users/karelbraborec/rev-meter/ios/Pods/Headers/Public/hermes-engine -I/Users/karelbraborec/rev-meter/ios/Pods/Headers/Public/react-native-safe-area-context -I/Users/karelbraborec/rev-meter/ios/Pods/Headers/Private/Yoga -I/Users/karelbraborec/rev-meter/ios/Pods/Headers/Private/Yoga -I/Users/karelbraborec/rev-meter/node_modules/react-native-safe-area-context/common/cpp -I/Users/karelbraborec/rev-meter/ios/Pods/ExpoModulesCore/ExpoModulesCore.xcframework/ios-arm64_x86_64-simulator/ExpoModulesCore.framework/Headers -I/Users/karelbraborec/rev-meter/ios/Pods/ExpoModulesCore/ExpoModulesCore.xcframework/ios-arm64/ExpoModulesCore.framework/Headers -I/Users/karelbraborec/rev-meter/ios/Pods/ExpoModulesCore/ExpoModulesCore.xcframework/ios-arm64_x86_64-simulator/ExpoModulesCore.framework/Headers -I/Users/karelbraborec/rev-meter/ios/Pods/ExpoModulesCore/ExpoModulesCore.xcframework/ios-arm64/ExpoModulesCore.framework/Headers -I/Users/karelbraborec/Library/Developer/Xcode/DerivedData/revmeter-hbcnswmlqmbpnlazhhkncgeowiss/Build/Intermediates.noindex/Pods.build/Debug-iphonesimulator/react-native-safe-area-context.build/DerivedSources-normal/x86_64 -I/Users/karelbraborec/Library/Developer/Xcode/DerivedData/revmeter-hbcnswmlqmbpnlazhhkncgeowiss/Build/Intermediates.noindex/Pods.build/Debug-iphonesimulator/react-native-safe-area-context.build/DerivedSources/x86_64 -I/Users/karelbraborec/Library/Developer/Xcode/DerivedData/revmeter-hbcnswmlqmbpnlazhhkncgeowiss/Build/Intermediates.noindex/Pods.build/Debug-iphonesimulator/react-native-safe-area-context.build/DerivedSources -F/Users/karelbraborec/Library/Developer/Xcode/DerivedData/revmeter-hbcnswmlqmbpnlazhhkncgeowiss/Build/Products/Debug-iphonesimulator/react-native-safe-area-context -F/Users/karelbraborec/rev-meter/ios/Pods/React-Core-prebuilt -F/Users/karelbraborec/rev-meter/ios/Pods/ReactNativeDependencies/framework/packages/react-native -F/Users/karelbraborec/rev-meter/ios/Pods/hermes-engine/destroot/Library/Frameworks/universal -F/Users/karelbraborec/Library/Developer/Xcode/DerivedData/revmeter-hbcnswmlqmbpnlazhhkncgeowiss/Build/Products/Debug-iphonesimulator/XCFrameworkIntermediates/React-Core-prebuilt -F/Users/karelbraborec/Library/Developer/Xcode/DerivedData/revmeter-hbcnswmlqmbpnlazhhkncgeowiss/Build/Products/Debug-iphonesimulator/XCFrameworkIntermediates/ReactNativeDependencies -F/Users/karelbraborec/Library/Developer/Xcode/DerivedData/revmeter-hbcnswmlqmbpnlazhhkncgeowiss/Build/Products/Debug-iphonesimulator/XCFrameworkIntermediates/hermes-engine/Pre-built '-DRCT_REMOVE_LEGACY_ARCH=1' '-fmodule-map-file=/Users/karelbraborec/rev-meter/ios/Pods/Headers/Public/ReactCodegen/ReactCodegen.modulemap' '-DRCT_REMOVE_LEGACY_ARCH=1' -ivfsoverlay /Users/karelbraborec/rev-meter/ios/Pods/React-Core-prebuilt/React-VFS.yaml '-DRCT_REMOVE_LEGACY_ARCH=1' '-DRCT_NEW_ARCH_ENABLED=1' -ivfsoverlay /Users/karelbraborec/rev-meter/ios/Pods/React-Core-prebuilt/React-VFS.yaml

WriteAuxiliaryFile /Users/karelbraborec/Library/Developer/Xcode/DerivedData/revmeter-hbcnswmlqmbpnlazhhkncgeowiss/Build/Intermediates.noindex/Pods.build/Debug-iphonesimulator/react-native-safe-area-context.build/Objects-normal/x86_64/82b82416624d2658e5098eb0a28c15c5-common-args.resp (in target 'react-native-safe-area-context' from project 'Pods')
    cd /Users/karelbraborec/rev-meter/ios/Pods
    write-file /Users/karelbraborec/Library/Developer/Xcode/DerivedData/revmeter-hbcnswmlqmbpnlazhhkncgeowiss/Build/Intermediates.noindex/Pods.build/Debug-iphonesimulator/react-native-safe-area-context.build/Objects-normal/x86_64/82b82416624d2658e5098eb0a28c15c5-common-args.resp
'-std=c++20' '-stdlib=libc++' -fmodules -fno-cxx-modules '-fmodules-cache-path=/Users/karelbraborec/Library/Developer/Xcode/DerivedData/ModuleCache.noindex' '-D_LIBCPP_HARDENING_MODE=_LIBCPP_HARDENING_MODE_DEBUG' -fpascal-strings -O0 -fno-common '-DPOD_CONFIGURATION_DEBUG=1' '-DDEBUG=1' '-DCOCOAPODS=1' -fasm-blocks -g -iquote /Users/karelbraborec/Library/Developer/Xcode/DerivedData/revmeter-hbcnswmlqmbpnlazhhkncgeowiss/Build/Intermediates.noindex/Pods.build/Debug-iphonesimulator/react-native-safe-area-context.build/react-native-safe-area-context-generated-files.hmap -I/Users/karelbraborec/Library/Developer/Xcode/DerivedData/revmeter-hbcnswmlqmbpnlazhhkncgeowiss/Build/Intermediates.noindex/Pods.build/Debug-iphonesimulator/react-native-safe-area-context.build/react-native-safe-area-context-own-target-headers.hmap -I/Users/karelbraborec/Library/Developer/Xcode/DerivedData/revmeter-hbcnswmlqmbpnlazhhkncgeowiss/Build/Intermediates.noindex/Pods.build/Debug-iphonesimulator/react-native-safe-area-context.build/react-native-safe-area-context-all-non-framework-target-headers.hmap -ivfsoverlay /Users/karelbraborec/Library/Developer/Xcode/DerivedData/revmeter-hbcnswmlqmbpnlazhhkncgeowiss/Build/Intermediates.noindex/Pods.build/Debug-iphonesimulator/Pods-8699adb1dd336b26511df848a716bd42-VFS-iphonesimulator/all-product-headers.yaml -iquote /Users/karelbraborec/Library/Developer/Xcode/DerivedData/revmeter-hbcnswmlqmbpnlazhhkncgeowiss/Build/Intermediates.noindex/Pods.build/Debug-iphonesimulator/react-native-safe-area-context.build/react-native-safe-area-context-project-headers.hmap -I/Users/karelbraborec/Library/Developer/Xcode/DerivedData/revmeter-hbcnswmlqmbpnlazhhkncgeowiss/Build/Products/Debug-iphonesimulator/react-native-safe-area-context/include -I/Users/karelbraborec/rev-meter/ios/Pods/Headers/Private -I/Users/karelbraborec/rev-meter/ios/Pods/Headers/Private/react-native-safe-area-context -I/Users/karelbraborec/rev-meter/ios/Pods/Headers/Public -I/Users/karelbraborec/rev-meter/ios/Pods/Headers/Public/FBLazyVector -I/Users/karelbraborec/rev-meter/ios/Pods/Headers/Public/RCTDeprecation -I/Users/karelbraborec/rev-meter/ios/Pods/Headers/Public/RCTRequired -I/Users/karelbraborec/rev-meter/ios/Pods/Headers/Public/RCTSwiftUIWrapper -I/Users/karelbraborec/rev-meter/ios/Pods/Headers/Public/RCTTypeSafety -I/Users/karelbraborec/rev-meter/ios/Pods/Headers/Public/React-Core -I/Users/karelbraborec/rev-meter/ios/Pods/Headers/Public/React-Core-prebuilt -I/Users/karelbraborec/rev-meter/ios/Pods/Headers/Public/React-CoreModules -I/Users/karelbraborec/rev-meter/ios/Pods/Headers/Public/React-Fabric -I/Users/karelbraborec/rev-meter/ios/Pods/Headers/Public/React-FabricComponents -I/Users/karelbraborec/rev-meter/ios/Pods/Headers/Public/React-FabricImage -I/Users/karelbraborec/rev-meter/ios/Pods/Headers/Public/React-ImageManager -I/Users/karelbraborec/rev-meter/ios/Pods/Headers/Public/React-Mapbuffer -I/Users/karelbraborec/rev-meter/ios/Pods/Headers/Public/React-NativeModulesApple -I/Users/karelbraborec/rev-meter/ios/Pods/Headers/Public/React-RCTAnimation -I/Users/karelbraborec/rev-meter/ios/Pods/Headers/Public/React-RCTAppDelegate -I/Users/karelbraborec/rev-meter/ios/Pods/Headers/Public/React-RCTBlob -I/Users/karelbraborec/rev-meter/ios/Pods/Headers/Public/React-RCTFBReactNativeSpec -I/Users/karelbraborec/rev-meter/ios/Pods/Headers/Public/React-RCTFabric -I/Users/karelbraborec/rev-meter/ios/Pods/Headers/Public/React-RCTImage -I/Users/karelbraborec/rev-meter/ios/Pods/Headers/Public/React-RCTRuntime -I/Users/karelbraborec/rev-meter/ios/Pods/Headers/Public/React-RCTText -I/Users/karelbraborec/rev-meter/ios/Pods/Headers/Public/React-RuntimeApple -I/Users/karelbraborec/rev-meter/ios/Pods/Headers/Public/React-RuntimeCore -I/Users/karelbraborec/rev-meter/ios/Pods/Headers/Public/React-RuntimeHermes -I/Users/karelbraborec/rev-meter/ios/Pods/Headers/Public/React-callinvoker -I/Users/karelbraborec/rev-meter/ios/Pods/Headers/Public/React-cxxreact -I/Users/karelbraborec/rev-meter/ios/Pods/Headers/Public/React-debug -I/Users/karelbraborec/rev-meter/ios/Pods/Headers/Public/React-defaultsnativemodule -I/Users/karelbraborec/rev-meter/ios/Pods/Headers/Public/React-domnativemodule -I/Users/karelbraborec/rev-meter/ios/Pods/Headers/Public/React-featureflags -I/Users/karelbraborec/rev-meter/ios/Pods/Headers/Public/React-featureflagsnativemodule -I/Users/karelbraborec/rev-meter/ios/Pods/Headers/Public/React-graphics -I/Users/karelbraborec/rev-meter/ios/Pods/Headers/Public/React-hermes -I/Users/karelbraborec/rev-meter/ios/Pods/Headers/Public/React-idlecallbacksnativemodule -I/Users/karelbraborec/rev-meter/ios/Pods/Headers/Public/React-intersectionobservernativemodule -I/Users/karelbraborec/rev-meter/ios/Pods/Headers/Public/React-jserrorhandler -I/Users/karelbraborec/rev-meter/ios/Pods/Headers/Public/React-jsi -I/Users/karelbraborec/rev-meter/ios/Pods/Headers/Public/React-jsiexecutor -I/Users/karelbraborec/rev-meter/ios/Pods/Headers/Public/React-jsinspector -I/Users/karelbraborec/rev-meter/ios/Pods/Headers/Public/React-jsinspectorcdp -I/Users/karelbraborec/rev-meter/ios/Pods/Headers/Public/React-jsinspectornetwork -I/Users/karelbraborec/rev-meter/ios/Pods/Headers/Public/React-jsinspectortracing -I/Users/karelbraborec/rev-meter/ios/Pods/Headers/Public/React-jsitooling -I/Users/karelbraborec/rev-meter/ios/Pods/Headers/Public/React-logger -I/Users/karelbraborec/rev-meter/ios/Pods/Headers/Public/React-microtasksnativemodule -I/Users/karelbraborec/rev-meter/ios/Pods/Headers/Public/React-mutationobservernativemodule -I/Users/karelbraborec/rev-meter/ios/Pods/Headers/Public/React-networking -I/Users/karelbraborec/rev-meter/ios/Pods/Headers/Public/React-oscompat -I/Users/karelbraborec/rev-meter/ios/Pods/Headers/Public/React-perflogger -I/Users/karelbraborec/rev-meter/ios/Pods/Headers/Public/React-performancecdpmetrics -I/Users/karelbraborec/rev-meter/ios/Pods/Headers/Public/React-performancetimeline -I/Users/karelbraborec/rev-meter/ios/Pods/Headers/Public/React-rendererconsistency -I/Users/karelbraborec/rev-meter/ios/Pods/Headers/Public/React-renderercss -I/Users/karelbraborec/rev-meter/ios/Pods/Headers/Public/React-rendererdebug -I/Users/karelbraborec/rev-meter/ios/Pods/Headers/Public/React-runtimeexecutor -I/Users/karelbraborec/rev-meter/ios/Pods/Headers/Public/React-runtimescheduler -I/Users/karelbraborec/rev-meter/ios/Pods/Headers/Public/React-timing -I/Users/karelbraborec/rev-meter/ios/Pods/Headers/Public/React-utils -I/Users/karelbraborec/rev-meter/ios/Pods/Headers/Public/React-viewtransitionnativemodule -I/Users/karelbraborec/rev-meter/ios/Pods/Headers/Public/React-webperformancenativemodule -I/Users/karelbraborec/rev-meter/ios/Pods/Headers/Public/ReactCodegen -I/Users/karelbraborec/rev-meter/ios/Pods/Headers/Public/ReactCommon -I/Users/karelbraborec/rev-meter/ios/Pods/Headers/Public/ReactNativeDependencies -I/Users/karelbraborec/rev-meter/ios/Pods/Headers/Public/Yoga -I/Users/karelbraborec/rev-meter/ios/Pods/Headers/Public/hermes-engine -I/Users/karelbraborec/rev-meter/ios/Pods/Headers/Public/react-native-safe-area-context -I/Users/karelbraborec/rev-meter/ios/Pods/Headers/Private/Yoga -I/Users/karelbraborec/rev-meter/ios/Pods/Headers/Private/Yoga -I/Users/karelbraborec/rev-meter/node_modules/react-native-safe-area-context/common/cpp -I/Users/karelbraborec/rev-meter/ios/Pods/ExpoModulesCore/ExpoModulesCore.xcframework/ios-arm64_x86_64-simulator/ExpoModulesCore.framework/Headers -I/Users/karelbraborec/rev-meter/ios/Pods/ExpoModulesCore/ExpoModulesCore.xcframework/ios-arm64/ExpoModulesCore.framework/Headers -I/Users/karelbraborec/rev-meter/ios/Pods/ExpoModulesCore/ExpoModulesCore.xcframework/ios-arm64_x86_64-simulator/ExpoModulesCore.framework/Headers -I/Users/karelbraborec/rev-meter/ios/Pods/ExpoModulesCore/ExpoModulesCore.xcframework/ios-arm64/ExpoModulesCore.framework/Headers -I/Users/karelbraborec/Library/Developer/Xcode/DerivedData/revmeter-hbcnswmlqmbpnlazhhkncgeowiss/Build/Intermediates.noindex/Pods.build/Debug-iphonesimulator/react-native-safe-area-context.build/DerivedSources-normal/x86_64 -I/Users/karelbraborec/Library/Developer/Xcode/DerivedData/revmeter-hbcnswmlqmbpnlazhhkncgeowiss/Build/Intermediates.noindex/Pods.build/Debug-iphonesimulator/react-native-safe-area-context.build/DerivedSources/x86_64 -I/Users/karelbraborec/Library/Developer/Xcode/DerivedData/revmeter-hbcnswmlqmbpnlazhhkncgeowiss/Build/Intermediates.noindex/Pods.build/Debug-iphonesimulator/react-native-safe-area-context.build/DerivedSources -F/Users/karelbraborec/Library/Developer/Xcode/DerivedData/revmeter-hbcnswmlqmbpnlazhhkncgeowiss/Build/Products/Debug-iphonesimulator/react-native-safe-area-context -F/Users/karelbraborec/rev-meter/ios/Pods/React-Core-prebuilt -F/Users/karelbraborec/rev-meter/ios/Pods/ReactNativeDependencies/framework/packages/react-native -F/Users/karelbraborec/rev-meter/ios/Pods/hermes-engine/destroot/Library/Frameworks/universal -F/Users/karelbraborec/Library/Developer/Xcode/DerivedData/revmeter-hbcnswmlqmbpnlazhhkncgeowiss/Build/Products/Debug-iphonesimulator/XCFrameworkIntermediates/React-Core-prebuilt -F/Users/karelbraborec/Library/Developer/Xcode/DerivedData/revmeter-hbcnswmlqmbpnlazhhkncgeowiss/Build/Products/Debug-iphonesimulator/XCFrameworkIntermediates/ReactNativeDependencies -F/Users/karelbraborec/Library/Developer/Xcode/DerivedData/revmeter-hbcnswmlqmbpnlazhhkncgeowiss/Build/Products/Debug-iphonesimulator/XCFrameworkIntermediates/hermes-engine/Pre-built '-DRCT_REMOVE_LEGACY_ARCH=1' '-fmodule-map-file=/Users/karelbraborec/rev-meter/ios/Pods/Headers/Public/ReactCodegen/ReactCodegen.modulemap' '-DRCT_REMOVE_LEGACY_ARCH=1' -ivfsoverlay /Users/karelbraborec/rev-meter/ios/Pods/React-Core-prebuilt/React-VFS.yaml '-DRCT_REMOVE_LEGACY_ARCH=1' '-DRCT_NEW_ARCH_ENABLED=1' -ivfsoverlay /Users/karelbraborec/rev-meter/ios/Pods/React-Core-prebuilt/React-VFS.yaml

WriteAuxiliaryFile /Users/karelbraborec/Library/Developer/Xcode/DerivedData/revmeter-hbcnswmlqmbpnlazhhkncgeowiss/Build/Intermediates.noindex/Pods.build/Debug-iphonesimulator/react-native-safe-area-context.build/Objects-normal/arm64/react-native-safe-area-context.LinkFileList (in target 'react-native-safe-area-context' from project 'Pods')
    cd /Users/karelbraborec/rev-meter/ios/Pods
    write-file /Users/karelbraborec/Library/Developer/Xcode/DerivedData/revmeter-hbcnswmlqmbpnlazhhkncgeowiss/Build/Intermediates.noindex/Pods.build/Debug-iphonesimulator/react-native-safe-area-context.build/Objects-normal/arm64/react-native-safe-area-context.LinkFileList

WriteAuxiliaryFile /Users/karelbraborec/Library/Developer/Xcode/DerivedData/revmeter-hbcnswmlqmbpnlazhhkncgeowiss/Build/Intermediates.noindex/Pods.build/Debug-iphonesimulator/react-native-safe-area-context.build/Objects-normal/arm64/e6072d4f65d7061329687fe24e3d63a7-common-args.resp (in target 'react-native-safe-area-context' from project 'Pods')
    cd /Users/karelbraborec/rev-meter/ios/Pods
    write-file /Users/karelbraborec/Library/Developer/Xcode/DerivedData/revmeter-hbcnswmlqmbpnlazhhkncgeowiss/Build/Intermediates.noindex/Pods.build/Debug-iphonesimulator/react-native-safe-area-context.build/Objects-normal/arm64/e6072d4f65d7061329687fe24e3d63a7-common-args.resp
'-std=gnu11' -fobjc-arc -fmodules '-fmodules-cache-path=/Users/karelbraborec/Library/Developer/Xcode/DerivedData/ModuleCache.noindex' -fpascal-strings -O0 -fno-common '-DPOD_CONFIGURATION_DEBUG=1' '-DDEBUG=1' '-DCOCOAPODS=1' '-DOBJC_OLD_DISPATCH_PROTOTYPES=0' -g '-fobjc-abi-version=2' -fobjc-legacy-dispatch -iquote /Users/karelbraborec/Library/Developer/Xcode/DerivedData/revmeter-hbcnswmlqmbpnlazhhkncgeowiss/Build/Intermediates.noindex/Pods.build/Debug-iphonesimulator/react-native-safe-area-context.build/react-native-safe-area-context-generated-files.hmap -I/Users/karelbraborec/Library/Developer/Xcode/DerivedData/revmeter-hbcnswmlqmbpnlazhhkncgeowiss/Build/Intermediates.noindex/Pods.build/Debug-iphonesimulator/react-native-safe-area-context.build/react-native-safe-area-context-own-target-headers.hmap -I/Users/karelbraborec/Library/Developer/Xcode/DerivedData/revmeter-hbcnswmlqmbpnlazhhkncgeowiss/Build/Intermediates.noindex/Pods.build/Debug-iphonesimulator/react-native-safe-area-context.build/react-native-safe-area-context-all-non-framework-target-headers.hmap -ivfsoverlay /Users/karelbraborec/Library/Developer/Xcode/DerivedData/revmeter-hbcnswmlqmbpnlazhhkncgeowiss/Build/Intermediates.noindex/Pods.build/Debug-iphonesimulator/Pods-8699adb1dd336b26511df848a716bd42-VFS-iphonesimulator/all-product-headers.yaml -iquote /Users/karelbraborec/Library/Developer/Xcode/DerivedData/revmeter-hbcnswmlqmbpnlazhhkncgeowiss/Build/Intermediates.noindex/Pods.build/Debug-iphonesimulator/react-native-safe-area-context.build/react-native-safe-area-context-project-headers.hmap -I/Users/karelbraborec/Library/Developer/Xcode/DerivedData/revmeter-hbcnswmlqmbpnlazhhkncgeowiss/Build/Products/Debug-iphonesimulator/react-native-safe-area-context/include -I/Users/karelbraborec/rev-meter/ios/Pods/Headers/Private -I/Users/karelbraborec/rev-meter/ios/Pods/Headers/Private/react-native-safe-area-context -I/Users/karelbraborec/rev-meter/ios/Pods/Headers/Public -I/Users/karelbraborec/rev-meter/ios/Pods/Headers/Public/FBLazyVector -I/Users/karelbraborec/rev-meter/ios/Pods/Headers/Public/RCTDeprecation -I/Users/karelbraborec/rev-meter/ios/Pods/Headers/Public/RCTRequired -I/Users/karelbraborec/rev-meter/ios/Pods/Headers/Public/RCTSwiftUIWrapper -I/Users/karelbraborec/rev-meter/ios/Pods/Headers/Public/RCTTypeSafety -I/Users/karelbraborec/rev-meter/ios/Pods/Headers/Public/React-Core -I/Users/karelbraborec/rev-meter/ios/Pods/Headers/Public/React-Core-prebuilt -I/Users/karelbraborec/rev-meter/ios/Pods/Headers/Public/React-CoreModules -I/Users/karelbraborec/rev-meter/ios/Pods/Headers/Public/React-Fabric -I/Users/karelbraborec/rev-meter/ios/Pods/Headers/Public/React-FabricComponents -I/Users/karelbraborec/rev-meter/ios/Pods/Headers/Public/React-FabricImage -I/Users/karelbraborec/rev-meter/ios/Pods/Headers/Public/React-ImageManager -I/Users/karelbraborec/rev-meter/ios/Pods/Headers/Public/React-Mapbuffer -I/Users/karelbraborec/rev-meter/ios/Pods/Headers/Public/React-NativeModulesApple -I/Users/karelbraborec/rev-meter/ios/Pods/Headers/Public/React-RCTAnimation -I/Users/karelbraborec/rev-meter/ios/Pods/Headers/Public/React-RCTAppDelegate -I/Users/karelbraborec/rev-meter/ios/Pods/Headers/Public/React-RCTBlob -I/Users/karelbraborec/rev-meter/ios/Pods/Headers/Public/React-RCTFBReactNativeSpec -I/Users/karelbraborec/rev-meter/ios/Pods/Headers/Public/React-RCTFabric -I/Users/karelbraborec/rev-meter/ios/Pods/Headers/Public/React-RCTImage -I/Users/karelbraborec/rev-meter/ios/Pods/Headers/Public/React-RCTRuntime -I/Users/karelbraborec/rev-meter/ios/Pods/Headers/Public/React-RCTText -I/Users/karelbraborec/rev-meter/ios/Pods/Headers/Public/React-RuntimeApple -I/Users/karelbraborec/rev-meter/ios/Pods/Headers/Public/React-RuntimeCore -I/Users/karelbraborec/rev-meter/ios/Pods/Headers/Public/React-RuntimeHermes -I/Users/karelbraborec/rev-meter/ios/Pods/Headers/Public/React-callinvoker -I/Users/karelbraborec/rev-meter/ios/Pods/Headers/Public/React-cxxreact -I/Users/karelbraborec/rev-meter/ios/Pods/Headers/Public/React-debug -I/Users/karelbraborec/rev-meter/ios/Pods/Headers/Public/React-defaultsnativemodule -I/Users/karelbraborec/rev-meter/ios/Pods/Headers/Public/React-domnativemodule -I/Users/karelbraborec/rev-meter/ios/Pods/Headers/Public/React-featureflags -I/Users/karelbraborec/rev-meter/ios/Pods/Headers/Public/React-featureflagsnativemodule -I/Users/karelbraborec/rev-meter/ios/Pods/Headers/Public/React-graphics -I/Users/karelbraborec/rev-meter/ios/Pods/Headers/Public/React-hermes -I/Users/karelbraborec/rev-meter/ios/Pods/Headers/Public/React-idlecallbacksnativemodule -I/Users/karelbraborec/rev-meter/ios/Pods/Headers/Public/React-intersectionobservernativemodule -I/Users/karelbraborec/rev-meter/ios/Pods/Headers/Public/React-jserrorhandler -I/Users/karelbraborec/rev-meter/ios/Pods/Headers/Public/React-jsi -I/Users/karelbraborec/rev-meter/ios/Pods/Headers/Public/React-jsiexecutor -I/Users/karelbraborec/rev-meter/ios/Pods/Headers/Public/React-jsinspector -I/Users/karelbraborec/rev-meter/ios/Pods/Headers/Public/React-jsinspectorcdp -I/Users/karelbraborec/rev-meter/ios/Pods/Headers/Public/React-jsinspectornetwork -I/Users/karelbraborec/rev-meter/ios/Pods/Headers/Public/React-jsinspectortracing -I/Users/karelbraborec/rev-meter/ios/Pods/Headers/Public/React-jsitooling -I/Users/karelbraborec/rev-meter/ios/Pods/Headers/Public/React-logger -I/Users/karelbraborec/rev-meter/ios/Pods/Headers/Public/React-microtasksnativemodule -I/Users/karelbraborec/rev-meter/ios/Pods/Headers/Public/React-mutationobservernativemodule -I/Users/karelbraborec/rev-meter/ios/Pods/Headers/Public/React-networking -I/Users/karelbraborec/rev-meter/ios/Pods/Headers/Public/React-oscompat -I/Users/karelbraborec/rev-meter/ios/Pods/Headers/Public/React-perflogger -I/Users/karelbraborec/rev-meter/ios/Pods/Headers/Public/React-performancecdpmetrics -I/Users/karelbraborec/rev-meter/ios/Pods/Headers/Public/React-performancetimeline -I/Users/karelbraborec/rev-meter/ios/Pods/Headers/Public/React-rendererconsistency -I/Users/karelbraborec/rev-meter/ios/Pods/Headers/Public/React-renderercss -I/Users/karelbraborec/rev-meter/ios/Pods/Headers/Public/React-rendererdebug -I/Users/karelbraborec/rev-meter/ios/Pods/Headers/Public/React-runtimeexecutor -I/Users/karelbraborec/rev-meter/ios/Pods/Headers/Public/React-runtimescheduler -I/Users/karelbraborec/rev-meter/ios/Pods/Headers/Public/React-timing -I/Users/karelbraborec/rev-meter/ios/Pods/Headers/Public/React-utils -I/Users/karelbraborec/rev-meter/ios/Pods/Headers/Public/React-viewtransitionnativemodule -I/Users/karelbraborec/rev-meter/ios/Pods/Headers/Public/React-webperformancenativemodule -I/Users/karelbraborec/rev-meter/ios/Pods/Headers/Public/ReactCodegen -I/Users/karelbraborec/rev-meter/ios/Pods/Headers/Public/ReactCommon -I/Users/karelbraborec/rev-meter/ios/Pods/Headers/Public/ReactNativeDependencies -I/Users/karelbraborec/rev-meter/ios/Pods/Headers/Public/Yoga -I/Users/karelbraborec/rev-meter/ios/Pods/Headers/Public/hermes-engine -I/Users/karelbraborec/rev-meter/ios/Pods/Headers/Public/react-native-safe-area-context -I/Users/karelbraborec/rev-meter/ios/Pods/Headers/Private/Yoga -I/Users/karelbraborec/rev-meter/ios/Pods/Headers/Private/Yoga -I/Users/karelbraborec/rev-meter/node_modules/react-native-safe-area-context/common/cpp -I/Users/karelbraborec/rev-meter/ios/Pods/ExpoModulesCore/ExpoModulesCore.xcframework/ios-arm64_x86_64-simulator/ExpoModulesCore.framework/Headers -I/Users/karelbraborec/rev-meter/ios/Pods/ExpoModulesCore/ExpoModulesCore.xcframework/ios-arm64/ExpoModulesCore.framework/Headers -I/Users/karelbraborec/rev-meter/ios/Pods/ExpoModulesCore/ExpoModulesCore.xcframework/ios-arm64_x86_64-simulator/ExpoModulesCore.framework/Headers -I/Users/karelbraborec/rev-meter/ios/Pods/ExpoModulesCore/ExpoModulesCore.xcframework/ios-arm64/ExpoModulesCore.framework/Headers -I/Users/karelbraborec/Library/Developer/Xcode/DerivedData/revmeter-hbcnswmlqmbpnlazhhkncgeowiss/Build/Intermediates.noindex/Pods.build/Debug-iphonesimulator/react-native-safe-area-context.build/DerivedSources-normal/arm64 -I/Users/karelbraborec/Library/Developer/Xcode/DerivedData/revmeter-hbcnswmlqmbpnlazhhkncgeowiss/Build/Intermediates.noindex/Pods.build/Debug-iphonesimulator/react-native-safe-area-context.build/DerivedSources/arm64 -I/Users/karelbraborec/Library/Developer/Xcode/DerivedData/revmeter-hbcnswmlqmbpnlazhhkncgeowiss/Build/Intermediates.noindex/Pods.build/Debug-iphonesimulator/react-native-safe-area-context.build/DerivedSources -F/Users/karelbraborec/Library/Developer/Xcode/DerivedData/revmeter-hbcnswmlqmbpnlazhhkncgeowiss/Build/Products/Debug-iphonesimulator/react-native-safe-area-context -F/Users/karelbraborec/rev-meter/ios/Pods/React-Core-prebuilt -F/Users/karelbraborec/rev-meter/ios/Pods/ReactNativeDependencies/framework/packages/react-native -F/Users/karelbraborec/rev-meter/ios/Pods/hermes-engine/destroot/Library/Frameworks/universal -F/Users/karelbraborec/Library/Developer/Xcode/DerivedData/revmeter-hbcnswmlqmbpnlazhhkncgeowiss/Build/Products/Debug-iphonesimulator/XCFrameworkIntermediates/React-Core-prebuilt -F/Users/karelbraborec/Library/Developer/Xcode/DerivedData/revmeter-hbcnswmlqmbpnlazhhkncgeowiss/Build/Products/Debug-iphonesimulator/XCFrameworkIntermediates/ReactNativeDependencies -F/Users/karelbraborec/Library/Developer/Xcode/DerivedData/revmeter-hbcnswmlqmbpnlazhhkncgeowiss/Build/Products/Debug-iphonesimulator/XCFrameworkIntermediates/hermes-engine/Pre-built '-DRCT_REMOVE_LEGACY_ARCH=1' '-fmodule-map-file=/Users/karelbraborec/rev-meter/ios/Pods/Headers/Public/ReactCodegen/ReactCodegen.modulemap' '-DRCT_REMOVE_LEGACY_ARCH=1' -ivfsoverlay /Users/karelbraborec/rev-meter/ios/Pods/React-Core-prebuilt/React-VFS.yaml

WriteAuxiliaryFile /Users/karelbraborec/Library/Developer/Xcode/DerivedData/revmeter-hbcnswmlqmbpnlazhhkncgeowiss/Build/Intermediates.noindex/Pods.build/Debug-iphonesimulator/react-native-safe-area-context.build/Objects-normal/arm64/af3fcb34312c57c0f52879cdce924b91-common-args.resp (in target 'react-native-safe-area-context' from project 'Pods')
    cd /Users/karelbraborec/rev-meter/ios/Pods
    write-file /Users/karelbraborec/Library/Developer/Xcode/DerivedData/revmeter-hbcnswmlqmbpnlazhhkncgeowiss/Build/Intermediates.noindex/Pods.build/Debug-iphonesimulator/react-native-safe-area-context.build/Objects-normal/arm64/af3fcb34312c57c0f52879cdce924b91-common-args.resp
'-std=c++20' '-stdlib=libc++' -fobjc-arc -fmodules -fno-cxx-modules '-fmodules-cache-path=/Users/karelbraborec/Library/Developer/Xcode/DerivedData/ModuleCache.noindex' '-D_LIBCPP_HARDENING_MODE=_LIBCPP_HARDENING_MODE_DEBUG' -fpascal-strings -O0 -fno-common '-DPOD_CONFIGURATION_DEBUG=1' '-DDEBUG=1' '-DCOCOAPODS=1' '-DOBJC_OLD_DISPATCH_PROTOTYPES=0' -g '-fobjc-abi-version=2' -fobjc-legacy-dispatch -iquote /Users/karelbraborec/Library/Developer/Xcode/DerivedData/revmeter-hbcnswmlqmbpnlazhhkncgeowiss/Build/Intermediates.noindex/Pods.build/Debug-iphonesimulator/react-native-safe-area-context.build/react-native-safe-area-context-generated-files.hmap -I/Users/karelbraborec/Library/Developer/Xcode/DerivedData/revmeter-hbcnswmlqmbpnlazhhkncgeowiss/Build/Intermediates.noindex/Pods.build/Debug-iphonesimulator/react-native-safe-area-context.build/react-native-safe-area-context-own-target-headers.hmap -I/Users/karelbraborec/Library/Developer/Xcode/DerivedData/revmeter-hbcnswmlqmbpnlazhhkncgeowiss/Build/Intermediates.noindex/Pods.build/Debug-iphonesimulator/react-native-safe-area-context.build/react-native-safe-area-context-all-non-framework-target-headers.hmap -ivfsoverlay /Users/karelbraborec/Library/Developer/Xcode/DerivedData/revmeter-hbcnswmlqmbpnlazhhkncgeowiss/Build/Intermediates.noindex/Pods.build/Debug-iphonesimulator/Pods-8699adb1dd336b26511df848a716bd42-VFS-iphonesimulator/all-product-headers.yaml -iquote /Users/karelbraborec/Library/Developer/Xcode/DerivedData/revmeter-hbcnswmlqmbpnlazhhkncgeowiss/Build/Intermediates.noindex/Pods.build/Debug-iphonesimulator/react-native-safe-area-context.build/react-native-safe-area-context-project-headers.hmap -I/Users/karelbraborec/Library/Developer/Xcode/DerivedData/revmeter-hbcnswmlqmbpnlazhhkncgeowiss/Build/Products/Debug-iphonesimulator/react-native-safe-area-context/include -I/Users/karelbraborec/rev-meter/ios/Pods/Headers/Private -I/Users/karelbraborec/rev-meter/ios/Pods/Headers/Private/react-native-safe-area-context -I/Users/karelbraborec/rev-meter/ios/Pods/Headers/Public -I/Users/karelbraborec/rev-meter/ios/Pods/Headers/Public/FBLazyVector -I/Users/karelbraborec/rev-meter/ios/Pods/Headers/Public/RCTDeprecation -I/Users/karelbraborec/rev-meter/ios/Pods/Headers/Public/RCTRequired -I/Users/karelbraborec/rev-meter/ios/Pods/Headers/Public/RCTSwiftUIWrapper -I/Users/karelbraborec/rev-meter/ios/Pods/Headers/Public/RCTTypeSafety -I/Users/karelbraborec/rev-meter/ios/Pods/Headers/Public/React-Core -I/Users/karelbraborec/rev-meter/ios/Pods/Headers/Public/React-Core-prebuilt -I/Users/karelbraborec/rev-meter/ios/Pods/Headers/Public/React-CoreModules -I/Users/karelbraborec/rev-meter/ios/Pods/Headers/Public/React-Fabric -I/Users/karelbraborec/rev-meter/ios/Pods/Headers/Public/React-FabricComponents -I/Users/karelbraborec/rev-meter/ios/Pods/Headers/Public/React-FabricImage -I/Users/karelbraborec/rev-meter/ios/Pods/Headers/Public/React-ImageManager -I/Users/karelbraborec/rev-meter/ios/Pods/Headers/Public/React-Mapbuffer -I/Users/karelbraborec/rev-meter/ios/Pods/Headers/Public/React-NativeModulesApple -I/Users/karelbraborec/rev-meter/ios/Pods/Headers/Public/React-RCTAnimation -I/Users/karelbraborec/rev-meter/ios/Pods/Headers/Public/React-RCTAppDelegate -I/Users/karelbraborec/rev-meter/ios/Pods/Headers/Public/React-RCTBlob -I/Users/karelbraborec/rev-meter/ios/Pods/Headers/Public/React-RCTFBReactNativeSpec -I/Users/karelbraborec/rev-meter/ios/Pods/Headers/Public/React-RCTFabric -I/Users/karelbraborec/rev-meter/ios/Pods/Headers/Public/React-RCTImage -I/Users/karelbraborec/rev-meter/ios/Pods/Headers/Public/React-RCTRuntime -I/Users/karelbraborec/rev-meter/ios/Pods/Headers/Public/React-RCTText -I/Users/karelbraborec/rev-meter/ios/Pods/Headers/Public/React-RuntimeApple -I/Users/karelbraborec/rev-meter/ios/Pods/Headers/Public/React-RuntimeCore -I/Users/karelbraborec/rev-meter/ios/Pods/Headers/Public/React-RuntimeHermes -I/Users/karelbraborec/rev-meter/ios/Pods/Headers/Public/React-callinvoker -I/Users/karelbraborec/rev-meter/ios/Pods/Headers/Public/React-cxxreact -I/Users/karelbraborec/rev-meter/ios/Pods/Headers/Public/React-debug -I/Users/karelbraborec/rev-meter/ios/Pods/Headers/Public/React-defaultsnativemodule -I/Users/karelbraborec/rev-meter/ios/Pods/Headers/Public/React-domnativemodule -I/Users/karelbraborec/rev-meter/ios/Pods/Headers/Public/React-featureflags -I/Users/karelbraborec/rev-meter/ios/Pods/Headers/Public/React-featureflagsnativemodule -I/Users/karelbraborec/rev-meter/ios/Pods/Headers/Public/React-graphics -I/Users/karelbraborec/rev-meter/ios/Pods/Headers/Public/React-hermes -I/Users/karelbraborec/rev-meter/ios/Pods/Headers/Public/React-idlecallbacksnativemodule -I/Users/karelbraborec/rev-meter/ios/Pods/Headers/Public/React-intersectionobservernativemodule -I/Users/karelbraborec/rev-meter/ios/Pods/Headers/Public/React-jserrorhandler -I/Users/karelbraborec/rev-meter/ios/Pods/Headers/Public/React-jsi -I/Users/karelbraborec/rev-meter/ios/Pods/Headers/Public/React-jsiexecutor -I/Users/karelbraborec/rev-meter/ios/Pods/Headers/Public/React-jsinspector -I/Users/karelbraborec/rev-meter/ios/Pods/Headers/Public/React-jsinspectorcdp -I/Users/karelbraborec/rev-meter/ios/Pods/Headers/Public/React-jsinspectornetwork -I/Users/karelbraborec/rev-meter/ios/Pods/Headers/Public/React-jsinspectortracing -I/Users/karelbraborec/rev-meter/ios/Pods/Headers/Public/React-jsitooling -I/Users/karelbraborec/rev-meter/ios/Pods/Headers/Public/React-logger -I/Users/karelbraborec/rev-meter/ios/Pods/Headers/Public/React-microtasksnativemodule -I/Users/karelbraborec/rev-meter/ios/Pods/Headers/Public/React-mutationobservernativemodule -I/Users/karelbraborec/rev-meter/ios/Pods/Headers/Public/React-networking -I/Users/karelbraborec/rev-meter/ios/Pods/Headers/Public/React-oscompat -I/Users/karelbraborec/rev-meter/ios/Pods/Headers/Public/React-perflogger -I/Users/karelbraborec/rev-meter/ios/Pods/Headers/Public/React-performancecdpmetrics -I/Users/karelbraborec/rev-meter/ios/Pods/Headers/Public/React-performancetimeline -I/Users/karelbraborec/rev-meter/ios/Pods/Headers/Public/React-rendererconsistency -I/Users/karelbraborec/rev-meter/ios/Pods/Headers/Public/React-renderercss -I/Users/karelbraborec/rev-meter/ios/Pods/Headers/Public/React-rendererdebug -I/Users/karelbraborec/rev-meter/ios/Pods/Headers/Public/React-runtimeexecutor -I/Users/karelbraborec/rev-meter/ios/Pods/Headers/Public/React-runtimescheduler -I/Users/karelbraborec/rev-meter/ios/Pods/Headers/Public/React-timing -I/Users/karelbraborec/rev-meter/ios/Pods/Headers/Public/React-utils -I/Users/karelbraborec/rev-meter/ios/Pods/Headers/Public/React-viewtransitionnativemodule -I/Users/karelbraborec/rev-meter/ios/Pods/Headers/Public/React-webperformancenativemodule -I/Users/karelbraborec/rev-meter/ios/Pods/Headers/Public/ReactCodegen -I/Users/karelbraborec/rev-meter/ios/Pods/Headers/Public/ReactCommon -I/Users/karelbraborec/rev-meter/ios/Pods/Headers/Public/ReactNativeDependencies -I/Users/karelbraborec/rev-meter/ios/Pods/Headers/Public/Yoga -I/Users/karelbraborec/rev-meter/ios/Pods/Headers/Public/hermes-engine -I/Users/karelbraborec/rev-meter/ios/Pods/Headers/Public/react-native-safe-area-context -I/Users/karelbraborec/rev-meter/ios/Pods/Headers/Private/Yoga -I/Users/karelbraborec/rev-meter/ios/Pods/Headers/Private/Yoga -I/Users/karelbraborec/rev-meter/node_modules/react-native-safe-area-context/common/cpp -I/Users/karelbraborec/rev-meter/ios/Pods/ExpoModulesCore/ExpoModulesCore.xcframework/ios-arm64_x86_64-simulator/ExpoModulesCore.framework/Headers -I/Users/karelbraborec/rev-meter/ios/Pods/ExpoModulesCore/ExpoModulesCore.xcframework/ios-arm64/ExpoModulesCore.framework/Headers -I/Users/karelbraborec/rev-meter/ios/Pods/ExpoModulesCore/ExpoModulesCore.xcframework/ios-arm64_x86_64-simulator/ExpoModulesCore.framework/Headers -I/Users/karelbraborec/rev-meter/ios/Pods/ExpoModulesCore/ExpoModulesCore.xcframework/ios-arm64/ExpoModulesCore.framework/Headers -I/Users/karelbraborec/Library/Developer/Xcode/DerivedData/revmeter-hbcnswmlqmbpnlazhhkncgeowiss/Build/Intermediates.noindex/Pods.build/Debug-iphonesimulator/react-native-safe-area-context.build/DerivedSources-normal/arm64 -I/Users/karelbraborec/Library/Developer/Xcode/DerivedData/revmeter-hbcnswmlqmbpnlazhhkncgeowiss/Build/Intermediates.noindex/Pods.build/Debug-iphonesimulator/react-native-safe-area-context.build/DerivedSources/arm64 -I/Users/karelbraborec/Library/Developer/Xcode/DerivedData/revmeter-hbcnswmlqmbpnlazhhkncgeowiss/Build/Intermediates.noindex/Pods.build/Debug-iphonesimulator/react-native-safe-area-context.build/DerivedSources -F/Users/karelbraborec/Library/Developer/Xcode/DerivedData/revmeter-hbcnswmlqmbpnlazhhkncgeowiss/Build/Products/Debug-iphonesimulator/react-native-safe-area-context -F/Users/karelbraborec/rev-meter/ios/Pods/React-Core-prebuilt -F/Users/karelbraborec/rev-meter/ios/Pods/ReactNativeDependencies/framework/packages/react-native -F/Users/karelbraborec/rev-meter/ios/Pods/hermes-engine/destroot/Library/Frameworks/universal -F/Users/karelbraborec/Library/Developer/Xcode/DerivedData/revmeter-hbcnswmlqmbpnlazhhkncgeowiss/Build/Products/Debug-iphonesimulator/XCFrameworkIntermediates/React-Core-prebuilt -F/Users/karelbraborec/Library/Developer/Xcode/DerivedData/revmeter-hbcnswmlqmbpnlazhhkncgeowiss/Build/Products/Debug-iphonesimulator/XCFrameworkIntermediates/ReactNativeDependencies -F/Users/karelbraborec/Library/Developer/Xcode/DerivedData/revmeter-hbcnswmlqmbpnlazhhkncgeowiss/Build/Products/Debug-iphonesimulator/XCFrameworkIntermediates/hermes-engine/Pre-built '-DRCT_REMOVE_LEGACY_ARCH=1' '-fmodule-map-file=/Users/karelbraborec/rev-meter/ios/Pods/Headers/Public/ReactCodegen/ReactCodegen.modulemap' '-DRCT_REMOVE_LEGACY_ARCH=1' -ivfsoverlay /Users/karelbraborec/rev-meter/ios/Pods/React-Core-prebuilt/React-VFS.yaml '-DRCT_REMOVE_LEGACY_ARCH=1' '-DRCT_NEW_ARCH_ENABLED=1' -ivfsoverlay /Users/karelbraborec/rev-meter/ios/Pods/React-Core-prebuilt/React-VFS.yaml

WriteAuxiliaryFile /Users/karelbraborec/Library/Developer/Xcode/DerivedData/revmeter-hbcnswmlqmbpnlazhhkncgeowiss/Build/Intermediates.noindex/Pods.build/Debug-iphonesimulator/react-native-safe-area-context.build/Objects-normal/arm64/82b82416624d2658e5098eb0a28c15c5-common-args.resp (in target 'react-native-safe-area-context' from project 'Pods')
    cd /Users/karelbraborec/rev-meter/ios/Pods
    write-file /Users/karelbraborec/Library/Developer/Xcode/DerivedData/revmeter-hbcnswmlqmbpnlazhhkncgeowiss/Build/Intermediates.noindex/Pods.build/Debug-iphonesimulator/react-native-safe-area-context.build/Objects-normal/arm64/82b82416624d2658e5098eb0a28c15c5-common-args.resp
'-std=c++20' '-stdlib=libc++' -fmodules -fno-cxx-modules '-fmodules-cache-path=/Users/karelbraborec/Library/Developer/Xcode/DerivedData/ModuleCache.noindex' '-D_LIBCPP_HARDENING_MODE=_LIBCPP_HARDENING_MODE_DEBUG' -fpascal-strings -O0 -fno-common '-DPOD_CONFIGURATION_DEBUG=1' '-DDEBUG=1' '-DCOCOAPODS=1' -g -iquote /Users/karelbraborec/Library/Developer/Xcode/DerivedData/revmeter-hbcnswmlqmbpnlazhhkncgeowiss/Build/Intermediates.noindex/Pods.build/Debug-iphonesimulator/react-native-safe-area-context.build/react-native-safe-area-context-generated-files.hmap -I/Users/karelbraborec/Library/Developer/Xcode/DerivedData/revmeter-hbcnswmlqmbpnlazhhkncgeowiss/Build/Intermediates.noindex/Pods.build/Debug-iphonesimulator/react-native-safe-area-context.build/react-native-safe-area-context-own-target-headers.hmap -I/Users/karelbraborec/Library/Developer/Xcode/DerivedData/revmeter-hbcnswmlqmbpnlazhhkncgeowiss/Build/Intermediates.noindex/Pods.build/Debug-iphonesimulator/react-native-safe-area-context.build/react-native-safe-area-context-all-non-framework-target-headers.hmap -ivfsoverlay /Users/karelbraborec/Library/Developer/Xcode/DerivedData/revmeter-hbcnswmlqmbpnlazhhkncgeowiss/Build/Intermediates.noindex/Pods.build/Debug-iphonesimulator/Pods-8699adb1dd336b26511df848a716bd42-VFS-iphonesimulator/all-product-headers.yaml -iquote /Users/karelbraborec/Library/Developer/Xcode/DerivedData/revmeter-hbcnswmlqmbpnlazhhkncgeowiss/Build/Intermediates.noindex/Pods.build/Debug-iphonesimulator/react-native-safe-area-context.build/react-native-safe-area-context-project-headers.hmap -I/Users/karelbraborec/Library/Developer/Xcode/DerivedData/revmeter-hbcnswmlqmbpnlazhhkncgeowiss/Build/Products/Debug-iphonesimulator/react-native-safe-area-context/include -I/Users/karelbraborec/rev-meter/ios/Pods/Headers/Private -I/Users/karelbraborec/rev-meter/ios/Pods/Headers/Private/react-native-safe-area-context -I/Users/karelbraborec/rev-meter/ios/Pods/Headers/Public -I/Users/karelbraborec/rev-meter/ios/Pods/Headers/Public/FBLazyVector -I/Users/karelbraborec/rev-meter/ios/Pods/Headers/Public/RCTDeprecation -I/Users/karelbraborec/rev-meter/ios/Pods/Headers/Public/RCTRequired -I/Users/karelbraborec/rev-meter/ios/Pods/Headers/Public/RCTSwiftUIWrapper -I/Users/karelbraborec/rev-meter/ios/Pods/Headers/Public/RCTTypeSafety -I/Users/karelbraborec/rev-meter/ios/Pods/Headers/Public/React-Core -I/Users/karelbraborec/rev-meter/ios/Pods/Headers/Public/React-Core-prebuilt -I/Users/karelbraborec/rev-meter/ios/Pods/Headers/Public/React-CoreModules -I/Users/karelbraborec/rev-meter/ios/Pods/Headers/Public/React-Fabric -I/Users/karelbraborec/rev-meter/ios/Pods/Headers/Public/React-FabricComponents -I/Users/karelbraborec/rev-meter/ios/Pods/Headers/Public/React-FabricImage -I/Users/karelbraborec/rev-meter/ios/Pods/Headers/Public/React-ImageManager -I/Users/karelbraborec/rev-meter/ios/Pods/Headers/Public/React-Mapbuffer -I/Users/karelbraborec/rev-meter/ios/Pods/Headers/Public/React-NativeModulesApple -I/Users/karelbraborec/rev-meter/ios/Pods/Headers/Public/React-RCTAnimation -I/Users/karelbraborec/rev-meter/ios/Pods/Headers/Public/React-RCTAppDelegate -I/Users/karelbraborec/rev-meter/ios/Pods/Headers/Public/React-RCTBlob -I/Users/karelbraborec/rev-meter/ios/Pods/Headers/Public/React-RCTFBReactNativeSpec -I/Users/karelbraborec/rev-meter/ios/Pods/Headers/Public/React-RCTFabric -I/Users/karelbraborec/rev-meter/ios/Pods/Headers/Public/React-RCTImage -I/Users/karelbraborec/rev-meter/ios/Pods/Headers/Public/React-RCTRuntime -I/Users/karelbraborec/rev-meter/ios/Pods/Headers/Public/React-RCTText -I/Users/karelbraborec/rev-meter/ios/Pods/Headers/Public/React-RuntimeApple -I/Users/karelbraborec/rev-meter/ios/Pods/Headers/Public/React-RuntimeCore -I/Users/karelbraborec/rev-meter/ios/Pods/Headers/Public/React-RuntimeHermes -I/Users/karelbraborec/rev-meter/ios/Pods/Headers/Public/React-callinvoker -I/Users/karelbraborec/rev-meter/ios/Pods/Headers/Public/React-cxxreact -I/Users/karelbraborec/rev-meter/ios/Pods/Headers/Public/React-debug -I/Users/karelbraborec/rev-meter/ios/Pods/Headers/Public/React-defaultsnativemodule -I/Users/karelbraborec/rev-meter/ios/Pods/Headers/Public/React-domnativemodule -I/Users/karelbraborec/rev-meter/ios/Pods/Headers/Public/React-featureflags -I/Users/karelbraborec/rev-meter/ios/Pods/Headers/Public/React-featureflagsnativemodule -I/Users/karelbraborec/rev-meter/ios/Pods/Headers/Public/React-graphics -I/Users/karelbraborec/rev-meter/ios/Pods/Headers/Public/React-hermes -I/Users/karelbraborec/rev-meter/ios/Pods/Headers/Public/React-idlecallbacksnativemodule -I/Users/karelbraborec/rev-meter/ios/Pods/Headers/Public/React-intersectionobservernativemodule -I/Users/karelbraborec/rev-meter/ios/Pods/Headers/Public/React-jserrorhandler -I/Users/karelbraborec/rev-meter/ios/Pods/Headers/Public/React-jsi -I/Users/karelbraborec/rev-meter/ios/Pods/Headers/Public/React-jsiexecutor -I/Users/karelbraborec/rev-meter/ios/Pods/Headers/Public/React-jsinspector -I/Users/karelbraborec/rev-meter/ios/Pods/Headers/Public/React-jsinspectorcdp -I/Users/karelbraborec/rev-meter/ios/Pods/Headers/Public/React-jsinspectornetwork -I/Users/karelbraborec/rev-meter/ios/Pods/Headers/Public/React-jsinspectortracing -I/Users/karelbraborec/rev-meter/ios/Pods/Headers/Public/React-jsitooling -I/Users/karelbraborec/rev-meter/ios/Pods/Headers/Public/React-logger -I/Users/karelbraborec/rev-meter/ios/Pods/Headers/Public/React-microtasksnativemodule -I/Users/karelbraborec/rev-meter/ios/Pods/Headers/Public/React-mutationobservernativemodule -I/Users/karelbraborec/rev-meter/ios/Pods/Headers/Public/React-networking -I/Users/karelbraborec/rev-meter/ios/Pods/Headers/Public/React-oscompat -I/Users/karelbraborec/rev-meter/ios/Pods/Headers/Public/React-perflogger -I/Users/karelbraborec/rev-meter/ios/Pods/Headers/Public/React-performancecdpmetrics -I/Users/karelbraborec/rev-meter/ios/Pods/Headers/Public/React-performancetimeline -I/Users/karelbraborec/rev-meter/ios/Pods/Headers/Public/React-rendererconsistency -I/Users/karelbraborec/rev-meter/ios/Pods/Headers/Public/React-renderercss -I/Users/karelbraborec/rev-meter/ios/Pods/Headers/Public/React-rendererdebug -I/Users/karelbraborec/rev-meter/ios/Pods/Headers/Public/React-runtimeexecutor -I/Users/karelbraborec/rev-meter/ios/Pods/Headers/Public/React-runtimescheduler -I/Users/karelbraborec/rev-meter/ios/Pods/Headers/Public/React-timing -I/Users/karelbraborec/rev-meter/ios/Pods/Headers/Public/React-utils -I/Users/karelbraborec/rev-meter/ios/Pods/Headers/Public/React-viewtransitionnativemodule -I/Users/karelbraborec/rev-meter/ios/Pods/Headers/Public/React-webperformancenativemodule -I/Users/karelbraborec/rev-meter/ios/Pods/Headers/Public/ReactCodegen -I/Users/karelbraborec/rev-meter/ios/Pods/Headers/Public/ReactCommon -I/Users/karelbraborec/rev-meter/ios/Pods/Headers/Public/ReactNativeDependencies -I/Users/karelbraborec/rev-meter/ios/Pods/Headers/Public/Yoga -I/Users/karelbraborec/rev-meter/ios/Pods/Headers/Public/hermes-engine -I/Users/karelbraborec/rev-meter/ios/Pods/Headers/Public/react-native-safe-area-context -I/Users/karelbraborec/rev-meter/ios/Pods/Headers/Private/Yoga -I/Users/karelbraborec/rev-meter/ios/Pods/Headers/Private/Yoga -I/Users/karelbraborec/rev-meter/node_modules/react-native-safe-area-context/common/cpp -I/Users/karelbraborec/rev-meter/ios/Pods/ExpoModulesCore/ExpoModulesCore.xcframework/ios-arm64_x86_64-simulator/ExpoModulesCore.framework/Headers -I/Users/karelbraborec/rev-meter/ios/Pods/ExpoModulesCore/ExpoModulesCore.xcframework/ios-arm64/ExpoModulesCore.framework/Headers -I/Users/karelbraborec/rev-meter/ios/Pods/ExpoModulesCore/ExpoModulesCore.xcframework/ios-arm64_x86_64-simulator/ExpoModulesCore.framework/Headers -I/Users/karelbraborec/rev-meter/ios/Pods/ExpoModulesCore/ExpoModulesCore.xcframework/ios-arm64/ExpoModulesCore.framework/Headers -I/Users/karelbraborec/Library/Developer/Xcode/DerivedData/revmeter-hbcnswmlqmbpnlazhhkncgeowiss/Build/Intermediates.noindex/Pods.build/Debug-iphonesimulator/react-native-safe-area-context.build/DerivedSources-normal/arm64 -I/Users/karelbraborec/Library/Developer/Xcode/DerivedData/revmeter-hbcnswmlqmbpnlazhhkncgeowiss/Build/Intermediates.noindex/Pods.build/Debug-iphonesimulator/react-native-safe-area-context.build/DerivedSources/arm64 -I/Users/karelbraborec/Library/Developer/Xcode/DerivedData/revmeter-hbcnswmlqmbpnlazhhkncgeowiss/Build/Intermediates.noindex/Pods.build/Debug-iphonesimulator/react-native-safe-area-context.build/DerivedSources -F/Users/karelbraborec/Library/Developer/Xcode/DerivedData/revmeter-hbcnswmlqmbpnlazhhkncgeowiss/Build/Products/Debug-iphonesimulator/react-native-safe-area-context -F/Users/karelbraborec/rev-meter/ios/Pods/React-Core-prebuilt -F/Users/karelbraborec/rev-meter/ios/Pods/ReactNativeDependencies/framework/packages/react-native -F/Users/karelbraborec/rev-meter/ios/Pods/hermes-engine/destroot/Library/Frameworks/universal -F/Users/karelbraborec/Library/Developer/Xcode/DerivedData/revmeter-hbcnswmlqmbpnlazhhkncgeowiss/Build/Products/Debug-iphonesimulator/XCFrameworkIntermediates/React-Core-prebuilt -F/Users/karelbraborec/Library/Developer/Xcode/DerivedData/revmeter-hbcnswmlqmbpnlazhhkncgeowiss/Build/Products/Debug-iphonesimulator/XCFrameworkIntermediates/ReactNativeDependencies -F/Users/karelbraborec/Library/Developer/Xcode/DerivedData/revmeter-hbcnswmlqmbpnlazhhkncgeowiss/Build/Products/Debug-iphonesimulator/XCFrameworkIntermediates/hermes-engine/Pre-built '-DRCT_REMOVE_LEGACY_ARCH=1' '-fmodule-map-file=/Users/karelbraborec/rev-meter/ios/Pods/Headers/Public/ReactCodegen/ReactCodegen.modulemap' '-DRCT_REMOVE_LEGACY_ARCH=1' -ivfsoverlay /Users/karelbraborec/rev-meter/ios/Pods/React-Core-prebuilt/React-VFS.yaml '-DRCT_REMOVE_LEGACY_ARCH=1' '-DRCT_NEW_ARCH_ENABLED=1' -ivfsoverlay /Users/karelbraborec/rev-meter/ios/Pods/React-Core-prebuilt/React-VFS.yaml

WriteAuxiliaryFile /Users/karelbraborec/Library/Developer/Xcode/DerivedData/revmeter-hbcnswmlqmbpnlazhhkncgeowiss/Build/Intermediates.noindex/Pods.build/Debug-iphonesimulator/ReactCodegen.build/Script-46EB2E00026BF0.sh (in target 'ReactCodegen' from project 'Pods')
    cd /Users/karelbraborec/rev-meter/ios/Pods
    write-file /Users/karelbraborec/Library/Developer/Xcode/DerivedData/revmeter-hbcnswmlqmbpnlazhhkncgeowiss/Build/Intermediates.noindex/Pods.build/Debug-iphonesimulator/ReactCodegen.build/Script-46EB2E00026BF0.sh

WriteAuxiliaryFile /Users/karelbraborec/Library/Developer/Xcode/DerivedData/revmeter-hbcnswmlqmbpnlazhhkncgeowiss/Build/Intermediates.noindex/Pods.build/Debug-iphonesimulator/ReactCodegen.build/Script-46EB2E0001F460.sh (in target 'ReactCodegen' from project 'Pods')
    cd /Users/karelbraborec/rev-meter/ios/Pods
    write-file /Users/karelbraborec/Library/Developer/Xcode/DerivedData/revmeter-hbcnswmlqmbpnlazhhkncgeowiss/Build/Intermediates.noindex/Pods.build/Debug-iphonesimulator/ReactCodegen.build/Script-46EB2E0001F460.sh

WriteAuxiliaryFile /Users/karelbraborec/Library/Developer/Xcode/DerivedData/revmeter-hbcnswmlqmbpnlazhhkncgeowiss/Build/Intermediates.noindex/Pods.build/Debug-iphonesimulator/ReactCodegen.build/ReactCodegen.hmap (in target 'ReactCodegen' from project 'Pods')
    cd /Users/karelbraborec/rev-meter/ios/Pods
    write-file /Users/karelbraborec/Library/Developer/Xcode/DerivedData/revmeter-hbcnswmlqmbpnlazhhkncgeowiss/Build/Intermediates.noindex/Pods.build/Debug-iphonesimulator/ReactCodegen.build/ReactCodegen.hmap

WriteAuxiliaryFile /Users/karelbraborec/Library/Developer/Xcode/DerivedData/revmeter-hbcnswmlqmbpnlazhhkncgeowiss/Build/Intermediates.noindex/Pods.build/Debug-iphonesimulator/ReactCodegen.build/ReactCodegen.DependencyStaticMetadataFileList (in target 'ReactCodegen' from project 'Pods')
    cd /Users/karelbraborec/rev-meter/ios/Pods
    write-file /Users/karelbraborec/Library/Developer/Xcode/DerivedData/revmeter-hbcnswmlqmbpnlazhhkncgeowiss/Build/Intermediates.noindex/Pods.build/Debug-iphonesimulator/ReactCodegen.build/ReactCodegen.DependencyStaticMetadataFileList

WriteAuxiliaryFile /Users/karelbraborec/Library/Developer/Xcode/DerivedData/revmeter-hbcnswmlqmbpnlazhhkncgeowiss/Build/Intermediates.noindex/Pods.build/Debug-iphonesimulator/ReactCodegen.build/ReactCodegen.DependencyMetadataFileList (in target 'ReactCodegen' from project 'Pods')
    cd /Users/karelbraborec/rev-meter/ios/Pods
    write-file /Users/karelbraborec/Library/Developer/Xcode/DerivedData/revmeter-hbcnswmlqmbpnlazhhkncgeowiss/Build/Intermediates.noindex/Pods.build/Debug-iphonesimulator/ReactCodegen.build/ReactCodegen.DependencyMetadataFileList

WriteAuxiliaryFile /Users/karelbraborec/Library/Developer/Xcode/DerivedData/revmeter-hbcnswmlqmbpnlazhhkncgeowiss/Build/Intermediates.noindex/Pods.build/Debug-iphonesimulator/ReactCodegen.build/ReactCodegen-project-headers.hmap (in target 'ReactCodegen' from project 'Pods')
    cd /Users/karelbraborec/rev-meter/ios/Pods
    write-file /Users/karelbraborec/Library/Developer/Xcode/DerivedData/revmeter-hbcnswmlqmbpnlazhhkncgeowiss/Build/Intermediates.noindex/Pods.build/Debug-iphonesimulator/ReactCodegen.build/ReactCodegen-project-headers.hmap

WriteAuxiliaryFile /Users/karelbraborec/Library/Developer/Xcode/DerivedData/revmeter-hbcnswmlqmbpnlazhhkncgeowiss/Build/Intermediates.noindex/Pods.build/Debug-iphonesimulator/ReactCodegen.build/ReactCodegen-own-target-headers.hmap (in target 'ReactCodegen' from project 'Pods')
    cd /Users/karelbraborec/rev-meter/ios/Pods
    write-file /Users/karelbraborec/Library/Developer/Xcode/DerivedData/revmeter-hbcnswmlqmbpnlazhhkncgeowiss/Build/Intermediates.noindex/Pods.build/Debug-iphonesimulator/ReactCodegen.build/ReactCodegen-own-target-headers.hmap

WriteAuxiliaryFile /Users/karelbraborec/Library/Developer/Xcode/DerivedData/revmeter-hbcnswmlqmbpnlazhhkncgeowiss/Build/Intermediates.noindex/Pods.build/Debug-iphonesimulator/ReactCodegen.build/ReactCodegen-generated-files.hmap (in target 'ReactCodegen' from project 'Pods')
    cd /Users/karelbraborec/rev-meter/ios/Pods
    write-file /Users/karelbraborec/Library/Developer/Xcode/DerivedData/revmeter-hbcnswmlqmbpnlazhhkncgeowiss/Build/Intermediates.noindex/Pods.build/Debug-iphonesimulator/ReactCodegen.build/ReactCodegen-generated-files.hmap

WriteAuxiliaryFile /Users/karelbraborec/Library/Developer/Xcode/DerivedData/revmeter-hbcnswmlqmbpnlazhhkncgeowiss/Build/Intermediates.noindex/Pods.build/Debug-iphonesimulator/ReactCodegen.build/ReactCodegen-all-target-headers.hmap (in target 'ReactCodegen' from project 'Pods')
    cd /Users/karelbraborec/rev-meter/ios/Pods
    write-file /Users/karelbraborec/Library/Developer/Xcode/DerivedData/revmeter-hbcnswmlqmbpnlazhhkncgeowiss/Build/Intermediates.noindex/Pods.build/Debug-iphonesimulator/ReactCodegen.build/ReactCodegen-all-target-headers.hmap

WriteAuxiliaryFile /Users/karelbraborec/Library/Developer/Xcode/DerivedData/revmeter-hbcnswmlqmbpnlazhhkncgeowiss/Build/Intermediates.noindex/Pods.build/Debug-iphonesimulator/ReactCodegen.build/ReactCodegen-all-non-framework-target-headers.hmap (in target 'ReactCodegen' from project 'Pods')
    cd /Users/karelbraborec/rev-meter/ios/Pods
    write-file /Users/karelbraborec/Library/Developer/Xcode/DerivedData/revmeter-hbcnswmlqmbpnlazhhkncgeowiss/Build/Intermediates.noindex/Pods.build/Debug-iphonesimulator/ReactCodegen.build/ReactCodegen-all-non-framework-target-headers.hmap

WriteAuxiliaryFile /Users/karelbraborec/Library/Developer/Xcode/DerivedData/revmeter-hbcnswmlqmbpnlazhhkncgeowiss/Build/Intermediates.noindex/Pods.build/Debug-iphonesimulator/ReactCodegen.build/Objects-normal/x86_64/e6072d4f65d7061329687fe24e3d63a7-common-args.resp (in target 'ReactCodegen' from project 'Pods')
    cd /Users/karelbraborec/rev-meter/ios/Pods
    write-file /Users/karelbraborec/Library/Developer/Xcode/DerivedData/revmeter-hbcnswmlqmbpnlazhhkncgeowiss/Build/Intermediates.noindex/Pods.build/Debug-iphonesimulator/ReactCodegen.build/Objects-normal/x86_64/e6072d4f65d7061329687fe24e3d63a7-common-args.resp
'-std=gnu11' -fobjc-arc -fmodules '-fmodules-cache-path=/Users/karelbraborec/Library/Developer/Xcode/DerivedData/ModuleCache.noindex' -fpascal-strings -O0 -fno-common '-DPOD_CONFIGURATION_DEBUG=1' '-DDEBUG=1' '-DCOCOAPODS=1' '-DOBJC_OLD_DISPATCH_PROTOTYPES=0' -fasm-blocks -g '-fobjc-abi-version=2' -fobjc-legacy-dispatch -iquote /Users/karelbraborec/Library/Developer/Xcode/DerivedData/revmeter-hbcnswmlqmbpnlazhhkncgeowiss/Build/Intermediates.noindex/Pods.build/Debug-iphonesimulator/ReactCodegen.build/ReactCodegen-generated-files.hmap -I/Users/karelbraborec/Library/Developer/Xcode/DerivedData/revmeter-hbcnswmlqmbpnlazhhkncgeowiss/Build/Intermediates.noindex/Pods.build/Debug-iphonesimulator/ReactCodegen.build/ReactCodegen-own-target-headers.hmap -I/Users/karelbraborec/Library/Developer/Xcode/DerivedData/revmeter-hbcnswmlqmbpnlazhhkncgeowiss/Build/Intermediates.noindex/Pods.build/Debug-iphonesimulator/ReactCodegen.build/ReactCodegen-all-non-framework-target-headers.hmap -ivfsoverlay /Users/karelbraborec/Library/Developer/Xcode/DerivedData/revmeter-hbcnswmlqmbpnlazhhkncgeowiss/Build/Intermediates.noindex/Pods.build/Debug-iphonesimulator/Pods-8699adb1dd336b26511df848a716bd42-VFS-iphonesimulator/all-product-headers.yaml -iquote /Users/karelbraborec/Library/Developer/Xcode/DerivedData/revmeter-hbcnswmlqmbpnlazhhkncgeowiss/Build/Intermediates.noindex/Pods.build/Debug-iphonesimulator/ReactCodegen.build/ReactCodegen-project-headers.hmap -I/Users/karelbraborec/Library/Developer/Xcode/DerivedData/revmeter-hbcnswmlqmbpnlazhhkncgeowiss/Build/Products/Debug-iphonesimulator/ReactCodegen/include -I/Users/karelbraborec/rev-meter/ios/Pods/Headers/Private -I/Users/karelbraborec/rev-meter/ios/Pods/Headers/Private/ReactCodegen -I/Users/karelbraborec/rev-meter/ios/Pods/Headers/Public -I/Users/karelbraborec/rev-meter/ios/Pods/Headers/Public/FBLazyVector -I/Users/karelbraborec/rev-meter/ios/Pods/Headers/Public/RCTRequired -I/Users/karelbraborec/rev-meter/ios/Pods/Headers/Public/RCTSwiftUIWrapper -I/Users/karelbraborec/rev-meter/ios/Pods/Headers/Public/RCTTypeSafety -I/Users/karelbraborec/rev-meter/ios/Pods/Headers/Public/React-Core -I/Users/karelbraborec/rev-meter/ios/Pods/Headers/Public/React-Core-prebuilt -I/Users/karelbraborec/rev-meter/ios/Pods/Headers/Public/React-CoreModules -I/Users/karelbraborec/rev-meter/ios/Pods/Headers/Public/React-Fabric -I/Users/karelbraborec/rev-meter/ios/Pods/Headers/Public/React-FabricComponents -I/Users/karelbraborec/rev-meter/ios/Pods/Headers/Public/React-FabricImage -I/Users/karelbraborec/rev-meter/ios/Pods/Headers/Public/React-ImageManager -I/Users/karelbraborec/rev-meter/ios/Pods/Headers/Public/React-Mapbuffer -I/Users/karelbraborec/rev-meter/ios/Pods/Headers/Public/React-NativeModulesApple -I/Users/karelbraborec/rev-meter/ios/Pods/Headers/Public/React-RCTAnimation -I/Users/karelbraborec/rev-meter/ios/Pods/Headers/Public/React-RCTBlob -I/Users/karelbraborec/rev-meter/ios/Pods/Headers/Public/React-RCTFBReactNativeSpec -I/Users/karelbraborec/rev-meter/ios/Pods/Headers/Public/React-RCTFabric -I/Users/karelbraborec/rev-meter/ios/Pods/Headers/Public/React-RCTImage -I/Users/karelbraborec/rev-meter/ios/Pods/Headers/Public/React-RCTRuntime -I/Users/karelbraborec/rev-meter/ios/Pods/Headers/Public/React-RCTText -I/Users/karelbraborec/rev-meter/ios/Pods/Headers/Public/React-RuntimeApple -I/Users/karelbraborec/rev-meter/ios/Pods/Headers/Public/React-RuntimeCore -I/Users/karelbraborec/rev-meter/ios/Pods/Headers/Public/React-RuntimeHermes -I/Users/karelbraborec/rev-meter/ios/Pods/Headers/Public/React-callinvoker -I/Users/karelbraborec/rev-meter/ios/Pods/Headers/Public/React-cxxreact -I/Users/karelbraborec/rev-meter/ios/Pods/Headers/Public/React-debug -I/Users/karelbraborec/rev-meter/ios/Pods/Headers/Public/React-defaultsnativemodule -I/Users/karelbraborec/rev-meter/ios/Pods/Headers/Public/React-domnativemodule -I/Users/karelbraborec/rev-meter/ios/Pods/Headers/Public/React-featureflags -I/Users/karelbraborec/rev-meter/ios/Pods/Headers/Public/React-featureflagsnativemodule -I/Users/karelbraborec/rev-meter/ios/Pods/Headers/Public/React-graphics -I/Users/karelbraborec/rev-meter/ios/Pods/Headers/Public/React-hermes -I/Users/karelbraborec/rev-meter/ios/Pods/Headers/Public/React-idlecallbacksnativemodule -I/Users/karelbraborec/rev-meter/ios/Pods/Headers/Public/React-intersectionobservernativemodule -I/Users/karelbraborec/rev-meter/ios/Pods/Headers/Public/React-jserrorhandler -I/Users/karelbraborec/rev-meter/ios/Pods/Headers/Public/React-jsi -I/Users/karelbraborec/rev-meter/ios/Pods/Headers/Public/React-jsiexecutor -I/Users/karelbraborec/rev-meter/ios/Pods/Headers/Public/React-jsinspector -I/Users/karelbraborec/rev-meter/ios/Pods/Headers/Public/React-jsinspectorcdp -I/Users/karelbraborec/rev-meter/ios/Pods/Headers/Public/React-jsinspectornetwork -I/Users/karelbraborec/rev-meter/ios/Pods/Headers/Public/React-jsinspectortracing -I/Users/karelbraborec/rev-meter/ios/Pods/Headers/Public/React-jsitooling -I/Users/karelbraborec/rev-meter/ios/Pods/Headers/Public/React-logger -I/Users/karelbraborec/rev-meter/ios/Pods/Headers/Public/React-microtasksnativemodule -I/Users/karelbraborec/rev-meter/ios/Pods/Headers/Public/React-mutationobservernativemodule -I/Users/karelbraborec/rev-meter/ios/Pods/Headers/Public/React-networking -I/Users/karelbraborec/rev-meter/ios/Pods/Headers/Public/React-oscompat -I/Users/karelbraborec/rev-meter/ios/Pods/Headers/Public/React-perflogger -I/Users/karelbraborec/rev-meter/ios/Pods/Headers/Public/React-performancecdpmetrics -I/Users/karelbraborec/rev-meter/ios/Pods/Headers/Public/React-performancetimeline -I/Users/karelbraborec/rev-meter/ios/Pods/Headers/Public/React-rendererconsistency -I/Users/karelbraborec/rev-meter/ios/Pods/Headers/Public/React-renderercss -I/Users/karelbraborec/rev-meter/ios/Pods/Headers/Public/React-rendererdebug -I/Users/karelbraborec/rev-meter/ios/Pods/Headers/Public/React-runtimeexecutor -I/Users/karelbraborec/rev-meter/ios/Pods/Headers/Public/React-runtimescheduler -I/Users/karelbraborec/rev-meter/ios/Pods/Headers/Public/React-timing -I/Users/karelbraborec/rev-meter/ios/Pods/Headers/Public/React-utils -I/Users/karelbraborec/rev-meter/ios/Pods/Headers/Public/React-viewtransitionnativemodule -I/Users/karelbraborec/rev-meter/ios/Pods/Headers/Public/React-webperformancenativemodule -I/Users/karelbraborec/rev-meter/ios/Pods/Headers/Public/ReactCodegen -I/Users/karelbraborec/rev-meter/ios/Pods/Headers/Public/ReactCommon -I/Users/karelbraborec/rev-meter/ios/Pods/Headers/Public/ReactNativeDependencies -I/Users/karelbraborec/rev-meter/ios/Pods/Headers/Public/Yoga -I/Users/karelbraborec/rev-meter/ios/Pods/Headers/Public/hermes-engine -I/Users/karelbraborec/rev-meter/ios/Pods/ReactNativeDependencies -I/Users/karelbraborec/rev-meter/ios/Pods/Headers/Public/ReactCodegen/react/renderer/components -I/Users/karelbraborec/rev-meter/ios/Pods/Headers/Private/React-Fabric -I/Users/karelbraborec/rev-meter/ios/Pods/Headers/Private/React-RCTFabric -I/Users/karelbraborec/rev-meter/ios/Pods/Headers/Private/Yoga -I/Users/karelbraborec/rev-meter/ios/build/generated/ios/ReactCodegen -I/Users/karelbraborec/rev-meter/ios/Pods/ExpoModulesCore/ExpoModulesCore.xcframework/ios-arm64_x86_64-simulator/ExpoModulesCore.framework/Headers -I/Users/karelbraborec/rev-meter/ios/Pods/ExpoModulesCore/ExpoModulesCore.xcframework/ios-arm64/ExpoModulesCore.framework/Headers -I/Users/karelbraborec/rev-meter/ios/Pods/ExpoModulesCore/ExpoModulesCore.xcframework/ios-arm64_x86_64-simulator/ExpoModulesCore.framework/Headers -I/Users/karelbraborec/rev-meter/ios/Pods/ExpoModulesCore/ExpoModulesCore.xcframework/ios-arm64/ExpoModulesCore.framework/Headers -I/Users/karelbraborec/Library/Developer/Xcode/DerivedData/revmeter-hbcnswmlqmbpnlazhhkncgeowiss/Build/Intermediates.noindex/Pods.build/Debug-iphonesimulator/ReactCodegen.build/DerivedSources-normal/x86_64 -I/Users/karelbraborec/Library/Developer/Xcode/DerivedData/revmeter-hbcnswmlqmbpnlazhhkncgeowiss/Build/Intermediates.noindex/Pods.build/Debug-iphonesimulator/ReactCodegen.build/DerivedSources/x86_64 -I/Users/karelbraborec/Library/Developer/Xcode/DerivedData/revmeter-hbcnswmlqmbpnlazhhkncgeowiss/Build/Intermediates.noindex/Pods.build/Debug-iphonesimulator/ReactCodegen.build/DerivedSources -F/Users/karelbraborec/Library/Developer/Xcode/DerivedData/revmeter-hbcnswmlqmbpnlazhhkncgeowiss/Build/Products/Debug-iphonesimulator/ReactCodegen -F/Users/karelbraborec/rev-meter/ios/Pods/React-Core-prebuilt -F/Users/karelbraborec/rev-meter/ios/Pods/ReactNativeDependencies/framework/packages/react-native -F/Users/karelbraborec/rev-meter/ios/Pods/hermes-engine/destroot/Library/Frameworks/universal -F/Users/karelbraborec/Library/Developer/Xcode/DerivedData/revmeter-hbcnswmlqmbpnlazhhkncgeowiss/Build/Products/Debug-iphonesimulator/XCFrameworkIntermediates/React-Core-prebuilt -F/Users/karelbraborec/Library/Developer/Xcode/DerivedData/revmeter-hbcnswmlqmbpnlazhhkncgeowiss/Build/Products/Debug-iphonesimulator/XCFrameworkIntermediates/ReactNativeDependencies -F/Users/karelbraborec/Library/Developer/Xcode/DerivedData/revmeter-hbcnswmlqmbpnlazhhkncgeowiss/Build/Products/Debug-iphonesimulator/XCFrameworkIntermediates/hermes-engine/Pre-built '-DRCT_REMOVE_LEGACY_ARCH=1' -ivfsoverlay /Users/karelbraborec/rev-meter/ios/Pods/React-Core-prebuilt/React-VFS.yaml

WriteAuxiliaryFile /Users/karelbraborec/Library/Developer/Xcode/DerivedData/revmeter-hbcnswmlqmbpnlazhhkncgeowiss/Build/Intermediates.noindex/Pods.build/Debug-iphonesimulator/ReactCodegen.build/Objects-normal/x86_64/af3fcb34312c57c0f52879cdce924b91-common-args.resp (in target 'ReactCodegen' from project 'Pods')
    cd /Users/karelbraborec/rev-meter/ios/Pods
    write-file /Users/karelbraborec/Library/Developer/Xcode/DerivedData/revmeter-hbcnswmlqmbpnlazhhkncgeowiss/Build/Intermediates.noindex/Pods.build/Debug-iphonesimulator/ReactCodegen.build/Objects-normal/x86_64/af3fcb34312c57c0f52879cdce924b91-common-args.resp
'-std=c++20' '-stdlib=libc++' -fobjc-arc -fmodules -fno-cxx-modules '-fmodules-cache-path=/Users/karelbraborec/Library/Developer/Xcode/DerivedData/ModuleCache.noindex' '-D_LIBCPP_HARDENING_MODE=_LIBCPP_HARDENING_MODE_DEBUG' -fpascal-strings -O0 -fno-common '-DPOD_CONFIGURATION_DEBUG=1' '-DDEBUG=1' '-DCOCOAPODS=1' '-DOBJC_OLD_DISPATCH_PROTOTYPES=0' -fasm-blocks -g '-fobjc-abi-version=2' -fobjc-legacy-dispatch -iquote /Users/karelbraborec/Library/Developer/Xcode/DerivedData/revmeter-hbcnswmlqmbpnlazhhkncgeowiss/Build/Intermediates.noindex/Pods.build/Debug-iphonesimulator/ReactCodegen.build/ReactCodegen-generated-files.hmap -I/Users/karelbraborec/Library/Developer/Xcode/DerivedData/revmeter-hbcnswmlqmbpnlazhhkncgeowiss/Build/Intermediates.noindex/Pods.build/Debug-iphonesimulator/ReactCodegen.build/ReactCodegen-own-target-headers.hmap -I/Users/karelbraborec/Library/Developer/Xcode/DerivedData/revmeter-hbcnswmlqmbpnlazhhkncgeowiss/Build/Intermediates.noindex/Pods.build/Debug-iphonesimulator/ReactCodegen.build/ReactCodegen-all-non-framework-target-headers.hmap -ivfsoverlay /Users/karelbraborec/Library/Developer/Xcode/DerivedData/revmeter-hbcnswmlqmbpnlazhhkncgeowiss/Build/Intermediates.noindex/Pods.build/Debug-iphonesimulator/Pods-8699adb1dd336b26511df848a716bd42-VFS-iphonesimulator/all-product-headers.yaml -iquote /Users/karelbraborec/Library/Developer/Xcode/DerivedData/revmeter-hbcnswmlqmbpnlazhhkncgeowiss/Build/Intermediates.noindex/Pods.build/Debug-iphonesimulator/ReactCodegen.build/ReactCodegen-project-headers.hmap -I/Users/karelbraborec/Library/Developer/Xcode/DerivedData/revmeter-hbcnswmlqmbpnlazhhkncgeowiss/Build/Products/Debug-iphonesimulator/ReactCodegen/include -I/Users/karelbraborec/rev-meter/ios/Pods/Headers/Private -I/Users/karelbraborec/rev-meter/ios/Pods/Headers/Private/ReactCodegen -I/Users/karelbraborec/rev-meter/ios/Pods/Headers/Public -I/Users/karelbraborec/rev-meter/ios/Pods/Headers/Public/FBLazyVector -I/Users/karelbraborec/rev-meter/ios/Pods/Headers/Public/RCTRequired -I/Users/karelbraborec/rev-meter/ios/Pods/Headers/Public/RCTSwiftUIWrapper -I/Users/karelbraborec/rev-meter/ios/Pods/Headers/Public/RCTTypeSafety -I/Users/karelbraborec/rev-meter/ios/Pods/Headers/Public/React-Core -I/Users/karelbraborec/rev-meter/ios/Pods/Headers/Public/React-Core-prebuilt -I/Users/karelbraborec/rev-meter/ios/Pods/Headers/Public/React-CoreModules -I/Users/karelbraborec/rev-meter/ios/Pods/Headers/Public/React-Fabric -I/Users/karelbraborec/rev-meter/ios/Pods/Headers/Public/React-FabricComponents -I/Users/karelbraborec/rev-meter/ios/Pods/Headers/Public/React-FabricImage -I/Users/karelbraborec/rev-meter/ios/Pods/Headers/Public/React-ImageManager -I/Users/karelbraborec/rev-meter/ios/Pods/Headers/Public/React-Mapbuffer -I/Users/karelbraborec/rev-meter/ios/Pods/Headers/Public/React-NativeModulesApple -I/Users/karelbraborec/rev-meter/ios/Pods/Headers/Public/React-RCTAnimation -I/Users/karelbraborec/rev-meter/ios/Pods/Headers/Public/React-RCTBlob -I/Users/karelbraborec/rev-meter/ios/Pods/Headers/Public/React-RCTFBReactNativeSpec -I/Users/karelbraborec/rev-meter/ios/Pods/Headers/Public/React-RCTFabric -I/Users/karelbraborec/rev-meter/ios/Pods/Headers/Public/React-RCTImage -I/Users/karelbraborec/rev-meter/ios/Pods/Headers/Public/React-RCTRuntime -I/Users/karelbraborec/rev-meter/ios/Pods/Headers/Public/React-RCTText -I/Users/karelbraborec/rev-meter/ios/Pods/Headers/Public/React-RuntimeApple -I/Users/karelbraborec/rev-meter/ios/Pods/Headers/Public/React-RuntimeCore -I/Users/karelbraborec/rev-meter/ios/Pods/Headers/Public/React-RuntimeHermes -I/Users/karelbraborec/rev-meter/ios/Pods/Headers/Public/React-callinvoker -I/Users/karelbraborec/rev-meter/ios/Pods/Headers/Public/React-cxxreact -I/Users/karelbraborec/rev-meter/ios/Pods/Headers/Public/React-debug -I/Users/karelbraborec/rev-meter/ios/Pods/Headers/Public/React-defaultsnativemodule -I/Users/karelbraborec/rev-meter/ios/Pods/Headers/Public/React-domnativemodule -I/Users/karelbraborec/rev-meter/ios/Pods/Headers/Public/React-featureflags -I/Users/karelbraborec/rev-meter/ios/Pods/Headers/Public/React-featureflagsnativemodule -I/Users/karelbraborec/rev-meter/ios/Pods/Headers/Public/React-graphics -I/Users/karelbraborec/rev-meter/ios/Pods/Headers/Public/React-hermes -I/Users/karelbraborec/rev-meter/ios/Pods/Headers/Public/React-idlecallbacksnativemodule -I/Users/karelbraborec/rev-meter/ios/Pods/Headers/Public/React-intersectionobservernativemodule -I/Users/karelbraborec/rev-meter/ios/Pods/Headers/Public/React-jserrorhandler -I/Users/karelbraborec/rev-meter/ios/Pods/Headers/Public/React-jsi -I/Users/karelbraborec/rev-meter/ios/Pods/Headers/Public/React-jsiexecutor -I/Users/karelbraborec/rev-meter/ios/Pods/Headers/Public/React-jsinspector -I/Users/karelbraborec/rev-meter/ios/Pods/Headers/Public/React-jsinspectorcdp -I/Users/karelbraborec/rev-meter/ios/Pods/Headers/Public/React-jsinspectornetwork -I/Users/karelbraborec/rev-meter/ios/Pods/Headers/Public/React-jsinspectortracing -I/Users/karelbraborec/rev-meter/ios/Pods/Headers/Public/React-jsitooling -I/Users/karelbraborec/rev-meter/ios/Pods/Headers/Public/React-logger -I/Users/karelbraborec/rev-meter/ios/Pods/Headers/Public/React-microtasksnativemodule -I/Users/karelbraborec/rev-meter/ios/Pods/Headers/Public/React-mutationobservernativemodule -I/Users/karelbraborec/rev-meter/ios/Pods/Headers/Public/React-networking -I/Users/karelbraborec/rev-meter/ios/Pods/Headers/Public/React-oscompat -I/Users/karelbraborec/rev-meter/ios/Pods/Headers/Public/React-perflogger -I/Users/karelbraborec/rev-meter/ios/Pods/Headers/Public/React-performancecdpmetrics -I/Users/karelbraborec/rev-meter/ios/Pods/Headers/Public/React-performancetimeline -I/Users/karelbraborec/rev-meter/ios/Pods/Headers/Public/React-rendererconsistency -I/Users/karelbraborec/rev-meter/ios/Pods/Headers/Public/React-renderercss -I/Users/karelbraborec/rev-meter/ios/Pods/Headers/Public/React-rendererdebug -I/Users/karelbraborec/rev-meter/ios/Pods/Headers/Public/React-runtimeexecutor -I/Users/karelbraborec/rev-meter/ios/Pods/Headers/Public/React-runtimescheduler -I/Users/karelbraborec/rev-meter/ios/Pods/Headers/Public/React-timing -I/Users/karelbraborec/rev-meter/ios/Pods/Headers/Public/React-utils -I/Users/karelbraborec/rev-meter/ios/Pods/Headers/Public/React-viewtransitionnativemodule -I/Users/karelbraborec/rev-meter/ios/Pods/Headers/Public/React-webperformancenativemodule -I/Users/karelbraborec/rev-meter/ios/Pods/Headers/Public/ReactCodegen -I/Users/karelbraborec/rev-meter/ios/Pods/Headers/Public/ReactCommon -I/Users/karelbraborec/rev-meter/ios/Pods/Headers/Public/ReactNativeDependencies -I/Users/karelbraborec/rev-meter/ios/Pods/Headers/Public/Yoga -I/Users/karelbraborec/rev-meter/ios/Pods/Headers/Public/hermes-engine -I/Users/karelbraborec/rev-meter/ios/Pods/ReactNativeDependencies -I/Users/karelbraborec/rev-meter/ios/Pods/Headers/Public/ReactCodegen/react/renderer/components -I/Users/karelbraborec/rev-meter/ios/Pods/Headers/Private/React-Fabric -I/Users/karelbraborec/rev-meter/ios/Pods/Headers/Private/React-RCTFabric -I/Users/karelbraborec/rev-meter/ios/Pods/Headers/Private/Yoga -I/Users/karelbraborec/rev-meter/ios/build/generated/ios/ReactCodegen -I/Users/karelbraborec/rev-meter/ios/Pods/ExpoModulesCore/ExpoModulesCore.xcframework/ios-arm64_x86_64-simulator/ExpoModulesCore.framework/Headers -I/Users/karelbraborec/rev-meter/ios/Pods/ExpoModulesCore/ExpoModulesCore.xcframework/ios-arm64/ExpoModulesCore.framework/Headers -I/Users/karelbraborec/rev-meter/ios/Pods/ExpoModulesCore/ExpoModulesCore.xcframework/ios-arm64_x86_64-simulator/ExpoModulesCore.framework/Headers -I/Users/karelbraborec/rev-meter/ios/Pods/ExpoModulesCore/ExpoModulesCore.xcframework/ios-arm64/ExpoModulesCore.framework/Headers -I/Users/karelbraborec/Library/Developer/Xcode/DerivedData/revmeter-hbcnswmlqmbpnlazhhkncgeowiss/Build/Intermediates.noindex/Pods.build/Debug-iphonesimulator/ReactCodegen.build/DerivedSources-normal/x86_64 -I/Users/karelbraborec/Library/Developer/Xcode/DerivedData/revmeter-hbcnswmlqmbpnlazhhkncgeowiss/Build/Intermediates.noindex/Pods.build/Debug-iphonesimulator/ReactCodegen.build/DerivedSources/x86_64 -I/Users/karelbraborec/Library/Developer/Xcode/DerivedData/revmeter-hbcnswmlqmbpnlazhhkncgeowiss/Build/Intermediates.noindex/Pods.build/Debug-iphonesimulator/ReactCodegen.build/DerivedSources -F/Users/karelbraborec/Library/Developer/Xcode/DerivedData/revmeter-hbcnswmlqmbpnlazhhkncgeowiss/Build/Products/Debug-iphonesimulator/ReactCodegen -F/Users/karelbraborec/rev-meter/ios/Pods/React-Core-prebuilt -F/Users/karelbraborec/rev-meter/ios/Pods/ReactNativeDependencies/framework/packages/react-native -F/Users/karelbraborec/rev-meter/ios/Pods/hermes-engine/destroot/Library/Frameworks/universal -F/Users/karelbraborec/Library/Developer/Xcode/DerivedData/revmeter-hbcnswmlqmbpnlazhhkncgeowiss/Build/Products/Debug-iphonesimulator/XCFrameworkIntermediates/React-Core-prebuilt -F/Users/karelbraborec/Library/Developer/Xcode/DerivedData/revmeter-hbcnswmlqmbpnlazhhkncgeowiss/Build/Products/Debug-iphonesimulator/XCFrameworkIntermediates/ReactNativeDependencies -F/Users/karelbraborec/Library/Developer/Xcode/DerivedData/revmeter-hbcnswmlqmbpnlazhhkncgeowiss/Build/Products/Debug-iphonesimulator/XCFrameworkIntermediates/hermes-engine/Pre-built '-DRCT_REMOVE_LEGACY_ARCH=1' -ivfsoverlay /Users/karelbraborec/rev-meter/ios/Pods/React-Core-prebuilt/React-VFS.yaml '-DRCT_REMOVE_LEGACY_ARCH=1' '-DFOLLY_MOBILE=1' '-DFOLLY_USE_LIBCPP=1' '-DFOLLY_CFG_NO_COROUTINES=1' '-DFOLLY_HAVE_CLOCK_GETTIME=1' -ivfsoverlay /Users/karelbraborec/rev-meter/ios/Pods/React-Core-prebuilt/React-VFS.yaml

WriteAuxiliaryFile /Users/karelbraborec/Library/Developer/Xcode/DerivedData/revmeter-hbcnswmlqmbpnlazhhkncgeowiss/Build/Intermediates.noindex/Pods.build/Debug-iphonesimulator/ReactCodegen.build/Objects-normal/x86_64/ReactCodegen.LinkFileList (in target 'ReactCodegen' from project 'Pods')
    cd /Users/karelbraborec/rev-meter/ios/Pods
    write-file /Users/karelbraborec/Library/Developer/Xcode/DerivedData/revmeter-hbcnswmlqmbpnlazhhkncgeowiss/Build/Intermediates.noindex/Pods.build/Debug-iphonesimulator/ReactCodegen.build/Objects-normal/x86_64/ReactCodegen.LinkFileList

WriteAuxiliaryFile /Users/karelbraborec/Library/Developer/Xcode/DerivedData/revmeter-hbcnswmlqmbpnlazhhkncgeowiss/Build/Intermediates.noindex/Pods.build/Debug-iphonesimulator/ReactCodegen.build/Objects-normal/x86_64/82b82416624d2658e5098eb0a28c15c5-common-args.resp (in target 'ReactCodegen' from project 'Pods')
    cd /Users/karelbraborec/rev-meter/ios/Pods
    write-file /Users/karelbraborec/Library/Developer/Xcode/DerivedData/revmeter-hbcnswmlqmbpnlazhhkncgeowiss/Build/Intermediates.noindex/Pods.build/Debug-iphonesimulator/ReactCodegen.build/Objects-normal/x86_64/82b82416624d2658e5098eb0a28c15c5-common-args.resp
'-std=c++20' '-stdlib=libc++' -fmodules -fno-cxx-modules '-fmodules-cache-path=/Users/karelbraborec/Library/Developer/Xcode/DerivedData/ModuleCache.noindex' '-D_LIBCPP_HARDENING_MODE=_LIBCPP_HARDENING_MODE_DEBUG' -fpascal-strings -O0 -fno-common '-DPOD_CONFIGURATION_DEBUG=1' '-DDEBUG=1' '-DCOCOAPODS=1' -fasm-blocks -g -iquote /Users/karelbraborec/Library/Developer/Xcode/DerivedData/revmeter-hbcnswmlqmbpnlazhhkncgeowiss/Build/Intermediates.noindex/Pods.build/Debug-iphonesimulator/ReactCodegen.build/ReactCodegen-generated-files.hmap -I/Users/karelbraborec/Library/Developer/Xcode/DerivedData/revmeter-hbcnswmlqmbpnlazhhkncgeowiss/Build/Intermediates.noindex/Pods.build/Debug-iphonesimulator/ReactCodegen.build/ReactCodegen-own-target-headers.hmap -I/Users/karelbraborec/Library/Developer/Xcode/DerivedData/revmeter-hbcnswmlqmbpnlazhhkncgeowiss/Build/Intermediates.noindex/Pods.build/Debug-iphonesimulator/ReactCodegen.build/ReactCodegen-all-non-framework-target-headers.hmap -ivfsoverlay /Users/karelbraborec/Library/Developer/Xcode/DerivedData/revmeter-hbcnswmlqmbpnlazhhkncgeowiss/Build/Intermediates.noindex/Pods.build/Debug-iphonesimulator/Pods-8699adb1dd336b26511df848a716bd42-VFS-iphonesimulator/all-product-headers.yaml -iquote /Users/karelbraborec/Library/Developer/Xcode/DerivedData/revmeter-hbcnswmlqmbpnlazhhkncgeowiss/Build/Intermediates.noindex/Pods.build/Debug-iphonesimulator/ReactCodegen.build/ReactCodegen-project-headers.hmap -I/Users/karelbraborec/Library/Developer/Xcode/DerivedData/revmeter-hbcnswmlqmbpnlazhhkncgeowiss/Build/Products/Debug-iphonesimulator/ReactCodegen/include -I/Users/karelbraborec/rev-meter/ios/Pods/Headers/Private -I/Users/karelbraborec/rev-meter/ios/Pods/Headers/Private/ReactCodegen -I/Users/karelbraborec/rev-meter/ios/Pods/Headers/Public -I/Users/karelbraborec/rev-meter/ios/Pods/Headers/Public/FBLazyVector -I/Users/karelbraborec/rev-meter/ios/Pods/Headers/Public/RCTRequired -I/Users/karelbraborec/rev-meter/ios/Pods/Headers/Public/RCTSwiftUIWrapper -I/Users/karelbraborec/rev-meter/ios/Pods/Headers/Public/RCTTypeSafety -I/Users/karelbraborec/rev-meter/ios/Pods/Headers/Public/React-Core -I/Users/karelbraborec/rev-meter/ios/Pods/Headers/Public/React-Core-prebuilt -I/Users/karelbraborec/rev-meter/ios/Pods/Headers/Public/React-CoreModules -I/Users/karelbraborec/rev-meter/ios/Pods/Headers/Public/React-Fabric -I/Users/karelbraborec/rev-meter/ios/Pods/Headers/Public/React-FabricComponents -I/Users/karelbraborec/rev-meter/ios/Pods/Headers/Public/React-FabricImage -I/Users/karelbraborec/rev-meter/ios/Pods/Headers/Public/React-ImageManager -I/Users/karelbraborec/rev-meter/ios/Pods/Headers/Public/React-Mapbuffer -I/Users/karelbraborec/rev-meter/ios/Pods/Headers/Public/React-NativeModulesApple -I/Users/karelbraborec/rev-meter/ios/Pods/Headers/Public/React-RCTAnimation -I/Users/karelbraborec/rev-meter/ios/Pods/Headers/Public/React-RCTBlob -I/Users/karelbraborec/rev-meter/ios/Pods/Headers/Public/React-RCTFBReactNativeSpec -I/Users/karelbraborec/rev-meter/ios/Pods/Headers/Public/React-RCTFabric -I/Users/karelbraborec/rev-meter/ios/Pods/Headers/Public/React-RCTImage -I/Users/karelbraborec/rev-meter/ios/Pods/Headers/Public/React-RCTRuntime -I/Users/karelbraborec/rev-meter/ios/Pods/Headers/Public/React-RCTText -I/Users/karelbraborec/rev-meter/ios/Pods/Headers/Public/React-RuntimeApple -I/Users/karelbraborec/rev-meter/ios/Pods/Headers/Public/React-RuntimeCore -I/Users/karelbraborec/rev-meter/ios/Pods/Headers/Public/React-RuntimeHermes -I/Users/karelbraborec/rev-meter/ios/Pods/Headers/Public/React-callinvoker -I/Users/karelbraborec/rev-meter/ios/Pods/Headers/Public/React-cxxreact -I/Users/karelbraborec/rev-meter/ios/Pods/Headers/Public/React-debug -I/Users/karelbraborec/rev-meter/ios/Pods/Headers/Public/React-defaultsnativemodule -I/Users/karelbraborec/rev-meter/ios/Pods/Headers/Public/React-domnativemodule -I/Users/karelbraborec/rev-meter/ios/Pods/Headers/Public/React-featureflags -I/Users/karelbraborec/rev-meter/ios/Pods/Headers/Public/React-featureflagsnativemodule -I/Users/karelbraborec/rev-meter/ios/Pods/Headers/Public/React-graphics -I/Users/karelbraborec/rev-meter/ios/Pods/Headers/Public/React-hermes -I/Users/karelbraborec/rev-meter/ios/Pods/Headers/Public/React-idlecallbacksnativemodule -I/Users/karelbraborec/rev-meter/ios/Pods/Headers/Public/React-intersectionobservernativemodule -I/Users/karelbraborec/rev-meter/ios/Pods/Headers/Public/React-jserrorhandler -I/Users/karelbraborec/rev-meter/ios/Pods/Headers/Public/React-jsi -I/Users/karelbraborec/rev-meter/ios/Pods/Headers/Public/React-jsiexecutor -I/Users/karelbraborec/rev-meter/ios/Pods/Headers/Public/React-jsinspector -I/Users/karelbraborec/rev-meter/ios/Pods/Headers/Public/React-jsinspectorcdp -I/Users/karelbraborec/rev-meter/ios/Pods/Headers/Public/React-jsinspectornetwork -I/Users/karelbraborec/rev-meter/ios/Pods/Headers/Public/React-jsinspectortracing -I/Users/karelbraborec/rev-meter/ios/Pods/Headers/Public/React-jsitooling -I/Users/karelbraborec/rev-meter/ios/Pods/Headers/Public/React-logger -I/Users/karelbraborec/rev-meter/ios/Pods/Headers/Public/React-microtasksnativemodule -I/Users/karelbraborec/rev-meter/ios/Pods/Headers/Public/React-mutationobservernativemodule -I/Users/karelbraborec/rev-meter/ios/Pods/Headers/Public/React-networking -I/Users/karelbraborec/rev-meter/ios/Pods/Headers/Public/React-oscompat -I/Users/karelbraborec/rev-meter/ios/Pods/Headers/Public/React-perflogger -I/Users/karelbraborec/rev-meter/ios/Pods/Headers/Public/React-performancecdpmetrics -I/Users/karelbraborec/rev-meter/ios/Pods/Headers/Public/React-performancetimeline -I/Users/karelbraborec/rev-meter/ios/Pods/Headers/Public/React-rendererconsistency -I/Users/karelbraborec/rev-meter/ios/Pods/Headers/Public/React-renderercss -I/Users/karelbraborec/rev-meter/ios/Pods/Headers/Public/React-rendererdebug -I/Users/karelbraborec/rev-meter/ios/Pods/Headers/Public/React-runtimeexecutor -I/Users/karelbraborec/rev-meter/ios/Pods/Headers/Public/React-runtimescheduler -I/Users/karelbraborec/rev-meter/ios/Pods/Headers/Public/React-timing -I/Users/karelbraborec/rev-meter/ios/Pods/Headers/Public/React-utils -I/Users/karelbraborec/rev-meter/ios/Pods/Headers/Public/React-viewtransitionnativemodule -I/Users/karelbraborec/rev-meter/ios/Pods/Headers/Public/React-webperformancenativemodule -I/Users/karelbraborec/rev-meter/ios/Pods/Headers/Public/ReactCodegen -I/Users/karelbraborec/rev-meter/ios/Pods/Headers/Public/ReactCommon -I/Users/karelbraborec/rev-meter/ios/Pods/Headers/Public/ReactNativeDependencies -I/Users/karelbraborec/rev-meter/ios/Pods/Headers/Public/Yoga -I/Users/karelbraborec/rev-meter/ios/Pods/Headers/Public/hermes-engine -I/Users/karelbraborec/rev-meter/ios/Pods/ReactNativeDependencies -I/Users/karelbraborec/rev-meter/ios/Pods/Headers/Public/ReactCodegen/react/renderer/components -I/Users/karelbraborec/rev-meter/ios/Pods/Headers/Private/React-Fabric -I/Users/karelbraborec/rev-meter/ios/Pods/Headers/Private/React-RCTFabric -I/Users/karelbraborec/rev-meter/ios/Pods/Headers/Private/Yoga -I/Users/karelbraborec/rev-meter/ios/build/generated/ios/ReactCodegen -I/Users/karelbraborec/rev-meter/ios/Pods/ExpoModulesCore/ExpoModulesCore.xcframework/ios-arm64_x86_64-simulator/ExpoModulesCore.framework/Headers -I/Users/karelbraborec/rev-meter/ios/Pods/ExpoModulesCore/ExpoModulesCore.xcframework/ios-arm64/ExpoModulesCore.framework/Headers -I/Users/karelbraborec/rev-meter/ios/Pods/ExpoModulesCore/ExpoModulesCore.xcframework/ios-arm64_x86_64-simulator/ExpoModulesCore.framework/Headers -I/Users/karelbraborec/rev-meter/ios/Pods/ExpoModulesCore/ExpoModulesCore.xcframework/ios-arm64/ExpoModulesCore.framework/Headers -I/Users/karelbraborec/Library/Developer/Xcode/DerivedData/revmeter-hbcnswmlqmbpnlazhhkncgeowiss/Build/Intermediates.noindex/Pods.build/Debug-iphonesimulator/ReactCodegen.build/DerivedSources-normal/x86_64 -I/Users/karelbraborec/Library/Developer/Xcode/DerivedData/revmeter-hbcnswmlqmbpnlazhhkncgeowiss/Build/Intermediates.noindex/Pods.build/Debug-iphonesimulator/ReactCodegen.build/DerivedSources/x86_64 -I/Users/karelbraborec/Library/Developer/Xcode/DerivedData/revmeter-hbcnswmlqmbpnlazhhkncgeowiss/Build/Intermediates.noindex/Pods.build/Debug-iphonesimulator/ReactCodegen.build/DerivedSources -F/Users/karelbraborec/Library/Developer/Xcode/DerivedData/revmeter-hbcnswmlqmbpnlazhhkncgeowiss/Build/Products/Debug-iphonesimulator/ReactCodegen -F/Users/karelbraborec/rev-meter/ios/Pods/React-Core-prebuilt -F/Users/karelbraborec/rev-meter/ios/Pods/ReactNativeDependencies/framework/packages/react-native -F/Users/karelbraborec/rev-meter/ios/Pods/hermes-engine/destroot/Library/Frameworks/universal -F/Users/karelbraborec/Library/Developer/Xcode/DerivedData/revmeter-hbcnswmlqmbpnlazhhkncgeowiss/Build/Products/Debug-iphonesimulator/XCFrameworkIntermediates/React-Core-prebuilt -F/Users/karelbraborec/Library/Developer/Xcode/DerivedData/revmeter-hbcnswmlqmbpnlazhhkncgeowiss/Build/Products/Debug-iphonesimulator/XCFrameworkIntermediates/ReactNativeDependencies -F/Users/karelbraborec/Library/Developer/Xcode/DerivedData/revmeter-hbcnswmlqmbpnlazhhkncgeowiss/Build/Products/Debug-iphonesimulator/XCFrameworkIntermediates/hermes-engine/Pre-built '-DRCT_REMOVE_LEGACY_ARCH=1' -ivfsoverlay /Users/karelbraborec/rev-meter/ios/Pods/React-Core-prebuilt/React-VFS.yaml '-DRCT_REMOVE_LEGACY_ARCH=1' '-DFOLLY_MOBILE=1' '-DFOLLY_USE_LIBCPP=1' '-DFOLLY_CFG_NO_COROUTINES=1' '-DFOLLY_HAVE_CLOCK_GETTIME=1' -ivfsoverlay /Users/karelbraborec/rev-meter/ios/Pods/React-Core-prebuilt/React-VFS.yaml

WriteAuxiliaryFile /Users/karelbraborec/Library/Developer/Xcode/DerivedData/revmeter-hbcnswmlqmbpnlazhhkncgeowiss/Build/Intermediates.noindex/Pods.build/Debug-iphonesimulator/ReactCodegen.build/Objects-normal/arm64/e6072d4f65d7061329687fe24e3d63a7-common-args.resp (in target 'ReactCodegen' from project 'Pods')
    cd /Users/karelbraborec/rev-meter/ios/Pods
    write-file /Users/karelbraborec/Library/Developer/Xcode/DerivedData/revmeter-hbcnswmlqmbpnlazhhkncgeowiss/Build/Intermediates.noindex/Pods.build/Debug-iphonesimulator/ReactCodegen.build/Objects-normal/arm64/e6072d4f65d7061329687fe24e3d63a7-common-args.resp
'-std=gnu11' -fobjc-arc -fmodules '-fmodules-cache-path=/Users/karelbraborec/Library/Developer/Xcode/DerivedData/ModuleCache.noindex' -fpascal-strings -O0 -fno-common '-DPOD_CONFIGURATION_DEBUG=1' '-DDEBUG=1' '-DCOCOAPODS=1' '-DOBJC_OLD_DISPATCH_PROTOTYPES=0' -g '-fobjc-abi-version=2' -fobjc-legacy-dispatch -iquote /Users/karelbraborec/Library/Developer/Xcode/DerivedData/revmeter-hbcnswmlqmbpnlazhhkncgeowiss/Build/Intermediates.noindex/Pods.build/Debug-iphonesimulator/ReactCodegen.build/ReactCodegen-generated-files.hmap -I/Users/karelbraborec/Library/Developer/Xcode/DerivedData/revmeter-hbcnswmlqmbpnlazhhkncgeowiss/Build/Intermediates.noindex/Pods.build/Debug-iphonesimulator/ReactCodegen.build/ReactCodegen-own-target-headers.hmap -I/Users/karelbraborec/Library/Developer/Xcode/DerivedData/revmeter-hbcnswmlqmbpnlazhhkncgeowiss/Build/Intermediates.noindex/Pods.build/Debug-iphonesimulator/ReactCodegen.build/ReactCodegen-all-non-framework-target-headers.hmap -ivfsoverlay /Users/karelbraborec/Library/Developer/Xcode/DerivedData/revmeter-hbcnswmlqmbpnlazhhkncgeowiss/Build/Intermediates.noindex/Pods.build/Debug-iphonesimulator/Pods-8699adb1dd336b26511df848a716bd42-VFS-iphonesimulator/all-product-headers.yaml -iquote /Users/karelbraborec/Library/Developer/Xcode/DerivedData/revmeter-hbcnswmlqmbpnlazhhkncgeowiss/Build/Intermediates.noindex/Pods.build/Debug-iphonesimulator/ReactCodegen.build/ReactCodegen-project-headers.hmap -I/Users/karelbraborec/Library/Developer/Xcode/DerivedData/revmeter-hbcnswmlqmbpnlazhhkncgeowiss/Build/Products/Debug-iphonesimulator/ReactCodegen/include -I/Users/karelbraborec/rev-meter/ios/Pods/Headers/Private -I/Users/karelbraborec/rev-meter/ios/Pods/Headers/Private/ReactCodegen -I/Users/karelbraborec/rev-meter/ios/Pods/Headers/Public -I/Users/karelbraborec/rev-meter/ios/Pods/Headers/Public/FBLazyVector -I/Users/karelbraborec/rev-meter/ios/Pods/Headers/Public/RCTRequired -I/Users/karelbraborec/rev-meter/ios/Pods/Headers/Public/RCTSwiftUIWrapper -I/Users/karelbraborec/rev-meter/ios/Pods/Headers/Public/RCTTypeSafety -I/Users/karelbraborec/rev-meter/ios/Pods/Headers/Public/React-Core -I/Users/karelbraborec/rev-meter/ios/Pods/Headers/Public/React-Core-prebuilt -I/Users/karelbraborec/rev-meter/ios/Pods/Headers/Public/React-CoreModules -I/Users/karelbraborec/rev-meter/ios/Pods/Headers/Public/React-Fabric -I/Users/karelbraborec/rev-meter/ios/Pods/Headers/Public/React-FabricComponents -I/Users/karelbraborec/rev-meter/ios/Pods/Headers/Public/React-FabricImage -I/Users/karelbraborec/rev-meter/ios/Pods/Headers/Public/React-ImageManager -I/Users/karelbraborec/rev-meter/ios/Pods/Headers/Public/React-Mapbuffer -I/Users/karelbraborec/rev-meter/ios/Pods/Headers/Public/React-NativeModulesApple -I/Users/karelbraborec/rev-meter/ios/Pods/Headers/Public/React-RCTAnimation -I/Users/karelbraborec/rev-meter/ios/Pods/Headers/Public/React-RCTBlob -I/Users/karelbraborec/rev-meter/ios/Pods/Headers/Public/React-RCTFBReactNativeSpec -I/Users/karelbraborec/rev-meter/ios/Pods/Headers/Public/React-RCTFabric -I/Users/karelbraborec/rev-meter/ios/Pods/Headers/Public/React-RCTImage -I/Users/karelbraborec/rev-meter/ios/Pods/Headers/Public/React-RCTRuntime -I/Users/karelbraborec/rev-meter/ios/Pods/Headers/Public/React-RCTText -I/Users/karelbraborec/rev-meter/ios/Pods/Headers/Public/React-RuntimeApple -I/Users/karelbraborec/rev-meter/ios/Pods/Headers/Public/React-RuntimeCore -I/Users/karelbraborec/rev-meter/ios/Pods/Headers/Public/React-RuntimeHermes -I/Users/karelbraborec/rev-meter/ios/Pods/Headers/Public/React-callinvoker -I/Users/karelbraborec/rev-meter/ios/Pods/Headers/Public/React-cxxreact -I/Users/karelbraborec/rev-meter/ios/Pods/Headers/Public/React-debug -I/Users/karelbraborec/rev-meter/ios/Pods/Headers/Public/React-defaultsnativemodule -I/Users/karelbraborec/rev-meter/ios/Pods/Headers/Public/React-domnativemodule -I/Users/karelbraborec/rev-meter/ios/Pods/Headers/Public/React-featureflags -I/Users/karelbraborec/rev-meter/ios/Pods/Headers/Public/React-featureflagsnativemodule -I/Users/karelbraborec/rev-meter/ios/Pods/Headers/Public/React-graphics -I/Users/karelbraborec/rev-meter/ios/Pods/Headers/Public/React-hermes -I/Users/karelbraborec/rev-meter/ios/Pods/Headers/Public/React-idlecallbacksnativemodule -I/Users/karelbraborec/rev-meter/ios/Pods/Headers/Public/React-intersectionobservernativemodule -I/Users/karelbraborec/rev-meter/ios/Pods/Headers/Public/React-jserrorhandler -I/Users/karelbraborec/rev-meter/ios/Pods/Headers/Public/React-jsi -I/Users/karelbraborec/rev-meter/ios/Pods/Headers/Public/React-jsiexecutor -I/Users/karelbraborec/rev-meter/ios/Pods/Headers/Public/React-jsinspector -I/Users/karelbraborec/rev-meter/ios/Pods/Headers/Public/React-jsinspectorcdp -I/Users/karelbraborec/rev-meter/ios/Pods/Headers/Public/React-jsinspectornetwork -I/Users/karelbraborec/rev-meter/ios/Pods/Headers/Public/React-jsinspectortracing -I/Users/karelbraborec/rev-meter/ios/Pods/Headers/Public/React-jsitooling -I/Users/karelbraborec/rev-meter/ios/Pods/Headers/Public/React-logger -I/Users/karelbraborec/rev-meter/ios/Pods/Headers/Public/React-microtasksnativemodule -I/Users/karelbraborec/rev-meter/ios/Pods/Headers/Public/React-mutationobservernativemodule -I/Users/karelbraborec/rev-meter/ios/Pods/Headers/Public/React-networking -I/Users/karelbraborec/rev-meter/ios/Pods/Headers/Public/React-oscompat -I/Users/karelbraborec/rev-meter/ios/Pods/Headers/Public/React-perflogger -I/Users/karelbraborec/rev-meter/ios/Pods/Headers/Public/React-performancecdpmetrics -I/Users/karelbraborec/rev-meter/ios/Pods/Headers/Public/React-performancetimeline -I/Users/karelbraborec/rev-meter/ios/Pods/Headers/Public/React-rendererconsistency -I/Users/karelbraborec/rev-meter/ios/Pods/Headers/Public/React-renderercss -I/Users/karelbraborec/rev-meter/ios/Pods/Headers/Public/React-rendererdebug -I/Users/karelbraborec/rev-meter/ios/Pods/Headers/Public/React-runtimeexecutor -I/Users/karelbraborec/rev-meter/ios/Pods/Headers/Public/React-runtimescheduler -I/Users/karelbraborec/rev-meter/ios/Pods/Headers/Public/React-timing -I/Users/karelbraborec/rev-meter/ios/Pods/Headers/Public/React-utils -I/Users/karelbraborec/rev-meter/ios/Pods/Headers/Public/React-viewtransitionnativemodule -I/Users/karelbraborec/rev-meter/ios/Pods/Headers/Public/React-webperformancenativemodule -I/Users/karelbraborec/rev-meter/ios/Pods/Headers/Public/ReactCodegen -I/Users/karelbraborec/rev-meter/ios/Pods/Headers/Public/ReactCommon -I/Users/karelbraborec/rev-meter/ios/Pods/Headers/Public/ReactNativeDependencies -I/Users/karelbraborec/rev-meter/ios/Pods/Headers/Public/Yoga -I/Users/karelbraborec/rev-meter/ios/Pods/Headers/Public/hermes-engine -I/Users/karelbraborec/rev-meter/ios/Pods/ReactNativeDependencies -I/Users/karelbraborec/rev-meter/ios/Pods/Headers/Public/ReactCodegen/react/renderer/components -I/Users/karelbraborec/rev-meter/ios/Pods/Headers/Private/React-Fabric -I/Users/karelbraborec/rev-meter/ios/Pods/Headers/Private/React-RCTFabric -I/Users/karelbraborec/rev-meter/ios/Pods/Headers/Private/Yoga -I/Users/karelbraborec/rev-meter/ios/build/generated/ios/ReactCodegen -I/Users/karelbraborec/rev-meter/ios/Pods/ExpoModulesCore/ExpoModulesCore.xcframework/ios-arm64_x86_64-simulator/ExpoModulesCore.framework/Headers -I/Users/karelbraborec/rev-meter/ios/Pods/ExpoModulesCore/ExpoModulesCore.xcframework/ios-arm64/ExpoModulesCore.framework/Headers -I/Users/karelbraborec/rev-meter/ios/Pods/ExpoModulesCore/ExpoModulesCore.xcframework/ios-arm64_x86_64-simulator/ExpoModulesCore.framework/Headers -I/Users/karelbraborec/rev-meter/ios/Pods/ExpoModulesCore/ExpoModulesCore.xcframework/ios-arm64/ExpoModulesCore.framework/Headers -I/Users/karelbraborec/Library/Developer/Xcode/DerivedData/revmeter-hbcnswmlqmbpnlazhhkncgeowiss/Build/Intermediates.noindex/Pods.build/Debug-iphonesimulator/ReactCodegen.build/DerivedSources-normal/arm64 -I/Users/karelbraborec/Library/Developer/Xcode/DerivedData/revmeter-hbcnswmlqmbpnlazhhkncgeowiss/Build/Intermediates.noindex/Pods.build/Debug-iphonesimulator/ReactCodegen.build/DerivedSources/arm64 -I/Users/karelbraborec/Library/Developer/Xcode/DerivedData/revmeter-hbcnswmlqmbpnlazhhkncgeowiss/Build/Intermediates.noindex/Pods.build/Debug-iphonesimulator/ReactCodegen.build/DerivedSources -F/Users/karelbraborec/Library/Developer/Xcode/DerivedData/revmeter-hbcnswmlqmbpnlazhhkncgeowiss/Build/Products/Debug-iphonesimulator/ReactCodegen -F/Users/karelbraborec/rev-meter/ios/Pods/React-Core-prebuilt -F/Users/karelbraborec/rev-meter/ios/Pods/ReactNativeDependencies/framework/packages/react-native -F/Users/karelbraborec/rev-meter/ios/Pods/hermes-engine/destroot/Library/Frameworks/universal -F/Users/karelbraborec/Library/Developer/Xcode/DerivedData/revmeter-hbcnswmlqmbpnlazhhkncgeowiss/Build/Products/Debug-iphonesimulator/XCFrameworkIntermediates/React-Core-prebuilt -F/Users/karelbraborec/Library/Developer/Xcode/DerivedData/revmeter-hbcnswmlqmbpnlazhhkncgeowiss/Build/Products/Debug-iphonesimulator/XCFrameworkIntermediates/ReactNativeDependencies -F/Users/karelbraborec/Library/Developer/Xcode/DerivedData/revmeter-hbcnswmlqmbpnlazhhkncgeowiss/Build/Products/Debug-iphonesimulator/XCFrameworkIntermediates/hermes-engine/Pre-built '-DRCT_REMOVE_LEGACY_ARCH=1' -ivfsoverlay /Users/karelbraborec/rev-meter/ios/Pods/React-Core-prebuilt/React-VFS.yaml

WriteAuxiliaryFile /Users/karelbraborec/Library/Developer/Xcode/DerivedData/revmeter-hbcnswmlqmbpnlazhhkncgeowiss/Build/Intermediates.noindex/Pods.build/Debug-iphonesimulator/ReactCodegen.build/Objects-normal/arm64/af3fcb34312c57c0f52879cdce924b91-common-args.resp (in target 'ReactCodegen' from project 'Pods')
    cd /Users/karelbraborec/rev-meter/ios/Pods
    write-file /Users/karelbraborec/Library/Developer/Xcode/DerivedData/revmeter-hbcnswmlqmbpnlazhhkncgeowiss/Build/Intermediates.noindex/Pods.build/Debug-iphonesimulator/ReactCodegen.build/Objects-normal/arm64/af3fcb34312c57c0f52879cdce924b91-common-args.resp
'-std=c++20' '-stdlib=libc++' -fobjc-arc -fmodules -fno-cxx-modules '-fmodules-cache-path=/Users/karelbraborec/Library/Developer/Xcode/DerivedData/ModuleCache.noindex' '-D_LIBCPP_HARDENING_MODE=_LIBCPP_HARDENING_MODE_DEBUG' -fpascal-strings -O0 -fno-common '-DPOD_CONFIGURATION_DEBUG=1' '-DDEBUG=1' '-DCOCOAPODS=1' '-DOBJC_OLD_DISPATCH_PROTOTYPES=0' -g '-fobjc-abi-version=2' -fobjc-legacy-dispatch -iquote /Users/karelbraborec/Library/Developer/Xcode/DerivedData/revmeter-hbcnswmlqmbpnlazhhkncgeowiss/Build/Intermediates.noindex/Pods.build/Debug-iphonesimulator/ReactCodegen.build/ReactCodegen-generated-files.hmap -I/Users/karelbraborec/Library/Developer/Xcode/DerivedData/revmeter-hbcnswmlqmbpnlazhhkncgeowiss/Build/Intermediates.noindex/Pods.build/Debug-iphonesimulator/ReactCodegen.build/ReactCodegen-own-target-headers.hmap -I/Users/karelbraborec/Library/Developer/Xcode/DerivedData/revmeter-hbcnswmlqmbpnlazhhkncgeowiss/Build/Intermediates.noindex/Pods.build/Debug-iphonesimulator/ReactCodegen.build/ReactCodegen-all-non-framework-target-headers.hmap -ivfsoverlay /Users/karelbraborec/Library/Developer/Xcode/DerivedData/revmeter-hbcnswmlqmbpnlazhhkncgeowiss/Build/Intermediates.noindex/Pods.build/Debug-iphonesimulator/Pods-8699adb1dd336b26511df848a716bd42-VFS-iphonesimulator/all-product-headers.yaml -iquote /Users/karelbraborec/Library/Developer/Xcode/DerivedData/revmeter-hbcnswmlqmbpnlazhhkncgeowiss/Build/Intermediates.noindex/Pods.build/Debug-iphonesimulator/ReactCodegen.build/ReactCodegen-project-headers.hmap -I/Users/karelbraborec/Library/Developer/Xcode/DerivedData/revmeter-hbcnswmlqmbpnlazhhkncgeowiss/Build/Products/Debug-iphonesimulator/ReactCodegen/include -I/Users/karelbraborec/rev-meter/ios/Pods/Headers/Private -I/Users/karelbraborec/rev-meter/ios/Pods/Headers/Private/ReactCodegen -I/Users/karelbraborec/rev-meter/ios/Pods/Headers/Public -I/Users/karelbraborec/rev-meter/ios/Pods/Headers/Public/FBLazyVector -I/Users/karelbraborec/rev-meter/ios/Pods/Headers/Public/RCTRequired -I/Users/karelbraborec/rev-meter/ios/Pods/Headers/Public/RCTSwiftUIWrapper -I/Users/karelbraborec/rev-meter/ios/Pods/Headers/Public/RCTTypeSafety -I/Users/karelbraborec/rev-meter/ios/Pods/Headers/Public/React-Core -I/Users/karelbraborec/rev-meter/ios/Pods/Headers/Public/React-Core-prebuilt -I/Users/karelbraborec/rev-meter/ios/Pods/Headers/Public/React-CoreModules -I/Users/karelbraborec/rev-meter/ios/Pods/Headers/Public/React-Fabric -I/Users/karelbraborec/rev-meter/ios/Pods/Headers/Public/React-FabricComponents -I/Users/karelbraborec/rev-meter/ios/Pods/Headers/Public/React-FabricImage -I/Users/karelbraborec/rev-meter/ios/Pods/Headers/Public/React-ImageManager -I/Users/karelbraborec/rev-meter/ios/Pods/Headers/Public/React-Mapbuffer -I/Users/karelbraborec/rev-meter/ios/Pods/Headers/Public/React-NativeModulesApple -I/Users/karelbraborec/rev-meter/ios/Pods/Headers/Public/React-RCTAnimation -I/Users/karelbraborec/rev-meter/ios/Pods/Headers/Public/React-RCTBlob -I/Users/karelbraborec/rev-meter/ios/Pods/Headers/Public/React-RCTFBReactNativeSpec -I/Users/karelbraborec/rev-meter/ios/Pods/Headers/Public/React-RCTFabric -I/Users/karelbraborec/rev-meter/ios/Pods/Headers/Public/React-RCTImage -I/Users/karelbraborec/rev-meter/ios/Pods/Headers/Public/React-RCTRuntime -I/Users/karelbraborec/rev-meter/ios/Pods/Headers/Public/React-RCTText -I/Users/karelbraborec/rev-meter/ios/Pods/Headers/Public/React-RuntimeApple -I/Users/karelbraborec/rev-meter/ios/Pods/Headers/Public/React-RuntimeCore -I/Users/karelbraborec/rev-meter/ios/Pods/Headers/Public/React-RuntimeHermes -I/Users/karelbraborec/rev-meter/ios/Pods/Headers/Public/React-callinvoker -I/Users/karelbraborec/rev-meter/ios/Pods/Headers/Public/React-cxxreact -I/Users/karelbraborec/rev-meter/ios/Pods/Headers/Public/React-debug -I/Users/karelbraborec/rev-meter/ios/Pods/Headers/Public/React-defaultsnativemodule -I/Users/karelbraborec/rev-meter/ios/Pods/Headers/Public/React-domnativemodule -I/Users/karelbraborec/rev-meter/ios/Pods/Headers/Public/React-featureflags -I/Users/karelbraborec/rev-meter/ios/Pods/Headers/Public/React-featureflagsnativemodule -I/Users/karelbraborec/rev-meter/ios/Pods/Headers/Public/React-graphics -I/Users/karelbraborec/rev-meter/ios/Pods/Headers/Public/React-hermes -I/Users/karelbraborec/rev-meter/ios/Pods/Headers/Public/React-idlecallbacksnativemodule -I/Users/karelbraborec/rev-meter/ios/Pods/Headers/Public/React-intersectionobservernativemodule -I/Users/karelbraborec/rev-meter/ios/Pods/Headers/Public/React-jserrorhandler -I/Users/karelbraborec/rev-meter/ios/Pods/Headers/Public/React-jsi -I/Users/karelbraborec/rev-meter/ios/Pods/Headers/Public/React-jsiexecutor -I/Users/karelbraborec/rev-meter/ios/Pods/Headers/Public/React-jsinspector -I/Users/karelbraborec/rev-meter/ios/Pods/Headers/Public/React-jsinspectorcdp -I/Users/karelbraborec/rev-meter/ios/Pods/Headers/Public/React-jsinspectornetwork -I/Users/karelbraborec/rev-meter/ios/Pods/Headers/Public/React-jsinspectortracing -I/Users/karelbraborec/rev-meter/ios/Pods/Headers/Public/React-jsitooling -I/Users/karelbraborec/rev-meter/ios/Pods/Headers/Public/React-logger -I/Users/karelbraborec/rev-meter/ios/Pods/Headers/Public/React-microtasksnativemodule -I/Users/karelbraborec/rev-meter/ios/Pods/Headers/Public/React-mutationobservernativemodule -I/Users/karelbraborec/rev-meter/ios/Pods/Headers/Public/React-networking -I/Users/karelbraborec/rev-meter/ios/Pods/Headers/Public/React-oscompat -I/Users/karelbraborec/rev-meter/ios/Pods/Headers/Public/React-perflogger -I/Users/karelbraborec/rev-meter/ios/Pods/Headers/Public/React-performancecdpmetrics -I/Users/karelbraborec/rev-meter/ios/Pods/Headers/Public/React-performancetimeline -I/Users/karelbraborec/rev-meter/ios/Pods/Headers/Public/React-rendererconsistency -I/Users/karelbraborec/rev-meter/ios/Pods/Headers/Public/React-renderercss -I/Users/karelbraborec/rev-meter/ios/Pods/Headers/Public/React-rendererdebug -I/Users/karelbraborec/rev-meter/ios/Pods/Headers/Public/React-runtimeexecutor -I/Users/karelbraborec/rev-meter/ios/Pods/Headers/Public/React-runtimescheduler -I/Users/karelbraborec/rev-meter/ios/Pods/Headers/Public/React-timing -I/Users/karelbraborec/rev-meter/ios/Pods/Headers/Public/React-utils -I/Users/karelbraborec/rev-meter/ios/Pods/Headers/Public/React-viewtransitionnativemodule -I/Users/karelbraborec/rev-meter/ios/Pods/Headers/Public/React-webperformancenativemodule -I/Users/karelbraborec/rev-meter/ios/Pods/Headers/Public/ReactCodegen -I/Users/karelbraborec/rev-meter/ios/Pods/Headers/Public/ReactCommon -I/Users/karelbraborec/rev-meter/ios/Pods/Headers/Public/ReactNativeDependencies -I/Users/karelbraborec/rev-meter/ios/Pods/Headers/Public/Yoga -I/Users/karelbraborec/rev-meter/ios/Pods/Headers/Public/hermes-engine -I/Users/karelbraborec/rev-meter/ios/Pods/ReactNativeDependencies -I/Users/karelbraborec/rev-meter/ios/Pods/Headers/Public/ReactCodegen/react/renderer/components -I/Users/karelbraborec/rev-meter/ios/Pods/Headers/Private/React-Fabric -I/Users/karelbraborec/rev-meter/ios/Pods/Headers/Private/React-RCTFabric -I/Users/karelbraborec/rev-meter/ios/Pods/Headers/Private/Yoga -I/Users/karelbraborec/rev-meter/ios/build/generated/ios/ReactCodegen -I/Users/karelbraborec/rev-meter/ios/Pods/ExpoModulesCore/ExpoModulesCore.xcframework/ios-arm64_x86_64-simulator/ExpoModulesCore.framework/Headers -I/Users/karelbraborec/rev-meter/ios/Pods/ExpoModulesCore/ExpoModulesCore.xcframework/ios-arm64/ExpoModulesCore.framework/Headers -I/Users/karelbraborec/rev-meter/ios/Pods/ExpoModulesCore/ExpoModulesCore.xcframework/ios-arm64_x86_64-simulator/ExpoModulesCore.framework/Headers -I/Users/karelbraborec/rev-meter/ios/Pods/ExpoModulesCore/ExpoModulesCore.xcframework/ios-arm64/ExpoModulesCore.framework/Headers -I/Users/karelbraborec/Library/Developer/Xcode/DerivedData/revmeter-hbcnswmlqmbpnlazhhkncgeowiss/Build/Intermediates.noindex/Pods.build/Debug-iphonesimulator/ReactCodegen.build/DerivedSources-normal/arm64 -I/Users/karelbraborec/Library/Developer/Xcode/DerivedData/revmeter-hbcnswmlqmbpnlazhhkncgeowiss/Build/Intermediates.noindex/Pods.build/Debug-iphonesimulator/ReactCodegen.build/DerivedSources/arm64 -I/Users/karelbraborec/Library/Developer/Xcode/DerivedData/revmeter-hbcnswmlqmbpnlazhhkncgeowiss/Build/Intermediates.noindex/Pods.build/Debug-iphonesimulator/ReactCodegen.build/DerivedSources -F/Users/karelbraborec/Library/Developer/Xcode/DerivedData/revmeter-hbcnswmlqmbpnlazhhkncgeowiss/Build/Products/Debug-iphonesimulator/ReactCodegen -F/Users/karelbraborec/rev-meter/ios/Pods/React-Core-prebuilt -F/Users/karelbraborec/rev-meter/ios/Pods/ReactNativeDependencies/framework/packages/react-native -F/Users/karelbraborec/rev-meter/ios/Pods/hermes-engine/destroot/Library/Frameworks/universal -F/Users/karelbraborec/Library/Developer/Xcode/DerivedData/revmeter-hbcnswmlqmbpnlazhhkncgeowiss/Build/Products/Debug-iphonesimulator/XCFrameworkIntermediates/React-Core-prebuilt -F/Users/karelbraborec/Library/Developer/Xcode/DerivedData/revmeter-hbcnswmlqmbpnlazhhkncgeowiss/Build/Products/Debug-iphonesimulator/XCFrameworkIntermediates/ReactNativeDependencies -F/Users/karelbraborec/Library/Developer/Xcode/DerivedData/revmeter-hbcnswmlqmbpnlazhhkncgeowiss/Build/Products/Debug-iphonesimulator/XCFrameworkIntermediates/hermes-engine/Pre-built '-DRCT_REMOVE_LEGACY_ARCH=1' -ivfsoverlay /Users/karelbraborec/rev-meter/ios/Pods/React-Core-prebuilt/React-VFS.yaml '-DRCT_REMOVE_LEGACY_ARCH=1' '-DFOLLY_MOBILE=1' '-DFOLLY_USE_LIBCPP=1' '-DFOLLY_CFG_NO_COROUTINES=1' '-DFOLLY_HAVE_CLOCK_GETTIME=1' -ivfsoverlay /Users/karelbraborec/rev-meter/ios/Pods/React-Core-prebuilt/React-VFS.yaml

WriteAuxiliaryFile /Users/karelbraborec/Library/Developer/Xcode/DerivedData/revmeter-hbcnswmlqmbpnlazhhkncgeowiss/Build/Intermediates.noindex/Pods.build/Debug-iphonesimulator/ReactCodegen.build/Objects-normal/arm64/ReactCodegen.LinkFileList (in target 'ReactCodegen' from project 'Pods')
    cd /Users/karelbraborec/rev-meter/ios/Pods
    write-file /Users/karelbraborec/Library/Developer/Xcode/DerivedData/revmeter-hbcnswmlqmbpnlazhhkncgeowiss/Build/Intermediates.noindex/Pods.build/Debug-iphonesimulator/ReactCodegen.build/Objects-normal/arm64/ReactCodegen.LinkFileList

WriteAuxiliaryFile /Users/karelbraborec/Library/Developer/Xcode/DerivedData/revmeter-hbcnswmlqmbpnlazhhkncgeowiss/Build/Intermediates.noindex/Pods.build/Debug-iphonesimulator/ReactCodegen.build/Objects-normal/arm64/82b82416624d2658e5098eb0a28c15c5-common-args.resp (in target 'ReactCodegen' from project 'Pods')
    cd /Users/karelbraborec/rev-meter/ios/Pods
    write-file /Users/karelbraborec/Library/Developer/Xcode/DerivedData/revmeter-hbcnswmlqmbpnlazhhkncgeowiss/Build/Intermediates.noindex/Pods.build/Debug-iphonesimulator/ReactCodegen.build/Objects-normal/arm64/82b82416624d2658e5098eb0a28c15c5-common-args.resp
'-std=c++20' '-stdlib=libc++' -fmodules -fno-cxx-modules '-fmodules-cache-path=/Users/karelbraborec/Library/Developer/Xcode/DerivedData/ModuleCache.noindex' '-D_LIBCPP_HARDENING_MODE=_LIBCPP_HARDENING_MODE_DEBUG' -fpascal-strings -O0 -fno-common '-DPOD_CONFIGURATION_DEBUG=1' '-DDEBUG=1' '-DCOCOAPODS=1' -g -iquote /Users/karelbraborec/Library/Developer/Xcode/DerivedData/revmeter-hbcnswmlqmbpnlazhhkncgeowiss/Build/Intermediates.noindex/Pods.build/Debug-iphonesimulator/ReactCodegen.build/ReactCodegen-generated-files.hmap -I/Users/karelbraborec/Library/Developer/Xcode/DerivedData/revmeter-hbcnswmlqmbpnlazhhkncgeowiss/Build/Intermediates.noindex/Pods.build/Debug-iphonesimulator/ReactCodegen.build/ReactCodegen-own-target-headers.hmap -I/Users/karelbraborec/Library/Developer/Xcode/DerivedData/revmeter-hbcnswmlqmbpnlazhhkncgeowiss/Build/Intermediates.noindex/Pods.build/Debug-iphonesimulator/ReactCodegen.build/ReactCodegen-all-non-framework-target-headers.hmap -ivfsoverlay /Users/karelbraborec/Library/Developer/Xcode/DerivedData/revmeter-hbcnswmlqmbpnlazhhkncgeowiss/Build/Intermediates.noindex/Pods.build/Debug-iphonesimulator/Pods-8699adb1dd336b26511df848a716bd42-VFS-iphonesimulator/all-product-headers.yaml -iquote /Users/karelbraborec/Library/Developer/Xcode/DerivedData/revmeter-hbcnswmlqmbpnlazhhkncgeowiss/Build/Intermediates.noindex/Pods.build/Debug-iphonesimulator/ReactCodegen.build/ReactCodegen-project-headers.hmap -I/Users/karelbraborec/Library/Developer/Xcode/DerivedData/revmeter-hbcnswmlqmbpnlazhhkncgeowiss/Build/Products/Debug-iphonesimulator/ReactCodegen/include -I/Users/karelbraborec/rev-meter/ios/Pods/Headers/Private -I/Users/karelbraborec/rev-meter/ios/Pods/Headers/Private/ReactCodegen -I/Users/karelbraborec/rev-meter/ios/Pods/Headers/Public -I/Users/karelbraborec/rev-meter/ios/Pods/Headers/Public/FBLazyVector -I/Users/karelbraborec/rev-meter/ios/Pods/Headers/Public/RCTRequired -I/Users/karelbraborec/rev-meter/ios/Pods/Headers/Public/RCTSwiftUIWrapper -I/Users/karelbraborec/rev-meter/ios/Pods/Headers/Public/RCTTypeSafety -I/Users/karelbraborec/rev-meter/ios/Pods/Headers/Public/React-Core -I/Users/karelbraborec/rev-meter/ios/Pods/Headers/Public/React-Core-prebuilt -I/Users/karelbraborec/rev-meter/ios/Pods/Headers/Public/React-CoreModules -I/Users/karelbraborec/rev-meter/ios/Pods/Headers/Public/React-Fabric -I/Users/karelbraborec/rev-meter/ios/Pods/Headers/Public/React-FabricComponents -I/Users/karelbraborec/rev-meter/ios/Pods/Headers/Public/React-FabricImage -I/Users/karelbraborec/rev-meter/ios/Pods/Headers/Public/React-ImageManager -I/Users/karelbraborec/rev-meter/ios/Pods/Headers/Public/React-Mapbuffer -I/Users/karelbraborec/rev-meter/ios/Pods/Headers/Public/React-NativeModulesApple -I/Users/karelbraborec/rev-meter/ios/Pods/Headers/Public/React-RCTAnimation -I/Users/karelbraborec/rev-meter/ios/Pods/Headers/Public/React-RCTBlob -I/Users/karelbraborec/rev-meter/ios/Pods/Headers/Public/React-RCTFBReactNativeSpec -I/Users/karelbraborec/rev-meter/ios/Pods/Headers/Public/React-RCTFabric -I/Users/karelbraborec/rev-meter/ios/Pods/Headers/Public/React-RCTImage -I/Users/karelbraborec/rev-meter/ios/Pods/Headers/Public/React-RCTRuntime -I/Users/karelbraborec/rev-meter/ios/Pods/Headers/Public/React-RCTText -I/Users/karelbraborec/rev-meter/ios/Pods/Headers/Public/React-RuntimeApple -I/Users/karelbraborec/rev-meter/ios/Pods/Headers/Public/React-RuntimeCore -I/Users/karelbraborec/rev-meter/ios/Pods/Headers/Public/React-RuntimeHermes -I/Users/karelbraborec/rev-meter/ios/Pods/Headers/Public/React-callinvoker -I/Users/karelbraborec/rev-meter/ios/Pods/Headers/Public/React-cxxreact -I/Users/karelbraborec/rev-meter/ios/Pods/Headers/Public/React-debug -I/Users/karelbraborec/rev-meter/ios/Pods/Headers/Public/React-defaultsnativemodule -I/Users/karelbraborec/rev-meter/ios/Pods/Headers/Public/React-domnativemodule -I/Users/karelbraborec/rev-meter/ios/Pods/Headers/Public/React-featureflags -I/Users/karelbraborec/rev-meter/ios/Pods/Headers/Public/React-featureflagsnativemodule -I/Users/karelbraborec/rev-meter/ios/Pods/Headers/Public/React-graphics -I/Users/karelbraborec/rev-meter/ios/Pods/Headers/Public/React-hermes -I/Users/karelbraborec/rev-meter/ios/Pods/Headers/Public/React-idlecallbacksnativemodule -I/Users/karelbraborec/rev-meter/ios/Pods/Headers/Public/React-intersectionobservernativemodule -I/Users/karelbraborec/rev-meter/ios/Pods/Headers/Public/React-jserrorhandler -I/Users/karelbraborec/rev-meter/ios/Pods/Headers/Public/React-jsi -I/Users/karelbraborec/rev-meter/ios/Pods/Headers/Public/React-jsiexecutor -I/Users/karelbraborec/rev-meter/ios/Pods/Headers/Public/React-jsinspector -I/Users/karelbraborec/rev-meter/ios/Pods/Headers/Public/React-jsinspectorcdp -I/Users/karelbraborec/rev-meter/ios/Pods/Headers/Public/React-jsinspectornetwork -I/Users/karelbraborec/rev-meter/ios/Pods/Headers/Public/React-jsinspectortracing -I/Users/karelbraborec/rev-meter/ios/Pods/Headers/Public/React-jsitooling -I/Users/karelbraborec/rev-meter/ios/Pods/Headers/Public/React-logger -I/Users/karelbraborec/rev-meter/ios/Pods/Headers/Public/React-microtasksnativemodule -I/Users/karelbraborec/rev-meter/ios/Pods/Headers/Public/React-mutationobservernativemodule -I/Users/karelbraborec/rev-meter/ios/Pods/Headers/Public/React-networking -I/Users/karelbraborec/rev-meter/ios/Pods/Headers/Public/React-oscompat -I/Users/karelbraborec/rev-meter/ios/Pods/Headers/Public/React-perflogger -I/Users/karelbraborec/rev-meter/ios/Pods/Headers/Public/React-performancecdpmetrics -I/Users/karelbraborec/rev-meter/ios/Pods/Headers/Public/React-performancetimeline -I/Users/karelbraborec/rev-meter/ios/Pods/Headers/Public/React-rendererconsistency -I/Users/karelbraborec/rev-meter/ios/Pods/Headers/Public/React-renderercss -I/Users/karelbraborec/rev-meter/ios/Pods/Headers/Public/React-rendererdebug -I/Users/karelbraborec/rev-meter/ios/Pods/Headers/Public/React-runtimeexecutor -I/Users/karelbraborec/rev-meter/ios/Pods/Headers/Public/React-runtimescheduler -I/Users/karelbraborec/rev-meter/ios/Pods/Headers/Public/React-timing -I/Users/karelbraborec/rev-meter/ios/Pods/Headers/Public/React-utils -I/Users/karelbraborec/rev-meter/ios/Pods/Headers/Public/React-viewtransitionnativemodule -I/Users/karelbraborec/rev-meter/ios/Pods/Headers/Public/React-webperformancenativemodule -I/Users/karelbraborec/rev-meter/ios/Pods/Headers/Public/ReactCodegen -I/Users/karelbraborec/rev-meter/ios/Pods/Headers/Public/ReactCommon -I/Users/karelbraborec/rev-meter/ios/Pods/Headers/Public/ReactNativeDependencies -I/Users/karelbraborec/rev-meter/ios/Pods/Headers/Public/Yoga -I/Users/karelbraborec/rev-meter/ios/Pods/Headers/Public/hermes-engine -I/Users/karelbraborec/rev-meter/ios/Pods/ReactNativeDependencies -I/Users/karelbraborec/rev-meter/ios/Pods/Headers/Public/ReactCodegen/react/renderer/components -I/Users/karelbraborec/rev-meter/ios/Pods/Headers/Private/React-Fabric -I/Users/karelbraborec/rev-meter/ios/Pods/Headers/Private/React-RCTFabric -I/Users/karelbraborec/rev-meter/ios/Pods/Headers/Private/Yoga -I/Users/karelbraborec/rev-meter/ios/build/generated/ios/ReactCodegen -I/Users/karelbraborec/rev-meter/ios/Pods/ExpoModulesCore/ExpoModulesCore.xcframework/ios-arm64_x86_64-simulator/ExpoModulesCore.framework/Headers -I/Users/karelbraborec/rev-meter/ios/Pods/ExpoModulesCore/ExpoModulesCore.xcframework/ios-arm64/ExpoModulesCore.framework/Headers -I/Users/karelbraborec/rev-meter/ios/Pods/ExpoModulesCore/ExpoModulesCore.xcframework/ios-arm64_x86_64-simulator/ExpoModulesCore.framework/Headers -I/Users/karelbraborec/rev-meter/ios/Pods/ExpoModulesCore/ExpoModulesCore.xcframework/ios-arm64/ExpoModulesCore.framework/Headers -I/Users/karelbraborec/Library/Developer/Xcode/DerivedData/revmeter-hbcnswmlqmbpnlazhhkncgeowiss/Build/Intermediates.noindex/Pods.build/Debug-iphonesimulator/ReactCodegen.build/DerivedSources-normal/arm64 -I/Users/karelbraborec/Library/Developer/Xcode/DerivedData/revmeter-hbcnswmlqmbpnlazhhkncgeowiss/Build/Intermediates.noindex/Pods.build/Debug-iphonesimulator/ReactCodegen.build/DerivedSources/arm64 -I/Users/karelbraborec/Library/Developer/Xcode/DerivedData/revmeter-hbcnswmlqmbpnlazhhkncgeowiss/Build/Intermediates.noindex/Pods.build/Debug-iphonesimulator/ReactCodegen.build/DerivedSources -F/Users/karelbraborec/Library/Developer/Xcode/DerivedData/revmeter-hbcnswmlqmbpnlazhhkncgeowiss/Build/Products/Debug-iphonesimulator/ReactCodegen -F/Users/karelbraborec/rev-meter/ios/Pods/React-Core-prebuilt -F/Users/karelbraborec/rev-meter/ios/Pods/ReactNativeDependencies/framework/packages/react-native -F/Users/karelbraborec/rev-meter/ios/Pods/hermes-engine/destroot/Library/Frameworks/universal -F/Users/karelbraborec/Library/Developer/Xcode/DerivedData/revmeter-hbcnswmlqmbpnlazhhkncgeowiss/Build/Products/Debug-iphonesimulator/XCFrameworkIntermediates/React-Core-prebuilt -F/Users/karelbraborec/Library/Developer/Xcode/DerivedData/revmeter-hbcnswmlqmbpnlazhhkncgeowiss/Build/Products/Debug-iphonesimulator/XCFrameworkIntermediates/ReactNativeDependencies -F/Users/karelbraborec/Library/Developer/Xcode/DerivedData/revmeter-hbcnswmlqmbpnlazhhkncgeowiss/Build/Products/Debug-iphonesimulator/XCFrameworkIntermediates/hermes-engine/Pre-built '-DRCT_REMOVE_LEGACY_ARCH=1' -ivfsoverlay /Users/karelbraborec/rev-meter/ios/Pods/React-Core-prebuilt/React-VFS.yaml '-DRCT_REMOVE_LEGACY_ARCH=1' '-DFOLLY_MOBILE=1' '-DFOLLY_USE_LIBCPP=1' '-DFOLLY_CFG_NO_COROUTINES=1' '-DFOLLY_HAVE_CLOCK_GETTIME=1' -ivfsoverlay /Users/karelbraborec/rev-meter/ios/Pods/React-Core-prebuilt/React-VFS.yaml

WriteAuxiliaryFile /Users/karelbraborec/Library/Developer/Xcode/DerivedData/revmeter-hbcnswmlqmbpnlazhhkncgeowiss/Build/Intermediates.noindex/Pods.build/Debug-iphonesimulator/ReactAppDependencyProvider.build/ReactAppDependencyProvider.DependencyStaticMetadataFileList (in target 'ReactAppDependencyProvider' from project 'Pods')
    cd /Users/karelbraborec/rev-meter/ios/Pods
    write-file /Users/karelbraborec/Library/Developer/Xcode/DerivedData/revmeter-hbcnswmlqmbpnlazhhkncgeowiss/Build/Intermediates.noindex/Pods.build/Debug-iphonesimulator/ReactAppDependencyProvider.build/ReactAppDependencyProvider.DependencyStaticMetadataFileList

WriteAuxiliaryFile /Users/karelbraborec/Library/Developer/Xcode/DerivedData/revmeter-hbcnswmlqmbpnlazhhkncgeowiss/Build/Intermediates.noindex/Pods.build/Debug-iphonesimulator/ReactAppDependencyProvider.build/ReactAppDependencyProvider.hmap (in target 'ReactAppDependencyProvider' from project 'Pods')
    cd /Users/karelbraborec/rev-meter/ios/Pods
    write-file /Users/karelbraborec/Library/Developer/Xcode/DerivedData/revmeter-hbcnswmlqmbpnlazhhkncgeowiss/Build/Intermediates.noindex/Pods.build/Debug-iphonesimulator/ReactAppDependencyProvider.build/ReactAppDependencyProvider.hmap

WriteAuxiliaryFile /Users/karelbraborec/Library/Developer/Xcode/DerivedData/revmeter-hbcnswmlqmbpnlazhhkncgeowiss/Build/Intermediates.noindex/Pods.build/Debug-iphonesimulator/ReactAppDependencyProvider.build/ReactAppDependencyProvider.DependencyMetadataFileList (in target 'ReactAppDependencyProvider' from project 'Pods')
    cd /Users/karelbraborec/rev-meter/ios/Pods
    write-file /Users/karelbraborec/Library/Developer/Xcode/DerivedData/revmeter-hbcnswmlqmbpnlazhhkncgeowiss/Build/Intermediates.noindex/Pods.build/Debug-iphonesimulator/ReactAppDependencyProvider.build/ReactAppDependencyProvider.DependencyMetadataFileList

WriteAuxiliaryFile /Users/karelbraborec/Library/Developer/Xcode/DerivedData/revmeter-hbcnswmlqmbpnlazhhkncgeowiss/Build/Intermediates.noindex/Pods.build/Debug-iphonesimulator/ReactAppDependencyProvider.build/ReactAppDependencyProvider-project-headers.hmap (in target 'ReactAppDependencyProvider' from project 'Pods')
    cd /Users/karelbraborec/rev-meter/ios/Pods
    write-file /Users/karelbraborec/Library/Developer/Xcode/DerivedData/revmeter-hbcnswmlqmbpnlazhhkncgeowiss/Build/Intermediates.noindex/Pods.build/Debug-iphonesimulator/ReactAppDependencyProvider.build/ReactAppDependencyProvider-project-headers.hmap

WriteAuxiliaryFile /Users/karelbraborec/Library/Developer/Xcode/DerivedData/revmeter-hbcnswmlqmbpnlazhhkncgeowiss/Build/Intermediates.noindex/Pods.build/Debug-iphonesimulator/ReactAppDependencyProvider.build/ReactAppDependencyProvider-own-target-headers.hmap (in target 'ReactAppDependencyProvider' from project 'Pods')
    cd /Users/karelbraborec/rev-meter/ios/Pods
    write-file /Users/karelbraborec/Library/Developer/Xcode/DerivedData/revmeter-hbcnswmlqmbpnlazhhkncgeowiss/Build/Intermediates.noindex/Pods.build/Debug-iphonesimulator/ReactAppDependencyProvider.build/ReactAppDependencyProvider-own-target-headers.hmap

WriteAuxiliaryFile /Users/karelbraborec/Library/Developer/Xcode/DerivedData/revmeter-hbcnswmlqmbpnlazhhkncgeowiss/Build/Intermediates.noindex/Pods.build/Debug-iphonesimulator/ReactAppDependencyProvider.build/ReactAppDependencyProvider-generated-files.hmap (in target 'ReactAppDependencyProvider' from project 'Pods')
    cd /Users/karelbraborec/rev-meter/ios/Pods
    write-file /Users/karelbraborec/Library/Developer/Xcode/DerivedData/revmeter-hbcnswmlqmbpnlazhhkncgeowiss/Build/Intermediates.noindex/Pods.build/Debug-iphonesimulator/ReactAppDependencyProvider.build/ReactAppDependencyProvider-generated-files.hmap

WriteAuxiliaryFile /Users/karelbraborec/Library/Developer/Xcode/DerivedData/revmeter-hbcnswmlqmbpnlazhhkncgeowiss/Build/Intermediates.noindex/Pods.build/Debug-iphonesimulator/ReactAppDependencyProvider.build/ReactAppDependencyProvider-all-target-headers.hmap (in target 'ReactAppDependencyProvider' from project 'Pods')
    cd /Users/karelbraborec/rev-meter/ios/Pods
    write-file /Users/karelbraborec/Library/Developer/Xcode/DerivedData/revmeter-hbcnswmlqmbpnlazhhkncgeowiss/Build/Intermediates.noindex/Pods.build/Debug-iphonesimulator/ReactAppDependencyProvider.build/ReactAppDependencyProvider-all-target-headers.hmap

WriteAuxiliaryFile /Users/karelbraborec/Library/Developer/Xcode/DerivedData/revmeter-hbcnswmlqmbpnlazhhkncgeowiss/Build/Intermediates.noindex/Pods.build/Debug-iphonesimulator/ReactAppDependencyProvider.build/ReactAppDependencyProvider-all-non-framework-target-headers.hmap (in target 'ReactAppDependencyProvider' from project 'Pods')
    cd /Users/karelbraborec/rev-meter/ios/Pods
    write-file /Users/karelbraborec/Library/Developer/Xcode/DerivedData/revmeter-hbcnswmlqmbpnlazhhkncgeowiss/Build/Intermediates.noindex/Pods.build/Debug-iphonesimulator/ReactAppDependencyProvider.build/ReactAppDependencyProvider-all-non-framework-target-headers.hmap

WriteAuxiliaryFile /Users/karelbraborec/Library/Developer/Xcode/DerivedData/revmeter-hbcnswmlqmbpnlazhhkncgeowiss/Build/Intermediates.noindex/Pods.build/Debug-iphonesimulator/ReactAppDependencyProvider.build/Objects-normal/x86_64/af3fcb34312c57c0f52879cdce924b91-common-args.resp (in target 'ReactAppDependencyProvider' from project 'Pods')
    cd /Users/karelbraborec/rev-meter/ios/Pods
    write-file /Users/karelbraborec/Library/Developer/Xcode/DerivedData/revmeter-hbcnswmlqmbpnlazhhkncgeowiss/Build/Intermediates.noindex/Pods.build/Debug-iphonesimulator/ReactAppDependencyProvider.build/Objects-normal/x86_64/af3fcb34312c57c0f52879cdce924b91-common-args.resp
'-std=c++20' '-stdlib=libc++' -fobjc-arc -fmodules -fno-cxx-modules '-fmodules-cache-path=/Users/karelbraborec/Library/Developer/Xcode/DerivedData/ModuleCache.noindex' '-fmodule-name=ReactAppDependencyProvider' '-D_LIBCPP_HARDENING_MODE=_LIBCPP_HARDENING_MODE_DEBUG' -fpascal-strings -O0 -fno-common '-DPOD_CONFIGURATION_DEBUG=1' '-DDEBUG=1' '-DCOCOAPODS=1' '-DOBJC_OLD_DISPATCH_PROTOTYPES=0' -fasm-blocks -g '-fobjc-abi-version=2' -fobjc-legacy-dispatch -iquote /Users/karelbraborec/Library/Developer/Xcode/DerivedData/revmeter-hbcnswmlqmbpnlazhhkncgeowiss/Build/Intermediates.noindex/Pods.build/Debug-iphonesimulator/ReactAppDependencyProvider.build/ReactAppDependencyProvider-generated-files.hmap -I/Users/karelbraborec/Library/Developer/Xcode/DerivedData/revmeter-hbcnswmlqmbpnlazhhkncgeowiss/Build/Intermediates.noindex/Pods.build/Debug-iphonesimulator/ReactAppDependencyProvider.build/ReactAppDependencyProvider-own-target-headers.hmap -I/Users/karelbraborec/Library/Developer/Xcode/DerivedData/revmeter-hbcnswmlqmbpnlazhhkncgeowiss/Build/Intermediates.noindex/Pods.build/Debug-iphonesimulator/ReactAppDependencyProvider.build/ReactAppDependencyProvider-all-non-framework-target-headers.hmap -ivfsoverlay /Users/karelbraborec/Library/Developer/Xcode/DerivedData/revmeter-hbcnswmlqmbpnlazhhkncgeowiss/Build/Intermediates.noindex/Pods.build/Debug-iphonesimulator/Pods-8699adb1dd336b26511df848a716bd42-VFS-iphonesimulator/all-product-headers.yaml -iquote /Users/karelbraborec/Library/Developer/Xcode/DerivedData/revmeter-hbcnswmlqmbpnlazhhkncgeowiss/Build/Intermediates.noindex/Pods.build/Debug-iphonesimulator/ReactAppDependencyProvider.build/ReactAppDependencyProvider-project-headers.hmap -I/Users/karelbraborec/Library/Developer/Xcode/DerivedData/revmeter-hbcnswmlqmbpnlazhhkncgeowiss/Build/Products/Debug-iphonesimulator/ReactAppDependencyProvider/include -I/Users/karelbraborec/rev-meter/ios/Pods/Headers/Private -I/Users/karelbraborec/rev-meter/ios/Pods/Headers/Private/ReactAppDependencyProvider -I/Users/karelbraborec/rev-meter/ios/Pods/Headers/Public -I/Users/karelbraborec/rev-meter/ios/Pods/Headers/Public/FBLazyVector -I/Users/karelbraborec/rev-meter/ios/Pods/Headers/Public/RCTRequired -I/Users/karelbraborec/rev-meter/ios/Pods/Headers/Public/RCTSwiftUIWrapper -I/Users/karelbraborec/rev-meter/ios/Pods/Headers/Public/RCTTypeSafety -I/Users/karelbraborec/rev-meter/ios/Pods/Headers/Public/React-Core -I/Users/karelbraborec/rev-meter/ios/Pods/Headers/Public/React-Core-prebuilt -I/Users/karelbraborec/rev-meter/ios/Pods/Headers/Public/React-CoreModules -I/Users/karelbraborec/rev-meter/ios/Pods/Headers/Public/React-Fabric -I/Users/karelbraborec/rev-meter/ios/Pods/Headers/Public/React-FabricComponents -I/Users/karelbraborec/rev-meter/ios/Pods/Headers/Public/React-FabricImage -I/Users/karelbraborec/rev-meter/ios/Pods/Headers/Public/React-ImageManager -I/Users/karelbraborec/rev-meter/ios/Pods/Headers/Public/React-Mapbuffer -I/Users/karelbraborec/rev-meter/ios/Pods/Headers/Public/React-NativeModulesApple -I/Users/karelbraborec/rev-meter/ios/Pods/Headers/Public/React-RCTAnimation -I/Users/karelbraborec/rev-meter/ios/Pods/Headers/Public/React-RCTBlob -I/Users/karelbraborec/rev-meter/ios/Pods/Headers/Public/React-RCTFBReactNativeSpec -I/Users/karelbraborec/rev-meter/ios/Pods/Headers/Public/React-RCTFabric -I/Users/karelbraborec/rev-meter/ios/Pods/Headers/Public/React-RCTImage -I/Users/karelbraborec/rev-meter/ios/Pods/Headers/Public/React-RCTRuntime -I/Users/karelbraborec/rev-meter/ios/Pods/Headers/Public/React-RCTText -I/Users/karelbraborec/rev-meter/ios/Pods/Headers/Public/React-RuntimeApple -I/Users/karelbraborec/rev-meter/ios/Pods/Headers/Public/React-RuntimeCore -I/Users/karelbraborec/rev-meter/ios/Pods/Headers/Public/React-RuntimeHermes -I/Users/karelbraborec/rev-meter/ios/Pods/Headers/Public/React-callinvoker -I/Users/karelbraborec/rev-meter/ios/Pods/Headers/Public/React-cxxreact -I/Users/karelbraborec/rev-meter/ios/Pods/Headers/Public/React-debug -I/Users/karelbraborec/rev-meter/ios/Pods/Headers/Public/React-defaultsnativemodule -I/Users/karelbraborec/rev-meter/ios/Pods/Headers/Public/React-domnativemodule -I/Users/karelbraborec/rev-meter/ios/Pods/Headers/Public/React-featureflags -I/Users/karelbraborec/rev-meter/ios/Pods/Headers/Public/React-featureflagsnativemodule -I/Users/karelbraborec/rev-meter/ios/Pods/Headers/Public/React-graphics -I/Users/karelbraborec/rev-meter/ios/Pods/Headers/Public/React-hermes -I/Users/karelbraborec/rev-meter/ios/Pods/Headers/Public/React-idlecallbacksnativemodule -I/Users/karelbraborec/rev-meter/ios/Pods/Headers/Public/React-intersectionobservernativemodule -I/Users/karelbraborec/rev-meter/ios/Pods/Headers/Public/React-jserrorhandler -I/Users/karelbraborec/rev-meter/ios/Pods/Headers/Public/React-jsi -I/Users/karelbraborec/rev-meter/ios/Pods/Headers/Public/React-jsiexecutor -I/Users/karelbraborec/rev-meter/ios/Pods/Headers/Public/React-jsinspector -I/Users/karelbraborec/rev-meter/ios/Pods/Headers/Public/React-jsinspectorcdp -I/Users/karelbraborec/rev-meter/ios/Pods/Headers/Public/React-jsinspectornetwork -I/Users/karelbraborec/rev-meter/ios/Pods/Headers/Public/React-jsinspectortracing -I/Users/karelbraborec/rev-meter/ios/Pods/Headers/Public/React-jsitooling -I/Users/karelbraborec/rev-meter/ios/Pods/Headers/Public/React-logger -I/Users/karelbraborec/rev-meter/ios/Pods/Headers/Public/React-microtasksnativemodule -I/Users/karelbraborec/rev-meter/ios/Pods/Headers/Public/React-mutationobservernativemodule -I/Users/karelbraborec/rev-meter/ios/Pods/Headers/Public/React-networking -I/Users/karelbraborec/rev-meter/ios/Pods/Headers/Public/React-oscompat -I/Users/karelbraborec/rev-meter/ios/Pods/Headers/Public/React-perflogger -I/Users/karelbraborec/rev-meter/ios/Pods/Headers/Public/React-performancecdpmetrics -I/Users/karelbraborec/rev-meter/ios/Pods/Headers/Public/React-performancetimeline -I/Users/karelbraborec/rev-meter/ios/Pods/Headers/Public/React-rendererconsistency -I/Users/karelbraborec/rev-meter/ios/Pods/Headers/Public/React-renderercss -I/Users/karelbraborec/rev-meter/ios/Pods/Headers/Public/React-rendererdebug -I/Users/karelbraborec/rev-meter/ios/Pods/Headers/Public/React-runtimeexecutor -I/Users/karelbraborec/rev-meter/ios/Pods/Headers/Public/React-runtimescheduler -I/Users/karelbraborec/rev-meter/ios/Pods/Headers/Public/React-timing -I/Users/karelbraborec/rev-meter/ios/Pods/Headers/Public/React-utils -I/Users/karelbraborec/rev-meter/ios/Pods/Headers/Public/React-viewtransitionnativemodule -I/Users/karelbraborec/rev-meter/ios/Pods/Headers/Public/React-webperformancenativemodule -I/Users/karelbraborec/rev-meter/ios/Pods/Headers/Public/ReactCodegen -I/Users/karelbraborec/rev-meter/ios/Pods/Headers/Public/ReactCommon -I/Users/karelbraborec/rev-meter/ios/Pods/Headers/Public/ReactNativeDependencies -I/Users/karelbraborec/rev-meter/ios/Pods/Headers/Public/Yoga -I/Users/karelbraborec/rev-meter/ios/Pods/Headers/Public/hermes-engine -I/Users/karelbraborec/rev-meter/ios/Pods/ExpoModulesCore/ExpoModulesCore.xcframework/ios-arm64_x86_64-simulator/ExpoModulesCore.framework/Headers -I/Users/karelbraborec/rev-meter/ios/Pods/ExpoModulesCore/ExpoModulesCore.xcframework/ios-arm64/ExpoModulesCore.framework/Headers -I/Users/karelbraborec/rev-meter/ios/Pods/ExpoModulesCore/ExpoModulesCore.xcframework/ios-arm64_x86_64-simulator/ExpoModulesCore.framework/Headers -I/Users/karelbraborec/rev-meter/ios/Pods/ExpoModulesCore/ExpoModulesCore.xcframework/ios-arm64/ExpoModulesCore.framework/Headers -I/Users/karelbraborec/Library/Developer/Xcode/DerivedData/revmeter-hbcnswmlqmbpnlazhhkncgeowiss/Build/Intermediates.noindex/Pods.build/Debug-iphonesimulator/ReactAppDependencyProvider.build/DerivedSources-normal/x86_64 -I/Users/karelbraborec/Library/Developer/Xcode/DerivedData/revmeter-hbcnswmlqmbpnlazhhkncgeowiss/Build/Intermediates.noindex/Pods.build/Debug-iphonesimulator/ReactAppDependencyProvider.build/DerivedSources/x86_64 -I/Users/karelbraborec/Library/Developer/Xcode/DerivedData/revmeter-hbcnswmlqmbpnlazhhkncgeowiss/Build/Intermediates.noindex/Pods.build/Debug-iphonesimulator/ReactAppDependencyProvider.build/DerivedSources -F/Users/karelbraborec/Library/Developer/Xcode/DerivedData/revmeter-hbcnswmlqmbpnlazhhkncgeowiss/Build/Products/Debug-iphonesimulator/ReactAppDependencyProvider -F/Users/karelbraborec/rev-meter/ios/Pods/React-Core-prebuilt -F/Users/karelbraborec/rev-meter/ios/Pods/ReactNativeDependencies/framework/packages/react-native -F/Users/karelbraborec/rev-meter/ios/Pods/hermes-engine/destroot/Library/Frameworks/universal -F/Users/karelbraborec/Library/Developer/Xcode/DerivedData/revmeter-hbcnswmlqmbpnlazhhkncgeowiss/Build/Products/Debug-iphonesimulator/XCFrameworkIntermediates/React-Core-prebuilt -F/Users/karelbraborec/Library/Developer/Xcode/DerivedData/revmeter-hbcnswmlqmbpnlazhhkncgeowiss/Build/Products/Debug-iphonesimulator/XCFrameworkIntermediates/ReactNativeDependencies -F/Users/karelbraborec/Library/Developer/Xcode/DerivedData/revmeter-hbcnswmlqmbpnlazhhkncgeowiss/Build/Products/Debug-iphonesimulator/XCFrameworkIntermediates/hermes-engine/Pre-built '-DRCT_REMOVE_LEGACY_ARCH=1' '-fmodule-map-file=/Users/karelbraborec/rev-meter/ios/Pods/Headers/Public/ReactCodegen/ReactCodegen.modulemap' -ivfsoverlay /Users/karelbraborec/rev-meter/ios/Pods/React-Core-prebuilt/React-VFS.yaml '-DRCT_REMOVE_LEGACY_ARCH=1' -ivfsoverlay /Users/karelbraborec/rev-meter/ios/Pods/React-Core-prebuilt/React-VFS.yaml

WriteAuxiliaryFile /Users/karelbraborec/Library/Developer/Xcode/DerivedData/revmeter-hbcnswmlqmbpnlazhhkncgeowiss/Build/Intermediates.noindex/Pods.build/Debug-iphonesimulator/ReactAppDependencyProvider.build/Objects-normal/x86_64/e6072d4f65d7061329687fe24e3d63a7-common-args.resp (in target 'ReactAppDependencyProvider' from project 'Pods')
    cd /Users/karelbraborec/rev-meter/ios/Pods
    write-file /Users/karelbraborec/Library/Developer/Xcode/DerivedData/revmeter-hbcnswmlqmbpnlazhhkncgeowiss/Build/Intermediates.noindex/Pods.build/Debug-iphonesimulator/ReactAppDependencyProvider.build/Objects-normal/x86_64/e6072d4f65d7061329687fe24e3d63a7-common-args.resp
'-std=gnu11' -fobjc-arc -fmodules '-fmodules-cache-path=/Users/karelbraborec/Library/Developer/Xcode/DerivedData/ModuleCache.noindex' '-fmodule-name=ReactAppDependencyProvider' -fpascal-strings -O0 -fno-common '-DPOD_CONFIGURATION_DEBUG=1' '-DDEBUG=1' '-DCOCOAPODS=1' '-DOBJC_OLD_DISPATCH_PROTOTYPES=0' -fasm-blocks -g '-fobjc-abi-version=2' -fobjc-legacy-dispatch -iquote /Users/karelbraborec/Library/Developer/Xcode/DerivedData/revmeter-hbcnswmlqmbpnlazhhkncgeowiss/Build/Intermediates.noindex/Pods.build/Debug-iphonesimulator/ReactAppDependencyProvider.build/ReactAppDependencyProvider-generated-files.hmap -I/Users/karelbraborec/Library/Developer/Xcode/DerivedData/revmeter-hbcnswmlqmbpnlazhhkncgeowiss/Build/Intermediates.noindex/Pods.build/Debug-iphonesimulator/ReactAppDependencyProvider.build/ReactAppDependencyProvider-own-target-headers.hmap -I/Users/karelbraborec/Library/Developer/Xcode/DerivedData/revmeter-hbcnswmlqmbpnlazhhkncgeowiss/Build/Intermediates.noindex/Pods.build/Debug-iphonesimulator/ReactAppDependencyProvider.build/ReactAppDependencyProvider-all-non-framework-target-headers.hmap -ivfsoverlay /Users/karelbraborec/Library/Developer/Xcode/DerivedData/revmeter-hbcnswmlqmbpnlazhhkncgeowiss/Build/Intermediates.noindex/Pods.build/Debug-iphonesimulator/Pods-8699adb1dd336b26511df848a716bd42-VFS-iphonesimulator/all-product-headers.yaml -iquote /Users/karelbraborec/Library/Developer/Xcode/DerivedData/revmeter-hbcnswmlqmbpnlazhhkncgeowiss/Build/Intermediates.noindex/Pods.build/Debug-iphonesimulator/ReactAppDependencyProvider.build/ReactAppDependencyProvider-project-headers.hmap -I/Users/karelbraborec/Library/Developer/Xcode/DerivedData/revmeter-hbcnswmlqmbpnlazhhkncgeowiss/Build/Products/Debug-iphonesimulator/ReactAppDependencyProvider/include -I/Users/karelbraborec/rev-meter/ios/Pods/Headers/Private -I/Users/karelbraborec/rev-meter/ios/Pods/Headers/Private/ReactAppDependencyProvider -I/Users/karelbraborec/rev-meter/ios/Pods/Headers/Public -I/Users/karelbraborec/rev-meter/ios/Pods/Headers/Public/FBLazyVector -I/Users/karelbraborec/rev-meter/ios/Pods/Headers/Public/RCTRequired -I/Users/karelbraborec/rev-meter/ios/Pods/Headers/Public/RCTSwiftUIWrapper -I/Users/karelbraborec/rev-meter/ios/Pods/Headers/Public/RCTTypeSafety -I/Users/karelbraborec/rev-meter/ios/Pods/Headers/Public/React-Core -I/Users/karelbraborec/rev-meter/ios/Pods/Headers/Public/React-Core-prebuilt -I/Users/karelbraborec/rev-meter/ios/Pods/Headers/Public/React-CoreModules -I/Users/karelbraborec/rev-meter/ios/Pods/Headers/Public/React-Fabric -I/Users/karelbraborec/rev-meter/ios/Pods/Headers/Public/React-FabricComponents -I/Users/karelbraborec/rev-meter/ios/Pods/Headers/Public/React-FabricImage -I/Users/karelbraborec/rev-meter/ios/Pods/Headers/Public/React-ImageManager -I/Users/karelbraborec/rev-meter/ios/Pods/Headers/Public/React-Mapbuffer -I/Users/karelbraborec/rev-meter/ios/Pods/Headers/Public/React-NativeModulesApple -I/Users/karelbraborec/rev-meter/ios/Pods/Headers/Public/React-RCTAnimation -I/Users/karelbraborec/rev-meter/ios/Pods/Headers/Public/React-RCTBlob -I/Users/karelbraborec/rev-meter/ios/Pods/Headers/Public/React-RCTFBReactNativeSpec -I/Users/karelbraborec/rev-meter/ios/Pods/Headers/Public/React-RCTFabric -I/Users/karelbraborec/rev-meter/ios/Pods/Headers/Public/React-RCTImage -I/Users/karelbraborec/rev-meter/ios/Pods/Headers/Public/React-RCTRuntime -I/Users/karelbraborec/rev-meter/ios/Pods/Headers/Public/React-RCTText -I/Users/karelbraborec/rev-meter/ios/Pods/Headers/Public/React-RuntimeApple -I/Users/karelbraborec/rev-meter/ios/Pods/Headers/Public/React-RuntimeCore -I/Users/karelbraborec/rev-meter/ios/Pods/Headers/Public/React-RuntimeHermes -I/Users/karelbraborec/rev-meter/ios/Pods/Headers/Public/React-callinvoker -I/Users/karelbraborec/rev-meter/ios/Pods/Headers/Public/React-cxxreact -I/Users/karelbraborec/rev-meter/ios/Pods/Headers/Public/React-debug -I/Users/karelbraborec/rev-meter/ios/Pods/Headers/Public/React-defaultsnativemodule -I/Users/karelbraborec/rev-meter/ios/Pods/Headers/Public/React-domnativemodule -I/Users/karelbraborec/rev-meter/ios/Pods/Headers/Public/React-featureflags -I/Users/karelbraborec/rev-meter/ios/Pods/Headers/Public/React-featureflagsnativemodule -I/Users/karelbraborec/rev-meter/ios/Pods/Headers/Public/React-graphics -I/Users/karelbraborec/rev-meter/ios/Pods/Headers/Public/React-hermes -I/Users/karelbraborec/rev-meter/ios/Pods/Headers/Public/React-idlecallbacksnativemodule -I/Users/karelbraborec/rev-meter/ios/Pods/Headers/Public/React-intersectionobservernativemodule -I/Users/karelbraborec/rev-meter/ios/Pods/Headers/Public/React-jserrorhandler -I/Users/karelbraborec/rev-meter/ios/Pods/Headers/Public/React-jsi -I/Users/karelbraborec/rev-meter/ios/Pods/Headers/Public/React-jsiexecutor -I/Users/karelbraborec/rev-meter/ios/Pods/Headers/Public/React-jsinspector -I/Users/karelbraborec/rev-meter/ios/Pods/Headers/Public/React-jsinspectorcdp -I/Users/karelbraborec/rev-meter/ios/Pods/Headers/Public/React-jsinspectornetwork -I/Users/karelbraborec/rev-meter/ios/Pods/Headers/Public/React-jsinspectortracing -I/Users/karelbraborec/rev-meter/ios/Pods/Headers/Public/React-jsitooling -I/Users/karelbraborec/rev-meter/ios/Pods/Headers/Public/React-logger -I/Users/karelbraborec/rev-meter/ios/Pods/Headers/Public/React-microtasksnativemodule -I/Users/karelbraborec/rev-meter/ios/Pods/Headers/Public/React-mutationobservernativemodule -I/Users/karelbraborec/rev-meter/ios/Pods/Headers/Public/React-networking -I/Users/karelbraborec/rev-meter/ios/Pods/Headers/Public/React-oscompat -I/Users/karelbraborec/rev-meter/ios/Pods/Headers/Public/React-perflogger -I/Users/karelbraborec/rev-meter/ios/Pods/Headers/Public/React-performancecdpmetrics -I/Users/karelbraborec/rev-meter/ios/Pods/Headers/Public/React-performancetimeline -I/Users/karelbraborec/rev-meter/ios/Pods/Headers/Public/React-rendererconsistency -I/Users/karelbraborec/rev-meter/ios/Pods/Headers/Public/React-renderercss -I/Users/karelbraborec/rev-meter/ios/Pods/Headers/Public/React-rendererdebug -I/Users/karelbraborec/rev-meter/ios/Pods/Headers/Public/React-runtimeexecutor -I/Users/karelbraborec/rev-meter/ios/Pods/Headers/Public/React-runtimescheduler -I/Users/karelbraborec/rev-meter/ios/Pods/Headers/Public/React-timing -I/Users/karelbraborec/rev-meter/ios/Pods/Headers/Public/React-utils -I/Users/karelbraborec/rev-meter/ios/Pods/Headers/Public/React-viewtransitionnativemodule -I/Users/karelbraborec/rev-meter/ios/Pods/Headers/Public/React-webperformancenativemodule -I/Users/karelbraborec/rev-meter/ios/Pods/Headers/Public/ReactCodegen -I/Users/karelbraborec/rev-meter/ios/Pods/Headers/Public/ReactCommon -I/Users/karelbraborec/rev-meter/ios/Pods/Headers/Public/ReactNativeDependencies -I/Users/karelbraborec/rev-meter/ios/Pods/Headers/Public/Yoga -I/Users/karelbraborec/rev-meter/ios/Pods/Headers/Public/hermes-engine -I/Users/karelbraborec/rev-meter/ios/Pods/ExpoModulesCore/ExpoModulesCore.xcframework/ios-arm64_x86_64-simulator/ExpoModulesCore.framework/Headers -I/Users/karelbraborec/rev-meter/ios/Pods/ExpoModulesCore/ExpoModulesCore.xcframework/ios-arm64/ExpoModulesCore.framework/Headers -I/Users/karelbraborec/rev-meter/ios/Pods/ExpoModulesCore/ExpoModulesCore.xcframework/ios-arm64_x86_64-simulator/ExpoModulesCore.framework/Headers -I/Users/karelbraborec/rev-meter/ios/Pods/ExpoModulesCore/ExpoModulesCore.xcframework/ios-arm64/ExpoModulesCore.framework/Headers -I/Users/karelbraborec/Library/Developer/Xcode/DerivedData/revmeter-hbcnswmlqmbpnlazhhkncgeowiss/Build/Intermediates.noindex/Pods.build/Debug-iphonesimulator/ReactAppDependencyProvider.build/DerivedSources-normal/x86_64 -I/Users/karelbraborec/Library/Developer/Xcode/DerivedData/revmeter-hbcnswmlqmbpnlazhhkncgeowiss/Build/Intermediates.noindex/Pods.build/Debug-iphonesimulator/ReactAppDependencyProvider.build/DerivedSources/x86_64 -I/Users/karelbraborec/Library/Developer/Xcode/DerivedData/revmeter-hbcnswmlqmbpnlazhhkncgeowiss/Build/Intermediates.noindex/Pods.build/Debug-iphonesimulator/ReactAppDependencyProvider.build/DerivedSources -F/Users/karelbraborec/Library/Developer/Xcode/DerivedData/revmeter-hbcnswmlqmbpnlazhhkncgeowiss/Build/Products/Debug-iphonesimulator/ReactAppDependencyProvider -F/Users/karelbraborec/rev-meter/ios/Pods/React-Core-prebuilt -F/Users/karelbraborec/rev-meter/ios/Pods/ReactNativeDependencies/framework/packages/react-native -F/Users/karelbraborec/rev-meter/ios/Pods/hermes-engine/destroot/Library/Frameworks/universal -F/Users/karelbraborec/Library/Developer/Xcode/DerivedData/revmeter-hbcnswmlqmbpnlazhhkncgeowiss/Build/Products/Debug-iphonesimulator/XCFrameworkIntermediates/React-Core-prebuilt -F/Users/karelbraborec/Library/Developer/Xcode/DerivedData/revmeter-hbcnswmlqmbpnlazhhkncgeowiss/Build/Products/Debug-iphonesimulator/XCFrameworkIntermediates/ReactNativeDependencies -F/Users/karelbraborec/Library/Developer/Xcode/DerivedData/revmeter-hbcnswmlqmbpnlazhhkncgeowiss/Build/Products/Debug-iphonesimulator/XCFrameworkIntermediates/hermes-engine/Pre-built '-DRCT_REMOVE_LEGACY_ARCH=1' '-fmodule-map-file=/Users/karelbraborec/rev-meter/ios/Pods/Headers/Public/ReactCodegen/ReactCodegen.modulemap' -ivfsoverlay /Users/karelbraborec/rev-meter/ios/Pods/React-Core-prebuilt/React-VFS.yaml

WriteAuxiliaryFile /Users/karelbraborec/Library/Developer/Xcode/DerivedData/revmeter-hbcnswmlqmbpnlazhhkncgeowiss/Build/Intermediates.noindex/Pods.build/Debug-iphonesimulator/ReactAppDependencyProvider.build/Objects-normal/x86_64/ReactAppDependencyProvider.LinkFileList (in target 'ReactAppDependencyProvider' from project 'Pods')
    cd /Users/karelbraborec/rev-meter/ios/Pods
    write-file /Users/karelbraborec/Library/Developer/Xcode/DerivedData/revmeter-hbcnswmlqmbpnlazhhkncgeowiss/Build/Intermediates.noindex/Pods.build/Debug-iphonesimulator/ReactAppDependencyProvider.build/Objects-normal/x86_64/ReactAppDependencyProvider.LinkFileList

WriteAuxiliaryFile /Users/karelbraborec/Library/Developer/Xcode/DerivedData/revmeter-hbcnswmlqmbpnlazhhkncgeowiss/Build/Intermediates.noindex/Pods.build/Debug-iphonesimulator/ReactAppDependencyProvider.build/Objects-normal/arm64/e6072d4f65d7061329687fe24e3d63a7-common-args.resp (in target 'ReactAppDependencyProvider' from project 'Pods')
    cd /Users/karelbraborec/rev-meter/ios/Pods
    write-file /Users/karelbraborec/Library/Developer/Xcode/DerivedData/revmeter-hbcnswmlqmbpnlazhhkncgeowiss/Build/Intermediates.noindex/Pods.build/Debug-iphonesimulator/ReactAppDependencyProvider.build/Objects-normal/arm64/e6072d4f65d7061329687fe24e3d63a7-common-args.resp
'-std=gnu11' -fobjc-arc -fmodules '-fmodules-cache-path=/Users/karelbraborec/Library/Developer/Xcode/DerivedData/ModuleCache.noindex' '-fmodule-name=ReactAppDependencyProvider' -fpascal-strings -O0 -fno-common '-DPOD_CONFIGURATION_DEBUG=1' '-DDEBUG=1' '-DCOCOAPODS=1' '-DOBJC_OLD_DISPATCH_PROTOTYPES=0' -g '-fobjc-abi-version=2' -fobjc-legacy-dispatch -iquote /Users/karelbraborec/Library/Developer/Xcode/DerivedData/revmeter-hbcnswmlqmbpnlazhhkncgeowiss/Build/Intermediates.noindex/Pods.build/Debug-iphonesimulator/ReactAppDependencyProvider.build/ReactAppDependencyProvider-generated-files.hmap -I/Users/karelbraborec/Library/Developer/Xcode/DerivedData/revmeter-hbcnswmlqmbpnlazhhkncgeowiss/Build/Intermediates.noindex/Pods.build/Debug-iphonesimulator/ReactAppDependencyProvider.build/ReactAppDependencyProvider-own-target-headers.hmap -I/Users/karelbraborec/Library/Developer/Xcode/DerivedData/revmeter-hbcnswmlqmbpnlazhhkncgeowiss/Build/Intermediates.noindex/Pods.build/Debug-iphonesimulator/ReactAppDependencyProvider.build/ReactAppDependencyProvider-all-non-framework-target-headers.hmap -ivfsoverlay /Users/karelbraborec/Library/Developer/Xcode/DerivedData/revmeter-hbcnswmlqmbpnlazhhkncgeowiss/Build/Intermediates.noindex/Pods.build/Debug-iphonesimulator/Pods-8699adb1dd336b26511df848a716bd42-VFS-iphonesimulator/all-product-headers.yaml -iquote /Users/karelbraborec/Library/Developer/Xcode/DerivedData/revmeter-hbcnswmlqmbpnlazhhkncgeowiss/Build/Intermediates.noindex/Pods.build/Debug-iphonesimulator/ReactAppDependencyProvider.build/ReactAppDependencyProvider-project-headers.hmap -I/Users/karelbraborec/Library/Developer/Xcode/DerivedData/revmeter-hbcnswmlqmbpnlazhhkncgeowiss/Build/Products/Debug-iphonesimulator/ReactAppDependencyProvider/include -I/Users/karelbraborec/rev-meter/ios/Pods/Headers/Private -I/Users/karelbraborec/rev-meter/ios/Pods/Headers/Private/ReactAppDependencyProvider -I/Users/karelbraborec/rev-meter/ios/Pods/Headers/Public -I/Users/karelbraborec/rev-meter/ios/Pods/Headers/Public/FBLazyVector -I/Users/karelbraborec/rev-meter/ios/Pods/Headers/Public/RCTRequired -I/Users/karelbraborec/rev-meter/ios/Pods/Headers/Public/RCTSwiftUIWrapper -I/Users/karelbraborec/rev-meter/ios/Pods/Headers/Public/RCTTypeSafety -I/Users/karelbraborec/rev-meter/ios/Pods/Headers/Public/React-Core -I/Users/karelbraborec/rev-meter/ios/Pods/Headers/Public/React-Core-prebuilt -I/Users/karelbraborec/rev-meter/ios/Pods/Headers/Public/React-CoreModules -I/Users/karelbraborec/rev-meter/ios/Pods/Headers/Public/React-Fabric -I/Users/karelbraborec/rev-meter/ios/Pods/Headers/Public/React-FabricComponents -I/Users/karelbraborec/rev-meter/ios/Pods/Headers/Public/React-FabricImage -I/Users/karelbraborec/rev-meter/ios/Pods/Headers/Public/React-ImageManager -I/Users/karelbraborec/rev-meter/ios/Pods/Headers/Public/React-Mapbuffer -I/Users/karelbraborec/rev-meter/ios/Pods/Headers/Public/React-NativeModulesApple -I/Users/karelbraborec/rev-meter/ios/Pods/Headers/Public/React-RCTAnimation -I/Users/karelbraborec/rev-meter/ios/Pods/Headers/Public/React-RCTBlob -I/Users/karelbraborec/rev-meter/ios/Pods/Headers/Public/React-RCTFBReactNativeSpec -I/Users/karelbraborec/rev-meter/ios/Pods/Headers/Public/React-RCTFabric -I/Users/karelbraborec/rev-meter/ios/Pods/Headers/Public/React-RCTImage -I/Users/karelbraborec/rev-meter/ios/Pods/Headers/Public/React-RCTRuntime -I/Users/karelbraborec/rev-meter/ios/Pods/Headers/Public/React-RCTText -I/Users/karelbraborec/rev-meter/ios/Pods/Headers/Public/React-RuntimeApple -I/Users/karelbraborec/rev-meter/ios/Pods/Headers/Public/React-RuntimeCore -I/Users/karelbraborec/rev-meter/ios/Pods/Headers/Public/React-RuntimeHermes -I/Users/karelbraborec/rev-meter/ios/Pods/Headers/Public/React-callinvoker -I/Users/karelbraborec/rev-meter/ios/Pods/Headers/Public/React-cxxreact -I/Users/karelbraborec/rev-meter/ios/Pods/Headers/Public/React-debug -I/Users/karelbraborec/rev-meter/ios/Pods/Headers/Public/React-defaultsnativemodule -I/Users/karelbraborec/rev-meter/ios/Pods/Headers/Public/React-domnativemodule -I/Users/karelbraborec/rev-meter/ios/Pods/Headers/Public/React-featureflags -I/Users/karelbraborec/rev-meter/ios/Pods/Headers/Public/React-featureflagsnativemodule -I/Users/karelbraborec/rev-meter/ios/Pods/Headers/Public/React-graphics -I/Users/karelbraborec/rev-meter/ios/Pods/Headers/Public/React-hermes -I/Users/karelbraborec/rev-meter/ios/Pods/Headers/Public/React-idlecallbacksnativemodule -I/Users/karelbraborec/rev-meter/ios/Pods/Headers/Public/React-intersectionobservernativemodule -I/Users/karelbraborec/rev-meter/ios/Pods/Headers/Public/React-jserrorhandler -I/Users/karelbraborec/rev-meter/ios/Pods/Headers/Public/React-jsi -I/Users/karelbraborec/rev-meter/ios/Pods/Headers/Public/React-jsiexecutor -I/Users/karelbraborec/rev-meter/ios/Pods/Headers/Public/React-jsinspector -I/Users/karelbraborec/rev-meter/ios/Pods/Headers/Public/React-jsinspectorcdp -I/Users/karelbraborec/rev-meter/ios/Pods/Headers/Public/React-jsinspectornetwork -I/Users/karelbraborec/rev-meter/ios/Pods/Headers/Public/React-jsinspectortracing -I/Users/karelbraborec/rev-meter/ios/Pods/Headers/Public/React-jsitooling -I/Users/karelbraborec/rev-meter/ios/Pods/Headers/Public/React-logger -I/Users/karelbraborec/rev-meter/ios/Pods/Headers/Public/React-microtasksnativemodule -I/Users/karelbraborec/rev-meter/ios/Pods/Headers/Public/React-mutationobservernativemodule -I/Users/karelbraborec/rev-meter/ios/Pods/Headers/Public/React-networking -I/Users/karelbraborec/rev-meter/ios/Pods/Headers/Public/React-oscompat -I/Users/karelbraborec/rev-meter/ios/Pods/Headers/Public/React-perflogger -I/Users/karelbraborec/rev-meter/ios/Pods/Headers/Public/React-performancecdpmetrics -I/Users/karelbraborec/rev-meter/ios/Pods/Headers/Public/React-performancetimeline -I/Users/karelbraborec/rev-meter/ios/Pods/Headers/Public/React-rendererconsistency -I/Users/karelbraborec/rev-meter/ios/Pods/Headers/Public/React-renderercss -I/Users/karelbraborec/rev-meter/ios/Pods/Headers/Public/React-rendererdebug -I/Users/karelbraborec/rev-meter/ios/Pods/Headers/Public/React-runtimeexecutor -I/Users/karelbraborec/rev-meter/ios/Pods/Headers/Public/React-runtimescheduler -I/Users/karelbraborec/rev-meter/ios/Pods/Headers/Public/React-timing -I/Users/karelbraborec/rev-meter/ios/Pods/Headers/Public/React-utils -I/Users/karelbraborec/rev-meter/ios/Pods/Headers/Public/React-viewtransitionnativemodule -I/Users/karelbraborec/rev-meter/ios/Pods/Headers/Public/React-webperformancenativemodule -I/Users/karelbraborec/rev-meter/ios/Pods/Headers/Public/ReactCodegen -I/Users/karelbraborec/rev-meter/ios/Pods/Headers/Public/ReactCommon -I/Users/karelbraborec/rev-meter/ios/Pods/Headers/Public/ReactNativeDependencies -I/Users/karelbraborec/rev-meter/ios/Pods/Headers/Public/Yoga -I/Users/karelbraborec/rev-meter/ios/Pods/Headers/Public/hermes-engine -I/Users/karelbraborec/rev-meter/ios/Pods/ExpoModulesCore/ExpoModulesCore.xcframework/ios-arm64_x86_64-simulator/ExpoModulesCore.framework/Headers -I/Users/karelbraborec/rev-meter/ios/Pods/ExpoModulesCore/ExpoModulesCore.xcframework/ios-arm64/ExpoModulesCore.framework/Headers -I/Users/karelbraborec/rev-meter/ios/Pods/ExpoModulesCore/ExpoModulesCore.xcframework/ios-arm64_x86_64-simulator/ExpoModulesCore.framework/Headers -I/Users/karelbraborec/rev-meter/ios/Pods/ExpoModulesCore/ExpoModulesCore.xcframework/ios-arm64/ExpoModulesCore.framework/Headers -I/Users/karelbraborec/Library/Developer/Xcode/DerivedData/revmeter-hbcnswmlqmbpnlazhhkncgeowiss/Build/Intermediates.noindex/Pods.build/Debug-iphonesimulator/ReactAppDependencyProvider.build/DerivedSources-normal/arm64 -I/Users/karelbraborec/Library/Developer/Xcode/DerivedData/revmeter-hbcnswmlqmbpnlazhhkncgeowiss/Build/Intermediates.noindex/Pods.build/Debug-iphonesimulator/ReactAppDependencyProvider.build/DerivedSources/arm64 -I/Users/karelbraborec/Library/Developer/Xcode/DerivedData/revmeter-hbcnswmlqmbpnlazhhkncgeowiss/Build/Intermediates.noindex/Pods.build/Debug-iphonesimulator/ReactAppDependencyProvider.build/DerivedSources -F/Users/karelbraborec/Library/Developer/Xcode/DerivedData/revmeter-hbcnswmlqmbpnlazhhkncgeowiss/Build/Products/Debug-iphonesimulator/ReactAppDependencyProvider -F/Users/karelbraborec/rev-meter/ios/Pods/React-Core-prebuilt -F/Users/karelbraborec/rev-meter/ios/Pods/ReactNativeDependencies/framework/packages/react-native -F/Users/karelbraborec/rev-meter/ios/Pods/hermes-engine/destroot/Library/Frameworks/universal -F/Users/karelbraborec/Library/Developer/Xcode/DerivedData/revmeter-hbcnswmlqmbpnlazhhkncgeowiss/Build/Products/Debug-iphonesimulator/XCFrameworkIntermediates/React-Core-prebuilt -F/Users/karelbraborec/Library/Developer/Xcode/DerivedData/revmeter-hbcnswmlqmbpnlazhhkncgeowiss/Build/Products/Debug-iphonesimulator/XCFrameworkIntermediates/ReactNativeDependencies -F/Users/karelbraborec/Library/Developer/Xcode/DerivedData/revmeter-hbcnswmlqmbpnlazhhkncgeowiss/Build/Products/Debug-iphonesimulator/XCFrameworkIntermediates/hermes-engine/Pre-built '-DRCT_REMOVE_LEGACY_ARCH=1' '-fmodule-map-file=/Users/karelbraborec/rev-meter/ios/Pods/Headers/Public/ReactCodegen/ReactCodegen.modulemap' -ivfsoverlay /Users/karelbraborec/rev-meter/ios/Pods/React-Core-prebuilt/React-VFS.yaml

WriteAuxiliaryFile /Users/karelbraborec/Library/Developer/Xcode/DerivedData/revmeter-hbcnswmlqmbpnlazhhkncgeowiss/Build/Intermediates.noindex/Pods.build/Debug-iphonesimulator/ReactAppDependencyProvider.build/Objects-normal/arm64/af3fcb34312c57c0f52879cdce924b91-common-args.resp (in target 'ReactAppDependencyProvider' from project 'Pods')
    cd /Users/karelbraborec/rev-meter/ios/Pods
    write-file /Users/karelbraborec/Library/Developer/Xcode/DerivedData/revmeter-hbcnswmlqmbpnlazhhkncgeowiss/Build/Intermediates.noindex/Pods.build/Debug-iphonesimulator/ReactAppDependencyProvider.build/Objects-normal/arm64/af3fcb34312c57c0f52879cdce924b91-common-args.resp
'-std=c++20' '-stdlib=libc++' -fobjc-arc -fmodules -fno-cxx-modules '-fmodules-cache-path=/Users/karelbraborec/Library/Developer/Xcode/DerivedData/ModuleCache.noindex' '-fmodule-name=ReactAppDependencyProvider' '-D_LIBCPP_HARDENING_MODE=_LIBCPP_HARDENING_MODE_DEBUG' -fpascal-strings -O0 -fno-common '-DPOD_CONFIGURATION_DEBUG=1' '-DDEBUG=1' '-DCOCOAPODS=1' '-DOBJC_OLD_DISPATCH_PROTOTYPES=0' -g '-fobjc-abi-version=2' -fobjc-legacy-dispatch -iquote /Users/karelbraborec/Library/Developer/Xcode/DerivedData/revmeter-hbcnswmlqmbpnlazhhkncgeowiss/Build/Intermediates.noindex/Pods.build/Debug-iphonesimulator/ReactAppDependencyProvider.build/ReactAppDependencyProvider-generated-files.hmap -I/Users/karelbraborec/Library/Developer/Xcode/DerivedData/revmeter-hbcnswmlqmbpnlazhhkncgeowiss/Build/Intermediates.noindex/Pods.build/Debug-iphonesimulator/ReactAppDependencyProvider.build/ReactAppDependencyProvider-own-target-headers.hmap -I/Users/karelbraborec/Library/Developer/Xcode/DerivedData/revmeter-hbcnswmlqmbpnlazhhkncgeowiss/Build/Intermediates.noindex/Pods.build/Debug-iphonesimulator/ReactAppDependencyProvider.build/ReactAppDependencyProvider-all-non-framework-target-headers.hmap -ivfsoverlay /Users/karelbraborec/Library/Developer/Xcode/DerivedData/revmeter-hbcnswmlqmbpnlazhhkncgeowiss/Build/Intermediates.noindex/Pods.build/Debug-iphonesimulator/Pods-8699adb1dd336b26511df848a716bd42-VFS-iphonesimulator/all-product-headers.yaml -iquote /Users/karelbraborec/Library/Developer/Xcode/DerivedData/revmeter-hbcnswmlqmbpnlazhhkncgeowiss/Build/Intermediates.noindex/Pods.build/Debug-iphonesimulator/ReactAppDependencyProvider.build/ReactAppDependencyProvider-project-headers.hmap -I/Users/karelbraborec/Library/Developer/Xcode/DerivedData/revmeter-hbcnswmlqmbpnlazhhkncgeowiss/Build/Products/Debug-iphonesimulator/ReactAppDependencyProvider/include -I/Users/karelbraborec/rev-meter/ios/Pods/Headers/Private -I/Users/karelbraborec/rev-meter/ios/Pods/Headers/Private/ReactAppDependencyProvider -I/Users/karelbraborec/rev-meter/ios/Pods/Headers/Public -I/Users/karelbraborec/rev-meter/ios/Pods/Headers/Public/FBLazyVector -I/Users/karelbraborec/rev-meter/ios/Pods/Headers/Public/RCTRequired -I/Users/karelbraborec/rev-meter/ios/Pods/Headers/Public/RCTSwiftUIWrapper -I/Users/karelbraborec/rev-meter/ios/Pods/Headers/Public/RCTTypeSafety -I/Users/karelbraborec/rev-meter/ios/Pods/Headers/Public/React-Core -I/Users/karelbraborec/rev-meter/ios/Pods/Headers/Public/React-Core-prebuilt -I/Users/karelbraborec/rev-meter/ios/Pods/Headers/Public/React-CoreModules -I/Users/karelbraborec/rev-meter/ios/Pods/Headers/Public/React-Fabric -I/Users/karelbraborec/rev-meter/ios/Pods/Headers/Public/React-FabricComponents -I/Users/karelbraborec/rev-meter/ios/Pods/Headers/Public/React-FabricImage -I/Users/karelbraborec/rev-meter/ios/Pods/Headers/Public/React-ImageManager -I/Users/karelbraborec/rev-meter/ios/Pods/Headers/Public/React-Mapbuffer -I/Users/karelbraborec/rev-meter/ios/Pods/Headers/Public/React-NativeModulesApple -I/Users/karelbraborec/rev-meter/ios/Pods/Headers/Public/React-RCTAnimation -I/Users/karelbraborec/rev-meter/ios/Pods/Headers/Public/React-RCTBlob -I/Users/karelbraborec/rev-meter/ios/Pods/Headers/Public/React-RCTFBReactNativeSpec -I/Users/karelbraborec/rev-meter/ios/Pods/Headers/Public/React-RCTFabric -I/Users/karelbraborec/rev-meter/ios/Pods/Headers/Public/React-RCTImage -I/Users/karelbraborec/rev-meter/ios/Pods/Headers/Public/React-RCTRuntime -I/Users/karelbraborec/rev-meter/ios/Pods/Headers/Public/React-RCTText -I/Users/karelbraborec/rev-meter/ios/Pods/Headers/Public/React-RuntimeApple -I/Users/karelbraborec/rev-meter/ios/Pods/Headers/Public/React-RuntimeCore -I/Users/karelbraborec/rev-meter/ios/Pods/Headers/Public/React-RuntimeHermes -I/Users/karelbraborec/rev-meter/ios/Pods/Headers/Public/React-callinvoker -I/Users/karelbraborec/rev-meter/ios/Pods/Headers/Public/React-cxxreact -I/Users/karelbraborec/rev-meter/ios/Pods/Headers/Public/React-debug -I/Users/karelbraborec/rev-meter/ios/Pods/Headers/Public/React-defaultsnativemodule -I/Users/karelbraborec/rev-meter/ios/Pods/Headers/Public/React-domnativemodule -I/Users/karelbraborec/rev-meter/ios/Pods/Headers/Public/React-featureflags -I/Users/karelbraborec/rev-meter/ios/Pods/Headers/Public/React-featureflagsnativemodule -I/Users/karelbraborec/rev-meter/ios/Pods/Headers/Public/React-graphics -I/Users/karelbraborec/rev-meter/ios/Pods/Headers/Public/React-hermes -I/Users/karelbraborec/rev-meter/ios/Pods/Headers/Public/React-idlecallbacksnativemodule -I/Users/karelbraborec/rev-meter/ios/Pods/Headers/Public/React-intersectionobservernativemodule -I/Users/karelbraborec/rev-meter/ios/Pods/Headers/Public/React-jserrorhandler -I/Users/karelbraborec/rev-meter/ios/Pods/Headers/Public/React-jsi -I/Users/karelbraborec/rev-meter/ios/Pods/Headers/Public/React-jsiexecutor -I/Users/karelbraborec/rev-meter/ios/Pods/Headers/Public/React-jsinspector -I/Users/karelbraborec/rev-meter/ios/Pods/Headers/Public/React-jsinspectorcdp -I/Users/karelbraborec/rev-meter/ios/Pods/Headers/Public/React-jsinspectornetwork -I/Users/karelbraborec/rev-meter/ios/Pods/Headers/Public/React-jsinspectortracing -I/Users/karelbraborec/rev-meter/ios/Pods/Headers/Public/React-jsitooling -I/Users/karelbraborec/rev-meter/ios/Pods/Headers/Public/React-logger -I/Users/karelbraborec/rev-meter/ios/Pods/Headers/Public/React-microtasksnativemodule -I/Users/karelbraborec/rev-meter/ios/Pods/Headers/Public/React-mutationobservernativemodule -I/Users/karelbraborec/rev-meter/ios/Pods/Headers/Public/React-networking -I/Users/karelbraborec/rev-meter/ios/Pods/Headers/Public/React-oscompat -I/Users/karelbraborec/rev-meter/ios/Pods/Headers/Public/React-perflogger -I/Users/karelbraborec/rev-meter/ios/Pods/Headers/Public/React-performancecdpmetrics -I/Users/karelbraborec/rev-meter/ios/Pods/Headers/Public/React-performancetimeline -I/Users/karelbraborec/rev-meter/ios/Pods/Headers/Public/React-rendererconsistency -I/Users/karelbraborec/rev-meter/ios/Pods/Headers/Public/React-renderercss -I/Users/karelbraborec/rev-meter/ios/Pods/Headers/Public/React-rendererdebug -I/Users/karelbraborec/rev-meter/ios/Pods/Headers/Public/React-runtimeexecutor -I/Users/karelbraborec/rev-meter/ios/Pods/Headers/Public/React-runtimescheduler -I/Users/karelbraborec/rev-meter/ios/Pods/Headers/Public/React-timing -I/Users/karelbraborec/rev-meter/ios/Pods/Headers/Public/React-utils -I/Users/karelbraborec/rev-meter/ios/Pods/Headers/Public/React-viewtransitionnativemodule -I/Users/karelbraborec/rev-meter/ios/Pods/Headers/Public/React-webperformancenativemodule -I/Users/karelbraborec/rev-meter/ios/Pods/Headers/Public/ReactCodegen -I/Users/karelbraborec/rev-meter/ios/Pods/Headers/Public/ReactCommon -I/Users/karelbraborec/rev-meter/ios/Pods/Headers/Public/ReactNativeDependencies -I/Users/karelbraborec/rev-meter/ios/Pods/Headers/Public/Yoga -I/Users/karelbraborec/rev-meter/ios/Pods/Headers/Public/hermes-engine -I/Users/karelbraborec/rev-meter/ios/Pods/ExpoModulesCore/ExpoModulesCore.xcframework/ios-arm64_x86_64-simulator/ExpoModulesCore.framework/Headers -I/Users/karelbraborec/rev-meter/ios/Pods/ExpoModulesCore/ExpoModulesCore.xcframework/ios-arm64/ExpoModulesCore.framework/Headers -I/Users/karelbraborec/rev-meter/ios/Pods/ExpoModulesCore/ExpoModulesCore.xcframework/ios-arm64_x86_64-simulator/ExpoModulesCore.framework/Headers -I/Users/karelbraborec/rev-meter/ios/Pods/ExpoModulesCore/ExpoModulesCore.xcframework/ios-arm64/ExpoModulesCore.framework/Headers -I/Users/karelbraborec/Library/Developer/Xcode/DerivedData/revmeter-hbcnswmlqmbpnlazhhkncgeowiss/Build/Intermediates.noindex/Pods.build/Debug-iphonesimulator/ReactAppDependencyProvider.build/DerivedSources-normal/arm64 -I/Users/karelbraborec/Library/Developer/Xcode/DerivedData/revmeter-hbcnswmlqmbpnlazhhkncgeowiss/Build/Intermediates.noindex/Pods.build/Debug-iphonesimulator/ReactAppDependencyProvider.build/DerivedSources/arm64 -I/Users/karelbraborec/Library/Developer/Xcode/DerivedData/revmeter-hbcnswmlqmbpnlazhhkncgeowiss/Build/Intermediates.noindex/Pods.build/Debug-iphonesimulator/ReactAppDependencyProvider.build/DerivedSources -F/Users/karelbraborec/Library/Developer/Xcode/DerivedData/revmeter-hbcnswmlqmbpnlazhhkncgeowiss/Build/Products/Debug-iphonesimulator/ReactAppDependencyProvider -F/Users/karelbraborec/rev-meter/ios/Pods/React-Core-prebuilt -F/Users/karelbraborec/rev-meter/ios/Pods/ReactNativeDependencies/framework/packages/react-native -F/Users/karelbraborec/rev-meter/ios/Pods/hermes-engine/destroot/Library/Frameworks/universal -F/Users/karelbraborec/Library/Developer/Xcode/DerivedData/revmeter-hbcnswmlqmbpnlazhhkncgeowiss/Build/Products/Debug-iphonesimulator/XCFrameworkIntermediates/React-Core-prebuilt -F/Users/karelbraborec/Library/Developer/Xcode/DerivedData/revmeter-hbcnswmlqmbpnlazhhkncgeowiss/Build/Products/Debug-iphonesimulator/XCFrameworkIntermediates/ReactNativeDependencies -F/Users/karelbraborec/Library/Developer/Xcode/DerivedData/revmeter-hbcnswmlqmbpnlazhhkncgeowiss/Build/Products/Debug-iphonesimulator/XCFrameworkIntermediates/hermes-engine/Pre-built '-DRCT_REMOVE_LEGACY_ARCH=1' '-fmodule-map-file=/Users/karelbraborec/rev-meter/ios/Pods/Headers/Public/ReactCodegen/ReactCodegen.modulemap' -ivfsoverlay /Users/karelbraborec/rev-meter/ios/Pods/React-Core-prebuilt/React-VFS.yaml '-DRCT_REMOVE_LEGACY_ARCH=1' -ivfsoverlay /Users/karelbraborec/rev-meter/ios/Pods/React-Core-prebuilt/React-VFS.yaml

WriteAuxiliaryFile /Users/karelbraborec/Library/Developer/Xcode/DerivedData/revmeter-hbcnswmlqmbpnlazhhkncgeowiss/Build/Intermediates.noindex/Pods.build/Debug-iphonesimulator/ReactAppDependencyProvider.build/Objects-normal/arm64/ReactAppDependencyProvider.LinkFileList (in target 'ReactAppDependencyProvider' from project 'Pods')
    cd /Users/karelbraborec/rev-meter/ios/Pods
    write-file /Users/karelbraborec/Library/Developer/Xcode/DerivedData/revmeter-hbcnswmlqmbpnlazhhkncgeowiss/Build/Intermediates.noindex/Pods.build/Debug-iphonesimulator/ReactAppDependencyProvider.build/Objects-normal/arm64/ReactAppDependencyProvider.LinkFileList

WriteAuxiliaryFile /Users/karelbraborec/Library/Developer/Xcode/DerivedData/revmeter-hbcnswmlqmbpnlazhhkncgeowiss/Build/Intermediates.noindex/Pods.build/Debug-iphonesimulator/React-timing-React-timing_privacy.build/React-timing_privacy.hmap (in target 'React-timing-React-timing_privacy' from project 'Pods')
    cd /Users/karelbraborec/rev-meter/ios/Pods
    write-file /Users/karelbraborec/Library/Developer/Xcode/DerivedData/revmeter-hbcnswmlqmbpnlazhhkncgeowiss/Build/Intermediates.noindex/Pods.build/Debug-iphonesimulator/React-timing-React-timing_privacy.build/React-timing_privacy.hmap

WriteAuxiliaryFile /Users/karelbraborec/Library/Developer/Xcode/DerivedData/revmeter-hbcnswmlqmbpnlazhhkncgeowiss/Build/Intermediates.noindex/Pods.build/Debug-iphonesimulator/React-timing-React-timing_privacy.build/React-timing_privacy.DependencyStaticMetadataFileList (in target 'React-timing-React-timing_privacy' from project 'Pods')
    cd /Users/karelbraborec/rev-meter/ios/Pods
    write-file /Users/karelbraborec/Library/Developer/Xcode/DerivedData/revmeter-hbcnswmlqmbpnlazhhkncgeowiss/Build/Intermediates.noindex/Pods.build/Debug-iphonesimulator/React-timing-React-timing_privacy.build/React-timing_privacy.DependencyStaticMetadataFileList

WriteAuxiliaryFile /Users/karelbraborec/Library/Developer/Xcode/DerivedData/revmeter-hbcnswmlqmbpnlazhhkncgeowiss/Build/Intermediates.noindex/Pods.build/Debug-iphonesimulator/React-timing-React-timing_privacy.build/React-timing_privacy.DependencyMetadataFileList (in target 'React-timing-React-timing_privacy' from project 'Pods')
    cd /Users/karelbraborec/rev-meter/ios/Pods
    write-file /Users/karelbraborec/Library/Developer/Xcode/DerivedData/revmeter-hbcnswmlqmbpnlazhhkncgeowiss/Build/Intermediates.noindex/Pods.build/Debug-iphonesimulator/React-timing-React-timing_privacy.build/React-timing_privacy.DependencyMetadataFileList

WriteAuxiliaryFile /Users/karelbraborec/Library/Developer/Xcode/DerivedData/revmeter-hbcnswmlqmbpnlazhhkncgeowiss/Build/Intermediates.noindex/Pods.build/Debug-iphonesimulator/React-timing-React-timing_privacy.build/React-timing_privacy-project-headers.hmap (in target 'React-timing-React-timing_privacy' from project 'Pods')
    cd /Users/karelbraborec/rev-meter/ios/Pods
    write-file /Users/karelbraborec/Library/Developer/Xcode/DerivedData/revmeter-hbcnswmlqmbpnlazhhkncgeowiss/Build/Intermediates.noindex/Pods.build/Debug-iphonesimulator/React-timing-React-timing_privacy.build/React-timing_privacy-project-headers.hmap

WriteAuxiliaryFile /Users/karelbraborec/Library/Developer/Xcode/DerivedData/revmeter-hbcnswmlqmbpnlazhhkncgeowiss/Build/Intermediates.noindex/Pods.build/Debug-iphonesimulator/React-timing-React-timing_privacy.build/React-timing_privacy-own-target-headers.hmap (in target 'React-timing-React-timing_privacy' from project 'Pods')
    cd /Users/karelbraborec/rev-meter/ios/Pods
    write-file /Users/karelbraborec/Library/Developer/Xcode/DerivedData/revmeter-hbcnswmlqmbpnlazhhkncgeowiss/Build/Intermediates.noindex/Pods.build/Debug-iphonesimulator/React-timing-React-timing_privacy.build/React-timing_privacy-own-target-headers.hmap

WriteAuxiliaryFile /Users/karelbraborec/Library/Developer/Xcode/DerivedData/revmeter-hbcnswmlqmbpnlazhhkncgeowiss/Build/Intermediates.noindex/Pods.build/Debug-iphonesimulator/React-timing-React-timing_privacy.build/React-timing_privacy-generated-files.hmap (in target 'React-timing-React-timing_privacy' from project 'Pods')
    cd /Users/karelbraborec/rev-meter/ios/Pods
    write-file /Users/karelbraborec/Library/Developer/Xcode/DerivedData/revmeter-hbcnswmlqmbpnlazhhkncgeowiss/Build/Intermediates.noindex/Pods.build/Debug-iphonesimulator/React-timing-React-timing_privacy.build/React-timing_privacy-generated-files.hmap

WriteAuxiliaryFile /Users/karelbraborec/Library/Developer/Xcode/DerivedData/revmeter-hbcnswmlqmbpnlazhhkncgeowiss/Build/Intermediates.noindex/Pods.build/Debug-iphonesimulator/React-timing-React-timing_privacy.build/React-timing_privacy-all-target-headers.hmap (in target 'React-timing-React-timing_privacy' from project 'Pods')
    cd /Users/karelbraborec/rev-meter/ios/Pods
    write-file /Users/karelbraborec/Library/Developer/Xcode/DerivedData/revmeter-hbcnswmlqmbpnlazhhkncgeowiss/Build/Intermediates.noindex/Pods.build/Debug-iphonesimulator/React-timing-React-timing_privacy.build/React-timing_privacy-all-target-headers.hmap

WriteAuxiliaryFile /Users/karelbraborec/Library/Developer/Xcode/DerivedData/revmeter-hbcnswmlqmbpnlazhhkncgeowiss/Build/Intermediates.noindex/Pods.build/Debug-iphonesimulator/React-cxxreact-React-cxxreact_privacy.build/React-cxxreact_privacy-all-non-framework-target-headers.hmap (in target 'React-cxxreact-React-cxxreact_privacy' from project 'Pods')
    cd /Users/karelbraborec/rev-meter/ios/Pods
    write-file /Users/karelbraborec/Library/Developer/Xcode/DerivedData/revmeter-hbcnswmlqmbpnlazhhkncgeowiss/Build/Intermediates.noindex/Pods.build/Debug-iphonesimulator/React-cxxreact-React-cxxreact_privacy.build/React-cxxreact_privacy-all-non-framework-target-headers.hmap

WriteAuxiliaryFile /Users/karelbraborec/Library/Developer/Xcode/DerivedData/revmeter-hbcnswmlqmbpnlazhhkncgeowiss/Build/Intermediates.noindex/Pods.build/Debug-iphonesimulator/React-timing-React-timing_privacy.build/React-timing_privacy-all-non-framework-target-headers.hmap (in target 'React-timing-React-timing_privacy' from project 'Pods')
    cd /Users/karelbraborec/rev-meter/ios/Pods
    write-file /Users/karelbraborec/Library/Developer/Xcode/DerivedData/revmeter-hbcnswmlqmbpnlazhhkncgeowiss/Build/Intermediates.noindex/Pods.build/Debug-iphonesimulator/React-timing-React-timing_privacy.build/React-timing_privacy-all-non-framework-target-headers.hmap

MkDir /Users/karelbraborec/Library/Developer/Xcode/DerivedData/revmeter-hbcnswmlqmbpnlazhhkncgeowiss/Build/Products/Debug-iphonesimulator/React-timing/React-timing_privacy.bundle (in target 'React-timing-React-timing_privacy' from project 'Pods')
    cd /Users/karelbraborec/rev-meter/ios/Pods
    /bin/mkdir -p /Users/karelbraborec/Library/Developer/Xcode/DerivedData/revmeter-hbcnswmlqmbpnlazhhkncgeowiss/Build/Products/Debug-iphonesimulator/React-timing/React-timing_privacy.bundle

MkDir /Users/karelbraborec/Library/Developer/Xcode/DerivedData/revmeter-hbcnswmlqmbpnlazhhkncgeowiss/Build/Products/Debug-iphonesimulator/React-cxxreact/React-cxxreact_privacy.bundle (in target 'React-cxxreact-React-cxxreact_privacy' from project 'Pods')
    cd /Users/karelbraborec/rev-meter/ios/Pods
    /bin/mkdir -p /Users/karelbraborec/Library/Developer/Xcode/DerivedData/revmeter-hbcnswmlqmbpnlazhhkncgeowiss/Build/Products/Debug-iphonesimulator/React-cxxreact/React-cxxreact_privacy.bundle

WriteAuxiliaryFile /Users/karelbraborec/Library/Developer/Xcode/DerivedData/revmeter-hbcnswmlqmbpnlazhhkncgeowiss/Build/Intermediates.noindex/Pods.build/Debug-iphonesimulator/React-Core-React-Core_privacy.build/React-Core_privacy.hmap (in target 'React-Core-React-Core_privacy' from project 'Pods')
    cd /Users/karelbraborec/rev-meter/ios/Pods
    write-file /Users/karelbraborec/Library/Developer/Xcode/DerivedData/revmeter-hbcnswmlqmbpnlazhhkncgeowiss/Build/Intermediates.noindex/Pods.build/Debug-iphonesimulator/React-Core-React-Core_privacy.build/React-Core_privacy.hmap

WriteAuxiliaryFile /Users/karelbraborec/Library/Developer/Xcode/DerivedData/revmeter-hbcnswmlqmbpnlazhhkncgeowiss/Build/Intermediates.noindex/Pods.build/Debug-iphonesimulator/React-Core-React-Core_privacy.build/React-Core_privacy.DependencyMetadataFileList (in target 'React-Core-React-Core_privacy' from project 'Pods')
    cd /Users/karelbraborec/rev-meter/ios/Pods
    write-file /Users/karelbraborec/Library/Developer/Xcode/DerivedData/revmeter-hbcnswmlqmbpnlazhhkncgeowiss/Build/Intermediates.noindex/Pods.build/Debug-iphonesimulator/React-Core-React-Core_privacy.build/React-Core_privacy.DependencyMetadataFileList

WriteAuxiliaryFile /Users/karelbraborec/Library/Developer/Xcode/DerivedData/revmeter-hbcnswmlqmbpnlazhhkncgeowiss/Build/Intermediates.noindex/Pods.build/Debug-iphonesimulator/React-Core-React-Core_privacy.build/React-Core_privacy-own-target-headers.hmap (in target 'React-Core-React-Core_privacy' from project 'Pods')
    cd /Users/karelbraborec/rev-meter/ios/Pods
    write-file /Users/karelbraborec/Library/Developer/Xcode/DerivedData/revmeter-hbcnswmlqmbpnlazhhkncgeowiss/Build/Intermediates.noindex/Pods.build/Debug-iphonesimulator/React-Core-React-Core_privacy.build/React-Core_privacy-own-target-headers.hmap

WriteAuxiliaryFile /Users/karelbraborec/Library/Developer/Xcode/DerivedData/revmeter-hbcnswmlqmbpnlazhhkncgeowiss/Build/Intermediates.noindex/Pods.build/Debug-iphonesimulator/React-Core-React-Core_privacy.build/React-Core_privacy.DependencyStaticMetadataFileList (in target 'React-Core-React-Core_privacy' from project 'Pods')
    cd /Users/karelbraborec/rev-meter/ios/Pods
    write-file /Users/karelbraborec/Library/Developer/Xcode/DerivedData/revmeter-hbcnswmlqmbpnlazhhkncgeowiss/Build/Intermediates.noindex/Pods.build/Debug-iphonesimulator/React-Core-React-Core_privacy.build/React-Core_privacy.DependencyStaticMetadataFileList

WriteAuxiliaryFile /Users/karelbraborec/Library/Developer/Xcode/DerivedData/revmeter-hbcnswmlqmbpnlazhhkncgeowiss/Build/Intermediates.noindex/Pods.build/Debug-iphonesimulator/React-Core-React-Core_privacy.build/React-Core_privacy-project-headers.hmap (in target 'React-Core-React-Core_privacy' from project 'Pods')
    cd /Users/karelbraborec/rev-meter/ios/Pods
    write-file /Users/karelbraborec/Library/Developer/Xcode/DerivedData/revmeter-hbcnswmlqmbpnlazhhkncgeowiss/Build/Intermediates.noindex/Pods.build/Debug-iphonesimulator/React-Core-React-Core_privacy.build/React-Core_privacy-project-headers.hmap

WriteAuxiliaryFile /Users/karelbraborec/Library/Developer/Xcode/DerivedData/revmeter-hbcnswmlqmbpnlazhhkncgeowiss/Build/Intermediates.noindex/Pods.build/Debug-iphonesimulator/React-Core-React-Core_privacy.build/React-Core_privacy-all-target-headers.hmap (in target 'React-Core-React-Core_privacy' from project 'Pods')
    cd /Users/karelbraborec/rev-meter/ios/Pods
    write-file /Users/karelbraborec/Library/Developer/Xcode/DerivedData/revmeter-hbcnswmlqmbpnlazhhkncgeowiss/Build/Intermediates.noindex/Pods.build/Debug-iphonesimulator/React-Core-React-Core_privacy.build/React-Core_privacy-all-target-headers.hmap

WriteAuxiliaryFile /Users/karelbraborec/Library/Developer/Xcode/DerivedData/revmeter-hbcnswmlqmbpnlazhhkncgeowiss/Build/Intermediates.noindex/Pods.build/Debug-iphonesimulator/React-Core-React-Core_privacy.build/React-Core_privacy-generated-files.hmap (in target 'React-Core-React-Core_privacy' from project 'Pods')
    cd /Users/karelbraborec/rev-meter/ios/Pods
    write-file /Users/karelbraborec/Library/Developer/Xcode/DerivedData/revmeter-hbcnswmlqmbpnlazhhkncgeowiss/Build/Intermediates.noindex/Pods.build/Debug-iphonesimulator/React-Core-React-Core_privacy.build/React-Core_privacy-generated-files.hmap

WriteAuxiliaryFile /Users/karelbraborec/Library/Developer/Xcode/DerivedData/revmeter-hbcnswmlqmbpnlazhhkncgeowiss/Build/Intermediates.noindex/Pods.build/Debug-iphonesimulator/React-Core-React-Core_privacy.build/React-Core_privacy-all-non-framework-target-headers.hmap (in target 'React-Core-React-Core_privacy' from project 'Pods')
    cd /Users/karelbraborec/rev-meter/ios/Pods
    write-file /Users/karelbraborec/Library/Developer/Xcode/DerivedData/revmeter-hbcnswmlqmbpnlazhhkncgeowiss/Build/Intermediates.noindex/Pods.build/Debug-iphonesimulator/React-Core-React-Core_privacy.build/React-Core_privacy-all-non-framework-target-headers.hmap

WriteAuxiliaryFile /Users/karelbraborec/Library/Developer/Xcode/DerivedData/revmeter-hbcnswmlqmbpnlazhhkncgeowiss/Build/Intermediates.noindex/Pods.build/Debug-iphonesimulator/RNWorklets.build/RNWorklets.DependencyStaticMetadataFileList (in target 'RNWorklets' from project 'Pods')
    cd /Users/karelbraborec/rev-meter/ios/Pods
    write-file /Users/karelbraborec/Library/Developer/Xcode/DerivedData/revmeter-hbcnswmlqmbpnlazhhkncgeowiss/Build/Intermediates.noindex/Pods.build/Debug-iphonesimulator/RNWorklets.build/RNWorklets.DependencyStaticMetadataFileList

WriteAuxiliaryFile /Users/karelbraborec/Library/Developer/Xcode/DerivedData/revmeter-hbcnswmlqmbpnlazhhkncgeowiss/Build/Intermediates.noindex/Pods.build/Debug-iphonesimulator/RNWorklets.build/RNWorklets.hmap (in target 'RNWorklets' from project 'Pods')
    cd /Users/karelbraborec/rev-meter/ios/Pods
    write-file /Users/karelbraborec/Library/Developer/Xcode/DerivedData/revmeter-hbcnswmlqmbpnlazhhkncgeowiss/Build/Intermediates.noindex/Pods.build/Debug-iphonesimulator/RNWorklets.build/RNWorklets.hmap

WriteAuxiliaryFile /Users/karelbraborec/Library/Developer/Xcode/DerivedData/revmeter-hbcnswmlqmbpnlazhhkncgeowiss/Build/Intermediates.noindex/Pods.build/Debug-iphonesimulator/RNWorklets.build/RNWorklets.DependencyMetadataFileList (in target 'RNWorklets' from project 'Pods')
    cd /Users/karelbraborec/rev-meter/ios/Pods
    write-file /Users/karelbraborec/Library/Developer/Xcode/DerivedData/revmeter-hbcnswmlqmbpnlazhhkncgeowiss/Build/Intermediates.noindex/Pods.build/Debug-iphonesimulator/RNWorklets.build/RNWorklets.DependencyMetadataFileList

WriteAuxiliaryFile /Users/karelbraborec/Library/Developer/Xcode/DerivedData/revmeter-hbcnswmlqmbpnlazhhkncgeowiss/Build/Intermediates.noindex/Pods.build/Debug-iphonesimulator/RNWorklets.build/RNWorklets-project-headers.hmap (in target 'RNWorklets' from project 'Pods')
    cd /Users/karelbraborec/rev-meter/ios/Pods
    write-file /Users/karelbraborec/Library/Developer/Xcode/DerivedData/revmeter-hbcnswmlqmbpnlazhhkncgeowiss/Build/Intermediates.noindex/Pods.build/Debug-iphonesimulator/RNWorklets.build/RNWorklets-project-headers.hmap

WriteAuxiliaryFile /Users/karelbraborec/Library/Developer/Xcode/DerivedData/revmeter-hbcnswmlqmbpnlazhhkncgeowiss/Build/Intermediates.noindex/Pods.build/Debug-iphonesimulator/RNWorklets.build/RNWorklets-own-target-headers.hmap (in target 'RNWorklets' from project 'Pods')
    cd /Users/karelbraborec/rev-meter/ios/Pods
    write-file /Users/karelbraborec/Library/Developer/Xcode/DerivedData/revmeter-hbcnswmlqmbpnlazhhkncgeowiss/Build/Intermediates.noindex/Pods.build/Debug-iphonesimulator/RNWorklets.build/RNWorklets-own-target-headers.hmap

WriteAuxiliaryFile /Users/karelbraborec/Library/Developer/Xcode/DerivedData/revmeter-hbcnswmlqmbpnlazhhkncgeowiss/Build/Intermediates.noindex/Pods.build/Debug-iphonesimulator/RNWorklets.build/RNWorklets-generated-files.hmap (in target 'RNWorklets' from project 'Pods')
    cd /Users/karelbraborec/rev-meter/ios/Pods
    write-file /Users/karelbraborec/Library/Developer/Xcode/DerivedData/revmeter-hbcnswmlqmbpnlazhhkncgeowiss/Build/Intermediates.noindex/Pods.build/Debug-iphonesimulator/RNWorklets.build/RNWorklets-generated-files.hmap

WriteAuxiliaryFile /Users/karelbraborec/Library/Developer/Xcode/DerivedData/revmeter-hbcnswmlqmbpnlazhhkncgeowiss/Build/Intermediates.noindex/Pods.build/Debug-iphonesimulator/RNWorklets.build/RNWorklets-all-target-headers.hmap (in target 'RNWorklets' from project 'Pods')
    cd /Users/karelbraborec/rev-meter/ios/Pods
    write-file /Users/karelbraborec/Library/Developer/Xcode/DerivedData/revmeter-hbcnswmlqmbpnlazhhkncgeowiss/Build/Intermediates.noindex/Pods.build/Debug-iphonesimulator/RNWorklets.build/RNWorklets-all-target-headers.hmap

WriteAuxiliaryFile /Users/karelbraborec/Library/Developer/Xcode/DerivedData/revmeter-hbcnswmlqmbpnlazhhkncgeowiss/Build/Intermediates.noindex/Pods.build/Debug-iphonesimulator/RNWorklets.build/RNWorklets-all-non-framework-target-headers.hmap (in target 'RNWorklets' from project 'Pods')
    cd /Users/karelbraborec/rev-meter/ios/Pods
    write-file /Users/karelbraborec/Library/Developer/Xcode/DerivedData/revmeter-hbcnswmlqmbpnlazhhkncgeowiss/Build/Intermediates.noindex/Pods.build/Debug-iphonesimulator/RNWorklets.build/RNWorklets-all-non-framework-target-headers.hmap

WriteAuxiliaryFile /Users/karelbraborec/Library/Developer/Xcode/DerivedData/revmeter-hbcnswmlqmbpnlazhhkncgeowiss/Build/Intermediates.noindex/Pods.build/Debug-iphonesimulator/RNWorklets.build/Objects-normal/x86_64/e6072d4f65d7061329687fe24e3d63a7-common-args.resp (in target 'RNWorklets' from project 'Pods')
    cd /Users/karelbraborec/rev-meter/ios/Pods
    write-file /Users/karelbraborec/Library/Developer/Xcode/DerivedData/revmeter-hbcnswmlqmbpnlazhhkncgeowiss/Build/Intermediates.noindex/Pods.build/Debug-iphonesimulator/RNWorklets.build/Objects-normal/x86_64/e6072d4f65d7061329687fe24e3d63a7-common-args.resp
'-std=gnu11' -fobjc-arc -fmodules '-fmodules-cache-path=/Users/karelbraborec/Library/Developer/Xcode/DerivedData/ModuleCache.noindex' '-fmodule-name=worklets' -fpascal-strings -O0 -fno-common '-DPOD_CONFIGURATION_DEBUG=1' '-DDEBUG=1' '-DCOCOAPODS=1' '-DHERMES_ENABLE_DEBUGGER=1' '-DOBJC_OLD_DISPATCH_PROTOTYPES=0' -fasm-blocks -g '-fobjc-abi-version=2' -fobjc-legacy-dispatch -iquote /Users/karelbraborec/Library/Developer/Xcode/DerivedData/revmeter-hbcnswmlqmbpnlazhhkncgeowiss/Build/Intermediates.noindex/Pods.build/Debug-iphonesimulator/RNWorklets.build/RNWorklets-generated-files.hmap -I/Users/karelbraborec/Library/Developer/Xcode/DerivedData/revmeter-hbcnswmlqmbpnlazhhkncgeowiss/Build/Intermediates.noindex/Pods.build/Debug-iphonesimulator/RNWorklets.build/RNWorklets-own-target-headers.hmap -I/Users/karelbraborec/Library/Developer/Xcode/DerivedData/revmeter-hbcnswmlqmbpnlazhhkncgeowiss/Build/Intermediates.noindex/Pods.build/Debug-iphonesimulator/RNWorklets.build/RNWorklets-all-non-framework-target-headers.hmap -ivfsoverlay /Users/karelbraborec/Library/Developer/Xcode/DerivedData/revmeter-hbcnswmlqmbpnlazhhkncgeowiss/Build/Intermediates.noindex/Pods.build/Debug-iphonesimulator/Pods-8699adb1dd336b26511df848a716bd42-VFS-iphonesimulator/all-product-headers.yaml -iquote /Users/karelbraborec/Library/Developer/Xcode/DerivedData/revmeter-hbcnswmlqmbpnlazhhkncgeowiss/Build/Intermediates.noindex/Pods.build/Debug-iphonesimulator/RNWorklets.build/RNWorklets-project-headers.hmap -I/Users/karelbraborec/Library/Developer/Xcode/DerivedData/revmeter-hbcnswmlqmbpnlazhhkncgeowiss/Build/Products/Debug-iphonesimulator/RNWorklets/include -I/Users/karelbraborec/rev-meter/ios/Pods/Headers/Private -I/Users/karelbraborec/rev-meter/ios/Pods/Headers/Private/RNWorklets -I/Users/karelbraborec/rev-meter/ios/Pods/Headers/Public -I/Users/karelbraborec/rev-meter/ios/Pods/Headers/Public/FBLazyVector -I/Users/karelbraborec/rev-meter/ios/Pods/Headers/Public/RCTRequired -I/Users/karelbraborec/rev-meter/ios/Pods/Headers/Public/RCTSwiftUIWrapper -I/Users/karelbraborec/rev-meter/ios/Pods/Headers/Public/RCTTypeSafety -I/Users/karelbraborec/rev-meter/ios/Pods/Headers/Public/RNWorklets -I/Users/karelbraborec/rev-meter/ios/Pods/Headers/Public/React-Core -I/Users/karelbraborec/rev-meter/ios/Pods/Headers/Public/React-Core-prebuilt -I/Users/karelbraborec/rev-meter/ios/Pods/Headers/Public/React-CoreModules -I/Users/karelbraborec/rev-meter/ios/Pods/Headers/Public/React-Fabric -I/Users/karelbraborec/rev-meter/ios/Pods/Headers/Public/React-FabricComponents -I/Users/karelbraborec/rev-meter/ios/Pods/Headers/Public/React-FabricImage -I/Users/karelbraborec/rev-meter/ios/Pods/Headers/Public/React-ImageManager -I/Users/karelbraborec/rev-meter/ios/Pods/Headers/Public/React-Mapbuffer -I/Users/karelbraborec/rev-meter/ios/Pods/Headers/Public/React-NativeModulesApple -I/Users/karelbraborec/rev-meter/ios/Pods/Headers/Public/React-RCTAnimation -I/Users/karelbraborec/rev-meter/ios/Pods/Headers/Public/React-RCTBlob -I/Users/karelbraborec/rev-meter/ios/Pods/Headers/Public/React-RCTFBReactNativeSpec -I/Users/karelbraborec/rev-meter/ios/Pods/Headers/Public/React-RCTFabric -I/Users/karelbraborec/rev-meter/ios/Pods/Headers/Public/React-RCTImage -I/Users/karelbraborec/rev-meter/ios/Pods/Headers/Public/React-RCTRuntime -I/Users/karelbraborec/rev-meter/ios/Pods/Headers/Public/React-RCTText -I/Users/karelbraborec/rev-meter/ios/Pods/Headers/Public/React-RuntimeApple -I/Users/karelbraborec/rev-meter/ios/Pods/Headers/Public/React-RuntimeCore -I/Users/karelbraborec/rev-meter/ios/Pods/Headers/Public/React-RuntimeHermes -I/Users/karelbraborec/rev-meter/ios/Pods/Headers/Public/React-callinvoker -I/Users/karelbraborec/rev-meter/ios/Pods/Headers/Public/React-cxxreact -I/Users/karelbraborec/rev-meter/ios/Pods/Headers/Public/React-debug -I/Users/karelbraborec/rev-meter/ios/Pods/Headers/Public/React-defaultsnativemodule -I/Users/karelbraborec/rev-meter/ios/Pods/Headers/Public/React-domnativemodule -I/Users/karelbraborec/rev-meter/ios/Pods/Headers/Public/React-featureflags -I/Users/karelbraborec/rev-meter/ios/Pods/Headers/Public/React-featureflagsnativemodule -I/Users/karelbraborec/rev-meter/ios/Pods/Headers/Public/React-graphics -I/Users/karelbraborec/rev-meter/ios/Pods/Headers/Public/React-hermes -I/Users/karelbraborec/rev-meter/ios/Pods/Headers/Public/React-idlecallbacksnativemodule -I/Users/karelbraborec/rev-meter/ios/Pods/Headers/Public/React-intersectionobservernativemodule -I/Users/karelbraborec/rev-meter/ios/Pods/Headers/Public/React-jserrorhandler -I/Users/karelbraborec/rev-meter/ios/Pods/Headers/Public/React-jsi -I/Users/karelbraborec/rev-meter/ios/Pods/Headers/Public/React-jsiexecutor -I/Users/karelbraborec/rev-meter/ios/Pods/Headers/Public/React-jsinspector -I/Users/karelbraborec/rev-meter/ios/Pods/Headers/Public/React-jsinspectorcdp -I/Users/karelbraborec/rev-meter/ios/Pods/Headers/Public/React-jsinspectornetwork -I/Users/karelbraborec/rev-meter/ios/Pods/Headers/Public/React-jsinspectortracing -I/Users/karelbraborec/rev-meter/ios/Pods/Headers/Public/React-jsitooling -I/Users/karelbraborec/rev-meter/ios/Pods/Headers/Public/React-logger -I/Users/karelbraborec/rev-meter/ios/Pods/Headers/Public/React-microtasksnativemodule -I/Users/karelbraborec/rev-meter/ios/Pods/Headers/Public/React-mutationobservernativemodule -I/Users/karelbraborec/rev-meter/ios/Pods/Headers/Public/React-networking -I/Users/karelbraborec/rev-meter/ios/Pods/Headers/Public/React-oscompat -I/Users/karelbraborec/rev-meter/ios/Pods/Headers/Public/React-perflogger -I/Users/karelbraborec/rev-meter/ios/Pods/Headers/Public/React-performancecdpmetrics -I/Users/karelbraborec/rev-meter/ios/Pods/Headers/Public/React-performancetimeline -I/Users/karelbraborec/rev-meter/ios/Pods/Headers/Public/React-rendererconsistency -I/Users/karelbraborec/rev-meter/ios/Pods/Headers/Public/React-renderercss -I/Users/karelbraborec/rev-meter/ios/Pods/Headers/Public/React-rendererdebug -I/Users/karelbraborec/rev-meter/ios/Pods/Headers/Public/React-runtimeexecutor -I/Users/karelbraborec/rev-meter/ios/Pods/Headers/Public/React-runtimescheduler -I/Users/karelbraborec/rev-meter/ios/Pods/Headers/Public/React-timing -I/Users/karelbraborec/rev-meter/ios/Pods/Headers/Public/React-utils -I/Users/karelbraborec/rev-meter/ios/Pods/Headers/Public/React-viewtransitionnativemodule -I/Users/karelbraborec/rev-meter/ios/Pods/Headers/Public/React-webperformancenativemodule -I/Users/karelbraborec/rev-meter/ios/Pods/Headers/Public/ReactCodegen -I/Users/karelbraborec/rev-meter/ios/Pods/Headers/Public/ReactCommon -I/Users/karelbraborec/rev-meter/ios/Pods/Headers/Public/ReactNativeDependencies -I/Users/karelbraborec/rev-meter/ios/Pods/Headers/Public/Yoga -I/Users/karelbraborec/rev-meter/ios/Pods/Headers/Public/hermes-engine -I/Users/karelbraborec/rev-meter/ios/Pods/boost -I/Users/karelbraborec/rev-meter/ios/Pods/boost-for-react-native -I/Users/karelbraborec/rev-meter/ios/Pods/glog -I/Users/karelbraborec/rev-meter/ios/Pods/RCT-Folly -I/Users/karelbraborec/rev-meter/ios/Pods/Headers/Public/React-hermes -I/Users/karelbraborec/rev-meter/ios/Pods/Headers/Public/hermes-engine -I/Users/karelbraborec/rev-meter/node_modules/react-native/ReactCommon -I/Users/karelbraborec/rev-meter/node_modules/react-native/ReactCommon/jsitooling -I/Users/karelbraborec/rev-meter/node_modules/react-native-worklets/ReactCommon -I/Users/karelbraborec/rev-meter/node_modules/react-native-worklets -I/Users/karelbraborec/rev-meter/ios/Pods/RCT-Folly -I/Users/karelbraborec/rev-meter/ios/Pods/boost -I/Users/karelbraborec/rev-meter/ios/Pods/boost-for-react-native -I/Users/karelbraborec/rev-meter/ios/Pods/DoubleConversion -I/Users/karelbraborec/rev-meter/ios/Pods/Headers/Private/React-Core -I/Users/karelbraborec/rev-meter/ios/Pods/Headers/Private/Yoga -I/Users/karelbraborec/rev-meter/ios/Pods/ExpoModulesCore/ExpoModulesCore.xcframework/ios-arm64_x86_64-simulator/ExpoModulesCore.framework/Headers -I/Users/karelbraborec/rev-meter/ios/Pods/ExpoModulesCore/ExpoModulesCore.xcframework/ios-arm64/ExpoModulesCore.framework/Headers -I/Users/karelbraborec/rev-meter/ios/Pods/ExpoModulesCore/ExpoModulesCore.xcframework/ios-arm64_x86_64-simulator/ExpoModulesCore.framework/Headers -I/Users/karelbraborec/rev-meter/ios/Pods/ExpoModulesCore/ExpoModulesCore.xcframework/ios-arm64/ExpoModulesCore.framework/Headers -I/Users/karelbraborec/Library/Developer/Xcode/DerivedData/revmeter-hbcnswmlqmbpnlazhhkncgeowiss/Build/Intermediates.noindex/Pods.build/Debug-iphonesimulator/RNWorklets.build/DerivedSources-normal/x86_64 -I/Users/karelbraborec/Library/Developer/Xcode/DerivedData/revmeter-hbcnswmlqmbpnlazhhkncgeowiss/Build/Intermediates.noindex/Pods.build/Debug-iphonesimulator/RNWorklets.build/DerivedSources/x86_64 -I/Users/karelbraborec/Library/Developer/Xcode/DerivedData/revmeter-hbcnswmlqmbpnlazhhkncgeowiss/Build/Intermediates.noindex/Pods.build/Debug-iphonesimulator/RNWorklets.build/DerivedSources -F/Users/karelbraborec/Library/Developer/Xcode/DerivedData/revmeter-hbcnswmlqmbpnlazhhkncgeowiss/Build/Products/Debug-iphonesimulator/RNWorklets -F/Users/karelbraborec/rev-meter/ios/Pods/React-Core-prebuilt -F/Users/karelbraborec/rev-meter/ios/Pods/ReactNativeDependencies/framework/packages/react-native -F/Users/karelbraborec/rev-meter/ios/Pods/hermes-engine/destroot/Library/Frameworks/universal -F/Users/karelbraborec/Library/Developer/Xcode/DerivedData/revmeter-hbcnswmlqmbpnlazhhkncgeowiss/Build/Products/Debug-iphonesimulator/XCFrameworkIntermediates/React-Core-prebuilt -F/Users/karelbraborec/Library/Developer/Xcode/DerivedData/revmeter-hbcnswmlqmbpnlazhhkncgeowiss/Build/Products/Debug-iphonesimulator/XCFrameworkIntermediates/ReactNativeDependencies -F/Users/karelbraborec/Library/Developer/Xcode/DerivedData/revmeter-hbcnswmlqmbpnlazhhkncgeowiss/Build/Products/Debug-iphonesimulator/XCFrameworkIntermediates/hermes-engine/Pre-built -F/Users/karelbraborec/Library/Developer/Xcode/DerivedData/revmeter-hbcnswmlqmbpnlazhhkncgeowiss/Build/Products/Debug-iphonesimulator/React-hermes '-DRCT_REMOVE_LEGACY_ARCH=1' '-fmodule-map-file=/Users/karelbraborec/rev-meter/ios/Pods/Headers/Public/ReactCodegen/ReactCodegen.modulemap' '-DRCT_REMOVE_LEGACY_ARCH=1' '-DWORKLETS_FEATURE_FLAGS=[RUNTIME_TEST_FLAG:false][FETCH_PREVIEW_ENABLED:false][IOS_DYNAMIC_FRAMERATE_ENABLED:true][ENABLE_CROSS_RUNTIME_STACK_TRACES:true]' '-DWORKLETS_VERSION=0.10.1' -DHERMES_V1_ENABLED -ivfsoverlay /Users/karelbraborec/rev-meter/ios/Pods/React-Core-prebuilt/React-VFS.yaml

WriteAuxiliaryFile /Users/karelbraborec/Library/Developer/Xcode/DerivedData/revmeter-hbcnswmlqmbpnlazhhkncgeowiss/Build/Intermediates.noindex/Pods.build/Debug-iphonesimulator/RNWorklets.build/Objects-normal/x86_64/RNWorklets.LinkFileList (in target 'RNWorklets' from project 'Pods')
    cd /Users/karelbraborec/rev-meter/ios/Pods
    write-file /Users/karelbraborec/Library/Developer/Xcode/DerivedData/revmeter-hbcnswmlqmbpnlazhhkncgeowiss/Build/Intermediates.noindex/Pods.build/Debug-iphonesimulator/RNWorklets.build/Objects-normal/x86_64/RNWorklets.LinkFileList

WriteAuxiliaryFile /Users/karelbraborec/Library/Developer/Xcode/DerivedData/revmeter-hbcnswmlqmbpnlazhhkncgeowiss/Build/Intermediates.noindex/Pods.build/Debug-iphonesimulator/RNWorklets.build/Objects-normal/x86_64/af3fcb34312c57c0f52879cdce924b91-common-args.resp (in target 'RNWorklets' from project 'Pods')
    cd /Users/karelbraborec/rev-meter/ios/Pods
    write-file /Users/karelbraborec/Library/Developer/Xcode/DerivedData/revmeter-hbcnswmlqmbpnlazhhkncgeowiss/Build/Intermediates.noindex/Pods.build/Debug-iphonesimulator/RNWorklets.build/Objects-normal/x86_64/af3fcb34312c57c0f52879cdce924b91-common-args.resp
'-std=c++20' '-stdlib=libc++' -fobjc-arc -fmodules -fno-cxx-modules '-fmodules-cache-path=/Users/karelbraborec/Library/Developer/Xcode/DerivedData/ModuleCache.noindex' '-fmodule-name=worklets' '-D_LIBCPP_HARDENING_MODE=_LIBCPP_HARDENING_MODE_DEBUG' -fpascal-strings -O0 -fno-common '-DPOD_CONFIGURATION_DEBUG=1' '-DDEBUG=1' '-DCOCOAPODS=1' '-DHERMES_ENABLE_DEBUGGER=1' '-DOBJC_OLD_DISPATCH_PROTOTYPES=0' -fasm-blocks -g '-fobjc-abi-version=2' -fobjc-legacy-dispatch -iquote /Users/karelbraborec/Library/Developer/Xcode/DerivedData/revmeter-hbcnswmlqmbpnlazhhkncgeowiss/Build/Intermediates.noindex/Pods.build/Debug-iphonesimulator/RNWorklets.build/RNWorklets-generated-files.hmap -I/Users/karelbraborec/Library/Developer/Xcode/DerivedData/revmeter-hbcnswmlqmbpnlazhhkncgeowiss/Build/Intermediates.noindex/Pods.build/Debug-iphonesimulator/RNWorklets.build/RNWorklets-own-target-headers.hmap -I/Users/karelbraborec/Library/Developer/Xcode/DerivedData/revmeter-hbcnswmlqmbpnlazhhkncgeowiss/Build/Intermediates.noindex/Pods.build/Debug-iphonesimulator/RNWorklets.build/RNWorklets-all-non-framework-target-headers.hmap -ivfsoverlay /Users/karelbraborec/Library/Developer/Xcode/DerivedData/revmeter-hbcnswmlqmbpnlazhhkncgeowiss/Build/Intermediates.noindex/Pods.build/Debug-iphonesimulator/Pods-8699adb1dd336b26511df848a716bd42-VFS-iphonesimulator/all-product-headers.yaml -iquote /Users/karelbraborec/Library/Developer/Xcode/DerivedData/revmeter-hbcnswmlqmbpnlazhhkncgeowiss/Build/Intermediates.noindex/Pods.build/Debug-iphonesimulator/RNWorklets.build/RNWorklets-project-headers.hmap -I/Users/karelbraborec/Library/Developer/Xcode/DerivedData/revmeter-hbcnswmlqmbpnlazhhkncgeowiss/Build/Products/Debug-iphonesimulator/RNWorklets/include -I/Users/karelbraborec/rev-meter/ios/Pods/Headers/Private -I/Users/karelbraborec/rev-meter/ios/Pods/Headers/Private/RNWorklets -I/Users/karelbraborec/rev-meter/ios/Pods/Headers/Public -I/Users/karelbraborec/rev-meter/ios/Pods/Headers/Public/FBLazyVector -I/Users/karelbraborec/rev-meter/ios/Pods/Headers/Public/RCTRequired -I/Users/karelbraborec/rev-meter/ios/Pods/Headers/Public/RCTSwiftUIWrapper -I/Users/karelbraborec/rev-meter/ios/Pods/Headers/Public/RCTTypeSafety -I/Users/karelbraborec/rev-meter/ios/Pods/Headers/Public/RNWorklets -I/Users/karelbraborec/rev-meter/ios/Pods/Headers/Public/React-Core -I/Users/karelbraborec/rev-meter/ios/Pods/Headers/Public/React-Core-prebuilt -I/Users/karelbraborec/rev-meter/ios/Pods/Headers/Public/React-CoreModules -I/Users/karelbraborec/rev-meter/ios/Pods/Headers/Public/React-Fabric -I/Users/karelbraborec/rev-meter/ios/Pods/Headers/Public/React-FabricComponents -I/Users/karelbraborec/rev-meter/ios/Pods/Headers/Public/React-FabricImage -I/Users/karelbraborec/rev-meter/ios/Pods/Headers/Public/React-ImageManager -I/Users/karelbraborec/rev-meter/ios/Pods/Headers/Public/React-Mapbuffer -I/Users/karelbraborec/rev-meter/ios/Pods/Headers/Public/React-NativeModulesApple -I/Users/karelbraborec/rev-meter/ios/Pods/Headers/Public/React-RCTAnimation -I/Users/karelbraborec/rev-meter/ios/Pods/Headers/Public/React-RCTBlob -I/Users/karelbraborec/rev-meter/ios/Pods/Headers/Public/React-RCTFBReactNativeSpec -I/Users/karelbraborec/rev-meter/ios/Pods/Headers/Public/React-RCTFabric -I/Users/karelbraborec/rev-meter/ios/Pods/Headers/Public/React-RCTImage -I/Users/karelbraborec/rev-meter/ios/Pods/Headers/Public/React-RCTRuntime -I/Users/karelbraborec/rev-meter/ios/Pods/Headers/Public/React-RCTText -I/Users/karelbraborec/rev-meter/ios/Pods/Headers/Public/React-RuntimeApple -I/Users/karelbraborec/rev-meter/ios/Pods/Headers/Public/React-RuntimeCore -I/Users/karelbraborec/rev-meter/ios/Pods/Headers/Public/React-RuntimeHermes -I/Users/karelbraborec/rev-meter/ios/Pods/Headers/Public/React-callinvoker -I/Users/karelbraborec/rev-meter/ios/Pods/Headers/Public/React-cxxreact -I/Users/karelbraborec/rev-meter/ios/Pods/Headers/Public/React-debug -I/Users/karelbraborec/rev-meter/ios/Pods/Headers/Public/React-defaultsnativemodule -I/Users/karelbraborec/rev-meter/ios/Pods/Headers/Public/React-domnativemodule -I/Users/karelbraborec/rev-meter/ios/Pods/Headers/Public/React-featureflags -I/Users/karelbraborec/rev-meter/ios/Pods/Headers/Public/React-featureflagsnativemodule -I/Users/karelbraborec/rev-meter/ios/Pods/Headers/Public/React-graphics -I/Users/karelbraborec/rev-meter/ios/Pods/Headers/Public/React-hermes -I/Users/karelbraborec/rev-meter/ios/Pods/Headers/Public/React-idlecallbacksnativemodule -I/Users/karelbraborec/rev-meter/ios/Pods/Headers/Public/React-intersectionobservernativemodule -I/Users/karelbraborec/rev-meter/ios/Pods/Headers/Public/React-jserrorhandler -I/Users/karelbraborec/rev-meter/ios/Pods/Headers/Public/React-jsi -I/Users/karelbraborec/rev-meter/ios/Pods/Headers/Public/React-jsiexecutor -I/Users/karelbraborec/rev-meter/ios/Pods/Headers/Public/React-jsinspector -I/Users/karelbraborec/rev-meter/ios/Pods/Headers/Public/React-jsinspectorcdp -I/Users/karelbraborec/rev-meter/ios/Pods/Headers/Public/React-jsinspectornetwork -I/Users/karelbraborec/rev-meter/ios/Pods/Headers/Public/React-jsinspectortracing -I/Users/karelbraborec/rev-meter/ios/Pods/Headers/Public/React-jsitooling -I/Users/karelbraborec/rev-meter/ios/Pods/Headers/Public/React-logger -I/Users/karelbraborec/rev-meter/ios/Pods/Headers/Public/React-microtasksnativemodule -I/Users/karelbraborec/rev-meter/ios/Pods/Headers/Public/React-mutationobservernativemodule -I/Users/karelbraborec/rev-meter/ios/Pods/Headers/Public/React-networking -I/Users/karelbraborec/rev-meter/ios/Pods/Headers/Public/React-oscompat -I/Users/karelbraborec/rev-meter/ios/Pods/Headers/Public/React-perflogger -I/Users/karelbraborec/rev-meter/ios/Pods/Headers/Public/React-performancecdpmetrics -I/Users/karelbraborec/rev-meter/ios/Pods/Headers/Public/React-performancetimeline -I/Users/karelbraborec/rev-meter/ios/Pods/Headers/Public/React-rendererconsistency -I/Users/karelbraborec/rev-meter/ios/Pods/Headers/Public/React-renderercss -I/Users/karelbraborec/rev-meter/ios/Pods/Headers/Public/React-rendererdebug -I/Users/karelbraborec/rev-meter/ios/Pods/Headers/Public/React-runtimeexecutor -I/Users/karelbraborec/rev-meter/ios/Pods/Headers/Public/React-runtimescheduler -I/Users/karelbraborec/rev-meter/ios/Pods/Headers/Public/React-timing -I/Users/karelbraborec/rev-meter/ios/Pods/Headers/Public/React-utils -I/Users/karelbraborec/rev-meter/ios/Pods/Headers/Public/React-viewtransitionnativemodule -I/Users/karelbraborec/rev-meter/ios/Pods/Headers/Public/React-webperformancenativemodule -I/Users/karelbraborec/rev-meter/ios/Pods/Headers/Public/ReactCodegen -I/Users/karelbraborec/rev-meter/ios/Pods/Headers/Public/ReactCommon -I/Users/karelbraborec/rev-meter/ios/Pods/Headers/Public/ReactNativeDependencies -I/Users/karelbraborec/rev-meter/ios/Pods/Headers/Public/Yoga -I/Users/karelbraborec/rev-meter/ios/Pods/Headers/Public/hermes-engine -I/Users/karelbraborec/rev-meter/ios/Pods/boost -I/Users/karelbraborec/rev-meter/ios/Pods/boost-for-react-native -I/Users/karelbraborec/rev-meter/ios/Pods/glog -I/Users/karelbraborec/rev-meter/ios/Pods/RCT-Folly -I/Users/karelbraborec/rev-meter/ios/Pods/Headers/Public/React-hermes -I/Users/karelbraborec/rev-meter/ios/Pods/Headers/Public/hermes-engine -I/Users/karelbraborec/rev-meter/node_modules/react-native/ReactCommon -I/Users/karelbraborec/rev-meter/node_modules/react-native/ReactCommon/jsitooling -I/Users/karelbraborec/rev-meter/node_modules/react-native-worklets/ReactCommon -I/Users/karelbraborec/rev-meter/node_modules/react-native-worklets -I/Users/karelbraborec/rev-meter/ios/Pods/RCT-Folly -I/Users/karelbraborec/rev-meter/ios/Pods/boost -I/Users/karelbraborec/rev-meter/ios/Pods/boost-for-react-native -I/Users/karelbraborec/rev-meter/ios/Pods/DoubleConversion -I/Users/karelbraborec/rev-meter/ios/Pods/Headers/Private/React-Core -I/Users/karelbraborec/rev-meter/ios/Pods/Headers/Private/Yoga -I/Users/karelbraborec/rev-meter/ios/Pods/ExpoModulesCore/ExpoModulesCore.xcframework/ios-arm64_x86_64-simulator/ExpoModulesCore.framework/Headers -I/Users/karelbraborec/rev-meter/ios/Pods/ExpoModulesCore/ExpoModulesCore.xcframework/ios-arm64/ExpoModulesCore.framework/Headers -I/Users/karelbraborec/rev-meter/ios/Pods/ExpoModulesCore/ExpoModulesCore.xcframework/ios-arm64_x86_64-simulator/ExpoModulesCore.framework/Headers -I/Users/karelbraborec/rev-meter/ios/Pods/ExpoModulesCore/ExpoModulesCore.xcframework/ios-arm64/ExpoModulesCore.framework/Headers -I/Users/karelbraborec/Library/Developer/Xcode/DerivedData/revmeter-hbcnswmlqmbpnlazhhkncgeowiss/Build/Intermediates.noindex/Pods.build/Debug-iphonesimulator/RNWorklets.build/DerivedSources-normal/x86_64 -I/Users/karelbraborec/Library/Developer/Xcode/DerivedData/revmeter-hbcnswmlqmbpnlazhhkncgeowiss/Build/Intermediates.noindex/Pods.build/Debug-iphonesimulator/RNWorklets.build/DerivedSources/x86_64 -I/Users/karelbraborec/Library/Developer/Xcode/DerivedData/revmeter-hbcnswmlqmbpnlazhhkncgeowiss/Build/Intermediates.noindex/Pods.build/Debug-iphonesimulator/RNWorklets.build/DerivedSources -F/Users/karelbraborec/Library/Developer/Xcode/DerivedData/revmeter-hbcnswmlqmbpnlazhhkncgeowiss/Build/Products/Debug-iphonesimulator/RNWorklets -F/Users/karelbraborec/rev-meter/ios/Pods/React-Core-prebuilt -F/Users/karelbraborec/rev-meter/ios/Pods/ReactNativeDependencies/framework/packages/react-native -F/Users/karelbraborec/rev-meter/ios/Pods/hermes-engine/destroot/Library/Frameworks/universal -F/Users/karelbraborec/Library/Developer/Xcode/DerivedData/revmeter-hbcnswmlqmbpnlazhhkncgeowiss/Build/Products/Debug-iphonesimulator/XCFrameworkIntermediates/React-Core-prebuilt -F/Users/karelbraborec/Library/Developer/Xcode/DerivedData/revmeter-hbcnswmlqmbpnlazhhkncgeowiss/Build/Products/Debug-iphonesimulator/XCFrameworkIntermediates/ReactNativeDependencies -F/Users/karelbraborec/Library/Developer/Xcode/DerivedData/revmeter-hbcnswmlqmbpnlazhhkncgeowiss/Build/Products/Debug-iphonesimulator/XCFrameworkIntermediates/hermes-engine/Pre-built -F/Users/karelbraborec/Library/Developer/Xcode/DerivedData/revmeter-hbcnswmlqmbpnlazhhkncgeowiss/Build/Products/Debug-iphonesimulator/React-hermes '-DRCT_REMOVE_LEGACY_ARCH=1' '-fmodule-map-file=/Users/karelbraborec/rev-meter/ios/Pods/Headers/Public/ReactCodegen/ReactCodegen.modulemap' '-DRCT_REMOVE_LEGACY_ARCH=1' '-DWORKLETS_FEATURE_FLAGS=[RUNTIME_TEST_FLAG:false][FETCH_PREVIEW_ENABLED:false][IOS_DYNAMIC_FRAMERATE_ENABLED:true][ENABLE_CROSS_RUNTIME_STACK_TRACES:true]' '-DWORKLETS_VERSION=0.10.1' -DHERMES_V1_ENABLED -ivfsoverlay /Users/karelbraborec/rev-meter/ios/Pods/React-Core-prebuilt/React-VFS.yaml '-DRCT_REMOVE_LEGACY_ARCH=1' -ivfsoverlay /Users/karelbraborec/rev-meter/ios/Pods/React-Core-prebuilt/React-VFS.yaml

WriteAuxiliaryFile /Users/karelbraborec/Library/Developer/Xcode/DerivedData/revmeter-hbcnswmlqmbpnlazhhkncgeowiss/Build/Intermediates.noindex/Pods.build/Debug-iphonesimulator/RNWorklets.build/Objects-normal/x86_64/82b82416624d2658e5098eb0a28c15c5-common-args.resp (in target 'RNWorklets' from project 'Pods')
    cd /Users/karelbraborec/rev-meter/ios/Pods
    write-file /Users/karelbraborec/Library/Developer/Xcode/DerivedData/revmeter-hbcnswmlqmbpnlazhhkncgeowiss/Build/Intermediates.noindex/Pods.build/Debug-iphonesimulator/RNWorklets.build/Objects-normal/x86_64/82b82416624d2658e5098eb0a28c15c5-common-args.resp
'-std=c++20' '-stdlib=libc++' -fmodules -fno-cxx-modules '-fmodules-cache-path=/Users/karelbraborec/Library/Developer/Xcode/DerivedData/ModuleCache.noindex' '-fmodule-name=worklets' '-D_LIBCPP_HARDENING_MODE=_LIBCPP_HARDENING_MODE_DEBUG' -fpascal-strings -O0 -fno-common '-DPOD_CONFIGURATION_DEBUG=1' '-DDEBUG=1' '-DCOCOAPODS=1' '-DHERMES_ENABLE_DEBUGGER=1' -fasm-blocks -g -iquote /Users/karelbraborec/Library/Developer/Xcode/DerivedData/revmeter-hbcnswmlqmbpnlazhhkncgeowiss/Build/Intermediates.noindex/Pods.build/Debug-iphonesimulator/RNWorklets.build/RNWorklets-generated-files.hmap -I/Users/karelbraborec/Library/Developer/Xcode/DerivedData/revmeter-hbcnswmlqmbpnlazhhkncgeowiss/Build/Intermediates.noindex/Pods.build/Debug-iphonesimulator/RNWorklets.build/RNWorklets-own-target-headers.hmap -I/Users/karelbraborec/Library/Developer/Xcode/DerivedData/revmeter-hbcnswmlqmbpnlazhhkncgeowiss/Build/Intermediates.noindex/Pods.build/Debug-iphonesimulator/RNWorklets.build/RNWorklets-all-non-framework-target-headers.hmap -ivfsoverlay /Users/karelbraborec/Library/Developer/Xcode/DerivedData/revmeter-hbcnswmlqmbpnlazhhkncgeowiss/Build/Intermediates.noindex/Pods.build/Debug-iphonesimulator/Pods-8699adb1dd336b26511df848a716bd42-VFS-iphonesimulator/all-product-headers.yaml -iquote /Users/karelbraborec/Library/Developer/Xcode/DerivedData/revmeter-hbcnswmlqmbpnlazhhkncgeowiss/Build/Intermediates.noindex/Pods.build/Debug-iphonesimulator/RNWorklets.build/RNWorklets-project-headers.hmap -I/Users/karelbraborec/Library/Developer/Xcode/DerivedData/revmeter-hbcnswmlqmbpnlazhhkncgeowiss/Build/Products/Debug-iphonesimulator/RNWorklets/include -I/Users/karelbraborec/rev-meter/ios/Pods/Headers/Private -I/Users/karelbraborec/rev-meter/ios/Pods/Headers/Private/RNWorklets -I/Users/karelbraborec/rev-meter/ios/Pods/Headers/Public -I/Users/karelbraborec/rev-meter/ios/Pods/Headers/Public/FBLazyVector -I/Users/karelbraborec/rev-meter/ios/Pods/Headers/Public/RCTRequired -I/Users/karelbraborec/rev-meter/ios/Pods/Headers/Public/RCTSwiftUIWrapper -I/Users/karelbraborec/rev-meter/ios/Pods/Headers/Public/RCTTypeSafety -I/Users/karelbraborec/rev-meter/ios/Pods/Headers/Public/RNWorklets -I/Users/karelbraborec/rev-meter/ios/Pods/Headers/Public/React-Core -I/Users/karelbraborec/rev-meter/ios/Pods/Headers/Public/React-Core-prebuilt -I/Users/karelbraborec/rev-meter/ios/Pods/Headers/Public/React-CoreModules -I/Users/karelbraborec/rev-meter/ios/Pods/Headers/Public/React-Fabric -I/Users/karelbraborec/rev-meter/ios/Pods/Headers/Public/React-FabricComponents -I/Users/karelbraborec/rev-meter/ios/Pods/Headers/Public/React-FabricImage -I/Users/karelbraborec/rev-meter/ios/Pods/Headers/Public/React-ImageManager -I/Users/karelbraborec/rev-meter/ios/Pods/Headers/Public/React-Mapbuffer -I/Users/karelbraborec/rev-meter/ios/Pods/Headers/Public/React-NativeModulesApple -I/Users/karelbraborec/rev-meter/ios/Pods/Headers/Public/React-RCTAnimation -I/Users/karelbraborec/rev-meter/ios/Pods/Headers/Public/React-RCTBlob -I/Users/karelbraborec/rev-meter/ios/Pods/Headers/Public/React-RCTFBReactNativeSpec -I/Users/karelbraborec/rev-meter/ios/Pods/Headers/Public/React-RCTFabric -I/Users/karelbraborec/rev-meter/ios/Pods/Headers/Public/React-RCTImage -I/Users/karelbraborec/rev-meter/ios/Pods/Headers/Public/React-RCTRuntime -I/Users/karelbraborec/rev-meter/ios/Pods/Headers/Public/React-RCTText -I/Users/karelbraborec/rev-meter/ios/Pods/Headers/Public/React-RuntimeApple -I/Users/karelbraborec/rev-meter/ios/Pods/Headers/Public/React-RuntimeCore -I/Users/karelbraborec/rev-meter/ios/Pods/Headers/Public/React-RuntimeHermes -I/Users/karelbraborec/rev-meter/ios/Pods/Headers/Public/React-callinvoker -I/Users/karelbraborec/rev-meter/ios/Pods/Headers/Public/React-cxxreact -I/Users/karelbraborec/rev-meter/ios/Pods/Headers/Public/React-debug -I/Users/karelbraborec/rev-meter/ios/Pods/Headers/Public/React-defaultsnativemodule -I/Users/karelbraborec/rev-meter/ios/Pods/Headers/Public/React-domnativemodule -I/Users/karelbraborec/rev-meter/ios/Pods/Headers/Public/React-featureflags -I/Users/karelbraborec/rev-meter/ios/Pods/Headers/Public/React-featureflagsnativemodule -I/Users/karelbraborec/rev-meter/ios/Pods/Headers/Public/React-graphics -I/Users/karelbraborec/rev-meter/ios/Pods/Headers/Public/React-hermes -I/Users/karelbraborec/rev-meter/ios/Pods/Headers/Public/React-idlecallbacksnativemodule -I/Users/karelbraborec/rev-meter/ios/Pods/Headers/Public/React-intersectionobservernativemodule -I/Users/karelbraborec/rev-meter/ios/Pods/Headers/Public/React-jserrorhandler -I/Users/karelbraborec/rev-meter/ios/Pods/Headers/Public/React-jsi -I/Users/karelbraborec/rev-meter/ios/Pods/Headers/Public/React-jsiexecutor -I/Users/karelbraborec/rev-meter/ios/Pods/Headers/Public/React-jsinspector -I/Users/karelbraborec/rev-meter/ios/Pods/Headers/Public/React-jsinspectorcdp -I/Users/karelbraborec/rev-meter/ios/Pods/Headers/Public/React-jsinspectornetwork -I/Users/karelbraborec/rev-meter/ios/Pods/Headers/Public/React-jsinspectortracing -I/Users/karelbraborec/rev-meter/ios/Pods/Headers/Public/React-jsitooling -I/Users/karelbraborec/rev-meter/ios/Pods/Headers/Public/React-logger -I/Users/karelbraborec/rev-meter/ios/Pods/Headers/Public/React-microtasksnativemodule -I/Users/karelbraborec/rev-meter/ios/Pods/Headers/Public/React-mutationobservernativemodule -I/Users/karelbraborec/rev-meter/ios/Pods/Headers/Public/React-networking -I/Users/karelbraborec/rev-meter/ios/Pods/Headers/Public/React-oscompat -I/Users/karelbraborec/rev-meter/ios/Pods/Headers/Public/React-perflogger -I/Users/karelbraborec/rev-meter/ios/Pods/Headers/Public/React-performancecdpmetrics -I/Users/karelbraborec/rev-meter/ios/Pods/Headers/Public/React-performancetimeline -I/Users/karelbraborec/rev-meter/ios/Pods/Headers/Public/React-rendererconsistency -I/Users/karelbraborec/rev-meter/ios/Pods/Headers/Public/React-renderercss -I/Users/karelbraborec/rev-meter/ios/Pods/Headers/Public/React-rendererdebug -I/Users/karelbraborec/rev-meter/ios/Pods/Headers/Public/React-runtimeexecutor -I/Users/karelbraborec/rev-meter/ios/Pods/Headers/Public/React-runtimescheduler -I/Users/karelbraborec/rev-meter/ios/Pods/Headers/Public/React-timing -I/Users/karelbraborec/rev-meter/ios/Pods/Headers/Public/React-utils -I/Users/karelbraborec/rev-meter/ios/Pods/Headers/Public/React-viewtransitionnativemodule -I/Users/karelbraborec/rev-meter/ios/Pods/Headers/Public/React-webperformancenativemodule -I/Users/karelbraborec/rev-meter/ios/Pods/Headers/Public/ReactCodegen -I/Users/karelbraborec/rev-meter/ios/Pods/Headers/Public/ReactCommon -I/Users/karelbraborec/rev-meter/ios/Pods/Headers/Public/ReactNativeDependencies -I/Users/karelbraborec/rev-meter/ios/Pods/Headers/Public/Yoga -I/Users/karelbraborec/rev-meter/ios/Pods/Headers/Public/hermes-engine -I/Users/karelbraborec/rev-meter/ios/Pods/boost -I/Users/karelbraborec/rev-meter/ios/Pods/boost-for-react-native -I/Users/karelbraborec/rev-meter/ios/Pods/glog -I/Users/karelbraborec/rev-meter/ios/Pods/RCT-Folly -I/Users/karelbraborec/rev-meter/ios/Pods/Headers/Public/React-hermes -I/Users/karelbraborec/rev-meter/ios/Pods/Headers/Public/hermes-engine -I/Users/karelbraborec/rev-meter/node_modules/react-native/ReactCommon -I/Users/karelbraborec/rev-meter/node_modules/react-native/ReactCommon/jsitooling -I/Users/karelbraborec/rev-meter/node_modules/react-native-worklets/ReactCommon -I/Users/karelbraborec/rev-meter/node_modules/react-native-worklets -I/Users/karelbraborec/rev-meter/ios/Pods/RCT-Folly -I/Users/karelbraborec/rev-meter/ios/Pods/boost -I/Users/karelbraborec/rev-meter/ios/Pods/boost-for-react-native -I/Users/karelbraborec/rev-meter/ios/Pods/DoubleConversion -I/Users/karelbraborec/rev-meter/ios/Pods/Headers/Private/React-Core -I/Users/karelbraborec/rev-meter/ios/Pods/Headers/Private/Yoga -I/Users/karelbraborec/rev-meter/ios/Pods/ExpoModulesCore/ExpoModulesCore.xcframework/ios-arm64_x86_64-simulator/ExpoModulesCore.framework/Headers -I/Users/karelbraborec/rev-meter/ios/Pods/ExpoModulesCore/ExpoModulesCore.xcframework/ios-arm64/ExpoModulesCore.framework/Headers -I/Users/karelbraborec/rev-meter/ios/Pods/ExpoModulesCore/ExpoModulesCore.xcframework/ios-arm64_x86_64-simulator/ExpoModulesCore.framework/Headers -I/Users/karelbraborec/rev-meter/ios/Pods/ExpoModulesCore/ExpoModulesCore.xcframework/ios-arm64/ExpoModulesCore.framework/Headers -I/Users/karelbraborec/Library/Developer/Xcode/DerivedData/revmeter-hbcnswmlqmbpnlazhhkncgeowiss/Build/Intermediates.noindex/Pods.build/Debug-iphonesimulator/RNWorklets.build/DerivedSources-normal/x86_64 -I/Users/karelbraborec/Library/Developer/Xcode/DerivedData/revmeter-hbcnswmlqmbpnlazhhkncgeowiss/Build/Intermediates.noindex/Pods.build/Debug-iphonesimulator/RNWorklets.build/DerivedSources/x86_64 -I/Users/karelbraborec/Library/Developer/Xcode/DerivedData/revmeter-hbcnswmlqmbpnlazhhkncgeowiss/Build/Intermediates.noindex/Pods.build/Debug-iphonesimulator/RNWorklets.build/DerivedSources -F/Users/karelbraborec/Library/Developer/Xcode/DerivedData/revmeter-hbcnswmlqmbpnlazhhkncgeowiss/Build/Products/Debug-iphonesimulator/RNWorklets -F/Users/karelbraborec/rev-meter/ios/Pods/React-Core-prebuilt -F/Users/karelbraborec/rev-meter/ios/Pods/ReactNativeDependencies/framework/packages/react-native -F/Users/karelbraborec/rev-meter/ios/Pods/hermes-engine/destroot/Library/Frameworks/universal -F/Users/karelbraborec/Library/Developer/Xcode/DerivedData/revmeter-hbcnswmlqmbpnlazhhkncgeowiss/Build/Products/Debug-iphonesimulator/XCFrameworkIntermediates/React-Core-prebuilt -F/Users/karelbraborec/Library/Developer/Xcode/DerivedData/revmeter-hbcnswmlqmbpnlazhhkncgeowiss/Build/Products/Debug-iphonesimulator/XCFrameworkIntermediates/ReactNativeDependencies -F/Users/karelbraborec/Library/Developer/Xcode/DerivedData/revmeter-hbcnswmlqmbpnlazhhkncgeowiss/Build/Products/Debug-iphonesimulator/XCFrameworkIntermediates/hermes-engine/Pre-built -F/Users/karelbraborec/Library/Developer/Xcode/DerivedData/revmeter-hbcnswmlqmbpnlazhhkncgeowiss/Build/Products/Debug-iphonesimulator/React-hermes '-DRCT_REMOVE_LEGACY_ARCH=1' '-fmodule-map-file=/Users/karelbraborec/rev-meter/ios/Pods/Headers/Public/ReactCodegen/ReactCodegen.modulemap' '-DRCT_REMOVE_LEGACY_ARCH=1' '-DWORKLETS_FEATURE_FLAGS=[RUNTIME_TEST_FLAG:false][FETCH_PREVIEW_ENABLED:false][IOS_DYNAMIC_FRAMERATE_ENABLED:true][ENABLE_CROSS_RUNTIME_STACK_TRACES:true]' '-DWORKLETS_VERSION=0.10.1' -DHERMES_V1_ENABLED -ivfsoverlay /Users/karelbraborec/rev-meter/ios/Pods/React-Core-prebuilt/React-VFS.yaml '-DRCT_REMOVE_LEGACY_ARCH=1' -ivfsoverlay /Users/karelbraborec/rev-meter/ios/Pods/React-Core-prebuilt/React-VFS.yaml

WriteAuxiliaryFile /Users/karelbraborec/Library/Developer/Xcode/DerivedData/revmeter-hbcnswmlqmbpnlazhhkncgeowiss/Build/Intermediates.noindex/Pods.build/Debug-iphonesimulator/RNWorklets.build/Objects-normal/arm64/e6072d4f65d7061329687fe24e3d63a7-common-args.resp (in target 'RNWorklets' from project 'Pods')
    cd /Users/karelbraborec/rev-meter/ios/Pods
    write-file /Users/karelbraborec/Library/Developer/Xcode/DerivedData/revmeter-hbcnswmlqmbpnlazhhkncgeowiss/Build/Intermediates.noindex/Pods.build/Debug-iphonesimulator/RNWorklets.build/Objects-normal/arm64/e6072d4f65d7061329687fe24e3d63a7-common-args.resp
'-std=gnu11' -fobjc-arc -fmodules '-fmodules-cache-path=/Users/karelbraborec/Library/Developer/Xcode/DerivedData/ModuleCache.noindex' '-fmodule-name=worklets' -fpascal-strings -O0 -fno-common '-DPOD_CONFIGURATION_DEBUG=1' '-DDEBUG=1' '-DCOCOAPODS=1' '-DHERMES_ENABLE_DEBUGGER=1' '-DOBJC_OLD_DISPATCH_PROTOTYPES=0' -g '-fobjc-abi-version=2' -fobjc-legacy-dispatch -iquote /Users/karelbraborec/Library/Developer/Xcode/DerivedData/revmeter-hbcnswmlqmbpnlazhhkncgeowiss/Build/Intermediates.noindex/Pods.build/Debug-iphonesimulator/RNWorklets.build/RNWorklets-generated-files.hmap -I/Users/karelbraborec/Library/Developer/Xcode/DerivedData/revmeter-hbcnswmlqmbpnlazhhkncgeowiss/Build/Intermediates.noindex/Pods.build/Debug-iphonesimulator/RNWorklets.build/RNWorklets-own-target-headers.hmap -I/Users/karelbraborec/Library/Developer/Xcode/DerivedData/revmeter-hbcnswmlqmbpnlazhhkncgeowiss/Build/Intermediates.noindex/Pods.build/Debug-iphonesimulator/RNWorklets.build/RNWorklets-all-non-framework-target-headers.hmap -ivfsoverlay /Users/karelbraborec/Library/Developer/Xcode/DerivedData/revmeter-hbcnswmlqmbpnlazhhkncgeowiss/Build/Intermediates.noindex/Pods.build/Debug-iphonesimulator/Pods-8699adb1dd336b26511df848a716bd42-VFS-iphonesimulator/all-product-headers.yaml -iquote /Users/karelbraborec/Library/Developer/Xcode/DerivedData/revmeter-hbcnswmlqmbpnlazhhkncgeowiss/Build/Intermediates.noindex/Pods.build/Debug-iphonesimulator/RNWorklets.build/RNWorklets-project-headers.hmap -I/Users/karelbraborec/Library/Developer/Xcode/DerivedData/revmeter-hbcnswmlqmbpnlazhhkncgeowiss/Build/Products/Debug-iphonesimulator/RNWorklets/include -I/Users/karelbraborec/rev-meter/ios/Pods/Headers/Private -I/Users/karelbraborec/rev-meter/ios/Pods/Headers/Private/RNWorklets -I/Users/karelbraborec/rev-meter/ios/Pods/Headers/Public -I/Users/karelbraborec/rev-meter/ios/Pods/Headers/Public/FBLazyVector -I/Users/karelbraborec/rev-meter/ios/Pods/Headers/Public/RCTRequired -I/Users/karelbraborec/rev-meter/ios/Pods/Headers/Public/RCTSwiftUIWrapper -I/Users/karelbraborec/rev-meter/ios/Pods/Headers/Public/RCTTypeSafety -I/Users/karelbraborec/rev-meter/ios/Pods/Headers/Public/RNWorklets -I/Users/karelbraborec/rev-meter/ios/Pods/Headers/Public/React-Core -I/Users/karelbraborec/rev-meter/ios/Pods/Headers/Public/React-Core-prebuilt -I/Users/karelbraborec/rev-meter/ios/Pods/Headers/Public/React-CoreModules -I/Users/karelbraborec/rev-meter/ios/Pods/Headers/Public/React-Fabric -I/Users/karelbraborec/rev-meter/ios/Pods/Headers/Public/React-FabricComponents -I/Users/karelbraborec/rev-meter/ios/Pods/Headers/Public/React-FabricImage -I/Users/karelbraborec/rev-meter/ios/Pods/Headers/Public/React-ImageManager -I/Users/karelbraborec/rev-meter/ios/Pods/Headers/Public/React-Mapbuffer -I/Users/karelbraborec/rev-meter/ios/Pods/Headers/Public/React-NativeModulesApple -I/Users/karelbraborec/rev-meter/ios/Pods/Headers/Public/React-RCTAnimation -I/Users/karelbraborec/rev-meter/ios/Pods/Headers/Public/React-RCTBlob -I/Users/karelbraborec/rev-meter/ios/Pods/Headers/Public/React-RCTFBReactNativeSpec -I/Users/karelbraborec/rev-meter/ios/Pods/Headers/Public/React-RCTFabric -I/Users/karelbraborec/rev-meter/ios/Pods/Headers/Public/React-RCTImage -I/Users/karelbraborec/rev-meter/ios/Pods/Headers/Public/React-RCTRuntime -I/Users/karelbraborec/rev-meter/ios/Pods/Headers/Public/React-RCTText -I/Users/karelbraborec/rev-meter/ios/Pods/Headers/Public/React-RuntimeApple -I/Users/karelbraborec/rev-meter/ios/Pods/Headers/Public/React-RuntimeCore -I/Users/karelbraborec/rev-meter/ios/Pods/Headers/Public/React-RuntimeHermes -I/Users/karelbraborec/rev-meter/ios/Pods/Headers/Public/React-callinvoker -I/Users/karelbraborec/rev-meter/ios/Pods/Headers/Public/React-cxxreact -I/Users/karelbraborec/rev-meter/ios/Pods/Headers/Public/React-debug -I/Users/karelbraborec/rev-meter/ios/Pods/Headers/Public/React-defaultsnativemodule -I/Users/karelbraborec/rev-meter/ios/Pods/Headers/Public/React-domnativemodule -I/Users/karelbraborec/rev-meter/ios/Pods/Headers/Public/React-featureflags -I/Users/karelbraborec/rev-meter/ios/Pods/Headers/Public/React-featureflagsnativemodule -I/Users/karelbraborec/rev-meter/ios/Pods/Headers/Public/React-graphics -I/Users/karelbraborec/rev-meter/ios/Pods/Headers/Public/React-hermes -I/Users/karelbraborec/rev-meter/ios/Pods/Headers/Public/React-idlecallbacksnativemodule -I/Users/karelbraborec/rev-meter/ios/Pods/Headers/Public/React-intersectionobservernativemodule -I/Users/karelbraborec/rev-meter/ios/Pods/Headers/Public/React-jserrorhandler -I/Users/karelbraborec/rev-meter/ios/Pods/Headers/Public/React-jsi -I/Users/karelbraborec/rev-meter/ios/Pods/Headers/Public/React-jsiexecutor -I/Users/karelbraborec/rev-meter/ios/Pods/Headers/Public/React-jsinspector -I/Users/karelbraborec/rev-meter/ios/Pods/Headers/Public/React-jsinspectorcdp -I/Users/karelbraborec/rev-meter/ios/Pods/Headers/Public/React-jsinspectornetwork -I/Users/karelbraborec/rev-meter/ios/Pods/Headers/Public/React-jsinspectortracing -I/Users/karelbraborec/rev-meter/ios/Pods/Headers/Public/React-jsitooling -I/Users/karelbraborec/rev-meter/ios/Pods/Headers/Public/React-logger -I/Users/karelbraborec/rev-meter/ios/Pods/Headers/Public/React-microtasksnativemodule -I/Users/karelbraborec/rev-meter/ios/Pods/Headers/Public/React-mutationobservernativemodule -I/Users/karelbraborec/rev-meter/ios/Pods/Headers/Public/React-networking -I/Users/karelbraborec/rev-meter/ios/Pods/Headers/Public/React-oscompat -I/Users/karelbraborec/rev-meter/ios/Pods/Headers/Public/React-perflogger -I/Users/karelbraborec/rev-meter/ios/Pods/Headers/Public/React-performancecdpmetrics -I/Users/karelbraborec/rev-meter/ios/Pods/Headers/Public/React-performancetimeline -I/Users/karelbraborec/rev-meter/ios/Pods/Headers/Public/React-rendererconsistency -I/Users/karelbraborec/rev-meter/ios/Pods/Headers/Public/React-renderercss -I/Users/karelbraborec/rev-meter/ios/Pods/Headers/Public/React-rendererdebug -I/Users/karelbraborec/rev-meter/ios/Pods/Headers/Public/React-runtimeexecutor -I/Users/karelbraborec/rev-meter/ios/Pods/Headers/Public/React-runtimescheduler -I/Users/karelbraborec/rev-meter/ios/Pods/Headers/Public/React-timing -I/Users/karelbraborec/rev-meter/ios/Pods/Headers/Public/React-utils -I/Users/karelbraborec/rev-meter/ios/Pods/Headers/Public/React-viewtransitionnativemodule -I/Users/karelbraborec/rev-meter/ios/Pods/Headers/Public/React-webperformancenativemodule -I/Users/karelbraborec/rev-meter/ios/Pods/Headers/Public/ReactCodegen -I/Users/karelbraborec/rev-meter/ios/Pods/Headers/Public/ReactCommon -I/Users/karelbraborec/rev-meter/ios/Pods/Headers/Public/ReactNativeDependencies -I/Users/karelbraborec/rev-meter/ios/Pods/Headers/Public/Yoga -I/Users/karelbraborec/rev-meter/ios/Pods/Headers/Public/hermes-engine -I/Users/karelbraborec/rev-meter/ios/Pods/boost -I/Users/karelbraborec/rev-meter/ios/Pods/boost-for-react-native -I/Users/karelbraborec/rev-meter/ios/Pods/glog -I/Users/karelbraborec/rev-meter/ios/Pods/RCT-Folly -I/Users/karelbraborec/rev-meter/ios/Pods/Headers/Public/React-hermes -I/Users/karelbraborec/rev-meter/ios/Pods/Headers/Public/hermes-engine -I/Users/karelbraborec/rev-meter/node_modules/react-native/ReactCommon -I/Users/karelbraborec/rev-meter/node_modules/react-native/ReactCommon/jsitooling -I/Users/karelbraborec/rev-meter/node_modules/react-native-worklets/ReactCommon -I/Users/karelbraborec/rev-meter/node_modules/react-native-worklets -I/Users/karelbraborec/rev-meter/ios/Pods/RCT-Folly -I/Users/karelbraborec/rev-meter/ios/Pods/boost -I/Users/karelbraborec/rev-meter/ios/Pods/boost-for-react-native -I/Users/karelbraborec/rev-meter/ios/Pods/DoubleConversion -I/Users/karelbraborec/rev-meter/ios/Pods/Headers/Private/React-Core -I/Users/karelbraborec/rev-meter/ios/Pods/Headers/Private/Yoga -I/Users/karelbraborec/rev-meter/ios/Pods/ExpoModulesCore/ExpoModulesCore.xcframework/ios-arm64_x86_64-simulator/ExpoModulesCore.framework/Headers -I/Users/karelbraborec/rev-meter/ios/Pods/ExpoModulesCore/ExpoModulesCore.xcframework/ios-arm64/ExpoModulesCore.framework/Headers -I/Users/karelbraborec/rev-meter/ios/Pods/ExpoModulesCore/ExpoModulesCore.xcframework/ios-arm64_x86_64-simulator/ExpoModulesCore.framework/Headers -I/Users/karelbraborec/rev-meter/ios/Pods/ExpoModulesCore/ExpoModulesCore.xcframework/ios-arm64/ExpoModulesCore.framework/Headers -I/Users/karelbraborec/Library/Developer/Xcode/DerivedData/revmeter-hbcnswmlqmbpnlazhhkncgeowiss/Build/Intermediates.noindex/Pods.build/Debug-iphonesimulator/RNWorklets.build/DerivedSources-normal/arm64 -I/Users/karelbraborec/Library/Developer/Xcode/DerivedData/revmeter-hbcnswmlqmbpnlazhhkncgeowiss/Build/Intermediates.noindex/Pods.build/Debug-iphonesimulator/RNWorklets.build/DerivedSources/arm64 -I/Users/karelbraborec/Library/Developer/Xcode/DerivedData/revmeter-hbcnswmlqmbpnlazhhkncgeowiss/Build/Intermediates.noindex/Pods.build/Debug-iphonesimulator/RNWorklets.build/DerivedSources -F/Users/karelbraborec/Library/Developer/Xcode/DerivedData/revmeter-hbcnswmlqmbpnlazhhkncgeowiss/Build/Products/Debug-iphonesimulator/RNWorklets -F/Users/karelbraborec/rev-meter/ios/Pods/React-Core-prebuilt -F/Users/karelbraborec/rev-meter/ios/Pods/ReactNativeDependencies/framework/packages/react-native -F/Users/karelbraborec/rev-meter/ios/Pods/hermes-engine/destroot/Library/Frameworks/universal -F/Users/karelbraborec/Library/Developer/Xcode/DerivedData/revmeter-hbcnswmlqmbpnlazhhkncgeowiss/Build/Products/Debug-iphonesimulator/XCFrameworkIntermediates/React-Core-prebuilt -F/Users/karelbraborec/Library/Developer/Xcode/DerivedData/revmeter-hbcnswmlqmbpnlazhhkncgeowiss/Build/Products/Debug-iphonesimulator/XCFrameworkIntermediates/ReactNativeDependencies -F/Users/karelbraborec/Library/Developer/Xcode/DerivedData/revmeter-hbcnswmlqmbpnlazhhkncgeowiss/Build/Products/Debug-iphonesimulator/XCFrameworkIntermediates/hermes-engine/Pre-built -F/Users/karelbraborec/Library/Developer/Xcode/DerivedData/revmeter-hbcnswmlqmbpnlazhhkncgeowiss/Build/Products/Debug-iphonesimulator/React-hermes '-DRCT_REMOVE_LEGACY_ARCH=1' '-fmodule-map-file=/Users/karelbraborec/rev-meter/ios/Pods/Headers/Public/ReactCodegen/ReactCodegen.modulemap' '-DRCT_REMOVE_LEGACY_ARCH=1' '-DWORKLETS_FEATURE_FLAGS=[RUNTIME_TEST_FLAG:false][FETCH_PREVIEW_ENABLED:false][IOS_DYNAMIC_FRAMERATE_ENABLED:true][ENABLE_CROSS_RUNTIME_STACK_TRACES:true]' '-DWORKLETS_VERSION=0.10.1' -DHERMES_V1_ENABLED -ivfsoverlay /Users/karelbraborec/rev-meter/ios/Pods/React-Core-prebuilt/React-VFS.yaml

WriteAuxiliaryFile /Users/karelbraborec/Library/Developer/Xcode/DerivedData/revmeter-hbcnswmlqmbpnlazhhkncgeowiss/Build/Intermediates.noindex/Pods.build/Debug-iphonesimulator/RNWorklets.build/Objects-normal/arm64/af3fcb34312c57c0f52879cdce924b91-common-args.resp (in target 'RNWorklets' from project 'Pods')
    cd /Users/karelbraborec/rev-meter/ios/Pods
    write-file /Users/karelbraborec/Library/Developer/Xcode/DerivedData/revmeter-hbcnswmlqmbpnlazhhkncgeowiss/Build/Intermediates.noindex/Pods.build/Debug-iphonesimulator/RNWorklets.build/Objects-normal/arm64/af3fcb34312c57c0f52879cdce924b91-common-args.resp
'-std=c++20' '-stdlib=libc++' -fobjc-arc -fmodules -fno-cxx-modules '-fmodules-cache-path=/Users/karelbraborec/Library/Developer/Xcode/DerivedData/ModuleCache.noindex' '-fmodule-name=worklets' '-D_LIBCPP_HARDENING_MODE=_LIBCPP_HARDENING_MODE_DEBUG' -fpascal-strings -O0 -fno-common '-DPOD_CONFIGURATION_DEBUG=1' '-DDEBUG=1' '-DCOCOAPODS=1' '-DHERMES_ENABLE_DEBUGGER=1' '-DOBJC_OLD_DISPATCH_PROTOTYPES=0' -g '-fobjc-abi-version=2' -fobjc-legacy-dispatch -iquote /Users/karelbraborec/Library/Developer/Xcode/DerivedData/revmeter-hbcnswmlqmbpnlazhhkncgeowiss/Build/Intermediates.noindex/Pods.build/Debug-iphonesimulator/RNWorklets.build/RNWorklets-generated-files.hmap -I/Users/karelbraborec/Library/Developer/Xcode/DerivedData/revmeter-hbcnswmlqmbpnlazhhkncgeowiss/Build/Intermediates.noindex/Pods.build/Debug-iphonesimulator/RNWorklets.build/RNWorklets-own-target-headers.hmap -I/Users/karelbraborec/Library/Developer/Xcode/DerivedData/revmeter-hbcnswmlqmbpnlazhhkncgeowiss/Build/Intermediates.noindex/Pods.build/Debug-iphonesimulator/RNWorklets.build/RNWorklets-all-non-framework-target-headers.hmap -ivfsoverlay /Users/karelbraborec/Library/Developer/Xcode/DerivedData/revmeter-hbcnswmlqmbpnlazhhkncgeowiss/Build/Intermediates.noindex/Pods.build/Debug-iphonesimulator/Pods-8699adb1dd336b26511df848a716bd42-VFS-iphonesimulator/all-product-headers.yaml -iquote /Users/karelbraborec/Library/Developer/Xcode/DerivedData/revmeter-hbcnswmlqmbpnlazhhkncgeowiss/Build/Intermediates.noindex/Pods.build/Debug-iphonesimulator/RNWorklets.build/RNWorklets-project-headers.hmap -I/Users/karelbraborec/Library/Developer/Xcode/DerivedData/revmeter-hbcnswmlqmbpnlazhhkncgeowiss/Build/Products/Debug-iphonesimulator/RNWorklets/include -I/Users/karelbraborec/rev-meter/ios/Pods/Headers/Private -I/Users/karelbraborec/rev-meter/ios/Pods/Headers/Private/RNWorklets -I/Users/karelbraborec/rev-meter/ios/Pods/Headers/Public -I/Users/karelbraborec/rev-meter/ios/Pods/Headers/Public/FBLazyVector -I/Users/karelbraborec/rev-meter/ios/Pods/Headers/Public/RCTRequired -I/Users/karelbraborec/rev-meter/ios/Pods/Headers/Public/RCTSwiftUIWrapper -I/Users/karelbraborec/rev-meter/ios/Pods/Headers/Public/RCTTypeSafety -I/Users/karelbraborec/rev-meter/ios/Pods/Headers/Public/RNWorklets -I/Users/karelbraborec/rev-meter/ios/Pods/Headers/Public/React-Core -I/Users/karelbraborec/rev-meter/ios/Pods/Headers/Public/React-Core-prebuilt -I/Users/karelbraborec/rev-meter/ios/Pods/Headers/Public/React-CoreModules -I/Users/karelbraborec/rev-meter/ios/Pods/Headers/Public/React-Fabric -I/Users/karelbraborec/rev-meter/ios/Pods/Headers/Public/React-FabricComponents -I/Users/karelbraborec/rev-meter/ios/Pods/Headers/Public/React-FabricImage -I/Users/karelbraborec/rev-meter/ios/Pods/Headers/Public/React-ImageManager -I/Users/karelbraborec/rev-meter/ios/Pods/Headers/Public/React-Mapbuffer -I/Users/karelbraborec/rev-meter/ios/Pods/Headers/Public/React-NativeModulesApple -I/Users/karelbraborec/rev-meter/ios/Pods/Headers/Public/React-RCTAnimation -I/Users/karelbraborec/rev-meter/ios/Pods/Headers/Public/React-RCTBlob -I/Users/karelbraborec/rev-meter/ios/Pods/Headers/Public/React-RCTFBReactNativeSpec -I/Users/karelbraborec/rev-meter/ios/Pods/Headers/Public/React-RCTFabric -I/Users/karelbraborec/rev-meter/ios/Pods/Headers/Public/React-RCTImage -I/Users/karelbraborec/rev-meter/ios/Pods/Headers/Public/React-RCTRuntime -I/Users/karelbraborec/rev-meter/ios/Pods/Headers/Public/React-RCTText -I/Users/karelbraborec/rev-meter/ios/Pods/Headers/Public/React-RuntimeApple -I/Users/karelbraborec/rev-meter/ios/Pods/Headers/Public/React-RuntimeCore -I/Users/karelbraborec/rev-meter/ios/Pods/Headers/Public/React-RuntimeHermes -I/Users/karelbraborec/rev-meter/ios/Pods/Headers/Public/React-callinvoker -I/Users/karelbraborec/rev-meter/ios/Pods/Headers/Public/React-cxxreact -I/Users/karelbraborec/rev-meter/ios/Pods/Headers/Public/React-debug -I/Users/karelbraborec/rev-meter/ios/Pods/Headers/Public/React-defaultsnativemodule -I/Users/karelbraborec/rev-meter/ios/Pods/Headers/Public/React-domnativemodule -I/Users/karelbraborec/rev-meter/ios/Pods/Headers/Public/React-featureflags -I/Users/karelbraborec/rev-meter/ios/Pods/Headers/Public/React-featureflagsnativemodule -I/Users/karelbraborec/rev-meter/ios/Pods/Headers/Public/React-graphics -I/Users/karelbraborec/rev-meter/ios/Pods/Headers/Public/React-hermes -I/Users/karelbraborec/rev-meter/ios/Pods/Headers/Public/React-idlecallbacksnativemodule -I/Users/karelbraborec/rev-meter/ios/Pods/Headers/Public/React-intersectionobservernativemodule -I/Users/karelbraborec/rev-meter/ios/Pods/Headers/Public/React-jserrorhandler -I/Users/karelbraborec/rev-meter/ios/Pods/Headers/Public/React-jsi -I/Users/karelbraborec/rev-meter/ios/Pods/Headers/Public/React-jsiexecutor -I/Users/karelbraborec/rev-meter/ios/Pods/Headers/Public/React-jsinspector -I/Users/karelbraborec/rev-meter/ios/Pods/Headers/Public/React-jsinspectorcdp -I/Users/karelbraborec/rev-meter/ios/Pods/Headers/Public/React-jsinspectornetwork -I/Users/karelbraborec/rev-meter/ios/Pods/Headers/Public/React-jsinspectortracing -I/Users/karelbraborec/rev-meter/ios/Pods/Headers/Public/React-jsitooling -I/Users/karelbraborec/rev-meter/ios/Pods/Headers/Public/React-logger -I/Users/karelbraborec/rev-meter/ios/Pods/Headers/Public/React-microtasksnativemodule -I/Users/karelbraborec/rev-meter/ios/Pods/Headers/Public/React-mutationobservernativemodule -I/Users/karelbraborec/rev-meter/ios/Pods/Headers/Public/React-networking -I/Users/karelbraborec/rev-meter/ios/Pods/Headers/Public/React-oscompat -I/Users/karelbraborec/rev-meter/ios/Pods/Headers/Public/React-perflogger -I/Users/karelbraborec/rev-meter/ios/Pods/Headers/Public/React-performancecdpmetrics -I/Users/karelbraborec/rev-meter/ios/Pods/Headers/Public/React-performancetimeline -I/Users/karelbraborec/rev-meter/ios/Pods/Headers/Public/React-rendererconsistency -I/Users/karelbraborec/rev-meter/ios/Pods/Headers/Public/React-renderercss -I/Users/karelbraborec/rev-meter/ios/Pods/Headers/Public/React-rendererdebug -I/Users/karelbraborec/rev-meter/ios/Pods/Headers/Public/React-runtimeexecutor -I/Users/karelbraborec/rev-meter/ios/Pods/Headers/Public/React-runtimescheduler -I/Users/karelbraborec/rev-meter/ios/Pods/Headers/Public/React-timing -I/Users/karelbraborec/rev-meter/ios/Pods/Headers/Public/React-utils -I/Users/karelbraborec/rev-meter/ios/Pods/Headers/Public/React-viewtransitionnativemodule -I/Users/karelbraborec/rev-meter/ios/Pods/Headers/Public/React-webperformancenativemodule -I/Users/karelbraborec/rev-meter/ios/Pods/Headers/Public/ReactCodegen -I/Users/karelbraborec/rev-meter/ios/Pods/Headers/Public/ReactCommon -I/Users/karelbraborec/rev-meter/ios/Pods/Headers/Public/ReactNativeDependencies -I/Users/karelbraborec/rev-meter/ios/Pods/Headers/Public/Yoga -I/Users/karelbraborec/rev-meter/ios/Pods/Headers/Public/hermes-engine -I/Users/karelbraborec/rev-meter/ios/Pods/boost -I/Users/karelbraborec/rev-meter/ios/Pods/boost-for-react-native -I/Users/karelbraborec/rev-meter/ios/Pods/glog -I/Users/karelbraborec/rev-meter/ios/Pods/RCT-Folly -I/Users/karelbraborec/rev-meter/ios/Pods/Headers/Public/React-hermes -I/Users/karelbraborec/rev-meter/ios/Pods/Headers/Public/hermes-engine -I/Users/karelbraborec/rev-meter/node_modules/react-native/ReactCommon -I/Users/karelbraborec/rev-meter/node_modules/react-native/ReactCommon/jsitooling -I/Users/karelbraborec/rev-meter/node_modules/react-native-worklets/ReactCommon -I/Users/karelbraborec/rev-meter/node_modules/react-native-worklets -I/Users/karelbraborec/rev-meter/ios/Pods/RCT-Folly -I/Users/karelbraborec/rev-meter/ios/Pods/boost -I/Users/karelbraborec/rev-meter/ios/Pods/boost-for-react-native -I/Users/karelbraborec/rev-meter/ios/Pods/DoubleConversion -I/Users/karelbraborec/rev-meter/ios/Pods/Headers/Private/React-Core -I/Users/karelbraborec/rev-meter/ios/Pods/Headers/Private/Yoga -I/Users/karelbraborec/rev-meter/ios/Pods/ExpoModulesCore/ExpoModulesCore.xcframework/ios-arm64_x86_64-simulator/ExpoModulesCore.framework/Headers -I/Users/karelbraborec/rev-meter/ios/Pods/ExpoModulesCore/ExpoModulesCore.xcframework/ios-arm64/ExpoModulesCore.framework/Headers -I/Users/karelbraborec/rev-meter/ios/Pods/ExpoModulesCore/ExpoModulesCore.xcframework/ios-arm64_x86_64-simulator/ExpoModulesCore.framework/Headers -I/Users/karelbraborec/rev-meter/ios/Pods/ExpoModulesCore/ExpoModulesCore.xcframework/ios-arm64/ExpoModulesCore.framework/Headers -I/Users/karelbraborec/Library/Developer/Xcode/DerivedData/revmeter-hbcnswmlqmbpnlazhhkncgeowiss/Build/Intermediates.noindex/Pods.build/Debug-iphonesimulator/RNWorklets.build/DerivedSources-normal/arm64 -I/Users/karelbraborec/Library/Developer/Xcode/DerivedData/revmeter-hbcnswmlqmbpnlazhhkncgeowiss/Build/Intermediates.noindex/Pods.build/Debug-iphonesimulator/RNWorklets.build/DerivedSources/arm64 -I/Users/karelbraborec/Library/Developer/Xcode/DerivedData/revmeter-hbcnswmlqmbpnlazhhkncgeowiss/Build/Intermediates.noindex/Pods.build/Debug-iphonesimulator/RNWorklets.build/DerivedSources -F/Users/karelbraborec/Library/Developer/Xcode/DerivedData/revmeter-hbcnswmlqmbpnlazhhkncgeowiss/Build/Products/Debug-iphonesimulator/RNWorklets -F/Users/karelbraborec/rev-meter/ios/Pods/React-Core-prebuilt -F/Users/karelbraborec/rev-meter/ios/Pods/ReactNativeDependencies/framework/packages/react-native -F/Users/karelbraborec/rev-meter/ios/Pods/hermes-engine/destroot/Library/Frameworks/universal -F/Users/karelbraborec/Library/Developer/Xcode/DerivedData/revmeter-hbcnswmlqmbpnlazhhkncgeowiss/Build/Products/Debug-iphonesimulator/XCFrameworkIntermediates/React-Core-prebuilt -F/Users/karelbraborec/Library/Developer/Xcode/DerivedData/revmeter-hbcnswmlqmbpnlazhhkncgeowiss/Build/Products/Debug-iphonesimulator/XCFrameworkIntermediates/ReactNativeDependencies -F/Users/karelbraborec/Library/Developer/Xcode/DerivedData/revmeter-hbcnswmlqmbpnlazhhkncgeowiss/Build/Products/Debug-iphonesimulator/XCFrameworkIntermediates/hermes-engine/Pre-built -F/Users/karelbraborec/Library/Developer/Xcode/DerivedData/revmeter-hbcnswmlqmbpnlazhhkncgeowiss/Build/Products/Debug-iphonesimulator/React-hermes '-DRCT_REMOVE_LEGACY_ARCH=1' '-fmodule-map-file=/Users/karelbraborec/rev-meter/ios/Pods/Headers/Public/ReactCodegen/ReactCodegen.modulemap' '-DRCT_REMOVE_LEGACY_ARCH=1' '-DWORKLETS_FEATURE_FLAGS=[RUNTIME_TEST_FLAG:false][FETCH_PREVIEW_ENABLED:false][IOS_DYNAMIC_FRAMERATE_ENABLED:true][ENABLE_CROSS_RUNTIME_STACK_TRACES:true]' '-DWORKLETS_VERSION=0.10.1' -DHERMES_V1_ENABLED -ivfsoverlay /Users/karelbraborec/rev-meter/ios/Pods/React-Core-prebuilt/React-VFS.yaml '-DRCT_REMOVE_LEGACY_ARCH=1' -ivfsoverlay /Users/karelbraborec/rev-meter/ios/Pods/React-Core-prebuilt/React-VFS.yaml

WriteAuxiliaryFile /Users/karelbraborec/Library/Developer/Xcode/DerivedData/revmeter-hbcnswmlqmbpnlazhhkncgeowiss/Build/Intermediates.noindex/Pods.build/Debug-iphonesimulator/RNWorklets.build/Objects-normal/arm64/RNWorklets.LinkFileList (in target 'RNWorklets' from project 'Pods')
    cd /Users/karelbraborec/rev-meter/ios/Pods
    write-file /Users/karelbraborec/Library/Developer/Xcode/DerivedData/revmeter-hbcnswmlqmbpnlazhhkncgeowiss/Build/Intermediates.noindex/Pods.build/Debug-iphonesimulator/RNWorklets.build/Objects-normal/arm64/RNWorklets.LinkFileList

WriteAuxiliaryFile /Users/karelbraborec/Library/Developer/Xcode/DerivedData/revmeter-hbcnswmlqmbpnlazhhkncgeowiss/Build/Intermediates.noindex/Pods.build/Debug-iphonesimulator/RNWorklets.build/Objects-normal/arm64/82b82416624d2658e5098eb0a28c15c5-common-args.resp (in target 'RNWorklets' from project 'Pods')
    cd /Users/karelbraborec/rev-meter/ios/Pods
    write-file /Users/karelbraborec/Library/Developer/Xcode/DerivedData/revmeter-hbcnswmlqmbpnlazhhkncgeowiss/Build/Intermediates.noindex/Pods.build/Debug-iphonesimulator/RNWorklets.build/Objects-normal/arm64/82b82416624d2658e5098eb0a28c15c5-common-args.resp
'-std=c++20' '-stdlib=libc++' -fmodules -fno-cxx-modules '-fmodules-cache-path=/Users/karelbraborec/Library/Developer/Xcode/DerivedData/ModuleCache.noindex' '-fmodule-name=worklets' '-D_LIBCPP_HARDENING_MODE=_LIBCPP_HARDENING_MODE_DEBUG' -fpascal-strings -O0 -fno-common '-DPOD_CONFIGURATION_DEBUG=1' '-DDEBUG=1' '-DCOCOAPODS=1' '-DHERMES_ENABLE_DEBUGGER=1' -g -iquote /Users/karelbraborec/Library/Developer/Xcode/DerivedData/revmeter-hbcnswmlqmbpnlazhhkncgeowiss/Build/Intermediates.noindex/Pods.build/Debug-iphonesimulator/RNWorklets.build/RNWorklets-generated-files.hmap -I/Users/karelbraborec/Library/Developer/Xcode/DerivedData/revmeter-hbcnswmlqmbpnlazhhkncgeowiss/Build/Intermediates.noindex/Pods.build/Debug-iphonesimulator/RNWorklets.build/RNWorklets-own-target-headers.hmap -I/Users/karelbraborec/Library/Developer/Xcode/DerivedData/revmeter-hbcnswmlqmbpnlazhhkncgeowiss/Build/Intermediates.noindex/Pods.build/Debug-iphonesimulator/RNWorklets.build/RNWorklets-all-non-framework-target-headers.hmap -ivfsoverlay /Users/karelbraborec/Library/Developer/Xcode/DerivedData/revmeter-hbcnswmlqmbpnlazhhkncgeowiss/Build/Intermediates.noindex/Pods.build/Debug-iphonesimulator/Pods-8699adb1dd336b26511df848a716bd42-VFS-iphonesimulator/all-product-headers.yaml -iquote /Users/karelbraborec/Library/Developer/Xcode/DerivedData/revmeter-hbcnswmlqmbpnlazhhkncgeowiss/Build/Intermediates.noindex/Pods.build/Debug-iphonesimulator/RNWorklets.build/RNWorklets-project-headers.hmap -I/Users/karelbraborec/Library/Developer/Xcode/DerivedData/revmeter-hbcnswmlqmbpnlazhhkncgeowiss/Build/Products/Debug-iphonesimulator/RNWorklets/include -I/Users/karelbraborec/rev-meter/ios/Pods/Headers/Private -I/Users/karelbraborec/rev-meter/ios/Pods/Headers/Private/RNWorklets -I/Users/karelbraborec/rev-meter/ios/Pods/Headers/Public -I/Users/karelbraborec/rev-meter/ios/Pods/Headers/Public/FBLazyVector -I/Users/karelbraborec/rev-meter/ios/Pods/Headers/Public/RCTRequired -I/Users/karelbraborec/rev-meter/ios/Pods/Headers/Public/RCTSwiftUIWrapper -I/Users/karelbraborec/rev-meter/ios/Pods/Headers/Public/RCTTypeSafety -I/Users/karelbraborec/rev-meter/ios/Pods/Headers/Public/RNWorklets -I/Users/karelbraborec/rev-meter/ios/Pods/Headers/Public/React-Core -I/Users/karelbraborec/rev-meter/ios/Pods/Headers/Public/React-Core-prebuilt -I/Users/karelbraborec/rev-meter/ios/Pods/Headers/Public/React-CoreModules -I/Users/karelbraborec/rev-meter/ios/Pods/Headers/Public/React-Fabric -I/Users/karelbraborec/rev-meter/ios/Pods/Headers/Public/React-FabricComponents -I/Users/karelbraborec/rev-meter/ios/Pods/Headers/Public/React-FabricImage -I/Users/karelbraborec/rev-meter/ios/Pods/Headers/Public/React-ImageManager -I/Users/karelbraborec/rev-meter/ios/Pods/Headers/Public/React-Mapbuffer -I/Users/karelbraborec/rev-meter/ios/Pods/Headers/Public/React-NativeModulesApple -I/Users/karelbraborec/rev-meter/ios/Pods/Headers/Public/React-RCTAnimation -I/Users/karelbraborec/rev-meter/ios/Pods/Headers/Public/React-RCTBlob -I/Users/karelbraborec/rev-meter/ios/Pods/Headers/Public/React-RCTFBReactNativeSpec -I/Users/karelbraborec/rev-meter/ios/Pods/Headers/Public/React-RCTFabric -I/Users/karelbraborec/rev-meter/ios/Pods/Headers/Public/React-RCTImage -I/Users/karelbraborec/rev-meter/ios/Pods/Headers/Public/React-RCTRuntime -I/Users/karelbraborec/rev-meter/ios/Pods/Headers/Public/React-RCTText -I/Users/karelbraborec/rev-meter/ios/Pods/Headers/Public/React-RuntimeApple -I/Users/karelbraborec/rev-meter/ios/Pods/Headers/Public/React-RuntimeCore -I/Users/karelbraborec/rev-meter/ios/Pods/Headers/Public/React-RuntimeHermes -I/Users/karelbraborec/rev-meter/ios/Pods/Headers/Public/React-callinvoker -I/Users/karelbraborec/rev-meter/ios/Pods/Headers/Public/React-cxxreact -I/Users/karelbraborec/rev-meter/ios/Pods/Headers/Public/React-debug -I/Users/karelbraborec/rev-meter/ios/Pods/Headers/Public/React-defaultsnativemodule -I/Users/karelbraborec/rev-meter/ios/Pods/Headers/Public/React-domnativemodule -I/Users/karelbraborec/rev-meter/ios/Pods/Headers/Public/React-featureflags -I/Users/karelbraborec/rev-meter/ios/Pods/Headers/Public/React-featureflagsnativemodule -I/Users/karelbraborec/rev-meter/ios/Pods/Headers/Public/React-graphics -I/Users/karelbraborec/rev-meter/ios/Pods/Headers/Public/React-hermes -I/Users/karelbraborec/rev-meter/ios/Pods/Headers/Public/React-idlecallbacksnativemodule -I/Users/karelbraborec/rev-meter/ios/Pods/Headers/Public/React-intersectionobservernativemodule -I/Users/karelbraborec/rev-meter/ios/Pods/Headers/Public/React-jserrorhandler -I/Users/karelbraborec/rev-meter/ios/Pods/Headers/Public/React-jsi -I/Users/karelbraborec/rev-meter/ios/Pods/Headers/Public/React-jsiexecutor -I/Users/karelbraborec/rev-meter/ios/Pods/Headers/Public/React-jsinspector -I/Users/karelbraborec/rev-meter/ios/Pods/Headers/Public/React-jsinspectorcdp -I/Users/karelbraborec/rev-meter/ios/Pods/Headers/Public/React-jsinspectornetwork -I/Users/karelbraborec/rev-meter/ios/Pods/Headers/Public/React-jsinspectortracing -I/Users/karelbraborec/rev-meter/ios/Pods/Headers/Public/React-jsitooling -I/Users/karelbraborec/rev-meter/ios/Pods/Headers/Public/React-logger -I/Users/karelbraborec/rev-meter/ios/Pods/Headers/Public/React-microtasksnativemodule -I/Users/karelbraborec/rev-meter/ios/Pods/Headers/Public/React-mutationobservernativemodule -I/Users/karelbraborec/rev-meter/ios/Pods/Headers/Public/React-networking -I/Users/karelbraborec/rev-meter/ios/Pods/Headers/Public/React-oscompat -I/Users/karelbraborec/rev-meter/ios/Pods/Headers/Public/React-perflogger -I/Users/karelbraborec/rev-meter/ios/Pods/Headers/Public/React-performancecdpmetrics -I/Users/karelbraborec/rev-meter/ios/Pods/Headers/Public/React-performancetimeline -I/Users/karelbraborec/rev-meter/ios/Pods/Headers/Public/React-rendererconsistency -I/Users/karelbraborec/rev-meter/ios/Pods/Headers/Public/React-renderercss -I/Users/karelbraborec/rev-meter/ios/Pods/Headers/Public/React-rendererdebug -I/Users/karelbraborec/rev-meter/ios/Pods/Headers/Public/React-runtimeexecutor -I/Users/karelbraborec/rev-meter/ios/Pods/Headers/Public/React-runtimescheduler -I/Users/karelbraborec/rev-meter/ios/Pods/Headers/Public/React-timing -I/Users/karelbraborec/rev-meter/ios/Pods/Headers/Public/React-utils -I/Users/karelbraborec/rev-meter/ios/Pods/Headers/Public/React-viewtransitionnativemodule -I/Users/karelbraborec/rev-meter/ios/Pods/Headers/Public/React-webperformancenativemodule -I/Users/karelbraborec/rev-meter/ios/Pods/Headers/Public/ReactCodegen -I/Users/karelbraborec/rev-meter/ios/Pods/Headers/Public/ReactCommon -I/Users/karelbraborec/rev-meter/ios/Pods/Headers/Public/ReactNativeDependencies -I/Users/karelbraborec/rev-meter/ios/Pods/Headers/Public/Yoga -I/Users/karelbraborec/rev-meter/ios/Pods/Headers/Public/hermes-engine -I/Users/karelbraborec/rev-meter/ios/Pods/boost -I/Users/karelbraborec/rev-meter/ios/Pods/boost-for-react-native -I/Users/karelbraborec/rev-meter/ios/Pods/glog -I/Users/karelbraborec/rev-meter/ios/Pods/RCT-Folly -I/Users/karelbraborec/rev-meter/ios/Pods/Headers/Public/React-hermes -I/Users/karelbraborec/rev-meter/ios/Pods/Headers/Public/hermes-engine -I/Users/karelbraborec/rev-meter/node_modules/react-native/ReactCommon -I/Users/karelbraborec/rev-meter/node_modules/react-native/ReactCommon/jsitooling -I/Users/karelbraborec/rev-meter/node_modules/react-native-worklets/ReactCommon -I/Users/karelbraborec/rev-meter/node_modules/react-native-worklets -I/Users/karelbraborec/rev-meter/ios/Pods/RCT-Folly -I/Users/karelbraborec/rev-meter/ios/Pods/boost -I/Users/karelbraborec/rev-meter/ios/Pods/boost-for-react-native -I/Users/karelbraborec/rev-meter/ios/Pods/DoubleConversion -I/Users/karelbraborec/rev-meter/ios/Pods/Headers/Private/React-Core -I/Users/karelbraborec/rev-meter/ios/Pods/Headers/Private/Yoga -I/Users/karelbraborec/rev-meter/ios/Pods/ExpoModulesCore/ExpoModulesCore.xcframework/ios-arm64_x86_64-simulator/ExpoModulesCore.framework/Headers -I/Users/karelbraborec/rev-meter/ios/Pods/ExpoModulesCore/ExpoModulesCore.xcframework/ios-arm64/ExpoModulesCore.framework/Headers -I/Users/karelbraborec/rev-meter/ios/Pods/ExpoModulesCore/ExpoModulesCore.xcframework/ios-arm64_x86_64-simulator/ExpoModulesCore.framework/Headers -I/Users/karelbraborec/rev-meter/ios/Pods/ExpoModulesCore/ExpoModulesCore.xcframework/ios-arm64/ExpoModulesCore.framework/Headers -I/Users/karelbraborec/Library/Developer/Xcode/DerivedData/revmeter-hbcnswmlqmbpnlazhhkncgeowiss/Build/Intermediates.noindex/Pods.build/Debug-iphonesimulator/RNWorklets.build/DerivedSources-normal/arm64 -I/Users/karelbraborec/Library/Developer/Xcode/DerivedData/revmeter-hbcnswmlqmbpnlazhhkncgeowiss/Build/Intermediates.noindex/Pods.build/Debug-iphonesimulator/RNWorklets.build/DerivedSources/arm64 -I/Users/karelbraborec/Library/Developer/Xcode/DerivedData/revmeter-hbcnswmlqmbpnlazhhkncgeowiss/Build/Intermediates.noindex/Pods.build/Debug-iphonesimulator/RNWorklets.build/DerivedSources -F/Users/karelbraborec/Library/Developer/Xcode/DerivedData/revmeter-hbcnswmlqmbpnlazhhkncgeowiss/Build/Products/Debug-iphonesimulator/RNWorklets -F/Users/karelbraborec/rev-meter/ios/Pods/React-Core-prebuilt -F/Users/karelbraborec/rev-meter/ios/Pods/ReactNativeDependencies/framework/packages/react-native -F/Users/karelbraborec/rev-meter/ios/Pods/hermes-engine/destroot/Library/Frameworks/universal -F/Users/karelbraborec/Library/Developer/Xcode/DerivedData/revmeter-hbcnswmlqmbpnlazhhkncgeowiss/Build/Products/Debug-iphonesimulator/XCFrameworkIntermediates/React-Core-prebuilt -F/Users/karelbraborec/Library/Developer/Xcode/DerivedData/revmeter-hbcnswmlqmbpnlazhhkncgeowiss/Build/Products/Debug-iphonesimulator/XCFrameworkIntermediates/ReactNativeDependencies -F/Users/karelbraborec/Library/Developer/Xcode/DerivedData/revmeter-hbcnswmlqmbpnlazhhkncgeowiss/Build/Products/Debug-iphonesimulator/XCFrameworkIntermediates/hermes-engine/Pre-built -F/Users/karelbraborec/Library/Developer/Xcode/DerivedData/revmeter-hbcnswmlqmbpnlazhhkncgeowiss/Build/Products/Debug-iphonesimulator/React-hermes '-DRCT_REMOVE_LEGACY_ARCH=1' '-fmodule-map-file=/Users/karelbraborec/rev-meter/ios/Pods/Headers/Public/ReactCodegen/ReactCodegen.modulemap' '-DRCT_REMOVE_LEGACY_ARCH=1' '-DWORKLETS_FEATURE_FLAGS=[RUNTIME_TEST_FLAG:false][FETCH_PREVIEW_ENABLED:false][IOS_DYNAMIC_FRAMERATE_ENABLED:true][ENABLE_CROSS_RUNTIME_STACK_TRACES:true]' '-DWORKLETS_VERSION=0.10.1' -DHERMES_V1_ENABLED -ivfsoverlay /Users/karelbraborec/rev-meter/ios/Pods/React-Core-prebuilt/React-VFS.yaml '-DRCT_REMOVE_LEGACY_ARCH=1' -ivfsoverlay /Users/karelbraborec/rev-meter/ios/Pods/React-Core-prebuilt/React-VFS.yaml

WriteAuxiliaryFile /Users/karelbraborec/Library/Developer/Xcode/DerivedData/revmeter-hbcnswmlqmbpnlazhhkncgeowiss/Build/Intermediates.noindex/Pods.build/Debug-iphonesimulator/RNScreens.build/Script-46EB2E0001BFE0.sh (in target 'RNScreens' from project 'Pods')
    cd /Users/karelbraborec/rev-meter/ios/Pods
    write-file /Users/karelbraborec/Library/Developer/Xcode/DerivedData/revmeter-hbcnswmlqmbpnlazhhkncgeowiss/Build/Intermediates.noindex/Pods.build/Debug-iphonesimulator/RNScreens.build/Script-46EB2E0001BFE0.sh

WriteAuxiliaryFile /Users/karelbraborec/Library/Developer/Xcode/DerivedData/revmeter-hbcnswmlqmbpnlazhhkncgeowiss/Build/Intermediates.noindex/Pods.build/Debug-iphonesimulator/RNScreens.build/RNScreens.hmap (in target 'RNScreens' from project 'Pods')
    cd /Users/karelbraborec/rev-meter/ios/Pods
    write-file /Users/karelbraborec/Library/Developer/Xcode/DerivedData/revmeter-hbcnswmlqmbpnlazhhkncgeowiss/Build/Intermediates.noindex/Pods.build/Debug-iphonesimulator/RNScreens.build/RNScreens.hmap

WriteAuxiliaryFile /Users/karelbraborec/Library/Developer/Xcode/DerivedData/revmeter-hbcnswmlqmbpnlazhhkncgeowiss/Build/Intermediates.noindex/Pods.build/Debug-iphonesimulator/RNScreens.build/RNScreens.DependencyStaticMetadataFileList (in target 'RNScreens' from project 'Pods')
    cd /Users/karelbraborec/rev-meter/ios/Pods
    write-file /Users/karelbraborec/Library/Developer/Xcode/DerivedData/revmeter-hbcnswmlqmbpnlazhhkncgeowiss/Build/Intermediates.noindex/Pods.build/Debug-iphonesimulator/RNScreens.build/RNScreens.DependencyStaticMetadataFileList

WriteAuxiliaryFile /Users/karelbraborec/Library/Developer/Xcode/DerivedData/revmeter-hbcnswmlqmbpnlazhhkncgeowiss/Build/Intermediates.noindex/Pods.build/Debug-iphonesimulator/RNScreens.build/RNScreens.DependencyMetadataFileList (in target 'RNScreens' from project 'Pods')
    cd /Users/karelbraborec/rev-meter/ios/Pods
    write-file /Users/karelbraborec/Library/Developer/Xcode/DerivedData/revmeter-hbcnswmlqmbpnlazhhkncgeowiss/Build/Intermediates.noindex/Pods.build/Debug-iphonesimulator/RNScreens.build/RNScreens.DependencyMetadataFileList

WriteAuxiliaryFile /Users/karelbraborec/Library/Developer/Xcode/DerivedData/revmeter-hbcnswmlqmbpnlazhhkncgeowiss/Build/Intermediates.noindex/Pods.build/Debug-iphonesimulator/RNScreens.build/RNScreens-project-headers.hmap (in target 'RNScreens' from project 'Pods')
    cd /Users/karelbraborec/rev-meter/ios/Pods
    write-file /Users/karelbraborec/Library/Developer/Xcode/DerivedData/revmeter-hbcnswmlqmbpnlazhhkncgeowiss/Build/Intermediates.noindex/Pods.build/Debug-iphonesimulator/RNScreens.build/RNScreens-project-headers.hmap

WriteAuxiliaryFile /Users/karelbraborec/Library/Developer/Xcode/DerivedData/revmeter-hbcnswmlqmbpnlazhhkncgeowiss/Build/Intermediates.noindex/Pods.build/Debug-iphonesimulator/RNScreens.build/RNScreens-own-target-headers.hmap (in target 'RNScreens' from project 'Pods')
    cd /Users/karelbraborec/rev-meter/ios/Pods
    write-file /Users/karelbraborec/Library/Developer/Xcode/DerivedData/revmeter-hbcnswmlqmbpnlazhhkncgeowiss/Build/Intermediates.noindex/Pods.build/Debug-iphonesimulator/RNScreens.build/RNScreens-own-target-headers.hmap

WriteAuxiliaryFile /Users/karelbraborec/Library/Developer/Xcode/DerivedData/revmeter-hbcnswmlqmbpnlazhhkncgeowiss/Build/Intermediates.noindex/Pods.build/Debug-iphonesimulator/RNScreens.build/RNScreens-generated-files.hmap (in target 'RNScreens' from project 'Pods')
    cd /Users/karelbraborec/rev-meter/ios/Pods
    write-file /Users/karelbraborec/Library/Developer/Xcode/DerivedData/revmeter-hbcnswmlqmbpnlazhhkncgeowiss/Build/Intermediates.noindex/Pods.build/Debug-iphonesimulator/RNScreens.build/RNScreens-generated-files.hmap

WriteAuxiliaryFile /Users/karelbraborec/Library/Developer/Xcode/DerivedData/revmeter-hbcnswmlqmbpnlazhhkncgeowiss/Build/Intermediates.noindex/Pods.build/Debug-iphonesimulator/RNScreens.build/RNScreens-all-target-headers.hmap (in target 'RNScreens' from project 'Pods')
    cd /Users/karelbraborec/rev-meter/ios/Pods
    write-file /Users/karelbraborec/Library/Developer/Xcode/DerivedData/revmeter-hbcnswmlqmbpnlazhhkncgeowiss/Build/Intermediates.noindex/Pods.build/Debug-iphonesimulator/RNScreens.build/RNScreens-all-target-headers.hmap

WriteAuxiliaryFile /Users/karelbraborec/Library/Developer/Xcode/DerivedData/revmeter-hbcnswmlqmbpnlazhhkncgeowiss/Build/Intermediates.noindex/Pods.build/Debug-iphonesimulator/RNScreens.build/RNScreens-all-non-framework-target-headers.hmap (in target 'RNScreens' from project 'Pods')
    cd /Users/karelbraborec/rev-meter/ios/Pods
    write-file /Users/karelbraborec/Library/Developer/Xcode/DerivedData/revmeter-hbcnswmlqmbpnlazhhkncgeowiss/Build/Intermediates.noindex/Pods.build/Debug-iphonesimulator/RNScreens.build/RNScreens-all-non-framework-target-headers.hmap

WriteAuxiliaryFile /Users/karelbraborec/Library/Developer/Xcode/DerivedData/revmeter-hbcnswmlqmbpnlazhhkncgeowiss/Build/Intermediates.noindex/Pods.build/Debug-iphonesimulator/RNScreens.build/Objects-normal/x86_64/e6072d4f65d7061329687fe24e3d63a7-common-args.resp (in target 'RNScreens' from project 'Pods')
    cd /Users/karelbraborec/rev-meter/ios/Pods
    write-file /Users/karelbraborec/Library/Developer/Xcode/DerivedData/revmeter-hbcnswmlqmbpnlazhhkncgeowiss/Build/Intermediates.noindex/Pods.build/Debug-iphonesimulator/RNScreens.build/Objects-normal/x86_64/e6072d4f65d7061329687fe24e3d63a7-common-args.resp
'-std=gnu11' -fobjc-arc -fmodules '-fmodules-cache-path=/Users/karelbraborec/Library/Developer/Xcode/DerivedData/ModuleCache.noindex' '-fmodule-name=RNScreens' -fpascal-strings -O0 -fno-common '-DPOD_CONFIGURATION_DEBUG=1' '-DDEBUG=1' '-DCOCOAPODS=1' '-DOBJC_OLD_DISPATCH_PROTOTYPES=0' -fasm-blocks -g '-fobjc-abi-version=2' -fobjc-legacy-dispatch -iquote /Users/karelbraborec/Library/Developer/Xcode/DerivedData/revmeter-hbcnswmlqmbpnlazhhkncgeowiss/Build/Intermediates.noindex/Pods.build/Debug-iphonesimulator/RNScreens.build/RNScreens-generated-files.hmap -I/Users/karelbraborec/Library/Developer/Xcode/DerivedData/revmeter-hbcnswmlqmbpnlazhhkncgeowiss/Build/Intermediates.noindex/Pods.build/Debug-iphonesimulator/RNScreens.build/RNScreens-own-target-headers.hmap -I/Users/karelbraborec/Library/Developer/Xcode/DerivedData/revmeter-hbcnswmlqmbpnlazhhkncgeowiss/Build/Intermediates.noindex/Pods.build/Debug-iphonesimulator/RNScreens.build/RNScreens-all-non-framework-target-headers.hmap -ivfsoverlay /Users/karelbraborec/Library/Developer/Xcode/DerivedData/revmeter-hbcnswmlqmbpnlazhhkncgeowiss/Build/Intermediates.noindex/Pods.build/Debug-iphonesimulator/Pods-8699adb1dd336b26511df848a716bd42-VFS-iphonesimulator/all-product-headers.yaml -iquote /Users/karelbraborec/Library/Developer/Xcode/DerivedData/revmeter-hbcnswmlqmbpnlazhhkncgeowiss/Build/Intermediates.noindex/Pods.build/Debug-iphonesimulator/RNScreens.build/RNScreens-project-headers.hmap -I/Users/karelbraborec/Library/Developer/Xcode/DerivedData/revmeter-hbcnswmlqmbpnlazhhkncgeowiss/Build/Products/Debug-iphonesimulator/RNScreens/include -I/Users/karelbraborec/rev-meter/ios/Pods/Headers/Private -I/Users/karelbraborec/rev-meter/ios/Pods/Headers/Private/RNScreens -I/Users/karelbraborec/rev-meter/ios/Pods/Headers/Public -I/Users/karelbraborec/rev-meter/ios/Pods/Headers/Public/FBLazyVector -I/Users/karelbraborec/rev-meter/ios/Pods/Headers/Public/RCTRequired -I/Users/karelbraborec/rev-meter/ios/Pods/Headers/Public/RCTSwiftUIWrapper -I/Users/karelbraborec/rev-meter/ios/Pods/Headers/Public/RCTTypeSafety -I/Users/karelbraborec/rev-meter/ios/Pods/Headers/Public/RNScreens -I/Users/karelbraborec/rev-meter/ios/Pods/Headers/Public/React-Core -I/Users/karelbraborec/rev-meter/ios/Pods/Headers/Public/React-Core-prebuilt -I/Users/karelbraborec/rev-meter/ios/Pods/Headers/Public/React-CoreModules -I/Users/karelbraborec/rev-meter/ios/Pods/Headers/Public/React-Fabric -I/Users/karelbraborec/rev-meter/ios/Pods/Headers/Public/React-FabricComponents -I/Users/karelbraborec/rev-meter/ios/Pods/Headers/Public/React-FabricImage -I/Users/karelbraborec/rev-meter/ios/Pods/Headers/Public/React-ImageManager -I/Users/karelbraborec/rev-meter/ios/Pods/Headers/Public/React-Mapbuffer -I/Users/karelbraborec/rev-meter/ios/Pods/Headers/Public/React-NativeModulesApple -I/Users/karelbraborec/rev-meter/ios/Pods/Headers/Public/React-RCTAnimation -I/Users/karelbraborec/rev-meter/ios/Pods/Headers/Public/React-RCTBlob -I/Users/karelbraborec/rev-meter/ios/Pods/Headers/Public/React-RCTFBReactNativeSpec -I/Users/karelbraborec/rev-meter/ios/Pods/Headers/Public/React-RCTFabric -I/Users/karelbraborec/rev-meter/ios/Pods/Headers/Public/React-RCTImage -I/Users/karelbraborec/rev-meter/ios/Pods/Headers/Public/React-RCTRuntime -I/Users/karelbraborec/rev-meter/ios/Pods/Headers/Public/React-RCTText -I/Users/karelbraborec/rev-meter/ios/Pods/Headers/Public/React-RuntimeApple -I/Users/karelbraborec/rev-meter/ios/Pods/Headers/Public/React-RuntimeCore -I/Users/karelbraborec/rev-meter/ios/Pods/Headers/Public/React-RuntimeHermes -I/Users/karelbraborec/rev-meter/ios/Pods/Headers/Public/React-callinvoker -I/Users/karelbraborec/rev-meter/ios/Pods/Headers/Public/React-cxxreact -I/Users/karelbraborec/rev-meter/ios/Pods/Headers/Public/React-debug -I/Users/karelbraborec/rev-meter/ios/Pods/Headers/Public/React-defaultsnativemodule -I/Users/karelbraborec/rev-meter/ios/Pods/Headers/Public/React-domnativemodule -I/Users/karelbraborec/rev-meter/ios/Pods/Headers/Public/React-featureflags -I/Users/karelbraborec/rev-meter/ios/Pods/Headers/Public/React-featureflagsnativemodule -I/Users/karelbraborec/rev-meter/ios/Pods/Headers/Public/React-graphics -I/Users/karelbraborec/rev-meter/ios/Pods/Headers/Public/React-hermes -I/Users/karelbraborec/rev-meter/ios/Pods/Headers/Public/React-idlecallbacksnativemodule -I/Users/karelbraborec/rev-meter/ios/Pods/Headers/Public/React-intersectionobservernativemodule -I/Users/karelbraborec/rev-meter/ios/Pods/Headers/Public/React-jserrorhandler -I/Users/karelbraborec/rev-meter/ios/Pods/Headers/Public/React-jsi -I/Users/karelbraborec/rev-meter/ios/Pods/Headers/Public/React-jsiexecutor -I/Users/karelbraborec/rev-meter/ios/Pods/Headers/Public/React-jsinspector -I/Users/karelbraborec/rev-meter/ios/Pods/Headers/Public/React-jsinspectorcdp -I/Users/karelbraborec/rev-meter/ios/Pods/Headers/Public/React-jsinspectornetwork -I/Users/karelbraborec/rev-meter/ios/Pods/Headers/Public/React-jsinspectortracing -I/Users/karelbraborec/rev-meter/ios/Pods/Headers/Public/React-jsitooling -I/Users/karelbraborec/rev-meter/ios/Pods/Headers/Public/React-logger -I/Users/karelbraborec/rev-meter/ios/Pods/Headers/Public/React-microtasksnativemodule -I/Users/karelbraborec/rev-meter/ios/Pods/Headers/Public/React-mutationobservernativemodule -I/Users/karelbraborec/rev-meter/ios/Pods/Headers/Public/React-networking -I/Users/karelbraborec/rev-meter/ios/Pods/Headers/Public/React-oscompat -I/Users/karelbraborec/rev-meter/ios/Pods/Headers/Public/React-perflogger -I/Users/karelbraborec/rev-meter/ios/Pods/Headers/Public/React-performancecdpmetrics -I/Users/karelbraborec/rev-meter/ios/Pods/Headers/Public/React-performancetimeline -I/Users/karelbraborec/rev-meter/ios/Pods/Headers/Public/React-rendererconsistency -I/Users/karelbraborec/rev-meter/ios/Pods/Headers/Public/React-renderercss -I/Users/karelbraborec/rev-meter/ios/Pods/Headers/Public/React-rendererdebug -I/Users/karelbraborec/rev-meter/ios/Pods/Headers/Public/React-runtimeexecutor -I/Users/karelbraborec/rev-meter/ios/Pods/Headers/Public/React-runtimescheduler -I/Users/karelbraborec/rev-meter/ios/Pods/Headers/Public/React-timing -I/Users/karelbraborec/rev-meter/ios/Pods/Headers/Public/React-utils -I/Users/karelbraborec/rev-meter/ios/Pods/Headers/Public/React-viewtransitionnativemodule -I/Users/karelbraborec/rev-meter/ios/Pods/Headers/Public/React-webperformancenativemodule -I/Users/karelbraborec/rev-meter/ios/Pods/Headers/Public/ReactCodegen -I/Users/karelbraborec/rev-meter/ios/Pods/Headers/Public/ReactCommon -I/Users/karelbraborec/rev-meter/ios/Pods/Headers/Public/ReactNativeDependencies -I/Users/karelbraborec/rev-meter/ios/Pods/Headers/Public/Yoga -I/Users/karelbraborec/rev-meter/ios/Pods/Headers/Public/hermes-engine -I/Users/karelbraborec/rev-meter/ios/Pods/Headers/Private/Yoga -I/Users/karelbraborec/rev-meter/ios/Pods/Headers/Private/Yoga -I/Users/karelbraborec/rev-meter/node_modules/react-native-screens/common/cpp -I/Users/karelbraborec/rev-meter/ios/Pods/ExpoModulesCore/ExpoModulesCore.xcframework/ios-arm64_x86_64-simulator/ExpoModulesCore.framework/Headers -I/Users/karelbraborec/rev-meter/ios/Pods/ExpoModulesCore/ExpoModulesCore.xcframework/ios-arm64/ExpoModulesCore.framework/Headers -I/Users/karelbraborec/rev-meter/ios/Pods/ExpoModulesCore/ExpoModulesCore.xcframework/ios-arm64_x86_64-simulator/ExpoModulesCore.framework/Headers -I/Users/karelbraborec/rev-meter/ios/Pods/ExpoModulesCore/ExpoModulesCore.xcframework/ios-arm64/ExpoModulesCore.framework/Headers -I/Users/karelbraborec/Library/Developer/Xcode/DerivedData/revmeter-hbcnswmlqmbpnlazhhkncgeowiss/Build/Intermediates.noindex/Pods.build/Debug-iphonesimulator/RNScreens.build/DerivedSources-normal/x86_64 -I/Users/karelbraborec/Library/Developer/Xcode/DerivedData/revmeter-hbcnswmlqmbpnlazhhkncgeowiss/Build/Intermediates.noindex/Pods.build/Debug-iphonesimulator/RNScreens.build/DerivedSources/x86_64 -I/Users/karelbraborec/Library/Developer/Xcode/DerivedData/revmeter-hbcnswmlqmbpnlazhhkncgeowiss/Build/Intermediates.noindex/Pods.build/Debug-iphonesimulator/RNScreens.build/DerivedSources -F/Users/karelbraborec/Library/Developer/Xcode/DerivedData/revmeter-hbcnswmlqmbpnlazhhkncgeowiss/Build/Products/Debug-iphonesimulator/RNScreens -F/Users/karelbraborec/rev-meter/ios/Pods/React-Core-prebuilt -F/Users/karelbraborec/rev-meter/ios/Pods/ReactNativeDependencies/framework/packages/react-native -F/Users/karelbraborec/rev-meter/ios/Pods/hermes-engine/destroot/Library/Frameworks/universal -F/Users/karelbraborec/Library/Developer/Xcode/DerivedData/revmeter-hbcnswmlqmbpnlazhhkncgeowiss/Build/Products/Debug-iphonesimulator/XCFrameworkIntermediates/React-Core-prebuilt -F/Users/karelbraborec/Library/Developer/Xcode/DerivedData/revmeter-hbcnswmlqmbpnlazhhkncgeowiss/Build/Products/Debug-iphonesimulator/XCFrameworkIntermediates/ReactNativeDependencies -F/Users/karelbraborec/Library/Developer/Xcode/DerivedData/revmeter-hbcnswmlqmbpnlazhhkncgeowiss/Build/Products/Debug-iphonesimulator/XCFrameworkIntermediates/hermes-engine/Pre-built '-DRCT_REMOVE_LEGACY_ARCH=1' '-fmodule-map-file=/Users/karelbraborec/rev-meter/ios/Pods/Headers/Public/ReactCodegen/ReactCodegen.modulemap' '-DRCT_REMOVE_LEGACY_ARCH=1' -ivfsoverlay /Users/karelbraborec/rev-meter/ios/Pods/React-Core-prebuilt/React-VFS.yaml

WriteAuxiliaryFile /Users/karelbraborec/Library/Developer/Xcode/DerivedData/revmeter-hbcnswmlqmbpnlazhhkncgeowiss/Build/Intermediates.noindex/Pods.build/Debug-iphonesimulator/RNScreens.build/Objects-normal/x86_64/af3fcb34312c57c0f52879cdce924b91-common-args.resp (in target 'RNScreens' from project 'Pods')
    cd /Users/karelbraborec/rev-meter/ios/Pods
    write-file /Users/karelbraborec/Library/Developer/Xcode/DerivedData/revmeter-hbcnswmlqmbpnlazhhkncgeowiss/Build/Intermediates.noindex/Pods.build/Debug-iphonesimulator/RNScreens.build/Objects-normal/x86_64/af3fcb34312c57c0f52879cdce924b91-common-args.resp
'-std=c++20' '-stdlib=libc++' -fobjc-arc -fmodules -fno-cxx-modules '-fmodules-cache-path=/Users/karelbraborec/Library/Developer/Xcode/DerivedData/ModuleCache.noindex' '-fmodule-name=RNScreens' '-D_LIBCPP_HARDENING_MODE=_LIBCPP_HARDENING_MODE_DEBUG' -fpascal-strings -O0 -fno-common '-DPOD_CONFIGURATION_DEBUG=1' '-DDEBUG=1' '-DCOCOAPODS=1' '-DOBJC_OLD_DISPATCH_PROTOTYPES=0' -fasm-blocks -g '-fobjc-abi-version=2' -fobjc-legacy-dispatch -iquote /Users/karelbraborec/Library/Developer/Xcode/DerivedData/revmeter-hbcnswmlqmbpnlazhhkncgeowiss/Build/Intermediates.noindex/Pods.build/Debug-iphonesimulator/RNScreens.build/RNScreens-generated-files.hmap -I/Users/karelbraborec/Library/Developer/Xcode/DerivedData/revmeter-hbcnswmlqmbpnlazhhkncgeowiss/Build/Intermediates.noindex/Pods.build/Debug-iphonesimulator/RNScreens.build/RNScreens-own-target-headers.hmap -I/Users/karelbraborec/Library/Developer/Xcode/DerivedData/revmeter-hbcnswmlqmbpnlazhhkncgeowiss/Build/Intermediates.noindex/Pods.build/Debug-iphonesimulator/RNScreens.build/RNScreens-all-non-framework-target-headers.hmap -ivfsoverlay /Users/karelbraborec/Library/Developer/Xcode/DerivedData/revmeter-hbcnswmlqmbpnlazhhkncgeowiss/Build/Intermediates.noindex/Pods.build/Debug-iphonesimulator/Pods-8699adb1dd336b26511df848a716bd42-VFS-iphonesimulator/all-product-headers.yaml -iquote /Users/karelbraborec/Library/Developer/Xcode/DerivedData/revmeter-hbcnswmlqmbpnlazhhkncgeowiss/Build/Intermediates.noindex/Pods.build/Debug-iphonesimulator/RNScreens.build/RNScreens-project-headers.hmap -I/Users/karelbraborec/Library/Developer/Xcode/DerivedData/revmeter-hbcnswmlqmbpnlazhhkncgeowiss/Build/Products/Debug-iphonesimulator/RNScreens/include -I/Users/karelbraborec/rev-meter/ios/Pods/Headers/Private -I/Users/karelbraborec/rev-meter/ios/Pods/Headers/Private/RNScreens -I/Users/karelbraborec/rev-meter/ios/Pods/Headers/Public -I/Users/karelbraborec/rev-meter/ios/Pods/Headers/Public/FBLazyVector -I/Users/karelbraborec/rev-meter/ios/Pods/Headers/Public/RCTRequired -I/Users/karelbraborec/rev-meter/ios/Pods/Headers/Public/RCTSwiftUIWrapper -I/Users/karelbraborec/rev-meter/ios/Pods/Headers/Public/RCTTypeSafety -I/Users/karelbraborec/rev-meter/ios/Pods/Headers/Public/RNScreens -I/Users/karelbraborec/rev-meter/ios/Pods/Headers/Public/React-Core -I/Users/karelbraborec/rev-meter/ios/Pods/Headers/Public/React-Core-prebuilt -I/Users/karelbraborec/rev-meter/ios/Pods/Headers/Public/React-CoreModules -I/Users/karelbraborec/rev-meter/ios/Pods/Headers/Public/React-Fabric -I/Users/karelbraborec/rev-meter/ios/Pods/Headers/Public/React-FabricComponents -I/Users/karelbraborec/rev-meter/ios/Pods/Headers/Public/React-FabricImage -I/Users/karelbraborec/rev-meter/ios/Pods/Headers/Public/React-ImageManager -I/Users/karelbraborec/rev-meter/ios/Pods/Headers/Public/React-Mapbuffer -I/Users/karelbraborec/rev-meter/ios/Pods/Headers/Public/React-NativeModulesApple -I/Users/karelbraborec/rev-meter/ios/Pods/Headers/Public/React-RCTAnimation -I/Users/karelbraborec/rev-meter/ios/Pods/Headers/Public/React-RCTBlob -I/Users/karelbraborec/rev-meter/ios/Pods/Headers/Public/React-RCTFBReactNativeSpec -I/Users/karelbraborec/rev-meter/ios/Pods/Headers/Public/React-RCTFabric -I/Users/karelbraborec/rev-meter/ios/Pods/Headers/Public/React-RCTImage -I/Users/karelbraborec/rev-meter/ios/Pods/Headers/Public/React-RCTRuntime -I/Users/karelbraborec/rev-meter/ios/Pods/Headers/Public/React-RCTText -I/Users/karelbraborec/rev-meter/ios/Pods/Headers/Public/React-RuntimeApple -I/Users/karelbraborec/rev-meter/ios/Pods/Headers/Public/React-RuntimeCore -I/Users/karelbraborec/rev-meter/ios/Pods/Headers/Public/React-RuntimeHermes -I/Users/karelbraborec/rev-meter/ios/Pods/Headers/Public/React-callinvoker -I/Users/karelbraborec/rev-meter/ios/Pods/Headers/Public/React-cxxreact -I/Users/karelbraborec/rev-meter/ios/Pods/Headers/Public/React-debug -I/Users/karelbraborec/rev-meter/ios/Pods/Headers/Public/React-defaultsnativemodule -I/Users/karelbraborec/rev-meter/ios/Pods/Headers/Public/React-domnativemodule -I/Users/karelbraborec/rev-meter/ios/Pods/Headers/Public/React-featureflags -I/Users/karelbraborec/rev-meter/ios/Pods/Headers/Public/React-featureflagsnativemodule -I/Users/karelbraborec/rev-meter/ios/Pods/Headers/Public/React-graphics -I/Users/karelbraborec/rev-meter/ios/Pods/Headers/Public/React-hermes -I/Users/karelbraborec/rev-meter/ios/Pods/Headers/Public/React-idlecallbacksnativemodule -I/Users/karelbraborec/rev-meter/ios/Pods/Headers/Public/React-intersectionobservernativemodule -I/Users/karelbraborec/rev-meter/ios/Pods/Headers/Public/React-jserrorhandler -I/Users/karelbraborec/rev-meter/ios/Pods/Headers/Public/React-jsi -I/Users/karelbraborec/rev-meter/ios/Pods/Headers/Public/React-jsiexecutor -I/Users/karelbraborec/rev-meter/ios/Pods/Headers/Public/React-jsinspector -I/Users/karelbraborec/rev-meter/ios/Pods/Headers/Public/React-jsinspectorcdp -I/Users/karelbraborec/rev-meter/ios/Pods/Headers/Public/React-jsinspectornetwork -I/Users/karelbraborec/rev-meter/ios/Pods/Headers/Public/React-jsinspectortracing -I/Users/karelbraborec/rev-meter/ios/Pods/Headers/Public/React-jsitooling -I/Users/karelbraborec/rev-meter/ios/Pods/Headers/Public/React-logger -I/Users/karelbraborec/rev-meter/ios/Pods/Headers/Public/React-microtasksnativemodule -I/Users/karelbraborec/rev-meter/ios/Pods/Headers/Public/React-mutationobservernativemodule -I/Users/karelbraborec/rev-meter/ios/Pods/Headers/Public/React-networking -I/Users/karelbraborec/rev-meter/ios/Pods/Headers/Public/React-oscompat -I/Users/karelbraborec/rev-meter/ios/Pods/Headers/Public/React-perflogger -I/Users/karelbraborec/rev-meter/ios/Pods/Headers/Public/React-performancecdpmetrics -I/Users/karelbraborec/rev-meter/ios/Pods/Headers/Public/React-performancetimeline -I/Users/karelbraborec/rev-meter/ios/Pods/Headers/Public/React-rendererconsistency -I/Users/karelbraborec/rev-meter/ios/Pods/Headers/Public/React-renderercss -I/Users/karelbraborec/rev-meter/ios/Pods/Headers/Public/React-rendererdebug -I/Users/karelbraborec/rev-meter/ios/Pods/Headers/Public/React-runtimeexecutor -I/Users/karelbraborec/rev-meter/ios/Pods/Headers/Public/React-runtimescheduler -I/Users/karelbraborec/rev-meter/ios/Pods/Headers/Public/React-timing -I/Users/karelbraborec/rev-meter/ios/Pods/Headers/Public/React-utils -I/Users/karelbraborec/rev-meter/ios/Pods/Headers/Public/React-viewtransitionnativemodule -I/Users/karelbraborec/rev-meter/ios/Pods/Headers/Public/React-webperformancenativemodule -I/Users/karelbraborec/rev-meter/ios/Pods/Headers/Public/ReactCodegen -I/Users/karelbraborec/rev-meter/ios/Pods/Headers/Public/ReactCommon -I/Users/karelbraborec/rev-meter/ios/Pods/Headers/Public/ReactNativeDependencies -I/Users/karelbraborec/rev-meter/ios/Pods/Headers/Public/Yoga -I/Users/karelbraborec/rev-meter/ios/Pods/Headers/Public/hermes-engine -I/Users/karelbraborec/rev-meter/ios/Pods/Headers/Private/Yoga -I/Users/karelbraborec/rev-meter/ios/Pods/Headers/Private/Yoga -I/Users/karelbraborec/rev-meter/node_modules/react-native-screens/common/cpp -I/Users/karelbraborec/rev-meter/ios/Pods/ExpoModulesCore/ExpoModulesCore.xcframework/ios-arm64_x86_64-simulator/ExpoModulesCore.framework/Headers -I/Users/karelbraborec/rev-meter/ios/Pods/ExpoModulesCore/ExpoModulesCore.xcframework/ios-arm64/ExpoModulesCore.framework/Headers -I/Users/karelbraborec/rev-meter/ios/Pods/ExpoModulesCore/ExpoModulesCore.xcframework/ios-arm64_x86_64-simulator/ExpoModulesCore.framework/Headers -I/Users/karelbraborec/rev-meter/ios/Pods/ExpoModulesCore/ExpoModulesCore.xcframework/ios-arm64/ExpoModulesCore.framework/Headers -I/Users/karelbraborec/Library/Developer/Xcode/DerivedData/revmeter-hbcnswmlqmbpnlazhhkncgeowiss/Build/Intermediates.noindex/Pods.build/Debug-iphonesimulator/RNScreens.build/DerivedSources-normal/x86_64 -I/Users/karelbraborec/Library/Developer/Xcode/DerivedData/revmeter-hbcnswmlqmbpnlazhhkncgeowiss/Build/Intermediates.noindex/Pods.build/Debug-iphonesimulator/RNScreens.build/DerivedSources/x86_64 -I/Users/karelbraborec/Library/Developer/Xcode/DerivedData/revmeter-hbcnswmlqmbpnlazhhkncgeowiss/Build/Intermediates.noindex/Pods.build/Debug-iphonesimulator/RNScreens.build/DerivedSources -F/Users/karelbraborec/Library/Developer/Xcode/DerivedData/revmeter-hbcnswmlqmbpnlazhhkncgeowiss/Build/Products/Debug-iphonesimulator/RNScreens -F/Users/karelbraborec/rev-meter/ios/Pods/React-Core-prebuilt -F/Users/karelbraborec/rev-meter/ios/Pods/ReactNativeDependencies/framework/packages/react-native -F/Users/karelbraborec/rev-meter/ios/Pods/hermes-engine/destroot/Library/Frameworks/universal -F/Users/karelbraborec/Library/Developer/Xcode/DerivedData/revmeter-hbcnswmlqmbpnlazhhkncgeowiss/Build/Products/Debug-iphonesimulator/XCFrameworkIntermediates/React-Core-prebuilt -F/Users/karelbraborec/Library/Developer/Xcode/DerivedData/revmeter-hbcnswmlqmbpnlazhhkncgeowiss/Build/Products/Debug-iphonesimulator/XCFrameworkIntermediates/ReactNativeDependencies -F/Users/karelbraborec/Library/Developer/Xcode/DerivedData/revmeter-hbcnswmlqmbpnlazhhkncgeowiss/Build/Products/Debug-iphonesimulator/XCFrameworkIntermediates/hermes-engine/Pre-built '-DRCT_REMOVE_LEGACY_ARCH=1' '-fmodule-map-file=/Users/karelbraborec/rev-meter/ios/Pods/Headers/Public/ReactCodegen/ReactCodegen.modulemap' '-DRCT_REMOVE_LEGACY_ARCH=1' -ivfsoverlay /Users/karelbraborec/rev-meter/ios/Pods/React-Core-prebuilt/React-VFS.yaml '-DRCT_REMOVE_LEGACY_ARCH=1' '-DRNS_GAMMA_ENABLED=1' '-DRCT_NEW_ARCH_ENABLED=1' -ivfsoverlay /Users/karelbraborec/rev-meter/ios/Pods/React-Core-prebuilt/React-VFS.yaml

WriteAuxiliaryFile /Users/karelbraborec/Library/Developer/Xcode/DerivedData/revmeter-hbcnswmlqmbpnlazhhkncgeowiss/Build/Intermediates.noindex/Pods.build/Debug-iphonesimulator/RNScreens.build/Objects-normal/x86_64/RNScreens_const_extract_protocols.json (in target 'RNScreens' from project 'Pods')
    cd /Users/karelbraborec/rev-meter/ios/Pods
    write-file /Users/karelbraborec/Library/Developer/Xcode/DerivedData/revmeter-hbcnswmlqmbpnlazhhkncgeowiss/Build/Intermediates.noindex/Pods.build/Debug-iphonesimulator/RNScreens.build/Objects-normal/x86_64/RNScreens_const_extract_protocols.json

WriteAuxiliaryFile /Users/karelbraborec/Library/Developer/Xcode/DerivedData/revmeter-hbcnswmlqmbpnlazhhkncgeowiss/Build/Intermediates.noindex/Pods.build/Debug-iphonesimulator/RNScreens.build/Objects-normal/x86_64/RNScreens.SwiftFileList (in target 'RNScreens' from project 'Pods')
    cd /Users/karelbraborec/rev-meter/ios/Pods
    write-file /Users/karelbraborec/Library/Developer/Xcode/DerivedData/revmeter-hbcnswmlqmbpnlazhhkncgeowiss/Build/Intermediates.noindex/Pods.build/Debug-iphonesimulator/RNScreens.build/Objects-normal/x86_64/RNScreens.SwiftFileList

WriteAuxiliaryFile /Users/karelbraborec/Library/Developer/Xcode/DerivedData/revmeter-hbcnswmlqmbpnlazhhkncgeowiss/Build/Intermediates.noindex/Pods.build/Debug-iphonesimulator/RNScreens.build/Objects-normal/x86_64/RNScreens.SwiftConstValuesFileList (in target 'RNScreens' from project 'Pods')
    cd /Users/karelbraborec/rev-meter/ios/Pods
    write-file /Users/karelbraborec/Library/Developer/Xcode/DerivedData/revmeter-hbcnswmlqmbpnlazhhkncgeowiss/Build/Intermediates.noindex/Pods.build/Debug-iphonesimulator/RNScreens.build/Objects-normal/x86_64/RNScreens.SwiftConstValuesFileList

WriteAuxiliaryFile /Users/karelbraborec/Library/Developer/Xcode/DerivedData/revmeter-hbcnswmlqmbpnlazhhkncgeowiss/Build/Intermediates.noindex/Pods.build/Debug-iphonesimulator/RNScreens.build/Objects-normal/x86_64/RNScreens.LinkFileList (in target 'RNScreens' from project 'Pods')
    cd /Users/karelbraborec/rev-meter/ios/Pods
    write-file /Users/karelbraborec/Library/Developer/Xcode/DerivedData/revmeter-hbcnswmlqmbpnlazhhkncgeowiss/Build/Intermediates.noindex/Pods.build/Debug-iphonesimulator/RNScreens.build/Objects-normal/x86_64/RNScreens.LinkFileList

WriteAuxiliaryFile /Users/karelbraborec/Library/Developer/Xcode/DerivedData/revmeter-hbcnswmlqmbpnlazhhkncgeowiss/Build/Intermediates.noindex/Pods.build/Debug-iphonesimulator/RNScreens.build/Objects-normal/x86_64/RNScreens-OutputFileMap.json (in target 'RNScreens' from project 'Pods')
    cd /Users/karelbraborec/rev-meter/ios/Pods
    write-file /Users/karelbraborec/Library/Developer/Xcode/DerivedData/revmeter-hbcnswmlqmbpnlazhhkncgeowiss/Build/Intermediates.noindex/Pods.build/Debug-iphonesimulator/RNScreens.build/Objects-normal/x86_64/RNScreens-OutputFileMap.json

WriteAuxiliaryFile /Users/karelbraborec/Library/Developer/Xcode/DerivedData/revmeter-hbcnswmlqmbpnlazhhkncgeowiss/Build/Intermediates.noindex/Pods.build/Debug-iphonesimulator/RNScreens.build/Objects-normal/x86_64/82b82416624d2658e5098eb0a28c15c5-common-args.resp (in target 'RNScreens' from project 'Pods')
    cd /Users/karelbraborec/rev-meter/ios/Pods
    write-file /Users/karelbraborec/Library/Developer/Xcode/DerivedData/revmeter-hbcnswmlqmbpnlazhhkncgeowiss/Build/Intermediates.noindex/Pods.build/Debug-iphonesimulator/RNScreens.build/Objects-normal/x86_64/82b82416624d2658e5098eb0a28c15c5-common-args.resp
'-std=c++20' '-stdlib=libc++' -fmodules -fno-cxx-modules '-fmodules-cache-path=/Users/karelbraborec/Library/Developer/Xcode/DerivedData/ModuleCache.noindex' '-fmodule-name=RNScreens' '-D_LIBCPP_HARDENING_MODE=_LIBCPP_HARDENING_MODE_DEBUG' -fpascal-strings -O0 -fno-common '-DPOD_CONFIGURATION_DEBUG=1' '-DDEBUG=1' '-DCOCOAPODS=1' -fasm-blocks -g -iquote /Users/karelbraborec/Library/Developer/Xcode/DerivedData/revmeter-hbcnswmlqmbpnlazhhkncgeowiss/Build/Intermediates.noindex/Pods.build/Debug-iphonesimulator/RNScreens.build/RNScreens-generated-files.hmap -I/Users/karelbraborec/Library/Developer/Xcode/DerivedData/revmeter-hbcnswmlqmbpnlazhhkncgeowiss/Build/Intermediates.noindex/Pods.build/Debug-iphonesimulator/RNScreens.build/RNScreens-own-target-headers.hmap -I/Users/karelbraborec/Library/Developer/Xcode/DerivedData/revmeter-hbcnswmlqmbpnlazhhkncgeowiss/Build/Intermediates.noindex/Pods.build/Debug-iphonesimulator/RNScreens.build/RNScreens-all-non-framework-target-headers.hmap -ivfsoverlay /Users/karelbraborec/Library/Developer/Xcode/DerivedData/revmeter-hbcnswmlqmbpnlazhhkncgeowiss/Build/Intermediates.noindex/Pods.build/Debug-iphonesimulator/Pods-8699adb1dd336b26511df848a716bd42-VFS-iphonesimulator/all-product-headers.yaml -iquote /Users/karelbraborec/Library/Developer/Xcode/DerivedData/revmeter-hbcnswmlqmbpnlazhhkncgeowiss/Build/Intermediates.noindex/Pods.build/Debug-iphonesimulator/RNScreens.build/RNScreens-project-headers.hmap -I/Users/karelbraborec/Library/Developer/Xcode/DerivedData/revmeter-hbcnswmlqmbpnlazhhkncgeowiss/Build/Products/Debug-iphonesimulator/RNScreens/include -I/Users/karelbraborec/rev-meter/ios/Pods/Headers/Private -I/Users/karelbraborec/rev-meter/ios/Pods/Headers/Private/RNScreens -I/Users/karelbraborec/rev-meter/ios/Pods/Headers/Public -I/Users/karelbraborec/rev-meter/ios/Pods/Headers/Public/FBLazyVector -I/Users/karelbraborec/rev-meter/ios/Pods/Headers/Public/RCTRequired -I/Users/karelbraborec/rev-meter/ios/Pods/Headers/Public/RCTSwiftUIWrapper -I/Users/karelbraborec/rev-meter/ios/Pods/Headers/Public/RCTTypeSafety -I/Users/karelbraborec/rev-meter/ios/Pods/Headers/Public/RNScreens -I/Users/karelbraborec/rev-meter/ios/Pods/Headers/Public/React-Core -I/Users/karelbraborec/rev-meter/ios/Pods/Headers/Public/React-Core-prebuilt -I/Users/karelbraborec/rev-meter/ios/Pods/Headers/Public/React-CoreModules -I/Users/karelbraborec/rev-meter/ios/Pods/Headers/Public/React-Fabric -I/Users/karelbraborec/rev-meter/ios/Pods/Headers/Public/React-FabricComponents -I/Users/karelbraborec/rev-meter/ios/Pods/Headers/Public/React-FabricImage -I/Users/karelbraborec/rev-meter/ios/Pods/Headers/Public/React-ImageManager -I/Users/karelbraborec/rev-meter/ios/Pods/Headers/Public/React-Mapbuffer -I/Users/karelbraborec/rev-meter/ios/Pods/Headers/Public/React-NativeModulesApple -I/Users/karelbraborec/rev-meter/ios/Pods/Headers/Public/React-RCTAnimation -I/Users/karelbraborec/rev-meter/ios/Pods/Headers/Public/React-RCTBlob -I/Users/karelbraborec/rev-meter/ios/Pods/Headers/Public/React-RCTFBReactNativeSpec -I/Users/karelbraborec/rev-meter/ios/Pods/Headers/Public/React-RCTFabric -I/Users/karelbraborec/rev-meter/ios/Pods/Headers/Public/React-RCTImage -I/Users/karelbraborec/rev-meter/ios/Pods/Headers/Public/React-RCTRuntime -I/Users/karelbraborec/rev-meter/ios/Pods/Headers/Public/React-RCTText -I/Users/karelbraborec/rev-meter/ios/Pods/Headers/Public/React-RuntimeApple -I/Users/karelbraborec/rev-meter/ios/Pods/Headers/Public/React-RuntimeCore -I/Users/karelbraborec/rev-meter/ios/Pods/Headers/Public/React-RuntimeHermes -I/Users/karelbraborec/rev-meter/ios/Pods/Headers/Public/React-callinvoker -I/Users/karelbraborec/rev-meter/ios/Pods/Headers/Public/React-cxxreact -I/Users/karelbraborec/rev-meter/ios/Pods/Headers/Public/React-debug -I/Users/karelbraborec/rev-meter/ios/Pods/Headers/Public/React-defaultsnativemodule -I/Users/karelbraborec/rev-meter/ios/Pods/Headers/Public/React-domnativemodule -I/Users/karelbraborec/rev-meter/ios/Pods/Headers/Public/React-featureflags -I/Users/karelbraborec/rev-meter/ios/Pods/Headers/Public/React-featureflagsnativemodule -I/Users/karelbraborec/rev-meter/ios/Pods/Headers/Public/React-graphics -I/Users/karelbraborec/rev-meter/ios/Pods/Headers/Public/React-hermes -I/Users/karelbraborec/rev-meter/ios/Pods/Headers/Public/React-idlecallbacksnativemodule -I/Users/karelbraborec/rev-meter/ios/Pods/Headers/Public/React-intersectionobservernativemodule -I/Users/karelbraborec/rev-meter/ios/Pods/Headers/Public/React-jserrorhandler -I/Users/karelbraborec/rev-meter/ios/Pods/Headers/Public/React-jsi -I/Users/karelbraborec/rev-meter/ios/Pods/Headers/Public/React-jsiexecutor -I/Users/karelbraborec/rev-meter/ios/Pods/Headers/Public/React-jsinspector -I/Users/karelbraborec/rev-meter/ios/Pods/Headers/Public/React-jsinspectorcdp -I/Users/karelbraborec/rev-meter/ios/Pods/Headers/Public/React-jsinspectornetwork -I/Users/karelbraborec/rev-meter/ios/Pods/Headers/Public/React-jsinspectortracing -I/Users/karelbraborec/rev-meter/ios/Pods/Headers/Public/React-jsitooling -I/Users/karelbraborec/rev-meter/ios/Pods/Headers/Public/React-logger -I/Users/karelbraborec/rev-meter/ios/Pods/Headers/Public/React-microtasksnativemodule -I/Users/karelbraborec/rev-meter/ios/Pods/Headers/Public/React-mutationobservernativemodule -I/Users/karelbraborec/rev-meter/ios/Pods/Headers/Public/React-networking -I/Users/karelbraborec/rev-meter/ios/Pods/Headers/Public/React-oscompat -I/Users/karelbraborec/rev-meter/ios/Pods/Headers/Public/React-perflogger -I/Users/karelbraborec/rev-meter/ios/Pods/Headers/Public/React-performancecdpmetrics -I/Users/karelbraborec/rev-meter/ios/Pods/Headers/Public/React-performancetimeline -I/Users/karelbraborec/rev-meter/ios/Pods/Headers/Public/React-rendererconsistency -I/Users/karelbraborec/rev-meter/ios/Pods/Headers/Public/React-renderercss -I/Users/karelbraborec/rev-meter/ios/Pods/Headers/Public/React-rendererdebug -I/Users/karelbraborec/rev-meter/ios/Pods/Headers/Public/React-runtimeexecutor -I/Users/karelbraborec/rev-meter/ios/Pods/Headers/Public/React-runtimescheduler -I/Users/karelbraborec/rev-meter/ios/Pods/Headers/Public/React-timing -I/Users/karelbraborec/rev-meter/ios/Pods/Headers/Public/React-utils -I/Users/karelbraborec/rev-meter/ios/Pods/Headers/Public/React-viewtransitionnativemodule -I/Users/karelbraborec/rev-meter/ios/Pods/Headers/Public/React-webperformancenativemodule -I/Users/karelbraborec/rev-meter/ios/Pods/Headers/Public/ReactCodegen -I/Users/karelbraborec/rev-meter/ios/Pods/Headers/Public/ReactCommon -I/Users/karelbraborec/rev-meter/ios/Pods/Headers/Public/ReactNativeDependencies -I/Users/karelbraborec/rev-meter/ios/Pods/Headers/Public/Yoga -I/Users/karelbraborec/rev-meter/ios/Pods/Headers/Public/hermes-engine -I/Users/karelbraborec/rev-meter/ios/Pods/Headers/Private/Yoga -I/Users/karelbraborec/rev-meter/ios/Pods/Headers/Private/Yoga -I/Users/karelbraborec/rev-meter/node_modules/react-native-screens/common/cpp -I/Users/karelbraborec/rev-meter/ios/Pods/ExpoModulesCore/ExpoModulesCore.xcframework/ios-arm64_x86_64-simulator/ExpoModulesCore.framework/Headers -I/Users/karelbraborec/rev-meter/ios/Pods/ExpoModulesCore/ExpoModulesCore.xcframework/ios-arm64/ExpoModulesCore.framework/Headers -I/Users/karelbraborec/rev-meter/ios/Pods/ExpoModulesCore/ExpoModulesCore.xcframework/ios-arm64_x86_64-simulator/ExpoModulesCore.framework/Headers -I/Users/karelbraborec/rev-meter/ios/Pods/ExpoModulesCore/ExpoModulesCore.xcframework/ios-arm64/ExpoModulesCore.framework/Headers -I/Users/karelbraborec/Library/Developer/Xcode/DerivedData/revmeter-hbcnswmlqmbpnlazhhkncgeowiss/Build/Intermediates.noindex/Pods.build/Debug-iphonesimulator/RNScreens.build/DerivedSources-normal/x86_64 -I/Users/karelbraborec/Library/Developer/Xcode/DerivedData/revmeter-hbcnswmlqmbpnlazhhkncgeowiss/Build/Intermediates.noindex/Pods.build/Debug-iphonesimulator/RNScreens.build/DerivedSources/x86_64 -I/Users/karelbraborec/Library/Developer/Xcode/DerivedData/revmeter-hbcnswmlqmbpnlazhhkncgeowiss/Build/Intermediates.noindex/Pods.build/Debug-iphonesimulator/RNScreens.build/DerivedSources -F/Users/karelbraborec/Library/Developer/Xcode/DerivedData/revmeter-hbcnswmlqmbpnlazhhkncgeowiss/Build/Products/Debug-iphonesimulator/RNScreens -F/Users/karelbraborec/rev-meter/ios/Pods/React-Core-prebuilt -F/Users/karelbraborec/rev-meter/ios/Pods/ReactNativeDependencies/framework/packages/react-native -F/Users/karelbraborec/rev-meter/ios/Pods/hermes-engine/destroot/Library/Frameworks/universal -F/Users/karelbraborec/Library/Developer/Xcode/DerivedData/revmeter-hbcnswmlqmbpnlazhhkncgeowiss/Build/Products/Debug-iphonesimulator/XCFrameworkIntermediates/React-Core-prebuilt -F/Users/karelbraborec/Library/Developer/Xcode/DerivedData/revmeter-hbcnswmlqmbpnlazhhkncgeowiss/Build/Products/Debug-iphonesimulator/XCFrameworkIntermediates/ReactNativeDependencies -F/Users/karelbraborec/Library/Developer/Xcode/DerivedData/revmeter-hbcnswmlqmbpnlazhhkncgeowiss/Build/Products/Debug-iphonesimulator/XCFrameworkIntermediates/hermes-engine/Pre-built '-DRCT_REMOVE_LEGACY_ARCH=1' '-fmodule-map-file=/Users/karelbraborec/rev-meter/ios/Pods/Headers/Public/ReactCodegen/ReactCodegen.modulemap' '-DRCT_REMOVE_LEGACY_ARCH=1' -ivfsoverlay /Users/karelbraborec/rev-meter/ios/Pods/React-Core-prebuilt/React-VFS.yaml '-DRCT_REMOVE_LEGACY_ARCH=1' '-DRNS_GAMMA_ENABLED=1' '-DRCT_NEW_ARCH_ENABLED=1' -ivfsoverlay /Users/karelbraborec/rev-meter/ios/Pods/React-Core-prebuilt/React-VFS.yaml

WriteAuxiliaryFile /Users/karelbraborec/Library/Developer/Xcode/DerivedData/revmeter-hbcnswmlqmbpnlazhhkncgeowiss/Build/Intermediates.noindex/Pods.build/Debug-iphonesimulator/RNScreens.build/Objects-normal/arm64/e6072d4f65d7061329687fe24e3d63a7-common-args.resp (in target 'RNScreens' from project 'Pods')
    cd /Users/karelbraborec/rev-meter/ios/Pods
    write-file /Users/karelbraborec/Library/Developer/Xcode/DerivedData/revmeter-hbcnswmlqmbpnlazhhkncgeowiss/Build/Intermediates.noindex/Pods.build/Debug-iphonesimulator/RNScreens.build/Objects-normal/arm64/e6072d4f65d7061329687fe24e3d63a7-common-args.resp
'-std=gnu11' -fobjc-arc -fmodules '-fmodules-cache-path=/Users/karelbraborec/Library/Developer/Xcode/DerivedData/ModuleCache.noindex' '-fmodule-name=RNScreens' -fpascal-strings -O0 -fno-common '-DPOD_CONFIGURATION_DEBUG=1' '-DDEBUG=1' '-DCOCOAPODS=1' '-DOBJC_OLD_DISPATCH_PROTOTYPES=0' -g '-fobjc-abi-version=2' -fobjc-legacy-dispatch -iquote /Users/karelbraborec/Library/Developer/Xcode/DerivedData/revmeter-hbcnswmlqmbpnlazhhkncgeowiss/Build/Intermediates.noindex/Pods.build/Debug-iphonesimulator/RNScreens.build/RNScreens-generated-files.hmap -I/Users/karelbraborec/Library/Developer/Xcode/DerivedData/revmeter-hbcnswmlqmbpnlazhhkncgeowiss/Build/Intermediates.noindex/Pods.build/Debug-iphonesimulator/RNScreens.build/RNScreens-own-target-headers.hmap -I/Users/karelbraborec/Library/Developer/Xcode/DerivedData/revmeter-hbcnswmlqmbpnlazhhkncgeowiss/Build/Intermediates.noindex/Pods.build/Debug-iphonesimulator/RNScreens.build/RNScreens-all-non-framework-target-headers.hmap -ivfsoverlay /Users/karelbraborec/Library/Developer/Xcode/DerivedData/revmeter-hbcnswmlqmbpnlazhhkncgeowiss/Build/Intermediates.noindex/Pods.build/Debug-iphonesimulator/Pods-8699adb1dd336b26511df848a716bd42-VFS-iphonesimulator/all-product-headers.yaml -iquote /Users/karelbraborec/Library/Developer/Xcode/DerivedData/revmeter-hbcnswmlqmbpnlazhhkncgeowiss/Build/Intermediates.noindex/Pods.build/Debug-iphonesimulator/RNScreens.build/RNScreens-project-headers.hmap -I/Users/karelbraborec/Library/Developer/Xcode/DerivedData/revmeter-hbcnswmlqmbpnlazhhkncgeowiss/Build/Products/Debug-iphonesimulator/RNScreens/include -I/Users/karelbraborec/rev-meter/ios/Pods/Headers/Private -I/Users/karelbraborec/rev-meter/ios/Pods/Headers/Private/RNScreens -I/Users/karelbraborec/rev-meter/ios/Pods/Headers/Public -I/Users/karelbraborec/rev-meter/ios/Pods/Headers/Public/FBLazyVector -I/Users/karelbraborec/rev-meter/ios/Pods/Headers/Public/RCTRequired -I/Users/karelbraborec/rev-meter/ios/Pods/Headers/Public/RCTSwiftUIWrapper -I/Users/karelbraborec/rev-meter/ios/Pods/Headers/Public/RCTTypeSafety -I/Users/karelbraborec/rev-meter/ios/Pods/Headers/Public/RNScreens -I/Users/karelbraborec/rev-meter/ios/Pods/Headers/Public/React-Core -I/Users/karelbraborec/rev-meter/ios/Pods/Headers/Public/React-Core-prebuilt -I/Users/karelbraborec/rev-meter/ios/Pods/Headers/Public/React-CoreModules -I/Users/karelbraborec/rev-meter/ios/Pods/Headers/Public/React-Fabric -I/Users/karelbraborec/rev-meter/ios/Pods/Headers/Public/React-FabricComponents -I/Users/karelbraborec/rev-meter/ios/Pods/Headers/Public/React-FabricImage -I/Users/karelbraborec/rev-meter/ios/Pods/Headers/Public/React-ImageManager -I/Users/karelbraborec/rev-meter/ios/Pods/Headers/Public/React-Mapbuffer -I/Users/karelbraborec/rev-meter/ios/Pods/Headers/Public/React-NativeModulesApple -I/Users/karelbraborec/rev-meter/ios/Pods/Headers/Public/React-RCTAnimation -I/Users/karelbraborec/rev-meter/ios/Pods/Headers/Public/React-RCTBlob -I/Users/karelbraborec/rev-meter/ios/Pods/Headers/Public/React-RCTFBReactNativeSpec -I/Users/karelbraborec/rev-meter/ios/Pods/Headers/Public/React-RCTFabric -I/Users/karelbraborec/rev-meter/ios/Pods/Headers/Public/React-RCTImage -I/Users/karelbraborec/rev-meter/ios/Pods/Headers/Public/React-RCTRuntime -I/Users/karelbraborec/rev-meter/ios/Pods/Headers/Public/React-RCTText -I/Users/karelbraborec/rev-meter/ios/Pods/Headers/Public/React-RuntimeApple -I/Users/karelbraborec/rev-meter/ios/Pods/Headers/Public/React-RuntimeCore -I/Users/karelbraborec/rev-meter/ios/Pods/Headers/Public/React-RuntimeHermes -I/Users/karelbraborec/rev-meter/ios/Pods/Headers/Public/React-callinvoker -I/Users/karelbraborec/rev-meter/ios/Pods/Headers/Public/React-cxxreact -I/Users/karelbraborec/rev-meter/ios/Pods/Headers/Public/React-debug -I/Users/karelbraborec/rev-meter/ios/Pods/Headers/Public/React-defaultsnativemodule -I/Users/karelbraborec/rev-meter/ios/Pods/Headers/Public/React-domnativemodule -I/Users/karelbraborec/rev-meter/ios/Pods/Headers/Public/React-featureflags -I/Users/karelbraborec/rev-meter/ios/Pods/Headers/Public/React-featureflagsnativemodule -I/Users/karelbraborec/rev-meter/ios/Pods/Headers/Public/React-graphics -I/Users/karelbraborec/rev-meter/ios/Pods/Headers/Public/React-hermes -I/Users/karelbraborec/rev-meter/ios/Pods/Headers/Public/React-idlecallbacksnativemodule -I/Users/karelbraborec/rev-meter/ios/Pods/Headers/Public/React-intersectionobservernativemodule -I/Users/karelbraborec/rev-meter/ios/Pods/Headers/Public/React-jserrorhandler -I/Users/karelbraborec/rev-meter/ios/Pods/Headers/Public/React-jsi -I/Users/karelbraborec/rev-meter/ios/Pods/Headers/Public/React-jsiexecutor -I/Users/karelbraborec/rev-meter/ios/Pods/Headers/Public/React-jsinspector -I/Users/karelbraborec/rev-meter/ios/Pods/Headers/Public/React-jsinspectorcdp -I/Users/karelbraborec/rev-meter/ios/Pods/Headers/Public/React-jsinspectornetwork -I/Users/karelbraborec/rev-meter/ios/Pods/Headers/Public/React-jsinspectortracing -I/Users/karelbraborec/rev-meter/ios/Pods/Headers/Public/React-jsitooling -I/Users/karelbraborec/rev-meter/ios/Pods/Headers/Public/React-logger -I/Users/karelbraborec/rev-meter/ios/Pods/Headers/Public/React-microtasksnativemodule -I/Users/karelbraborec/rev-meter/ios/Pods/Headers/Public/React-mutationobservernativemodule -I/Users/karelbraborec/rev-meter/ios/Pods/Headers/Public/React-networking -I/Users/karelbraborec/rev-meter/ios/Pods/Headers/Public/React-oscompat -I/Users/karelbraborec/rev-meter/ios/Pods/Headers/Public/React-perflogger -I/Users/karelbraborec/rev-meter/ios/Pods/Headers/Public/React-performancecdpmetrics -I/Users/karelbraborec/rev-meter/ios/Pods/Headers/Public/React-performancetimeline -I/Users/karelbraborec/rev-meter/ios/Pods/Headers/Public/React-rendererconsistency -I/Users/karelbraborec/rev-meter/ios/Pods/Headers/Public/React-renderercss -I/Users/karelbraborec/rev-meter/ios/Pods/Headers/Public/React-rendererdebug -I/Users/karelbraborec/rev-meter/ios/Pods/Headers/Public/React-runtimeexecutor -I/Users/karelbraborec/rev-meter/ios/Pods/Headers/Public/React-runtimescheduler -I/Users/karelbraborec/rev-meter/ios/Pods/Headers/Public/React-timing -I/Users/karelbraborec/rev-meter/ios/Pods/Headers/Public/React-utils -I/Users/karelbraborec/rev-meter/ios/Pods/Headers/Public/React-viewtransitionnativemodule -I/Users/karelbraborec/rev-meter/ios/Pods/Headers/Public/React-webperformancenativemodule -I/Users/karelbraborec/rev-meter/ios/Pods/Headers/Public/ReactCodegen -I/Users/karelbraborec/rev-meter/ios/Pods/Headers/Public/ReactCommon -I/Users/karelbraborec/rev-meter/ios/Pods/Headers/Public/ReactNativeDependencies -I/Users/karelbraborec/rev-meter/ios/Pods/Headers/Public/Yoga -I/Users/karelbraborec/rev-meter/ios/Pods/Headers/Public/hermes-engine -I/Users/karelbraborec/rev-meter/ios/Pods/Headers/Private/Yoga -I/Users/karelbraborec/rev-meter/ios/Pods/Headers/Private/Yoga -I/Users/karelbraborec/rev-meter/node_modules/react-native-screens/common/cpp -I/Users/karelbraborec/rev-meter/ios/Pods/ExpoModulesCore/ExpoModulesCore.xcframework/ios-arm64_x86_64-simulator/ExpoModulesCore.framework/Headers -I/Users/karelbraborec/rev-meter/ios/Pods/ExpoModulesCore/ExpoModulesCore.xcframework/ios-arm64/ExpoModulesCore.framework/Headers -I/Users/karelbraborec/rev-meter/ios/Pods/ExpoModulesCore/ExpoModulesCore.xcframework/ios-arm64_x86_64-simulator/ExpoModulesCore.framework/Headers -I/Users/karelbraborec/rev-meter/ios/Pods/ExpoModulesCore/ExpoModulesCore.xcframework/ios-arm64/ExpoModulesCore.framework/Headers -I/Users/karelbraborec/Library/Developer/Xcode/DerivedData/revmeter-hbcnswmlqmbpnlazhhkncgeowiss/Build/Intermediates.noindex/Pods.build/Debug-iphonesimulator/RNScreens.build/DerivedSources-normal/arm64 -I/Users/karelbraborec/Library/Developer/Xcode/DerivedData/revmeter-hbcnswmlqmbpnlazhhkncgeowiss/Build/Intermediates.noindex/Pods.build/Debug-iphonesimulator/RNScreens.build/DerivedSources/arm64 -I/Users/karelbraborec/Library/Developer/Xcode/DerivedData/revmeter-hbcnswmlqmbpnlazhhkncgeowiss/Build/Intermediates.noindex/Pods.build/Debug-iphonesimulator/RNScreens.build/DerivedSources -F/Users/karelbraborec/Library/Developer/Xcode/DerivedData/revmeter-hbcnswmlqmbpnlazhhkncgeowiss/Build/Products/Debug-iphonesimulator/RNScreens -F/Users/karelbraborec/rev-meter/ios/Pods/React-Core-prebuilt -F/Users/karelbraborec/rev-meter/ios/Pods/ReactNativeDependencies/framework/packages/react-native -F/Users/karelbraborec/rev-meter/ios/Pods/hermes-engine/destroot/Library/Frameworks/universal -F/Users/karelbraborec/Library/Developer/Xcode/DerivedData/revmeter-hbcnswmlqmbpnlazhhkncgeowiss/Build/Products/Debug-iphonesimulator/XCFrameworkIntermediates/React-Core-prebuilt -F/Users/karelbraborec/Library/Developer/Xcode/DerivedData/revmeter-hbcnswmlqmbpnlazhhkncgeowiss/Build/Products/Debug-iphonesimulator/XCFrameworkIntermediates/ReactNativeDependencies -F/Users/karelbraborec/Library/Developer/Xcode/DerivedData/revmeter-hbcnswmlqmbpnlazhhkncgeowiss/Build/Products/Debug-iphonesimulator/XCFrameworkIntermediates/hermes-engine/Pre-built '-DRCT_REMOVE_LEGACY_ARCH=1' '-fmodule-map-file=/Users/karelbraborec/rev-meter/ios/Pods/Headers/Public/ReactCodegen/ReactCodegen.modulemap' '-DRCT_REMOVE_LEGACY_ARCH=1' -ivfsoverlay /Users/karelbraborec/rev-meter/ios/Pods/React-Core-prebuilt/React-VFS.yaml

WriteAuxiliaryFile /Users/karelbraborec/Library/Developer/Xcode/DerivedData/revmeter-hbcnswmlqmbpnlazhhkncgeowiss/Build/Intermediates.noindex/Pods.build/Debug-iphonesimulator/RNScreens.build/Objects-normal/arm64/af3fcb34312c57c0f52879cdce924b91-common-args.resp (in target 'RNScreens' from project 'Pods')
    cd /Users/karelbraborec/rev-meter/ios/Pods
    write-file /Users/karelbraborec/Library/Developer/Xcode/DerivedData/revmeter-hbcnswmlqmbpnlazhhkncgeowiss/Build/Intermediates.noindex/Pods.build/Debug-iphonesimulator/RNScreens.build/Objects-normal/arm64/af3fcb34312c57c0f52879cdce924b91-common-args.resp
'-std=c++20' '-stdlib=libc++' -fobjc-arc -fmodules -fno-cxx-modules '-fmodules-cache-path=/Users/karelbraborec/Library/Developer/Xcode/DerivedData/ModuleCache.noindex' '-fmodule-name=RNScreens' '-D_LIBCPP_HARDENING_MODE=_LIBCPP_HARDENING_MODE_DEBUG' -fpascal-strings -O0 -fno-common '-DPOD_CONFIGURATION_DEBUG=1' '-DDEBUG=1' '-DCOCOAPODS=1' '-DOBJC_OLD_DISPATCH_PROTOTYPES=0' -g '-fobjc-abi-version=2' -fobjc-legacy-dispatch -iquote /Users/karelbraborec/Library/Developer/Xcode/DerivedData/revmeter-hbcnswmlqmbpnlazhhkncgeowiss/Build/Intermediates.noindex/Pods.build/Debug-iphonesimulator/RNScreens.build/RNScreens-generated-files.hmap -I/Users/karelbraborec/Library/Developer/Xcode/DerivedData/revmeter-hbcnswmlqmbpnlazhhkncgeowiss/Build/Intermediates.noindex/Pods.build/Debug-iphonesimulator/RNScreens.build/RNScreens-own-target-headers.hmap -I/Users/karelbraborec/Library/Developer/Xcode/DerivedData/revmeter-hbcnswmlqmbpnlazhhkncgeowiss/Build/Intermediates.noindex/Pods.build/Debug-iphonesimulator/RNScreens.build/RNScreens-all-non-framework-target-headers.hmap -ivfsoverlay /Users/karelbraborec/Library/Developer/Xcode/DerivedData/revmeter-hbcnswmlqmbpnlazhhkncgeowiss/Build/Intermediates.noindex/Pods.build/Debug-iphonesimulator/Pods-8699adb1dd336b26511df848a716bd42-VFS-iphonesimulator/all-product-headers.yaml -iquote /Users/karelbraborec/Library/Developer/Xcode/DerivedData/revmeter-hbcnswmlqmbpnlazhhkncgeowiss/Build/Intermediates.noindex/Pods.build/Debug-iphonesimulator/RNScreens.build/RNScreens-project-headers.hmap -I/Users/karelbraborec/Library/Developer/Xcode/DerivedData/revmeter-hbcnswmlqmbpnlazhhkncgeowiss/Build/Products/Debug-iphonesimulator/RNScreens/include -I/Users/karelbraborec/rev-meter/ios/Pods/Headers/Private -I/Users/karelbraborec/rev-meter/ios/Pods/Headers/Private/RNScreens -I/Users/karelbraborec/rev-meter/ios/Pods/Headers/Public -I/Users/karelbraborec/rev-meter/ios/Pods/Headers/Public/FBLazyVector -I/Users/karelbraborec/rev-meter/ios/Pods/Headers/Public/RCTRequired -I/Users/karelbraborec/rev-meter/ios/Pods/Headers/Public/RCTSwiftUIWrapper -I/Users/karelbraborec/rev-meter/ios/Pods/Headers/Public/RCTTypeSafety -I/Users/karelbraborec/rev-meter/ios/Pods/Headers/Public/RNScreens -I/Users/karelbraborec/rev-meter/ios/Pods/Headers/Public/React-Core -I/Users/karelbraborec/rev-meter/ios/Pods/Headers/Public/React-Core-prebuilt -I/Users/karelbraborec/rev-meter/ios/Pods/Headers/Public/React-CoreModules -I/Users/karelbraborec/rev-meter/ios/Pods/Headers/Public/React-Fabric -I/Users/karelbraborec/rev-meter/ios/Pods/Headers/Public/React-FabricComponents -I/Users/karelbraborec/rev-meter/ios/Pods/Headers/Public/React-FabricImage -I/Users/karelbraborec/rev-meter/ios/Pods/Headers/Public/React-ImageManager -I/Users/karelbraborec/rev-meter/ios/Pods/Headers/Public/React-Mapbuffer -I/Users/karelbraborec/rev-meter/ios/Pods/Headers/Public/React-NativeModulesApple -I/Users/karelbraborec/rev-meter/ios/Pods/Headers/Public/React-RCTAnimation -I/Users/karelbraborec/rev-meter/ios/Pods/Headers/Public/React-RCTBlob -I/Users/karelbraborec/rev-meter/ios/Pods/Headers/Public/React-RCTFBReactNativeSpec -I/Users/karelbraborec/rev-meter/ios/Pods/Headers/Public/React-RCTFabric -I/Users/karelbraborec/rev-meter/ios/Pods/Headers/Public/React-RCTImage -I/Users/karelbraborec/rev-meter/ios/Pods/Headers/Public/React-RCTRuntime -I/Users/karelbraborec/rev-meter/ios/Pods/Headers/Public/React-RCTText -I/Users/karelbraborec/rev-meter/ios/Pods/Headers/Public/React-RuntimeApple -I/Users/karelbraborec/rev-meter/ios/Pods/Headers/Public/React-RuntimeCore -I/Users/karelbraborec/rev-meter/ios/Pods/Headers/Public/React-RuntimeHermes -I/Users/karelbraborec/rev-meter/ios/Pods/Headers/Public/React-callinvoker -I/Users/karelbraborec/rev-meter/ios/Pods/Headers/Public/React-cxxreact -I/Users/karelbraborec/rev-meter/ios/Pods/Headers/Public/React-debug -I/Users/karelbraborec/rev-meter/ios/Pods/Headers/Public/React-defaultsnativemodule -I/Users/karelbraborec/rev-meter/ios/Pods/Headers/Public/React-domnativemodule -I/Users/karelbraborec/rev-meter/ios/Pods/Headers/Public/React-featureflags -I/Users/karelbraborec/rev-meter/ios/Pods/Headers/Public/React-featureflagsnativemodule -I/Users/karelbraborec/rev-meter/ios/Pods/Headers/Public/React-graphics -I/Users/karelbraborec/rev-meter/ios/Pods/Headers/Public/React-hermes -I/Users/karelbraborec/rev-meter/ios/Pods/Headers/Public/React-idlecallbacksnativemodule -I/Users/karelbraborec/rev-meter/ios/Pods/Headers/Public/React-intersectionobservernativemodule -I/Users/karelbraborec/rev-meter/ios/Pods/Headers/Public/React-jserrorhandler -I/Users/karelbraborec/rev-meter/ios/Pods/Headers/Public/React-jsi -I/Users/karelbraborec/rev-meter/ios/Pods/Headers/Public/React-jsiexecutor -I/Users/karelbraborec/rev-meter/ios/Pods/Headers/Public/React-jsinspector -I/Users/karelbraborec/rev-meter/ios/Pods/Headers/Public/React-jsinspectorcdp -I/Users/karelbraborec/rev-meter/ios/Pods/Headers/Public/React-jsinspectornetwork -I/Users/karelbraborec/rev-meter/ios/Pods/Headers/Public/React-jsinspectortracing -I/Users/karelbraborec/rev-meter/ios/Pods/Headers/Public/React-jsitooling -I/Users/karelbraborec/rev-meter/ios/Pods/Headers/Public/React-logger -I/Users/karelbraborec/rev-meter/ios/Pods/Headers/Public/React-microtasksnativemodule -I/Users/karelbraborec/rev-meter/ios/Pods/Headers/Public/React-mutationobservernativemodule -I/Users/karelbraborec/rev-meter/ios/Pods/Headers/Public/React-networking -I/Users/karelbraborec/rev-meter/ios/Pods/Headers/Public/React-oscompat -I/Users/karelbraborec/rev-meter/ios/Pods/Headers/Public/React-perflogger -I/Users/karelbraborec/rev-meter/ios/Pods/Headers/Public/React-performancecdpmetrics -I/Users/karelbraborec/rev-meter/ios/Pods/Headers/Public/React-performancetimeline -I/Users/karelbraborec/rev-meter/ios/Pods/Headers/Public/React-rendererconsistency -I/Users/karelbraborec/rev-meter/ios/Pods/Headers/Public/React-renderercss -I/Users/karelbraborec/rev-meter/ios/Pods/Headers/Public/React-rendererdebug -I/Users/karelbraborec/rev-meter/ios/Pods/Headers/Public/React-runtimeexecutor -I/Users/karelbraborec/rev-meter/ios/Pods/Headers/Public/React-runtimescheduler -I/Users/karelbraborec/rev-meter/ios/Pods/Headers/Public/React-timing -I/Users/karelbraborec/rev-meter/ios/Pods/Headers/Public/React-utils -I/Users/karelbraborec/rev-meter/ios/Pods/Headers/Public/React-viewtransitionnativemodule -I/Users/karelbraborec/rev-meter/ios/Pods/Headers/Public/React-webperformancenativemodule -I/Users/karelbraborec/rev-meter/ios/Pods/Headers/Public/ReactCodegen -I/Users/karelbraborec/rev-meter/ios/Pods/Headers/Public/ReactCommon -I/Users/karelbraborec/rev-meter/ios/Pods/Headers/Public/ReactNativeDependencies -I/Users/karelbraborec/rev-meter/ios/Pods/Headers/Public/Yoga -I/Users/karelbraborec/rev-meter/ios/Pods/Headers/Public/hermes-engine -I/Users/karelbraborec/rev-meter/ios/Pods/Headers/Private/Yoga -I/Users/karelbraborec/rev-meter/ios/Pods/Headers/Private/Yoga -I/Users/karelbraborec/rev-meter/node_modules/react-native-screens/common/cpp -I/Users/karelbraborec/rev-meter/ios/Pods/ExpoModulesCore/ExpoModulesCore.xcframework/ios-arm64_x86_64-simulator/ExpoModulesCore.framework/Headers -I/Users/karelbraborec/rev-meter/ios/Pods/ExpoModulesCore/ExpoModulesCore.xcframework/ios-arm64/ExpoModulesCore.framework/Headers -I/Users/karelbraborec/rev-meter/ios/Pods/ExpoModulesCore/ExpoModulesCore.xcframework/ios-arm64_x86_64-simulator/ExpoModulesCore.framework/Headers -I/Users/karelbraborec/rev-meter/ios/Pods/ExpoModulesCore/ExpoModulesCore.xcframework/ios-arm64/ExpoModulesCore.framework/Headers -I/Users/karelbraborec/Library/Developer/Xcode/DerivedData/revmeter-hbcnswmlqmbpnlazhhkncgeowiss/Build/Intermediates.noindex/Pods.build/Debug-iphonesimulator/RNScreens.build/DerivedSources-normal/arm64 -I/Users/karelbraborec/Library/Developer/Xcode/DerivedData/revmeter-hbcnswmlqmbpnlazhhkncgeowiss/Build/Intermediates.noindex/Pods.build/Debug-iphonesimulator/RNScreens.build/DerivedSources/arm64 -I/Users/karelbraborec/Library/Developer/Xcode/DerivedData/revmeter-hbcnswmlqmbpnlazhhkncgeowiss/Build/Intermediates.noindex/Pods.build/Debug-iphonesimulator/RNScreens.build/DerivedSources -F/Users/karelbraborec/Library/Developer/Xcode/DerivedData/revmeter-hbcnswmlqmbpnlazhhkncgeowiss/Build/Products/Debug-iphonesimulator/RNScreens -F/Users/karelbraborec/rev-meter/ios/Pods/React-Core-prebuilt -F/Users/karelbraborec/rev-meter/ios/Pods/ReactNativeDependencies/framework/packages/react-native -F/Users/karelbraborec/rev-meter/ios/Pods/hermes-engine/destroot/Library/Frameworks/universal -F/Users/karelbraborec/Library/Developer/Xcode/DerivedData/revmeter-hbcnswmlqmbpnlazhhkncgeowiss/Build/Products/Debug-iphonesimulator/XCFrameworkIntermediates/React-Core-prebuilt -F/Users/karelbraborec/Library/Developer/Xcode/DerivedData/revmeter-hbcnswmlqmbpnlazhhkncgeowiss/Build/Products/Debug-iphonesimulator/XCFrameworkIntermediates/ReactNativeDependencies -F/Users/karelbraborec/Library/Developer/Xcode/DerivedData/revmeter-hbcnswmlqmbpnlazhhkncgeowiss/Build/Products/Debug-iphonesimulator/XCFrameworkIntermediates/hermes-engine/Pre-built '-DRCT_REMOVE_LEGACY_ARCH=1' '-fmodule-map-file=/Users/karelbraborec/rev-meter/ios/Pods/Headers/Public/ReactCodegen/ReactCodegen.modulemap' '-DRCT_REMOVE_LEGACY_ARCH=1' -ivfsoverlay /Users/karelbraborec/rev-meter/ios/Pods/React-Core-prebuilt/React-VFS.yaml '-DRCT_REMOVE_LEGACY_ARCH=1' '-DRNS_GAMMA_ENABLED=1' '-DRCT_NEW_ARCH_ENABLED=1' -ivfsoverlay /Users/karelbraborec/rev-meter/ios/Pods/React-Core-prebuilt/React-VFS.yaml

WriteAuxiliaryFile /Users/karelbraborec/Library/Developer/Xcode/DerivedData/revmeter-hbcnswmlqmbpnlazhhkncgeowiss/Build/Intermediates.noindex/Pods.build/Debug-iphonesimulator/RNScreens.build/Objects-normal/arm64/RNScreens_const_extract_protocols.json (in target 'RNScreens' from project 'Pods')
    cd /Users/karelbraborec/rev-meter/ios/Pods
    write-file /Users/karelbraborec/Library/Developer/Xcode/DerivedData/revmeter-hbcnswmlqmbpnlazhhkncgeowiss/Build/Intermediates.noindex/Pods.build/Debug-iphonesimulator/RNScreens.build/Objects-normal/arm64/RNScreens_const_extract_protocols.json

WriteAuxiliaryFile /Users/karelbraborec/Library/Developer/Xcode/DerivedData/revmeter-hbcnswmlqmbpnlazhhkncgeowiss/Build/Intermediates.noindex/Pods.build/Debug-iphonesimulator/RNScreens.build/Objects-normal/arm64/RNScreens.SwiftFileList (in target 'RNScreens' from project 'Pods')
    cd /Users/karelbraborec/rev-meter/ios/Pods
    write-file /Users/karelbraborec/Library/Developer/Xcode/DerivedData/revmeter-hbcnswmlqmbpnlazhhkncgeowiss/Build/Intermediates.noindex/Pods.build/Debug-iphonesimulator/RNScreens.build/Objects-normal/arm64/RNScreens.SwiftFileList

WriteAuxiliaryFile /Users/karelbraborec/Library/Developer/Xcode/DerivedData/revmeter-hbcnswmlqmbpnlazhhkncgeowiss/Build/Intermediates.noindex/Pods.build/Debug-iphonesimulator/RNScreens.build/Objects-normal/arm64/RNScreens.SwiftConstValuesFileList (in target 'RNScreens' from project 'Pods')
    cd /Users/karelbraborec/rev-meter/ios/Pods
    write-file /Users/karelbraborec/Library/Developer/Xcode/DerivedData/revmeter-hbcnswmlqmbpnlazhhkncgeowiss/Build/Intermediates.noindex/Pods.build/Debug-iphonesimulator/RNScreens.build/Objects-normal/arm64/RNScreens.SwiftConstValuesFileList

WriteAuxiliaryFile /Users/karelbraborec/Library/Developer/Xcode/DerivedData/revmeter-hbcnswmlqmbpnlazhhkncgeowiss/Build/Intermediates.noindex/Pods.build/Debug-iphonesimulator/RNScreens.build/Objects-normal/arm64/RNScreens.LinkFileList (in target 'RNScreens' from project 'Pods')
    cd /Users/karelbraborec/rev-meter/ios/Pods
    write-file /Users/karelbraborec/Library/Developer/Xcode/DerivedData/revmeter-hbcnswmlqmbpnlazhhkncgeowiss/Build/Intermediates.noindex/Pods.build/Debug-iphonesimulator/RNScreens.build/Objects-normal/arm64/RNScreens.LinkFileList

WriteAuxiliaryFile /Users/karelbraborec/Library/Developer/Xcode/DerivedData/revmeter-hbcnswmlqmbpnlazhhkncgeowiss/Build/Intermediates.noindex/Pods.build/Debug-iphonesimulator/RNScreens.build/Objects-normal/arm64/RNScreens-OutputFileMap.json (in target 'RNScreens' from project 'Pods')
    cd /Users/karelbraborec/rev-meter/ios/Pods
    write-file /Users/karelbraborec/Library/Developer/Xcode/DerivedData/revmeter-hbcnswmlqmbpnlazhhkncgeowiss/Build/Intermediates.noindex/Pods.build/Debug-iphonesimulator/RNScreens.build/Objects-normal/arm64/RNScreens-OutputFileMap.json

WriteAuxiliaryFile /Users/karelbraborec/Library/Developer/Xcode/DerivedData/revmeter-hbcnswmlqmbpnlazhhkncgeowiss/Build/Intermediates.noindex/Pods.build/Debug-iphonesimulator/RNScreens.build/Objects-normal/arm64/82b82416624d2658e5098eb0a28c15c5-common-args.resp (in target 'RNScreens' from project 'Pods')
    cd /Users/karelbraborec/rev-meter/ios/Pods
    write-file /Users/karelbraborec/Library/Developer/Xcode/DerivedData/revmeter-hbcnswmlqmbpnlazhhkncgeowiss/Build/Intermediates.noindex/Pods.build/Debug-iphonesimulator/RNScreens.build/Objects-normal/arm64/82b82416624d2658e5098eb0a28c15c5-common-args.resp
'-std=c++20' '-stdlib=libc++' -fmodules -fno-cxx-modules '-fmodules-cache-path=/Users/karelbraborec/Library/Developer/Xcode/DerivedData/ModuleCache.noindex' '-fmodule-name=RNScreens' '-D_LIBCPP_HARDENING_MODE=_LIBCPP_HARDENING_MODE_DEBUG' -fpascal-strings -O0 -fno-common '-DPOD_CONFIGURATION_DEBUG=1' '-DDEBUG=1' '-DCOCOAPODS=1' -g -iquote /Users/karelbraborec/Library/Developer/Xcode/DerivedData/revmeter-hbcnswmlqmbpnlazhhkncgeowiss/Build/Intermediates.noindex/Pods.build/Debug-iphonesimulator/RNScreens.build/RNScreens-generated-files.hmap -I/Users/karelbraborec/Library/Developer/Xcode/DerivedData/revmeter-hbcnswmlqmbpnlazhhkncgeowiss/Build/Intermediates.noindex/Pods.build/Debug-iphonesimulator/RNScreens.build/RNScreens-own-target-headers.hmap -I/Users/karelbraborec/Library/Developer/Xcode/DerivedData/revmeter-hbcnswmlqmbpnlazhhkncgeowiss/Build/Intermediates.noindex/Pods.build/Debug-iphonesimulator/RNScreens.build/RNScreens-all-non-framework-target-headers.hmap -ivfsoverlay /Users/karelbraborec/Library/Developer/Xcode/DerivedData/revmeter-hbcnswmlqmbpnlazhhkncgeowiss/Build/Intermediates.noindex/Pods.build/Debug-iphonesimulator/Pods-8699adb1dd336b26511df848a716bd42-VFS-iphonesimulator/all-product-headers.yaml -iquote /Users/karelbraborec/Library/Developer/Xcode/DerivedData/revmeter-hbcnswmlqmbpnlazhhkncgeowiss/Build/Intermediates.noindex/Pods.build/Debug-iphonesimulator/RNScreens.build/RNScreens-project-headers.hmap -I/Users/karelbraborec/Library/Developer/Xcode/DerivedData/revmeter-hbcnswmlqmbpnlazhhkncgeowiss/Build/Products/Debug-iphonesimulator/RNScreens/include -I/Users/karelbraborec/rev-meter/ios/Pods/Headers/Private -I/Users/karelbraborec/rev-meter/ios/Pods/Headers/Private/RNScreens -I/Users/karelbraborec/rev-meter/ios/Pods/Headers/Public -I/Users/karelbraborec/rev-meter/ios/Pods/Headers/Public/FBLazyVector -I/Users/karelbraborec/rev-meter/ios/Pods/Headers/Public/RCTRequired -I/Users/karelbraborec/rev-meter/ios/Pods/Headers/Public/RCTSwiftUIWrapper -I/Users/karelbraborec/rev-meter/ios/Pods/Headers/Public/RCTTypeSafety -I/Users/karelbraborec/rev-meter/ios/Pods/Headers/Public/RNScreens -I/Users/karelbraborec/rev-meter/ios/Pods/Headers/Public/React-Core -I/Users/karelbraborec/rev-meter/ios/Pods/Headers/Public/React-Core-prebuilt -I/Users/karelbraborec/rev-meter/ios/Pods/Headers/Public/React-CoreModules -I/Users/karelbraborec/rev-meter/ios/Pods/Headers/Public/React-Fabric -I/Users/karelbraborec/rev-meter/ios/Pods/Headers/Public/React-FabricComponents -I/Users/karelbraborec/rev-meter/ios/Pods/Headers/Public/React-FabricImage -I/Users/karelbraborec/rev-meter/ios/Pods/Headers/Public/React-ImageManager -I/Users/karelbraborec/rev-meter/ios/Pods/Headers/Public/React-Mapbuffer -I/Users/karelbraborec/rev-meter/ios/Pods/Headers/Public/React-NativeModulesApple -I/Users/karelbraborec/rev-meter/ios/Pods/Headers/Public/React-RCTAnimation -I/Users/karelbraborec/rev-meter/ios/Pods/Headers/Public/React-RCTBlob -I/Users/karelbraborec/rev-meter/ios/Pods/Headers/Public/React-RCTFBReactNativeSpec -I/Users/karelbraborec/rev-meter/ios/Pods/Headers/Public/React-RCTFabric -I/Users/karelbraborec/rev-meter/ios/Pods/Headers/Public/React-RCTImage -I/Users/karelbraborec/rev-meter/ios/Pods/Headers/Public/React-RCTRuntime -I/Users/karelbraborec/rev-meter/ios/Pods/Headers/Public/React-RCTText -I/Users/karelbraborec/rev-meter/ios/Pods/Headers/Public/React-RuntimeApple -I/Users/karelbraborec/rev-meter/ios/Pods/Headers/Public/React-RuntimeCore -I/Users/karelbraborec/rev-meter/ios/Pods/Headers/Public/React-RuntimeHermes -I/Users/karelbraborec/rev-meter/ios/Pods/Headers/Public/React-callinvoker -I/Users/karelbraborec/rev-meter/ios/Pods/Headers/Public/React-cxxreact -I/Users/karelbraborec/rev-meter/ios/Pods/Headers/Public/React-debug -I/Users/karelbraborec/rev-meter/ios/Pods/Headers/Public/React-defaultsnativemodule -I/Users/karelbraborec/rev-meter/ios/Pods/Headers/Public/React-domnativemodule -I/Users/karelbraborec/rev-meter/ios/Pods/Headers/Public/React-featureflags -I/Users/karelbraborec/rev-meter/ios/Pods/Headers/Public/React-featureflagsnativemodule -I/Users/karelbraborec/rev-meter/ios/Pods/Headers/Public/React-graphics -I/Users/karelbraborec/rev-meter/ios/Pods/Headers/Public/React-hermes -I/Users/karelbraborec/rev-meter/ios/Pods/Headers/Public/React-idlecallbacksnativemodule -I/Users/karelbraborec/rev-meter/ios/Pods/Headers/Public/React-intersectionobservernativemodule -I/Users/karelbraborec/rev-meter/ios/Pods/Headers/Public/React-jserrorhandler -I/Users/karelbraborec/rev-meter/ios/Pods/Headers/Public/React-jsi -I/Users/karelbraborec/rev-meter/ios/Pods/Headers/Public/React-jsiexecutor -I/Users/karelbraborec/rev-meter/ios/Pods/Headers/Public/React-jsinspector -I/Users/karelbraborec/rev-meter/ios/Pods/Headers/Public/React-jsinspectorcdp -I/Users/karelbraborec/rev-meter/ios/Pods/Headers/Public/React-jsinspectornetwork -I/Users/karelbraborec/rev-meter/ios/Pods/Headers/Public/React-jsinspectortracing -I/Users/karelbraborec/rev-meter/ios/Pods/Headers/Public/React-jsitooling -I/Users/karelbraborec/rev-meter/ios/Pods/Headers/Public/React-logger -I/Users/karelbraborec/rev-meter/ios/Pods/Headers/Public/React-microtasksnativemodule -I/Users/karelbraborec/rev-meter/ios/Pods/Headers/Public/React-mutationobservernativemodule -I/Users/karelbraborec/rev-meter/ios/Pods/Headers/Public/React-networking -I/Users/karelbraborec/rev-meter/ios/Pods/Headers/Public/React-oscompat -I/Users/karelbraborec/rev-meter/ios/Pods/Headers/Public/React-perflogger -I/Users/karelbraborec/rev-meter/ios/Pods/Headers/Public/React-performancecdpmetrics -I/Users/karelbraborec/rev-meter/ios/Pods/Headers/Public/React-performancetimeline -I/Users/karelbraborec/rev-meter/ios/Pods/Headers/Public/React-rendererconsistency -I/Users/karelbraborec/rev-meter/ios/Pods/Headers/Public/React-renderercss -I/Users/karelbraborec/rev-meter/ios/Pods/Headers/Public/React-rendererdebug -I/Users/karelbraborec/rev-meter/ios/Pods/Headers/Public/React-runtimeexecutor -I/Users/karelbraborec/rev-meter/ios/Pods/Headers/Public/React-runtimescheduler -I/Users/karelbraborec/rev-meter/ios/Pods/Headers/Public/React-timing -I/Users/karelbraborec/rev-meter/ios/Pods/Headers/Public/React-utils -I/Users/karelbraborec/rev-meter/ios/Pods/Headers/Public/React-viewtransitionnativemodule -I/Users/karelbraborec/rev-meter/ios/Pods/Headers/Public/React-webperformancenativemodule -I/Users/karelbraborec/rev-meter/ios/Pods/Headers/Public/ReactCodegen -I/Users/karelbraborec/rev-meter/ios/Pods/Headers/Public/ReactCommon -I/Users/karelbraborec/rev-meter/ios/Pods/Headers/Public/ReactNativeDependencies -I/Users/karelbraborec/rev-meter/ios/Pods/Headers/Public/Yoga -I/Users/karelbraborec/rev-meter/ios/Pods/Headers/Public/hermes-engine -I/Users/karelbraborec/rev-meter/ios/Pods/Headers/Private/Yoga -I/Users/karelbraborec/rev-meter/ios/Pods/Headers/Private/Yoga -I/Users/karelbraborec/rev-meter/node_modules/react-native-screens/common/cpp -I/Users/karelbraborec/rev-meter/ios/Pods/ExpoModulesCore/ExpoModulesCore.xcframework/ios-arm64_x86_64-simulator/ExpoModulesCore.framework/Headers -I/Users/karelbraborec/rev-meter/ios/Pods/ExpoModulesCore/ExpoModulesCore.xcframework/ios-arm64/ExpoModulesCore.framework/Headers -I/Users/karelbraborec/rev-meter/ios/Pods/ExpoModulesCore/ExpoModulesCore.xcframework/ios-arm64_x86_64-simulator/ExpoModulesCore.framework/Headers -I/Users/karelbraborec/rev-meter/ios/Pods/ExpoModulesCore/ExpoModulesCore.xcframework/ios-arm64/ExpoModulesCore.framework/Headers -I/Users/karelbraborec/Library/Developer/Xcode/DerivedData/revmeter-hbcnswmlqmbpnlazhhkncgeowiss/Build/Intermediates.noindex/Pods.build/Debug-iphonesimulator/RNScreens.build/DerivedSources-normal/arm64 -I/Users/karelbraborec/Library/Developer/Xcode/DerivedData/revmeter-hbcnswmlqmbpnlazhhkncgeowiss/Build/Intermediates.noindex/Pods.build/Debug-iphonesimulator/RNScreens.build/DerivedSources/arm64 -I/Users/karelbraborec/Library/Developer/Xcode/DerivedData/revmeter-hbcnswmlqmbpnlazhhkncgeowiss/Build/Intermediates.noindex/Pods.build/Debug-iphonesimulator/RNScreens.build/DerivedSources -F/Users/karelbraborec/Library/Developer/Xcode/DerivedData/revmeter-hbcnswmlqmbpnlazhhkncgeowiss/Build/Products/Debug-iphonesimulator/RNScreens -F/Users/karelbraborec/rev-meter/ios/Pods/React-Core-prebuilt -F/Users/karelbraborec/rev-meter/ios/Pods/ReactNativeDependencies/framework/packages/react-native -F/Users/karelbraborec/rev-meter/ios/Pods/hermes-engine/destroot/Library/Frameworks/universal -F/Users/karelbraborec/Library/Developer/Xcode/DerivedData/revmeter-hbcnswmlqmbpnlazhhkncgeowiss/Build/Products/Debug-iphonesimulator/XCFrameworkIntermediates/React-Core-prebuilt -F/Users/karelbraborec/Library/Developer/Xcode/DerivedData/revmeter-hbcnswmlqmbpnlazhhkncgeowiss/Build/Products/Debug-iphonesimulator/XCFrameworkIntermediates/ReactNativeDependencies -F/Users/karelbraborec/Library/Developer/Xcode/DerivedData/revmeter-hbcnswmlqmbpnlazhhkncgeowiss/Build/Products/Debug-iphonesimulator/XCFrameworkIntermediates/hermes-engine/Pre-built '-DRCT_REMOVE_LEGACY_ARCH=1' '-fmodule-map-file=/Users/karelbraborec/rev-meter/ios/Pods/Headers/Public/ReactCodegen/ReactCodegen.modulemap' '-DRCT_REMOVE_LEGACY_ARCH=1' -ivfsoverlay /Users/karelbraborec/rev-meter/ios/Pods/React-Core-prebuilt/React-VFS.yaml '-DRCT_REMOVE_LEGACY_ARCH=1' '-DRNS_GAMMA_ENABLED=1' '-DRCT_NEW_ARCH_ENABLED=1' -ivfsoverlay /Users/karelbraborec/rev-meter/ios/Pods/React-Core-prebuilt/React-VFS.yaml

WriteAuxiliaryFile /Users/karelbraborec/Library/Developer/Xcode/DerivedData/revmeter-hbcnswmlqmbpnlazhhkncgeowiss/Build/Intermediates.noindex/Pods.build/Debug-iphonesimulator/RNReanimated.build/RNReanimated.DependencyStaticMetadataFileList (in target 'RNReanimated' from project 'Pods')
    cd /Users/karelbraborec/rev-meter/ios/Pods
    write-file /Users/karelbraborec/Library/Developer/Xcode/DerivedData/revmeter-hbcnswmlqmbpnlazhhkncgeowiss/Build/Intermediates.noindex/Pods.build/Debug-iphonesimulator/RNReanimated.build/RNReanimated.DependencyStaticMetadataFileList

WriteAuxiliaryFile /Users/karelbraborec/Library/Developer/Xcode/DerivedData/revmeter-hbcnswmlqmbpnlazhhkncgeowiss/Build/Intermediates.noindex/Pods.build/Debug-iphonesimulator/RNReanimated.build/RNReanimated.hmap (in target 'RNReanimated' from project 'Pods')
    cd /Users/karelbraborec/rev-meter/ios/Pods
    write-file /Users/karelbraborec/Library/Developer/Xcode/DerivedData/revmeter-hbcnswmlqmbpnlazhhkncgeowiss/Build/Intermediates.noindex/Pods.build/Debug-iphonesimulator/RNReanimated.build/RNReanimated.hmap

WriteAuxiliaryFile /Users/karelbraborec/Library/Developer/Xcode/DerivedData/revmeter-hbcnswmlqmbpnlazhhkncgeowiss/Build/Intermediates.noindex/Pods.build/Debug-iphonesimulator/RNReanimated.build/RNReanimated.DependencyMetadataFileList (in target 'RNReanimated' from project 'Pods')
    cd /Users/karelbraborec/rev-meter/ios/Pods
    write-file /Users/karelbraborec/Library/Developer/Xcode/DerivedData/revmeter-hbcnswmlqmbpnlazhhkncgeowiss/Build/Intermediates.noindex/Pods.build/Debug-iphonesimulator/RNReanimated.build/RNReanimated.DependencyMetadataFileList

WriteAuxiliaryFile /Users/karelbraborec/Library/Developer/Xcode/DerivedData/revmeter-hbcnswmlqmbpnlazhhkncgeowiss/Build/Intermediates.noindex/Pods.build/Debug-iphonesimulator/RNReanimated.build/RNReanimated-project-headers.hmap (in target 'RNReanimated' from project 'Pods')
    cd /Users/karelbraborec/rev-meter/ios/Pods
    write-file /Users/karelbraborec/Library/Developer/Xcode/DerivedData/revmeter-hbcnswmlqmbpnlazhhkncgeowiss/Build/Intermediates.noindex/Pods.build/Debug-iphonesimulator/RNReanimated.build/RNReanimated-project-headers.hmap

WriteAuxiliaryFile /Users/karelbraborec/Library/Developer/Xcode/DerivedData/revmeter-hbcnswmlqmbpnlazhhkncgeowiss/Build/Intermediates.noindex/Pods.build/Debug-iphonesimulator/RNReanimated.build/RNReanimated-own-target-headers.hmap (in target 'RNReanimated' from project 'Pods')
    cd /Users/karelbraborec/rev-meter/ios/Pods
    write-file /Users/karelbraborec/Library/Developer/Xcode/DerivedData/revmeter-hbcnswmlqmbpnlazhhkncgeowiss/Build/Intermediates.noindex/Pods.build/Debug-iphonesimulator/RNReanimated.build/RNReanimated-own-target-headers.hmap

WriteAuxiliaryFile /Users/karelbraborec/Library/Developer/Xcode/DerivedData/revmeter-hbcnswmlqmbpnlazhhkncgeowiss/Build/Intermediates.noindex/Pods.build/Debug-iphonesimulator/RNReanimated.build/RNReanimated-generated-files.hmap (in target 'RNReanimated' from project 'Pods')
    cd /Users/karelbraborec/rev-meter/ios/Pods
    write-file /Users/karelbraborec/Library/Developer/Xcode/DerivedData/revmeter-hbcnswmlqmbpnlazhhkncgeowiss/Build/Intermediates.noindex/Pods.build/Debug-iphonesimulator/RNReanimated.build/RNReanimated-generated-files.hmap

WriteAuxiliaryFile /Users/karelbraborec/Library/Developer/Xcode/DerivedData/revmeter-hbcnswmlqmbpnlazhhkncgeowiss/Build/Intermediates.noindex/Pods.build/Debug-iphonesimulator/RNReanimated.build/RNReanimated-all-target-headers.hmap (in target 'RNReanimated' from project 'Pods')
    cd /Users/karelbraborec/rev-meter/ios/Pods
    write-file /Users/karelbraborec/Library/Developer/Xcode/DerivedData/revmeter-hbcnswmlqmbpnlazhhkncgeowiss/Build/Intermediates.noindex/Pods.build/Debug-iphonesimulator/RNReanimated.build/RNReanimated-all-target-headers.hmap

WriteAuxiliaryFile /Users/karelbraborec/Library/Developer/Xcode/DerivedData/revmeter-hbcnswmlqmbpnlazhhkncgeowiss/Build/Intermediates.noindex/Pods.build/Debug-iphonesimulator/RNReanimated.build/RNReanimated-all-non-framework-target-headers.hmap (in target 'RNReanimated' from project 'Pods')
    cd /Users/karelbraborec/rev-meter/ios/Pods
    write-file /Users/karelbraborec/Library/Developer/Xcode/DerivedData/revmeter-hbcnswmlqmbpnlazhhkncgeowiss/Build/Intermediates.noindex/Pods.build/Debug-iphonesimulator/RNReanimated.build/RNReanimated-all-non-framework-target-headers.hmap

WriteAuxiliaryFile /Users/karelbraborec/Library/Developer/Xcode/DerivedData/revmeter-hbcnswmlqmbpnlazhhkncgeowiss/Build/Intermediates.noindex/Pods.build/Debug-iphonesimulator/RNReanimated.build/Objects-normal/x86_64/e6072d4f65d7061329687fe24e3d63a7-common-args.resp (in target 'RNReanimated' from project 'Pods')
    cd /Users/karelbraborec/rev-meter/ios/Pods
    write-file /Users/karelbraborec/Library/Developer/Xcode/DerivedData/revmeter-hbcnswmlqmbpnlazhhkncgeowiss/Build/Intermediates.noindex/Pods.build/Debug-iphonesimulator/RNReanimated.build/Objects-normal/x86_64/e6072d4f65d7061329687fe24e3d63a7-common-args.resp
'-std=gnu11' -fobjc-arc -fmodules '-fmodules-cache-path=/Users/karelbraborec/Library/Developer/Xcode/DerivedData/ModuleCache.noindex' '-fmodule-name=reanimated' -fpascal-strings -O0 -fno-common '-DPOD_CONFIGURATION_DEBUG=1' '-DDEBUG=1' '-DCOCOAPODS=1' '-DOBJC_OLD_DISPATCH_PROTOTYPES=0' -fasm-blocks -g '-fobjc-abi-version=2' -fobjc-legacy-dispatch -iquote /Users/karelbraborec/Library/Developer/Xcode/DerivedData/revmeter-hbcnswmlqmbpnlazhhkncgeowiss/Build/Intermediates.noindex/Pods.build/Debug-iphonesimulator/RNReanimated.build/RNReanimated-generated-files.hmap -I/Users/karelbraborec/Library/Developer/Xcode/DerivedData/revmeter-hbcnswmlqmbpnlazhhkncgeowiss/Build/Intermediates.noindex/Pods.build/Debug-iphonesimulator/RNReanimated.build/RNReanimated-own-target-headers.hmap -I/Users/karelbraborec/Library/Developer/Xcode/DerivedData/revmeter-hbcnswmlqmbpnlazhhkncgeowiss/Build/Intermediates.noindex/Pods.build/Debug-iphonesimulator/RNReanimated.build/RNReanimated-all-non-framework-target-headers.hmap -ivfsoverlay /Users/karelbraborec/Library/Developer/Xcode/DerivedData/revmeter-hbcnswmlqmbpnlazhhkncgeowiss/Build/Intermediates.noindex/Pods.build/Debug-iphonesimulator/Pods-8699adb1dd336b26511df848a716bd42-VFS-iphonesimulator/all-product-headers.yaml -iquote /Users/karelbraborec/Library/Developer/Xcode/DerivedData/revmeter-hbcnswmlqmbpnlazhhkncgeowiss/Build/Intermediates.noindex/Pods.build/Debug-iphonesimulator/RNReanimated.build/RNReanimated-project-headers.hmap -I/Users/karelbraborec/Library/Developer/Xcode/DerivedData/revmeter-hbcnswmlqmbpnlazhhkncgeowiss/Build/Products/Debug-iphonesimulator/RNReanimated/include -I/Users/karelbraborec/rev-meter/ios/Pods/Headers/Private -I/Users/karelbraborec/rev-meter/ios/Pods/Headers/Private/RNReanimated -I/Users/karelbraborec/rev-meter/ios/Pods/Headers/Public -I/Users/karelbraborec/rev-meter/ios/Pods/Headers/Public/FBLazyVector -I/Users/karelbraborec/rev-meter/ios/Pods/Headers/Public/RCTRequired -I/Users/karelbraborec/rev-meter/ios/Pods/Headers/Public/RCTSwiftUIWrapper -I/Users/karelbraborec/rev-meter/ios/Pods/Headers/Public/RCTTypeSafety -I/Users/karelbraborec/rev-meter/ios/Pods/Headers/Public/RNReanimated -I/Users/karelbraborec/rev-meter/ios/Pods/Headers/Public/RNWorklets -I/Users/karelbraborec/rev-meter/ios/Pods/Headers/Public/React-Core -I/Users/karelbraborec/rev-meter/ios/Pods/Headers/Public/React-Core-prebuilt -I/Users/karelbraborec/rev-meter/ios/Pods/Headers/Public/React-CoreModules -I/Users/karelbraborec/rev-meter/ios/Pods/Headers/Public/React-Fabric -I/Users/karelbraborec/rev-meter/ios/Pods/Headers/Public/React-FabricComponents -I/Users/karelbraborec/rev-meter/ios/Pods/Headers/Public/React-FabricImage -I/Users/karelbraborec/rev-meter/ios/Pods/Headers/Public/React-ImageManager -I/Users/karelbraborec/rev-meter/ios/Pods/Headers/Public/React-Mapbuffer -I/Users/karelbraborec/rev-meter/ios/Pods/Headers/Public/React-NativeModulesApple -I/Users/karelbraborec/rev-meter/ios/Pods/Headers/Public/React-RCTAnimation -I/Users/karelbraborec/rev-meter/ios/Pods/Headers/Public/React-RCTBlob -I/Users/karelbraborec/rev-meter/ios/Pods/Headers/Public/React-RCTFBReactNativeSpec -I/Users/karelbraborec/rev-meter/ios/Pods/Headers/Public/React-RCTFabric -I/Users/karelbraborec/rev-meter/ios/Pods/Headers/Public/React-RCTImage -I/Users/karelbraborec/rev-meter/ios/Pods/Headers/Public/React-RCTRuntime -I/Users/karelbraborec/rev-meter/ios/Pods/Headers/Public/React-RCTText -I/Users/karelbraborec/rev-meter/ios/Pods/Headers/Public/React-RuntimeApple -I/Users/karelbraborec/rev-meter/ios/Pods/Headers/Public/React-RuntimeCore -I/Users/karelbraborec/rev-meter/ios/Pods/Headers/Public/React-RuntimeHermes -I/Users/karelbraborec/rev-meter/ios/Pods/Headers/Public/React-callinvoker -I/Users/karelbraborec/rev-meter/ios/Pods/Headers/Public/React-cxxreact -I/Users/karelbraborec/rev-meter/ios/Pods/Headers/Public/React-debug -I/Users/karelbraborec/rev-meter/ios/Pods/Headers/Public/React-defaultsnativemodule -I/Users/karelbraborec/rev-meter/ios/Pods/Headers/Public/React-domnativemodule -I/Users/karelbraborec/rev-meter/ios/Pods/Headers/Public/React-featureflags -I/Users/karelbraborec/rev-meter/ios/Pods/Headers/Public/React-featureflagsnativemodule -I/Users/karelbraborec/rev-meter/ios/Pods/Headers/Public/React-graphics -I/Users/karelbraborec/rev-meter/ios/Pods/Headers/Public/React-hermes -I/Users/karelbraborec/rev-meter/ios/Pods/Headers/Public/React-idlecallbacksnativemodule -I/Users/karelbraborec/rev-meter/ios/Pods/Headers/Public/React-intersectionobservernativemodule -I/Users/karelbraborec/rev-meter/ios/Pods/Headers/Public/React-jserrorhandler -I/Users/karelbraborec/rev-meter/ios/Pods/Headers/Public/React-jsi -I/Users/karelbraborec/rev-meter/ios/Pods/Headers/Public/React-jsiexecutor -I/Users/karelbraborec/rev-meter/ios/Pods/Headers/Public/React-jsinspector -I/Users/karelbraborec/rev-meter/ios/Pods/Headers/Public/React-jsinspectorcdp -I/Users/karelbraborec/rev-meter/ios/Pods/Headers/Public/React-jsinspectornetwork -I/Users/karelbraborec/rev-meter/ios/Pods/Headers/Public/React-jsinspectortracing -I/Users/karelbraborec/rev-meter/ios/Pods/Headers/Public/React-jsitooling -I/Users/karelbraborec/rev-meter/ios/Pods/Headers/Public/React-logger -I/Users/karelbraborec/rev-meter/ios/Pods/Headers/Public/React-microtasksnativemodule -I/Users/karelbraborec/rev-meter/ios/Pods/Headers/Public/React-mutationobservernativemodule -I/Users/karelbraborec/rev-meter/ios/Pods/Headers/Public/React-networking -I/Users/karelbraborec/rev-meter/ios/Pods/Headers/Public/React-oscompat -I/Users/karelbraborec/rev-meter/ios/Pods/Headers/Public/React-perflogger -I/Users/karelbraborec/rev-meter/ios/Pods/Headers/Public/React-performancecdpmetrics -I/Users/karelbraborec/rev-meter/ios/Pods/Headers/Public/React-performancetimeline -I/Users/karelbraborec/rev-meter/ios/Pods/Headers/Public/React-rendererconsistency -I/Users/karelbraborec/rev-meter/ios/Pods/Headers/Public/React-renderercss -I/Users/karelbraborec/rev-meter/ios/Pods/Headers/Public/React-rendererdebug -I/Users/karelbraborec/rev-meter/ios/Pods/Headers/Public/React-runtimeexecutor -I/Users/karelbraborec/rev-meter/ios/Pods/Headers/Public/React-runtimescheduler -I/Users/karelbraborec/rev-meter/ios/Pods/Headers/Public/React-timing -I/Users/karelbraborec/rev-meter/ios/Pods/Headers/Public/React-utils -I/Users/karelbraborec/rev-meter/ios/Pods/Headers/Public/React-viewtransitionnativemodule -I/Users/karelbraborec/rev-meter/ios/Pods/Headers/Public/React-webperformancenativemodule -I/Users/karelbraborec/rev-meter/ios/Pods/Headers/Public/ReactCodegen -I/Users/karelbraborec/rev-meter/ios/Pods/Headers/Public/ReactCommon -I/Users/karelbraborec/rev-meter/ios/Pods/Headers/Public/ReactNativeDependencies -I/Users/karelbraborec/rev-meter/ios/Pods/Headers/Public/Yoga -I/Users/karelbraborec/rev-meter/ios/Pods/Headers/Public/hermes-engine -I/Users/karelbraborec/rev-meter/ios/Pods/boost -I/Users/karelbraborec/rev-meter/ios/Pods/boost-for-react-native -I/Users/karelbraborec/rev-meter/ios/Pods/glog -I/Users/karelbraborec/rev-meter/ios/Pods/RCT-Folly -I/Users/karelbraborec/rev-meter/ios/Pods/Headers/Public/React-hermes -I/Users/karelbraborec/rev-meter/ios/Pods/Headers/Public/hermes-engine -I/Users/karelbraborec/rev-meter/ios/Pods/Headers/Public/RNWorklets -I/Users/karelbraborec/rev-meter/node_modules/react-native/ReactCommon -I/Users/karelbraborec/rev-meter/node_modules/react-native/ReactCommon/jsitooling -I/Users/karelbraborec/rev-meter/node_modules/react-native-reanimated/ReactCommon -I/Users/karelbraborec/rev-meter/node_modules/react-native-reanimated -I/Users/karelbraborec/rev-meter/ios/Pods/RCT-Folly -I/Users/karelbraborec/rev-meter/ios/Pods/boost -I/Users/karelbraborec/rev-meter/ios/Pods/boost-for-react-native -I/Users/karelbraborec/rev-meter/ios/Pods/DoubleConversion -I/Users/karelbraborec/rev-meter/ios/Pods/Headers/Private/React-Core -I/Users/karelbraborec/rev-meter/ios/Pods/Headers/Private/Yoga -I/Users/karelbraborec/rev-meter/ios/Pods/Headers/Public/RNWorklets -I/Users/karelbraborec/rev-meter/ios/Pods/Headers/Private/Yoga -I/Users/karelbraborec/rev-meter/ios/Pods/ExpoModulesCore/ExpoModulesCore.xcframework/ios-arm64_x86_64-simulator/ExpoModulesCore.framework/Headers -I/Users/karelbraborec/rev-meter/ios/Pods/ExpoModulesCore/ExpoModulesCore.xcframework/ios-arm64/ExpoModulesCore.framework/Headers -I/Users/karelbraborec/rev-meter/ios/Pods/ExpoModulesCore/ExpoModulesCore.xcframework/ios-arm64_x86_64-simulator/ExpoModulesCore.framework/Headers -I/Users/karelbraborec/rev-meter/ios/Pods/ExpoModulesCore/ExpoModulesCore.xcframework/ios-arm64/ExpoModulesCore.framework/Headers -I/Users/karelbraborec/Library/Developer/Xcode/DerivedData/revmeter-hbcnswmlqmbpnlazhhkncgeowiss/Build/Intermediates.noindex/Pods.build/Debug-iphonesimulator/RNReanimated.build/DerivedSources-normal/x86_64 -I/Users/karelbraborec/Library/Developer/Xcode/DerivedData/revmeter-hbcnswmlqmbpnlazhhkncgeowiss/Build/Intermediates.noindex/Pods.build/Debug-iphonesimulator/RNReanimated.build/DerivedSources/x86_64 -I/Users/karelbraborec/Library/Developer/Xcode/DerivedData/revmeter-hbcnswmlqmbpnlazhhkncgeowiss/Build/Intermediates.noindex/Pods.build/Debug-iphonesimulator/RNReanimated.build/DerivedSources -F/Users/karelbraborec/Library/Developer/Xcode/DerivedData/revmeter-hbcnswmlqmbpnlazhhkncgeowiss/Build/Products/Debug-iphonesimulator/RNReanimated -F/Users/karelbraborec/rev-meter/ios/Pods/React-Core-prebuilt -F/Users/karelbraborec/rev-meter/ios/Pods/ReactNativeDependencies/framework/packages/react-native -F/Users/karelbraborec/rev-meter/ios/Pods/hermes-engine/destroot/Library/Frameworks/universal -F/Users/karelbraborec/Library/Developer/Xcode/DerivedData/revmeter-hbcnswmlqmbpnlazhhkncgeowiss/Build/Products/Debug-iphonesimulator/XCFrameworkIntermediates/React-Core-prebuilt -F/Users/karelbraborec/Library/Developer/Xcode/DerivedData/revmeter-hbcnswmlqmbpnlazhhkncgeowiss/Build/Products/Debug-iphonesimulator/XCFrameworkIntermediates/ReactNativeDependencies -F/Users/karelbraborec/Library/Developer/Xcode/DerivedData/revmeter-hbcnswmlqmbpnlazhhkncgeowiss/Build/Products/Debug-iphonesimulator/XCFrameworkIntermediates/hermes-engine/Pre-built -F/Users/karelbraborec/Library/Developer/Xcode/DerivedData/revmeter-hbcnswmlqmbpnlazhhkncgeowiss/Build/Products/Debug-iphonesimulator/React-hermes '-DRCT_REMOVE_LEGACY_ARCH=1' '-fmodule-map-file=/Users/karelbraborec/rev-meter/ios/Pods/Headers/Public/ReactCodegen/ReactCodegen.modulemap' '-fmodule-map-file=/Users/karelbraborec/rev-meter/ios/Pods/Headers/Public/worklets/RNWorklets.modulemap' '-DRCT_REMOVE_LEGACY_ARCH=1' '-DREANIMATED_VERSION=4.5.1' '-DREANIMATED_FEATURE_FLAGS=[RUNTIME_TEST_FLAG:false][DISABLE_COMMIT_PAUSING_MECHANISM:false][ANDROID_SYNCHRONOUSLY_UPDATE_UI_PROPS:false][IOS_SYNCHRONOUSLY_UPDATE_UI_PROPS:false][EXPERIMENTAL_CSS_ANIMATIONS_FOR_SVG_COMPONENTS:true][IOS_CSS_CORE_ANIMATION:false][USE_SYNCHRONIZABLE_FOR_MUTABLES:true][USE_COMMIT_HOOK_ONLY_FOR_REACT_COMMITS:true][ENABLE_SHARED_ELEMENT_TRANSITIONS:false][FORCE_REACT_RENDER_FOR_SETTLED_ANIMATIONS:true][USE_ANIMATION_BACKEND:false]' '-DRCT_REMOVE_LEGACY_ARCH=1' -ivfsoverlay /Users/karelbraborec/rev-meter/ios/Pods/React-Core-prebuilt/React-VFS.yaml

WriteAuxiliaryFile /Users/karelbraborec/Library/Developer/Xcode/DerivedData/revmeter-hbcnswmlqmbpnlazhhkncgeowiss/Build/Intermediates.noindex/Pods.build/Debug-iphonesimulator/RNReanimated.build/Objects-normal/x86_64/af3fcb34312c57c0f52879cdce924b91-common-args.resp (in target 'RNReanimated' from project 'Pods')
    cd /Users/karelbraborec/rev-meter/ios/Pods
    write-file /Users/karelbraborec/Library/Developer/Xcode/DerivedData/revmeter-hbcnswmlqmbpnlazhhkncgeowiss/Build/Intermediates.noindex/Pods.build/Debug-iphonesimulator/RNReanimated.build/Objects-normal/x86_64/af3fcb34312c57c0f52879cdce924b91-common-args.resp
'-std=c++20' '-stdlib=libc++' -fobjc-arc -fmodules -fno-cxx-modules '-fmodules-cache-path=/Users/karelbraborec/Library/Developer/Xcode/DerivedData/ModuleCache.noindex' '-fmodule-name=reanimated' '-D_LIBCPP_HARDENING_MODE=_LIBCPP_HARDENING_MODE_DEBUG' -fpascal-strings -O0 -fno-common '-DPOD_CONFIGURATION_DEBUG=1' '-DDEBUG=1' '-DCOCOAPODS=1' '-DOBJC_OLD_DISPATCH_PROTOTYPES=0' -fasm-blocks -g '-fobjc-abi-version=2' -fobjc-legacy-dispatch -iquote /Users/karelbraborec/Library/Developer/Xcode/DerivedData/revmeter-hbcnswmlqmbpnlazhhkncgeowiss/Build/Intermediates.noindex/Pods.build/Debug-iphonesimulator/RNReanimated.build/RNReanimated-generated-files.hmap -I/Users/karelbraborec/Library/Developer/Xcode/DerivedData/revmeter-hbcnswmlqmbpnlazhhkncgeowiss/Build/Intermediates.noindex/Pods.build/Debug-iphonesimulator/RNReanimated.build/RNReanimated-own-target-headers.hmap -I/Users/karelbraborec/Library/Developer/Xcode/DerivedData/revmeter-hbcnswmlqmbpnlazhhkncgeowiss/Build/Intermediates.noindex/Pods.build/Debug-iphonesimulator/RNReanimated.build/RNReanimated-all-non-framework-target-headers.hmap -ivfsoverlay /Users/karelbraborec/Library/Developer/Xcode/DerivedData/revmeter-hbcnswmlqmbpnlazhhkncgeowiss/Build/Intermediates.noindex/Pods.build/Debug-iphonesimulator/Pods-8699adb1dd336b26511df848a716bd42-VFS-iphonesimulator/all-product-headers.yaml -iquote /Users/karelbraborec/Library/Developer/Xcode/DerivedData/revmeter-hbcnswmlqmbpnlazhhkncgeowiss/Build/Intermediates.noindex/Pods.build/Debug-iphonesimulator/RNReanimated.build/RNReanimated-project-headers.hmap -I/Users/karelbraborec/Library/Developer/Xcode/DerivedData/revmeter-hbcnswmlqmbpnlazhhkncgeowiss/Build/Products/Debug-iphonesimulator/RNReanimated/include -I/Users/karelbraborec/rev-meter/ios/Pods/Headers/Private -I/Users/karelbraborec/rev-meter/ios/Pods/Headers/Private/RNReanimated -I/Users/karelbraborec/rev-meter/ios/Pods/Headers/Public -I/Users/karelbraborec/rev-meter/ios/Pods/Headers/Public/FBLazyVector -I/Users/karelbraborec/rev-meter/ios/Pods/Headers/Public/RCTRequired -I/Users/karelbraborec/rev-meter/ios/Pods/Headers/Public/RCTSwiftUIWrapper -I/Users/karelbraborec/rev-meter/ios/Pods/Headers/Public/RCTTypeSafety -I/Users/karelbraborec/rev-meter/ios/Pods/Headers/Public/RNReanimated -I/Users/karelbraborec/rev-meter/ios/Pods/Headers/Public/RNWorklets -I/Users/karelbraborec/rev-meter/ios/Pods/Headers/Public/React-Core -I/Users/karelbraborec/rev-meter/ios/Pods/Headers/Public/React-Core-prebuilt -I/Users/karelbraborec/rev-meter/ios/Pods/Headers/Public/React-CoreModules -I/Users/karelbraborec/rev-meter/ios/Pods/Headers/Public/React-Fabric -I/Users/karelbraborec/rev-meter/ios/Pods/Headers/Public/React-FabricComponents -I/Users/karelbraborec/rev-meter/ios/Pods/Headers/Public/React-FabricImage -I/Users/karelbraborec/rev-meter/ios/Pods/Headers/Public/React-ImageManager -I/Users/karelbraborec/rev-meter/ios/Pods/Headers/Public/React-Mapbuffer -I/Users/karelbraborec/rev-meter/ios/Pods/Headers/Public/React-NativeModulesApple -I/Users/karelbraborec/rev-meter/ios/Pods/Headers/Public/React-RCTAnimation -I/Users/karelbraborec/rev-meter/ios/Pods/Headers/Public/React-RCTBlob -I/Users/karelbraborec/rev-meter/ios/Pods/Headers/Public/React-RCTFBReactNativeSpec -I/Users/karelbraborec/rev-meter/ios/Pods/Headers/Public/React-RCTFabric -I/Users/karelbraborec/rev-meter/ios/Pods/Headers/Public/React-RCTImage -I/Users/karelbraborec/rev-meter/ios/Pods/Headers/Public/React-RCTRuntime -I/Users/karelbraborec/rev-meter/ios/Pods/Headers/Public/React-RCTText -I/Users/karelbraborec/rev-meter/ios/Pods/Headers/Public/React-RuntimeApple -I/Users/karelbraborec/rev-meter/ios/Pods/Headers/Public/React-RuntimeCore -I/Users/karelbraborec/rev-meter/ios/Pods/Headers/Public/React-RuntimeHermes -I/Users/karelbraborec/rev-meter/ios/Pods/Headers/Public/React-callinvoker -I/Users/karelbraborec/rev-meter/ios/Pods/Headers/Public/React-cxxreact -I/Users/karelbraborec/rev-meter/ios/Pods/Headers/Public/React-debug -I/Users/karelbraborec/rev-meter/ios/Pods/Headers/Public/React-defaultsnativemodule -I/Users/karelbraborec/rev-meter/ios/Pods/Headers/Public/React-domnativemodule -I/Users/karelbraborec/rev-meter/ios/Pods/Headers/Public/React-featureflags -I/Users/karelbraborec/rev-meter/ios/Pods/Headers/Public/React-featureflagsnativemodule -I/Users/karelbraborec/rev-meter/ios/Pods/Headers/Public/React-graphics -I/Users/karelbraborec/rev-meter/ios/Pods/Headers/Public/React-hermes -I/Users/karelbraborec/rev-meter/ios/Pods/Headers/Public/React-idlecallbacksnativemodule -I/Users/karelbraborec/rev-meter/ios/Pods/Headers/Public/React-intersectionobservernativemodule -I/Users/karelbraborec/rev-meter/ios/Pods/Headers/Public/React-jserrorhandler -I/Users/karelbraborec/rev-meter/ios/Pods/Headers/Public/React-jsi -I/Users/karelbraborec/rev-meter/ios/Pods/Headers/Public/React-jsiexecutor -I/Users/karelbraborec/rev-meter/ios/Pods/Headers/Public/React-jsinspector -I/Users/karelbraborec/rev-meter/ios/Pods/Headers/Public/React-jsinspectorcdp -I/Users/karelbraborec/rev-meter/ios/Pods/Headers/Public/React-jsinspectornetwork -I/Users/karelbraborec/rev-meter/ios/Pods/Headers/Public/React-jsinspectortracing -I/Users/karelbraborec/rev-meter/ios/Pods/Headers/Public/React-jsitooling -I/Users/karelbraborec/rev-meter/ios/Pods/Headers/Public/React-logger -I/Users/karelbraborec/rev-meter/ios/Pods/Headers/Public/React-microtasksnativemodule -I/Users/karelbraborec/rev-meter/ios/Pods/Headers/Public/React-mutationobservernativemodule -I/Users/karelbraborec/rev-meter/ios/Pods/Headers/Public/React-networking -I/Users/karelbraborec/rev-meter/ios/Pods/Headers/Public/React-oscompat -I/Users/karelbraborec/rev-meter/ios/Pods/Headers/Public/React-perflogger -I/Users/karelbraborec/rev-meter/ios/Pods/Headers/Public/React-performancecdpmetrics -I/Users/karelbraborec/rev-meter/ios/Pods/Headers/Public/React-performancetimeline -I/Users/karelbraborec/rev-meter/ios/Pods/Headers/Public/React-rendererconsistency -I/Users/karelbraborec/rev-meter/ios/Pods/Headers/Public/React-renderercss -I/Users/karelbraborec/rev-meter/ios/Pods/Headers/Public/React-rendererdebug -I/Users/karelbraborec/rev-meter/ios/Pods/Headers/Public/React-runtimeexecutor -I/Users/karelbraborec/rev-meter/ios/Pods/Headers/Public/React-runtimescheduler -I/Users/karelbraborec/rev-meter/ios/Pods/Headers/Public/React-timing -I/Users/karelbraborec/rev-meter/ios/Pods/Headers/Public/React-utils -I/Users/karelbraborec/rev-meter/ios/Pods/Headers/Public/React-viewtransitionnativemodule -I/Users/karelbraborec/rev-meter/ios/Pods/Headers/Public/React-webperformancenativemodule -I/Users/karelbraborec/rev-meter/ios/Pods/Headers/Public/ReactCodegen -I/Users/karelbraborec/rev-meter/ios/Pods/Headers/Public/ReactCommon -I/Users/karelbraborec/rev-meter/ios/Pods/Headers/Public/ReactNativeDependencies -I/Users/karelbraborec/rev-meter/ios/Pods/Headers/Public/Yoga -I/Users/karelbraborec/rev-meter/ios/Pods/Headers/Public/hermes-engine -I/Users/karelbraborec/rev-meter/ios/Pods/boost -I/Users/karelbraborec/rev-meter/ios/Pods/boost-for-react-native -I/Users/karelbraborec/rev-meter/ios/Pods/glog -I/Users/karelbraborec/rev-meter/ios/Pods/RCT-Folly -I/Users/karelbraborec/rev-meter/ios/Pods/Headers/Public/React-hermes -I/Users/karelbraborec/rev-meter/ios/Pods/Headers/Public/hermes-engine -I/Users/karelbraborec/rev-meter/ios/Pods/Headers/Public/RNWorklets -I/Users/karelbraborec/rev-meter/node_modules/react-native/ReactCommon -I/Users/karelbraborec/rev-meter/node_modules/react-native/ReactCommon/jsitooling -I/Users/karelbraborec/rev-meter/node_modules/react-native-reanimated/ReactCommon -I/Users/karelbraborec/rev-meter/node_modules/react-native-reanimated -I/Users/karelbraborec/rev-meter/ios/Pods/RCT-Folly -I/Users/karelbraborec/rev-meter/ios/Pods/boost -I/Users/karelbraborec/rev-meter/ios/Pods/boost-for-react-native -I/Users/karelbraborec/rev-meter/ios/Pods/DoubleConversion -I/Users/karelbraborec/rev-meter/ios/Pods/Headers/Private/React-Core -I/Users/karelbraborec/rev-meter/ios/Pods/Headers/Private/Yoga -I/Users/karelbraborec/rev-meter/ios/Pods/Headers/Public/RNWorklets -I/Users/karelbraborec/rev-meter/ios/Pods/Headers/Private/Yoga -I/Users/karelbraborec/rev-meter/ios/Pods/ExpoModulesCore/ExpoModulesCore.xcframework/ios-arm64_x86_64-simulator/ExpoModulesCore.framework/Headers -I/Users/karelbraborec/rev-meter/ios/Pods/ExpoModulesCore/ExpoModulesCore.xcframework/ios-arm64/ExpoModulesCore.framework/Headers -I/Users/karelbraborec/rev-meter/ios/Pods/ExpoModulesCore/ExpoModulesCore.xcframework/ios-arm64_x86_64-simulator/ExpoModulesCore.framework/Headers -I/Users/karelbraborec/rev-meter/ios/Pods/ExpoModulesCore/ExpoModulesCore.xcframework/ios-arm64/ExpoModulesCore.framework/Headers -I/Users/karelbraborec/Library/Developer/Xcode/DerivedData/revmeter-hbcnswmlqmbpnlazhhkncgeowiss/Build/Intermediates.noindex/Pods.build/Debug-iphonesimulator/RNReanimated.build/DerivedSources-normal/x86_64 -I/Users/karelbraborec/Library/Developer/Xcode/DerivedData/revmeter-hbcnswmlqmbpnlazhhkncgeowiss/Build/Intermediates.noindex/Pods.build/Debug-iphonesimulator/RNReanimated.build/DerivedSources/x86_64 -I/Users/karelbraborec/Library/Developer/Xcode/DerivedData/revmeter-hbcnswmlqmbpnlazhhkncgeowiss/Build/Intermediates.noindex/Pods.build/Debug-iphonesimulator/RNReanimated.build/DerivedSources -F/Users/karelbraborec/Library/Developer/Xcode/DerivedData/revmeter-hbcnswmlqmbpnlazhhkncgeowiss/Build/Products/Debug-iphonesimulator/RNReanimated -F/Users/karelbraborec/rev-meter/ios/Pods/React-Core-prebuilt -F/Users/karelbraborec/rev-meter/ios/Pods/ReactNativeDependencies/framework/packages/react-native -F/Users/karelbraborec/rev-meter/ios/Pods/hermes-engine/destroot/Library/Frameworks/universal -F/Users/karelbraborec/Library/Developer/Xcode/DerivedData/revmeter-hbcnswmlqmbpnlazhhkncgeowiss/Build/Products/Debug-iphonesimulator/XCFrameworkIntermediates/React-Core-prebuilt -F/Users/karelbraborec/Library/Developer/Xcode/DerivedData/revmeter-hbcnswmlqmbpnlazhhkncgeowiss/Build/Products/Debug-iphonesimulator/XCFrameworkIntermediates/ReactNativeDependencies -F/Users/karelbraborec/Library/Developer/Xcode/DerivedData/revmeter-hbcnswmlqmbpnlazhhkncgeowiss/Build/Products/Debug-iphonesimulator/XCFrameworkIntermediates/hermes-engine/Pre-built -F/Users/karelbraborec/Library/Developer/Xcode/DerivedData/revmeter-hbcnswmlqmbpnlazhhkncgeowiss/Build/Products/Debug-iphonesimulator/React-hermes '-DRCT_REMOVE_LEGACY_ARCH=1' '-fmodule-map-file=/Users/karelbraborec/rev-meter/ios/Pods/Headers/Public/ReactCodegen/ReactCodegen.modulemap' '-fmodule-map-file=/Users/karelbraborec/rev-meter/ios/Pods/Headers/Public/worklets/RNWorklets.modulemap' '-DRCT_REMOVE_LEGACY_ARCH=1' '-DREANIMATED_VERSION=4.5.1' '-DREANIMATED_FEATURE_FLAGS=[RUNTIME_TEST_FLAG:false][DISABLE_COMMIT_PAUSING_MECHANISM:false][ANDROID_SYNCHRONOUSLY_UPDATE_UI_PROPS:false][IOS_SYNCHRONOUSLY_UPDATE_UI_PROPS:false][EXPERIMENTAL_CSS_ANIMATIONS_FOR_SVG_COMPONENTS:true][IOS_CSS_CORE_ANIMATION:false][USE_SYNCHRONIZABLE_FOR_MUTABLES:true][USE_COMMIT_HOOK_ONLY_FOR_REACT_COMMITS:true][ENABLE_SHARED_ELEMENT_TRANSITIONS:false][FORCE_REACT_RENDER_FOR_SETTLED_ANIMATIONS:true][USE_ANIMATION_BACKEND:false]' '-DRCT_REMOVE_LEGACY_ARCH=1' -ivfsoverlay /Users/karelbraborec/rev-meter/ios/Pods/React-Core-prebuilt/React-VFS.yaml '-DRCT_REMOVE_LEGACY_ARCH=1' '-DRCT_NEW_ARCH_ENABLED=1' -ivfsoverlay /Users/karelbraborec/rev-meter/ios/Pods/React-Core-prebuilt/React-VFS.yaml

WriteAuxiliaryFile /Users/karelbraborec/Library/Developer/Xcode/DerivedData/revmeter-hbcnswmlqmbpnlazhhkncgeowiss/Build/Intermediates.noindex/Pods.build/Debug-iphonesimulator/RNReanimated.build/Objects-normal/x86_64/RNReanimated.LinkFileList (in target 'RNReanimated' from project 'Pods')
    cd /Users/karelbraborec/rev-meter/ios/Pods
    write-file /Users/karelbraborec/Library/Developer/Xcode/DerivedData/revmeter-hbcnswmlqmbpnlazhhkncgeowiss/Build/Intermediates.noindex/Pods.build/Debug-iphonesimulator/RNReanimated.build/Objects-normal/x86_64/RNReanimated.LinkFileList

WriteAuxiliaryFile /Users/karelbraborec/Library/Developer/Xcode/DerivedData/revmeter-hbcnswmlqmbpnlazhhkncgeowiss/Build/Intermediates.noindex/Pods.build/Debug-iphonesimulator/RNReanimated.build/Objects-normal/x86_64/82b82416624d2658e5098eb0a28c15c5-common-args.resp (in target 'RNReanimated' from project 'Pods')
    cd /Users/karelbraborec/rev-meter/ios/Pods
    write-file /Users/karelbraborec/Library/Developer/Xcode/DerivedData/revmeter-hbcnswmlqmbpnlazhhkncgeowiss/Build/Intermediates.noindex/Pods.build/Debug-iphonesimulator/RNReanimated.build/Objects-normal/x86_64/82b82416624d2658e5098eb0a28c15c5-common-args.resp
'-std=c++20' '-stdlib=libc++' -fmodules -fno-cxx-modules '-fmodules-cache-path=/Users/karelbraborec/Library/Developer/Xcode/DerivedData/ModuleCache.noindex' '-fmodule-name=reanimated' '-D_LIBCPP_HARDENING_MODE=_LIBCPP_HARDENING_MODE_DEBUG' -fpascal-strings -O0 -fno-common '-DPOD_CONFIGURATION_DEBUG=1' '-DDEBUG=1' '-DCOCOAPODS=1' -fasm-blocks -g -iquote /Users/karelbraborec/Library/Developer/Xcode/DerivedData/revmeter-hbcnswmlqmbpnlazhhkncgeowiss/Build/Intermediates.noindex/Pods.build/Debug-iphonesimulator/RNReanimated.build/RNReanimated-generated-files.hmap -I/Users/karelbraborec/Library/Developer/Xcode/DerivedData/revmeter-hbcnswmlqmbpnlazhhkncgeowiss/Build/Intermediates.noindex/Pods.build/Debug-iphonesimulator/RNReanimated.build/RNReanimated-own-target-headers.hmap -I/Users/karelbraborec/Library/Developer/Xcode/DerivedData/revmeter-hbcnswmlqmbpnlazhhkncgeowiss/Build/Intermediates.noindex/Pods.build/Debug-iphonesimulator/RNReanimated.build/RNReanimated-all-non-framework-target-headers.hmap -ivfsoverlay /Users/karelbraborec/Library/Developer/Xcode/DerivedData/revmeter-hbcnswmlqmbpnlazhhkncgeowiss/Build/Intermediates.noindex/Pods.build/Debug-iphonesimulator/Pods-8699adb1dd336b26511df848a716bd42-VFS-iphonesimulator/all-product-headers.yaml -iquote /Users/karelbraborec/Library/Developer/Xcode/DerivedData/revmeter-hbcnswmlqmbpnlazhhkncgeowiss/Build/Intermediates.noindex/Pods.build/Debug-iphonesimulator/RNReanimated.build/RNReanimated-project-headers.hmap -I/Users/karelbraborec/Library/Developer/Xcode/DerivedData/revmeter-hbcnswmlqmbpnlazhhkncgeowiss/Build/Products/Debug-iphonesimulator/RNReanimated/include -I/Users/karelbraborec/rev-meter/ios/Pods/Headers/Private -I/Users/karelbraborec/rev-meter/ios/Pods/Headers/Private/RNReanimated -I/Users/karelbraborec/rev-meter/ios/Pods/Headers/Public -I/Users/karelbraborec/rev-meter/ios/Pods/Headers/Public/FBLazyVector -I/Users/karelbraborec/rev-meter/ios/Pods/Headers/Public/RCTRequired -I/Users/karelbraborec/rev-meter/ios/Pods/Headers/Public/RCTSwiftUIWrapper -I/Users/karelbraborec/rev-meter/ios/Pods/Headers/Public/RCTTypeSafety -I/Users/karelbraborec/rev-meter/ios/Pods/Headers/Public/RNReanimated -I/Users/karelbraborec/rev-meter/ios/Pods/Headers/Public/RNWorklets -I/Users/karelbraborec/rev-meter/ios/Pods/Headers/Public/React-Core -I/Users/karelbraborec/rev-meter/ios/Pods/Headers/Public/React-Core-prebuilt -I/Users/karelbraborec/rev-meter/ios/Pods/Headers/Public/React-CoreModules -I/Users/karelbraborec/rev-meter/ios/Pods/Headers/Public/React-Fabric -I/Users/karelbraborec/rev-meter/ios/Pods/Headers/Public/React-FabricComponents -I/Users/karelbraborec/rev-meter/ios/Pods/Headers/Public/React-FabricImage -I/Users/karelbraborec/rev-meter/ios/Pods/Headers/Public/React-ImageManager -I/Users/karelbraborec/rev-meter/ios/Pods/Headers/Public/React-Mapbuffer -I/Users/karelbraborec/rev-meter/ios/Pods/Headers/Public/React-NativeModulesApple -I/Users/karelbraborec/rev-meter/ios/Pods/Headers/Public/React-RCTAnimation -I/Users/karelbraborec/rev-meter/ios/Pods/Headers/Public/React-RCTBlob -I/Users/karelbraborec/rev-meter/ios/Pods/Headers/Public/React-RCTFBReactNativeSpec -I/Users/karelbraborec/rev-meter/ios/Pods/Headers/Public/React-RCTFabric -I/Users/karelbraborec/rev-meter/ios/Pods/Headers/Public/React-RCTImage -I/Users/karelbraborec/rev-meter/ios/Pods/Headers/Public/React-RCTRuntime -I/Users/karelbraborec/rev-meter/ios/Pods/Headers/Public/React-RCTText -I/Users/karelbraborec/rev-meter/ios/Pods/Headers/Public/React-RuntimeApple -I/Users/karelbraborec/rev-meter/ios/Pods/Headers/Public/React-RuntimeCore -I/Users/karelbraborec/rev-meter/ios/Pods/Headers/Public/React-RuntimeHermes -I/Users/karelbraborec/rev-meter/ios/Pods/Headers/Public/React-callinvoker -I/Users/karelbraborec/rev-meter/ios/Pods/Headers/Public/React-cxxreact -I/Users/karelbraborec/rev-meter/ios/Pods/Headers/Public/React-debug -I/Users/karelbraborec/rev-meter/ios/Pods/Headers/Public/React-defaultsnativemodule -I/Users/karelbraborec/rev-meter/ios/Pods/Headers/Public/React-domnativemodule -I/Users/karelbraborec/rev-meter/ios/Pods/Headers/Public/React-featureflags -I/Users/karelbraborec/rev-meter/ios/Pods/Headers/Public/React-featureflagsnativemodule -I/Users/karelbraborec/rev-meter/ios/Pods/Headers/Public/React-graphics -I/Users/karelbraborec/rev-meter/ios/Pods/Headers/Public/React-hermes -I/Users/karelbraborec/rev-meter/ios/Pods/Headers/Public/React-idlecallbacksnativemodule -I/Users/karelbraborec/rev-meter/ios/Pods/Headers/Public/React-intersectionobservernativemodule -I/Users/karelbraborec/rev-meter/ios/Pods/Headers/Public/React-jserrorhandler -I/Users/karelbraborec/rev-meter/ios/Pods/Headers/Public/React-jsi -I/Users/karelbraborec/rev-meter/ios/Pods/Headers/Public/React-jsiexecutor -I/Users/karelbraborec/rev-meter/ios/Pods/Headers/Public/React-jsinspector -I/Users/karelbraborec/rev-meter/ios/Pods/Headers/Public/React-jsinspectorcdp -I/Users/karelbraborec/rev-meter/ios/Pods/Headers/Public/React-jsinspectornetwork -I/Users/karelbraborec/rev-meter/ios/Pods/Headers/Public/React-jsinspectortracing -I/Users/karelbraborec/rev-meter/ios/Pods/Headers/Public/React-jsitooling -I/Users/karelbraborec/rev-meter/ios/Pods/Headers/Public/React-logger -I/Users/karelbraborec/rev-meter/ios/Pods/Headers/Public/React-microtasksnativemodule -I/Users/karelbraborec/rev-meter/ios/Pods/Headers/Public/React-mutationobservernativemodule -I/Users/karelbraborec/rev-meter/ios/Pods/Headers/Public/React-networking -I/Users/karelbraborec/rev-meter/ios/Pods/Headers/Public/React-oscompat -I/Users/karelbraborec/rev-meter/ios/Pods/Headers/Public/React-perflogger -I/Users/karelbraborec/rev-meter/ios/Pods/Headers/Public/React-performancecdpmetrics -I/Users/karelbraborec/rev-meter/ios/Pods/Headers/Public/React-performancetimeline -I/Users/karelbraborec/rev-meter/ios/Pods/Headers/Public/React-rendererconsistency -I/Users/karelbraborec/rev-meter/ios/Pods/Headers/Public/React-renderercss -I/Users/karelbraborec/rev-meter/ios/Pods/Headers/Public/React-rendererdebug -I/Users/karelbraborec/rev-meter/ios/Pods/Headers/Public/React-runtimeexecutor -I/Users/karelbraborec/rev-meter/ios/Pods/Headers/Public/React-runtimescheduler -I/Users/karelbraborec/rev-meter/ios/Pods/Headers/Public/React-timing -I/Users/karelbraborec/rev-meter/ios/Pods/Headers/Public/React-utils -I/Users/karelbraborec/rev-meter/ios/Pods/Headers/Public/React-viewtransitionnativemodule -I/Users/karelbraborec/rev-meter/ios/Pods/Headers/Public/React-webperformancenativemodule -I/Users/karelbraborec/rev-meter/ios/Pods/Headers/Public/ReactCodegen -I/Users/karelbraborec/rev-meter/ios/Pods/Headers/Public/ReactCommon -I/Users/karelbraborec/rev-meter/ios/Pods/Headers/Public/ReactNativeDependencies -I/Users/karelbraborec/rev-meter/ios/Pods/Headers/Public/Yoga -I/Users/karelbraborec/rev-meter/ios/Pods/Headers/Public/hermes-engine -I/Users/karelbraborec/rev-meter/ios/Pods/boost -I/Users/karelbraborec/rev-meter/ios/Pods/boost-for-react-native -I/Users/karelbraborec/rev-meter/ios/Pods/glog -I/Users/karelbraborec/rev-meter/ios/Pods/RCT-Folly -I/Users/karelbraborec/rev-meter/ios/Pods/Headers/Public/React-hermes -I/Users/karelbraborec/rev-meter/ios/Pods/Headers/Public/hermes-engine -I/Users/karelbraborec/rev-meter/ios/Pods/Headers/Public/RNWorklets -I/Users/karelbraborec/rev-meter/node_modules/react-native/ReactCommon -I/Users/karelbraborec/rev-meter/node_modules/react-native/ReactCommon/jsitooling -I/Users/karelbraborec/rev-meter/node_modules/react-native-reanimated/ReactCommon -I/Users/karelbraborec/rev-meter/node_modules/react-native-reanimated -I/Users/karelbraborec/rev-meter/ios/Pods/RCT-Folly -I/Users/karelbraborec/rev-meter/ios/Pods/boost -I/Users/karelbraborec/rev-meter/ios/Pods/boost-for-react-native -I/Users/karelbraborec/rev-meter/ios/Pods/DoubleConversion -I/Users/karelbraborec/rev-meter/ios/Pods/Headers/Private/React-Core -I/Users/karelbraborec/rev-meter/ios/Pods/Headers/Private/Yoga -I/Users/karelbraborec/rev-meter/ios/Pods/Headers/Public/RNWorklets -I/Users/karelbraborec/rev-meter/ios/Pods/Headers/Private/Yoga -I/Users/karelbraborec/rev-meter/ios/Pods/ExpoModulesCore/ExpoModulesCore.xcframework/ios-arm64_x86_64-simulator/ExpoModulesCore.framework/Headers -I/Users/karelbraborec/rev-meter/ios/Pods/ExpoModulesCore/ExpoModulesCore.xcframework/ios-arm64/ExpoModulesCore.framework/Headers -I/Users/karelbraborec/rev-meter/ios/Pods/ExpoModulesCore/ExpoModulesCore.xcframework/ios-arm64_x86_64-simulator/ExpoModulesCore.framework/Headers -I/Users/karelbraborec/rev-meter/ios/Pods/ExpoModulesCore/ExpoModulesCore.xcframework/ios-arm64/ExpoModulesCore.framework/Headers -I/Users/karelbraborec/Library/Developer/Xcode/DerivedData/revmeter-hbcnswmlqmbpnlazhhkncgeowiss/Build/Intermediates.noindex/Pods.build/Debug-iphonesimulator/RNReanimated.build/DerivedSources-normal/x86_64 -I/Users/karelbraborec/Library/Developer/Xcode/DerivedData/revmeter-hbcnswmlqmbpnlazhhkncgeowiss/Build/Intermediates.noindex/Pods.build/Debug-iphonesimulator/RNReanimated.build/DerivedSources/x86_64 -I/Users/karelbraborec/Library/Developer/Xcode/DerivedData/revmeter-hbcnswmlqmbpnlazhhkncgeowiss/Build/Intermediates.noindex/Pods.build/Debug-iphonesimulator/RNReanimated.build/DerivedSources -F/Users/karelbraborec/Library/Developer/Xcode/DerivedData/revmeter-hbcnswmlqmbpnlazhhkncgeowiss/Build/Products/Debug-iphonesimulator/RNReanimated -F/Users/karelbraborec/rev-meter/ios/Pods/React-Core-prebuilt -F/Users/karelbraborec/rev-meter/ios/Pods/ReactNativeDependencies/framework/packages/react-native -F/Users/karelbraborec/rev-meter/ios/Pods/hermes-engine/destroot/Library/Frameworks/universal -F/Users/karelbraborec/Library/Developer/Xcode/DerivedData/revmeter-hbcnswmlqmbpnlazhhkncgeowiss/Build/Products/Debug-iphonesimulator/XCFrameworkIntermediates/React-Core-prebuilt -F/Users/karelbraborec/Library/Developer/Xcode/DerivedData/revmeter-hbcnswmlqmbpnlazhhkncgeowiss/Build/Products/Debug-iphonesimulator/XCFrameworkIntermediates/ReactNativeDependencies -F/Users/karelbraborec/Library/Developer/Xcode/DerivedData/revmeter-hbcnswmlqmbpnlazhhkncgeowiss/Build/Products/Debug-iphonesimulator/XCFrameworkIntermediates/hermes-engine/Pre-built -F/Users/karelbraborec/Library/Developer/Xcode/DerivedData/revmeter-hbcnswmlqmbpnlazhhkncgeowiss/Build/Products/Debug-iphonesimulator/React-hermes '-DRCT_REMOVE_LEGACY_ARCH=1' '-fmodule-map-file=/Users/karelbraborec/rev-meter/ios/Pods/Headers/Public/ReactCodegen/ReactCodegen.modulemap' '-fmodule-map-file=/Users/karelbraborec/rev-meter/ios/Pods/Headers/Public/worklets/RNWorklets.modulemap' '-DRCT_REMOVE_LEGACY_ARCH=1' '-DREANIMATED_VERSION=4.5.1' '-DREANIMATED_FEATURE_FLAGS=[RUNTIME_TEST_FLAG:false][DISABLE_COMMIT_PAUSING_MECHANISM:false][ANDROID_SYNCHRONOUSLY_UPDATE_UI_PROPS:false][IOS_SYNCHRONOUSLY_UPDATE_UI_PROPS:false][EXPERIMENTAL_CSS_ANIMATIONS_FOR_SVG_COMPONENTS:true][IOS_CSS_CORE_ANIMATION:false][USE_SYNCHRONIZABLE_FOR_MUTABLES:true][USE_COMMIT_HOOK_ONLY_FOR_REACT_COMMITS:true][ENABLE_SHARED_ELEMENT_TRANSITIONS:false][FORCE_REACT_RENDER_FOR_SETTLED_ANIMATIONS:true][USE_ANIMATION_BACKEND:false]' '-DRCT_REMOVE_LEGACY_ARCH=1' -ivfsoverlay /Users/karelbraborec/rev-meter/ios/Pods/React-Core-prebuilt/React-VFS.yaml '-DRCT_REMOVE_LEGACY_ARCH=1' '-DRCT_NEW_ARCH_ENABLED=1' -ivfsoverlay /Users/karelbraborec/rev-meter/ios/Pods/React-Core-prebuilt/React-VFS.yaml

WriteAuxiliaryFile /Users/karelbraborec/Library/Developer/Xcode/DerivedData/revmeter-hbcnswmlqmbpnlazhhkncgeowiss/Build/Intermediates.noindex/Pods.build/Debug-iphonesimulator/RNReanimated.build/Objects-normal/arm64/RNReanimated.LinkFileList (in target 'RNReanimated' from project 'Pods')
    cd /Users/karelbraborec/rev-meter/ios/Pods
    write-file /Users/karelbraborec/Library/Developer/Xcode/DerivedData/revmeter-hbcnswmlqmbpnlazhhkncgeowiss/Build/Intermediates.noindex/Pods.build/Debug-iphonesimulator/RNReanimated.build/Objects-normal/arm64/RNReanimated.LinkFileList

WriteAuxiliaryFile /Users/karelbraborec/Library/Developer/Xcode/DerivedData/revmeter-hbcnswmlqmbpnlazhhkncgeowiss/Build/Intermediates.noindex/Pods.build/Debug-iphonesimulator/RNReanimated.build/Objects-normal/arm64/e6072d4f65d7061329687fe24e3d63a7-common-args.resp (in target 'RNReanimated' from project 'Pods')
    cd /Users/karelbraborec/rev-meter/ios/Pods
    write-file /Users/karelbraborec/Library/Developer/Xcode/DerivedData/revmeter-hbcnswmlqmbpnlazhhkncgeowiss/Build/Intermediates.noindex/Pods.build/Debug-iphonesimulator/RNReanimated.build/Objects-normal/arm64/e6072d4f65d7061329687fe24e3d63a7-common-args.resp
'-std=gnu11' -fobjc-arc -fmodules '-fmodules-cache-path=/Users/karelbraborec/Library/Developer/Xcode/DerivedData/ModuleCache.noindex' '-fmodule-name=reanimated' -fpascal-strings -O0 -fno-common '-DPOD_CONFIGURATION_DEBUG=1' '-DDEBUG=1' '-DCOCOAPODS=1' '-DOBJC_OLD_DISPATCH_PROTOTYPES=0' -g '-fobjc-abi-version=2' -fobjc-legacy-dispatch -iquote /Users/karelbraborec/Library/Developer/Xcode/DerivedData/revmeter-hbcnswmlqmbpnlazhhkncgeowiss/Build/Intermediates.noindex/Pods.build/Debug-iphonesimulator/RNReanimated.build/RNReanimated-generated-files.hmap -I/Users/karelbraborec/Library/Developer/Xcode/DerivedData/revmeter-hbcnswmlqmbpnlazhhkncgeowiss/Build/Intermediates.noindex/Pods.build/Debug-iphonesimulator/RNReanimated.build/RNReanimated-own-target-headers.hmap -I/Users/karelbraborec/Library/Developer/Xcode/DerivedData/revmeter-hbcnswmlqmbpnlazhhkncgeowiss/Build/Intermediates.noindex/Pods.build/Debug-iphonesimulator/RNReanimated.build/RNReanimated-all-non-framework-target-headers.hmap -ivfsoverlay /Users/karelbraborec/Library/Developer/Xcode/DerivedData/revmeter-hbcnswmlqmbpnlazhhkncgeowiss/Build/Intermediates.noindex/Pods.build/Debug-iphonesimulator/Pods-8699adb1dd336b26511df848a716bd42-VFS-iphonesimulator/all-product-headers.yaml -iquote /Users/karelbraborec/Library/Developer/Xcode/DerivedData/revmeter-hbcnswmlqmbpnlazhhkncgeowiss/Build/Intermediates.noindex/Pods.build/Debug-iphonesimulator/RNReanimated.build/RNReanimated-project-headers.hmap -I/Users/karelbraborec/Library/Developer/Xcode/DerivedData/revmeter-hbcnswmlqmbpnlazhhkncgeowiss/Build/Products/Debug-iphonesimulator/RNReanimated/include -I/Users/karelbraborec/rev-meter/ios/Pods/Headers/Private -I/Users/karelbraborec/rev-meter/ios/Pods/Headers/Private/RNReanimated -I/Users/karelbraborec/rev-meter/ios/Pods/Headers/Public -I/Users/karelbraborec/rev-meter/ios/Pods/Headers/Public/FBLazyVector -I/Users/karelbraborec/rev-meter/ios/Pods/Headers/Public/RCTRequired -I/Users/karelbraborec/rev-meter/ios/Pods/Headers/Public/RCTSwiftUIWrapper -I/Users/karelbraborec/rev-meter/ios/Pods/Headers/Public/RCTTypeSafety -I/Users/karelbraborec/rev-meter/ios/Pods/Headers/Public/RNReanimated -I/Users/karelbraborec/rev-meter/ios/Pods/Headers/Public/RNWorklets -I/Users/karelbraborec/rev-meter/ios/Pods/Headers/Public/React-Core -I/Users/karelbraborec/rev-meter/ios/Pods/Headers/Public/React-Core-prebuilt -I/Users/karelbraborec/rev-meter/ios/Pods/Headers/Public/React-CoreModules -I/Users/karelbraborec/rev-meter/ios/Pods/Headers/Public/React-Fabric -I/Users/karelbraborec/rev-meter/ios/Pods/Headers/Public/React-FabricComponents -I/Users/karelbraborec/rev-meter/ios/Pods/Headers/Public/React-FabricImage -I/Users/karelbraborec/rev-meter/ios/Pods/Headers/Public/React-ImageManager -I/Users/karelbraborec/rev-meter/ios/Pods/Headers/Public/React-Mapbuffer -I/Users/karelbraborec/rev-meter/ios/Pods/Headers/Public/React-NativeModulesApple -I/Users/karelbraborec/rev-meter/ios/Pods/Headers/Public/React-RCTAnimation -I/Users/karelbraborec/rev-meter/ios/Pods/Headers/Public/React-RCTBlob -I/Users/karelbraborec/rev-meter/ios/Pods/Headers/Public/React-RCTFBReactNativeSpec -I/Users/karelbraborec/rev-meter/ios/Pods/Headers/Public/React-RCTFabric -I/Users/karelbraborec/rev-meter/ios/Pods/Headers/Public/React-RCTImage -I/Users/karelbraborec/rev-meter/ios/Pods/Headers/Public/React-RCTRuntime -I/Users/karelbraborec/rev-meter/ios/Pods/Headers/Public/React-RCTText -I/Users/karelbraborec/rev-meter/ios/Pods/Headers/Public/React-RuntimeApple -I/Users/karelbraborec/rev-meter/ios/Pods/Headers/Public/React-RuntimeCore -I/Users/karelbraborec/rev-meter/ios/Pods/Headers/Public/React-RuntimeHermes -I/Users/karelbraborec/rev-meter/ios/Pods/Headers/Public/React-callinvoker -I/Users/karelbraborec/rev-meter/ios/Pods/Headers/Public/React-cxxreact -I/Users/karelbraborec/rev-meter/ios/Pods/Headers/Public/React-debug -I/Users/karelbraborec/rev-meter/ios/Pods/Headers/Public/React-defaultsnativemodule -I/Users/karelbraborec/rev-meter/ios/Pods/Headers/Public/React-domnativemodule -I/Users/karelbraborec/rev-meter/ios/Pods/Headers/Public/React-featureflags -I/Users/karelbraborec/rev-meter/ios/Pods/Headers/Public/React-featureflagsnativemodule -I/Users/karelbraborec/rev-meter/ios/Pods/Headers/Public/React-graphics -I/Users/karelbraborec/rev-meter/ios/Pods/Headers/Public/React-hermes -I/Users/karelbraborec/rev-meter/ios/Pods/Headers/Public/React-idlecallbacksnativemodule -I/Users/karelbraborec/rev-meter/ios/Pods/Headers/Public/React-intersectionobservernativemodule -I/Users/karelbraborec/rev-meter/ios/Pods/Headers/Public/React-jserrorhandler -I/Users/karelbraborec/rev-meter/ios/Pods/Headers/Public/React-jsi -I/Users/karelbraborec/rev-meter/ios/Pods/Headers/Public/React-jsiexecutor -I/Users/karelbraborec/rev-meter/ios/Pods/Headers/Public/React-jsinspector -I/Users/karelbraborec/rev-meter/ios/Pods/Headers/Public/React-jsinspectorcdp -I/Users/karelbraborec/rev-meter/ios/Pods/Headers/Public/React-jsinspectornetwork -I/Users/karelbraborec/rev-meter/ios/Pods/Headers/Public/React-jsinspectortracing -I/Users/karelbraborec/rev-meter/ios/Pods/Headers/Public/React-jsitooling -I/Users/karelbraborec/rev-meter/ios/Pods/Headers/Public/React-logger -I/Users/karelbraborec/rev-meter/ios/Pods/Headers/Public/React-microtasksnativemodule -I/Users/karelbraborec/rev-meter/ios/Pods/Headers/Public/React-mutationobservernativemodule -I/Users/karelbraborec/rev-meter/ios/Pods/Headers/Public/React-networking -I/Users/karelbraborec/rev-meter/ios/Pods/Headers/Public/React-oscompat -I/Users/karelbraborec/rev-meter/ios/Pods/Headers/Public/React-perflogger -I/Users/karelbraborec/rev-meter/ios/Pods/Headers/Public/React-performancecdpmetrics -I/Users/karelbraborec/rev-meter/ios/Pods/Headers/Public/React-performancetimeline -I/Users/karelbraborec/rev-meter/ios/Pods/Headers/Public/React-rendererconsistency -I/Users/karelbraborec/rev-meter/ios/Pods/Headers/Public/React-renderercss -I/Users/karelbraborec/rev-meter/ios/Pods/Headers/Public/React-rendererdebug -I/Users/karelbraborec/rev-meter/ios/Pods/Headers/Public/React-runtimeexecutor -I/Users/karelbraborec/rev-meter/ios/Pods/Headers/Public/React-runtimescheduler -I/Users/karelbraborec/rev-meter/ios/Pods/Headers/Public/React-timing -I/Users/karelbraborec/rev-meter/ios/Pods/Headers/Public/React-utils -I/Users/karelbraborec/rev-meter/ios/Pods/Headers/Public/React-viewtransitionnativemodule -I/Users/karelbraborec/rev-meter/ios/Pods/Headers/Public/React-webperformancenativemodule -I/Users/karelbraborec/rev-meter/ios/Pods/Headers/Public/ReactCodegen -I/Users/karelbraborec/rev-meter/ios/Pods/Headers/Public/ReactCommon -I/Users/karelbraborec/rev-meter/ios/Pods/Headers/Public/ReactNativeDependencies -I/Users/karelbraborec/rev-meter/ios/Pods/Headers/Public/Yoga -I/Users/karelbraborec/rev-meter/ios/Pods/Headers/Public/hermes-engine -I/Users/karelbraborec/rev-meter/ios/Pods/boost -I/Users/karelbraborec/rev-meter/ios/Pods/boost-for-react-native -I/Users/karelbraborec/rev-meter/ios/Pods/glog -I/Users/karelbraborec/rev-meter/ios/Pods/RCT-Folly -I/Users/karelbraborec/rev-meter/ios/Pods/Headers/Public/React-hermes -I/Users/karelbraborec/rev-meter/ios/Pods/Headers/Public/hermes-engine -I/Users/karelbraborec/rev-meter/ios/Pods/Headers/Public/RNWorklets -I/Users/karelbraborec/rev-meter/node_modules/react-native/ReactCommon -I/Users/karelbraborec/rev-meter/node_modules/react-native/ReactCommon/jsitooling -I/Users/karelbraborec/rev-meter/node_modules/react-native-reanimated/ReactCommon -I/Users/karelbraborec/rev-meter/node_modules/react-native-reanimated -I/Users/karelbraborec/rev-meter/ios/Pods/RCT-Folly -I/Users/karelbraborec/rev-meter/ios/Pods/boost -I/Users/karelbraborec/rev-meter/ios/Pods/boost-for-react-native -I/Users/karelbraborec/rev-meter/ios/Pods/DoubleConversion -I/Users/karelbraborec/rev-meter/ios/Pods/Headers/Private/React-Core -I/Users/karelbraborec/rev-meter/ios/Pods/Headers/Private/Yoga -I/Users/karelbraborec/rev-meter/ios/Pods/Headers/Public/RNWorklets -I/Users/karelbraborec/rev-meter/ios/Pods/Headers/Private/Yoga -I/Users/karelbraborec/rev-meter/ios/Pods/ExpoModulesCore/ExpoModulesCore.xcframework/ios-arm64_x86_64-simulator/ExpoModulesCore.framework/Headers -I/Users/karelbraborec/rev-meter/ios/Pods/ExpoModulesCore/ExpoModulesCore.xcframework/ios-arm64/ExpoModulesCore.framework/Headers -I/Users/karelbraborec/rev-meter/ios/Pods/ExpoModulesCore/ExpoModulesCore.xcframework/ios-arm64_x86_64-simulator/ExpoModulesCore.framework/Headers -I/Users/karelbraborec/rev-meter/ios/Pods/ExpoModulesCore/ExpoModulesCore.xcframework/ios-arm64/ExpoModulesCore.framework/Headers -I/Users/karelbraborec/Library/Developer/Xcode/DerivedData/revmeter-hbcnswmlqmbpnlazhhkncgeowiss/Build/Intermediates.noindex/Pods.build/Debug-iphonesimulator/RNReanimated.build/DerivedSources-normal/arm64 -I/Users/karelbraborec/Library/Developer/Xcode/DerivedData/revmeter-hbcnswmlqmbpnlazhhkncgeowiss/Build/Intermediates.noindex/Pods.build/Debug-iphonesimulator/RNReanimated.build/DerivedSources/arm64 -I/Users/karelbraborec/Library/Developer/Xcode/DerivedData/revmeter-hbcnswmlqmbpnlazhhkncgeowiss/Build/Intermediates.noindex/Pods.build/Debug-iphonesimulator/RNReanimated.build/DerivedSources -F/Users/karelbraborec/Library/Developer/Xcode/DerivedData/revmeter-hbcnswmlqmbpnlazhhkncgeowiss/Build/Products/Debug-iphonesimulator/RNReanimated -F/Users/karelbraborec/rev-meter/ios/Pods/React-Core-prebuilt -F/Users/karelbraborec/rev-meter/ios/Pods/ReactNativeDependencies/framework/packages/react-native -F/Users/karelbraborec/rev-meter/ios/Pods/hermes-engine/destroot/Library/Frameworks/universal -F/Users/karelbraborec/Library/Developer/Xcode/DerivedData/revmeter-hbcnswmlqmbpnlazhhkncgeowiss/Build/Products/Debug-iphonesimulator/XCFrameworkIntermediates/React-Core-prebuilt -F/Users/karelbraborec/Library/Developer/Xcode/DerivedData/revmeter-hbcnswmlqmbpnlazhhkncgeowiss/Build/Products/Debug-iphonesimulator/XCFrameworkIntermediates/ReactNativeDependencies -F/Users/karelbraborec/Library/Developer/Xcode/DerivedData/revmeter-hbcnswmlqmbpnlazhhkncgeowiss/Build/Products/Debug-iphonesimulator/XCFrameworkIntermediates/hermes-engine/Pre-built -F/Users/karelbraborec/Library/Developer/Xcode/DerivedData/revmeter-hbcnswmlqmbpnlazhhkncgeowiss/Build/Products/Debug-iphonesimulator/React-hermes '-DRCT_REMOVE_LEGACY_ARCH=1' '-fmodule-map-file=/Users/karelbraborec/rev-meter/ios/Pods/Headers/Public/ReactCodegen/ReactCodegen.modulemap' '-fmodule-map-file=/Users/karelbraborec/rev-meter/ios/Pods/Headers/Public/worklets/RNWorklets.modulemap' '-DRCT_REMOVE_LEGACY_ARCH=1' '-DREANIMATED_VERSION=4.5.1' '-DREANIMATED_FEATURE_FLAGS=[RUNTIME_TEST_FLAG:false][DISABLE_COMMIT_PAUSING_MECHANISM:false][ANDROID_SYNCHRONOUSLY_UPDATE_UI_PROPS:false][IOS_SYNCHRONOUSLY_UPDATE_UI_PROPS:false][EXPERIMENTAL_CSS_ANIMATIONS_FOR_SVG_COMPONENTS:true][IOS_CSS_CORE_ANIMATION:false][USE_SYNCHRONIZABLE_FOR_MUTABLES:true][USE_COMMIT_HOOK_ONLY_FOR_REACT_COMMITS:true][ENABLE_SHARED_ELEMENT_TRANSITIONS:false][FORCE_REACT_RENDER_FOR_SETTLED_ANIMATIONS:true][USE_ANIMATION_BACKEND:false]' '-DRCT_REMOVE_LEGACY_ARCH=1' -ivfsoverlay /Users/karelbraborec/rev-meter/ios/Pods/React-Core-prebuilt/React-VFS.yaml

WriteAuxiliaryFile /Users/karelbraborec/Library/Developer/Xcode/DerivedData/revmeter-hbcnswmlqmbpnlazhhkncgeowiss/Build/Intermediates.noindex/Pods.build/Debug-iphonesimulator/RNReanimated.build/Objects-normal/arm64/af3fcb34312c57c0f52879cdce924b91-common-args.resp (in target 'RNReanimated' from project 'Pods')
    cd /Users/karelbraborec/rev-meter/ios/Pods
    write-file /Users/karelbraborec/Library/Developer/Xcode/DerivedData/revmeter-hbcnswmlqmbpnlazhhkncgeowiss/Build/Intermediates.noindex/Pods.build/Debug-iphonesimulator/RNReanimated.build/Objects-normal/arm64/af3fcb34312c57c0f52879cdce924b91-common-args.resp
'-std=c++20' '-stdlib=libc++' -fobjc-arc -fmodules -fno-cxx-modules '-fmodules-cache-path=/Users/karelbraborec/Library/Developer/Xcode/DerivedData/ModuleCache.noindex' '-fmodule-name=reanimated' '-D_LIBCPP_HARDENING_MODE=_LIBCPP_HARDENING_MODE_DEBUG' -fpascal-strings -O0 -fno-common '-DPOD_CONFIGURATION_DEBUG=1' '-DDEBUG=1' '-DCOCOAPODS=1' '-DOBJC_OLD_DISPATCH_PROTOTYPES=0' -g '-fobjc-abi-version=2' -fobjc-legacy-dispatch -iquote /Users/karelbraborec/Library/Developer/Xcode/DerivedData/revmeter-hbcnswmlqmbpnlazhhkncgeowiss/Build/Intermediates.noindex/Pods.build/Debug-iphonesimulator/RNReanimated.build/RNReanimated-generated-files.hmap -I/Users/karelbraborec/Library/Developer/Xcode/DerivedData/revmeter-hbcnswmlqmbpnlazhhkncgeowiss/Build/Intermediates.noindex/Pods.build/Debug-iphonesimulator/RNReanimated.build/RNReanimated-own-target-headers.hmap -I/Users/karelbraborec/Library/Developer/Xcode/DerivedData/revmeter-hbcnswmlqmbpnlazhhkncgeowiss/Build/Intermediates.noindex/Pods.build/Debug-iphonesimulator/RNReanimated.build/RNReanimated-all-non-framework-target-headers.hmap -ivfsoverlay /Users/karelbraborec/Library/Developer/Xcode/DerivedData/revmeter-hbcnswmlqmbpnlazhhkncgeowiss/Build/Intermediates.noindex/Pods.build/Debug-iphonesimulator/Pods-8699adb1dd336b26511df848a716bd42-VFS-iphonesimulator/all-product-headers.yaml -iquote /Users/karelbraborec/Library/Developer/Xcode/DerivedData/revmeter-hbcnswmlqmbpnlazhhkncgeowiss/Build/Intermediates.noindex/Pods.build/Debug-iphonesimulator/RNReanimated.build/RNReanimated-project-headers.hmap -I/Users/karelbraborec/Library/Developer/Xcode/DerivedData/revmeter-hbcnswmlqmbpnlazhhkncgeowiss/Build/Products/Debug-iphonesimulator/RNReanimated/include -I/Users/karelbraborec/rev-meter/ios/Pods/Headers/Private -I/Users/karelbraborec/rev-meter/ios/Pods/Headers/Private/RNReanimated -I/Users/karelbraborec/rev-meter/ios/Pods/Headers/Public -I/Users/karelbraborec/rev-meter/ios/Pods/Headers/Public/FBLazyVector -I/Users/karelbraborec/rev-meter/ios/Pods/Headers/Public/RCTRequired -I/Users/karelbraborec/rev-meter/ios/Pods/Headers/Public/RCTSwiftUIWrapper -I/Users/karelbraborec/rev-meter/ios/Pods/Headers/Public/RCTTypeSafety -I/Users/karelbraborec/rev-meter/ios/Pods/Headers/Public/RNReanimated -I/Users/karelbraborec/rev-meter/ios/Pods/Headers/Public/RNWorklets -I/Users/karelbraborec/rev-meter/ios/Pods/Headers/Public/React-Core -I/Users/karelbraborec/rev-meter/ios/Pods/Headers/Public/React-Core-prebuilt -I/Users/karelbraborec/rev-meter/ios/Pods/Headers/Public/React-CoreModules -I/Users/karelbraborec/rev-meter/ios/Pods/Headers/Public/React-Fabric -I/Users/karelbraborec/rev-meter/ios/Pods/Headers/Public/React-FabricComponents -I/Users/karelbraborec/rev-meter/ios/Pods/Headers/Public/React-FabricImage -I/Users/karelbraborec/rev-meter/ios/Pods/Headers/Public/React-ImageManager -I/Users/karelbraborec/rev-meter/ios/Pods/Headers/Public/React-Mapbuffer -I/Users/karelbraborec/rev-meter/ios/Pods/Headers/Public/React-NativeModulesApple -I/Users/karelbraborec/rev-meter/ios/Pods/Headers/Public/React-RCTAnimation -I/Users/karelbraborec/rev-meter/ios/Pods/Headers/Public/React-RCTBlob -I/Users/karelbraborec/rev-meter/ios/Pods/Headers/Public/React-RCTFBReactNativeSpec -I/Users/karelbraborec/rev-meter/ios/Pods/Headers/Public/React-RCTFabric -I/Users/karelbraborec/rev-meter/ios/Pods/Headers/Public/React-RCTImage -I/Users/karelbraborec/rev-meter/ios/Pods/Headers/Public/React-RCTRuntime -I/Users/karelbraborec/rev-meter/ios/Pods/Headers/Public/React-RCTText -I/Users/karelbraborec/rev-meter/ios/Pods/Headers/Public/React-RuntimeApple -I/Users/karelbraborec/rev-meter/ios/Pods/Headers/Public/React-RuntimeCore -I/Users/karelbraborec/rev-meter/ios/Pods/Headers/Public/React-RuntimeHermes -I/Users/karelbraborec/rev-meter/ios/Pods/Headers/Public/React-callinvoker -I/Users/karelbraborec/rev-meter/ios/Pods/Headers/Public/React-cxxreact -I/Users/karelbraborec/rev-meter/ios/Pods/Headers/Public/React-debug -I/Users/karelbraborec/rev-meter/ios/Pods/Headers/Public/React-defaultsnativemodule -I/Users/karelbraborec/rev-meter/ios/Pods/Headers/Public/React-domnativemodule -I/Users/karelbraborec/rev-meter/ios/Pods/Headers/Public/React-featureflags -I/Users/karelbraborec/rev-meter/ios/Pods/Headers/Public/React-featureflagsnativemodule -I/Users/karelbraborec/rev-meter/ios/Pods/Headers/Public/React-graphics -I/Users/karelbraborec/rev-meter/ios/Pods/Headers/Public/React-hermes -I/Users/karelbraborec/rev-meter/ios/Pods/Headers/Public/React-idlecallbacksnativemodule -I/Users/karelbraborec/rev-meter/ios/Pods/Headers/Public/React-intersectionobservernativemodule -I/Users/karelbraborec/rev-meter/ios/Pods/Headers/Public/React-jserrorhandler -I/Users/karelbraborec/rev-meter/ios/Pods/Headers/Public/React-jsi -I/Users/karelbraborec/rev-meter/ios/Pods/Headers/Public/React-jsiexecutor -I/Users/karelbraborec/rev-meter/ios/Pods/Headers/Public/React-jsinspector -I/Users/karelbraborec/rev-meter/ios/Pods/Headers/Public/React-jsinspectorcdp -I/Users/karelbraborec/rev-meter/ios/Pods/Headers/Public/React-jsinspectornetwork -I/Users/karelbraborec/rev-meter/ios/Pods/Headers/Public/React-jsinspectortracing -I/Users/karelbraborec/rev-meter/ios/Pods/Headers/Public/React-jsitooling -I/Users/karelbraborec/rev-meter/ios/Pods/Headers/Public/React-logger -I/Users/karelbraborec/rev-meter/ios/Pods/Headers/Public/React-microtasksnativemodule -I/Users/karelbraborec/rev-meter/ios/Pods/Headers/Public/React-mutationobservernativemodule -I/Users/karelbraborec/rev-meter/ios/Pods/Headers/Public/React-networking -I/Users/karelbraborec/rev-meter/ios/Pods/Headers/Public/React-oscompat -I/Users/karelbraborec/rev-meter/ios/Pods/Headers/Public/React-perflogger -I/Users/karelbraborec/rev-meter/ios/Pods/Headers/Public/React-performancecdpmetrics -I/Users/karelbraborec/rev-meter/ios/Pods/Headers/Public/React-performancetimeline -I/Users/karelbraborec/rev-meter/ios/Pods/Headers/Public/React-rendererconsistency -I/Users/karelbraborec/rev-meter/ios/Pods/Headers/Public/React-renderercss -I/Users/karelbraborec/rev-meter/ios/Pods/Headers/Public/React-rendererdebug -I/Users/karelbraborec/rev-meter/ios/Pods/Headers/Public/React-runtimeexecutor -I/Users/karelbraborec/rev-meter/ios/Pods/Headers/Public/React-runtimescheduler -I/Users/karelbraborec/rev-meter/ios/Pods/Headers/Public/React-timing -I/Users/karelbraborec/rev-meter/ios/Pods/Headers/Public/React-utils -I/Users/karelbraborec/rev-meter/ios/Pods/Headers/Public/React-viewtransitionnativemodule -I/Users/karelbraborec/rev-meter/ios/Pods/Headers/Public/React-webperformancenativemodule -I/Users/karelbraborec/rev-meter/ios/Pods/Headers/Public/ReactCodegen -I/Users/karelbraborec/rev-meter/ios/Pods/Headers/Public/ReactCommon -I/Users/karelbraborec/rev-meter/ios/Pods/Headers/Public/ReactNativeDependencies -I/Users/karelbraborec/rev-meter/ios/Pods/Headers/Public/Yoga -I/Users/karelbraborec/rev-meter/ios/Pods/Headers/Public/hermes-engine -I/Users/karelbraborec/rev-meter/ios/Pods/boost -I/Users/karelbraborec/rev-meter/ios/Pods/boost-for-react-native -I/Users/karelbraborec/rev-meter/ios/Pods/glog -I/Users/karelbraborec/rev-meter/ios/Pods/RCT-Folly -I/Users/karelbraborec/rev-meter/ios/Pods/Headers/Public/React-hermes -I/Users/karelbraborec/rev-meter/ios/Pods/Headers/Public/hermes-engine -I/Users/karelbraborec/rev-meter/ios/Pods/Headers/Public/RNWorklets -I/Users/karelbraborec/rev-meter/node_modules/react-native/ReactCommon -I/Users/karelbraborec/rev-meter/node_modules/react-native/ReactCommon/jsitooling -I/Users/karelbraborec/rev-meter/node_modules/react-native-reanimated/ReactCommon -I/Users/karelbraborec/rev-meter/node_modules/react-native-reanimated -I/Users/karelbraborec/rev-meter/ios/Pods/RCT-Folly -I/Users/karelbraborec/rev-meter/ios/Pods/boost -I/Users/karelbraborec/rev-meter/ios/Pods/boost-for-react-native -I/Users/karelbraborec/rev-meter/ios/Pods/DoubleConversion -I/Users/karelbraborec/rev-meter/ios/Pods/Headers/Private/React-Core -I/Users/karelbraborec/rev-meter/ios/Pods/Headers/Private/Yoga -I/Users/karelbraborec/rev-meter/ios/Pods/Headers/Public/RNWorklets -I/Users/karelbraborec/rev-meter/ios/Pods/Headers/Private/Yoga -I/Users/karelbraborec/rev-meter/ios/Pods/ExpoModulesCore/ExpoModulesCore.xcframework/ios-arm64_x86_64-simulator/ExpoModulesCore.framework/Headers -I/Users/karelbraborec/rev-meter/ios/Pods/ExpoModulesCore/ExpoModulesCore.xcframework/ios-arm64/ExpoModulesCore.framework/Headers -I/Users/karelbraborec/rev-meter/ios/Pods/ExpoModulesCore/ExpoModulesCore.xcframework/ios-arm64_x86_64-simulator/ExpoModulesCore.framework/Headers -I/Users/karelbraborec/rev-meter/ios/Pods/ExpoModulesCore/ExpoModulesCore.xcframework/ios-arm64/ExpoModulesCore.framework/Headers -I/Users/karelbraborec/Library/Developer/Xcode/DerivedData/revmeter-hbcnswmlqmbpnlazhhkncgeowiss/Build/Intermediates.noindex/Pods.build/Debug-iphonesimulator/RNReanimated.build/DerivedSources-normal/arm64 -I/Users/karelbraborec/Library/Developer/Xcode/DerivedData/revmeter-hbcnswmlqmbpnlazhhkncgeowiss/Build/Intermediates.noindex/Pods.build/Debug-iphonesimulator/RNReanimated.build/DerivedSources/arm64 -I/Users/karelbraborec/Library/Developer/Xcode/DerivedData/revmeter-hbcnswmlqmbpnlazhhkncgeowiss/Build/Intermediates.noindex/Pods.build/Debug-iphonesimulator/RNReanimated.build/DerivedSources -F/Users/karelbraborec/Library/Developer/Xcode/DerivedData/revmeter-hbcnswmlqmbpnlazhhkncgeowiss/Build/Products/Debug-iphonesimulator/RNReanimated -F/Users/karelbraborec/rev-meter/ios/Pods/React-Core-prebuilt -F/Users/karelbraborec/rev-meter/ios/Pods/ReactNativeDependencies/framework/packages/react-native -F/Users/karelbraborec/rev-meter/ios/Pods/hermes-engine/destroot/Library/Frameworks/universal -F/Users/karelbraborec/Library/Developer/Xcode/DerivedData/revmeter-hbcnswmlqmbpnlazhhkncgeowiss/Build/Products/Debug-iphonesimulator/XCFrameworkIntermediates/React-Core-prebuilt -F/Users/karelbraborec/Library/Developer/Xcode/DerivedData/revmeter-hbcnswmlqmbpnlazhhkncgeowiss/Build/Products/Debug-iphonesimulator/XCFrameworkIntermediates/ReactNativeDependencies -F/Users/karelbraborec/Library/Developer/Xcode/DerivedData/revmeter-hbcnswmlqmbpnlazhhkncgeowiss/Build/Products/Debug-iphonesimulator/XCFrameworkIntermediates/hermes-engine/Pre-built -F/Users/karelbraborec/Library/Developer/Xcode/DerivedData/revmeter-hbcnswmlqmbpnlazhhkncgeowiss/Build/Products/Debug-iphonesimulator/React-hermes '-DRCT_REMOVE_LEGACY_ARCH=1' '-fmodule-map-file=/Users/karelbraborec/rev-meter/ios/Pods/Headers/Public/ReactCodegen/ReactCodegen.modulemap' '-fmodule-map-file=/Users/karelbraborec/rev-meter/ios/Pods/Headers/Public/worklets/RNWorklets.modulemap' '-DRCT_REMOVE_LEGACY_ARCH=1' '-DREANIMATED_VERSION=4.5.1' '-DREANIMATED_FEATURE_FLAGS=[RUNTIME_TEST_FLAG:false][DISABLE_COMMIT_PAUSING_MECHANISM:false][ANDROID_SYNCHRONOUSLY_UPDATE_UI_PROPS:false][IOS_SYNCHRONOUSLY_UPDATE_UI_PROPS:false][EXPERIMENTAL_CSS_ANIMATIONS_FOR_SVG_COMPONENTS:true][IOS_CSS_CORE_ANIMATION:false][USE_SYNCHRONIZABLE_FOR_MUTABLES:true][USE_COMMIT_HOOK_ONLY_FOR_REACT_COMMITS:true][ENABLE_SHARED_ELEMENT_TRANSITIONS:false][FORCE_REACT_RENDER_FOR_SETTLED_ANIMATIONS:true][USE_ANIMATION_BACKEND:false]' '-DRCT_REMOVE_LEGACY_ARCH=1' -ivfsoverlay /Users/karelbraborec/rev-meter/ios/Pods/React-Core-prebuilt/React-VFS.yaml '-DRCT_REMOVE_LEGACY_ARCH=1' '-DRCT_NEW_ARCH_ENABLED=1' -ivfsoverlay /Users/karelbraborec/rev-meter/ios/Pods/React-Core-prebuilt/React-VFS.yaml

WriteAuxiliaryFile /Users/karelbraborec/Library/Developer/Xcode/DerivedData/revmeter-hbcnswmlqmbpnlazhhkncgeowiss/Build/Intermediates.noindex/Pods.build/Debug-iphonesimulator/RNReanimated.build/Objects-normal/arm64/82b82416624d2658e5098eb0a28c15c5-common-args.resp (in target 'RNReanimated' from project 'Pods')
    cd /Users/karelbraborec/rev-meter/ios/Pods
    write-file /Users/karelbraborec/Library/Developer/Xcode/DerivedData/revmeter-hbcnswmlqmbpnlazhhkncgeowiss/Build/Intermediates.noindex/Pods.build/Debug-iphonesimulator/RNReanimated.build/Objects-normal/arm64/82b82416624d2658e5098eb0a28c15c5-common-args.resp
'-std=c++20' '-stdlib=libc++' -fmodules -fno-cxx-modules '-fmodules-cache-path=/Users/karelbraborec/Library/Developer/Xcode/DerivedData/ModuleCache.noindex' '-fmodule-name=reanimated' '-D_LIBCPP_HARDENING_MODE=_LIBCPP_HARDENING_MODE_DEBUG' -fpascal-strings -O0 -fno-common '-DPOD_CONFIGURATION_DEBUG=1' '-DDEBUG=1' '-DCOCOAPODS=1' -g -iquote /Users/karelbraborec/Library/Developer/Xcode/DerivedData/revmeter-hbcnswmlqmbpnlazhhkncgeowiss/Build/Intermediates.noindex/Pods.build/Debug-iphonesimulator/RNReanimated.build/RNReanimated-generated-files.hmap -I/Users/karelbraborec/Library/Developer/Xcode/DerivedData/revmeter-hbcnswmlqmbpnlazhhkncgeowiss/Build/Intermediates.noindex/Pods.build/Debug-iphonesimulator/RNReanimated.build/RNReanimated-own-target-headers.hmap -I/Users/karelbraborec/Library/Developer/Xcode/DerivedData/revmeter-hbcnswmlqmbpnlazhhkncgeowiss/Build/Intermediates.noindex/Pods.build/Debug-iphonesimulator/RNReanimated.build/RNReanimated-all-non-framework-target-headers.hmap -ivfsoverlay /Users/karelbraborec/Library/Developer/Xcode/DerivedData/revmeter-hbcnswmlqmbpnlazhhkncgeowiss/Build/Intermediates.noindex/Pods.build/Debug-iphonesimulator/Pods-8699adb1dd336b26511df848a716bd42-VFS-iphonesimulator/all-product-headers.yaml -iquote /Users/karelbraborec/Library/Developer/Xcode/DerivedData/revmeter-hbcnswmlqmbpnlazhhkncgeowiss/Build/Intermediates.noindex/Pods.build/Debug-iphonesimulator/RNReanimated.build/RNReanimated-project-headers.hmap -I/Users/karelbraborec/Library/Developer/Xcode/DerivedData/revmeter-hbcnswmlqmbpnlazhhkncgeowiss/Build/Products/Debug-iphonesimulator/RNReanimated/include -I/Users/karelbraborec/rev-meter/ios/Pods/Headers/Private -I/Users/karelbraborec/rev-meter/ios/Pods/Headers/Private/RNReanimated -I/Users/karelbraborec/rev-meter/ios/Pods/Headers/Public -I/Users/karelbraborec/rev-meter/ios/Pods/Headers/Public/FBLazyVector -I/Users/karelbraborec/rev-meter/ios/Pods/Headers/Public/RCTRequired -I/Users/karelbraborec/rev-meter/ios/Pods/Headers/Public/RCTSwiftUIWrapper -I/Users/karelbraborec/rev-meter/ios/Pods/Headers/Public/RCTTypeSafety -I/Users/karelbraborec/rev-meter/ios/Pods/Headers/Public/RNReanimated -I/Users/karelbraborec/rev-meter/ios/Pods/Headers/Public/RNWorklets -I/Users/karelbraborec/rev-meter/ios/Pods/Headers/Public/React-Core -I/Users/karelbraborec/rev-meter/ios/Pods/Headers/Public/React-Core-prebuilt -I/Users/karelbraborec/rev-meter/ios/Pods/Headers/Public/React-CoreModules -I/Users/karelbraborec/rev-meter/ios/Pods/Headers/Public/React-Fabric -I/Users/karelbraborec/rev-meter/ios/Pods/Headers/Public/React-FabricComponents -I/Users/karelbraborec/rev-meter/ios/Pods/Headers/Public/React-FabricImage -I/Users/karelbraborec/rev-meter/ios/Pods/Headers/Public/React-ImageManager -I/Users/karelbraborec/rev-meter/ios/Pods/Headers/Public/React-Mapbuffer -I/Users/karelbraborec/rev-meter/ios/Pods/Headers/Public/React-NativeModulesApple -I/Users/karelbraborec/rev-meter/ios/Pods/Headers/Public/React-RCTAnimation -I/Users/karelbraborec/rev-meter/ios/Pods/Headers/Public/React-RCTBlob -I/Users/karelbraborec/rev-meter/ios/Pods/Headers/Public/React-RCTFBReactNativeSpec -I/Users/karelbraborec/rev-meter/ios/Pods/Headers/Public/React-RCTFabric -I/Users/karelbraborec/rev-meter/ios/Pods/Headers/Public/React-RCTImage -I/Users/karelbraborec/rev-meter/ios/Pods/Headers/Public/React-RCTRuntime -I/Users/karelbraborec/rev-meter/ios/Pods/Headers/Public/React-RCTText -I/Users/karelbraborec/rev-meter/ios/Pods/Headers/Public/React-RuntimeApple -I/Users/karelbraborec/rev-meter/ios/Pods/Headers/Public/React-RuntimeCore -I/Users/karelbraborec/rev-meter/ios/Pods/Headers/Public/React-RuntimeHermes -I/Users/karelbraborec/rev-meter/ios/Pods/Headers/Public/React-callinvoker -I/Users/karelbraborec/rev-meter/ios/Pods/Headers/Public/React-cxxreact -I/Users/karelbraborec/rev-meter/ios/Pods/Headers/Public/React-debug -I/Users/karelbraborec/rev-meter/ios/Pods/Headers/Public/React-defaultsnativemodule -I/Users/karelbraborec/rev-meter/ios/Pods/Headers/Public/React-domnativemodule -I/Users/karelbraborec/rev-meter/ios/Pods/Headers/Public/React-featureflags -I/Users/karelbraborec/rev-meter/ios/Pods/Headers/Public/React-featureflagsnativemodule -I/Users/karelbraborec/rev-meter/ios/Pods/Headers/Public/React-graphics -I/Users/karelbraborec/rev-meter/ios/Pods/Headers/Public/React-hermes -I/Users/karelbraborec/rev-meter/ios/Pods/Headers/Public/React-idlecallbacksnativemodule -I/Users/karelbraborec/rev-meter/ios/Pods/Headers/Public/React-intersectionobservernativemodule -I/Users/karelbraborec/rev-meter/ios/Pods/Headers/Public/React-jserrorhandler -I/Users/karelbraborec/rev-meter/ios/Pods/Headers/Public/React-jsi -I/Users/karelbraborec/rev-meter/ios/Pods/Headers/Public/React-jsiexecutor -I/Users/karelbraborec/rev-meter/ios/Pods/Headers/Public/React-jsinspector -I/Users/karelbraborec/rev-meter/ios/Pods/Headers/Public/React-jsinspectorcdp -I/Users/karelbraborec/rev-meter/ios/Pods/Headers/Public/React-jsinspectornetwork -I/Users/karelbraborec/rev-meter/ios/Pods/Headers/Public/React-jsinspectortracing -I/Users/karelbraborec/rev-meter/ios/Pods/Headers/Public/React-jsitooling -I/Users/karelbraborec/rev-meter/ios/Pods/Headers/Public/React-logger -I/Users/karelbraborec/rev-meter/ios/Pods/Headers/Public/React-microtasksnativemodule -I/Users/karelbraborec/rev-meter/ios/Pods/Headers/Public/React-mutationobservernativemodule -I/Users/karelbraborec/rev-meter/ios/Pods/Headers/Public/React-networking -I/Users/karelbraborec/rev-meter/ios/Pods/Headers/Public/React-oscompat -I/Users/karelbraborec/rev-meter/ios/Pods/Headers/Public/React-perflogger -I/Users/karelbraborec/rev-meter/ios/Pods/Headers/Public/React-performancecdpmetrics -I/Users/karelbraborec/rev-meter/ios/Pods/Headers/Public/React-performancetimeline -I/Users/karelbraborec/rev-meter/ios/Pods/Headers/Public/React-rendererconsistency -I/Users/karelbraborec/rev-meter/ios/Pods/Headers/Public/React-renderercss -I/Users/karelbraborec/rev-meter/ios/Pods/Headers/Public/React-rendererdebug -I/Users/karelbraborec/rev-meter/ios/Pods/Headers/Public/React-runtimeexecutor -I/Users/karelbraborec/rev-meter/ios/Pods/Headers/Public/React-runtimescheduler -I/Users/karelbraborec/rev-meter/ios/Pods/Headers/Public/React-timing -I/Users/karelbraborec/rev-meter/ios/Pods/Headers/Public/React-utils -I/Users/karelbraborec/rev-meter/ios/Pods/Headers/Public/React-viewtransitionnativemodule -I/Users/karelbraborec/rev-meter/ios/Pods/Headers/Public/React-webperformancenativemodule -I/Users/karelbraborec/rev-meter/ios/Pods/Headers/Public/ReactCodegen -I/Users/karelbraborec/rev-meter/ios/Pods/Headers/Public/ReactCommon -I/Users/karelbraborec/rev-meter/ios/Pods/Headers/Public/ReactNativeDependencies -I/Users/karelbraborec/rev-meter/ios/Pods/Headers/Public/Yoga -I/Users/karelbraborec/rev-meter/ios/Pods/Headers/Public/hermes-engine -I/Users/karelbraborec/rev-meter/ios/Pods/boost -I/Users/karelbraborec/rev-meter/ios/Pods/boost-for-react-native -I/Users/karelbraborec/rev-meter/ios/Pods/glog -I/Users/karelbraborec/rev-meter/ios/Pods/RCT-Folly -I/Users/karelbraborec/rev-meter/ios/Pods/Headers/Public/React-hermes -I/Users/karelbraborec/rev-meter/ios/Pods/Headers/Public/hermes-engine -I/Users/karelbraborec/rev-meter/ios/Pods/Headers/Public/RNWorklets -I/Users/karelbraborec/rev-meter/node_modules/react-native/ReactCommon -I/Users/karelbraborec/rev-meter/node_modules/react-native/ReactCommon/jsitooling -I/Users/karelbraborec/rev-meter/node_modules/react-native-reanimated/ReactCommon -I/Users/karelbraborec/rev-meter/node_modules/react-native-reanimated -I/Users/karelbraborec/rev-meter/ios/Pods/RCT-Folly -I/Users/karelbraborec/rev-meter/ios/Pods/boost -I/Users/karelbraborec/rev-meter/ios/Pods/boost-for-react-native -I/Users/karelbraborec/rev-meter/ios/Pods/DoubleConversion -I/Users/karelbraborec/rev-meter/ios/Pods/Headers/Private/React-Core -I/Users/karelbraborec/rev-meter/ios/Pods/Headers/Private/Yoga -I/Users/karelbraborec/rev-meter/ios/Pods/Headers/Public/RNWorklets -I/Users/karelbraborec/rev-meter/ios/Pods/Headers/Private/Yoga -I/Users/karelbraborec/rev-meter/ios/Pods/ExpoModulesCore/ExpoModulesCore.xcframework/ios-arm64_x86_64-simulator/ExpoModulesCore.framework/Headers -I/Users/karelbraborec/rev-meter/ios/Pods/ExpoModulesCore/ExpoModulesCore.xcframework/ios-arm64/ExpoModulesCore.framework/Headers -I/Users/karelbraborec/rev-meter/ios/Pods/ExpoModulesCore/ExpoModulesCore.xcframework/ios-arm64_x86_64-simulator/ExpoModulesCore.framework/Headers -I/Users/karelbraborec/rev-meter/ios/Pods/ExpoModulesCore/ExpoModulesCore.xcframework/ios-arm64/ExpoModulesCore.framework/Headers -I/Users/karelbraborec/Library/Developer/Xcode/DerivedData/revmeter-hbcnswmlqmbpnlazhhkncgeowiss/Build/Intermediates.noindex/Pods.build/Debug-iphonesimulator/RNReanimated.build/DerivedSources-normal/arm64 -I/Users/karelbraborec/Library/Developer/Xcode/DerivedData/revmeter-hbcnswmlqmbpnlazhhkncgeowiss/Build/Intermediates.noindex/Pods.build/Debug-iphonesimulator/RNReanimated.build/DerivedSources/arm64 -I/Users/karelbraborec/Library/Developer/Xcode/DerivedData/revmeter-hbcnswmlqmbpnlazhhkncgeowiss/Build/Intermediates.noindex/Pods.build/Debug-iphonesimulator/RNReanimated.build/DerivedSources -F/Users/karelbraborec/Library/Developer/Xcode/DerivedData/revmeter-hbcnswmlqmbpnlazhhkncgeowiss/Build/Products/Debug-iphonesimulator/RNReanimated -F/Users/karelbraborec/rev-meter/ios/Pods/React-Core-prebuilt -F/Users/karelbraborec/rev-meter/ios/Pods/ReactNativeDependencies/framework/packages/react-native -F/Users/karelbraborec/rev-meter/ios/Pods/hermes-engine/destroot/Library/Frameworks/universal -F/Users/karelbraborec/Library/Developer/Xcode/DerivedData/revmeter-hbcnswmlqmbpnlazhhkncgeowiss/Build/Products/Debug-iphonesimulator/XCFrameworkIntermediates/React-Core-prebuilt -F/Users/karelbraborec/Library/Developer/Xcode/DerivedData/revmeter-hbcnswmlqmbpnlazhhkncgeowiss/Build/Products/Debug-iphonesimulator/XCFrameworkIntermediates/ReactNativeDependencies -F/Users/karelbraborec/Library/Developer/Xcode/DerivedData/revmeter-hbcnswmlqmbpnlazhhkncgeowiss/Build/Products/Debug-iphonesimulator/XCFrameworkIntermediates/hermes-engine/Pre-built -F/Users/karelbraborec/Library/Developer/Xcode/DerivedData/revmeter-hbcnswmlqmbpnlazhhkncgeowiss/Build/Products/Debug-iphonesimulator/React-hermes '-DRCT_REMOVE_LEGACY_ARCH=1' '-fmodule-map-file=/Users/karelbraborec/rev-meter/ios/Pods/Headers/Public/ReactCodegen/ReactCodegen.modulemap' '-fmodule-map-file=/Users/karelbraborec/rev-meter/ios/Pods/Headers/Public/worklets/RNWorklets.modulemap' '-DRCT_REMOVE_LEGACY_ARCH=1' '-DREANIMATED_VERSION=4.5.1' '-DREANIMATED_FEATURE_FLAGS=[RUNTIME_TEST_FLAG:false][DISABLE_COMMIT_PAUSING_MECHANISM:false][ANDROID_SYNCHRONOUSLY_UPDATE_UI_PROPS:false][IOS_SYNCHRONOUSLY_UPDATE_UI_PROPS:false][EXPERIMENTAL_CSS_ANIMATIONS_FOR_SVG_COMPONENTS:true][IOS_CSS_CORE_ANIMATION:false][USE_SYNCHRONIZABLE_FOR_MUTABLES:true][USE_COMMIT_HOOK_ONLY_FOR_REACT_COMMITS:true][ENABLE_SHARED_ELEMENT_TRANSITIONS:false][FORCE_REACT_RENDER_FOR_SETTLED_ANIMATIONS:true][USE_ANIMATION_BACKEND:false]' '-DRCT_REMOVE_LEGACY_ARCH=1' -ivfsoverlay /Users/karelbraborec/rev-meter/ios/Pods/React-Core-prebuilt/React-VFS.yaml '-DRCT_REMOVE_LEGACY_ARCH=1' '-DRCT_NEW_ARCH_ENABLED=1' -ivfsoverlay /Users/karelbraborec/rev-meter/ios/Pods/React-Core-prebuilt/React-VFS.yaml

WriteAuxiliaryFile /Users/karelbraborec/Library/Developer/Xcode/DerivedData/revmeter-hbcnswmlqmbpnlazhhkncgeowiss/Build/Intermediates.noindex/Pods.build/Debug-iphonesimulator/RNGestureHandler.build/RNGestureHandler.hmap (in target 'RNGestureHandler' from project 'Pods')
    cd /Users/karelbraborec/rev-meter/ios/Pods
    write-file /Users/karelbraborec/Library/Developer/Xcode/DerivedData/revmeter-hbcnswmlqmbpnlazhhkncgeowiss/Build/Intermediates.noindex/Pods.build/Debug-iphonesimulator/RNGestureHandler.build/RNGestureHandler.hmap

WriteAuxiliaryFile /Users/karelbraborec/Library/Developer/Xcode/DerivedData/revmeter-hbcnswmlqmbpnlazhhkncgeowiss/Build/Intermediates.noindex/Pods.build/Debug-iphonesimulator/RNGestureHandler.build/RNGestureHandler.DependencyStaticMetadataFileList (in target 'RNGestureHandler' from project 'Pods')
    cd /Users/karelbraborec/rev-meter/ios/Pods
    write-file /Users/karelbraborec/Library/Developer/Xcode/DerivedData/revmeter-hbcnswmlqmbpnlazhhkncgeowiss/Build/Intermediates.noindex/Pods.build/Debug-iphonesimulator/RNGestureHandler.build/RNGestureHandler.DependencyStaticMetadataFileList

WriteAuxiliaryFile /Users/karelbraborec/Library/Developer/Xcode/DerivedData/revmeter-hbcnswmlqmbpnlazhhkncgeowiss/Build/Intermediates.noindex/Pods.build/Debug-iphonesimulator/RNGestureHandler.build/RNGestureHandler.DependencyMetadataFileList (in target 'RNGestureHandler' from project 'Pods')
    cd /Users/karelbraborec/rev-meter/ios/Pods
    write-file /Users/karelbraborec/Library/Developer/Xcode/DerivedData/revmeter-hbcnswmlqmbpnlazhhkncgeowiss/Build/Intermediates.noindex/Pods.build/Debug-iphonesimulator/RNGestureHandler.build/RNGestureHandler.DependencyMetadataFileList

WriteAuxiliaryFile /Users/karelbraborec/Library/Developer/Xcode/DerivedData/revmeter-hbcnswmlqmbpnlazhhkncgeowiss/Build/Intermediates.noindex/Pods.build/Debug-iphonesimulator/RNGestureHandler.build/RNGestureHandler-project-headers.hmap (in target 'RNGestureHandler' from project 'Pods')
    cd /Users/karelbraborec/rev-meter/ios/Pods
    write-file /Users/karelbraborec/Library/Developer/Xcode/DerivedData/revmeter-hbcnswmlqmbpnlazhhkncgeowiss/Build/Intermediates.noindex/Pods.build/Debug-iphonesimulator/RNGestureHandler.build/RNGestureHandler-project-headers.hmap

WriteAuxiliaryFile /Users/karelbraborec/Library/Developer/Xcode/DerivedData/revmeter-hbcnswmlqmbpnlazhhkncgeowiss/Build/Intermediates.noindex/Pods.build/Debug-iphonesimulator/RNGestureHandler.build/RNGestureHandler-own-target-headers.hmap (in target 'RNGestureHandler' from project 'Pods')
    cd /Users/karelbraborec/rev-meter/ios/Pods
    write-file /Users/karelbraborec/Library/Developer/Xcode/DerivedData/revmeter-hbcnswmlqmbpnlazhhkncgeowiss/Build/Intermediates.noindex/Pods.build/Debug-iphonesimulator/RNGestureHandler.build/RNGestureHandler-own-target-headers.hmap

WriteAuxiliaryFile /Users/karelbraborec/Library/Developer/Xcode/DerivedData/revmeter-hbcnswmlqmbpnlazhhkncgeowiss/Build/Intermediates.noindex/Pods.build/Debug-iphonesimulator/RNGestureHandler.build/RNGestureHandler-generated-files.hmap (in target 'RNGestureHandler' from project 'Pods')
    cd /Users/karelbraborec/rev-meter/ios/Pods
    write-file /Users/karelbraborec/Library/Developer/Xcode/DerivedData/revmeter-hbcnswmlqmbpnlazhhkncgeowiss/Build/Intermediates.noindex/Pods.build/Debug-iphonesimulator/RNGestureHandler.build/RNGestureHandler-generated-files.hmap

WriteAuxiliaryFile /Users/karelbraborec/Library/Developer/Xcode/DerivedData/revmeter-hbcnswmlqmbpnlazhhkncgeowiss/Build/Intermediates.noindex/Pods.build/Debug-iphonesimulator/RNGestureHandler.build/RNGestureHandler-all-target-headers.hmap (in target 'RNGestureHandler' from project 'Pods')
    cd /Users/karelbraborec/rev-meter/ios/Pods
    write-file /Users/karelbraborec/Library/Developer/Xcode/DerivedData/revmeter-hbcnswmlqmbpnlazhhkncgeowiss/Build/Intermediates.noindex/Pods.build/Debug-iphonesimulator/RNGestureHandler.build/RNGestureHandler-all-target-headers.hmap

WriteAuxiliaryFile /Users/karelbraborec/Library/Developer/Xcode/DerivedData/revmeter-hbcnswmlqmbpnlazhhkncgeowiss/Build/Intermediates.noindex/Pods.build/Debug-iphonesimulator/RNGestureHandler.build/RNGestureHandler-all-non-framework-target-headers.hmap (in target 'RNGestureHandler' from project 'Pods')
    cd /Users/karelbraborec/rev-meter/ios/Pods
    write-file /Users/karelbraborec/Library/Developer/Xcode/DerivedData/revmeter-hbcnswmlqmbpnlazhhkncgeowiss/Build/Intermediates.noindex/Pods.build/Debug-iphonesimulator/RNGestureHandler.build/RNGestureHandler-all-non-framework-target-headers.hmap

WriteAuxiliaryFile /Users/karelbraborec/Library/Developer/Xcode/DerivedData/revmeter-hbcnswmlqmbpnlazhhkncgeowiss/Build/Intermediates.noindex/Pods.build/Debug-iphonesimulator/RNGestureHandler.build/Objects-normal/x86_64/e6072d4f65d7061329687fe24e3d63a7-common-args.resp (in target 'RNGestureHandler' from project 'Pods')
    cd /Users/karelbraborec/rev-meter/ios/Pods
    write-file /Users/karelbraborec/Library/Developer/Xcode/DerivedData/revmeter-hbcnswmlqmbpnlazhhkncgeowiss/Build/Intermediates.noindex/Pods.build/Debug-iphonesimulator/RNGestureHandler.build/Objects-normal/x86_64/e6072d4f65d7061329687fe24e3d63a7-common-args.resp
'-std=gnu11' -fobjc-arc -fmodules '-fmodules-cache-path=/Users/karelbraborec/Library/Developer/Xcode/DerivedData/ModuleCache.noindex' -fpascal-strings -O0 -fno-common '-DPOD_CONFIGURATION_DEBUG=1' '-DDEBUG=1' '-DCOCOAPODS=1' '-DOBJC_OLD_DISPATCH_PROTOTYPES=0' -fasm-blocks -g '-fobjc-abi-version=2' -fobjc-legacy-dispatch -iquote /Users/karelbraborec/Library/Developer/Xcode/DerivedData/revmeter-hbcnswmlqmbpnlazhhkncgeowiss/Build/Intermediates.noindex/Pods.build/Debug-iphonesimulator/RNGestureHandler.build/RNGestureHandler-generated-files.hmap -I/Users/karelbraborec/Library/Developer/Xcode/DerivedData/revmeter-hbcnswmlqmbpnlazhhkncgeowiss/Build/Intermediates.noindex/Pods.build/Debug-iphonesimulator/RNGestureHandler.build/RNGestureHandler-own-target-headers.hmap -I/Users/karelbraborec/Library/Developer/Xcode/DerivedData/revmeter-hbcnswmlqmbpnlazhhkncgeowiss/Build/Intermediates.noindex/Pods.build/Debug-iphonesimulator/RNGestureHandler.build/RNGestureHandler-all-non-framework-target-headers.hmap -ivfsoverlay /Users/karelbraborec/Library/Developer/Xcode/DerivedData/revmeter-hbcnswmlqmbpnlazhhkncgeowiss/Build/Intermediates.noindex/Pods.build/Debug-iphonesimulator/Pods-8699adb1dd336b26511df848a716bd42-VFS-iphonesimulator/all-product-headers.yaml -iquote /Users/karelbraborec/Library/Developer/Xcode/DerivedData/revmeter-hbcnswmlqmbpnlazhhkncgeowiss/Build/Intermediates.noindex/Pods.build/Debug-iphonesimulator/RNGestureHandler.build/RNGestureHandler-project-headers.hmap -I/Users/karelbraborec/Library/Developer/Xcode/DerivedData/revmeter-hbcnswmlqmbpnlazhhkncgeowiss/Build/Products/Debug-iphonesimulator/RNGestureHandler/include -I/Users/karelbraborec/rev-meter/ios/Pods/Headers/Private -I/Users/karelbraborec/rev-meter/ios/Pods/Headers/Private/RNGestureHandler -I/Users/karelbraborec/rev-meter/ios/Pods/Headers/Public -I/Users/karelbraborec/rev-meter/ios/Pods/Headers/Public/FBLazyVector -I/Users/karelbraborec/rev-meter/ios/Pods/Headers/Public/RCTDeprecation -I/Users/karelbraborec/rev-meter/ios/Pods/Headers/Public/RCTRequired -I/Users/karelbraborec/rev-meter/ios/Pods/Headers/Public/RCTSwiftUIWrapper -I/Users/karelbraborec/rev-meter/ios/Pods/Headers/Public/RCTTypeSafety -I/Users/karelbraborec/rev-meter/ios/Pods/Headers/Public/RNGestureHandler -I/Users/karelbraborec/rev-meter/ios/Pods/Headers/Public/React-Core -I/Users/karelbraborec/rev-meter/ios/Pods/Headers/Public/React-Core-prebuilt -I/Users/karelbraborec/rev-meter/ios/Pods/Headers/Public/React-CoreModules -I/Users/karelbraborec/rev-meter/ios/Pods/Headers/Public/React-Fabric -I/Users/karelbraborec/rev-meter/ios/Pods/Headers/Public/React-FabricComponents -I/Users/karelbraborec/rev-meter/ios/Pods/Headers/Public/React-FabricImage -I/Users/karelbraborec/rev-meter/ios/Pods/Headers/Public/React-ImageManager -I/Users/karelbraborec/rev-meter/ios/Pods/Headers/Public/React-Mapbuffer -I/Users/karelbraborec/rev-meter/ios/Pods/Headers/Public/React-NativeModulesApple -I/Users/karelbraborec/rev-meter/ios/Pods/Headers/Public/React-RCTAnimation -I/Users/karelbraborec/rev-meter/ios/Pods/Headers/Public/React-RCTAppDelegate -I/Users/karelbraborec/rev-meter/ios/Pods/Headers/Public/React-RCTBlob -I/Users/karelbraborec/rev-meter/ios/Pods/Headers/Public/React-RCTFBReactNativeSpec -I/Users/karelbraborec/rev-meter/ios/Pods/Headers/Public/React-RCTFabric -I/Users/karelbraborec/rev-meter/ios/Pods/Headers/Public/React-RCTImage -I/Users/karelbraborec/rev-meter/ios/Pods/Headers/Public/React-RCTRuntime -I/Users/karelbraborec/rev-meter/ios/Pods/Headers/Public/React-RCTText -I/Users/karelbraborec/rev-meter/ios/Pods/Headers/Public/React-RuntimeApple -I/Users/karelbraborec/rev-meter/ios/Pods/Headers/Public/React-RuntimeCore -I/Users/karelbraborec/rev-meter/ios/Pods/Headers/Public/React-RuntimeHermes -I/Users/karelbraborec/rev-meter/ios/Pods/Headers/Public/React-callinvoker -I/Users/karelbraborec/rev-meter/ios/Pods/Headers/Public/React-cxxreact -I/Users/karelbraborec/rev-meter/ios/Pods/Headers/Public/React-debug -I/Users/karelbraborec/rev-meter/ios/Pods/Headers/Public/React-defaultsnativemodule -I/Users/karelbraborec/rev-meter/ios/Pods/Headers/Public/React-domnativemodule -I/Users/karelbraborec/rev-meter/ios/Pods/Headers/Public/React-featureflags -I/Users/karelbraborec/rev-meter/ios/Pods/Headers/Public/React-featureflagsnativemodule -I/Users/karelbraborec/rev-meter/ios/Pods/Headers/Public/React-graphics -I/Users/karelbraborec/rev-meter/ios/Pods/Headers/Public/React-hermes -I/Users/karelbraborec/rev-meter/ios/Pods/Headers/Public/React-idlecallbacksnativemodule -I/Users/karelbraborec/rev-meter/ios/Pods/Headers/Public/React-intersectionobservernativemodule -I/Users/karelbraborec/rev-meter/ios/Pods/Headers/Public/React-jserrorhandler -I/Users/karelbraborec/rev-meter/ios/Pods/Headers/Public/React-jsi -I/Users/karelbraborec/rev-meter/ios/Pods/Headers/Public/React-jsiexecutor -I/Users/karelbraborec/rev-meter/ios/Pods/Headers/Public/React-jsinspector -I/Users/karelbraborec/rev-meter/ios/Pods/Headers/Public/React-jsinspectorcdp -I/Users/karelbraborec/rev-meter/ios/Pods/Headers/Public/React-jsinspectornetwork -I/Users/karelbraborec/rev-meter/ios/Pods/Headers/Public/React-jsinspectortracing -I/Users/karelbraborec/rev-meter/ios/Pods/Headers/Public/React-jsitooling -I/Users/karelbraborec/rev-meter/ios/Pods/Headers/Public/React-logger -I/Users/karelbraborec/rev-meter/ios/Pods/Headers/Public/React-microtasksnativemodule -I/Users/karelbraborec/rev-meter/ios/Pods/Headers/Public/React-mutationobservernativemodule -I/Users/karelbraborec/rev-meter/ios/Pods/Headers/Public/React-networking -I/Users/karelbraborec/rev-meter/ios/Pods/Headers/Public/React-oscompat -I/Users/karelbraborec/rev-meter/ios/Pods/Headers/Public/React-perflogger -I/Users/karelbraborec/rev-meter/ios/Pods/Headers/Public/React-performancecdpmetrics -I/Users/karelbraborec/rev-meter/ios/Pods/Headers/Public/React-performancetimeline -I/Users/karelbraborec/rev-meter/ios/Pods/Headers/Public/React-rendererconsistency -I/Users/karelbraborec/rev-meter/ios/Pods/Headers/Public/React-renderercss -I/Users/karelbraborec/rev-meter/ios/Pods/Headers/Public/React-rendererdebug -I/Users/karelbraborec/rev-meter/ios/Pods/Headers/Public/React-runtimeexecutor -I/Users/karelbraborec/rev-meter/ios/Pods/Headers/Public/React-runtimescheduler -I/Users/karelbraborec/rev-meter/ios/Pods/Headers/Public/React-timing -I/Users/karelbraborec/rev-meter/ios/Pods/Headers/Public/React-utils -I/Users/karelbraborec/rev-meter/ios/Pods/Headers/Public/React-viewtransitionnativemodule -I/Users/karelbraborec/rev-meter/ios/Pods/Headers/Public/React-webperformancenativemodule -I/Users/karelbraborec/rev-meter/ios/Pods/Headers/Public/ReactCodegen -I/Users/karelbraborec/rev-meter/ios/Pods/Headers/Public/ReactCommon -I/Users/karelbraborec/rev-meter/ios/Pods/Headers/Public/ReactNativeDependencies -I/Users/karelbraborec/rev-meter/ios/Pods/Headers/Public/Yoga -I/Users/karelbraborec/rev-meter/ios/Pods/Headers/Public/hermes-engine -I/Users/karelbraborec/rev-meter/ios/Pods/Headers/Private/Yoga -I/Users/karelbraborec/rev-meter/ios/Pods/ExpoModulesCore/ExpoModulesCore.xcframework/ios-arm64_x86_64-simulator/ExpoModulesCore.framework/Headers -I/Users/karelbraborec/rev-meter/ios/Pods/ExpoModulesCore/ExpoModulesCore.xcframework/ios-arm64/ExpoModulesCore.framework/Headers -I/Users/karelbraborec/rev-meter/ios/Pods/ExpoModulesCore/ExpoModulesCore.xcframework/ios-arm64_x86_64-simulator/ExpoModulesCore.framework/Headers -I/Users/karelbraborec/rev-meter/ios/Pods/ExpoModulesCore/ExpoModulesCore.xcframework/ios-arm64/ExpoModulesCore.framework/Headers -I/Users/karelbraborec/Library/Developer/Xcode/DerivedData/revmeter-hbcnswmlqmbpnlazhhkncgeowiss/Build/Intermediates.noindex/Pods.build/Debug-iphonesimulator/RNGestureHandler.build/DerivedSources-normal/x86_64 -I/Users/karelbraborec/Library/Developer/Xcode/DerivedData/revmeter-hbcnswmlqmbpnlazhhkncgeowiss/Build/Intermediates.noindex/Pods.build/Debug-iphonesimulator/RNGestureHandler.build/DerivedSources/x86_64 -I/Users/karelbraborec/Library/Developer/Xcode/DerivedData/revmeter-hbcnswmlqmbpnlazhhkncgeowiss/Build/Intermediates.noindex/Pods.build/Debug-iphonesimulator/RNGestureHandler.build/DerivedSources -F/Users/karelbraborec/Library/Developer/Xcode/DerivedData/revmeter-hbcnswmlqmbpnlazhhkncgeowiss/Build/Products/Debug-iphonesimulator/RNGestureHandler -F/Users/karelbraborec/rev-meter/ios/Pods/React-Core-prebuilt -F/Users/karelbraborec/rev-meter/ios/Pods/ReactNativeDependencies/framework/packages/react-native -F/Users/karelbraborec/rev-meter/ios/Pods/hermes-engine/destroot/Library/Frameworks/universal -F/Users/karelbraborec/Library/Developer/Xcode/DerivedData/revmeter-hbcnswmlqmbpnlazhhkncgeowiss/Build/Products/Debug-iphonesimulator/XCFrameworkIntermediates/React-Core-prebuilt -F/Users/karelbraborec/Library/Developer/Xcode/DerivedData/revmeter-hbcnswmlqmbpnlazhhkncgeowiss/Build/Products/Debug-iphonesimulator/XCFrameworkIntermediates/ReactNativeDependencies -F/Users/karelbraborec/Library/Developer/Xcode/DerivedData/revmeter-hbcnswmlqmbpnlazhhkncgeowiss/Build/Products/Debug-iphonesimulator/XCFrameworkIntermediates/hermes-engine/Pre-built '-DRCT_REMOVE_LEGACY_ARCH=1' '-fmodule-map-file=/Users/karelbraborec/rev-meter/ios/Pods/Headers/Public/ReactCodegen/ReactCodegen.modulemap' '-DRCT_REMOVE_LEGACY_ARCH=1' '-DREACT_NATIVE_MINOR_VERSION=86' '-DRCT_REMOVE_LEGACY_ARCH=1' -ivfsoverlay /Users/karelbraborec/rev-meter/ios/Pods/React-Core-prebuilt/React-VFS.yaml

WriteAuxiliaryFile /Users/karelbraborec/Library/Developer/Xcode/DerivedData/revmeter-hbcnswmlqmbpnlazhhkncgeowiss/Build/Intermediates.noindex/Pods.build/Debug-iphonesimulator/RNGestureHandler.build/Objects-normal/x86_64/RNGestureHandler.LinkFileList (in target 'RNGestureHandler' from project 'Pods')
    cd /Users/karelbraborec/rev-meter/ios/Pods
    write-file /Users/karelbraborec/Library/Developer/Xcode/DerivedData/revmeter-hbcnswmlqmbpnlazhhkncgeowiss/Build/Intermediates.noindex/Pods.build/Debug-iphonesimulator/RNGestureHandler.build/Objects-normal/x86_64/RNGestureHandler.LinkFileList

WriteAuxiliaryFile /Users/karelbraborec/Library/Developer/Xcode/DerivedData/revmeter-hbcnswmlqmbpnlazhhkncgeowiss/Build/Intermediates.noindex/Pods.build/Debug-iphonesimulator/RNGestureHandler.build/Objects-normal/x86_64/af3fcb34312c57c0f52879cdce924b91-common-args.resp (in target 'RNGestureHandler' from project 'Pods')
    cd /Users/karelbraborec/rev-meter/ios/Pods
    write-file /Users/karelbraborec/Library/Developer/Xcode/DerivedData/revmeter-hbcnswmlqmbpnlazhhkncgeowiss/Build/Intermediates.noindex/Pods.build/Debug-iphonesimulator/RNGestureHandler.build/Objects-normal/x86_64/af3fcb34312c57c0f52879cdce924b91-common-args.resp
'-std=c++20' '-stdlib=libc++' -fobjc-arc -fmodules -fno-cxx-modules '-fmodules-cache-path=/Users/karelbraborec/Library/Developer/Xcode/DerivedData/ModuleCache.noindex' '-D_LIBCPP_HARDENING_MODE=_LIBCPP_HARDENING_MODE_DEBUG' -fpascal-strings -O0 -fno-common '-DPOD_CONFIGURATION_DEBUG=1' '-DDEBUG=1' '-DCOCOAPODS=1' '-DOBJC_OLD_DISPATCH_PROTOTYPES=0' -fasm-blocks -g '-fobjc-abi-version=2' -fobjc-legacy-dispatch -iquote /Users/karelbraborec/Library/Developer/Xcode/DerivedData/revmeter-hbcnswmlqmbpnlazhhkncgeowiss/Build/Intermediates.noindex/Pods.build/Debug-iphonesimulator/RNGestureHandler.build/RNGestureHandler-generated-files.hmap -I/Users/karelbraborec/Library/Developer/Xcode/DerivedData/revmeter-hbcnswmlqmbpnlazhhkncgeowiss/Build/Intermediates.noindex/Pods.build/Debug-iphonesimulator/RNGestureHandler.build/RNGestureHandler-own-target-headers.hmap -I/Users/karelbraborec/Library/Developer/Xcode/DerivedData/revmeter-hbcnswmlqmbpnlazhhkncgeowiss/Build/Intermediates.noindex/Pods.build/Debug-iphonesimulator/RNGestureHandler.build/RNGestureHandler-all-non-framework-target-headers.hmap -ivfsoverlay /Users/karelbraborec/Library/Developer/Xcode/DerivedData/revmeter-hbcnswmlqmbpnlazhhkncgeowiss/Build/Intermediates.noindex/Pods.build/Debug-iphonesimulator/Pods-8699adb1dd336b26511df848a716bd42-VFS-iphonesimulator/all-product-headers.yaml -iquote /Users/karelbraborec/Library/Developer/Xcode/DerivedData/revmeter-hbcnswmlqmbpnlazhhkncgeowiss/Build/Intermediates.noindex/Pods.build/Debug-iphonesimulator/RNGestureHandler.build/RNGestureHandler-project-headers.hmap -I/Users/karelbraborec/Library/Developer/Xcode/DerivedData/revmeter-hbcnswmlqmbpnlazhhkncgeowiss/Build/Products/Debug-iphonesimulator/RNGestureHandler/include -I/Users/karelbraborec/rev-meter/ios/Pods/Headers/Private -I/Users/karelbraborec/rev-meter/ios/Pods/Headers/Private/RNGestureHandler -I/Users/karelbraborec/rev-meter/ios/Pods/Headers/Public -I/Users/karelbraborec/rev-meter/ios/Pods/Headers/Public/FBLazyVector -I/Users/karelbraborec/rev-meter/ios/Pods/Headers/Public/RCTDeprecation -I/Users/karelbraborec/rev-meter/ios/Pods/Headers/Public/RCTRequired -I/Users/karelbraborec/rev-meter/ios/Pods/Headers/Public/RCTSwiftUIWrapper -I/Users/karelbraborec/rev-meter/ios/Pods/Headers/Public/RCTTypeSafety -I/Users/karelbraborec/rev-meter/ios/Pods/Headers/Public/RNGestureHandler -I/Users/karelbraborec/rev-meter/ios/Pods/Headers/Public/React-Core -I/Users/karelbraborec/rev-meter/ios/Pods/Headers/Public/React-Core-prebuilt -I/Users/karelbraborec/rev-meter/ios/Pods/Headers/Public/React-CoreModules -I/Users/karelbraborec/rev-meter/ios/Pods/Headers/Public/React-Fabric -I/Users/karelbraborec/rev-meter/ios/Pods/Headers/Public/React-FabricComponents -I/Users/karelbraborec/rev-meter/ios/Pods/Headers/Public/React-FabricImage -I/Users/karelbraborec/rev-meter/ios/Pods/Headers/Public/React-ImageManager -I/Users/karelbraborec/rev-meter/ios/Pods/Headers/Public/React-Mapbuffer -I/Users/karelbraborec/rev-meter/ios/Pods/Headers/Public/React-NativeModulesApple -I/Users/karelbraborec/rev-meter/ios/Pods/Headers/Public/React-RCTAnimation -I/Users/karelbraborec/rev-meter/ios/Pods/Headers/Public/React-RCTAppDelegate -I/Users/karelbraborec/rev-meter/ios/Pods/Headers/Public/React-RCTBlob -I/Users/karelbraborec/rev-meter/ios/Pods/Headers/Public/React-RCTFBReactNativeSpec -I/Users/karelbraborec/rev-meter/ios/Pods/Headers/Public/React-RCTFabric -I/Users/karelbraborec/rev-meter/ios/Pods/Headers/Public/React-RCTImage -I/Users/karelbraborec/rev-meter/ios/Pods/Headers/Public/React-RCTRuntime -I/Users/karelbraborec/rev-meter/ios/Pods/Headers/Public/React-RCTText -I/Users/karelbraborec/rev-meter/ios/Pods/Headers/Public/React-RuntimeApple -I/Users/karelbraborec/rev-meter/ios/Pods/Headers/Public/React-RuntimeCore -I/Users/karelbraborec/rev-meter/ios/Pods/Headers/Public/React-RuntimeHermes -I/Users/karelbraborec/rev-meter/ios/Pods/Headers/Public/React-callinvoker -I/Users/karelbraborec/rev-meter/ios/Pods/Headers/Public/React-cxxreact -I/Users/karelbraborec/rev-meter/ios/Pods/Headers/Public/React-debug -I/Users/karelbraborec/rev-meter/ios/Pods/Headers/Public/React-defaultsnativemodule -I/Users/karelbraborec/rev-meter/ios/Pods/Headers/Public/React-domnativemodule -I/Users/karelbraborec/rev-meter/ios/Pods/Headers/Public/React-featureflags -I/Users/karelbraborec/rev-meter/ios/Pods/Headers/Public/React-featureflagsnativemodule -I/Users/karelbraborec/rev-meter/ios/Pods/Headers/Public/React-graphics -I/Users/karelbraborec/rev-meter/ios/Pods/Headers/Public/React-hermes -I/Users/karelbraborec/rev-meter/ios/Pods/Headers/Public/React-idlecallbacksnativemodule -I/Users/karelbraborec/rev-meter/ios/Pods/Headers/Public/React-intersectionobservernativemodule -I/Users/karelbraborec/rev-meter/ios/Pods/Headers/Public/React-jserrorhandler -I/Users/karelbraborec/rev-meter/ios/Pods/Headers/Public/React-jsi -I/Users/karelbraborec/rev-meter/ios/Pods/Headers/Public/React-jsiexecutor -I/Users/karelbraborec/rev-meter/ios/Pods/Headers/Public/React-jsinspector -I/Users/karelbraborec/rev-meter/ios/Pods/Headers/Public/React-jsinspectorcdp -I/Users/karelbraborec/rev-meter/ios/Pods/Headers/Public/React-jsinspectornetwork -I/Users/karelbraborec/rev-meter/ios/Pods/Headers/Public/React-jsinspectortracing -I/Users/karelbraborec/rev-meter/ios/Pods/Headers/Public/React-jsitooling -I/Users/karelbraborec/rev-meter/ios/Pods/Headers/Public/React-logger -I/Users/karelbraborec/rev-meter/ios/Pods/Headers/Public/React-microtasksnativemodule -I/Users/karelbraborec/rev-meter/ios/Pods/Headers/Public/React-mutationobservernativemodule -I/Users/karelbraborec/rev-meter/ios/Pods/Headers/Public/React-networking -I/Users/karelbraborec/rev-meter/ios/Pods/Headers/Public/React-oscompat -I/Users/karelbraborec/rev-meter/ios/Pods/Headers/Public/React-perflogger -I/Users/karelbraborec/rev-meter/ios/Pods/Headers/Public/React-performancecdpmetrics -I/Users/karelbraborec/rev-meter/ios/Pods/Headers/Public/React-performancetimeline -I/Users/karelbraborec/rev-meter/ios/Pods/Headers/Public/React-rendererconsistency -I/Users/karelbraborec/rev-meter/ios/Pods/Headers/Public/React-renderercss -I/Users/karelbraborec/rev-meter/ios/Pods/Headers/Public/React-rendererdebug -I/Users/karelbraborec/rev-meter/ios/Pods/Headers/Public/React-runtimeexecutor -I/Users/karelbraborec/rev-meter/ios/Pods/Headers/Public/React-runtimescheduler -I/Users/karelbraborec/rev-meter/ios/Pods/Headers/Public/React-timing -I/Users/karelbraborec/rev-meter/ios/Pods/Headers/Public/React-utils -I/Users/karelbraborec/rev-meter/ios/Pods/Headers/Public/React-viewtransitionnativemodule -I/Users/karelbraborec/rev-meter/ios/Pods/Headers/Public/React-webperformancenativemodule -I/Users/karelbraborec/rev-meter/ios/Pods/Headers/Public/ReactCodegen -I/Users/karelbraborec/rev-meter/ios/Pods/Headers/Public/ReactCommon -I/Users/karelbraborec/rev-meter/ios/Pods/Headers/Public/ReactNativeDependencies -I/Users/karelbraborec/rev-meter/ios/Pods/Headers/Public/Yoga -I/Users/karelbraborec/rev-meter/ios/Pods/Headers/Public/hermes-engine -I/Users/karelbraborec/rev-meter/ios/Pods/Headers/Private/Yoga -I/Users/karelbraborec/rev-meter/ios/Pods/ExpoModulesCore/ExpoModulesCore.xcframework/ios-arm64_x86_64-simulator/ExpoModulesCore.framework/Headers -I/Users/karelbraborec/rev-meter/ios/Pods/ExpoModulesCore/ExpoModulesCore.xcframework/ios-arm64/ExpoModulesCore.framework/Headers -I/Users/karelbraborec/rev-meter/ios/Pods/ExpoModulesCore/ExpoModulesCore.xcframework/ios-arm64_x86_64-simulator/ExpoModulesCore.framework/Headers -I/Users/karelbraborec/rev-meter/ios/Pods/ExpoModulesCore/ExpoModulesCore.xcframework/ios-arm64/ExpoModulesCore.framework/Headers -I/Users/karelbraborec/Library/Developer/Xcode/DerivedData/revmeter-hbcnswmlqmbpnlazhhkncgeowiss/Build/Intermediates.noindex/Pods.build/Debug-iphonesimulator/RNGestureHandler.build/DerivedSources-normal/x86_64 -I/Users/karelbraborec/Library/Developer/Xcode/DerivedData/revmeter-hbcnswmlqmbpnlazhhkncgeowiss/Build/Intermediates.noindex/Pods.build/Debug-iphonesimulator/RNGestureHandler.build/DerivedSources/x86_64 -I/Users/karelbraborec/Library/Developer/Xcode/DerivedData/revmeter-hbcnswmlqmbpnlazhhkncgeowiss/Build/Intermediates.noindex/Pods.build/Debug-iphonesimulator/RNGestureHandler.build/DerivedSources -F/Users/karelbraborec/Library/Developer/Xcode/DerivedData/revmeter-hbcnswmlqmbpnlazhhkncgeowiss/Build/Products/Debug-iphonesimulator/RNGestureHandler -F/Users/karelbraborec/rev-meter/ios/Pods/React-Core-prebuilt -F/Users/karelbraborec/rev-meter/ios/Pods/ReactNativeDependencies/framework/packages/react-native -F/Users/karelbraborec/rev-meter/ios/Pods/hermes-engine/destroot/Library/Frameworks/universal -F/Users/karelbraborec/Library/Developer/Xcode/DerivedData/revmeter-hbcnswmlqmbpnlazhhkncgeowiss/Build/Products/Debug-iphonesimulator/XCFrameworkIntermediates/React-Core-prebuilt -F/Users/karelbraborec/Library/Developer/Xcode/DerivedData/revmeter-hbcnswmlqmbpnlazhhkncgeowiss/Build/Products/Debug-iphonesimulator/XCFrameworkIntermediates/ReactNativeDependencies -F/Users/karelbraborec/Library/Developer/Xcode/DerivedData/revmeter-hbcnswmlqmbpnlazhhkncgeowiss/Build/Products/Debug-iphonesimulator/XCFrameworkIntermediates/hermes-engine/Pre-built '-DRCT_REMOVE_LEGACY_ARCH=1' '-fmodule-map-file=/Users/karelbraborec/rev-meter/ios/Pods/Headers/Public/ReactCodegen/ReactCodegen.modulemap' '-DRCT_REMOVE_LEGACY_ARCH=1' '-DREACT_NATIVE_MINOR_VERSION=86' '-DRCT_REMOVE_LEGACY_ARCH=1' -ivfsoverlay /Users/karelbraborec/rev-meter/ios/Pods/React-Core-prebuilt/React-VFS.yaml '-DRCT_REMOVE_LEGACY_ARCH=1' '-DRCT_NEW_ARCH_ENABLED=1' -ivfsoverlay /Users/karelbraborec/rev-meter/ios/Pods/React-Core-prebuilt/React-VFS.yaml

WriteAuxiliaryFile /Users/karelbraborec/Library/Developer/Xcode/DerivedData/revmeter-hbcnswmlqmbpnlazhhkncgeowiss/Build/Intermediates.noindex/Pods.build/Debug-iphonesimulator/RNGestureHandler.build/Objects-normal/arm64/e6072d4f65d7061329687fe24e3d63a7-common-args.resp (in target 'RNGestureHandler' from project 'Pods')
    cd /Users/karelbraborec/rev-meter/ios/Pods
    write-file /Users/karelbraborec/Library/Developer/Xcode/DerivedData/revmeter-hbcnswmlqmbpnlazhhkncgeowiss/Build/Intermediates.noindex/Pods.build/Debug-iphonesimulator/RNGestureHandler.build/Objects-normal/arm64/e6072d4f65d7061329687fe24e3d63a7-common-args.resp
'-std=gnu11' -fobjc-arc -fmodules '-fmodules-cache-path=/Users/karelbraborec/Library/Developer/Xcode/DerivedData/ModuleCache.noindex' -fpascal-strings -O0 -fno-common '-DPOD_CONFIGURATION_DEBUG=1' '-DDEBUG=1' '-DCOCOAPODS=1' '-DOBJC_OLD_DISPATCH_PROTOTYPES=0' -g '-fobjc-abi-version=2' -fobjc-legacy-dispatch -iquote /Users/karelbraborec/Library/Developer/Xcode/DerivedData/revmeter-hbcnswmlqmbpnlazhhkncgeowiss/Build/Intermediates.noindex/Pods.build/Debug-iphonesimulator/RNGestureHandler.build/RNGestureHandler-generated-files.hmap -I/Users/karelbraborec/Library/Developer/Xcode/DerivedData/revmeter-hbcnswmlqmbpnlazhhkncgeowiss/Build/Intermediates.noindex/Pods.build/Debug-iphonesimulator/RNGestureHandler.build/RNGestureHandler-own-target-headers.hmap -I/Users/karelbraborec/Library/Developer/Xcode/DerivedData/revmeter-hbcnswmlqmbpnlazhhkncgeowiss/Build/Intermediates.noindex/Pods.build/Debug-iphonesimulator/RNGestureHandler.build/RNGestureHandler-all-non-framework-target-headers.hmap -ivfsoverlay /Users/karelbraborec/Library/Developer/Xcode/DerivedData/revmeter-hbcnswmlqmbpnlazhhkncgeowiss/Build/Intermediates.noindex/Pods.build/Debug-iphonesimulator/Pods-8699adb1dd336b26511df848a716bd42-VFS-iphonesimulator/all-product-headers.yaml -iquote /Users/karelbraborec/Library/Developer/Xcode/DerivedData/revmeter-hbcnswmlqmbpnlazhhkncgeowiss/Build/Intermediates.noindex/Pods.build/Debug-iphonesimulator/RNGestureHandler.build/RNGestureHandler-project-headers.hmap -I/Users/karelbraborec/Library/Developer/Xcode/DerivedData/revmeter-hbcnswmlqmbpnlazhhkncgeowiss/Build/Products/Debug-iphonesimulator/RNGestureHandler/include -I/Users/karelbraborec/rev-meter/ios/Pods/Headers/Private -I/Users/karelbraborec/rev-meter/ios/Pods/Headers/Private/RNGestureHandler -I/Users/karelbraborec/rev-meter/ios/Pods/Headers/Public -I/Users/karelbraborec/rev-meter/ios/Pods/Headers/Public/FBLazyVector -I/Users/karelbraborec/rev-meter/ios/Pods/Headers/Public/RCTDeprecation -I/Users/karelbraborec/rev-meter/ios/Pods/Headers/Public/RCTRequired -I/Users/karelbraborec/rev-meter/ios/Pods/Headers/Public/RCTSwiftUIWrapper -I/Users/karelbraborec/rev-meter/ios/Pods/Headers/Public/RCTTypeSafety -I/Users/karelbraborec/rev-meter/ios/Pods/Headers/Public/RNGestureHandler -I/Users/karelbraborec/rev-meter/ios/Pods/Headers/Public/React-Core -I/Users/karelbraborec/rev-meter/ios/Pods/Headers/Public/React-Core-prebuilt -I/Users/karelbraborec/rev-meter/ios/Pods/Headers/Public/React-CoreModules -I/Users/karelbraborec/rev-meter/ios/Pods/Headers/Public/React-Fabric -I/Users/karelbraborec/rev-meter/ios/Pods/Headers/Public/React-FabricComponents -I/Users/karelbraborec/rev-meter/ios/Pods/Headers/Public/React-FabricImage -I/Users/karelbraborec/rev-meter/ios/Pods/Headers/Public/React-ImageManager -I/Users/karelbraborec/rev-meter/ios/Pods/Headers/Public/React-Mapbuffer -I/Users/karelbraborec/rev-meter/ios/Pods/Headers/Public/React-NativeModulesApple -I/Users/karelbraborec/rev-meter/ios/Pods/Headers/Public/React-RCTAnimation -I/Users/karelbraborec/rev-meter/ios/Pods/Headers/Public/React-RCTAppDelegate -I/Users/karelbraborec/rev-meter/ios/Pods/Headers/Public/React-RCTBlob -I/Users/karelbraborec/rev-meter/ios/Pods/Headers/Public/React-RCTFBReactNativeSpec -I/Users/karelbraborec/rev-meter/ios/Pods/Headers/Public/React-RCTFabric -I/Users/karelbraborec/rev-meter/ios/Pods/Headers/Public/React-RCTImage -I/Users/karelbraborec/rev-meter/ios/Pods/Headers/Public/React-RCTRuntime -I/Users/karelbraborec/rev-meter/ios/Pods/Headers/Public/React-RCTText -I/Users/karelbraborec/rev-meter/ios/Pods/Headers/Public/React-RuntimeApple -I/Users/karelbraborec/rev-meter/ios/Pods/Headers/Public/React-RuntimeCore -I/Users/karelbraborec/rev-meter/ios/Pods/Headers/Public/React-RuntimeHermes -I/Users/karelbraborec/rev-meter/ios/Pods/Headers/Public/React-callinvoker -I/Users/karelbraborec/rev-meter/ios/Pods/Headers/Public/React-cxxreact -I/Users/karelbraborec/rev-meter/ios/Pods/Headers/Public/React-debug -I/Users/karelbraborec/rev-meter/ios/Pods/Headers/Public/React-defaultsnativemodule -I/Users/karelbraborec/rev-meter/ios/Pods/Headers/Public/React-domnativemodule -I/Users/karelbraborec/rev-meter/ios/Pods/Headers/Public/React-featureflags -I/Users/karelbraborec/rev-meter/ios/Pods/Headers/Public/React-featureflagsnativemodule -I/Users/karelbraborec/rev-meter/ios/Pods/Headers/Public/React-graphics -I/Users/karelbraborec/rev-meter/ios/Pods/Headers/Public/React-hermes -I/Users/karelbraborec/rev-meter/ios/Pods/Headers/Public/React-idlecallbacksnativemodule -I/Users/karelbraborec/rev-meter/ios/Pods/Headers/Public/React-intersectionobservernativemodule -I/Users/karelbraborec/rev-meter/ios/Pods/Headers/Public/React-jserrorhandler -I/Users/karelbraborec/rev-meter/ios/Pods/Headers/Public/React-jsi -I/Users/karelbraborec/rev-meter/ios/Pods/Headers/Public/React-jsiexecutor -I/Users/karelbraborec/rev-meter/ios/Pods/Headers/Public/React-jsinspector -I/Users/karelbraborec/rev-meter/ios/Pods/Headers/Public/React-jsinspectorcdp -I/Users/karelbraborec/rev-meter/ios/Pods/Headers/Public/React-jsinspectornetwork -I/Users/karelbraborec/rev-meter/ios/Pods/Headers/Public/React-jsinspectortracing -I/Users/karelbraborec/rev-meter/ios/Pods/Headers/Public/React-jsitooling -I/Users/karelbraborec/rev-meter/ios/Pods/Headers/Public/React-logger -I/Users/karelbraborec/rev-meter/ios/Pods/Headers/Public/React-microtasksnativemodule -I/Users/karelbraborec/rev-meter/ios/Pods/Headers/Public/React-mutationobservernativemodule -I/Users/karelbraborec/rev-meter/ios/Pods/Headers/Public/React-networking -I/Users/karelbraborec/rev-meter/ios/Pods/Headers/Public/React-oscompat -I/Users/karelbraborec/rev-meter/ios/Pods/Headers/Public/React-perflogger -I/Users/karelbraborec/rev-meter/ios/Pods/Headers/Public/React-performancecdpmetrics -I/Users/karelbraborec/rev-meter/ios/Pods/Headers/Public/React-performancetimeline -I/Users/karelbraborec/rev-meter/ios/Pods/Headers/Public/React-rendererconsistency -I/Users/karelbraborec/rev-meter/ios/Pods/Headers/Public/React-renderercss -I/Users/karelbraborec/rev-meter/ios/Pods/Headers/Public/React-rendererdebug -I/Users/karelbraborec/rev-meter/ios/Pods/Headers/Public/React-runtimeexecutor -I/Users/karelbraborec/rev-meter/ios/Pods/Headers/Public/React-runtimescheduler -I/Users/karelbraborec/rev-meter/ios/Pods/Headers/Public/React-timing -I/Users/karelbraborec/rev-meter/ios/Pods/Headers/Public/React-utils -I/Users/karelbraborec/rev-meter/ios/Pods/Headers/Public/React-viewtransitionnativemodule -I/Users/karelbraborec/rev-meter/ios/Pods/Headers/Public/React-webperformancenativemodule -I/Users/karelbraborec/rev-meter/ios/Pods/Headers/Public/ReactCodegen -I/Users/karelbraborec/rev-meter/ios/Pods/Headers/Public/ReactCommon -I/Users/karelbraborec/rev-meter/ios/Pods/Headers/Public/ReactNativeDependencies -I/Users/karelbraborec/rev-meter/ios/Pods/Headers/Public/Yoga -I/Users/karelbraborec/rev-meter/ios/Pods/Headers/Public/hermes-engine -I/Users/karelbraborec/rev-meter/ios/Pods/Headers/Private/Yoga -I/Users/karelbraborec/rev-meter/ios/Pods/ExpoModulesCore/ExpoModulesCore.xcframework/ios-arm64_x86_64-simulator/ExpoModulesCore.framework/Headers -I/Users/karelbraborec/rev-meter/ios/Pods/ExpoModulesCore/ExpoModulesCore.xcframework/ios-arm64/ExpoModulesCore.framework/Headers -I/Users/karelbraborec/rev-meter/ios/Pods/ExpoModulesCore/ExpoModulesCore.xcframework/ios-arm64_x86_64-simulator/ExpoModulesCore.framework/Headers -I/Users/karelbraborec/rev-meter/ios/Pods/ExpoModulesCore/ExpoModulesCore.xcframework/ios-arm64/ExpoModulesCore.framework/Headers -I/Users/karelbraborec/Library/Developer/Xcode/DerivedData/revmeter-hbcnswmlqmbpnlazhhkncgeowiss/Build/Intermediates.noindex/Pods.build/Debug-iphonesimulator/RNGestureHandler.build/DerivedSources-normal/arm64 -I/Users/karelbraborec/Library/Developer/Xcode/DerivedData/revmeter-hbcnswmlqmbpnlazhhkncgeowiss/Build/Intermediates.noindex/Pods.build/Debug-iphonesimulator/RNGestureHandler.build/DerivedSources/arm64 -I/Users/karelbraborec/Library/Developer/Xcode/DerivedData/revmeter-hbcnswmlqmbpnlazhhkncgeowiss/Build/Intermediates.noindex/Pods.build/Debug-iphonesimulator/RNGestureHandler.build/DerivedSources -F/Users/karelbraborec/Library/Developer/Xcode/DerivedData/revmeter-hbcnswmlqmbpnlazhhkncgeowiss/Build/Products/Debug-iphonesimulator/RNGestureHandler -F/Users/karelbraborec/rev-meter/ios/Pods/React-Core-prebuilt -F/Users/karelbraborec/rev-meter/ios/Pods/ReactNativeDependencies/framework/packages/react-native -F/Users/karelbraborec/rev-meter/ios/Pods/hermes-engine/destroot/Library/Frameworks/universal -F/Users/karelbraborec/Library/Developer/Xcode/DerivedData/revmeter-hbcnswmlqmbpnlazhhkncgeowiss/Build/Products/Debug-iphonesimulator/XCFrameworkIntermediates/React-Core-prebuilt -F/Users/karelbraborec/Library/Developer/Xcode/DerivedData/revmeter-hbcnswmlqmbpnlazhhkncgeowiss/Build/Products/Debug-iphonesimulator/XCFrameworkIntermediates/ReactNativeDependencies -F/Users/karelbraborec/Library/Developer/Xcode/DerivedData/revmeter-hbcnswmlqmbpnlazhhkncgeowiss/Build/Products/Debug-iphonesimulator/XCFrameworkIntermediates/hermes-engine/Pre-built '-DRCT_REMOVE_LEGACY_ARCH=1' '-fmodule-map-file=/Users/karelbraborec/rev-meter/ios/Pods/Headers/Public/ReactCodegen/ReactCodegen.modulemap' '-DRCT_REMOVE_LEGACY_ARCH=1' '-DREACT_NATIVE_MINOR_VERSION=86' '-DRCT_REMOVE_LEGACY_ARCH=1' -ivfsoverlay /Users/karelbraborec/rev-meter/ios/Pods/React-Core-prebuilt/React-VFS.yaml

WriteAuxiliaryFile /Users/karelbraborec/Library/Developer/Xcode/DerivedData/revmeter-hbcnswmlqmbpnlazhhkncgeowiss/Build/Intermediates.noindex/Pods.build/Debug-iphonesimulator/RNGestureHandler.build/Objects-normal/arm64/af3fcb34312c57c0f52879cdce924b91-common-args.resp (in target 'RNGestureHandler' from project 'Pods')
    cd /Users/karelbraborec/rev-meter/ios/Pods
    write-file /Users/karelbraborec/Library/Developer/Xcode/DerivedData/revmeter-hbcnswmlqmbpnlazhhkncgeowiss/Build/Intermediates.noindex/Pods.build/Debug-iphonesimulator/RNGestureHandler.build/Objects-normal/arm64/af3fcb34312c57c0f52879cdce924b91-common-args.resp
'-std=c++20' '-stdlib=libc++' -fobjc-arc -fmodules -fno-cxx-modules '-fmodules-cache-path=/Users/karelbraborec/Library/Developer/Xcode/DerivedData/ModuleCache.noindex' '-D_LIBCPP_HARDENING_MODE=_LIBCPP_HARDENING_MODE_DEBUG' -fpascal-strings -O0 -fno-common '-DPOD_CONFIGURATION_DEBUG=1' '-DDEBUG=1' '-DCOCOAPODS=1' '-DOBJC_OLD_DISPATCH_PROTOTYPES=0' -g '-fobjc-abi-version=2' -fobjc-legacy-dispatch -iquote /Users/karelbraborec/Library/Developer/Xcode/DerivedData/revmeter-hbcnswmlqmbpnlazhhkncgeowiss/Build/Intermediates.noindex/Pods.build/Debug-iphonesimulator/RNGestureHandler.build/RNGestureHandler-generated-files.hmap -I/Users/karelbraborec/Library/Developer/Xcode/DerivedData/revmeter-hbcnswmlqmbpnlazhhkncgeowiss/Build/Intermediates.noindex/Pods.build/Debug-iphonesimulator/RNGestureHandler.build/RNGestureHandler-own-target-headers.hmap -I/Users/karelbraborec/Library/Developer/Xcode/DerivedData/revmeter-hbcnswmlqmbpnlazhhkncgeowiss/Build/Intermediates.noindex/Pods.build/Debug-iphonesimulator/RNGestureHandler.build/RNGestureHandler-all-non-framework-target-headers.hmap -ivfsoverlay /Users/karelbraborec/Library/Developer/Xcode/DerivedData/revmeter-hbcnswmlqmbpnlazhhkncgeowiss/Build/Intermediates.noindex/Pods.build/Debug-iphonesimulator/Pods-8699adb1dd336b26511df848a716bd42-VFS-iphonesimulator/all-product-headers.yaml -iquote /Users/karelbraborec/Library/Developer/Xcode/DerivedData/revmeter-hbcnswmlqmbpnlazhhkncgeowiss/Build/Intermediates.noindex/Pods.build/Debug-iphonesimulator/RNGestureHandler.build/RNGestureHandler-project-headers.hmap -I/Users/karelbraborec/Library/Developer/Xcode/DerivedData/revmeter-hbcnswmlqmbpnlazhhkncgeowiss/Build/Products/Debug-iphonesimulator/RNGestureHandler/include -I/Users/karelbraborec/rev-meter/ios/Pods/Headers/Private -I/Users/karelbraborec/rev-meter/ios/Pods/Headers/Private/RNGestureHandler -I/Users/karelbraborec/rev-meter/ios/Pods/Headers/Public -I/Users/karelbraborec/rev-meter/ios/Pods/Headers/Public/FBLazyVector -I/Users/karelbraborec/rev-meter/ios/Pods/Headers/Public/RCTDeprecation -I/Users/karelbraborec/rev-meter/ios/Pods/Headers/Public/RCTRequired -I/Users/karelbraborec/rev-meter/ios/Pods/Headers/Public/RCTSwiftUIWrapper -I/Users/karelbraborec/rev-meter/ios/Pods/Headers/Public/RCTTypeSafety -I/Users/karelbraborec/rev-meter/ios/Pods/Headers/Public/RNGestureHandler -I/Users/karelbraborec/rev-meter/ios/Pods/Headers/Public/React-Core -I/Users/karelbraborec/rev-meter/ios/Pods/Headers/Public/React-Core-prebuilt -I/Users/karelbraborec/rev-meter/ios/Pods/Headers/Public/React-CoreModules -I/Users/karelbraborec/rev-meter/ios/Pods/Headers/Public/React-Fabric -I/Users/karelbraborec/rev-meter/ios/Pods/Headers/Public/React-FabricComponents -I/Users/karelbraborec/rev-meter/ios/Pods/Headers/Public/React-FabricImage -I/Users/karelbraborec/rev-meter/ios/Pods/Headers/Public/React-ImageManager -I/Users/karelbraborec/rev-meter/ios/Pods/Headers/Public/React-Mapbuffer -I/Users/karelbraborec/rev-meter/ios/Pods/Headers/Public/React-NativeModulesApple -I/Users/karelbraborec/rev-meter/ios/Pods/Headers/Public/React-RCTAnimation -I/Users/karelbraborec/rev-meter/ios/Pods/Headers/Public/React-RCTAppDelegate -I/Users/karelbraborec/rev-meter/ios/Pods/Headers/Public/React-RCTBlob -I/Users/karelbraborec/rev-meter/ios/Pods/Headers/Public/React-RCTFBReactNativeSpec -I/Users/karelbraborec/rev-meter/ios/Pods/Headers/Public/React-RCTFabric -I/Users/karelbraborec/rev-meter/ios/Pods/Headers/Public/React-RCTImage -I/Users/karelbraborec/rev-meter/ios/Pods/Headers/Public/React-RCTRuntime -I/Users/karelbraborec/rev-meter/ios/Pods/Headers/Public/React-RCTText -I/Users/karelbraborec/rev-meter/ios/Pods/Headers/Public/React-RuntimeApple -I/Users/karelbraborec/rev-meter/ios/Pods/Headers/Public/React-RuntimeCore -I/Users/karelbraborec/rev-meter/ios/Pods/Headers/Public/React-RuntimeHermes -I/Users/karelbraborec/rev-meter/ios/Pods/Headers/Public/React-callinvoker -I/Users/karelbraborec/rev-meter/ios/Pods/Headers/Public/React-cxxreact -I/Users/karelbraborec/rev-meter/ios/Pods/Headers/Public/React-debug -I/Users/karelbraborec/rev-meter/ios/Pods/Headers/Public/React-defaultsnativemodule -I/Users/karelbraborec/rev-meter/ios/Pods/Headers/Public/React-domnativemodule -I/Users/karelbraborec/rev-meter/ios/Pods/Headers/Public/React-featureflags -I/Users/karelbraborec/rev-meter/ios/Pods/Headers/Public/React-featureflagsnativemodule -I/Users/karelbraborec/rev-meter/ios/Pods/Headers/Public/React-graphics -I/Users/karelbraborec/rev-meter/ios/Pods/Headers/Public/React-hermes -I/Users/karelbraborec/rev-meter/ios/Pods/Headers/Public/React-idlecallbacksnativemodule -I/Users/karelbraborec/rev-meter/ios/Pods/Headers/Public/React-intersectionobservernativemodule -I/Users/karelbraborec/rev-meter/ios/Pods/Headers/Public/React-jserrorhandler -I/Users/karelbraborec/rev-meter/ios/Pods/Headers/Public/React-jsi -I/Users/karelbraborec/rev-meter/ios/Pods/Headers/Public/React-jsiexecutor -I/Users/karelbraborec/rev-meter/ios/Pods/Headers/Public/React-jsinspector -I/Users/karelbraborec/rev-meter/ios/Pods/Headers/Public/React-jsinspectorcdp -I/Users/karelbraborec/rev-meter/ios/Pods/Headers/Public/React-jsinspectornetwork -I/Users/karelbraborec/rev-meter/ios/Pods/Headers/Public/React-jsinspectortracing -I/Users/karelbraborec/rev-meter/ios/Pods/Headers/Public/React-jsitooling -I/Users/karelbraborec/rev-meter/ios/Pods/Headers/Public/React-logger -I/Users/karelbraborec/rev-meter/ios/Pods/Headers/Public/React-microtasksnativemodule -I/Users/karelbraborec/rev-meter/ios/Pods/Headers/Public/React-mutationobservernativemodule -I/Users/karelbraborec/rev-meter/ios/Pods/Headers/Public/React-networking -I/Users/karelbraborec/rev-meter/ios/Pods/Headers/Public/React-oscompat -I/Users/karelbraborec/rev-meter/ios/Pods/Headers/Public/React-perflogger -I/Users/karelbraborec/rev-meter/ios/Pods/Headers/Public/React-performancecdpmetrics -I/Users/karelbraborec/rev-meter/ios/Pods/Headers/Public/React-performancetimeline -I/Users/karelbraborec/rev-meter/ios/Pods/Headers/Public/React-rendererconsistency -I/Users/karelbraborec/rev-meter/ios/Pods/Headers/Public/React-renderercss -I/Users/karelbraborec/rev-meter/ios/Pods/Headers/Public/React-rendererdebug -I/Users/karelbraborec/rev-meter/ios/Pods/Headers/Public/React-runtimeexecutor -I/Users/karelbraborec/rev-meter/ios/Pods/Headers/Public/React-runtimescheduler -I/Users/karelbraborec/rev-meter/ios/Pods/Headers/Public/React-timing -I/Users/karelbraborec/rev-meter/ios/Pods/Headers/Public/React-utils -I/Users/karelbraborec/rev-meter/ios/Pods/Headers/Public/React-viewtransitionnativemodule -I/Users/karelbraborec/rev-meter/ios/Pods/Headers/Public/React-webperformancenativemodule -I/Users/karelbraborec/rev-meter/ios/Pods/Headers/Public/ReactCodegen -I/Users/karelbraborec/rev-meter/ios/Pods/Headers/Public/ReactCommon -I/Users/karelbraborec/rev-meter/ios/Pods/Headers/Public/ReactNativeDependencies -I/Users/karelbraborec/rev-meter/ios/Pods/Headers/Public/Yoga -I/Users/karelbraborec/rev-meter/ios/Pods/Headers/Public/hermes-engine -I/Users/karelbraborec/rev-meter/ios/Pods/Headers/Private/Yoga -I/Users/karelbraborec/rev-meter/ios/Pods/ExpoModulesCore/ExpoModulesCore.xcframework/ios-arm64_x86_64-simulator/ExpoModulesCore.framework/Headers -I/Users/karelbraborec/rev-meter/ios/Pods/ExpoModulesCore/ExpoModulesCore.xcframework/ios-arm64/ExpoModulesCore.framework/Headers -I/Users/karelbraborec/rev-meter/ios/Pods/ExpoModulesCore/ExpoModulesCore.xcframework/ios-arm64_x86_64-simulator/ExpoModulesCore.framework/Headers -I/Users/karelbraborec/rev-meter/ios/Pods/ExpoModulesCore/ExpoModulesCore.xcframework/ios-arm64/ExpoModulesCore.framework/Headers -I/Users/karelbraborec/Library/Developer/Xcode/DerivedData/revmeter-hbcnswmlqmbpnlazhhkncgeowiss/Build/Intermediates.noindex/Pods.build/Debug-iphonesimulator/RNGestureHandler.build/DerivedSources-normal/arm64 -I/Users/karelbraborec/Library/Developer/Xcode/DerivedData/revmeter-hbcnswmlqmbpnlazhhkncgeowiss/Build/Intermediates.noindex/Pods.build/Debug-iphonesimulator/RNGestureHandler.build/DerivedSources/arm64 -I/Users/karelbraborec/Library/Developer/Xcode/DerivedData/revmeter-hbcnswmlqmbpnlazhhkncgeowiss/Build/Intermediates.noindex/Pods.build/Debug-iphonesimulator/RNGestureHandler.build/DerivedSources -F/Users/karelbraborec/Library/Developer/Xcode/DerivedData/revmeter-hbcnswmlqmbpnlazhhkncgeowiss/Build/Products/Debug-iphonesimulator/RNGestureHandler -F/Users/karelbraborec/rev-meter/ios/Pods/React-Core-prebuilt -F/Users/karelbraborec/rev-meter/ios/Pods/ReactNativeDependencies/framework/packages/react-native -F/Users/karelbraborec/rev-meter/ios/Pods/hermes-engine/destroot/Library/Frameworks/universal -F/Users/karelbraborec/Library/Developer/Xcode/DerivedData/revmeter-hbcnswmlqmbpnlazhhkncgeowiss/Build/Products/Debug-iphonesimulator/XCFrameworkIntermediates/React-Core-prebuilt -F/Users/karelbraborec/Library/Developer/Xcode/DerivedData/revmeter-hbcnswmlqmbpnlazhhkncgeowiss/Build/Products/Debug-iphonesimulator/XCFrameworkIntermediates/ReactNativeDependencies -F/Users/karelbraborec/Library/Developer/Xcode/DerivedData/revmeter-hbcnswmlqmbpnlazhhkncgeowiss/Build/Products/Debug-iphonesimulator/XCFrameworkIntermediates/hermes-engine/Pre-built '-DRCT_REMOVE_LEGACY_ARCH=1' '-fmodule-map-file=/Users/karelbraborec/rev-meter/ios/Pods/Headers/Public/ReactCodegen/ReactCodegen.modulemap' '-DRCT_REMOVE_LEGACY_ARCH=1' '-DREACT_NATIVE_MINOR_VERSION=86' '-DRCT_REMOVE_LEGACY_ARCH=1' -ivfsoverlay /Users/karelbraborec/rev-meter/ios/Pods/React-Core-prebuilt/React-VFS.yaml '-DRCT_REMOVE_LEGACY_ARCH=1' '-DRCT_NEW_ARCH_ENABLED=1' -ivfsoverlay /Users/karelbraborec/rev-meter/ios/Pods/React-Core-prebuilt/React-VFS.yaml

WriteAuxiliaryFile /Users/karelbraborec/Library/Developer/Xcode/DerivedData/revmeter-hbcnswmlqmbpnlazhhkncgeowiss/Build/Intermediates.noindex/Pods.build/Debug-iphonesimulator/RNGestureHandler.build/Objects-normal/arm64/RNGestureHandler.LinkFileList (in target 'RNGestureHandler' from project 'Pods')
    cd /Users/karelbraborec/rev-meter/ios/Pods
    write-file /Users/karelbraborec/Library/Developer/Xcode/DerivedData/revmeter-hbcnswmlqmbpnlazhhkncgeowiss/Build/Intermediates.noindex/Pods.build/Debug-iphonesimulator/RNGestureHandler.build/Objects-normal/arm64/RNGestureHandler.LinkFileList

WriteAuxiliaryFile /Users/karelbraborec/Library/Developer/Xcode/DerivedData/revmeter-hbcnswmlqmbpnlazhhkncgeowiss/Build/Intermediates.noindex/Pods.build/Debug-iphonesimulator/RNCMaskedView.build/RNCMaskedView.DependencyStaticMetadataFileList (in target 'RNCMaskedView' from project 'Pods')
    cd /Users/karelbraborec/rev-meter/ios/Pods
    write-file /Users/karelbraborec/Library/Developer/Xcode/DerivedData/revmeter-hbcnswmlqmbpnlazhhkncgeowiss/Build/Intermediates.noindex/Pods.build/Debug-iphonesimulator/RNCMaskedView.build/RNCMaskedView.DependencyStaticMetadataFileList

WriteAuxiliaryFile /Users/karelbraborec/Library/Developer/Xcode/DerivedData/revmeter-hbcnswmlqmbpnlazhhkncgeowiss/Build/Intermediates.noindex/Pods.build/Debug-iphonesimulator/RNCMaskedView.build/RNCMaskedView.DependencyMetadataFileList (in target 'RNCMaskedView' from project 'Pods')
    cd /Users/karelbraborec/rev-meter/ios/Pods
    write-file /Users/karelbraborec/Library/Developer/Xcode/DerivedData/revmeter-hbcnswmlqmbpnlazhhkncgeowiss/Build/Intermediates.noindex/Pods.build/Debug-iphonesimulator/RNCMaskedView.build/RNCMaskedView.DependencyMetadataFileList

WriteAuxiliaryFile /Users/karelbraborec/Library/Developer/Xcode/DerivedData/revmeter-hbcnswmlqmbpnlazhhkncgeowiss/Build/Intermediates.noindex/Pods.build/Debug-iphonesimulator/RNCMaskedView.build/RNCMaskedView.hmap (in target 'RNCMaskedView' from project 'Pods')
    cd /Users/karelbraborec/rev-meter/ios/Pods
    write-file /Users/karelbraborec/Library/Developer/Xcode/DerivedData/revmeter-hbcnswmlqmbpnlazhhkncgeowiss/Build/Intermediates.noindex/Pods.build/Debug-iphonesimulator/RNCMaskedView.build/RNCMaskedView.hmap

WriteAuxiliaryFile /Users/karelbraborec/Library/Developer/Xcode/DerivedData/revmeter-hbcnswmlqmbpnlazhhkncgeowiss/Build/Intermediates.noindex/Pods.build/Debug-iphonesimulator/RNCMaskedView.build/RNCMaskedView-project-headers.hmap (in target 'RNCMaskedView' from project 'Pods')
    cd /Users/karelbraborec/rev-meter/ios/Pods
    write-file /Users/karelbraborec/Library/Developer/Xcode/DerivedData/revmeter-hbcnswmlqmbpnlazhhkncgeowiss/Build/Intermediates.noindex/Pods.build/Debug-iphonesimulator/RNCMaskedView.build/RNCMaskedView-project-headers.hmap

WriteAuxiliaryFile /Users/karelbraborec/Library/Developer/Xcode/DerivedData/revmeter-hbcnswmlqmbpnlazhhkncgeowiss/Build/Intermediates.noindex/Pods.build/Debug-iphonesimulator/RNCMaskedView.build/RNCMaskedView-own-target-headers.hmap (in target 'RNCMaskedView' from project 'Pods')
    cd /Users/karelbraborec/rev-meter/ios/Pods
    write-file /Users/karelbraborec/Library/Developer/Xcode/DerivedData/revmeter-hbcnswmlqmbpnlazhhkncgeowiss/Build/Intermediates.noindex/Pods.build/Debug-iphonesimulator/RNCMaskedView.build/RNCMaskedView-own-target-headers.hmap

WriteAuxiliaryFile /Users/karelbraborec/Library/Developer/Xcode/DerivedData/revmeter-hbcnswmlqmbpnlazhhkncgeowiss/Build/Intermediates.noindex/Pods.build/Debug-iphonesimulator/RNCMaskedView.build/RNCMaskedView-generated-files.hmap (in target 'RNCMaskedView' from project 'Pods')
    cd /Users/karelbraborec/rev-meter/ios/Pods
    write-file /Users/karelbraborec/Library/Developer/Xcode/DerivedData/revmeter-hbcnswmlqmbpnlazhhkncgeowiss/Build/Intermediates.noindex/Pods.build/Debug-iphonesimulator/RNCMaskedView.build/RNCMaskedView-generated-files.hmap

WriteAuxiliaryFile /Users/karelbraborec/Library/Developer/Xcode/DerivedData/revmeter-hbcnswmlqmbpnlazhhkncgeowiss/Build/Intermediates.noindex/Pods.build/Debug-iphonesimulator/RNCMaskedView.build/RNCMaskedView-all-target-headers.hmap (in target 'RNCMaskedView' from project 'Pods')
    cd /Users/karelbraborec/rev-meter/ios/Pods
    write-file /Users/karelbraborec/Library/Developer/Xcode/DerivedData/revmeter-hbcnswmlqmbpnlazhhkncgeowiss/Build/Intermediates.noindex/Pods.build/Debug-iphonesimulator/RNCMaskedView.build/RNCMaskedView-all-target-headers.hmap

WriteAuxiliaryFile /Users/karelbraborec/Library/Developer/Xcode/DerivedData/revmeter-hbcnswmlqmbpnlazhhkncgeowiss/Build/Intermediates.noindex/Pods.build/Debug-iphonesimulator/RNCMaskedView.build/RNCMaskedView-all-non-framework-target-headers.hmap (in target 'RNCMaskedView' from project 'Pods')
    cd /Users/karelbraborec/rev-meter/ios/Pods
    write-file /Users/karelbraborec/Library/Developer/Xcode/DerivedData/revmeter-hbcnswmlqmbpnlazhhkncgeowiss/Build/Intermediates.noindex/Pods.build/Debug-iphonesimulator/RNCMaskedView.build/RNCMaskedView-all-non-framework-target-headers.hmap

WriteAuxiliaryFile /Users/karelbraborec/Library/Developer/Xcode/DerivedData/revmeter-hbcnswmlqmbpnlazhhkncgeowiss/Build/Intermediates.noindex/Pods.build/Debug-iphonesimulator/RNCMaskedView.build/Objects-normal/x86_64/RNCMaskedView.LinkFileList (in target 'RNCMaskedView' from project 'Pods')
    cd /Users/karelbraborec/rev-meter/ios/Pods
    write-file /Users/karelbraborec/Library/Developer/Xcode/DerivedData/revmeter-hbcnswmlqmbpnlazhhkncgeowiss/Build/Intermediates.noindex/Pods.build/Debug-iphonesimulator/RNCMaskedView.build/Objects-normal/x86_64/RNCMaskedView.LinkFileList

WriteAuxiliaryFile /Users/karelbraborec/Library/Developer/Xcode/DerivedData/revmeter-hbcnswmlqmbpnlazhhkncgeowiss/Build/Intermediates.noindex/Pods.build/Debug-iphonesimulator/RNCMaskedView.build/Objects-normal/x86_64/e6072d4f65d7061329687fe24e3d63a7-common-args.resp (in target 'RNCMaskedView' from project 'Pods')
    cd /Users/karelbraborec/rev-meter/ios/Pods
    write-file /Users/karelbraborec/Library/Developer/Xcode/DerivedData/revmeter-hbcnswmlqmbpnlazhhkncgeowiss/Build/Intermediates.noindex/Pods.build/Debug-iphonesimulator/RNCMaskedView.build/Objects-normal/x86_64/e6072d4f65d7061329687fe24e3d63a7-common-args.resp
'-std=gnu11' -fobjc-arc -fobjc-weak -fmodules '-fmodules-cache-path=/Users/karelbraborec/Library/Developer/Xcode/DerivedData/ModuleCache.noindex' -fpascal-strings -O0 -fno-common '-DPOD_CONFIGURATION_DEBUG=1' '-DDEBUG=1' '-DCOCOAPODS=1' '-DOBJC_OLD_DISPATCH_PROTOTYPES=0' -fasm-blocks -g '-fobjc-abi-version=2' -fobjc-legacy-dispatch -iquote /Users/karelbraborec/Library/Developer/Xcode/DerivedData/revmeter-hbcnswmlqmbpnlazhhkncgeowiss/Build/Intermediates.noindex/Pods.build/Debug-iphonesimulator/RNCMaskedView.build/RNCMaskedView-generated-files.hmap -I/Users/karelbraborec/Library/Developer/Xcode/DerivedData/revmeter-hbcnswmlqmbpnlazhhkncgeowiss/Build/Intermediates.noindex/Pods.build/Debug-iphonesimulator/RNCMaskedView.build/RNCMaskedView-own-target-headers.hmap -I/Users/karelbraborec/Library/Developer/Xcode/DerivedData/revmeter-hbcnswmlqmbpnlazhhkncgeowiss/Build/Intermediates.noindex/Pods.build/Debug-iphonesimulator/RNCMaskedView.build/RNCMaskedView-all-non-framework-target-headers.hmap -ivfsoverlay /Users/karelbraborec/Library/Developer/Xcode/DerivedData/revmeter-hbcnswmlqmbpnlazhhkncgeowiss/Build/Intermediates.noindex/Pods.build/Debug-iphonesimulator/Pods-8699adb1dd336b26511df848a716bd42-VFS-iphonesimulator/all-product-headers.yaml -iquote /Users/karelbraborec/Library/Developer/Xcode/DerivedData/revmeter-hbcnswmlqmbpnlazhhkncgeowiss/Build/Intermediates.noindex/Pods.build/Debug-iphonesimulator/RNCMaskedView.build/RNCMaskedView-project-headers.hmap -I/Users/karelbraborec/Library/Developer/Xcode/DerivedData/revmeter-hbcnswmlqmbpnlazhhkncgeowiss/Build/Products/Debug-iphonesimulator/RNCMaskedView/include -I/Users/karelbraborec/rev-meter/ios/Pods/Headers/Private -I/Users/karelbraborec/rev-meter/ios/Pods/Headers/Private/RNCMaskedView -I/Users/karelbraborec/rev-meter/ios/Pods/Headers/Public -I/Users/karelbraborec/rev-meter/ios/Pods/Headers/Public/FBLazyVector -I/Users/karelbraborec/rev-meter/ios/Pods/Headers/Public/RCTDeprecation -I/Users/karelbraborec/rev-meter/ios/Pods/Headers/Public/RCTRequired -I/Users/karelbraborec/rev-meter/ios/Pods/Headers/Public/RCTSwiftUIWrapper -I/Users/karelbraborec/rev-meter/ios/Pods/Headers/Public/RCTTypeSafety -I/Users/karelbraborec/rev-meter/ios/Pods/Headers/Public/RNCMaskedView -I/Users/karelbraborec/rev-meter/ios/Pods/Headers/Public/React-Core -I/Users/karelbraborec/rev-meter/ios/Pods/Headers/Public/React-Core-prebuilt -I/Users/karelbraborec/rev-meter/ios/Pods/Headers/Public/React-CoreModules -I/Users/karelbraborec/rev-meter/ios/Pods/Headers/Public/React-Fabric -I/Users/karelbraborec/rev-meter/ios/Pods/Headers/Public/React-FabricComponents -I/Users/karelbraborec/rev-meter/ios/Pods/Headers/Public/React-FabricImage -I/Users/karelbraborec/rev-meter/ios/Pods/Headers/Public/React-ImageManager -I/Users/karelbraborec/rev-meter/ios/Pods/Headers/Public/React-Mapbuffer -I/Users/karelbraborec/rev-meter/ios/Pods/Headers/Public/React-NativeModulesApple -I/Users/karelbraborec/rev-meter/ios/Pods/Headers/Public/React-RCTAnimation -I/Users/karelbraborec/rev-meter/ios/Pods/Headers/Public/React-RCTAppDelegate -I/Users/karelbraborec/rev-meter/ios/Pods/Headers/Public/React-RCTBlob -I/Users/karelbraborec/rev-meter/ios/Pods/Headers/Public/React-RCTFBReactNativeSpec -I/Users/karelbraborec/rev-meter/ios/Pods/Headers/Public/React-RCTFabric -I/Users/karelbraborec/rev-meter/ios/Pods/Headers/Public/React-RCTImage -I/Users/karelbraborec/rev-meter/ios/Pods/Headers/Public/React-RCTRuntime -I/Users/karelbraborec/rev-meter/ios/Pods/Headers/Public/React-RCTText -I/Users/karelbraborec/rev-meter/ios/Pods/Headers/Public/React-RuntimeApple -I/Users/karelbraborec/rev-meter/ios/Pods/Headers/Public/React-RuntimeCore -I/Users/karelbraborec/rev-meter/ios/Pods/Headers/Public/React-RuntimeHermes -I/Users/karelbraborec/rev-meter/ios/Pods/Headers/Public/React-callinvoker -I/Users/karelbraborec/rev-meter/ios/Pods/Headers/Public/React-cxxreact -I/Users/karelbraborec/rev-meter/ios/Pods/Headers/Public/React-debug -I/Users/karelbraborec/rev-meter/ios/Pods/Headers/Public/React-defaultsnativemodule -I/Users/karelbraborec/rev-meter/ios/Pods/Headers/Public/React-domnativemodule -I/Users/karelbraborec/rev-meter/ios/Pods/Headers/Public/React-featureflags -I/Users/karelbraborec/rev-meter/ios/Pods/Headers/Public/React-featureflagsnativemodule -I/Users/karelbraborec/rev-meter/ios/Pods/Headers/Public/React-graphics -I/Users/karelbraborec/rev-meter/ios/Pods/Headers/Public/React-hermes -I/Users/karelbraborec/rev-meter/ios/Pods/Headers/Public/React-idlecallbacksnativemodule -I/Users/karelbraborec/rev-meter/ios/Pods/Headers/Public/React-intersectionobservernativemodule -I/Users/karelbraborec/rev-meter/ios/Pods/Headers/Public/React-jserrorhandler -I/Users/karelbraborec/rev-meter/ios/Pods/Headers/Public/React-jsi -I/Users/karelbraborec/rev-meter/ios/Pods/Headers/Public/React-jsiexecutor -I/Users/karelbraborec/rev-meter/ios/Pods/Headers/Public/React-jsinspector -I/Users/karelbraborec/rev-meter/ios/Pods/Headers/Public/React-jsinspectorcdp -I/Users/karelbraborec/rev-meter/ios/Pods/Headers/Public/React-jsinspectornetwork -I/Users/karelbraborec/rev-meter/ios/Pods/Headers/Public/React-jsinspectortracing -I/Users/karelbraborec/rev-meter/ios/Pods/Headers/Public/React-jsitooling -I/Users/karelbraborec/rev-meter/ios/Pods/Headers/Public/React-logger -I/Users/karelbraborec/rev-meter/ios/Pods/Headers/Public/React-microtasksnativemodule -I/Users/karelbraborec/rev-meter/ios/Pods/Headers/Public/React-mutationobservernativemodule -I/Users/karelbraborec/rev-meter/ios/Pods/Headers/Public/React-networking -I/Users/karelbraborec/rev-meter/ios/Pods/Headers/Public/React-oscompat -I/Users/karelbraborec/rev-meter/ios/Pods/Headers/Public/React-perflogger -I/Users/karelbraborec/rev-meter/ios/Pods/Headers/Public/React-performancecdpmetrics -I/Users/karelbraborec/rev-meter/ios/Pods/Headers/Public/React-performancetimeline -I/Users/karelbraborec/rev-meter/ios/Pods/Headers/Public/React-rendererconsistency -I/Users/karelbraborec/rev-meter/ios/Pods/Headers/Public/React-renderercss -I/Users/karelbraborec/rev-meter/ios/Pods/Headers/Public/React-rendererdebug -I/Users/karelbraborec/rev-meter/ios/Pods/Headers/Public/React-runtimeexecutor -I/Users/karelbraborec/rev-meter/ios/Pods/Headers/Public/React-runtimescheduler -I/Users/karelbraborec/rev-meter/ios/Pods/Headers/Public/React-timing -I/Users/karelbraborec/rev-meter/ios/Pods/Headers/Public/React-utils -I/Users/karelbraborec/rev-meter/ios/Pods/Headers/Public/React-viewtransitionnativemodule -I/Users/karelbraborec/rev-meter/ios/Pods/Headers/Public/React-webperformancenativemodule -I/Users/karelbraborec/rev-meter/ios/Pods/Headers/Public/ReactCodegen -I/Users/karelbraborec/rev-meter/ios/Pods/Headers/Public/ReactCommon -I/Users/karelbraborec/rev-meter/ios/Pods/Headers/Public/ReactNativeDependencies -I/Users/karelbraborec/rev-meter/ios/Pods/Headers/Public/Yoga -I/Users/karelbraborec/rev-meter/ios/Pods/Headers/Public/hermes-engine -I/Users/karelbraborec/rev-meter/ios/Pods/Headers/Private/Yoga -I/Users/karelbraborec/rev-meter/ios/Pods/ExpoModulesCore/ExpoModulesCore.xcframework/ios-arm64_x86_64-simulator/ExpoModulesCore.framework/Headers -I/Users/karelbraborec/rev-meter/ios/Pods/ExpoModulesCore/ExpoModulesCore.xcframework/ios-arm64/ExpoModulesCore.framework/Headers -I/Users/karelbraborec/rev-meter/ios/Pods/ExpoModulesCore/ExpoModulesCore.xcframework/ios-arm64_x86_64-simulator/ExpoModulesCore.framework/Headers -I/Users/karelbraborec/rev-meter/ios/Pods/ExpoModulesCore/ExpoModulesCore.xcframework/ios-arm64/ExpoModulesCore.framework/Headers -I/Users/karelbraborec/Library/Developer/Xcode/DerivedData/revmeter-hbcnswmlqmbpnlazhhkncgeowiss/Build/Intermediates.noindex/Pods.build/Debug-iphonesimulator/RNCMaskedView.build/DerivedSources-normal/x86_64 -I/Users/karelbraborec/Library/Developer/Xcode/DerivedData/revmeter-hbcnswmlqmbpnlazhhkncgeowiss/Build/Intermediates.noindex/Pods.build/Debug-iphonesimulator/RNCMaskedView.build/DerivedSources/x86_64 -I/Users/karelbraborec/Library/Developer/Xcode/DerivedData/revmeter-hbcnswmlqmbpnlazhhkncgeowiss/Build/Intermediates.noindex/Pods.build/Debug-iphonesimulator/RNCMaskedView.build/DerivedSources -F/Users/karelbraborec/Library/Developer/Xcode/DerivedData/revmeter-hbcnswmlqmbpnlazhhkncgeowiss/Build/Products/Debug-iphonesimulator/RNCMaskedView -F/Users/karelbraborec/rev-meter/ios/Pods/React-Core-prebuilt -F/Users/karelbraborec/rev-meter/ios/Pods/ReactNativeDependencies/framework/packages/react-native -F/Users/karelbraborec/rev-meter/ios/Pods/hermes-engine/destroot/Library/Frameworks/universal -F/Users/karelbraborec/Library/Developer/Xcode/DerivedData/revmeter-hbcnswmlqmbpnlazhhkncgeowiss/Build/Products/Debug-iphonesimulator/XCFrameworkIntermediates/React-Core-prebuilt -F/Users/karelbraborec/Library/Developer/Xcode/DerivedData/revmeter-hbcnswmlqmbpnlazhhkncgeowiss/Build/Products/Debug-iphonesimulator/XCFrameworkIntermediates/ReactNativeDependencies -F/Users/karelbraborec/Library/Developer/Xcode/DerivedData/revmeter-hbcnswmlqmbpnlazhhkncgeowiss/Build/Products/Debug-iphonesimulator/XCFrameworkIntermediates/hermes-engine/Pre-built '-DRCT_REMOVE_LEGACY_ARCH=1' '-fmodule-map-file=/Users/karelbraborec/rev-meter/ios/Pods/Headers/Public/ReactCodegen/ReactCodegen.modulemap' '-DRCT_REMOVE_LEGACY_ARCH=1' -ivfsoverlay /Users/karelbraborec/rev-meter/ios/Pods/React-Core-prebuilt/React-VFS.yaml

WriteAuxiliaryFile /Users/karelbraborec/Library/Developer/Xcode/DerivedData/revmeter-hbcnswmlqmbpnlazhhkncgeowiss/Build/Intermediates.noindex/Pods.build/Debug-iphonesimulator/RNCMaskedView.build/Objects-normal/arm64/e6072d4f65d7061329687fe24e3d63a7-common-args.resp (in target 'RNCMaskedView' from project 'Pods')
    cd /Users/karelbraborec/rev-meter/ios/Pods
    write-file /Users/karelbraborec/Library/Developer/Xcode/DerivedData/revmeter-hbcnswmlqmbpnlazhhkncgeowiss/Build/Intermediates.noindex/Pods.build/Debug-iphonesimulator/RNCMaskedView.build/Objects-normal/arm64/e6072d4f65d7061329687fe24e3d63a7-common-args.resp
'-std=gnu11' -fobjc-arc -fobjc-weak -fmodules '-fmodules-cache-path=/Users/karelbraborec/Library/Developer/Xcode/DerivedData/ModuleCache.noindex' -fpascal-strings -O0 -fno-common '-DPOD_CONFIGURATION_DEBUG=1' '-DDEBUG=1' '-DCOCOAPODS=1' '-DOBJC_OLD_DISPATCH_PROTOTYPES=0' -g '-fobjc-abi-version=2' -fobjc-legacy-dispatch -iquote /Users/karelbraborec/Library/Developer/Xcode/DerivedData/revmeter-hbcnswmlqmbpnlazhhkncgeowiss/Build/Intermediates.noindex/Pods.build/Debug-iphonesimulator/RNCMaskedView.build/RNCMaskedView-generated-files.hmap -I/Users/karelbraborec/Library/Developer/Xcode/DerivedData/revmeter-hbcnswmlqmbpnlazhhkncgeowiss/Build/Intermediates.noindex/Pods.build/Debug-iphonesimulator/RNCMaskedView.build/RNCMaskedView-own-target-headers.hmap -I/Users/karelbraborec/Library/Developer/Xcode/DerivedData/revmeter-hbcnswmlqmbpnlazhhkncgeowiss/Build/Intermediates.noindex/Pods.build/Debug-iphonesimulator/RNCMaskedView.build/RNCMaskedView-all-non-framework-target-headers.hmap -ivfsoverlay /Users/karelbraborec/Library/Developer/Xcode/DerivedData/revmeter-hbcnswmlqmbpnlazhhkncgeowiss/Build/Intermediates.noindex/Pods.build/Debug-iphonesimulator/Pods-8699adb1dd336b26511df848a716bd42-VFS-iphonesimulator/all-product-headers.yaml -iquote /Users/karelbraborec/Library/Developer/Xcode/DerivedData/revmeter-hbcnswmlqmbpnlazhhkncgeowiss/Build/Intermediates.noindex/Pods.build/Debug-iphonesimulator/RNCMaskedView.build/RNCMaskedView-project-headers.hmap -I/Users/karelbraborec/Library/Developer/Xcode/DerivedData/revmeter-hbcnswmlqmbpnlazhhkncgeowiss/Build/Products/Debug-iphonesimulator/RNCMaskedView/include -I/Users/karelbraborec/rev-meter/ios/Pods/Headers/Private -I/Users/karelbraborec/rev-meter/ios/Pods/Headers/Private/RNCMaskedView -I/Users/karelbraborec/rev-meter/ios/Pods/Headers/Public -I/Users/karelbraborec/rev-meter/ios/Pods/Headers/Public/FBLazyVector -I/Users/karelbraborec/rev-meter/ios/Pods/Headers/Public/RCTDeprecation -I/Users/karelbraborec/rev-meter/ios/Pods/Headers/Public/RCTRequired -I/Users/karelbraborec/rev-meter/ios/Pods/Headers/Public/RCTSwiftUIWrapper -I/Users/karelbraborec/rev-meter/ios/Pods/Headers/Public/RCTTypeSafety -I/Users/karelbraborec/rev-meter/ios/Pods/Headers/Public/RNCMaskedView -I/Users/karelbraborec/rev-meter/ios/Pods/Headers/Public/React-Core -I/Users/karelbraborec/rev-meter/ios/Pods/Headers/Public/React-Core-prebuilt -I/Users/karelbraborec/rev-meter/ios/Pods/Headers/Public/React-CoreModules -I/Users/karelbraborec/rev-meter/ios/Pods/Headers/Public/React-Fabric -I/Users/karelbraborec/rev-meter/ios/Pods/Headers/Public/React-FabricComponents -I/Users/karelbraborec/rev-meter/ios/Pods/Headers/Public/React-FabricImage -I/Users/karelbraborec/rev-meter/ios/Pods/Headers/Public/React-ImageManager -I/Users/karelbraborec/rev-meter/ios/Pods/Headers/Public/React-Mapbuffer -I/Users/karelbraborec/rev-meter/ios/Pods/Headers/Public/React-NativeModulesApple -I/Users/karelbraborec/rev-meter/ios/Pods/Headers/Public/React-RCTAnimation -I/Users/karelbraborec/rev-meter/ios/Pods/Headers/Public/React-RCTAppDelegate -I/Users/karelbraborec/rev-meter/ios/Pods/Headers/Public/React-RCTBlob -I/Users/karelbraborec/rev-meter/ios/Pods/Headers/Public/React-RCTFBReactNativeSpec -I/Users/karelbraborec/rev-meter/ios/Pods/Headers/Public/React-RCTFabric -I/Users/karelbraborec/rev-meter/ios/Pods/Headers/Public/React-RCTImage -I/Users/karelbraborec/rev-meter/ios/Pods/Headers/Public/React-RCTRuntime -I/Users/karelbraborec/rev-meter/ios/Pods/Headers/Public/React-RCTText -I/Users/karelbraborec/rev-meter/ios/Pods/Headers/Public/React-RuntimeApple -I/Users/karelbraborec/rev-meter/ios/Pods/Headers/Public/React-RuntimeCore -I/Users/karelbraborec/rev-meter/ios/Pods/Headers/Public/React-RuntimeHermes -I/Users/karelbraborec/rev-meter/ios/Pods/Headers/Public/React-callinvoker -I/Users/karelbraborec/rev-meter/ios/Pods/Headers/Public/React-cxxreact -I/Users/karelbraborec/rev-meter/ios/Pods/Headers/Public/React-debug -I/Users/karelbraborec/rev-meter/ios/Pods/Headers/Public/React-defaultsnativemodule -I/Users/karelbraborec/rev-meter/ios/Pods/Headers/Public/React-domnativemodule -I/Users/karelbraborec/rev-meter/ios/Pods/Headers/Public/React-featureflags -I/Users/karelbraborec/rev-meter/ios/Pods/Headers/Public/React-featureflagsnativemodule -I/Users/karelbraborec/rev-meter/ios/Pods/Headers/Public/React-graphics -I/Users/karelbraborec/rev-meter/ios/Pods/Headers/Public/React-hermes -I/Users/karelbraborec/rev-meter/ios/Pods/Headers/Public/React-idlecallbacksnativemodule -I/Users/karelbraborec/rev-meter/ios/Pods/Headers/Public/React-intersectionobservernativemodule -I/Users/karelbraborec/rev-meter/ios/Pods/Headers/Public/React-jserrorhandler -I/Users/karelbraborec/rev-meter/ios/Pods/Headers/Public/React-jsi -I/Users/karelbraborec/rev-meter/ios/Pods/Headers/Public/React-jsiexecutor -I/Users/karelbraborec/rev-meter/ios/Pods/Headers/Public/React-jsinspector -I/Users/karelbraborec/rev-meter/ios/Pods/Headers/Public/React-jsinspectorcdp -I/Users/karelbraborec/rev-meter/ios/Pods/Headers/Public/React-jsinspectornetwork -I/Users/karelbraborec/rev-meter/ios/Pods/Headers/Public/React-jsinspectortracing -I/Users/karelbraborec/rev-meter/ios/Pods/Headers/Public/React-jsitooling -I/Users/karelbraborec/rev-meter/ios/Pods/Headers/Public/React-logger -I/Users/karelbraborec/rev-meter/ios/Pods/Headers/Public/React-microtasksnativemodule -I/Users/karelbraborec/rev-meter/ios/Pods/Headers/Public/React-mutationobservernativemodule -I/Users/karelbraborec/rev-meter/ios/Pods/Headers/Public/React-networking -I/Users/karelbraborec/rev-meter/ios/Pods/Headers/Public/React-oscompat -I/Users/karelbraborec/rev-meter/ios/Pods/Headers/Public/React-perflogger -I/Users/karelbraborec/rev-meter/ios/Pods/Headers/Public/React-performancecdpmetrics -I/Users/karelbraborec/rev-meter/ios/Pods/Headers/Public/React-performancetimeline -I/Users/karelbraborec/rev-meter/ios/Pods/Headers/Public/React-rendererconsistency -I/Users/karelbraborec/rev-meter/ios/Pods/Headers/Public/React-renderercss -I/Users/karelbraborec/rev-meter/ios/Pods/Headers/Public/React-rendererdebug -I/Users/karelbraborec/rev-meter/ios/Pods/Headers/Public/React-runtimeexecutor -I/Users/karelbraborec/rev-meter/ios/Pods/Headers/Public/React-runtimescheduler -I/Users/karelbraborec/rev-meter/ios/Pods/Headers/Public/React-timing -I/Users/karelbraborec/rev-meter/ios/Pods/Headers/Public/React-utils -I/Users/karelbraborec/rev-meter/ios/Pods/Headers/Public/React-viewtransitionnativemodule -I/Users/karelbraborec/rev-meter/ios/Pods/Headers/Public/React-webperformancenativemodule -I/Users/karelbraborec/rev-meter/ios/Pods/Headers/Public/ReactCodegen -I/Users/karelbraborec/rev-meter/ios/Pods/Headers/Public/ReactCommon -I/Users/karelbraborec/rev-meter/ios/Pods/Headers/Public/ReactNativeDependencies -I/Users/karelbraborec/rev-meter/ios/Pods/Headers/Public/Yoga -I/Users/karelbraborec/rev-meter/ios/Pods/Headers/Public/hermes-engine -I/Users/karelbraborec/rev-meter/ios/Pods/Headers/Private/Yoga -I/Users/karelbraborec/rev-meter/ios/Pods/ExpoModulesCore/ExpoModulesCore.xcframework/ios-arm64_x86_64-simulator/ExpoModulesCore.framework/Headers -I/Users/karelbraborec/rev-meter/ios/Pods/ExpoModulesCore/ExpoModulesCore.xcframework/ios-arm64/ExpoModulesCore.framework/Headers -I/Users/karelbraborec/rev-meter/ios/Pods/ExpoModulesCore/ExpoModulesCore.xcframework/ios-arm64_x86_64-simulator/ExpoModulesCore.framework/Headers -I/Users/karelbraborec/rev-meter/ios/Pods/ExpoModulesCore/ExpoModulesCore.xcframework/ios-arm64/ExpoModulesCore.framework/Headers -I/Users/karelbraborec/Library/Developer/Xcode/DerivedData/revmeter-hbcnswmlqmbpnlazhhkncgeowiss/Build/Intermediates.noindex/Pods.build/Debug-iphonesimulator/RNCMaskedView.build/DerivedSources-normal/arm64 -I/Users/karelbraborec/Library/Developer/Xcode/DerivedData/revmeter-hbcnswmlqmbpnlazhhkncgeowiss/Build/Intermediates.noindex/Pods.build/Debug-iphonesimulator/RNCMaskedView.build/DerivedSources/arm64 -I/Users/karelbraborec/Library/Developer/Xcode/DerivedData/revmeter-hbcnswmlqmbpnlazhhkncgeowiss/Build/Intermediates.noindex/Pods.build/Debug-iphonesimulator/RNCMaskedView.build/DerivedSources -F/Users/karelbraborec/Library/Developer/Xcode/DerivedData/revmeter-hbcnswmlqmbpnlazhhkncgeowiss/Build/Products/Debug-iphonesimulator/RNCMaskedView -F/Users/karelbraborec/rev-meter/ios/Pods/React-Core-prebuilt -F/Users/karelbraborec/rev-meter/ios/Pods/ReactNativeDependencies/framework/packages/react-native -F/Users/karelbraborec/rev-meter/ios/Pods/hermes-engine/destroot/Library/Frameworks/universal -F/Users/karelbraborec/Library/Developer/Xcode/DerivedData/revmeter-hbcnswmlqmbpnlazhhkncgeowiss/Build/Products/Debug-iphonesimulator/XCFrameworkIntermediates/React-Core-prebuilt -F/Users/karelbraborec/Library/Developer/Xcode/DerivedData/revmeter-hbcnswmlqmbpnlazhhkncgeowiss/Build/Products/Debug-iphonesimulator/XCFrameworkIntermediates/ReactNativeDependencies -F/Users/karelbraborec/Library/Developer/Xcode/DerivedData/revmeter-hbcnswmlqmbpnlazhhkncgeowiss/Build/Products/Debug-iphonesimulator/XCFrameworkIntermediates/hermes-engine/Pre-built '-DRCT_REMOVE_LEGACY_ARCH=1' '-fmodule-map-file=/Users/karelbraborec/rev-meter/ios/Pods/Headers/Public/ReactCodegen/ReactCodegen.modulemap' '-DRCT_REMOVE_LEGACY_ARCH=1' -ivfsoverlay /Users/karelbraborec/rev-meter/ios/Pods/React-Core-prebuilt/React-VFS.yaml

WriteAuxiliaryFile /Users/karelbraborec/Library/Developer/Xcode/DerivedData/revmeter-hbcnswmlqmbpnlazhhkncgeowiss/Build/Intermediates.noindex/Pods.build/Debug-iphonesimulator/RNCMaskedView.build/Objects-normal/arm64/RNCMaskedView.LinkFileList (in target 'RNCMaskedView' from project 'Pods')
    cd /Users/karelbraborec/rev-meter/ios/Pods
    write-file /Users/karelbraborec/Library/Developer/Xcode/DerivedData/revmeter-hbcnswmlqmbpnlazhhkncgeowiss/Build/Intermediates.noindex/Pods.build/Debug-iphonesimulator/RNCMaskedView.build/Objects-normal/arm64/RNCMaskedView.LinkFileList

WriteAuxiliaryFile /Users/karelbraborec/Library/Developer/Xcode/DerivedData/revmeter-hbcnswmlqmbpnlazhhkncgeowiss/Build/Intermediates.noindex/Pods.build/Debug-iphonesimulator/ExpoWebBrowser.build/Script-46EB2E000190E0.sh (in target 'ExpoWebBrowser' from project 'Pods')
    cd /Users/karelbraborec/rev-meter/ios/Pods
    write-file /Users/karelbraborec/Library/Developer/Xcode/DerivedData/revmeter-hbcnswmlqmbpnlazhhkncgeowiss/Build/Intermediates.noindex/Pods.build/Debug-iphonesimulator/ExpoWebBrowser.build/Script-46EB2E000190E0.sh

WriteAuxiliaryFile /Users/karelbraborec/Library/Developer/Xcode/DerivedData/revmeter-hbcnswmlqmbpnlazhhkncgeowiss/Build/Intermediates.noindex/Pods.build/Debug-iphonesimulator/ExpoWebBrowser.build/Objects-normal/x86_64/ExpoWebBrowser_const_extract_protocols.json (in target 'ExpoWebBrowser' from project 'Pods')
    cd /Users/karelbraborec/rev-meter/ios/Pods
    write-file /Users/karelbraborec/Library/Developer/Xcode/DerivedData/revmeter-hbcnswmlqmbpnlazhhkncgeowiss/Build/Intermediates.noindex/Pods.build/Debug-iphonesimulator/ExpoWebBrowser.build/Objects-normal/x86_64/ExpoWebBrowser_const_extract_protocols.json

WriteAuxiliaryFile /Users/karelbraborec/Library/Developer/Xcode/DerivedData/revmeter-hbcnswmlqmbpnlazhhkncgeowiss/Build/Intermediates.noindex/Pods.build/Debug-iphonesimulator/ExpoWebBrowser.build/Objects-normal/x86_64/e6072d4f65d7061329687fe24e3d63a7-common-args.resp (in target 'ExpoWebBrowser' from project 'Pods')
    cd /Users/karelbraborec/rev-meter/ios/Pods
    write-file /Users/karelbraborec/Library/Developer/Xcode/DerivedData/revmeter-hbcnswmlqmbpnlazhhkncgeowiss/Build/Intermediates.noindex/Pods.build/Debug-iphonesimulator/ExpoWebBrowser.build/Objects-normal/x86_64/e6072d4f65d7061329687fe24e3d63a7-common-args.resp
'-std=gnu11' -fobjc-arc -fmodules '-fmodules-cache-path=/Users/karelbraborec/Library/Developer/Xcode/DerivedData/ModuleCache.noindex' '-fmodule-name=ExpoWebBrowser' -fpascal-strings -O0 -fno-common '-DPOD_CONFIGURATION_DEBUG=1' '-DDEBUG=1' '-DCOCOAPODS=1' '-DOBJC_OLD_DISPATCH_PROTOTYPES=0' -fasm-blocks -g '-fobjc-abi-version=2' -fobjc-legacy-dispatch -iquote /Users/karelbraborec/Library/Developer/Xcode/DerivedData/revmeter-hbcnswmlqmbpnlazhhkncgeowiss/Build/Intermediates.noindex/Pods.build/Debug-iphonesimulator/ExpoWebBrowser.build/ExpoWebBrowser-generated-files.hmap -I/Users/karelbraborec/Library/Developer/Xcode/DerivedData/revmeter-hbcnswmlqmbpnlazhhkncgeowiss/Build/Intermediates.noindex/Pods.build/Debug-iphonesimulator/ExpoWebBrowser.build/ExpoWebBrowser-own-target-headers.hmap -I/Users/karelbraborec/Library/Developer/Xcode/DerivedData/revmeter-hbcnswmlqmbpnlazhhkncgeowiss/Build/Intermediates.noindex/Pods.build/Debug-iphonesimulator/ExpoWebBrowser.build/ExpoWebBrowser-all-non-framework-target-headers.hmap -ivfsoverlay /Users/karelbraborec/Library/Developer/Xcode/DerivedData/revmeter-hbcnswmlqmbpnlazhhkncgeowiss/Build/Intermediates.noindex/Pods.build/Debug-iphonesimulator/Pods-8699adb1dd336b26511df848a716bd42-VFS-iphonesimulator/all-product-headers.yaml -iquote /Users/karelbraborec/Library/Developer/Xcode/DerivedData/revmeter-hbcnswmlqmbpnlazhhkncgeowiss/Build/Intermediates.noindex/Pods.build/Debug-iphonesimulator/ExpoWebBrowser.build/ExpoWebBrowser-project-headers.hmap -I/Users/karelbraborec/Library/Developer/Xcode/DerivedData/revmeter-hbcnswmlqmbpnlazhhkncgeowiss/Build/Products/Debug-iphonesimulator/ExpoWebBrowser/include -I/Users/karelbraborec/rev-meter/ios/Pods/Headers/Public -I/Users/karelbraborec/rev-meter/ios/Pods/Headers/Public/FBLazyVector -I/Users/karelbraborec/rev-meter/ios/Pods/Headers/Public/RCTRequired -I/Users/karelbraborec/rev-meter/ios/Pods/Headers/Public/RCTSwiftUIWrapper -I/Users/karelbraborec/rev-meter/ios/Pods/Headers/Public/RCTTypeSafety -I/Users/karelbraborec/rev-meter/ios/Pods/Headers/Public/React-Core -I/Users/karelbraborec/rev-meter/ios/Pods/Headers/Public/React-Core-prebuilt -I/Users/karelbraborec/rev-meter/ios/Pods/Headers/Public/React-CoreModules -I/Users/karelbraborec/rev-meter/ios/Pods/Headers/Public/React-Fabric -I/Users/karelbraborec/rev-meter/ios/Pods/Headers/Public/React-FabricComponents -I/Users/karelbraborec/rev-meter/ios/Pods/Headers/Public/React-FabricImage -I/Users/karelbraborec/rev-meter/ios/Pods/Headers/Public/React-ImageManager -I/Users/karelbraborec/rev-meter/ios/Pods/Headers/Public/React-Mapbuffer -I/Users/karelbraborec/rev-meter/ios/Pods/Headers/Public/React-NativeModulesApple -I/Users/karelbraborec/rev-meter/ios/Pods/Headers/Public/React-RCTAnimation -I/Users/karelbraborec/rev-meter/ios/Pods/Headers/Public/React-RCTBlob -I/Users/karelbraborec/rev-meter/ios/Pods/Headers/Public/React-RCTFBReactNativeSpec -I/Users/karelbraborec/rev-meter/ios/Pods/Headers/Public/React-RCTFabric -I/Users/karelbraborec/rev-meter/ios/Pods/Headers/Public/React-RCTImage -I/Users/karelbraborec/rev-meter/ios/Pods/Headers/Public/React-RCTRuntime -I/Users/karelbraborec/rev-meter/ios/Pods/Headers/Public/React-RCTText -I/Users/karelbraborec/rev-meter/ios/Pods/Headers/Public/React-RuntimeApple -I/Users/karelbraborec/rev-meter/ios/Pods/Headers/Public/React-RuntimeCore -I/Users/karelbraborec/rev-meter/ios/Pods/Headers/Public/React-RuntimeHermes -I/Users/karelbraborec/rev-meter/ios/Pods/Headers/Public/React-callinvoker -I/Users/karelbraborec/rev-meter/ios/Pods/Headers/Public/React-cxxreact -I/Users/karelbraborec/rev-meter/ios/Pods/Headers/Public/React-debug -I/Users/karelbraborec/rev-meter/ios/Pods/Headers/Public/React-defaultsnativemodule -I/Users/karelbraborec/rev-meter/ios/Pods/Headers/Public/React-domnativemodule -I/Users/karelbraborec/rev-meter/ios/Pods/Headers/Public/React-featureflags -I/Users/karelbraborec/rev-meter/ios/Pods/Headers/Public/React-featureflagsnativemodule -I/Users/karelbraborec/rev-meter/ios/Pods/Headers/Public/React-graphics -I/Users/karelbraborec/rev-meter/ios/Pods/Headers/Public/React-hermes -I/Users/karelbraborec/rev-meter/ios/Pods/Headers/Public/React-idlecallbacksnativemodule -I/Users/karelbraborec/rev-meter/ios/Pods/Headers/Public/React-intersectionobservernativemodule -I/Users/karelbraborec/rev-meter/ios/Pods/Headers/Public/React-jserrorhandler -I/Users/karelbraborec/rev-meter/ios/Pods/Headers/Public/React-jsi -I/Users/karelbraborec/rev-meter/ios/Pods/Headers/Public/React-jsiexecutor -I/Users/karelbraborec/rev-meter/ios/Pods/Headers/Public/React-jsinspector -I/Users/karelbraborec/rev-meter/ios/Pods/Headers/Public/React-jsinspectorcdp -I/Users/karelbraborec/rev-meter/ios/Pods/Headers/Public/React-jsinspectornetwork -I/Users/karelbraborec/rev-meter/ios/Pods/Headers/Public/React-jsinspectortracing -I/Users/karelbraborec/rev-meter/ios/Pods/Headers/Public/React-jsitooling -I/Users/karelbraborec/rev-meter/ios/Pods/Headers/Public/React-logger -I/Users/karelbraborec/rev-meter/ios/Pods/Headers/Public/React-microtasksnativemodule -I/Users/karelbraborec/rev-meter/ios/Pods/Headers/Public/React-mutationobservernativemodule -I/Users/karelbraborec/rev-meter/ios/Pods/Headers/Public/React-networking -I/Users/karelbraborec/rev-meter/ios/Pods/Headers/Public/React-oscompat -I/Users/karelbraborec/rev-meter/ios/Pods/Headers/Public/React-perflogger -I/Users/karelbraborec/rev-meter/ios/Pods/Headers/Public/React-performancecdpmetrics -I/Users/karelbraborec/rev-meter/ios/Pods/Headers/Public/React-performancetimeline -I/Users/karelbraborec/rev-meter/ios/Pods/Headers/Public/React-rendererconsistency -I/Users/karelbraborec/rev-meter/ios/Pods/Headers/Public/React-renderercss -I/Users/karelbraborec/rev-meter/ios/Pods/Headers/Public/React-rendererdebug -I/Users/karelbraborec/rev-meter/ios/Pods/Headers/Public/React-runtimeexecutor -I/Users/karelbraborec/rev-meter/ios/Pods/Headers/Public/React-runtimescheduler -I/Users/karelbraborec/rev-meter/ios/Pods/Headers/Public/React-timing -I/Users/karelbraborec/rev-meter/ios/Pods/Headers/Public/React-utils -I/Users/karelbraborec/rev-meter/ios/Pods/Headers/Public/React-viewtransitionnativemodule -I/Users/karelbraborec/rev-meter/ios/Pods/Headers/Public/React-webperformancenativemodule -I/Users/karelbraborec/rev-meter/ios/Pods/Headers/Public/ReactCodegen -I/Users/karelbraborec/rev-meter/ios/Pods/Headers/Public/ReactCommon -I/Users/karelbraborec/rev-meter/ios/Pods/Headers/Public/ReactNativeDependencies -I/Users/karelbraborec/rev-meter/ios/Pods/Headers/Public/Yoga -I/Users/karelbraborec/rev-meter/ios/Pods/Headers/Public/hermes-engine -I/Users/karelbraborec/rev-meter/ios/Pods/ExpoModulesCore/ExpoModulesCore.xcframework/ios-arm64_x86_64-simulator/ExpoModulesCore.framework/Headers -I/Users/karelbraborec/rev-meter/ios/Pods/ExpoModulesCore/ExpoModulesCore.xcframework/ios-arm64/ExpoModulesCore.framework/Headers -I/Users/karelbraborec/rev-meter/ios/Pods/ExpoModulesCore/ExpoModulesCore.xcframework/ios-arm64_x86_64-simulator/ExpoModulesCore.framework/Headers -I/Users/karelbraborec/rev-meter/ios/Pods/ExpoModulesCore/ExpoModulesCore.xcframework/ios-arm64/ExpoModulesCore.framework/Headers -I/Users/karelbraborec/Library/Developer/Xcode/DerivedData/revmeter-hbcnswmlqmbpnlazhhkncgeowiss/Build/Intermediates.noindex/Pods.build/Debug-iphonesimulator/ExpoWebBrowser.build/DerivedSources-normal/x86_64 -I/Users/karelbraborec/Library/Developer/Xcode/DerivedData/revmeter-hbcnswmlqmbpnlazhhkncgeowiss/Build/Intermediates.noindex/Pods.build/Debug-iphonesimulator/ExpoWebBrowser.build/DerivedSources/x86_64 -I/Users/karelbraborec/Library/Developer/Xcode/DerivedData/revmeter-hbcnswmlqmbpnlazhhkncgeowiss/Build/Intermediates.noindex/Pods.build/Debug-iphonesimulator/ExpoWebBrowser.build/DerivedSources -F/Users/karelbraborec/Library/Developer/Xcode/DerivedData/revmeter-hbcnswmlqmbpnlazhhkncgeowiss/Build/Products/Debug-iphonesimulator/ExpoWebBrowser -F/Users/karelbraborec/rev-meter/node_modules/expo-modules-jsi/apple/Products -F/Users/karelbraborec/rev-meter/ios/Pods/ExpoModulesCore -F/Users/karelbraborec/rev-meter/ios/Pods/React-Core-prebuilt -F/Users/karelbraborec/rev-meter/ios/Pods/ReactNativeDependencies/framework/packages/react-native -F/Users/karelbraborec/rev-meter/ios/Pods/hermes-engine/destroot/Library/Frameworks/universal -F/Users/karelbraborec/Library/Developer/Xcode/DerivedData/revmeter-hbcnswmlqmbpnlazhhkncgeowiss/Build/Products/Debug-iphonesimulator/XCFrameworkIntermediates/ExpoModulesCore -F/Users/karelbraborec/Library/Developer/Xcode/DerivedData/revmeter-hbcnswmlqmbpnlazhhkncgeowiss/Build/Products/Debug-iphonesimulator/XCFrameworkIntermediates/ExpoModulesJSI -F/Users/karelbraborec/Library/Developer/Xcode/DerivedData/revmeter-hbcnswmlqmbpnlazhhkncgeowiss/Build/Products/Debug-iphonesimulator/XCFrameworkIntermediates/React-Core-prebuilt -F/Users/karelbraborec/Library/Developer/Xcode/DerivedData/revmeter-hbcnswmlqmbpnlazhhkncgeowiss/Build/Products/Debug-iphonesimulator/XCFrameworkIntermediates/ReactNativeDependencies -F/Users/karelbraborec/Library/Developer/Xcode/DerivedData/revmeter-hbcnswmlqmbpnlazhhkncgeowiss/Build/Products/Debug-iphonesimulator/XCFrameworkIntermediates/hermes-engine/Pre-built '-DRCT_REMOVE_LEGACY_ARCH=1' '-fmodule-map-file=/Users/karelbraborec/rev-meter/ios/Pods/Headers/Public/ReactCodegen/ReactCodegen.modulemap'

WriteAuxiliaryFile /Users/karelbraborec/Library/Developer/Xcode/DerivedData/revmeter-hbcnswmlqmbpnlazhhkncgeowiss/Build/Intermediates.noindex/Pods.build/Debug-iphonesimulator/ExpoWebBrowser.build/Objects-normal/x86_64/ExpoWebBrowser.SwiftFileList (in target 'ExpoWebBrowser' from project 'Pods')
    cd /Users/karelbraborec/rev-meter/ios/Pods
    write-file /Users/karelbraborec/Library/Developer/Xcode/DerivedData/revmeter-hbcnswmlqmbpnlazhhkncgeowiss/Build/Intermediates.noindex/Pods.build/Debug-iphonesimulator/ExpoWebBrowser.build/Objects-normal/x86_64/ExpoWebBrowser.SwiftFileList

WriteAuxiliaryFile /Users/karelbraborec/Library/Developer/Xcode/DerivedData/revmeter-hbcnswmlqmbpnlazhhkncgeowiss/Build/Intermediates.noindex/Pods.build/Debug-iphonesimulator/ExpoWebBrowser.build/Objects-normal/x86_64/ExpoWebBrowser.SwiftConstValuesFileList (in target 'ExpoWebBrowser' from project 'Pods')
    cd /Users/karelbraborec/rev-meter/ios/Pods
    write-file /Users/karelbraborec/Library/Developer/Xcode/DerivedData/revmeter-hbcnswmlqmbpnlazhhkncgeowiss/Build/Intermediates.noindex/Pods.build/Debug-iphonesimulator/ExpoWebBrowser.build/Objects-normal/x86_64/ExpoWebBrowser.SwiftConstValuesFileList

WriteAuxiliaryFile /Users/karelbraborec/Library/Developer/Xcode/DerivedData/revmeter-hbcnswmlqmbpnlazhhkncgeowiss/Build/Intermediates.noindex/Pods.build/Debug-iphonesimulator/ExpoWebBrowser.build/Objects-normal/x86_64/ExpoWebBrowser.LinkFileList (in target 'ExpoWebBrowser' from project 'Pods')
    cd /Users/karelbraborec/rev-meter/ios/Pods
    write-file /Users/karelbraborec/Library/Developer/Xcode/DerivedData/revmeter-hbcnswmlqmbpnlazhhkncgeowiss/Build/Intermediates.noindex/Pods.build/Debug-iphonesimulator/ExpoWebBrowser.build/Objects-normal/x86_64/ExpoWebBrowser.LinkFileList

WriteAuxiliaryFile /Users/karelbraborec/Library/Developer/Xcode/DerivedData/revmeter-hbcnswmlqmbpnlazhhkncgeowiss/Build/Intermediates.noindex/Pods.build/Debug-iphonesimulator/ExpoWebBrowser.build/Objects-normal/x86_64/ExpoWebBrowser-OutputFileMap.json (in target 'ExpoWebBrowser' from project 'Pods')
    cd /Users/karelbraborec/rev-meter/ios/Pods
    write-file /Users/karelbraborec/Library/Developer/Xcode/DerivedData/revmeter-hbcnswmlqmbpnlazhhkncgeowiss/Build/Intermediates.noindex/Pods.build/Debug-iphonesimulator/ExpoWebBrowser.build/Objects-normal/x86_64/ExpoWebBrowser-OutputFileMap.json

WriteAuxiliaryFile /Users/karelbraborec/Library/Developer/Xcode/DerivedData/revmeter-hbcnswmlqmbpnlazhhkncgeowiss/Build/Intermediates.noindex/Pods.build/Debug-iphonesimulator/ExpoWebBrowser.build/Objects-normal/arm64/e6072d4f65d7061329687fe24e3d63a7-common-args.resp (in target 'ExpoWebBrowser' from project 'Pods')
    cd /Users/karelbraborec/rev-meter/ios/Pods
    write-file /Users/karelbraborec/Library/Developer/Xcode/DerivedData/revmeter-hbcnswmlqmbpnlazhhkncgeowiss/Build/Intermediates.noindex/Pods.build/Debug-iphonesimulator/ExpoWebBrowser.build/Objects-normal/arm64/e6072d4f65d7061329687fe24e3d63a7-common-args.resp
'-std=gnu11' -fobjc-arc -fmodules '-fmodules-cache-path=/Users/karelbraborec/Library/Developer/Xcode/DerivedData/ModuleCache.noindex' '-fmodule-name=ExpoWebBrowser' -fpascal-strings -O0 -fno-common '-DPOD_CONFIGURATION_DEBUG=1' '-DDEBUG=1' '-DCOCOAPODS=1' '-DOBJC_OLD_DISPATCH_PROTOTYPES=0' -g '-fobjc-abi-version=2' -fobjc-legacy-dispatch -iquote /Users/karelbraborec/Library/Developer/Xcode/DerivedData/revmeter-hbcnswmlqmbpnlazhhkncgeowiss/Build/Intermediates.noindex/Pods.build/Debug-iphonesimulator/ExpoWebBrowser.build/ExpoWebBrowser-generated-files.hmap -I/Users/karelbraborec/Library/Developer/Xcode/DerivedData/revmeter-hbcnswmlqmbpnlazhhkncgeowiss/Build/Intermediates.noindex/Pods.build/Debug-iphonesimulator/ExpoWebBrowser.build/ExpoWebBrowser-own-target-headers.hmap -I/Users/karelbraborec/Library/Developer/Xcode/DerivedData/revmeter-hbcnswmlqmbpnlazhhkncgeowiss/Build/Intermediates.noindex/Pods.build/Debug-iphonesimulator/ExpoWebBrowser.build/ExpoWebBrowser-all-non-framework-target-headers.hmap -ivfsoverlay /Users/karelbraborec/Library/Developer/Xcode/DerivedData/revmeter-hbcnswmlqmbpnlazhhkncgeowiss/Build/Intermediates.noindex/Pods.build/Debug-iphonesimulator/Pods-8699adb1dd336b26511df848a716bd42-VFS-iphonesimulator/all-product-headers.yaml -iquote /Users/karelbraborec/Library/Developer/Xcode/DerivedData/revmeter-hbcnswmlqmbpnlazhhkncgeowiss/Build/Intermediates.noindex/Pods.build/Debug-iphonesimulator/ExpoWebBrowser.build/ExpoWebBrowser-project-headers.hmap -I/Users/karelbraborec/Library/Developer/Xcode/DerivedData/revmeter-hbcnswmlqmbpnlazhhkncgeowiss/Build/Products/Debug-iphonesimulator/ExpoWebBrowser/include -I/Users/karelbraborec/rev-meter/ios/Pods/Headers/Public -I/Users/karelbraborec/rev-meter/ios/Pods/Headers/Public/FBLazyVector -I/Users/karelbraborec/rev-meter/ios/Pods/Headers/Public/RCTRequired -I/Users/karelbraborec/rev-meter/ios/Pods/Headers/Public/RCTSwiftUIWrapper -I/Users/karelbraborec/rev-meter/ios/Pods/Headers/Public/RCTTypeSafety -I/Users/karelbraborec/rev-meter/ios/Pods/Headers/Public/React-Core -I/Users/karelbraborec/rev-meter/ios/Pods/Headers/Public/React-Core-prebuilt -I/Users/karelbraborec/rev-meter/ios/Pods/Headers/Public/React-CoreModules -I/Users/karelbraborec/rev-meter/ios/Pods/Headers/Public/React-Fabric -I/Users/karelbraborec/rev-meter/ios/Pods/Headers/Public/React-FabricComponents -I/Users/karelbraborec/rev-meter/ios/Pods/Headers/Public/React-FabricImage -I/Users/karelbraborec/rev-meter/ios/Pods/Headers/Public/React-ImageManager -I/Users/karelbraborec/rev-meter/ios/Pods/Headers/Public/React-Mapbuffer -I/Users/karelbraborec/rev-meter/ios/Pods/Headers/Public/React-NativeModulesApple -I/Users/karelbraborec/rev-meter/ios/Pods/Headers/Public/React-RCTAnimation -I/Users/karelbraborec/rev-meter/ios/Pods/Headers/Public/React-RCTBlob -I/Users/karelbraborec/rev-meter/ios/Pods/Headers/Public/React-RCTFBReactNativeSpec -I/Users/karelbraborec/rev-meter/ios/Pods/Headers/Public/React-RCTFabric -I/Users/karelbraborec/rev-meter/ios/Pods/Headers/Public/React-RCTImage -I/Users/karelbraborec/rev-meter/ios/Pods/Headers/Public/React-RCTRuntime -I/Users/karelbraborec/rev-meter/ios/Pods/Headers/Public/React-RCTText -I/Users/karelbraborec/rev-meter/ios/Pods/Headers/Public/React-RuntimeApple -I/Users/karelbraborec/rev-meter/ios/Pods/Headers/Public/React-RuntimeCore -I/Users/karelbraborec/rev-meter/ios/Pods/Headers/Public/React-RuntimeHermes -I/Users/karelbraborec/rev-meter/ios/Pods/Headers/Public/React-callinvoker -I/Users/karelbraborec/rev-meter/ios/Pods/Headers/Public/React-cxxreact -I/Users/karelbraborec/rev-meter/ios/Pods/Headers/Public/React-debug -I/Users/karelbraborec/rev-meter/ios/Pods/Headers/Public/React-defaultsnativemodule -I/Users/karelbraborec/rev-meter/ios/Pods/Headers/Public/React-domnativemodule -I/Users/karelbraborec/rev-meter/ios/Pods/Headers/Public/React-featureflags -I/Users/karelbraborec/rev-meter/ios/Pods/Headers/Public/React-featureflagsnativemodule -I/Users/karelbraborec/rev-meter/ios/Pods/Headers/Public/React-graphics -I/Users/karelbraborec/rev-meter/ios/Pods/Headers/Public/React-hermes -I/Users/karelbraborec/rev-meter/ios/Pods/Headers/Public/React-idlecallbacksnativemodule -I/Users/karelbraborec/rev-meter/ios/Pods/Headers/Public/React-intersectionobservernativemodule -I/Users/karelbraborec/rev-meter/ios/Pods/Headers/Public/React-jserrorhandler -I/Users/karelbraborec/rev-meter/ios/Pods/Headers/Public/React-jsi -I/Users/karelbraborec/rev-meter/ios/Pods/Headers/Public/React-jsiexecutor -I/Users/karelbraborec/rev-meter/ios/Pods/Headers/Public/React-jsinspector -I/Users/karelbraborec/rev-meter/ios/Pods/Headers/Public/React-jsinspectorcdp -I/Users/karelbraborec/rev-meter/ios/Pods/Headers/Public/React-jsinspectornetwork -I/Users/karelbraborec/rev-meter/ios/Pods/Headers/Public/React-jsinspectortracing -I/Users/karelbraborec/rev-meter/ios/Pods/Headers/Public/React-jsitooling -I/Users/karelbraborec/rev-meter/ios/Pods/Headers/Public/React-logger -I/Users/karelbraborec/rev-meter/ios/Pods/Headers/Public/React-microtasksnativemodule -I/Users/karelbraborec/rev-meter/ios/Pods/Headers/Public/React-mutationobservernativemodule -I/Users/karelbraborec/rev-meter/ios/Pods/Headers/Public/React-networking -I/Users/karelbraborec/rev-meter/ios/Pods/Headers/Public/React-oscompat -I/Users/karelbraborec/rev-meter/ios/Pods/Headers/Public/React-perflogger -I/Users/karelbraborec/rev-meter/ios/Pods/Headers/Public/React-performancecdpmetrics -I/Users/karelbraborec/rev-meter/ios/Pods/Headers/Public/React-performancetimeline -I/Users/karelbraborec/rev-meter/ios/Pods/Headers/Public/React-rendererconsistency -I/Users/karelbraborec/rev-meter/ios/Pods/Headers/Public/React-renderercss -I/Users/karelbraborec/rev-meter/ios/Pods/Headers/Public/React-rendererdebug -I/Users/karelbraborec/rev-meter/ios/Pods/Headers/Public/React-runtimeexecutor -I/Users/karelbraborec/rev-meter/ios/Pods/Headers/Public/React-runtimescheduler -I/Users/karelbraborec/rev-meter/ios/Pods/Headers/Public/React-timing -I/Users/karelbraborec/rev-meter/ios/Pods/Headers/Public/React-utils -I/Users/karelbraborec/rev-meter/ios/Pods/Headers/Public/React-viewtransitionnativemodule -I/Users/karelbraborec/rev-meter/ios/Pods/Headers/Public/React-webperformancenativemodule -I/Users/karelbraborec/rev-meter/ios/Pods/Headers/Public/ReactCodegen -I/Users/karelbraborec/rev-meter/ios/Pods/Headers/Public/ReactCommon -I/Users/karelbraborec/rev-meter/ios/Pods/Headers/Public/ReactNativeDependencies -I/Users/karelbraborec/rev-meter/ios/Pods/Headers/Public/Yoga -I/Users/karelbraborec/rev-meter/ios/Pods/Headers/Public/hermes-engine -I/Users/karelbraborec/rev-meter/ios/Pods/ExpoModulesCore/ExpoModulesCore.xcframework/ios-arm64_x86_64-simulator/ExpoModulesCore.framework/Headers -I/Users/karelbraborec/rev-meter/ios/Pods/ExpoModulesCore/ExpoModulesCore.xcframework/ios-arm64/ExpoModulesCore.framework/Headers -I/Users/karelbraborec/rev-meter/ios/Pods/ExpoModulesCore/ExpoModulesCore.xcframework/ios-arm64_x86_64-simulator/ExpoModulesCore.framework/Headers -I/Users/karelbraborec/rev-meter/ios/Pods/ExpoModulesCore/ExpoModulesCore.xcframework/ios-arm64/ExpoModulesCore.framework/Headers -I/Users/karelbraborec/Library/Developer/Xcode/DerivedData/revmeter-hbcnswmlqmbpnlazhhkncgeowiss/Build/Intermediates.noindex/Pods.build/Debug-iphonesimulator/ExpoWebBrowser.build/DerivedSources-normal/arm64 -I/Users/karelbraborec/Library/Developer/Xcode/DerivedData/revmeter-hbcnswmlqmbpnlazhhkncgeowiss/Build/Intermediates.noindex/Pods.build/Debug-iphonesimulator/ExpoWebBrowser.build/DerivedSources/arm64 -I/Users/karelbraborec/Library/Developer/Xcode/DerivedData/revmeter-hbcnswmlqmbpnlazhhkncgeowiss/Build/Intermediates.noindex/Pods.build/Debug-iphonesimulator/ExpoWebBrowser.build/DerivedSources -F/Users/karelbraborec/Library/Developer/Xcode/DerivedData/revmeter-hbcnswmlqmbpnlazhhkncgeowiss/Build/Products/Debug-iphonesimulator/ExpoWebBrowser -F/Users/karelbraborec/rev-meter/node_modules/expo-modules-jsi/apple/Products -F/Users/karelbraborec/rev-meter/ios/Pods/ExpoModulesCore -F/Users/karelbraborec/rev-meter/ios/Pods/React-Core-prebuilt -F/Users/karelbraborec/rev-meter/ios/Pods/ReactNativeDependencies/framework/packages/react-native -F/Users/karelbraborec/rev-meter/ios/Pods/hermes-engine/destroot/Library/Frameworks/universal -F/Users/karelbraborec/Library/Developer/Xcode/DerivedData/revmeter-hbcnswmlqmbpnlazhhkncgeowiss/Build/Products/Debug-iphonesimulator/XCFrameworkIntermediates/ExpoModulesCore -F/Users/karelbraborec/Library/Developer/Xcode/DerivedData/revmeter-hbcnswmlqmbpnlazhhkncgeowiss/Build/Products/Debug-iphonesimulator/XCFrameworkIntermediates/ExpoModulesJSI -F/Users/karelbraborec/Library/Developer/Xcode/DerivedData/revmeter-hbcnswmlqmbpnlazhhkncgeowiss/Build/Products/Debug-iphonesimulator/XCFrameworkIntermediates/React-Core-prebuilt -F/Users/karelbraborec/Library/Developer/Xcode/DerivedData/revmeter-hbcnswmlqmbpnlazhhkncgeowiss/Build/Products/Debug-iphonesimulator/XCFrameworkIntermediates/ReactNativeDependencies -F/Users/karelbraborec/Library/Developer/Xcode/DerivedData/revmeter-hbcnswmlqmbpnlazhhkncgeowiss/Build/Products/Debug-iphonesimulator/XCFrameworkIntermediates/hermes-engine/Pre-built '-DRCT_REMOVE_LEGACY_ARCH=1' '-fmodule-map-file=/Users/karelbraborec/rev-meter/ios/Pods/Headers/Public/ReactCodegen/ReactCodegen.modulemap'

WriteAuxiliaryFile /Users/karelbraborec/Library/Developer/Xcode/DerivedData/revmeter-hbcnswmlqmbpnlazhhkncgeowiss/Build/Intermediates.noindex/Pods.build/Debug-iphonesimulator/ExpoWebBrowser.build/Objects-normal/arm64/ExpoWebBrowser_const_extract_protocols.json (in target 'ExpoWebBrowser' from project 'Pods')
    cd /Users/karelbraborec/rev-meter/ios/Pods
    write-file /Users/karelbraborec/Library/Developer/Xcode/DerivedData/revmeter-hbcnswmlqmbpnlazhhkncgeowiss/Build/Intermediates.noindex/Pods.build/Debug-iphonesimulator/ExpoWebBrowser.build/Objects-normal/arm64/ExpoWebBrowser_const_extract_protocols.json

WriteAuxiliaryFile /Users/karelbraborec/Library/Developer/Xcode/DerivedData/revmeter-hbcnswmlqmbpnlazhhkncgeowiss/Build/Intermediates.noindex/Pods.build/Debug-iphonesimulator/ExpoWebBrowser.build/Objects-normal/arm64/ExpoWebBrowser.SwiftFileList (in target 'ExpoWebBrowser' from project 'Pods')
    cd /Users/karelbraborec/rev-meter/ios/Pods
    write-file /Users/karelbraborec/Library/Developer/Xcode/DerivedData/revmeter-hbcnswmlqmbpnlazhhkncgeowiss/Build/Intermediates.noindex/Pods.build/Debug-iphonesimulator/ExpoWebBrowser.build/Objects-normal/arm64/ExpoWebBrowser.SwiftFileList

WriteAuxiliaryFile /Users/karelbraborec/Library/Developer/Xcode/DerivedData/revmeter-hbcnswmlqmbpnlazhhkncgeowiss/Build/Intermediates.noindex/Pods.build/Debug-iphonesimulator/ExpoWebBrowser.build/Objects-normal/arm64/ExpoWebBrowser.SwiftConstValuesFileList (in target 'ExpoWebBrowser' from project 'Pods')
    cd /Users/karelbraborec/rev-meter/ios/Pods
    write-file /Users/karelbraborec/Library/Developer/Xcode/DerivedData/revmeter-hbcnswmlqmbpnlazhhkncgeowiss/Build/Intermediates.noindex/Pods.build/Debug-iphonesimulator/ExpoWebBrowser.build/Objects-normal/arm64/ExpoWebBrowser.SwiftConstValuesFileList

WriteAuxiliaryFile /Users/karelbraborec/Library/Developer/Xcode/DerivedData/revmeter-hbcnswmlqmbpnlazhhkncgeowiss/Build/Intermediates.noindex/Pods.build/Debug-iphonesimulator/ExpoWebBrowser.build/Objects-normal/arm64/ExpoWebBrowser.LinkFileList (in target 'ExpoWebBrowser' from project 'Pods')
    cd /Users/karelbraborec/rev-meter/ios/Pods
    write-file /Users/karelbraborec/Library/Developer/Xcode/DerivedData/revmeter-hbcnswmlqmbpnlazhhkncgeowiss/Build/Intermediates.noindex/Pods.build/Debug-iphonesimulator/ExpoWebBrowser.build/Objects-normal/arm64/ExpoWebBrowser.LinkFileList

WriteAuxiliaryFile /Users/karelbraborec/Library/Developer/Xcode/DerivedData/revmeter-hbcnswmlqmbpnlazhhkncgeowiss/Build/Intermediates.noindex/Pods.build/Debug-iphonesimulator/ExpoWebBrowser.build/Objects-normal/arm64/ExpoWebBrowser-OutputFileMap.json (in target 'ExpoWebBrowser' from project 'Pods')
    cd /Users/karelbraborec/rev-meter/ios/Pods
    write-file /Users/karelbraborec/Library/Developer/Xcode/DerivedData/revmeter-hbcnswmlqmbpnlazhhkncgeowiss/Build/Intermediates.noindex/Pods.build/Debug-iphonesimulator/ExpoWebBrowser.build/Objects-normal/arm64/ExpoWebBrowser-OutputFileMap.json

WriteAuxiliaryFile /Users/karelbraborec/Library/Developer/Xcode/DerivedData/revmeter-hbcnswmlqmbpnlazhhkncgeowiss/Build/Intermediates.noindex/Pods.build/Debug-iphonesimulator/ExpoWebBrowser.build/ExpoWebBrowser.hmap (in target 'ExpoWebBrowser' from project 'Pods')
    cd /Users/karelbraborec/rev-meter/ios/Pods
    write-file /Users/karelbraborec/Library/Developer/Xcode/DerivedData/revmeter-hbcnswmlqmbpnlazhhkncgeowiss/Build/Intermediates.noindex/Pods.build/Debug-iphonesimulator/ExpoWebBrowser.build/ExpoWebBrowser.hmap

WriteAuxiliaryFile /Users/karelbraborec/Library/Developer/Xcode/DerivedData/revmeter-hbcnswmlqmbpnlazhhkncgeowiss/Build/Intermediates.noindex/Pods.build/Debug-iphonesimulator/ExpoWebBrowser.build/ExpoWebBrowser.DependencyStaticMetadataFileList (in target 'ExpoWebBrowser' from project 'Pods')
    cd /Users/karelbraborec/rev-meter/ios/Pods
    write-file /Users/karelbraborec/Library/Developer/Xcode/DerivedData/revmeter-hbcnswmlqmbpnlazhhkncgeowiss/Build/Intermediates.noindex/Pods.build/Debug-iphonesimulator/ExpoWebBrowser.build/ExpoWebBrowser.DependencyStaticMetadataFileList

WriteAuxiliaryFile /Users/karelbraborec/Library/Developer/Xcode/DerivedData/revmeter-hbcnswmlqmbpnlazhhkncgeowiss/Build/Intermediates.noindex/Pods.build/Debug-iphonesimulator/ExpoWebBrowser.build/ExpoWebBrowser.DependencyMetadataFileList (in target 'ExpoWebBrowser' from project 'Pods')
    cd /Users/karelbraborec/rev-meter/ios/Pods
    write-file /Users/karelbraborec/Library/Developer/Xcode/DerivedData/revmeter-hbcnswmlqmbpnlazhhkncgeowiss/Build/Intermediates.noindex/Pods.build/Debug-iphonesimulator/ExpoWebBrowser.build/ExpoWebBrowser.DependencyMetadataFileList

WriteAuxiliaryFile /Users/karelbraborec/Library/Developer/Xcode/DerivedData/revmeter-hbcnswmlqmbpnlazhhkncgeowiss/Build/Intermediates.noindex/Pods.build/Debug-iphonesimulator/ExpoWebBrowser.build/ExpoWebBrowser-project-headers.hmap (in target 'ExpoWebBrowser' from project 'Pods')
    cd /Users/karelbraborec/rev-meter/ios/Pods
    write-file /Users/karelbraborec/Library/Developer/Xcode/DerivedData/revmeter-hbcnswmlqmbpnlazhhkncgeowiss/Build/Intermediates.noindex/Pods.build/Debug-iphonesimulator/ExpoWebBrowser.build/ExpoWebBrowser-project-headers.hmap

WriteAuxiliaryFile /Users/karelbraborec/Library/Developer/Xcode/DerivedData/revmeter-hbcnswmlqmbpnlazhhkncgeowiss/Build/Intermediates.noindex/Pods.build/Debug-iphonesimulator/ExpoWebBrowser.build/ExpoWebBrowser-own-target-headers.hmap (in target 'ExpoWebBrowser' from project 'Pods')
    cd /Users/karelbraborec/rev-meter/ios/Pods
    write-file /Users/karelbraborec/Library/Developer/Xcode/DerivedData/revmeter-hbcnswmlqmbpnlazhhkncgeowiss/Build/Intermediates.noindex/Pods.build/Debug-iphonesimulator/ExpoWebBrowser.build/ExpoWebBrowser-own-target-headers.hmap

WriteAuxiliaryFile /Users/karelbraborec/Library/Developer/Xcode/DerivedData/revmeter-hbcnswmlqmbpnlazhhkncgeowiss/Build/Intermediates.noindex/Pods.build/Debug-iphonesimulator/ExpoWebBrowser.build/ExpoWebBrowser-generated-files.hmap (in target 'ExpoWebBrowser' from project 'Pods')
    cd /Users/karelbraborec/rev-meter/ios/Pods
    write-file /Users/karelbraborec/Library/Developer/Xcode/DerivedData/revmeter-hbcnswmlqmbpnlazhhkncgeowiss/Build/Intermediates.noindex/Pods.build/Debug-iphonesimulator/ExpoWebBrowser.build/ExpoWebBrowser-generated-files.hmap

WriteAuxiliaryFile /Users/karelbraborec/Library/Developer/Xcode/DerivedData/revmeter-hbcnswmlqmbpnlazhhkncgeowiss/Build/Intermediates.noindex/Pods.build/Debug-iphonesimulator/ExpoWebBrowser.build/ExpoWebBrowser-all-target-headers.hmap (in target 'ExpoWebBrowser' from project 'Pods')
    cd /Users/karelbraborec/rev-meter/ios/Pods
    write-file /Users/karelbraborec/Library/Developer/Xcode/DerivedData/revmeter-hbcnswmlqmbpnlazhhkncgeowiss/Build/Intermediates.noindex/Pods.build/Debug-iphonesimulator/ExpoWebBrowser.build/ExpoWebBrowser-all-target-headers.hmap

WriteAuxiliaryFile /Users/karelbraborec/Library/Developer/Xcode/DerivedData/revmeter-hbcnswmlqmbpnlazhhkncgeowiss/Build/Intermediates.noindex/Pods.build/Debug-iphonesimulator/ExpoWebBrowser.build/ExpoWebBrowser-all-non-framework-target-headers.hmap (in target 'ExpoWebBrowser' from project 'Pods')
    cd /Users/karelbraborec/rev-meter/ios/Pods
    write-file /Users/karelbraborec/Library/Developer/Xcode/DerivedData/revmeter-hbcnswmlqmbpnlazhhkncgeowiss/Build/Intermediates.noindex/Pods.build/Debug-iphonesimulator/ExpoWebBrowser.build/ExpoWebBrowser-all-non-framework-target-headers.hmap

WriteAuxiliaryFile /Users/karelbraborec/Library/Developer/Xcode/DerivedData/revmeter-hbcnswmlqmbpnlazhhkncgeowiss/Build/Intermediates.noindex/Pods.build/Debug-iphonesimulator/ExpoUI.build/Script-46EB2E00018F70.sh (in target 'ExpoUI' from project 'Pods')
    cd /Users/karelbraborec/rev-meter/ios/Pods
    write-file /Users/karelbraborec/Library/Developer/Xcode/DerivedData/revmeter-hbcnswmlqmbpnlazhhkncgeowiss/Build/Intermediates.noindex/Pods.build/Debug-iphonesimulator/ExpoUI.build/Script-46EB2E00018F70.sh

WriteAuxiliaryFile /Users/karelbraborec/Library/Developer/Xcode/DerivedData/revmeter-hbcnswmlqmbpnlazhhkncgeowiss/Build/Intermediates.noindex/Pods.build/Debug-iphonesimulator/ExpoUI.build/Objects-normal/x86_64/af3fcb34312c57c0f52879cdce924b91-common-args.resp (in target 'ExpoUI' from project 'Pods')
    cd /Users/karelbraborec/rev-meter/ios/Pods
    write-file /Users/karelbraborec/Library/Developer/Xcode/DerivedData/revmeter-hbcnswmlqmbpnlazhhkncgeowiss/Build/Intermediates.noindex/Pods.build/Debug-iphonesimulator/ExpoUI.build/Objects-normal/x86_64/af3fcb34312c57c0f52879cdce924b91-common-args.resp
'-std=c++20' '-stdlib=libc++' -fobjc-arc -fmodules -fno-cxx-modules '-fmodules-cache-path=/Users/karelbraborec/Library/Developer/Xcode/DerivedData/ModuleCache.noindex' '-fmodule-name=ExpoUI' '-D_LIBCPP_HARDENING_MODE=_LIBCPP_HARDENING_MODE_DEBUG' -fpascal-strings -O0 -fno-common '-DPOD_CONFIGURATION_DEBUG=1' '-DDEBUG=1' '-DCOCOAPODS=1' '-DOBJC_OLD_DISPATCH_PROTOTYPES=0' -fasm-blocks -g '-fobjc-abi-version=2' -fobjc-legacy-dispatch -iquote /Users/karelbraborec/Library/Developer/Xcode/DerivedData/revmeter-hbcnswmlqmbpnlazhhkncgeowiss/Build/Intermediates.noindex/Pods.build/Debug-iphonesimulator/ExpoUI.build/ExpoUI-generated-files.hmap -I/Users/karelbraborec/Library/Developer/Xcode/DerivedData/revmeter-hbcnswmlqmbpnlazhhkncgeowiss/Build/Intermediates.noindex/Pods.build/Debug-iphonesimulator/ExpoUI.build/ExpoUI-own-target-headers.hmap -I/Users/karelbraborec/Library/Developer/Xcode/DerivedData/revmeter-hbcnswmlqmbpnlazhhkncgeowiss/Build/Intermediates.noindex/Pods.build/Debug-iphonesimulator/ExpoUI.build/ExpoUI-all-non-framework-target-headers.hmap -ivfsoverlay /Users/karelbraborec/Library/Developer/Xcode/DerivedData/revmeter-hbcnswmlqmbpnlazhhkncgeowiss/Build/Intermediates.noindex/Pods.build/Debug-iphonesimulator/Pods-8699adb1dd336b26511df848a716bd42-VFS-iphonesimulator/all-product-headers.yaml -iquote /Users/karelbraborec/Library/Developer/Xcode/DerivedData/revmeter-hbcnswmlqmbpnlazhhkncgeowiss/Build/Intermediates.noindex/Pods.build/Debug-iphonesimulator/ExpoUI.build/ExpoUI-project-headers.hmap -I/Users/karelbraborec/Library/Developer/Xcode/DerivedData/revmeter-hbcnswmlqmbpnlazhhkncgeowiss/Build/Products/Debug-iphonesimulator/ExpoUI/include -I/Users/karelbraborec/rev-meter/ios/Pods/Headers/Private -I/Users/karelbraborec/rev-meter/ios/Pods/Headers/Private/ExpoUI -I/Users/karelbraborec/rev-meter/ios/Pods/Headers/Public -I/Users/karelbraborec/rev-meter/ios/Pods/Headers/Public/FBLazyVector -I/Users/karelbraborec/rev-meter/ios/Pods/Headers/Public/RCTRequired -I/Users/karelbraborec/rev-meter/ios/Pods/Headers/Public/RCTSwiftUIWrapper -I/Users/karelbraborec/rev-meter/ios/Pods/Headers/Public/RCTTypeSafety -I/Users/karelbraborec/rev-meter/ios/Pods/Headers/Public/React-Core -I/Users/karelbraborec/rev-meter/ios/Pods/Headers/Public/React-Core-prebuilt -I/Users/karelbraborec/rev-meter/ios/Pods/Headers/Public/React-CoreModules -I/Users/karelbraborec/rev-meter/ios/Pods/Headers/Public/React-Fabric -I/Users/karelbraborec/rev-meter/ios/Pods/Headers/Public/React-FabricComponents -I/Users/karelbraborec/rev-meter/ios/Pods/Headers/Public/React-FabricImage -I/Users/karelbraborec/rev-meter/ios/Pods/Headers/Public/React-ImageManager -I/Users/karelbraborec/rev-meter/ios/Pods/Headers/Public/React-Mapbuffer -I/Users/karelbraborec/rev-meter/ios/Pods/Headers/Public/React-NativeModulesApple -I/Users/karelbraborec/rev-meter/ios/Pods/Headers/Public/React-RCTAnimation -I/Users/karelbraborec/rev-meter/ios/Pods/Headers/Public/React-RCTBlob -I/Users/karelbraborec/rev-meter/ios/Pods/Headers/Public/React-RCTFBReactNativeSpec -I/Users/karelbraborec/rev-meter/ios/Pods/Headers/Public/React-RCTFabric -I/Users/karelbraborec/rev-meter/ios/Pods/Headers/Public/React-RCTImage -I/Users/karelbraborec/rev-meter/ios/Pods/Headers/Public/React-RCTRuntime -I/Users/karelbraborec/rev-meter/ios/Pods/Headers/Public/React-RCTText -I/Users/karelbraborec/rev-meter/ios/Pods/Headers/Public/React-RuntimeApple -I/Users/karelbraborec/rev-meter/ios/Pods/Headers/Public/React-RuntimeCore -I/Users/karelbraborec/rev-meter/ios/Pods/Headers/Public/React-RuntimeHermes -I/Users/karelbraborec/rev-meter/ios/Pods/Headers/Public/React-callinvoker -I/Users/karelbraborec/rev-meter/ios/Pods/Headers/Public/React-cxxreact -I/Users/karelbraborec/rev-meter/ios/Pods/Headers/Public/React-debug -I/Users/karelbraborec/rev-meter/ios/Pods/Headers/Public/React-defaultsnativemodule -I/Users/karelbraborec/rev-meter/ios/Pods/Headers/Public/React-domnativemodule -I/Users/karelbraborec/rev-meter/ios/Pods/Headers/Public/React-featureflags -I/Users/karelbraborec/rev-meter/ios/Pods/Headers/Public/React-featureflagsnativemodule -I/Users/karelbraborec/rev-meter/ios/Pods/Headers/Public/React-graphics -I/Users/karelbraborec/rev-meter/ios/Pods/Headers/Public/React-hermes -I/Users/karelbraborec/rev-meter/ios/Pods/Headers/Public/React-idlecallbacksnativemodule -I/Users/karelbraborec/rev-meter/ios/Pods/Headers/Public/React-intersectionobservernativemodule -I/Users/karelbraborec/rev-meter/ios/Pods/Headers/Public/React-jserrorhandler -I/Users/karelbraborec/rev-meter/ios/Pods/Headers/Public/React-jsi -I/Users/karelbraborec/rev-meter/ios/Pods/Headers/Public/React-jsiexecutor -I/Users/karelbraborec/rev-meter/ios/Pods/Headers/Public/React-jsinspector -I/Users/karelbraborec/rev-meter/ios/Pods/Headers/Public/React-jsinspectorcdp -I/Users/karelbraborec/rev-meter/ios/Pods/Headers/Public/React-jsinspectornetwork -I/Users/karelbraborec/rev-meter/ios/Pods/Headers/Public/React-jsinspectortracing -I/Users/karelbraborec/rev-meter/ios/Pods/Headers/Public/React-jsitooling -I/Users/karelbraborec/rev-meter/ios/Pods/Headers/Public/React-logger -I/Users/karelbraborec/rev-meter/ios/Pods/Headers/Public/React-microtasksnativemodule -I/Users/karelbraborec/rev-meter/ios/Pods/Headers/Public/React-mutationobservernativemodule -I/Users/karelbraborec/rev-meter/ios/Pods/Headers/Public/React-networking -I/Users/karelbraborec/rev-meter/ios/Pods/Headers/Public/React-oscompat -I/Users/karelbraborec/rev-meter/ios/Pods/Headers/Public/React-perflogger -I/Users/karelbraborec/rev-meter/ios/Pods/Headers/Public/React-performancecdpmetrics -I/Users/karelbraborec/rev-meter/ios/Pods/Headers/Public/React-performancetimeline -I/Users/karelbraborec/rev-meter/ios/Pods/Headers/Public/React-rendererconsistency -I/Users/karelbraborec/rev-meter/ios/Pods/Headers/Public/React-renderercss -I/Users/karelbraborec/rev-meter/ios/Pods/Headers/Public/React-rendererdebug -I/Users/karelbraborec/rev-meter/ios/Pods/Headers/Public/React-runtimeexecutor -I/Users/karelbraborec/rev-meter/ios/Pods/Headers/Public/React-runtimescheduler -I/Users/karelbraborec/rev-meter/ios/Pods/Headers/Public/React-timing -I/Users/karelbraborec/rev-meter/ios/Pods/Headers/Public/React-utils -I/Users/karelbraborec/rev-meter/ios/Pods/Headers/Public/React-viewtransitionnativemodule -I/Users/karelbraborec/rev-meter/ios/Pods/Headers/Public/React-webperformancenativemodule -I/Users/karelbraborec/rev-meter/ios/Pods/Headers/Public/ReactCodegen -I/Users/karelbraborec/rev-meter/ios/Pods/Headers/Public/ReactCommon -I/Users/karelbraborec/rev-meter/ios/Pods/Headers/Public/ReactNativeDependencies -I/Users/karelbraborec/rev-meter/ios/Pods/Headers/Public/Yoga -I/Users/karelbraborec/rev-meter/ios/Pods/Headers/Public/hermes-engine -I/Users/karelbraborec/rev-meter/ios/Pods/ExpoModulesCore/ExpoModulesCore.xcframework/ios-arm64_x86_64-simulator/ExpoModulesCore.framework/Headers -I/Users/karelbraborec/rev-meter/ios/Pods/ExpoModulesCore/ExpoModulesCore.xcframework/ios-arm64/ExpoModulesCore.framework/Headers -I/Users/karelbraborec/rev-meter/ios/Pods/ExpoModulesCore/ExpoModulesCore.xcframework/ios-arm64_x86_64-simulator/ExpoModulesCore.framework/Headers -I/Users/karelbraborec/rev-meter/ios/Pods/ExpoModulesCore/ExpoModulesCore.xcframework/ios-arm64/ExpoModulesCore.framework/Headers -I/Users/karelbraborec/Library/Developer/Xcode/DerivedData/revmeter-hbcnswmlqmbpnlazhhkncgeowiss/Build/Intermediates.noindex/Pods.build/Debug-iphonesimulator/ExpoUI.build/DerivedSources-normal/x86_64 -I/Users/karelbraborec/Library/Developer/Xcode/DerivedData/revmeter-hbcnswmlqmbpnlazhhkncgeowiss/Build/Intermediates.noindex/Pods.build/Debug-iphonesimulator/ExpoUI.build/DerivedSources/x86_64 -I/Users/karelbraborec/Library/Developer/Xcode/DerivedData/revmeter-hbcnswmlqmbpnlazhhkncgeowiss/Build/Intermediates.noindex/Pods.build/Debug-iphonesimulator/ExpoUI.build/DerivedSources -F/Users/karelbraborec/Library/Developer/Xcode/DerivedData/revmeter-hbcnswmlqmbpnlazhhkncgeowiss/Build/Products/Debug-iphonesimulator/ExpoUI -F/Users/karelbraborec/rev-meter/node_modules/expo-modules-jsi/apple/Products -F/Users/karelbraborec/rev-meter/ios/Pods/ExpoModulesCore -F/Users/karelbraborec/rev-meter/ios/Pods/ExpoModulesWorklets -F/Users/karelbraborec/rev-meter/ios/Pods/React-Core-prebuilt -F/Users/karelbraborec/rev-meter/ios/Pods/ReactNativeDependencies/framework/packages/react-native -F/Users/karelbraborec/rev-meter/ios/Pods/hermes-engine/destroot/Library/Frameworks/universal -F/Users/karelbraborec/Library/Developer/Xcode/DerivedData/revmeter-hbcnswmlqmbpnlazhhkncgeowiss/Build/Products/Debug-iphonesimulator/XCFrameworkIntermediates/ExpoModulesCore -F/Users/karelbraborec/Library/Developer/Xcode/DerivedData/revmeter-hbcnswmlqmbpnlazhhkncgeowiss/Build/Products/Debug-iphonesimulator/XCFrameworkIntermediates/ExpoModulesJSI -F/Users/karelbraborec/Library/Developer/Xcode/DerivedData/revmeter-hbcnswmlqmbpnlazhhkncgeowiss/Build/Products/Debug-iphonesimulator/XCFrameworkIntermediates/ExpoModulesWorklets -F/Users/karelbraborec/Library/Developer/Xcode/DerivedData/revmeter-hbcnswmlqmbpnlazhhkncgeowiss/Build/Products/Debug-iphonesimulator/XCFrameworkIntermediates/React-Core-prebuilt -F/Users/karelbraborec/Library/Developer/Xcode/DerivedData/revmeter-hbcnswmlqmbpnlazhhkncgeowiss/Build/Products/Debug-iphonesimulator/XCFrameworkIntermediates/ReactNativeDependencies -F/Users/karelbraborec/Library/Developer/Xcode/DerivedData/revmeter-hbcnswmlqmbpnlazhhkncgeowiss/Build/Products/Debug-iphonesimulator/XCFrameworkIntermediates/hermes-engine/Pre-built '-DRCT_REMOVE_LEGACY_ARCH=1' '-fmodule-map-file=/Users/karelbraborec/rev-meter/ios/Pods/Headers/Public/ReactCodegen/ReactCodegen.modulemap' '-DRCT_REMOVE_LEGACY_ARCH=1'

WriteAuxiliaryFile /Users/karelbraborec/Library/Developer/Xcode/DerivedData/revmeter-hbcnswmlqmbpnlazhhkncgeowiss/Build/Intermediates.noindex/Pods.build/Debug-iphonesimulator/ExpoUI.build/Objects-normal/x86_64/ExpoUI_const_extract_protocols.json (in target 'ExpoUI' from project 'Pods')
    cd /Users/karelbraborec/rev-meter/ios/Pods
    write-file /Users/karelbraborec/Library/Developer/Xcode/DerivedData/revmeter-hbcnswmlqmbpnlazhhkncgeowiss/Build/Intermediates.noindex/Pods.build/Debug-iphonesimulator/ExpoUI.build/Objects-normal/x86_64/ExpoUI_const_extract_protocols.json

WriteAuxiliaryFile /Users/karelbraborec/Library/Developer/Xcode/DerivedData/revmeter-hbcnswmlqmbpnlazhhkncgeowiss/Build/Intermediates.noindex/Pods.build/Debug-iphonesimulator/ExpoUI.build/Objects-normal/x86_64/e6072d4f65d7061329687fe24e3d63a7-common-args.resp (in target 'ExpoUI' from project 'Pods')
    cd /Users/karelbraborec/rev-meter/ios/Pods
    write-file /Users/karelbraborec/Library/Developer/Xcode/DerivedData/revmeter-hbcnswmlqmbpnlazhhkncgeowiss/Build/Intermediates.noindex/Pods.build/Debug-iphonesimulator/ExpoUI.build/Objects-normal/x86_64/e6072d4f65d7061329687fe24e3d63a7-common-args.resp
'-std=gnu11' -fobjc-arc -fmodules '-fmodules-cache-path=/Users/karelbraborec/Library/Developer/Xcode/DerivedData/ModuleCache.noindex' '-fmodule-name=ExpoUI' -fpascal-strings -O0 -fno-common '-DPOD_CONFIGURATION_DEBUG=1' '-DDEBUG=1' '-DCOCOAPODS=1' '-DOBJC_OLD_DISPATCH_PROTOTYPES=0' -fasm-blocks -g '-fobjc-abi-version=2' -fobjc-legacy-dispatch -iquote /Users/karelbraborec/Library/Developer/Xcode/DerivedData/revmeter-hbcnswmlqmbpnlazhhkncgeowiss/Build/Intermediates.noindex/Pods.build/Debug-iphonesimulator/ExpoUI.build/ExpoUI-generated-files.hmap -I/Users/karelbraborec/Library/Developer/Xcode/DerivedData/revmeter-hbcnswmlqmbpnlazhhkncgeowiss/Build/Intermediates.noindex/Pods.build/Debug-iphonesimulator/ExpoUI.build/ExpoUI-own-target-headers.hmap -I/Users/karelbraborec/Library/Developer/Xcode/DerivedData/revmeter-hbcnswmlqmbpnlazhhkncgeowiss/Build/Intermediates.noindex/Pods.build/Debug-iphonesimulator/ExpoUI.build/ExpoUI-all-non-framework-target-headers.hmap -ivfsoverlay /Users/karelbraborec/Library/Developer/Xcode/DerivedData/revmeter-hbcnswmlqmbpnlazhhkncgeowiss/Build/Intermediates.noindex/Pods.build/Debug-iphonesimulator/Pods-8699adb1dd336b26511df848a716bd42-VFS-iphonesimulator/all-product-headers.yaml -iquote /Users/karelbraborec/Library/Developer/Xcode/DerivedData/revmeter-hbcnswmlqmbpnlazhhkncgeowiss/Build/Intermediates.noindex/Pods.build/Debug-iphonesimulator/ExpoUI.build/ExpoUI-project-headers.hmap -I/Users/karelbraborec/Library/Developer/Xcode/DerivedData/revmeter-hbcnswmlqmbpnlazhhkncgeowiss/Build/Products/Debug-iphonesimulator/ExpoUI/include -I/Users/karelbraborec/rev-meter/ios/Pods/Headers/Private -I/Users/karelbraborec/rev-meter/ios/Pods/Headers/Private/ExpoUI -I/Users/karelbraborec/rev-meter/ios/Pods/Headers/Public -I/Users/karelbraborec/rev-meter/ios/Pods/Headers/Public/FBLazyVector -I/Users/karelbraborec/rev-meter/ios/Pods/Headers/Public/RCTRequired -I/Users/karelbraborec/rev-meter/ios/Pods/Headers/Public/RCTSwiftUIWrapper -I/Users/karelbraborec/rev-meter/ios/Pods/Headers/Public/RCTTypeSafety -I/Users/karelbraborec/rev-meter/ios/Pods/Headers/Public/React-Core -I/Users/karelbraborec/rev-meter/ios/Pods/Headers/Public/React-Core-prebuilt -I/Users/karelbraborec/rev-meter/ios/Pods/Headers/Public/React-CoreModules -I/Users/karelbraborec/rev-meter/ios/Pods/Headers/Public/React-Fabric -I/Users/karelbraborec/rev-meter/ios/Pods/Headers/Public/React-FabricComponents -I/Users/karelbraborec/rev-meter/ios/Pods/Headers/Public/React-FabricImage -I/Users/karelbraborec/rev-meter/ios/Pods/Headers/Public/React-ImageManager -I/Users/karelbraborec/rev-meter/ios/Pods/Headers/Public/React-Mapbuffer -I/Users/karelbraborec/rev-meter/ios/Pods/Headers/Public/React-NativeModulesApple -I/Users/karelbraborec/rev-meter/ios/Pods/Headers/Public/React-RCTAnimation -I/Users/karelbraborec/rev-meter/ios/Pods/Headers/Public/React-RCTBlob -I/Users/karelbraborec/rev-meter/ios/Pods/Headers/Public/React-RCTFBReactNativeSpec -I/Users/karelbraborec/rev-meter/ios/Pods/Headers/Public/React-RCTFabric -I/Users/karelbraborec/rev-meter/ios/Pods/Headers/Public/React-RCTImage -I/Users/karelbraborec/rev-meter/ios/Pods/Headers/Public/React-RCTRuntime -I/Users/karelbraborec/rev-meter/ios/Pods/Headers/Public/React-RCTText -I/Users/karelbraborec/rev-meter/ios/Pods/Headers/Public/React-RuntimeApple -I/Users/karelbraborec/rev-meter/ios/Pods/Headers/Public/React-RuntimeCore -I/Users/karelbraborec/rev-meter/ios/Pods/Headers/Public/React-RuntimeHermes -I/Users/karelbraborec/rev-meter/ios/Pods/Headers/Public/React-callinvoker -I/Users/karelbraborec/rev-meter/ios/Pods/Headers/Public/React-cxxreact -I/Users/karelbraborec/rev-meter/ios/Pods/Headers/Public/React-debug -I/Users/karelbraborec/rev-meter/ios/Pods/Headers/Public/React-defaultsnativemodule -I/Users/karelbraborec/rev-meter/ios/Pods/Headers/Public/React-domnativemodule -I/Users/karelbraborec/rev-meter/ios/Pods/Headers/Public/React-featureflags -I/Users/karelbraborec/rev-meter/ios/Pods/Headers/Public/React-featureflagsnativemodule -I/Users/karelbraborec/rev-meter/ios/Pods/Headers/Public/React-graphics -I/Users/karelbraborec/rev-meter/ios/Pods/Headers/Public/React-hermes -I/Users/karelbraborec/rev-meter/ios/Pods/Headers/Public/React-idlecallbacksnativemodule -I/Users/karelbraborec/rev-meter/ios/Pods/Headers/Public/React-intersectionobservernativemodule -I/Users/karelbraborec/rev-meter/ios/Pods/Headers/Public/React-jserrorhandler -I/Users/karelbraborec/rev-meter/ios/Pods/Headers/Public/React-jsi -I/Users/karelbraborec/rev-meter/ios/Pods/Headers/Public/React-jsiexecutor -I/Users/karelbraborec/rev-meter/ios/Pods/Headers/Public/React-jsinspector -I/Users/karelbraborec/rev-meter/ios/Pods/Headers/Public/React-jsinspectorcdp -I/Users/karelbraborec/rev-meter/ios/Pods/Headers/Public/React-jsinspectornetwork -I/Users/karelbraborec/rev-meter/ios/Pods/Headers/Public/React-jsinspectortracing -I/Users/karelbraborec/rev-meter/ios/Pods/Headers/Public/React-jsitooling -I/Users/karelbraborec/rev-meter/ios/Pods/Headers/Public/React-logger -I/Users/karelbraborec/rev-meter/ios/Pods/Headers/Public/React-microtasksnativemodule -I/Users/karelbraborec/rev-meter/ios/Pods/Headers/Public/React-mutationobservernativemodule -I/Users/karelbraborec/rev-meter/ios/Pods/Headers/Public/React-networking -I/Users/karelbraborec/rev-meter/ios/Pods/Headers/Public/React-oscompat -I/Users/karelbraborec/rev-meter/ios/Pods/Headers/Public/React-perflogger -I/Users/karelbraborec/rev-meter/ios/Pods/Headers/Public/React-performancecdpmetrics -I/Users/karelbraborec/rev-meter/ios/Pods/Headers/Public/React-performancetimeline -I/Users/karelbraborec/rev-meter/ios/Pods/Headers/Public/React-rendererconsistency -I/Users/karelbraborec/rev-meter/ios/Pods/Headers/Public/React-renderercss -I/Users/karelbraborec/rev-meter/ios/Pods/Headers/Public/React-rendererdebug -I/Users/karelbraborec/rev-meter/ios/Pods/Headers/Public/React-runtimeexecutor -I/Users/karelbraborec/rev-meter/ios/Pods/Headers/Public/React-runtimescheduler -I/Users/karelbraborec/rev-meter/ios/Pods/Headers/Public/React-timing -I/Users/karelbraborec/rev-meter/ios/Pods/Headers/Public/React-utils -I/Users/karelbraborec/rev-meter/ios/Pods/Headers/Public/React-viewtransitionnativemodule -I/Users/karelbraborec/rev-meter/ios/Pods/Headers/Public/React-webperformancenativemodule -I/Users/karelbraborec/rev-meter/ios/Pods/Headers/Public/ReactCodegen -I/Users/karelbraborec/rev-meter/ios/Pods/Headers/Public/ReactCommon -I/Users/karelbraborec/rev-meter/ios/Pods/Headers/Public/ReactNativeDependencies -I/Users/karelbraborec/rev-meter/ios/Pods/Headers/Public/Yoga -I/Users/karelbraborec/rev-meter/ios/Pods/Headers/Public/hermes-engine -I/Users/karelbraborec/rev-meter/ios/Pods/ExpoModulesCore/ExpoModulesCore.xcframework/ios-arm64_x86_64-simulator/ExpoModulesCore.framework/Headers -I/Users/karelbraborec/rev-meter/ios/Pods/ExpoModulesCore/ExpoModulesCore.xcframework/ios-arm64/ExpoModulesCore.framework/Headers -I/Users/karelbraborec/rev-meter/ios/Pods/ExpoModulesCore/ExpoModulesCore.xcframework/ios-arm64_x86_64-simulator/ExpoModulesCore.framework/Headers -I/Users/karelbraborec/rev-meter/ios/Pods/ExpoModulesCore/ExpoModulesCore.xcframework/ios-arm64/ExpoModulesCore.framework/Headers -I/Users/karelbraborec/Library/Developer/Xcode/DerivedData/revmeter-hbcnswmlqmbpnlazhhkncgeowiss/Build/Intermediates.noindex/Pods.build/Debug-iphonesimulator/ExpoUI.build/DerivedSources-normal/x86_64 -I/Users/karelbraborec/Library/Developer/Xcode/DerivedData/revmeter-hbcnswmlqmbpnlazhhkncgeowiss/Build/Intermediates.noindex/Pods.build/Debug-iphonesimulator/ExpoUI.build/DerivedSources/x86_64 -I/Users/karelbraborec/Library/Developer/Xcode/DerivedData/revmeter-hbcnswmlqmbpnlazhhkncgeowiss/Build/Intermediates.noindex/Pods.build/Debug-iphonesimulator/ExpoUI.build/DerivedSources -F/Users/karelbraborec/Library/Developer/Xcode/DerivedData/revmeter-hbcnswmlqmbpnlazhhkncgeowiss/Build/Products/Debug-iphonesimulator/ExpoUI -F/Users/karelbraborec/rev-meter/node_modules/expo-modules-jsi/apple/Products -F/Users/karelbraborec/rev-meter/ios/Pods/ExpoModulesCore -F/Users/karelbraborec/rev-meter/ios/Pods/ExpoModulesWorklets -F/Users/karelbraborec/rev-meter/ios/Pods/React-Core-prebuilt -F/Users/karelbraborec/rev-meter/ios/Pods/ReactNativeDependencies/framework/packages/react-native -F/Users/karelbraborec/rev-meter/ios/Pods/hermes-engine/destroot/Library/Frameworks/universal -F/Users/karelbraborec/Library/Developer/Xcode/DerivedData/revmeter-hbcnswmlqmbpnlazhhkncgeowiss/Build/Products/Debug-iphonesimulator/XCFrameworkIntermediates/ExpoModulesCore -F/Users/karelbraborec/Library/Developer/Xcode/DerivedData/revmeter-hbcnswmlqmbpnlazhhkncgeowiss/Build/Products/Debug-iphonesimulator/XCFrameworkIntermediates/ExpoModulesJSI -F/Users/karelbraborec/Library/Developer/Xcode/DerivedData/revmeter-hbcnswmlqmbpnlazhhkncgeowiss/Build/Products/Debug-iphonesimulator/XCFrameworkIntermediates/ExpoModulesWorklets -F/Users/karelbraborec/Library/Developer/Xcode/DerivedData/revmeter-hbcnswmlqmbpnlazhhkncgeowiss/Build/Products/Debug-iphonesimulator/XCFrameworkIntermediates/React-Core-prebuilt -F/Users/karelbraborec/Library/Developer/Xcode/DerivedData/revmeter-hbcnswmlqmbpnlazhhkncgeowiss/Build/Products/Debug-iphonesimulator/XCFrameworkIntermediates/ReactNativeDependencies -F/Users/karelbraborec/Library/Developer/Xcode/DerivedData/revmeter-hbcnswmlqmbpnlazhhkncgeowiss/Build/Products/Debug-iphonesimulator/XCFrameworkIntermediates/hermes-engine/Pre-built '-DRCT_REMOVE_LEGACY_ARCH=1' '-fmodule-map-file=/Users/karelbraborec/rev-meter/ios/Pods/Headers/Public/ReactCodegen/ReactCodegen.modulemap'

WriteAuxiliaryFile /Users/karelbraborec/Library/Developer/Xcode/DerivedData/revmeter-hbcnswmlqmbpnlazhhkncgeowiss/Build/Intermediates.noindex/Pods.build/Debug-iphonesimulator/ExpoUI.build/Objects-normal/x86_64/ExpoUI.SwiftFileList (in target 'ExpoUI' from project 'Pods')
    cd /Users/karelbraborec/rev-meter/ios/Pods
    write-file /Users/karelbraborec/Library/Developer/Xcode/DerivedData/revmeter-hbcnswmlqmbpnlazhhkncgeowiss/Build/Intermediates.noindex/Pods.build/Debug-iphonesimulator/ExpoUI.build/Objects-normal/x86_64/ExpoUI.SwiftFileList

WriteAuxiliaryFile /Users/karelbraborec/Library/Developer/Xcode/DerivedData/revmeter-hbcnswmlqmbpnlazhhkncgeowiss/Build/Intermediates.noindex/Pods.build/Debug-iphonesimulator/ExpoUI.build/Objects-normal/x86_64/ExpoUI.SwiftConstValuesFileList (in target 'ExpoUI' from project 'Pods')
    cd /Users/karelbraborec/rev-meter/ios/Pods
    write-file /Users/karelbraborec/Library/Developer/Xcode/DerivedData/revmeter-hbcnswmlqmbpnlazhhkncgeowiss/Build/Intermediates.noindex/Pods.build/Debug-iphonesimulator/ExpoUI.build/Objects-normal/x86_64/ExpoUI.SwiftConstValuesFileList

WriteAuxiliaryFile /Users/karelbraborec/Library/Developer/Xcode/DerivedData/revmeter-hbcnswmlqmbpnlazhhkncgeowiss/Build/Intermediates.noindex/Pods.build/Debug-iphonesimulator/ExpoUI.build/Objects-normal/x86_64/ExpoUI.LinkFileList (in target 'ExpoUI' from project 'Pods')
    cd /Users/karelbraborec/rev-meter/ios/Pods
    write-file /Users/karelbraborec/Library/Developer/Xcode/DerivedData/revmeter-hbcnswmlqmbpnlazhhkncgeowiss/Build/Intermediates.noindex/Pods.build/Debug-iphonesimulator/ExpoUI.build/Objects-normal/x86_64/ExpoUI.LinkFileList

WriteAuxiliaryFile /Users/karelbraborec/Library/Developer/Xcode/DerivedData/revmeter-hbcnswmlqmbpnlazhhkncgeowiss/Build/Intermediates.noindex/Pods.build/Debug-iphonesimulator/ExpoUI.build/Objects-normal/x86_64/ExpoUI-OutputFileMap.json (in target 'ExpoUI' from project 'Pods')
    cd /Users/karelbraborec/rev-meter/ios/Pods
    write-file /Users/karelbraborec/Library/Developer/Xcode/DerivedData/revmeter-hbcnswmlqmbpnlazhhkncgeowiss/Build/Intermediates.noindex/Pods.build/Debug-iphonesimulator/ExpoUI.build/Objects-normal/x86_64/ExpoUI-OutputFileMap.json

WriteAuxiliaryFile /Users/karelbraborec/Library/Developer/Xcode/DerivedData/revmeter-hbcnswmlqmbpnlazhhkncgeowiss/Build/Intermediates.noindex/Pods.build/Debug-iphonesimulator/ExpoUI.build/Objects-normal/arm64/e6072d4f65d7061329687fe24e3d63a7-common-args.resp (in target 'ExpoUI' from project 'Pods')
    cd /Users/karelbraborec/rev-meter/ios/Pods
    write-file /Users/karelbraborec/Library/Developer/Xcode/DerivedData/revmeter-hbcnswmlqmbpnlazhhkncgeowiss/Build/Intermediates.noindex/Pods.build/Debug-iphonesimulator/ExpoUI.build/Objects-normal/arm64/e6072d4f65d7061329687fe24e3d63a7-common-args.resp
'-std=gnu11' -fobjc-arc -fmodules '-fmodules-cache-path=/Users/karelbraborec/Library/Developer/Xcode/DerivedData/ModuleCache.noindex' '-fmodule-name=ExpoUI' -fpascal-strings -O0 -fno-common '-DPOD_CONFIGURATION_DEBUG=1' '-DDEBUG=1' '-DCOCOAPODS=1' '-DOBJC_OLD_DISPATCH_PROTOTYPES=0' -g '-fobjc-abi-version=2' -fobjc-legacy-dispatch -iquote /Users/karelbraborec/Library/Developer/Xcode/DerivedData/revmeter-hbcnswmlqmbpnlazhhkncgeowiss/Build/Intermediates.noindex/Pods.build/Debug-iphonesimulator/ExpoUI.build/ExpoUI-generated-files.hmap -I/Users/karelbraborec/Library/Developer/Xcode/DerivedData/revmeter-hbcnswmlqmbpnlazhhkncgeowiss/Build/Intermediates.noindex/Pods.build/Debug-iphonesimulator/ExpoUI.build/ExpoUI-own-target-headers.hmap -I/Users/karelbraborec/Library/Developer/Xcode/DerivedData/revmeter-hbcnswmlqmbpnlazhhkncgeowiss/Build/Intermediates.noindex/Pods.build/Debug-iphonesimulator/ExpoUI.build/ExpoUI-all-non-framework-target-headers.hmap -ivfsoverlay /Users/karelbraborec/Library/Developer/Xcode/DerivedData/revmeter-hbcnswmlqmbpnlazhhkncgeowiss/Build/Intermediates.noindex/Pods.build/Debug-iphonesimulator/Pods-8699adb1dd336b26511df848a716bd42-VFS-iphonesimulator/all-product-headers.yaml -iquote /Users/karelbraborec/Library/Developer/Xcode/DerivedData/revmeter-hbcnswmlqmbpnlazhhkncgeowiss/Build/Intermediates.noindex/Pods.build/Debug-iphonesimulator/ExpoUI.build/ExpoUI-project-headers.hmap -I/Users/karelbraborec/Library/Developer/Xcode/DerivedData/revmeter-hbcnswmlqmbpnlazhhkncgeowiss/Build/Products/Debug-iphonesimulator/ExpoUI/include -I/Users/karelbraborec/rev-meter/ios/Pods/Headers/Private -I/Users/karelbraborec/rev-meter/ios/Pods/Headers/Private/ExpoUI -I/Users/karelbraborec/rev-meter/ios/Pods/Headers/Public -I/Users/karelbraborec/rev-meter/ios/Pods/Headers/Public/FBLazyVector -I/Users/karelbraborec/rev-meter/ios/Pods/Headers/Public/RCTRequired -I/Users/karelbraborec/rev-meter/ios/Pods/Headers/Public/RCTSwiftUIWrapper -I/Users/karelbraborec/rev-meter/ios/Pods/Headers/Public/RCTTypeSafety -I/Users/karelbraborec/rev-meter/ios/Pods/Headers/Public/React-Core -I/Users/karelbraborec/rev-meter/ios/Pods/Headers/Public/React-Core-prebuilt -I/Users/karelbraborec/rev-meter/ios/Pods/Headers/Public/React-CoreModules -I/Users/karelbraborec/rev-meter/ios/Pods/Headers/Public/React-Fabric -I/Users/karelbraborec/rev-meter/ios/Pods/Headers/Public/React-FabricComponents -I/Users/karelbraborec/rev-meter/ios/Pods/Headers/Public/React-FabricImage -I/Users/karelbraborec/rev-meter/ios/Pods/Headers/Public/React-ImageManager -I/Users/karelbraborec/rev-meter/ios/Pods/Headers/Public/React-Mapbuffer -I/Users/karelbraborec/rev-meter/ios/Pods/Headers/Public/React-NativeModulesApple -I/Users/karelbraborec/rev-meter/ios/Pods/Headers/Public/React-RCTAnimation -I/Users/karelbraborec/rev-meter/ios/Pods/Headers/Public/React-RCTBlob -I/Users/karelbraborec/rev-meter/ios/Pods/Headers/Public/React-RCTFBReactNativeSpec -I/Users/karelbraborec/rev-meter/ios/Pods/Headers/Public/React-RCTFabric -I/Users/karelbraborec/rev-meter/ios/Pods/Headers/Public/React-RCTImage -I/Users/karelbraborec/rev-meter/ios/Pods/Headers/Public/React-RCTRuntime -I/Users/karelbraborec/rev-meter/ios/Pods/Headers/Public/React-RCTText -I/Users/karelbraborec/rev-meter/ios/Pods/Headers/Public/React-RuntimeApple -I/Users/karelbraborec/rev-meter/ios/Pods/Headers/Public/React-RuntimeCore -I/Users/karelbraborec/rev-meter/ios/Pods/Headers/Public/React-RuntimeHermes -I/Users/karelbraborec/rev-meter/ios/Pods/Headers/Public/React-callinvoker -I/Users/karelbraborec/rev-meter/ios/Pods/Headers/Public/React-cxxreact -I/Users/karelbraborec/rev-meter/ios/Pods/Headers/Public/React-debug -I/Users/karelbraborec/rev-meter/ios/Pods/Headers/Public/React-defaultsnativemodule -I/Users/karelbraborec/rev-meter/ios/Pods/Headers/Public/React-domnativemodule -I/Users/karelbraborec/rev-meter/ios/Pods/Headers/Public/React-featureflags -I/Users/karelbraborec/rev-meter/ios/Pods/Headers/Public/React-featureflagsnativemodule -I/Users/karelbraborec/rev-meter/ios/Pods/Headers/Public/React-graphics -I/Users/karelbraborec/rev-meter/ios/Pods/Headers/Public/React-hermes -I/Users/karelbraborec/rev-meter/ios/Pods/Headers/Public/React-idlecallbacksnativemodule -I/Users/karelbraborec/rev-meter/ios/Pods/Headers/Public/React-intersectionobservernativemodule -I/Users/karelbraborec/rev-meter/ios/Pods/Headers/Public/React-jserrorhandler -I/Users/karelbraborec/rev-meter/ios/Pods/Headers/Public/React-jsi -I/Users/karelbraborec/rev-meter/ios/Pods/Headers/Public/React-jsiexecutor -I/Users/karelbraborec/rev-meter/ios/Pods/Headers/Public/React-jsinspector -I/Users/karelbraborec/rev-meter/ios/Pods/Headers/Public/React-jsinspectorcdp -I/Users/karelbraborec/rev-meter/ios/Pods/Headers/Public/React-jsinspectornetwork -I/Users/karelbraborec/rev-meter/ios/Pods/Headers/Public/React-jsinspectortracing -I/Users/karelbraborec/rev-meter/ios/Pods/Headers/Public/React-jsitooling -I/Users/karelbraborec/rev-meter/ios/Pods/Headers/Public/React-logger -I/Users/karelbraborec/rev-meter/ios/Pods/Headers/Public/React-microtasksnativemodule -I/Users/karelbraborec/rev-meter/ios/Pods/Headers/Public/React-mutationobservernativemodule -I/Users/karelbraborec/rev-meter/ios/Pods/Headers/Public/React-networking -I/Users/karelbraborec/rev-meter/ios/Pods/Headers/Public/React-oscompat -I/Users/karelbraborec/rev-meter/ios/Pods/Headers/Public/React-perflogger -I/Users/karelbraborec/rev-meter/ios/Pods/Headers/Public/React-performancecdpmetrics -I/Users/karelbraborec/rev-meter/ios/Pods/Headers/Public/React-performancetimeline -I/Users/karelbraborec/rev-meter/ios/Pods/Headers/Public/React-rendererconsistency -I/Users/karelbraborec/rev-meter/ios/Pods/Headers/Public/React-renderercss -I/Users/karelbraborec/rev-meter/ios/Pods/Headers/Public/React-rendererdebug -I/Users/karelbraborec/rev-meter/ios/Pods/Headers/Public/React-runtimeexecutor -I/Users/karelbraborec/rev-meter/ios/Pods/Headers/Public/React-runtimescheduler -I/Users/karelbraborec/rev-meter/ios/Pods/Headers/Public/React-timing -I/Users/karelbraborec/rev-meter/ios/Pods/Headers/Public/React-utils -I/Users/karelbraborec/rev-meter/ios/Pods/Headers/Public/React-viewtransitionnativemodule -I/Users/karelbraborec/rev-meter/ios/Pods/Headers/Public/React-webperformancenativemodule -I/Users/karelbraborec/rev-meter/ios/Pods/Headers/Public/ReactCodegen -I/Users/karelbraborec/rev-meter/ios/Pods/Headers/Public/ReactCommon -I/Users/karelbraborec/rev-meter/ios/Pods/Headers/Public/ReactNativeDependencies -I/Users/karelbraborec/rev-meter/ios/Pods/Headers/Public/Yoga -I/Users/karelbraborec/rev-meter/ios/Pods/Headers/Public/hermes-engine -I/Users/karelbraborec/rev-meter/ios/Pods/ExpoModulesCore/ExpoModulesCore.xcframework/ios-arm64_x86_64-simulator/ExpoModulesCore.framework/Headers -I/Users/karelbraborec/rev-meter/ios/Pods/ExpoModulesCore/ExpoModulesCore.xcframework/ios-arm64/ExpoModulesCore.framework/Headers -I/Users/karelbraborec/rev-meter/ios/Pods/ExpoModulesCore/ExpoModulesCore.xcframework/ios-arm64_x86_64-simulator/ExpoModulesCore.framework/Headers -I/Users/karelbraborec/rev-meter/ios/Pods/ExpoModulesCore/ExpoModulesCore.xcframework/ios-arm64/ExpoModulesCore.framework/Headers -I/Users/karelbraborec/Library/Developer/Xcode/DerivedData/revmeter-hbcnswmlqmbpnlazhhkncgeowiss/Build/Intermediates.noindex/Pods.build/Debug-iphonesimulator/ExpoUI.build/DerivedSources-normal/arm64 -I/Users/karelbraborec/Library/Developer/Xcode/DerivedData/revmeter-hbcnswmlqmbpnlazhhkncgeowiss/Build/Intermediates.noindex/Pods.build/Debug-iphonesimulator/ExpoUI.build/DerivedSources/arm64 -I/Users/karelbraborec/Library/Developer/Xcode/DerivedData/revmeter-hbcnswmlqmbpnlazhhkncgeowiss/Build/Intermediates.noindex/Pods.build/Debug-iphonesimulator/ExpoUI.build/DerivedSources -F/Users/karelbraborec/Library/Developer/Xcode/DerivedData/revmeter-hbcnswmlqmbpnlazhhkncgeowiss/Build/Products/Debug-iphonesimulator/ExpoUI -F/Users/karelbraborec/rev-meter/node_modules/expo-modules-jsi/apple/Products -F/Users/karelbraborec/rev-meter/ios/Pods/ExpoModulesCore -F/Users/karelbraborec/rev-meter/ios/Pods/ExpoModulesWorklets -F/Users/karelbraborec/rev-meter/ios/Pods/React-Core-prebuilt -F/Users/karelbraborec/rev-meter/ios/Pods/ReactNativeDependencies/framework/packages/react-native -F/Users/karelbraborec/rev-meter/ios/Pods/hermes-engine/destroot/Library/Frameworks/universal -F/Users/karelbraborec/Library/Developer/Xcode/DerivedData/revmeter-hbcnswmlqmbpnlazhhkncgeowiss/Build/Products/Debug-iphonesimulator/XCFrameworkIntermediates/ExpoModulesCore -F/Users/karelbraborec/Library/Developer/Xcode/DerivedData/revmeter-hbcnswmlqmbpnlazhhkncgeowiss/Build/Products/Debug-iphonesimulator/XCFrameworkIntermediates/ExpoModulesJSI -F/Users/karelbraborec/Library/Developer/Xcode/DerivedData/revmeter-hbcnswmlqmbpnlazhhkncgeowiss/Build/Products/Debug-iphonesimulator/XCFrameworkIntermediates/ExpoModulesWorklets -F/Users/karelbraborec/Library/Developer/Xcode/DerivedData/revmeter-hbcnswmlqmbpnlazhhkncgeowiss/Build/Products/Debug-iphonesimulator/XCFrameworkIntermediates/React-Core-prebuilt -F/Users/karelbraborec/Library/Developer/Xcode/DerivedData/revmeter-hbcnswmlqmbpnlazhhkncgeowiss/Build/Products/Debug-iphonesimulator/XCFrameworkIntermediates/ReactNativeDependencies -F/Users/karelbraborec/Library/Developer/Xcode/DerivedData/revmeter-hbcnswmlqmbpnlazhhkncgeowiss/Build/Products/Debug-iphonesimulator/XCFrameworkIntermediates/hermes-engine/Pre-built '-DRCT_REMOVE_LEGACY_ARCH=1' '-fmodule-map-file=/Users/karelbraborec/rev-meter/ios/Pods/Headers/Public/ReactCodegen/ReactCodegen.modulemap'

WriteAuxiliaryFile /Users/karelbraborec/Library/Developer/Xcode/DerivedData/revmeter-hbcnswmlqmbpnlazhhkncgeowiss/Build/Intermediates.noindex/Pods.build/Debug-iphonesimulator/ExpoUI.build/Objects-normal/arm64/af3fcb34312c57c0f52879cdce924b91-common-args.resp (in target 'ExpoUI' from project 'Pods')
    cd /Users/karelbraborec/rev-meter/ios/Pods
    write-file /Users/karelbraborec/Library/Developer/Xcode/DerivedData/revmeter-hbcnswmlqmbpnlazhhkncgeowiss/Build/Intermediates.noindex/Pods.build/Debug-iphonesimulator/ExpoUI.build/Objects-normal/arm64/af3fcb34312c57c0f52879cdce924b91-common-args.resp
'-std=c++20' '-stdlib=libc++' -fobjc-arc -fmodules -fno-cxx-modules '-fmodules-cache-path=/Users/karelbraborec/Library/Developer/Xcode/DerivedData/ModuleCache.noindex' '-fmodule-name=ExpoUI' '-D_LIBCPP_HARDENING_MODE=_LIBCPP_HARDENING_MODE_DEBUG' -fpascal-strings -O0 -fno-common '-DPOD_CONFIGURATION_DEBUG=1' '-DDEBUG=1' '-DCOCOAPODS=1' '-DOBJC_OLD_DISPATCH_PROTOTYPES=0' -g '-fobjc-abi-version=2' -fobjc-legacy-dispatch -iquote /Users/karelbraborec/Library/Developer/Xcode/DerivedData/revmeter-hbcnswmlqmbpnlazhhkncgeowiss/Build/Intermediates.noindex/Pods.build/Debug-iphonesimulator/ExpoUI.build/ExpoUI-generated-files.hmap -I/Users/karelbraborec/Library/Developer/Xcode/DerivedData/revmeter-hbcnswmlqmbpnlazhhkncgeowiss/Build/Intermediates.noindex/Pods.build/Debug-iphonesimulator/ExpoUI.build/ExpoUI-own-target-headers.hmap -I/Users/karelbraborec/Library/Developer/Xcode/DerivedData/revmeter-hbcnswmlqmbpnlazhhkncgeowiss/Build/Intermediates.noindex/Pods.build/Debug-iphonesimulator/ExpoUI.build/ExpoUI-all-non-framework-target-headers.hmap -ivfsoverlay /Users/karelbraborec/Library/Developer/Xcode/DerivedData/revmeter-hbcnswmlqmbpnlazhhkncgeowiss/Build/Intermediates.noindex/Pods.build/Debug-iphonesimulator/Pods-8699adb1dd336b26511df848a716bd42-VFS-iphonesimulator/all-product-headers.yaml -iquote /Users/karelbraborec/Library/Developer/Xcode/DerivedData/revmeter-hbcnswmlqmbpnlazhhkncgeowiss/Build/Intermediates.noindex/Pods.build/Debug-iphonesimulator/ExpoUI.build/ExpoUI-project-headers.hmap -I/Users/karelbraborec/Library/Developer/Xcode/DerivedData/revmeter-hbcnswmlqmbpnlazhhkncgeowiss/Build/Products/Debug-iphonesimulator/ExpoUI/include -I/Users/karelbraborec/rev-meter/ios/Pods/Headers/Private -I/Users/karelbraborec/rev-meter/ios/Pods/Headers/Private/ExpoUI -I/Users/karelbraborec/rev-meter/ios/Pods/Headers/Public -I/Users/karelbraborec/rev-meter/ios/Pods/Headers/Public/FBLazyVector -I/Users/karelbraborec/rev-meter/ios/Pods/Headers/Public/RCTRequired -I/Users/karelbraborec/rev-meter/ios/Pods/Headers/Public/RCTSwiftUIWrapper -I/Users/karelbraborec/rev-meter/ios/Pods/Headers/Public/RCTTypeSafety -I/Users/karelbraborec/rev-meter/ios/Pods/Headers/Public/React-Core -I/Users/karelbraborec/rev-meter/ios/Pods/Headers/Public/React-Core-prebuilt -I/Users/karelbraborec/rev-meter/ios/Pods/Headers/Public/React-CoreModules -I/Users/karelbraborec/rev-meter/ios/Pods/Headers/Public/React-Fabric -I/Users/karelbraborec/rev-meter/ios/Pods/Headers/Public/React-FabricComponents -I/Users/karelbraborec/rev-meter/ios/Pods/Headers/Public/React-FabricImage -I/Users/karelbraborec/rev-meter/ios/Pods/Headers/Public/React-ImageManager -I/Users/karelbraborec/rev-meter/ios/Pods/Headers/Public/React-Mapbuffer -I/Users/karelbraborec/rev-meter/ios/Pods/Headers/Public/React-NativeModulesApple -I/Users/karelbraborec/rev-meter/ios/Pods/Headers/Public/React-RCTAnimation -I/Users/karelbraborec/rev-meter/ios/Pods/Headers/Public/React-RCTBlob -I/Users/karelbraborec/rev-meter/ios/Pods/Headers/Public/React-RCTFBReactNativeSpec -I/Users/karelbraborec/rev-meter/ios/Pods/Headers/Public/React-RCTFabric -I/Users/karelbraborec/rev-meter/ios/Pods/Headers/Public/React-RCTImage -I/Users/karelbraborec/rev-meter/ios/Pods/Headers/Public/React-RCTRuntime -I/Users/karelbraborec/rev-meter/ios/Pods/Headers/Public/React-RCTText -I/Users/karelbraborec/rev-meter/ios/Pods/Headers/Public/React-RuntimeApple -I/Users/karelbraborec/rev-meter/ios/Pods/Headers/Public/React-RuntimeCore -I/Users/karelbraborec/rev-meter/ios/Pods/Headers/Public/React-RuntimeHermes -I/Users/karelbraborec/rev-meter/ios/Pods/Headers/Public/React-callinvoker -I/Users/karelbraborec/rev-meter/ios/Pods/Headers/Public/React-cxxreact -I/Users/karelbraborec/rev-meter/ios/Pods/Headers/Public/React-debug -I/Users/karelbraborec/rev-meter/ios/Pods/Headers/Public/React-defaultsnativemodule -I/Users/karelbraborec/rev-meter/ios/Pods/Headers/Public/React-domnativemodule -I/Users/karelbraborec/rev-meter/ios/Pods/Headers/Public/React-featureflags -I/Users/karelbraborec/rev-meter/ios/Pods/Headers/Public/React-featureflagsnativemodule -I/Users/karelbraborec/rev-meter/ios/Pods/Headers/Public/React-graphics -I/Users/karelbraborec/rev-meter/ios/Pods/Headers/Public/React-hermes -I/Users/karelbraborec/rev-meter/ios/Pods/Headers/Public/React-idlecallbacksnativemodule -I/Users/karelbraborec/rev-meter/ios/Pods/Headers/Public/React-intersectionobservernativemodule -I/Users/karelbraborec/rev-meter/ios/Pods/Headers/Public/React-jserrorhandler -I/Users/karelbraborec/rev-meter/ios/Pods/Headers/Public/React-jsi -I/Users/karelbraborec/rev-meter/ios/Pods/Headers/Public/React-jsiexecutor -I/Users/karelbraborec/rev-meter/ios/Pods/Headers/Public/React-jsinspector -I/Users/karelbraborec/rev-meter/ios/Pods/Headers/Public/React-jsinspectorcdp -I/Users/karelbraborec/rev-meter/ios/Pods/Headers/Public/React-jsinspectornetwork -I/Users/karelbraborec/rev-meter/ios/Pods/Headers/Public/React-jsinspectortracing -I/Users/karelbraborec/rev-meter/ios/Pods/Headers/Public/React-jsitooling -I/Users/karelbraborec/rev-meter/ios/Pods/Headers/Public/React-logger -I/Users/karelbraborec/rev-meter/ios/Pods/Headers/Public/React-microtasksnativemodule -I/Users/karelbraborec/rev-meter/ios/Pods/Headers/Public/React-mutationobservernativemodule -I/Users/karelbraborec/rev-meter/ios/Pods/Headers/Public/React-networking -I/Users/karelbraborec/rev-meter/ios/Pods/Headers/Public/React-oscompat -I/Users/karelbraborec/rev-meter/ios/Pods/Headers/Public/React-perflogger -I/Users/karelbraborec/rev-meter/ios/Pods/Headers/Public/React-performancecdpmetrics -I/Users/karelbraborec/rev-meter/ios/Pods/Headers/Public/React-performancetimeline -I/Users/karelbraborec/rev-meter/ios/Pods/Headers/Public/React-rendererconsistency -I/Users/karelbraborec/rev-meter/ios/Pods/Headers/Public/React-renderercss -I/Users/karelbraborec/rev-meter/ios/Pods/Headers/Public/React-rendererdebug -I/Users/karelbraborec/rev-meter/ios/Pods/Headers/Public/React-runtimeexecutor -I/Users/karelbraborec/rev-meter/ios/Pods/Headers/Public/React-runtimescheduler -I/Users/karelbraborec/rev-meter/ios/Pods/Headers/Public/React-timing -I/Users/karelbraborec/rev-meter/ios/Pods/Headers/Public/React-utils -I/Users/karelbraborec/rev-meter/ios/Pods/Headers/Public/React-viewtransitionnativemodule -I/Users/karelbraborec/rev-meter/ios/Pods/Headers/Public/React-webperformancenativemodule -I/Users/karelbraborec/rev-meter/ios/Pods/Headers/Public/ReactCodegen -I/Users/karelbraborec/rev-meter/ios/Pods/Headers/Public/ReactCommon -I/Users/karelbraborec/rev-meter/ios/Pods/Headers/Public/ReactNativeDependencies -I/Users/karelbraborec/rev-meter/ios/Pods/Headers/Public/Yoga -I/Users/karelbraborec/rev-meter/ios/Pods/Headers/Public/hermes-engine -I/Users/karelbraborec/rev-meter/ios/Pods/ExpoModulesCore/ExpoModulesCore.xcframework/ios-arm64_x86_64-simulator/ExpoModulesCore.framework/Headers -I/Users/karelbraborec/rev-meter/ios/Pods/ExpoModulesCore/ExpoModulesCore.xcframework/ios-arm64/ExpoModulesCore.framework/Headers -I/Users/karelbraborec/rev-meter/ios/Pods/ExpoModulesCore/ExpoModulesCore.xcframework/ios-arm64_x86_64-simulator/ExpoModulesCore.framework/Headers -I/Users/karelbraborec/rev-meter/ios/Pods/ExpoModulesCore/ExpoModulesCore.xcframework/ios-arm64/ExpoModulesCore.framework/Headers -I/Users/karelbraborec/Library/Developer/Xcode/DerivedData/revmeter-hbcnswmlqmbpnlazhhkncgeowiss/Build/Intermediates.noindex/Pods.build/Debug-iphonesimulator/ExpoUI.build/DerivedSources-normal/arm64 -I/Users/karelbraborec/Library/Developer/Xcode/DerivedData/revmeter-hbcnswmlqmbpnlazhhkncgeowiss/Build/Intermediates.noindex/Pods.build/Debug-iphonesimulator/ExpoUI.build/DerivedSources/arm64 -I/Users/karelbraborec/Library/Developer/Xcode/DerivedData/revmeter-hbcnswmlqmbpnlazhhkncgeowiss/Build/Intermediates.noindex/Pods.build/Debug-iphonesimulator/ExpoUI.build/DerivedSources -F/Users/karelbraborec/Library/Developer/Xcode/DerivedData/revmeter-hbcnswmlqmbpnlazhhkncgeowiss/Build/Products/Debug-iphonesimulator/ExpoUI -F/Users/karelbraborec/rev-meter/node_modules/expo-modules-jsi/apple/Products -F/Users/karelbraborec/rev-meter/ios/Pods/ExpoModulesCore -F/Users/karelbraborec/rev-meter/ios/Pods/ExpoModulesWorklets -F/Users/karelbraborec/rev-meter/ios/Pods/React-Core-prebuilt -F/Users/karelbraborec/rev-meter/ios/Pods/ReactNativeDependencies/framework/packages/react-native -F/Users/karelbraborec/rev-meter/ios/Pods/hermes-engine/destroot/Library/Frameworks/universal -F/Users/karelbraborec/Library/Developer/Xcode/DerivedData/revmeter-hbcnswmlqmbpnlazhhkncgeowiss/Build/Products/Debug-iphonesimulator/XCFrameworkIntermediates/ExpoModulesCore -F/Users/karelbraborec/Library/Developer/Xcode/DerivedData/revmeter-hbcnswmlqmbpnlazhhkncgeowiss/Build/Products/Debug-iphonesimulator/XCFrameworkIntermediates/ExpoModulesJSI -F/Users/karelbraborec/Library/Developer/Xcode/DerivedData/revmeter-hbcnswmlqmbpnlazhhkncgeowiss/Build/Products/Debug-iphonesimulator/XCFrameworkIntermediates/ExpoModulesWorklets -F/Users/karelbraborec/Library/Developer/Xcode/DerivedData/revmeter-hbcnswmlqmbpnlazhhkncgeowiss/Build/Products/Debug-iphonesimulator/XCFrameworkIntermediates/React-Core-prebuilt -F/Users/karelbraborec/Library/Developer/Xcode/DerivedData/revmeter-hbcnswmlqmbpnlazhhkncgeowiss/Build/Products/Debug-iphonesimulator/XCFrameworkIntermediates/ReactNativeDependencies -F/Users/karelbraborec/Library/Developer/Xcode/DerivedData/revmeter-hbcnswmlqmbpnlazhhkncgeowiss/Build/Products/Debug-iphonesimulator/XCFrameworkIntermediates/hermes-engine/Pre-built '-DRCT_REMOVE_LEGACY_ARCH=1' '-fmodule-map-file=/Users/karelbraborec/rev-meter/ios/Pods/Headers/Public/ReactCodegen/ReactCodegen.modulemap' '-DRCT_REMOVE_LEGACY_ARCH=1'

WriteAuxiliaryFile /Users/karelbraborec/Library/Developer/Xcode/DerivedData/revmeter-hbcnswmlqmbpnlazhhkncgeowiss/Build/Intermediates.noindex/Pods.build/Debug-iphonesimulator/ExpoUI.build/Objects-normal/arm64/ExpoUI_const_extract_protocols.json (in target 'ExpoUI' from project 'Pods')
    cd /Users/karelbraborec/rev-meter/ios/Pods
    write-file /Users/karelbraborec/Library/Developer/Xcode/DerivedData/revmeter-hbcnswmlqmbpnlazhhkncgeowiss/Build/Intermediates.noindex/Pods.build/Debug-iphonesimulator/ExpoUI.build/Objects-normal/arm64/ExpoUI_const_extract_protocols.json

WriteAuxiliaryFile /Users/karelbraborec/Library/Developer/Xcode/DerivedData/revmeter-hbcnswmlqmbpnlazhhkncgeowiss/Build/Intermediates.noindex/Pods.build/Debug-iphonesimulator/ExpoUI.build/Objects-normal/arm64/ExpoUI.SwiftFileList (in target 'ExpoUI' from project 'Pods')
    cd /Users/karelbraborec/rev-meter/ios/Pods
    write-file /Users/karelbraborec/Library/Developer/Xcode/DerivedData/revmeter-hbcnswmlqmbpnlazhhkncgeowiss/Build/Intermediates.noindex/Pods.build/Debug-iphonesimulator/ExpoUI.build/Objects-normal/arm64/ExpoUI.SwiftFileList

WriteAuxiliaryFile /Users/karelbraborec/Library/Developer/Xcode/DerivedData/revmeter-hbcnswmlqmbpnlazhhkncgeowiss/Build/Intermediates.noindex/Pods.build/Debug-iphonesimulator/ExpoUI.build/Objects-normal/arm64/ExpoUI.SwiftConstValuesFileList (in target 'ExpoUI' from project 'Pods')
    cd /Users/karelbraborec/rev-meter/ios/Pods
    write-file /Users/karelbraborec/Library/Developer/Xcode/DerivedData/revmeter-hbcnswmlqmbpnlazhhkncgeowiss/Build/Intermediates.noindex/Pods.build/Debug-iphonesimulator/ExpoUI.build/Objects-normal/arm64/ExpoUI.SwiftConstValuesFileList

WriteAuxiliaryFile /Users/karelbraborec/Library/Developer/Xcode/DerivedData/revmeter-hbcnswmlqmbpnlazhhkncgeowiss/Build/Intermediates.noindex/Pods.build/Debug-iphonesimulator/ExpoUI.build/Objects-normal/arm64/ExpoUI.LinkFileList (in target 'ExpoUI' from project 'Pods')
    cd /Users/karelbraborec/rev-meter/ios/Pods
    write-file /Users/karelbraborec/Library/Developer/Xcode/DerivedData/revmeter-hbcnswmlqmbpnlazhhkncgeowiss/Build/Intermediates.noindex/Pods.build/Debug-iphonesimulator/ExpoUI.build/Objects-normal/arm64/ExpoUI.LinkFileList

WriteAuxiliaryFile /Users/karelbraborec/Library/Developer/Xcode/DerivedData/revmeter-hbcnswmlqmbpnlazhhkncgeowiss/Build/Intermediates.noindex/Pods.build/Debug-iphonesimulator/ExpoUI.build/Objects-normal/arm64/ExpoUI-OutputFileMap.json (in target 'ExpoUI' from project 'Pods')
    cd /Users/karelbraborec/rev-meter/ios/Pods
    write-file /Users/karelbraborec/Library/Developer/Xcode/DerivedData/revmeter-hbcnswmlqmbpnlazhhkncgeowiss/Build/Intermediates.noindex/Pods.build/Debug-iphonesimulator/ExpoUI.build/Objects-normal/arm64/ExpoUI-OutputFileMap.json

WriteAuxiliaryFile /Users/karelbraborec/Library/Developer/Xcode/DerivedData/revmeter-hbcnswmlqmbpnlazhhkncgeowiss/Build/Intermediates.noindex/Pods.build/Debug-iphonesimulator/ExpoUI.build/ExpoUI.hmap (in target 'ExpoUI' from project 'Pods')
    cd /Users/karelbraborec/rev-meter/ios/Pods
    write-file /Users/karelbraborec/Library/Developer/Xcode/DerivedData/revmeter-hbcnswmlqmbpnlazhhkncgeowiss/Build/Intermediates.noindex/Pods.build/Debug-iphonesimulator/ExpoUI.build/ExpoUI.hmap

WriteAuxiliaryFile /Users/karelbraborec/Library/Developer/Xcode/DerivedData/revmeter-hbcnswmlqmbpnlazhhkncgeowiss/Build/Intermediates.noindex/Pods.build/Debug-iphonesimulator/ExpoUI.build/ExpoUI.DependencyStaticMetadataFileList (in target 'ExpoUI' from project 'Pods')
    cd /Users/karelbraborec/rev-meter/ios/Pods
    write-file /Users/karelbraborec/Library/Developer/Xcode/DerivedData/revmeter-hbcnswmlqmbpnlazhhkncgeowiss/Build/Intermediates.noindex/Pods.build/Debug-iphonesimulator/ExpoUI.build/ExpoUI.DependencyStaticMetadataFileList

WriteAuxiliaryFile /Users/karelbraborec/Library/Developer/Xcode/DerivedData/revmeter-hbcnswmlqmbpnlazhhkncgeowiss/Build/Intermediates.noindex/Pods.build/Debug-iphonesimulator/ExpoUI.build/ExpoUI.DependencyMetadataFileList (in target 'ExpoUI' from project 'Pods')
    cd /Users/karelbraborec/rev-meter/ios/Pods
    write-file /Users/karelbraborec/Library/Developer/Xcode/DerivedData/revmeter-hbcnswmlqmbpnlazhhkncgeowiss/Build/Intermediates.noindex/Pods.build/Debug-iphonesimulator/ExpoUI.build/ExpoUI.DependencyMetadataFileList

WriteAuxiliaryFile /Users/karelbraborec/Library/Developer/Xcode/DerivedData/revmeter-hbcnswmlqmbpnlazhhkncgeowiss/Build/Intermediates.noindex/Pods.build/Debug-iphonesimulator/ExpoUI.build/ExpoUI-project-headers.hmap (in target 'ExpoUI' from project 'Pods')
    cd /Users/karelbraborec/rev-meter/ios/Pods
    write-file /Users/karelbraborec/Library/Developer/Xcode/DerivedData/revmeter-hbcnswmlqmbpnlazhhkncgeowiss/Build/Intermediates.noindex/Pods.build/Debug-iphonesimulator/ExpoUI.build/ExpoUI-project-headers.hmap

WriteAuxiliaryFile /Users/karelbraborec/Library/Developer/Xcode/DerivedData/revmeter-hbcnswmlqmbpnlazhhkncgeowiss/Build/Intermediates.noindex/Pods.build/Debug-iphonesimulator/ExpoUI.build/ExpoUI-own-target-headers.hmap (in target 'ExpoUI' from project 'Pods')
    cd /Users/karelbraborec/rev-meter/ios/Pods
    write-file /Users/karelbraborec/Library/Developer/Xcode/DerivedData/revmeter-hbcnswmlqmbpnlazhhkncgeowiss/Build/Intermediates.noindex/Pods.build/Debug-iphonesimulator/ExpoUI.build/ExpoUI-own-target-headers.hmap

WriteAuxiliaryFile /Users/karelbraborec/Library/Developer/Xcode/DerivedData/revmeter-hbcnswmlqmbpnlazhhkncgeowiss/Build/Intermediates.noindex/Pods.build/Debug-iphonesimulator/ExpoUI.build/ExpoUI-generated-files.hmap (in target 'ExpoUI' from project 'Pods')
    cd /Users/karelbraborec/rev-meter/ios/Pods
    write-file /Users/karelbraborec/Library/Developer/Xcode/DerivedData/revmeter-hbcnswmlqmbpnlazhhkncgeowiss/Build/Intermediates.noindex/Pods.build/Debug-iphonesimulator/ExpoUI.build/ExpoUI-generated-files.hmap

WriteAuxiliaryFile /Users/karelbraborec/Library/Developer/Xcode/DerivedData/revmeter-hbcnswmlqmbpnlazhhkncgeowiss/Build/Intermediates.noindex/Pods.build/Debug-iphonesimulator/ExpoUI.build/ExpoUI-all-target-headers.hmap (in target 'ExpoUI' from project 'Pods')
    cd /Users/karelbraborec/rev-meter/ios/Pods
    write-file /Users/karelbraborec/Library/Developer/Xcode/DerivedData/revmeter-hbcnswmlqmbpnlazhhkncgeowiss/Build/Intermediates.noindex/Pods.build/Debug-iphonesimulator/ExpoUI.build/ExpoUI-all-target-headers.hmap

WriteAuxiliaryFile /Users/karelbraborec/Library/Developer/Xcode/DerivedData/revmeter-hbcnswmlqmbpnlazhhkncgeowiss/Build/Intermediates.noindex/Pods.build/Debug-iphonesimulator/ExpoUI.build/ExpoUI-all-non-framework-target-headers.hmap (in target 'ExpoUI' from project 'Pods')
    cd /Users/karelbraborec/rev-meter/ios/Pods
    write-file /Users/karelbraborec/Library/Developer/Xcode/DerivedData/revmeter-hbcnswmlqmbpnlazhhkncgeowiss/Build/Intermediates.noindex/Pods.build/Debug-iphonesimulator/ExpoUI.build/ExpoUI-all-non-framework-target-headers.hmap

WriteAuxiliaryFile /Users/karelbraborec/Library/Developer/Xcode/DerivedData/revmeter-hbcnswmlqmbpnlazhhkncgeowiss/Build/Intermediates.noindex/Pods.build/Debug-iphonesimulator/ExpoSystemUI-ExpoSystemUI_privacy.build/ExpoSystemUI_privacy.hmap (in target 'ExpoSystemUI-ExpoSystemUI_privacy' from project 'Pods')
    cd /Users/karelbraborec/rev-meter/ios/Pods
    write-file /Users/karelbraborec/Library/Developer/Xcode/DerivedData/revmeter-hbcnswmlqmbpnlazhhkncgeowiss/Build/Intermediates.noindex/Pods.build/Debug-iphonesimulator/ExpoSystemUI-ExpoSystemUI_privacy.build/ExpoSystemUI_privacy.hmap

WriteAuxiliaryFile /Users/karelbraborec/Library/Developer/Xcode/DerivedData/revmeter-hbcnswmlqmbpnlazhhkncgeowiss/Build/Intermediates.noindex/Pods.build/Debug-iphonesimulator/ExpoSystemUI-ExpoSystemUI_privacy.build/ExpoSystemUI_privacy.DependencyStaticMetadataFileList (in target 'ExpoSystemUI-ExpoSystemUI_privacy' from project 'Pods')
    cd /Users/karelbraborec/rev-meter/ios/Pods
    write-file /Users/karelbraborec/Library/Developer/Xcode/DerivedData/revmeter-hbcnswmlqmbpnlazhhkncgeowiss/Build/Intermediates.noindex/Pods.build/Debug-iphonesimulator/ExpoSystemUI-ExpoSystemUI_privacy.build/ExpoSystemUI_privacy.DependencyStaticMetadataFileList

WriteAuxiliaryFile /Users/karelbraborec/Library/Developer/Xcode/DerivedData/revmeter-hbcnswmlqmbpnlazhhkncgeowiss/Build/Intermediates.noindex/Pods.build/Debug-iphonesimulator/ExpoSystemUI-ExpoSystemUI_privacy.build/ExpoSystemUI_privacy.DependencyMetadataFileList (in target 'ExpoSystemUI-ExpoSystemUI_privacy' from project 'Pods')
    cd /Users/karelbraborec/rev-meter/ios/Pods
    write-file /Users/karelbraborec/Library/Developer/Xcode/DerivedData/revmeter-hbcnswmlqmbpnlazhhkncgeowiss/Build/Intermediates.noindex/Pods.build/Debug-iphonesimulator/ExpoSystemUI-ExpoSystemUI_privacy.build/ExpoSystemUI_privacy.DependencyMetadataFileList

WriteAuxiliaryFile /Users/karelbraborec/Library/Developer/Xcode/DerivedData/revmeter-hbcnswmlqmbpnlazhhkncgeowiss/Build/Intermediates.noindex/Pods.build/Debug-iphonesimulator/ExpoSystemUI-ExpoSystemUI_privacy.build/ExpoSystemUI_privacy-project-headers.hmap (in target 'ExpoSystemUI-ExpoSystemUI_privacy' from project 'Pods')
    cd /Users/karelbraborec/rev-meter/ios/Pods
    write-file /Users/karelbraborec/Library/Developer/Xcode/DerivedData/revmeter-hbcnswmlqmbpnlazhhkncgeowiss/Build/Intermediates.noindex/Pods.build/Debug-iphonesimulator/ExpoSystemUI-ExpoSystemUI_privacy.build/ExpoSystemUI_privacy-project-headers.hmap

WriteAuxiliaryFile /Users/karelbraborec/Library/Developer/Xcode/DerivedData/revmeter-hbcnswmlqmbpnlazhhkncgeowiss/Build/Intermediates.noindex/Pods.build/Debug-iphonesimulator/ExpoSystemUI-ExpoSystemUI_privacy.build/ExpoSystemUI_privacy-own-target-headers.hmap (in target 'ExpoSystemUI-ExpoSystemUI_privacy' from project 'Pods')
    cd /Users/karelbraborec/rev-meter/ios/Pods
    write-file /Users/karelbraborec/Library/Developer/Xcode/DerivedData/revmeter-hbcnswmlqmbpnlazhhkncgeowiss/Build/Intermediates.noindex/Pods.build/Debug-iphonesimulator/ExpoSystemUI-ExpoSystemUI_privacy.build/ExpoSystemUI_privacy-own-target-headers.hmap

WriteAuxiliaryFile /Users/karelbraborec/Library/Developer/Xcode/DerivedData/revmeter-hbcnswmlqmbpnlazhhkncgeowiss/Build/Intermediates.noindex/Pods.build/Debug-iphonesimulator/ExpoSystemUI-ExpoSystemUI_privacy.build/ExpoSystemUI_privacy-generated-files.hmap (in target 'ExpoSystemUI-ExpoSystemUI_privacy' from project 'Pods')
    cd /Users/karelbraborec/rev-meter/ios/Pods
    write-file /Users/karelbraborec/Library/Developer/Xcode/DerivedData/revmeter-hbcnswmlqmbpnlazhhkncgeowiss/Build/Intermediates.noindex/Pods.build/Debug-iphonesimulator/ExpoSystemUI-ExpoSystemUI_privacy.build/ExpoSystemUI_privacy-generated-files.hmap

WriteAuxiliaryFile /Users/karelbraborec/Library/Developer/Xcode/DerivedData/revmeter-hbcnswmlqmbpnlazhhkncgeowiss/Build/Intermediates.noindex/Pods.build/Debug-iphonesimulator/ExpoSystemUI-ExpoSystemUI_privacy.build/ExpoSystemUI_privacy-all-target-headers.hmap (in target 'ExpoSystemUI-ExpoSystemUI_privacy' from project 'Pods')
    cd /Users/karelbraborec/rev-meter/ios/Pods
    write-file /Users/karelbraborec/Library/Developer/Xcode/DerivedData/revmeter-hbcnswmlqmbpnlazhhkncgeowiss/Build/Intermediates.noindex/Pods.build/Debug-iphonesimulator/ExpoSystemUI-ExpoSystemUI_privacy.build/ExpoSystemUI_privacy-all-target-headers.hmap

WriteAuxiliaryFile /Users/karelbraborec/Library/Developer/Xcode/DerivedData/revmeter-hbcnswmlqmbpnlazhhkncgeowiss/Build/Intermediates.noindex/Pods.build/Debug-iphonesimulator/ExpoSystemUI-ExpoSystemUI_privacy.build/ExpoSystemUI_privacy-all-non-framework-target-headers.hmap (in target 'ExpoSystemUI-ExpoSystemUI_privacy' from project 'Pods')
    cd /Users/karelbraborec/rev-meter/ios/Pods
    write-file /Users/karelbraborec/Library/Developer/Xcode/DerivedData/revmeter-hbcnswmlqmbpnlazhhkncgeowiss/Build/Intermediates.noindex/Pods.build/Debug-iphonesimulator/ExpoSystemUI-ExpoSystemUI_privacy.build/ExpoSystemUI_privacy-all-non-framework-target-headers.hmap

WriteAuxiliaryFile /Users/karelbraborec/Library/Developer/Xcode/DerivedData/revmeter-hbcnswmlqmbpnlazhhkncgeowiss/Build/Intermediates.noindex/Pods.build/Debug-iphonesimulator/ExpoSystemUI.build/Script-46EB2E00018590.sh (in target 'ExpoSystemUI' from project 'Pods')
    cd /Users/karelbraborec/rev-meter/ios/Pods
    write-file /Users/karelbraborec/Library/Developer/Xcode/DerivedData/revmeter-hbcnswmlqmbpnlazhhkncgeowiss/Build/Intermediates.noindex/Pods.build/Debug-iphonesimulator/ExpoSystemUI.build/Script-46EB2E00018590.sh

WriteAuxiliaryFile /Users/karelbraborec/Library/Developer/Xcode/DerivedData/revmeter-hbcnswmlqmbpnlazhhkncgeowiss/Build/Intermediates.noindex/Pods.build/Debug-iphonesimulator/ExpoSystemUI.build/Objects-normal/x86_64/e6072d4f65d7061329687fe24e3d63a7-common-args.resp (in target 'ExpoSystemUI' from project 'Pods')
    cd /Users/karelbraborec/rev-meter/ios/Pods
    write-file /Users/karelbraborec/Library/Developer/Xcode/DerivedData/revmeter-hbcnswmlqmbpnlazhhkncgeowiss/Build/Intermediates.noindex/Pods.build/Debug-iphonesimulator/ExpoSystemUI.build/Objects-normal/x86_64/e6072d4f65d7061329687fe24e3d63a7-common-args.resp
'-std=gnu11' -fobjc-arc -fmodules '-fmodules-cache-path=/Users/karelbraborec/Library/Developer/Xcode/DerivedData/ModuleCache.noindex' '-fmodule-name=ExpoSystemUI' -fpascal-strings -O0 -fno-common '-DPOD_CONFIGURATION_DEBUG=1' '-DDEBUG=1' '-DCOCOAPODS=1' '-DOBJC_OLD_DISPATCH_PROTOTYPES=0' -fasm-blocks -g '-fobjc-abi-version=2' -fobjc-legacy-dispatch -iquote /Users/karelbraborec/Library/Developer/Xcode/DerivedData/revmeter-hbcnswmlqmbpnlazhhkncgeowiss/Build/Intermediates.noindex/Pods.build/Debug-iphonesimulator/ExpoSystemUI.build/ExpoSystemUI-generated-files.hmap -I/Users/karelbraborec/Library/Developer/Xcode/DerivedData/revmeter-hbcnswmlqmbpnlazhhkncgeowiss/Build/Intermediates.noindex/Pods.build/Debug-iphonesimulator/ExpoSystemUI.build/ExpoSystemUI-own-target-headers.hmap -I/Users/karelbraborec/Library/Developer/Xcode/DerivedData/revmeter-hbcnswmlqmbpnlazhhkncgeowiss/Build/Intermediates.noindex/Pods.build/Debug-iphonesimulator/ExpoSystemUI.build/ExpoSystemUI-all-non-framework-target-headers.hmap -ivfsoverlay /Users/karelbraborec/Library/Developer/Xcode/DerivedData/revmeter-hbcnswmlqmbpnlazhhkncgeowiss/Build/Intermediates.noindex/Pods.build/Debug-iphonesimulator/Pods-8699adb1dd336b26511df848a716bd42-VFS-iphonesimulator/all-product-headers.yaml -iquote /Users/karelbraborec/Library/Developer/Xcode/DerivedData/revmeter-hbcnswmlqmbpnlazhhkncgeowiss/Build/Intermediates.noindex/Pods.build/Debug-iphonesimulator/ExpoSystemUI.build/ExpoSystemUI-project-headers.hmap -I/Users/karelbraborec/Library/Developer/Xcode/DerivedData/revmeter-hbcnswmlqmbpnlazhhkncgeowiss/Build/Products/Debug-iphonesimulator/ExpoSystemUI/include -I/Users/karelbraborec/rev-meter/ios/Pods/Headers/Public -I/Users/karelbraborec/rev-meter/ios/Pods/Headers/Public/FBLazyVector -I/Users/karelbraborec/rev-meter/ios/Pods/Headers/Public/RCTRequired -I/Users/karelbraborec/rev-meter/ios/Pods/Headers/Public/RCTSwiftUIWrapper -I/Users/karelbraborec/rev-meter/ios/Pods/Headers/Public/RCTTypeSafety -I/Users/karelbraborec/rev-meter/ios/Pods/Headers/Public/React-Core -I/Users/karelbraborec/rev-meter/ios/Pods/Headers/Public/React-Core-prebuilt -I/Users/karelbraborec/rev-meter/ios/Pods/Headers/Public/React-CoreModules -I/Users/karelbraborec/rev-meter/ios/Pods/Headers/Public/React-Fabric -I/Users/karelbraborec/rev-meter/ios/Pods/Headers/Public/React-FabricComponents -I/Users/karelbraborec/rev-meter/ios/Pods/Headers/Public/React-FabricImage -I/Users/karelbraborec/rev-meter/ios/Pods/Headers/Public/React-ImageManager -I/Users/karelbraborec/rev-meter/ios/Pods/Headers/Public/React-Mapbuffer -I/Users/karelbraborec/rev-meter/ios/Pods/Headers/Public/React-NativeModulesApple -I/Users/karelbraborec/rev-meter/ios/Pods/Headers/Public/React-RCTAnimation -I/Users/karelbraborec/rev-meter/ios/Pods/Headers/Public/React-RCTBlob -I/Users/karelbraborec/rev-meter/ios/Pods/Headers/Public/React-RCTFBReactNativeSpec -I/Users/karelbraborec/rev-meter/ios/Pods/Headers/Public/React-RCTFabric -I/Users/karelbraborec/rev-meter/ios/Pods/Headers/Public/React-RCTImage -I/Users/karelbraborec/rev-meter/ios/Pods/Headers/Public/React-RCTRuntime -I/Users/karelbraborec/rev-meter/ios/Pods/Headers/Public/React-RCTText -I/Users/karelbraborec/rev-meter/ios/Pods/Headers/Public/React-RuntimeApple -I/Users/karelbraborec/rev-meter/ios/Pods/Headers/Public/React-RuntimeCore -I/Users/karelbraborec/rev-meter/ios/Pods/Headers/Public/React-RuntimeHermes -I/Users/karelbraborec/rev-meter/ios/Pods/Headers/Public/React-callinvoker -I/Users/karelbraborec/rev-meter/ios/Pods/Headers/Public/React-cxxreact -I/Users/karelbraborec/rev-meter/ios/Pods/Headers/Public/React-debug -I/Users/karelbraborec/rev-meter/ios/Pods/Headers/Public/React-defaultsnativemodule -I/Users/karelbraborec/rev-meter/ios/Pods/Headers/Public/React-domnativemodule -I/Users/karelbraborec/rev-meter/ios/Pods/Headers/Public/React-featureflags -I/Users/karelbraborec/rev-meter/ios/Pods/Headers/Public/React-featureflagsnativemodule -I/Users/karelbraborec/rev-meter/ios/Pods/Headers/Public/React-graphics -I/Users/karelbraborec/rev-meter/ios/Pods/Headers/Public/React-hermes -I/Users/karelbraborec/rev-meter/ios/Pods/Headers/Public/React-idlecallbacksnativemodule -I/Users/karelbraborec/rev-meter/ios/Pods/Headers/Public/React-intersectionobservernativemodule -I/Users/karelbraborec/rev-meter/ios/Pods/Headers/Public/React-jserrorhandler -I/Users/karelbraborec/rev-meter/ios/Pods/Headers/Public/React-jsi -I/Users/karelbraborec/rev-meter/ios/Pods/Headers/Public/React-jsiexecutor -I/Users/karelbraborec/rev-meter/ios/Pods/Headers/Public/React-jsinspector -I/Users/karelbraborec/rev-meter/ios/Pods/Headers/Public/React-jsinspectorcdp -I/Users/karelbraborec/rev-meter/ios/Pods/Headers/Public/React-jsinspectornetwork -I/Users/karelbraborec/rev-meter/ios/Pods/Headers/Public/React-jsinspectortracing -I/Users/karelbraborec/rev-meter/ios/Pods/Headers/Public/React-jsitooling -I/Users/karelbraborec/rev-meter/ios/Pods/Headers/Public/React-logger -I/Users/karelbraborec/rev-meter/ios/Pods/Headers/Public/React-microtasksnativemodule -I/Users/karelbraborec/rev-meter/ios/Pods/Headers/Public/React-mutationobservernativemodule -I/Users/karelbraborec/rev-meter/ios/Pods/Headers/Public/React-networking -I/Users/karelbraborec/rev-meter/ios/Pods/Headers/Public/React-oscompat -I/Users/karelbraborec/rev-meter/ios/Pods/Headers/Public/React-perflogger -I/Users/karelbraborec/rev-meter/ios/Pods/Headers/Public/React-performancecdpmetrics -I/Users/karelbraborec/rev-meter/ios/Pods/Headers/Public/React-performancetimeline -I/Users/karelbraborec/rev-meter/ios/Pods/Headers/Public/React-rendererconsistency -I/Users/karelbraborec/rev-meter/ios/Pods/Headers/Public/React-renderercss -I/Users/karelbraborec/rev-meter/ios/Pods/Headers/Public/React-rendererdebug -I/Users/karelbraborec/rev-meter/ios/Pods/Headers/Public/React-runtimeexecutor -I/Users/karelbraborec/rev-meter/ios/Pods/Headers/Public/React-runtimescheduler -I/Users/karelbraborec/rev-meter/ios/Pods/Headers/Public/React-timing -I/Users/karelbraborec/rev-meter/ios/Pods/Headers/Public/React-utils -I/Users/karelbraborec/rev-meter/ios/Pods/Headers/Public/React-viewtransitionnativemodule -I/Users/karelbraborec/rev-meter/ios/Pods/Headers/Public/React-webperformancenativemodule -I/Users/karelbraborec/rev-meter/ios/Pods/Headers/Public/ReactCodegen -I/Users/karelbraborec/rev-meter/ios/Pods/Headers/Public/ReactCommon -I/Users/karelbraborec/rev-meter/ios/Pods/Headers/Public/ReactNativeDependencies -I/Users/karelbraborec/rev-meter/ios/Pods/Headers/Public/Yoga -I/Users/karelbraborec/rev-meter/ios/Pods/Headers/Public/hermes-engine -I/Users/karelbraborec/rev-meter/ios/Pods/ExpoModulesCore/ExpoModulesCore.xcframework/ios-arm64_x86_64-simulator/ExpoModulesCore.framework/Headers -I/Users/karelbraborec/rev-meter/ios/Pods/ExpoModulesCore/ExpoModulesCore.xcframework/ios-arm64/ExpoModulesCore.framework/Headers -I/Users/karelbraborec/rev-meter/ios/Pods/ExpoModulesCore/ExpoModulesCore.xcframework/ios-arm64_x86_64-simulator/ExpoModulesCore.framework/Headers -I/Users/karelbraborec/rev-meter/ios/Pods/ExpoModulesCore/ExpoModulesCore.xcframework/ios-arm64/ExpoModulesCore.framework/Headers -I/Users/karelbraborec/Library/Developer/Xcode/DerivedData/revmeter-hbcnswmlqmbpnlazhhkncgeowiss/Build/Intermediates.noindex/Pods.build/Debug-iphonesimulator/ExpoSystemUI.build/DerivedSources-normal/x86_64 -I/Users/karelbraborec/Library/Developer/Xcode/DerivedData/revmeter-hbcnswmlqmbpnlazhhkncgeowiss/Build/Intermediates.noindex/Pods.build/Debug-iphonesimulator/ExpoSystemUI.build/DerivedSources/x86_64 -I/Users/karelbraborec/Library/Developer/Xcode/DerivedData/revmeter-hbcnswmlqmbpnlazhhkncgeowiss/Build/Intermediates.noindex/Pods.build/Debug-iphonesimulator/ExpoSystemUI.build/DerivedSources -F/Users/karelbraborec/Library/Developer/Xcode/DerivedData/revmeter-hbcnswmlqmbpnlazhhkncgeowiss/Build/Products/Debug-iphonesimulator/ExpoSystemUI -F/Users/karelbraborec/rev-meter/node_modules/expo-modules-jsi/apple/Products -F/Users/karelbraborec/rev-meter/ios/Pods/ExpoModulesCore -F/Users/karelbraborec/rev-meter/ios/Pods/React-Core-prebuilt -F/Users/karelbraborec/rev-meter/ios/Pods/ReactNativeDependencies/framework/packages/react-native -F/Users/karelbraborec/rev-meter/ios/Pods/hermes-engine/destroot/Library/Frameworks/universal -F/Users/karelbraborec/Library/Developer/Xcode/DerivedData/revmeter-hbcnswmlqmbpnlazhhkncgeowiss/Build/Products/Debug-iphonesimulator/XCFrameworkIntermediates/ExpoModulesCore -F/Users/karelbraborec/Library/Developer/Xcode/DerivedData/revmeter-hbcnswmlqmbpnlazhhkncgeowiss/Build/Products/Debug-iphonesimulator/XCFrameworkIntermediates/ExpoModulesJSI -F/Users/karelbraborec/Library/Developer/Xcode/DerivedData/revmeter-hbcnswmlqmbpnlazhhkncgeowiss/Build/Products/Debug-iphonesimulator/XCFrameworkIntermediates/React-Core-prebuilt -F/Users/karelbraborec/Library/Developer/Xcode/DerivedData/revmeter-hbcnswmlqmbpnlazhhkncgeowiss/Build/Products/Debug-iphonesimulator/XCFrameworkIntermediates/ReactNativeDependencies -F/Users/karelbraborec/Library/Developer/Xcode/DerivedData/revmeter-hbcnswmlqmbpnlazhhkncgeowiss/Build/Products/Debug-iphonesimulator/XCFrameworkIntermediates/hermes-engine/Pre-built '-DRCT_REMOVE_LEGACY_ARCH=1' '-fmodule-map-file=/Users/karelbraborec/rev-meter/ios/Pods/Headers/Public/ReactCodegen/ReactCodegen.modulemap'

WriteAuxiliaryFile /Users/karelbraborec/Library/Developer/Xcode/DerivedData/revmeter-hbcnswmlqmbpnlazhhkncgeowiss/Build/Intermediates.noindex/Pods.build/Debug-iphonesimulator/ExpoSystemUI.build/Objects-normal/x86_64/ExpoSystemUI_const_extract_protocols.json (in target 'ExpoSystemUI' from project 'Pods')
    cd /Users/karelbraborec/rev-meter/ios/Pods
    write-file /Users/karelbraborec/Library/Developer/Xcode/DerivedData/revmeter-hbcnswmlqmbpnlazhhkncgeowiss/Build/Intermediates.noindex/Pods.build/Debug-iphonesimulator/ExpoSystemUI.build/Objects-normal/x86_64/ExpoSystemUI_const_extract_protocols.json

WriteAuxiliaryFile /Users/karelbraborec/Library/Developer/Xcode/DerivedData/revmeter-hbcnswmlqmbpnlazhhkncgeowiss/Build/Intermediates.noindex/Pods.build/Debug-iphonesimulator/ExpoSystemUI.build/Objects-normal/x86_64/ExpoSystemUI.SwiftFileList (in target 'ExpoSystemUI' from project 'Pods')
    cd /Users/karelbraborec/rev-meter/ios/Pods
    write-file /Users/karelbraborec/Library/Developer/Xcode/DerivedData/revmeter-hbcnswmlqmbpnlazhhkncgeowiss/Build/Intermediates.noindex/Pods.build/Debug-iphonesimulator/ExpoSystemUI.build/Objects-normal/x86_64/ExpoSystemUI.SwiftFileList

WriteAuxiliaryFile /Users/karelbraborec/Library/Developer/Xcode/DerivedData/revmeter-hbcnswmlqmbpnlazhhkncgeowiss/Build/Intermediates.noindex/Pods.build/Debug-iphonesimulator/ExpoSystemUI.build/Objects-normal/x86_64/ExpoSystemUI.SwiftConstValuesFileList (in target 'ExpoSystemUI' from project 'Pods')
    cd /Users/karelbraborec/rev-meter/ios/Pods
    write-file /Users/karelbraborec/Library/Developer/Xcode/DerivedData/revmeter-hbcnswmlqmbpnlazhhkncgeowiss/Build/Intermediates.noindex/Pods.build/Debug-iphonesimulator/ExpoSystemUI.build/Objects-normal/x86_64/ExpoSystemUI.SwiftConstValuesFileList

WriteAuxiliaryFile /Users/karelbraborec/Library/Developer/Xcode/DerivedData/revmeter-hbcnswmlqmbpnlazhhkncgeowiss/Build/Intermediates.noindex/Pods.build/Debug-iphonesimulator/ExpoSystemUI.build/Objects-normal/x86_64/ExpoSystemUI.LinkFileList (in target 'ExpoSystemUI' from project 'Pods')
    cd /Users/karelbraborec/rev-meter/ios/Pods
    write-file /Users/karelbraborec/Library/Developer/Xcode/DerivedData/revmeter-hbcnswmlqmbpnlazhhkncgeowiss/Build/Intermediates.noindex/Pods.build/Debug-iphonesimulator/ExpoSystemUI.build/Objects-normal/x86_64/ExpoSystemUI.LinkFileList

WriteAuxiliaryFile /Users/karelbraborec/Library/Developer/Xcode/DerivedData/revmeter-hbcnswmlqmbpnlazhhkncgeowiss/Build/Intermediates.noindex/Pods.build/Debug-iphonesimulator/ExpoSystemUI.build/Objects-normal/x86_64/ExpoSystemUI-OutputFileMap.json (in target 'ExpoSystemUI' from project 'Pods')
    cd /Users/karelbraborec/rev-meter/ios/Pods
    write-file /Users/karelbraborec/Library/Developer/Xcode/DerivedData/revmeter-hbcnswmlqmbpnlazhhkncgeowiss/Build/Intermediates.noindex/Pods.build/Debug-iphonesimulator/ExpoSystemUI.build/Objects-normal/x86_64/ExpoSystemUI-OutputFileMap.json

WriteAuxiliaryFile /Users/karelbraborec/Library/Developer/Xcode/DerivedData/revmeter-hbcnswmlqmbpnlazhhkncgeowiss/Build/Intermediates.noindex/Pods.build/Debug-iphonesimulator/ExpoSystemUI.build/Objects-normal/arm64/ExpoSystemUI_const_extract_protocols.json (in target 'ExpoSystemUI' from project 'Pods')
    cd /Users/karelbraborec/rev-meter/ios/Pods
    write-file /Users/karelbraborec/Library/Developer/Xcode/DerivedData/revmeter-hbcnswmlqmbpnlazhhkncgeowiss/Build/Intermediates.noindex/Pods.build/Debug-iphonesimulator/ExpoSystemUI.build/Objects-normal/arm64/ExpoSystemUI_const_extract_protocols.json

WriteAuxiliaryFile /Users/karelbraborec/Library/Developer/Xcode/DerivedData/revmeter-hbcnswmlqmbpnlazhhkncgeowiss/Build/Intermediates.noindex/Pods.build/Debug-iphonesimulator/ExpoSystemUI.build/Objects-normal/arm64/e6072d4f65d7061329687fe24e3d63a7-common-args.resp (in target 'ExpoSystemUI' from project 'Pods')
    cd /Users/karelbraborec/rev-meter/ios/Pods
    write-file /Users/karelbraborec/Library/Developer/Xcode/DerivedData/revmeter-hbcnswmlqmbpnlazhhkncgeowiss/Build/Intermediates.noindex/Pods.build/Debug-iphonesimulator/ExpoSystemUI.build/Objects-normal/arm64/e6072d4f65d7061329687fe24e3d63a7-common-args.resp
'-std=gnu11' -fobjc-arc -fmodules '-fmodules-cache-path=/Users/karelbraborec/Library/Developer/Xcode/DerivedData/ModuleCache.noindex' '-fmodule-name=ExpoSystemUI' -fpascal-strings -O0 -fno-common '-DPOD_CONFIGURATION_DEBUG=1' '-DDEBUG=1' '-DCOCOAPODS=1' '-DOBJC_OLD_DISPATCH_PROTOTYPES=0' -g '-fobjc-abi-version=2' -fobjc-legacy-dispatch -iquote /Users/karelbraborec/Library/Developer/Xcode/DerivedData/revmeter-hbcnswmlqmbpnlazhhkncgeowiss/Build/Intermediates.noindex/Pods.build/Debug-iphonesimulator/ExpoSystemUI.build/ExpoSystemUI-generated-files.hmap -I/Users/karelbraborec/Library/Developer/Xcode/DerivedData/revmeter-hbcnswmlqmbpnlazhhkncgeowiss/Build/Intermediates.noindex/Pods.build/Debug-iphonesimulator/ExpoSystemUI.build/ExpoSystemUI-own-target-headers.hmap -I/Users/karelbraborec/Library/Developer/Xcode/DerivedData/revmeter-hbcnswmlqmbpnlazhhkncgeowiss/Build/Intermediates.noindex/Pods.build/Debug-iphonesimulator/ExpoSystemUI.build/ExpoSystemUI-all-non-framework-target-headers.hmap -ivfsoverlay /Users/karelbraborec/Library/Developer/Xcode/DerivedData/revmeter-hbcnswmlqmbpnlazhhkncgeowiss/Build/Intermediates.noindex/Pods.build/Debug-iphonesimulator/Pods-8699adb1dd336b26511df848a716bd42-VFS-iphonesimulator/all-product-headers.yaml -iquote /Users/karelbraborec/Library/Developer/Xcode/DerivedData/revmeter-hbcnswmlqmbpnlazhhkncgeowiss/Build/Intermediates.noindex/Pods.build/Debug-iphonesimulator/ExpoSystemUI.build/ExpoSystemUI-project-headers.hmap -I/Users/karelbraborec/Library/Developer/Xcode/DerivedData/revmeter-hbcnswmlqmbpnlazhhkncgeowiss/Build/Products/Debug-iphonesimulator/ExpoSystemUI/include -I/Users/karelbraborec/rev-meter/ios/Pods/Headers/Public -I/Users/karelbraborec/rev-meter/ios/Pods/Headers/Public/FBLazyVector -I/Users/karelbraborec/rev-meter/ios/Pods/Headers/Public/RCTRequired -I/Users/karelbraborec/rev-meter/ios/Pods/Headers/Public/RCTSwiftUIWrapper -I/Users/karelbraborec/rev-meter/ios/Pods/Headers/Public/RCTTypeSafety -I/Users/karelbraborec/rev-meter/ios/Pods/Headers/Public/React-Core -I/Users/karelbraborec/rev-meter/ios/Pods/Headers/Public/React-Core-prebuilt -I/Users/karelbraborec/rev-meter/ios/Pods/Headers/Public/React-CoreModules -I/Users/karelbraborec/rev-meter/ios/Pods/Headers/Public/React-Fabric -I/Users/karelbraborec/rev-meter/ios/Pods/Headers/Public/React-FabricComponents -I/Users/karelbraborec/rev-meter/ios/Pods/Headers/Public/React-FabricImage -I/Users/karelbraborec/rev-meter/ios/Pods/Headers/Public/React-ImageManager -I/Users/karelbraborec/rev-meter/ios/Pods/Headers/Public/React-Mapbuffer -I/Users/karelbraborec/rev-meter/ios/Pods/Headers/Public/React-NativeModulesApple -I/Users/karelbraborec/rev-meter/ios/Pods/Headers/Public/React-RCTAnimation -I/Users/karelbraborec/rev-meter/ios/Pods/Headers/Public/React-RCTBlob -I/Users/karelbraborec/rev-meter/ios/Pods/Headers/Public/React-RCTFBReactNativeSpec -I/Users/karelbraborec/rev-meter/ios/Pods/Headers/Public/React-RCTFabric -I/Users/karelbraborec/rev-meter/ios/Pods/Headers/Public/React-RCTImage -I/Users/karelbraborec/rev-meter/ios/Pods/Headers/Public/React-RCTRuntime -I/Users/karelbraborec/rev-meter/ios/Pods/Headers/Public/React-RCTText -I/Users/karelbraborec/rev-meter/ios/Pods/Headers/Public/React-RuntimeApple -I/Users/karelbraborec/rev-meter/ios/Pods/Headers/Public/React-RuntimeCore -I/Users/karelbraborec/rev-meter/ios/Pods/Headers/Public/React-RuntimeHermes -I/Users/karelbraborec/rev-meter/ios/Pods/Headers/Public/React-callinvoker -I/Users/karelbraborec/rev-meter/ios/Pods/Headers/Public/React-cxxreact -I/Users/karelbraborec/rev-meter/ios/Pods/Headers/Public/React-debug -I/Users/karelbraborec/rev-meter/ios/Pods/Headers/Public/React-defaultsnativemodule -I/Users/karelbraborec/rev-meter/ios/Pods/Headers/Public/React-domnativemodule -I/Users/karelbraborec/rev-meter/ios/Pods/Headers/Public/React-featureflags -I/Users/karelbraborec/rev-meter/ios/Pods/Headers/Public/React-featureflagsnativemodule -I/Users/karelbraborec/rev-meter/ios/Pods/Headers/Public/React-graphics -I/Users/karelbraborec/rev-meter/ios/Pods/Headers/Public/React-hermes -I/Users/karelbraborec/rev-meter/ios/Pods/Headers/Public/React-idlecallbacksnativemodule -I/Users/karelbraborec/rev-meter/ios/Pods/Headers/Public/React-intersectionobservernativemodule -I/Users/karelbraborec/rev-meter/ios/Pods/Headers/Public/React-jserrorhandler -I/Users/karelbraborec/rev-meter/ios/Pods/Headers/Public/React-jsi -I/Users/karelbraborec/rev-meter/ios/Pods/Headers/Public/React-jsiexecutor -I/Users/karelbraborec/rev-meter/ios/Pods/Headers/Public/React-jsinspector -I/Users/karelbraborec/rev-meter/ios/Pods/Headers/Public/React-jsinspectorcdp -I/Users/karelbraborec/rev-meter/ios/Pods/Headers/Public/React-jsinspectornetwork -I/Users/karelbraborec/rev-meter/ios/Pods/Headers/Public/React-jsinspectortracing -I/Users/karelbraborec/rev-meter/ios/Pods/Headers/Public/React-jsitooling -I/Users/karelbraborec/rev-meter/ios/Pods/Headers/Public/React-logger -I/Users/karelbraborec/rev-meter/ios/Pods/Headers/Public/React-microtasksnativemodule -I/Users/karelbraborec/rev-meter/ios/Pods/Headers/Public/React-mutationobservernativemodule -I/Users/karelbraborec/rev-meter/ios/Pods/Headers/Public/React-networking -I/Users/karelbraborec/rev-meter/ios/Pods/Headers/Public/React-oscompat -I/Users/karelbraborec/rev-meter/ios/Pods/Headers/Public/React-perflogger -I/Users/karelbraborec/rev-meter/ios/Pods/Headers/Public/React-performancecdpmetrics -I/Users/karelbraborec/rev-meter/ios/Pods/Headers/Public/React-performancetimeline -I/Users/karelbraborec/rev-meter/ios/Pods/Headers/Public/React-rendererconsistency -I/Users/karelbraborec/rev-meter/ios/Pods/Headers/Public/React-renderercss -I/Users/karelbraborec/rev-meter/ios/Pods/Headers/Public/React-rendererdebug -I/Users/karelbraborec/rev-meter/ios/Pods/Headers/Public/React-runtimeexecutor -I/Users/karelbraborec/rev-meter/ios/Pods/Headers/Public/React-runtimescheduler -I/Users/karelbraborec/rev-meter/ios/Pods/Headers/Public/React-timing -I/Users/karelbraborec/rev-meter/ios/Pods/Headers/Public/React-utils -I/Users/karelbraborec/rev-meter/ios/Pods/Headers/Public/React-viewtransitionnativemodule -I/Users/karelbraborec/rev-meter/ios/Pods/Headers/Public/React-webperformancenativemodule -I/Users/karelbraborec/rev-meter/ios/Pods/Headers/Public/ReactCodegen -I/Users/karelbraborec/rev-meter/ios/Pods/Headers/Public/ReactCommon -I/Users/karelbraborec/rev-meter/ios/Pods/Headers/Public/ReactNativeDependencies -I/Users/karelbraborec/rev-meter/ios/Pods/Headers/Public/Yoga -I/Users/karelbraborec/rev-meter/ios/Pods/Headers/Public/hermes-engine -I/Users/karelbraborec/rev-meter/ios/Pods/ExpoModulesCore/ExpoModulesCore.xcframework/ios-arm64_x86_64-simulator/ExpoModulesCore.framework/Headers -I/Users/karelbraborec/rev-meter/ios/Pods/ExpoModulesCore/ExpoModulesCore.xcframework/ios-arm64/ExpoModulesCore.framework/Headers -I/Users/karelbraborec/rev-meter/ios/Pods/ExpoModulesCore/ExpoModulesCore.xcframework/ios-arm64_x86_64-simulator/ExpoModulesCore.framework/Headers -I/Users/karelbraborec/rev-meter/ios/Pods/ExpoModulesCore/ExpoModulesCore.xcframework/ios-arm64/ExpoModulesCore.framework/Headers -I/Users/karelbraborec/Library/Developer/Xcode/DerivedData/revmeter-hbcnswmlqmbpnlazhhkncgeowiss/Build/Intermediates.noindex/Pods.build/Debug-iphonesimulator/ExpoSystemUI.build/DerivedSources-normal/arm64 -I/Users/karelbraborec/Library/Developer/Xcode/DerivedData/revmeter-hbcnswmlqmbpnlazhhkncgeowiss/Build/Intermediates.noindex/Pods.build/Debug-iphonesimulator/ExpoSystemUI.build/DerivedSources/arm64 -I/Users/karelbraborec/Library/Developer/Xcode/DerivedData/revmeter-hbcnswmlqmbpnlazhhkncgeowiss/Build/Intermediates.noindex/Pods.build/Debug-iphonesimulator/ExpoSystemUI.build/DerivedSources -F/Users/karelbraborec/Library/Developer/Xcode/DerivedData/revmeter-hbcnswmlqmbpnlazhhkncgeowiss/Build/Products/Debug-iphonesimulator/ExpoSystemUI -F/Users/karelbraborec/rev-meter/node_modules/expo-modules-jsi/apple/Products -F/Users/karelbraborec/rev-meter/ios/Pods/ExpoModulesCore -F/Users/karelbraborec/rev-meter/ios/Pods/React-Core-prebuilt -F/Users/karelbraborec/rev-meter/ios/Pods/ReactNativeDependencies/framework/packages/react-native -F/Users/karelbraborec/rev-meter/ios/Pods/hermes-engine/destroot/Library/Frameworks/universal -F/Users/karelbraborec/Library/Developer/Xcode/DerivedData/revmeter-hbcnswmlqmbpnlazhhkncgeowiss/Build/Products/Debug-iphonesimulator/XCFrameworkIntermediates/ExpoModulesCore -F/Users/karelbraborec/Library/Developer/Xcode/DerivedData/revmeter-hbcnswmlqmbpnlazhhkncgeowiss/Build/Products/Debug-iphonesimulator/XCFrameworkIntermediates/ExpoModulesJSI -F/Users/karelbraborec/Library/Developer/Xcode/DerivedData/revmeter-hbcnswmlqmbpnlazhhkncgeowiss/Build/Products/Debug-iphonesimulator/XCFrameworkIntermediates/React-Core-prebuilt -F/Users/karelbraborec/Library/Developer/Xcode/DerivedData/revmeter-hbcnswmlqmbpnlazhhkncgeowiss/Build/Products/Debug-iphonesimulator/XCFrameworkIntermediates/ReactNativeDependencies -F/Users/karelbraborec/Library/Developer/Xcode/DerivedData/revmeter-hbcnswmlqmbpnlazhhkncgeowiss/Build/Products/Debug-iphonesimulator/XCFrameworkIntermediates/hermes-engine/Pre-built '-DRCT_REMOVE_LEGACY_ARCH=1' '-fmodule-map-file=/Users/karelbraborec/rev-meter/ios/Pods/Headers/Public/ReactCodegen/ReactCodegen.modulemap'

WriteAuxiliaryFile /Users/karelbraborec/Library/Developer/Xcode/DerivedData/revmeter-hbcnswmlqmbpnlazhhkncgeowiss/Build/Intermediates.noindex/Pods.build/Debug-iphonesimulator/ExpoSystemUI.build/Objects-normal/arm64/ExpoSystemUI.SwiftFileList (in target 'ExpoSystemUI' from project 'Pods')
    cd /Users/karelbraborec/rev-meter/ios/Pods
    write-file /Users/karelbraborec/Library/Developer/Xcode/DerivedData/revmeter-hbcnswmlqmbpnlazhhkncgeowiss/Build/Intermediates.noindex/Pods.build/Debug-iphonesimulator/ExpoSystemUI.build/Objects-normal/arm64/ExpoSystemUI.SwiftFileList

WriteAuxiliaryFile /Users/karelbraborec/Library/Developer/Xcode/DerivedData/revmeter-hbcnswmlqmbpnlazhhkncgeowiss/Build/Intermediates.noindex/Pods.build/Debug-iphonesimulator/ExpoSystemUI.build/Objects-normal/arm64/ExpoSystemUI.SwiftConstValuesFileList (in target 'ExpoSystemUI' from project 'Pods')
    cd /Users/karelbraborec/rev-meter/ios/Pods
    write-file /Users/karelbraborec/Library/Developer/Xcode/DerivedData/revmeter-hbcnswmlqmbpnlazhhkncgeowiss/Build/Intermediates.noindex/Pods.build/Debug-iphonesimulator/ExpoSystemUI.build/Objects-normal/arm64/ExpoSystemUI.SwiftConstValuesFileList

WriteAuxiliaryFile /Users/karelbraborec/Library/Developer/Xcode/DerivedData/revmeter-hbcnswmlqmbpnlazhhkncgeowiss/Build/Intermediates.noindex/Pods.build/Debug-iphonesimulator/ExpoSystemUI.build/Objects-normal/arm64/ExpoSystemUI.LinkFileList (in target 'ExpoSystemUI' from project 'Pods')
    cd /Users/karelbraborec/rev-meter/ios/Pods
    write-file /Users/karelbraborec/Library/Developer/Xcode/DerivedData/revmeter-hbcnswmlqmbpnlazhhkncgeowiss/Build/Intermediates.noindex/Pods.build/Debug-iphonesimulator/ExpoSystemUI.build/Objects-normal/arm64/ExpoSystemUI.LinkFileList

WriteAuxiliaryFile /Users/karelbraborec/Library/Developer/Xcode/DerivedData/revmeter-hbcnswmlqmbpnlazhhkncgeowiss/Build/Intermediates.noindex/Pods.build/Debug-iphonesimulator/ExpoSystemUI.build/Objects-normal/arm64/ExpoSystemUI-OutputFileMap.json (in target 'ExpoSystemUI' from project 'Pods')
    cd /Users/karelbraborec/rev-meter/ios/Pods
    write-file /Users/karelbraborec/Library/Developer/Xcode/DerivedData/revmeter-hbcnswmlqmbpnlazhhkncgeowiss/Build/Intermediates.noindex/Pods.build/Debug-iphonesimulator/ExpoSystemUI.build/Objects-normal/arm64/ExpoSystemUI-OutputFileMap.json

WriteAuxiliaryFile /Users/karelbraborec/Library/Developer/Xcode/DerivedData/revmeter-hbcnswmlqmbpnlazhhkncgeowiss/Build/Intermediates.noindex/Pods.build/Debug-iphonesimulator/ExpoSystemUI.build/ExpoSystemUI.hmap (in target 'ExpoSystemUI' from project 'Pods')
    cd /Users/karelbraborec/rev-meter/ios/Pods
    write-file /Users/karelbraborec/Library/Developer/Xcode/DerivedData/revmeter-hbcnswmlqmbpnlazhhkncgeowiss/Build/Intermediates.noindex/Pods.build/Debug-iphonesimulator/ExpoSystemUI.build/ExpoSystemUI.hmap

WriteAuxiliaryFile /Users/karelbraborec/Library/Developer/Xcode/DerivedData/revmeter-hbcnswmlqmbpnlazhhkncgeowiss/Build/Intermediates.noindex/Pods.build/Debug-iphonesimulator/ExpoSystemUI.build/ExpoSystemUI.DependencyStaticMetadataFileList (in target 'ExpoSystemUI' from project 'Pods')
    cd /Users/karelbraborec/rev-meter/ios/Pods
    write-file /Users/karelbraborec/Library/Developer/Xcode/DerivedData/revmeter-hbcnswmlqmbpnlazhhkncgeowiss/Build/Intermediates.noindex/Pods.build/Debug-iphonesimulator/ExpoSystemUI.build/ExpoSystemUI.DependencyStaticMetadataFileList

WriteAuxiliaryFile /Users/karelbraborec/Library/Developer/Xcode/DerivedData/revmeter-hbcnswmlqmbpnlazhhkncgeowiss/Build/Intermediates.noindex/Pods.build/Debug-iphonesimulator/ExpoSystemUI.build/ExpoSystemUI.DependencyMetadataFileList (in target 'ExpoSystemUI' from project 'Pods')
    cd /Users/karelbraborec/rev-meter/ios/Pods
    write-file /Users/karelbraborec/Library/Developer/Xcode/DerivedData/revmeter-hbcnswmlqmbpnlazhhkncgeowiss/Build/Intermediates.noindex/Pods.build/Debug-iphonesimulator/ExpoSystemUI.build/ExpoSystemUI.DependencyMetadataFileList

WriteAuxiliaryFile /Users/karelbraborec/Library/Developer/Xcode/DerivedData/revmeter-hbcnswmlqmbpnlazhhkncgeowiss/Build/Intermediates.noindex/Pods.build/Debug-iphonesimulator/ExpoSystemUI.build/ExpoSystemUI-project-headers.hmap (in target 'ExpoSystemUI' from project 'Pods')
    cd /Users/karelbraborec/rev-meter/ios/Pods
    write-file /Users/karelbraborec/Library/Developer/Xcode/DerivedData/revmeter-hbcnswmlqmbpnlazhhkncgeowiss/Build/Intermediates.noindex/Pods.build/Debug-iphonesimulator/ExpoSystemUI.build/ExpoSystemUI-project-headers.hmap

WriteAuxiliaryFile /Users/karelbraborec/Library/Developer/Xcode/DerivedData/revmeter-hbcnswmlqmbpnlazhhkncgeowiss/Build/Intermediates.noindex/Pods.build/Debug-iphonesimulator/ExpoSystemUI.build/ExpoSystemUI-own-target-headers.hmap (in target 'ExpoSystemUI' from project 'Pods')
    cd /Users/karelbraborec/rev-meter/ios/Pods
    write-file /Users/karelbraborec/Library/Developer/Xcode/DerivedData/revmeter-hbcnswmlqmbpnlazhhkncgeowiss/Build/Intermediates.noindex/Pods.build/Debug-iphonesimulator/ExpoSystemUI.build/ExpoSystemUI-own-target-headers.hmap

WriteAuxiliaryFile /Users/karelbraborec/Library/Developer/Xcode/DerivedData/revmeter-hbcnswmlqmbpnlazhhkncgeowiss/Build/Intermediates.noindex/Pods.build/Debug-iphonesimulator/ExpoSystemUI.build/ExpoSystemUI-generated-files.hmap (in target 'ExpoSystemUI' from project 'Pods')
    cd /Users/karelbraborec/rev-meter/ios/Pods
    write-file /Users/karelbraborec/Library/Developer/Xcode/DerivedData/revmeter-hbcnswmlqmbpnlazhhkncgeowiss/Build/Intermediates.noindex/Pods.build/Debug-iphonesimulator/ExpoSystemUI.build/ExpoSystemUI-generated-files.hmap

WriteAuxiliaryFile /Users/karelbraborec/Library/Developer/Xcode/DerivedData/revmeter-hbcnswmlqmbpnlazhhkncgeowiss/Build/Intermediates.noindex/Pods.build/Debug-iphonesimulator/ExpoSystemUI.build/ExpoSystemUI-all-target-headers.hmap (in target 'ExpoSystemUI' from project 'Pods')
    cd /Users/karelbraborec/rev-meter/ios/Pods
    write-file /Users/karelbraborec/Library/Developer/Xcode/DerivedData/revmeter-hbcnswmlqmbpnlazhhkncgeowiss/Build/Intermediates.noindex/Pods.build/Debug-iphonesimulator/ExpoSystemUI.build/ExpoSystemUI-all-target-headers.hmap

WriteAuxiliaryFile /Users/karelbraborec/Library/Developer/Xcode/DerivedData/revmeter-hbcnswmlqmbpnlazhhkncgeowiss/Build/Intermediates.noindex/Pods.build/Debug-iphonesimulator/ExpoSystemUI.build/ExpoSystemUI-all-non-framework-target-headers.hmap (in target 'ExpoSystemUI' from project 'Pods')
    cd /Users/karelbraborec/rev-meter/ios/Pods
    write-file /Users/karelbraborec/Library/Developer/Xcode/DerivedData/revmeter-hbcnswmlqmbpnlazhhkncgeowiss/Build/Intermediates.noindex/Pods.build/Debug-iphonesimulator/ExpoSystemUI.build/ExpoSystemUI-all-non-framework-target-headers.hmap

WriteAuxiliaryFile /Users/karelbraborec/Library/Developer/Xcode/DerivedData/revmeter-hbcnswmlqmbpnlazhhkncgeowiss/Build/Intermediates.noindex/Pods.build/Debug-iphonesimulator/ExpoSymbols.build/Script-46EB2E000183C0.sh (in target 'ExpoSymbols' from project 'Pods')
    cd /Users/karelbraborec/rev-meter/ios/Pods
    write-file /Users/karelbraborec/Library/Developer/Xcode/DerivedData/revmeter-hbcnswmlqmbpnlazhhkncgeowiss/Build/Intermediates.noindex/Pods.build/Debug-iphonesimulator/ExpoSymbols.build/Script-46EB2E000183C0.sh

WriteAuxiliaryFile /Users/karelbraborec/Library/Developer/Xcode/DerivedData/revmeter-hbcnswmlqmbpnlazhhkncgeowiss/Build/Intermediates.noindex/Pods.build/Debug-iphonesimulator/ExpoSymbols.build/Objects-normal/x86_64/e6072d4f65d7061329687fe24e3d63a7-common-args.resp (in target 'ExpoSymbols' from project 'Pods')
    cd /Users/karelbraborec/rev-meter/ios/Pods
    write-file /Users/karelbraborec/Library/Developer/Xcode/DerivedData/revmeter-hbcnswmlqmbpnlazhhkncgeowiss/Build/Intermediates.noindex/Pods.build/Debug-iphonesimulator/ExpoSymbols.build/Objects-normal/x86_64/e6072d4f65d7061329687fe24e3d63a7-common-args.resp
'-std=gnu11' -fobjc-arc -fmodules '-fmodules-cache-path=/Users/karelbraborec/Library/Developer/Xcode/DerivedData/ModuleCache.noindex' '-fmodule-name=ExpoSymbols' -fpascal-strings -O0 -fno-common '-DPOD_CONFIGURATION_DEBUG=1' '-DDEBUG=1' '-DCOCOAPODS=1' '-DOBJC_OLD_DISPATCH_PROTOTYPES=0' -fasm-blocks -g '-fobjc-abi-version=2' -fobjc-legacy-dispatch -iquote /Users/karelbraborec/Library/Developer/Xcode/DerivedData/revmeter-hbcnswmlqmbpnlazhhkncgeowiss/Build/Intermediates.noindex/Pods.build/Debug-iphonesimulator/ExpoSymbols.build/ExpoSymbols-generated-files.hmap -I/Users/karelbraborec/Library/Developer/Xcode/DerivedData/revmeter-hbcnswmlqmbpnlazhhkncgeowiss/Build/Intermediates.noindex/Pods.build/Debug-iphonesimulator/ExpoSymbols.build/ExpoSymbols-own-target-headers.hmap -I/Users/karelbraborec/Library/Developer/Xcode/DerivedData/revmeter-hbcnswmlqmbpnlazhhkncgeowiss/Build/Intermediates.noindex/Pods.build/Debug-iphonesimulator/ExpoSymbols.build/ExpoSymbols-all-non-framework-target-headers.hmap -ivfsoverlay /Users/karelbraborec/Library/Developer/Xcode/DerivedData/revmeter-hbcnswmlqmbpnlazhhkncgeowiss/Build/Intermediates.noindex/Pods.build/Debug-iphonesimulator/Pods-8699adb1dd336b26511df848a716bd42-VFS-iphonesimulator/all-product-headers.yaml -iquote /Users/karelbraborec/Library/Developer/Xcode/DerivedData/revmeter-hbcnswmlqmbpnlazhhkncgeowiss/Build/Intermediates.noindex/Pods.build/Debug-iphonesimulator/ExpoSymbols.build/ExpoSymbols-project-headers.hmap -I/Users/karelbraborec/Library/Developer/Xcode/DerivedData/revmeter-hbcnswmlqmbpnlazhhkncgeowiss/Build/Products/Debug-iphonesimulator/ExpoSymbols/include -I/Users/karelbraborec/rev-meter/ios/Pods/Headers/Public -I/Users/karelbraborec/rev-meter/ios/Pods/Headers/Public/FBLazyVector -I/Users/karelbraborec/rev-meter/ios/Pods/Headers/Public/RCTRequired -I/Users/karelbraborec/rev-meter/ios/Pods/Headers/Public/RCTSwiftUIWrapper -I/Users/karelbraborec/rev-meter/ios/Pods/Headers/Public/RCTTypeSafety -I/Users/karelbraborec/rev-meter/ios/Pods/Headers/Public/React-Core -I/Users/karelbraborec/rev-meter/ios/Pods/Headers/Public/React-Core-prebuilt -I/Users/karelbraborec/rev-meter/ios/Pods/Headers/Public/React-CoreModules -I/Users/karelbraborec/rev-meter/ios/Pods/Headers/Public/React-Fabric -I/Users/karelbraborec/rev-meter/ios/Pods/Headers/Public/React-FabricComponents -I/Users/karelbraborec/rev-meter/ios/Pods/Headers/Public/React-FabricImage -I/Users/karelbraborec/rev-meter/ios/Pods/Headers/Public/React-ImageManager -I/Users/karelbraborec/rev-meter/ios/Pods/Headers/Public/React-Mapbuffer -I/Users/karelbraborec/rev-meter/ios/Pods/Headers/Public/React-NativeModulesApple -I/Users/karelbraborec/rev-meter/ios/Pods/Headers/Public/React-RCTAnimation -I/Users/karelbraborec/rev-meter/ios/Pods/Headers/Public/React-RCTBlob -I/Users/karelbraborec/rev-meter/ios/Pods/Headers/Public/React-RCTFBReactNativeSpec -I/Users/karelbraborec/rev-meter/ios/Pods/Headers/Public/React-RCTFabric -I/Users/karelbraborec/rev-meter/ios/Pods/Headers/Public/React-RCTImage -I/Users/karelbraborec/rev-meter/ios/Pods/Headers/Public/React-RCTRuntime -I/Users/karelbraborec/rev-meter/ios/Pods/Headers/Public/React-RCTText -I/Users/karelbraborec/rev-meter/ios/Pods/Headers/Public/React-RuntimeApple -I/Users/karelbraborec/rev-meter/ios/Pods/Headers/Public/React-RuntimeCore -I/Users/karelbraborec/rev-meter/ios/Pods/Headers/Public/React-RuntimeHermes -I/Users/karelbraborec/rev-meter/ios/Pods/Headers/Public/React-callinvoker -I/Users/karelbraborec/rev-meter/ios/Pods/Headers/Public/React-cxxreact -I/Users/karelbraborec/rev-meter/ios/Pods/Headers/Public/React-debug -I/Users/karelbraborec/rev-meter/ios/Pods/Headers/Public/React-defaultsnativemodule -I/Users/karelbraborec/rev-meter/ios/Pods/Headers/Public/React-domnativemodule -I/Users/karelbraborec/rev-meter/ios/Pods/Headers/Public/React-featureflags -I/Users/karelbraborec/rev-meter/ios/Pods/Headers/Public/React-featureflagsnativemodule -I/Users/karelbraborec/rev-meter/ios/Pods/Headers/Public/React-graphics -I/Users/karelbraborec/rev-meter/ios/Pods/Headers/Public/React-hermes -I/Users/karelbraborec/rev-meter/ios/Pods/Headers/Public/React-idlecallbacksnativemodule -I/Users/karelbraborec/rev-meter/ios/Pods/Headers/Public/React-intersectionobservernativemodule -I/Users/karelbraborec/rev-meter/ios/Pods/Headers/Public/React-jserrorhandler -I/Users/karelbraborec/rev-meter/ios/Pods/Headers/Public/React-jsi -I/Users/karelbraborec/rev-meter/ios/Pods/Headers/Public/React-jsiexecutor -I/Users/karelbraborec/rev-meter/ios/Pods/Headers/Public/React-jsinspector -I/Users/karelbraborec/rev-meter/ios/Pods/Headers/Public/React-jsinspectorcdp -I/Users/karelbraborec/rev-meter/ios/Pods/Headers/Public/React-jsinspectornetwork -I/Users/karelbraborec/rev-meter/ios/Pods/Headers/Public/React-jsinspectortracing -I/Users/karelbraborec/rev-meter/ios/Pods/Headers/Public/React-jsitooling -I/Users/karelbraborec/rev-meter/ios/Pods/Headers/Public/React-logger -I/Users/karelbraborec/rev-meter/ios/Pods/Headers/Public/React-microtasksnativemodule -I/Users/karelbraborec/rev-meter/ios/Pods/Headers/Public/React-mutationobservernativemodule -I/Users/karelbraborec/rev-meter/ios/Pods/Headers/Public/React-networking -I/Users/karelbraborec/rev-meter/ios/Pods/Headers/Public/React-oscompat -I/Users/karelbraborec/rev-meter/ios/Pods/Headers/Public/React-perflogger -I/Users/karelbraborec/rev-meter/ios/Pods/Headers/Public/React-performancecdpmetrics -I/Users/karelbraborec/rev-meter/ios/Pods/Headers/Public/React-performancetimeline -I/Users/karelbraborec/rev-meter/ios/Pods/Headers/Public/React-rendererconsistency -I/Users/karelbraborec/rev-meter/ios/Pods/Headers/Public/React-renderercss -I/Users/karelbraborec/rev-meter/ios/Pods/Headers/Public/React-rendererdebug -I/Users/karelbraborec/rev-meter/ios/Pods/Headers/Public/React-runtimeexecutor -I/Users/karelbraborec/rev-meter/ios/Pods/Headers/Public/React-runtimescheduler -I/Users/karelbraborec/rev-meter/ios/Pods/Headers/Public/React-timing -I/Users/karelbraborec/rev-meter/ios/Pods/Headers/Public/React-utils -I/Users/karelbraborec/rev-meter/ios/Pods/Headers/Public/React-viewtransitionnativemodule -I/Users/karelbraborec/rev-meter/ios/Pods/Headers/Public/React-webperformancenativemodule -I/Users/karelbraborec/rev-meter/ios/Pods/Headers/Public/ReactCodegen -I/Users/karelbraborec/rev-meter/ios/Pods/Headers/Public/ReactCommon -I/Users/karelbraborec/rev-meter/ios/Pods/Headers/Public/ReactNativeDependencies -I/Users/karelbraborec/rev-meter/ios/Pods/Headers/Public/Yoga -I/Users/karelbraborec/rev-meter/ios/Pods/Headers/Public/hermes-engine -I/Users/karelbraborec/rev-meter/ios/Pods/ExpoModulesCore/ExpoModulesCore.xcframework/ios-arm64_x86_64-simulator/ExpoModulesCore.framework/Headers -I/Users/karelbraborec/rev-meter/ios/Pods/ExpoModulesCore/ExpoModulesCore.xcframework/ios-arm64/ExpoModulesCore.framework/Headers -I/Users/karelbraborec/rev-meter/ios/Pods/ExpoModulesCore/ExpoModulesCore.xcframework/ios-arm64_x86_64-simulator/ExpoModulesCore.framework/Headers -I/Users/karelbraborec/rev-meter/ios/Pods/ExpoModulesCore/ExpoModulesCore.xcframework/ios-arm64/ExpoModulesCore.framework/Headers -I/Users/karelbraborec/Library/Developer/Xcode/DerivedData/revmeter-hbcnswmlqmbpnlazhhkncgeowiss/Build/Intermediates.noindex/Pods.build/Debug-iphonesimulator/ExpoSymbols.build/DerivedSources-normal/x86_64 -I/Users/karelbraborec/Library/Developer/Xcode/DerivedData/revmeter-hbcnswmlqmbpnlazhhkncgeowiss/Build/Intermediates.noindex/Pods.build/Debug-iphonesimulator/ExpoSymbols.build/DerivedSources/x86_64 -I/Users/karelbraborec/Library/Developer/Xcode/DerivedData/revmeter-hbcnswmlqmbpnlazhhkncgeowiss/Build/Intermediates.noindex/Pods.build/Debug-iphonesimulator/ExpoSymbols.build/DerivedSources -F/Users/karelbraborec/Library/Developer/Xcode/DerivedData/revmeter-hbcnswmlqmbpnlazhhkncgeowiss/Build/Products/Debug-iphonesimulator/ExpoSymbols -F/Users/karelbraborec/rev-meter/node_modules/expo-modules-jsi/apple/Products -F/Users/karelbraborec/rev-meter/ios/Pods/ExpoModulesCore -F/Users/karelbraborec/rev-meter/ios/Pods/React-Core-prebuilt -F/Users/karelbraborec/rev-meter/ios/Pods/ReactNativeDependencies/framework/packages/react-native -F/Users/karelbraborec/rev-meter/ios/Pods/hermes-engine/destroot/Library/Frameworks/universal -F/Users/karelbraborec/Library/Developer/Xcode/DerivedData/revmeter-hbcnswmlqmbpnlazhhkncgeowiss/Build/Products/Debug-iphonesimulator/XCFrameworkIntermediates/ExpoModulesCore -F/Users/karelbraborec/Library/Developer/Xcode/DerivedData/revmeter-hbcnswmlqmbpnlazhhkncgeowiss/Build/Products/Debug-iphonesimulator/XCFrameworkIntermediates/ExpoModulesJSI -F/Users/karelbraborec/Library/Developer/Xcode/DerivedData/revmeter-hbcnswmlqmbpnlazhhkncgeowiss/Build/Products/Debug-iphonesimulator/XCFrameworkIntermediates/React-Core-prebuilt -F/Users/karelbraborec/Library/Developer/Xcode/DerivedData/revmeter-hbcnswmlqmbpnlazhhkncgeowiss/Build/Products/Debug-iphonesimulator/XCFrameworkIntermediates/ReactNativeDependencies -F/Users/karelbraborec/Library/Developer/Xcode/DerivedData/revmeter-hbcnswmlqmbpnlazhhkncgeowiss/Build/Products/Debug-iphonesimulator/XCFrameworkIntermediates/hermes-engine/Pre-built '-DRCT_REMOVE_LEGACY_ARCH=1' '-fmodule-map-file=/Users/karelbraborec/rev-meter/ios/Pods/Headers/Public/ReactCodegen/ReactCodegen.modulemap'

WriteAuxiliaryFile /Users/karelbraborec/Library/Developer/Xcode/DerivedData/revmeter-hbcnswmlqmbpnlazhhkncgeowiss/Build/Intermediates.noindex/Pods.build/Debug-iphonesimulator/ExpoSymbols.build/Objects-normal/x86_64/ExpoSymbols_const_extract_protocols.json (in target 'ExpoSymbols' from project 'Pods')
    cd /Users/karelbraborec/rev-meter/ios/Pods
    write-file /Users/karelbraborec/Library/Developer/Xcode/DerivedData/revmeter-hbcnswmlqmbpnlazhhkncgeowiss/Build/Intermediates.noindex/Pods.build/Debug-iphonesimulator/ExpoSymbols.build/Objects-normal/x86_64/ExpoSymbols_const_extract_protocols.json

WriteAuxiliaryFile /Users/karelbraborec/Library/Developer/Xcode/DerivedData/revmeter-hbcnswmlqmbpnlazhhkncgeowiss/Build/Intermediates.noindex/Pods.build/Debug-iphonesimulator/ExpoSymbols.build/Objects-normal/x86_64/ExpoSymbols.SwiftFileList (in target 'ExpoSymbols' from project 'Pods')
    cd /Users/karelbraborec/rev-meter/ios/Pods
    write-file /Users/karelbraborec/Library/Developer/Xcode/DerivedData/revmeter-hbcnswmlqmbpnlazhhkncgeowiss/Build/Intermediates.noindex/Pods.build/Debug-iphonesimulator/ExpoSymbols.build/Objects-normal/x86_64/ExpoSymbols.SwiftFileList

WriteAuxiliaryFile /Users/karelbraborec/Library/Developer/Xcode/DerivedData/revmeter-hbcnswmlqmbpnlazhhkncgeowiss/Build/Intermediates.noindex/Pods.build/Debug-iphonesimulator/ExpoSymbols.build/Objects-normal/x86_64/ExpoSymbols.SwiftConstValuesFileList (in target 'ExpoSymbols' from project 'Pods')
    cd /Users/karelbraborec/rev-meter/ios/Pods
    write-file /Users/karelbraborec/Library/Developer/Xcode/DerivedData/revmeter-hbcnswmlqmbpnlazhhkncgeowiss/Build/Intermediates.noindex/Pods.build/Debug-iphonesimulator/ExpoSymbols.build/Objects-normal/x86_64/ExpoSymbols.SwiftConstValuesFileList

WriteAuxiliaryFile /Users/karelbraborec/Library/Developer/Xcode/DerivedData/revmeter-hbcnswmlqmbpnlazhhkncgeowiss/Build/Intermediates.noindex/Pods.build/Debug-iphonesimulator/ExpoSymbols.build/Objects-normal/x86_64/ExpoSymbols.LinkFileList (in target 'ExpoSymbols' from project 'Pods')
    cd /Users/karelbraborec/rev-meter/ios/Pods
    write-file /Users/karelbraborec/Library/Developer/Xcode/DerivedData/revmeter-hbcnswmlqmbpnlazhhkncgeowiss/Build/Intermediates.noindex/Pods.build/Debug-iphonesimulator/ExpoSymbols.build/Objects-normal/x86_64/ExpoSymbols.LinkFileList

WriteAuxiliaryFile /Users/karelbraborec/Library/Developer/Xcode/DerivedData/revmeter-hbcnswmlqmbpnlazhhkncgeowiss/Build/Intermediates.noindex/Pods.build/Debug-iphonesimulator/ExpoSymbols.build/Objects-normal/x86_64/ExpoSymbols-OutputFileMap.json (in target 'ExpoSymbols' from project 'Pods')
    cd /Users/karelbraborec/rev-meter/ios/Pods
    write-file /Users/karelbraborec/Library/Developer/Xcode/DerivedData/revmeter-hbcnswmlqmbpnlazhhkncgeowiss/Build/Intermediates.noindex/Pods.build/Debug-iphonesimulator/ExpoSymbols.build/Objects-normal/x86_64/ExpoSymbols-OutputFileMap.json

WriteAuxiliaryFile /Users/karelbraborec/Library/Developer/Xcode/DerivedData/revmeter-hbcnswmlqmbpnlazhhkncgeowiss/Build/Intermediates.noindex/Pods.build/Debug-iphonesimulator/ExpoSymbols.build/Objects-normal/arm64/e6072d4f65d7061329687fe24e3d63a7-common-args.resp (in target 'ExpoSymbols' from project 'Pods')
    cd /Users/karelbraborec/rev-meter/ios/Pods
    write-file /Users/karelbraborec/Library/Developer/Xcode/DerivedData/revmeter-hbcnswmlqmbpnlazhhkncgeowiss/Build/Intermediates.noindex/Pods.build/Debug-iphonesimulator/ExpoSymbols.build/Objects-normal/arm64/e6072d4f65d7061329687fe24e3d63a7-common-args.resp
'-std=gnu11' -fobjc-arc -fmodules '-fmodules-cache-path=/Users/karelbraborec/Library/Developer/Xcode/DerivedData/ModuleCache.noindex' '-fmodule-name=ExpoSymbols' -fpascal-strings -O0 -fno-common '-DPOD_CONFIGURATION_DEBUG=1' '-DDEBUG=1' '-DCOCOAPODS=1' '-DOBJC_OLD_DISPATCH_PROTOTYPES=0' -g '-fobjc-abi-version=2' -fobjc-legacy-dispatch -iquote /Users/karelbraborec/Library/Developer/Xcode/DerivedData/revmeter-hbcnswmlqmbpnlazhhkncgeowiss/Build/Intermediates.noindex/Pods.build/Debug-iphonesimulator/ExpoSymbols.build/ExpoSymbols-generated-files.hmap -I/Users/karelbraborec/Library/Developer/Xcode/DerivedData/revmeter-hbcnswmlqmbpnlazhhkncgeowiss/Build/Intermediates.noindex/Pods.build/Debug-iphonesimulator/ExpoSymbols.build/ExpoSymbols-own-target-headers.hmap -I/Users/karelbraborec/Library/Developer/Xcode/DerivedData/revmeter-hbcnswmlqmbpnlazhhkncgeowiss/Build/Intermediates.noindex/Pods.build/Debug-iphonesimulator/ExpoSymbols.build/ExpoSymbols-all-non-framework-target-headers.hmap -ivfsoverlay /Users/karelbraborec/Library/Developer/Xcode/DerivedData/revmeter-hbcnswmlqmbpnlazhhkncgeowiss/Build/Intermediates.noindex/Pods.build/Debug-iphonesimulator/Pods-8699adb1dd336b26511df848a716bd42-VFS-iphonesimulator/all-product-headers.yaml -iquote /Users/karelbraborec/Library/Developer/Xcode/DerivedData/revmeter-hbcnswmlqmbpnlazhhkncgeowiss/Build/Intermediates.noindex/Pods.build/Debug-iphonesimulator/ExpoSymbols.build/ExpoSymbols-project-headers.hmap -I/Users/karelbraborec/Library/Developer/Xcode/DerivedData/revmeter-hbcnswmlqmbpnlazhhkncgeowiss/Build/Products/Debug-iphonesimulator/ExpoSymbols/include -I/Users/karelbraborec/rev-meter/ios/Pods/Headers/Public -I/Users/karelbraborec/rev-meter/ios/Pods/Headers/Public/FBLazyVector -I/Users/karelbraborec/rev-meter/ios/Pods/Headers/Public/RCTRequired -I/Users/karelbraborec/rev-meter/ios/Pods/Headers/Public/RCTSwiftUIWrapper -I/Users/karelbraborec/rev-meter/ios/Pods/Headers/Public/RCTTypeSafety -I/Users/karelbraborec/rev-meter/ios/Pods/Headers/Public/React-Core -I/Users/karelbraborec/rev-meter/ios/Pods/Headers/Public/React-Core-prebuilt -I/Users/karelbraborec/rev-meter/ios/Pods/Headers/Public/React-CoreModules -I/Users/karelbraborec/rev-meter/ios/Pods/Headers/Public/React-Fabric -I/Users/karelbraborec/rev-meter/ios/Pods/Headers/Public/React-FabricComponents -I/Users/karelbraborec/rev-meter/ios/Pods/Headers/Public/React-FabricImage -I/Users/karelbraborec/rev-meter/ios/Pods/Headers/Public/React-ImageManager -I/Users/karelbraborec/rev-meter/ios/Pods/Headers/Public/React-Mapbuffer -I/Users/karelbraborec/rev-meter/ios/Pods/Headers/Public/React-NativeModulesApple -I/Users/karelbraborec/rev-meter/ios/Pods/Headers/Public/React-RCTAnimation -I/Users/karelbraborec/rev-meter/ios/Pods/Headers/Public/React-RCTBlob -I/Users/karelbraborec/rev-meter/ios/Pods/Headers/Public/React-RCTFBReactNativeSpec -I/Users/karelbraborec/rev-meter/ios/Pods/Headers/Public/React-RCTFabric -I/Users/karelbraborec/rev-meter/ios/Pods/Headers/Public/React-RCTImage -I/Users/karelbraborec/rev-meter/ios/Pods/Headers/Public/React-RCTRuntime -I/Users/karelbraborec/rev-meter/ios/Pods/Headers/Public/React-RCTText -I/Users/karelbraborec/rev-meter/ios/Pods/Headers/Public/React-RuntimeApple -I/Users/karelbraborec/rev-meter/ios/Pods/Headers/Public/React-RuntimeCore -I/Users/karelbraborec/rev-meter/ios/Pods/Headers/Public/React-RuntimeHermes -I/Users/karelbraborec/rev-meter/ios/Pods/Headers/Public/React-callinvoker -I/Users/karelbraborec/rev-meter/ios/Pods/Headers/Public/React-cxxreact -I/Users/karelbraborec/rev-meter/ios/Pods/Headers/Public/React-debug -I/Users/karelbraborec/rev-meter/ios/Pods/Headers/Public/React-defaultsnativemodule -I/Users/karelbraborec/rev-meter/ios/Pods/Headers/Public/React-domnativemodule -I/Users/karelbraborec/rev-meter/ios/Pods/Headers/Public/React-featureflags -I/Users/karelbraborec/rev-meter/ios/Pods/Headers/Public/React-featureflagsnativemodule -I/Users/karelbraborec/rev-meter/ios/Pods/Headers/Public/React-graphics -I/Users/karelbraborec/rev-meter/ios/Pods/Headers/Public/React-hermes -I/Users/karelbraborec/rev-meter/ios/Pods/Headers/Public/React-idlecallbacksnativemodule -I/Users/karelbraborec/rev-meter/ios/Pods/Headers/Public/React-intersectionobservernativemodule -I/Users/karelbraborec/rev-meter/ios/Pods/Headers/Public/React-jserrorhandler -I/Users/karelbraborec/rev-meter/ios/Pods/Headers/Public/React-jsi -I/Users/karelbraborec/rev-meter/ios/Pods/Headers/Public/React-jsiexecutor -I/Users/karelbraborec/rev-meter/ios/Pods/Headers/Public/React-jsinspector -I/Users/karelbraborec/rev-meter/ios/Pods/Headers/Public/React-jsinspectorcdp -I/Users/karelbraborec/rev-meter/ios/Pods/Headers/Public/React-jsinspectornetwork -I/Users/karelbraborec/rev-meter/ios/Pods/Headers/Public/React-jsinspectortracing -I/Users/karelbraborec/rev-meter/ios/Pods/Headers/Public/React-jsitooling -I/Users/karelbraborec/rev-meter/ios/Pods/Headers/Public/React-logger -I/Users/karelbraborec/rev-meter/ios/Pods/Headers/Public/React-microtasksnativemodule -I/Users/karelbraborec/rev-meter/ios/Pods/Headers/Public/React-mutationobservernativemodule -I/Users/karelbraborec/rev-meter/ios/Pods/Headers/Public/React-networking -I/Users/karelbraborec/rev-meter/ios/Pods/Headers/Public/React-oscompat -I/Users/karelbraborec/rev-meter/ios/Pods/Headers/Public/React-perflogger -I/Users/karelbraborec/rev-meter/ios/Pods/Headers/Public/React-performancecdpmetrics -I/Users/karelbraborec/rev-meter/ios/Pods/Headers/Public/React-performancetimeline -I/Users/karelbraborec/rev-meter/ios/Pods/Headers/Public/React-rendererconsistency -I/Users/karelbraborec/rev-meter/ios/Pods/Headers/Public/React-renderercss -I/Users/karelbraborec/rev-meter/ios/Pods/Headers/Public/React-rendererdebug -I/Users/karelbraborec/rev-meter/ios/Pods/Headers/Public/React-runtimeexecutor -I/Users/karelbraborec/rev-meter/ios/Pods/Headers/Public/React-runtimescheduler -I/Users/karelbraborec/rev-meter/ios/Pods/Headers/Public/React-timing -I/Users/karelbraborec/rev-meter/ios/Pods/Headers/Public/React-utils -I/Users/karelbraborec/rev-meter/ios/Pods/Headers/Public/React-viewtransitionnativemodule -I/Users/karelbraborec/rev-meter/ios/Pods/Headers/Public/React-webperformancenativemodule -I/Users/karelbraborec/rev-meter/ios/Pods/Headers/Public/ReactCodegen -I/Users/karelbraborec/rev-meter/ios/Pods/Headers/Public/ReactCommon -I/Users/karelbraborec/rev-meter/ios/Pods/Headers/Public/ReactNativeDependencies -I/Users/karelbraborec/rev-meter/ios/Pods/Headers/Public/Yoga -I/Users/karelbraborec/rev-meter/ios/Pods/Headers/Public/hermes-engine -I/Users/karelbraborec/rev-meter/ios/Pods/ExpoModulesCore/ExpoModulesCore.xcframework/ios-arm64_x86_64-simulator/ExpoModulesCore.framework/Headers -I/Users/karelbraborec/rev-meter/ios/Pods/ExpoModulesCore/ExpoModulesCore.xcframework/ios-arm64/ExpoModulesCore.framework/Headers -I/Users/karelbraborec/rev-meter/ios/Pods/ExpoModulesCore/ExpoModulesCore.xcframework/ios-arm64_x86_64-simulator/ExpoModulesCore.framework/Headers -I/Users/karelbraborec/rev-meter/ios/Pods/ExpoModulesCore/ExpoModulesCore.xcframework/ios-arm64/ExpoModulesCore.framework/Headers -I/Users/karelbraborec/Library/Developer/Xcode/DerivedData/revmeter-hbcnswmlqmbpnlazhhkncgeowiss/Build/Intermediates.noindex/Pods.build/Debug-iphonesimulator/ExpoSymbols.build/DerivedSources-normal/arm64 -I/Users/karelbraborec/Library/Developer/Xcode/DerivedData/revmeter-hbcnswmlqmbpnlazhhkncgeowiss/Build/Intermediates.noindex/Pods.build/Debug-iphonesimulator/ExpoSymbols.build/DerivedSources/arm64 -I/Users/karelbraborec/Library/Developer/Xcode/DerivedData/revmeter-hbcnswmlqmbpnlazhhkncgeowiss/Build/Intermediates.noindex/Pods.build/Debug-iphonesimulator/ExpoSymbols.build/DerivedSources -F/Users/karelbraborec/Library/Developer/Xcode/DerivedData/revmeter-hbcnswmlqmbpnlazhhkncgeowiss/Build/Products/Debug-iphonesimulator/ExpoSymbols -F/Users/karelbraborec/rev-meter/node_modules/expo-modules-jsi/apple/Products -F/Users/karelbraborec/rev-meter/ios/Pods/ExpoModulesCore -F/Users/karelbraborec/rev-meter/ios/Pods/React-Core-prebuilt -F/Users/karelbraborec/rev-meter/ios/Pods/ReactNativeDependencies/framework/packages/react-native -F/Users/karelbraborec/rev-meter/ios/Pods/hermes-engine/destroot/Library/Frameworks/universal -F/Users/karelbraborec/Library/Developer/Xcode/DerivedData/revmeter-hbcnswmlqmbpnlazhhkncgeowiss/Build/Products/Debug-iphonesimulator/XCFrameworkIntermediates/ExpoModulesCore -F/Users/karelbraborec/Library/Developer/Xcode/DerivedData/revmeter-hbcnswmlqmbpnlazhhkncgeowiss/Build/Products/Debug-iphonesimulator/XCFrameworkIntermediates/ExpoModulesJSI -F/Users/karelbraborec/Library/Developer/Xcode/DerivedData/revmeter-hbcnswmlqmbpnlazhhkncgeowiss/Build/Products/Debug-iphonesimulator/XCFrameworkIntermediates/React-Core-prebuilt -F/Users/karelbraborec/Library/Developer/Xcode/DerivedData/revmeter-hbcnswmlqmbpnlazhhkncgeowiss/Build/Products/Debug-iphonesimulator/XCFrameworkIntermediates/ReactNativeDependencies -F/Users/karelbraborec/Library/Developer/Xcode/DerivedData/revmeter-hbcnswmlqmbpnlazhhkncgeowiss/Build/Products/Debug-iphonesimulator/XCFrameworkIntermediates/hermes-engine/Pre-built '-DRCT_REMOVE_LEGACY_ARCH=1' '-fmodule-map-file=/Users/karelbraborec/rev-meter/ios/Pods/Headers/Public/ReactCodegen/ReactCodegen.modulemap'

WriteAuxiliaryFile /Users/karelbraborec/Library/Developer/Xcode/DerivedData/revmeter-hbcnswmlqmbpnlazhhkncgeowiss/Build/Intermediates.noindex/Pods.build/Debug-iphonesimulator/ExpoSymbols.build/Objects-normal/arm64/ExpoSymbols_const_extract_protocols.json (in target 'ExpoSymbols' from project 'Pods')
    cd /Users/karelbraborec/rev-meter/ios/Pods
    write-file /Users/karelbraborec/Library/Developer/Xcode/DerivedData/revmeter-hbcnswmlqmbpnlazhhkncgeowiss/Build/Intermediates.noindex/Pods.build/Debug-iphonesimulator/ExpoSymbols.build/Objects-normal/arm64/ExpoSymbols_const_extract_protocols.json

WriteAuxiliaryFile /Users/karelbraborec/Library/Developer/Xcode/DerivedData/revmeter-hbcnswmlqmbpnlazhhkncgeowiss/Build/Intermediates.noindex/Pods.build/Debug-iphonesimulator/ExpoSymbols.build/Objects-normal/arm64/ExpoSymbols.SwiftConstValuesFileList (in target 'ExpoSymbols' from project 'Pods')
    cd /Users/karelbraborec/rev-meter/ios/Pods
    write-file /Users/karelbraborec/Library/Developer/Xcode/DerivedData/revmeter-hbcnswmlqmbpnlazhhkncgeowiss/Build/Intermediates.noindex/Pods.build/Debug-iphonesimulator/ExpoSymbols.build/Objects-normal/arm64/ExpoSymbols.SwiftConstValuesFileList

WriteAuxiliaryFile /Users/karelbraborec/Library/Developer/Xcode/DerivedData/revmeter-hbcnswmlqmbpnlazhhkncgeowiss/Build/Intermediates.noindex/Pods.build/Debug-iphonesimulator/ExpoSymbols.build/Objects-normal/arm64/ExpoSymbols.SwiftFileList (in target 'ExpoSymbols' from project 'Pods')
    cd /Users/karelbraborec/rev-meter/ios/Pods
    write-file /Users/karelbraborec/Library/Developer/Xcode/DerivedData/revmeter-hbcnswmlqmbpnlazhhkncgeowiss/Build/Intermediates.noindex/Pods.build/Debug-iphonesimulator/ExpoSymbols.build/Objects-normal/arm64/ExpoSymbols.SwiftFileList

WriteAuxiliaryFile /Users/karelbraborec/Library/Developer/Xcode/DerivedData/revmeter-hbcnswmlqmbpnlazhhkncgeowiss/Build/Intermediates.noindex/Pods.build/Debug-iphonesimulator/ExpoSymbols.build/Objects-normal/arm64/ExpoSymbols.LinkFileList (in target 'ExpoSymbols' from project 'Pods')
    cd /Users/karelbraborec/rev-meter/ios/Pods
    write-file /Users/karelbraborec/Library/Developer/Xcode/DerivedData/revmeter-hbcnswmlqmbpnlazhhkncgeowiss/Build/Intermediates.noindex/Pods.build/Debug-iphonesimulator/ExpoSymbols.build/Objects-normal/arm64/ExpoSymbols.LinkFileList

WriteAuxiliaryFile /Users/karelbraborec/Library/Developer/Xcode/DerivedData/revmeter-hbcnswmlqmbpnlazhhkncgeowiss/Build/Intermediates.noindex/Pods.build/Debug-iphonesimulator/ExpoSymbols.build/Objects-normal/arm64/ExpoSymbols-OutputFileMap.json (in target 'ExpoSymbols' from project 'Pods')
    cd /Users/karelbraborec/rev-meter/ios/Pods
    write-file /Users/karelbraborec/Library/Developer/Xcode/DerivedData/revmeter-hbcnswmlqmbpnlazhhkncgeowiss/Build/Intermediates.noindex/Pods.build/Debug-iphonesimulator/ExpoSymbols.build/Objects-normal/arm64/ExpoSymbols-OutputFileMap.json

WriteAuxiliaryFile /Users/karelbraborec/Library/Developer/Xcode/DerivedData/revmeter-hbcnswmlqmbpnlazhhkncgeowiss/Build/Intermediates.noindex/Pods.build/Debug-iphonesimulator/ExpoSymbols.build/ExpoSymbols.hmap (in target 'ExpoSymbols' from project 'Pods')
    cd /Users/karelbraborec/rev-meter/ios/Pods
    write-file /Users/karelbraborec/Library/Developer/Xcode/DerivedData/revmeter-hbcnswmlqmbpnlazhhkncgeowiss/Build/Intermediates.noindex/Pods.build/Debug-iphonesimulator/ExpoSymbols.build/ExpoSymbols.hmap

WriteAuxiliaryFile /Users/karelbraborec/Library/Developer/Xcode/DerivedData/revmeter-hbcnswmlqmbpnlazhhkncgeowiss/Build/Intermediates.noindex/Pods.build/Debug-iphonesimulator/ExpoSymbols.build/ExpoSymbols.DependencyStaticMetadataFileList (in target 'ExpoSymbols' from project 'Pods')
    cd /Users/karelbraborec/rev-meter/ios/Pods
    write-file /Users/karelbraborec/Library/Developer/Xcode/DerivedData/revmeter-hbcnswmlqmbpnlazhhkncgeowiss/Build/Intermediates.noindex/Pods.build/Debug-iphonesimulator/ExpoSymbols.build/ExpoSymbols.DependencyStaticMetadataFileList

WriteAuxiliaryFile /Users/karelbraborec/Library/Developer/Xcode/DerivedData/revmeter-hbcnswmlqmbpnlazhhkncgeowiss/Build/Intermediates.noindex/Pods.build/Debug-iphonesimulator/ExpoSymbols.build/ExpoSymbols.DependencyMetadataFileList (in target 'ExpoSymbols' from project 'Pods')
    cd /Users/karelbraborec/rev-meter/ios/Pods
    write-file /Users/karelbraborec/Library/Developer/Xcode/DerivedData/revmeter-hbcnswmlqmbpnlazhhkncgeowiss/Build/Intermediates.noindex/Pods.build/Debug-iphonesimulator/ExpoSymbols.build/ExpoSymbols.DependencyMetadataFileList

WriteAuxiliaryFile /Users/karelbraborec/Library/Developer/Xcode/DerivedData/revmeter-hbcnswmlqmbpnlazhhkncgeowiss/Build/Intermediates.noindex/Pods.build/Debug-iphonesimulator/ExpoSymbols.build/ExpoSymbols-project-headers.hmap (in target 'ExpoSymbols' from project 'Pods')
    cd /Users/karelbraborec/rev-meter/ios/Pods
    write-file /Users/karelbraborec/Library/Developer/Xcode/DerivedData/revmeter-hbcnswmlqmbpnlazhhkncgeowiss/Build/Intermediates.noindex/Pods.build/Debug-iphonesimulator/ExpoSymbols.build/ExpoSymbols-project-headers.hmap

WriteAuxiliaryFile /Users/karelbraborec/Library/Developer/Xcode/DerivedData/revmeter-hbcnswmlqmbpnlazhhkncgeowiss/Build/Intermediates.noindex/Pods.build/Debug-iphonesimulator/ExpoSymbols.build/ExpoSymbols-own-target-headers.hmap (in target 'ExpoSymbols' from project 'Pods')
    cd /Users/karelbraborec/rev-meter/ios/Pods
    write-file /Users/karelbraborec/Library/Developer/Xcode/DerivedData/revmeter-hbcnswmlqmbpnlazhhkncgeowiss/Build/Intermediates.noindex/Pods.build/Debug-iphonesimulator/ExpoSymbols.build/ExpoSymbols-own-target-headers.hmap

WriteAuxiliaryFile /Users/karelbraborec/Library/Developer/Xcode/DerivedData/revmeter-hbcnswmlqmbpnlazhhkncgeowiss/Build/Intermediates.noindex/Pods.build/Debug-iphonesimulator/ExpoSymbols.build/ExpoSymbols-generated-files.hmap (in target 'ExpoSymbols' from project 'Pods')
    cd /Users/karelbraborec/rev-meter/ios/Pods
    write-file /Users/karelbraborec/Library/Developer/Xcode/DerivedData/revmeter-hbcnswmlqmbpnlazhhkncgeowiss/Build/Intermediates.noindex/Pods.build/Debug-iphonesimulator/ExpoSymbols.build/ExpoSymbols-generated-files.hmap

WriteAuxiliaryFile /Users/karelbraborec/Library/Developer/Xcode/DerivedData/revmeter-hbcnswmlqmbpnlazhhkncgeowiss/Build/Intermediates.noindex/Pods.build/Debug-iphonesimulator/ExpoSymbols.build/ExpoSymbols-all-target-headers.hmap (in target 'ExpoSymbols' from project 'Pods')
    cd /Users/karelbraborec/rev-meter/ios/Pods
    write-file /Users/karelbraborec/Library/Developer/Xcode/DerivedData/revmeter-hbcnswmlqmbpnlazhhkncgeowiss/Build/Intermediates.noindex/Pods.build/Debug-iphonesimulator/ExpoSymbols.build/ExpoSymbols-all-target-headers.hmap

WriteAuxiliaryFile /Users/karelbraborec/Library/Developer/Xcode/DerivedData/revmeter-hbcnswmlqmbpnlazhhkncgeowiss/Build/Intermediates.noindex/Pods.build/Debug-iphonesimulator/ExpoSymbols.build/ExpoSymbols-all-non-framework-target-headers.hmap (in target 'ExpoSymbols' from project 'Pods')
    cd /Users/karelbraborec/rev-meter/ios/Pods
    write-file /Users/karelbraborec/Library/Developer/Xcode/DerivedData/revmeter-hbcnswmlqmbpnlazhhkncgeowiss/Build/Intermediates.noindex/Pods.build/Debug-iphonesimulator/ExpoSymbols.build/ExpoSymbols-all-non-framework-target-headers.hmap

WriteAuxiliaryFile /Users/karelbraborec/Library/Developer/Xcode/DerivedData/revmeter-hbcnswmlqmbpnlazhhkncgeowiss/Build/Intermediates.noindex/Pods.build/Debug-iphonesimulator/ExpoSplashScreen.build/Script-46EB2E00018260.sh (in target 'ExpoSplashScreen' from project 'Pods')
    cd /Users/karelbraborec/rev-meter/ios/Pods
    write-file /Users/karelbraborec/Library/Developer/Xcode/DerivedData/revmeter-hbcnswmlqmbpnlazhhkncgeowiss/Build/Intermediates.noindex/Pods.build/Debug-iphonesimulator/ExpoSplashScreen.build/Script-46EB2E00018260.sh

WriteAuxiliaryFile /Users/karelbraborec/Library/Developer/Xcode/DerivedData/revmeter-hbcnswmlqmbpnlazhhkncgeowiss/Build/Intermediates.noindex/Pods.build/Debug-iphonesimulator/ExpoSplashScreen.build/Objects-normal/x86_64/e6072d4f65d7061329687fe24e3d63a7-common-args.resp (in target 'ExpoSplashScreen' from project 'Pods')
    cd /Users/karelbraborec/rev-meter/ios/Pods
    write-file /Users/karelbraborec/Library/Developer/Xcode/DerivedData/revmeter-hbcnswmlqmbpnlazhhkncgeowiss/Build/Intermediates.noindex/Pods.build/Debug-iphonesimulator/ExpoSplashScreen.build/Objects-normal/x86_64/e6072d4f65d7061329687fe24e3d63a7-common-args.resp
'-std=gnu11' -fobjc-arc -fmodules '-fmodules-cache-path=/Users/karelbraborec/Library/Developer/Xcode/DerivedData/ModuleCache.noindex' '-fmodule-name=ExpoSplashScreen' -fpascal-strings -O0 -fno-common '-DPOD_CONFIGURATION_DEBUG=1' '-DDEBUG=1' '-DCOCOAPODS=1' '-DOBJC_OLD_DISPATCH_PROTOTYPES=0' -fasm-blocks -g '-fobjc-abi-version=2' -fobjc-legacy-dispatch -iquote /Users/karelbraborec/Library/Developer/Xcode/DerivedData/revmeter-hbcnswmlqmbpnlazhhkncgeowiss/Build/Intermediates.noindex/Pods.build/Debug-iphonesimulator/ExpoSplashScreen.build/ExpoSplashScreen-generated-files.hmap -I/Users/karelbraborec/Library/Developer/Xcode/DerivedData/revmeter-hbcnswmlqmbpnlazhhkncgeowiss/Build/Intermediates.noindex/Pods.build/Debug-iphonesimulator/ExpoSplashScreen.build/ExpoSplashScreen-own-target-headers.hmap -I/Users/karelbraborec/Library/Developer/Xcode/DerivedData/revmeter-hbcnswmlqmbpnlazhhkncgeowiss/Build/Intermediates.noindex/Pods.build/Debug-iphonesimulator/ExpoSplashScreen.build/ExpoSplashScreen-all-non-framework-target-headers.hmap -ivfsoverlay /Users/karelbraborec/Library/Developer/Xcode/DerivedData/revmeter-hbcnswmlqmbpnlazhhkncgeowiss/Build/Intermediates.noindex/Pods.build/Debug-iphonesimulator/Pods-8699adb1dd336b26511df848a716bd42-VFS-iphonesimulator/all-product-headers.yaml -iquote /Users/karelbraborec/Library/Developer/Xcode/DerivedData/revmeter-hbcnswmlqmbpnlazhhkncgeowiss/Build/Intermediates.noindex/Pods.build/Debug-iphonesimulator/ExpoSplashScreen.build/ExpoSplashScreen-project-headers.hmap -I/Users/karelbraborec/Library/Developer/Xcode/DerivedData/revmeter-hbcnswmlqmbpnlazhhkncgeowiss/Build/Products/Debug-iphonesimulator/ExpoSplashScreen/include -I/Users/karelbraborec/rev-meter/ios/Pods/Headers/Public -I/Users/karelbraborec/rev-meter/ios/Pods/Headers/Public/FBLazyVector -I/Users/karelbraborec/rev-meter/ios/Pods/Headers/Public/RCTRequired -I/Users/karelbraborec/rev-meter/ios/Pods/Headers/Public/RCTSwiftUIWrapper -I/Users/karelbraborec/rev-meter/ios/Pods/Headers/Public/RCTTypeSafety -I/Users/karelbraborec/rev-meter/ios/Pods/Headers/Public/React-Core -I/Users/karelbraborec/rev-meter/ios/Pods/Headers/Public/React-Core-prebuilt -I/Users/karelbraborec/rev-meter/ios/Pods/Headers/Public/React-CoreModules -I/Users/karelbraborec/rev-meter/ios/Pods/Headers/Public/React-Fabric -I/Users/karelbraborec/rev-meter/ios/Pods/Headers/Public/React-FabricComponents -I/Users/karelbraborec/rev-meter/ios/Pods/Headers/Public/React-FabricImage -I/Users/karelbraborec/rev-meter/ios/Pods/Headers/Public/React-ImageManager -I/Users/karelbraborec/rev-meter/ios/Pods/Headers/Public/React-Mapbuffer -I/Users/karelbraborec/rev-meter/ios/Pods/Headers/Public/React-NativeModulesApple -I/Users/karelbraborec/rev-meter/ios/Pods/Headers/Public/React-RCTAnimation -I/Users/karelbraborec/rev-meter/ios/Pods/Headers/Public/React-RCTBlob -I/Users/karelbraborec/rev-meter/ios/Pods/Headers/Public/React-RCTFBReactNativeSpec -I/Users/karelbraborec/rev-meter/ios/Pods/Headers/Public/React-RCTFabric -I/Users/karelbraborec/rev-meter/ios/Pods/Headers/Public/React-RCTImage -I/Users/karelbraborec/rev-meter/ios/Pods/Headers/Public/React-RCTRuntime -I/Users/karelbraborec/rev-meter/ios/Pods/Headers/Public/React-RCTText -I/Users/karelbraborec/rev-meter/ios/Pods/Headers/Public/React-RuntimeApple -I/Users/karelbraborec/rev-meter/ios/Pods/Headers/Public/React-RuntimeCore -I/Users/karelbraborec/rev-meter/ios/Pods/Headers/Public/React-RuntimeHermes -I/Users/karelbraborec/rev-meter/ios/Pods/Headers/Public/React-callinvoker -I/Users/karelbraborec/rev-meter/ios/Pods/Headers/Public/React-cxxreact -I/Users/karelbraborec/rev-meter/ios/Pods/Headers/Public/React-debug -I/Users/karelbraborec/rev-meter/ios/Pods/Headers/Public/React-defaultsnativemodule -I/Users/karelbraborec/rev-meter/ios/Pods/Headers/Public/React-domnativemodule -I/Users/karelbraborec/rev-meter/ios/Pods/Headers/Public/React-featureflags -I/Users/karelbraborec/rev-meter/ios/Pods/Headers/Public/React-featureflagsnativemodule -I/Users/karelbraborec/rev-meter/ios/Pods/Headers/Public/React-graphics -I/Users/karelbraborec/rev-meter/ios/Pods/Headers/Public/React-hermes -I/Users/karelbraborec/rev-meter/ios/Pods/Headers/Public/React-idlecallbacksnativemodule -I/Users/karelbraborec/rev-meter/ios/Pods/Headers/Public/React-intersectionobservernativemodule -I/Users/karelbraborec/rev-meter/ios/Pods/Headers/Public/React-jserrorhandler -I/Users/karelbraborec/rev-meter/ios/Pods/Headers/Public/React-jsi -I/Users/karelbraborec/rev-meter/ios/Pods/Headers/Public/React-jsiexecutor -I/Users/karelbraborec/rev-meter/ios/Pods/Headers/Public/React-jsinspector -I/Users/karelbraborec/rev-meter/ios/Pods/Headers/Public/React-jsinspectorcdp -I/Users/karelbraborec/rev-meter/ios/Pods/Headers/Public/React-jsinspectornetwork -I/Users/karelbraborec/rev-meter/ios/Pods/Headers/Public/React-jsinspectortracing -I/Users/karelbraborec/rev-meter/ios/Pods/Headers/Public/React-jsitooling -I/Users/karelbraborec/rev-meter/ios/Pods/Headers/Public/React-logger -I/Users/karelbraborec/rev-meter/ios/Pods/Headers/Public/React-microtasksnativemodule -I/Users/karelbraborec/rev-meter/ios/Pods/Headers/Public/React-mutationobservernativemodule -I/Users/karelbraborec/rev-meter/ios/Pods/Headers/Public/React-networking -I/Users/karelbraborec/rev-meter/ios/Pods/Headers/Public/React-oscompat -I/Users/karelbraborec/rev-meter/ios/Pods/Headers/Public/React-perflogger -I/Users/karelbraborec/rev-meter/ios/Pods/Headers/Public/React-performancecdpmetrics -I/Users/karelbraborec/rev-meter/ios/Pods/Headers/Public/React-performancetimeline -I/Users/karelbraborec/rev-meter/ios/Pods/Headers/Public/React-rendererconsistency -I/Users/karelbraborec/rev-meter/ios/Pods/Headers/Public/React-renderercss -I/Users/karelbraborec/rev-meter/ios/Pods/Headers/Public/React-rendererdebug -I/Users/karelbraborec/rev-meter/ios/Pods/Headers/Public/React-runtimeexecutor -I/Users/karelbraborec/rev-meter/ios/Pods/Headers/Public/React-runtimescheduler -I/Users/karelbraborec/rev-meter/ios/Pods/Headers/Public/React-timing -I/Users/karelbraborec/rev-meter/ios/Pods/Headers/Public/React-utils -I/Users/karelbraborec/rev-meter/ios/Pods/Headers/Public/React-viewtransitionnativemodule -I/Users/karelbraborec/rev-meter/ios/Pods/Headers/Public/React-webperformancenativemodule -I/Users/karelbraborec/rev-meter/ios/Pods/Headers/Public/ReactCodegen -I/Users/karelbraborec/rev-meter/ios/Pods/Headers/Public/ReactCommon -I/Users/karelbraborec/rev-meter/ios/Pods/Headers/Public/ReactNativeDependencies -I/Users/karelbraborec/rev-meter/ios/Pods/Headers/Public/Yoga -I/Users/karelbraborec/rev-meter/ios/Pods/Headers/Public/hermes-engine -I/Users/karelbraborec/rev-meter/ios/Pods/ExpoModulesCore/ExpoModulesCore.xcframework/ios-arm64_x86_64-simulator/ExpoModulesCore.framework/Headers -I/Users/karelbraborec/rev-meter/ios/Pods/ExpoModulesCore/ExpoModulesCore.xcframework/ios-arm64/ExpoModulesCore.framework/Headers -I/Users/karelbraborec/rev-meter/ios/Pods/ExpoModulesCore/ExpoModulesCore.xcframework/ios-arm64_x86_64-simulator/ExpoModulesCore.framework/Headers -I/Users/karelbraborec/rev-meter/ios/Pods/ExpoModulesCore/ExpoModulesCore.xcframework/ios-arm64/ExpoModulesCore.framework/Headers -I/Users/karelbraborec/Library/Developer/Xcode/DerivedData/revmeter-hbcnswmlqmbpnlazhhkncgeowiss/Build/Intermediates.noindex/Pods.build/Debug-iphonesimulator/ExpoSplashScreen.build/DerivedSources-normal/x86_64 -I/Users/karelbraborec/Library/Developer/Xcode/DerivedData/revmeter-hbcnswmlqmbpnlazhhkncgeowiss/Build/Intermediates.noindex/Pods.build/Debug-iphonesimulator/ExpoSplashScreen.build/DerivedSources/x86_64 -I/Users/karelbraborec/Library/Developer/Xcode/DerivedData/revmeter-hbcnswmlqmbpnlazhhkncgeowiss/Build/Intermediates.noindex/Pods.build/Debug-iphonesimulator/ExpoSplashScreen.build/DerivedSources -F/Users/karelbraborec/Library/Developer/Xcode/DerivedData/revmeter-hbcnswmlqmbpnlazhhkncgeowiss/Build/Products/Debug-iphonesimulator/ExpoSplashScreen -F/Users/karelbraborec/rev-meter/node_modules/expo-modules-jsi/apple/Products -F/Users/karelbraborec/rev-meter/ios/Pods/ExpoModulesCore -F/Users/karelbraborec/rev-meter/ios/Pods/React-Core-prebuilt -F/Users/karelbraborec/rev-meter/ios/Pods/ReactNativeDependencies/framework/packages/react-native -F/Users/karelbraborec/rev-meter/ios/Pods/hermes-engine/destroot/Library/Frameworks/universal -F/Users/karelbraborec/Library/Developer/Xcode/DerivedData/revmeter-hbcnswmlqmbpnlazhhkncgeowiss/Build/Products/Debug-iphonesimulator/XCFrameworkIntermediates/ExpoModulesCore -F/Users/karelbraborec/Library/Developer/Xcode/DerivedData/revmeter-hbcnswmlqmbpnlazhhkncgeowiss/Build/Products/Debug-iphonesimulator/XCFrameworkIntermediates/ExpoModulesJSI -F/Users/karelbraborec/Library/Developer/Xcode/DerivedData/revmeter-hbcnswmlqmbpnlazhhkncgeowiss/Build/Products/Debug-iphonesimulator/XCFrameworkIntermediates/React-Core-prebuilt -F/Users/karelbraborec/Library/Developer/Xcode/DerivedData/revmeter-hbcnswmlqmbpnlazhhkncgeowiss/Build/Products/Debug-iphonesimulator/XCFrameworkIntermediates/ReactNativeDependencies -F/Users/karelbraborec/Library/Developer/Xcode/DerivedData/revmeter-hbcnswmlqmbpnlazhhkncgeowiss/Build/Products/Debug-iphonesimulator/XCFrameworkIntermediates/hermes-engine/Pre-built '-DRCT_REMOVE_LEGACY_ARCH=1' '-fmodule-map-file=/Users/karelbraborec/rev-meter/ios/Pods/Headers/Public/ReactCodegen/ReactCodegen.modulemap'

WriteAuxiliaryFile /Users/karelbraborec/Library/Developer/Xcode/DerivedData/revmeter-hbcnswmlqmbpnlazhhkncgeowiss/Build/Intermediates.noindex/Pods.build/Debug-iphonesimulator/ExpoSplashScreen.build/Objects-normal/x86_64/ExpoSplashScreen_const_extract_protocols.json (in target 'ExpoSplashScreen' from project 'Pods')
    cd /Users/karelbraborec/rev-meter/ios/Pods
    write-file /Users/karelbraborec/Library/Developer/Xcode/DerivedData/revmeter-hbcnswmlqmbpnlazhhkncgeowiss/Build/Intermediates.noindex/Pods.build/Debug-iphonesimulator/ExpoSplashScreen.build/Objects-normal/x86_64/ExpoSplashScreen_const_extract_protocols.json

WriteAuxiliaryFile /Users/karelbraborec/Library/Developer/Xcode/DerivedData/revmeter-hbcnswmlqmbpnlazhhkncgeowiss/Build/Intermediates.noindex/Pods.build/Debug-iphonesimulator/ExpoSplashScreen.build/Objects-normal/x86_64/ExpoSplashScreen.SwiftFileList (in target 'ExpoSplashScreen' from project 'Pods')
    cd /Users/karelbraborec/rev-meter/ios/Pods
    write-file /Users/karelbraborec/Library/Developer/Xcode/DerivedData/revmeter-hbcnswmlqmbpnlazhhkncgeowiss/Build/Intermediates.noindex/Pods.build/Debug-iphonesimulator/ExpoSplashScreen.build/Objects-normal/x86_64/ExpoSplashScreen.SwiftFileList

WriteAuxiliaryFile /Users/karelbraborec/Library/Developer/Xcode/DerivedData/revmeter-hbcnswmlqmbpnlazhhkncgeowiss/Build/Intermediates.noindex/Pods.build/Debug-iphonesimulator/ExpoSplashScreen.build/Objects-normal/x86_64/ExpoSplashScreen.SwiftConstValuesFileList (in target 'ExpoSplashScreen' from project 'Pods')
    cd /Users/karelbraborec/rev-meter/ios/Pods
    write-file /Users/karelbraborec/Library/Developer/Xcode/DerivedData/revmeter-hbcnswmlqmbpnlazhhkncgeowiss/Build/Intermediates.noindex/Pods.build/Debug-iphonesimulator/ExpoSplashScreen.build/Objects-normal/x86_64/ExpoSplashScreen.SwiftConstValuesFileList

WriteAuxiliaryFile /Users/karelbraborec/Library/Developer/Xcode/DerivedData/revmeter-hbcnswmlqmbpnlazhhkncgeowiss/Build/Intermediates.noindex/Pods.build/Debug-iphonesimulator/ExpoSplashScreen.build/Objects-normal/x86_64/ExpoSplashScreen.LinkFileList (in target 'ExpoSplashScreen' from project 'Pods')
    cd /Users/karelbraborec/rev-meter/ios/Pods
    write-file /Users/karelbraborec/Library/Developer/Xcode/DerivedData/revmeter-hbcnswmlqmbpnlazhhkncgeowiss/Build/Intermediates.noindex/Pods.build/Debug-iphonesimulator/ExpoSplashScreen.build/Objects-normal/x86_64/ExpoSplashScreen.LinkFileList

WriteAuxiliaryFile /Users/karelbraborec/Library/Developer/Xcode/DerivedData/revmeter-hbcnswmlqmbpnlazhhkncgeowiss/Build/Intermediates.noindex/Pods.build/Debug-iphonesimulator/ExpoSplashScreen.build/Objects-normal/x86_64/ExpoSplashScreen-OutputFileMap.json (in target 'ExpoSplashScreen' from project 'Pods')
    cd /Users/karelbraborec/rev-meter/ios/Pods
    write-file /Users/karelbraborec/Library/Developer/Xcode/DerivedData/revmeter-hbcnswmlqmbpnlazhhkncgeowiss/Build/Intermediates.noindex/Pods.build/Debug-iphonesimulator/ExpoSplashScreen.build/Objects-normal/x86_64/ExpoSplashScreen-OutputFileMap.json

WriteAuxiliaryFile /Users/karelbraborec/Library/Developer/Xcode/DerivedData/revmeter-hbcnswmlqmbpnlazhhkncgeowiss/Build/Intermediates.noindex/Pods.build/Debug-iphonesimulator/ExpoSplashScreen.build/Objects-normal/arm64/e6072d4f65d7061329687fe24e3d63a7-common-args.resp (in target 'ExpoSplashScreen' from project 'Pods')
    cd /Users/karelbraborec/rev-meter/ios/Pods
    write-file /Users/karelbraborec/Library/Developer/Xcode/DerivedData/revmeter-hbcnswmlqmbpnlazhhkncgeowiss/Build/Intermediates.noindex/Pods.build/Debug-iphonesimulator/ExpoSplashScreen.build/Objects-normal/arm64/e6072d4f65d7061329687fe24e3d63a7-common-args.resp
'-std=gnu11' -fobjc-arc -fmodules '-fmodules-cache-path=/Users/karelbraborec/Library/Developer/Xcode/DerivedData/ModuleCache.noindex' '-fmodule-name=ExpoSplashScreen' -fpascal-strings -O0 -fno-common '-DPOD_CONFIGURATION_DEBUG=1' '-DDEBUG=1' '-DCOCOAPODS=1' '-DOBJC_OLD_DISPATCH_PROTOTYPES=0' -g '-fobjc-abi-version=2' -fobjc-legacy-dispatch -iquote /Users/karelbraborec/Library/Developer/Xcode/DerivedData/revmeter-hbcnswmlqmbpnlazhhkncgeowiss/Build/Intermediates.noindex/Pods.build/Debug-iphonesimulator/ExpoSplashScreen.build/ExpoSplashScreen-generated-files.hmap -I/Users/karelbraborec/Library/Developer/Xcode/DerivedData/revmeter-hbcnswmlqmbpnlazhhkncgeowiss/Build/Intermediates.noindex/Pods.build/Debug-iphonesimulator/ExpoSplashScreen.build/ExpoSplashScreen-own-target-headers.hmap -I/Users/karelbraborec/Library/Developer/Xcode/DerivedData/revmeter-hbcnswmlqmbpnlazhhkncgeowiss/Build/Intermediates.noindex/Pods.build/Debug-iphonesimulator/ExpoSplashScreen.build/ExpoSplashScreen-all-non-framework-target-headers.hmap -ivfsoverlay /Users/karelbraborec/Library/Developer/Xcode/DerivedData/revmeter-hbcnswmlqmbpnlazhhkncgeowiss/Build/Intermediates.noindex/Pods.build/Debug-iphonesimulator/Pods-8699adb1dd336b26511df848a716bd42-VFS-iphonesimulator/all-product-headers.yaml -iquote /Users/karelbraborec/Library/Developer/Xcode/DerivedData/revmeter-hbcnswmlqmbpnlazhhkncgeowiss/Build/Intermediates.noindex/Pods.build/Debug-iphonesimulator/ExpoSplashScreen.build/ExpoSplashScreen-project-headers.hmap -I/Users/karelbraborec/Library/Developer/Xcode/DerivedData/revmeter-hbcnswmlqmbpnlazhhkncgeowiss/Build/Products/Debug-iphonesimulator/ExpoSplashScreen/include -I/Users/karelbraborec/rev-meter/ios/Pods/Headers/Public -I/Users/karelbraborec/rev-meter/ios/Pods/Headers/Public/FBLazyVector -I/Users/karelbraborec/rev-meter/ios/Pods/Headers/Public/RCTRequired -I/Users/karelbraborec/rev-meter/ios/Pods/Headers/Public/RCTSwiftUIWrapper -I/Users/karelbraborec/rev-meter/ios/Pods/Headers/Public/RCTTypeSafety -I/Users/karelbraborec/rev-meter/ios/Pods/Headers/Public/React-Core -I/Users/karelbraborec/rev-meter/ios/Pods/Headers/Public/React-Core-prebuilt -I/Users/karelbraborec/rev-meter/ios/Pods/Headers/Public/React-CoreModules -I/Users/karelbraborec/rev-meter/ios/Pods/Headers/Public/React-Fabric -I/Users/karelbraborec/rev-meter/ios/Pods/Headers/Public/React-FabricComponents -I/Users/karelbraborec/rev-meter/ios/Pods/Headers/Public/React-FabricImage -I/Users/karelbraborec/rev-meter/ios/Pods/Headers/Public/React-ImageManager -I/Users/karelbraborec/rev-meter/ios/Pods/Headers/Public/React-Mapbuffer -I/Users/karelbraborec/rev-meter/ios/Pods/Headers/Public/React-NativeModulesApple -I/Users/karelbraborec/rev-meter/ios/Pods/Headers/Public/React-RCTAnimation -I/Users/karelbraborec/rev-meter/ios/Pods/Headers/Public/React-RCTBlob -I/Users/karelbraborec/rev-meter/ios/Pods/Headers/Public/React-RCTFBReactNativeSpec -I/Users/karelbraborec/rev-meter/ios/Pods/Headers/Public/React-RCTFabric -I/Users/karelbraborec/rev-meter/ios/Pods/Headers/Public/React-RCTImage -I/Users/karelbraborec/rev-meter/ios/Pods/Headers/Public/React-RCTRuntime -I/Users/karelbraborec/rev-meter/ios/Pods/Headers/Public/React-RCTText -I/Users/karelbraborec/rev-meter/ios/Pods/Headers/Public/React-RuntimeApple -I/Users/karelbraborec/rev-meter/ios/Pods/Headers/Public/React-RuntimeCore -I/Users/karelbraborec/rev-meter/ios/Pods/Headers/Public/React-RuntimeHermes -I/Users/karelbraborec/rev-meter/ios/Pods/Headers/Public/React-callinvoker -I/Users/karelbraborec/rev-meter/ios/Pods/Headers/Public/React-cxxreact -I/Users/karelbraborec/rev-meter/ios/Pods/Headers/Public/React-debug -I/Users/karelbraborec/rev-meter/ios/Pods/Headers/Public/React-defaultsnativemodule -I/Users/karelbraborec/rev-meter/ios/Pods/Headers/Public/React-domnativemodule -I/Users/karelbraborec/rev-meter/ios/Pods/Headers/Public/React-featureflags -I/Users/karelbraborec/rev-meter/ios/Pods/Headers/Public/React-featureflagsnativemodule -I/Users/karelbraborec/rev-meter/ios/Pods/Headers/Public/React-graphics -I/Users/karelbraborec/rev-meter/ios/Pods/Headers/Public/React-hermes -I/Users/karelbraborec/rev-meter/ios/Pods/Headers/Public/React-idlecallbacksnativemodule -I/Users/karelbraborec/rev-meter/ios/Pods/Headers/Public/React-intersectionobservernativemodule -I/Users/karelbraborec/rev-meter/ios/Pods/Headers/Public/React-jserrorhandler -I/Users/karelbraborec/rev-meter/ios/Pods/Headers/Public/React-jsi -I/Users/karelbraborec/rev-meter/ios/Pods/Headers/Public/React-jsiexecutor -I/Users/karelbraborec/rev-meter/ios/Pods/Headers/Public/React-jsinspector -I/Users/karelbraborec/rev-meter/ios/Pods/Headers/Public/React-jsinspectorcdp -I/Users/karelbraborec/rev-meter/ios/Pods/Headers/Public/React-jsinspectornetwork -I/Users/karelbraborec/rev-meter/ios/Pods/Headers/Public/React-jsinspectortracing -I/Users/karelbraborec/rev-meter/ios/Pods/Headers/Public/React-jsitooling -I/Users/karelbraborec/rev-meter/ios/Pods/Headers/Public/React-logger -I/Users/karelbraborec/rev-meter/ios/Pods/Headers/Public/React-microtasksnativemodule -I/Users/karelbraborec/rev-meter/ios/Pods/Headers/Public/React-mutationobservernativemodule -I/Users/karelbraborec/rev-meter/ios/Pods/Headers/Public/React-networking -I/Users/karelbraborec/rev-meter/ios/Pods/Headers/Public/React-oscompat -I/Users/karelbraborec/rev-meter/ios/Pods/Headers/Public/React-perflogger -I/Users/karelbraborec/rev-meter/ios/Pods/Headers/Public/React-performancecdpmetrics -I/Users/karelbraborec/rev-meter/ios/Pods/Headers/Public/React-performancetimeline -I/Users/karelbraborec/rev-meter/ios/Pods/Headers/Public/React-rendererconsistency -I/Users/karelbraborec/rev-meter/ios/Pods/Headers/Public/React-renderercss -I/Users/karelbraborec/rev-meter/ios/Pods/Headers/Public/React-rendererdebug -I/Users/karelbraborec/rev-meter/ios/Pods/Headers/Public/React-runtimeexecutor -I/Users/karelbraborec/rev-meter/ios/Pods/Headers/Public/React-runtimescheduler -I/Users/karelbraborec/rev-meter/ios/Pods/Headers/Public/React-timing -I/Users/karelbraborec/rev-meter/ios/Pods/Headers/Public/React-utils -I/Users/karelbraborec/rev-meter/ios/Pods/Headers/Public/React-viewtransitionnativemodule -I/Users/karelbraborec/rev-meter/ios/Pods/Headers/Public/React-webperformancenativemodule -I/Users/karelbraborec/rev-meter/ios/Pods/Headers/Public/ReactCodegen -I/Users/karelbraborec/rev-meter/ios/Pods/Headers/Public/ReactCommon -I/Users/karelbraborec/rev-meter/ios/Pods/Headers/Public/ReactNativeDependencies -I/Users/karelbraborec/rev-meter/ios/Pods/Headers/Public/Yoga -I/Users/karelbraborec/rev-meter/ios/Pods/Headers/Public/hermes-engine -I/Users/karelbraborec/rev-meter/ios/Pods/ExpoModulesCore/ExpoModulesCore.xcframework/ios-arm64_x86_64-simulator/ExpoModulesCore.framework/Headers -I/Users/karelbraborec/rev-meter/ios/Pods/ExpoModulesCore/ExpoModulesCore.xcframework/ios-arm64/ExpoModulesCore.framework/Headers -I/Users/karelbraborec/rev-meter/ios/Pods/ExpoModulesCore/ExpoModulesCore.xcframework/ios-arm64_x86_64-simulator/ExpoModulesCore.framework/Headers -I/Users/karelbraborec/rev-meter/ios/Pods/ExpoModulesCore/ExpoModulesCore.xcframework/ios-arm64/ExpoModulesCore.framework/Headers -I/Users/karelbraborec/Library/Developer/Xcode/DerivedData/revmeter-hbcnswmlqmbpnlazhhkncgeowiss/Build/Intermediates.noindex/Pods.build/Debug-iphonesimulator/ExpoSplashScreen.build/DerivedSources-normal/arm64 -I/Users/karelbraborec/Library/Developer/Xcode/DerivedData/revmeter-hbcnswmlqmbpnlazhhkncgeowiss/Build/Intermediates.noindex/Pods.build/Debug-iphonesimulator/ExpoSplashScreen.build/DerivedSources/arm64 -I/Users/karelbraborec/Library/Developer/Xcode/DerivedData/revmeter-hbcnswmlqmbpnlazhhkncgeowiss/Build/Intermediates.noindex/Pods.build/Debug-iphonesimulator/ExpoSplashScreen.build/DerivedSources -F/Users/karelbraborec/Library/Developer/Xcode/DerivedData/revmeter-hbcnswmlqmbpnlazhhkncgeowiss/Build/Products/Debug-iphonesimulator/ExpoSplashScreen -F/Users/karelbraborec/rev-meter/node_modules/expo-modules-jsi/apple/Products -F/Users/karelbraborec/rev-meter/ios/Pods/ExpoModulesCore -F/Users/karelbraborec/rev-meter/ios/Pods/React-Core-prebuilt -F/Users/karelbraborec/rev-meter/ios/Pods/ReactNativeDependencies/framework/packages/react-native -F/Users/karelbraborec/rev-meter/ios/Pods/hermes-engine/destroot/Library/Frameworks/universal -F/Users/karelbraborec/Library/Developer/Xcode/DerivedData/revmeter-hbcnswmlqmbpnlazhhkncgeowiss/Build/Products/Debug-iphonesimulator/XCFrameworkIntermediates/ExpoModulesCore -F/Users/karelbraborec/Library/Developer/Xcode/DerivedData/revmeter-hbcnswmlqmbpnlazhhkncgeowiss/Build/Products/Debug-iphonesimulator/XCFrameworkIntermediates/ExpoModulesJSI -F/Users/karelbraborec/Library/Developer/Xcode/DerivedData/revmeter-hbcnswmlqmbpnlazhhkncgeowiss/Build/Products/Debug-iphonesimulator/XCFrameworkIntermediates/React-Core-prebuilt -F/Users/karelbraborec/Library/Developer/Xcode/DerivedData/revmeter-hbcnswmlqmbpnlazhhkncgeowiss/Build/Products/Debug-iphonesimulator/XCFrameworkIntermediates/ReactNativeDependencies -F/Users/karelbraborec/Library/Developer/Xcode/DerivedData/revmeter-hbcnswmlqmbpnlazhhkncgeowiss/Build/Products/Debug-iphonesimulator/XCFrameworkIntermediates/hermes-engine/Pre-built '-DRCT_REMOVE_LEGACY_ARCH=1' '-fmodule-map-file=/Users/karelbraborec/rev-meter/ios/Pods/Headers/Public/ReactCodegen/ReactCodegen.modulemap'

WriteAuxiliaryFile /Users/karelbraborec/Library/Developer/Xcode/DerivedData/revmeter-hbcnswmlqmbpnlazhhkncgeowiss/Build/Intermediates.noindex/Pods.build/Debug-iphonesimulator/ExpoSplashScreen.build/Objects-normal/arm64/ExpoSplashScreen_const_extract_protocols.json (in target 'ExpoSplashScreen' from project 'Pods')
    cd /Users/karelbraborec/rev-meter/ios/Pods
    write-file /Users/karelbraborec/Library/Developer/Xcode/DerivedData/revmeter-hbcnswmlqmbpnlazhhkncgeowiss/Build/Intermediates.noindex/Pods.build/Debug-iphonesimulator/ExpoSplashScreen.build/Objects-normal/arm64/ExpoSplashScreen_const_extract_protocols.json

WriteAuxiliaryFile /Users/karelbraborec/Library/Developer/Xcode/DerivedData/revmeter-hbcnswmlqmbpnlazhhkncgeowiss/Build/Intermediates.noindex/Pods.build/Debug-iphonesimulator/ExpoSplashScreen.build/Objects-normal/arm64/ExpoSplashScreen.SwiftFileList (in target 'ExpoSplashScreen' from project 'Pods')
    cd /Users/karelbraborec/rev-meter/ios/Pods
    write-file /Users/karelbraborec/Library/Developer/Xcode/DerivedData/revmeter-hbcnswmlqmbpnlazhhkncgeowiss/Build/Intermediates.noindex/Pods.build/Debug-iphonesimulator/ExpoSplashScreen.build/Objects-normal/arm64/ExpoSplashScreen.SwiftFileList

WriteAuxiliaryFile /Users/karelbraborec/Library/Developer/Xcode/DerivedData/revmeter-hbcnswmlqmbpnlazhhkncgeowiss/Build/Intermediates.noindex/Pods.build/Debug-iphonesimulator/ExpoSplashScreen.build/Objects-normal/arm64/ExpoSplashScreen.SwiftConstValuesFileList (in target 'ExpoSplashScreen' from project 'Pods')
    cd /Users/karelbraborec/rev-meter/ios/Pods
    write-file /Users/karelbraborec/Library/Developer/Xcode/DerivedData/revmeter-hbcnswmlqmbpnlazhhkncgeowiss/Build/Intermediates.noindex/Pods.build/Debug-iphonesimulator/ExpoSplashScreen.build/Objects-normal/arm64/ExpoSplashScreen.SwiftConstValuesFileList

WriteAuxiliaryFile /Users/karelbraborec/Library/Developer/Xcode/DerivedData/revmeter-hbcnswmlqmbpnlazhhkncgeowiss/Build/Intermediates.noindex/Pods.build/Debug-iphonesimulator/ExpoSplashScreen.build/Objects-normal/arm64/ExpoSplashScreen.LinkFileList (in target 'ExpoSplashScreen' from project 'Pods')
    cd /Users/karelbraborec/rev-meter/ios/Pods
    write-file /Users/karelbraborec/Library/Developer/Xcode/DerivedData/revmeter-hbcnswmlqmbpnlazhhkncgeowiss/Build/Intermediates.noindex/Pods.build/Debug-iphonesimulator/ExpoSplashScreen.build/Objects-normal/arm64/ExpoSplashScreen.LinkFileList

WriteAuxiliaryFile /Users/karelbraborec/Library/Developer/Xcode/DerivedData/revmeter-hbcnswmlqmbpnlazhhkncgeowiss/Build/Intermediates.noindex/Pods.build/Debug-iphonesimulator/ExpoSplashScreen.build/Objects-normal/arm64/ExpoSplashScreen-OutputFileMap.json (in target 'ExpoSplashScreen' from project 'Pods')
    cd /Users/karelbraborec/rev-meter/ios/Pods
    write-file /Users/karelbraborec/Library/Developer/Xcode/DerivedData/revmeter-hbcnswmlqmbpnlazhhkncgeowiss/Build/Intermediates.noindex/Pods.build/Debug-iphonesimulator/ExpoSplashScreen.build/Objects-normal/arm64/ExpoSplashScreen-OutputFileMap.json

WriteAuxiliaryFile /Users/karelbraborec/Library/Developer/Xcode/DerivedData/revmeter-hbcnswmlqmbpnlazhhkncgeowiss/Build/Intermediates.noindex/Pods.build/Debug-iphonesimulator/ExpoSplashScreen.build/ExpoSplashScreen.hmap (in target 'ExpoSplashScreen' from project 'Pods')
    cd /Users/karelbraborec/rev-meter/ios/Pods
    write-file /Users/karelbraborec/Library/Developer/Xcode/DerivedData/revmeter-hbcnswmlqmbpnlazhhkncgeowiss/Build/Intermediates.noindex/Pods.build/Debug-iphonesimulator/ExpoSplashScreen.build/ExpoSplashScreen.hmap

WriteAuxiliaryFile /Users/karelbraborec/Library/Developer/Xcode/DerivedData/revmeter-hbcnswmlqmbpnlazhhkncgeowiss/Build/Intermediates.noindex/Pods.build/Debug-iphonesimulator/ExpoSplashScreen.build/ExpoSplashScreen.DependencyStaticMetadataFileList (in target 'ExpoSplashScreen' from project 'Pods')
    cd /Users/karelbraborec/rev-meter/ios/Pods
    write-file /Users/karelbraborec/Library/Developer/Xcode/DerivedData/revmeter-hbcnswmlqmbpnlazhhkncgeowiss/Build/Intermediates.noindex/Pods.build/Debug-iphonesimulator/ExpoSplashScreen.build/ExpoSplashScreen.DependencyStaticMetadataFileList

WriteAuxiliaryFile /Users/karelbraborec/Library/Developer/Xcode/DerivedData/revmeter-hbcnswmlqmbpnlazhhkncgeowiss/Build/Intermediates.noindex/Pods.build/Debug-iphonesimulator/ExpoSplashScreen.build/ExpoSplashScreen.DependencyMetadataFileList (in target 'ExpoSplashScreen' from project 'Pods')
    cd /Users/karelbraborec/rev-meter/ios/Pods
    write-file /Users/karelbraborec/Library/Developer/Xcode/DerivedData/revmeter-hbcnswmlqmbpnlazhhkncgeowiss/Build/Intermediates.noindex/Pods.build/Debug-iphonesimulator/ExpoSplashScreen.build/ExpoSplashScreen.DependencyMetadataFileList

WriteAuxiliaryFile /Users/karelbraborec/Library/Developer/Xcode/DerivedData/revmeter-hbcnswmlqmbpnlazhhkncgeowiss/Build/Intermediates.noindex/Pods.build/Debug-iphonesimulator/ExpoSplashScreen.build/ExpoSplashScreen-project-headers.hmap (in target 'ExpoSplashScreen' from project 'Pods')
    cd /Users/karelbraborec/rev-meter/ios/Pods
    write-file /Users/karelbraborec/Library/Developer/Xcode/DerivedData/revmeter-hbcnswmlqmbpnlazhhkncgeowiss/Build/Intermediates.noindex/Pods.build/Debug-iphonesimulator/ExpoSplashScreen.build/ExpoSplashScreen-project-headers.hmap

WriteAuxiliaryFile /Users/karelbraborec/Library/Developer/Xcode/DerivedData/revmeter-hbcnswmlqmbpnlazhhkncgeowiss/Build/Intermediates.noindex/Pods.build/Debug-iphonesimulator/ExpoSplashScreen.build/ExpoSplashScreen-own-target-headers.hmap (in target 'ExpoSplashScreen' from project 'Pods')
    cd /Users/karelbraborec/rev-meter/ios/Pods
    write-file /Users/karelbraborec/Library/Developer/Xcode/DerivedData/revmeter-hbcnswmlqmbpnlazhhkncgeowiss/Build/Intermediates.noindex/Pods.build/Debug-iphonesimulator/ExpoSplashScreen.build/ExpoSplashScreen-own-target-headers.hmap

WriteAuxiliaryFile /Users/karelbraborec/Library/Developer/Xcode/DerivedData/revmeter-hbcnswmlqmbpnlazhhkncgeowiss/Build/Intermediates.noindex/Pods.build/Debug-iphonesimulator/ExpoSplashScreen.build/ExpoSplashScreen-generated-files.hmap (in target 'ExpoSplashScreen' from project 'Pods')
    cd /Users/karelbraborec/rev-meter/ios/Pods
    write-file /Users/karelbraborec/Library/Developer/Xcode/DerivedData/revmeter-hbcnswmlqmbpnlazhhkncgeowiss/Build/Intermediates.noindex/Pods.build/Debug-iphonesimulator/ExpoSplashScreen.build/ExpoSplashScreen-generated-files.hmap

WriteAuxiliaryFile /Users/karelbraborec/Library/Developer/Xcode/DerivedData/revmeter-hbcnswmlqmbpnlazhhkncgeowiss/Build/Intermediates.noindex/Pods.build/Debug-iphonesimulator/ExpoSplashScreen.build/ExpoSplashScreen-all-target-headers.hmap (in target 'ExpoSplashScreen' from project 'Pods')
    cd /Users/karelbraborec/rev-meter/ios/Pods
    write-file /Users/karelbraborec/Library/Developer/Xcode/DerivedData/revmeter-hbcnswmlqmbpnlazhhkncgeowiss/Build/Intermediates.noindex/Pods.build/Debug-iphonesimulator/ExpoSplashScreen.build/ExpoSplashScreen-all-target-headers.hmap

WriteAuxiliaryFile /Users/karelbraborec/Library/Developer/Xcode/DerivedData/revmeter-hbcnswmlqmbpnlazhhkncgeowiss/Build/Intermediates.noindex/Pods.build/Debug-iphonesimulator/ExpoSplashScreen.build/ExpoSplashScreen-all-non-framework-target-headers.hmap (in target 'ExpoSplashScreen' from project 'Pods')
    cd /Users/karelbraborec/rev-meter/ios/Pods
    write-file /Users/karelbraborec/Library/Developer/Xcode/DerivedData/revmeter-hbcnswmlqmbpnlazhhkncgeowiss/Build/Intermediates.noindex/Pods.build/Debug-iphonesimulator/ExpoSplashScreen.build/ExpoSplashScreen-all-non-framework-target-headers.hmap

WriteAuxiliaryFile /Users/karelbraborec/Library/Developer/Xcode/DerivedData/revmeter-hbcnswmlqmbpnlazhhkncgeowiss/Build/Intermediates.noindex/Pods.build/Debug-iphonesimulator/ExpoRouter.build/Script-46EB2E00018100.sh (in target 'ExpoRouter' from project 'Pods')
    cd /Users/karelbraborec/rev-meter/ios/Pods
    write-file /Users/karelbraborec/Library/Developer/Xcode/DerivedData/revmeter-hbcnswmlqmbpnlazhhkncgeowiss/Build/Intermediates.noindex/Pods.build/Debug-iphonesimulator/ExpoRouter.build/Script-46EB2E00018100.sh

WriteAuxiliaryFile /Users/karelbraborec/Library/Developer/Xcode/DerivedData/revmeter-hbcnswmlqmbpnlazhhkncgeowiss/Build/Intermediates.noindex/Pods.build/Debug-iphonesimulator/ExpoRouter.build/Objects-normal/x86_64/e6072d4f65d7061329687fe24e3d63a7-common-args.resp (in target 'ExpoRouter' from project 'Pods')
    cd /Users/karelbraborec/rev-meter/ios/Pods
    write-file /Users/karelbraborec/Library/Developer/Xcode/DerivedData/revmeter-hbcnswmlqmbpnlazhhkncgeowiss/Build/Intermediates.noindex/Pods.build/Debug-iphonesimulator/ExpoRouter.build/Objects-normal/x86_64/e6072d4f65d7061329687fe24e3d63a7-common-args.resp
'-std=gnu11' -fobjc-arc -fmodules '-fmodules-cache-path=/Users/karelbraborec/Library/Developer/Xcode/DerivedData/ModuleCache.noindex' '-fmodule-name=ExpoRouter' -fpascal-strings -O0 -fno-common '-DPOD_CONFIGURATION_DEBUG=1' '-DDEBUG=1' '-DCOCOAPODS=1' '-DOBJC_OLD_DISPATCH_PROTOTYPES=0' -fasm-blocks -g '-fobjc-abi-version=2' -fobjc-legacy-dispatch -iquote /Users/karelbraborec/Library/Developer/Xcode/DerivedData/revmeter-hbcnswmlqmbpnlazhhkncgeowiss/Build/Intermediates.noindex/Pods.build/Debug-iphonesimulator/ExpoRouter.build/ExpoRouter-generated-files.hmap -I/Users/karelbraborec/Library/Developer/Xcode/DerivedData/revmeter-hbcnswmlqmbpnlazhhkncgeowiss/Build/Intermediates.noindex/Pods.build/Debug-iphonesimulator/ExpoRouter.build/ExpoRouter-own-target-headers.hmap -I/Users/karelbraborec/Library/Developer/Xcode/DerivedData/revmeter-hbcnswmlqmbpnlazhhkncgeowiss/Build/Intermediates.noindex/Pods.build/Debug-iphonesimulator/ExpoRouter.build/ExpoRouter-all-non-framework-target-headers.hmap -ivfsoverlay /Users/karelbraborec/Library/Developer/Xcode/DerivedData/revmeter-hbcnswmlqmbpnlazhhkncgeowiss/Build/Intermediates.noindex/Pods.build/Debug-iphonesimulator/Pods-8699adb1dd336b26511df848a716bd42-VFS-iphonesimulator/all-product-headers.yaml -iquote /Users/karelbraborec/Library/Developer/Xcode/DerivedData/revmeter-hbcnswmlqmbpnlazhhkncgeowiss/Build/Intermediates.noindex/Pods.build/Debug-iphonesimulator/ExpoRouter.build/ExpoRouter-project-headers.hmap -I/Users/karelbraborec/Library/Developer/Xcode/DerivedData/revmeter-hbcnswmlqmbpnlazhhkncgeowiss/Build/Products/Debug-iphonesimulator/ExpoRouter/include -I/Users/karelbraborec/rev-meter/ios/Pods/Headers/Public -I/Users/karelbraborec/rev-meter/ios/Pods/Headers/Public/FBLazyVector -I/Users/karelbraborec/rev-meter/ios/Pods/Headers/Public/RCTRequired -I/Users/karelbraborec/rev-meter/ios/Pods/Headers/Public/RCTSwiftUIWrapper -I/Users/karelbraborec/rev-meter/ios/Pods/Headers/Public/RCTTypeSafety -I/Users/karelbraborec/rev-meter/ios/Pods/Headers/Public/RNScreens -I/Users/karelbraborec/rev-meter/ios/Pods/Headers/Public/React-Core -I/Users/karelbraborec/rev-meter/ios/Pods/Headers/Public/React-Core-prebuilt -I/Users/karelbraborec/rev-meter/ios/Pods/Headers/Public/React-CoreModules -I/Users/karelbraborec/rev-meter/ios/Pods/Headers/Public/React-Fabric -I/Users/karelbraborec/rev-meter/ios/Pods/Headers/Public/React-FabricComponents -I/Users/karelbraborec/rev-meter/ios/Pods/Headers/Public/React-FabricImage -I/Users/karelbraborec/rev-meter/ios/Pods/Headers/Public/React-ImageManager -I/Users/karelbraborec/rev-meter/ios/Pods/Headers/Public/React-Mapbuffer -I/Users/karelbraborec/rev-meter/ios/Pods/Headers/Public/React-NativeModulesApple -I/Users/karelbraborec/rev-meter/ios/Pods/Headers/Public/React-RCTAnimation -I/Users/karelbraborec/rev-meter/ios/Pods/Headers/Public/React-RCTBlob -I/Users/karelbraborec/rev-meter/ios/Pods/Headers/Public/React-RCTFBReactNativeSpec -I/Users/karelbraborec/rev-meter/ios/Pods/Headers/Public/React-RCTFabric -I/Users/karelbraborec/rev-meter/ios/Pods/Headers/Public/React-RCTImage -I/Users/karelbraborec/rev-meter/ios/Pods/Headers/Public/React-RCTRuntime -I/Users/karelbraborec/rev-meter/ios/Pods/Headers/Public/React-RCTText -I/Users/karelbraborec/rev-meter/ios/Pods/Headers/Public/React-RuntimeApple -I/Users/karelbraborec/rev-meter/ios/Pods/Headers/Public/React-RuntimeCore -I/Users/karelbraborec/rev-meter/ios/Pods/Headers/Public/React-RuntimeHermes -I/Users/karelbraborec/rev-meter/ios/Pods/Headers/Public/React-callinvoker -I/Users/karelbraborec/rev-meter/ios/Pods/Headers/Public/React-cxxreact -I/Users/karelbraborec/rev-meter/ios/Pods/Headers/Public/React-debug -I/Users/karelbraborec/rev-meter/ios/Pods/Headers/Public/React-defaultsnativemodule -I/Users/karelbraborec/rev-meter/ios/Pods/Headers/Public/React-domnativemodule -I/Users/karelbraborec/rev-meter/ios/Pods/Headers/Public/React-featureflags -I/Users/karelbraborec/rev-meter/ios/Pods/Headers/Public/React-featureflagsnativemodule -I/Users/karelbraborec/rev-meter/ios/Pods/Headers/Public/React-graphics -I/Users/karelbraborec/rev-meter/ios/Pods/Headers/Public/React-hermes -I/Users/karelbraborec/rev-meter/ios/Pods/Headers/Public/React-idlecallbacksnativemodule -I/Users/karelbraborec/rev-meter/ios/Pods/Headers/Public/React-intersectionobservernativemodule -I/Users/karelbraborec/rev-meter/ios/Pods/Headers/Public/React-jserrorhandler -I/Users/karelbraborec/rev-meter/ios/Pods/Headers/Public/React-jsi -I/Users/karelbraborec/rev-meter/ios/Pods/Headers/Public/React-jsiexecutor -I/Users/karelbraborec/rev-meter/ios/Pods/Headers/Public/React-jsinspector -I/Users/karelbraborec/rev-meter/ios/Pods/Headers/Public/React-jsinspectorcdp -I/Users/karelbraborec/rev-meter/ios/Pods/Headers/Public/React-jsinspectornetwork -I/Users/karelbraborec/rev-meter/ios/Pods/Headers/Public/React-jsinspectortracing -I/Users/karelbraborec/rev-meter/ios/Pods/Headers/Public/React-jsitooling -I/Users/karelbraborec/rev-meter/ios/Pods/Headers/Public/React-logger -I/Users/karelbraborec/rev-meter/ios/Pods/Headers/Public/React-microtasksnativemodule -I/Users/karelbraborec/rev-meter/ios/Pods/Headers/Public/React-mutationobservernativemodule -I/Users/karelbraborec/rev-meter/ios/Pods/Headers/Public/React-networking -I/Users/karelbraborec/rev-meter/ios/Pods/Headers/Public/React-oscompat -I/Users/karelbraborec/rev-meter/ios/Pods/Headers/Public/React-perflogger -I/Users/karelbraborec/rev-meter/ios/Pods/Headers/Public/React-performancecdpmetrics -I/Users/karelbraborec/rev-meter/ios/Pods/Headers/Public/React-performancetimeline -I/Users/karelbraborec/rev-meter/ios/Pods/Headers/Public/React-rendererconsistency -I/Users/karelbraborec/rev-meter/ios/Pods/Headers/Public/React-renderercss -I/Users/karelbraborec/rev-meter/ios/Pods/Headers/Public/React-rendererdebug -I/Users/karelbraborec/rev-meter/ios/Pods/Headers/Public/React-runtimeexecutor -I/Users/karelbraborec/rev-meter/ios/Pods/Headers/Public/React-runtimescheduler -I/Users/karelbraborec/rev-meter/ios/Pods/Headers/Public/React-timing -I/Users/karelbraborec/rev-meter/ios/Pods/Headers/Public/React-utils -I/Users/karelbraborec/rev-meter/ios/Pods/Headers/Public/React-viewtransitionnativemodule -I/Users/karelbraborec/rev-meter/ios/Pods/Headers/Public/React-webperformancenativemodule -I/Users/karelbraborec/rev-meter/ios/Pods/Headers/Public/ReactCodegen -I/Users/karelbraborec/rev-meter/ios/Pods/Headers/Public/ReactCommon -I/Users/karelbraborec/rev-meter/ios/Pods/Headers/Public/ReactNativeDependencies -I/Users/karelbraborec/rev-meter/ios/Pods/Headers/Public/Yoga -I/Users/karelbraborec/rev-meter/ios/Pods/Headers/Public/hermes-engine -I/Users/karelbraborec/rev-meter/ios/Pods/ExpoModulesCore/ExpoModulesCore.xcframework/ios-arm64_x86_64-simulator/ExpoModulesCore.framework/Headers -I/Users/karelbraborec/rev-meter/ios/Pods/ExpoModulesCore/ExpoModulesCore.xcframework/ios-arm64/ExpoModulesCore.framework/Headers -I/Users/karelbraborec/rev-meter/ios/Pods/ExpoModulesCore/ExpoModulesCore.xcframework/ios-arm64_x86_64-simulator/ExpoModulesCore.framework/Headers -I/Users/karelbraborec/rev-meter/ios/Pods/ExpoModulesCore/ExpoModulesCore.xcframework/ios-arm64/ExpoModulesCore.framework/Headers -I/Users/karelbraborec/Library/Developer/Xcode/DerivedData/revmeter-hbcnswmlqmbpnlazhhkncgeowiss/Build/Intermediates.noindex/Pods.build/Debug-iphonesimulator/ExpoRouter.build/DerivedSources-normal/x86_64 -I/Users/karelbraborec/Library/Developer/Xcode/DerivedData/revmeter-hbcnswmlqmbpnlazhhkncgeowiss/Build/Intermediates.noindex/Pods.build/Debug-iphonesimulator/ExpoRouter.build/DerivedSources/x86_64 -I/Users/karelbraborec/Library/Developer/Xcode/DerivedData/revmeter-hbcnswmlqmbpnlazhhkncgeowiss/Build/Intermediates.noindex/Pods.build/Debug-iphonesimulator/ExpoRouter.build/DerivedSources -F/Users/karelbraborec/Library/Developer/Xcode/DerivedData/revmeter-hbcnswmlqmbpnlazhhkncgeowiss/Build/Products/Debug-iphonesimulator/ExpoRouter -F/Users/karelbraborec/rev-meter/node_modules/expo-modules-jsi/apple/Products -F/Users/karelbraborec/rev-meter/ios/Pods/ExpoModulesCore -F/Users/karelbraborec/rev-meter/ios/Pods/React-Core-prebuilt -F/Users/karelbraborec/rev-meter/ios/Pods/ReactNativeDependencies/framework/packages/react-native -F/Users/karelbraborec/rev-meter/ios/Pods/hermes-engine/destroot/Library/Frameworks/universal -F/Users/karelbraborec/Library/Developer/Xcode/DerivedData/revmeter-hbcnswmlqmbpnlazhhkncgeowiss/Build/Products/Debug-iphonesimulator/XCFrameworkIntermediates/ExpoModulesCore -F/Users/karelbraborec/Library/Developer/Xcode/DerivedData/revmeter-hbcnswmlqmbpnlazhhkncgeowiss/Build/Products/Debug-iphonesimulator/XCFrameworkIntermediates/ExpoModulesJSI -F/Users/karelbraborec/Library/Developer/Xcode/DerivedData/revmeter-hbcnswmlqmbpnlazhhkncgeowiss/Build/Products/Debug-iphonesimulator/XCFrameworkIntermediates/React-Core-prebuilt -F/Users/karelbraborec/Library/Developer/Xcode/DerivedData/revmeter-hbcnswmlqmbpnlazhhkncgeowiss/Build/Products/Debug-iphonesimulator/XCFrameworkIntermediates/ReactNativeDependencies -F/Users/karelbraborec/Library/Developer/Xcode/DerivedData/revmeter-hbcnswmlqmbpnlazhhkncgeowiss/Build/Products/Debug-iphonesimulator/XCFrameworkIntermediates/hermes-engine/Pre-built '-DRCT_REMOVE_LEGACY_ARCH=1' '-fmodule-map-file=/Users/karelbraborec/Library/Developer/Xcode/DerivedData/revmeter-hbcnswmlqmbpnlazhhkncgeowiss/Build/Products/Debug-iphonesimulator/RNScreens/RNScreens.modulemap' '-fmodule-map-file=/Users/karelbraborec/rev-meter/ios/Pods/Headers/Public/ReactCodegen/ReactCodegen.modulemap'

WriteAuxiliaryFile /Users/karelbraborec/Library/Developer/Xcode/DerivedData/revmeter-hbcnswmlqmbpnlazhhkncgeowiss/Build/Intermediates.noindex/Pods.build/Debug-iphonesimulator/ExpoRouter.build/Objects-normal/x86_64/ExpoRouter_const_extract_protocols.json (in target 'ExpoRouter' from project 'Pods')
    cd /Users/karelbraborec/rev-meter/ios/Pods
    write-file /Users/karelbraborec/Library/Developer/Xcode/DerivedData/revmeter-hbcnswmlqmbpnlazhhkncgeowiss/Build/Intermediates.noindex/Pods.build/Debug-iphonesimulator/ExpoRouter.build/Objects-normal/x86_64/ExpoRouter_const_extract_protocols.json

WriteAuxiliaryFile /Users/karelbraborec/Library/Developer/Xcode/DerivedData/revmeter-hbcnswmlqmbpnlazhhkncgeowiss/Build/Intermediates.noindex/Pods.build/Debug-iphonesimulator/ExpoRouter.build/Objects-normal/x86_64/ExpoRouter.SwiftFileList (in target 'ExpoRouter' from project 'Pods')
    cd /Users/karelbraborec/rev-meter/ios/Pods
    write-file /Users/karelbraborec/Library/Developer/Xcode/DerivedData/revmeter-hbcnswmlqmbpnlazhhkncgeowiss/Build/Intermediates.noindex/Pods.build/Debug-iphonesimulator/ExpoRouter.build/Objects-normal/x86_64/ExpoRouter.SwiftFileList

WriteAuxiliaryFile /Users/karelbraborec/Library/Developer/Xcode/DerivedData/revmeter-hbcnswmlqmbpnlazhhkncgeowiss/Build/Intermediates.noindex/Pods.build/Debug-iphonesimulator/ExpoRouter.build/Objects-normal/x86_64/ExpoRouter.SwiftConstValuesFileList (in target 'ExpoRouter' from project 'Pods')
    cd /Users/karelbraborec/rev-meter/ios/Pods
    write-file /Users/karelbraborec/Library/Developer/Xcode/DerivedData/revmeter-hbcnswmlqmbpnlazhhkncgeowiss/Build/Intermediates.noindex/Pods.build/Debug-iphonesimulator/ExpoRouter.build/Objects-normal/x86_64/ExpoRouter.SwiftConstValuesFileList

WriteAuxiliaryFile /Users/karelbraborec/Library/Developer/Xcode/DerivedData/revmeter-hbcnswmlqmbpnlazhhkncgeowiss/Build/Intermediates.noindex/Pods.build/Debug-iphonesimulator/ExpoRouter.build/Objects-normal/x86_64/ExpoRouter.LinkFileList (in target 'ExpoRouter' from project 'Pods')
    cd /Users/karelbraborec/rev-meter/ios/Pods
    write-file /Users/karelbraborec/Library/Developer/Xcode/DerivedData/revmeter-hbcnswmlqmbpnlazhhkncgeowiss/Build/Intermediates.noindex/Pods.build/Debug-iphonesimulator/ExpoRouter.build/Objects-normal/x86_64/ExpoRouter.LinkFileList

WriteAuxiliaryFile /Users/karelbraborec/Library/Developer/Xcode/DerivedData/revmeter-hbcnswmlqmbpnlazhhkncgeowiss/Build/Intermediates.noindex/Pods.build/Debug-iphonesimulator/ExpoRouter.build/Objects-normal/x86_64/ExpoRouter-OutputFileMap.json (in target 'ExpoRouter' from project 'Pods')
    cd /Users/karelbraborec/rev-meter/ios/Pods
    write-file /Users/karelbraborec/Library/Developer/Xcode/DerivedData/revmeter-hbcnswmlqmbpnlazhhkncgeowiss/Build/Intermediates.noindex/Pods.build/Debug-iphonesimulator/ExpoRouter.build/Objects-normal/x86_64/ExpoRouter-OutputFileMap.json

WriteAuxiliaryFile /Users/karelbraborec/Library/Developer/Xcode/DerivedData/revmeter-hbcnswmlqmbpnlazhhkncgeowiss/Build/Intermediates.noindex/Pods.build/Debug-iphonesimulator/ExpoRouter.build/Objects-normal/arm64/e6072d4f65d7061329687fe24e3d63a7-common-args.resp (in target 'ExpoRouter' from project 'Pods')
    cd /Users/karelbraborec/rev-meter/ios/Pods
    write-file /Users/karelbraborec/Library/Developer/Xcode/DerivedData/revmeter-hbcnswmlqmbpnlazhhkncgeowiss/Build/Intermediates.noindex/Pods.build/Debug-iphonesimulator/ExpoRouter.build/Objects-normal/arm64/e6072d4f65d7061329687fe24e3d63a7-common-args.resp
'-std=gnu11' -fobjc-arc -fmodules '-fmodules-cache-path=/Users/karelbraborec/Library/Developer/Xcode/DerivedData/ModuleCache.noindex' '-fmodule-name=ExpoRouter' -fpascal-strings -O0 -fno-common '-DPOD_CONFIGURATION_DEBUG=1' '-DDEBUG=1' '-DCOCOAPODS=1' '-DOBJC_OLD_DISPATCH_PROTOTYPES=0' -g '-fobjc-abi-version=2' -fobjc-legacy-dispatch -iquote /Users/karelbraborec/Library/Developer/Xcode/DerivedData/revmeter-hbcnswmlqmbpnlazhhkncgeowiss/Build/Intermediates.noindex/Pods.build/Debug-iphonesimulator/ExpoRouter.build/ExpoRouter-generated-files.hmap -I/Users/karelbraborec/Library/Developer/Xcode/DerivedData/revmeter-hbcnswmlqmbpnlazhhkncgeowiss/Build/Intermediates.noindex/Pods.build/Debug-iphonesimulator/ExpoRouter.build/ExpoRouter-own-target-headers.hmap -I/Users/karelbraborec/Library/Developer/Xcode/DerivedData/revmeter-hbcnswmlqmbpnlazhhkncgeowiss/Build/Intermediates.noindex/Pods.build/Debug-iphonesimulator/ExpoRouter.build/ExpoRouter-all-non-framework-target-headers.hmap -ivfsoverlay /Users/karelbraborec/Library/Developer/Xcode/DerivedData/revmeter-hbcnswmlqmbpnlazhhkncgeowiss/Build/Intermediates.noindex/Pods.build/Debug-iphonesimulator/Pods-8699adb1dd336b26511df848a716bd42-VFS-iphonesimulator/all-product-headers.yaml -iquote /Users/karelbraborec/Library/Developer/Xcode/DerivedData/revmeter-hbcnswmlqmbpnlazhhkncgeowiss/Build/Intermediates.noindex/Pods.build/Debug-iphonesimulator/ExpoRouter.build/ExpoRouter-project-headers.hmap -I/Users/karelbraborec/Library/Developer/Xcode/DerivedData/revmeter-hbcnswmlqmbpnlazhhkncgeowiss/Build/Products/Debug-iphonesimulator/ExpoRouter/include -I/Users/karelbraborec/rev-meter/ios/Pods/Headers/Public -I/Users/karelbraborec/rev-meter/ios/Pods/Headers/Public/FBLazyVector -I/Users/karelbraborec/rev-meter/ios/Pods/Headers/Public/RCTRequired -I/Users/karelbraborec/rev-meter/ios/Pods/Headers/Public/RCTSwiftUIWrapper -I/Users/karelbraborec/rev-meter/ios/Pods/Headers/Public/RCTTypeSafety -I/Users/karelbraborec/rev-meter/ios/Pods/Headers/Public/RNScreens -I/Users/karelbraborec/rev-meter/ios/Pods/Headers/Public/React-Core -I/Users/karelbraborec/rev-meter/ios/Pods/Headers/Public/React-Core-prebuilt -I/Users/karelbraborec/rev-meter/ios/Pods/Headers/Public/React-CoreModules -I/Users/karelbraborec/rev-meter/ios/Pods/Headers/Public/React-Fabric -I/Users/karelbraborec/rev-meter/ios/Pods/Headers/Public/React-FabricComponents -I/Users/karelbraborec/rev-meter/ios/Pods/Headers/Public/React-FabricImage -I/Users/karelbraborec/rev-meter/ios/Pods/Headers/Public/React-ImageManager -I/Users/karelbraborec/rev-meter/ios/Pods/Headers/Public/React-Mapbuffer -I/Users/karelbraborec/rev-meter/ios/Pods/Headers/Public/React-NativeModulesApple -I/Users/karelbraborec/rev-meter/ios/Pods/Headers/Public/React-RCTAnimation -I/Users/karelbraborec/rev-meter/ios/Pods/Headers/Public/React-RCTBlob -I/Users/karelbraborec/rev-meter/ios/Pods/Headers/Public/React-RCTFBReactNativeSpec -I/Users/karelbraborec/rev-meter/ios/Pods/Headers/Public/React-RCTFabric -I/Users/karelbraborec/rev-meter/ios/Pods/Headers/Public/React-RCTImage -I/Users/karelbraborec/rev-meter/ios/Pods/Headers/Public/React-RCTRuntime -I/Users/karelbraborec/rev-meter/ios/Pods/Headers/Public/React-RCTText -I/Users/karelbraborec/rev-meter/ios/Pods/Headers/Public/React-RuntimeApple -I/Users/karelbraborec/rev-meter/ios/Pods/Headers/Public/React-RuntimeCore -I/Users/karelbraborec/rev-meter/ios/Pods/Headers/Public/React-RuntimeHermes -I/Users/karelbraborec/rev-meter/ios/Pods/Headers/Public/React-callinvoker -I/Users/karelbraborec/rev-meter/ios/Pods/Headers/Public/React-cxxreact -I/Users/karelbraborec/rev-meter/ios/Pods/Headers/Public/React-debug -I/Users/karelbraborec/rev-meter/ios/Pods/Headers/Public/React-defaultsnativemodule -I/Users/karelbraborec/rev-meter/ios/Pods/Headers/Public/React-domnativemodule -I/Users/karelbraborec/rev-meter/ios/Pods/Headers/Public/React-featureflags -I/Users/karelbraborec/rev-meter/ios/Pods/Headers/Public/React-featureflagsnativemodule -I/Users/karelbraborec/rev-meter/ios/Pods/Headers/Public/React-graphics -I/Users/karelbraborec/rev-meter/ios/Pods/Headers/Public/React-hermes -I/Users/karelbraborec/rev-meter/ios/Pods/Headers/Public/React-idlecallbacksnativemodule -I/Users/karelbraborec/rev-meter/ios/Pods/Headers/Public/React-intersectionobservernativemodule -I/Users/karelbraborec/rev-meter/ios/Pods/Headers/Public/React-jserrorhandler -I/Users/karelbraborec/rev-meter/ios/Pods/Headers/Public/React-jsi -I/Users/karelbraborec/rev-meter/ios/Pods/Headers/Public/React-jsiexecutor -I/Users/karelbraborec/rev-meter/ios/Pods/Headers/Public/React-jsinspector -I/Users/karelbraborec/rev-meter/ios/Pods/Headers/Public/React-jsinspectorcdp -I/Users/karelbraborec/rev-meter/ios/Pods/Headers/Public/React-jsinspectornetwork -I/Users/karelbraborec/rev-meter/ios/Pods/Headers/Public/React-jsinspectortracing -I/Users/karelbraborec/rev-meter/ios/Pods/Headers/Public/React-jsitooling -I/Users/karelbraborec/rev-meter/ios/Pods/Headers/Public/React-logger -I/Users/karelbraborec/rev-meter/ios/Pods/Headers/Public/React-microtasksnativemodule -I/Users/karelbraborec/rev-meter/ios/Pods/Headers/Public/React-mutationobservernativemodule -I/Users/karelbraborec/rev-meter/ios/Pods/Headers/Public/React-networking -I/Users/karelbraborec/rev-meter/ios/Pods/Headers/Public/React-oscompat -I/Users/karelbraborec/rev-meter/ios/Pods/Headers/Public/React-perflogger -I/Users/karelbraborec/rev-meter/ios/Pods/Headers/Public/React-performancecdpmetrics -I/Users/karelbraborec/rev-meter/ios/Pods/Headers/Public/React-performancetimeline -I/Users/karelbraborec/rev-meter/ios/Pods/Headers/Public/React-rendererconsistency -I/Users/karelbraborec/rev-meter/ios/Pods/Headers/Public/React-renderercss -I/Users/karelbraborec/rev-meter/ios/Pods/Headers/Public/React-rendererdebug -I/Users/karelbraborec/rev-meter/ios/Pods/Headers/Public/React-runtimeexecutor -I/Users/karelbraborec/rev-meter/ios/Pods/Headers/Public/React-runtimescheduler -I/Users/karelbraborec/rev-meter/ios/Pods/Headers/Public/React-timing -I/Users/karelbraborec/rev-meter/ios/Pods/Headers/Public/React-utils -I/Users/karelbraborec/rev-meter/ios/Pods/Headers/Public/React-viewtransitionnativemodule -I/Users/karelbraborec/rev-meter/ios/Pods/Headers/Public/React-webperformancenativemodule -I/Users/karelbraborec/rev-meter/ios/Pods/Headers/Public/ReactCodegen -I/Users/karelbraborec/rev-meter/ios/Pods/Headers/Public/ReactCommon -I/Users/karelbraborec/rev-meter/ios/Pods/Headers/Public/ReactNativeDependencies -I/Users/karelbraborec/rev-meter/ios/Pods/Headers/Public/Yoga -I/Users/karelbraborec/rev-meter/ios/Pods/Headers/Public/hermes-engine -I/Users/karelbraborec/rev-meter/ios/Pods/ExpoModulesCore/ExpoModulesCore.xcframework/ios-arm64_x86_64-simulator/ExpoModulesCore.framework/Headers -I/Users/karelbraborec/rev-meter/ios/Pods/ExpoModulesCore/ExpoModulesCore.xcframework/ios-arm64/ExpoModulesCore.framework/Headers -I/Users/karelbraborec/rev-meter/ios/Pods/ExpoModulesCore/ExpoModulesCore.xcframework/ios-arm64_x86_64-simulator/ExpoModulesCore.framework/Headers -I/Users/karelbraborec/rev-meter/ios/Pods/ExpoModulesCore/ExpoModulesCore.xcframework/ios-arm64/ExpoModulesCore.framework/Headers -I/Users/karelbraborec/Library/Developer/Xcode/DerivedData/revmeter-hbcnswmlqmbpnlazhhkncgeowiss/Build/Intermediates.noindex/Pods.build/Debug-iphonesimulator/ExpoRouter.build/DerivedSources-normal/arm64 -I/Users/karelbraborec/Library/Developer/Xcode/DerivedData/revmeter-hbcnswmlqmbpnlazhhkncgeowiss/Build/Intermediates.noindex/Pods.build/Debug-iphonesimulator/ExpoRouter.build/DerivedSources/arm64 -I/Users/karelbraborec/Library/Developer/Xcode/DerivedData/revmeter-hbcnswmlqmbpnlazhhkncgeowiss/Build/Intermediates.noindex/Pods.build/Debug-iphonesimulator/ExpoRouter.build/DerivedSources -F/Users/karelbraborec/Library/Developer/Xcode/DerivedData/revmeter-hbcnswmlqmbpnlazhhkncgeowiss/Build/Products/Debug-iphonesimulator/ExpoRouter -F/Users/karelbraborec/rev-meter/node_modules/expo-modules-jsi/apple/Products -F/Users/karelbraborec/rev-meter/ios/Pods/ExpoModulesCore -F/Users/karelbraborec/rev-meter/ios/Pods/React-Core-prebuilt -F/Users/karelbraborec/rev-meter/ios/Pods/ReactNativeDependencies/framework/packages/react-native -F/Users/karelbraborec/rev-meter/ios/Pods/hermes-engine/destroot/Library/Frameworks/universal -F/Users/karelbraborec/Library/Developer/Xcode/DerivedData/revmeter-hbcnswmlqmbpnlazhhkncgeowiss/Build/Products/Debug-iphonesimulator/XCFrameworkIntermediates/ExpoModulesCore -F/Users/karelbraborec/Library/Developer/Xcode/DerivedData/revmeter-hbcnswmlqmbpnlazhhkncgeowiss/Build/Products/Debug-iphonesimulator/XCFrameworkIntermediates/ExpoModulesJSI -F/Users/karelbraborec/Library/Developer/Xcode/DerivedData/revmeter-hbcnswmlqmbpnlazhhkncgeowiss/Build/Products/Debug-iphonesimulator/XCFrameworkIntermediates/React-Core-prebuilt -F/Users/karelbraborec/Library/Developer/Xcode/DerivedData/revmeter-hbcnswmlqmbpnlazhhkncgeowiss/Build/Products/Debug-iphonesimulator/XCFrameworkIntermediates/ReactNativeDependencies -F/Users/karelbraborec/Library/Developer/Xcode/DerivedData/revmeter-hbcnswmlqmbpnlazhhkncgeowiss/Build/Products/Debug-iphonesimulator/XCFrameworkIntermediates/hermes-engine/Pre-built '-DRCT_REMOVE_LEGACY_ARCH=1' '-fmodule-map-file=/Users/karelbraborec/Library/Developer/Xcode/DerivedData/revmeter-hbcnswmlqmbpnlazhhkncgeowiss/Build/Products/Debug-iphonesimulator/RNScreens/RNScreens.modulemap' '-fmodule-map-file=/Users/karelbraborec/rev-meter/ios/Pods/Headers/Public/ReactCodegen/ReactCodegen.modulemap'

WriteAuxiliaryFile /Users/karelbraborec/Library/Developer/Xcode/DerivedData/revmeter-hbcnswmlqmbpnlazhhkncgeowiss/Build/Intermediates.noindex/Pods.build/Debug-iphonesimulator/ExpoRouter.build/Objects-normal/arm64/ExpoRouter_const_extract_protocols.json (in target 'ExpoRouter' from project 'Pods')
    cd /Users/karelbraborec/rev-meter/ios/Pods
    write-file /Users/karelbraborec/Library/Developer/Xcode/DerivedData/revmeter-hbcnswmlqmbpnlazhhkncgeowiss/Build/Intermediates.noindex/Pods.build/Debug-iphonesimulator/ExpoRouter.build/Objects-normal/arm64/ExpoRouter_const_extract_protocols.json

WriteAuxiliaryFile /Users/karelbraborec/Library/Developer/Xcode/DerivedData/revmeter-hbcnswmlqmbpnlazhhkncgeowiss/Build/Intermediates.noindex/Pods.build/Debug-iphonesimulator/ExpoRouter.build/Objects-normal/arm64/ExpoRouter.SwiftFileList (in target 'ExpoRouter' from project 'Pods')
    cd /Users/karelbraborec/rev-meter/ios/Pods
    write-file /Users/karelbraborec/Library/Developer/Xcode/DerivedData/revmeter-hbcnswmlqmbpnlazhhkncgeowiss/Build/Intermediates.noindex/Pods.build/Debug-iphonesimulator/ExpoRouter.build/Objects-normal/arm64/ExpoRouter.SwiftFileList

WriteAuxiliaryFile /Users/karelbraborec/Library/Developer/Xcode/DerivedData/revmeter-hbcnswmlqmbpnlazhhkncgeowiss/Build/Intermediates.noindex/Pods.build/Debug-iphonesimulator/ExpoRouter.build/Objects-normal/arm64/ExpoRouter.SwiftConstValuesFileList (in target 'ExpoRouter' from project 'Pods')
    cd /Users/karelbraborec/rev-meter/ios/Pods
    write-file /Users/karelbraborec/Library/Developer/Xcode/DerivedData/revmeter-hbcnswmlqmbpnlazhhkncgeowiss/Build/Intermediates.noindex/Pods.build/Debug-iphonesimulator/ExpoRouter.build/Objects-normal/arm64/ExpoRouter.SwiftConstValuesFileList

WriteAuxiliaryFile /Users/karelbraborec/Library/Developer/Xcode/DerivedData/revmeter-hbcnswmlqmbpnlazhhkncgeowiss/Build/Intermediates.noindex/Pods.build/Debug-iphonesimulator/ExpoRouter.build/Objects-normal/arm64/ExpoRouter.LinkFileList (in target 'ExpoRouter' from project 'Pods')
    cd /Users/karelbraborec/rev-meter/ios/Pods
    write-file /Users/karelbraborec/Library/Developer/Xcode/DerivedData/revmeter-hbcnswmlqmbpnlazhhkncgeowiss/Build/Intermediates.noindex/Pods.build/Debug-iphonesimulator/ExpoRouter.build/Objects-normal/arm64/ExpoRouter.LinkFileList

WriteAuxiliaryFile /Users/karelbraborec/Library/Developer/Xcode/DerivedData/revmeter-hbcnswmlqmbpnlazhhkncgeowiss/Build/Intermediates.noindex/Pods.build/Debug-iphonesimulator/ExpoRouter.build/Objects-normal/arm64/ExpoRouter-OutputFileMap.json (in target 'ExpoRouter' from project 'Pods')
    cd /Users/karelbraborec/rev-meter/ios/Pods
    write-file /Users/karelbraborec/Library/Developer/Xcode/DerivedData/revmeter-hbcnswmlqmbpnlazhhkncgeowiss/Build/Intermediates.noindex/Pods.build/Debug-iphonesimulator/ExpoRouter.build/Objects-normal/arm64/ExpoRouter-OutputFileMap.json

WriteAuxiliaryFile /Users/karelbraborec/Library/Developer/Xcode/DerivedData/revmeter-hbcnswmlqmbpnlazhhkncgeowiss/Build/Intermediates.noindex/Pods.build/Debug-iphonesimulator/ExpoRouter.build/ExpoRouter.hmap (in target 'ExpoRouter' from project 'Pods')
    cd /Users/karelbraborec/rev-meter/ios/Pods
    write-file /Users/karelbraborec/Library/Developer/Xcode/DerivedData/revmeter-hbcnswmlqmbpnlazhhkncgeowiss/Build/Intermediates.noindex/Pods.build/Debug-iphonesimulator/ExpoRouter.build/ExpoRouter.hmap

WriteAuxiliaryFile /Users/karelbraborec/Library/Developer/Xcode/DerivedData/revmeter-hbcnswmlqmbpnlazhhkncgeowiss/Build/Intermediates.noindex/Pods.build/Debug-iphonesimulator/ExpoRouter.build/ExpoRouter.DependencyStaticMetadataFileList (in target 'ExpoRouter' from project 'Pods')
    cd /Users/karelbraborec/rev-meter/ios/Pods
    write-file /Users/karelbraborec/Library/Developer/Xcode/DerivedData/revmeter-hbcnswmlqmbpnlazhhkncgeowiss/Build/Intermediates.noindex/Pods.build/Debug-iphonesimulator/ExpoRouter.build/ExpoRouter.DependencyStaticMetadataFileList

WriteAuxiliaryFile /Users/karelbraborec/Library/Developer/Xcode/DerivedData/revmeter-hbcnswmlqmbpnlazhhkncgeowiss/Build/Intermediates.noindex/Pods.build/Debug-iphonesimulator/ExpoRouter.build/ExpoRouter.DependencyMetadataFileList (in target 'ExpoRouter' from project 'Pods')
    cd /Users/karelbraborec/rev-meter/ios/Pods
    write-file /Users/karelbraborec/Library/Developer/Xcode/DerivedData/revmeter-hbcnswmlqmbpnlazhhkncgeowiss/Build/Intermediates.noindex/Pods.build/Debug-iphonesimulator/ExpoRouter.build/ExpoRouter.DependencyMetadataFileList

WriteAuxiliaryFile /Users/karelbraborec/Library/Developer/Xcode/DerivedData/revmeter-hbcnswmlqmbpnlazhhkncgeowiss/Build/Intermediates.noindex/Pods.build/Debug-iphonesimulator/ExpoRouter.build/ExpoRouter-project-headers.hmap (in target 'ExpoRouter' from project 'Pods')
    cd /Users/karelbraborec/rev-meter/ios/Pods
    write-file /Users/karelbraborec/Library/Developer/Xcode/DerivedData/revmeter-hbcnswmlqmbpnlazhhkncgeowiss/Build/Intermediates.noindex/Pods.build/Debug-iphonesimulator/ExpoRouter.build/ExpoRouter-project-headers.hmap

WriteAuxiliaryFile /Users/karelbraborec/Library/Developer/Xcode/DerivedData/revmeter-hbcnswmlqmbpnlazhhkncgeowiss/Build/Intermediates.noindex/Pods.build/Debug-iphonesimulator/ExpoRouter.build/ExpoRouter-own-target-headers.hmap (in target 'ExpoRouter' from project 'Pods')
    cd /Users/karelbraborec/rev-meter/ios/Pods
    write-file /Users/karelbraborec/Library/Developer/Xcode/DerivedData/revmeter-hbcnswmlqmbpnlazhhkncgeowiss/Build/Intermediates.noindex/Pods.build/Debug-iphonesimulator/ExpoRouter.build/ExpoRouter-own-target-headers.hmap

WriteAuxiliaryFile /Users/karelbraborec/Library/Developer/Xcode/DerivedData/revmeter-hbcnswmlqmbpnlazhhkncgeowiss/Build/Intermediates.noindex/Pods.build/Debug-iphonesimulator/ExpoRouter.build/ExpoRouter-generated-files.hmap (in target 'ExpoRouter' from project 'Pods')
    cd /Users/karelbraborec/rev-meter/ios/Pods
    write-file /Users/karelbraborec/Library/Developer/Xcode/DerivedData/revmeter-hbcnswmlqmbpnlazhhkncgeowiss/Build/Intermediates.noindex/Pods.build/Debug-iphonesimulator/ExpoRouter.build/ExpoRouter-generated-files.hmap

WriteAuxiliaryFile /Users/karelbraborec/Library/Developer/Xcode/DerivedData/revmeter-hbcnswmlqmbpnlazhhkncgeowiss/Build/Intermediates.noindex/Pods.build/Debug-iphonesimulator/ExpoRouter.build/ExpoRouter-all-target-headers.hmap (in target 'ExpoRouter' from project 'Pods')
    cd /Users/karelbraborec/rev-meter/ios/Pods
    write-file /Users/karelbraborec/Library/Developer/Xcode/DerivedData/revmeter-hbcnswmlqmbpnlazhhkncgeowiss/Build/Intermediates.noindex/Pods.build/Debug-iphonesimulator/ExpoRouter.build/ExpoRouter-all-target-headers.hmap

WriteAuxiliaryFile /Users/karelbraborec/Library/Developer/Xcode/DerivedData/revmeter-hbcnswmlqmbpnlazhhkncgeowiss/Build/Intermediates.noindex/Pods.build/Debug-iphonesimulator/ExpoRouter.build/ExpoRouter-all-non-framework-target-headers.hmap (in target 'ExpoRouter' from project 'Pods')
    cd /Users/karelbraborec/rev-meter/ios/Pods
    write-file /Users/karelbraborec/Library/Developer/Xcode/DerivedData/revmeter-hbcnswmlqmbpnlazhhkncgeowiss/Build/Intermediates.noindex/Pods.build/Debug-iphonesimulator/ExpoRouter.build/ExpoRouter-all-non-framework-target-headers.hmap

WriteAuxiliaryFile /Users/karelbraborec/Library/Developer/Xcode/DerivedData/revmeter-hbcnswmlqmbpnlazhhkncgeowiss/Build/Intermediates.noindex/Pods.build/Debug-iphonesimulator/ExpoModulesWorkletsAdapter.build/Objects-normal/x86_64/e6072d4f65d7061329687fe24e3d63a7-common-args.resp (in target 'ExpoModulesWorkletsAdapter' from project 'Pods')
    cd /Users/karelbraborec/rev-meter/ios/Pods
    write-file /Users/karelbraborec/Library/Developer/Xcode/DerivedData/revmeter-hbcnswmlqmbpnlazhhkncgeowiss/Build/Intermediates.noindex/Pods.build/Debug-iphonesimulator/ExpoModulesWorkletsAdapter.build/Objects-normal/x86_64/e6072d4f65d7061329687fe24e3d63a7-common-args.resp
'-std=gnu11' -fobjc-arc -fmodules '-fmodules-cache-path=/Users/karelbraborec/Library/Developer/Xcode/DerivedData/ModuleCache.noindex' '-fmodule-name=ExpoModulesWorkletsAdapter' -fpascal-strings -O0 -fno-common '-DPOD_CONFIGURATION_DEBUG=1' '-DDEBUG=1' '-DCOCOAPODS=1' '-DOBJC_OLD_DISPATCH_PROTOTYPES=0' -fasm-blocks -g '-fobjc-abi-version=2' -fobjc-legacy-dispatch -iquote /Users/karelbraborec/Library/Developer/Xcode/DerivedData/revmeter-hbcnswmlqmbpnlazhhkncgeowiss/Build/Intermediates.noindex/Pods.build/Debug-iphonesimulator/ExpoModulesWorkletsAdapter.build/ExpoModulesWorkletsAdapter-generated-files.hmap -I/Users/karelbraborec/Library/Developer/Xcode/DerivedData/revmeter-hbcnswmlqmbpnlazhhkncgeowiss/Build/Intermediates.noindex/Pods.build/Debug-iphonesimulator/ExpoModulesWorkletsAdapter.build/ExpoModulesWorkletsAdapter-own-target-headers.hmap -I/Users/karelbraborec/Library/Developer/Xcode/DerivedData/revmeter-hbcnswmlqmbpnlazhhkncgeowiss/Build/Intermediates.noindex/Pods.build/Debug-iphonesimulator/ExpoModulesWorkletsAdapter.build/ExpoModulesWorkletsAdapter-all-non-framework-target-headers.hmap -ivfsoverlay /Users/karelbraborec/Library/Developer/Xcode/DerivedData/revmeter-hbcnswmlqmbpnlazhhkncgeowiss/Build/Intermediates.noindex/Pods.build/Debug-iphonesimulator/Pods-8699adb1dd336b26511df848a716bd42-VFS-iphonesimulator/all-product-headers.yaml -iquote /Users/karelbraborec/Library/Developer/Xcode/DerivedData/revmeter-hbcnswmlqmbpnlazhhkncgeowiss/Build/Intermediates.noindex/Pods.build/Debug-iphonesimulator/ExpoModulesWorkletsAdapter.build/ExpoModulesWorkletsAdapter-project-headers.hmap -I/Users/karelbraborec/Library/Developer/Xcode/DerivedData/revmeter-hbcnswmlqmbpnlazhhkncgeowiss/Build/Products/Debug-iphonesimulator/ExpoModulesWorkletsAdapter/include -I/Users/karelbraborec/rev-meter/ios/Pods/Headers/Private -I/Users/karelbraborec/rev-meter/ios/Pods/Headers/Private/ExpoModulesWorkletsAdapter -I/Users/karelbraborec/rev-meter/ios/Pods/Headers/Public -I/Users/karelbraborec/rev-meter/ios/Pods/Headers/Public/ExpoModulesWorkletsAdapter -I/Users/karelbraborec/rev-meter/ios/Pods/Headers/Public/FBLazyVector -I/Users/karelbraborec/rev-meter/ios/Pods/Headers/Public/RCTRequired -I/Users/karelbraborec/rev-meter/ios/Pods/Headers/Public/RCTSwiftUIWrapper -I/Users/karelbraborec/rev-meter/ios/Pods/Headers/Public/RCTTypeSafety -I/Users/karelbraborec/rev-meter/ios/Pods/Headers/Public/RNWorklets -I/Users/karelbraborec/rev-meter/ios/Pods/Headers/Public/React-Core -I/Users/karelbraborec/rev-meter/ios/Pods/Headers/Public/React-Core-prebuilt -I/Users/karelbraborec/rev-meter/ios/Pods/Headers/Public/React-CoreModules -I/Users/karelbraborec/rev-meter/ios/Pods/Headers/Public/React-Fabric -I/Users/karelbraborec/rev-meter/ios/Pods/Headers/Public/React-FabricComponents -I/Users/karelbraborec/rev-meter/ios/Pods/Headers/Public/React-FabricImage -I/Users/karelbraborec/rev-meter/ios/Pods/Headers/Public/React-ImageManager -I/Users/karelbraborec/rev-meter/ios/Pods/Headers/Public/React-Mapbuffer -I/Users/karelbraborec/rev-meter/ios/Pods/Headers/Public/React-NativeModulesApple -I/Users/karelbraborec/rev-meter/ios/Pods/Headers/Public/React-RCTAnimation -I/Users/karelbraborec/rev-meter/ios/Pods/Headers/Public/React-RCTBlob -I/Users/karelbraborec/rev-meter/ios/Pods/Headers/Public/React-RCTFBReactNativeSpec -I/Users/karelbraborec/rev-meter/ios/Pods/Headers/Public/React-RCTFabric -I/Users/karelbraborec/rev-meter/ios/Pods/Headers/Public/React-RCTImage -I/Users/karelbraborec/rev-meter/ios/Pods/Headers/Public/React-RCTRuntime -I/Users/karelbraborec/rev-meter/ios/Pods/Headers/Public/React-RCTText -I/Users/karelbraborec/rev-meter/ios/Pods/Headers/Public/React-RuntimeApple -I/Users/karelbraborec/rev-meter/ios/Pods/Headers/Public/React-RuntimeCore -I/Users/karelbraborec/rev-meter/ios/Pods/Headers/Public/React-RuntimeHermes -I/Users/karelbraborec/rev-meter/ios/Pods/Headers/Public/React-callinvoker -I/Users/karelbraborec/rev-meter/ios/Pods/Headers/Public/React-cxxreact -I/Users/karelbraborec/rev-meter/ios/Pods/Headers/Public/React-debug -I/Users/karelbraborec/rev-meter/ios/Pods/Headers/Public/React-defaultsnativemodule -I/Users/karelbraborec/rev-meter/ios/Pods/Headers/Public/React-domnativemodule -I/Users/karelbraborec/rev-meter/ios/Pods/Headers/Public/React-featureflags -I/Users/karelbraborec/rev-meter/ios/Pods/Headers/Public/React-featureflagsnativemodule -I/Users/karelbraborec/rev-meter/ios/Pods/Headers/Public/React-graphics -I/Users/karelbraborec/rev-meter/ios/Pods/Headers/Public/React-hermes -I/Users/karelbraborec/rev-meter/ios/Pods/Headers/Public/React-idlecallbacksnativemodule -I/Users/karelbraborec/rev-meter/ios/Pods/Headers/Public/React-intersectionobservernativemodule -I/Users/karelbraborec/rev-meter/ios/Pods/Headers/Public/React-jserrorhandler -I/Users/karelbraborec/rev-meter/ios/Pods/Headers/Public/React-jsi -I/Users/karelbraborec/rev-meter/ios/Pods/Headers/Public/React-jsiexecutor -I/Users/karelbraborec/rev-meter/ios/Pods/Headers/Public/React-jsinspector -I/Users/karelbraborec/rev-meter/ios/Pods/Headers/Public/React-jsinspectorcdp -I/Users/karelbraborec/rev-meter/ios/Pods/Headers/Public/React-jsinspectornetwork -I/Users/karelbraborec/rev-meter/ios/Pods/Headers/Public/React-jsinspectortracing -I/Users/karelbraborec/rev-meter/ios/Pods/Headers/Public/React-jsitooling -I/Users/karelbraborec/rev-meter/ios/Pods/Headers/Public/React-logger -I/Users/karelbraborec/rev-meter/ios/Pods/Headers/Public/React-microtasksnativemodule -I/Users/karelbraborec/rev-meter/ios/Pods/Headers/Public/React-mutationobservernativemodule -I/Users/karelbraborec/rev-meter/ios/Pods/Headers/Public/React-networking -I/Users/karelbraborec/rev-meter/ios/Pods/Headers/Public/React-oscompat -I/Users/karelbraborec/rev-meter/ios/Pods/Headers/Public/React-perflogger -I/Users/karelbraborec/rev-meter/ios/Pods/Headers/Public/React-performancecdpmetrics -I/Users/karelbraborec/rev-meter/ios/Pods/Headers/Public/React-performancetimeline -I/Users/karelbraborec/rev-meter/ios/Pods/Headers/Public/React-rendererconsistency -I/Users/karelbraborec/rev-meter/ios/Pods/Headers/Public/React-renderercss -I/Users/karelbraborec/rev-meter/ios/Pods/Headers/Public/React-rendererdebug -I/Users/karelbraborec/rev-meter/ios/Pods/Headers/Public/React-runtimeexecutor -I/Users/karelbraborec/rev-meter/ios/Pods/Headers/Public/React-runtimescheduler -I/Users/karelbraborec/rev-meter/ios/Pods/Headers/Public/React-timing -I/Users/karelbraborec/rev-meter/ios/Pods/Headers/Public/React-utils -I/Users/karelbraborec/rev-meter/ios/Pods/Headers/Public/React-viewtransitionnativemodule -I/Users/karelbraborec/rev-meter/ios/Pods/Headers/Public/React-webperformancenativemodule -I/Users/karelbraborec/rev-meter/ios/Pods/Headers/Public/ReactCodegen -I/Users/karelbraborec/rev-meter/ios/Pods/Headers/Public/ReactCommon -I/Users/karelbraborec/rev-meter/ios/Pods/Headers/Public/ReactNativeDependencies -I/Users/karelbraborec/rev-meter/ios/Pods/Headers/Public/Yoga -I/Users/karelbraborec/rev-meter/ios/Pods/Headers/Public/hermes-engine -I/Users/karelbraborec/rev-meter/node_modules/react-native-worklets/apple -I/Users/karelbraborec/rev-meter/node_modules/react-native-worklets/Common/cpp -I/Users/karelbraborec/rev-meter/ios/Pods/Headers/Private/ExpoModulesWorklets -I/Users/karelbraborec/rev-meter/ios/Pods/ExpoModulesCore/ExpoModulesCore.xcframework/ios-arm64_x86_64-simulator/ExpoModulesCore.framework/Headers -I/Users/karelbraborec/rev-meter/ios/Pods/ExpoModulesCore/ExpoModulesCore.xcframework/ios-arm64/ExpoModulesCore.framework/Headers -I/Users/karelbraborec/rev-meter/ios/Pods/ExpoModulesCore/ExpoModulesCore.xcframework/ios-arm64_x86_64-simulator/ExpoModulesCore.framework/Headers -I/Users/karelbraborec/rev-meter/ios/Pods/ExpoModulesCore/ExpoModulesCore.xcframework/ios-arm64/ExpoModulesCore.framework/Headers -I/Users/karelbraborec/Library/Developer/Xcode/DerivedData/revmeter-hbcnswmlqmbpnlazhhkncgeowiss/Build/Intermediates.noindex/Pods.build/Debug-iphonesimulator/ExpoModulesWorkletsAdapter.build/DerivedSources-normal/x86_64 -I/Users/karelbraborec/Library/Developer/Xcode/DerivedData/revmeter-hbcnswmlqmbpnlazhhkncgeowiss/Build/Intermediates.noindex/Pods.build/Debug-iphonesimulator/ExpoModulesWorkletsAdapter.build/DerivedSources/x86_64 -I/Users/karelbraborec/Library/Developer/Xcode/DerivedData/revmeter-hbcnswmlqmbpnlazhhkncgeowiss/Build/Intermediates.noindex/Pods.build/Debug-iphonesimulator/ExpoModulesWorkletsAdapter.build/DerivedSources -F/Users/karelbraborec/Library/Developer/Xcode/DerivedData/revmeter-hbcnswmlqmbpnlazhhkncgeowiss/Build/Products/Debug-iphonesimulator/ExpoModulesWorkletsAdapter -F/Users/karelbraborec/rev-meter/node_modules/expo-modules-jsi/apple/Products -F/Users/karelbraborec/rev-meter/ios/Pods/ExpoModulesCore -F/Users/karelbraborec/rev-meter/ios/Pods/ExpoModulesWorklets -F/Users/karelbraborec/rev-meter/ios/Pods/React-Core-prebuilt -F/Users/karelbraborec/rev-meter/ios/Pods/ReactNativeDependencies/framework/packages/react-native -F/Users/karelbraborec/rev-meter/ios/Pods/hermes-engine/destroot/Library/Frameworks/universal -F/Users/karelbraborec/Library/Developer/Xcode/DerivedData/revmeter-hbcnswmlqmbpnlazhhkncgeowiss/Build/Products/Debug-iphonesimulator/XCFrameworkIntermediates/ExpoModulesCore -F/Users/karelbraborec/Library/Developer/Xcode/DerivedData/revmeter-hbcnswmlqmbpnlazhhkncgeowiss/Build/Products/Debug-iphonesimulator/XCFrameworkIntermediates/ExpoModulesJSI -F/Users/karelbraborec/Library/Developer/Xcode/DerivedData/revmeter-hbcnswmlqmbpnlazhhkncgeowiss/Build/Products/Debug-iphonesimulator/XCFrameworkIntermediates/ExpoModulesWorklets -F/Users/karelbraborec/Library/Developer/Xcode/DerivedData/revmeter-hbcnswmlqmbpnlazhhkncgeowiss/Build/Products/Debug-iphonesimulator/XCFrameworkIntermediates/React-Core-prebuilt -F/Users/karelbraborec/Library/Developer/Xcode/DerivedData/revmeter-hbcnswmlqmbpnlazhhkncgeowiss/Build/Products/Debug-iphonesimulator/XCFrameworkIntermediates/ReactNativeDependencies -F/Users/karelbraborec/Library/Developer/Xcode/DerivedData/revmeter-hbcnswmlqmbpnlazhhkncgeowiss/Build/Products/Debug-iphonesimulator/XCFrameworkIntermediates/hermes-engine/Pre-built '-DRCT_REMOVE_LEGACY_ARCH=1' '-fmodule-map-file=/Users/karelbraborec/rev-meter/ios/Pods/Headers/Public/ReactCodegen/ReactCodegen.modulemap' '-fmodule-map-file=/Users/karelbraborec/rev-meter/ios/Pods/Headers/Public/worklets/RNWorklets.modulemap'

WriteAuxiliaryFile /Users/karelbraborec/Library/Developer/Xcode/DerivedData/revmeter-hbcnswmlqmbpnlazhhkncgeowiss/Build/Intermediates.noindex/Pods.build/Debug-iphonesimulator/ExpoModulesWorkletsAdapter.build/Objects-normal/x86_64/af3fcb34312c57c0f52879cdce924b91-common-args.resp (in target 'ExpoModulesWorkletsAdapter' from project 'Pods')
    cd /Users/karelbraborec/rev-meter/ios/Pods
    write-file /Users/karelbraborec/Library/Developer/Xcode/DerivedData/revmeter-hbcnswmlqmbpnlazhhkncgeowiss/Build/Intermediates.noindex/Pods.build/Debug-iphonesimulator/ExpoModulesWorkletsAdapter.build/Objects-normal/x86_64/af3fcb34312c57c0f52879cdce924b91-common-args.resp
'-std=c++20' '-stdlib=libc++' -fobjc-arc -fmodules -fno-cxx-modules '-fmodules-cache-path=/Users/karelbraborec/Library/Developer/Xcode/DerivedData/ModuleCache.noindex' '-fmodule-name=ExpoModulesWorkletsAdapter' '-D_LIBCPP_HARDENING_MODE=_LIBCPP_HARDENING_MODE_DEBUG' -fpascal-strings -O0 -fno-common '-DPOD_CONFIGURATION_DEBUG=1' '-DDEBUG=1' '-DCOCOAPODS=1' '-DOBJC_OLD_DISPATCH_PROTOTYPES=0' -fasm-blocks -g '-fobjc-abi-version=2' -fobjc-legacy-dispatch -iquote /Users/karelbraborec/Library/Developer/Xcode/DerivedData/revmeter-hbcnswmlqmbpnlazhhkncgeowiss/Build/Intermediates.noindex/Pods.build/Debug-iphonesimulator/ExpoModulesWorkletsAdapter.build/ExpoModulesWorkletsAdapter-generated-files.hmap -I/Users/karelbraborec/Library/Developer/Xcode/DerivedData/revmeter-hbcnswmlqmbpnlazhhkncgeowiss/Build/Intermediates.noindex/Pods.build/Debug-iphonesimulator/ExpoModulesWorkletsAdapter.build/ExpoModulesWorkletsAdapter-own-target-headers.hmap -I/Users/karelbraborec/Library/Developer/Xcode/DerivedData/revmeter-hbcnswmlqmbpnlazhhkncgeowiss/Build/Intermediates.noindex/Pods.build/Debug-iphonesimulator/ExpoModulesWorkletsAdapter.build/ExpoModulesWorkletsAdapter-all-non-framework-target-headers.hmap -ivfsoverlay /Users/karelbraborec/Library/Developer/Xcode/DerivedData/revmeter-hbcnswmlqmbpnlazhhkncgeowiss/Build/Intermediates.noindex/Pods.build/Debug-iphonesimulator/Pods-8699adb1dd336b26511df848a716bd42-VFS-iphonesimulator/all-product-headers.yaml -iquote /Users/karelbraborec/Library/Developer/Xcode/DerivedData/revmeter-hbcnswmlqmbpnlazhhkncgeowiss/Build/Intermediates.noindex/Pods.build/Debug-iphonesimulator/ExpoModulesWorkletsAdapter.build/ExpoModulesWorkletsAdapter-project-headers.hmap -I/Users/karelbraborec/Library/Developer/Xcode/DerivedData/revmeter-hbcnswmlqmbpnlazhhkncgeowiss/Build/Products/Debug-iphonesimulator/ExpoModulesWorkletsAdapter/include -I/Users/karelbraborec/rev-meter/ios/Pods/Headers/Private -I/Users/karelbraborec/rev-meter/ios/Pods/Headers/Private/ExpoModulesWorkletsAdapter -I/Users/karelbraborec/rev-meter/ios/Pods/Headers/Public -I/Users/karelbraborec/rev-meter/ios/Pods/Headers/Public/ExpoModulesWorkletsAdapter -I/Users/karelbraborec/rev-meter/ios/Pods/Headers/Public/FBLazyVector -I/Users/karelbraborec/rev-meter/ios/Pods/Headers/Public/RCTRequired -I/Users/karelbraborec/rev-meter/ios/Pods/Headers/Public/RCTSwiftUIWrapper -I/Users/karelbraborec/rev-meter/ios/Pods/Headers/Public/RCTTypeSafety -I/Users/karelbraborec/rev-meter/ios/Pods/Headers/Public/RNWorklets -I/Users/karelbraborec/rev-meter/ios/Pods/Headers/Public/React-Core -I/Users/karelbraborec/rev-meter/ios/Pods/Headers/Public/React-Core-prebuilt -I/Users/karelbraborec/rev-meter/ios/Pods/Headers/Public/React-CoreModules -I/Users/karelbraborec/rev-meter/ios/Pods/Headers/Public/React-Fabric -I/Users/karelbraborec/rev-meter/ios/Pods/Headers/Public/React-FabricComponents -I/Users/karelbraborec/rev-meter/ios/Pods/Headers/Public/React-FabricImage -I/Users/karelbraborec/rev-meter/ios/Pods/Headers/Public/React-ImageManager -I/Users/karelbraborec/rev-meter/ios/Pods/Headers/Public/React-Mapbuffer -I/Users/karelbraborec/rev-meter/ios/Pods/Headers/Public/React-NativeModulesApple -I/Users/karelbraborec/rev-meter/ios/Pods/Headers/Public/React-RCTAnimation -I/Users/karelbraborec/rev-meter/ios/Pods/Headers/Public/React-RCTBlob -I/Users/karelbraborec/rev-meter/ios/Pods/Headers/Public/React-RCTFBReactNativeSpec -I/Users/karelbraborec/rev-meter/ios/Pods/Headers/Public/React-RCTFabric -I/Users/karelbraborec/rev-meter/ios/Pods/Headers/Public/React-RCTImage -I/Users/karelbraborec/rev-meter/ios/Pods/Headers/Public/React-RCTRuntime -I/Users/karelbraborec/rev-meter/ios/Pods/Headers/Public/React-RCTText -I/Users/karelbraborec/rev-meter/ios/Pods/Headers/Public/React-RuntimeApple -I/Users/karelbraborec/rev-meter/ios/Pods/Headers/Public/React-RuntimeCore -I/Users/karelbraborec/rev-meter/ios/Pods/Headers/Public/React-RuntimeHermes -I/Users/karelbraborec/rev-meter/ios/Pods/Headers/Public/React-callinvoker -I/Users/karelbraborec/rev-meter/ios/Pods/Headers/Public/React-cxxreact -I/Users/karelbraborec/rev-meter/ios/Pods/Headers/Public/React-debug -I/Users/karelbraborec/rev-meter/ios/Pods/Headers/Public/React-defaultsnativemodule -I/Users/karelbraborec/rev-meter/ios/Pods/Headers/Public/React-domnativemodule -I/Users/karelbraborec/rev-meter/ios/Pods/Headers/Public/React-featureflags -I/Users/karelbraborec/rev-meter/ios/Pods/Headers/Public/React-featureflagsnativemodule -I/Users/karelbraborec/rev-meter/ios/Pods/Headers/Public/React-graphics -I/Users/karelbraborec/rev-meter/ios/Pods/Headers/Public/React-hermes -I/Users/karelbraborec/rev-meter/ios/Pods/Headers/Public/React-idlecallbacksnativemodule -I/Users/karelbraborec/rev-meter/ios/Pods/Headers/Public/React-intersectionobservernativemodule -I/Users/karelbraborec/rev-meter/ios/Pods/Headers/Public/React-jserrorhandler -I/Users/karelbraborec/rev-meter/ios/Pods/Headers/Public/React-jsi -I/Users/karelbraborec/rev-meter/ios/Pods/Headers/Public/React-jsiexecutor -I/Users/karelbraborec/rev-meter/ios/Pods/Headers/Public/React-jsinspector -I/Users/karelbraborec/rev-meter/ios/Pods/Headers/Public/React-jsinspectorcdp -I/Users/karelbraborec/rev-meter/ios/Pods/Headers/Public/React-jsinspectornetwork -I/Users/karelbraborec/rev-meter/ios/Pods/Headers/Public/React-jsinspectortracing -I/Users/karelbraborec/rev-meter/ios/Pods/Headers/Public/React-jsitooling -I/Users/karelbraborec/rev-meter/ios/Pods/Headers/Public/React-logger -I/Users/karelbraborec/rev-meter/ios/Pods/Headers/Public/React-microtasksnativemodule -I/Users/karelbraborec/rev-meter/ios/Pods/Headers/Public/React-mutationobservernativemodule -I/Users/karelbraborec/rev-meter/ios/Pods/Headers/Public/React-networking -I/Users/karelbraborec/rev-meter/ios/Pods/Headers/Public/React-oscompat -I/Users/karelbraborec/rev-meter/ios/Pods/Headers/Public/React-perflogger -I/Users/karelbraborec/rev-meter/ios/Pods/Headers/Public/React-performancecdpmetrics -I/Users/karelbraborec/rev-meter/ios/Pods/Headers/Public/React-performancetimeline -I/Users/karelbraborec/rev-meter/ios/Pods/Headers/Public/React-rendererconsistency -I/Users/karelbraborec/rev-meter/ios/Pods/Headers/Public/React-renderercss -I/Users/karelbraborec/rev-meter/ios/Pods/Headers/Public/React-rendererdebug -I/Users/karelbraborec/rev-meter/ios/Pods/Headers/Public/React-runtimeexecutor -I/Users/karelbraborec/rev-meter/ios/Pods/Headers/Public/React-runtimescheduler -I/Users/karelbraborec/rev-meter/ios/Pods/Headers/Public/React-timing -I/Users/karelbraborec/rev-meter/ios/Pods/Headers/Public/React-utils -I/Users/karelbraborec/rev-meter/ios/Pods/Headers/Public/React-viewtransitionnativemodule -I/Users/karelbraborec/rev-meter/ios/Pods/Headers/Public/React-webperformancenativemodule -I/Users/karelbraborec/rev-meter/ios/Pods/Headers/Public/ReactCodegen -I/Users/karelbraborec/rev-meter/ios/Pods/Headers/Public/ReactCommon -I/Users/karelbraborec/rev-meter/ios/Pods/Headers/Public/ReactNativeDependencies -I/Users/karelbraborec/rev-meter/ios/Pods/Headers/Public/Yoga -I/Users/karelbraborec/rev-meter/ios/Pods/Headers/Public/hermes-engine -I/Users/karelbraborec/rev-meter/node_modules/react-native-worklets/apple -I/Users/karelbraborec/rev-meter/node_modules/react-native-worklets/Common/cpp -I/Users/karelbraborec/rev-meter/ios/Pods/Headers/Private/ExpoModulesWorklets -I/Users/karelbraborec/rev-meter/ios/Pods/ExpoModulesCore/ExpoModulesCore.xcframework/ios-arm64_x86_64-simulator/ExpoModulesCore.framework/Headers -I/Users/karelbraborec/rev-meter/ios/Pods/ExpoModulesCore/ExpoModulesCore.xcframework/ios-arm64/ExpoModulesCore.framework/Headers -I/Users/karelbraborec/rev-meter/ios/Pods/ExpoModulesCore/ExpoModulesCore.xcframework/ios-arm64_x86_64-simulator/ExpoModulesCore.framework/Headers -I/Users/karelbraborec/rev-meter/ios/Pods/ExpoModulesCore/ExpoModulesCore.xcframework/ios-arm64/ExpoModulesCore.framework/Headers -I/Users/karelbraborec/Library/Developer/Xcode/DerivedData/revmeter-hbcnswmlqmbpnlazhhkncgeowiss/Build/Intermediates.noindex/Pods.build/Debug-iphonesimulator/ExpoModulesWorkletsAdapter.build/DerivedSources-normal/x86_64 -I/Users/karelbraborec/Library/Developer/Xcode/DerivedData/revmeter-hbcnswmlqmbpnlazhhkncgeowiss/Build/Intermediates.noindex/Pods.build/Debug-iphonesimulator/ExpoModulesWorkletsAdapter.build/DerivedSources/x86_64 -I/Users/karelbraborec/Library/Developer/Xcode/DerivedData/revmeter-hbcnswmlqmbpnlazhhkncgeowiss/Build/Intermediates.noindex/Pods.build/Debug-iphonesimulator/ExpoModulesWorkletsAdapter.build/DerivedSources -F/Users/karelbraborec/Library/Developer/Xcode/DerivedData/revmeter-hbcnswmlqmbpnlazhhkncgeowiss/Build/Products/Debug-iphonesimulator/ExpoModulesWorkletsAdapter -F/Users/karelbraborec/rev-meter/node_modules/expo-modules-jsi/apple/Products -F/Users/karelbraborec/rev-meter/ios/Pods/ExpoModulesCore -F/Users/karelbraborec/rev-meter/ios/Pods/ExpoModulesWorklets -F/Users/karelbraborec/rev-meter/ios/Pods/React-Core-prebuilt -F/Users/karelbraborec/rev-meter/ios/Pods/ReactNativeDependencies/framework/packages/react-native -F/Users/karelbraborec/rev-meter/ios/Pods/hermes-engine/destroot/Library/Frameworks/universal -F/Users/karelbraborec/Library/Developer/Xcode/DerivedData/revmeter-hbcnswmlqmbpnlazhhkncgeowiss/Build/Products/Debug-iphonesimulator/XCFrameworkIntermediates/ExpoModulesCore -F/Users/karelbraborec/Library/Developer/Xcode/DerivedData/revmeter-hbcnswmlqmbpnlazhhkncgeowiss/Build/Products/Debug-iphonesimulator/XCFrameworkIntermediates/ExpoModulesJSI -F/Users/karelbraborec/Library/Developer/Xcode/DerivedData/revmeter-hbcnswmlqmbpnlazhhkncgeowiss/Build/Products/Debug-iphonesimulator/XCFrameworkIntermediates/ExpoModulesWorklets -F/Users/karelbraborec/Library/Developer/Xcode/DerivedData/revmeter-hbcnswmlqmbpnlazhhkncgeowiss/Build/Products/Debug-iphonesimulator/XCFrameworkIntermediates/React-Core-prebuilt -F/Users/karelbraborec/Library/Developer/Xcode/DerivedData/revmeter-hbcnswmlqmbpnlazhhkncgeowiss/Build/Products/Debug-iphonesimulator/XCFrameworkIntermediates/ReactNativeDependencies -F/Users/karelbraborec/Library/Developer/Xcode/DerivedData/revmeter-hbcnswmlqmbpnlazhhkncgeowiss/Build/Products/Debug-iphonesimulator/XCFrameworkIntermediates/hermes-engine/Pre-built '-DRCT_REMOVE_LEGACY_ARCH=1' '-fmodule-map-file=/Users/karelbraborec/rev-meter/ios/Pods/Headers/Public/ReactCodegen/ReactCodegen.modulemap' '-fmodule-map-file=/Users/karelbraborec/rev-meter/ios/Pods/Headers/Public/worklets/RNWorklets.modulemap' '-DRCT_REMOVE_LEGACY_ARCH=1'

WriteAuxiliaryFile /Users/karelbraborec/Library/Developer/Xcode/DerivedData/revmeter-hbcnswmlqmbpnlazhhkncgeowiss/Build/Intermediates.noindex/Pods.build/Debug-iphonesimulator/ExpoModulesWorkletsAdapter.build/Objects-normal/x86_64/ExpoModulesWorkletsAdapter.LinkFileList (in target 'ExpoModulesWorkletsAdapter' from project 'Pods')
    cd /Users/karelbraborec/rev-meter/ios/Pods
    write-file /Users/karelbraborec/Library/Developer/Xcode/DerivedData/revmeter-hbcnswmlqmbpnlazhhkncgeowiss/Build/Intermediates.noindex/Pods.build/Debug-iphonesimulator/ExpoModulesWorkletsAdapter.build/Objects-normal/x86_64/ExpoModulesWorkletsAdapter.LinkFileList

WriteAuxiliaryFile /Users/karelbraborec/Library/Developer/Xcode/DerivedData/revmeter-hbcnswmlqmbpnlazhhkncgeowiss/Build/Intermediates.noindex/Pods.build/Debug-iphonesimulator/ExpoModulesWorkletsAdapter.build/Objects-normal/arm64/e6072d4f65d7061329687fe24e3d63a7-common-args.resp (in target 'ExpoModulesWorkletsAdapter' from project 'Pods')
    cd /Users/karelbraborec/rev-meter/ios/Pods
    write-file /Users/karelbraborec/Library/Developer/Xcode/DerivedData/revmeter-hbcnswmlqmbpnlazhhkncgeowiss/Build/Intermediates.noindex/Pods.build/Debug-iphonesimulator/ExpoModulesWorkletsAdapter.build/Objects-normal/arm64/e6072d4f65d7061329687fe24e3d63a7-common-args.resp
'-std=gnu11' -fobjc-arc -fmodules '-fmodules-cache-path=/Users/karelbraborec/Library/Developer/Xcode/DerivedData/ModuleCache.noindex' '-fmodule-name=ExpoModulesWorkletsAdapter' -fpascal-strings -O0 -fno-common '-DPOD_CONFIGURATION_DEBUG=1' '-DDEBUG=1' '-DCOCOAPODS=1' '-DOBJC_OLD_DISPATCH_PROTOTYPES=0' -g '-fobjc-abi-version=2' -fobjc-legacy-dispatch -iquote /Users/karelbraborec/Library/Developer/Xcode/DerivedData/revmeter-hbcnswmlqmbpnlazhhkncgeowiss/Build/Intermediates.noindex/Pods.build/Debug-iphonesimulator/ExpoModulesWorkletsAdapter.build/ExpoModulesWorkletsAdapter-generated-files.hmap -I/Users/karelbraborec/Library/Developer/Xcode/DerivedData/revmeter-hbcnswmlqmbpnlazhhkncgeowiss/Build/Intermediates.noindex/Pods.build/Debug-iphonesimulator/ExpoModulesWorkletsAdapter.build/ExpoModulesWorkletsAdapter-own-target-headers.hmap -I/Users/karelbraborec/Library/Developer/Xcode/DerivedData/revmeter-hbcnswmlqmbpnlazhhkncgeowiss/Build/Intermediates.noindex/Pods.build/Debug-iphonesimulator/ExpoModulesWorkletsAdapter.build/ExpoModulesWorkletsAdapter-all-non-framework-target-headers.hmap -ivfsoverlay /Users/karelbraborec/Library/Developer/Xcode/DerivedData/revmeter-hbcnswmlqmbpnlazhhkncgeowiss/Build/Intermediates.noindex/Pods.build/Debug-iphonesimulator/Pods-8699adb1dd336b26511df848a716bd42-VFS-iphonesimulator/all-product-headers.yaml -iquote /Users/karelbraborec/Library/Developer/Xcode/DerivedData/revmeter-hbcnswmlqmbpnlazhhkncgeowiss/Build/Intermediates.noindex/Pods.build/Debug-iphonesimulator/ExpoModulesWorkletsAdapter.build/ExpoModulesWorkletsAdapter-project-headers.hmap -I/Users/karelbraborec/Library/Developer/Xcode/DerivedData/revmeter-hbcnswmlqmbpnlazhhkncgeowiss/Build/Products/Debug-iphonesimulator/ExpoModulesWorkletsAdapter/include -I/Users/karelbraborec/rev-meter/ios/Pods/Headers/Private -I/Users/karelbraborec/rev-meter/ios/Pods/Headers/Private/ExpoModulesWorkletsAdapter -I/Users/karelbraborec/rev-meter/ios/Pods/Headers/Public -I/Users/karelbraborec/rev-meter/ios/Pods/Headers/Public/ExpoModulesWorkletsAdapter -I/Users/karelbraborec/rev-meter/ios/Pods/Headers/Public/FBLazyVector -I/Users/karelbraborec/rev-meter/ios/Pods/Headers/Public/RCTRequired -I/Users/karelbraborec/rev-meter/ios/Pods/Headers/Public/RCTSwiftUIWrapper -I/Users/karelbraborec/rev-meter/ios/Pods/Headers/Public/RCTTypeSafety -I/Users/karelbraborec/rev-meter/ios/Pods/Headers/Public/RNWorklets -I/Users/karelbraborec/rev-meter/ios/Pods/Headers/Public/React-Core -I/Users/karelbraborec/rev-meter/ios/Pods/Headers/Public/React-Core-prebuilt -I/Users/karelbraborec/rev-meter/ios/Pods/Headers/Public/React-CoreModules -I/Users/karelbraborec/rev-meter/ios/Pods/Headers/Public/React-Fabric -I/Users/karelbraborec/rev-meter/ios/Pods/Headers/Public/React-FabricComponents -I/Users/karelbraborec/rev-meter/ios/Pods/Headers/Public/React-FabricImage -I/Users/karelbraborec/rev-meter/ios/Pods/Headers/Public/React-ImageManager -I/Users/karelbraborec/rev-meter/ios/Pods/Headers/Public/React-Mapbuffer -I/Users/karelbraborec/rev-meter/ios/Pods/Headers/Public/React-NativeModulesApple -I/Users/karelbraborec/rev-meter/ios/Pods/Headers/Public/React-RCTAnimation -I/Users/karelbraborec/rev-meter/ios/Pods/Headers/Public/React-RCTBlob -I/Users/karelbraborec/rev-meter/ios/Pods/Headers/Public/React-RCTFBReactNativeSpec -I/Users/karelbraborec/rev-meter/ios/Pods/Headers/Public/React-RCTFabric -I/Users/karelbraborec/rev-meter/ios/Pods/Headers/Public/React-RCTImage -I/Users/karelbraborec/rev-meter/ios/Pods/Headers/Public/React-RCTRuntime -I/Users/karelbraborec/rev-meter/ios/Pods/Headers/Public/React-RCTText -I/Users/karelbraborec/rev-meter/ios/Pods/Headers/Public/React-RuntimeApple -I/Users/karelbraborec/rev-meter/ios/Pods/Headers/Public/React-RuntimeCore -I/Users/karelbraborec/rev-meter/ios/Pods/Headers/Public/React-RuntimeHermes -I/Users/karelbraborec/rev-meter/ios/Pods/Headers/Public/React-callinvoker -I/Users/karelbraborec/rev-meter/ios/Pods/Headers/Public/React-cxxreact -I/Users/karelbraborec/rev-meter/ios/Pods/Headers/Public/React-debug -I/Users/karelbraborec/rev-meter/ios/Pods/Headers/Public/React-defaultsnativemodule -I/Users/karelbraborec/rev-meter/ios/Pods/Headers/Public/React-domnativemodule -I/Users/karelbraborec/rev-meter/ios/Pods/Headers/Public/React-featureflags -I/Users/karelbraborec/rev-meter/ios/Pods/Headers/Public/React-featureflagsnativemodule -I/Users/karelbraborec/rev-meter/ios/Pods/Headers/Public/React-graphics -I/Users/karelbraborec/rev-meter/ios/Pods/Headers/Public/React-hermes -I/Users/karelbraborec/rev-meter/ios/Pods/Headers/Public/React-idlecallbacksnativemodule -I/Users/karelbraborec/rev-meter/ios/Pods/Headers/Public/React-intersectionobservernativemodule -I/Users/karelbraborec/rev-meter/ios/Pods/Headers/Public/React-jserrorhandler -I/Users/karelbraborec/rev-meter/ios/Pods/Headers/Public/React-jsi -I/Users/karelbraborec/rev-meter/ios/Pods/Headers/Public/React-jsiexecutor -I/Users/karelbraborec/rev-meter/ios/Pods/Headers/Public/React-jsinspector -I/Users/karelbraborec/rev-meter/ios/Pods/Headers/Public/React-jsinspectorcdp -I/Users/karelbraborec/rev-meter/ios/Pods/Headers/Public/React-jsinspectornetwork -I/Users/karelbraborec/rev-meter/ios/Pods/Headers/Public/React-jsinspectortracing -I/Users/karelbraborec/rev-meter/ios/Pods/Headers/Public/React-jsitooling -I/Users/karelbraborec/rev-meter/ios/Pods/Headers/Public/React-logger -I/Users/karelbraborec/rev-meter/ios/Pods/Headers/Public/React-microtasksnativemodule -I/Users/karelbraborec/rev-meter/ios/Pods/Headers/Public/React-mutationobservernativemodule -I/Users/karelbraborec/rev-meter/ios/Pods/Headers/Public/React-networking -I/Users/karelbraborec/rev-meter/ios/Pods/Headers/Public/React-oscompat -I/Users/karelbraborec/rev-meter/ios/Pods/Headers/Public/React-perflogger -I/Users/karelbraborec/rev-meter/ios/Pods/Headers/Public/React-performancecdpmetrics -I/Users/karelbraborec/rev-meter/ios/Pods/Headers/Public/React-performancetimeline -I/Users/karelbraborec/rev-meter/ios/Pods/Headers/Public/React-rendererconsistency -I/Users/karelbraborec/rev-meter/ios/Pods/Headers/Public/React-renderercss -I/Users/karelbraborec/rev-meter/ios/Pods/Headers/Public/React-rendererdebug -I/Users/karelbraborec/rev-meter/ios/Pods/Headers/Public/React-runtimeexecutor -I/Users/karelbraborec/rev-meter/ios/Pods/Headers/Public/React-runtimescheduler -I/Users/karelbraborec/rev-meter/ios/Pods/Headers/Public/React-timing -I/Users/karelbraborec/rev-meter/ios/Pods/Headers/Public/React-utils -I/Users/karelbraborec/rev-meter/ios/Pods/Headers/Public/React-viewtransitionnativemodule -I/Users/karelbraborec/rev-meter/ios/Pods/Headers/Public/React-webperformancenativemodule -I/Users/karelbraborec/rev-meter/ios/Pods/Headers/Public/ReactCodegen -I/Users/karelbraborec/rev-meter/ios/Pods/Headers/Public/ReactCommon -I/Users/karelbraborec/rev-meter/ios/Pods/Headers/Public/ReactNativeDependencies -I/Users/karelbraborec/rev-meter/ios/Pods/Headers/Public/Yoga -I/Users/karelbraborec/rev-meter/ios/Pods/Headers/Public/hermes-engine -I/Users/karelbraborec/rev-meter/node_modules/react-native-worklets/apple -I/Users/karelbraborec/rev-meter/node_modules/react-native-worklets/Common/cpp -I/Users/karelbraborec/rev-meter/ios/Pods/Headers/Private/ExpoModulesWorklets -I/Users/karelbraborec/rev-meter/ios/Pods/ExpoModulesCore/ExpoModulesCore.xcframework/ios-arm64_x86_64-simulator/ExpoModulesCore.framework/Headers -I/Users/karelbraborec/rev-meter/ios/Pods/ExpoModulesCore/ExpoModulesCore.xcframework/ios-arm64/ExpoModulesCore.framework/Headers -I/Users/karelbraborec/rev-meter/ios/Pods/ExpoModulesCore/ExpoModulesCore.xcframework/ios-arm64_x86_64-simulator/ExpoModulesCore.framework/Headers -I/Users/karelbraborec/rev-meter/ios/Pods/ExpoModulesCore/ExpoModulesCore.xcframework/ios-arm64/ExpoModulesCore.framework/Headers -I/Users/karelbraborec/Library/Developer/Xcode/DerivedData/revmeter-hbcnswmlqmbpnlazhhkncgeowiss/Build/Intermediates.noindex/Pods.build/Debug-iphonesimulator/ExpoModulesWorkletsAdapter.build/DerivedSources-normal/arm64 -I/Users/karelbraborec/Library/Developer/Xcode/DerivedData/revmeter-hbcnswmlqmbpnlazhhkncgeowiss/Build/Intermediates.noindex/Pods.build/Debug-iphonesimulator/ExpoModulesWorkletsAdapter.build/DerivedSources/arm64 -I/Users/karelbraborec/Library/Developer/Xcode/DerivedData/revmeter-hbcnswmlqmbpnlazhhkncgeowiss/Build/Intermediates.noindex/Pods.build/Debug-iphonesimulator/ExpoModulesWorkletsAdapter.build/DerivedSources -F/Users/karelbraborec/Library/Developer/Xcode/DerivedData/revmeter-hbcnswmlqmbpnlazhhkncgeowiss/Build/Products/Debug-iphonesimulator/ExpoModulesWorkletsAdapter -F/Users/karelbraborec/rev-meter/node_modules/expo-modules-jsi/apple/Products -F/Users/karelbraborec/rev-meter/ios/Pods/ExpoModulesCore -F/Users/karelbraborec/rev-meter/ios/Pods/ExpoModulesWorklets -F/Users/karelbraborec/rev-meter/ios/Pods/React-Core-prebuilt -F/Users/karelbraborec/rev-meter/ios/Pods/ReactNativeDependencies/framework/packages/react-native -F/Users/karelbraborec/rev-meter/ios/Pods/hermes-engine/destroot/Library/Frameworks/universal -F/Users/karelbraborec/Library/Developer/Xcode/DerivedData/revmeter-hbcnswmlqmbpnlazhhkncgeowiss/Build/Products/Debug-iphonesimulator/XCFrameworkIntermediates/ExpoModulesCore -F/Users/karelbraborec/Library/Developer/Xcode/DerivedData/revmeter-hbcnswmlqmbpnlazhhkncgeowiss/Build/Products/Debug-iphonesimulator/XCFrameworkIntermediates/ExpoModulesJSI -F/Users/karelbraborec/Library/Developer/Xcode/DerivedData/revmeter-hbcnswmlqmbpnlazhhkncgeowiss/Build/Products/Debug-iphonesimulator/XCFrameworkIntermediates/ExpoModulesWorklets -F/Users/karelbraborec/Library/Developer/Xcode/DerivedData/revmeter-hbcnswmlqmbpnlazhhkncgeowiss/Build/Products/Debug-iphonesimulator/XCFrameworkIntermediates/React-Core-prebuilt -F/Users/karelbraborec/Library/Developer/Xcode/DerivedData/revmeter-hbcnswmlqmbpnlazhhkncgeowiss/Build/Products/Debug-iphonesimulator/XCFrameworkIntermediates/ReactNativeDependencies -F/Users/karelbraborec/Library/Developer/Xcode/DerivedData/revmeter-hbcnswmlqmbpnlazhhkncgeowiss/Build/Products/Debug-iphonesimulator/XCFrameworkIntermediates/hermes-engine/Pre-built '-DRCT_REMOVE_LEGACY_ARCH=1' '-fmodule-map-file=/Users/karelbraborec/rev-meter/ios/Pods/Headers/Public/ReactCodegen/ReactCodegen.modulemap' '-fmodule-map-file=/Users/karelbraborec/rev-meter/ios/Pods/Headers/Public/worklets/RNWorklets.modulemap'

WriteAuxiliaryFile /Users/karelbraborec/Library/Developer/Xcode/DerivedData/revmeter-hbcnswmlqmbpnlazhhkncgeowiss/Build/Intermediates.noindex/Pods.build/Debug-iphonesimulator/ExpoModulesWorkletsAdapter.build/Objects-normal/arm64/af3fcb34312c57c0f52879cdce924b91-common-args.resp (in target 'ExpoModulesWorkletsAdapter' from project 'Pods')
    cd /Users/karelbraborec/rev-meter/ios/Pods
    write-file /Users/karelbraborec/Library/Developer/Xcode/DerivedData/revmeter-hbcnswmlqmbpnlazhhkncgeowiss/Build/Intermediates.noindex/Pods.build/Debug-iphonesimulator/ExpoModulesWorkletsAdapter.build/Objects-normal/arm64/af3fcb34312c57c0f52879cdce924b91-common-args.resp
'-std=c++20' '-stdlib=libc++' -fobjc-arc -fmodules -fno-cxx-modules '-fmodules-cache-path=/Users/karelbraborec/Library/Developer/Xcode/DerivedData/ModuleCache.noindex' '-fmodule-name=ExpoModulesWorkletsAdapter' '-D_LIBCPP_HARDENING_MODE=_LIBCPP_HARDENING_MODE_DEBUG' -fpascal-strings -O0 -fno-common '-DPOD_CONFIGURATION_DEBUG=1' '-DDEBUG=1' '-DCOCOAPODS=1' '-DOBJC_OLD_DISPATCH_PROTOTYPES=0' -g '-fobjc-abi-version=2' -fobjc-legacy-dispatch -iquote /Users/karelbraborec/Library/Developer/Xcode/DerivedData/revmeter-hbcnswmlqmbpnlazhhkncgeowiss/Build/Intermediates.noindex/Pods.build/Debug-iphonesimulator/ExpoModulesWorkletsAdapter.build/ExpoModulesWorkletsAdapter-generated-files.hmap -I/Users/karelbraborec/Library/Developer/Xcode/DerivedData/revmeter-hbcnswmlqmbpnlazhhkncgeowiss/Build/Intermediates.noindex/Pods.build/Debug-iphonesimulator/ExpoModulesWorkletsAdapter.build/ExpoModulesWorkletsAdapter-own-target-headers.hmap -I/Users/karelbraborec/Library/Developer/Xcode/DerivedData/revmeter-hbcnswmlqmbpnlazhhkncgeowiss/Build/Intermediates.noindex/Pods.build/Debug-iphonesimulator/ExpoModulesWorkletsAdapter.build/ExpoModulesWorkletsAdapter-all-non-framework-target-headers.hmap -ivfsoverlay /Users/karelbraborec/Library/Developer/Xcode/DerivedData/revmeter-hbcnswmlqmbpnlazhhkncgeowiss/Build/Intermediates.noindex/Pods.build/Debug-iphonesimulator/Pods-8699adb1dd336b26511df848a716bd42-VFS-iphonesimulator/all-product-headers.yaml -iquote /Users/karelbraborec/Library/Developer/Xcode/DerivedData/revmeter-hbcnswmlqmbpnlazhhkncgeowiss/Build/Intermediates.noindex/Pods.build/Debug-iphonesimulator/ExpoModulesWorkletsAdapter.build/ExpoModulesWorkletsAdapter-project-headers.hmap -I/Users/karelbraborec/Library/Developer/Xcode/DerivedData/revmeter-hbcnswmlqmbpnlazhhkncgeowiss/Build/Products/Debug-iphonesimulator/ExpoModulesWorkletsAdapter/include -I/Users/karelbraborec/rev-meter/ios/Pods/Headers/Private -I/Users/karelbraborec/rev-meter/ios/Pods/Headers/Private/ExpoModulesWorkletsAdapter -I/Users/karelbraborec/rev-meter/ios/Pods/Headers/Public -I/Users/karelbraborec/rev-meter/ios/Pods/Headers/Public/ExpoModulesWorkletsAdapter -I/Users/karelbraborec/rev-meter/ios/Pods/Headers/Public/FBLazyVector -I/Users/karelbraborec/rev-meter/ios/Pods/Headers/Public/RCTRequired -I/Users/karelbraborec/rev-meter/ios/Pods/Headers/Public/RCTSwiftUIWrapper -I/Users/karelbraborec/rev-meter/ios/Pods/Headers/Public/RCTTypeSafety -I/Users/karelbraborec/rev-meter/ios/Pods/Headers/Public/RNWorklets -I/Users/karelbraborec/rev-meter/ios/Pods/Headers/Public/React-Core -I/Users/karelbraborec/rev-meter/ios/Pods/Headers/Public/React-Core-prebuilt -I/Users/karelbraborec/rev-meter/ios/Pods/Headers/Public/React-CoreModules -I/Users/karelbraborec/rev-meter/ios/Pods/Headers/Public/React-Fabric -I/Users/karelbraborec/rev-meter/ios/Pods/Headers/Public/React-FabricComponents -I/Users/karelbraborec/rev-meter/ios/Pods/Headers/Public/React-FabricImage -I/Users/karelbraborec/rev-meter/ios/Pods/Headers/Public/React-ImageManager -I/Users/karelbraborec/rev-meter/ios/Pods/Headers/Public/React-Mapbuffer -I/Users/karelbraborec/rev-meter/ios/Pods/Headers/Public/React-NativeModulesApple -I/Users/karelbraborec/rev-meter/ios/Pods/Headers/Public/React-RCTAnimation -I/Users/karelbraborec/rev-meter/ios/Pods/Headers/Public/React-RCTBlob -I/Users/karelbraborec/rev-meter/ios/Pods/Headers/Public/React-RCTFBReactNativeSpec -I/Users/karelbraborec/rev-meter/ios/Pods/Headers/Public/React-RCTFabric -I/Users/karelbraborec/rev-meter/ios/Pods/Headers/Public/React-RCTImage -I/Users/karelbraborec/rev-meter/ios/Pods/Headers/Public/React-RCTRuntime -I/Users/karelbraborec/rev-meter/ios/Pods/Headers/Public/React-RCTText -I/Users/karelbraborec/rev-meter/ios/Pods/Headers/Public/React-RuntimeApple -I/Users/karelbraborec/rev-meter/ios/Pods/Headers/Public/React-RuntimeCore -I/Users/karelbraborec/rev-meter/ios/Pods/Headers/Public/React-RuntimeHermes -I/Users/karelbraborec/rev-meter/ios/Pods/Headers/Public/React-callinvoker -I/Users/karelbraborec/rev-meter/ios/Pods/Headers/Public/React-cxxreact -I/Users/karelbraborec/rev-meter/ios/Pods/Headers/Public/React-debug -I/Users/karelbraborec/rev-meter/ios/Pods/Headers/Public/React-defaultsnativemodule -I/Users/karelbraborec/rev-meter/ios/Pods/Headers/Public/React-domnativemodule -I/Users/karelbraborec/rev-meter/ios/Pods/Headers/Public/React-featureflags -I/Users/karelbraborec/rev-meter/ios/Pods/Headers/Public/React-featureflagsnativemodule -I/Users/karelbraborec/rev-meter/ios/Pods/Headers/Public/React-graphics -I/Users/karelbraborec/rev-meter/ios/Pods/Headers/Public/React-hermes -I/Users/karelbraborec/rev-meter/ios/Pods/Headers/Public/React-idlecallbacksnativemodule -I/Users/karelbraborec/rev-meter/ios/Pods/Headers/Public/React-intersectionobservernativemodule -I/Users/karelbraborec/rev-meter/ios/Pods/Headers/Public/React-jserrorhandler -I/Users/karelbraborec/rev-meter/ios/Pods/Headers/Public/React-jsi -I/Users/karelbraborec/rev-meter/ios/Pods/Headers/Public/React-jsiexecutor -I/Users/karelbraborec/rev-meter/ios/Pods/Headers/Public/React-jsinspector -I/Users/karelbraborec/rev-meter/ios/Pods/Headers/Public/React-jsinspectorcdp -I/Users/karelbraborec/rev-meter/ios/Pods/Headers/Public/React-jsinspectornetwork -I/Users/karelbraborec/rev-meter/ios/Pods/Headers/Public/React-jsinspectortracing -I/Users/karelbraborec/rev-meter/ios/Pods/Headers/Public/React-jsitooling -I/Users/karelbraborec/rev-meter/ios/Pods/Headers/Public/React-logger -I/Users/karelbraborec/rev-meter/ios/Pods/Headers/Public/React-microtasksnativemodule -I/Users/karelbraborec/rev-meter/ios/Pods/Headers/Public/React-mutationobservernativemodule -I/Users/karelbraborec/rev-meter/ios/Pods/Headers/Public/React-networking -I/Users/karelbraborec/rev-meter/ios/Pods/Headers/Public/React-oscompat -I/Users/karelbraborec/rev-meter/ios/Pods/Headers/Public/React-perflogger -I/Users/karelbraborec/rev-meter/ios/Pods/Headers/Public/React-performancecdpmetrics -I/Users/karelbraborec/rev-meter/ios/Pods/Headers/Public/React-performancetimeline -I/Users/karelbraborec/rev-meter/ios/Pods/Headers/Public/React-rendererconsistency -I/Users/karelbraborec/rev-meter/ios/Pods/Headers/Public/React-renderercss -I/Users/karelbraborec/rev-meter/ios/Pods/Headers/Public/React-rendererdebug -I/Users/karelbraborec/rev-meter/ios/Pods/Headers/Public/React-runtimeexecutor -I/Users/karelbraborec/rev-meter/ios/Pods/Headers/Public/React-runtimescheduler -I/Users/karelbraborec/rev-meter/ios/Pods/Headers/Public/React-timing -I/Users/karelbraborec/rev-meter/ios/Pods/Headers/Public/React-utils -I/Users/karelbraborec/rev-meter/ios/Pods/Headers/Public/React-viewtransitionnativemodule -I/Users/karelbraborec/rev-meter/ios/Pods/Headers/Public/React-webperformancenativemodule -I/Users/karelbraborec/rev-meter/ios/Pods/Headers/Public/ReactCodegen -I/Users/karelbraborec/rev-meter/ios/Pods/Headers/Public/ReactCommon -I/Users/karelbraborec/rev-meter/ios/Pods/Headers/Public/ReactNativeDependencies -I/Users/karelbraborec/rev-meter/ios/Pods/Headers/Public/Yoga -I/Users/karelbraborec/rev-meter/ios/Pods/Headers/Public/hermes-engine -I/Users/karelbraborec/rev-meter/node_modules/react-native-worklets/apple -I/Users/karelbraborec/rev-meter/node_modules/react-native-worklets/Common/cpp -I/Users/karelbraborec/rev-meter/ios/Pods/Headers/Private/ExpoModulesWorklets -I/Users/karelbraborec/rev-meter/ios/Pods/ExpoModulesCore/ExpoModulesCore.xcframework/ios-arm64_x86_64-simulator/ExpoModulesCore.framework/Headers -I/Users/karelbraborec/rev-meter/ios/Pods/ExpoModulesCore/ExpoModulesCore.xcframework/ios-arm64/ExpoModulesCore.framework/Headers -I/Users/karelbraborec/rev-meter/ios/Pods/ExpoModulesCore/ExpoModulesCore.xcframework/ios-arm64_x86_64-simulator/ExpoModulesCore.framework/Headers -I/Users/karelbraborec/rev-meter/ios/Pods/ExpoModulesCore/ExpoModulesCore.xcframework/ios-arm64/ExpoModulesCore.framework/Headers -I/Users/karelbraborec/Library/Developer/Xcode/DerivedData/revmeter-hbcnswmlqmbpnlazhhkncgeowiss/Build/Intermediates.noindex/Pods.build/Debug-iphonesimulator/ExpoModulesWorkletsAdapter.build/DerivedSources-normal/arm64 -I/Users/karelbraborec/Library/Developer/Xcode/DerivedData/revmeter-hbcnswmlqmbpnlazhhkncgeowiss/Build/Intermediates.noindex/Pods.build/Debug-iphonesimulator/ExpoModulesWorkletsAdapter.build/DerivedSources/arm64 -I/Users/karelbraborec/Library/Developer/Xcode/DerivedData/revmeter-hbcnswmlqmbpnlazhhkncgeowiss/Build/Intermediates.noindex/Pods.build/Debug-iphonesimulator/ExpoModulesWorkletsAdapter.build/DerivedSources -F/Users/karelbraborec/Library/Developer/Xcode/DerivedData/revmeter-hbcnswmlqmbpnlazhhkncgeowiss/Build/Products/Debug-iphonesimulator/ExpoModulesWorkletsAdapter -F/Users/karelbraborec/rev-meter/node_modules/expo-modules-jsi/apple/Products -F/Users/karelbraborec/rev-meter/ios/Pods/ExpoModulesCore -F/Users/karelbraborec/rev-meter/ios/Pods/ExpoModulesWorklets -F/Users/karelbraborec/rev-meter/ios/Pods/React-Core-prebuilt -F/Users/karelbraborec/rev-meter/ios/Pods/ReactNativeDependencies/framework/packages/react-native -F/Users/karelbraborec/rev-meter/ios/Pods/hermes-engine/destroot/Library/Frameworks/universal -F/Users/karelbraborec/Library/Developer/Xcode/DerivedData/revmeter-hbcnswmlqmbpnlazhhkncgeowiss/Build/Products/Debug-iphonesimulator/XCFrameworkIntermediates/ExpoModulesCore -F/Users/karelbraborec/Library/Developer/Xcode/DerivedData/revmeter-hbcnswmlqmbpnlazhhkncgeowiss/Build/Products/Debug-iphonesimulator/XCFrameworkIntermediates/ExpoModulesJSI -F/Users/karelbraborec/Library/Developer/Xcode/DerivedData/revmeter-hbcnswmlqmbpnlazhhkncgeowiss/Build/Products/Debug-iphonesimulator/XCFrameworkIntermediates/ExpoModulesWorklets -F/Users/karelbraborec/Library/Developer/Xcode/DerivedData/revmeter-hbcnswmlqmbpnlazhhkncgeowiss/Build/Products/Debug-iphonesimulator/XCFrameworkIntermediates/React-Core-prebuilt -F/Users/karelbraborec/Library/Developer/Xcode/DerivedData/revmeter-hbcnswmlqmbpnlazhhkncgeowiss/Build/Products/Debug-iphonesimulator/XCFrameworkIntermediates/ReactNativeDependencies -F/Users/karelbraborec/Library/Developer/Xcode/DerivedData/revmeter-hbcnswmlqmbpnlazhhkncgeowiss/Build/Products/Debug-iphonesimulator/XCFrameworkIntermediates/hermes-engine/Pre-built '-DRCT_REMOVE_LEGACY_ARCH=1' '-fmodule-map-file=/Users/karelbraborec/rev-meter/ios/Pods/Headers/Public/ReactCodegen/ReactCodegen.modulemap' '-fmodule-map-file=/Users/karelbraborec/rev-meter/ios/Pods/Headers/Public/worklets/RNWorklets.modulemap' '-DRCT_REMOVE_LEGACY_ARCH=1'

WriteAuxiliaryFile /Users/karelbraborec/Library/Developer/Xcode/DerivedData/revmeter-hbcnswmlqmbpnlazhhkncgeowiss/Build/Intermediates.noindex/Pods.build/Debug-iphonesimulator/ExpoModulesWorkletsAdapter.build/Objects-normal/arm64/ExpoModulesWorkletsAdapter.LinkFileList (in target 'ExpoModulesWorkletsAdapter' from project 'Pods')
    cd /Users/karelbraborec/rev-meter/ios/Pods
    write-file /Users/karelbraborec/Library/Developer/Xcode/DerivedData/revmeter-hbcnswmlqmbpnlazhhkncgeowiss/Build/Intermediates.noindex/Pods.build/Debug-iphonesimulator/ExpoModulesWorkletsAdapter.build/Objects-normal/arm64/ExpoModulesWorkletsAdapter.LinkFileList

WriteAuxiliaryFile /Users/karelbraborec/Library/Developer/Xcode/DerivedData/revmeter-hbcnswmlqmbpnlazhhkncgeowiss/Build/Intermediates.noindex/Pods.build/Debug-iphonesimulator/ExpoModulesWorkletsAdapter.build/ExpoModulesWorkletsAdapter.hmap (in target 'ExpoModulesWorkletsAdapter' from project 'Pods')
    cd /Users/karelbraborec/rev-meter/ios/Pods
    write-file /Users/karelbraborec/Library/Developer/Xcode/DerivedData/revmeter-hbcnswmlqmbpnlazhhkncgeowiss/Build/Intermediates.noindex/Pods.build/Debug-iphonesimulator/ExpoModulesWorkletsAdapter.build/ExpoModulesWorkletsAdapter.hmap

WriteAuxiliaryFile /Users/karelbraborec/Library/Developer/Xcode/DerivedData/revmeter-hbcnswmlqmbpnlazhhkncgeowiss/Build/Intermediates.noindex/Pods.build/Debug-iphonesimulator/ExpoModulesWorkletsAdapter.build/ExpoModulesWorkletsAdapter.DependencyStaticMetadataFileList (in target 'ExpoModulesWorkletsAdapter' from project 'Pods')
    cd /Users/karelbraborec/rev-meter/ios/Pods
    write-file /Users/karelbraborec/Library/Developer/Xcode/DerivedData/revmeter-hbcnswmlqmbpnlazhhkncgeowiss/Build/Intermediates.noindex/Pods.build/Debug-iphonesimulator/ExpoModulesWorkletsAdapter.build/ExpoModulesWorkletsAdapter.DependencyStaticMetadataFileList

WriteAuxiliaryFile /Users/karelbraborec/Library/Developer/Xcode/DerivedData/revmeter-hbcnswmlqmbpnlazhhkncgeowiss/Build/Intermediates.noindex/Pods.build/Debug-iphonesimulator/ExpoModulesWorkletsAdapter.build/ExpoModulesWorkletsAdapter.DependencyMetadataFileList (in target 'ExpoModulesWorkletsAdapter' from project 'Pods')
    cd /Users/karelbraborec/rev-meter/ios/Pods
    write-file /Users/karelbraborec/Library/Developer/Xcode/DerivedData/revmeter-hbcnswmlqmbpnlazhhkncgeowiss/Build/Intermediates.noindex/Pods.build/Debug-iphonesimulator/ExpoModulesWorkletsAdapter.build/ExpoModulesWorkletsAdapter.DependencyMetadataFileList

WriteAuxiliaryFile /Users/karelbraborec/Library/Developer/Xcode/DerivedData/revmeter-hbcnswmlqmbpnlazhhkncgeowiss/Build/Intermediates.noindex/Pods.build/Debug-iphonesimulator/ExpoModulesWorkletsAdapter.build/ExpoModulesWorkletsAdapter-project-headers.hmap (in target 'ExpoModulesWorkletsAdapter' from project 'Pods')
    cd /Users/karelbraborec/rev-meter/ios/Pods
    write-file /Users/karelbraborec/Library/Developer/Xcode/DerivedData/revmeter-hbcnswmlqmbpnlazhhkncgeowiss/Build/Intermediates.noindex/Pods.build/Debug-iphonesimulator/ExpoModulesWorkletsAdapter.build/ExpoModulesWorkletsAdapter-project-headers.hmap

WriteAuxiliaryFile /Users/karelbraborec/Library/Developer/Xcode/DerivedData/revmeter-hbcnswmlqmbpnlazhhkncgeowiss/Build/Intermediates.noindex/Pods.build/Debug-iphonesimulator/ExpoModulesWorkletsAdapter.build/ExpoModulesWorkletsAdapter-own-target-headers.hmap (in target 'ExpoModulesWorkletsAdapter' from project 'Pods')
    cd /Users/karelbraborec/rev-meter/ios/Pods
    write-file /Users/karelbraborec/Library/Developer/Xcode/DerivedData/revmeter-hbcnswmlqmbpnlazhhkncgeowiss/Build/Intermediates.noindex/Pods.build/Debug-iphonesimulator/ExpoModulesWorkletsAdapter.build/ExpoModulesWorkletsAdapter-own-target-headers.hmap

WriteAuxiliaryFile /Users/karelbraborec/Library/Developer/Xcode/DerivedData/revmeter-hbcnswmlqmbpnlazhhkncgeowiss/Build/Intermediates.noindex/Pods.build/Debug-iphonesimulator/ExpoModulesWorkletsAdapter.build/ExpoModulesWorkletsAdapter-generated-files.hmap (in target 'ExpoModulesWorkletsAdapter' from project 'Pods')
    cd /Users/karelbraborec/rev-meter/ios/Pods
    write-file /Users/karelbraborec/Library/Developer/Xcode/DerivedData/revmeter-hbcnswmlqmbpnlazhhkncgeowiss/Build/Intermediates.noindex/Pods.build/Debug-iphonesimulator/ExpoModulesWorkletsAdapter.build/ExpoModulesWorkletsAdapter-generated-files.hmap

WriteAuxiliaryFile /Users/karelbraborec/Library/Developer/Xcode/DerivedData/revmeter-hbcnswmlqmbpnlazhhkncgeowiss/Build/Intermediates.noindex/Pods.build/Debug-iphonesimulator/ExpoModulesWorkletsAdapter.build/ExpoModulesWorkletsAdapter-all-target-headers.hmap (in target 'ExpoModulesWorkletsAdapter' from project 'Pods')
    cd /Users/karelbraborec/rev-meter/ios/Pods
    write-file /Users/karelbraborec/Library/Developer/Xcode/DerivedData/revmeter-hbcnswmlqmbpnlazhhkncgeowiss/Build/Intermediates.noindex/Pods.build/Debug-iphonesimulator/ExpoModulesWorkletsAdapter.build/ExpoModulesWorkletsAdapter-all-target-headers.hmap

WriteAuxiliaryFile /Users/karelbraborec/Library/Developer/Xcode/DerivedData/revmeter-hbcnswmlqmbpnlazhhkncgeowiss/Build/Intermediates.noindex/Pods.build/Debug-iphonesimulator/ExpoModulesWorkletsAdapter.build/ExpoModulesWorkletsAdapter-all-non-framework-target-headers.hmap (in target 'ExpoModulesWorkletsAdapter' from project 'Pods')
    cd /Users/karelbraborec/rev-meter/ios/Pods
    write-file /Users/karelbraborec/Library/Developer/Xcode/DerivedData/revmeter-hbcnswmlqmbpnlazhhkncgeowiss/Build/Intermediates.noindex/Pods.build/Debug-iphonesimulator/ExpoModulesWorkletsAdapter.build/ExpoModulesWorkletsAdapter-all-non-framework-target-headers.hmap

WriteAuxiliaryFile /Users/karelbraborec/Library/Developer/Xcode/DerivedData/revmeter-hbcnswmlqmbpnlazhhkncgeowiss/Build/Intermediates.noindex/Pods.build/Debug-iphonesimulator/ExpoLogBox.build/Script-46EB2E00017C50.sh (in target 'ExpoLogBox' from project 'Pods')
    cd /Users/karelbraborec/rev-meter/ios/Pods
    write-file /Users/karelbraborec/Library/Developer/Xcode/DerivedData/revmeter-hbcnswmlqmbpnlazhhkncgeowiss/Build/Intermediates.noindex/Pods.build/Debug-iphonesimulator/ExpoLogBox.build/Script-46EB2E00017C50.sh

WriteAuxiliaryFile /Users/karelbraborec/Library/Developer/Xcode/DerivedData/revmeter-hbcnswmlqmbpnlazhhkncgeowiss/Build/Intermediates.noindex/Pods.build/Debug-iphonesimulator/ExpoLogBox.build/Objects-normal/x86_64/ExpoLogBox_const_extract_protocols.json (in target 'ExpoLogBox' from project 'Pods')
    cd /Users/karelbraborec/rev-meter/ios/Pods
    write-file /Users/karelbraborec/Library/Developer/Xcode/DerivedData/revmeter-hbcnswmlqmbpnlazhhkncgeowiss/Build/Intermediates.noindex/Pods.build/Debug-iphonesimulator/ExpoLogBox.build/Objects-normal/x86_64/ExpoLogBox_const_extract_protocols.json

WriteAuxiliaryFile /Users/karelbraborec/Library/Developer/Xcode/DerivedData/revmeter-hbcnswmlqmbpnlazhhkncgeowiss/Build/Intermediates.noindex/Pods.build/Debug-iphonesimulator/ExpoLogBox.build/Objects-normal/x86_64/e6072d4f65d7061329687fe24e3d63a7-common-args.resp (in target 'ExpoLogBox' from project 'Pods')
    cd /Users/karelbraborec/rev-meter/ios/Pods
    write-file /Users/karelbraborec/Library/Developer/Xcode/DerivedData/revmeter-hbcnswmlqmbpnlazhhkncgeowiss/Build/Intermediates.noindex/Pods.build/Debug-iphonesimulator/ExpoLogBox.build/Objects-normal/x86_64/e6072d4f65d7061329687fe24e3d63a7-common-args.resp
'-std=gnu11' -fobjc-arc -fmodules '-fmodules-cache-path=/Users/karelbraborec/Library/Developer/Xcode/DerivedData/ModuleCache.noindex' -fpascal-strings -O0 -fno-common '-DPOD_CONFIGURATION_DEBUG=1' '-DDEBUG=1' '-DCOCOAPODS=1' '-DOBJC_OLD_DISPATCH_PROTOTYPES=0' -fasm-blocks -g '-fobjc-abi-version=2' -fobjc-legacy-dispatch -iquote /Users/karelbraborec/Library/Developer/Xcode/DerivedData/revmeter-hbcnswmlqmbpnlazhhkncgeowiss/Build/Intermediates.noindex/Pods.build/Debug-iphonesimulator/ExpoLogBox.build/ExpoLogBox-generated-files.hmap -I/Users/karelbraborec/Library/Developer/Xcode/DerivedData/revmeter-hbcnswmlqmbpnlazhhkncgeowiss/Build/Intermediates.noindex/Pods.build/Debug-iphonesimulator/ExpoLogBox.build/ExpoLogBox-own-target-headers.hmap -I/Users/karelbraborec/Library/Developer/Xcode/DerivedData/revmeter-hbcnswmlqmbpnlazhhkncgeowiss/Build/Intermediates.noindex/Pods.build/Debug-iphonesimulator/ExpoLogBox.build/ExpoLogBox-all-non-framework-target-headers.hmap -ivfsoverlay /Users/karelbraborec/Library/Developer/Xcode/DerivedData/revmeter-hbcnswmlqmbpnlazhhkncgeowiss/Build/Intermediates.noindex/Pods.build/Debug-iphonesimulator/Pods-8699adb1dd336b26511df848a716bd42-VFS-iphonesimulator/all-product-headers.yaml -iquote /Users/karelbraborec/Library/Developer/Xcode/DerivedData/revmeter-hbcnswmlqmbpnlazhhkncgeowiss/Build/Intermediates.noindex/Pods.build/Debug-iphonesimulator/ExpoLogBox.build/ExpoLogBox-project-headers.hmap -I/Users/karelbraborec/Library/Developer/Xcode/DerivedData/revmeter-hbcnswmlqmbpnlazhhkncgeowiss/Build/Products/Debug-iphonesimulator/ExpoLogBox/include -I/Users/karelbraborec/rev-meter/ios/Pods/Headers/Public -I/Users/karelbraborec/rev-meter/ios/Pods/Headers/Public/React-Core -I/Users/karelbraborec/rev-meter/ios/Pods/Headers/Public/React-Core-prebuilt -I/Users/karelbraborec/rev-meter/ios/Pods/Headers/Public/React-callinvoker -I/Users/karelbraborec/rev-meter/ios/Pods/Headers/Public/React-cxxreact -I/Users/karelbraborec/rev-meter/ios/Pods/Headers/Public/React-debug -I/Users/karelbraborec/rev-meter/ios/Pods/Headers/Public/React-featureflags -I/Users/karelbraborec/rev-meter/ios/Pods/Headers/Public/React-hermes -I/Users/karelbraborec/rev-meter/ios/Pods/Headers/Public/React-jserrorhandler -I/Users/karelbraborec/rev-meter/ios/Pods/Headers/Public/React-jsi -I/Users/karelbraborec/rev-meter/ios/Pods/Headers/Public/React-jsiexecutor -I/Users/karelbraborec/rev-meter/ios/Pods/Headers/Public/React-jsinspector -I/Users/karelbraborec/rev-meter/ios/Pods/Headers/Public/React-jsinspectorcdp -I/Users/karelbraborec/rev-meter/ios/Pods/Headers/Public/React-jsinspectornetwork -I/Users/karelbraborec/rev-meter/ios/Pods/Headers/Public/React-jsinspectortracing -I/Users/karelbraborec/rev-meter/ios/Pods/Headers/Public/React-jsitooling -I/Users/karelbraborec/rev-meter/ios/Pods/Headers/Public/React-logger -I/Users/karelbraborec/rev-meter/ios/Pods/Headers/Public/React-oscompat -I/Users/karelbraborec/rev-meter/ios/Pods/Headers/Public/React-perflogger -I/Users/karelbraborec/rev-meter/ios/Pods/Headers/Public/React-performancetimeline -I/Users/karelbraborec/rev-meter/ios/Pods/Headers/Public/React-rendererconsistency -I/Users/karelbraborec/rev-meter/ios/Pods/Headers/Public/React-rendererdebug -I/Users/karelbraborec/rev-meter/ios/Pods/Headers/Public/React-runtimeexecutor -I/Users/karelbraborec/rev-meter/ios/Pods/Headers/Public/React-runtimescheduler -I/Users/karelbraborec/rev-meter/ios/Pods/Headers/Public/React-timing -I/Users/karelbraborec/rev-meter/ios/Pods/Headers/Public/React-utils -I/Users/karelbraborec/rev-meter/ios/Pods/Headers/Public/ReactCommon -I/Users/karelbraborec/rev-meter/ios/Pods/Headers/Public/ReactNativeDependencies -I/Users/karelbraborec/rev-meter/ios/Pods/Headers/Public/Yoga -I/Users/karelbraborec/rev-meter/ios/Pods/Headers/Public/hermes-engine -I/Users/karelbraborec/rev-meter/ios/Pods/ExpoModulesCore/ExpoModulesCore.xcframework/ios-arm64_x86_64-simulator/ExpoModulesCore.framework/Headers -I/Users/karelbraborec/rev-meter/ios/Pods/ExpoModulesCore/ExpoModulesCore.xcframework/ios-arm64/ExpoModulesCore.framework/Headers -I/Users/karelbraborec/rev-meter/ios/Pods/ExpoModulesCore/ExpoModulesCore.xcframework/ios-arm64_x86_64-simulator/ExpoModulesCore.framework/Headers -I/Users/karelbraborec/rev-meter/ios/Pods/ExpoModulesCore/ExpoModulesCore.xcframework/ios-arm64/ExpoModulesCore.framework/Headers -I/Users/karelbraborec/Library/Developer/Xcode/DerivedData/revmeter-hbcnswmlqmbpnlazhhkncgeowiss/Build/Intermediates.noindex/Pods.build/Debug-iphonesimulator/ExpoLogBox.build/DerivedSources-normal/x86_64 -I/Users/karelbraborec/Library/Developer/Xcode/DerivedData/revmeter-hbcnswmlqmbpnlazhhkncgeowiss/Build/Intermediates.noindex/Pods.build/Debug-iphonesimulator/ExpoLogBox.build/DerivedSources/x86_64 -I/Users/karelbraborec/Library/Developer/Xcode/DerivedData/revmeter-hbcnswmlqmbpnlazhhkncgeowiss/Build/Intermediates.noindex/Pods.build/Debug-iphonesimulator/ExpoLogBox.build/DerivedSources -F/Users/karelbraborec/Library/Developer/Xcode/DerivedData/revmeter-hbcnswmlqmbpnlazhhkncgeowiss/Build/Products/Debug-iphonesimulator/ExpoLogBox -F/Users/karelbraborec/rev-meter/ios/Pods/React-Core-prebuilt -F/Users/karelbraborec/rev-meter/ios/Pods/ReactNativeDependencies/framework/packages/react-native -F/Users/karelbraborec/rev-meter/ios/Pods/hermes-engine/destroot/Library/Frameworks/universal -F/Users/karelbraborec/Library/Developer/Xcode/DerivedData/revmeter-hbcnswmlqmbpnlazhhkncgeowiss/Build/Products/Debug-iphonesimulator/XCFrameworkIntermediates/React-Core-prebuilt -F/Users/karelbraborec/Library/Developer/Xcode/DerivedData/revmeter-hbcnswmlqmbpnlazhhkncgeowiss/Build/Products/Debug-iphonesimulator/XCFrameworkIntermediates/ReactNativeDependencies -F/Users/karelbraborec/Library/Developer/Xcode/DerivedData/revmeter-hbcnswmlqmbpnlazhhkncgeowiss/Build/Products/Debug-iphonesimulator/XCFrameworkIntermediates/hermes-engine/Pre-built '-DRCT_REMOVE_LEGACY_ARCH=1' -ivfsoverlay /Users/karelbraborec/rev-meter/ios/Pods/React-Core-prebuilt/React-VFS.yaml

WriteAuxiliaryFile /Users/karelbraborec/Library/Developer/Xcode/DerivedData/revmeter-hbcnswmlqmbpnlazhhkncgeowiss/Build/Intermediates.noindex/Pods.build/Debug-iphonesimulator/ExpoLogBox.build/Objects-normal/x86_64/af3fcb34312c57c0f52879cdce924b91-common-args.resp (in target 'ExpoLogBox' from project 'Pods')
    cd /Users/karelbraborec/rev-meter/ios/Pods
    write-file /Users/karelbraborec/Library/Developer/Xcode/DerivedData/revmeter-hbcnswmlqmbpnlazhhkncgeowiss/Build/Intermediates.noindex/Pods.build/Debug-iphonesimulator/ExpoLogBox.build/Objects-normal/x86_64/af3fcb34312c57c0f52879cdce924b91-common-args.resp
'-std=c++20' '-stdlib=libc++' -fobjc-arc -fmodules -fno-cxx-modules '-fmodules-cache-path=/Users/karelbraborec/Library/Developer/Xcode/DerivedData/ModuleCache.noindex' '-D_LIBCPP_HARDENING_MODE=_LIBCPP_HARDENING_MODE_DEBUG' -fpascal-strings -O0 -fno-common '-DPOD_CONFIGURATION_DEBUG=1' '-DDEBUG=1' '-DCOCOAPODS=1' '-DOBJC_OLD_DISPATCH_PROTOTYPES=0' -fasm-blocks -g '-fobjc-abi-version=2' -fobjc-legacy-dispatch -iquote /Users/karelbraborec/Library/Developer/Xcode/DerivedData/revmeter-hbcnswmlqmbpnlazhhkncgeowiss/Build/Intermediates.noindex/Pods.build/Debug-iphonesimulator/ExpoLogBox.build/ExpoLogBox-generated-files.hmap -I/Users/karelbraborec/Library/Developer/Xcode/DerivedData/revmeter-hbcnswmlqmbpnlazhhkncgeowiss/Build/Intermediates.noindex/Pods.build/Debug-iphonesimulator/ExpoLogBox.build/ExpoLogBox-own-target-headers.hmap -I/Users/karelbraborec/Library/Developer/Xcode/DerivedData/revmeter-hbcnswmlqmbpnlazhhkncgeowiss/Build/Intermediates.noindex/Pods.build/Debug-iphonesimulator/ExpoLogBox.build/ExpoLogBox-all-non-framework-target-headers.hmap -ivfsoverlay /Users/karelbraborec/Library/Developer/Xcode/DerivedData/revmeter-hbcnswmlqmbpnlazhhkncgeowiss/Build/Intermediates.noindex/Pods.build/Debug-iphonesimulator/Pods-8699adb1dd336b26511df848a716bd42-VFS-iphonesimulator/all-product-headers.yaml -iquote /Users/karelbraborec/Library/Developer/Xcode/DerivedData/revmeter-hbcnswmlqmbpnlazhhkncgeowiss/Build/Intermediates.noindex/Pods.build/Debug-iphonesimulator/ExpoLogBox.build/ExpoLogBox-project-headers.hmap -I/Users/karelbraborec/Library/Developer/Xcode/DerivedData/revmeter-hbcnswmlqmbpnlazhhkncgeowiss/Build/Products/Debug-iphonesimulator/ExpoLogBox/include -I/Users/karelbraborec/rev-meter/ios/Pods/Headers/Public -I/Users/karelbraborec/rev-meter/ios/Pods/Headers/Public/React-Core -I/Users/karelbraborec/rev-meter/ios/Pods/Headers/Public/React-Core-prebuilt -I/Users/karelbraborec/rev-meter/ios/Pods/Headers/Public/React-callinvoker -I/Users/karelbraborec/rev-meter/ios/Pods/Headers/Public/React-cxxreact -I/Users/karelbraborec/rev-meter/ios/Pods/Headers/Public/React-debug -I/Users/karelbraborec/rev-meter/ios/Pods/Headers/Public/React-featureflags -I/Users/karelbraborec/rev-meter/ios/Pods/Headers/Public/React-hermes -I/Users/karelbraborec/rev-meter/ios/Pods/Headers/Public/React-jserrorhandler -I/Users/karelbraborec/rev-meter/ios/Pods/Headers/Public/React-jsi -I/Users/karelbraborec/rev-meter/ios/Pods/Headers/Public/React-jsiexecutor -I/Users/karelbraborec/rev-meter/ios/Pods/Headers/Public/React-jsinspector -I/Users/karelbraborec/rev-meter/ios/Pods/Headers/Public/React-jsinspectorcdp -I/Users/karelbraborec/rev-meter/ios/Pods/Headers/Public/React-jsinspectornetwork -I/Users/karelbraborec/rev-meter/ios/Pods/Headers/Public/React-jsinspectortracing -I/Users/karelbraborec/rev-meter/ios/Pods/Headers/Public/React-jsitooling -I/Users/karelbraborec/rev-meter/ios/Pods/Headers/Public/React-logger -I/Users/karelbraborec/rev-meter/ios/Pods/Headers/Public/React-oscompat -I/Users/karelbraborec/rev-meter/ios/Pods/Headers/Public/React-perflogger -I/Users/karelbraborec/rev-meter/ios/Pods/Headers/Public/React-performancetimeline -I/Users/karelbraborec/rev-meter/ios/Pods/Headers/Public/React-rendererconsistency -I/Users/karelbraborec/rev-meter/ios/Pods/Headers/Public/React-rendererdebug -I/Users/karelbraborec/rev-meter/ios/Pods/Headers/Public/React-runtimeexecutor -I/Users/karelbraborec/rev-meter/ios/Pods/Headers/Public/React-runtimescheduler -I/Users/karelbraborec/rev-meter/ios/Pods/Headers/Public/React-timing -I/Users/karelbraborec/rev-meter/ios/Pods/Headers/Public/React-utils -I/Users/karelbraborec/rev-meter/ios/Pods/Headers/Public/ReactCommon -I/Users/karelbraborec/rev-meter/ios/Pods/Headers/Public/ReactNativeDependencies -I/Users/karelbraborec/rev-meter/ios/Pods/Headers/Public/Yoga -I/Users/karelbraborec/rev-meter/ios/Pods/Headers/Public/hermes-engine -I/Users/karelbraborec/rev-meter/ios/Pods/ExpoModulesCore/ExpoModulesCore.xcframework/ios-arm64_x86_64-simulator/ExpoModulesCore.framework/Headers -I/Users/karelbraborec/rev-meter/ios/Pods/ExpoModulesCore/ExpoModulesCore.xcframework/ios-arm64/ExpoModulesCore.framework/Headers -I/Users/karelbraborec/rev-meter/ios/Pods/ExpoModulesCore/ExpoModulesCore.xcframework/ios-arm64_x86_64-simulator/ExpoModulesCore.framework/Headers -I/Users/karelbraborec/rev-meter/ios/Pods/ExpoModulesCore/ExpoModulesCore.xcframework/ios-arm64/ExpoModulesCore.framework/Headers -I/Users/karelbraborec/Library/Developer/Xcode/DerivedData/revmeter-hbcnswmlqmbpnlazhhkncgeowiss/Build/Intermediates.noindex/Pods.build/Debug-iphonesimulator/ExpoLogBox.build/DerivedSources-normal/x86_64 -I/Users/karelbraborec/Library/Developer/Xcode/DerivedData/revmeter-hbcnswmlqmbpnlazhhkncgeowiss/Build/Intermediates.noindex/Pods.build/Debug-iphonesimulator/ExpoLogBox.build/DerivedSources/x86_64 -I/Users/karelbraborec/Library/Developer/Xcode/DerivedData/revmeter-hbcnswmlqmbpnlazhhkncgeowiss/Build/Intermediates.noindex/Pods.build/Debug-iphonesimulator/ExpoLogBox.build/DerivedSources -F/Users/karelbraborec/Library/Developer/Xcode/DerivedData/revmeter-hbcnswmlqmbpnlazhhkncgeowiss/Build/Products/Debug-iphonesimulator/ExpoLogBox -F/Users/karelbraborec/rev-meter/ios/Pods/React-Core-prebuilt -F/Users/karelbraborec/rev-meter/ios/Pods/ReactNativeDependencies/framework/packages/react-native -F/Users/karelbraborec/rev-meter/ios/Pods/hermes-engine/destroot/Library/Frameworks/universal -F/Users/karelbraborec/Library/Developer/Xcode/DerivedData/revmeter-hbcnswmlqmbpnlazhhkncgeowiss/Build/Products/Debug-iphonesimulator/XCFrameworkIntermediates/React-Core-prebuilt -F/Users/karelbraborec/Library/Developer/Xcode/DerivedData/revmeter-hbcnswmlqmbpnlazhhkncgeowiss/Build/Products/Debug-iphonesimulator/XCFrameworkIntermediates/ReactNativeDependencies -F/Users/karelbraborec/Library/Developer/Xcode/DerivedData/revmeter-hbcnswmlqmbpnlazhhkncgeowiss/Build/Products/Debug-iphonesimulator/XCFrameworkIntermediates/hermes-engine/Pre-built '-DRCT_REMOVE_LEGACY_ARCH=1' -ivfsoverlay /Users/karelbraborec/rev-meter/ios/Pods/React-Core-prebuilt/React-VFS.yaml '-DRCT_REMOVE_LEGACY_ARCH=1' -ivfsoverlay /Users/karelbraborec/rev-meter/ios/Pods/React-Core-prebuilt/React-VFS.yaml

WriteAuxiliaryFile /Users/karelbraborec/Library/Developer/Xcode/DerivedData/revmeter-hbcnswmlqmbpnlazhhkncgeowiss/Build/Intermediates.noindex/Pods.build/Debug-iphonesimulator/ExpoLogBox.build/Objects-normal/x86_64/ExpoLogBox.SwiftFileList (in target 'ExpoLogBox' from project 'Pods')
    cd /Users/karelbraborec/rev-meter/ios/Pods
    write-file /Users/karelbraborec/Library/Developer/Xcode/DerivedData/revmeter-hbcnswmlqmbpnlazhhkncgeowiss/Build/Intermediates.noindex/Pods.build/Debug-iphonesimulator/ExpoLogBox.build/Objects-normal/x86_64/ExpoLogBox.SwiftFileList

WriteAuxiliaryFile /Users/karelbraborec/Library/Developer/Xcode/DerivedData/revmeter-hbcnswmlqmbpnlazhhkncgeowiss/Build/Intermediates.noindex/Pods.build/Debug-iphonesimulator/ExpoLogBox.build/Objects-normal/x86_64/ExpoLogBox.SwiftConstValuesFileList (in target 'ExpoLogBox' from project 'Pods')
    cd /Users/karelbraborec/rev-meter/ios/Pods
    write-file /Users/karelbraborec/Library/Developer/Xcode/DerivedData/revmeter-hbcnswmlqmbpnlazhhkncgeowiss/Build/Intermediates.noindex/Pods.build/Debug-iphonesimulator/ExpoLogBox.build/Objects-normal/x86_64/ExpoLogBox.SwiftConstValuesFileList

WriteAuxiliaryFile /Users/karelbraborec/Library/Developer/Xcode/DerivedData/revmeter-hbcnswmlqmbpnlazhhkncgeowiss/Build/Intermediates.noindex/Pods.build/Debug-iphonesimulator/ExpoLogBox.build/Objects-normal/x86_64/ExpoLogBox.LinkFileList (in target 'ExpoLogBox' from project 'Pods')
    cd /Users/karelbraborec/rev-meter/ios/Pods
    write-file /Users/karelbraborec/Library/Developer/Xcode/DerivedData/revmeter-hbcnswmlqmbpnlazhhkncgeowiss/Build/Intermediates.noindex/Pods.build/Debug-iphonesimulator/ExpoLogBox.build/Objects-normal/x86_64/ExpoLogBox.LinkFileList

WriteAuxiliaryFile /Users/karelbraborec/Library/Developer/Xcode/DerivedData/revmeter-hbcnswmlqmbpnlazhhkncgeowiss/Build/Intermediates.noindex/Pods.build/Debug-iphonesimulator/ExpoLogBox.build/Objects-normal/x86_64/ExpoLogBox-OutputFileMap.json (in target 'ExpoLogBox' from project 'Pods')
    cd /Users/karelbraborec/rev-meter/ios/Pods
    write-file /Users/karelbraborec/Library/Developer/Xcode/DerivedData/revmeter-hbcnswmlqmbpnlazhhkncgeowiss/Build/Intermediates.noindex/Pods.build/Debug-iphonesimulator/ExpoLogBox.build/Objects-normal/x86_64/ExpoLogBox-OutputFileMap.json

WriteAuxiliaryFile /Users/karelbraborec/Library/Developer/Xcode/DerivedData/revmeter-hbcnswmlqmbpnlazhhkncgeowiss/Build/Intermediates.noindex/Pods.build/Debug-iphonesimulator/ExpoLogBox.build/Objects-normal/arm64/af3fcb34312c57c0f52879cdce924b91-common-args.resp (in target 'ExpoLogBox' from project 'Pods')
    cd /Users/karelbraborec/rev-meter/ios/Pods
    write-file /Users/karelbraborec/Library/Developer/Xcode/DerivedData/revmeter-hbcnswmlqmbpnlazhhkncgeowiss/Build/Intermediates.noindex/Pods.build/Debug-iphonesimulator/ExpoLogBox.build/Objects-normal/arm64/af3fcb34312c57c0f52879cdce924b91-common-args.resp
'-std=c++20' '-stdlib=libc++' -fobjc-arc -fmodules -fno-cxx-modules '-fmodules-cache-path=/Users/karelbraborec/Library/Developer/Xcode/DerivedData/ModuleCache.noindex' '-D_LIBCPP_HARDENING_MODE=_LIBCPP_HARDENING_MODE_DEBUG' -fpascal-strings -O0 -fno-common '-DPOD_CONFIGURATION_DEBUG=1' '-DDEBUG=1' '-DCOCOAPODS=1' '-DOBJC_OLD_DISPATCH_PROTOTYPES=0' -g '-fobjc-abi-version=2' -fobjc-legacy-dispatch -iquote /Users/karelbraborec/Library/Developer/Xcode/DerivedData/revmeter-hbcnswmlqmbpnlazhhkncgeowiss/Build/Intermediates.noindex/Pods.build/Debug-iphonesimulator/ExpoLogBox.build/ExpoLogBox-generated-files.hmap -I/Users/karelbraborec/Library/Developer/Xcode/DerivedData/revmeter-hbcnswmlqmbpnlazhhkncgeowiss/Build/Intermediates.noindex/Pods.build/Debug-iphonesimulator/ExpoLogBox.build/ExpoLogBox-own-target-headers.hmap -I/Users/karelbraborec/Library/Developer/Xcode/DerivedData/revmeter-hbcnswmlqmbpnlazhhkncgeowiss/Build/Intermediates.noindex/Pods.build/Debug-iphonesimulator/ExpoLogBox.build/ExpoLogBox-all-non-framework-target-headers.hmap -ivfsoverlay /Users/karelbraborec/Library/Developer/Xcode/DerivedData/revmeter-hbcnswmlqmbpnlazhhkncgeowiss/Build/Intermediates.noindex/Pods.build/Debug-iphonesimulator/Pods-8699adb1dd336b26511df848a716bd42-VFS-iphonesimulator/all-product-headers.yaml -iquote /Users/karelbraborec/Library/Developer/Xcode/DerivedData/revmeter-hbcnswmlqmbpnlazhhkncgeowiss/Build/Intermediates.noindex/Pods.build/Debug-iphonesimulator/ExpoLogBox.build/ExpoLogBox-project-headers.hmap -I/Users/karelbraborec/Library/Developer/Xcode/DerivedData/revmeter-hbcnswmlqmbpnlazhhkncgeowiss/Build/Products/Debug-iphonesimulator/ExpoLogBox/include -I/Users/karelbraborec/rev-meter/ios/Pods/Headers/Public -I/Users/karelbraborec/rev-meter/ios/Pods/Headers/Public/React-Core -I/Users/karelbraborec/rev-meter/ios/Pods/Headers/Public/React-Core-prebuilt -I/Users/karelbraborec/rev-meter/ios/Pods/Headers/Public/React-callinvoker -I/Users/karelbraborec/rev-meter/ios/Pods/Headers/Public/React-cxxreact -I/Users/karelbraborec/rev-meter/ios/Pods/Headers/Public/React-debug -I/Users/karelbraborec/rev-meter/ios/Pods/Headers/Public/React-featureflags -I/Users/karelbraborec/rev-meter/ios/Pods/Headers/Public/React-hermes -I/Users/karelbraborec/rev-meter/ios/Pods/Headers/Public/React-jserrorhandler -I/Users/karelbraborec/rev-meter/ios/Pods/Headers/Public/React-jsi -I/Users/karelbraborec/rev-meter/ios/Pods/Headers/Public/React-jsiexecutor -I/Users/karelbraborec/rev-meter/ios/Pods/Headers/Public/React-jsinspector -I/Users/karelbraborec/rev-meter/ios/Pods/Headers/Public/React-jsinspectorcdp -I/Users/karelbraborec/rev-meter/ios/Pods/Headers/Public/React-jsinspectornetwork -I/Users/karelbraborec/rev-meter/ios/Pods/Headers/Public/React-jsinspectortracing -I/Users/karelbraborec/rev-meter/ios/Pods/Headers/Public/React-jsitooling -I/Users/karelbraborec/rev-meter/ios/Pods/Headers/Public/React-logger -I/Users/karelbraborec/rev-meter/ios/Pods/Headers/Public/React-oscompat -I/Users/karelbraborec/rev-meter/ios/Pods/Headers/Public/React-perflogger -I/Users/karelbraborec/rev-meter/ios/Pods/Headers/Public/React-performancetimeline -I/Users/karelbraborec/rev-meter/ios/Pods/Headers/Public/React-rendererconsistency -I/Users/karelbraborec/rev-meter/ios/Pods/Headers/Public/React-rendererdebug -I/Users/karelbraborec/rev-meter/ios/Pods/Headers/Public/React-runtimeexecutor -I/Users/karelbraborec/rev-meter/ios/Pods/Headers/Public/React-runtimescheduler -I/Users/karelbraborec/rev-meter/ios/Pods/Headers/Public/React-timing -I/Users/karelbraborec/rev-meter/ios/Pods/Headers/Public/React-utils -I/Users/karelbraborec/rev-meter/ios/Pods/Headers/Public/ReactCommon -I/Users/karelbraborec/rev-meter/ios/Pods/Headers/Public/ReactNativeDependencies -I/Users/karelbraborec/rev-meter/ios/Pods/Headers/Public/Yoga -I/Users/karelbraborec/rev-meter/ios/Pods/Headers/Public/hermes-engine -I/Users/karelbraborec/rev-meter/ios/Pods/ExpoModulesCore/ExpoModulesCore.xcframework/ios-arm64_x86_64-simulator/ExpoModulesCore.framework/Headers -I/Users/karelbraborec/rev-meter/ios/Pods/ExpoModulesCore/ExpoModulesCore.xcframework/ios-arm64/ExpoModulesCore.framework/Headers -I/Users/karelbraborec/rev-meter/ios/Pods/ExpoModulesCore/ExpoModulesCore.xcframework/ios-arm64_x86_64-simulator/ExpoModulesCore.framework/Headers -I/Users/karelbraborec/rev-meter/ios/Pods/ExpoModulesCore/ExpoModulesCore.xcframework/ios-arm64/ExpoModulesCore.framework/Headers -I/Users/karelbraborec/Library/Developer/Xcode/DerivedData/revmeter-hbcnswmlqmbpnlazhhkncgeowiss/Build/Intermediates.noindex/Pods.build/Debug-iphonesimulator/ExpoLogBox.build/DerivedSources-normal/arm64 -I/Users/karelbraborec/Library/Developer/Xcode/DerivedData/revmeter-hbcnswmlqmbpnlazhhkncgeowiss/Build/Intermediates.noindex/Pods.build/Debug-iphonesimulator/ExpoLogBox.build/DerivedSources/arm64 -I/Users/karelbraborec/Library/Developer/Xcode/DerivedData/revmeter-hbcnswmlqmbpnlazhhkncgeowiss/Build/Intermediates.noindex/Pods.build/Debug-iphonesimulator/ExpoLogBox.build/DerivedSources -F/Users/karelbraborec/Library/Developer/Xcode/DerivedData/revmeter-hbcnswmlqmbpnlazhhkncgeowiss/Build/Products/Debug-iphonesimulator/ExpoLogBox -F/Users/karelbraborec/rev-meter/ios/Pods/React-Core-prebuilt -F/Users/karelbraborec/rev-meter/ios/Pods/ReactNativeDependencies/framework/packages/react-native -F/Users/karelbraborec/rev-meter/ios/Pods/hermes-engine/destroot/Library/Frameworks/universal -F/Users/karelbraborec/Library/Developer/Xcode/DerivedData/revmeter-hbcnswmlqmbpnlazhhkncgeowiss/Build/Products/Debug-iphonesimulator/XCFrameworkIntermediates/React-Core-prebuilt -F/Users/karelbraborec/Library/Developer/Xcode/DerivedData/revmeter-hbcnswmlqmbpnlazhhkncgeowiss/Build/Products/Debug-iphonesimulator/XCFrameworkIntermediates/ReactNativeDependencies -F/Users/karelbraborec/Library/Developer/Xcode/DerivedData/revmeter-hbcnswmlqmbpnlazhhkncgeowiss/Build/Products/Debug-iphonesimulator/XCFrameworkIntermediates/hermes-engine/Pre-built '-DRCT_REMOVE_LEGACY_ARCH=1' -ivfsoverlay /Users/karelbraborec/rev-meter/ios/Pods/React-Core-prebuilt/React-VFS.yaml '-DRCT_REMOVE_LEGACY_ARCH=1' -ivfsoverlay /Users/karelbraborec/rev-meter/ios/Pods/React-Core-prebuilt/React-VFS.yaml

WriteAuxiliaryFile /Users/karelbraborec/Library/Developer/Xcode/DerivedData/revmeter-hbcnswmlqmbpnlazhhkncgeowiss/Build/Intermediates.noindex/Pods.build/Debug-iphonesimulator/ExpoLogBox.build/Objects-normal/arm64/e6072d4f65d7061329687fe24e3d63a7-common-args.resp (in target 'ExpoLogBox' from project 'Pods')
    cd /Users/karelbraborec/rev-meter/ios/Pods
    write-file /Users/karelbraborec/Library/Developer/Xcode/DerivedData/revmeter-hbcnswmlqmbpnlazhhkncgeowiss/Build/Intermediates.noindex/Pods.build/Debug-iphonesimulator/ExpoLogBox.build/Objects-normal/arm64/e6072d4f65d7061329687fe24e3d63a7-common-args.resp
'-std=gnu11' -fobjc-arc -fmodules '-fmodules-cache-path=/Users/karelbraborec/Library/Developer/Xcode/DerivedData/ModuleCache.noindex' -fpascal-strings -O0 -fno-common '-DPOD_CONFIGURATION_DEBUG=1' '-DDEBUG=1' '-DCOCOAPODS=1' '-DOBJC_OLD_DISPATCH_PROTOTYPES=0' -g '-fobjc-abi-version=2' -fobjc-legacy-dispatch -iquote /Users/karelbraborec/Library/Developer/Xcode/DerivedData/revmeter-hbcnswmlqmbpnlazhhkncgeowiss/Build/Intermediates.noindex/Pods.build/Debug-iphonesimulator/ExpoLogBox.build/ExpoLogBox-generated-files.hmap -I/Users/karelbraborec/Library/Developer/Xcode/DerivedData/revmeter-hbcnswmlqmbpnlazhhkncgeowiss/Build/Intermediates.noindex/Pods.build/Debug-iphonesimulator/ExpoLogBox.build/ExpoLogBox-own-target-headers.hmap -I/Users/karelbraborec/Library/Developer/Xcode/DerivedData/revmeter-hbcnswmlqmbpnlazhhkncgeowiss/Build/Intermediates.noindex/Pods.build/Debug-iphonesimulator/ExpoLogBox.build/ExpoLogBox-all-non-framework-target-headers.hmap -ivfsoverlay /Users/karelbraborec/Library/Developer/Xcode/DerivedData/revmeter-hbcnswmlqmbpnlazhhkncgeowiss/Build/Intermediates.noindex/Pods.build/Debug-iphonesimulator/Pods-8699adb1dd336b26511df848a716bd42-VFS-iphonesimulator/all-product-headers.yaml -iquote /Users/karelbraborec/Library/Developer/Xcode/DerivedData/revmeter-hbcnswmlqmbpnlazhhkncgeowiss/Build/Intermediates.noindex/Pods.build/Debug-iphonesimulator/ExpoLogBox.build/ExpoLogBox-project-headers.hmap -I/Users/karelbraborec/Library/Developer/Xcode/DerivedData/revmeter-hbcnswmlqmbpnlazhhkncgeowiss/Build/Products/Debug-iphonesimulator/ExpoLogBox/include -I/Users/karelbraborec/rev-meter/ios/Pods/Headers/Public -I/Users/karelbraborec/rev-meter/ios/Pods/Headers/Public/React-Core -I/Users/karelbraborec/rev-meter/ios/Pods/Headers/Public/React-Core-prebuilt -I/Users/karelbraborec/rev-meter/ios/Pods/Headers/Public/React-callinvoker -I/Users/karelbraborec/rev-meter/ios/Pods/Headers/Public/React-cxxreact -I/Users/karelbraborec/rev-meter/ios/Pods/Headers/Public/React-debug -I/Users/karelbraborec/rev-meter/ios/Pods/Headers/Public/React-featureflags -I/Users/karelbraborec/rev-meter/ios/Pods/Headers/Public/React-hermes -I/Users/karelbraborec/rev-meter/ios/Pods/Headers/Public/React-jserrorhandler -I/Users/karelbraborec/rev-meter/ios/Pods/Headers/Public/React-jsi -I/Users/karelbraborec/rev-meter/ios/Pods/Headers/Public/React-jsiexecutor -I/Users/karelbraborec/rev-meter/ios/Pods/Headers/Public/React-jsinspector -I/Users/karelbraborec/rev-meter/ios/Pods/Headers/Public/React-jsinspectorcdp -I/Users/karelbraborec/rev-meter/ios/Pods/Headers/Public/React-jsinspectornetwork -I/Users/karelbraborec/rev-meter/ios/Pods/Headers/Public/React-jsinspectortracing -I/Users/karelbraborec/rev-meter/ios/Pods/Headers/Public/React-jsitooling -I/Users/karelbraborec/rev-meter/ios/Pods/Headers/Public/React-logger -I/Users/karelbraborec/rev-meter/ios/Pods/Headers/Public/React-oscompat -I/Users/karelbraborec/rev-meter/ios/Pods/Headers/Public/React-perflogger -I/Users/karelbraborec/rev-meter/ios/Pods/Headers/Public/React-performancetimeline -I/Users/karelbraborec/rev-meter/ios/Pods/Headers/Public/React-rendererconsistency -I/Users/karelbraborec/rev-meter/ios/Pods/Headers/Public/React-rendererdebug -I/Users/karelbraborec/rev-meter/ios/Pods/Headers/Public/React-runtimeexecutor -I/Users/karelbraborec/rev-meter/ios/Pods/Headers/Public/React-runtimescheduler -I/Users/karelbraborec/rev-meter/ios/Pods/Headers/Public/React-timing -I/Users/karelbraborec/rev-meter/ios/Pods/Headers/Public/React-utils -I/Users/karelbraborec/rev-meter/ios/Pods/Headers/Public/ReactCommon -I/Users/karelbraborec/rev-meter/ios/Pods/Headers/Public/ReactNativeDependencies -I/Users/karelbraborec/rev-meter/ios/Pods/Headers/Public/Yoga -I/Users/karelbraborec/rev-meter/ios/Pods/Headers/Public/hermes-engine -I/Users/karelbraborec/rev-meter/ios/Pods/ExpoModulesCore/ExpoModulesCore.xcframework/ios-arm64_x86_64-simulator/ExpoModulesCore.framework/Headers -I/Users/karelbraborec/rev-meter/ios/Pods/ExpoModulesCore/ExpoModulesCore.xcframework/ios-arm64/ExpoModulesCore.framework/Headers -I/Users/karelbraborec/rev-meter/ios/Pods/ExpoModulesCore/ExpoModulesCore.xcframework/ios-arm64_x86_64-simulator/ExpoModulesCore.framework/Headers -I/Users/karelbraborec/rev-meter/ios/Pods/ExpoModulesCore/ExpoModulesCore.xcframework/ios-arm64/ExpoModulesCore.framework/Headers -I/Users/karelbraborec/Library/Developer/Xcode/DerivedData/revmeter-hbcnswmlqmbpnlazhhkncgeowiss/Build/Intermediates.noindex/Pods.build/Debug-iphonesimulator/ExpoLogBox.build/DerivedSources-normal/arm64 -I/Users/karelbraborec/Library/Developer/Xcode/DerivedData/revmeter-hbcnswmlqmbpnlazhhkncgeowiss/Build/Intermediates.noindex/Pods.build/Debug-iphonesimulator/ExpoLogBox.build/DerivedSources/arm64 -I/Users/karelbraborec/Library/Developer/Xcode/DerivedData/revmeter-hbcnswmlqmbpnlazhhkncgeowiss/Build/Intermediates.noindex/Pods.build/Debug-iphonesimulator/ExpoLogBox.build/DerivedSources -F/Users/karelbraborec/Library/Developer/Xcode/DerivedData/revmeter-hbcnswmlqmbpnlazhhkncgeowiss/Build/Products/Debug-iphonesimulator/ExpoLogBox -F/Users/karelbraborec/rev-meter/ios/Pods/React-Core-prebuilt -F/Users/karelbraborec/rev-meter/ios/Pods/ReactNativeDependencies/framework/packages/react-native -F/Users/karelbraborec/rev-meter/ios/Pods/hermes-engine/destroot/Library/Frameworks/universal -F/Users/karelbraborec/Library/Developer/Xcode/DerivedData/revmeter-hbcnswmlqmbpnlazhhkncgeowiss/Build/Products/Debug-iphonesimulator/XCFrameworkIntermediates/React-Core-prebuilt -F/Users/karelbraborec/Library/Developer/Xcode/DerivedData/revmeter-hbcnswmlqmbpnlazhhkncgeowiss/Build/Products/Debug-iphonesimulator/XCFrameworkIntermediates/ReactNativeDependencies -F/Users/karelbraborec/Library/Developer/Xcode/DerivedData/revmeter-hbcnswmlqmbpnlazhhkncgeowiss/Build/Products/Debug-iphonesimulator/XCFrameworkIntermediates/hermes-engine/Pre-built '-DRCT_REMOVE_LEGACY_ARCH=1' -ivfsoverlay /Users/karelbraborec/rev-meter/ios/Pods/React-Core-prebuilt/React-VFS.yaml

WriteAuxiliaryFile /Users/karelbraborec/Library/Developer/Xcode/DerivedData/revmeter-hbcnswmlqmbpnlazhhkncgeowiss/Build/Intermediates.noindex/Pods.build/Debug-iphonesimulator/ExpoLogBox.build/Objects-normal/arm64/ExpoLogBox_const_extract_protocols.json (in target 'ExpoLogBox' from project 'Pods')
    cd /Users/karelbraborec/rev-meter/ios/Pods
    write-file /Users/karelbraborec/Library/Developer/Xcode/DerivedData/revmeter-hbcnswmlqmbpnlazhhkncgeowiss/Build/Intermediates.noindex/Pods.build/Debug-iphonesimulator/ExpoLogBox.build/Objects-normal/arm64/ExpoLogBox_const_extract_protocols.json

WriteAuxiliaryFile /Users/karelbraborec/Library/Developer/Xcode/DerivedData/revmeter-hbcnswmlqmbpnlazhhkncgeowiss/Build/Intermediates.noindex/Pods.build/Debug-iphonesimulator/ExpoLogBox.build/Objects-normal/arm64/ExpoLogBox.LinkFileList (in target 'ExpoLogBox' from project 'Pods')
    cd /Users/karelbraborec/rev-meter/ios/Pods
    write-file /Users/karelbraborec/Library/Developer/Xcode/DerivedData/revmeter-hbcnswmlqmbpnlazhhkncgeowiss/Build/Intermediates.noindex/Pods.build/Debug-iphonesimulator/ExpoLogBox.build/Objects-normal/arm64/ExpoLogBox.LinkFileList

WriteAuxiliaryFile /Users/karelbraborec/Library/Developer/Xcode/DerivedData/revmeter-hbcnswmlqmbpnlazhhkncgeowiss/Build/Intermediates.noindex/Pods.build/Debug-iphonesimulator/ExpoLogBox.build/Objects-normal/arm64/ExpoLogBox.SwiftFileList (in target 'ExpoLogBox' from project 'Pods')
    cd /Users/karelbraborec/rev-meter/ios/Pods
    write-file /Users/karelbraborec/Library/Developer/Xcode/DerivedData/revmeter-hbcnswmlqmbpnlazhhkncgeowiss/Build/Intermediates.noindex/Pods.build/Debug-iphonesimulator/ExpoLogBox.build/Objects-normal/arm64/ExpoLogBox.SwiftFileList

WriteAuxiliaryFile /Users/karelbraborec/Library/Developer/Xcode/DerivedData/revmeter-hbcnswmlqmbpnlazhhkncgeowiss/Build/Intermediates.noindex/Pods.build/Debug-iphonesimulator/ExpoLogBox.build/Objects-normal/arm64/ExpoLogBox.SwiftConstValuesFileList (in target 'ExpoLogBox' from project 'Pods')
    cd /Users/karelbraborec/rev-meter/ios/Pods
    write-file /Users/karelbraborec/Library/Developer/Xcode/DerivedData/revmeter-hbcnswmlqmbpnlazhhkncgeowiss/Build/Intermediates.noindex/Pods.build/Debug-iphonesimulator/ExpoLogBox.build/Objects-normal/arm64/ExpoLogBox.SwiftConstValuesFileList

WriteAuxiliaryFile /Users/karelbraborec/Library/Developer/Xcode/DerivedData/revmeter-hbcnswmlqmbpnlazhhkncgeowiss/Build/Intermediates.noindex/Pods.build/Debug-iphonesimulator/ExpoLogBox.build/Objects-normal/arm64/ExpoLogBox-OutputFileMap.json (in target 'ExpoLogBox' from project 'Pods')
    cd /Users/karelbraborec/rev-meter/ios/Pods
    write-file /Users/karelbraborec/Library/Developer/Xcode/DerivedData/revmeter-hbcnswmlqmbpnlazhhkncgeowiss/Build/Intermediates.noindex/Pods.build/Debug-iphonesimulator/ExpoLogBox.build/Objects-normal/arm64/ExpoLogBox-OutputFileMap.json

WriteAuxiliaryFile /Users/karelbraborec/Library/Developer/Xcode/DerivedData/revmeter-hbcnswmlqmbpnlazhhkncgeowiss/Build/Intermediates.noindex/Pods.build/Debug-iphonesimulator/ExpoLogBox.build/ExpoLogBox.hmap (in target 'ExpoLogBox' from project 'Pods')
    cd /Users/karelbraborec/rev-meter/ios/Pods
    write-file /Users/karelbraborec/Library/Developer/Xcode/DerivedData/revmeter-hbcnswmlqmbpnlazhhkncgeowiss/Build/Intermediates.noindex/Pods.build/Debug-iphonesimulator/ExpoLogBox.build/ExpoLogBox.hmap

WriteAuxiliaryFile /Users/karelbraborec/Library/Developer/Xcode/DerivedData/revmeter-hbcnswmlqmbpnlazhhkncgeowiss/Build/Intermediates.noindex/Pods.build/Debug-iphonesimulator/ExpoLogBox.build/ExpoLogBox.DependencyStaticMetadataFileList (in target 'ExpoLogBox' from project 'Pods')
    cd /Users/karelbraborec/rev-meter/ios/Pods
    write-file /Users/karelbraborec/Library/Developer/Xcode/DerivedData/revmeter-hbcnswmlqmbpnlazhhkncgeowiss/Build/Intermediates.noindex/Pods.build/Debug-iphonesimulator/ExpoLogBox.build/ExpoLogBox.DependencyStaticMetadataFileList

WriteAuxiliaryFile /Users/karelbraborec/Library/Developer/Xcode/DerivedData/revmeter-hbcnswmlqmbpnlazhhkncgeowiss/Build/Intermediates.noindex/Pods.build/Debug-iphonesimulator/ExpoLogBox.build/ExpoLogBox.DependencyMetadataFileList (in target 'ExpoLogBox' from project 'Pods')
    cd /Users/karelbraborec/rev-meter/ios/Pods
    write-file /Users/karelbraborec/Library/Developer/Xcode/DerivedData/revmeter-hbcnswmlqmbpnlazhhkncgeowiss/Build/Intermediates.noindex/Pods.build/Debug-iphonesimulator/ExpoLogBox.build/ExpoLogBox.DependencyMetadataFileList

WriteAuxiliaryFile /Users/karelbraborec/Library/Developer/Xcode/DerivedData/revmeter-hbcnswmlqmbpnlazhhkncgeowiss/Build/Intermediates.noindex/Pods.build/Debug-iphonesimulator/ExpoLogBox.build/ExpoLogBox-project-headers.hmap (in target 'ExpoLogBox' from project 'Pods')
    cd /Users/karelbraborec/rev-meter/ios/Pods
    write-file /Users/karelbraborec/Library/Developer/Xcode/DerivedData/revmeter-hbcnswmlqmbpnlazhhkncgeowiss/Build/Intermediates.noindex/Pods.build/Debug-iphonesimulator/ExpoLogBox.build/ExpoLogBox-project-headers.hmap

WriteAuxiliaryFile /Users/karelbraborec/Library/Developer/Xcode/DerivedData/revmeter-hbcnswmlqmbpnlazhhkncgeowiss/Build/Intermediates.noindex/Pods.build/Debug-iphonesimulator/ExpoLogBox.build/ExpoLogBox-own-target-headers.hmap (in target 'ExpoLogBox' from project 'Pods')
    cd /Users/karelbraborec/rev-meter/ios/Pods
    write-file /Users/karelbraborec/Library/Developer/Xcode/DerivedData/revmeter-hbcnswmlqmbpnlazhhkncgeowiss/Build/Intermediates.noindex/Pods.build/Debug-iphonesimulator/ExpoLogBox.build/ExpoLogBox-own-target-headers.hmap

WriteAuxiliaryFile /Users/karelbraborec/Library/Developer/Xcode/DerivedData/revmeter-hbcnswmlqmbpnlazhhkncgeowiss/Build/Intermediates.noindex/Pods.build/Debug-iphonesimulator/ExpoLogBox.build/ExpoLogBox-generated-files.hmap (in target 'ExpoLogBox' from project 'Pods')
    cd /Users/karelbraborec/rev-meter/ios/Pods
    write-file /Users/karelbraborec/Library/Developer/Xcode/DerivedData/revmeter-hbcnswmlqmbpnlazhhkncgeowiss/Build/Intermediates.noindex/Pods.build/Debug-iphonesimulator/ExpoLogBox.build/ExpoLogBox-generated-files.hmap

WriteAuxiliaryFile /Users/karelbraborec/Library/Developer/Xcode/DerivedData/revmeter-hbcnswmlqmbpnlazhhkncgeowiss/Build/Intermediates.noindex/Pods.build/Debug-iphonesimulator/ExpoLogBox.build/ExpoLogBox-all-target-headers.hmap (in target 'ExpoLogBox' from project 'Pods')
    cd /Users/karelbraborec/rev-meter/ios/Pods
    write-file /Users/karelbraborec/Library/Developer/Xcode/DerivedData/revmeter-hbcnswmlqmbpnlazhhkncgeowiss/Build/Intermediates.noindex/Pods.build/Debug-iphonesimulator/ExpoLogBox.build/ExpoLogBox-all-target-headers.hmap

WriteAuxiliaryFile /Users/karelbraborec/Library/Developer/Xcode/DerivedData/revmeter-hbcnswmlqmbpnlazhhkncgeowiss/Build/Intermediates.noindex/Pods.build/Debug-iphonesimulator/ExpoLogBox.build/ExpoLogBox-all-non-framework-target-headers.hmap (in target 'ExpoLogBox' from project 'Pods')
    cd /Users/karelbraborec/rev-meter/ios/Pods
    write-file /Users/karelbraborec/Library/Developer/Xcode/DerivedData/revmeter-hbcnswmlqmbpnlazhhkncgeowiss/Build/Intermediates.noindex/Pods.build/Debug-iphonesimulator/ExpoLogBox.build/ExpoLogBox-all-non-framework-target-headers.hmap

WriteAuxiliaryFile /Users/karelbraborec/Library/Developer/Xcode/DerivedData/revmeter-hbcnswmlqmbpnlazhhkncgeowiss/Build/Intermediates.noindex/Pods.build/Debug-iphonesimulator/ExpoLinking.build/Script-46EB2E00017B00.sh (in target 'ExpoLinking' from project 'Pods')
    cd /Users/karelbraborec/rev-meter/ios/Pods
    write-file /Users/karelbraborec/Library/Developer/Xcode/DerivedData/revmeter-hbcnswmlqmbpnlazhhkncgeowiss/Build/Intermediates.noindex/Pods.build/Debug-iphonesimulator/ExpoLinking.build/Script-46EB2E00017B00.sh

WriteAuxiliaryFile /Users/karelbraborec/Library/Developer/Xcode/DerivedData/revmeter-hbcnswmlqmbpnlazhhkncgeowiss/Build/Intermediates.noindex/Pods.build/Debug-iphonesimulator/ExpoLinking.build/Objects-normal/x86_64/ExpoLinking_const_extract_protocols.json (in target 'ExpoLinking' from project 'Pods')
    cd /Users/karelbraborec/rev-meter/ios/Pods
    write-file /Users/karelbraborec/Library/Developer/Xcode/DerivedData/revmeter-hbcnswmlqmbpnlazhhkncgeowiss/Build/Intermediates.noindex/Pods.build/Debug-iphonesimulator/ExpoLinking.build/Objects-normal/x86_64/ExpoLinking_const_extract_protocols.json

WriteAuxiliaryFile /Users/karelbraborec/Library/Developer/Xcode/DerivedData/revmeter-hbcnswmlqmbpnlazhhkncgeowiss/Build/Intermediates.noindex/Pods.build/Debug-iphonesimulator/ExpoLinking.build/Objects-normal/x86_64/e6072d4f65d7061329687fe24e3d63a7-common-args.resp (in target 'ExpoLinking' from project 'Pods')
    cd /Users/karelbraborec/rev-meter/ios/Pods
    write-file /Users/karelbraborec/Library/Developer/Xcode/DerivedData/revmeter-hbcnswmlqmbpnlazhhkncgeowiss/Build/Intermediates.noindex/Pods.build/Debug-iphonesimulator/ExpoLinking.build/Objects-normal/x86_64/e6072d4f65d7061329687fe24e3d63a7-common-args.resp
'-std=gnu11' -fobjc-arc -fmodules '-fmodules-cache-path=/Users/karelbraborec/Library/Developer/Xcode/DerivedData/ModuleCache.noindex' '-fmodule-name=ExpoLinking' -fpascal-strings -O0 -fno-common '-DPOD_CONFIGURATION_DEBUG=1' '-DDEBUG=1' '-DCOCOAPODS=1' '-DOBJC_OLD_DISPATCH_PROTOTYPES=0' -fasm-blocks -g '-fobjc-abi-version=2' -fobjc-legacy-dispatch -iquote /Users/karelbraborec/Library/Developer/Xcode/DerivedData/revmeter-hbcnswmlqmbpnlazhhkncgeowiss/Build/Intermediates.noindex/Pods.build/Debug-iphonesimulator/ExpoLinking.build/ExpoLinking-generated-files.hmap -I/Users/karelbraborec/Library/Developer/Xcode/DerivedData/revmeter-hbcnswmlqmbpnlazhhkncgeowiss/Build/Intermediates.noindex/Pods.build/Debug-iphonesimulator/ExpoLinking.build/ExpoLinking-own-target-headers.hmap -I/Users/karelbraborec/Library/Developer/Xcode/DerivedData/revmeter-hbcnswmlqmbpnlazhhkncgeowiss/Build/Intermediates.noindex/Pods.build/Debug-iphonesimulator/ExpoLinking.build/ExpoLinking-all-non-framework-target-headers.hmap -ivfsoverlay /Users/karelbraborec/Library/Developer/Xcode/DerivedData/revmeter-hbcnswmlqmbpnlazhhkncgeowiss/Build/Intermediates.noindex/Pods.build/Debug-iphonesimulator/Pods-8699adb1dd336b26511df848a716bd42-VFS-iphonesimulator/all-product-headers.yaml -iquote /Users/karelbraborec/Library/Developer/Xcode/DerivedData/revmeter-hbcnswmlqmbpnlazhhkncgeowiss/Build/Intermediates.noindex/Pods.build/Debug-iphonesimulator/ExpoLinking.build/ExpoLinking-project-headers.hmap -I/Users/karelbraborec/Library/Developer/Xcode/DerivedData/revmeter-hbcnswmlqmbpnlazhhkncgeowiss/Build/Products/Debug-iphonesimulator/ExpoLinking/include -I/Users/karelbraborec/rev-meter/ios/Pods/Headers/Public -I/Users/karelbraborec/rev-meter/ios/Pods/Headers/Public/FBLazyVector -I/Users/karelbraborec/rev-meter/ios/Pods/Headers/Public/RCTRequired -I/Users/karelbraborec/rev-meter/ios/Pods/Headers/Public/RCTSwiftUIWrapper -I/Users/karelbraborec/rev-meter/ios/Pods/Headers/Public/RCTTypeSafety -I/Users/karelbraborec/rev-meter/ios/Pods/Headers/Public/React-Core -I/Users/karelbraborec/rev-meter/ios/Pods/Headers/Public/React-Core-prebuilt -I/Users/karelbraborec/rev-meter/ios/Pods/Headers/Public/React-CoreModules -I/Users/karelbraborec/rev-meter/ios/Pods/Headers/Public/React-Fabric -I/Users/karelbraborec/rev-meter/ios/Pods/Headers/Public/React-FabricComponents -I/Users/karelbraborec/rev-meter/ios/Pods/Headers/Public/React-FabricImage -I/Users/karelbraborec/rev-meter/ios/Pods/Headers/Public/React-ImageManager -I/Users/karelbraborec/rev-meter/ios/Pods/Headers/Public/React-Mapbuffer -I/Users/karelbraborec/rev-meter/ios/Pods/Headers/Public/React-NativeModulesApple -I/Users/karelbraborec/rev-meter/ios/Pods/Headers/Public/React-RCTAnimation -I/Users/karelbraborec/rev-meter/ios/Pods/Headers/Public/React-RCTBlob -I/Users/karelbraborec/rev-meter/ios/Pods/Headers/Public/React-RCTFBReactNativeSpec -I/Users/karelbraborec/rev-meter/ios/Pods/Headers/Public/React-RCTFabric -I/Users/karelbraborec/rev-meter/ios/Pods/Headers/Public/React-RCTImage -I/Users/karelbraborec/rev-meter/ios/Pods/Headers/Public/React-RCTRuntime -I/Users/karelbraborec/rev-meter/ios/Pods/Headers/Public/React-RCTText -I/Users/karelbraborec/rev-meter/ios/Pods/Headers/Public/React-RuntimeApple -I/Users/karelbraborec/rev-meter/ios/Pods/Headers/Public/React-RuntimeCore -I/Users/karelbraborec/rev-meter/ios/Pods/Headers/Public/React-RuntimeHermes -I/Users/karelbraborec/rev-meter/ios/Pods/Headers/Public/React-callinvoker -I/Users/karelbraborec/rev-meter/ios/Pods/Headers/Public/React-cxxreact -I/Users/karelbraborec/rev-meter/ios/Pods/Headers/Public/React-debug -I/Users/karelbraborec/rev-meter/ios/Pods/Headers/Public/React-defaultsnativemodule -I/Users/karelbraborec/rev-meter/ios/Pods/Headers/Public/React-domnativemodule -I/Users/karelbraborec/rev-meter/ios/Pods/Headers/Public/React-featureflags -I/Users/karelbraborec/rev-meter/ios/Pods/Headers/Public/React-featureflagsnativemodule -I/Users/karelbraborec/rev-meter/ios/Pods/Headers/Public/React-graphics -I/Users/karelbraborec/rev-meter/ios/Pods/Headers/Public/React-hermes -I/Users/karelbraborec/rev-meter/ios/Pods/Headers/Public/React-idlecallbacksnativemodule -I/Users/karelbraborec/rev-meter/ios/Pods/Headers/Public/React-intersectionobservernativemodule -I/Users/karelbraborec/rev-meter/ios/Pods/Headers/Public/React-jserrorhandler -I/Users/karelbraborec/rev-meter/ios/Pods/Headers/Public/React-jsi -I/Users/karelbraborec/rev-meter/ios/Pods/Headers/Public/React-jsiexecutor -I/Users/karelbraborec/rev-meter/ios/Pods/Headers/Public/React-jsinspector -I/Users/karelbraborec/rev-meter/ios/Pods/Headers/Public/React-jsinspectorcdp -I/Users/karelbraborec/rev-meter/ios/Pods/Headers/Public/React-jsinspectornetwork -I/Users/karelbraborec/rev-meter/ios/Pods/Headers/Public/React-jsinspectortracing -I/Users/karelbraborec/rev-meter/ios/Pods/Headers/Public/React-jsitooling -I/Users/karelbraborec/rev-meter/ios/Pods/Headers/Public/React-logger -I/Users/karelbraborec/rev-meter/ios/Pods/Headers/Public/React-microtasksnativemodule -I/Users/karelbraborec/rev-meter/ios/Pods/Headers/Public/React-mutationobservernativemodule -I/Users/karelbraborec/rev-meter/ios/Pods/Headers/Public/React-networking -I/Users/karelbraborec/rev-meter/ios/Pods/Headers/Public/React-oscompat -I/Users/karelbraborec/rev-meter/ios/Pods/Headers/Public/React-perflogger -I/Users/karelbraborec/rev-meter/ios/Pods/Headers/Public/React-performancecdpmetrics -I/Users/karelbraborec/rev-meter/ios/Pods/Headers/Public/React-performancetimeline -I/Users/karelbraborec/rev-meter/ios/Pods/Headers/Public/React-rendererconsistency -I/Users/karelbraborec/rev-meter/ios/Pods/Headers/Public/React-renderercss -I/Users/karelbraborec/rev-meter/ios/Pods/Headers/Public/React-rendererdebug -I/Users/karelbraborec/rev-meter/ios/Pods/Headers/Public/React-runtimeexecutor -I/Users/karelbraborec/rev-meter/ios/Pods/Headers/Public/React-runtimescheduler -I/Users/karelbraborec/rev-meter/ios/Pods/Headers/Public/React-timing -I/Users/karelbraborec/rev-meter/ios/Pods/Headers/Public/React-utils -I/Users/karelbraborec/rev-meter/ios/Pods/Headers/Public/React-viewtransitionnativemodule -I/Users/karelbraborec/rev-meter/ios/Pods/Headers/Public/React-webperformancenativemodule -I/Users/karelbraborec/rev-meter/ios/Pods/Headers/Public/ReactCodegen -I/Users/karelbraborec/rev-meter/ios/Pods/Headers/Public/ReactCommon -I/Users/karelbraborec/rev-meter/ios/Pods/Headers/Public/ReactNativeDependencies -I/Users/karelbraborec/rev-meter/ios/Pods/Headers/Public/Yoga -I/Users/karelbraborec/rev-meter/ios/Pods/Headers/Public/hermes-engine -I/Users/karelbraborec/rev-meter/ios/Pods/ExpoModulesCore/ExpoModulesCore.xcframework/ios-arm64_x86_64-simulator/ExpoModulesCore.framework/Headers -I/Users/karelbraborec/rev-meter/ios/Pods/ExpoModulesCore/ExpoModulesCore.xcframework/ios-arm64/ExpoModulesCore.framework/Headers -I/Users/karelbraborec/rev-meter/ios/Pods/ExpoModulesCore/ExpoModulesCore.xcframework/ios-arm64_x86_64-simulator/ExpoModulesCore.framework/Headers -I/Users/karelbraborec/rev-meter/ios/Pods/ExpoModulesCore/ExpoModulesCore.xcframework/ios-arm64/ExpoModulesCore.framework/Headers -I/Users/karelbraborec/Library/Developer/Xcode/DerivedData/revmeter-hbcnswmlqmbpnlazhhkncgeowiss/Build/Intermediates.noindex/Pods.build/Debug-iphonesimulator/ExpoLinking.build/DerivedSources-normal/x86_64 -I/Users/karelbraborec/Library/Developer/Xcode/DerivedData/revmeter-hbcnswmlqmbpnlazhhkncgeowiss/Build/Intermediates.noindex/Pods.build/Debug-iphonesimulator/ExpoLinking.build/DerivedSources/x86_64 -I/Users/karelbraborec/Library/Developer/Xcode/DerivedData/revmeter-hbcnswmlqmbpnlazhhkncgeowiss/Build/Intermediates.noindex/Pods.build/Debug-iphonesimulator/ExpoLinking.build/DerivedSources -F/Users/karelbraborec/Library/Developer/Xcode/DerivedData/revmeter-hbcnswmlqmbpnlazhhkncgeowiss/Build/Products/Debug-iphonesimulator/ExpoLinking -F/Users/karelbraborec/rev-meter/node_modules/expo-modules-jsi/apple/Products -F/Users/karelbraborec/rev-meter/ios/Pods/ExpoModulesCore -F/Users/karelbraborec/rev-meter/ios/Pods/React-Core-prebuilt -F/Users/karelbraborec/rev-meter/ios/Pods/ReactNativeDependencies/framework/packages/react-native -F/Users/karelbraborec/rev-meter/ios/Pods/hermes-engine/destroot/Library/Frameworks/universal -F/Users/karelbraborec/Library/Developer/Xcode/DerivedData/revmeter-hbcnswmlqmbpnlazhhkncgeowiss/Build/Products/Debug-iphonesimulator/XCFrameworkIntermediates/ExpoModulesCore -F/Users/karelbraborec/Library/Developer/Xcode/DerivedData/revmeter-hbcnswmlqmbpnlazhhkncgeowiss/Build/Products/Debug-iphonesimulator/XCFrameworkIntermediates/ExpoModulesJSI -F/Users/karelbraborec/Library/Developer/Xcode/DerivedData/revmeter-hbcnswmlqmbpnlazhhkncgeowiss/Build/Products/Debug-iphonesimulator/XCFrameworkIntermediates/React-Core-prebuilt -F/Users/karelbraborec/Library/Developer/Xcode/DerivedData/revmeter-hbcnswmlqmbpnlazhhkncgeowiss/Build/Products/Debug-iphonesimulator/XCFrameworkIntermediates/ReactNativeDependencies -F/Users/karelbraborec/Library/Developer/Xcode/DerivedData/revmeter-hbcnswmlqmbpnlazhhkncgeowiss/Build/Products/Debug-iphonesimulator/XCFrameworkIntermediates/hermes-engine/Pre-built '-DRCT_REMOVE_LEGACY_ARCH=1' '-fmodule-map-file=/Users/karelbraborec/rev-meter/ios/Pods/Headers/Public/ReactCodegen/ReactCodegen.modulemap'

WriteAuxiliaryFile /Users/karelbraborec/Library/Developer/Xcode/DerivedData/revmeter-hbcnswmlqmbpnlazhhkncgeowiss/Build/Intermediates.noindex/Pods.build/Debug-iphonesimulator/ExpoLinking.build/Objects-normal/x86_64/ExpoLinking.SwiftFileList (in target 'ExpoLinking' from project 'Pods')
    cd /Users/karelbraborec/rev-meter/ios/Pods
    write-file /Users/karelbraborec/Library/Developer/Xcode/DerivedData/revmeter-hbcnswmlqmbpnlazhhkncgeowiss/Build/Intermediates.noindex/Pods.build/Debug-iphonesimulator/ExpoLinking.build/Objects-normal/x86_64/ExpoLinking.SwiftFileList

WriteAuxiliaryFile /Users/karelbraborec/Library/Developer/Xcode/DerivedData/revmeter-hbcnswmlqmbpnlazhhkncgeowiss/Build/Intermediates.noindex/Pods.build/Debug-iphonesimulator/ExpoLinking.build/Objects-normal/x86_64/ExpoLinking.SwiftConstValuesFileList (in target 'ExpoLinking' from project 'Pods')
    cd /Users/karelbraborec/rev-meter/ios/Pods
    write-file /Users/karelbraborec/Library/Developer/Xcode/DerivedData/revmeter-hbcnswmlqmbpnlazhhkncgeowiss/Build/Intermediates.noindex/Pods.build/Debug-iphonesimulator/ExpoLinking.build/Objects-normal/x86_64/ExpoLinking.SwiftConstValuesFileList

WriteAuxiliaryFile /Users/karelbraborec/Library/Developer/Xcode/DerivedData/revmeter-hbcnswmlqmbpnlazhhkncgeowiss/Build/Intermediates.noindex/Pods.build/Debug-iphonesimulator/ExpoLinking.build/Objects-normal/x86_64/ExpoLinking.LinkFileList (in target 'ExpoLinking' from project 'Pods')
    cd /Users/karelbraborec/rev-meter/ios/Pods
    write-file /Users/karelbraborec/Library/Developer/Xcode/DerivedData/revmeter-hbcnswmlqmbpnlazhhkncgeowiss/Build/Intermediates.noindex/Pods.build/Debug-iphonesimulator/ExpoLinking.build/Objects-normal/x86_64/ExpoLinking.LinkFileList

WriteAuxiliaryFile /Users/karelbraborec/Library/Developer/Xcode/DerivedData/revmeter-hbcnswmlqmbpnlazhhkncgeowiss/Build/Intermediates.noindex/Pods.build/Debug-iphonesimulator/ExpoLinking.build/Objects-normal/x86_64/ExpoLinking-OutputFileMap.json (in target 'ExpoLinking' from project 'Pods')
    cd /Users/karelbraborec/rev-meter/ios/Pods
    write-file /Users/karelbraborec/Library/Developer/Xcode/DerivedData/revmeter-hbcnswmlqmbpnlazhhkncgeowiss/Build/Intermediates.noindex/Pods.build/Debug-iphonesimulator/ExpoLinking.build/Objects-normal/x86_64/ExpoLinking-OutputFileMap.json

WriteAuxiliaryFile /Users/karelbraborec/Library/Developer/Xcode/DerivedData/revmeter-hbcnswmlqmbpnlazhhkncgeowiss/Build/Intermediates.noindex/Pods.build/Debug-iphonesimulator/ExpoLinking.build/Objects-normal/arm64/ExpoLinking.SwiftFileList (in target 'ExpoLinking' from project 'Pods')
    cd /Users/karelbraborec/rev-meter/ios/Pods
    write-file /Users/karelbraborec/Library/Developer/Xcode/DerivedData/revmeter-hbcnswmlqmbpnlazhhkncgeowiss/Build/Intermediates.noindex/Pods.build/Debug-iphonesimulator/ExpoLinking.build/Objects-normal/arm64/ExpoLinking.SwiftFileList

WriteAuxiliaryFile /Users/karelbraborec/Library/Developer/Xcode/DerivedData/revmeter-hbcnswmlqmbpnlazhhkncgeowiss/Build/Intermediates.noindex/Pods.build/Debug-iphonesimulator/ExpoLinking.build/Objects-normal/arm64/ExpoLinking.SwiftConstValuesFileList (in target 'ExpoLinking' from project 'Pods')
    cd /Users/karelbraborec/rev-meter/ios/Pods
    write-file /Users/karelbraborec/Library/Developer/Xcode/DerivedData/revmeter-hbcnswmlqmbpnlazhhkncgeowiss/Build/Intermediates.noindex/Pods.build/Debug-iphonesimulator/ExpoLinking.build/Objects-normal/arm64/ExpoLinking.SwiftConstValuesFileList

WriteAuxiliaryFile /Users/karelbraborec/Library/Developer/Xcode/DerivedData/revmeter-hbcnswmlqmbpnlazhhkncgeowiss/Build/Intermediates.noindex/Pods.build/Debug-iphonesimulator/ExpoLinking.build/Objects-normal/arm64/ExpoLinking_const_extract_protocols.json (in target 'ExpoLinking' from project 'Pods')
    cd /Users/karelbraborec/rev-meter/ios/Pods
    write-file /Users/karelbraborec/Library/Developer/Xcode/DerivedData/revmeter-hbcnswmlqmbpnlazhhkncgeowiss/Build/Intermediates.noindex/Pods.build/Debug-iphonesimulator/ExpoLinking.build/Objects-normal/arm64/ExpoLinking_const_extract_protocols.json

WriteAuxiliaryFile /Users/karelbraborec/Library/Developer/Xcode/DerivedData/revmeter-hbcnswmlqmbpnlazhhkncgeowiss/Build/Intermediates.noindex/Pods.build/Debug-iphonesimulator/ExpoLinking.build/Objects-normal/arm64/ExpoLinking.LinkFileList (in target 'ExpoLinking' from project 'Pods')
    cd /Users/karelbraborec/rev-meter/ios/Pods
    write-file /Users/karelbraborec/Library/Developer/Xcode/DerivedData/revmeter-hbcnswmlqmbpnlazhhkncgeowiss/Build/Intermediates.noindex/Pods.build/Debug-iphonesimulator/ExpoLinking.build/Objects-normal/arm64/ExpoLinking.LinkFileList

WriteAuxiliaryFile /Users/karelbraborec/Library/Developer/Xcode/DerivedData/revmeter-hbcnswmlqmbpnlazhhkncgeowiss/Build/Intermediates.noindex/Pods.build/Debug-iphonesimulator/ExpoLinking.build/Objects-normal/arm64/e6072d4f65d7061329687fe24e3d63a7-common-args.resp (in target 'ExpoLinking' from project 'Pods')
    cd /Users/karelbraborec/rev-meter/ios/Pods
    write-file /Users/karelbraborec/Library/Developer/Xcode/DerivedData/revmeter-hbcnswmlqmbpnlazhhkncgeowiss/Build/Intermediates.noindex/Pods.build/Debug-iphonesimulator/ExpoLinking.build/Objects-normal/arm64/e6072d4f65d7061329687fe24e3d63a7-common-args.resp
'-std=gnu11' -fobjc-arc -fmodules '-fmodules-cache-path=/Users/karelbraborec/Library/Developer/Xcode/DerivedData/ModuleCache.noindex' '-fmodule-name=ExpoLinking' -fpascal-strings -O0 -fno-common '-DPOD_CONFIGURATION_DEBUG=1' '-DDEBUG=1' '-DCOCOAPODS=1' '-DOBJC_OLD_DISPATCH_PROTOTYPES=0' -g '-fobjc-abi-version=2' -fobjc-legacy-dispatch -iquote /Users/karelbraborec/Library/Developer/Xcode/DerivedData/revmeter-hbcnswmlqmbpnlazhhkncgeowiss/Build/Intermediates.noindex/Pods.build/Debug-iphonesimulator/ExpoLinking.build/ExpoLinking-generated-files.hmap -I/Users/karelbraborec/Library/Developer/Xcode/DerivedData/revmeter-hbcnswmlqmbpnlazhhkncgeowiss/Build/Intermediates.noindex/Pods.build/Debug-iphonesimulator/ExpoLinking.build/ExpoLinking-own-target-headers.hmap -I/Users/karelbraborec/Library/Developer/Xcode/DerivedData/revmeter-hbcnswmlqmbpnlazhhkncgeowiss/Build/Intermediates.noindex/Pods.build/Debug-iphonesimulator/ExpoLinking.build/ExpoLinking-all-non-framework-target-headers.hmap -ivfsoverlay /Users/karelbraborec/Library/Developer/Xcode/DerivedData/revmeter-hbcnswmlqmbpnlazhhkncgeowiss/Build/Intermediates.noindex/Pods.build/Debug-iphonesimulator/Pods-8699adb1dd336b26511df848a716bd42-VFS-iphonesimulator/all-product-headers.yaml -iquote /Users/karelbraborec/Library/Developer/Xcode/DerivedData/revmeter-hbcnswmlqmbpnlazhhkncgeowiss/Build/Intermediates.noindex/Pods.build/Debug-iphonesimulator/ExpoLinking.build/ExpoLinking-project-headers.hmap -I/Users/karelbraborec/Library/Developer/Xcode/DerivedData/revmeter-hbcnswmlqmbpnlazhhkncgeowiss/Build/Products/Debug-iphonesimulator/ExpoLinking/include -I/Users/karelbraborec/rev-meter/ios/Pods/Headers/Public -I/Users/karelbraborec/rev-meter/ios/Pods/Headers/Public/FBLazyVector -I/Users/karelbraborec/rev-meter/ios/Pods/Headers/Public/RCTRequired -I/Users/karelbraborec/rev-meter/ios/Pods/Headers/Public/RCTSwiftUIWrapper -I/Users/karelbraborec/rev-meter/ios/Pods/Headers/Public/RCTTypeSafety -I/Users/karelbraborec/rev-meter/ios/Pods/Headers/Public/React-Core -I/Users/karelbraborec/rev-meter/ios/Pods/Headers/Public/React-Core-prebuilt -I/Users/karelbraborec/rev-meter/ios/Pods/Headers/Public/React-CoreModules -I/Users/karelbraborec/rev-meter/ios/Pods/Headers/Public/React-Fabric -I/Users/karelbraborec/rev-meter/ios/Pods/Headers/Public/React-FabricComponents -I/Users/karelbraborec/rev-meter/ios/Pods/Headers/Public/React-FabricImage -I/Users/karelbraborec/rev-meter/ios/Pods/Headers/Public/React-ImageManager -I/Users/karelbraborec/rev-meter/ios/Pods/Headers/Public/React-Mapbuffer -I/Users/karelbraborec/rev-meter/ios/Pods/Headers/Public/React-NativeModulesApple -I/Users/karelbraborec/rev-meter/ios/Pods/Headers/Public/React-RCTAnimation -I/Users/karelbraborec/rev-meter/ios/Pods/Headers/Public/React-RCTBlob -I/Users/karelbraborec/rev-meter/ios/Pods/Headers/Public/React-RCTFBReactNativeSpec -I/Users/karelbraborec/rev-meter/ios/Pods/Headers/Public/React-RCTFabric -I/Users/karelbraborec/rev-meter/ios/Pods/Headers/Public/React-RCTImage -I/Users/karelbraborec/rev-meter/ios/Pods/Headers/Public/React-RCTRuntime -I/Users/karelbraborec/rev-meter/ios/Pods/Headers/Public/React-RCTText -I/Users/karelbraborec/rev-meter/ios/Pods/Headers/Public/React-RuntimeApple -I/Users/karelbraborec/rev-meter/ios/Pods/Headers/Public/React-RuntimeCore -I/Users/karelbraborec/rev-meter/ios/Pods/Headers/Public/React-RuntimeHermes -I/Users/karelbraborec/rev-meter/ios/Pods/Headers/Public/React-callinvoker -I/Users/karelbraborec/rev-meter/ios/Pods/Headers/Public/React-cxxreact -I/Users/karelbraborec/rev-meter/ios/Pods/Headers/Public/React-debug -I/Users/karelbraborec/rev-meter/ios/Pods/Headers/Public/React-defaultsnativemodule -I/Users/karelbraborec/rev-meter/ios/Pods/Headers/Public/React-domnativemodule -I/Users/karelbraborec/rev-meter/ios/Pods/Headers/Public/React-featureflags -I/Users/karelbraborec/rev-meter/ios/Pods/Headers/Public/React-featureflagsnativemodule -I/Users/karelbraborec/rev-meter/ios/Pods/Headers/Public/React-graphics -I/Users/karelbraborec/rev-meter/ios/Pods/Headers/Public/React-hermes -I/Users/karelbraborec/rev-meter/ios/Pods/Headers/Public/React-idlecallbacksnativemodule -I/Users/karelbraborec/rev-meter/ios/Pods/Headers/Public/React-intersectionobservernativemodule -I/Users/karelbraborec/rev-meter/ios/Pods/Headers/Public/React-jserrorhandler -I/Users/karelbraborec/rev-meter/ios/Pods/Headers/Public/React-jsi -I/Users/karelbraborec/rev-meter/ios/Pods/Headers/Public/React-jsiexecutor -I/Users/karelbraborec/rev-meter/ios/Pods/Headers/Public/React-jsinspector -I/Users/karelbraborec/rev-meter/ios/Pods/Headers/Public/React-jsinspectorcdp -I/Users/karelbraborec/rev-meter/ios/Pods/Headers/Public/React-jsinspectornetwork -I/Users/karelbraborec/rev-meter/ios/Pods/Headers/Public/React-jsinspectortracing -I/Users/karelbraborec/rev-meter/ios/Pods/Headers/Public/React-jsitooling -I/Users/karelbraborec/rev-meter/ios/Pods/Headers/Public/React-logger -I/Users/karelbraborec/rev-meter/ios/Pods/Headers/Public/React-microtasksnativemodule -I/Users/karelbraborec/rev-meter/ios/Pods/Headers/Public/React-mutationobservernativemodule -I/Users/karelbraborec/rev-meter/ios/Pods/Headers/Public/React-networking -I/Users/karelbraborec/rev-meter/ios/Pods/Headers/Public/React-oscompat -I/Users/karelbraborec/rev-meter/ios/Pods/Headers/Public/React-perflogger -I/Users/karelbraborec/rev-meter/ios/Pods/Headers/Public/React-performancecdpmetrics -I/Users/karelbraborec/rev-meter/ios/Pods/Headers/Public/React-performancetimeline -I/Users/karelbraborec/rev-meter/ios/Pods/Headers/Public/React-rendererconsistency -I/Users/karelbraborec/rev-meter/ios/Pods/Headers/Public/React-renderercss -I/Users/karelbraborec/rev-meter/ios/Pods/Headers/Public/React-rendererdebug -I/Users/karelbraborec/rev-meter/ios/Pods/Headers/Public/React-runtimeexecutor -I/Users/karelbraborec/rev-meter/ios/Pods/Headers/Public/React-runtimescheduler -I/Users/karelbraborec/rev-meter/ios/Pods/Headers/Public/React-timing -I/Users/karelbraborec/rev-meter/ios/Pods/Headers/Public/React-utils -I/Users/karelbraborec/rev-meter/ios/Pods/Headers/Public/React-viewtransitionnativemodule -I/Users/karelbraborec/rev-meter/ios/Pods/Headers/Public/React-webperformancenativemodule -I/Users/karelbraborec/rev-meter/ios/Pods/Headers/Public/ReactCodegen -I/Users/karelbraborec/rev-meter/ios/Pods/Headers/Public/ReactCommon -I/Users/karelbraborec/rev-meter/ios/Pods/Headers/Public/ReactNativeDependencies -I/Users/karelbraborec/rev-meter/ios/Pods/Headers/Public/Yoga -I/Users/karelbraborec/rev-meter/ios/Pods/Headers/Public/hermes-engine -I/Users/karelbraborec/rev-meter/ios/Pods/ExpoModulesCore/ExpoModulesCore.xcframework/ios-arm64_x86_64-simulator/ExpoModulesCore.framework/Headers -I/Users/karelbraborec/rev-meter/ios/Pods/ExpoModulesCore/ExpoModulesCore.xcframework/ios-arm64/ExpoModulesCore.framework/Headers -I/Users/karelbraborec/rev-meter/ios/Pods/ExpoModulesCore/ExpoModulesCore.xcframework/ios-arm64_x86_64-simulator/ExpoModulesCore.framework/Headers -I/Users/karelbraborec/rev-meter/ios/Pods/ExpoModulesCore/ExpoModulesCore.xcframework/ios-arm64/ExpoModulesCore.framework/Headers -I/Users/karelbraborec/Library/Developer/Xcode/DerivedData/revmeter-hbcnswmlqmbpnlazhhkncgeowiss/Build/Intermediates.noindex/Pods.build/Debug-iphonesimulator/ExpoLinking.build/DerivedSources-normal/arm64 -I/Users/karelbraborec/Library/Developer/Xcode/DerivedData/revmeter-hbcnswmlqmbpnlazhhkncgeowiss/Build/Intermediates.noindex/Pods.build/Debug-iphonesimulator/ExpoLinking.build/DerivedSources/arm64 -I/Users/karelbraborec/Library/Developer/Xcode/DerivedData/revmeter-hbcnswmlqmbpnlazhhkncgeowiss/Build/Intermediates.noindex/Pods.build/Debug-iphonesimulator/ExpoLinking.build/DerivedSources -F/Users/karelbraborec/Library/Developer/Xcode/DerivedData/revmeter-hbcnswmlqmbpnlazhhkncgeowiss/Build/Products/Debug-iphonesimulator/ExpoLinking -F/Users/karelbraborec/rev-meter/node_modules/expo-modules-jsi/apple/Products -F/Users/karelbraborec/rev-meter/ios/Pods/ExpoModulesCore -F/Users/karelbraborec/rev-meter/ios/Pods/React-Core-prebuilt -F/Users/karelbraborec/rev-meter/ios/Pods/ReactNativeDependencies/framework/packages/react-native -F/Users/karelbraborec/rev-meter/ios/Pods/hermes-engine/destroot/Library/Frameworks/universal -F/Users/karelbraborec/Library/Developer/Xcode/DerivedData/revmeter-hbcnswmlqmbpnlazhhkncgeowiss/Build/Products/Debug-iphonesimulator/XCFrameworkIntermediates/ExpoModulesCore -F/Users/karelbraborec/Library/Developer/Xcode/DerivedData/revmeter-hbcnswmlqmbpnlazhhkncgeowiss/Build/Products/Debug-iphonesimulator/XCFrameworkIntermediates/ExpoModulesJSI -F/Users/karelbraborec/Library/Developer/Xcode/DerivedData/revmeter-hbcnswmlqmbpnlazhhkncgeowiss/Build/Products/Debug-iphonesimulator/XCFrameworkIntermediates/React-Core-prebuilt -F/Users/karelbraborec/Library/Developer/Xcode/DerivedData/revmeter-hbcnswmlqmbpnlazhhkncgeowiss/Build/Products/Debug-iphonesimulator/XCFrameworkIntermediates/ReactNativeDependencies -F/Users/karelbraborec/Library/Developer/Xcode/DerivedData/revmeter-hbcnswmlqmbpnlazhhkncgeowiss/Build/Products/Debug-iphonesimulator/XCFrameworkIntermediates/hermes-engine/Pre-built '-DRCT_REMOVE_LEGACY_ARCH=1' '-fmodule-map-file=/Users/karelbraborec/rev-meter/ios/Pods/Headers/Public/ReactCodegen/ReactCodegen.modulemap'

WriteAuxiliaryFile /Users/karelbraborec/Library/Developer/Xcode/DerivedData/revmeter-hbcnswmlqmbpnlazhhkncgeowiss/Build/Intermediates.noindex/Pods.build/Debug-iphonesimulator/ExpoLinking.build/Objects-normal/arm64/ExpoLinking-OutputFileMap.json (in target 'ExpoLinking' from project 'Pods')
    cd /Users/karelbraborec/rev-meter/ios/Pods
    write-file /Users/karelbraborec/Library/Developer/Xcode/DerivedData/revmeter-hbcnswmlqmbpnlazhhkncgeowiss/Build/Intermediates.noindex/Pods.build/Debug-iphonesimulator/ExpoLinking.build/Objects-normal/arm64/ExpoLinking-OutputFileMap.json

WriteAuxiliaryFile /Users/karelbraborec/Library/Developer/Xcode/DerivedData/revmeter-hbcnswmlqmbpnlazhhkncgeowiss/Build/Intermediates.noindex/Pods.build/Debug-iphonesimulator/ExpoLinking.build/ExpoLinking.hmap (in target 'ExpoLinking' from project 'Pods')
    cd /Users/karelbraborec/rev-meter/ios/Pods
    write-file /Users/karelbraborec/Library/Developer/Xcode/DerivedData/revmeter-hbcnswmlqmbpnlazhhkncgeowiss/Build/Intermediates.noindex/Pods.build/Debug-iphonesimulator/ExpoLinking.build/ExpoLinking.hmap

WriteAuxiliaryFile /Users/karelbraborec/Library/Developer/Xcode/DerivedData/revmeter-hbcnswmlqmbpnlazhhkncgeowiss/Build/Intermediates.noindex/Pods.build/Debug-iphonesimulator/ExpoLinking.build/ExpoLinking.DependencyStaticMetadataFileList (in target 'ExpoLinking' from project 'Pods')
    cd /Users/karelbraborec/rev-meter/ios/Pods
    write-file /Users/karelbraborec/Library/Developer/Xcode/DerivedData/revmeter-hbcnswmlqmbpnlazhhkncgeowiss/Build/Intermediates.noindex/Pods.build/Debug-iphonesimulator/ExpoLinking.build/ExpoLinking.DependencyStaticMetadataFileList

WriteAuxiliaryFile /Users/karelbraborec/Library/Developer/Xcode/DerivedData/revmeter-hbcnswmlqmbpnlazhhkncgeowiss/Build/Intermediates.noindex/Pods.build/Debug-iphonesimulator/ExpoLinking.build/ExpoLinking.DependencyMetadataFileList (in target 'ExpoLinking' from project 'Pods')
    cd /Users/karelbraborec/rev-meter/ios/Pods
    write-file /Users/karelbraborec/Library/Developer/Xcode/DerivedData/revmeter-hbcnswmlqmbpnlazhhkncgeowiss/Build/Intermediates.noindex/Pods.build/Debug-iphonesimulator/ExpoLinking.build/ExpoLinking.DependencyMetadataFileList

WriteAuxiliaryFile /Users/karelbraborec/Library/Developer/Xcode/DerivedData/revmeter-hbcnswmlqmbpnlazhhkncgeowiss/Build/Intermediates.noindex/Pods.build/Debug-iphonesimulator/ExpoLinking.build/ExpoLinking-project-headers.hmap (in target 'ExpoLinking' from project 'Pods')
    cd /Users/karelbraborec/rev-meter/ios/Pods
    write-file /Users/karelbraborec/Library/Developer/Xcode/DerivedData/revmeter-hbcnswmlqmbpnlazhhkncgeowiss/Build/Intermediates.noindex/Pods.build/Debug-iphonesimulator/ExpoLinking.build/ExpoLinking-project-headers.hmap

WriteAuxiliaryFile /Users/karelbraborec/Library/Developer/Xcode/DerivedData/revmeter-hbcnswmlqmbpnlazhhkncgeowiss/Build/Intermediates.noindex/Pods.build/Debug-iphonesimulator/ExpoLinking.build/ExpoLinking-own-target-headers.hmap (in target 'ExpoLinking' from project 'Pods')
    cd /Users/karelbraborec/rev-meter/ios/Pods
    write-file /Users/karelbraborec/Library/Developer/Xcode/DerivedData/revmeter-hbcnswmlqmbpnlazhhkncgeowiss/Build/Intermediates.noindex/Pods.build/Debug-iphonesimulator/ExpoLinking.build/ExpoLinking-own-target-headers.hmap

WriteAuxiliaryFile /Users/karelbraborec/Library/Developer/Xcode/DerivedData/revmeter-hbcnswmlqmbpnlazhhkncgeowiss/Build/Intermediates.noindex/Pods.build/Debug-iphonesimulator/ExpoLinking.build/ExpoLinking-generated-files.hmap (in target 'ExpoLinking' from project 'Pods')
    cd /Users/karelbraborec/rev-meter/ios/Pods
    write-file /Users/karelbraborec/Library/Developer/Xcode/DerivedData/revmeter-hbcnswmlqmbpnlazhhkncgeowiss/Build/Intermediates.noindex/Pods.build/Debug-iphonesimulator/ExpoLinking.build/ExpoLinking-generated-files.hmap

WriteAuxiliaryFile /Users/karelbraborec/Library/Developer/Xcode/DerivedData/revmeter-hbcnswmlqmbpnlazhhkncgeowiss/Build/Intermediates.noindex/Pods.build/Debug-iphonesimulator/ExpoLinking.build/ExpoLinking-all-target-headers.hmap (in target 'ExpoLinking' from project 'Pods')
    cd /Users/karelbraborec/rev-meter/ios/Pods
    write-file /Users/karelbraborec/Library/Developer/Xcode/DerivedData/revmeter-hbcnswmlqmbpnlazhhkncgeowiss/Build/Intermediates.noindex/Pods.build/Debug-iphonesimulator/ExpoLinking.build/ExpoLinking-all-target-headers.hmap

WriteAuxiliaryFile /Users/karelbraborec/Library/Developer/Xcode/DerivedData/revmeter-hbcnswmlqmbpnlazhhkncgeowiss/Build/Intermediates.noindex/Pods.build/Debug-iphonesimulator/ExpoLinking.build/ExpoLinking-all-non-framework-target-headers.hmap (in target 'ExpoLinking' from project 'Pods')
    cd /Users/karelbraborec/rev-meter/ios/Pods
    write-file /Users/karelbraborec/Library/Developer/Xcode/DerivedData/revmeter-hbcnswmlqmbpnlazhhkncgeowiss/Build/Intermediates.noindex/Pods.build/Debug-iphonesimulator/ExpoLinking.build/ExpoLinking-all-non-framework-target-headers.hmap

WriteAuxiliaryFile /Users/karelbraborec/Library/Developer/Xcode/DerivedData/revmeter-hbcnswmlqmbpnlazhhkncgeowiss/Build/Intermediates.noindex/Pods.build/Debug-iphonesimulator/ExpoKeepAwake.build/Script-46EB2E000179B0.sh (in target 'ExpoKeepAwake' from project 'Pods')
    cd /Users/karelbraborec/rev-meter/ios/Pods
    write-file /Users/karelbraborec/Library/Developer/Xcode/DerivedData/revmeter-hbcnswmlqmbpnlazhhkncgeowiss/Build/Intermediates.noindex/Pods.build/Debug-iphonesimulator/ExpoKeepAwake.build/Script-46EB2E000179B0.sh

WriteAuxiliaryFile /Users/karelbraborec/Library/Developer/Xcode/DerivedData/revmeter-hbcnswmlqmbpnlazhhkncgeowiss/Build/Intermediates.noindex/Pods.build/Debug-iphonesimulator/ExpoKeepAwake.build/Objects-normal/x86_64/ExpoKeepAwake_const_extract_protocols.json (in target 'ExpoKeepAwake' from project 'Pods')
    cd /Users/karelbraborec/rev-meter/ios/Pods
    write-file /Users/karelbraborec/Library/Developer/Xcode/DerivedData/revmeter-hbcnswmlqmbpnlazhhkncgeowiss/Build/Intermediates.noindex/Pods.build/Debug-iphonesimulator/ExpoKeepAwake.build/Objects-normal/x86_64/ExpoKeepAwake_const_extract_protocols.json

WriteAuxiliaryFile /Users/karelbraborec/Library/Developer/Xcode/DerivedData/revmeter-hbcnswmlqmbpnlazhhkncgeowiss/Build/Intermediates.noindex/Pods.build/Debug-iphonesimulator/ExpoKeepAwake.build/Objects-normal/x86_64/e6072d4f65d7061329687fe24e3d63a7-common-args.resp (in target 'ExpoKeepAwake' from project 'Pods')
    cd /Users/karelbraborec/rev-meter/ios/Pods
    write-file /Users/karelbraborec/Library/Developer/Xcode/DerivedData/revmeter-hbcnswmlqmbpnlazhhkncgeowiss/Build/Intermediates.noindex/Pods.build/Debug-iphonesimulator/ExpoKeepAwake.build/Objects-normal/x86_64/e6072d4f65d7061329687fe24e3d63a7-common-args.resp
'-std=gnu11' -fobjc-arc -fmodules '-fmodules-cache-path=/Users/karelbraborec/Library/Developer/Xcode/DerivedData/ModuleCache.noindex' '-fmodule-name=ExpoKeepAwake' -fpascal-strings -O0 -fno-common '-DPOD_CONFIGURATION_DEBUG=1' '-DDEBUG=1' '-DCOCOAPODS=1' '-DOBJC_OLD_DISPATCH_PROTOTYPES=0' -fasm-blocks -g '-fobjc-abi-version=2' -fobjc-legacy-dispatch -iquote /Users/karelbraborec/Library/Developer/Xcode/DerivedData/revmeter-hbcnswmlqmbpnlazhhkncgeowiss/Build/Intermediates.noindex/Pods.build/Debug-iphonesimulator/ExpoKeepAwake.build/ExpoKeepAwake-generated-files.hmap -I/Users/karelbraborec/Library/Developer/Xcode/DerivedData/revmeter-hbcnswmlqmbpnlazhhkncgeowiss/Build/Intermediates.noindex/Pods.build/Debug-iphonesimulator/ExpoKeepAwake.build/ExpoKeepAwake-own-target-headers.hmap -I/Users/karelbraborec/Library/Developer/Xcode/DerivedData/revmeter-hbcnswmlqmbpnlazhhkncgeowiss/Build/Intermediates.noindex/Pods.build/Debug-iphonesimulator/ExpoKeepAwake.build/ExpoKeepAwake-all-non-framework-target-headers.hmap -ivfsoverlay /Users/karelbraborec/Library/Developer/Xcode/DerivedData/revmeter-hbcnswmlqmbpnlazhhkncgeowiss/Build/Intermediates.noindex/Pods.build/Debug-iphonesimulator/Pods-8699adb1dd336b26511df848a716bd42-VFS-iphonesimulator/all-product-headers.yaml -iquote /Users/karelbraborec/Library/Developer/Xcode/DerivedData/revmeter-hbcnswmlqmbpnlazhhkncgeowiss/Build/Intermediates.noindex/Pods.build/Debug-iphonesimulator/ExpoKeepAwake.build/ExpoKeepAwake-project-headers.hmap -I/Users/karelbraborec/Library/Developer/Xcode/DerivedData/revmeter-hbcnswmlqmbpnlazhhkncgeowiss/Build/Products/Debug-iphonesimulator/ExpoKeepAwake/include -I/Users/karelbraborec/rev-meter/ios/Pods/Headers/Public -I/Users/karelbraborec/rev-meter/ios/Pods/Headers/Public/FBLazyVector -I/Users/karelbraborec/rev-meter/ios/Pods/Headers/Public/RCTRequired -I/Users/karelbraborec/rev-meter/ios/Pods/Headers/Public/RCTSwiftUIWrapper -I/Users/karelbraborec/rev-meter/ios/Pods/Headers/Public/RCTTypeSafety -I/Users/karelbraborec/rev-meter/ios/Pods/Headers/Public/React-Core -I/Users/karelbraborec/rev-meter/ios/Pods/Headers/Public/React-Core-prebuilt -I/Users/karelbraborec/rev-meter/ios/Pods/Headers/Public/React-CoreModules -I/Users/karelbraborec/rev-meter/ios/Pods/Headers/Public/React-Fabric -I/Users/karelbraborec/rev-meter/ios/Pods/Headers/Public/React-FabricComponents -I/Users/karelbraborec/rev-meter/ios/Pods/Headers/Public/React-FabricImage -I/Users/karelbraborec/rev-meter/ios/Pods/Headers/Public/React-ImageManager -I/Users/karelbraborec/rev-meter/ios/Pods/Headers/Public/React-Mapbuffer -I/Users/karelbraborec/rev-meter/ios/Pods/Headers/Public/React-NativeModulesApple -I/Users/karelbraborec/rev-meter/ios/Pods/Headers/Public/React-RCTAnimation -I/Users/karelbraborec/rev-meter/ios/Pods/Headers/Public/React-RCTBlob -I/Users/karelbraborec/rev-meter/ios/Pods/Headers/Public/React-RCTFBReactNativeSpec -I/Users/karelbraborec/rev-meter/ios/Pods/Headers/Public/React-RCTFabric -I/Users/karelbraborec/rev-meter/ios/Pods/Headers/Public/React-RCTImage -I/Users/karelbraborec/rev-meter/ios/Pods/Headers/Public/React-RCTRuntime -I/Users/karelbraborec/rev-meter/ios/Pods/Headers/Public/React-RCTText -I/Users/karelbraborec/rev-meter/ios/Pods/Headers/Public/React-RuntimeApple -I/Users/karelbraborec/rev-meter/ios/Pods/Headers/Public/React-RuntimeCore -I/Users/karelbraborec/rev-meter/ios/Pods/Headers/Public/React-RuntimeHermes -I/Users/karelbraborec/rev-meter/ios/Pods/Headers/Public/React-callinvoker -I/Users/karelbraborec/rev-meter/ios/Pods/Headers/Public/React-cxxreact -I/Users/karelbraborec/rev-meter/ios/Pods/Headers/Public/React-debug -I/Users/karelbraborec/rev-meter/ios/Pods/Headers/Public/React-defaultsnativemodule -I/Users/karelbraborec/rev-meter/ios/Pods/Headers/Public/React-domnativemodule -I/Users/karelbraborec/rev-meter/ios/Pods/Headers/Public/React-featureflags -I/Users/karelbraborec/rev-meter/ios/Pods/Headers/Public/React-featureflagsnativemodule -I/Users/karelbraborec/rev-meter/ios/Pods/Headers/Public/React-graphics -I/Users/karelbraborec/rev-meter/ios/Pods/Headers/Public/React-hermes -I/Users/karelbraborec/rev-meter/ios/Pods/Headers/Public/React-idlecallbacksnativemodule -I/Users/karelbraborec/rev-meter/ios/Pods/Headers/Public/React-intersectionobservernativemodule -I/Users/karelbraborec/rev-meter/ios/Pods/Headers/Public/React-jserrorhandler -I/Users/karelbraborec/rev-meter/ios/Pods/Headers/Public/React-jsi -I/Users/karelbraborec/rev-meter/ios/Pods/Headers/Public/React-jsiexecutor -I/Users/karelbraborec/rev-meter/ios/Pods/Headers/Public/React-jsinspector -I/Users/karelbraborec/rev-meter/ios/Pods/Headers/Public/React-jsinspectorcdp -I/Users/karelbraborec/rev-meter/ios/Pods/Headers/Public/React-jsinspectornetwork -I/Users/karelbraborec/rev-meter/ios/Pods/Headers/Public/React-jsinspectortracing -I/Users/karelbraborec/rev-meter/ios/Pods/Headers/Public/React-jsitooling -I/Users/karelbraborec/rev-meter/ios/Pods/Headers/Public/React-logger -I/Users/karelbraborec/rev-meter/ios/Pods/Headers/Public/React-microtasksnativemodule -I/Users/karelbraborec/rev-meter/ios/Pods/Headers/Public/React-mutationobservernativemodule -I/Users/karelbraborec/rev-meter/ios/Pods/Headers/Public/React-networking -I/Users/karelbraborec/rev-meter/ios/Pods/Headers/Public/React-oscompat -I/Users/karelbraborec/rev-meter/ios/Pods/Headers/Public/React-perflogger -I/Users/karelbraborec/rev-meter/ios/Pods/Headers/Public/React-performancecdpmetrics -I/Users/karelbraborec/rev-meter/ios/Pods/Headers/Public/React-performancetimeline -I/Users/karelbraborec/rev-meter/ios/Pods/Headers/Public/React-rendererconsistency -I/Users/karelbraborec/rev-meter/ios/Pods/Headers/Public/React-renderercss -I/Users/karelbraborec/rev-meter/ios/Pods/Headers/Public/React-rendererdebug -I/Users/karelbraborec/rev-meter/ios/Pods/Headers/Public/React-runtimeexecutor -I/Users/karelbraborec/rev-meter/ios/Pods/Headers/Public/React-runtimescheduler -I/Users/karelbraborec/rev-meter/ios/Pods/Headers/Public/React-timing -I/Users/karelbraborec/rev-meter/ios/Pods/Headers/Public/React-utils -I/Users/karelbraborec/rev-meter/ios/Pods/Headers/Public/React-viewtransitionnativemodule -I/Users/karelbraborec/rev-meter/ios/Pods/Headers/Public/React-webperformancenativemodule -I/Users/karelbraborec/rev-meter/ios/Pods/Headers/Public/ReactCodegen -I/Users/karelbraborec/rev-meter/ios/Pods/Headers/Public/ReactCommon -I/Users/karelbraborec/rev-meter/ios/Pods/Headers/Public/ReactNativeDependencies -I/Users/karelbraborec/rev-meter/ios/Pods/Headers/Public/Yoga -I/Users/karelbraborec/rev-meter/ios/Pods/Headers/Public/hermes-engine -I/Users/karelbraborec/rev-meter/ios/Pods/ExpoModulesCore/ExpoModulesCore.xcframework/ios-arm64_x86_64-simulator/ExpoModulesCore.framework/Headers -I/Users/karelbraborec/rev-meter/ios/Pods/ExpoModulesCore/ExpoModulesCore.xcframework/ios-arm64/ExpoModulesCore.framework/Headers -I/Users/karelbraborec/rev-meter/ios/Pods/ExpoModulesCore/ExpoModulesCore.xcframework/ios-arm64_x86_64-simulator/ExpoModulesCore.framework/Headers -I/Users/karelbraborec/rev-meter/ios/Pods/ExpoModulesCore/ExpoModulesCore.xcframework/ios-arm64/ExpoModulesCore.framework/Headers -I/Users/karelbraborec/Library/Developer/Xcode/DerivedData/revmeter-hbcnswmlqmbpnlazhhkncgeowiss/Build/Intermediates.noindex/Pods.build/Debug-iphonesimulator/ExpoKeepAwake.build/DerivedSources-normal/x86_64 -I/Users/karelbraborec/Library/Developer/Xcode/DerivedData/revmeter-hbcnswmlqmbpnlazhhkncgeowiss/Build/Intermediates.noindex/Pods.build/Debug-iphonesimulator/ExpoKeepAwake.build/DerivedSources/x86_64 -I/Users/karelbraborec/Library/Developer/Xcode/DerivedData/revmeter-hbcnswmlqmbpnlazhhkncgeowiss/Build/Intermediates.noindex/Pods.build/Debug-iphonesimulator/ExpoKeepAwake.build/DerivedSources -F/Users/karelbraborec/Library/Developer/Xcode/DerivedData/revmeter-hbcnswmlqmbpnlazhhkncgeowiss/Build/Products/Debug-iphonesimulator/ExpoKeepAwake -F/Users/karelbraborec/rev-meter/node_modules/expo-modules-jsi/apple/Products -F/Users/karelbraborec/rev-meter/ios/Pods/ExpoModulesCore -F/Users/karelbraborec/rev-meter/ios/Pods/React-Core-prebuilt -F/Users/karelbraborec/rev-meter/ios/Pods/ReactNativeDependencies/framework/packages/react-native -F/Users/karelbraborec/rev-meter/ios/Pods/hermes-engine/destroot/Library/Frameworks/universal -F/Users/karelbraborec/Library/Developer/Xcode/DerivedData/revmeter-hbcnswmlqmbpnlazhhkncgeowiss/Build/Products/Debug-iphonesimulator/XCFrameworkIntermediates/ExpoModulesCore -F/Users/karelbraborec/Library/Developer/Xcode/DerivedData/revmeter-hbcnswmlqmbpnlazhhkncgeowiss/Build/Products/Debug-iphonesimulator/XCFrameworkIntermediates/ExpoModulesJSI -F/Users/karelbraborec/Library/Developer/Xcode/DerivedData/revmeter-hbcnswmlqmbpnlazhhkncgeowiss/Build/Products/Debug-iphonesimulator/XCFrameworkIntermediates/React-Core-prebuilt -F/Users/karelbraborec/Library/Developer/Xcode/DerivedData/revmeter-hbcnswmlqmbpnlazhhkncgeowiss/Build/Products/Debug-iphonesimulator/XCFrameworkIntermediates/ReactNativeDependencies -F/Users/karelbraborec/Library/Developer/Xcode/DerivedData/revmeter-hbcnswmlqmbpnlazhhkncgeowiss/Build/Products/Debug-iphonesimulator/XCFrameworkIntermediates/hermes-engine/Pre-built '-DRCT_REMOVE_LEGACY_ARCH=1' '-fmodule-map-file=/Users/karelbraborec/rev-meter/ios/Pods/Headers/Public/ReactCodegen/ReactCodegen.modulemap'

WriteAuxiliaryFile /Users/karelbraborec/Library/Developer/Xcode/DerivedData/revmeter-hbcnswmlqmbpnlazhhkncgeowiss/Build/Intermediates.noindex/Pods.build/Debug-iphonesimulator/ExpoKeepAwake.build/Objects-normal/x86_64/ExpoKeepAwake.SwiftFileList (in target 'ExpoKeepAwake' from project 'Pods')
    cd /Users/karelbraborec/rev-meter/ios/Pods
    write-file /Users/karelbraborec/Library/Developer/Xcode/DerivedData/revmeter-hbcnswmlqmbpnlazhhkncgeowiss/Build/Intermediates.noindex/Pods.build/Debug-iphonesimulator/ExpoKeepAwake.build/Objects-normal/x86_64/ExpoKeepAwake.SwiftFileList

WriteAuxiliaryFile /Users/karelbraborec/Library/Developer/Xcode/DerivedData/revmeter-hbcnswmlqmbpnlazhhkncgeowiss/Build/Intermediates.noindex/Pods.build/Debug-iphonesimulator/ExpoKeepAwake.build/Objects-normal/x86_64/ExpoKeepAwake.SwiftConstValuesFileList (in target 'ExpoKeepAwake' from project 'Pods')
    cd /Users/karelbraborec/rev-meter/ios/Pods
    write-file /Users/karelbraborec/Library/Developer/Xcode/DerivedData/revmeter-hbcnswmlqmbpnlazhhkncgeowiss/Build/Intermediates.noindex/Pods.build/Debug-iphonesimulator/ExpoKeepAwake.build/Objects-normal/x86_64/ExpoKeepAwake.SwiftConstValuesFileList

WriteAuxiliaryFile /Users/karelbraborec/Library/Developer/Xcode/DerivedData/revmeter-hbcnswmlqmbpnlazhhkncgeowiss/Build/Intermediates.noindex/Pods.build/Debug-iphonesimulator/ExpoKeepAwake.build/Objects-normal/x86_64/ExpoKeepAwake.LinkFileList (in target 'ExpoKeepAwake' from project 'Pods')
    cd /Users/karelbraborec/rev-meter/ios/Pods
    write-file /Users/karelbraborec/Library/Developer/Xcode/DerivedData/revmeter-hbcnswmlqmbpnlazhhkncgeowiss/Build/Intermediates.noindex/Pods.build/Debug-iphonesimulator/ExpoKeepAwake.build/Objects-normal/x86_64/ExpoKeepAwake.LinkFileList

WriteAuxiliaryFile /Users/karelbraborec/Library/Developer/Xcode/DerivedData/revmeter-hbcnswmlqmbpnlazhhkncgeowiss/Build/Intermediates.noindex/Pods.build/Debug-iphonesimulator/ExpoKeepAwake.build/Objects-normal/x86_64/ExpoKeepAwake-OutputFileMap.json (in target 'ExpoKeepAwake' from project 'Pods')
    cd /Users/karelbraborec/rev-meter/ios/Pods
    write-file /Users/karelbraborec/Library/Developer/Xcode/DerivedData/revmeter-hbcnswmlqmbpnlazhhkncgeowiss/Build/Intermediates.noindex/Pods.build/Debug-iphonesimulator/ExpoKeepAwake.build/Objects-normal/x86_64/ExpoKeepAwake-OutputFileMap.json

WriteAuxiliaryFile /Users/karelbraborec/Library/Developer/Xcode/DerivedData/revmeter-hbcnswmlqmbpnlazhhkncgeowiss/Build/Intermediates.noindex/Pods.build/Debug-iphonesimulator/ExpoKeepAwake.build/Objects-normal/arm64/e6072d4f65d7061329687fe24e3d63a7-common-args.resp (in target 'ExpoKeepAwake' from project 'Pods')
    cd /Users/karelbraborec/rev-meter/ios/Pods
    write-file /Users/karelbraborec/Library/Developer/Xcode/DerivedData/revmeter-hbcnswmlqmbpnlazhhkncgeowiss/Build/Intermediates.noindex/Pods.build/Debug-iphonesimulator/ExpoKeepAwake.build/Objects-normal/arm64/e6072d4f65d7061329687fe24e3d63a7-common-args.resp
'-std=gnu11' -fobjc-arc -fmodules '-fmodules-cache-path=/Users/karelbraborec/Library/Developer/Xcode/DerivedData/ModuleCache.noindex' '-fmodule-name=ExpoKeepAwake' -fpascal-strings -O0 -fno-common '-DPOD_CONFIGURATION_DEBUG=1' '-DDEBUG=1' '-DCOCOAPODS=1' '-DOBJC_OLD_DISPATCH_PROTOTYPES=0' -g '-fobjc-abi-version=2' -fobjc-legacy-dispatch -iquote /Users/karelbraborec/Library/Developer/Xcode/DerivedData/revmeter-hbcnswmlqmbpnlazhhkncgeowiss/Build/Intermediates.noindex/Pods.build/Debug-iphonesimulator/ExpoKeepAwake.build/ExpoKeepAwake-generated-files.hmap -I/Users/karelbraborec/Library/Developer/Xcode/DerivedData/revmeter-hbcnswmlqmbpnlazhhkncgeowiss/Build/Intermediates.noindex/Pods.build/Debug-iphonesimulator/ExpoKeepAwake.build/ExpoKeepAwake-own-target-headers.hmap -I/Users/karelbraborec/Library/Developer/Xcode/DerivedData/revmeter-hbcnswmlqmbpnlazhhkncgeowiss/Build/Intermediates.noindex/Pods.build/Debug-iphonesimulator/ExpoKeepAwake.build/ExpoKeepAwake-all-non-framework-target-headers.hmap -ivfsoverlay /Users/karelbraborec/Library/Developer/Xcode/DerivedData/revmeter-hbcnswmlqmbpnlazhhkncgeowiss/Build/Intermediates.noindex/Pods.build/Debug-iphonesimulator/Pods-8699adb1dd336b26511df848a716bd42-VFS-iphonesimulator/all-product-headers.yaml -iquote /Users/karelbraborec/Library/Developer/Xcode/DerivedData/revmeter-hbcnswmlqmbpnlazhhkncgeowiss/Build/Intermediates.noindex/Pods.build/Debug-iphonesimulator/ExpoKeepAwake.build/ExpoKeepAwake-project-headers.hmap -I/Users/karelbraborec/Library/Developer/Xcode/DerivedData/revmeter-hbcnswmlqmbpnlazhhkncgeowiss/Build/Products/Debug-iphonesimulator/ExpoKeepAwake/include -I/Users/karelbraborec/rev-meter/ios/Pods/Headers/Public -I/Users/karelbraborec/rev-meter/ios/Pods/Headers/Public/FBLazyVector -I/Users/karelbraborec/rev-meter/ios/Pods/Headers/Public/RCTRequired -I/Users/karelbraborec/rev-meter/ios/Pods/Headers/Public/RCTSwiftUIWrapper -I/Users/karelbraborec/rev-meter/ios/Pods/Headers/Public/RCTTypeSafety -I/Users/karelbraborec/rev-meter/ios/Pods/Headers/Public/React-Core -I/Users/karelbraborec/rev-meter/ios/Pods/Headers/Public/React-Core-prebuilt -I/Users/karelbraborec/rev-meter/ios/Pods/Headers/Public/React-CoreModules -I/Users/karelbraborec/rev-meter/ios/Pods/Headers/Public/React-Fabric -I/Users/karelbraborec/rev-meter/ios/Pods/Headers/Public/React-FabricComponents -I/Users/karelbraborec/rev-meter/ios/Pods/Headers/Public/React-FabricImage -I/Users/karelbraborec/rev-meter/ios/Pods/Headers/Public/React-ImageManager -I/Users/karelbraborec/rev-meter/ios/Pods/Headers/Public/React-Mapbuffer -I/Users/karelbraborec/rev-meter/ios/Pods/Headers/Public/React-NativeModulesApple -I/Users/karelbraborec/rev-meter/ios/Pods/Headers/Public/React-RCTAnimation -I/Users/karelbraborec/rev-meter/ios/Pods/Headers/Public/React-RCTBlob -I/Users/karelbraborec/rev-meter/ios/Pods/Headers/Public/React-RCTFBReactNativeSpec -I/Users/karelbraborec/rev-meter/ios/Pods/Headers/Public/React-RCTFabric -I/Users/karelbraborec/rev-meter/ios/Pods/Headers/Public/React-RCTImage -I/Users/karelbraborec/rev-meter/ios/Pods/Headers/Public/React-RCTRuntime -I/Users/karelbraborec/rev-meter/ios/Pods/Headers/Public/React-RCTText -I/Users/karelbraborec/rev-meter/ios/Pods/Headers/Public/React-RuntimeApple -I/Users/karelbraborec/rev-meter/ios/Pods/Headers/Public/React-RuntimeCore -I/Users/karelbraborec/rev-meter/ios/Pods/Headers/Public/React-RuntimeHermes -I/Users/karelbraborec/rev-meter/ios/Pods/Headers/Public/React-callinvoker -I/Users/karelbraborec/rev-meter/ios/Pods/Headers/Public/React-cxxreact -I/Users/karelbraborec/rev-meter/ios/Pods/Headers/Public/React-debug -I/Users/karelbraborec/rev-meter/ios/Pods/Headers/Public/React-defaultsnativemodule -I/Users/karelbraborec/rev-meter/ios/Pods/Headers/Public/React-domnativemodule -I/Users/karelbraborec/rev-meter/ios/Pods/Headers/Public/React-featureflags -I/Users/karelbraborec/rev-meter/ios/Pods/Headers/Public/React-featureflagsnativemodule -I/Users/karelbraborec/rev-meter/ios/Pods/Headers/Public/React-graphics -I/Users/karelbraborec/rev-meter/ios/Pods/Headers/Public/React-hermes -I/Users/karelbraborec/rev-meter/ios/Pods/Headers/Public/React-idlecallbacksnativemodule -I/Users/karelbraborec/rev-meter/ios/Pods/Headers/Public/React-intersectionobservernativemodule -I/Users/karelbraborec/rev-meter/ios/Pods/Headers/Public/React-jserrorhandler -I/Users/karelbraborec/rev-meter/ios/Pods/Headers/Public/React-jsi -I/Users/karelbraborec/rev-meter/ios/Pods/Headers/Public/React-jsiexecutor -I/Users/karelbraborec/rev-meter/ios/Pods/Headers/Public/React-jsinspector -I/Users/karelbraborec/rev-meter/ios/Pods/Headers/Public/React-jsinspectorcdp -I/Users/karelbraborec/rev-meter/ios/Pods/Headers/Public/React-jsinspectornetwork -I/Users/karelbraborec/rev-meter/ios/Pods/Headers/Public/React-jsinspectortracing -I/Users/karelbraborec/rev-meter/ios/Pods/Headers/Public/React-jsitooling -I/Users/karelbraborec/rev-meter/ios/Pods/Headers/Public/React-logger -I/Users/karelbraborec/rev-meter/ios/Pods/Headers/Public/React-microtasksnativemodule -I/Users/karelbraborec/rev-meter/ios/Pods/Headers/Public/React-mutationobservernativemodule -I/Users/karelbraborec/rev-meter/ios/Pods/Headers/Public/React-networking -I/Users/karelbraborec/rev-meter/ios/Pods/Headers/Public/React-oscompat -I/Users/karelbraborec/rev-meter/ios/Pods/Headers/Public/React-perflogger -I/Users/karelbraborec/rev-meter/ios/Pods/Headers/Public/React-performancecdpmetrics -I/Users/karelbraborec/rev-meter/ios/Pods/Headers/Public/React-performancetimeline -I/Users/karelbraborec/rev-meter/ios/Pods/Headers/Public/React-rendererconsistency -I/Users/karelbraborec/rev-meter/ios/Pods/Headers/Public/React-renderercss -I/Users/karelbraborec/rev-meter/ios/Pods/Headers/Public/React-rendererdebug -I/Users/karelbraborec/rev-meter/ios/Pods/Headers/Public/React-runtimeexecutor -I/Users/karelbraborec/rev-meter/ios/Pods/Headers/Public/React-runtimescheduler -I/Users/karelbraborec/rev-meter/ios/Pods/Headers/Public/React-timing -I/Users/karelbraborec/rev-meter/ios/Pods/Headers/Public/React-utils -I/Users/karelbraborec/rev-meter/ios/Pods/Headers/Public/React-viewtransitionnativemodule -I/Users/karelbraborec/rev-meter/ios/Pods/Headers/Public/React-webperformancenativemodule -I/Users/karelbraborec/rev-meter/ios/Pods/Headers/Public/ReactCodegen -I/Users/karelbraborec/rev-meter/ios/Pods/Headers/Public/ReactCommon -I/Users/karelbraborec/rev-meter/ios/Pods/Headers/Public/ReactNativeDependencies -I/Users/karelbraborec/rev-meter/ios/Pods/Headers/Public/Yoga -I/Users/karelbraborec/rev-meter/ios/Pods/Headers/Public/hermes-engine -I/Users/karelbraborec/rev-meter/ios/Pods/ExpoModulesCore/ExpoModulesCore.xcframework/ios-arm64_x86_64-simulator/ExpoModulesCore.framework/Headers -I/Users/karelbraborec/rev-meter/ios/Pods/ExpoModulesCore/ExpoModulesCore.xcframework/ios-arm64/ExpoModulesCore.framework/Headers -I/Users/karelbraborec/rev-meter/ios/Pods/ExpoModulesCore/ExpoModulesCore.xcframework/ios-arm64_x86_64-simulator/ExpoModulesCore.framework/Headers -I/Users/karelbraborec/rev-meter/ios/Pods/ExpoModulesCore/ExpoModulesCore.xcframework/ios-arm64/ExpoModulesCore.framework/Headers -I/Users/karelbraborec/Library/Developer/Xcode/DerivedData/revmeter-hbcnswmlqmbpnlazhhkncgeowiss/Build/Intermediates.noindex/Pods.build/Debug-iphonesimulator/ExpoKeepAwake.build/DerivedSources-normal/arm64 -I/Users/karelbraborec/Library/Developer/Xcode/DerivedData/revmeter-hbcnswmlqmbpnlazhhkncgeowiss/Build/Intermediates.noindex/Pods.build/Debug-iphonesimulator/ExpoKeepAwake.build/DerivedSources/arm64 -I/Users/karelbraborec/Library/Developer/Xcode/DerivedData/revmeter-hbcnswmlqmbpnlazhhkncgeowiss/Build/Intermediates.noindex/Pods.build/Debug-iphonesimulator/ExpoKeepAwake.build/DerivedSources -F/Users/karelbraborec/Library/Developer/Xcode/DerivedData/revmeter-hbcnswmlqmbpnlazhhkncgeowiss/Build/Products/Debug-iphonesimulator/ExpoKeepAwake -F/Users/karelbraborec/rev-meter/node_modules/expo-modules-jsi/apple/Products -F/Users/karelbraborec/rev-meter/ios/Pods/ExpoModulesCore -F/Users/karelbraborec/rev-meter/ios/Pods/React-Core-prebuilt -F/Users/karelbraborec/rev-meter/ios/Pods/ReactNativeDependencies/framework/packages/react-native -F/Users/karelbraborec/rev-meter/ios/Pods/hermes-engine/destroot/Library/Frameworks/universal -F/Users/karelbraborec/Library/Developer/Xcode/DerivedData/revmeter-hbcnswmlqmbpnlazhhkncgeowiss/Build/Products/Debug-iphonesimulator/XCFrameworkIntermediates/ExpoModulesCore -F/Users/karelbraborec/Library/Developer/Xcode/DerivedData/revmeter-hbcnswmlqmbpnlazhhkncgeowiss/Build/Products/Debug-iphonesimulator/XCFrameworkIntermediates/ExpoModulesJSI -F/Users/karelbraborec/Library/Developer/Xcode/DerivedData/revmeter-hbcnswmlqmbpnlazhhkncgeowiss/Build/Products/Debug-iphonesimulator/XCFrameworkIntermediates/React-Core-prebuilt -F/Users/karelbraborec/Library/Developer/Xcode/DerivedData/revmeter-hbcnswmlqmbpnlazhhkncgeowiss/Build/Products/Debug-iphonesimulator/XCFrameworkIntermediates/ReactNativeDependencies -F/Users/karelbraborec/Library/Developer/Xcode/DerivedData/revmeter-hbcnswmlqmbpnlazhhkncgeowiss/Build/Products/Debug-iphonesimulator/XCFrameworkIntermediates/hermes-engine/Pre-built '-DRCT_REMOVE_LEGACY_ARCH=1' '-fmodule-map-file=/Users/karelbraborec/rev-meter/ios/Pods/Headers/Public/ReactCodegen/ReactCodegen.modulemap'

WriteAuxiliaryFile /Users/karelbraborec/Library/Developer/Xcode/DerivedData/revmeter-hbcnswmlqmbpnlazhhkncgeowiss/Build/Intermediates.noindex/Pods.build/Debug-iphonesimulator/ExpoKeepAwake.build/Objects-normal/arm64/ExpoKeepAwake_const_extract_protocols.json (in target 'ExpoKeepAwake' from project 'Pods')
    cd /Users/karelbraborec/rev-meter/ios/Pods
    write-file /Users/karelbraborec/Library/Developer/Xcode/DerivedData/revmeter-hbcnswmlqmbpnlazhhkncgeowiss/Build/Intermediates.noindex/Pods.build/Debug-iphonesimulator/ExpoKeepAwake.build/Objects-normal/arm64/ExpoKeepAwake_const_extract_protocols.json

WriteAuxiliaryFile /Users/karelbraborec/Library/Developer/Xcode/DerivedData/revmeter-hbcnswmlqmbpnlazhhkncgeowiss/Build/Intermediates.noindex/Pods.build/Debug-iphonesimulator/ExpoKeepAwake.build/Objects-normal/arm64/ExpoKeepAwake.SwiftFileList (in target 'ExpoKeepAwake' from project 'Pods')
    cd /Users/karelbraborec/rev-meter/ios/Pods
    write-file /Users/karelbraborec/Library/Developer/Xcode/DerivedData/revmeter-hbcnswmlqmbpnlazhhkncgeowiss/Build/Intermediates.noindex/Pods.build/Debug-iphonesimulator/ExpoKeepAwake.build/Objects-normal/arm64/ExpoKeepAwake.SwiftFileList

WriteAuxiliaryFile /Users/karelbraborec/Library/Developer/Xcode/DerivedData/revmeter-hbcnswmlqmbpnlazhhkncgeowiss/Build/Intermediates.noindex/Pods.build/Debug-iphonesimulator/ExpoKeepAwake.build/Objects-normal/arm64/ExpoKeepAwake.SwiftConstValuesFileList (in target 'ExpoKeepAwake' from project 'Pods')
    cd /Users/karelbraborec/rev-meter/ios/Pods
    write-file /Users/karelbraborec/Library/Developer/Xcode/DerivedData/revmeter-hbcnswmlqmbpnlazhhkncgeowiss/Build/Intermediates.noindex/Pods.build/Debug-iphonesimulator/ExpoKeepAwake.build/Objects-normal/arm64/ExpoKeepAwake.SwiftConstValuesFileList

WriteAuxiliaryFile /Users/karelbraborec/Library/Developer/Xcode/DerivedData/revmeter-hbcnswmlqmbpnlazhhkncgeowiss/Build/Intermediates.noindex/Pods.build/Debug-iphonesimulator/ExpoKeepAwake.build/Objects-normal/arm64/ExpoKeepAwake.LinkFileList (in target 'ExpoKeepAwake' from project 'Pods')
    cd /Users/karelbraborec/rev-meter/ios/Pods
    write-file /Users/karelbraborec/Library/Developer/Xcode/DerivedData/revmeter-hbcnswmlqmbpnlazhhkncgeowiss/Build/Intermediates.noindex/Pods.build/Debug-iphonesimulator/ExpoKeepAwake.build/Objects-normal/arm64/ExpoKeepAwake.LinkFileList

WriteAuxiliaryFile /Users/karelbraborec/Library/Developer/Xcode/DerivedData/revmeter-hbcnswmlqmbpnlazhhkncgeowiss/Build/Intermediates.noindex/Pods.build/Debug-iphonesimulator/ExpoKeepAwake.build/Objects-normal/arm64/ExpoKeepAwake-OutputFileMap.json (in target 'ExpoKeepAwake' from project 'Pods')
    cd /Users/karelbraborec/rev-meter/ios/Pods
    write-file /Users/karelbraborec/Library/Developer/Xcode/DerivedData/revmeter-hbcnswmlqmbpnlazhhkncgeowiss/Build/Intermediates.noindex/Pods.build/Debug-iphonesimulator/ExpoKeepAwake.build/Objects-normal/arm64/ExpoKeepAwake-OutputFileMap.json

WriteAuxiliaryFile /Users/karelbraborec/Library/Developer/Xcode/DerivedData/revmeter-hbcnswmlqmbpnlazhhkncgeowiss/Build/Intermediates.noindex/Pods.build/Debug-iphonesimulator/ExpoKeepAwake.build/ExpoKeepAwake.hmap (in target 'ExpoKeepAwake' from project 'Pods')
    cd /Users/karelbraborec/rev-meter/ios/Pods
    write-file /Users/karelbraborec/Library/Developer/Xcode/DerivedData/revmeter-hbcnswmlqmbpnlazhhkncgeowiss/Build/Intermediates.noindex/Pods.build/Debug-iphonesimulator/ExpoKeepAwake.build/ExpoKeepAwake.hmap

WriteAuxiliaryFile /Users/karelbraborec/Library/Developer/Xcode/DerivedData/revmeter-hbcnswmlqmbpnlazhhkncgeowiss/Build/Intermediates.noindex/Pods.build/Debug-iphonesimulator/ExpoKeepAwake.build/ExpoKeepAwake.DependencyStaticMetadataFileList (in target 'ExpoKeepAwake' from project 'Pods')
    cd /Users/karelbraborec/rev-meter/ios/Pods
    write-file /Users/karelbraborec/Library/Developer/Xcode/DerivedData/revmeter-hbcnswmlqmbpnlazhhkncgeowiss/Build/Intermediates.noindex/Pods.build/Debug-iphonesimulator/ExpoKeepAwake.build/ExpoKeepAwake.DependencyStaticMetadataFileList

WriteAuxiliaryFile /Users/karelbraborec/Library/Developer/Xcode/DerivedData/revmeter-hbcnswmlqmbpnlazhhkncgeowiss/Build/Intermediates.noindex/Pods.build/Debug-iphonesimulator/ExpoKeepAwake.build/ExpoKeepAwake.DependencyMetadataFileList (in target 'ExpoKeepAwake' from project 'Pods')
    cd /Users/karelbraborec/rev-meter/ios/Pods
    write-file /Users/karelbraborec/Library/Developer/Xcode/DerivedData/revmeter-hbcnswmlqmbpnlazhhkncgeowiss/Build/Intermediates.noindex/Pods.build/Debug-iphonesimulator/ExpoKeepAwake.build/ExpoKeepAwake.DependencyMetadataFileList

WriteAuxiliaryFile /Users/karelbraborec/Library/Developer/Xcode/DerivedData/revmeter-hbcnswmlqmbpnlazhhkncgeowiss/Build/Intermediates.noindex/Pods.build/Debug-iphonesimulator/ExpoKeepAwake.build/ExpoKeepAwake-project-headers.hmap (in target 'ExpoKeepAwake' from project 'Pods')
    cd /Users/karelbraborec/rev-meter/ios/Pods
    write-file /Users/karelbraborec/Library/Developer/Xcode/DerivedData/revmeter-hbcnswmlqmbpnlazhhkncgeowiss/Build/Intermediates.noindex/Pods.build/Debug-iphonesimulator/ExpoKeepAwake.build/ExpoKeepAwake-project-headers.hmap

WriteAuxiliaryFile /Users/karelbraborec/Library/Developer/Xcode/DerivedData/revmeter-hbcnswmlqmbpnlazhhkncgeowiss/Build/Intermediates.noindex/Pods.build/Debug-iphonesimulator/ExpoKeepAwake.build/ExpoKeepAwake-own-target-headers.hmap (in target 'ExpoKeepAwake' from project 'Pods')
    cd /Users/karelbraborec/rev-meter/ios/Pods
    write-file /Users/karelbraborec/Library/Developer/Xcode/DerivedData/revmeter-hbcnswmlqmbpnlazhhkncgeowiss/Build/Intermediates.noindex/Pods.build/Debug-iphonesimulator/ExpoKeepAwake.build/ExpoKeepAwake-own-target-headers.hmap

WriteAuxiliaryFile /Users/karelbraborec/Library/Developer/Xcode/DerivedData/revmeter-hbcnswmlqmbpnlazhhkncgeowiss/Build/Intermediates.noindex/Pods.build/Debug-iphonesimulator/ExpoKeepAwake.build/ExpoKeepAwake-generated-files.hmap (in target 'ExpoKeepAwake' from project 'Pods')
    cd /Users/karelbraborec/rev-meter/ios/Pods
    write-file /Users/karelbraborec/Library/Developer/Xcode/DerivedData/revmeter-hbcnswmlqmbpnlazhhkncgeowiss/Build/Intermediates.noindex/Pods.build/Debug-iphonesimulator/ExpoKeepAwake.build/ExpoKeepAwake-generated-files.hmap

WriteAuxiliaryFile /Users/karelbraborec/Library/Developer/Xcode/DerivedData/revmeter-hbcnswmlqmbpnlazhhkncgeowiss/Build/Intermediates.noindex/Pods.build/Debug-iphonesimulator/ExpoKeepAwake.build/ExpoKeepAwake-all-target-headers.hmap (in target 'ExpoKeepAwake' from project 'Pods')
    cd /Users/karelbraborec/rev-meter/ios/Pods
    write-file /Users/karelbraborec/Library/Developer/Xcode/DerivedData/revmeter-hbcnswmlqmbpnlazhhkncgeowiss/Build/Intermediates.noindex/Pods.build/Debug-iphonesimulator/ExpoKeepAwake.build/ExpoKeepAwake-all-target-headers.hmap

WriteAuxiliaryFile /Users/karelbraborec/Library/Developer/Xcode/DerivedData/revmeter-hbcnswmlqmbpnlazhhkncgeowiss/Build/Intermediates.noindex/Pods.build/Debug-iphonesimulator/ExpoKeepAwake.build/ExpoKeepAwake-all-non-framework-target-headers.hmap (in target 'ExpoKeepAwake' from project 'Pods')
    cd /Users/karelbraborec/rev-meter/ios/Pods
    write-file /Users/karelbraborec/Library/Developer/Xcode/DerivedData/revmeter-hbcnswmlqmbpnlazhhkncgeowiss/Build/Intermediates.noindex/Pods.build/Debug-iphonesimulator/ExpoKeepAwake.build/ExpoKeepAwake-all-non-framework-target-headers.hmap

WriteAuxiliaryFile /Users/karelbraborec/Library/Developer/Xcode/DerivedData/revmeter-hbcnswmlqmbpnlazhhkncgeowiss/Build/Intermediates.noindex/Pods.build/Debug-iphonesimulator/ExpoGlassEffect.build/Script-46EB2E00017800.sh (in target 'ExpoGlassEffect' from project 'Pods')
    cd /Users/karelbraborec/rev-meter/ios/Pods
    write-file /Users/karelbraborec/Library/Developer/Xcode/DerivedData/revmeter-hbcnswmlqmbpnlazhhkncgeowiss/Build/Intermediates.noindex/Pods.build/Debug-iphonesimulator/ExpoGlassEffect.build/Script-46EB2E00017800.sh

WriteAuxiliaryFile /Users/karelbraborec/Library/Developer/Xcode/DerivedData/revmeter-hbcnswmlqmbpnlazhhkncgeowiss/Build/Intermediates.noindex/Pods.build/Debug-iphonesimulator/ExpoGlassEffect.build/Objects-normal/x86_64/ExpoGlassEffect_const_extract_protocols.json (in target 'ExpoGlassEffect' from project 'Pods')
    cd /Users/karelbraborec/rev-meter/ios/Pods
    write-file /Users/karelbraborec/Library/Developer/Xcode/DerivedData/revmeter-hbcnswmlqmbpnlazhhkncgeowiss/Build/Intermediates.noindex/Pods.build/Debug-iphonesimulator/ExpoGlassEffect.build/Objects-normal/x86_64/ExpoGlassEffect_const_extract_protocols.json

WriteAuxiliaryFile /Users/karelbraborec/Library/Developer/Xcode/DerivedData/revmeter-hbcnswmlqmbpnlazhhkncgeowiss/Build/Intermediates.noindex/Pods.build/Debug-iphonesimulator/ExpoGlassEffect.build/Objects-normal/x86_64/e6072d4f65d7061329687fe24e3d63a7-common-args.resp (in target 'ExpoGlassEffect' from project 'Pods')
    cd /Users/karelbraborec/rev-meter/ios/Pods
    write-file /Users/karelbraborec/Library/Developer/Xcode/DerivedData/revmeter-hbcnswmlqmbpnlazhhkncgeowiss/Build/Intermediates.noindex/Pods.build/Debug-iphonesimulator/ExpoGlassEffect.build/Objects-normal/x86_64/e6072d4f65d7061329687fe24e3d63a7-common-args.resp
'-std=gnu11' -fobjc-arc -fmodules '-fmodules-cache-path=/Users/karelbraborec/Library/Developer/Xcode/DerivedData/ModuleCache.noindex' -fpascal-strings -O0 -fno-common '-DPOD_CONFIGURATION_DEBUG=1' '-DDEBUG=1' '-DCOCOAPODS=1' '-DOBJC_OLD_DISPATCH_PROTOTYPES=0' -fasm-blocks -g '-fobjc-abi-version=2' -fobjc-legacy-dispatch -iquote /Users/karelbraborec/Library/Developer/Xcode/DerivedData/revmeter-hbcnswmlqmbpnlazhhkncgeowiss/Build/Intermediates.noindex/Pods.build/Debug-iphonesimulator/ExpoGlassEffect.build/ExpoGlassEffect-generated-files.hmap -I/Users/karelbraborec/Library/Developer/Xcode/DerivedData/revmeter-hbcnswmlqmbpnlazhhkncgeowiss/Build/Intermediates.noindex/Pods.build/Debug-iphonesimulator/ExpoGlassEffect.build/ExpoGlassEffect-own-target-headers.hmap -I/Users/karelbraborec/Library/Developer/Xcode/DerivedData/revmeter-hbcnswmlqmbpnlazhhkncgeowiss/Build/Intermediates.noindex/Pods.build/Debug-iphonesimulator/ExpoGlassEffect.build/ExpoGlassEffect-all-non-framework-target-headers.hmap -ivfsoverlay /Users/karelbraborec/Library/Developer/Xcode/DerivedData/revmeter-hbcnswmlqmbpnlazhhkncgeowiss/Build/Intermediates.noindex/Pods.build/Debug-iphonesimulator/Pods-8699adb1dd336b26511df848a716bd42-VFS-iphonesimulator/all-product-headers.yaml -iquote /Users/karelbraborec/Library/Developer/Xcode/DerivedData/revmeter-hbcnswmlqmbpnlazhhkncgeowiss/Build/Intermediates.noindex/Pods.build/Debug-iphonesimulator/ExpoGlassEffect.build/ExpoGlassEffect-project-headers.hmap -I/Users/karelbraborec/Library/Developer/Xcode/DerivedData/revmeter-hbcnswmlqmbpnlazhhkncgeowiss/Build/Products/Debug-iphonesimulator/ExpoGlassEffect/include -I/Users/karelbraborec/rev-meter/ios/Pods/Headers/Public -I/Users/karelbraborec/rev-meter/ios/Pods/Headers/Public/FBLazyVector -I/Users/karelbraborec/rev-meter/ios/Pods/Headers/Public/RCTRequired -I/Users/karelbraborec/rev-meter/ios/Pods/Headers/Public/RCTSwiftUIWrapper -I/Users/karelbraborec/rev-meter/ios/Pods/Headers/Public/RCTTypeSafety -I/Users/karelbraborec/rev-meter/ios/Pods/Headers/Public/React-Core -I/Users/karelbraborec/rev-meter/ios/Pods/Headers/Public/React-Core-prebuilt -I/Users/karelbraborec/rev-meter/ios/Pods/Headers/Public/React-CoreModules -I/Users/karelbraborec/rev-meter/ios/Pods/Headers/Public/React-Fabric -I/Users/karelbraborec/rev-meter/ios/Pods/Headers/Public/React-FabricComponents -I/Users/karelbraborec/rev-meter/ios/Pods/Headers/Public/React-FabricImage -I/Users/karelbraborec/rev-meter/ios/Pods/Headers/Public/React-ImageManager -I/Users/karelbraborec/rev-meter/ios/Pods/Headers/Public/React-Mapbuffer -I/Users/karelbraborec/rev-meter/ios/Pods/Headers/Public/React-NativeModulesApple -I/Users/karelbraborec/rev-meter/ios/Pods/Headers/Public/React-RCTAnimation -I/Users/karelbraborec/rev-meter/ios/Pods/Headers/Public/React-RCTBlob -I/Users/karelbraborec/rev-meter/ios/Pods/Headers/Public/React-RCTFBReactNativeSpec -I/Users/karelbraborec/rev-meter/ios/Pods/Headers/Public/React-RCTFabric -I/Users/karelbraborec/rev-meter/ios/Pods/Headers/Public/React-RCTImage -I/Users/karelbraborec/rev-meter/ios/Pods/Headers/Public/React-RCTRuntime -I/Users/karelbraborec/rev-meter/ios/Pods/Headers/Public/React-RCTText -I/Users/karelbraborec/rev-meter/ios/Pods/Headers/Public/React-RuntimeApple -I/Users/karelbraborec/rev-meter/ios/Pods/Headers/Public/React-RuntimeCore -I/Users/karelbraborec/rev-meter/ios/Pods/Headers/Public/React-RuntimeHermes -I/Users/karelbraborec/rev-meter/ios/Pods/Headers/Public/React-callinvoker -I/Users/karelbraborec/rev-meter/ios/Pods/Headers/Public/React-cxxreact -I/Users/karelbraborec/rev-meter/ios/Pods/Headers/Public/React-debug -I/Users/karelbraborec/rev-meter/ios/Pods/Headers/Public/React-defaultsnativemodule -I/Users/karelbraborec/rev-meter/ios/Pods/Headers/Public/React-domnativemodule -I/Users/karelbraborec/rev-meter/ios/Pods/Headers/Public/React-featureflags -I/Users/karelbraborec/rev-meter/ios/Pods/Headers/Public/React-featureflagsnativemodule -I/Users/karelbraborec/rev-meter/ios/Pods/Headers/Public/React-graphics -I/Users/karelbraborec/rev-meter/ios/Pods/Headers/Public/React-hermes -I/Users/karelbraborec/rev-meter/ios/Pods/Headers/Public/React-idlecallbacksnativemodule -I/Users/karelbraborec/rev-meter/ios/Pods/Headers/Public/React-intersectionobservernativemodule -I/Users/karelbraborec/rev-meter/ios/Pods/Headers/Public/React-jserrorhandler -I/Users/karelbraborec/rev-meter/ios/Pods/Headers/Public/React-jsi -I/Users/karelbraborec/rev-meter/ios/Pods/Headers/Public/React-jsiexecutor -I/Users/karelbraborec/rev-meter/ios/Pods/Headers/Public/React-jsinspector -I/Users/karelbraborec/rev-meter/ios/Pods/Headers/Public/React-jsinspectorcdp -I/Users/karelbraborec/rev-meter/ios/Pods/Headers/Public/React-jsinspectornetwork -I/Users/karelbraborec/rev-meter/ios/Pods/Headers/Public/React-jsinspectortracing -I/Users/karelbraborec/rev-meter/ios/Pods/Headers/Public/React-jsitooling -I/Users/karelbraborec/rev-meter/ios/Pods/Headers/Public/React-logger -I/Users/karelbraborec/rev-meter/ios/Pods/Headers/Public/React-microtasksnativemodule -I/Users/karelbraborec/rev-meter/ios/Pods/Headers/Public/React-mutationobservernativemodule -I/Users/karelbraborec/rev-meter/ios/Pods/Headers/Public/React-networking -I/Users/karelbraborec/rev-meter/ios/Pods/Headers/Public/React-oscompat -I/Users/karelbraborec/rev-meter/ios/Pods/Headers/Public/React-perflogger -I/Users/karelbraborec/rev-meter/ios/Pods/Headers/Public/React-performancecdpmetrics -I/Users/karelbraborec/rev-meter/ios/Pods/Headers/Public/React-performancetimeline -I/Users/karelbraborec/rev-meter/ios/Pods/Headers/Public/React-rendererconsistency -I/Users/karelbraborec/rev-meter/ios/Pods/Headers/Public/React-renderercss -I/Users/karelbraborec/rev-meter/ios/Pods/Headers/Public/React-rendererdebug -I/Users/karelbraborec/rev-meter/ios/Pods/Headers/Public/React-runtimeexecutor -I/Users/karelbraborec/rev-meter/ios/Pods/Headers/Public/React-runtimescheduler -I/Users/karelbraborec/rev-meter/ios/Pods/Headers/Public/React-timing -I/Users/karelbraborec/rev-meter/ios/Pods/Headers/Public/React-utils -I/Users/karelbraborec/rev-meter/ios/Pods/Headers/Public/React-viewtransitionnativemodule -I/Users/karelbraborec/rev-meter/ios/Pods/Headers/Public/React-webperformancenativemodule -I/Users/karelbraborec/rev-meter/ios/Pods/Headers/Public/ReactCodegen -I/Users/karelbraborec/rev-meter/ios/Pods/Headers/Public/ReactCommon -I/Users/karelbraborec/rev-meter/ios/Pods/Headers/Public/ReactNativeDependencies -I/Users/karelbraborec/rev-meter/ios/Pods/Headers/Public/Yoga -I/Users/karelbraborec/rev-meter/ios/Pods/Headers/Public/hermes-engine -I/Users/karelbraborec/rev-meter/ios/Pods/ExpoModulesCore/ExpoModulesCore.xcframework/ios-arm64_x86_64-simulator/ExpoModulesCore.framework/Headers -I/Users/karelbraborec/rev-meter/ios/Pods/ExpoModulesCore/ExpoModulesCore.xcframework/ios-arm64/ExpoModulesCore.framework/Headers -I/Users/karelbraborec/rev-meter/ios/Pods/ExpoModulesCore/ExpoModulesCore.xcframework/ios-arm64_x86_64-simulator/ExpoModulesCore.framework/Headers -I/Users/karelbraborec/rev-meter/ios/Pods/ExpoModulesCore/ExpoModulesCore.xcframework/ios-arm64/ExpoModulesCore.framework/Headers -I/Users/karelbraborec/Library/Developer/Xcode/DerivedData/revmeter-hbcnswmlqmbpnlazhhkncgeowiss/Build/Intermediates.noindex/Pods.build/Debug-iphonesimulator/ExpoGlassEffect.build/DerivedSources-normal/x86_64 -I/Users/karelbraborec/Library/Developer/Xcode/DerivedData/revmeter-hbcnswmlqmbpnlazhhkncgeowiss/Build/Intermediates.noindex/Pods.build/Debug-iphonesimulator/ExpoGlassEffect.build/DerivedSources/x86_64 -I/Users/karelbraborec/Library/Developer/Xcode/DerivedData/revmeter-hbcnswmlqmbpnlazhhkncgeowiss/Build/Intermediates.noindex/Pods.build/Debug-iphonesimulator/ExpoGlassEffect.build/DerivedSources -F/Users/karelbraborec/Library/Developer/Xcode/DerivedData/revmeter-hbcnswmlqmbpnlazhhkncgeowiss/Build/Products/Debug-iphonesimulator/ExpoGlassEffect -F/Users/karelbraborec/rev-meter/node_modules/expo-modules-jsi/apple/Products -F/Users/karelbraborec/rev-meter/ios/Pods/ExpoModulesCore -F/Users/karelbraborec/rev-meter/ios/Pods/React-Core-prebuilt -F/Users/karelbraborec/rev-meter/ios/Pods/ReactNativeDependencies/framework/packages/react-native -F/Users/karelbraborec/rev-meter/ios/Pods/hermes-engine/destroot/Library/Frameworks/universal -F/Users/karelbraborec/Library/Developer/Xcode/DerivedData/revmeter-hbcnswmlqmbpnlazhhkncgeowiss/Build/Products/Debug-iphonesimulator/XCFrameworkIntermediates/ExpoModulesCore -F/Users/karelbraborec/Library/Developer/Xcode/DerivedData/revmeter-hbcnswmlqmbpnlazhhkncgeowiss/Build/Products/Debug-iphonesimulator/XCFrameworkIntermediates/ExpoModulesJSI -F/Users/karelbraborec/Library/Developer/Xcode/DerivedData/revmeter-hbcnswmlqmbpnlazhhkncgeowiss/Build/Products/Debug-iphonesimulator/XCFrameworkIntermediates/React-Core-prebuilt -F/Users/karelbraborec/Library/Developer/Xcode/DerivedData/revmeter-hbcnswmlqmbpnlazhhkncgeowiss/Build/Products/Debug-iphonesimulator/XCFrameworkIntermediates/ReactNativeDependencies -F/Users/karelbraborec/Library/Developer/Xcode/DerivedData/revmeter-hbcnswmlqmbpnlazhhkncgeowiss/Build/Products/Debug-iphonesimulator/XCFrameworkIntermediates/hermes-engine/Pre-built '-DRCT_REMOVE_LEGACY_ARCH=1' '-fmodule-map-file=/Users/karelbraborec/rev-meter/ios/Pods/Headers/Public/ReactCodegen/ReactCodegen.modulemap'

WriteAuxiliaryFile /Users/karelbraborec/Library/Developer/Xcode/DerivedData/revmeter-hbcnswmlqmbpnlazhhkncgeowiss/Build/Intermediates.noindex/Pods.build/Debug-iphonesimulator/ExpoGlassEffect.build/Objects-normal/x86_64/ExpoGlassEffect.SwiftFileList (in target 'ExpoGlassEffect' from project 'Pods')
    cd /Users/karelbraborec/rev-meter/ios/Pods
    write-file /Users/karelbraborec/Library/Developer/Xcode/DerivedData/revmeter-hbcnswmlqmbpnlazhhkncgeowiss/Build/Intermediates.noindex/Pods.build/Debug-iphonesimulator/ExpoGlassEffect.build/Objects-normal/x86_64/ExpoGlassEffect.SwiftFileList

WriteAuxiliaryFile /Users/karelbraborec/Library/Developer/Xcode/DerivedData/revmeter-hbcnswmlqmbpnlazhhkncgeowiss/Build/Intermediates.noindex/Pods.build/Debug-iphonesimulator/ExpoGlassEffect.build/Objects-normal/x86_64/ExpoGlassEffect.SwiftConstValuesFileList (in target 'ExpoGlassEffect' from project 'Pods')
    cd /Users/karelbraborec/rev-meter/ios/Pods
    write-file /Users/karelbraborec/Library/Developer/Xcode/DerivedData/revmeter-hbcnswmlqmbpnlazhhkncgeowiss/Build/Intermediates.noindex/Pods.build/Debug-iphonesimulator/ExpoGlassEffect.build/Objects-normal/x86_64/ExpoGlassEffect.SwiftConstValuesFileList

WriteAuxiliaryFile /Users/karelbraborec/Library/Developer/Xcode/DerivedData/revmeter-hbcnswmlqmbpnlazhhkncgeowiss/Build/Intermediates.noindex/Pods.build/Debug-iphonesimulator/ExpoGlassEffect.build/Objects-normal/x86_64/ExpoGlassEffect.LinkFileList (in target 'ExpoGlassEffect' from project 'Pods')
    cd /Users/karelbraborec/rev-meter/ios/Pods
    write-file /Users/karelbraborec/Library/Developer/Xcode/DerivedData/revmeter-hbcnswmlqmbpnlazhhkncgeowiss/Build/Intermediates.noindex/Pods.build/Debug-iphonesimulator/ExpoGlassEffect.build/Objects-normal/x86_64/ExpoGlassEffect.LinkFileList

WriteAuxiliaryFile /Users/karelbraborec/Library/Developer/Xcode/DerivedData/revmeter-hbcnswmlqmbpnlazhhkncgeowiss/Build/Intermediates.noindex/Pods.build/Debug-iphonesimulator/ExpoGlassEffect.build/Objects-normal/x86_64/ExpoGlassEffect-OutputFileMap.json (in target 'ExpoGlassEffect' from project 'Pods')
    cd /Users/karelbraborec/rev-meter/ios/Pods
    write-file /Users/karelbraborec/Library/Developer/Xcode/DerivedData/revmeter-hbcnswmlqmbpnlazhhkncgeowiss/Build/Intermediates.noindex/Pods.build/Debug-iphonesimulator/ExpoGlassEffect.build/Objects-normal/x86_64/ExpoGlassEffect-OutputFileMap.json

WriteAuxiliaryFile /Users/karelbraborec/Library/Developer/Xcode/DerivedData/revmeter-hbcnswmlqmbpnlazhhkncgeowiss/Build/Intermediates.noindex/Pods.build/Debug-iphonesimulator/ExpoGlassEffect.build/Objects-normal/arm64/e6072d4f65d7061329687fe24e3d63a7-common-args.resp (in target 'ExpoGlassEffect' from project 'Pods')
    cd /Users/karelbraborec/rev-meter/ios/Pods
    write-file /Users/karelbraborec/Library/Developer/Xcode/DerivedData/revmeter-hbcnswmlqmbpnlazhhkncgeowiss/Build/Intermediates.noindex/Pods.build/Debug-iphonesimulator/ExpoGlassEffect.build/Objects-normal/arm64/e6072d4f65d7061329687fe24e3d63a7-common-args.resp
'-std=gnu11' -fobjc-arc -fmodules '-fmodules-cache-path=/Users/karelbraborec/Library/Developer/Xcode/DerivedData/ModuleCache.noindex' -fpascal-strings -O0 -fno-common '-DPOD_CONFIGURATION_DEBUG=1' '-DDEBUG=1' '-DCOCOAPODS=1' '-DOBJC_OLD_DISPATCH_PROTOTYPES=0' -g '-fobjc-abi-version=2' -fobjc-legacy-dispatch -iquote /Users/karelbraborec/Library/Developer/Xcode/DerivedData/revmeter-hbcnswmlqmbpnlazhhkncgeowiss/Build/Intermediates.noindex/Pods.build/Debug-iphonesimulator/ExpoGlassEffect.build/ExpoGlassEffect-generated-files.hmap -I/Users/karelbraborec/Library/Developer/Xcode/DerivedData/revmeter-hbcnswmlqmbpnlazhhkncgeowiss/Build/Intermediates.noindex/Pods.build/Debug-iphonesimulator/ExpoGlassEffect.build/ExpoGlassEffect-own-target-headers.hmap -I/Users/karelbraborec/Library/Developer/Xcode/DerivedData/revmeter-hbcnswmlqmbpnlazhhkncgeowiss/Build/Intermediates.noindex/Pods.build/Debug-iphonesimulator/ExpoGlassEffect.build/ExpoGlassEffect-all-non-framework-target-headers.hmap -ivfsoverlay /Users/karelbraborec/Library/Developer/Xcode/DerivedData/revmeter-hbcnswmlqmbpnlazhhkncgeowiss/Build/Intermediates.noindex/Pods.build/Debug-iphonesimulator/Pods-8699adb1dd336b26511df848a716bd42-VFS-iphonesimulator/all-product-headers.yaml -iquote /Users/karelbraborec/Library/Developer/Xcode/DerivedData/revmeter-hbcnswmlqmbpnlazhhkncgeowiss/Build/Intermediates.noindex/Pods.build/Debug-iphonesimulator/ExpoGlassEffect.build/ExpoGlassEffect-project-headers.hmap -I/Users/karelbraborec/Library/Developer/Xcode/DerivedData/revmeter-hbcnswmlqmbpnlazhhkncgeowiss/Build/Products/Debug-iphonesimulator/ExpoGlassEffect/include -I/Users/karelbraborec/rev-meter/ios/Pods/Headers/Public -I/Users/karelbraborec/rev-meter/ios/Pods/Headers/Public/FBLazyVector -I/Users/karelbraborec/rev-meter/ios/Pods/Headers/Public/RCTRequired -I/Users/karelbraborec/rev-meter/ios/Pods/Headers/Public/RCTSwiftUIWrapper -I/Users/karelbraborec/rev-meter/ios/Pods/Headers/Public/RCTTypeSafety -I/Users/karelbraborec/rev-meter/ios/Pods/Headers/Public/React-Core -I/Users/karelbraborec/rev-meter/ios/Pods/Headers/Public/React-Core-prebuilt -I/Users/karelbraborec/rev-meter/ios/Pods/Headers/Public/React-CoreModules -I/Users/karelbraborec/rev-meter/ios/Pods/Headers/Public/React-Fabric -I/Users/karelbraborec/rev-meter/ios/Pods/Headers/Public/React-FabricComponents -I/Users/karelbraborec/rev-meter/ios/Pods/Headers/Public/React-FabricImage -I/Users/karelbraborec/rev-meter/ios/Pods/Headers/Public/React-ImageManager -I/Users/karelbraborec/rev-meter/ios/Pods/Headers/Public/React-Mapbuffer -I/Users/karelbraborec/rev-meter/ios/Pods/Headers/Public/React-NativeModulesApple -I/Users/karelbraborec/rev-meter/ios/Pods/Headers/Public/React-RCTAnimation -I/Users/karelbraborec/rev-meter/ios/Pods/Headers/Public/React-RCTBlob -I/Users/karelbraborec/rev-meter/ios/Pods/Headers/Public/React-RCTFBReactNativeSpec -I/Users/karelbraborec/rev-meter/ios/Pods/Headers/Public/React-RCTFabric -I/Users/karelbraborec/rev-meter/ios/Pods/Headers/Public/React-RCTImage -I/Users/karelbraborec/rev-meter/ios/Pods/Headers/Public/React-RCTRuntime -I/Users/karelbraborec/rev-meter/ios/Pods/Headers/Public/React-RCTText -I/Users/karelbraborec/rev-meter/ios/Pods/Headers/Public/React-RuntimeApple -I/Users/karelbraborec/rev-meter/ios/Pods/Headers/Public/React-RuntimeCore -I/Users/karelbraborec/rev-meter/ios/Pods/Headers/Public/React-RuntimeHermes -I/Users/karelbraborec/rev-meter/ios/Pods/Headers/Public/React-callinvoker -I/Users/karelbraborec/rev-meter/ios/Pods/Headers/Public/React-cxxreact -I/Users/karelbraborec/rev-meter/ios/Pods/Headers/Public/React-debug -I/Users/karelbraborec/rev-meter/ios/Pods/Headers/Public/React-defaultsnativemodule -I/Users/karelbraborec/rev-meter/ios/Pods/Headers/Public/React-domnativemodule -I/Users/karelbraborec/rev-meter/ios/Pods/Headers/Public/React-featureflags -I/Users/karelbraborec/rev-meter/ios/Pods/Headers/Public/React-featureflagsnativemodule -I/Users/karelbraborec/rev-meter/ios/Pods/Headers/Public/React-graphics -I/Users/karelbraborec/rev-meter/ios/Pods/Headers/Public/React-hermes -I/Users/karelbraborec/rev-meter/ios/Pods/Headers/Public/React-idlecallbacksnativemodule -I/Users/karelbraborec/rev-meter/ios/Pods/Headers/Public/React-intersectionobservernativemodule -I/Users/karelbraborec/rev-meter/ios/Pods/Headers/Public/React-jserrorhandler -I/Users/karelbraborec/rev-meter/ios/Pods/Headers/Public/React-jsi -I/Users/karelbraborec/rev-meter/ios/Pods/Headers/Public/React-jsiexecutor -I/Users/karelbraborec/rev-meter/ios/Pods/Headers/Public/React-jsinspector -I/Users/karelbraborec/rev-meter/ios/Pods/Headers/Public/React-jsinspectorcdp -I/Users/karelbraborec/rev-meter/ios/Pods/Headers/Public/React-jsinspectornetwork -I/Users/karelbraborec/rev-meter/ios/Pods/Headers/Public/React-jsinspectortracing -I/Users/karelbraborec/rev-meter/ios/Pods/Headers/Public/React-jsitooling -I/Users/karelbraborec/rev-meter/ios/Pods/Headers/Public/React-logger -I/Users/karelbraborec/rev-meter/ios/Pods/Headers/Public/React-microtasksnativemodule -I/Users/karelbraborec/rev-meter/ios/Pods/Headers/Public/React-mutationobservernativemodule -I/Users/karelbraborec/rev-meter/ios/Pods/Headers/Public/React-networking -I/Users/karelbraborec/rev-meter/ios/Pods/Headers/Public/React-oscompat -I/Users/karelbraborec/rev-meter/ios/Pods/Headers/Public/React-perflogger -I/Users/karelbraborec/rev-meter/ios/Pods/Headers/Public/React-performancecdpmetrics -I/Users/karelbraborec/rev-meter/ios/Pods/Headers/Public/React-performancetimeline -I/Users/karelbraborec/rev-meter/ios/Pods/Headers/Public/React-rendererconsistency -I/Users/karelbraborec/rev-meter/ios/Pods/Headers/Public/React-renderercss -I/Users/karelbraborec/rev-meter/ios/Pods/Headers/Public/React-rendererdebug -I/Users/karelbraborec/rev-meter/ios/Pods/Headers/Public/React-runtimeexecutor -I/Users/karelbraborec/rev-meter/ios/Pods/Headers/Public/React-runtimescheduler -I/Users/karelbraborec/rev-meter/ios/Pods/Headers/Public/React-timing -I/Users/karelbraborec/rev-meter/ios/Pods/Headers/Public/React-utils -I/Users/karelbraborec/rev-meter/ios/Pods/Headers/Public/React-viewtransitionnativemodule -I/Users/karelbraborec/rev-meter/ios/Pods/Headers/Public/React-webperformancenativemodule -I/Users/karelbraborec/rev-meter/ios/Pods/Headers/Public/ReactCodegen -I/Users/karelbraborec/rev-meter/ios/Pods/Headers/Public/ReactCommon -I/Users/karelbraborec/rev-meter/ios/Pods/Headers/Public/ReactNativeDependencies -I/Users/karelbraborec/rev-meter/ios/Pods/Headers/Public/Yoga -I/Users/karelbraborec/rev-meter/ios/Pods/Headers/Public/hermes-engine -I/Users/karelbraborec/rev-meter/ios/Pods/ExpoModulesCore/ExpoModulesCore.xcframework/ios-arm64_x86_64-simulator/ExpoModulesCore.framework/Headers -I/Users/karelbraborec/rev-meter/ios/Pods/ExpoModulesCore/ExpoModulesCore.xcframework/ios-arm64/ExpoModulesCore.framework/Headers -I/Users/karelbraborec/rev-meter/ios/Pods/ExpoModulesCore/ExpoModulesCore.xcframework/ios-arm64_x86_64-simulator/ExpoModulesCore.framework/Headers -I/Users/karelbraborec/rev-meter/ios/Pods/ExpoModulesCore/ExpoModulesCore.xcframework/ios-arm64/ExpoModulesCore.framework/Headers -I/Users/karelbraborec/Library/Developer/Xcode/DerivedData/revmeter-hbcnswmlqmbpnlazhhkncgeowiss/Build/Intermediates.noindex/Pods.build/Debug-iphonesimulator/ExpoGlassEffect.build/DerivedSources-normal/arm64 -I/Users/karelbraborec/Library/Developer/Xcode/DerivedData/revmeter-hbcnswmlqmbpnlazhhkncgeowiss/Build/Intermediates.noindex/Pods.build/Debug-iphonesimulator/ExpoGlassEffect.build/DerivedSources/arm64 -I/Users/karelbraborec/Library/Developer/Xcode/DerivedData/revmeter-hbcnswmlqmbpnlazhhkncgeowiss/Build/Intermediates.noindex/Pods.build/Debug-iphonesimulator/ExpoGlassEffect.build/DerivedSources -F/Users/karelbraborec/Library/Developer/Xcode/DerivedData/revmeter-hbcnswmlqmbpnlazhhkncgeowiss/Build/Products/Debug-iphonesimulator/ExpoGlassEffect -F/Users/karelbraborec/rev-meter/node_modules/expo-modules-jsi/apple/Products -F/Users/karelbraborec/rev-meter/ios/Pods/ExpoModulesCore -F/Users/karelbraborec/rev-meter/ios/Pods/React-Core-prebuilt -F/Users/karelbraborec/rev-meter/ios/Pods/ReactNativeDependencies/framework/packages/react-native -F/Users/karelbraborec/rev-meter/ios/Pods/hermes-engine/destroot/Library/Frameworks/universal -F/Users/karelbraborec/Library/Developer/Xcode/DerivedData/revmeter-hbcnswmlqmbpnlazhhkncgeowiss/Build/Products/Debug-iphonesimulator/XCFrameworkIntermediates/ExpoModulesCore -F/Users/karelbraborec/Library/Developer/Xcode/DerivedData/revmeter-hbcnswmlqmbpnlazhhkncgeowiss/Build/Products/Debug-iphonesimulator/XCFrameworkIntermediates/ExpoModulesJSI -F/Users/karelbraborec/Library/Developer/Xcode/DerivedData/revmeter-hbcnswmlqmbpnlazhhkncgeowiss/Build/Products/Debug-iphonesimulator/XCFrameworkIntermediates/React-Core-prebuilt -F/Users/karelbraborec/Library/Developer/Xcode/DerivedData/revmeter-hbcnswmlqmbpnlazhhkncgeowiss/Build/Products/Debug-iphonesimulator/XCFrameworkIntermediates/ReactNativeDependencies -F/Users/karelbraborec/Library/Developer/Xcode/DerivedData/revmeter-hbcnswmlqmbpnlazhhkncgeowiss/Build/Products/Debug-iphonesimulator/XCFrameworkIntermediates/hermes-engine/Pre-built '-DRCT_REMOVE_LEGACY_ARCH=1' '-fmodule-map-file=/Users/karelbraborec/rev-meter/ios/Pods/Headers/Public/ReactCodegen/ReactCodegen.modulemap'

WriteAuxiliaryFile /Users/karelbraborec/Library/Developer/Xcode/DerivedData/revmeter-hbcnswmlqmbpnlazhhkncgeowiss/Build/Intermediates.noindex/Pods.build/Debug-iphonesimulator/ExpoGlassEffect.build/Objects-normal/arm64/ExpoGlassEffect_const_extract_protocols.json (in target 'ExpoGlassEffect' from project 'Pods')
    cd /Users/karelbraborec/rev-meter/ios/Pods
    write-file /Users/karelbraborec/Library/Developer/Xcode/DerivedData/revmeter-hbcnswmlqmbpnlazhhkncgeowiss/Build/Intermediates.noindex/Pods.build/Debug-iphonesimulator/ExpoGlassEffect.build/Objects-normal/arm64/ExpoGlassEffect_const_extract_protocols.json

WriteAuxiliaryFile /Users/karelbraborec/Library/Developer/Xcode/DerivedData/revmeter-hbcnswmlqmbpnlazhhkncgeowiss/Build/Intermediates.noindex/Pods.build/Debug-iphonesimulator/ExpoGlassEffect.build/Objects-normal/arm64/ExpoGlassEffect.SwiftFileList (in target 'ExpoGlassEffect' from project 'Pods')
    cd /Users/karelbraborec/rev-meter/ios/Pods
    write-file /Users/karelbraborec/Library/Developer/Xcode/DerivedData/revmeter-hbcnswmlqmbpnlazhhkncgeowiss/Build/Intermediates.noindex/Pods.build/Debug-iphonesimulator/ExpoGlassEffect.build/Objects-normal/arm64/ExpoGlassEffect.SwiftFileList

WriteAuxiliaryFile /Users/karelbraborec/Library/Developer/Xcode/DerivedData/revmeter-hbcnswmlqmbpnlazhhkncgeowiss/Build/Intermediates.noindex/Pods.build/Debug-iphonesimulator/ExpoGlassEffect.build/Objects-normal/arm64/ExpoGlassEffect.SwiftConstValuesFileList (in target 'ExpoGlassEffect' from project 'Pods')
    cd /Users/karelbraborec/rev-meter/ios/Pods
    write-file /Users/karelbraborec/Library/Developer/Xcode/DerivedData/revmeter-hbcnswmlqmbpnlazhhkncgeowiss/Build/Intermediates.noindex/Pods.build/Debug-iphonesimulator/ExpoGlassEffect.build/Objects-normal/arm64/ExpoGlassEffect.SwiftConstValuesFileList

WriteAuxiliaryFile /Users/karelbraborec/Library/Developer/Xcode/DerivedData/revmeter-hbcnswmlqmbpnlazhhkncgeowiss/Build/Intermediates.noindex/Pods.build/Debug-iphonesimulator/ExpoGlassEffect.build/Objects-normal/arm64/ExpoGlassEffect.LinkFileList (in target 'ExpoGlassEffect' from project 'Pods')
    cd /Users/karelbraborec/rev-meter/ios/Pods
    write-file /Users/karelbraborec/Library/Developer/Xcode/DerivedData/revmeter-hbcnswmlqmbpnlazhhkncgeowiss/Build/Intermediates.noindex/Pods.build/Debug-iphonesimulator/ExpoGlassEffect.build/Objects-normal/arm64/ExpoGlassEffect.LinkFileList

WriteAuxiliaryFile /Users/karelbraborec/Library/Developer/Xcode/DerivedData/revmeter-hbcnswmlqmbpnlazhhkncgeowiss/Build/Intermediates.noindex/Pods.build/Debug-iphonesimulator/ExpoGlassEffect.build/Objects-normal/arm64/ExpoGlassEffect-OutputFileMap.json (in target 'ExpoGlassEffect' from project 'Pods')
    cd /Users/karelbraborec/rev-meter/ios/Pods
    write-file /Users/karelbraborec/Library/Developer/Xcode/DerivedData/revmeter-hbcnswmlqmbpnlazhhkncgeowiss/Build/Intermediates.noindex/Pods.build/Debug-iphonesimulator/ExpoGlassEffect.build/Objects-normal/arm64/ExpoGlassEffect-OutputFileMap.json

WriteAuxiliaryFile /Users/karelbraborec/Library/Developer/Xcode/DerivedData/revmeter-hbcnswmlqmbpnlazhhkncgeowiss/Build/Intermediates.noindex/Pods.build/Debug-iphonesimulator/ExpoGlassEffect.build/ExpoGlassEffect.hmap (in target 'ExpoGlassEffect' from project 'Pods')
    cd /Users/karelbraborec/rev-meter/ios/Pods
    write-file /Users/karelbraborec/Library/Developer/Xcode/DerivedData/revmeter-hbcnswmlqmbpnlazhhkncgeowiss/Build/Intermediates.noindex/Pods.build/Debug-iphonesimulator/ExpoGlassEffect.build/ExpoGlassEffect.hmap

WriteAuxiliaryFile /Users/karelbraborec/Library/Developer/Xcode/DerivedData/revmeter-hbcnswmlqmbpnlazhhkncgeowiss/Build/Intermediates.noindex/Pods.build/Debug-iphonesimulator/ExpoGlassEffect.build/ExpoGlassEffect.DependencyStaticMetadataFileList (in target 'ExpoGlassEffect' from project 'Pods')
    cd /Users/karelbraborec/rev-meter/ios/Pods
    write-file /Users/karelbraborec/Library/Developer/Xcode/DerivedData/revmeter-hbcnswmlqmbpnlazhhkncgeowiss/Build/Intermediates.noindex/Pods.build/Debug-iphonesimulator/ExpoGlassEffect.build/ExpoGlassEffect.DependencyStaticMetadataFileList

WriteAuxiliaryFile /Users/karelbraborec/Library/Developer/Xcode/DerivedData/revmeter-hbcnswmlqmbpnlazhhkncgeowiss/Build/Intermediates.noindex/Pods.build/Debug-iphonesimulator/ExpoGlassEffect.build/ExpoGlassEffect.DependencyMetadataFileList (in target 'ExpoGlassEffect' from project 'Pods')
    cd /Users/karelbraborec/rev-meter/ios/Pods
    write-file /Users/karelbraborec/Library/Developer/Xcode/DerivedData/revmeter-hbcnswmlqmbpnlazhhkncgeowiss/Build/Intermediates.noindex/Pods.build/Debug-iphonesimulator/ExpoGlassEffect.build/ExpoGlassEffect.DependencyMetadataFileList

WriteAuxiliaryFile /Users/karelbraborec/Library/Developer/Xcode/DerivedData/revmeter-hbcnswmlqmbpnlazhhkncgeowiss/Build/Intermediates.noindex/Pods.build/Debug-iphonesimulator/ExpoGlassEffect.build/ExpoGlassEffect-project-headers.hmap (in target 'ExpoGlassEffect' from project 'Pods')
    cd /Users/karelbraborec/rev-meter/ios/Pods
    write-file /Users/karelbraborec/Library/Developer/Xcode/DerivedData/revmeter-hbcnswmlqmbpnlazhhkncgeowiss/Build/Intermediates.noindex/Pods.build/Debug-iphonesimulator/ExpoGlassEffect.build/ExpoGlassEffect-project-headers.hmap

WriteAuxiliaryFile /Users/karelbraborec/Library/Developer/Xcode/DerivedData/revmeter-hbcnswmlqmbpnlazhhkncgeowiss/Build/Intermediates.noindex/Pods.build/Debug-iphonesimulator/ExpoGlassEffect.build/ExpoGlassEffect-own-target-headers.hmap (in target 'ExpoGlassEffect' from project 'Pods')
    cd /Users/karelbraborec/rev-meter/ios/Pods
    write-file /Users/karelbraborec/Library/Developer/Xcode/DerivedData/revmeter-hbcnswmlqmbpnlazhhkncgeowiss/Build/Intermediates.noindex/Pods.build/Debug-iphonesimulator/ExpoGlassEffect.build/ExpoGlassEffect-own-target-headers.hmap

WriteAuxiliaryFile /Users/karelbraborec/Library/Developer/Xcode/DerivedData/revmeter-hbcnswmlqmbpnlazhhkncgeowiss/Build/Intermediates.noindex/Pods.build/Debug-iphonesimulator/ExpoGlassEffect.build/ExpoGlassEffect-generated-files.hmap (in target 'ExpoGlassEffect' from project 'Pods')
    cd /Users/karelbraborec/rev-meter/ios/Pods
    write-file /Users/karelbraborec/Library/Developer/Xcode/DerivedData/revmeter-hbcnswmlqmbpnlazhhkncgeowiss/Build/Intermediates.noindex/Pods.build/Debug-iphonesimulator/ExpoGlassEffect.build/ExpoGlassEffect-generated-files.hmap

WriteAuxiliaryFile /Users/karelbraborec/Library/Developer/Xcode/DerivedData/revmeter-hbcnswmlqmbpnlazhhkncgeowiss/Build/Intermediates.noindex/Pods.build/Debug-iphonesimulator/ExpoGlassEffect.build/ExpoGlassEffect-all-target-headers.hmap (in target 'ExpoGlassEffect' from project 'Pods')
    cd /Users/karelbraborec/rev-meter/ios/Pods
    write-file /Users/karelbraborec/Library/Developer/Xcode/DerivedData/revmeter-hbcnswmlqmbpnlazhhkncgeowiss/Build/Intermediates.noindex/Pods.build/Debug-iphonesimulator/ExpoGlassEffect.build/ExpoGlassEffect-all-target-headers.hmap

WriteAuxiliaryFile /Users/karelbraborec/Library/Developer/Xcode/DerivedData/revmeter-hbcnswmlqmbpnlazhhkncgeowiss/Build/Intermediates.noindex/Pods.build/Debug-iphonesimulator/ExpoGlassEffect.build/ExpoGlassEffect-all-non-framework-target-headers.hmap (in target 'ExpoGlassEffect' from project 'Pods')
    cd /Users/karelbraborec/rev-meter/ios/Pods
    write-file /Users/karelbraborec/Library/Developer/Xcode/DerivedData/revmeter-hbcnswmlqmbpnlazhhkncgeowiss/Build/Intermediates.noindex/Pods.build/Debug-iphonesimulator/ExpoGlassEffect.build/ExpoGlassEffect-all-non-framework-target-headers.hmap

WriteAuxiliaryFile /Users/karelbraborec/Library/Developer/Xcode/DerivedData/revmeter-hbcnswmlqmbpnlazhhkncgeowiss/Build/Intermediates.noindex/Pods.build/Debug-iphonesimulator/ExpoFileSystem-ExpoFileSystem_privacy.build/ExpoFileSystem_privacy.hmap (in target 'ExpoFileSystem-ExpoFileSystem_privacy' from project 'Pods')
    cd /Users/karelbraborec/rev-meter/ios/Pods
    write-file /Users/karelbraborec/Library/Developer/Xcode/DerivedData/revmeter-hbcnswmlqmbpnlazhhkncgeowiss/Build/Intermediates.noindex/Pods.build/Debug-iphonesimulator/ExpoFileSystem-ExpoFileSystem_privacy.build/ExpoFileSystem_privacy.hmap

WriteAuxiliaryFile /Users/karelbraborec/Library/Developer/Xcode/DerivedData/revmeter-hbcnswmlqmbpnlazhhkncgeowiss/Build/Intermediates.noindex/Pods.build/Debug-iphonesimulator/ExpoFileSystem-ExpoFileSystem_privacy.build/ExpoFileSystem_privacy.DependencyStaticMetadataFileList (in target 'ExpoFileSystem-ExpoFileSystem_privacy' from project 'Pods')
    cd /Users/karelbraborec/rev-meter/ios/Pods
    write-file /Users/karelbraborec/Library/Developer/Xcode/DerivedData/revmeter-hbcnswmlqmbpnlazhhkncgeowiss/Build/Intermediates.noindex/Pods.build/Debug-iphonesimulator/ExpoFileSystem-ExpoFileSystem_privacy.build/ExpoFileSystem_privacy.DependencyStaticMetadataFileList

WriteAuxiliaryFile /Users/karelbraborec/Library/Developer/Xcode/DerivedData/revmeter-hbcnswmlqmbpnlazhhkncgeowiss/Build/Intermediates.noindex/Pods.build/Debug-iphonesimulator/ExpoFileSystem-ExpoFileSystem_privacy.build/ExpoFileSystem_privacy.DependencyMetadataFileList (in target 'ExpoFileSystem-ExpoFileSystem_privacy' from project 'Pods')
    cd /Users/karelbraborec/rev-meter/ios/Pods
    write-file /Users/karelbraborec/Library/Developer/Xcode/DerivedData/revmeter-hbcnswmlqmbpnlazhhkncgeowiss/Build/Intermediates.noindex/Pods.build/Debug-iphonesimulator/ExpoFileSystem-ExpoFileSystem_privacy.build/ExpoFileSystem_privacy.DependencyMetadataFileList

WriteAuxiliaryFile /Users/karelbraborec/Library/Developer/Xcode/DerivedData/revmeter-hbcnswmlqmbpnlazhhkncgeowiss/Build/Intermediates.noindex/Pods.build/Debug-iphonesimulator/ExpoFileSystem-ExpoFileSystem_privacy.build/ExpoFileSystem_privacy-project-headers.hmap (in target 'ExpoFileSystem-ExpoFileSystem_privacy' from project 'Pods')
    cd /Users/karelbraborec/rev-meter/ios/Pods
    write-file /Users/karelbraborec/Library/Developer/Xcode/DerivedData/revmeter-hbcnswmlqmbpnlazhhkncgeowiss/Build/Intermediates.noindex/Pods.build/Debug-iphonesimulator/ExpoFileSystem-ExpoFileSystem_privacy.build/ExpoFileSystem_privacy-project-headers.hmap

WriteAuxiliaryFile /Users/karelbraborec/Library/Developer/Xcode/DerivedData/revmeter-hbcnswmlqmbpnlazhhkncgeowiss/Build/Intermediates.noindex/Pods.build/Debug-iphonesimulator/ExpoFileSystem-ExpoFileSystem_privacy.build/ExpoFileSystem_privacy-own-target-headers.hmap (in target 'ExpoFileSystem-ExpoFileSystem_privacy' from project 'Pods')
    cd /Users/karelbraborec/rev-meter/ios/Pods
    write-file /Users/karelbraborec/Library/Developer/Xcode/DerivedData/revmeter-hbcnswmlqmbpnlazhhkncgeowiss/Build/Intermediates.noindex/Pods.build/Debug-iphonesimulator/ExpoFileSystem-ExpoFileSystem_privacy.build/ExpoFileSystem_privacy-own-target-headers.hmap

WriteAuxiliaryFile /Users/karelbraborec/Library/Developer/Xcode/DerivedData/revmeter-hbcnswmlqmbpnlazhhkncgeowiss/Build/Intermediates.noindex/Pods.build/Debug-iphonesimulator/ExpoFileSystem-ExpoFileSystem_privacy.build/ExpoFileSystem_privacy-generated-files.hmap (in target 'ExpoFileSystem-ExpoFileSystem_privacy' from project 'Pods')
    cd /Users/karelbraborec/rev-meter/ios/Pods
    write-file /Users/karelbraborec/Library/Developer/Xcode/DerivedData/revmeter-hbcnswmlqmbpnlazhhkncgeowiss/Build/Intermediates.noindex/Pods.build/Debug-iphonesimulator/ExpoFileSystem-ExpoFileSystem_privacy.build/ExpoFileSystem_privacy-generated-files.hmap

WriteAuxiliaryFile /Users/karelbraborec/Library/Developer/Xcode/DerivedData/revmeter-hbcnswmlqmbpnlazhhkncgeowiss/Build/Intermediates.noindex/Pods.build/Debug-iphonesimulator/ExpoFileSystem-ExpoFileSystem_privacy.build/ExpoFileSystem_privacy-all-target-headers.hmap (in target 'ExpoFileSystem-ExpoFileSystem_privacy' from project 'Pods')
    cd /Users/karelbraborec/rev-meter/ios/Pods
    write-file /Users/karelbraborec/Library/Developer/Xcode/DerivedData/revmeter-hbcnswmlqmbpnlazhhkncgeowiss/Build/Intermediates.noindex/Pods.build/Debug-iphonesimulator/ExpoFileSystem-ExpoFileSystem_privacy.build/ExpoFileSystem_privacy-all-target-headers.hmap

WriteAuxiliaryFile /Users/karelbraborec/Library/Developer/Xcode/DerivedData/revmeter-hbcnswmlqmbpnlazhhkncgeowiss/Build/Intermediates.noindex/Pods.build/Debug-iphonesimulator/ExpoFileSystem-ExpoFileSystem_privacy.build/ExpoFileSystem_privacy-all-non-framework-target-headers.hmap (in target 'ExpoFileSystem-ExpoFileSystem_privacy' from project 'Pods')
    cd /Users/karelbraborec/rev-meter/ios/Pods
    write-file /Users/karelbraborec/Library/Developer/Xcode/DerivedData/revmeter-hbcnswmlqmbpnlazhhkncgeowiss/Build/Intermediates.noindex/Pods.build/Debug-iphonesimulator/ExpoFileSystem-ExpoFileSystem_privacy.build/ExpoFileSystem_privacy-all-non-framework-target-headers.hmap

WriteAuxiliaryFile /Users/karelbraborec/Library/Developer/Xcode/DerivedData/revmeter-hbcnswmlqmbpnlazhhkncgeowiss/Build/Intermediates.noindex/Pods.build/Debug-iphonesimulator/ExpoDomWebView.build/Script-46EB2E00017510.sh (in target 'ExpoDomWebView' from project 'Pods')
    cd /Users/karelbraborec/rev-meter/ios/Pods
    write-file /Users/karelbraborec/Library/Developer/Xcode/DerivedData/revmeter-hbcnswmlqmbpnlazhhkncgeowiss/Build/Intermediates.noindex/Pods.build/Debug-iphonesimulator/ExpoDomWebView.build/Script-46EB2E00017510.sh

WriteAuxiliaryFile /Users/karelbraborec/Library/Developer/Xcode/DerivedData/revmeter-hbcnswmlqmbpnlazhhkncgeowiss/Build/Intermediates.noindex/Pods.build/Debug-iphonesimulator/ExpoDomWebView.build/Objects-normal/x86_64/e6072d4f65d7061329687fe24e3d63a7-common-args.resp (in target 'ExpoDomWebView' from project 'Pods')
    cd /Users/karelbraborec/rev-meter/ios/Pods
    write-file /Users/karelbraborec/Library/Developer/Xcode/DerivedData/revmeter-hbcnswmlqmbpnlazhhkncgeowiss/Build/Intermediates.noindex/Pods.build/Debug-iphonesimulator/ExpoDomWebView.build/Objects-normal/x86_64/e6072d4f65d7061329687fe24e3d63a7-common-args.resp
'-std=gnu11' -fobjc-arc -fmodules '-fmodules-cache-path=/Users/karelbraborec/Library/Developer/Xcode/DerivedData/ModuleCache.noindex' '-fmodule-name=ExpoDomWebView' -fpascal-strings -O0 -fno-common '-DPOD_CONFIGURATION_DEBUG=1' '-DDEBUG=1' '-DCOCOAPODS=1' '-DOBJC_OLD_DISPATCH_PROTOTYPES=0' -fasm-blocks -g '-fobjc-abi-version=2' -fobjc-legacy-dispatch -iquote /Users/karelbraborec/Library/Developer/Xcode/DerivedData/revmeter-hbcnswmlqmbpnlazhhkncgeowiss/Build/Intermediates.noindex/Pods.build/Debug-iphonesimulator/ExpoDomWebView.build/ExpoDomWebView-generated-files.hmap -I/Users/karelbraborec/Library/Developer/Xcode/DerivedData/revmeter-hbcnswmlqmbpnlazhhkncgeowiss/Build/Intermediates.noindex/Pods.build/Debug-iphonesimulator/ExpoDomWebView.build/ExpoDomWebView-own-target-headers.hmap -I/Users/karelbraborec/Library/Developer/Xcode/DerivedData/revmeter-hbcnswmlqmbpnlazhhkncgeowiss/Build/Intermediates.noindex/Pods.build/Debug-iphonesimulator/ExpoDomWebView.build/ExpoDomWebView-all-non-framework-target-headers.hmap -ivfsoverlay /Users/karelbraborec/Library/Developer/Xcode/DerivedData/revmeter-hbcnswmlqmbpnlazhhkncgeowiss/Build/Intermediates.noindex/Pods.build/Debug-iphonesimulator/Pods-8699adb1dd336b26511df848a716bd42-VFS-iphonesimulator/all-product-headers.yaml -iquote /Users/karelbraborec/Library/Developer/Xcode/DerivedData/revmeter-hbcnswmlqmbpnlazhhkncgeowiss/Build/Intermediates.noindex/Pods.build/Debug-iphonesimulator/ExpoDomWebView.build/ExpoDomWebView-project-headers.hmap -I/Users/karelbraborec/Library/Developer/Xcode/DerivedData/revmeter-hbcnswmlqmbpnlazhhkncgeowiss/Build/Products/Debug-iphonesimulator/ExpoDomWebView/include -I/Users/karelbraborec/rev-meter/ios/Pods/Headers/Public -I/Users/karelbraborec/rev-meter/ios/Pods/Headers/Public/FBLazyVector -I/Users/karelbraborec/rev-meter/ios/Pods/Headers/Public/RCTRequired -I/Users/karelbraborec/rev-meter/ios/Pods/Headers/Public/RCTSwiftUIWrapper -I/Users/karelbraborec/rev-meter/ios/Pods/Headers/Public/RCTTypeSafety -I/Users/karelbraborec/rev-meter/ios/Pods/Headers/Public/React-Core -I/Users/karelbraborec/rev-meter/ios/Pods/Headers/Public/React-Core-prebuilt -I/Users/karelbraborec/rev-meter/ios/Pods/Headers/Public/React-CoreModules -I/Users/karelbraborec/rev-meter/ios/Pods/Headers/Public/React-Fabric -I/Users/karelbraborec/rev-meter/ios/Pods/Headers/Public/React-FabricComponents -I/Users/karelbraborec/rev-meter/ios/Pods/Headers/Public/React-FabricImage -I/Users/karelbraborec/rev-meter/ios/Pods/Headers/Public/React-ImageManager -I/Users/karelbraborec/rev-meter/ios/Pods/Headers/Public/React-Mapbuffer -I/Users/karelbraborec/rev-meter/ios/Pods/Headers/Public/React-NativeModulesApple -I/Users/karelbraborec/rev-meter/ios/Pods/Headers/Public/React-RCTAnimation -I/Users/karelbraborec/rev-meter/ios/Pods/Headers/Public/React-RCTBlob -I/Users/karelbraborec/rev-meter/ios/Pods/Headers/Public/React-RCTFBReactNativeSpec -I/Users/karelbraborec/rev-meter/ios/Pods/Headers/Public/React-RCTFabric -I/Users/karelbraborec/rev-meter/ios/Pods/Headers/Public/React-RCTImage -I/Users/karelbraborec/rev-meter/ios/Pods/Headers/Public/React-RCTRuntime -I/Users/karelbraborec/rev-meter/ios/Pods/Headers/Public/React-RCTText -I/Users/karelbraborec/rev-meter/ios/Pods/Headers/Public/React-RuntimeApple -I/Users/karelbraborec/rev-meter/ios/Pods/Headers/Public/React-RuntimeCore -I/Users/karelbraborec/rev-meter/ios/Pods/Headers/Public/React-RuntimeHermes -I/Users/karelbraborec/rev-meter/ios/Pods/Headers/Public/React-callinvoker -I/Users/karelbraborec/rev-meter/ios/Pods/Headers/Public/React-cxxreact -I/Users/karelbraborec/rev-meter/ios/Pods/Headers/Public/React-debug -I/Users/karelbraborec/rev-meter/ios/Pods/Headers/Public/React-defaultsnativemodule -I/Users/karelbraborec/rev-meter/ios/Pods/Headers/Public/React-domnativemodule -I/Users/karelbraborec/rev-meter/ios/Pods/Headers/Public/React-featureflags -I/Users/karelbraborec/rev-meter/ios/Pods/Headers/Public/React-featureflagsnativemodule -I/Users/karelbraborec/rev-meter/ios/Pods/Headers/Public/React-graphics -I/Users/karelbraborec/rev-meter/ios/Pods/Headers/Public/React-hermes -I/Users/karelbraborec/rev-meter/ios/Pods/Headers/Public/React-idlecallbacksnativemodule -I/Users/karelbraborec/rev-meter/ios/Pods/Headers/Public/React-intersectionobservernativemodule -I/Users/karelbraborec/rev-meter/ios/Pods/Headers/Public/React-jserrorhandler -I/Users/karelbraborec/rev-meter/ios/Pods/Headers/Public/React-jsi -I/Users/karelbraborec/rev-meter/ios/Pods/Headers/Public/React-jsiexecutor -I/Users/karelbraborec/rev-meter/ios/Pods/Headers/Public/React-jsinspector -I/Users/karelbraborec/rev-meter/ios/Pods/Headers/Public/React-jsinspectorcdp -I/Users/karelbraborec/rev-meter/ios/Pods/Headers/Public/React-jsinspectornetwork -I/Users/karelbraborec/rev-meter/ios/Pods/Headers/Public/React-jsinspectortracing -I/Users/karelbraborec/rev-meter/ios/Pods/Headers/Public/React-jsitooling -I/Users/karelbraborec/rev-meter/ios/Pods/Headers/Public/React-logger -I/Users/karelbraborec/rev-meter/ios/Pods/Headers/Public/React-microtasksnativemodule -I/Users/karelbraborec/rev-meter/ios/Pods/Headers/Public/React-mutationobservernativemodule -I/Users/karelbraborec/rev-meter/ios/Pods/Headers/Public/React-networking -I/Users/karelbraborec/rev-meter/ios/Pods/Headers/Public/React-oscompat -I/Users/karelbraborec/rev-meter/ios/Pods/Headers/Public/React-perflogger -I/Users/karelbraborec/rev-meter/ios/Pods/Headers/Public/React-performancecdpmetrics -I/Users/karelbraborec/rev-meter/ios/Pods/Headers/Public/React-performancetimeline -I/Users/karelbraborec/rev-meter/ios/Pods/Headers/Public/React-rendererconsistency -I/Users/karelbraborec/rev-meter/ios/Pods/Headers/Public/React-renderercss -I/Users/karelbraborec/rev-meter/ios/Pods/Headers/Public/React-rendererdebug -I/Users/karelbraborec/rev-meter/ios/Pods/Headers/Public/React-runtimeexecutor -I/Users/karelbraborec/rev-meter/ios/Pods/Headers/Public/React-runtimescheduler -I/Users/karelbraborec/rev-meter/ios/Pods/Headers/Public/React-timing -I/Users/karelbraborec/rev-meter/ios/Pods/Headers/Public/React-utils -I/Users/karelbraborec/rev-meter/ios/Pods/Headers/Public/React-viewtransitionnativemodule -I/Users/karelbraborec/rev-meter/ios/Pods/Headers/Public/React-webperformancenativemodule -I/Users/karelbraborec/rev-meter/ios/Pods/Headers/Public/ReactCodegen -I/Users/karelbraborec/rev-meter/ios/Pods/Headers/Public/ReactCommon -I/Users/karelbraborec/rev-meter/ios/Pods/Headers/Public/ReactNativeDependencies -I/Users/karelbraborec/rev-meter/ios/Pods/Headers/Public/Yoga -I/Users/karelbraborec/rev-meter/ios/Pods/Headers/Public/hermes-engine -I/Users/karelbraborec/rev-meter/ios/Pods/ExpoModulesCore/ExpoModulesCore.xcframework/ios-arm64_x86_64-simulator/ExpoModulesCore.framework/Headers -I/Users/karelbraborec/rev-meter/ios/Pods/ExpoModulesCore/ExpoModulesCore.xcframework/ios-arm64/ExpoModulesCore.framework/Headers -I/Users/karelbraborec/rev-meter/ios/Pods/ExpoModulesCore/ExpoModulesCore.xcframework/ios-arm64_x86_64-simulator/ExpoModulesCore.framework/Headers -I/Users/karelbraborec/rev-meter/ios/Pods/ExpoModulesCore/ExpoModulesCore.xcframework/ios-arm64/ExpoModulesCore.framework/Headers -I/Users/karelbraborec/Library/Developer/Xcode/DerivedData/revmeter-hbcnswmlqmbpnlazhhkncgeowiss/Build/Intermediates.noindex/Pods.build/Debug-iphonesimulator/ExpoDomWebView.build/DerivedSources-normal/x86_64 -I/Users/karelbraborec/Library/Developer/Xcode/DerivedData/revmeter-hbcnswmlqmbpnlazhhkncgeowiss/Build/Intermediates.noindex/Pods.build/Debug-iphonesimulator/ExpoDomWebView.build/DerivedSources/x86_64 -I/Users/karelbraborec/Library/Developer/Xcode/DerivedData/revmeter-hbcnswmlqmbpnlazhhkncgeowiss/Build/Intermediates.noindex/Pods.build/Debug-iphonesimulator/ExpoDomWebView.build/DerivedSources -F/Users/karelbraborec/Library/Developer/Xcode/DerivedData/revmeter-hbcnswmlqmbpnlazhhkncgeowiss/Build/Products/Debug-iphonesimulator/ExpoDomWebView -F/Users/karelbraborec/rev-meter/node_modules/expo-modules-jsi/apple/Products -F/Users/karelbraborec/rev-meter/ios/Pods/ExpoModulesCore -F/Users/karelbraborec/rev-meter/ios/Pods/React-Core-prebuilt -F/Users/karelbraborec/rev-meter/ios/Pods/ReactNativeDependencies/framework/packages/react-native -F/Users/karelbraborec/rev-meter/ios/Pods/hermes-engine/destroot/Library/Frameworks/universal -F/Users/karelbraborec/Library/Developer/Xcode/DerivedData/revmeter-hbcnswmlqmbpnlazhhkncgeowiss/Build/Products/Debug-iphonesimulator/XCFrameworkIntermediates/ExpoModulesCore -F/Users/karelbraborec/Library/Developer/Xcode/DerivedData/revmeter-hbcnswmlqmbpnlazhhkncgeowiss/Build/Products/Debug-iphonesimulator/XCFrameworkIntermediates/ExpoModulesJSI -F/Users/karelbraborec/Library/Developer/Xcode/DerivedData/revmeter-hbcnswmlqmbpnlazhhkncgeowiss/Build/Products/Debug-iphonesimulator/XCFrameworkIntermediates/React-Core-prebuilt -F/Users/karelbraborec/Library/Developer/Xcode/DerivedData/revmeter-hbcnswmlqmbpnlazhhkncgeowiss/Build/Products/Debug-iphonesimulator/XCFrameworkIntermediates/ReactNativeDependencies -F/Users/karelbraborec/Library/Developer/Xcode/DerivedData/revmeter-hbcnswmlqmbpnlazhhkncgeowiss/Build/Products/Debug-iphonesimulator/XCFrameworkIntermediates/hermes-engine/Pre-built '-DRCT_REMOVE_LEGACY_ARCH=1' '-fmodule-map-file=/Users/karelbraborec/rev-meter/ios/Pods/Headers/Public/ReactCodegen/ReactCodegen.modulemap'

WriteAuxiliaryFile /Users/karelbraborec/Library/Developer/Xcode/DerivedData/revmeter-hbcnswmlqmbpnlazhhkncgeowiss/Build/Intermediates.noindex/Pods.build/Debug-iphonesimulator/ExpoDomWebView.build/Objects-normal/x86_64/ExpoDomWebView_const_extract_protocols.json (in target 'ExpoDomWebView' from project 'Pods')
    cd /Users/karelbraborec/rev-meter/ios/Pods
    write-file /Users/karelbraborec/Library/Developer/Xcode/DerivedData/revmeter-hbcnswmlqmbpnlazhhkncgeowiss/Build/Intermediates.noindex/Pods.build/Debug-iphonesimulator/ExpoDomWebView.build/Objects-normal/x86_64/ExpoDomWebView_const_extract_protocols.json

WriteAuxiliaryFile /Users/karelbraborec/Library/Developer/Xcode/DerivedData/revmeter-hbcnswmlqmbpnlazhhkncgeowiss/Build/Intermediates.noindex/Pods.build/Debug-iphonesimulator/ExpoDomWebView.build/Objects-normal/x86_64/ExpoDomWebView.SwiftFileList (in target 'ExpoDomWebView' from project 'Pods')
    cd /Users/karelbraborec/rev-meter/ios/Pods
    write-file /Users/karelbraborec/Library/Developer/Xcode/DerivedData/revmeter-hbcnswmlqmbpnlazhhkncgeowiss/Build/Intermediates.noindex/Pods.build/Debug-iphonesimulator/ExpoDomWebView.build/Objects-normal/x86_64/ExpoDomWebView.SwiftFileList

WriteAuxiliaryFile /Users/karelbraborec/Library/Developer/Xcode/DerivedData/revmeter-hbcnswmlqmbpnlazhhkncgeowiss/Build/Intermediates.noindex/Pods.build/Debug-iphonesimulator/ExpoDomWebView.build/Objects-normal/x86_64/ExpoDomWebView.SwiftConstValuesFileList (in target 'ExpoDomWebView' from project 'Pods')
    cd /Users/karelbraborec/rev-meter/ios/Pods
    write-file /Users/karelbraborec/Library/Developer/Xcode/DerivedData/revmeter-hbcnswmlqmbpnlazhhkncgeowiss/Build/Intermediates.noindex/Pods.build/Debug-iphonesimulator/ExpoDomWebView.build/Objects-normal/x86_64/ExpoDomWebView.SwiftConstValuesFileList

WriteAuxiliaryFile /Users/karelbraborec/Library/Developer/Xcode/DerivedData/revmeter-hbcnswmlqmbpnlazhhkncgeowiss/Build/Intermediates.noindex/Pods.build/Debug-iphonesimulator/ExpoDomWebView.build/Objects-normal/x86_64/ExpoDomWebView.LinkFileList (in target 'ExpoDomWebView' from project 'Pods')
    cd /Users/karelbraborec/rev-meter/ios/Pods
    write-file /Users/karelbraborec/Library/Developer/Xcode/DerivedData/revmeter-hbcnswmlqmbpnlazhhkncgeowiss/Build/Intermediates.noindex/Pods.build/Debug-iphonesimulator/ExpoDomWebView.build/Objects-normal/x86_64/ExpoDomWebView.LinkFileList

WriteAuxiliaryFile /Users/karelbraborec/Library/Developer/Xcode/DerivedData/revmeter-hbcnswmlqmbpnlazhhkncgeowiss/Build/Intermediates.noindex/Pods.build/Debug-iphonesimulator/ExpoDomWebView.build/Objects-normal/x86_64/ExpoDomWebView-OutputFileMap.json (in target 'ExpoDomWebView' from project 'Pods')
    cd /Users/karelbraborec/rev-meter/ios/Pods
    write-file /Users/karelbraborec/Library/Developer/Xcode/DerivedData/revmeter-hbcnswmlqmbpnlazhhkncgeowiss/Build/Intermediates.noindex/Pods.build/Debug-iphonesimulator/ExpoDomWebView.build/Objects-normal/x86_64/ExpoDomWebView-OutputFileMap.json

WriteAuxiliaryFile /Users/karelbraborec/Library/Developer/Xcode/DerivedData/revmeter-hbcnswmlqmbpnlazhhkncgeowiss/Build/Intermediates.noindex/Pods.build/Debug-iphonesimulator/ExpoDomWebView.build/Objects-normal/arm64/e6072d4f65d7061329687fe24e3d63a7-common-args.resp (in target 'ExpoDomWebView' from project 'Pods')
    cd /Users/karelbraborec/rev-meter/ios/Pods
    write-file /Users/karelbraborec/Library/Developer/Xcode/DerivedData/revmeter-hbcnswmlqmbpnlazhhkncgeowiss/Build/Intermediates.noindex/Pods.build/Debug-iphonesimulator/ExpoDomWebView.build/Objects-normal/arm64/e6072d4f65d7061329687fe24e3d63a7-common-args.resp
'-std=gnu11' -fobjc-arc -fmodules '-fmodules-cache-path=/Users/karelbraborec/Library/Developer/Xcode/DerivedData/ModuleCache.noindex' '-fmodule-name=ExpoDomWebView' -fpascal-strings -O0 -fno-common '-DPOD_CONFIGURATION_DEBUG=1' '-DDEBUG=1' '-DCOCOAPODS=1' '-DOBJC_OLD_DISPATCH_PROTOTYPES=0' -g '-fobjc-abi-version=2' -fobjc-legacy-dispatch -iquote /Users/karelbraborec/Library/Developer/Xcode/DerivedData/revmeter-hbcnswmlqmbpnlazhhkncgeowiss/Build/Intermediates.noindex/Pods.build/Debug-iphonesimulator/ExpoDomWebView.build/ExpoDomWebView-generated-files.hmap -I/Users/karelbraborec/Library/Developer/Xcode/DerivedData/revmeter-hbcnswmlqmbpnlazhhkncgeowiss/Build/Intermediates.noindex/Pods.build/Debug-iphonesimulator/ExpoDomWebView.build/ExpoDomWebView-own-target-headers.hmap -I/Users/karelbraborec/Library/Developer/Xcode/DerivedData/revmeter-hbcnswmlqmbpnlazhhkncgeowiss/Build/Intermediates.noindex/Pods.build/Debug-iphonesimulator/ExpoDomWebView.build/ExpoDomWebView-all-non-framework-target-headers.hmap -ivfsoverlay /Users/karelbraborec/Library/Developer/Xcode/DerivedData/revmeter-hbcnswmlqmbpnlazhhkncgeowiss/Build/Intermediates.noindex/Pods.build/Debug-iphonesimulator/Pods-8699adb1dd336b26511df848a716bd42-VFS-iphonesimulator/all-product-headers.yaml -iquote /Users/karelbraborec/Library/Developer/Xcode/DerivedData/revmeter-hbcnswmlqmbpnlazhhkncgeowiss/Build/Intermediates.noindex/Pods.build/Debug-iphonesimulator/ExpoDomWebView.build/ExpoDomWebView-project-headers.hmap -I/Users/karelbraborec/Library/Developer/Xcode/DerivedData/revmeter-hbcnswmlqmbpnlazhhkncgeowiss/Build/Products/Debug-iphonesimulator/ExpoDomWebView/include -I/Users/karelbraborec/rev-meter/ios/Pods/Headers/Public -I/Users/karelbraborec/rev-meter/ios/Pods/Headers/Public/FBLazyVector -I/Users/karelbraborec/rev-meter/ios/Pods/Headers/Public/RCTRequired -I/Users/karelbraborec/rev-meter/ios/Pods/Headers/Public/RCTSwiftUIWrapper -I/Users/karelbraborec/rev-meter/ios/Pods/Headers/Public/RCTTypeSafety -I/Users/karelbraborec/rev-meter/ios/Pods/Headers/Public/React-Core -I/Users/karelbraborec/rev-meter/ios/Pods/Headers/Public/React-Core-prebuilt -I/Users/karelbraborec/rev-meter/ios/Pods/Headers/Public/React-CoreModules -I/Users/karelbraborec/rev-meter/ios/Pods/Headers/Public/React-Fabric -I/Users/karelbraborec/rev-meter/ios/Pods/Headers/Public/React-FabricComponents -I/Users/karelbraborec/rev-meter/ios/Pods/Headers/Public/React-FabricImage -I/Users/karelbraborec/rev-meter/ios/Pods/Headers/Public/React-ImageManager -I/Users/karelbraborec/rev-meter/ios/Pods/Headers/Public/React-Mapbuffer -I/Users/karelbraborec/rev-meter/ios/Pods/Headers/Public/React-NativeModulesApple -I/Users/karelbraborec/rev-meter/ios/Pods/Headers/Public/React-RCTAnimation -I/Users/karelbraborec/rev-meter/ios/Pods/Headers/Public/React-RCTBlob -I/Users/karelbraborec/rev-meter/ios/Pods/Headers/Public/React-RCTFBReactNativeSpec -I/Users/karelbraborec/rev-meter/ios/Pods/Headers/Public/React-RCTFabric -I/Users/karelbraborec/rev-meter/ios/Pods/Headers/Public/React-RCTImage -I/Users/karelbraborec/rev-meter/ios/Pods/Headers/Public/React-RCTRuntime -I/Users/karelbraborec/rev-meter/ios/Pods/Headers/Public/React-RCTText -I/Users/karelbraborec/rev-meter/ios/Pods/Headers/Public/React-RuntimeApple -I/Users/karelbraborec/rev-meter/ios/Pods/Headers/Public/React-RuntimeCore -I/Users/karelbraborec/rev-meter/ios/Pods/Headers/Public/React-RuntimeHermes -I/Users/karelbraborec/rev-meter/ios/Pods/Headers/Public/React-callinvoker -I/Users/karelbraborec/rev-meter/ios/Pods/Headers/Public/React-cxxreact -I/Users/karelbraborec/rev-meter/ios/Pods/Headers/Public/React-debug -I/Users/karelbraborec/rev-meter/ios/Pods/Headers/Public/React-defaultsnativemodule -I/Users/karelbraborec/rev-meter/ios/Pods/Headers/Public/React-domnativemodule -I/Users/karelbraborec/rev-meter/ios/Pods/Headers/Public/React-featureflags -I/Users/karelbraborec/rev-meter/ios/Pods/Headers/Public/React-featureflagsnativemodule -I/Users/karelbraborec/rev-meter/ios/Pods/Headers/Public/React-graphics -I/Users/karelbraborec/rev-meter/ios/Pods/Headers/Public/React-hermes -I/Users/karelbraborec/rev-meter/ios/Pods/Headers/Public/React-idlecallbacksnativemodule -I/Users/karelbraborec/rev-meter/ios/Pods/Headers/Public/React-intersectionobservernativemodule -I/Users/karelbraborec/rev-meter/ios/Pods/Headers/Public/React-jserrorhandler -I/Users/karelbraborec/rev-meter/ios/Pods/Headers/Public/React-jsi -I/Users/karelbraborec/rev-meter/ios/Pods/Headers/Public/React-jsiexecutor -I/Users/karelbraborec/rev-meter/ios/Pods/Headers/Public/React-jsinspector -I/Users/karelbraborec/rev-meter/ios/Pods/Headers/Public/React-jsinspectorcdp -I/Users/karelbraborec/rev-meter/ios/Pods/Headers/Public/React-jsinspectornetwork -I/Users/karelbraborec/rev-meter/ios/Pods/Headers/Public/React-jsinspectortracing -I/Users/karelbraborec/rev-meter/ios/Pods/Headers/Public/React-jsitooling -I/Users/karelbraborec/rev-meter/ios/Pods/Headers/Public/React-logger -I/Users/karelbraborec/rev-meter/ios/Pods/Headers/Public/React-microtasksnativemodule -I/Users/karelbraborec/rev-meter/ios/Pods/Headers/Public/React-mutationobservernativemodule -I/Users/karelbraborec/rev-meter/ios/Pods/Headers/Public/React-networking -I/Users/karelbraborec/rev-meter/ios/Pods/Headers/Public/React-oscompat -I/Users/karelbraborec/rev-meter/ios/Pods/Headers/Public/React-perflogger -I/Users/karelbraborec/rev-meter/ios/Pods/Headers/Public/React-performancecdpmetrics -I/Users/karelbraborec/rev-meter/ios/Pods/Headers/Public/React-performancetimeline -I/Users/karelbraborec/rev-meter/ios/Pods/Headers/Public/React-rendererconsistency -I/Users/karelbraborec/rev-meter/ios/Pods/Headers/Public/React-renderercss -I/Users/karelbraborec/rev-meter/ios/Pods/Headers/Public/React-rendererdebug -I/Users/karelbraborec/rev-meter/ios/Pods/Headers/Public/React-runtimeexecutor -I/Users/karelbraborec/rev-meter/ios/Pods/Headers/Public/React-runtimescheduler -I/Users/karelbraborec/rev-meter/ios/Pods/Headers/Public/React-timing -I/Users/karelbraborec/rev-meter/ios/Pods/Headers/Public/React-utils -I/Users/karelbraborec/rev-meter/ios/Pods/Headers/Public/React-viewtransitionnativemodule -I/Users/karelbraborec/rev-meter/ios/Pods/Headers/Public/React-webperformancenativemodule -I/Users/karelbraborec/rev-meter/ios/Pods/Headers/Public/ReactCodegen -I/Users/karelbraborec/rev-meter/ios/Pods/Headers/Public/ReactCommon -I/Users/karelbraborec/rev-meter/ios/Pods/Headers/Public/ReactNativeDependencies -I/Users/karelbraborec/rev-meter/ios/Pods/Headers/Public/Yoga -I/Users/karelbraborec/rev-meter/ios/Pods/Headers/Public/hermes-engine -I/Users/karelbraborec/rev-meter/ios/Pods/ExpoModulesCore/ExpoModulesCore.xcframework/ios-arm64_x86_64-simulator/ExpoModulesCore.framework/Headers -I/Users/karelbraborec/rev-meter/ios/Pods/ExpoModulesCore/ExpoModulesCore.xcframework/ios-arm64/ExpoModulesCore.framework/Headers -I/Users/karelbraborec/rev-meter/ios/Pods/ExpoModulesCore/ExpoModulesCore.xcframework/ios-arm64_x86_64-simulator/ExpoModulesCore.framework/Headers -I/Users/karelbraborec/rev-meter/ios/Pods/ExpoModulesCore/ExpoModulesCore.xcframework/ios-arm64/ExpoModulesCore.framework/Headers -I/Users/karelbraborec/Library/Developer/Xcode/DerivedData/revmeter-hbcnswmlqmbpnlazhhkncgeowiss/Build/Intermediates.noindex/Pods.build/Debug-iphonesimulator/ExpoDomWebView.build/DerivedSources-normal/arm64 -I/Users/karelbraborec/Library/Developer/Xcode/DerivedData/revmeter-hbcnswmlqmbpnlazhhkncgeowiss/Build/Intermediates.noindex/Pods.build/Debug-iphonesimulator/ExpoDomWebView.build/DerivedSources/arm64 -I/Users/karelbraborec/Library/Developer/Xcode/DerivedData/revmeter-hbcnswmlqmbpnlazhhkncgeowiss/Build/Intermediates.noindex/Pods.build/Debug-iphonesimulator/ExpoDomWebView.build/DerivedSources -F/Users/karelbraborec/Library/Developer/Xcode/DerivedData/revmeter-hbcnswmlqmbpnlazhhkncgeowiss/Build/Products/Debug-iphonesimulator/ExpoDomWebView -F/Users/karelbraborec/rev-meter/node_modules/expo-modules-jsi/apple/Products -F/Users/karelbraborec/rev-meter/ios/Pods/ExpoModulesCore -F/Users/karelbraborec/rev-meter/ios/Pods/React-Core-prebuilt -F/Users/karelbraborec/rev-meter/ios/Pods/ReactNativeDependencies/framework/packages/react-native -F/Users/karelbraborec/rev-meter/ios/Pods/hermes-engine/destroot/Library/Frameworks/universal -F/Users/karelbraborec/Library/Developer/Xcode/DerivedData/revmeter-hbcnswmlqmbpnlazhhkncgeowiss/Build/Products/Debug-iphonesimulator/XCFrameworkIntermediates/ExpoModulesCore -F/Users/karelbraborec/Library/Developer/Xcode/DerivedData/revmeter-hbcnswmlqmbpnlazhhkncgeowiss/Build/Products/Debug-iphonesimulator/XCFrameworkIntermediates/ExpoModulesJSI -F/Users/karelbraborec/Library/Developer/Xcode/DerivedData/revmeter-hbcnswmlqmbpnlazhhkncgeowiss/Build/Products/Debug-iphonesimulator/XCFrameworkIntermediates/React-Core-prebuilt -F/Users/karelbraborec/Library/Developer/Xcode/DerivedData/revmeter-hbcnswmlqmbpnlazhhkncgeowiss/Build/Products/Debug-iphonesimulator/XCFrameworkIntermediates/ReactNativeDependencies -F/Users/karelbraborec/Library/Developer/Xcode/DerivedData/revmeter-hbcnswmlqmbpnlazhhkncgeowiss/Build/Products/Debug-iphonesimulator/XCFrameworkIntermediates/hermes-engine/Pre-built '-DRCT_REMOVE_LEGACY_ARCH=1' '-fmodule-map-file=/Users/karelbraborec/rev-meter/ios/Pods/Headers/Public/ReactCodegen/ReactCodegen.modulemap'

WriteAuxiliaryFile /Users/karelbraborec/Library/Developer/Xcode/DerivedData/revmeter-hbcnswmlqmbpnlazhhkncgeowiss/Build/Intermediates.noindex/Pods.build/Debug-iphonesimulator/ExpoDomWebView.build/Objects-normal/arm64/ExpoDomWebView_const_extract_protocols.json (in target 'ExpoDomWebView' from project 'Pods')
    cd /Users/karelbraborec/rev-meter/ios/Pods
    write-file /Users/karelbraborec/Library/Developer/Xcode/DerivedData/revmeter-hbcnswmlqmbpnlazhhkncgeowiss/Build/Intermediates.noindex/Pods.build/Debug-iphonesimulator/ExpoDomWebView.build/Objects-normal/arm64/ExpoDomWebView_const_extract_protocols.json

WriteAuxiliaryFile /Users/karelbraborec/Library/Developer/Xcode/DerivedData/revmeter-hbcnswmlqmbpnlazhhkncgeowiss/Build/Intermediates.noindex/Pods.build/Debug-iphonesimulator/ExpoDomWebView.build/Objects-normal/arm64/ExpoDomWebView.SwiftFileList (in target 'ExpoDomWebView' from project 'Pods')
    cd /Users/karelbraborec/rev-meter/ios/Pods
    write-file /Users/karelbraborec/Library/Developer/Xcode/DerivedData/revmeter-hbcnswmlqmbpnlazhhkncgeowiss/Build/Intermediates.noindex/Pods.build/Debug-iphonesimulator/ExpoDomWebView.build/Objects-normal/arm64/ExpoDomWebView.SwiftFileList

WriteAuxiliaryFile /Users/karelbraborec/Library/Developer/Xcode/DerivedData/revmeter-hbcnswmlqmbpnlazhhkncgeowiss/Build/Intermediates.noindex/Pods.build/Debug-iphonesimulator/ExpoDomWebView.build/Objects-normal/arm64/ExpoDomWebView.SwiftConstValuesFileList (in target 'ExpoDomWebView' from project 'Pods')
    cd /Users/karelbraborec/rev-meter/ios/Pods
    write-file /Users/karelbraborec/Library/Developer/Xcode/DerivedData/revmeter-hbcnswmlqmbpnlazhhkncgeowiss/Build/Intermediates.noindex/Pods.build/Debug-iphonesimulator/ExpoDomWebView.build/Objects-normal/arm64/ExpoDomWebView.SwiftConstValuesFileList

WriteAuxiliaryFile /Users/karelbraborec/Library/Developer/Xcode/DerivedData/revmeter-hbcnswmlqmbpnlazhhkncgeowiss/Build/Intermediates.noindex/Pods.build/Debug-iphonesimulator/ExpoDomWebView.build/Objects-normal/arm64/ExpoDomWebView.LinkFileList (in target 'ExpoDomWebView' from project 'Pods')
    cd /Users/karelbraborec/rev-meter/ios/Pods
    write-file /Users/karelbraborec/Library/Developer/Xcode/DerivedData/revmeter-hbcnswmlqmbpnlazhhkncgeowiss/Build/Intermediates.noindex/Pods.build/Debug-iphonesimulator/ExpoDomWebView.build/Objects-normal/arm64/ExpoDomWebView.LinkFileList

WriteAuxiliaryFile /Users/karelbraborec/Library/Developer/Xcode/DerivedData/revmeter-hbcnswmlqmbpnlazhhkncgeowiss/Build/Intermediates.noindex/Pods.build/Debug-iphonesimulator/ExpoDomWebView.build/Objects-normal/arm64/ExpoDomWebView-OutputFileMap.json (in target 'ExpoDomWebView' from project 'Pods')
    cd /Users/karelbraborec/rev-meter/ios/Pods
    write-file /Users/karelbraborec/Library/Developer/Xcode/DerivedData/revmeter-hbcnswmlqmbpnlazhhkncgeowiss/Build/Intermediates.noindex/Pods.build/Debug-iphonesimulator/ExpoDomWebView.build/Objects-normal/arm64/ExpoDomWebView-OutputFileMap.json

WriteAuxiliaryFile /Users/karelbraborec/Library/Developer/Xcode/DerivedData/revmeter-hbcnswmlqmbpnlazhhkncgeowiss/Build/Intermediates.noindex/Pods.build/Debug-iphonesimulator/ExpoDomWebView.build/ExpoDomWebView.hmap (in target 'ExpoDomWebView' from project 'Pods')
    cd /Users/karelbraborec/rev-meter/ios/Pods
    write-file /Users/karelbraborec/Library/Developer/Xcode/DerivedData/revmeter-hbcnswmlqmbpnlazhhkncgeowiss/Build/Intermediates.noindex/Pods.build/Debug-iphonesimulator/ExpoDomWebView.build/ExpoDomWebView.hmap

WriteAuxiliaryFile /Users/karelbraborec/Library/Developer/Xcode/DerivedData/revmeter-hbcnswmlqmbpnlazhhkncgeowiss/Build/Intermediates.noindex/Pods.build/Debug-iphonesimulator/ExpoDomWebView.build/ExpoDomWebView.DependencyStaticMetadataFileList (in target 'ExpoDomWebView' from project 'Pods')
    cd /Users/karelbraborec/rev-meter/ios/Pods
    write-file /Users/karelbraborec/Library/Developer/Xcode/DerivedData/revmeter-hbcnswmlqmbpnlazhhkncgeowiss/Build/Intermediates.noindex/Pods.build/Debug-iphonesimulator/ExpoDomWebView.build/ExpoDomWebView.DependencyStaticMetadataFileList

WriteAuxiliaryFile /Users/karelbraborec/Library/Developer/Xcode/DerivedData/revmeter-hbcnswmlqmbpnlazhhkncgeowiss/Build/Intermediates.noindex/Pods.build/Debug-iphonesimulator/ExpoDomWebView.build/ExpoDomWebView.DependencyMetadataFileList (in target 'ExpoDomWebView' from project 'Pods')
    cd /Users/karelbraborec/rev-meter/ios/Pods
    write-file /Users/karelbraborec/Library/Developer/Xcode/DerivedData/revmeter-hbcnswmlqmbpnlazhhkncgeowiss/Build/Intermediates.noindex/Pods.build/Debug-iphonesimulator/ExpoDomWebView.build/ExpoDomWebView.DependencyMetadataFileList

WriteAuxiliaryFile /Users/karelbraborec/Library/Developer/Xcode/DerivedData/revmeter-hbcnswmlqmbpnlazhhkncgeowiss/Build/Intermediates.noindex/Pods.build/Debug-iphonesimulator/ExpoDomWebView.build/ExpoDomWebView-project-headers.hmap (in target 'ExpoDomWebView' from project 'Pods')
    cd /Users/karelbraborec/rev-meter/ios/Pods
    write-file /Users/karelbraborec/Library/Developer/Xcode/DerivedData/revmeter-hbcnswmlqmbpnlazhhkncgeowiss/Build/Intermediates.noindex/Pods.build/Debug-iphonesimulator/ExpoDomWebView.build/ExpoDomWebView-project-headers.hmap

WriteAuxiliaryFile /Users/karelbraborec/Library/Developer/Xcode/DerivedData/revmeter-hbcnswmlqmbpnlazhhkncgeowiss/Build/Intermediates.noindex/Pods.build/Debug-iphonesimulator/ExpoDomWebView.build/ExpoDomWebView-own-target-headers.hmap (in target 'ExpoDomWebView' from project 'Pods')
    cd /Users/karelbraborec/rev-meter/ios/Pods
    write-file /Users/karelbraborec/Library/Developer/Xcode/DerivedData/revmeter-hbcnswmlqmbpnlazhhkncgeowiss/Build/Intermediates.noindex/Pods.build/Debug-iphonesimulator/ExpoDomWebView.build/ExpoDomWebView-own-target-headers.hmap

WriteAuxiliaryFile /Users/karelbraborec/Library/Developer/Xcode/DerivedData/revmeter-hbcnswmlqmbpnlazhhkncgeowiss/Build/Intermediates.noindex/Pods.build/Debug-iphonesimulator/ExpoDomWebView.build/ExpoDomWebView-generated-files.hmap (in target 'ExpoDomWebView' from project 'Pods')
    cd /Users/karelbraborec/rev-meter/ios/Pods
    write-file /Users/karelbraborec/Library/Developer/Xcode/DerivedData/revmeter-hbcnswmlqmbpnlazhhkncgeowiss/Build/Intermediates.noindex/Pods.build/Debug-iphonesimulator/ExpoDomWebView.build/ExpoDomWebView-generated-files.hmap

WriteAuxiliaryFile /Users/karelbraborec/Library/Developer/Xcode/DerivedData/revmeter-hbcnswmlqmbpnlazhhkncgeowiss/Build/Intermediates.noindex/Pods.build/Debug-iphonesimulator/ExpoDomWebView.build/ExpoDomWebView-all-target-headers.hmap (in target 'ExpoDomWebView' from project 'Pods')
    cd /Users/karelbraborec/rev-meter/ios/Pods
    write-file /Users/karelbraborec/Library/Developer/Xcode/DerivedData/revmeter-hbcnswmlqmbpnlazhhkncgeowiss/Build/Intermediates.noindex/Pods.build/Debug-iphonesimulator/ExpoDomWebView.build/ExpoDomWebView-all-target-headers.hmap

WriteAuxiliaryFile /Users/karelbraborec/Library/Developer/Xcode/DerivedData/revmeter-hbcnswmlqmbpnlazhhkncgeowiss/Build/Intermediates.noindex/Pods.build/Debug-iphonesimulator/ExpoDomWebView.build/ExpoDomWebView-all-non-framework-target-headers.hmap (in target 'ExpoDomWebView' from project 'Pods')
    cd /Users/karelbraborec/rev-meter/ios/Pods
    write-file /Users/karelbraborec/Library/Developer/Xcode/DerivedData/revmeter-hbcnswmlqmbpnlazhhkncgeowiss/Build/Intermediates.noindex/Pods.build/Debug-iphonesimulator/ExpoDomWebView.build/ExpoDomWebView-all-non-framework-target-headers.hmap

WriteAuxiliaryFile /Users/karelbraborec/Library/Developer/Xcode/DerivedData/revmeter-hbcnswmlqmbpnlazhhkncgeowiss/Build/Intermediates.noindex/Pods.build/Debug-iphonesimulator/ExpoDevice-ExpoDevice_privacy.build/ExpoDevice_privacy.hmap (in target 'ExpoDevice-ExpoDevice_privacy' from project 'Pods')
    cd /Users/karelbraborec/rev-meter/ios/Pods
    write-file /Users/karelbraborec/Library/Developer/Xcode/DerivedData/revmeter-hbcnswmlqmbpnlazhhkncgeowiss/Build/Intermediates.noindex/Pods.build/Debug-iphonesimulator/ExpoDevice-ExpoDevice_privacy.build/ExpoDevice_privacy.hmap

WriteAuxiliaryFile /Users/karelbraborec/Library/Developer/Xcode/DerivedData/revmeter-hbcnswmlqmbpnlazhhkncgeowiss/Build/Intermediates.noindex/Pods.build/Debug-iphonesimulator/ExpoDevice-ExpoDevice_privacy.build/ExpoDevice_privacy.DependencyStaticMetadataFileList (in target 'ExpoDevice-ExpoDevice_privacy' from project 'Pods')
    cd /Users/karelbraborec/rev-meter/ios/Pods
    write-file /Users/karelbraborec/Library/Developer/Xcode/DerivedData/revmeter-hbcnswmlqmbpnlazhhkncgeowiss/Build/Intermediates.noindex/Pods.build/Debug-iphonesimulator/ExpoDevice-ExpoDevice_privacy.build/ExpoDevice_privacy.DependencyStaticMetadataFileList

WriteAuxiliaryFile /Users/karelbraborec/Library/Developer/Xcode/DerivedData/revmeter-hbcnswmlqmbpnlazhhkncgeowiss/Build/Intermediates.noindex/Pods.build/Debug-iphonesimulator/ExpoDevice-ExpoDevice_privacy.build/ExpoDevice_privacy.DependencyMetadataFileList (in target 'ExpoDevice-ExpoDevice_privacy' from project 'Pods')
    cd /Users/karelbraborec/rev-meter/ios/Pods
    write-file /Users/karelbraborec/Library/Developer/Xcode/DerivedData/revmeter-hbcnswmlqmbpnlazhhkncgeowiss/Build/Intermediates.noindex/Pods.build/Debug-iphonesimulator/ExpoDevice-ExpoDevice_privacy.build/ExpoDevice_privacy.DependencyMetadataFileList

WriteAuxiliaryFile /Users/karelbraborec/Library/Developer/Xcode/DerivedData/revmeter-hbcnswmlqmbpnlazhhkncgeowiss/Build/Intermediates.noindex/Pods.build/Debug-iphonesimulator/ExpoDevice-ExpoDevice_privacy.build/ExpoDevice_privacy-project-headers.hmap (in target 'ExpoDevice-ExpoDevice_privacy' from project 'Pods')
    cd /Users/karelbraborec/rev-meter/ios/Pods
    write-file /Users/karelbraborec/Library/Developer/Xcode/DerivedData/revmeter-hbcnswmlqmbpnlazhhkncgeowiss/Build/Intermediates.noindex/Pods.build/Debug-iphonesimulator/ExpoDevice-ExpoDevice_privacy.build/ExpoDevice_privacy-project-headers.hmap

WriteAuxiliaryFile /Users/karelbraborec/Library/Developer/Xcode/DerivedData/revmeter-hbcnswmlqmbpnlazhhkncgeowiss/Build/Intermediates.noindex/Pods.build/Debug-iphonesimulator/ExpoDevice-ExpoDevice_privacy.build/ExpoDevice_privacy-own-target-headers.hmap (in target 'ExpoDevice-ExpoDevice_privacy' from project 'Pods')
    cd /Users/karelbraborec/rev-meter/ios/Pods
    write-file /Users/karelbraborec/Library/Developer/Xcode/DerivedData/revmeter-hbcnswmlqmbpnlazhhkncgeowiss/Build/Intermediates.noindex/Pods.build/Debug-iphonesimulator/ExpoDevice-ExpoDevice_privacy.build/ExpoDevice_privacy-own-target-headers.hmap

WriteAuxiliaryFile /Users/karelbraborec/Library/Developer/Xcode/DerivedData/revmeter-hbcnswmlqmbpnlazhhkncgeowiss/Build/Intermediates.noindex/Pods.build/Debug-iphonesimulator/ExpoDevice-ExpoDevice_privacy.build/ExpoDevice_privacy-generated-files.hmap (in target 'ExpoDevice-ExpoDevice_privacy' from project 'Pods')
    cd /Users/karelbraborec/rev-meter/ios/Pods
    write-file /Users/karelbraborec/Library/Developer/Xcode/DerivedData/revmeter-hbcnswmlqmbpnlazhhkncgeowiss/Build/Intermediates.noindex/Pods.build/Debug-iphonesimulator/ExpoDevice-ExpoDevice_privacy.build/ExpoDevice_privacy-generated-files.hmap

WriteAuxiliaryFile /Users/karelbraborec/Library/Developer/Xcode/DerivedData/revmeter-hbcnswmlqmbpnlazhhkncgeowiss/Build/Intermediates.noindex/Pods.build/Debug-iphonesimulator/ExpoDevice-ExpoDevice_privacy.build/ExpoDevice_privacy-all-target-headers.hmap (in target 'ExpoDevice-ExpoDevice_privacy' from project 'Pods')
    cd /Users/karelbraborec/rev-meter/ios/Pods
    write-file /Users/karelbraborec/Library/Developer/Xcode/DerivedData/revmeter-hbcnswmlqmbpnlazhhkncgeowiss/Build/Intermediates.noindex/Pods.build/Debug-iphonesimulator/ExpoDevice-ExpoDevice_privacy.build/ExpoDevice_privacy-all-target-headers.hmap

WriteAuxiliaryFile /Users/karelbraborec/Library/Developer/Xcode/DerivedData/revmeter-hbcnswmlqmbpnlazhhkncgeowiss/Build/Intermediates.noindex/Pods.build/Debug-iphonesimulator/ExpoDevice-ExpoDevice_privacy.build/ExpoDevice_privacy-all-non-framework-target-headers.hmap (in target 'ExpoDevice-ExpoDevice_privacy' from project 'Pods')
    cd /Users/karelbraborec/rev-meter/ios/Pods
    write-file /Users/karelbraborec/Library/Developer/Xcode/DerivedData/revmeter-hbcnswmlqmbpnlazhhkncgeowiss/Build/Intermediates.noindex/Pods.build/Debug-iphonesimulator/ExpoDevice-ExpoDevice_privacy.build/ExpoDevice_privacy-all-non-framework-target-headers.hmap

WriteAuxiliaryFile /Users/karelbraborec/Library/Developer/Xcode/DerivedData/revmeter-hbcnswmlqmbpnlazhhkncgeowiss/Build/Intermediates.noindex/Pods.build/Debug-iphonesimulator/ExpoDevice.build/Script-46EB2E00017370.sh (in target 'ExpoDevice' from project 'Pods')
    cd /Users/karelbraborec/rev-meter/ios/Pods
    write-file /Users/karelbraborec/Library/Developer/Xcode/DerivedData/revmeter-hbcnswmlqmbpnlazhhkncgeowiss/Build/Intermediates.noindex/Pods.build/Debug-iphonesimulator/ExpoDevice.build/Script-46EB2E00017370.sh

WriteAuxiliaryFile /Users/karelbraborec/Library/Developer/Xcode/DerivedData/revmeter-hbcnswmlqmbpnlazhhkncgeowiss/Build/Intermediates.noindex/Pods.build/Debug-iphonesimulator/ExpoDevice.build/Objects-normal/x86_64/e6072d4f65d7061329687fe24e3d63a7-common-args.resp (in target 'ExpoDevice' from project 'Pods')
    cd /Users/karelbraborec/rev-meter/ios/Pods
    write-file /Users/karelbraborec/Library/Developer/Xcode/DerivedData/revmeter-hbcnswmlqmbpnlazhhkncgeowiss/Build/Intermediates.noindex/Pods.build/Debug-iphonesimulator/ExpoDevice.build/Objects-normal/x86_64/e6072d4f65d7061329687fe24e3d63a7-common-args.resp
'-std=gnu11' -fobjc-arc -fmodules '-fmodules-cache-path=/Users/karelbraborec/Library/Developer/Xcode/DerivedData/ModuleCache.noindex' '-fmodule-name=ExpoDevice' -fpascal-strings -O0 -fno-common '-DPOD_CONFIGURATION_DEBUG=1' '-DDEBUG=1' '-DCOCOAPODS=1' '-DOBJC_OLD_DISPATCH_PROTOTYPES=0' -fasm-blocks -g '-fobjc-abi-version=2' -fobjc-legacy-dispatch -iquote /Users/karelbraborec/Library/Developer/Xcode/DerivedData/revmeter-hbcnswmlqmbpnlazhhkncgeowiss/Build/Intermediates.noindex/Pods.build/Debug-iphonesimulator/ExpoDevice.build/ExpoDevice-generated-files.hmap -I/Users/karelbraborec/Library/Developer/Xcode/DerivedData/revmeter-hbcnswmlqmbpnlazhhkncgeowiss/Build/Intermediates.noindex/Pods.build/Debug-iphonesimulator/ExpoDevice.build/ExpoDevice-own-target-headers.hmap -I/Users/karelbraborec/Library/Developer/Xcode/DerivedData/revmeter-hbcnswmlqmbpnlazhhkncgeowiss/Build/Intermediates.noindex/Pods.build/Debug-iphonesimulator/ExpoDevice.build/ExpoDevice-all-non-framework-target-headers.hmap -ivfsoverlay /Users/karelbraborec/Library/Developer/Xcode/DerivedData/revmeter-hbcnswmlqmbpnlazhhkncgeowiss/Build/Intermediates.noindex/Pods.build/Debug-iphonesimulator/Pods-8699adb1dd336b26511df848a716bd42-VFS-iphonesimulator/all-product-headers.yaml -iquote /Users/karelbraborec/Library/Developer/Xcode/DerivedData/revmeter-hbcnswmlqmbpnlazhhkncgeowiss/Build/Intermediates.noindex/Pods.build/Debug-iphonesimulator/ExpoDevice.build/ExpoDevice-project-headers.hmap -I/Users/karelbraborec/Library/Developer/Xcode/DerivedData/revmeter-hbcnswmlqmbpnlazhhkncgeowiss/Build/Products/Debug-iphonesimulator/ExpoDevice/include -I/Users/karelbraborec/rev-meter/ios/Pods/Headers/Public -I/Users/karelbraborec/rev-meter/ios/Pods/Headers/Public/FBLazyVector -I/Users/karelbraborec/rev-meter/ios/Pods/Headers/Public/RCTRequired -I/Users/karelbraborec/rev-meter/ios/Pods/Headers/Public/RCTSwiftUIWrapper -I/Users/karelbraborec/rev-meter/ios/Pods/Headers/Public/RCTTypeSafety -I/Users/karelbraborec/rev-meter/ios/Pods/Headers/Public/React-Core -I/Users/karelbraborec/rev-meter/ios/Pods/Headers/Public/React-Core-prebuilt -I/Users/karelbraborec/rev-meter/ios/Pods/Headers/Public/React-CoreModules -I/Users/karelbraborec/rev-meter/ios/Pods/Headers/Public/React-Fabric -I/Users/karelbraborec/rev-meter/ios/Pods/Headers/Public/React-FabricComponents -I/Users/karelbraborec/rev-meter/ios/Pods/Headers/Public/React-FabricImage -I/Users/karelbraborec/rev-meter/ios/Pods/Headers/Public/React-ImageManager -I/Users/karelbraborec/rev-meter/ios/Pods/Headers/Public/React-Mapbuffer -I/Users/karelbraborec/rev-meter/ios/Pods/Headers/Public/React-NativeModulesApple -I/Users/karelbraborec/rev-meter/ios/Pods/Headers/Public/React-RCTAnimation -I/Users/karelbraborec/rev-meter/ios/Pods/Headers/Public/React-RCTBlob -I/Users/karelbraborec/rev-meter/ios/Pods/Headers/Public/React-RCTFBReactNativeSpec -I/Users/karelbraborec/rev-meter/ios/Pods/Headers/Public/React-RCTFabric -I/Users/karelbraborec/rev-meter/ios/Pods/Headers/Public/React-RCTImage -I/Users/karelbraborec/rev-meter/ios/Pods/Headers/Public/React-RCTRuntime -I/Users/karelbraborec/rev-meter/ios/Pods/Headers/Public/React-RCTText -I/Users/karelbraborec/rev-meter/ios/Pods/Headers/Public/React-RuntimeApple -I/Users/karelbraborec/rev-meter/ios/Pods/Headers/Public/React-RuntimeCore -I/Users/karelbraborec/rev-meter/ios/Pods/Headers/Public/React-RuntimeHermes -I/Users/karelbraborec/rev-meter/ios/Pods/Headers/Public/React-callinvoker -I/Users/karelbraborec/rev-meter/ios/Pods/Headers/Public/React-cxxreact -I/Users/karelbraborec/rev-meter/ios/Pods/Headers/Public/React-debug -I/Users/karelbraborec/rev-meter/ios/Pods/Headers/Public/React-defaultsnativemodule -I/Users/karelbraborec/rev-meter/ios/Pods/Headers/Public/React-domnativemodule -I/Users/karelbraborec/rev-meter/ios/Pods/Headers/Public/React-featureflags -I/Users/karelbraborec/rev-meter/ios/Pods/Headers/Public/React-featureflagsnativemodule -I/Users/karelbraborec/rev-meter/ios/Pods/Headers/Public/React-graphics -I/Users/karelbraborec/rev-meter/ios/Pods/Headers/Public/React-hermes -I/Users/karelbraborec/rev-meter/ios/Pods/Headers/Public/React-idlecallbacksnativemodule -I/Users/karelbraborec/rev-meter/ios/Pods/Headers/Public/React-intersectionobservernativemodule -I/Users/karelbraborec/rev-meter/ios/Pods/Headers/Public/React-jserrorhandler -I/Users/karelbraborec/rev-meter/ios/Pods/Headers/Public/React-jsi -I/Users/karelbraborec/rev-meter/ios/Pods/Headers/Public/React-jsiexecutor -I/Users/karelbraborec/rev-meter/ios/Pods/Headers/Public/React-jsinspector -I/Users/karelbraborec/rev-meter/ios/Pods/Headers/Public/React-jsinspectorcdp -I/Users/karelbraborec/rev-meter/ios/Pods/Headers/Public/React-jsinspectornetwork -I/Users/karelbraborec/rev-meter/ios/Pods/Headers/Public/React-jsinspectortracing -I/Users/karelbraborec/rev-meter/ios/Pods/Headers/Public/React-jsitooling -I/Users/karelbraborec/rev-meter/ios/Pods/Headers/Public/React-logger -I/Users/karelbraborec/rev-meter/ios/Pods/Headers/Public/React-microtasksnativemodule -I/Users/karelbraborec/rev-meter/ios/Pods/Headers/Public/React-mutationobservernativemodule -I/Users/karelbraborec/rev-meter/ios/Pods/Headers/Public/React-networking -I/Users/karelbraborec/rev-meter/ios/Pods/Headers/Public/React-oscompat -I/Users/karelbraborec/rev-meter/ios/Pods/Headers/Public/React-perflogger -I/Users/karelbraborec/rev-meter/ios/Pods/Headers/Public/React-performancecdpmetrics -I/Users/karelbraborec/rev-meter/ios/Pods/Headers/Public/React-performancetimeline -I/Users/karelbraborec/rev-meter/ios/Pods/Headers/Public/React-rendererconsistency -I/Users/karelbraborec/rev-meter/ios/Pods/Headers/Public/React-renderercss -I/Users/karelbraborec/rev-meter/ios/Pods/Headers/Public/React-rendererdebug -I/Users/karelbraborec/rev-meter/ios/Pods/Headers/Public/React-runtimeexecutor -I/Users/karelbraborec/rev-meter/ios/Pods/Headers/Public/React-runtimescheduler -I/Users/karelbraborec/rev-meter/ios/Pods/Headers/Public/React-timing -I/Users/karelbraborec/rev-meter/ios/Pods/Headers/Public/React-utils -I/Users/karelbraborec/rev-meter/ios/Pods/Headers/Public/React-viewtransitionnativemodule -I/Users/karelbraborec/rev-meter/ios/Pods/Headers/Public/React-webperformancenativemodule -I/Users/karelbraborec/rev-meter/ios/Pods/Headers/Public/ReactCodegen -I/Users/karelbraborec/rev-meter/ios/Pods/Headers/Public/ReactCommon -I/Users/karelbraborec/rev-meter/ios/Pods/Headers/Public/ReactNativeDependencies -I/Users/karelbraborec/rev-meter/ios/Pods/Headers/Public/Yoga -I/Users/karelbraborec/rev-meter/ios/Pods/Headers/Public/hermes-engine -I/Users/karelbraborec/rev-meter/ios/Pods/ExpoModulesCore/ExpoModulesCore.xcframework/ios-arm64_x86_64-simulator/ExpoModulesCore.framework/Headers -I/Users/karelbraborec/rev-meter/ios/Pods/ExpoModulesCore/ExpoModulesCore.xcframework/ios-arm64/ExpoModulesCore.framework/Headers -I/Users/karelbraborec/rev-meter/ios/Pods/ExpoModulesCore/ExpoModulesCore.xcframework/ios-arm64_x86_64-simulator/ExpoModulesCore.framework/Headers -I/Users/karelbraborec/rev-meter/ios/Pods/ExpoModulesCore/ExpoModulesCore.xcframework/ios-arm64/ExpoModulesCore.framework/Headers -I/Users/karelbraborec/Library/Developer/Xcode/DerivedData/revmeter-hbcnswmlqmbpnlazhhkncgeowiss/Build/Intermediates.noindex/Pods.build/Debug-iphonesimulator/ExpoDevice.build/DerivedSources-normal/x86_64 -I/Users/karelbraborec/Library/Developer/Xcode/DerivedData/revmeter-hbcnswmlqmbpnlazhhkncgeowiss/Build/Intermediates.noindex/Pods.build/Debug-iphonesimulator/ExpoDevice.build/DerivedSources/x86_64 -I/Users/karelbraborec/Library/Developer/Xcode/DerivedData/revmeter-hbcnswmlqmbpnlazhhkncgeowiss/Build/Intermediates.noindex/Pods.build/Debug-iphonesimulator/ExpoDevice.build/DerivedSources -F/Users/karelbraborec/Library/Developer/Xcode/DerivedData/revmeter-hbcnswmlqmbpnlazhhkncgeowiss/Build/Products/Debug-iphonesimulator/ExpoDevice -F/Users/karelbraborec/rev-meter/node_modules/expo-modules-jsi/apple/Products -F/Users/karelbraborec/rev-meter/ios/Pods/ExpoModulesCore -F/Users/karelbraborec/rev-meter/ios/Pods/React-Core-prebuilt -F/Users/karelbraborec/rev-meter/ios/Pods/ReactNativeDependencies/framework/packages/react-native -F/Users/karelbraborec/rev-meter/ios/Pods/hermes-engine/destroot/Library/Frameworks/universal -F/Users/karelbraborec/Library/Developer/Xcode/DerivedData/revmeter-hbcnswmlqmbpnlazhhkncgeowiss/Build/Products/Debug-iphonesimulator/XCFrameworkIntermediates/ExpoModulesCore -F/Users/karelbraborec/Library/Developer/Xcode/DerivedData/revmeter-hbcnswmlqmbpnlazhhkncgeowiss/Build/Products/Debug-iphonesimulator/XCFrameworkIntermediates/ExpoModulesJSI -F/Users/karelbraborec/Library/Developer/Xcode/DerivedData/revmeter-hbcnswmlqmbpnlazhhkncgeowiss/Build/Products/Debug-iphonesimulator/XCFrameworkIntermediates/React-Core-prebuilt -F/Users/karelbraborec/Library/Developer/Xcode/DerivedData/revmeter-hbcnswmlqmbpnlazhhkncgeowiss/Build/Products/Debug-iphonesimulator/XCFrameworkIntermediates/ReactNativeDependencies -F/Users/karelbraborec/Library/Developer/Xcode/DerivedData/revmeter-hbcnswmlqmbpnlazhhkncgeowiss/Build/Products/Debug-iphonesimulator/XCFrameworkIntermediates/hermes-engine/Pre-built '-DRCT_REMOVE_LEGACY_ARCH=1' '-fmodule-map-file=/Users/karelbraborec/rev-meter/ios/Pods/Headers/Public/ReactCodegen/ReactCodegen.modulemap'

WriteAuxiliaryFile /Users/karelbraborec/Library/Developer/Xcode/DerivedData/revmeter-hbcnswmlqmbpnlazhhkncgeowiss/Build/Intermediates.noindex/Pods.build/Debug-iphonesimulator/ExpoDevice.build/Objects-normal/x86_64/ExpoDevice_const_extract_protocols.json (in target 'ExpoDevice' from project 'Pods')
    cd /Users/karelbraborec/rev-meter/ios/Pods
    write-file /Users/karelbraborec/Library/Developer/Xcode/DerivedData/revmeter-hbcnswmlqmbpnlazhhkncgeowiss/Build/Intermediates.noindex/Pods.build/Debug-iphonesimulator/ExpoDevice.build/Objects-normal/x86_64/ExpoDevice_const_extract_protocols.json

WriteAuxiliaryFile /Users/karelbraborec/Library/Developer/Xcode/DerivedData/revmeter-hbcnswmlqmbpnlazhhkncgeowiss/Build/Intermediates.noindex/Pods.build/Debug-iphonesimulator/ExpoDevice.build/Objects-normal/x86_64/ExpoDevice.SwiftFileList (in target 'ExpoDevice' from project 'Pods')
    cd /Users/karelbraborec/rev-meter/ios/Pods
    write-file /Users/karelbraborec/Library/Developer/Xcode/DerivedData/revmeter-hbcnswmlqmbpnlazhhkncgeowiss/Build/Intermediates.noindex/Pods.build/Debug-iphonesimulator/ExpoDevice.build/Objects-normal/x86_64/ExpoDevice.SwiftFileList

WriteAuxiliaryFile /Users/karelbraborec/Library/Developer/Xcode/DerivedData/revmeter-hbcnswmlqmbpnlazhhkncgeowiss/Build/Intermediates.noindex/Pods.build/Debug-iphonesimulator/ExpoDevice.build/Objects-normal/x86_64/ExpoDevice.SwiftConstValuesFileList (in target 'ExpoDevice' from project 'Pods')
    cd /Users/karelbraborec/rev-meter/ios/Pods
    write-file /Users/karelbraborec/Library/Developer/Xcode/DerivedData/revmeter-hbcnswmlqmbpnlazhhkncgeowiss/Build/Intermediates.noindex/Pods.build/Debug-iphonesimulator/ExpoDevice.build/Objects-normal/x86_64/ExpoDevice.SwiftConstValuesFileList

WriteAuxiliaryFile /Users/karelbraborec/Library/Developer/Xcode/DerivedData/revmeter-hbcnswmlqmbpnlazhhkncgeowiss/Build/Intermediates.noindex/Pods.build/Debug-iphonesimulator/ExpoDevice.build/Objects-normal/x86_64/ExpoDevice.LinkFileList (in target 'ExpoDevice' from project 'Pods')
    cd /Users/karelbraborec/rev-meter/ios/Pods
    write-file /Users/karelbraborec/Library/Developer/Xcode/DerivedData/revmeter-hbcnswmlqmbpnlazhhkncgeowiss/Build/Intermediates.noindex/Pods.build/Debug-iphonesimulator/ExpoDevice.build/Objects-normal/x86_64/ExpoDevice.LinkFileList

WriteAuxiliaryFile /Users/karelbraborec/Library/Developer/Xcode/DerivedData/revmeter-hbcnswmlqmbpnlazhhkncgeowiss/Build/Intermediates.noindex/Pods.build/Debug-iphonesimulator/ExpoDevice.build/Objects-normal/x86_64/ExpoDevice-OutputFileMap.json (in target 'ExpoDevice' from project 'Pods')
    cd /Users/karelbraborec/rev-meter/ios/Pods
    write-file /Users/karelbraborec/Library/Developer/Xcode/DerivedData/revmeter-hbcnswmlqmbpnlazhhkncgeowiss/Build/Intermediates.noindex/Pods.build/Debug-iphonesimulator/ExpoDevice.build/Objects-normal/x86_64/ExpoDevice-OutputFileMap.json

WriteAuxiliaryFile /Users/karelbraborec/Library/Developer/Xcode/DerivedData/revmeter-hbcnswmlqmbpnlazhhkncgeowiss/Build/Intermediates.noindex/Pods.build/Debug-iphonesimulator/ExpoDevice.build/Objects-normal/arm64/e6072d4f65d7061329687fe24e3d63a7-common-args.resp (in target 'ExpoDevice' from project 'Pods')
    cd /Users/karelbraborec/rev-meter/ios/Pods
    write-file /Users/karelbraborec/Library/Developer/Xcode/DerivedData/revmeter-hbcnswmlqmbpnlazhhkncgeowiss/Build/Intermediates.noindex/Pods.build/Debug-iphonesimulator/ExpoDevice.build/Objects-normal/arm64/e6072d4f65d7061329687fe24e3d63a7-common-args.resp
'-std=gnu11' -fobjc-arc -fmodules '-fmodules-cache-path=/Users/karelbraborec/Library/Developer/Xcode/DerivedData/ModuleCache.noindex' '-fmodule-name=ExpoDevice' -fpascal-strings -O0 -fno-common '-DPOD_CONFIGURATION_DEBUG=1' '-DDEBUG=1' '-DCOCOAPODS=1' '-DOBJC_OLD_DISPATCH_PROTOTYPES=0' -g '-fobjc-abi-version=2' -fobjc-legacy-dispatch -iquote /Users/karelbraborec/Library/Developer/Xcode/DerivedData/revmeter-hbcnswmlqmbpnlazhhkncgeowiss/Build/Intermediates.noindex/Pods.build/Debug-iphonesimulator/ExpoDevice.build/ExpoDevice-generated-files.hmap -I/Users/karelbraborec/Library/Developer/Xcode/DerivedData/revmeter-hbcnswmlqmbpnlazhhkncgeowiss/Build/Intermediates.noindex/Pods.build/Debug-iphonesimulator/ExpoDevice.build/ExpoDevice-own-target-headers.hmap -I/Users/karelbraborec/Library/Developer/Xcode/DerivedData/revmeter-hbcnswmlqmbpnlazhhkncgeowiss/Build/Intermediates.noindex/Pods.build/Debug-iphonesimulator/ExpoDevice.build/ExpoDevice-all-non-framework-target-headers.hmap -ivfsoverlay /Users/karelbraborec/Library/Developer/Xcode/DerivedData/revmeter-hbcnswmlqmbpnlazhhkncgeowiss/Build/Intermediates.noindex/Pods.build/Debug-iphonesimulator/Pods-8699adb1dd336b26511df848a716bd42-VFS-iphonesimulator/all-product-headers.yaml -iquote /Users/karelbraborec/Library/Developer/Xcode/DerivedData/revmeter-hbcnswmlqmbpnlazhhkncgeowiss/Build/Intermediates.noindex/Pods.build/Debug-iphonesimulator/ExpoDevice.build/ExpoDevice-project-headers.hmap -I/Users/karelbraborec/Library/Developer/Xcode/DerivedData/revmeter-hbcnswmlqmbpnlazhhkncgeowiss/Build/Products/Debug-iphonesimulator/ExpoDevice/include -I/Users/karelbraborec/rev-meter/ios/Pods/Headers/Public -I/Users/karelbraborec/rev-meter/ios/Pods/Headers/Public/FBLazyVector -I/Users/karelbraborec/rev-meter/ios/Pods/Headers/Public/RCTRequired -I/Users/karelbraborec/rev-meter/ios/Pods/Headers/Public/RCTSwiftUIWrapper -I/Users/karelbraborec/rev-meter/ios/Pods/Headers/Public/RCTTypeSafety -I/Users/karelbraborec/rev-meter/ios/Pods/Headers/Public/React-Core -I/Users/karelbraborec/rev-meter/ios/Pods/Headers/Public/React-Core-prebuilt -I/Users/karelbraborec/rev-meter/ios/Pods/Headers/Public/React-CoreModules -I/Users/karelbraborec/rev-meter/ios/Pods/Headers/Public/React-Fabric -I/Users/karelbraborec/rev-meter/ios/Pods/Headers/Public/React-FabricComponents -I/Users/karelbraborec/rev-meter/ios/Pods/Headers/Public/React-FabricImage -I/Users/karelbraborec/rev-meter/ios/Pods/Headers/Public/React-ImageManager -I/Users/karelbraborec/rev-meter/ios/Pods/Headers/Public/React-Mapbuffer -I/Users/karelbraborec/rev-meter/ios/Pods/Headers/Public/React-NativeModulesApple -I/Users/karelbraborec/rev-meter/ios/Pods/Headers/Public/React-RCTAnimation -I/Users/karelbraborec/rev-meter/ios/Pods/Headers/Public/React-RCTBlob -I/Users/karelbraborec/rev-meter/ios/Pods/Headers/Public/React-RCTFBReactNativeSpec -I/Users/karelbraborec/rev-meter/ios/Pods/Headers/Public/React-RCTFabric -I/Users/karelbraborec/rev-meter/ios/Pods/Headers/Public/React-RCTImage -I/Users/karelbraborec/rev-meter/ios/Pods/Headers/Public/React-RCTRuntime -I/Users/karelbraborec/rev-meter/ios/Pods/Headers/Public/React-RCTText -I/Users/karelbraborec/rev-meter/ios/Pods/Headers/Public/React-RuntimeApple -I/Users/karelbraborec/rev-meter/ios/Pods/Headers/Public/React-RuntimeCore -I/Users/karelbraborec/rev-meter/ios/Pods/Headers/Public/React-RuntimeHermes -I/Users/karelbraborec/rev-meter/ios/Pods/Headers/Public/React-callinvoker -I/Users/karelbraborec/rev-meter/ios/Pods/Headers/Public/React-cxxreact -I/Users/karelbraborec/rev-meter/ios/Pods/Headers/Public/React-debug -I/Users/karelbraborec/rev-meter/ios/Pods/Headers/Public/React-defaultsnativemodule -I/Users/karelbraborec/rev-meter/ios/Pods/Headers/Public/React-domnativemodule -I/Users/karelbraborec/rev-meter/ios/Pods/Headers/Public/React-featureflags -I/Users/karelbraborec/rev-meter/ios/Pods/Headers/Public/React-featureflagsnativemodule -I/Users/karelbraborec/rev-meter/ios/Pods/Headers/Public/React-graphics -I/Users/karelbraborec/rev-meter/ios/Pods/Headers/Public/React-hermes -I/Users/karelbraborec/rev-meter/ios/Pods/Headers/Public/React-idlecallbacksnativemodule -I/Users/karelbraborec/rev-meter/ios/Pods/Headers/Public/React-intersectionobservernativemodule -I/Users/karelbraborec/rev-meter/ios/Pods/Headers/Public/React-jserrorhandler -I/Users/karelbraborec/rev-meter/ios/Pods/Headers/Public/React-jsi -I/Users/karelbraborec/rev-meter/ios/Pods/Headers/Public/React-jsiexecutor -I/Users/karelbraborec/rev-meter/ios/Pods/Headers/Public/React-jsinspector -I/Users/karelbraborec/rev-meter/ios/Pods/Headers/Public/React-jsinspectorcdp -I/Users/karelbraborec/rev-meter/ios/Pods/Headers/Public/React-jsinspectornetwork -I/Users/karelbraborec/rev-meter/ios/Pods/Headers/Public/React-jsinspectortracing -I/Users/karelbraborec/rev-meter/ios/Pods/Headers/Public/React-jsitooling -I/Users/karelbraborec/rev-meter/ios/Pods/Headers/Public/React-logger -I/Users/karelbraborec/rev-meter/ios/Pods/Headers/Public/React-microtasksnativemodule -I/Users/karelbraborec/rev-meter/ios/Pods/Headers/Public/React-mutationobservernativemodule -I/Users/karelbraborec/rev-meter/ios/Pods/Headers/Public/React-networking -I/Users/karelbraborec/rev-meter/ios/Pods/Headers/Public/React-oscompat -I/Users/karelbraborec/rev-meter/ios/Pods/Headers/Public/React-perflogger -I/Users/karelbraborec/rev-meter/ios/Pods/Headers/Public/React-performancecdpmetrics -I/Users/karelbraborec/rev-meter/ios/Pods/Headers/Public/React-performancetimeline -I/Users/karelbraborec/rev-meter/ios/Pods/Headers/Public/React-rendererconsistency -I/Users/karelbraborec/rev-meter/ios/Pods/Headers/Public/React-renderercss -I/Users/karelbraborec/rev-meter/ios/Pods/Headers/Public/React-rendererdebug -I/Users/karelbraborec/rev-meter/ios/Pods/Headers/Public/React-runtimeexecutor -I/Users/karelbraborec/rev-meter/ios/Pods/Headers/Public/React-runtimescheduler -I/Users/karelbraborec/rev-meter/ios/Pods/Headers/Public/React-timing -I/Users/karelbraborec/rev-meter/ios/Pods/Headers/Public/React-utils -I/Users/karelbraborec/rev-meter/ios/Pods/Headers/Public/React-viewtransitionnativemodule -I/Users/karelbraborec/rev-meter/ios/Pods/Headers/Public/React-webperformancenativemodule -I/Users/karelbraborec/rev-meter/ios/Pods/Headers/Public/ReactCodegen -I/Users/karelbraborec/rev-meter/ios/Pods/Headers/Public/ReactCommon -I/Users/karelbraborec/rev-meter/ios/Pods/Headers/Public/ReactNativeDependencies -I/Users/karelbraborec/rev-meter/ios/Pods/Headers/Public/Yoga -I/Users/karelbraborec/rev-meter/ios/Pods/Headers/Public/hermes-engine -I/Users/karelbraborec/rev-meter/ios/Pods/ExpoModulesCore/ExpoModulesCore.xcframework/ios-arm64_x86_64-simulator/ExpoModulesCore.framework/Headers -I/Users/karelbraborec/rev-meter/ios/Pods/ExpoModulesCore/ExpoModulesCore.xcframework/ios-arm64/ExpoModulesCore.framework/Headers -I/Users/karelbraborec/rev-meter/ios/Pods/ExpoModulesCore/ExpoModulesCore.xcframework/ios-arm64_x86_64-simulator/ExpoModulesCore.framework/Headers -I/Users/karelbraborec/rev-meter/ios/Pods/ExpoModulesCore/ExpoModulesCore.xcframework/ios-arm64/ExpoModulesCore.framework/Headers -I/Users/karelbraborec/Library/Developer/Xcode/DerivedData/revmeter-hbcnswmlqmbpnlazhhkncgeowiss/Build/Intermediates.noindex/Pods.build/Debug-iphonesimulator/ExpoDevice.build/DerivedSources-normal/arm64 -I/Users/karelbraborec/Library/Developer/Xcode/DerivedData/revmeter-hbcnswmlqmbpnlazhhkncgeowiss/Build/Intermediates.noindex/Pods.build/Debug-iphonesimulator/ExpoDevice.build/DerivedSources/arm64 -I/Users/karelbraborec/Library/Developer/Xcode/DerivedData/revmeter-hbcnswmlqmbpnlazhhkncgeowiss/Build/Intermediates.noindex/Pods.build/Debug-iphonesimulator/ExpoDevice.build/DerivedSources -F/Users/karelbraborec/Library/Developer/Xcode/DerivedData/revmeter-hbcnswmlqmbpnlazhhkncgeowiss/Build/Products/Debug-iphonesimulator/ExpoDevice -F/Users/karelbraborec/rev-meter/node_modules/expo-modules-jsi/apple/Products -F/Users/karelbraborec/rev-meter/ios/Pods/ExpoModulesCore -F/Users/karelbraborec/rev-meter/ios/Pods/React-Core-prebuilt -F/Users/karelbraborec/rev-meter/ios/Pods/ReactNativeDependencies/framework/packages/react-native -F/Users/karelbraborec/rev-meter/ios/Pods/hermes-engine/destroot/Library/Frameworks/universal -F/Users/karelbraborec/Library/Developer/Xcode/DerivedData/revmeter-hbcnswmlqmbpnlazhhkncgeowiss/Build/Products/Debug-iphonesimulator/XCFrameworkIntermediates/ExpoModulesCore -F/Users/karelbraborec/Library/Developer/Xcode/DerivedData/revmeter-hbcnswmlqmbpnlazhhkncgeowiss/Build/Products/Debug-iphonesimulator/XCFrameworkIntermediates/ExpoModulesJSI -F/Users/karelbraborec/Library/Developer/Xcode/DerivedData/revmeter-hbcnswmlqmbpnlazhhkncgeowiss/Build/Products/Debug-iphonesimulator/XCFrameworkIntermediates/React-Core-prebuilt -F/Users/karelbraborec/Library/Developer/Xcode/DerivedData/revmeter-hbcnswmlqmbpnlazhhkncgeowiss/Build/Products/Debug-iphonesimulator/XCFrameworkIntermediates/ReactNativeDependencies -F/Users/karelbraborec/Library/Developer/Xcode/DerivedData/revmeter-hbcnswmlqmbpnlazhhkncgeowiss/Build/Products/Debug-iphonesimulator/XCFrameworkIntermediates/hermes-engine/Pre-built '-DRCT_REMOVE_LEGACY_ARCH=1' '-fmodule-map-file=/Users/karelbraborec/rev-meter/ios/Pods/Headers/Public/ReactCodegen/ReactCodegen.modulemap'

WriteAuxiliaryFile /Users/karelbraborec/Library/Developer/Xcode/DerivedData/revmeter-hbcnswmlqmbpnlazhhkncgeowiss/Build/Intermediates.noindex/Pods.build/Debug-iphonesimulator/ExpoDevice.build/Objects-normal/arm64/ExpoDevice_const_extract_protocols.json (in target 'ExpoDevice' from project 'Pods')
    cd /Users/karelbraborec/rev-meter/ios/Pods
    write-file /Users/karelbraborec/Library/Developer/Xcode/DerivedData/revmeter-hbcnswmlqmbpnlazhhkncgeowiss/Build/Intermediates.noindex/Pods.build/Debug-iphonesimulator/ExpoDevice.build/Objects-normal/arm64/ExpoDevice_const_extract_protocols.json

WriteAuxiliaryFile /Users/karelbraborec/Library/Developer/Xcode/DerivedData/revmeter-hbcnswmlqmbpnlazhhkncgeowiss/Build/Intermediates.noindex/Pods.build/Debug-iphonesimulator/ExpoDevice.build/Objects-normal/arm64/ExpoDevice.SwiftFileList (in target 'ExpoDevice' from project 'Pods')
    cd /Users/karelbraborec/rev-meter/ios/Pods
    write-file /Users/karelbraborec/Library/Developer/Xcode/DerivedData/revmeter-hbcnswmlqmbpnlazhhkncgeowiss/Build/Intermediates.noindex/Pods.build/Debug-iphonesimulator/ExpoDevice.build/Objects-normal/arm64/ExpoDevice.SwiftFileList

WriteAuxiliaryFile /Users/karelbraborec/Library/Developer/Xcode/DerivedData/revmeter-hbcnswmlqmbpnlazhhkncgeowiss/Build/Intermediates.noindex/Pods.build/Debug-iphonesimulator/ExpoDevice.build/Objects-normal/arm64/ExpoDevice.SwiftConstValuesFileList (in target 'ExpoDevice' from project 'Pods')
    cd /Users/karelbraborec/rev-meter/ios/Pods
    write-file /Users/karelbraborec/Library/Developer/Xcode/DerivedData/revmeter-hbcnswmlqmbpnlazhhkncgeowiss/Build/Intermediates.noindex/Pods.build/Debug-iphonesimulator/ExpoDevice.build/Objects-normal/arm64/ExpoDevice.SwiftConstValuesFileList

WriteAuxiliaryFile /Users/karelbraborec/Library/Developer/Xcode/DerivedData/revmeter-hbcnswmlqmbpnlazhhkncgeowiss/Build/Intermediates.noindex/Pods.build/Debug-iphonesimulator/ExpoDevice.build/Objects-normal/arm64/ExpoDevice.LinkFileList (in target 'ExpoDevice' from project 'Pods')
    cd /Users/karelbraborec/rev-meter/ios/Pods
    write-file /Users/karelbraborec/Library/Developer/Xcode/DerivedData/revmeter-hbcnswmlqmbpnlazhhkncgeowiss/Build/Intermediates.noindex/Pods.build/Debug-iphonesimulator/ExpoDevice.build/Objects-normal/arm64/ExpoDevice.LinkFileList

WriteAuxiliaryFile /Users/karelbraborec/Library/Developer/Xcode/DerivedData/revmeter-hbcnswmlqmbpnlazhhkncgeowiss/Build/Intermediates.noindex/Pods.build/Debug-iphonesimulator/ExpoDevice.build/Objects-normal/arm64/ExpoDevice-OutputFileMap.json (in target 'ExpoDevice' from project 'Pods')
    cd /Users/karelbraborec/rev-meter/ios/Pods
    write-file /Users/karelbraborec/Library/Developer/Xcode/DerivedData/revmeter-hbcnswmlqmbpnlazhhkncgeowiss/Build/Intermediates.noindex/Pods.build/Debug-iphonesimulator/ExpoDevice.build/Objects-normal/arm64/ExpoDevice-OutputFileMap.json

WriteAuxiliaryFile /Users/karelbraborec/Library/Developer/Xcode/DerivedData/revmeter-hbcnswmlqmbpnlazhhkncgeowiss/Build/Intermediates.noindex/Pods.build/Debug-iphonesimulator/ExpoDevice.build/ExpoDevice.hmap (in target 'ExpoDevice' from project 'Pods')
    cd /Users/karelbraborec/rev-meter/ios/Pods
    write-file /Users/karelbraborec/Library/Developer/Xcode/DerivedData/revmeter-hbcnswmlqmbpnlazhhkncgeowiss/Build/Intermediates.noindex/Pods.build/Debug-iphonesimulator/ExpoDevice.build/ExpoDevice.hmap

WriteAuxiliaryFile /Users/karelbraborec/Library/Developer/Xcode/DerivedData/revmeter-hbcnswmlqmbpnlazhhkncgeowiss/Build/Intermediates.noindex/Pods.build/Debug-iphonesimulator/ExpoDevice.build/ExpoDevice.DependencyStaticMetadataFileList (in target 'ExpoDevice' from project 'Pods')
    cd /Users/karelbraborec/rev-meter/ios/Pods
    write-file /Users/karelbraborec/Library/Developer/Xcode/DerivedData/revmeter-hbcnswmlqmbpnlazhhkncgeowiss/Build/Intermediates.noindex/Pods.build/Debug-iphonesimulator/ExpoDevice.build/ExpoDevice.DependencyStaticMetadataFileList

WriteAuxiliaryFile /Users/karelbraborec/Library/Developer/Xcode/DerivedData/revmeter-hbcnswmlqmbpnlazhhkncgeowiss/Build/Intermediates.noindex/Pods.build/Debug-iphonesimulator/ExpoDevice.build/ExpoDevice.DependencyMetadataFileList (in target 'ExpoDevice' from project 'Pods')
    cd /Users/karelbraborec/rev-meter/ios/Pods
    write-file /Users/karelbraborec/Library/Developer/Xcode/DerivedData/revmeter-hbcnswmlqmbpnlazhhkncgeowiss/Build/Intermediates.noindex/Pods.build/Debug-iphonesimulator/ExpoDevice.build/ExpoDevice.DependencyMetadataFileList

WriteAuxiliaryFile /Users/karelbraborec/Library/Developer/Xcode/DerivedData/revmeter-hbcnswmlqmbpnlazhhkncgeowiss/Build/Intermediates.noindex/Pods.build/Debug-iphonesimulator/ExpoDevice.build/ExpoDevice-project-headers.hmap (in target 'ExpoDevice' from project 'Pods')
    cd /Users/karelbraborec/rev-meter/ios/Pods
    write-file /Users/karelbraborec/Library/Developer/Xcode/DerivedData/revmeter-hbcnswmlqmbpnlazhhkncgeowiss/Build/Intermediates.noindex/Pods.build/Debug-iphonesimulator/ExpoDevice.build/ExpoDevice-project-headers.hmap

WriteAuxiliaryFile /Users/karelbraborec/Library/Developer/Xcode/DerivedData/revmeter-hbcnswmlqmbpnlazhhkncgeowiss/Build/Intermediates.noindex/Pods.build/Debug-iphonesimulator/ExpoDevice.build/ExpoDevice-own-target-headers.hmap (in target 'ExpoDevice' from project 'Pods')
    cd /Users/karelbraborec/rev-meter/ios/Pods
    write-file /Users/karelbraborec/Library/Developer/Xcode/DerivedData/revmeter-hbcnswmlqmbpnlazhhkncgeowiss/Build/Intermediates.noindex/Pods.build/Debug-iphonesimulator/ExpoDevice.build/ExpoDevice-own-target-headers.hmap

WriteAuxiliaryFile /Users/karelbraborec/Library/Developer/Xcode/DerivedData/revmeter-hbcnswmlqmbpnlazhhkncgeowiss/Build/Intermediates.noindex/Pods.build/Debug-iphonesimulator/ExpoDevice.build/ExpoDevice-generated-files.hmap (in target 'ExpoDevice' from project 'Pods')
    cd /Users/karelbraborec/rev-meter/ios/Pods
    write-file /Users/karelbraborec/Library/Developer/Xcode/DerivedData/revmeter-hbcnswmlqmbpnlazhhkncgeowiss/Build/Intermediates.noindex/Pods.build/Debug-iphonesimulator/ExpoDevice.build/ExpoDevice-generated-files.hmap

WriteAuxiliaryFile /Users/karelbraborec/Library/Developer/Xcode/DerivedData/revmeter-hbcnswmlqmbpnlazhhkncgeowiss/Build/Intermediates.noindex/Pods.build/Debug-iphonesimulator/ExpoDevice.build/ExpoDevice-all-target-headers.hmap (in target 'ExpoDevice' from project 'Pods')
    cd /Users/karelbraborec/rev-meter/ios/Pods
    write-file /Users/karelbraborec/Library/Developer/Xcode/DerivedData/revmeter-hbcnswmlqmbpnlazhhkncgeowiss/Build/Intermediates.noindex/Pods.build/Debug-iphonesimulator/ExpoDevice.build/ExpoDevice-all-target-headers.hmap

WriteAuxiliaryFile /Users/karelbraborec/Library/Developer/Xcode/DerivedData/revmeter-hbcnswmlqmbpnlazhhkncgeowiss/Build/Intermediates.noindex/Pods.build/Debug-iphonesimulator/ExpoDevice.build/ExpoDevice-all-non-framework-target-headers.hmap (in target 'ExpoDevice' from project 'Pods')
    cd /Users/karelbraborec/rev-meter/ios/Pods
    write-file /Users/karelbraborec/Library/Developer/Xcode/DerivedData/revmeter-hbcnswmlqmbpnlazhhkncgeowiss/Build/Intermediates.noindex/Pods.build/Debug-iphonesimulator/ExpoDevice.build/ExpoDevice-all-non-framework-target-headers.hmap

WriteAuxiliaryFile /Users/karelbraborec/Library/Developer/Xcode/DerivedData/revmeter-hbcnswmlqmbpnlazhhkncgeowiss/Build/Intermediates.noindex/Pods.build/Debug-iphonesimulator/ExpoAsset.build/Script-46EB2E00017190.sh (in target 'ExpoAsset' from project 'Pods')
    cd /Users/karelbraborec/rev-meter/ios/Pods
    write-file /Users/karelbraborec/Library/Developer/Xcode/DerivedData/revmeter-hbcnswmlqmbpnlazhhkncgeowiss/Build/Intermediates.noindex/Pods.build/Debug-iphonesimulator/ExpoAsset.build/Script-46EB2E00017190.sh

WriteAuxiliaryFile /Users/karelbraborec/Library/Developer/Xcode/DerivedData/revmeter-hbcnswmlqmbpnlazhhkncgeowiss/Build/Intermediates.noindex/Pods.build/Debug-iphonesimulator/ExpoAsset.build/Objects-normal/x86_64/ExpoAsset_const_extract_protocols.json (in target 'ExpoAsset' from project 'Pods')
    cd /Users/karelbraborec/rev-meter/ios/Pods
    write-file /Users/karelbraborec/Library/Developer/Xcode/DerivedData/revmeter-hbcnswmlqmbpnlazhhkncgeowiss/Build/Intermediates.noindex/Pods.build/Debug-iphonesimulator/ExpoAsset.build/Objects-normal/x86_64/ExpoAsset_const_extract_protocols.json

WriteAuxiliaryFile /Users/karelbraborec/Library/Developer/Xcode/DerivedData/revmeter-hbcnswmlqmbpnlazhhkncgeowiss/Build/Intermediates.noindex/Pods.build/Debug-iphonesimulator/ExpoAsset.build/Objects-normal/x86_64/e6072d4f65d7061329687fe24e3d63a7-common-args.resp (in target 'ExpoAsset' from project 'Pods')
    cd /Users/karelbraborec/rev-meter/ios/Pods
    write-file /Users/karelbraborec/Library/Developer/Xcode/DerivedData/revmeter-hbcnswmlqmbpnlazhhkncgeowiss/Build/Intermediates.noindex/Pods.build/Debug-iphonesimulator/ExpoAsset.build/Objects-normal/x86_64/e6072d4f65d7061329687fe24e3d63a7-common-args.resp
'-std=gnu11' -fobjc-arc -fmodules '-fmodules-cache-path=/Users/karelbraborec/Library/Developer/Xcode/DerivedData/ModuleCache.noindex' '-fmodule-name=ExpoAsset' -fpascal-strings -O0 -fno-common '-DPOD_CONFIGURATION_DEBUG=1' '-DDEBUG=1' '-DCOCOAPODS=1' '-DOBJC_OLD_DISPATCH_PROTOTYPES=0' -fasm-blocks -g '-fobjc-abi-version=2' -fobjc-legacy-dispatch -iquote /Users/karelbraborec/Library/Developer/Xcode/DerivedData/revmeter-hbcnswmlqmbpnlazhhkncgeowiss/Build/Intermediates.noindex/Pods.build/Debug-iphonesimulator/ExpoAsset.build/ExpoAsset-generated-files.hmap -I/Users/karelbraborec/Library/Developer/Xcode/DerivedData/revmeter-hbcnswmlqmbpnlazhhkncgeowiss/Build/Intermediates.noindex/Pods.build/Debug-iphonesimulator/ExpoAsset.build/ExpoAsset-own-target-headers.hmap -I/Users/karelbraborec/Library/Developer/Xcode/DerivedData/revmeter-hbcnswmlqmbpnlazhhkncgeowiss/Build/Intermediates.noindex/Pods.build/Debug-iphonesimulator/ExpoAsset.build/ExpoAsset-all-non-framework-target-headers.hmap -ivfsoverlay /Users/karelbraborec/Library/Developer/Xcode/DerivedData/revmeter-hbcnswmlqmbpnlazhhkncgeowiss/Build/Intermediates.noindex/Pods.build/Debug-iphonesimulator/Pods-8699adb1dd336b26511df848a716bd42-VFS-iphonesimulator/all-product-headers.yaml -iquote /Users/karelbraborec/Library/Developer/Xcode/DerivedData/revmeter-hbcnswmlqmbpnlazhhkncgeowiss/Build/Intermediates.noindex/Pods.build/Debug-iphonesimulator/ExpoAsset.build/ExpoAsset-project-headers.hmap -I/Users/karelbraborec/Library/Developer/Xcode/DerivedData/revmeter-hbcnswmlqmbpnlazhhkncgeowiss/Build/Products/Debug-iphonesimulator/ExpoAsset/include -I/Users/karelbraborec/rev-meter/ios/Pods/Headers/Public -I/Users/karelbraborec/rev-meter/ios/Pods/Headers/Public/FBLazyVector -I/Users/karelbraborec/rev-meter/ios/Pods/Headers/Public/RCTRequired -I/Users/karelbraborec/rev-meter/ios/Pods/Headers/Public/RCTSwiftUIWrapper -I/Users/karelbraborec/rev-meter/ios/Pods/Headers/Public/RCTTypeSafety -I/Users/karelbraborec/rev-meter/ios/Pods/Headers/Public/React-Core -I/Users/karelbraborec/rev-meter/ios/Pods/Headers/Public/React-Core-prebuilt -I/Users/karelbraborec/rev-meter/ios/Pods/Headers/Public/React-CoreModules -I/Users/karelbraborec/rev-meter/ios/Pods/Headers/Public/React-Fabric -I/Users/karelbraborec/rev-meter/ios/Pods/Headers/Public/React-FabricComponents -I/Users/karelbraborec/rev-meter/ios/Pods/Headers/Public/React-FabricImage -I/Users/karelbraborec/rev-meter/ios/Pods/Headers/Public/React-ImageManager -I/Users/karelbraborec/rev-meter/ios/Pods/Headers/Public/React-Mapbuffer -I/Users/karelbraborec/rev-meter/ios/Pods/Headers/Public/React-NativeModulesApple -I/Users/karelbraborec/rev-meter/ios/Pods/Headers/Public/React-RCTAnimation -I/Users/karelbraborec/rev-meter/ios/Pods/Headers/Public/React-RCTBlob -I/Users/karelbraborec/rev-meter/ios/Pods/Headers/Public/React-RCTFBReactNativeSpec -I/Users/karelbraborec/rev-meter/ios/Pods/Headers/Public/React-RCTFabric -I/Users/karelbraborec/rev-meter/ios/Pods/Headers/Public/React-RCTImage -I/Users/karelbraborec/rev-meter/ios/Pods/Headers/Public/React-RCTRuntime -I/Users/karelbraborec/rev-meter/ios/Pods/Headers/Public/React-RCTText -I/Users/karelbraborec/rev-meter/ios/Pods/Headers/Public/React-RuntimeApple -I/Users/karelbraborec/rev-meter/ios/Pods/Headers/Public/React-RuntimeCore -I/Users/karelbraborec/rev-meter/ios/Pods/Headers/Public/React-RuntimeHermes -I/Users/karelbraborec/rev-meter/ios/Pods/Headers/Public/React-callinvoker -I/Users/karelbraborec/rev-meter/ios/Pods/Headers/Public/React-cxxreact -I/Users/karelbraborec/rev-meter/ios/Pods/Headers/Public/React-debug -I/Users/karelbraborec/rev-meter/ios/Pods/Headers/Public/React-defaultsnativemodule -I/Users/karelbraborec/rev-meter/ios/Pods/Headers/Public/React-domnativemodule -I/Users/karelbraborec/rev-meter/ios/Pods/Headers/Public/React-featureflags -I/Users/karelbraborec/rev-meter/ios/Pods/Headers/Public/React-featureflagsnativemodule -I/Users/karelbraborec/rev-meter/ios/Pods/Headers/Public/React-graphics -I/Users/karelbraborec/rev-meter/ios/Pods/Headers/Public/React-hermes -I/Users/karelbraborec/rev-meter/ios/Pods/Headers/Public/React-idlecallbacksnativemodule -I/Users/karelbraborec/rev-meter/ios/Pods/Headers/Public/React-intersectionobservernativemodule -I/Users/karelbraborec/rev-meter/ios/Pods/Headers/Public/React-jserrorhandler -I/Users/karelbraborec/rev-meter/ios/Pods/Headers/Public/React-jsi -I/Users/karelbraborec/rev-meter/ios/Pods/Headers/Public/React-jsiexecutor -I/Users/karelbraborec/rev-meter/ios/Pods/Headers/Public/React-jsinspector -I/Users/karelbraborec/rev-meter/ios/Pods/Headers/Public/React-jsinspectorcdp -I/Users/karelbraborec/rev-meter/ios/Pods/Headers/Public/React-jsinspectornetwork -I/Users/karelbraborec/rev-meter/ios/Pods/Headers/Public/React-jsinspectortracing -I/Users/karelbraborec/rev-meter/ios/Pods/Headers/Public/React-jsitooling -I/Users/karelbraborec/rev-meter/ios/Pods/Headers/Public/React-logger -I/Users/karelbraborec/rev-meter/ios/Pods/Headers/Public/React-microtasksnativemodule -I/Users/karelbraborec/rev-meter/ios/Pods/Headers/Public/React-mutationobservernativemodule -I/Users/karelbraborec/rev-meter/ios/Pods/Headers/Public/React-networking -I/Users/karelbraborec/rev-meter/ios/Pods/Headers/Public/React-oscompat -I/Users/karelbraborec/rev-meter/ios/Pods/Headers/Public/React-perflogger -I/Users/karelbraborec/rev-meter/ios/Pods/Headers/Public/React-performancecdpmetrics -I/Users/karelbraborec/rev-meter/ios/Pods/Headers/Public/React-performancetimeline -I/Users/karelbraborec/rev-meter/ios/Pods/Headers/Public/React-rendererconsistency -I/Users/karelbraborec/rev-meter/ios/Pods/Headers/Public/React-renderercss -I/Users/karelbraborec/rev-meter/ios/Pods/Headers/Public/React-rendererdebug -I/Users/karelbraborec/rev-meter/ios/Pods/Headers/Public/React-runtimeexecutor -I/Users/karelbraborec/rev-meter/ios/Pods/Headers/Public/React-runtimescheduler -I/Users/karelbraborec/rev-meter/ios/Pods/Headers/Public/React-timing -I/Users/karelbraborec/rev-meter/ios/Pods/Headers/Public/React-utils -I/Users/karelbraborec/rev-meter/ios/Pods/Headers/Public/React-viewtransitionnativemodule -I/Users/karelbraborec/rev-meter/ios/Pods/Headers/Public/React-webperformancenativemodule -I/Users/karelbraborec/rev-meter/ios/Pods/Headers/Public/ReactCodegen -I/Users/karelbraborec/rev-meter/ios/Pods/Headers/Public/ReactCommon -I/Users/karelbraborec/rev-meter/ios/Pods/Headers/Public/ReactNativeDependencies -I/Users/karelbraborec/rev-meter/ios/Pods/Headers/Public/Yoga -I/Users/karelbraborec/rev-meter/ios/Pods/Headers/Public/hermes-engine -I/Users/karelbraborec/rev-meter/ios/Pods/ExpoModulesCore/ExpoModulesCore.xcframework/ios-arm64_x86_64-simulator/ExpoModulesCore.framework/Headers -I/Users/karelbraborec/rev-meter/ios/Pods/ExpoModulesCore/ExpoModulesCore.xcframework/ios-arm64/ExpoModulesCore.framework/Headers -I/Users/karelbraborec/rev-meter/ios/Pods/ExpoModulesCore/ExpoModulesCore.xcframework/ios-arm64_x86_64-simulator/ExpoModulesCore.framework/Headers -I/Users/karelbraborec/rev-meter/ios/Pods/ExpoModulesCore/ExpoModulesCore.xcframework/ios-arm64/ExpoModulesCore.framework/Headers -I/Users/karelbraborec/Library/Developer/Xcode/DerivedData/revmeter-hbcnswmlqmbpnlazhhkncgeowiss/Build/Intermediates.noindex/Pods.build/Debug-iphonesimulator/ExpoAsset.build/DerivedSources-normal/x86_64 -I/Users/karelbraborec/Library/Developer/Xcode/DerivedData/revmeter-hbcnswmlqmbpnlazhhkncgeowiss/Build/Intermediates.noindex/Pods.build/Debug-iphonesimulator/ExpoAsset.build/DerivedSources/x86_64 -I/Users/karelbraborec/Library/Developer/Xcode/DerivedData/revmeter-hbcnswmlqmbpnlazhhkncgeowiss/Build/Intermediates.noindex/Pods.build/Debug-iphonesimulator/ExpoAsset.build/DerivedSources -F/Users/karelbraborec/Library/Developer/Xcode/DerivedData/revmeter-hbcnswmlqmbpnlazhhkncgeowiss/Build/Products/Debug-iphonesimulator/ExpoAsset -F/Users/karelbraborec/rev-meter/node_modules/expo-modules-jsi/apple/Products -F/Users/karelbraborec/rev-meter/ios/Pods/ExpoModulesCore -F/Users/karelbraborec/rev-meter/ios/Pods/React-Core-prebuilt -F/Users/karelbraborec/rev-meter/ios/Pods/ReactNativeDependencies/framework/packages/react-native -F/Users/karelbraborec/rev-meter/ios/Pods/hermes-engine/destroot/Library/Frameworks/universal -F/Users/karelbraborec/Library/Developer/Xcode/DerivedData/revmeter-hbcnswmlqmbpnlazhhkncgeowiss/Build/Products/Debug-iphonesimulator/XCFrameworkIntermediates/ExpoModulesCore -F/Users/karelbraborec/Library/Developer/Xcode/DerivedData/revmeter-hbcnswmlqmbpnlazhhkncgeowiss/Build/Products/Debug-iphonesimulator/XCFrameworkIntermediates/ExpoModulesJSI -F/Users/karelbraborec/Library/Developer/Xcode/DerivedData/revmeter-hbcnswmlqmbpnlazhhkncgeowiss/Build/Products/Debug-iphonesimulator/XCFrameworkIntermediates/React-Core-prebuilt -F/Users/karelbraborec/Library/Developer/Xcode/DerivedData/revmeter-hbcnswmlqmbpnlazhhkncgeowiss/Build/Products/Debug-iphonesimulator/XCFrameworkIntermediates/ReactNativeDependencies -F/Users/karelbraborec/Library/Developer/Xcode/DerivedData/revmeter-hbcnswmlqmbpnlazhhkncgeowiss/Build/Products/Debug-iphonesimulator/XCFrameworkIntermediates/hermes-engine/Pre-built '-DRCT_REMOVE_LEGACY_ARCH=1' '-fmodule-map-file=/Users/karelbraborec/rev-meter/ios/Pods/Headers/Public/ReactCodegen/ReactCodegen.modulemap'

WriteAuxiliaryFile /Users/karelbraborec/Library/Developer/Xcode/DerivedData/revmeter-hbcnswmlqmbpnlazhhkncgeowiss/Build/Intermediates.noindex/Pods.build/Debug-iphonesimulator/ExpoAsset.build/Objects-normal/x86_64/ExpoAsset.SwiftFileList (in target 'ExpoAsset' from project 'Pods')
    cd /Users/karelbraborec/rev-meter/ios/Pods
    write-file /Users/karelbraborec/Library/Developer/Xcode/DerivedData/revmeter-hbcnswmlqmbpnlazhhkncgeowiss/Build/Intermediates.noindex/Pods.build/Debug-iphonesimulator/ExpoAsset.build/Objects-normal/x86_64/ExpoAsset.SwiftFileList

WriteAuxiliaryFile /Users/karelbraborec/Library/Developer/Xcode/DerivedData/revmeter-hbcnswmlqmbpnlazhhkncgeowiss/Build/Intermediates.noindex/Pods.build/Debug-iphonesimulator/ExpoAsset.build/Objects-normal/x86_64/ExpoAsset.SwiftConstValuesFileList (in target 'ExpoAsset' from project 'Pods')
    cd /Users/karelbraborec/rev-meter/ios/Pods
    write-file /Users/karelbraborec/Library/Developer/Xcode/DerivedData/revmeter-hbcnswmlqmbpnlazhhkncgeowiss/Build/Intermediates.noindex/Pods.build/Debug-iphonesimulator/ExpoAsset.build/Objects-normal/x86_64/ExpoAsset.SwiftConstValuesFileList

WriteAuxiliaryFile /Users/karelbraborec/Library/Developer/Xcode/DerivedData/revmeter-hbcnswmlqmbpnlazhhkncgeowiss/Build/Intermediates.noindex/Pods.build/Debug-iphonesimulator/ExpoAsset.build/Objects-normal/x86_64/ExpoAsset.LinkFileList (in target 'ExpoAsset' from project 'Pods')
    cd /Users/karelbraborec/rev-meter/ios/Pods
    write-file /Users/karelbraborec/Library/Developer/Xcode/DerivedData/revmeter-hbcnswmlqmbpnlazhhkncgeowiss/Build/Intermediates.noindex/Pods.build/Debug-iphonesimulator/ExpoAsset.build/Objects-normal/x86_64/ExpoAsset.LinkFileList

WriteAuxiliaryFile /Users/karelbraborec/Library/Developer/Xcode/DerivedData/revmeter-hbcnswmlqmbpnlazhhkncgeowiss/Build/Intermediates.noindex/Pods.build/Debug-iphonesimulator/ExpoAsset.build/Objects-normal/x86_64/ExpoAsset-OutputFileMap.json (in target 'ExpoAsset' from project 'Pods')
    cd /Users/karelbraborec/rev-meter/ios/Pods
    write-file /Users/karelbraborec/Library/Developer/Xcode/DerivedData/revmeter-hbcnswmlqmbpnlazhhkncgeowiss/Build/Intermediates.noindex/Pods.build/Debug-iphonesimulator/ExpoAsset.build/Objects-normal/x86_64/ExpoAsset-OutputFileMap.json

WriteAuxiliaryFile /Users/karelbraborec/Library/Developer/Xcode/DerivedData/revmeter-hbcnswmlqmbpnlazhhkncgeowiss/Build/Intermediates.noindex/Pods.build/Debug-iphonesimulator/ExpoAsset.build/Objects-normal/arm64/e6072d4f65d7061329687fe24e3d63a7-common-args.resp (in target 'ExpoAsset' from project 'Pods')
    cd /Users/karelbraborec/rev-meter/ios/Pods
    write-file /Users/karelbraborec/Library/Developer/Xcode/DerivedData/revmeter-hbcnswmlqmbpnlazhhkncgeowiss/Build/Intermediates.noindex/Pods.build/Debug-iphonesimulator/ExpoAsset.build/Objects-normal/arm64/e6072d4f65d7061329687fe24e3d63a7-common-args.resp
'-std=gnu11' -fobjc-arc -fmodules '-fmodules-cache-path=/Users/karelbraborec/Library/Developer/Xcode/DerivedData/ModuleCache.noindex' '-fmodule-name=ExpoAsset' -fpascal-strings -O0 -fno-common '-DPOD_CONFIGURATION_DEBUG=1' '-DDEBUG=1' '-DCOCOAPODS=1' '-DOBJC_OLD_DISPATCH_PROTOTYPES=0' -g '-fobjc-abi-version=2' -fobjc-legacy-dispatch -iquote /Users/karelbraborec/Library/Developer/Xcode/DerivedData/revmeter-hbcnswmlqmbpnlazhhkncgeowiss/Build/Intermediates.noindex/Pods.build/Debug-iphonesimulator/ExpoAsset.build/ExpoAsset-generated-files.hmap -I/Users/karelbraborec/Library/Developer/Xcode/DerivedData/revmeter-hbcnswmlqmbpnlazhhkncgeowiss/Build/Intermediates.noindex/Pods.build/Debug-iphonesimulator/ExpoAsset.build/ExpoAsset-own-target-headers.hmap -I/Users/karelbraborec/Library/Developer/Xcode/DerivedData/revmeter-hbcnswmlqmbpnlazhhkncgeowiss/Build/Intermediates.noindex/Pods.build/Debug-iphonesimulator/ExpoAsset.build/ExpoAsset-all-non-framework-target-headers.hmap -ivfsoverlay /Users/karelbraborec/Library/Developer/Xcode/DerivedData/revmeter-hbcnswmlqmbpnlazhhkncgeowiss/Build/Intermediates.noindex/Pods.build/Debug-iphonesimulator/Pods-8699adb1dd336b26511df848a716bd42-VFS-iphonesimulator/all-product-headers.yaml -iquote /Users/karelbraborec/Library/Developer/Xcode/DerivedData/revmeter-hbcnswmlqmbpnlazhhkncgeowiss/Build/Intermediates.noindex/Pods.build/Debug-iphonesimulator/ExpoAsset.build/ExpoAsset-project-headers.hmap -I/Users/karelbraborec/Library/Developer/Xcode/DerivedData/revmeter-hbcnswmlqmbpnlazhhkncgeowiss/Build/Products/Debug-iphonesimulator/ExpoAsset/include -I/Users/karelbraborec/rev-meter/ios/Pods/Headers/Public -I/Users/karelbraborec/rev-meter/ios/Pods/Headers/Public/FBLazyVector -I/Users/karelbraborec/rev-meter/ios/Pods/Headers/Public/RCTRequired -I/Users/karelbraborec/rev-meter/ios/Pods/Headers/Public/RCTSwiftUIWrapper -I/Users/karelbraborec/rev-meter/ios/Pods/Headers/Public/RCTTypeSafety -I/Users/karelbraborec/rev-meter/ios/Pods/Headers/Public/React-Core -I/Users/karelbraborec/rev-meter/ios/Pods/Headers/Public/React-Core-prebuilt -I/Users/karelbraborec/rev-meter/ios/Pods/Headers/Public/React-CoreModules -I/Users/karelbraborec/rev-meter/ios/Pods/Headers/Public/React-Fabric -I/Users/karelbraborec/rev-meter/ios/Pods/Headers/Public/React-FabricComponents -I/Users/karelbraborec/rev-meter/ios/Pods/Headers/Public/React-FabricImage -I/Users/karelbraborec/rev-meter/ios/Pods/Headers/Public/React-ImageManager -I/Users/karelbraborec/rev-meter/ios/Pods/Headers/Public/React-Mapbuffer -I/Users/karelbraborec/rev-meter/ios/Pods/Headers/Public/React-NativeModulesApple -I/Users/karelbraborec/rev-meter/ios/Pods/Headers/Public/React-RCTAnimation -I/Users/karelbraborec/rev-meter/ios/Pods/Headers/Public/React-RCTBlob -I/Users/karelbraborec/rev-meter/ios/Pods/Headers/Public/React-RCTFBReactNativeSpec -I/Users/karelbraborec/rev-meter/ios/Pods/Headers/Public/React-RCTFabric -I/Users/karelbraborec/rev-meter/ios/Pods/Headers/Public/React-RCTImage -I/Users/karelbraborec/rev-meter/ios/Pods/Headers/Public/React-RCTRuntime -I/Users/karelbraborec/rev-meter/ios/Pods/Headers/Public/React-RCTText -I/Users/karelbraborec/rev-meter/ios/Pods/Headers/Public/React-RuntimeApple -I/Users/karelbraborec/rev-meter/ios/Pods/Headers/Public/React-RuntimeCore -I/Users/karelbraborec/rev-meter/ios/Pods/Headers/Public/React-RuntimeHermes -I/Users/karelbraborec/rev-meter/ios/Pods/Headers/Public/React-callinvoker -I/Users/karelbraborec/rev-meter/ios/Pods/Headers/Public/React-cxxreact -I/Users/karelbraborec/rev-meter/ios/Pods/Headers/Public/React-debug -I/Users/karelbraborec/rev-meter/ios/Pods/Headers/Public/React-defaultsnativemodule -I/Users/karelbraborec/rev-meter/ios/Pods/Headers/Public/React-domnativemodule -I/Users/karelbraborec/rev-meter/ios/Pods/Headers/Public/React-featureflags -I/Users/karelbraborec/rev-meter/ios/Pods/Headers/Public/React-featureflagsnativemodule -I/Users/karelbraborec/rev-meter/ios/Pods/Headers/Public/React-graphics -I/Users/karelbraborec/rev-meter/ios/Pods/Headers/Public/React-hermes -I/Users/karelbraborec/rev-meter/ios/Pods/Headers/Public/React-idlecallbacksnativemodule -I/Users/karelbraborec/rev-meter/ios/Pods/Headers/Public/React-intersectionobservernativemodule -I/Users/karelbraborec/rev-meter/ios/Pods/Headers/Public/React-jserrorhandler -I/Users/karelbraborec/rev-meter/ios/Pods/Headers/Public/React-jsi -I/Users/karelbraborec/rev-meter/ios/Pods/Headers/Public/React-jsiexecutor -I/Users/karelbraborec/rev-meter/ios/Pods/Headers/Public/React-jsinspector -I/Users/karelbraborec/rev-meter/ios/Pods/Headers/Public/React-jsinspectorcdp -I/Users/karelbraborec/rev-meter/ios/Pods/Headers/Public/React-jsinspectornetwork -I/Users/karelbraborec/rev-meter/ios/Pods/Headers/Public/React-jsinspectortracing -I/Users/karelbraborec/rev-meter/ios/Pods/Headers/Public/React-jsitooling -I/Users/karelbraborec/rev-meter/ios/Pods/Headers/Public/React-logger -I/Users/karelbraborec/rev-meter/ios/Pods/Headers/Public/React-microtasksnativemodule -I/Users/karelbraborec/rev-meter/ios/Pods/Headers/Public/React-mutationobservernativemodule -I/Users/karelbraborec/rev-meter/ios/Pods/Headers/Public/React-networking -I/Users/karelbraborec/rev-meter/ios/Pods/Headers/Public/React-oscompat -I/Users/karelbraborec/rev-meter/ios/Pods/Headers/Public/React-perflogger -I/Users/karelbraborec/rev-meter/ios/Pods/Headers/Public/React-performancecdpmetrics -I/Users/karelbraborec/rev-meter/ios/Pods/Headers/Public/React-performancetimeline -I/Users/karelbraborec/rev-meter/ios/Pods/Headers/Public/React-rendererconsistency -I/Users/karelbraborec/rev-meter/ios/Pods/Headers/Public/React-renderercss -I/Users/karelbraborec/rev-meter/ios/Pods/Headers/Public/React-rendererdebug -I/Users/karelbraborec/rev-meter/ios/Pods/Headers/Public/React-runtimeexecutor -I/Users/karelbraborec/rev-meter/ios/Pods/Headers/Public/React-runtimescheduler -I/Users/karelbraborec/rev-meter/ios/Pods/Headers/Public/React-timing -I/Users/karelbraborec/rev-meter/ios/Pods/Headers/Public/React-utils -I/Users/karelbraborec/rev-meter/ios/Pods/Headers/Public/React-viewtransitionnativemodule -I/Users/karelbraborec/rev-meter/ios/Pods/Headers/Public/React-webperformancenativemodule -I/Users/karelbraborec/rev-meter/ios/Pods/Headers/Public/ReactCodegen -I/Users/karelbraborec/rev-meter/ios/Pods/Headers/Public/ReactCommon -I/Users/karelbraborec/rev-meter/ios/Pods/Headers/Public/ReactNativeDependencies -I/Users/karelbraborec/rev-meter/ios/Pods/Headers/Public/Yoga -I/Users/karelbraborec/rev-meter/ios/Pods/Headers/Public/hermes-engine -I/Users/karelbraborec/rev-meter/ios/Pods/ExpoModulesCore/ExpoModulesCore.xcframework/ios-arm64_x86_64-simulator/ExpoModulesCore.framework/Headers -I/Users/karelbraborec/rev-meter/ios/Pods/ExpoModulesCore/ExpoModulesCore.xcframework/ios-arm64/ExpoModulesCore.framework/Headers -I/Users/karelbraborec/rev-meter/ios/Pods/ExpoModulesCore/ExpoModulesCore.xcframework/ios-arm64_x86_64-simulator/ExpoModulesCore.framework/Headers -I/Users/karelbraborec/rev-meter/ios/Pods/ExpoModulesCore/ExpoModulesCore.xcframework/ios-arm64/ExpoModulesCore.framework/Headers -I/Users/karelbraborec/Library/Developer/Xcode/DerivedData/revmeter-hbcnswmlqmbpnlazhhkncgeowiss/Build/Intermediates.noindex/Pods.build/Debug-iphonesimulator/ExpoAsset.build/DerivedSources-normal/arm64 -I/Users/karelbraborec/Library/Developer/Xcode/DerivedData/revmeter-hbcnswmlqmbpnlazhhkncgeowiss/Build/Intermediates.noindex/Pods.build/Debug-iphonesimulator/ExpoAsset.build/DerivedSources/arm64 -I/Users/karelbraborec/Library/Developer/Xcode/DerivedData/revmeter-hbcnswmlqmbpnlazhhkncgeowiss/Build/Intermediates.noindex/Pods.build/Debug-iphonesimulator/ExpoAsset.build/DerivedSources -F/Users/karelbraborec/Library/Developer/Xcode/DerivedData/revmeter-hbcnswmlqmbpnlazhhkncgeowiss/Build/Products/Debug-iphonesimulator/ExpoAsset -F/Users/karelbraborec/rev-meter/node_modules/expo-modules-jsi/apple/Products -F/Users/karelbraborec/rev-meter/ios/Pods/ExpoModulesCore -F/Users/karelbraborec/rev-meter/ios/Pods/React-Core-prebuilt -F/Users/karelbraborec/rev-meter/ios/Pods/ReactNativeDependencies/framework/packages/react-native -F/Users/karelbraborec/rev-meter/ios/Pods/hermes-engine/destroot/Library/Frameworks/universal -F/Users/karelbraborec/Library/Developer/Xcode/DerivedData/revmeter-hbcnswmlqmbpnlazhhkncgeowiss/Build/Products/Debug-iphonesimulator/XCFrameworkIntermediates/ExpoModulesCore -F/Users/karelbraborec/Library/Developer/Xcode/DerivedData/revmeter-hbcnswmlqmbpnlazhhkncgeowiss/Build/Products/Debug-iphonesimulator/XCFrameworkIntermediates/ExpoModulesJSI -F/Users/karelbraborec/Library/Developer/Xcode/DerivedData/revmeter-hbcnswmlqmbpnlazhhkncgeowiss/Build/Products/Debug-iphonesimulator/XCFrameworkIntermediates/React-Core-prebuilt -F/Users/karelbraborec/Library/Developer/Xcode/DerivedData/revmeter-hbcnswmlqmbpnlazhhkncgeowiss/Build/Products/Debug-iphonesimulator/XCFrameworkIntermediates/ReactNativeDependencies -F/Users/karelbraborec/Library/Developer/Xcode/DerivedData/revmeter-hbcnswmlqmbpnlazhhkncgeowiss/Build/Products/Debug-iphonesimulator/XCFrameworkIntermediates/hermes-engine/Pre-built '-DRCT_REMOVE_LEGACY_ARCH=1' '-fmodule-map-file=/Users/karelbraborec/rev-meter/ios/Pods/Headers/Public/ReactCodegen/ReactCodegen.modulemap'

WriteAuxiliaryFile /Users/karelbraborec/Library/Developer/Xcode/DerivedData/revmeter-hbcnswmlqmbpnlazhhkncgeowiss/Build/Intermediates.noindex/Pods.build/Debug-iphonesimulator/ExpoAsset.build/Objects-normal/arm64/ExpoAsset_const_extract_protocols.json (in target 'ExpoAsset' from project 'Pods')
    cd /Users/karelbraborec/rev-meter/ios/Pods
    write-file /Users/karelbraborec/Library/Developer/Xcode/DerivedData/revmeter-hbcnswmlqmbpnlazhhkncgeowiss/Build/Intermediates.noindex/Pods.build/Debug-iphonesimulator/ExpoAsset.build/Objects-normal/arm64/ExpoAsset_const_extract_protocols.json

WriteAuxiliaryFile /Users/karelbraborec/Library/Developer/Xcode/DerivedData/revmeter-hbcnswmlqmbpnlazhhkncgeowiss/Build/Intermediates.noindex/Pods.build/Debug-iphonesimulator/ExpoAsset.build/Objects-normal/arm64/ExpoAsset.SwiftFileList (in target 'ExpoAsset' from project 'Pods')
    cd /Users/karelbraborec/rev-meter/ios/Pods
    write-file /Users/karelbraborec/Library/Developer/Xcode/DerivedData/revmeter-hbcnswmlqmbpnlazhhkncgeowiss/Build/Intermediates.noindex/Pods.build/Debug-iphonesimulator/ExpoAsset.build/Objects-normal/arm64/ExpoAsset.SwiftFileList

WriteAuxiliaryFile /Users/karelbraborec/Library/Developer/Xcode/DerivedData/revmeter-hbcnswmlqmbpnlazhhkncgeowiss/Build/Intermediates.noindex/Pods.build/Debug-iphonesimulator/ExpoAsset.build/Objects-normal/arm64/ExpoAsset.SwiftConstValuesFileList (in target 'ExpoAsset' from project 'Pods')
    cd /Users/karelbraborec/rev-meter/ios/Pods
    write-file /Users/karelbraborec/Library/Developer/Xcode/DerivedData/revmeter-hbcnswmlqmbpnlazhhkncgeowiss/Build/Intermediates.noindex/Pods.build/Debug-iphonesimulator/ExpoAsset.build/Objects-normal/arm64/ExpoAsset.SwiftConstValuesFileList

WriteAuxiliaryFile /Users/karelbraborec/Library/Developer/Xcode/DerivedData/revmeter-hbcnswmlqmbpnlazhhkncgeowiss/Build/Intermediates.noindex/Pods.build/Debug-iphonesimulator/ExpoAsset.build/Objects-normal/arm64/ExpoAsset.LinkFileList (in target 'ExpoAsset' from project 'Pods')
    cd /Users/karelbraborec/rev-meter/ios/Pods
    write-file /Users/karelbraborec/Library/Developer/Xcode/DerivedData/revmeter-hbcnswmlqmbpnlazhhkncgeowiss/Build/Intermediates.noindex/Pods.build/Debug-iphonesimulator/ExpoAsset.build/Objects-normal/arm64/ExpoAsset.LinkFileList

WriteAuxiliaryFile /Users/karelbraborec/Library/Developer/Xcode/DerivedData/revmeter-hbcnswmlqmbpnlazhhkncgeowiss/Build/Intermediates.noindex/Pods.build/Debug-iphonesimulator/ExpoAsset.build/Objects-normal/arm64/ExpoAsset-OutputFileMap.json (in target 'ExpoAsset' from project 'Pods')
    cd /Users/karelbraborec/rev-meter/ios/Pods
    write-file /Users/karelbraborec/Library/Developer/Xcode/DerivedData/revmeter-hbcnswmlqmbpnlazhhkncgeowiss/Build/Intermediates.noindex/Pods.build/Debug-iphonesimulator/ExpoAsset.build/Objects-normal/arm64/ExpoAsset-OutputFileMap.json

WriteAuxiliaryFile /Users/karelbraborec/Library/Developer/Xcode/DerivedData/revmeter-hbcnswmlqmbpnlazhhkncgeowiss/Build/Intermediates.noindex/Pods.build/Debug-iphonesimulator/ExpoAsset.build/ExpoAsset.hmap (in target 'ExpoAsset' from project 'Pods')
    cd /Users/karelbraborec/rev-meter/ios/Pods
    write-file /Users/karelbraborec/Library/Developer/Xcode/DerivedData/revmeter-hbcnswmlqmbpnlazhhkncgeowiss/Build/Intermediates.noindex/Pods.build/Debug-iphonesimulator/ExpoAsset.build/ExpoAsset.hmap

WriteAuxiliaryFile /Users/karelbraborec/Library/Developer/Xcode/DerivedData/revmeter-hbcnswmlqmbpnlazhhkncgeowiss/Build/Intermediates.noindex/Pods.build/Debug-iphonesimulator/ExpoAsset.build/ExpoAsset.DependencyStaticMetadataFileList (in target 'ExpoAsset' from project 'Pods')
    cd /Users/karelbraborec/rev-meter/ios/Pods
    write-file /Users/karelbraborec/Library/Developer/Xcode/DerivedData/revmeter-hbcnswmlqmbpnlazhhkncgeowiss/Build/Intermediates.noindex/Pods.build/Debug-iphonesimulator/ExpoAsset.build/ExpoAsset.DependencyStaticMetadataFileList

WriteAuxiliaryFile /Users/karelbraborec/Library/Developer/Xcode/DerivedData/revmeter-hbcnswmlqmbpnlazhhkncgeowiss/Build/Intermediates.noindex/Pods.build/Debug-iphonesimulator/ExpoAsset.build/ExpoAsset.DependencyMetadataFileList (in target 'ExpoAsset' from project 'Pods')
    cd /Users/karelbraborec/rev-meter/ios/Pods
    write-file /Users/karelbraborec/Library/Developer/Xcode/DerivedData/revmeter-hbcnswmlqmbpnlazhhkncgeowiss/Build/Intermediates.noindex/Pods.build/Debug-iphonesimulator/ExpoAsset.build/ExpoAsset.DependencyMetadataFileList

WriteAuxiliaryFile /Users/karelbraborec/Library/Developer/Xcode/DerivedData/revmeter-hbcnswmlqmbpnlazhhkncgeowiss/Build/Intermediates.noindex/Pods.build/Debug-iphonesimulator/ExpoAsset.build/ExpoAsset-project-headers.hmap (in target 'ExpoAsset' from project 'Pods')
    cd /Users/karelbraborec/rev-meter/ios/Pods
    write-file /Users/karelbraborec/Library/Developer/Xcode/DerivedData/revmeter-hbcnswmlqmbpnlazhhkncgeowiss/Build/Intermediates.noindex/Pods.build/Debug-iphonesimulator/ExpoAsset.build/ExpoAsset-project-headers.hmap

WriteAuxiliaryFile /Users/karelbraborec/Library/Developer/Xcode/DerivedData/revmeter-hbcnswmlqmbpnlazhhkncgeowiss/Build/Intermediates.noindex/Pods.build/Debug-iphonesimulator/ExpoAsset.build/ExpoAsset-own-target-headers.hmap (in target 'ExpoAsset' from project 'Pods')
    cd /Users/karelbraborec/rev-meter/ios/Pods
    write-file /Users/karelbraborec/Library/Developer/Xcode/DerivedData/revmeter-hbcnswmlqmbpnlazhhkncgeowiss/Build/Intermediates.noindex/Pods.build/Debug-iphonesimulator/ExpoAsset.build/ExpoAsset-own-target-headers.hmap

WriteAuxiliaryFile /Users/karelbraborec/Library/Developer/Xcode/DerivedData/revmeter-hbcnswmlqmbpnlazhhkncgeowiss/Build/Intermediates.noindex/Pods.build/Debug-iphonesimulator/ExpoAsset.build/ExpoAsset-generated-files.hmap (in target 'ExpoAsset' from project 'Pods')
    cd /Users/karelbraborec/rev-meter/ios/Pods
    write-file /Users/karelbraborec/Library/Developer/Xcode/DerivedData/revmeter-hbcnswmlqmbpnlazhhkncgeowiss/Build/Intermediates.noindex/Pods.build/Debug-iphonesimulator/ExpoAsset.build/ExpoAsset-generated-files.hmap

WriteAuxiliaryFile /Users/karelbraborec/Library/Developer/Xcode/DerivedData/revmeter-hbcnswmlqmbpnlazhhkncgeowiss/Build/Intermediates.noindex/Pods.build/Debug-iphonesimulator/ExpoAsset.build/ExpoAsset-all-target-headers.hmap (in target 'ExpoAsset' from project 'Pods')
    cd /Users/karelbraborec/rev-meter/ios/Pods
    write-file /Users/karelbraborec/Library/Developer/Xcode/DerivedData/revmeter-hbcnswmlqmbpnlazhhkncgeowiss/Build/Intermediates.noindex/Pods.build/Debug-iphonesimulator/ExpoAsset.build/ExpoAsset-all-target-headers.hmap

WriteAuxiliaryFile /Users/karelbraborec/Library/Developer/Xcode/DerivedData/revmeter-hbcnswmlqmbpnlazhhkncgeowiss/Build/Intermediates.noindex/Pods.build/Debug-iphonesimulator/ExpoAsset.build/ExpoAsset-all-non-framework-target-headers.hmap (in target 'ExpoAsset' from project 'Pods')
    cd /Users/karelbraborec/rev-meter/ios/Pods
    write-file /Users/karelbraborec/Library/Developer/Xcode/DerivedData/revmeter-hbcnswmlqmbpnlazhhkncgeowiss/Build/Intermediates.noindex/Pods.build/Debug-iphonesimulator/ExpoAsset.build/ExpoAsset-all-non-framework-target-headers.hmap

WriteAuxiliaryFile /Users/karelbraborec/Library/Developer/Xcode/DerivedData/revmeter-hbcnswmlqmbpnlazhhkncgeowiss/Build/Intermediates.noindex/Pods.build/Debug-iphonesimulator/Expo.build/Script-46EB2E00017060.sh (in target 'Expo' from project 'Pods')
    cd /Users/karelbraborec/rev-meter/ios/Pods
    write-file /Users/karelbraborec/Library/Developer/Xcode/DerivedData/revmeter-hbcnswmlqmbpnlazhhkncgeowiss/Build/Intermediates.noindex/Pods.build/Debug-iphonesimulator/Expo.build/Script-46EB2E00017060.sh

WriteAuxiliaryFile /Users/karelbraborec/Library/Developer/Xcode/DerivedData/revmeter-hbcnswmlqmbpnlazhhkncgeowiss/Build/Intermediates.noindex/Pods.build/Debug-iphonesimulator/Expo.build/Objects-normal/x86_64/e6072d4f65d7061329687fe24e3d63a7-common-args.resp (in target 'Expo' from project 'Pods')
    cd /Users/karelbraborec/rev-meter/ios/Pods
    write-file /Users/karelbraborec/Library/Developer/Xcode/DerivedData/revmeter-hbcnswmlqmbpnlazhhkncgeowiss/Build/Intermediates.noindex/Pods.build/Debug-iphonesimulator/Expo.build/Objects-normal/x86_64/e6072d4f65d7061329687fe24e3d63a7-common-args.resp
'-std=gnu11' -fobjc-arc -fmodules '-fmodules-cache-path=/Users/karelbraborec/Library/Developer/Xcode/DerivedData/ModuleCache.noindex' -fpascal-strings -O0 -fno-common '-DPOD_CONFIGURATION_DEBUG=1' '-DDEBUG=1' '-DCOCOAPODS=1' '-DOBJC_OLD_DISPATCH_PROTOTYPES=0' -fasm-blocks -g '-fobjc-abi-version=2' -fobjc-legacy-dispatch -iquote /Users/karelbraborec/Library/Developer/Xcode/DerivedData/revmeter-hbcnswmlqmbpnlazhhkncgeowiss/Build/Intermediates.noindex/Pods.build/Debug-iphonesimulator/Expo.build/Expo-generated-files.hmap -I/Users/karelbraborec/Library/Developer/Xcode/DerivedData/revmeter-hbcnswmlqmbpnlazhhkncgeowiss/Build/Intermediates.noindex/Pods.build/Debug-iphonesimulator/Expo.build/Expo-own-target-headers.hmap -I/Users/karelbraborec/Library/Developer/Xcode/DerivedData/revmeter-hbcnswmlqmbpnlazhhkncgeowiss/Build/Intermediates.noindex/Pods.build/Debug-iphonesimulator/Expo.build/Expo-all-non-framework-target-headers.hmap -ivfsoverlay /Users/karelbraborec/Library/Developer/Xcode/DerivedData/revmeter-hbcnswmlqmbpnlazhhkncgeowiss/Build/Intermediates.noindex/Pods.build/Debug-iphonesimulator/Pods-8699adb1dd336b26511df848a716bd42-VFS-iphonesimulator/all-product-headers.yaml -iquote /Users/karelbraborec/Library/Developer/Xcode/DerivedData/revmeter-hbcnswmlqmbpnlazhhkncgeowiss/Build/Intermediates.noindex/Pods.build/Debug-iphonesimulator/Expo.build/Expo-project-headers.hmap -I/Users/karelbraborec/Library/Developer/Xcode/DerivedData/revmeter-hbcnswmlqmbpnlazhhkncgeowiss/Build/Products/Debug-iphonesimulator/Expo/include -I/Users/karelbraborec/rev-meter/ios/Pods/Headers/Private -I/Users/karelbraborec/rev-meter/ios/Pods/Headers/Private/Expo -I/Users/karelbraborec/rev-meter/ios/Pods/Headers/Public -I/Users/karelbraborec/rev-meter/ios/Pods/Headers/Public/Expo -I/Users/karelbraborec/rev-meter/ios/Pods/Headers/Public/FBLazyVector -I/Users/karelbraborec/rev-meter/ios/Pods/Headers/Public/RCTRequired -I/Users/karelbraborec/rev-meter/ios/Pods/Headers/Public/RCTSwiftUIWrapper -I/Users/karelbraborec/rev-meter/ios/Pods/Headers/Public/RCTTypeSafety -I/Users/karelbraborec/rev-meter/ios/Pods/Headers/Public/React-Core -I/Users/karelbraborec/rev-meter/ios/Pods/Headers/Public/React-Core-prebuilt -I/Users/karelbraborec/rev-meter/ios/Pods/Headers/Public/React-CoreModules -I/Users/karelbraborec/rev-meter/ios/Pods/Headers/Public/React-Fabric -I/Users/karelbraborec/rev-meter/ios/Pods/Headers/Public/React-FabricComponents -I/Users/karelbraborec/rev-meter/ios/Pods/Headers/Public/React-FabricImage -I/Users/karelbraborec/rev-meter/ios/Pods/Headers/Public/React-ImageManager -I/Users/karelbraborec/rev-meter/ios/Pods/Headers/Public/React-Mapbuffer -I/Users/karelbraborec/rev-meter/ios/Pods/Headers/Public/React-NativeModulesApple -I/Users/karelbraborec/rev-meter/ios/Pods/Headers/Public/React-RCTAnimation -I/Users/karelbraborec/rev-meter/ios/Pods/Headers/Public/React-RCTBlob -I/Users/karelbraborec/rev-meter/ios/Pods/Headers/Public/React-RCTFBReactNativeSpec -I/Users/karelbraborec/rev-meter/ios/Pods/Headers/Public/React-RCTFabric -I/Users/karelbraborec/rev-meter/ios/Pods/Headers/Public/React-RCTImage -I/Users/karelbraborec/rev-meter/ios/Pods/Headers/Public/React-RCTRuntime -I/Users/karelbraborec/rev-meter/ios/Pods/Headers/Public/React-RCTText -I/Users/karelbraborec/rev-meter/ios/Pods/Headers/Public/React-RuntimeApple -I/Users/karelbraborec/rev-meter/ios/Pods/Headers/Public/React-RuntimeCore -I/Users/karelbraborec/rev-meter/ios/Pods/Headers/Public/React-RuntimeHermes -I/Users/karelbraborec/rev-meter/ios/Pods/Headers/Public/React-callinvoker -I/Users/karelbraborec/rev-meter/ios/Pods/Headers/Public/React-cxxreact -I/Users/karelbraborec/rev-meter/ios/Pods/Headers/Public/React-debug -I/Users/karelbraborec/rev-meter/ios/Pods/Headers/Public/React-defaultsnativemodule -I/Users/karelbraborec/rev-meter/ios/Pods/Headers/Public/React-domnativemodule -I/Users/karelbraborec/rev-meter/ios/Pods/Headers/Public/React-featureflags -I/Users/karelbraborec/rev-meter/ios/Pods/Headers/Public/React-featureflagsnativemodule -I/Users/karelbraborec/rev-meter/ios/Pods/Headers/Public/React-graphics -I/Users/karelbraborec/rev-meter/ios/Pods/Headers/Public/React-hermes -I/Users/karelbraborec/rev-meter/ios/Pods/Headers/Public/React-idlecallbacksnativemodule -I/Users/karelbraborec/rev-meter/ios/Pods/Headers/Public/React-intersectionobservernativemodule -I/Users/karelbraborec/rev-meter/ios/Pods/Headers/Public/React-jserrorhandler -I/Users/karelbraborec/rev-meter/ios/Pods/Headers/Public/React-jsi -I/Users/karelbraborec/rev-meter/ios/Pods/Headers/Public/React-jsiexecutor -I/Users/karelbraborec/rev-meter/ios/Pods/Headers/Public/React-jsinspector -I/Users/karelbraborec/rev-meter/ios/Pods/Headers/Public/React-jsinspectorcdp -I/Users/karelbraborec/rev-meter/ios/Pods/Headers/Public/React-jsinspectornetwork -I/Users/karelbraborec/rev-meter/ios/Pods/Headers/Public/React-jsinspectortracing -I/Users/karelbraborec/rev-meter/ios/Pods/Headers/Public/React-jsitooling -I/Users/karelbraborec/rev-meter/ios/Pods/Headers/Public/React-logger -I/Users/karelbraborec/rev-meter/ios/Pods/Headers/Public/React-microtasksnativemodule -I/Users/karelbraborec/rev-meter/ios/Pods/Headers/Public/React-mutationobservernativemodule -I/Users/karelbraborec/rev-meter/ios/Pods/Headers/Public/React-networking -I/Users/karelbraborec/rev-meter/ios/Pods/Headers/Public/React-oscompat -I/Users/karelbraborec/rev-meter/ios/Pods/Headers/Public/React-perflogger -I/Users/karelbraborec/rev-meter/ios/Pods/Headers/Public/React-performancecdpmetrics -I/Users/karelbraborec/rev-meter/ios/Pods/Headers/Public/React-performancetimeline -I/Users/karelbraborec/rev-meter/ios/Pods/Headers/Public/React-rendererconsistency -I/Users/karelbraborec/rev-meter/ios/Pods/Headers/Public/React-renderercss -I/Users/karelbraborec/rev-meter/ios/Pods/Headers/Public/React-rendererdebug -I/Users/karelbraborec/rev-meter/ios/Pods/Headers/Public/React-runtimeexecutor -I/Users/karelbraborec/rev-meter/ios/Pods/Headers/Public/React-runtimescheduler -I/Users/karelbraborec/rev-meter/ios/Pods/Headers/Public/React-timing -I/Users/karelbraborec/rev-meter/ios/Pods/Headers/Public/React-utils -I/Users/karelbraborec/rev-meter/ios/Pods/Headers/Public/React-viewtransitionnativemodule -I/Users/karelbraborec/rev-meter/ios/Pods/Headers/Public/React-webperformancenativemodule -I/Users/karelbraborec/rev-meter/ios/Pods/Headers/Public/ReactCodegen -I/Users/karelbraborec/rev-meter/ios/Pods/Headers/Public/ReactCommon -I/Users/karelbraborec/rev-meter/ios/Pods/Headers/Public/ReactNativeDependencies -I/Users/karelbraborec/rev-meter/ios/Pods/Headers/Public/Yoga -I/Users/karelbraborec/rev-meter/ios/Pods/Headers/Public/hermes-engine -I/Users/karelbraborec/rev-meter/ios/Pods/Headers/Private/React-Core -I/Users/karelbraborec/rev-meter/ios/Pods/DoubleConversion '-I/Users/karelbraborec/Library/Developer/Xcode/DerivedData/revmeter-hbcnswmlqmbpnlazhhkncgeowiss/Build/Products/Debug-iphonesimulator/ExpoModulesCore/Swift Compatibility Header' -I/Users/karelbraborec/rev-meter/ios/Pods/Headers/Private/Yoga -I/Users/karelbraborec/rev-meter/ios/Pods/ExpoModulesCore/ExpoModulesCore.xcframework/ios-arm64_x86_64-simulator/ExpoModulesCore.framework/Headers -I/Users/karelbraborec/rev-meter/ios/Pods/ExpoModulesCore/ExpoModulesCore.xcframework/ios-arm64/ExpoModulesCore.framework/Headers -I/Users/karelbraborec/rev-meter/ios/Pods/ExpoModulesCore/ExpoModulesCore.xcframework/ios-arm64_x86_64-simulator/ExpoModulesCore.framework/Headers -I/Users/karelbraborec/rev-meter/ios/Pods/ExpoModulesCore/ExpoModulesCore.xcframework/ios-arm64/ExpoModulesCore.framework/Headers -I/Users/karelbraborec/Library/Developer/Xcode/DerivedData/revmeter-hbcnswmlqmbpnlazhhkncgeowiss/Build/Intermediates.noindex/Pods.build/Debug-iphonesimulator/Expo.build/DerivedSources-normal/x86_64 -I/Users/karelbraborec/Library/Developer/Xcode/DerivedData/revmeter-hbcnswmlqmbpnlazhhkncgeowiss/Build/Intermediates.noindex/Pods.build/Debug-iphonesimulator/Expo.build/DerivedSources/x86_64 -I/Users/karelbraborec/Library/Developer/Xcode/DerivedData/revmeter-hbcnswmlqmbpnlazhhkncgeowiss/Build/Intermediates.noindex/Pods.build/Debug-iphonesimulator/Expo.build/DerivedSources -F/Users/karelbraborec/Library/Developer/Xcode/DerivedData/revmeter-hbcnswmlqmbpnlazhhkncgeowiss/Build/Products/Debug-iphonesimulator/Expo -F/Users/karelbraborec/rev-meter/node_modules/expo-modules-jsi/apple/Products -F/Users/karelbraborec/rev-meter/ios/Pods/ExpoModulesCore -F/Users/karelbraborec/rev-meter/ios/Pods/React-Core-prebuilt -F/Users/karelbraborec/rev-meter/ios/Pods/ReactNativeDependencies/framework/packages/react-native -F/Users/karelbraborec/rev-meter/ios/Pods/hermes-engine/destroot/Library/Frameworks/universal -F/Users/karelbraborec/Library/Developer/Xcode/DerivedData/revmeter-hbcnswmlqmbpnlazhhkncgeowiss/Build/Products/Debug-iphonesimulator/XCFrameworkIntermediates/ExpoModulesCore -F/Users/karelbraborec/Library/Developer/Xcode/DerivedData/revmeter-hbcnswmlqmbpnlazhhkncgeowiss/Build/Products/Debug-iphonesimulator/XCFrameworkIntermediates/ExpoModulesJSI -F/Users/karelbraborec/Library/Developer/Xcode/DerivedData/revmeter-hbcnswmlqmbpnlazhhkncgeowiss/Build/Products/Debug-iphonesimulator/XCFrameworkIntermediates/React-Core-prebuilt -F/Users/karelbraborec/Library/Developer/Xcode/DerivedData/revmeter-hbcnswmlqmbpnlazhhkncgeowiss/Build/Products/Debug-iphonesimulator/XCFrameworkIntermediates/ReactNativeDependencies -F/Users/karelbraborec/Library/Developer/Xcode/DerivedData/revmeter-hbcnswmlqmbpnlazhhkncgeowiss/Build/Products/Debug-iphonesimulator/XCFrameworkIntermediates/hermes-engine/Pre-built '-DRCT_REMOVE_LEGACY_ARCH=1' '-fmodule-map-file=/Users/karelbraborec/rev-meter/ios/Pods/Headers/Public/ReactAppDependencyProvider/ReactAppDependencyProvider.modulemap' '-fmodule-map-file=/Users/karelbraborec/rev-meter/ios/Pods/Headers/Public/ReactCodegen/ReactCodegen.modulemap' '-DRCT_REMOVE_LEGACY_ARCH=1' -ivfsoverlay /Users/karelbraborec/rev-meter/ios/Pods/React-Core-prebuilt/React-VFS.yaml

WriteAuxiliaryFile /Users/karelbraborec/Library/Developer/Xcode/DerivedData/revmeter-hbcnswmlqmbpnlazhhkncgeowiss/Build/Intermediates.noindex/Pods.build/Debug-iphonesimulator/Expo.build/Objects-normal/x86_64/af3fcb34312c57c0f52879cdce924b91-common-args.resp (in target 'Expo' from project 'Pods')
    cd /Users/karelbraborec/rev-meter/ios/Pods
    write-file /Users/karelbraborec/Library/Developer/Xcode/DerivedData/revmeter-hbcnswmlqmbpnlazhhkncgeowiss/Build/Intermediates.noindex/Pods.build/Debug-iphonesimulator/Expo.build/Objects-normal/x86_64/af3fcb34312c57c0f52879cdce924b91-common-args.resp
'-std=c++20' '-stdlib=libc++' -fobjc-arc -fmodules -fno-cxx-modules '-fmodules-cache-path=/Users/karelbraborec/Library/Developer/Xcode/DerivedData/ModuleCache.noindex' '-D_LIBCPP_HARDENING_MODE=_LIBCPP_HARDENING_MODE_DEBUG' -fpascal-strings -O0 -fno-common '-DPOD_CONFIGURATION_DEBUG=1' '-DDEBUG=1' '-DCOCOAPODS=1' '-DOBJC_OLD_DISPATCH_PROTOTYPES=0' -fasm-blocks -g '-fobjc-abi-version=2' -fobjc-legacy-dispatch -iquote /Users/karelbraborec/Library/Developer/Xcode/DerivedData/revmeter-hbcnswmlqmbpnlazhhkncgeowiss/Build/Intermediates.noindex/Pods.build/Debug-iphonesimulator/Expo.build/Expo-generated-files.hmap -I/Users/karelbraborec/Library/Developer/Xcode/DerivedData/revmeter-hbcnswmlqmbpnlazhhkncgeowiss/Build/Intermediates.noindex/Pods.build/Debug-iphonesimulator/Expo.build/Expo-own-target-headers.hmap -I/Users/karelbraborec/Library/Developer/Xcode/DerivedData/revmeter-hbcnswmlqmbpnlazhhkncgeowiss/Build/Intermediates.noindex/Pods.build/Debug-iphonesimulator/Expo.build/Expo-all-non-framework-target-headers.hmap -ivfsoverlay /Users/karelbraborec/Library/Developer/Xcode/DerivedData/revmeter-hbcnswmlqmbpnlazhhkncgeowiss/Build/Intermediates.noindex/Pods.build/Debug-iphonesimulator/Pods-8699adb1dd336b26511df848a716bd42-VFS-iphonesimulator/all-product-headers.yaml -iquote /Users/karelbraborec/Library/Developer/Xcode/DerivedData/revmeter-hbcnswmlqmbpnlazhhkncgeowiss/Build/Intermediates.noindex/Pods.build/Debug-iphonesimulator/Expo.build/Expo-project-headers.hmap -I/Users/karelbraborec/Library/Developer/Xcode/DerivedData/revmeter-hbcnswmlqmbpnlazhhkncgeowiss/Build/Products/Debug-iphonesimulator/Expo/include -I/Users/karelbraborec/rev-meter/ios/Pods/Headers/Private -I/Users/karelbraborec/rev-meter/ios/Pods/Headers/Private/Expo -I/Users/karelbraborec/rev-meter/ios/Pods/Headers/Public -I/Users/karelbraborec/rev-meter/ios/Pods/Headers/Public/Expo -I/Users/karelbraborec/rev-meter/ios/Pods/Headers/Public/FBLazyVector -I/Users/karelbraborec/rev-meter/ios/Pods/Headers/Public/RCTRequired -I/Users/karelbraborec/rev-meter/ios/Pods/Headers/Public/RCTSwiftUIWrapper -I/Users/karelbraborec/rev-meter/ios/Pods/Headers/Public/RCTTypeSafety -I/Users/karelbraborec/rev-meter/ios/Pods/Headers/Public/React-Core -I/Users/karelbraborec/rev-meter/ios/Pods/Headers/Public/React-Core-prebuilt -I/Users/karelbraborec/rev-meter/ios/Pods/Headers/Public/React-CoreModules -I/Users/karelbraborec/rev-meter/ios/Pods/Headers/Public/React-Fabric -I/Users/karelbraborec/rev-meter/ios/Pods/Headers/Public/React-FabricComponents -I/Users/karelbraborec/rev-meter/ios/Pods/Headers/Public/React-FabricImage -I/Users/karelbraborec/rev-meter/ios/Pods/Headers/Public/React-ImageManager -I/Users/karelbraborec/rev-meter/ios/Pods/Headers/Public/React-Mapbuffer -I/Users/karelbraborec/rev-meter/ios/Pods/Headers/Public/React-NativeModulesApple -I/Users/karelbraborec/rev-meter/ios/Pods/Headers/Public/React-RCTAnimation -I/Users/karelbraborec/rev-meter/ios/Pods/Headers/Public/React-RCTBlob -I/Users/karelbraborec/rev-meter/ios/Pods/Headers/Public/React-RCTFBReactNativeSpec -I/Users/karelbraborec/rev-meter/ios/Pods/Headers/Public/React-RCTFabric -I/Users/karelbraborec/rev-meter/ios/Pods/Headers/Public/React-RCTImage -I/Users/karelbraborec/rev-meter/ios/Pods/Headers/Public/React-RCTRuntime -I/Users/karelbraborec/rev-meter/ios/Pods/Headers/Public/React-RCTText -I/Users/karelbraborec/rev-meter/ios/Pods/Headers/Public/React-RuntimeApple -I/Users/karelbraborec/rev-meter/ios/Pods/Headers/Public/React-RuntimeCore -I/Users/karelbraborec/rev-meter/ios/Pods/Headers/Public/React-RuntimeHermes -I/Users/karelbraborec/rev-meter/ios/Pods/Headers/Public/React-callinvoker -I/Users/karelbraborec/rev-meter/ios/Pods/Headers/Public/React-cxxreact -I/Users/karelbraborec/rev-meter/ios/Pods/Headers/Public/React-debug -I/Users/karelbraborec/rev-meter/ios/Pods/Headers/Public/React-defaultsnativemodule -I/Users/karelbraborec/rev-meter/ios/Pods/Headers/Public/React-domnativemodule -I/Users/karelbraborec/rev-meter/ios/Pods/Headers/Public/React-featureflags -I/Users/karelbraborec/rev-meter/ios/Pods/Headers/Public/React-featureflagsnativemodule -I/Users/karelbraborec/rev-meter/ios/Pods/Headers/Public/React-graphics -I/Users/karelbraborec/rev-meter/ios/Pods/Headers/Public/React-hermes -I/Users/karelbraborec/rev-meter/ios/Pods/Headers/Public/React-idlecallbacksnativemodule -I/Users/karelbraborec/rev-meter/ios/Pods/Headers/Public/React-intersectionobservernativemodule -I/Users/karelbraborec/rev-meter/ios/Pods/Headers/Public/React-jserrorhandler -I/Users/karelbraborec/rev-meter/ios/Pods/Headers/Public/React-jsi -I/Users/karelbraborec/rev-meter/ios/Pods/Headers/Public/React-jsiexecutor -I/Users/karelbraborec/rev-meter/ios/Pods/Headers/Public/React-jsinspector -I/Users/karelbraborec/rev-meter/ios/Pods/Headers/Public/React-jsinspectorcdp -I/Users/karelbraborec/rev-meter/ios/Pods/Headers/Public/React-jsinspectornetwork -I/Users/karelbraborec/rev-meter/ios/Pods/Headers/Public/React-jsinspectortracing -I/Users/karelbraborec/rev-meter/ios/Pods/Headers/Public/React-jsitooling -I/Users/karelbraborec/rev-meter/ios/Pods/Headers/Public/React-logger -I/Users/karelbraborec/rev-meter/ios/Pods/Headers/Public/React-microtasksnativemodule -I/Users/karelbraborec/rev-meter/ios/Pods/Headers/Public/React-mutationobservernativemodule -I/Users/karelbraborec/rev-meter/ios/Pods/Headers/Public/React-networking -I/Users/karelbraborec/rev-meter/ios/Pods/Headers/Public/React-oscompat -I/Users/karelbraborec/rev-meter/ios/Pods/Headers/Public/React-perflogger -I/Users/karelbraborec/rev-meter/ios/Pods/Headers/Public/React-performancecdpmetrics -I/Users/karelbraborec/rev-meter/ios/Pods/Headers/Public/React-performancetimeline -I/Users/karelbraborec/rev-meter/ios/Pods/Headers/Public/React-rendererconsistency -I/Users/karelbraborec/rev-meter/ios/Pods/Headers/Public/React-renderercss -I/Users/karelbraborec/rev-meter/ios/Pods/Headers/Public/React-rendererdebug -I/Users/karelbraborec/rev-meter/ios/Pods/Headers/Public/React-runtimeexecutor -I/Users/karelbraborec/rev-meter/ios/Pods/Headers/Public/React-runtimescheduler -I/Users/karelbraborec/rev-meter/ios/Pods/Headers/Public/React-timing -I/Users/karelbraborec/rev-meter/ios/Pods/Headers/Public/React-utils -I/Users/karelbraborec/rev-meter/ios/Pods/Headers/Public/React-viewtransitionnativemodule -I/Users/karelbraborec/rev-meter/ios/Pods/Headers/Public/React-webperformancenativemodule -I/Users/karelbraborec/rev-meter/ios/Pods/Headers/Public/ReactCodegen -I/Users/karelbraborec/rev-meter/ios/Pods/Headers/Public/ReactCommon -I/Users/karelbraborec/rev-meter/ios/Pods/Headers/Public/ReactNativeDependencies -I/Users/karelbraborec/rev-meter/ios/Pods/Headers/Public/Yoga -I/Users/karelbraborec/rev-meter/ios/Pods/Headers/Public/hermes-engine -I/Users/karelbraborec/rev-meter/ios/Pods/Headers/Private/React-Core -I/Users/karelbraborec/rev-meter/ios/Pods/DoubleConversion '-I/Users/karelbraborec/Library/Developer/Xcode/DerivedData/revmeter-hbcnswmlqmbpnlazhhkncgeowiss/Build/Products/Debug-iphonesimulator/ExpoModulesCore/Swift Compatibility Header' -I/Users/karelbraborec/rev-meter/ios/Pods/Headers/Private/Yoga -I/Users/karelbraborec/rev-meter/ios/Pods/ExpoModulesCore/ExpoModulesCore.xcframework/ios-arm64_x86_64-simulator/ExpoModulesCore.framework/Headers -I/Users/karelbraborec/rev-meter/ios/Pods/ExpoModulesCore/ExpoModulesCore.xcframework/ios-arm64/ExpoModulesCore.framework/Headers -I/Users/karelbraborec/rev-meter/ios/Pods/ExpoModulesCore/ExpoModulesCore.xcframework/ios-arm64_x86_64-simulator/ExpoModulesCore.framework/Headers -I/Users/karelbraborec/rev-meter/ios/Pods/ExpoModulesCore/ExpoModulesCore.xcframework/ios-arm64/ExpoModulesCore.framework/Headers -I/Users/karelbraborec/Library/Developer/Xcode/DerivedData/revmeter-hbcnswmlqmbpnlazhhkncgeowiss/Build/Intermediates.noindex/Pods.build/Debug-iphonesimulator/Expo.build/DerivedSources-normal/x86_64 -I/Users/karelbraborec/Library/Developer/Xcode/DerivedData/revmeter-hbcnswmlqmbpnlazhhkncgeowiss/Build/Intermediates.noindex/Pods.build/Debug-iphonesimulator/Expo.build/DerivedSources/x86_64 -I/Users/karelbraborec/Library/Developer/Xcode/DerivedData/revmeter-hbcnswmlqmbpnlazhhkncgeowiss/Build/Intermediates.noindex/Pods.build/Debug-iphonesimulator/Expo.build/DerivedSources -F/Users/karelbraborec/Library/Developer/Xcode/DerivedData/revmeter-hbcnswmlqmbpnlazhhkncgeowiss/Build/Products/Debug-iphonesimulator/Expo -F/Users/karelbraborec/rev-meter/node_modules/expo-modules-jsi/apple/Products -F/Users/karelbraborec/rev-meter/ios/Pods/ExpoModulesCore -F/Users/karelbraborec/rev-meter/ios/Pods/React-Core-prebuilt -F/Users/karelbraborec/rev-meter/ios/Pods/ReactNativeDependencies/framework/packages/react-native -F/Users/karelbraborec/rev-meter/ios/Pods/hermes-engine/destroot/Library/Frameworks/universal -F/Users/karelbraborec/Library/Developer/Xcode/DerivedData/revmeter-hbcnswmlqmbpnlazhhkncgeowiss/Build/Products/Debug-iphonesimulator/XCFrameworkIntermediates/ExpoModulesCore -F/Users/karelbraborec/Library/Developer/Xcode/DerivedData/revmeter-hbcnswmlqmbpnlazhhkncgeowiss/Build/Products/Debug-iphonesimulator/XCFrameworkIntermediates/ExpoModulesJSI -F/Users/karelbraborec/Library/Developer/Xcode/DerivedData/revmeter-hbcnswmlqmbpnlazhhkncgeowiss/Build/Products/Debug-iphonesimulator/XCFrameworkIntermediates/React-Core-prebuilt -F/Users/karelbraborec/Library/Developer/Xcode/DerivedData/revmeter-hbcnswmlqmbpnlazhhkncgeowiss/Build/Products/Debug-iphonesimulator/XCFrameworkIntermediates/ReactNativeDependencies -F/Users/karelbraborec/Library/Developer/Xcode/DerivedData/revmeter-hbcnswmlqmbpnlazhhkncgeowiss/Build/Products/Debug-iphonesimulator/XCFrameworkIntermediates/hermes-engine/Pre-built '-DRCT_REMOVE_LEGACY_ARCH=1' '-fmodule-map-file=/Users/karelbraborec/rev-meter/ios/Pods/Headers/Public/ReactAppDependencyProvider/ReactAppDependencyProvider.modulemap' '-fmodule-map-file=/Users/karelbraborec/rev-meter/ios/Pods/Headers/Public/ReactCodegen/ReactCodegen.modulemap' '-DRCT_REMOVE_LEGACY_ARCH=1' -ivfsoverlay /Users/karelbraborec/rev-meter/ios/Pods/React-Core-prebuilt/React-VFS.yaml '-DRCT_REMOVE_LEGACY_ARCH=1' '-DRCT_NEW_ARCH_ENABLED=1' -ivfsoverlay /Users/karelbraborec/rev-meter/ios/Pods/React-Core-prebuilt/React-VFS.yaml

WriteAuxiliaryFile /Users/karelbraborec/Library/Developer/Xcode/DerivedData/revmeter-hbcnswmlqmbpnlazhhkncgeowiss/Build/Intermediates.noindex/Pods.build/Debug-iphonesimulator/Expo.build/Objects-normal/x86_64/Expo_const_extract_protocols.json (in target 'Expo' from project 'Pods')
    cd /Users/karelbraborec/rev-meter/ios/Pods
    write-file /Users/karelbraborec/Library/Developer/Xcode/DerivedData/revmeter-hbcnswmlqmbpnlazhhkncgeowiss/Build/Intermediates.noindex/Pods.build/Debug-iphonesimulator/Expo.build/Objects-normal/x86_64/Expo_const_extract_protocols.json

WriteAuxiliaryFile /Users/karelbraborec/Library/Developer/Xcode/DerivedData/revmeter-hbcnswmlqmbpnlazhhkncgeowiss/Build/Intermediates.noindex/Pods.build/Debug-iphonesimulator/Expo.build/Objects-normal/x86_64/Expo.SwiftFileList (in target 'Expo' from project 'Pods')
    cd /Users/karelbraborec/rev-meter/ios/Pods
    write-file /Users/karelbraborec/Library/Developer/Xcode/DerivedData/revmeter-hbcnswmlqmbpnlazhhkncgeowiss/Build/Intermediates.noindex/Pods.build/Debug-iphonesimulator/Expo.build/Objects-normal/x86_64/Expo.SwiftFileList

WriteAuxiliaryFile /Users/karelbraborec/Library/Developer/Xcode/DerivedData/revmeter-hbcnswmlqmbpnlazhhkncgeowiss/Build/Intermediates.noindex/Pods.build/Debug-iphonesimulator/Expo.build/Objects-normal/x86_64/Expo.SwiftConstValuesFileList (in target 'Expo' from project 'Pods')
    cd /Users/karelbraborec/rev-meter/ios/Pods
    write-file /Users/karelbraborec/Library/Developer/Xcode/DerivedData/revmeter-hbcnswmlqmbpnlazhhkncgeowiss/Build/Intermediates.noindex/Pods.build/Debug-iphonesimulator/Expo.build/Objects-normal/x86_64/Expo.SwiftConstValuesFileList

WriteAuxiliaryFile /Users/karelbraborec/Library/Developer/Xcode/DerivedData/revmeter-hbcnswmlqmbpnlazhhkncgeowiss/Build/Intermediates.noindex/Pods.build/Debug-iphonesimulator/Expo.build/Objects-normal/x86_64/Expo.LinkFileList (in target 'Expo' from project 'Pods')
    cd /Users/karelbraborec/rev-meter/ios/Pods
    write-file /Users/karelbraborec/Library/Developer/Xcode/DerivedData/revmeter-hbcnswmlqmbpnlazhhkncgeowiss/Build/Intermediates.noindex/Pods.build/Debug-iphonesimulator/Expo.build/Objects-normal/x86_64/Expo.LinkFileList

WriteAuxiliaryFile /Users/karelbraborec/Library/Developer/Xcode/DerivedData/revmeter-hbcnswmlqmbpnlazhhkncgeowiss/Build/Intermediates.noindex/Pods.build/Debug-iphonesimulator/Expo.build/Objects-normal/x86_64/Expo-OutputFileMap.json (in target 'Expo' from project 'Pods')
    cd /Users/karelbraborec/rev-meter/ios/Pods
    write-file /Users/karelbraborec/Library/Developer/Xcode/DerivedData/revmeter-hbcnswmlqmbpnlazhhkncgeowiss/Build/Intermediates.noindex/Pods.build/Debug-iphonesimulator/Expo.build/Objects-normal/x86_64/Expo-OutputFileMap.json

WriteAuxiliaryFile /Users/karelbraborec/Library/Developer/Xcode/DerivedData/revmeter-hbcnswmlqmbpnlazhhkncgeowiss/Build/Intermediates.noindex/Pods.build/Debug-iphonesimulator/Expo.build/Objects-normal/arm64/af3fcb34312c57c0f52879cdce924b91-common-args.resp (in target 'Expo' from project 'Pods')
    cd /Users/karelbraborec/rev-meter/ios/Pods
    write-file /Users/karelbraborec/Library/Developer/Xcode/DerivedData/revmeter-hbcnswmlqmbpnlazhhkncgeowiss/Build/Intermediates.noindex/Pods.build/Debug-iphonesimulator/Expo.build/Objects-normal/arm64/af3fcb34312c57c0f52879cdce924b91-common-args.resp
'-std=c++20' '-stdlib=libc++' -fobjc-arc -fmodules -fno-cxx-modules '-fmodules-cache-path=/Users/karelbraborec/Library/Developer/Xcode/DerivedData/ModuleCache.noindex' '-D_LIBCPP_HARDENING_MODE=_LIBCPP_HARDENING_MODE_DEBUG' -fpascal-strings -O0 -fno-common '-DPOD_CONFIGURATION_DEBUG=1' '-DDEBUG=1' '-DCOCOAPODS=1' '-DOBJC_OLD_DISPATCH_PROTOTYPES=0' -g '-fobjc-abi-version=2' -fobjc-legacy-dispatch -iquote /Users/karelbraborec/Library/Developer/Xcode/DerivedData/revmeter-hbcnswmlqmbpnlazhhkncgeowiss/Build/Intermediates.noindex/Pods.build/Debug-iphonesimulator/Expo.build/Expo-generated-files.hmap -I/Users/karelbraborec/Library/Developer/Xcode/DerivedData/revmeter-hbcnswmlqmbpnlazhhkncgeowiss/Build/Intermediates.noindex/Pods.build/Debug-iphonesimulator/Expo.build/Expo-own-target-headers.hmap -I/Users/karelbraborec/Library/Developer/Xcode/DerivedData/revmeter-hbcnswmlqmbpnlazhhkncgeowiss/Build/Intermediates.noindex/Pods.build/Debug-iphonesimulator/Expo.build/Expo-all-non-framework-target-headers.hmap -ivfsoverlay /Users/karelbraborec/Library/Developer/Xcode/DerivedData/revmeter-hbcnswmlqmbpnlazhhkncgeowiss/Build/Intermediates.noindex/Pods.build/Debug-iphonesimulator/Pods-8699adb1dd336b26511df848a716bd42-VFS-iphonesimulator/all-product-headers.yaml -iquote /Users/karelbraborec/Library/Developer/Xcode/DerivedData/revmeter-hbcnswmlqmbpnlazhhkncgeowiss/Build/Intermediates.noindex/Pods.build/Debug-iphonesimulator/Expo.build/Expo-project-headers.hmap -I/Users/karelbraborec/Library/Developer/Xcode/DerivedData/revmeter-hbcnswmlqmbpnlazhhkncgeowiss/Build/Products/Debug-iphonesimulator/Expo/include -I/Users/karelbraborec/rev-meter/ios/Pods/Headers/Private -I/Users/karelbraborec/rev-meter/ios/Pods/Headers/Private/Expo -I/Users/karelbraborec/rev-meter/ios/Pods/Headers/Public -I/Users/karelbraborec/rev-meter/ios/Pods/Headers/Public/Expo -I/Users/karelbraborec/rev-meter/ios/Pods/Headers/Public/FBLazyVector -I/Users/karelbraborec/rev-meter/ios/Pods/Headers/Public/RCTRequired -I/Users/karelbraborec/rev-meter/ios/Pods/Headers/Public/RCTSwiftUIWrapper -I/Users/karelbraborec/rev-meter/ios/Pods/Headers/Public/RCTTypeSafety -I/Users/karelbraborec/rev-meter/ios/Pods/Headers/Public/React-Core -I/Users/karelbraborec/rev-meter/ios/Pods/Headers/Public/React-Core-prebuilt -I/Users/karelbraborec/rev-meter/ios/Pods/Headers/Public/React-CoreModules -I/Users/karelbraborec/rev-meter/ios/Pods/Headers/Public/React-Fabric -I/Users/karelbraborec/rev-meter/ios/Pods/Headers/Public/React-FabricComponents -I/Users/karelbraborec/rev-meter/ios/Pods/Headers/Public/React-FabricImage -I/Users/karelbraborec/rev-meter/ios/Pods/Headers/Public/React-ImageManager -I/Users/karelbraborec/rev-meter/ios/Pods/Headers/Public/React-Mapbuffer -I/Users/karelbraborec/rev-meter/ios/Pods/Headers/Public/React-NativeModulesApple -I/Users/karelbraborec/rev-meter/ios/Pods/Headers/Public/React-RCTAnimation -I/Users/karelbraborec/rev-meter/ios/Pods/Headers/Public/React-RCTBlob -I/Users/karelbraborec/rev-meter/ios/Pods/Headers/Public/React-RCTFBReactNativeSpec -I/Users/karelbraborec/rev-meter/ios/Pods/Headers/Public/React-RCTFabric -I/Users/karelbraborec/rev-meter/ios/Pods/Headers/Public/React-RCTImage -I/Users/karelbraborec/rev-meter/ios/Pods/Headers/Public/React-RCTRuntime -I/Users/karelbraborec/rev-meter/ios/Pods/Headers/Public/React-RCTText -I/Users/karelbraborec/rev-meter/ios/Pods/Headers/Public/React-RuntimeApple -I/Users/karelbraborec/rev-meter/ios/Pods/Headers/Public/React-RuntimeCore -I/Users/karelbraborec/rev-meter/ios/Pods/Headers/Public/React-RuntimeHermes -I/Users/karelbraborec/rev-meter/ios/Pods/Headers/Public/React-callinvoker -I/Users/karelbraborec/rev-meter/ios/Pods/Headers/Public/React-cxxreact -I/Users/karelbraborec/rev-meter/ios/Pods/Headers/Public/React-debug -I/Users/karelbraborec/rev-meter/ios/Pods/Headers/Public/React-defaultsnativemodule -I/Users/karelbraborec/rev-meter/ios/Pods/Headers/Public/React-domnativemodule -I/Users/karelbraborec/rev-meter/ios/Pods/Headers/Public/React-featureflags -I/Users/karelbraborec/rev-meter/ios/Pods/Headers/Public/React-featureflagsnativemodule -I/Users/karelbraborec/rev-meter/ios/Pods/Headers/Public/React-graphics -I/Users/karelbraborec/rev-meter/ios/Pods/Headers/Public/React-hermes -I/Users/karelbraborec/rev-meter/ios/Pods/Headers/Public/React-idlecallbacksnativemodule -I/Users/karelbraborec/rev-meter/ios/Pods/Headers/Public/React-intersectionobservernativemodule -I/Users/karelbraborec/rev-meter/ios/Pods/Headers/Public/React-jserrorhandler -I/Users/karelbraborec/rev-meter/ios/Pods/Headers/Public/React-jsi -I/Users/karelbraborec/rev-meter/ios/Pods/Headers/Public/React-jsiexecutor -I/Users/karelbraborec/rev-meter/ios/Pods/Headers/Public/React-jsinspector -I/Users/karelbraborec/rev-meter/ios/Pods/Headers/Public/React-jsinspectorcdp -I/Users/karelbraborec/rev-meter/ios/Pods/Headers/Public/React-jsinspectornetwork -I/Users/karelbraborec/rev-meter/ios/Pods/Headers/Public/React-jsinspectortracing -I/Users/karelbraborec/rev-meter/ios/Pods/Headers/Public/React-jsitooling -I/Users/karelbraborec/rev-meter/ios/Pods/Headers/Public/React-logger -I/Users/karelbraborec/rev-meter/ios/Pods/Headers/Public/React-microtasksnativemodule -I/Users/karelbraborec/rev-meter/ios/Pods/Headers/Public/React-mutationobservernativemodule -I/Users/karelbraborec/rev-meter/ios/Pods/Headers/Public/React-networking -I/Users/karelbraborec/rev-meter/ios/Pods/Headers/Public/React-oscompat -I/Users/karelbraborec/rev-meter/ios/Pods/Headers/Public/React-perflogger -I/Users/karelbraborec/rev-meter/ios/Pods/Headers/Public/React-performancecdpmetrics -I/Users/karelbraborec/rev-meter/ios/Pods/Headers/Public/React-performancetimeline -I/Users/karelbraborec/rev-meter/ios/Pods/Headers/Public/React-rendererconsistency -I/Users/karelbraborec/rev-meter/ios/Pods/Headers/Public/React-renderercss -I/Users/karelbraborec/rev-meter/ios/Pods/Headers/Public/React-rendererdebug -I/Users/karelbraborec/rev-meter/ios/Pods/Headers/Public/React-runtimeexecutor -I/Users/karelbraborec/rev-meter/ios/Pods/Headers/Public/React-runtimescheduler -I/Users/karelbraborec/rev-meter/ios/Pods/Headers/Public/React-timing -I/Users/karelbraborec/rev-meter/ios/Pods/Headers/Public/React-utils -I/Users/karelbraborec/rev-meter/ios/Pods/Headers/Public/React-viewtransitionnativemodule -I/Users/karelbraborec/rev-meter/ios/Pods/Headers/Public/React-webperformancenativemodule -I/Users/karelbraborec/rev-meter/ios/Pods/Headers/Public/ReactCodegen -I/Users/karelbraborec/rev-meter/ios/Pods/Headers/Public/ReactCommon -I/Users/karelbraborec/rev-meter/ios/Pods/Headers/Public/ReactNativeDependencies -I/Users/karelbraborec/rev-meter/ios/Pods/Headers/Public/Yoga -I/Users/karelbraborec/rev-meter/ios/Pods/Headers/Public/hermes-engine -I/Users/karelbraborec/rev-meter/ios/Pods/Headers/Private/React-Core -I/Users/karelbraborec/rev-meter/ios/Pods/DoubleConversion '-I/Users/karelbraborec/Library/Developer/Xcode/DerivedData/revmeter-hbcnswmlqmbpnlazhhkncgeowiss/Build/Products/Debug-iphonesimulator/ExpoModulesCore/Swift Compatibility Header' -I/Users/karelbraborec/rev-meter/ios/Pods/Headers/Private/Yoga -I/Users/karelbraborec/rev-meter/ios/Pods/ExpoModulesCore/ExpoModulesCore.xcframework/ios-arm64_x86_64-simulator/ExpoModulesCore.framework/Headers -I/Users/karelbraborec/rev-meter/ios/Pods/ExpoModulesCore/ExpoModulesCore.xcframework/ios-arm64/ExpoModulesCore.framework/Headers -I/Users/karelbraborec/rev-meter/ios/Pods/ExpoModulesCore/ExpoModulesCore.xcframework/ios-arm64_x86_64-simulator/ExpoModulesCore.framework/Headers -I/Users/karelbraborec/rev-meter/ios/Pods/ExpoModulesCore/ExpoModulesCore.xcframework/ios-arm64/ExpoModulesCore.framework/Headers -I/Users/karelbraborec/Library/Developer/Xcode/DerivedData/revmeter-hbcnswmlqmbpnlazhhkncgeowiss/Build/Intermediates.noindex/Pods.build/Debug-iphonesimulator/Expo.build/DerivedSources-normal/arm64 -I/Users/karelbraborec/Library/Developer/Xcode/DerivedData/revmeter-hbcnswmlqmbpnlazhhkncgeowiss/Build/Intermediates.noindex/Pods.build/Debug-iphonesimulator/Expo.build/DerivedSources/arm64 -I/Users/karelbraborec/Library/Developer/Xcode/DerivedData/revmeter-hbcnswmlqmbpnlazhhkncgeowiss/Build/Intermediates.noindex/Pods.build/Debug-iphonesimulator/Expo.build/DerivedSources -F/Users/karelbraborec/Library/Developer/Xcode/DerivedData/revmeter-hbcnswmlqmbpnlazhhkncgeowiss/Build/Products/Debug-iphonesimulator/Expo -F/Users/karelbraborec/rev-meter/node_modules/expo-modules-jsi/apple/Products -F/Users/karelbraborec/rev-meter/ios/Pods/ExpoModulesCore -F/Users/karelbraborec/rev-meter/ios/Pods/React-Core-prebuilt -F/Users/karelbraborec/rev-meter/ios/Pods/ReactNativeDependencies/framework/packages/react-native -F/Users/karelbraborec/rev-meter/ios/Pods/hermes-engine/destroot/Library/Frameworks/universal -F/Users/karelbraborec/Library/Developer/Xcode/DerivedData/revmeter-hbcnswmlqmbpnlazhhkncgeowiss/Build/Products/Debug-iphonesimulator/XCFrameworkIntermediates/ExpoModulesCore -F/Users/karelbraborec/Library/Developer/Xcode/DerivedData/revmeter-hbcnswmlqmbpnlazhhkncgeowiss/Build/Products/Debug-iphonesimulator/XCFrameworkIntermediates/ExpoModulesJSI -F/Users/karelbraborec/Library/Developer/Xcode/DerivedData/revmeter-hbcnswmlqmbpnlazhhkncgeowiss/Build/Products/Debug-iphonesimulator/XCFrameworkIntermediates/React-Core-prebuilt -F/Users/karelbraborec/Library/Developer/Xcode/DerivedData/revmeter-hbcnswmlqmbpnlazhhkncgeowiss/Build/Products/Debug-iphonesimulator/XCFrameworkIntermediates/ReactNativeDependencies -F/Users/karelbraborec/Library/Developer/Xcode/DerivedData/revmeter-hbcnswmlqmbpnlazhhkncgeowiss/Build/Products/Debug-iphonesimulator/XCFrameworkIntermediates/hermes-engine/Pre-built '-DRCT_REMOVE_LEGACY_ARCH=1' '-fmodule-map-file=/Users/karelbraborec/rev-meter/ios/Pods/Headers/Public/ReactAppDependencyProvider/ReactAppDependencyProvider.modulemap' '-fmodule-map-file=/Users/karelbraborec/rev-meter/ios/Pods/Headers/Public/ReactCodegen/ReactCodegen.modulemap' '-DRCT_REMOVE_LEGACY_ARCH=1' -ivfsoverlay /Users/karelbraborec/rev-meter/ios/Pods/React-Core-prebuilt/React-VFS.yaml '-DRCT_REMOVE_LEGACY_ARCH=1' '-DRCT_NEW_ARCH_ENABLED=1' -ivfsoverlay /Users/karelbraborec/rev-meter/ios/Pods/React-Core-prebuilt/React-VFS.yaml

WriteAuxiliaryFile /Users/karelbraborec/Library/Developer/Xcode/DerivedData/revmeter-hbcnswmlqmbpnlazhhkncgeowiss/Build/Intermediates.noindex/Pods.build/Debug-iphonesimulator/Expo.build/Objects-normal/arm64/e6072d4f65d7061329687fe24e3d63a7-common-args.resp (in target 'Expo' from project 'Pods')
    cd /Users/karelbraborec/rev-meter/ios/Pods
    write-file /Users/karelbraborec/Library/Developer/Xcode/DerivedData/revmeter-hbcnswmlqmbpnlazhhkncgeowiss/Build/Intermediates.noindex/Pods.build/Debug-iphonesimulator/Expo.build/Objects-normal/arm64/e6072d4f65d7061329687fe24e3d63a7-common-args.resp
'-std=gnu11' -fobjc-arc -fmodules '-fmodules-cache-path=/Users/karelbraborec/Library/Developer/Xcode/DerivedData/ModuleCache.noindex' -fpascal-strings -O0 -fno-common '-DPOD_CONFIGURATION_DEBUG=1' '-DDEBUG=1' '-DCOCOAPODS=1' '-DOBJC_OLD_DISPATCH_PROTOTYPES=0' -g '-fobjc-abi-version=2' -fobjc-legacy-dispatch -iquote /Users/karelbraborec/Library/Developer/Xcode/DerivedData/revmeter-hbcnswmlqmbpnlazhhkncgeowiss/Build/Intermediates.noindex/Pods.build/Debug-iphonesimulator/Expo.build/Expo-generated-files.hmap -I/Users/karelbraborec/Library/Developer/Xcode/DerivedData/revmeter-hbcnswmlqmbpnlazhhkncgeowiss/Build/Intermediates.noindex/Pods.build/Debug-iphonesimulator/Expo.build/Expo-own-target-headers.hmap -I/Users/karelbraborec/Library/Developer/Xcode/DerivedData/revmeter-hbcnswmlqmbpnlazhhkncgeowiss/Build/Intermediates.noindex/Pods.build/Debug-iphonesimulator/Expo.build/Expo-all-non-framework-target-headers.hmap -ivfsoverlay /Users/karelbraborec/Library/Developer/Xcode/DerivedData/revmeter-hbcnswmlqmbpnlazhhkncgeowiss/Build/Intermediates.noindex/Pods.build/Debug-iphonesimulator/Pods-8699adb1dd336b26511df848a716bd42-VFS-iphonesimulator/all-product-headers.yaml -iquote /Users/karelbraborec/Library/Developer/Xcode/DerivedData/revmeter-hbcnswmlqmbpnlazhhkncgeowiss/Build/Intermediates.noindex/Pods.build/Debug-iphonesimulator/Expo.build/Expo-project-headers.hmap -I/Users/karelbraborec/Library/Developer/Xcode/DerivedData/revmeter-hbcnswmlqmbpnlazhhkncgeowiss/Build/Products/Debug-iphonesimulator/Expo/include -I/Users/karelbraborec/rev-meter/ios/Pods/Headers/Private -I/Users/karelbraborec/rev-meter/ios/Pods/Headers/Private/Expo -I/Users/karelbraborec/rev-meter/ios/Pods/Headers/Public -I/Users/karelbraborec/rev-meter/ios/Pods/Headers/Public/Expo -I/Users/karelbraborec/rev-meter/ios/Pods/Headers/Public/FBLazyVector -I/Users/karelbraborec/rev-meter/ios/Pods/Headers/Public/RCTRequired -I/Users/karelbraborec/rev-meter/ios/Pods/Headers/Public/RCTSwiftUIWrapper -I/Users/karelbraborec/rev-meter/ios/Pods/Headers/Public/RCTTypeSafety -I/Users/karelbraborec/rev-meter/ios/Pods/Headers/Public/React-Core -I/Users/karelbraborec/rev-meter/ios/Pods/Headers/Public/React-Core-prebuilt -I/Users/karelbraborec/rev-meter/ios/Pods/Headers/Public/React-CoreModules -I/Users/karelbraborec/rev-meter/ios/Pods/Headers/Public/React-Fabric -I/Users/karelbraborec/rev-meter/ios/Pods/Headers/Public/React-FabricComponents -I/Users/karelbraborec/rev-meter/ios/Pods/Headers/Public/React-FabricImage -I/Users/karelbraborec/rev-meter/ios/Pods/Headers/Public/React-ImageManager -I/Users/karelbraborec/rev-meter/ios/Pods/Headers/Public/React-Mapbuffer -I/Users/karelbraborec/rev-meter/ios/Pods/Headers/Public/React-NativeModulesApple -I/Users/karelbraborec/rev-meter/ios/Pods/Headers/Public/React-RCTAnimation -I/Users/karelbraborec/rev-meter/ios/Pods/Headers/Public/React-RCTBlob -I/Users/karelbraborec/rev-meter/ios/Pods/Headers/Public/React-RCTFBReactNativeSpec -I/Users/karelbraborec/rev-meter/ios/Pods/Headers/Public/React-RCTFabric -I/Users/karelbraborec/rev-meter/ios/Pods/Headers/Public/React-RCTImage -I/Users/karelbraborec/rev-meter/ios/Pods/Headers/Public/React-RCTRuntime -I/Users/karelbraborec/rev-meter/ios/Pods/Headers/Public/React-RCTText -I/Users/karelbraborec/rev-meter/ios/Pods/Headers/Public/React-RuntimeApple -I/Users/karelbraborec/rev-meter/ios/Pods/Headers/Public/React-RuntimeCore -I/Users/karelbraborec/rev-meter/ios/Pods/Headers/Public/React-RuntimeHermes -I/Users/karelbraborec/rev-meter/ios/Pods/Headers/Public/React-callinvoker -I/Users/karelbraborec/rev-meter/ios/Pods/Headers/Public/React-cxxreact -I/Users/karelbraborec/rev-meter/ios/Pods/Headers/Public/React-debug -I/Users/karelbraborec/rev-meter/ios/Pods/Headers/Public/React-defaultsnativemodule -I/Users/karelbraborec/rev-meter/ios/Pods/Headers/Public/React-domnativemodule -I/Users/karelbraborec/rev-meter/ios/Pods/Headers/Public/React-featureflags -I/Users/karelbraborec/rev-meter/ios/Pods/Headers/Public/React-featureflagsnativemodule -I/Users/karelbraborec/rev-meter/ios/Pods/Headers/Public/React-graphics -I/Users/karelbraborec/rev-meter/ios/Pods/Headers/Public/React-hermes -I/Users/karelbraborec/rev-meter/ios/Pods/Headers/Public/React-idlecallbacksnativemodule -I/Users/karelbraborec/rev-meter/ios/Pods/Headers/Public/React-intersectionobservernativemodule -I/Users/karelbraborec/rev-meter/ios/Pods/Headers/Public/React-jserrorhandler -I/Users/karelbraborec/rev-meter/ios/Pods/Headers/Public/React-jsi -I/Users/karelbraborec/rev-meter/ios/Pods/Headers/Public/React-jsiexecutor -I/Users/karelbraborec/rev-meter/ios/Pods/Headers/Public/React-jsinspector -I/Users/karelbraborec/rev-meter/ios/Pods/Headers/Public/React-jsinspectorcdp -I/Users/karelbraborec/rev-meter/ios/Pods/Headers/Public/React-jsinspectornetwork -I/Users/karelbraborec/rev-meter/ios/Pods/Headers/Public/React-jsinspectortracing -I/Users/karelbraborec/rev-meter/ios/Pods/Headers/Public/React-jsitooling -I/Users/karelbraborec/rev-meter/ios/Pods/Headers/Public/React-logger -I/Users/karelbraborec/rev-meter/ios/Pods/Headers/Public/React-microtasksnativemodule -I/Users/karelbraborec/rev-meter/ios/Pods/Headers/Public/React-mutationobservernativemodule -I/Users/karelbraborec/rev-meter/ios/Pods/Headers/Public/React-networking -I/Users/karelbraborec/rev-meter/ios/Pods/Headers/Public/React-oscompat -I/Users/karelbraborec/rev-meter/ios/Pods/Headers/Public/React-perflogger -I/Users/karelbraborec/rev-meter/ios/Pods/Headers/Public/React-performancecdpmetrics -I/Users/karelbraborec/rev-meter/ios/Pods/Headers/Public/React-performancetimeline -I/Users/karelbraborec/rev-meter/ios/Pods/Headers/Public/React-rendererconsistency -I/Users/karelbraborec/rev-meter/ios/Pods/Headers/Public/React-renderercss -I/Users/karelbraborec/rev-meter/ios/Pods/Headers/Public/React-rendererdebug -I/Users/karelbraborec/rev-meter/ios/Pods/Headers/Public/React-runtimeexecutor -I/Users/karelbraborec/rev-meter/ios/Pods/Headers/Public/React-runtimescheduler -I/Users/karelbraborec/rev-meter/ios/Pods/Headers/Public/React-timing -I/Users/karelbraborec/rev-meter/ios/Pods/Headers/Public/React-utils -I/Users/karelbraborec/rev-meter/ios/Pods/Headers/Public/React-viewtransitionnativemodule -I/Users/karelbraborec/rev-meter/ios/Pods/Headers/Public/React-webperformancenativemodule -I/Users/karelbraborec/rev-meter/ios/Pods/Headers/Public/ReactCodegen -I/Users/karelbraborec/rev-meter/ios/Pods/Headers/Public/ReactCommon -I/Users/karelbraborec/rev-meter/ios/Pods/Headers/Public/ReactNativeDependencies -I/Users/karelbraborec/rev-meter/ios/Pods/Headers/Public/Yoga -I/Users/karelbraborec/rev-meter/ios/Pods/Headers/Public/hermes-engine -I/Users/karelbraborec/rev-meter/ios/Pods/Headers/Private/React-Core -I/Users/karelbraborec/rev-meter/ios/Pods/DoubleConversion '-I/Users/karelbraborec/Library/Developer/Xcode/DerivedData/revmeter-hbcnswmlqmbpnlazhhkncgeowiss/Build/Products/Debug-iphonesimulator/ExpoModulesCore/Swift Compatibility Header' -I/Users/karelbraborec/rev-meter/ios/Pods/Headers/Private/Yoga -I/Users/karelbraborec/rev-meter/ios/Pods/ExpoModulesCore/ExpoModulesCore.xcframework/ios-arm64_x86_64-simulator/ExpoModulesCore.framework/Headers -I/Users/karelbraborec/rev-meter/ios/Pods/ExpoModulesCore/ExpoModulesCore.xcframework/ios-arm64/ExpoModulesCore.framework/Headers -I/Users/karelbraborec/rev-meter/ios/Pods/ExpoModulesCore/ExpoModulesCore.xcframework/ios-arm64_x86_64-simulator/ExpoModulesCore.framework/Headers -I/Users/karelbraborec/rev-meter/ios/Pods/ExpoModulesCore/ExpoModulesCore.xcframework/ios-arm64/ExpoModulesCore.framework/Headers -I/Users/karelbraborec/Library/Developer/Xcode/DerivedData/revmeter-hbcnswmlqmbpnlazhhkncgeowiss/Build/Intermediates.noindex/Pods.build/Debug-iphonesimulator/Expo.build/DerivedSources-normal/arm64 -I/Users/karelbraborec/Library/Developer/Xcode/DerivedData/revmeter-hbcnswmlqmbpnlazhhkncgeowiss/Build/Intermediates.noindex/Pods.build/Debug-iphonesimulator/Expo.build/DerivedSources/arm64 -I/Users/karelbraborec/Library/Developer/Xcode/DerivedData/revmeter-hbcnswmlqmbpnlazhhkncgeowiss/Build/Intermediates.noindex/Pods.build/Debug-iphonesimulator/Expo.build/DerivedSources -F/Users/karelbraborec/Library/Developer/Xcode/DerivedData/revmeter-hbcnswmlqmbpnlazhhkncgeowiss/Build/Products/Debug-iphonesimulator/Expo -F/Users/karelbraborec/rev-meter/node_modules/expo-modules-jsi/apple/Products -F/Users/karelbraborec/rev-meter/ios/Pods/ExpoModulesCore -F/Users/karelbraborec/rev-meter/ios/Pods/React-Core-prebuilt -F/Users/karelbraborec/rev-meter/ios/Pods/ReactNativeDependencies/framework/packages/react-native -F/Users/karelbraborec/rev-meter/ios/Pods/hermes-engine/destroot/Library/Frameworks/universal -F/Users/karelbraborec/Library/Developer/Xcode/DerivedData/revmeter-hbcnswmlqmbpnlazhhkncgeowiss/Build/Products/Debug-iphonesimulator/XCFrameworkIntermediates/ExpoModulesCore -F/Users/karelbraborec/Library/Developer/Xcode/DerivedData/revmeter-hbcnswmlqmbpnlazhhkncgeowiss/Build/Products/Debug-iphonesimulator/XCFrameworkIntermediates/ExpoModulesJSI -F/Users/karelbraborec/Library/Developer/Xcode/DerivedData/revmeter-hbcnswmlqmbpnlazhhkncgeowiss/Build/Products/Debug-iphonesimulator/XCFrameworkIntermediates/React-Core-prebuilt -F/Users/karelbraborec/Library/Developer/Xcode/DerivedData/revmeter-hbcnswmlqmbpnlazhhkncgeowiss/Build/Products/Debug-iphonesimulator/XCFrameworkIntermediates/ReactNativeDependencies -F/Users/karelbraborec/Library/Developer/Xcode/DerivedData/revmeter-hbcnswmlqmbpnlazhhkncgeowiss/Build/Products/Debug-iphonesimulator/XCFrameworkIntermediates/hermes-engine/Pre-built '-DRCT_REMOVE_LEGACY_ARCH=1' '-fmodule-map-file=/Users/karelbraborec/rev-meter/ios/Pods/Headers/Public/ReactAppDependencyProvider/ReactAppDependencyProvider.modulemap' '-fmodule-map-file=/Users/karelbraborec/rev-meter/ios/Pods/Headers/Public/ReactCodegen/ReactCodegen.modulemap' '-DRCT_REMOVE_LEGACY_ARCH=1' -ivfsoverlay /Users/karelbraborec/rev-meter/ios/Pods/React-Core-prebuilt/React-VFS.yaml

WriteAuxiliaryFile /Users/karelbraborec/Library/Developer/Xcode/DerivedData/revmeter-hbcnswmlqmbpnlazhhkncgeowiss/Build/Intermediates.noindex/Pods.build/Debug-iphonesimulator/Expo.build/Objects-normal/arm64/Expo_const_extract_protocols.json (in target 'Expo' from project 'Pods')
    cd /Users/karelbraborec/rev-meter/ios/Pods
    write-file /Users/karelbraborec/Library/Developer/Xcode/DerivedData/revmeter-hbcnswmlqmbpnlazhhkncgeowiss/Build/Intermediates.noindex/Pods.build/Debug-iphonesimulator/Expo.build/Objects-normal/arm64/Expo_const_extract_protocols.json

WriteAuxiliaryFile /Users/karelbraborec/Library/Developer/Xcode/DerivedData/revmeter-hbcnswmlqmbpnlazhhkncgeowiss/Build/Intermediates.noindex/Pods.build/Debug-iphonesimulator/Expo.build/Objects-normal/arm64/Expo.SwiftFileList (in target 'Expo' from project 'Pods')
    cd /Users/karelbraborec/rev-meter/ios/Pods
    write-file /Users/karelbraborec/Library/Developer/Xcode/DerivedData/revmeter-hbcnswmlqmbpnlazhhkncgeowiss/Build/Intermediates.noindex/Pods.build/Debug-iphonesimulator/Expo.build/Objects-normal/arm64/Expo.SwiftFileList

WriteAuxiliaryFile /Users/karelbraborec/Library/Developer/Xcode/DerivedData/revmeter-hbcnswmlqmbpnlazhhkncgeowiss/Build/Intermediates.noindex/Pods.build/Debug-iphonesimulator/Expo.build/Objects-normal/arm64/Expo.SwiftConstValuesFileList (in target 'Expo' from project 'Pods')
    cd /Users/karelbraborec/rev-meter/ios/Pods
    write-file /Users/karelbraborec/Library/Developer/Xcode/DerivedData/revmeter-hbcnswmlqmbpnlazhhkncgeowiss/Build/Intermediates.noindex/Pods.build/Debug-iphonesimulator/Expo.build/Objects-normal/arm64/Expo.SwiftConstValuesFileList

WriteAuxiliaryFile /Users/karelbraborec/Library/Developer/Xcode/DerivedData/revmeter-hbcnswmlqmbpnlazhhkncgeowiss/Build/Intermediates.noindex/Pods.build/Debug-iphonesimulator/Expo.build/Objects-normal/arm64/Expo.LinkFileList (in target 'Expo' from project 'Pods')
    cd /Users/karelbraborec/rev-meter/ios/Pods
    write-file /Users/karelbraborec/Library/Developer/Xcode/DerivedData/revmeter-hbcnswmlqmbpnlazhhkncgeowiss/Build/Intermediates.noindex/Pods.build/Debug-iphonesimulator/Expo.build/Objects-normal/arm64/Expo.LinkFileList

WriteAuxiliaryFile /Users/karelbraborec/Library/Developer/Xcode/DerivedData/revmeter-hbcnswmlqmbpnlazhhkncgeowiss/Build/Intermediates.noindex/Pods.build/Debug-iphonesimulator/Expo.build/Objects-normal/arm64/Expo-OutputFileMap.json (in target 'Expo' from project 'Pods')
    cd /Users/karelbraborec/rev-meter/ios/Pods
    write-file /Users/karelbraborec/Library/Developer/Xcode/DerivedData/revmeter-hbcnswmlqmbpnlazhhkncgeowiss/Build/Intermediates.noindex/Pods.build/Debug-iphonesimulator/Expo.build/Objects-normal/arm64/Expo-OutputFileMap.json

WriteAuxiliaryFile /Users/karelbraborec/Library/Developer/Xcode/DerivedData/revmeter-hbcnswmlqmbpnlazhhkncgeowiss/Build/Intermediates.noindex/Pods.build/Debug-iphonesimulator/Expo.build/Expo.hmap (in target 'Expo' from project 'Pods')
    cd /Users/karelbraborec/rev-meter/ios/Pods
    write-file /Users/karelbraborec/Library/Developer/Xcode/DerivedData/revmeter-hbcnswmlqmbpnlazhhkncgeowiss/Build/Intermediates.noindex/Pods.build/Debug-iphonesimulator/Expo.build/Expo.hmap

WriteAuxiliaryFile /Users/karelbraborec/Library/Developer/Xcode/DerivedData/revmeter-hbcnswmlqmbpnlazhhkncgeowiss/Build/Intermediates.noindex/Pods.build/Debug-iphonesimulator/Expo.build/Expo.DependencyStaticMetadataFileList (in target 'Expo' from project 'Pods')
    cd /Users/karelbraborec/rev-meter/ios/Pods
    write-file /Users/karelbraborec/Library/Developer/Xcode/DerivedData/revmeter-hbcnswmlqmbpnlazhhkncgeowiss/Build/Intermediates.noindex/Pods.build/Debug-iphonesimulator/Expo.build/Expo.DependencyStaticMetadataFileList

WriteAuxiliaryFile /Users/karelbraborec/Library/Developer/Xcode/DerivedData/revmeter-hbcnswmlqmbpnlazhhkncgeowiss/Build/Intermediates.noindex/Pods.build/Debug-iphonesimulator/Expo.build/Expo.DependencyMetadataFileList (in target 'Expo' from project 'Pods')
    cd /Users/karelbraborec/rev-meter/ios/Pods
    write-file /Users/karelbraborec/Library/Developer/Xcode/DerivedData/revmeter-hbcnswmlqmbpnlazhhkncgeowiss/Build/Intermediates.noindex/Pods.build/Debug-iphonesimulator/Expo.build/Expo.DependencyMetadataFileList

WriteAuxiliaryFile /Users/karelbraborec/Library/Developer/Xcode/DerivedData/revmeter-hbcnswmlqmbpnlazhhkncgeowiss/Build/Intermediates.noindex/Pods.build/Debug-iphonesimulator/Expo.build/Expo-project-headers.hmap (in target 'Expo' from project 'Pods')
    cd /Users/karelbraborec/rev-meter/ios/Pods
    write-file /Users/karelbraborec/Library/Developer/Xcode/DerivedData/revmeter-hbcnswmlqmbpnlazhhkncgeowiss/Build/Intermediates.noindex/Pods.build/Debug-iphonesimulator/Expo.build/Expo-project-headers.hmap

WriteAuxiliaryFile /Users/karelbraborec/Library/Developer/Xcode/DerivedData/revmeter-hbcnswmlqmbpnlazhhkncgeowiss/Build/Intermediates.noindex/Pods.build/Debug-iphonesimulator/Expo.build/Expo-own-target-headers.hmap (in target 'Expo' from project 'Pods')
    cd /Users/karelbraborec/rev-meter/ios/Pods
    write-file /Users/karelbraborec/Library/Developer/Xcode/DerivedData/revmeter-hbcnswmlqmbpnlazhhkncgeowiss/Build/Intermediates.noindex/Pods.build/Debug-iphonesimulator/Expo.build/Expo-own-target-headers.hmap

WriteAuxiliaryFile /Users/karelbraborec/Library/Developer/Xcode/DerivedData/revmeter-hbcnswmlqmbpnlazhhkncgeowiss/Build/Intermediates.noindex/Pods.build/Debug-iphonesimulator/Expo.build/Expo-generated-files.hmap (in target 'Expo' from project 'Pods')
    cd /Users/karelbraborec/rev-meter/ios/Pods
    write-file /Users/karelbraborec/Library/Developer/Xcode/DerivedData/revmeter-hbcnswmlqmbpnlazhhkncgeowiss/Build/Intermediates.noindex/Pods.build/Debug-iphonesimulator/Expo.build/Expo-generated-files.hmap

WriteAuxiliaryFile /Users/karelbraborec/Library/Developer/Xcode/DerivedData/revmeter-hbcnswmlqmbpnlazhhkncgeowiss/Build/Intermediates.noindex/Pods.build/Debug-iphonesimulator/Expo.build/Expo-all-target-headers.hmap (in target 'Expo' from project 'Pods')
    cd /Users/karelbraborec/rev-meter/ios/Pods
    write-file /Users/karelbraborec/Library/Developer/Xcode/DerivedData/revmeter-hbcnswmlqmbpnlazhhkncgeowiss/Build/Intermediates.noindex/Pods.build/Debug-iphonesimulator/Expo.build/Expo-all-target-headers.hmap

WriteAuxiliaryFile /Users/karelbraborec/Library/Developer/Xcode/DerivedData/revmeter-hbcnswmlqmbpnlazhhkncgeowiss/Build/Intermediates.noindex/Pods.build/Debug-iphonesimulator/Expo.build/Expo-all-non-framework-target-headers.hmap (in target 'Expo' from project 'Pods')
    cd /Users/karelbraborec/rev-meter/ios/Pods
    write-file /Users/karelbraborec/Library/Developer/Xcode/DerivedData/revmeter-hbcnswmlqmbpnlazhhkncgeowiss/Build/Intermediates.noindex/Pods.build/Debug-iphonesimulator/Expo.build/Expo-all-non-framework-target-headers.hmap

WriteAuxiliaryFile /Users/karelbraborec/Library/Developer/Xcode/DerivedData/revmeter-hbcnswmlqmbpnlazhhkncgeowiss/Build/Intermediates.noindex/Pods.build/Debug-iphonesimulator/EXConstants-ExpoConstants_privacy.build/ExpoConstants_privacy.hmap (in target 'EXConstants-ExpoConstants_privacy' from project 'Pods')
    cd /Users/karelbraborec/rev-meter/ios/Pods
    write-file /Users/karelbraborec/Library/Developer/Xcode/DerivedData/revmeter-hbcnswmlqmbpnlazhhkncgeowiss/Build/Intermediates.noindex/Pods.build/Debug-iphonesimulator/EXConstants-ExpoConstants_privacy.build/ExpoConstants_privacy.hmap

WriteAuxiliaryFile /Users/karelbraborec/Library/Developer/Xcode/DerivedData/revmeter-hbcnswmlqmbpnlazhhkncgeowiss/Build/Intermediates.noindex/Pods.build/Debug-iphonesimulator/EXConstants-ExpoConstants_privacy.build/ExpoConstants_privacy.DependencyStaticMetadataFileList (in target 'EXConstants-ExpoConstants_privacy' from project 'Pods')
    cd /Users/karelbraborec/rev-meter/ios/Pods
    write-file /Users/karelbraborec/Library/Developer/Xcode/DerivedData/revmeter-hbcnswmlqmbpnlazhhkncgeowiss/Build/Intermediates.noindex/Pods.build/Debug-iphonesimulator/EXConstants-ExpoConstants_privacy.build/ExpoConstants_privacy.DependencyStaticMetadataFileList

WriteAuxiliaryFile /Users/karelbraborec/Library/Developer/Xcode/DerivedData/revmeter-hbcnswmlqmbpnlazhhkncgeowiss/Build/Intermediates.noindex/Pods.build/Debug-iphonesimulator/EXConstants-ExpoConstants_privacy.build/ExpoConstants_privacy.DependencyMetadataFileList (in target 'EXConstants-ExpoConstants_privacy' from project 'Pods')
    cd /Users/karelbraborec/rev-meter/ios/Pods
    write-file /Users/karelbraborec/Library/Developer/Xcode/DerivedData/revmeter-hbcnswmlqmbpnlazhhkncgeowiss/Build/Intermediates.noindex/Pods.build/Debug-iphonesimulator/EXConstants-ExpoConstants_privacy.build/ExpoConstants_privacy.DependencyMetadataFileList

WriteAuxiliaryFile /Users/karelbraborec/Library/Developer/Xcode/DerivedData/revmeter-hbcnswmlqmbpnlazhhkncgeowiss/Build/Intermediates.noindex/Pods.build/Debug-iphonesimulator/EXConstants-ExpoConstants_privacy.build/ExpoConstants_privacy-project-headers.hmap (in target 'EXConstants-ExpoConstants_privacy' from project 'Pods')
    cd /Users/karelbraborec/rev-meter/ios/Pods
    write-file /Users/karelbraborec/Library/Developer/Xcode/DerivedData/revmeter-hbcnswmlqmbpnlazhhkncgeowiss/Build/Intermediates.noindex/Pods.build/Debug-iphonesimulator/EXConstants-ExpoConstants_privacy.build/ExpoConstants_privacy-project-headers.hmap

WriteAuxiliaryFile /Users/karelbraborec/Library/Developer/Xcode/DerivedData/revmeter-hbcnswmlqmbpnlazhhkncgeowiss/Build/Intermediates.noindex/Pods.build/Debug-iphonesimulator/EXConstants-ExpoConstants_privacy.build/ExpoConstants_privacy-own-target-headers.hmap (in target 'EXConstants-ExpoConstants_privacy' from project 'Pods')
    cd /Users/karelbraborec/rev-meter/ios/Pods
    write-file /Users/karelbraborec/Library/Developer/Xcode/DerivedData/revmeter-hbcnswmlqmbpnlazhhkncgeowiss/Build/Intermediates.noindex/Pods.build/Debug-iphonesimulator/EXConstants-ExpoConstants_privacy.build/ExpoConstants_privacy-own-target-headers.hmap

WriteAuxiliaryFile /Users/karelbraborec/Library/Developer/Xcode/DerivedData/revmeter-hbcnswmlqmbpnlazhhkncgeowiss/Build/Intermediates.noindex/Pods.build/Debug-iphonesimulator/EXConstants-ExpoConstants_privacy.build/ExpoConstants_privacy-generated-files.hmap (in target 'EXConstants-ExpoConstants_privacy' from project 'Pods')
    cd /Users/karelbraborec/rev-meter/ios/Pods
    write-file /Users/karelbraborec/Library/Developer/Xcode/DerivedData/revmeter-hbcnswmlqmbpnlazhhkncgeowiss/Build/Intermediates.noindex/Pods.build/Debug-iphonesimulator/EXConstants-ExpoConstants_privacy.build/ExpoConstants_privacy-generated-files.hmap

WriteAuxiliaryFile /Users/karelbraborec/Library/Developer/Xcode/DerivedData/revmeter-hbcnswmlqmbpnlazhhkncgeowiss/Build/Intermediates.noindex/Pods.build/Debug-iphonesimulator/EXConstants-ExpoConstants_privacy.build/ExpoConstants_privacy-all-target-headers.hmap (in target 'EXConstants-ExpoConstants_privacy' from project 'Pods')
    cd /Users/karelbraborec/rev-meter/ios/Pods
    write-file /Users/karelbraborec/Library/Developer/Xcode/DerivedData/revmeter-hbcnswmlqmbpnlazhhkncgeowiss/Build/Intermediates.noindex/Pods.build/Debug-iphonesimulator/EXConstants-ExpoConstants_privacy.build/ExpoConstants_privacy-all-target-headers.hmap

WriteAuxiliaryFile /Users/karelbraborec/Library/Developer/Xcode/DerivedData/revmeter-hbcnswmlqmbpnlazhhkncgeowiss/Build/Intermediates.noindex/Pods.build/Debug-iphonesimulator/EXConstants-ExpoConstants_privacy.build/ExpoConstants_privacy-all-non-framework-target-headers.hmap (in target 'EXConstants-ExpoConstants_privacy' from project 'Pods')
    cd /Users/karelbraborec/rev-meter/ios/Pods
    write-file /Users/karelbraborec/Library/Developer/Xcode/DerivedData/revmeter-hbcnswmlqmbpnlazhhkncgeowiss/Build/Intermediates.noindex/Pods.build/Debug-iphonesimulator/EXConstants-ExpoConstants_privacy.build/ExpoConstants_privacy-all-non-framework-target-headers.hmap

WriteAuxiliaryFile /Users/karelbraborec/Library/Developer/Xcode/DerivedData/revmeter-hbcnswmlqmbpnlazhhkncgeowiss/Build/Intermediates.noindex/Pods.build/Debug-iphonesimulator/EXConstants-EXConstants.build/EXConstants.hmap (in target 'EXConstants-EXConstants' from project 'Pods')
    cd /Users/karelbraborec/rev-meter/ios/Pods
    write-file /Users/karelbraborec/Library/Developer/Xcode/DerivedData/revmeter-hbcnswmlqmbpnlazhhkncgeowiss/Build/Intermediates.noindex/Pods.build/Debug-iphonesimulator/EXConstants-EXConstants.build/EXConstants.hmap

WriteAuxiliaryFile /Users/karelbraborec/Library/Developer/Xcode/DerivedData/revmeter-hbcnswmlqmbpnlazhhkncgeowiss/Build/Intermediates.noindex/Pods.build/Debug-iphonesimulator/EXConstants-EXConstants.build/EXConstants.DependencyStaticMetadataFileList (in target 'EXConstants-EXConstants' from project 'Pods')
    cd /Users/karelbraborec/rev-meter/ios/Pods
    write-file /Users/karelbraborec/Library/Developer/Xcode/DerivedData/revmeter-hbcnswmlqmbpnlazhhkncgeowiss/Build/Intermediates.noindex/Pods.build/Debug-iphonesimulator/EXConstants-EXConstants.build/EXConstants.DependencyStaticMetadataFileList

WriteAuxiliaryFile /Users/karelbraborec/Library/Developer/Xcode/DerivedData/revmeter-hbcnswmlqmbpnlazhhkncgeowiss/Build/Intermediates.noindex/Pods.build/Debug-iphonesimulator/EXConstants-EXConstants.build/EXConstants.DependencyMetadataFileList (in target 'EXConstants-EXConstants' from project 'Pods')
    cd /Users/karelbraborec/rev-meter/ios/Pods
    write-file /Users/karelbraborec/Library/Developer/Xcode/DerivedData/revmeter-hbcnswmlqmbpnlazhhkncgeowiss/Build/Intermediates.noindex/Pods.build/Debug-iphonesimulator/EXConstants-EXConstants.build/EXConstants.DependencyMetadataFileList

WriteAuxiliaryFile /Users/karelbraborec/Library/Developer/Xcode/DerivedData/revmeter-hbcnswmlqmbpnlazhhkncgeowiss/Build/Intermediates.noindex/Pods.build/Debug-iphonesimulator/EXConstants-EXConstants.build/EXConstants-project-headers.hmap (in target 'EXConstants-EXConstants' from project 'Pods')
    cd /Users/karelbraborec/rev-meter/ios/Pods
    write-file /Users/karelbraborec/Library/Developer/Xcode/DerivedData/revmeter-hbcnswmlqmbpnlazhhkncgeowiss/Build/Intermediates.noindex/Pods.build/Debug-iphonesimulator/EXConstants-EXConstants.build/EXConstants-project-headers.hmap

WriteAuxiliaryFile /Users/karelbraborec/Library/Developer/Xcode/DerivedData/revmeter-hbcnswmlqmbpnlazhhkncgeowiss/Build/Intermediates.noindex/Pods.build/Debug-iphonesimulator/EXConstants-EXConstants.build/EXConstants-own-target-headers.hmap (in target 'EXConstants-EXConstants' from project 'Pods')
    cd /Users/karelbraborec/rev-meter/ios/Pods
    write-file /Users/karelbraborec/Library/Developer/Xcode/DerivedData/revmeter-hbcnswmlqmbpnlazhhkncgeowiss/Build/Intermediates.noindex/Pods.build/Debug-iphonesimulator/EXConstants-EXConstants.build/EXConstants-own-target-headers.hmap

WriteAuxiliaryFile /Users/karelbraborec/Library/Developer/Xcode/DerivedData/revmeter-hbcnswmlqmbpnlazhhkncgeowiss/Build/Intermediates.noindex/Pods.build/Debug-iphonesimulator/EXConstants-EXConstants.build/EXConstants-generated-files.hmap (in target 'EXConstants-EXConstants' from project 'Pods')
    cd /Users/karelbraborec/rev-meter/ios/Pods
    write-file /Users/karelbraborec/Library/Developer/Xcode/DerivedData/revmeter-hbcnswmlqmbpnlazhhkncgeowiss/Build/Intermediates.noindex/Pods.build/Debug-iphonesimulator/EXConstants-EXConstants.build/EXConstants-generated-files.hmap

WriteAuxiliaryFile /Users/karelbraborec/Library/Developer/Xcode/DerivedData/revmeter-hbcnswmlqmbpnlazhhkncgeowiss/Build/Intermediates.noindex/Pods.build/Debug-iphonesimulator/EXConstants-EXConstants.build/EXConstants-all-target-headers.hmap (in target 'EXConstants-EXConstants' from project 'Pods')
    cd /Users/karelbraborec/rev-meter/ios/Pods
    write-file /Users/karelbraborec/Library/Developer/Xcode/DerivedData/revmeter-hbcnswmlqmbpnlazhhkncgeowiss/Build/Intermediates.noindex/Pods.build/Debug-iphonesimulator/EXConstants-EXConstants.build/EXConstants-all-target-headers.hmap

WriteAuxiliaryFile /Users/karelbraborec/Library/Developer/Xcode/DerivedData/revmeter-hbcnswmlqmbpnlazhhkncgeowiss/Build/Intermediates.noindex/Pods.build/Debug-iphonesimulator/EXConstants-EXConstants.build/EXConstants-all-non-framework-target-headers.hmap (in target 'EXConstants-EXConstants' from project 'Pods')
    cd /Users/karelbraborec/rev-meter/ios/Pods
    write-file /Users/karelbraborec/Library/Developer/Xcode/DerivedData/revmeter-hbcnswmlqmbpnlazhhkncgeowiss/Build/Intermediates.noindex/Pods.build/Debug-iphonesimulator/EXConstants-EXConstants.build/EXConstants-all-non-framework-target-headers.hmap

WriteAuxiliaryFile /Users/karelbraborec/Library/Developer/Xcode/DerivedData/revmeter-hbcnswmlqmbpnlazhhkncgeowiss/Build/Intermediates.noindex/Pods.build/Debug-iphonesimulator/EXConstants.build/Script-46EB2E0001F310.sh (in target 'EXConstants' from project 'Pods')
    cd /Users/karelbraborec/rev-meter/ios/Pods
    write-file /Users/karelbraborec/Library/Developer/Xcode/DerivedData/revmeter-hbcnswmlqmbpnlazhhkncgeowiss/Build/Intermediates.noindex/Pods.build/Debug-iphonesimulator/EXConstants.build/Script-46EB2E0001F310.sh

WriteAuxiliaryFile /Users/karelbraborec/Library/Developer/Xcode/DerivedData/revmeter-hbcnswmlqmbpnlazhhkncgeowiss/Build/Intermediates.noindex/Pods.build/Debug-iphonesimulator/EXConstants.build/Script-46EB2E00016D40.sh (in target 'EXConstants' from project 'Pods')
    cd /Users/karelbraborec/rev-meter/ios/Pods
    write-file /Users/karelbraborec/Library/Developer/Xcode/DerivedData/revmeter-hbcnswmlqmbpnlazhhkncgeowiss/Build/Intermediates.noindex/Pods.build/Debug-iphonesimulator/EXConstants.build/Script-46EB2E00016D40.sh

WriteAuxiliaryFile /Users/karelbraborec/Library/Developer/Xcode/DerivedData/revmeter-hbcnswmlqmbpnlazhhkncgeowiss/Build/Intermediates.noindex/Pods.build/Debug-iphonesimulator/EXConstants.build/Objects-normal/x86_64/e6072d4f65d7061329687fe24e3d63a7-common-args.resp (in target 'EXConstants' from project 'Pods')
    cd /Users/karelbraborec/rev-meter/ios/Pods
    write-file /Users/karelbraborec/Library/Developer/Xcode/DerivedData/revmeter-hbcnswmlqmbpnlazhhkncgeowiss/Build/Intermediates.noindex/Pods.build/Debug-iphonesimulator/EXConstants.build/Objects-normal/x86_64/e6072d4f65d7061329687fe24e3d63a7-common-args.resp
'-std=gnu11' -fobjc-arc -fmodules '-fmodules-cache-path=/Users/karelbraborec/Library/Developer/Xcode/DerivedData/ModuleCache.noindex' '-fmodule-name=EXConstants' -fpascal-strings -O0 -fno-common '-DPOD_CONFIGURATION_DEBUG=1' '-DDEBUG=1' '-DCOCOAPODS=1' '-DOBJC_OLD_DISPATCH_PROTOTYPES=0' -fasm-blocks -g '-fobjc-abi-version=2' -fobjc-legacy-dispatch -iquote /Users/karelbraborec/Library/Developer/Xcode/DerivedData/revmeter-hbcnswmlqmbpnlazhhkncgeowiss/Build/Intermediates.noindex/Pods.build/Debug-iphonesimulator/EXConstants.build/EXConstants-generated-files.hmap -I/Users/karelbraborec/Library/Developer/Xcode/DerivedData/revmeter-hbcnswmlqmbpnlazhhkncgeowiss/Build/Intermediates.noindex/Pods.build/Debug-iphonesimulator/EXConstants.build/EXConstants-own-target-headers.hmap -I/Users/karelbraborec/Library/Developer/Xcode/DerivedData/revmeter-hbcnswmlqmbpnlazhhkncgeowiss/Build/Intermediates.noindex/Pods.build/Debug-iphonesimulator/EXConstants.build/EXConstants-all-non-framework-target-headers.hmap -ivfsoverlay /Users/karelbraborec/Library/Developer/Xcode/DerivedData/revmeter-hbcnswmlqmbpnlazhhkncgeowiss/Build/Intermediates.noindex/Pods.build/Debug-iphonesimulator/Pods-8699adb1dd336b26511df848a716bd42-VFS-iphonesimulator/all-product-headers.yaml -iquote /Users/karelbraborec/Library/Developer/Xcode/DerivedData/revmeter-hbcnswmlqmbpnlazhhkncgeowiss/Build/Intermediates.noindex/Pods.build/Debug-iphonesimulator/EXConstants.build/EXConstants-project-headers.hmap -I/Users/karelbraborec/Library/Developer/Xcode/DerivedData/revmeter-hbcnswmlqmbpnlazhhkncgeowiss/Build/Products/Debug-iphonesimulator/EXConstants/include -I/Users/karelbraborec/rev-meter/ios/Pods/Headers/Private -I/Users/karelbraborec/rev-meter/ios/Pods/Headers/Private/EXConstants -I/Users/karelbraborec/rev-meter/ios/Pods/Headers/Public -I/Users/karelbraborec/rev-meter/ios/Pods/Headers/Public/FBLazyVector -I/Users/karelbraborec/rev-meter/ios/Pods/Headers/Public/RCTRequired -I/Users/karelbraborec/rev-meter/ios/Pods/Headers/Public/RCTSwiftUIWrapper -I/Users/karelbraborec/rev-meter/ios/Pods/Headers/Public/RCTTypeSafety -I/Users/karelbraborec/rev-meter/ios/Pods/Headers/Public/React-Core -I/Users/karelbraborec/rev-meter/ios/Pods/Headers/Public/React-Core-prebuilt -I/Users/karelbraborec/rev-meter/ios/Pods/Headers/Public/React-CoreModules -I/Users/karelbraborec/rev-meter/ios/Pods/Headers/Public/React-Fabric -I/Users/karelbraborec/rev-meter/ios/Pods/Headers/Public/React-FabricComponents -I/Users/karelbraborec/rev-meter/ios/Pods/Headers/Public/React-FabricImage -I/Users/karelbraborec/rev-meter/ios/Pods/Headers/Public/React-ImageManager -I/Users/karelbraborec/rev-meter/ios/Pods/Headers/Public/React-Mapbuffer -I/Users/karelbraborec/rev-meter/ios/Pods/Headers/Public/React-NativeModulesApple -I/Users/karelbraborec/rev-meter/ios/Pods/Headers/Public/React-RCTAnimation -I/Users/karelbraborec/rev-meter/ios/Pods/Headers/Public/React-RCTBlob -I/Users/karelbraborec/rev-meter/ios/Pods/Headers/Public/React-RCTFBReactNativeSpec -I/Users/karelbraborec/rev-meter/ios/Pods/Headers/Public/React-RCTFabric -I/Users/karelbraborec/rev-meter/ios/Pods/Headers/Public/React-RCTImage -I/Users/karelbraborec/rev-meter/ios/Pods/Headers/Public/React-RCTRuntime -I/Users/karelbraborec/rev-meter/ios/Pods/Headers/Public/React-RCTText -I/Users/karelbraborec/rev-meter/ios/Pods/Headers/Public/React-RuntimeApple -I/Users/karelbraborec/rev-meter/ios/Pods/Headers/Public/React-RuntimeCore -I/Users/karelbraborec/rev-meter/ios/Pods/Headers/Public/React-RuntimeHermes -I/Users/karelbraborec/rev-meter/ios/Pods/Headers/Public/React-callinvoker -I/Users/karelbraborec/rev-meter/ios/Pods/Headers/Public/React-cxxreact -I/Users/karelbraborec/rev-meter/ios/Pods/Headers/Public/React-debug -I/Users/karelbraborec/rev-meter/ios/Pods/Headers/Public/React-defaultsnativemodule -I/Users/karelbraborec/rev-meter/ios/Pods/Headers/Public/React-domnativemodule -I/Users/karelbraborec/rev-meter/ios/Pods/Headers/Public/React-featureflags -I/Users/karelbraborec/rev-meter/ios/Pods/Headers/Public/React-featureflagsnativemodule -I/Users/karelbraborec/rev-meter/ios/Pods/Headers/Public/React-graphics -I/Users/karelbraborec/rev-meter/ios/Pods/Headers/Public/React-hermes -I/Users/karelbraborec/rev-meter/ios/Pods/Headers/Public/React-idlecallbacksnativemodule -I/Users/karelbraborec/rev-meter/ios/Pods/Headers/Public/React-intersectionobservernativemodule -I/Users/karelbraborec/rev-meter/ios/Pods/Headers/Public/React-jserrorhandler -I/Users/karelbraborec/rev-meter/ios/Pods/Headers/Public/React-jsi -I/Users/karelbraborec/rev-meter/ios/Pods/Headers/Public/React-jsiexecutor -I/Users/karelbraborec/rev-meter/ios/Pods/Headers/Public/React-jsinspector -I/Users/karelbraborec/rev-meter/ios/Pods/Headers/Public/React-jsinspectorcdp -I/Users/karelbraborec/rev-meter/ios/Pods/Headers/Public/React-jsinspectornetwork -I/Users/karelbraborec/rev-meter/ios/Pods/Headers/Public/React-jsinspectortracing -I/Users/karelbraborec/rev-meter/ios/Pods/Headers/Public/React-jsitooling -I/Users/karelbraborec/rev-meter/ios/Pods/Headers/Public/React-logger -I/Users/karelbraborec/rev-meter/ios/Pods/Headers/Public/React-microtasksnativemodule -I/Users/karelbraborec/rev-meter/ios/Pods/Headers/Public/React-mutationobservernativemodule -I/Users/karelbraborec/rev-meter/ios/Pods/Headers/Public/React-networking -I/Users/karelbraborec/rev-meter/ios/Pods/Headers/Public/React-oscompat -I/Users/karelbraborec/rev-meter/ios/Pods/Headers/Public/React-perflogger -I/Users/karelbraborec/rev-meter/ios/Pods/Headers/Public/React-performancecdpmetrics -I/Users/karelbraborec/rev-meter/ios/Pods/Headers/Public/React-performancetimeline -I/Users/karelbraborec/rev-meter/ios/Pods/Headers/Public/React-rendererconsistency -I/Users/karelbraborec/rev-meter/ios/Pods/Headers/Public/React-renderercss -I/Users/karelbraborec/rev-meter/ios/Pods/Headers/Public/React-rendererdebug -I/Users/karelbraborec/rev-meter/ios/Pods/Headers/Public/React-runtimeexecutor -I/Users/karelbraborec/rev-meter/ios/Pods/Headers/Public/React-runtimescheduler -I/Users/karelbraborec/rev-meter/ios/Pods/Headers/Public/React-timing -I/Users/karelbraborec/rev-meter/ios/Pods/Headers/Public/React-utils -I/Users/karelbraborec/rev-meter/ios/Pods/Headers/Public/React-viewtransitionnativemodule -I/Users/karelbraborec/rev-meter/ios/Pods/Headers/Public/React-webperformancenativemodule -I/Users/karelbraborec/rev-meter/ios/Pods/Headers/Public/ReactCodegen -I/Users/karelbraborec/rev-meter/ios/Pods/Headers/Public/ReactCommon -I/Users/karelbraborec/rev-meter/ios/Pods/Headers/Public/ReactNativeDependencies -I/Users/karelbraborec/rev-meter/ios/Pods/Headers/Public/Yoga -I/Users/karelbraborec/rev-meter/ios/Pods/Headers/Public/hermes-engine -I/Users/karelbraborec/rev-meter/ios/Pods/ExpoModulesCore/ExpoModulesCore.xcframework/ios-arm64_x86_64-simulator/ExpoModulesCore.framework/Headers -I/Users/karelbraborec/rev-meter/ios/Pods/ExpoModulesCore/ExpoModulesCore.xcframework/ios-arm64/ExpoModulesCore.framework/Headers -I/Users/karelbraborec/rev-meter/ios/Pods/ExpoModulesCore/ExpoModulesCore.xcframework/ios-arm64_x86_64-simulator/ExpoModulesCore.framework/Headers -I/Users/karelbraborec/rev-meter/ios/Pods/ExpoModulesCore/ExpoModulesCore.xcframework/ios-arm64/ExpoModulesCore.framework/Headers -I/Users/karelbraborec/Library/Developer/Xcode/DerivedData/revmeter-hbcnswmlqmbpnlazhhkncgeowiss/Build/Intermediates.noindex/Pods.build/Debug-iphonesimulator/EXConstants.build/DerivedSources-normal/x86_64 -I/Users/karelbraborec/Library/Developer/Xcode/DerivedData/revmeter-hbcnswmlqmbpnlazhhkncgeowiss/Build/Intermediates.noindex/Pods.build/Debug-iphonesimulator/EXConstants.build/DerivedSources/x86_64 -I/Users/karelbraborec/Library/Developer/Xcode/DerivedData/revmeter-hbcnswmlqmbpnlazhhkncgeowiss/Build/Intermediates.noindex/Pods.build/Debug-iphonesimulator/EXConstants.build/DerivedSources -F/Users/karelbraborec/Library/Developer/Xcode/DerivedData/revmeter-hbcnswmlqmbpnlazhhkncgeowiss/Build/Products/Debug-iphonesimulator/EXConstants -F/Users/karelbraborec/rev-meter/node_modules/expo-modules-jsi/apple/Products -F/Users/karelbraborec/rev-meter/ios/Pods/ExpoModulesCore -F/Users/karelbraborec/rev-meter/ios/Pods/React-Core-prebuilt -F/Users/karelbraborec/rev-meter/ios/Pods/ReactNativeDependencies/framework/packages/react-native -F/Users/karelbraborec/rev-meter/ios/Pods/hermes-engine/destroot/Library/Frameworks/universal -F/Users/karelbraborec/Library/Developer/Xcode/DerivedData/revmeter-hbcnswmlqmbpnlazhhkncgeowiss/Build/Products/Debug-iphonesimulator/XCFrameworkIntermediates/ExpoModulesCore -F/Users/karelbraborec/Library/Developer/Xcode/DerivedData/revmeter-hbcnswmlqmbpnlazhhkncgeowiss/Build/Products/Debug-iphonesimulator/XCFrameworkIntermediates/ExpoModulesJSI -F/Users/karelbraborec/Library/Developer/Xcode/DerivedData/revmeter-hbcnswmlqmbpnlazhhkncgeowiss/Build/Products/Debug-iphonesimulator/XCFrameworkIntermediates/React-Core-prebuilt -F/Users/karelbraborec/Library/Developer/Xcode/DerivedData/revmeter-hbcnswmlqmbpnlazhhkncgeowiss/Build/Products/Debug-iphonesimulator/XCFrameworkIntermediates/ReactNativeDependencies -F/Users/karelbraborec/Library/Developer/Xcode/DerivedData/revmeter-hbcnswmlqmbpnlazhhkncgeowiss/Build/Products/Debug-iphonesimulator/XCFrameworkIntermediates/hermes-engine/Pre-built '-DRCT_REMOVE_LEGACY_ARCH=1' '-fmodule-map-file=/Users/karelbraborec/rev-meter/ios/Pods/Headers/Public/ReactCodegen/ReactCodegen.modulemap'

WriteAuxiliaryFile /Users/karelbraborec/Library/Developer/Xcode/DerivedData/revmeter-hbcnswmlqmbpnlazhhkncgeowiss/Build/Intermediates.noindex/Pods.build/Debug-iphonesimulator/EXConstants.build/Objects-normal/x86_64/EXConstants_const_extract_protocols.json (in target 'EXConstants' from project 'Pods')
    cd /Users/karelbraborec/rev-meter/ios/Pods
    write-file /Users/karelbraborec/Library/Developer/Xcode/DerivedData/revmeter-hbcnswmlqmbpnlazhhkncgeowiss/Build/Intermediates.noindex/Pods.build/Debug-iphonesimulator/EXConstants.build/Objects-normal/x86_64/EXConstants_const_extract_protocols.json

WriteAuxiliaryFile /Users/karelbraborec/Library/Developer/Xcode/DerivedData/revmeter-hbcnswmlqmbpnlazhhkncgeowiss/Build/Intermediates.noindex/Pods.build/Debug-iphonesimulator/EXConstants.build/Objects-normal/x86_64/EXConstants.SwiftFileList (in target 'EXConstants' from project 'Pods')
    cd /Users/karelbraborec/rev-meter/ios/Pods
    write-file /Users/karelbraborec/Library/Developer/Xcode/DerivedData/revmeter-hbcnswmlqmbpnlazhhkncgeowiss/Build/Intermediates.noindex/Pods.build/Debug-iphonesimulator/EXConstants.build/Objects-normal/x86_64/EXConstants.SwiftFileList

WriteAuxiliaryFile /Users/karelbraborec/Library/Developer/Xcode/DerivedData/revmeter-hbcnswmlqmbpnlazhhkncgeowiss/Build/Intermediates.noindex/Pods.build/Debug-iphonesimulator/EXConstants.build/Objects-normal/x86_64/EXConstants.SwiftConstValuesFileList (in target 'EXConstants' from project 'Pods')
    cd /Users/karelbraborec/rev-meter/ios/Pods
    write-file /Users/karelbraborec/Library/Developer/Xcode/DerivedData/revmeter-hbcnswmlqmbpnlazhhkncgeowiss/Build/Intermediates.noindex/Pods.build/Debug-iphonesimulator/EXConstants.build/Objects-normal/x86_64/EXConstants.SwiftConstValuesFileList

WriteAuxiliaryFile /Users/karelbraborec/Library/Developer/Xcode/DerivedData/revmeter-hbcnswmlqmbpnlazhhkncgeowiss/Build/Intermediates.noindex/Pods.build/Debug-iphonesimulator/EXConstants.build/Objects-normal/x86_64/EXConstants.LinkFileList (in target 'EXConstants' from project 'Pods')
    cd /Users/karelbraborec/rev-meter/ios/Pods
    write-file /Users/karelbraborec/Library/Developer/Xcode/DerivedData/revmeter-hbcnswmlqmbpnlazhhkncgeowiss/Build/Intermediates.noindex/Pods.build/Debug-iphonesimulator/EXConstants.build/Objects-normal/x86_64/EXConstants.LinkFileList

WriteAuxiliaryFile /Users/karelbraborec/Library/Developer/Xcode/DerivedData/revmeter-hbcnswmlqmbpnlazhhkncgeowiss/Build/Intermediates.noindex/Pods.build/Debug-iphonesimulator/EXConstants.build/Objects-normal/x86_64/EXConstants-OutputFileMap.json (in target 'EXConstants' from project 'Pods')
    cd /Users/karelbraborec/rev-meter/ios/Pods
    write-file /Users/karelbraborec/Library/Developer/Xcode/DerivedData/revmeter-hbcnswmlqmbpnlazhhkncgeowiss/Build/Intermediates.noindex/Pods.build/Debug-iphonesimulator/EXConstants.build/Objects-normal/x86_64/EXConstants-OutputFileMap.json

WriteAuxiliaryFile /Users/karelbraborec/Library/Developer/Xcode/DerivedData/revmeter-hbcnswmlqmbpnlazhhkncgeowiss/Build/Intermediates.noindex/Pods.build/Debug-iphonesimulator/EXConstants.build/Objects-normal/arm64/e6072d4f65d7061329687fe24e3d63a7-common-args.resp (in target 'EXConstants' from project 'Pods')
    cd /Users/karelbraborec/rev-meter/ios/Pods
    write-file /Users/karelbraborec/Library/Developer/Xcode/DerivedData/revmeter-hbcnswmlqmbpnlazhhkncgeowiss/Build/Intermediates.noindex/Pods.build/Debug-iphonesimulator/EXConstants.build/Objects-normal/arm64/e6072d4f65d7061329687fe24e3d63a7-common-args.resp
'-std=gnu11' -fobjc-arc -fmodules '-fmodules-cache-path=/Users/karelbraborec/Library/Developer/Xcode/DerivedData/ModuleCache.noindex' '-fmodule-name=EXConstants' -fpascal-strings -O0 -fno-common '-DPOD_CONFIGURATION_DEBUG=1' '-DDEBUG=1' '-DCOCOAPODS=1' '-DOBJC_OLD_DISPATCH_PROTOTYPES=0' -g '-fobjc-abi-version=2' -fobjc-legacy-dispatch -iquote /Users/karelbraborec/Library/Developer/Xcode/DerivedData/revmeter-hbcnswmlqmbpnlazhhkncgeowiss/Build/Intermediates.noindex/Pods.build/Debug-iphonesimulator/EXConstants.build/EXConstants-generated-files.hmap -I/Users/karelbraborec/Library/Developer/Xcode/DerivedData/revmeter-hbcnswmlqmbpnlazhhkncgeowiss/Build/Intermediates.noindex/Pods.build/Debug-iphonesimulator/EXConstants.build/EXConstants-own-target-headers.hmap -I/Users/karelbraborec/Library/Developer/Xcode/DerivedData/revmeter-hbcnswmlqmbpnlazhhkncgeowiss/Build/Intermediates.noindex/Pods.build/Debug-iphonesimulator/EXConstants.build/EXConstants-all-non-framework-target-headers.hmap -ivfsoverlay /Users/karelbraborec/Library/Developer/Xcode/DerivedData/revmeter-hbcnswmlqmbpnlazhhkncgeowiss/Build/Intermediates.noindex/Pods.build/Debug-iphonesimulator/Pods-8699adb1dd336b26511df848a716bd42-VFS-iphonesimulator/all-product-headers.yaml -iquote /Users/karelbraborec/Library/Developer/Xcode/DerivedData/revmeter-hbcnswmlqmbpnlazhhkncgeowiss/Build/Intermediates.noindex/Pods.build/Debug-iphonesimulator/EXConstants.build/EXConstants-project-headers.hmap -I/Users/karelbraborec/Library/Developer/Xcode/DerivedData/revmeter-hbcnswmlqmbpnlazhhkncgeowiss/Build/Products/Debug-iphonesimulator/EXConstants/include -I/Users/karelbraborec/rev-meter/ios/Pods/Headers/Private -I/Users/karelbraborec/rev-meter/ios/Pods/Headers/Private/EXConstants -I/Users/karelbraborec/rev-meter/ios/Pods/Headers/Public -I/Users/karelbraborec/rev-meter/ios/Pods/Headers/Public/FBLazyVector -I/Users/karelbraborec/rev-meter/ios/Pods/Headers/Public/RCTRequired -I/Users/karelbraborec/rev-meter/ios/Pods/Headers/Public/RCTSwiftUIWrapper -I/Users/karelbraborec/rev-meter/ios/Pods/Headers/Public/RCTTypeSafety -I/Users/karelbraborec/rev-meter/ios/Pods/Headers/Public/React-Core -I/Users/karelbraborec/rev-meter/ios/Pods/Headers/Public/React-Core-prebuilt -I/Users/karelbraborec/rev-meter/ios/Pods/Headers/Public/React-CoreModules -I/Users/karelbraborec/rev-meter/ios/Pods/Headers/Public/React-Fabric -I/Users/karelbraborec/rev-meter/ios/Pods/Headers/Public/React-FabricComponents -I/Users/karelbraborec/rev-meter/ios/Pods/Headers/Public/React-FabricImage -I/Users/karelbraborec/rev-meter/ios/Pods/Headers/Public/React-ImageManager -I/Users/karelbraborec/rev-meter/ios/Pods/Headers/Public/React-Mapbuffer -I/Users/karelbraborec/rev-meter/ios/Pods/Headers/Public/React-NativeModulesApple -I/Users/karelbraborec/rev-meter/ios/Pods/Headers/Public/React-RCTAnimation -I/Users/karelbraborec/rev-meter/ios/Pods/Headers/Public/React-RCTBlob -I/Users/karelbraborec/rev-meter/ios/Pods/Headers/Public/React-RCTFBReactNativeSpec -I/Users/karelbraborec/rev-meter/ios/Pods/Headers/Public/React-RCTFabric -I/Users/karelbraborec/rev-meter/ios/Pods/Headers/Public/React-RCTImage -I/Users/karelbraborec/rev-meter/ios/Pods/Headers/Public/React-RCTRuntime -I/Users/karelbraborec/rev-meter/ios/Pods/Headers/Public/React-RCTText -I/Users/karelbraborec/rev-meter/ios/Pods/Headers/Public/React-RuntimeApple -I/Users/karelbraborec/rev-meter/ios/Pods/Headers/Public/React-RuntimeCore -I/Users/karelbraborec/rev-meter/ios/Pods/Headers/Public/React-RuntimeHermes -I/Users/karelbraborec/rev-meter/ios/Pods/Headers/Public/React-callinvoker -I/Users/karelbraborec/rev-meter/ios/Pods/Headers/Public/React-cxxreact -I/Users/karelbraborec/rev-meter/ios/Pods/Headers/Public/React-debug -I/Users/karelbraborec/rev-meter/ios/Pods/Headers/Public/React-defaultsnativemodule -I/Users/karelbraborec/rev-meter/ios/Pods/Headers/Public/React-domnativemodule -I/Users/karelbraborec/rev-meter/ios/Pods/Headers/Public/React-featureflags -I/Users/karelbraborec/rev-meter/ios/Pods/Headers/Public/React-featureflagsnativemodule -I/Users/karelbraborec/rev-meter/ios/Pods/Headers/Public/React-graphics -I/Users/karelbraborec/rev-meter/ios/Pods/Headers/Public/React-hermes -I/Users/karelbraborec/rev-meter/ios/Pods/Headers/Public/React-idlecallbacksnativemodule -I/Users/karelbraborec/rev-meter/ios/Pods/Headers/Public/React-intersectionobservernativemodule -I/Users/karelbraborec/rev-meter/ios/Pods/Headers/Public/React-jserrorhandler -I/Users/karelbraborec/rev-meter/ios/Pods/Headers/Public/React-jsi -I/Users/karelbraborec/rev-meter/ios/Pods/Headers/Public/React-jsiexecutor -I/Users/karelbraborec/rev-meter/ios/Pods/Headers/Public/React-jsinspector -I/Users/karelbraborec/rev-meter/ios/Pods/Headers/Public/React-jsinspectorcdp -I/Users/karelbraborec/rev-meter/ios/Pods/Headers/Public/React-jsinspectornetwork -I/Users/karelbraborec/rev-meter/ios/Pods/Headers/Public/React-jsinspectortracing -I/Users/karelbraborec/rev-meter/ios/Pods/Headers/Public/React-jsitooling -I/Users/karelbraborec/rev-meter/ios/Pods/Headers/Public/React-logger -I/Users/karelbraborec/rev-meter/ios/Pods/Headers/Public/React-microtasksnativemodule -I/Users/karelbraborec/rev-meter/ios/Pods/Headers/Public/React-mutationobservernativemodule -I/Users/karelbraborec/rev-meter/ios/Pods/Headers/Public/React-networking -I/Users/karelbraborec/rev-meter/ios/Pods/Headers/Public/React-oscompat -I/Users/karelbraborec/rev-meter/ios/Pods/Headers/Public/React-perflogger -I/Users/karelbraborec/rev-meter/ios/Pods/Headers/Public/React-performancecdpmetrics -I/Users/karelbraborec/rev-meter/ios/Pods/Headers/Public/React-performancetimeline -I/Users/karelbraborec/rev-meter/ios/Pods/Headers/Public/React-rendererconsistency -I/Users/karelbraborec/rev-meter/ios/Pods/Headers/Public/React-renderercss -I/Users/karelbraborec/rev-meter/ios/Pods/Headers/Public/React-rendererdebug -I/Users/karelbraborec/rev-meter/ios/Pods/Headers/Public/React-runtimeexecutor -I/Users/karelbraborec/rev-meter/ios/Pods/Headers/Public/React-runtimescheduler -I/Users/karelbraborec/rev-meter/ios/Pods/Headers/Public/React-timing -I/Users/karelbraborec/rev-meter/ios/Pods/Headers/Public/React-utils -I/Users/karelbraborec/rev-meter/ios/Pods/Headers/Public/React-viewtransitionnativemodule -I/Users/karelbraborec/rev-meter/ios/Pods/Headers/Public/React-webperformancenativemodule -I/Users/karelbraborec/rev-meter/ios/Pods/Headers/Public/ReactCodegen -I/Users/karelbraborec/rev-meter/ios/Pods/Headers/Public/ReactCommon -I/Users/karelbraborec/rev-meter/ios/Pods/Headers/Public/ReactNativeDependencies -I/Users/karelbraborec/rev-meter/ios/Pods/Headers/Public/Yoga -I/Users/karelbraborec/rev-meter/ios/Pods/Headers/Public/hermes-engine -I/Users/karelbraborec/rev-meter/ios/Pods/ExpoModulesCore/ExpoModulesCore.xcframework/ios-arm64_x86_64-simulator/ExpoModulesCore.framework/Headers -I/Users/karelbraborec/rev-meter/ios/Pods/ExpoModulesCore/ExpoModulesCore.xcframework/ios-arm64/ExpoModulesCore.framework/Headers -I/Users/karelbraborec/rev-meter/ios/Pods/ExpoModulesCore/ExpoModulesCore.xcframework/ios-arm64_x86_64-simulator/ExpoModulesCore.framework/Headers -I/Users/karelbraborec/rev-meter/ios/Pods/ExpoModulesCore/ExpoModulesCore.xcframework/ios-arm64/ExpoModulesCore.framework/Headers -I/Users/karelbraborec/Library/Developer/Xcode/DerivedData/revmeter-hbcnswmlqmbpnlazhhkncgeowiss/Build/Intermediates.noindex/Pods.build/Debug-iphonesimulator/EXConstants.build/DerivedSources-normal/arm64 -I/Users/karelbraborec/Library/Developer/Xcode/DerivedData/revmeter-hbcnswmlqmbpnlazhhkncgeowiss/Build/Intermediates.noindex/Pods.build/Debug-iphonesimulator/EXConstants.build/DerivedSources/arm64 -I/Users/karelbraborec/Library/Developer/Xcode/DerivedData/revmeter-hbcnswmlqmbpnlazhhkncgeowiss/Build/Intermediates.noindex/Pods.build/Debug-iphonesimulator/EXConstants.build/DerivedSources -F/Users/karelbraborec/Library/Developer/Xcode/DerivedData/revmeter-hbcnswmlqmbpnlazhhkncgeowiss/Build/Products/Debug-iphonesimulator/EXConstants -F/Users/karelbraborec/rev-meter/node_modules/expo-modules-jsi/apple/Products -F/Users/karelbraborec/rev-meter/ios/Pods/ExpoModulesCore -F/Users/karelbraborec/rev-meter/ios/Pods/React-Core-prebuilt -F/Users/karelbraborec/rev-meter/ios/Pods/ReactNativeDependencies/framework/packages/react-native -F/Users/karelbraborec/rev-meter/ios/Pods/hermes-engine/destroot/Library/Frameworks/universal -F/Users/karelbraborec/Library/Developer/Xcode/DerivedData/revmeter-hbcnswmlqmbpnlazhhkncgeowiss/Build/Products/Debug-iphonesimulator/XCFrameworkIntermediates/ExpoModulesCore -F/Users/karelbraborec/Library/Developer/Xcode/DerivedData/revmeter-hbcnswmlqmbpnlazhhkncgeowiss/Build/Products/Debug-iphonesimulator/XCFrameworkIntermediates/ExpoModulesJSI -F/Users/karelbraborec/Library/Developer/Xcode/DerivedData/revmeter-hbcnswmlqmbpnlazhhkncgeowiss/Build/Products/Debug-iphonesimulator/XCFrameworkIntermediates/React-Core-prebuilt -F/Users/karelbraborec/Library/Developer/Xcode/DerivedData/revmeter-hbcnswmlqmbpnlazhhkncgeowiss/Build/Products/Debug-iphonesimulator/XCFrameworkIntermediates/ReactNativeDependencies -F/Users/karelbraborec/Library/Developer/Xcode/DerivedData/revmeter-hbcnswmlqmbpnlazhhkncgeowiss/Build/Products/Debug-iphonesimulator/XCFrameworkIntermediates/hermes-engine/Pre-built '-DRCT_REMOVE_LEGACY_ARCH=1' '-fmodule-map-file=/Users/karelbraborec/rev-meter/ios/Pods/Headers/Public/ReactCodegen/ReactCodegen.modulemap'

WriteAuxiliaryFile /Users/karelbraborec/Library/Developer/Xcode/DerivedData/revmeter-hbcnswmlqmbpnlazhhkncgeowiss/Build/Intermediates.noindex/Pods.build/Debug-iphonesimulator/EXConstants.build/Objects-normal/arm64/EXConstants_const_extract_protocols.json (in target 'EXConstants' from project 'Pods')
    cd /Users/karelbraborec/rev-meter/ios/Pods
    write-file /Users/karelbraborec/Library/Developer/Xcode/DerivedData/revmeter-hbcnswmlqmbpnlazhhkncgeowiss/Build/Intermediates.noindex/Pods.build/Debug-iphonesimulator/EXConstants.build/Objects-normal/arm64/EXConstants_const_extract_protocols.json

WriteAuxiliaryFile /Users/karelbraborec/Library/Developer/Xcode/DerivedData/revmeter-hbcnswmlqmbpnlazhhkncgeowiss/Build/Intermediates.noindex/Pods.build/Debug-iphonesimulator/EXConstants.build/Objects-normal/arm64/EXConstants.SwiftFileList (in target 'EXConstants' from project 'Pods')
    cd /Users/karelbraborec/rev-meter/ios/Pods
    write-file /Users/karelbraborec/Library/Developer/Xcode/DerivedData/revmeter-hbcnswmlqmbpnlazhhkncgeowiss/Build/Intermediates.noindex/Pods.build/Debug-iphonesimulator/EXConstants.build/Objects-normal/arm64/EXConstants.SwiftFileList

WriteAuxiliaryFile /Users/karelbraborec/Library/Developer/Xcode/DerivedData/revmeter-hbcnswmlqmbpnlazhhkncgeowiss/Build/Intermediates.noindex/Pods.build/Debug-iphonesimulator/EXConstants.build/Objects-normal/arm64/EXConstants.SwiftConstValuesFileList (in target 'EXConstants' from project 'Pods')
    cd /Users/karelbraborec/rev-meter/ios/Pods
    write-file /Users/karelbraborec/Library/Developer/Xcode/DerivedData/revmeter-hbcnswmlqmbpnlazhhkncgeowiss/Build/Intermediates.noindex/Pods.build/Debug-iphonesimulator/EXConstants.build/Objects-normal/arm64/EXConstants.SwiftConstValuesFileList

WriteAuxiliaryFile /Users/karelbraborec/Library/Developer/Xcode/DerivedData/revmeter-hbcnswmlqmbpnlazhhkncgeowiss/Build/Intermediates.noindex/Pods.build/Debug-iphonesimulator/EXConstants.build/Objects-normal/arm64/EXConstants.LinkFileList (in target 'EXConstants' from project 'Pods')
    cd /Users/karelbraborec/rev-meter/ios/Pods
    write-file /Users/karelbraborec/Library/Developer/Xcode/DerivedData/revmeter-hbcnswmlqmbpnlazhhkncgeowiss/Build/Intermediates.noindex/Pods.build/Debug-iphonesimulator/EXConstants.build/Objects-normal/arm64/EXConstants.LinkFileList

WriteAuxiliaryFile /Users/karelbraborec/Library/Developer/Xcode/DerivedData/revmeter-hbcnswmlqmbpnlazhhkncgeowiss/Build/Intermediates.noindex/Pods.build/Debug-iphonesimulator/EXConstants.build/Objects-normal/arm64/EXConstants-OutputFileMap.json (in target 'EXConstants' from project 'Pods')
    cd /Users/karelbraborec/rev-meter/ios/Pods
    write-file /Users/karelbraborec/Library/Developer/Xcode/DerivedData/revmeter-hbcnswmlqmbpnlazhhkncgeowiss/Build/Intermediates.noindex/Pods.build/Debug-iphonesimulator/EXConstants.build/Objects-normal/arm64/EXConstants-OutputFileMap.json

WriteAuxiliaryFile /Users/karelbraborec/Library/Developer/Xcode/DerivedData/revmeter-hbcnswmlqmbpnlazhhkncgeowiss/Build/Intermediates.noindex/Pods.build/Debug-iphonesimulator/EXConstants.build/EXConstants.hmap (in target 'EXConstants' from project 'Pods')
    cd /Users/karelbraborec/rev-meter/ios/Pods
    write-file /Users/karelbraborec/Library/Developer/Xcode/DerivedData/revmeter-hbcnswmlqmbpnlazhhkncgeowiss/Build/Intermediates.noindex/Pods.build/Debug-iphonesimulator/EXConstants.build/EXConstants.hmap

WriteAuxiliaryFile /Users/karelbraborec/Library/Developer/Xcode/DerivedData/revmeter-hbcnswmlqmbpnlazhhkncgeowiss/Build/Intermediates.noindex/Pods.build/Debug-iphonesimulator/EXConstants.build/EXConstants.DependencyStaticMetadataFileList (in target 'EXConstants' from project 'Pods')
    cd /Users/karelbraborec/rev-meter/ios/Pods
    write-file /Users/karelbraborec/Library/Developer/Xcode/DerivedData/revmeter-hbcnswmlqmbpnlazhhkncgeowiss/Build/Intermediates.noindex/Pods.build/Debug-iphonesimulator/EXConstants.build/EXConstants.DependencyStaticMetadataFileList

WriteAuxiliaryFile /Users/karelbraborec/Library/Developer/Xcode/DerivedData/revmeter-hbcnswmlqmbpnlazhhkncgeowiss/Build/Intermediates.noindex/Pods.build/Debug-iphonesimulator/EXConstants.build/EXConstants.DependencyMetadataFileList (in target 'EXConstants' from project 'Pods')
    cd /Users/karelbraborec/rev-meter/ios/Pods
    write-file /Users/karelbraborec/Library/Developer/Xcode/DerivedData/revmeter-hbcnswmlqmbpnlazhhkncgeowiss/Build/Intermediates.noindex/Pods.build/Debug-iphonesimulator/EXConstants.build/EXConstants.DependencyMetadataFileList

WriteAuxiliaryFile /Users/karelbraborec/Library/Developer/Xcode/DerivedData/revmeter-hbcnswmlqmbpnlazhhkncgeowiss/Build/Intermediates.noindex/Pods.build/Debug-iphonesimulator/EXConstants.build/EXConstants-project-headers.hmap (in target 'EXConstants' from project 'Pods')
    cd /Users/karelbraborec/rev-meter/ios/Pods
    write-file /Users/karelbraborec/Library/Developer/Xcode/DerivedData/revmeter-hbcnswmlqmbpnlazhhkncgeowiss/Build/Intermediates.noindex/Pods.build/Debug-iphonesimulator/EXConstants.build/EXConstants-project-headers.hmap

WriteAuxiliaryFile /Users/karelbraborec/Library/Developer/Xcode/DerivedData/revmeter-hbcnswmlqmbpnlazhhkncgeowiss/Build/Intermediates.noindex/Pods.build/Debug-iphonesimulator/EXConstants.build/EXConstants-own-target-headers.hmap (in target 'EXConstants' from project 'Pods')
    cd /Users/karelbraborec/rev-meter/ios/Pods
    write-file /Users/karelbraborec/Library/Developer/Xcode/DerivedData/revmeter-hbcnswmlqmbpnlazhhkncgeowiss/Build/Intermediates.noindex/Pods.build/Debug-iphonesimulator/EXConstants.build/EXConstants-own-target-headers.hmap

WriteAuxiliaryFile /Users/karelbraborec/Library/Developer/Xcode/DerivedData/revmeter-hbcnswmlqmbpnlazhhkncgeowiss/Build/Intermediates.noindex/Pods.build/Debug-iphonesimulator/EXConstants.build/EXConstants-generated-files.hmap (in target 'EXConstants' from project 'Pods')
    cd /Users/karelbraborec/rev-meter/ios/Pods
    write-file /Users/karelbraborec/Library/Developer/Xcode/DerivedData/revmeter-hbcnswmlqmbpnlazhhkncgeowiss/Build/Intermediates.noindex/Pods.build/Debug-iphonesimulator/EXConstants.build/EXConstants-generated-files.hmap

WriteAuxiliaryFile /Users/karelbraborec/Library/Developer/Xcode/DerivedData/revmeter-hbcnswmlqmbpnlazhhkncgeowiss/Build/Intermediates.noindex/Pods.build/Debug-iphonesimulator/EXConstants.build/EXConstants-all-target-headers.hmap (in target 'EXConstants' from project 'Pods')
    cd /Users/karelbraborec/rev-meter/ios/Pods
    write-file /Users/karelbraborec/Library/Developer/Xcode/DerivedData/revmeter-hbcnswmlqmbpnlazhhkncgeowiss/Build/Intermediates.noindex/Pods.build/Debug-iphonesimulator/EXConstants.build/EXConstants-all-target-headers.hmap

WriteAuxiliaryFile /Users/karelbraborec/Library/Developer/Xcode/DerivedData/revmeter-hbcnswmlqmbpnlazhhkncgeowiss/Build/Intermediates.noindex/Pods.build/Debug-iphonesimulator/EXConstants.build/EXConstants-all-non-framework-target-headers.hmap (in target 'EXConstants' from project 'Pods')
    cd /Users/karelbraborec/rev-meter/ios/Pods
    write-file /Users/karelbraborec/Library/Developer/Xcode/DerivedData/revmeter-hbcnswmlqmbpnlazhhkncgeowiss/Build/Intermediates.noindex/Pods.build/Debug-iphonesimulator/EXConstants.build/EXConstants-all-non-framework-target-headers.hmap

WriteAuxiliaryFile /Users/karelbraborec/Library/Developer/Xcode/DerivedData/revmeter-hbcnswmlqmbpnlazhhkncgeowiss/Build/Intermediates.noindex/Pods.build/Debug-iphonesimulator/EXAV.build/Script-46EB2E00016AA0.sh (in target 'EXAV' from project 'Pods')
    cd /Users/karelbraborec/rev-meter/ios/Pods
    write-file /Users/karelbraborec/Library/Developer/Xcode/DerivedData/revmeter-hbcnswmlqmbpnlazhhkncgeowiss/Build/Intermediates.noindex/Pods.build/Debug-iphonesimulator/EXAV.build/Script-46EB2E00016AA0.sh

WriteAuxiliaryFile /Users/karelbraborec/Library/Developer/Xcode/DerivedData/revmeter-hbcnswmlqmbpnlazhhkncgeowiss/Build/Intermediates.noindex/Pods.build/Debug-iphonesimulator/EXAV.build/Objects-normal/x86_64/e6072d4f65d7061329687fe24e3d63a7-common-args.resp (in target 'EXAV' from project 'Pods')
    cd /Users/karelbraborec/rev-meter/ios/Pods
    write-file /Users/karelbraborec/Library/Developer/Xcode/DerivedData/revmeter-hbcnswmlqmbpnlazhhkncgeowiss/Build/Intermediates.noindex/Pods.build/Debug-iphonesimulator/EXAV.build/Objects-normal/x86_64/e6072d4f65d7061329687fe24e3d63a7-common-args.resp
'-std=gnu11' -fobjc-arc -fmodules '-fmodules-cache-path=/Users/karelbraborec/Library/Developer/Xcode/DerivedData/ModuleCache.noindex' '-fmodule-name=EXAV' -fpascal-strings -O0 -fno-common '-DPOD_CONFIGURATION_DEBUG=1' '-DDEBUG=1' '-DCOCOAPODS=1' '-DOBJC_OLD_DISPATCH_PROTOTYPES=0' -fasm-blocks -g '-fobjc-abi-version=2' -fobjc-legacy-dispatch -iquote /Users/karelbraborec/Library/Developer/Xcode/DerivedData/revmeter-hbcnswmlqmbpnlazhhkncgeowiss/Build/Intermediates.noindex/Pods.build/Debug-iphonesimulator/EXAV.build/EXAV-generated-files.hmap -I/Users/karelbraborec/Library/Developer/Xcode/DerivedData/revmeter-hbcnswmlqmbpnlazhhkncgeowiss/Build/Intermediates.noindex/Pods.build/Debug-iphonesimulator/EXAV.build/EXAV-own-target-headers.hmap -I/Users/karelbraborec/Library/Developer/Xcode/DerivedData/revmeter-hbcnswmlqmbpnlazhhkncgeowiss/Build/Intermediates.noindex/Pods.build/Debug-iphonesimulator/EXAV.build/EXAV-all-non-framework-target-headers.hmap -ivfsoverlay /Users/karelbraborec/Library/Developer/Xcode/DerivedData/revmeter-hbcnswmlqmbpnlazhhkncgeowiss/Build/Intermediates.noindex/Pods.build/Debug-iphonesimulator/Pods-8699adb1dd336b26511df848a716bd42-VFS-iphonesimulator/all-product-headers.yaml -iquote /Users/karelbraborec/Library/Developer/Xcode/DerivedData/revmeter-hbcnswmlqmbpnlazhhkncgeowiss/Build/Intermediates.noindex/Pods.build/Debug-iphonesimulator/EXAV.build/EXAV-project-headers.hmap -I/Users/karelbraborec/Library/Developer/Xcode/DerivedData/revmeter-hbcnswmlqmbpnlazhhkncgeowiss/Build/Products/Debug-iphonesimulator/EXAV/include -I/Users/karelbraborec/rev-meter/ios/Pods/Headers/Private -I/Users/karelbraborec/rev-meter/ios/Pods/Headers/Private/EXAV -I/Users/karelbraborec/rev-meter/ios/Pods/Headers/Public -I/Users/karelbraborec/rev-meter/ios/Pods/Headers/Public/FBLazyVector -I/Users/karelbraborec/rev-meter/ios/Pods/Headers/Public/RCTRequired -I/Users/karelbraborec/rev-meter/ios/Pods/Headers/Public/RCTSwiftUIWrapper -I/Users/karelbraborec/rev-meter/ios/Pods/Headers/Public/RCTTypeSafety -I/Users/karelbraborec/rev-meter/ios/Pods/Headers/Public/React-Core -I/Users/karelbraborec/rev-meter/ios/Pods/Headers/Public/React-Core-prebuilt -I/Users/karelbraborec/rev-meter/ios/Pods/Headers/Public/React-CoreModules -I/Users/karelbraborec/rev-meter/ios/Pods/Headers/Public/React-Fabric -I/Users/karelbraborec/rev-meter/ios/Pods/Headers/Public/React-FabricComponents -I/Users/karelbraborec/rev-meter/ios/Pods/Headers/Public/React-FabricImage -I/Users/karelbraborec/rev-meter/ios/Pods/Headers/Public/React-ImageManager -I/Users/karelbraborec/rev-meter/ios/Pods/Headers/Public/React-Mapbuffer -I/Users/karelbraborec/rev-meter/ios/Pods/Headers/Public/React-NativeModulesApple -I/Users/karelbraborec/rev-meter/ios/Pods/Headers/Public/React-RCTAnimation -I/Users/karelbraborec/rev-meter/ios/Pods/Headers/Public/React-RCTBlob -I/Users/karelbraborec/rev-meter/ios/Pods/Headers/Public/React-RCTFBReactNativeSpec -I/Users/karelbraborec/rev-meter/ios/Pods/Headers/Public/React-RCTFabric -I/Users/karelbraborec/rev-meter/ios/Pods/Headers/Public/React-RCTImage -I/Users/karelbraborec/rev-meter/ios/Pods/Headers/Public/React-RCTRuntime -I/Users/karelbraborec/rev-meter/ios/Pods/Headers/Public/React-RCTText -I/Users/karelbraborec/rev-meter/ios/Pods/Headers/Public/React-RuntimeApple -I/Users/karelbraborec/rev-meter/ios/Pods/Headers/Public/React-RuntimeCore -I/Users/karelbraborec/rev-meter/ios/Pods/Headers/Public/React-RuntimeHermes -I/Users/karelbraborec/rev-meter/ios/Pods/Headers/Public/React-callinvoker -I/Users/karelbraborec/rev-meter/ios/Pods/Headers/Public/React-cxxreact -I/Users/karelbraborec/rev-meter/ios/Pods/Headers/Public/React-debug -I/Users/karelbraborec/rev-meter/ios/Pods/Headers/Public/React-defaultsnativemodule -I/Users/karelbraborec/rev-meter/ios/Pods/Headers/Public/React-domnativemodule -I/Users/karelbraborec/rev-meter/ios/Pods/Headers/Public/React-featureflags -I/Users/karelbraborec/rev-meter/ios/Pods/Headers/Public/React-featureflagsnativemodule -I/Users/karelbraborec/rev-meter/ios/Pods/Headers/Public/React-graphics -I/Users/karelbraborec/rev-meter/ios/Pods/Headers/Public/React-hermes -I/Users/karelbraborec/rev-meter/ios/Pods/Headers/Public/React-idlecallbacksnativemodule -I/Users/karelbraborec/rev-meter/ios/Pods/Headers/Public/React-intersectionobservernativemodule -I/Users/karelbraborec/rev-meter/ios/Pods/Headers/Public/React-jserrorhandler -I/Users/karelbraborec/rev-meter/ios/Pods/Headers/Public/React-jsi -I/Users/karelbraborec/rev-meter/ios/Pods/Headers/Public/React-jsiexecutor -I/Users/karelbraborec/rev-meter/ios/Pods/Headers/Public/React-jsinspector -I/Users/karelbraborec/rev-meter/ios/Pods/Headers/Public/React-jsinspectorcdp -I/Users/karelbraborec/rev-meter/ios/Pods/Headers/Public/React-jsinspectornetwork -I/Users/karelbraborec/rev-meter/ios/Pods/Headers/Public/React-jsinspectortracing -I/Users/karelbraborec/rev-meter/ios/Pods/Headers/Public/React-jsitooling -I/Users/karelbraborec/rev-meter/ios/Pods/Headers/Public/React-logger -I/Users/karelbraborec/rev-meter/ios/Pods/Headers/Public/React-microtasksnativemodule -I/Users/karelbraborec/rev-meter/ios/Pods/Headers/Public/React-mutationobservernativemodule -I/Users/karelbraborec/rev-meter/ios/Pods/Headers/Public/React-networking -I/Users/karelbraborec/rev-meter/ios/Pods/Headers/Public/React-oscompat -I/Users/karelbraborec/rev-meter/ios/Pods/Headers/Public/React-perflogger -I/Users/karelbraborec/rev-meter/ios/Pods/Headers/Public/React-performancecdpmetrics -I/Users/karelbraborec/rev-meter/ios/Pods/Headers/Public/React-performancetimeline -I/Users/karelbraborec/rev-meter/ios/Pods/Headers/Public/React-rendererconsistency -I/Users/karelbraborec/rev-meter/ios/Pods/Headers/Public/React-renderercss -I/Users/karelbraborec/rev-meter/ios/Pods/Headers/Public/React-rendererdebug -I/Users/karelbraborec/rev-meter/ios/Pods/Headers/Public/React-runtimeexecutor -I/Users/karelbraborec/rev-meter/ios/Pods/Headers/Public/React-runtimescheduler -I/Users/karelbraborec/rev-meter/ios/Pods/Headers/Public/React-timing -I/Users/karelbraborec/rev-meter/ios/Pods/Headers/Public/React-utils -I/Users/karelbraborec/rev-meter/ios/Pods/Headers/Public/React-viewtransitionnativemodule -I/Users/karelbraborec/rev-meter/ios/Pods/Headers/Public/React-webperformancenativemodule -I/Users/karelbraborec/rev-meter/ios/Pods/Headers/Public/ReactCodegen -I/Users/karelbraborec/rev-meter/ios/Pods/Headers/Public/ReactCommon -I/Users/karelbraborec/rev-meter/ios/Pods/Headers/Public/ReactNativeDependencies -I/Users/karelbraborec/rev-meter/ios/Pods/Headers/Public/Yoga -I/Users/karelbraborec/rev-meter/ios/Pods/Headers/Public/hermes-engine -I/Users/karelbraborec/rev-meter/ios/Pods/ExpoModulesCore/ExpoModulesCore.xcframework/ios-arm64_x86_64-simulator/ExpoModulesCore.framework/Headers -I/Users/karelbraborec/rev-meter/ios/Pods/ExpoModulesCore/ExpoModulesCore.xcframework/ios-arm64/ExpoModulesCore.framework/Headers -I/Users/karelbraborec/rev-meter/ios/Pods/ExpoModulesCore/ExpoModulesCore.xcframework/ios-arm64_x86_64-simulator/ExpoModulesCore.framework/Headers -I/Users/karelbraborec/rev-meter/ios/Pods/ExpoModulesCore/ExpoModulesCore.xcframework/ios-arm64/ExpoModulesCore.framework/Headers -I/Users/karelbraborec/Library/Developer/Xcode/DerivedData/revmeter-hbcnswmlqmbpnlazhhkncgeowiss/Build/Intermediates.noindex/Pods.build/Debug-iphonesimulator/EXAV.build/DerivedSources-normal/x86_64 -I/Users/karelbraborec/Library/Developer/Xcode/DerivedData/revmeter-hbcnswmlqmbpnlazhhkncgeowiss/Build/Intermediates.noindex/Pods.build/Debug-iphonesimulator/EXAV.build/DerivedSources/x86_64 -I/Users/karelbraborec/Library/Developer/Xcode/DerivedData/revmeter-hbcnswmlqmbpnlazhhkncgeowiss/Build/Intermediates.noindex/Pods.build/Debug-iphonesimulator/EXAV.build/DerivedSources -F/Users/karelbraborec/Library/Developer/Xcode/DerivedData/revmeter-hbcnswmlqmbpnlazhhkncgeowiss/Build/Products/Debug-iphonesimulator/EXAV -F/Users/karelbraborec/rev-meter/node_modules/expo-modules-jsi/apple/Products -F/Users/karelbraborec/rev-meter/ios/Pods/ExpoModulesCore -F/Users/karelbraborec/rev-meter/ios/Pods/React-Core-prebuilt -F/Users/karelbraborec/rev-meter/ios/Pods/ReactNativeDependencies/framework/packages/react-native -F/Users/karelbraborec/rev-meter/ios/Pods/hermes-engine/destroot/Library/Frameworks/universal -F/Users/karelbraborec/Library/Developer/Xcode/DerivedData/revmeter-hbcnswmlqmbpnlazhhkncgeowiss/Build/Products/Debug-iphonesimulator/XCFrameworkIntermediates/ExpoModulesCore -F/Users/karelbraborec/Library/Developer/Xcode/DerivedData/revmeter-hbcnswmlqmbpnlazhhkncgeowiss/Build/Products/Debug-iphonesimulator/XCFrameworkIntermediates/ExpoModulesJSI -F/Users/karelbraborec/Library/Developer/Xcode/DerivedData/revmeter-hbcnswmlqmbpnlazhhkncgeowiss/Build/Products/Debug-iphonesimulator/XCFrameworkIntermediates/React-Core-prebuilt -F/Users/karelbraborec/Library/Developer/Xcode/DerivedData/revmeter-hbcnswmlqmbpnlazhhkncgeowiss/Build/Products/Debug-iphonesimulator/XCFrameworkIntermediates/ReactNativeDependencies -F/Users/karelbraborec/Library/Developer/Xcode/DerivedData/revmeter-hbcnswmlqmbpnlazhhkncgeowiss/Build/Products/Debug-iphonesimulator/XCFrameworkIntermediates/hermes-engine/Pre-built '-DRCT_REMOVE_LEGACY_ARCH=1' '-fmodule-map-file=/Users/karelbraborec/rev-meter/ios/Pods/Headers/Public/ReactCodegen/ReactCodegen.modulemap'

WriteAuxiliaryFile /Users/karelbraborec/Library/Developer/Xcode/DerivedData/revmeter-hbcnswmlqmbpnlazhhkncgeowiss/Build/Intermediates.noindex/Pods.build/Debug-iphonesimulator/EXAV.build/Objects-normal/x86_64/af3fcb34312c57c0f52879cdce924b91-common-args.resp (in target 'EXAV' from project 'Pods')
    cd /Users/karelbraborec/rev-meter/ios/Pods
    write-file /Users/karelbraborec/Library/Developer/Xcode/DerivedData/revmeter-hbcnswmlqmbpnlazhhkncgeowiss/Build/Intermediates.noindex/Pods.build/Debug-iphonesimulator/EXAV.build/Objects-normal/x86_64/af3fcb34312c57c0f52879cdce924b91-common-args.resp
'-std=c++20' '-stdlib=libc++' -fobjc-arc -fmodules -fno-cxx-modules '-fmodules-cache-path=/Users/karelbraborec/Library/Developer/Xcode/DerivedData/ModuleCache.noindex' '-fmodule-name=EXAV' '-D_LIBCPP_HARDENING_MODE=_LIBCPP_HARDENING_MODE_DEBUG' -fpascal-strings -O0 -fno-common '-DPOD_CONFIGURATION_DEBUG=1' '-DDEBUG=1' '-DCOCOAPODS=1' '-DOBJC_OLD_DISPATCH_PROTOTYPES=0' -fasm-blocks -g '-fobjc-abi-version=2' -fobjc-legacy-dispatch -iquote /Users/karelbraborec/Library/Developer/Xcode/DerivedData/revmeter-hbcnswmlqmbpnlazhhkncgeowiss/Build/Intermediates.noindex/Pods.build/Debug-iphonesimulator/EXAV.build/EXAV-generated-files.hmap -I/Users/karelbraborec/Library/Developer/Xcode/DerivedData/revmeter-hbcnswmlqmbpnlazhhkncgeowiss/Build/Intermediates.noindex/Pods.build/Debug-iphonesimulator/EXAV.build/EXAV-own-target-headers.hmap -I/Users/karelbraborec/Library/Developer/Xcode/DerivedData/revmeter-hbcnswmlqmbpnlazhhkncgeowiss/Build/Intermediates.noindex/Pods.build/Debug-iphonesimulator/EXAV.build/EXAV-all-non-framework-target-headers.hmap -ivfsoverlay /Users/karelbraborec/Library/Developer/Xcode/DerivedData/revmeter-hbcnswmlqmbpnlazhhkncgeowiss/Build/Intermediates.noindex/Pods.build/Debug-iphonesimulator/Pods-8699adb1dd336b26511df848a716bd42-VFS-iphonesimulator/all-product-headers.yaml -iquote /Users/karelbraborec/Library/Developer/Xcode/DerivedData/revmeter-hbcnswmlqmbpnlazhhkncgeowiss/Build/Intermediates.noindex/Pods.build/Debug-iphonesimulator/EXAV.build/EXAV-project-headers.hmap -I/Users/karelbraborec/Library/Developer/Xcode/DerivedData/revmeter-hbcnswmlqmbpnlazhhkncgeowiss/Build/Products/Debug-iphonesimulator/EXAV/include -I/Users/karelbraborec/rev-meter/ios/Pods/Headers/Private -I/Users/karelbraborec/rev-meter/ios/Pods/Headers/Private/EXAV -I/Users/karelbraborec/rev-meter/ios/Pods/Headers/Public -I/Users/karelbraborec/rev-meter/ios/Pods/Headers/Public/FBLazyVector -I/Users/karelbraborec/rev-meter/ios/Pods/Headers/Public/RCTRequired -I/Users/karelbraborec/rev-meter/ios/Pods/Headers/Public/RCTSwiftUIWrapper -I/Users/karelbraborec/rev-meter/ios/Pods/Headers/Public/RCTTypeSafety -I/Users/karelbraborec/rev-meter/ios/Pods/Headers/Public/React-Core -I/Users/karelbraborec/rev-meter/ios/Pods/Headers/Public/React-Core-prebuilt -I/Users/karelbraborec/rev-meter/ios/Pods/Headers/Public/React-CoreModules -I/Users/karelbraborec/rev-meter/ios/Pods/Headers/Public/React-Fabric -I/Users/karelbraborec/rev-meter/ios/Pods/Headers/Public/React-FabricComponents -I/Users/karelbraborec/rev-meter/ios/Pods/Headers/Public/React-FabricImage -I/Users/karelbraborec/rev-meter/ios/Pods/Headers/Public/React-ImageManager -I/Users/karelbraborec/rev-meter/ios/Pods/Headers/Public/React-Mapbuffer -I/Users/karelbraborec/rev-meter/ios/Pods/Headers/Public/React-NativeModulesApple -I/Users/karelbraborec/rev-meter/ios/Pods/Headers/Public/React-RCTAnimation -I/Users/karelbraborec/rev-meter/ios/Pods/Headers/Public/React-RCTBlob -I/Users/karelbraborec/rev-meter/ios/Pods/Headers/Public/React-RCTFBReactNativeSpec -I/Users/karelbraborec/rev-meter/ios/Pods/Headers/Public/React-RCTFabric -I/Users/karelbraborec/rev-meter/ios/Pods/Headers/Public/React-RCTImage -I/Users/karelbraborec/rev-meter/ios/Pods/Headers/Public/React-RCTRuntime -I/Users/karelbraborec/rev-meter/ios/Pods/Headers/Public/React-RCTText -I/Users/karelbraborec/rev-meter/ios/Pods/Headers/Public/React-RuntimeApple -I/Users/karelbraborec/rev-meter/ios/Pods/Headers/Public/React-RuntimeCore -I/Users/karelbraborec/rev-meter/ios/Pods/Headers/Public/React-RuntimeHermes -I/Users/karelbraborec/rev-meter/ios/Pods/Headers/Public/React-callinvoker -I/Users/karelbraborec/rev-meter/ios/Pods/Headers/Public/React-cxxreact -I/Users/karelbraborec/rev-meter/ios/Pods/Headers/Public/React-debug -I/Users/karelbraborec/rev-meter/ios/Pods/Headers/Public/React-defaultsnativemodule -I/Users/karelbraborec/rev-meter/ios/Pods/Headers/Public/React-domnativemodule -I/Users/karelbraborec/rev-meter/ios/Pods/Headers/Public/React-featureflags -I/Users/karelbraborec/rev-meter/ios/Pods/Headers/Public/React-featureflagsnativemodule -I/Users/karelbraborec/rev-meter/ios/Pods/Headers/Public/React-graphics -I/Users/karelbraborec/rev-meter/ios/Pods/Headers/Public/React-hermes -I/Users/karelbraborec/rev-meter/ios/Pods/Headers/Public/React-idlecallbacksnativemodule -I/Users/karelbraborec/rev-meter/ios/Pods/Headers/Public/React-intersectionobservernativemodule -I/Users/karelbraborec/rev-meter/ios/Pods/Headers/Public/React-jserrorhandler -I/Users/karelbraborec/rev-meter/ios/Pods/Headers/Public/React-jsi -I/Users/karelbraborec/rev-meter/ios/Pods/Headers/Public/React-jsiexecutor -I/Users/karelbraborec/rev-meter/ios/Pods/Headers/Public/React-jsinspector -I/Users/karelbraborec/rev-meter/ios/Pods/Headers/Public/React-jsinspectorcdp -I/Users/karelbraborec/rev-meter/ios/Pods/Headers/Public/React-jsinspectornetwork -I/Users/karelbraborec/rev-meter/ios/Pods/Headers/Public/React-jsinspectortracing -I/Users/karelbraborec/rev-meter/ios/Pods/Headers/Public/React-jsitooling -I/Users/karelbraborec/rev-meter/ios/Pods/Headers/Public/React-logger -I/Users/karelbraborec/rev-meter/ios/Pods/Headers/Public/React-microtasksnativemodule -I/Users/karelbraborec/rev-meter/ios/Pods/Headers/Public/React-mutationobservernativemodule -I/Users/karelbraborec/rev-meter/ios/Pods/Headers/Public/React-networking -I/Users/karelbraborec/rev-meter/ios/Pods/Headers/Public/React-oscompat -I/Users/karelbraborec/rev-meter/ios/Pods/Headers/Public/React-perflogger -I/Users/karelbraborec/rev-meter/ios/Pods/Headers/Public/React-performancecdpmetrics -I/Users/karelbraborec/rev-meter/ios/Pods/Headers/Public/React-performancetimeline -I/Users/karelbraborec/rev-meter/ios/Pods/Headers/Public/React-rendererconsistency -I/Users/karelbraborec/rev-meter/ios/Pods/Headers/Public/React-renderercss -I/Users/karelbraborec/rev-meter/ios/Pods/Headers/Public/React-rendererdebug -I/Users/karelbraborec/rev-meter/ios/Pods/Headers/Public/React-runtimeexecutor -I/Users/karelbraborec/rev-meter/ios/Pods/Headers/Public/React-runtimescheduler -I/Users/karelbraborec/rev-meter/ios/Pods/Headers/Public/React-timing -I/Users/karelbraborec/rev-meter/ios/Pods/Headers/Public/React-utils -I/Users/karelbraborec/rev-meter/ios/Pods/Headers/Public/React-viewtransitionnativemodule -I/Users/karelbraborec/rev-meter/ios/Pods/Headers/Public/React-webperformancenativemodule -I/Users/karelbraborec/rev-meter/ios/Pods/Headers/Public/ReactCodegen -I/Users/karelbraborec/rev-meter/ios/Pods/Headers/Public/ReactCommon -I/Users/karelbraborec/rev-meter/ios/Pods/Headers/Public/ReactNativeDependencies -I/Users/karelbraborec/rev-meter/ios/Pods/Headers/Public/Yoga -I/Users/karelbraborec/rev-meter/ios/Pods/Headers/Public/hermes-engine -I/Users/karelbraborec/rev-meter/ios/Pods/ExpoModulesCore/ExpoModulesCore.xcframework/ios-arm64_x86_64-simulator/ExpoModulesCore.framework/Headers -I/Users/karelbraborec/rev-meter/ios/Pods/ExpoModulesCore/ExpoModulesCore.xcframework/ios-arm64/ExpoModulesCore.framework/Headers -I/Users/karelbraborec/rev-meter/ios/Pods/ExpoModulesCore/ExpoModulesCore.xcframework/ios-arm64_x86_64-simulator/ExpoModulesCore.framework/Headers -I/Users/karelbraborec/rev-meter/ios/Pods/ExpoModulesCore/ExpoModulesCore.xcframework/ios-arm64/ExpoModulesCore.framework/Headers -I/Users/karelbraborec/Library/Developer/Xcode/DerivedData/revmeter-hbcnswmlqmbpnlazhhkncgeowiss/Build/Intermediates.noindex/Pods.build/Debug-iphonesimulator/EXAV.build/DerivedSources-normal/x86_64 -I/Users/karelbraborec/Library/Developer/Xcode/DerivedData/revmeter-hbcnswmlqmbpnlazhhkncgeowiss/Build/Intermediates.noindex/Pods.build/Debug-iphonesimulator/EXAV.build/DerivedSources/x86_64 -I/Users/karelbraborec/Library/Developer/Xcode/DerivedData/revmeter-hbcnswmlqmbpnlazhhkncgeowiss/Build/Intermediates.noindex/Pods.build/Debug-iphonesimulator/EXAV.build/DerivedSources -F/Users/karelbraborec/Library/Developer/Xcode/DerivedData/revmeter-hbcnswmlqmbpnlazhhkncgeowiss/Build/Products/Debug-iphonesimulator/EXAV -F/Users/karelbraborec/rev-meter/node_modules/expo-modules-jsi/apple/Products -F/Users/karelbraborec/rev-meter/ios/Pods/ExpoModulesCore -F/Users/karelbraborec/rev-meter/ios/Pods/React-Core-prebuilt -F/Users/karelbraborec/rev-meter/ios/Pods/ReactNativeDependencies/framework/packages/react-native -F/Users/karelbraborec/rev-meter/ios/Pods/hermes-engine/destroot/Library/Frameworks/universal -F/Users/karelbraborec/Library/Developer/Xcode/DerivedData/revmeter-hbcnswmlqmbpnlazhhkncgeowiss/Build/Products/Debug-iphonesimulator/XCFrameworkIntermediates/ExpoModulesCore -F/Users/karelbraborec/Library/Developer/Xcode/DerivedData/revmeter-hbcnswmlqmbpnlazhhkncgeowiss/Build/Products/Debug-iphonesimulator/XCFrameworkIntermediates/ExpoModulesJSI -F/Users/karelbraborec/Library/Developer/Xcode/DerivedData/revmeter-hbcnswmlqmbpnlazhhkncgeowiss/Build/Products/Debug-iphonesimulator/XCFrameworkIntermediates/React-Core-prebuilt -F/Users/karelbraborec/Library/Developer/Xcode/DerivedData/revmeter-hbcnswmlqmbpnlazhhkncgeowiss/Build/Products/Debug-iphonesimulator/XCFrameworkIntermediates/ReactNativeDependencies -F/Users/karelbraborec/Library/Developer/Xcode/DerivedData/revmeter-hbcnswmlqmbpnlazhhkncgeowiss/Build/Products/Debug-iphonesimulator/XCFrameworkIntermediates/hermes-engine/Pre-built '-DRCT_REMOVE_LEGACY_ARCH=1' '-fmodule-map-file=/Users/karelbraborec/rev-meter/ios/Pods/Headers/Public/ReactCodegen/ReactCodegen.modulemap' '-DRCT_REMOVE_LEGACY_ARCH=1'

WriteAuxiliaryFile /Users/karelbraborec/Library/Developer/Xcode/DerivedData/revmeter-hbcnswmlqmbpnlazhhkncgeowiss/Build/Intermediates.noindex/Pods.build/Debug-iphonesimulator/EXAV.build/Objects-normal/x86_64/EXAV_const_extract_protocols.json (in target 'EXAV' from project 'Pods')
    cd /Users/karelbraborec/rev-meter/ios/Pods
    write-file /Users/karelbraborec/Library/Developer/Xcode/DerivedData/revmeter-hbcnswmlqmbpnlazhhkncgeowiss/Build/Intermediates.noindex/Pods.build/Debug-iphonesimulator/EXAV.build/Objects-normal/x86_64/EXAV_const_extract_protocols.json

WriteAuxiliaryFile /Users/karelbraborec/Library/Developer/Xcode/DerivedData/revmeter-hbcnswmlqmbpnlazhhkncgeowiss/Build/Intermediates.noindex/Pods.build/Debug-iphonesimulator/EXAV.build/Objects-normal/x86_64/EXAV.SwiftFileList (in target 'EXAV' from project 'Pods')
    cd /Users/karelbraborec/rev-meter/ios/Pods
    write-file /Users/karelbraborec/Library/Developer/Xcode/DerivedData/revmeter-hbcnswmlqmbpnlazhhkncgeowiss/Build/Intermediates.noindex/Pods.build/Debug-iphonesimulator/EXAV.build/Objects-normal/x86_64/EXAV.SwiftFileList

WriteAuxiliaryFile /Users/karelbraborec/Library/Developer/Xcode/DerivedData/revmeter-hbcnswmlqmbpnlazhhkncgeowiss/Build/Intermediates.noindex/Pods.build/Debug-iphonesimulator/EXAV.build/Objects-normal/x86_64/EXAV.SwiftConstValuesFileList (in target 'EXAV' from project 'Pods')
    cd /Users/karelbraborec/rev-meter/ios/Pods
    write-file /Users/karelbraborec/Library/Developer/Xcode/DerivedData/revmeter-hbcnswmlqmbpnlazhhkncgeowiss/Build/Intermediates.noindex/Pods.build/Debug-iphonesimulator/EXAV.build/Objects-normal/x86_64/EXAV.SwiftConstValuesFileList

WriteAuxiliaryFile /Users/karelbraborec/Library/Developer/Xcode/DerivedData/revmeter-hbcnswmlqmbpnlazhhkncgeowiss/Build/Intermediates.noindex/Pods.build/Debug-iphonesimulator/EXAV.build/Objects-normal/x86_64/EXAV.LinkFileList (in target 'EXAV' from project 'Pods')
    cd /Users/karelbraborec/rev-meter/ios/Pods
    write-file /Users/karelbraborec/Library/Developer/Xcode/DerivedData/revmeter-hbcnswmlqmbpnlazhhkncgeowiss/Build/Intermediates.noindex/Pods.build/Debug-iphonesimulator/EXAV.build/Objects-normal/x86_64/EXAV.LinkFileList

WriteAuxiliaryFile /Users/karelbraborec/Library/Developer/Xcode/DerivedData/revmeter-hbcnswmlqmbpnlazhhkncgeowiss/Build/Intermediates.noindex/Pods.build/Debug-iphonesimulator/EXAV.build/Objects-normal/x86_64/EXAV-OutputFileMap.json (in target 'EXAV' from project 'Pods')
    cd /Users/karelbraborec/rev-meter/ios/Pods
    write-file /Users/karelbraborec/Library/Developer/Xcode/DerivedData/revmeter-hbcnswmlqmbpnlazhhkncgeowiss/Build/Intermediates.noindex/Pods.build/Debug-iphonesimulator/EXAV.build/Objects-normal/x86_64/EXAV-OutputFileMap.json

WriteAuxiliaryFile /Users/karelbraborec/Library/Developer/Xcode/DerivedData/revmeter-hbcnswmlqmbpnlazhhkncgeowiss/Build/Intermediates.noindex/Pods.build/Debug-iphonesimulator/EXAV.build/Objects-normal/arm64/e6072d4f65d7061329687fe24e3d63a7-common-args.resp (in target 'EXAV' from project 'Pods')
    cd /Users/karelbraborec/rev-meter/ios/Pods
    write-file /Users/karelbraborec/Library/Developer/Xcode/DerivedData/revmeter-hbcnswmlqmbpnlazhhkncgeowiss/Build/Intermediates.noindex/Pods.build/Debug-iphonesimulator/EXAV.build/Objects-normal/arm64/e6072d4f65d7061329687fe24e3d63a7-common-args.resp
'-std=gnu11' -fobjc-arc -fmodules '-fmodules-cache-path=/Users/karelbraborec/Library/Developer/Xcode/DerivedData/ModuleCache.noindex' '-fmodule-name=EXAV' -fpascal-strings -O0 -fno-common '-DPOD_CONFIGURATION_DEBUG=1' '-DDEBUG=1' '-DCOCOAPODS=1' '-DOBJC_OLD_DISPATCH_PROTOTYPES=0' -g '-fobjc-abi-version=2' -fobjc-legacy-dispatch -iquote /Users/karelbraborec/Library/Developer/Xcode/DerivedData/revmeter-hbcnswmlqmbpnlazhhkncgeowiss/Build/Intermediates.noindex/Pods.build/Debug-iphonesimulator/EXAV.build/EXAV-generated-files.hmap -I/Users/karelbraborec/Library/Developer/Xcode/DerivedData/revmeter-hbcnswmlqmbpnlazhhkncgeowiss/Build/Intermediates.noindex/Pods.build/Debug-iphonesimulator/EXAV.build/EXAV-own-target-headers.hmap -I/Users/karelbraborec/Library/Developer/Xcode/DerivedData/revmeter-hbcnswmlqmbpnlazhhkncgeowiss/Build/Intermediates.noindex/Pods.build/Debug-iphonesimulator/EXAV.build/EXAV-all-non-framework-target-headers.hmap -ivfsoverlay /Users/karelbraborec/Library/Developer/Xcode/DerivedData/revmeter-hbcnswmlqmbpnlazhhkncgeowiss/Build/Intermediates.noindex/Pods.build/Debug-iphonesimulator/Pods-8699adb1dd336b26511df848a716bd42-VFS-iphonesimulator/all-product-headers.yaml -iquote /Users/karelbraborec/Library/Developer/Xcode/DerivedData/revmeter-hbcnswmlqmbpnlazhhkncgeowiss/Build/Intermediates.noindex/Pods.build/Debug-iphonesimulator/EXAV.build/EXAV-project-headers.hmap -I/Users/karelbraborec/Library/Developer/Xcode/DerivedData/revmeter-hbcnswmlqmbpnlazhhkncgeowiss/Build/Products/Debug-iphonesimulator/EXAV/include -I/Users/karelbraborec/rev-meter/ios/Pods/Headers/Private -I/Users/karelbraborec/rev-meter/ios/Pods/Headers/Private/EXAV -I/Users/karelbraborec/rev-meter/ios/Pods/Headers/Public -I/Users/karelbraborec/rev-meter/ios/Pods/Headers/Public/FBLazyVector -I/Users/karelbraborec/rev-meter/ios/Pods/Headers/Public/RCTRequired -I/Users/karelbraborec/rev-meter/ios/Pods/Headers/Public/RCTSwiftUIWrapper -I/Users/karelbraborec/rev-meter/ios/Pods/Headers/Public/RCTTypeSafety -I/Users/karelbraborec/rev-meter/ios/Pods/Headers/Public/React-Core -I/Users/karelbraborec/rev-meter/ios/Pods/Headers/Public/React-Core-prebuilt -I/Users/karelbraborec/rev-meter/ios/Pods/Headers/Public/React-CoreModules -I/Users/karelbraborec/rev-meter/ios/Pods/Headers/Public/React-Fabric -I/Users/karelbraborec/rev-meter/ios/Pods/Headers/Public/React-FabricComponents -I/Users/karelbraborec/rev-meter/ios/Pods/Headers/Public/React-FabricImage -I/Users/karelbraborec/rev-meter/ios/Pods/Headers/Public/React-ImageManager -I/Users/karelbraborec/rev-meter/ios/Pods/Headers/Public/React-Mapbuffer -I/Users/karelbraborec/rev-meter/ios/Pods/Headers/Public/React-NativeModulesApple -I/Users/karelbraborec/rev-meter/ios/Pods/Headers/Public/React-RCTAnimation -I/Users/karelbraborec/rev-meter/ios/Pods/Headers/Public/React-RCTBlob -I/Users/karelbraborec/rev-meter/ios/Pods/Headers/Public/React-RCTFBReactNativeSpec -I/Users/karelbraborec/rev-meter/ios/Pods/Headers/Public/React-RCTFabric -I/Users/karelbraborec/rev-meter/ios/Pods/Headers/Public/React-RCTImage -I/Users/karelbraborec/rev-meter/ios/Pods/Headers/Public/React-RCTRuntime -I/Users/karelbraborec/rev-meter/ios/Pods/Headers/Public/React-RCTText -I/Users/karelbraborec/rev-meter/ios/Pods/Headers/Public/React-RuntimeApple -I/Users/karelbraborec/rev-meter/ios/Pods/Headers/Public/React-RuntimeCore -I/Users/karelbraborec/rev-meter/ios/Pods/Headers/Public/React-RuntimeHermes -I/Users/karelbraborec/rev-meter/ios/Pods/Headers/Public/React-callinvoker -I/Users/karelbraborec/rev-meter/ios/Pods/Headers/Public/React-cxxreact -I/Users/karelbraborec/rev-meter/ios/Pods/Headers/Public/React-debug -I/Users/karelbraborec/rev-meter/ios/Pods/Headers/Public/React-defaultsnativemodule -I/Users/karelbraborec/rev-meter/ios/Pods/Headers/Public/React-domnativemodule -I/Users/karelbraborec/rev-meter/ios/Pods/Headers/Public/React-featureflags -I/Users/karelbraborec/rev-meter/ios/Pods/Headers/Public/React-featureflagsnativemodule -I/Users/karelbraborec/rev-meter/ios/Pods/Headers/Public/React-graphics -I/Users/karelbraborec/rev-meter/ios/Pods/Headers/Public/React-hermes -I/Users/karelbraborec/rev-meter/ios/Pods/Headers/Public/React-idlecallbacksnativemodule -I/Users/karelbraborec/rev-meter/ios/Pods/Headers/Public/React-intersectionobservernativemodule -I/Users/karelbraborec/rev-meter/ios/Pods/Headers/Public/React-jserrorhandler -I/Users/karelbraborec/rev-meter/ios/Pods/Headers/Public/React-jsi -I/Users/karelbraborec/rev-meter/ios/Pods/Headers/Public/React-jsiexecutor -I/Users/karelbraborec/rev-meter/ios/Pods/Headers/Public/React-jsinspector -I/Users/karelbraborec/rev-meter/ios/Pods/Headers/Public/React-jsinspectorcdp -I/Users/karelbraborec/rev-meter/ios/Pods/Headers/Public/React-jsinspectornetwork -I/Users/karelbraborec/rev-meter/ios/Pods/Headers/Public/React-jsinspectortracing -I/Users/karelbraborec/rev-meter/ios/Pods/Headers/Public/React-jsitooling -I/Users/karelbraborec/rev-meter/ios/Pods/Headers/Public/React-logger -I/Users/karelbraborec/rev-meter/ios/Pods/Headers/Public/React-microtasksnativemodule -I/Users/karelbraborec/rev-meter/ios/Pods/Headers/Public/React-mutationobservernativemodule -I/Users/karelbraborec/rev-meter/ios/Pods/Headers/Public/React-networking -I/Users/karelbraborec/rev-meter/ios/Pods/Headers/Public/React-oscompat -I/Users/karelbraborec/rev-meter/ios/Pods/Headers/Public/React-perflogger -I/Users/karelbraborec/rev-meter/ios/Pods/Headers/Public/React-performancecdpmetrics -I/Users/karelbraborec/rev-meter/ios/Pods/Headers/Public/React-performancetimeline -I/Users/karelbraborec/rev-meter/ios/Pods/Headers/Public/React-rendererconsistency -I/Users/karelbraborec/rev-meter/ios/Pods/Headers/Public/React-renderercss -I/Users/karelbraborec/rev-meter/ios/Pods/Headers/Public/React-rendererdebug -I/Users/karelbraborec/rev-meter/ios/Pods/Headers/Public/React-runtimeexecutor -I/Users/karelbraborec/rev-meter/ios/Pods/Headers/Public/React-runtimescheduler -I/Users/karelbraborec/rev-meter/ios/Pods/Headers/Public/React-timing -I/Users/karelbraborec/rev-meter/ios/Pods/Headers/Public/React-utils -I/Users/karelbraborec/rev-meter/ios/Pods/Headers/Public/React-viewtransitionnativemodule -I/Users/karelbraborec/rev-meter/ios/Pods/Headers/Public/React-webperformancenativemodule -I/Users/karelbraborec/rev-meter/ios/Pods/Headers/Public/ReactCodegen -I/Users/karelbraborec/rev-meter/ios/Pods/Headers/Public/ReactCommon -I/Users/karelbraborec/rev-meter/ios/Pods/Headers/Public/ReactNativeDependencies -I/Users/karelbraborec/rev-meter/ios/Pods/Headers/Public/Yoga -I/Users/karelbraborec/rev-meter/ios/Pods/Headers/Public/hermes-engine -I/Users/karelbraborec/rev-meter/ios/Pods/ExpoModulesCore/ExpoModulesCore.xcframework/ios-arm64_x86_64-simulator/ExpoModulesCore.framework/Headers -I/Users/karelbraborec/rev-meter/ios/Pods/ExpoModulesCore/ExpoModulesCore.xcframework/ios-arm64/ExpoModulesCore.framework/Headers -I/Users/karelbraborec/rev-meter/ios/Pods/ExpoModulesCore/ExpoModulesCore.xcframework/ios-arm64_x86_64-simulator/ExpoModulesCore.framework/Headers -I/Users/karelbraborec/rev-meter/ios/Pods/ExpoModulesCore/ExpoModulesCore.xcframework/ios-arm64/ExpoModulesCore.framework/Headers -I/Users/karelbraborec/Library/Developer/Xcode/DerivedData/revmeter-hbcnswmlqmbpnlazhhkncgeowiss/Build/Intermediates.noindex/Pods.build/Debug-iphonesimulator/EXAV.build/DerivedSources-normal/arm64 -I/Users/karelbraborec/Library/Developer/Xcode/DerivedData/revmeter-hbcnswmlqmbpnlazhhkncgeowiss/Build/Intermediates.noindex/Pods.build/Debug-iphonesimulator/EXAV.build/DerivedSources/arm64 -I/Users/karelbraborec/Library/Developer/Xcode/DerivedData/revmeter-hbcnswmlqmbpnlazhhkncgeowiss/Build/Intermediates.noindex/Pods.build/Debug-iphonesimulator/EXAV.build/DerivedSources -F/Users/karelbraborec/Library/Developer/Xcode/DerivedData/revmeter-hbcnswmlqmbpnlazhhkncgeowiss/Build/Products/Debug-iphonesimulator/EXAV -F/Users/karelbraborec/rev-meter/node_modules/expo-modules-jsi/apple/Products -F/Users/karelbraborec/rev-meter/ios/Pods/ExpoModulesCore -F/Users/karelbraborec/rev-meter/ios/Pods/React-Core-prebuilt -F/Users/karelbraborec/rev-meter/ios/Pods/ReactNativeDependencies/framework/packages/react-native -F/Users/karelbraborec/rev-meter/ios/Pods/hermes-engine/destroot/Library/Frameworks/universal -F/Users/karelbraborec/Library/Developer/Xcode/DerivedData/revmeter-hbcnswmlqmbpnlazhhkncgeowiss/Build/Products/Debug-iphonesimulator/XCFrameworkIntermediates/ExpoModulesCore -F/Users/karelbraborec/Library/Developer/Xcode/DerivedData/revmeter-hbcnswmlqmbpnlazhhkncgeowiss/Build/Products/Debug-iphonesimulator/XCFrameworkIntermediates/ExpoModulesJSI -F/Users/karelbraborec/Library/Developer/Xcode/DerivedData/revmeter-hbcnswmlqmbpnlazhhkncgeowiss/Build/Products/Debug-iphonesimulator/XCFrameworkIntermediates/React-Core-prebuilt -F/Users/karelbraborec/Library/Developer/Xcode/DerivedData/revmeter-hbcnswmlqmbpnlazhhkncgeowiss/Build/Products/Debug-iphonesimulator/XCFrameworkIntermediates/ReactNativeDependencies -F/Users/karelbraborec/Library/Developer/Xcode/DerivedData/revmeter-hbcnswmlqmbpnlazhhkncgeowiss/Build/Products/Debug-iphonesimulator/XCFrameworkIntermediates/hermes-engine/Pre-built '-DRCT_REMOVE_LEGACY_ARCH=1' '-fmodule-map-file=/Users/karelbraborec/rev-meter/ios/Pods/Headers/Public/ReactCodegen/ReactCodegen.modulemap'

WriteAuxiliaryFile /Users/karelbraborec/Library/Developer/Xcode/DerivedData/revmeter-hbcnswmlqmbpnlazhhkncgeowiss/Build/Intermediates.noindex/Pods.build/Debug-iphonesimulator/EXAV.build/Objects-normal/arm64/af3fcb34312c57c0f52879cdce924b91-common-args.resp (in target 'EXAV' from project 'Pods')
    cd /Users/karelbraborec/rev-meter/ios/Pods
    write-file /Users/karelbraborec/Library/Developer/Xcode/DerivedData/revmeter-hbcnswmlqmbpnlazhhkncgeowiss/Build/Intermediates.noindex/Pods.build/Debug-iphonesimulator/EXAV.build/Objects-normal/arm64/af3fcb34312c57c0f52879cdce924b91-common-args.resp
'-std=c++20' '-stdlib=libc++' -fobjc-arc -fmodules -fno-cxx-modules '-fmodules-cache-path=/Users/karelbraborec/Library/Developer/Xcode/DerivedData/ModuleCache.noindex' '-fmodule-name=EXAV' '-D_LIBCPP_HARDENING_MODE=_LIBCPP_HARDENING_MODE_DEBUG' -fpascal-strings -O0 -fno-common '-DPOD_CONFIGURATION_DEBUG=1' '-DDEBUG=1' '-DCOCOAPODS=1' '-DOBJC_OLD_DISPATCH_PROTOTYPES=0' -g '-fobjc-abi-version=2' -fobjc-legacy-dispatch -iquote /Users/karelbraborec/Library/Developer/Xcode/DerivedData/revmeter-hbcnswmlqmbpnlazhhkncgeowiss/Build/Intermediates.noindex/Pods.build/Debug-iphonesimulator/EXAV.build/EXAV-generated-files.hmap -I/Users/karelbraborec/Library/Developer/Xcode/DerivedData/revmeter-hbcnswmlqmbpnlazhhkncgeowiss/Build/Intermediates.noindex/Pods.build/Debug-iphonesimulator/EXAV.build/EXAV-own-target-headers.hmap -I/Users/karelbraborec/Library/Developer/Xcode/DerivedData/revmeter-hbcnswmlqmbpnlazhhkncgeowiss/Build/Intermediates.noindex/Pods.build/Debug-iphonesimulator/EXAV.build/EXAV-all-non-framework-target-headers.hmap -ivfsoverlay /Users/karelbraborec/Library/Developer/Xcode/DerivedData/revmeter-hbcnswmlqmbpnlazhhkncgeowiss/Build/Intermediates.noindex/Pods.build/Debug-iphonesimulator/Pods-8699adb1dd336b26511df848a716bd42-VFS-iphonesimulator/all-product-headers.yaml -iquote /Users/karelbraborec/Library/Developer/Xcode/DerivedData/revmeter-hbcnswmlqmbpnlazhhkncgeowiss/Build/Intermediates.noindex/Pods.build/Debug-iphonesimulator/EXAV.build/EXAV-project-headers.hmap -I/Users/karelbraborec/Library/Developer/Xcode/DerivedData/revmeter-hbcnswmlqmbpnlazhhkncgeowiss/Build/Products/Debug-iphonesimulator/EXAV/include -I/Users/karelbraborec/rev-meter/ios/Pods/Headers/Private -I/Users/karelbraborec/rev-meter/ios/Pods/Headers/Private/EXAV -I/Users/karelbraborec/rev-meter/ios/Pods/Headers/Public -I/Users/karelbraborec/rev-meter/ios/Pods/Headers/Public/FBLazyVector -I/Users/karelbraborec/rev-meter/ios/Pods/Headers/Public/RCTRequired -I/Users/karelbraborec/rev-meter/ios/Pods/Headers/Public/RCTSwiftUIWrapper -I/Users/karelbraborec/rev-meter/ios/Pods/Headers/Public/RCTTypeSafety -I/Users/karelbraborec/rev-meter/ios/Pods/Headers/Public/React-Core -I/Users/karelbraborec/rev-meter/ios/Pods/Headers/Public/React-Core-prebuilt -I/Users/karelbraborec/rev-meter/ios/Pods/Headers/Public/React-CoreModules -I/Users/karelbraborec/rev-meter/ios/Pods/Headers/Public/React-Fabric -I/Users/karelbraborec/rev-meter/ios/Pods/Headers/Public/React-FabricComponents -I/Users/karelbraborec/rev-meter/ios/Pods/Headers/Public/React-FabricImage -I/Users/karelbraborec/rev-meter/ios/Pods/Headers/Public/React-ImageManager -I/Users/karelbraborec/rev-meter/ios/Pods/Headers/Public/React-Mapbuffer -I/Users/karelbraborec/rev-meter/ios/Pods/Headers/Public/React-NativeModulesApple -I/Users/karelbraborec/rev-meter/ios/Pods/Headers/Public/React-RCTAnimation -I/Users/karelbraborec/rev-meter/ios/Pods/Headers/Public/React-RCTBlob -I/Users/karelbraborec/rev-meter/ios/Pods/Headers/Public/React-RCTFBReactNativeSpec -I/Users/karelbraborec/rev-meter/ios/Pods/Headers/Public/React-RCTFabric -I/Users/karelbraborec/rev-meter/ios/Pods/Headers/Public/React-RCTImage -I/Users/karelbraborec/rev-meter/ios/Pods/Headers/Public/React-RCTRuntime -I/Users/karelbraborec/rev-meter/ios/Pods/Headers/Public/React-RCTText -I/Users/karelbraborec/rev-meter/ios/Pods/Headers/Public/React-RuntimeApple -I/Users/karelbraborec/rev-meter/ios/Pods/Headers/Public/React-RuntimeCore -I/Users/karelbraborec/rev-meter/ios/Pods/Headers/Public/React-RuntimeHermes -I/Users/karelbraborec/rev-meter/ios/Pods/Headers/Public/React-callinvoker -I/Users/karelbraborec/rev-meter/ios/Pods/Headers/Public/React-cxxreact -I/Users/karelbraborec/rev-meter/ios/Pods/Headers/Public/React-debug -I/Users/karelbraborec/rev-meter/ios/Pods/Headers/Public/React-defaultsnativemodule -I/Users/karelbraborec/rev-meter/ios/Pods/Headers/Public/React-domnativemodule -I/Users/karelbraborec/rev-meter/ios/Pods/Headers/Public/React-featureflags -I/Users/karelbraborec/rev-meter/ios/Pods/Headers/Public/React-featureflagsnativemodule -I/Users/karelbraborec/rev-meter/ios/Pods/Headers/Public/React-graphics -I/Users/karelbraborec/rev-meter/ios/Pods/Headers/Public/React-hermes -I/Users/karelbraborec/rev-meter/ios/Pods/Headers/Public/React-idlecallbacksnativemodule -I/Users/karelbraborec/rev-meter/ios/Pods/Headers/Public/React-intersectionobservernativemodule -I/Users/karelbraborec/rev-meter/ios/Pods/Headers/Public/React-jserrorhandler -I/Users/karelbraborec/rev-meter/ios/Pods/Headers/Public/React-jsi -I/Users/karelbraborec/rev-meter/ios/Pods/Headers/Public/React-jsiexecutor -I/Users/karelbraborec/rev-meter/ios/Pods/Headers/Public/React-jsinspector -I/Users/karelbraborec/rev-meter/ios/Pods/Headers/Public/React-jsinspectorcdp -I/Users/karelbraborec/rev-meter/ios/Pods/Headers/Public/React-jsinspectornetwork -I/Users/karelbraborec/rev-meter/ios/Pods/Headers/Public/React-jsinspectortracing -I/Users/karelbraborec/rev-meter/ios/Pods/Headers/Public/React-jsitooling -I/Users/karelbraborec/rev-meter/ios/Pods/Headers/Public/React-logger -I/Users/karelbraborec/rev-meter/ios/Pods/Headers/Public/React-microtasksnativemodule -I/Users/karelbraborec/rev-meter/ios/Pods/Headers/Public/React-mutationobservernativemodule -I/Users/karelbraborec/rev-meter/ios/Pods/Headers/Public/React-networking -I/Users/karelbraborec/rev-meter/ios/Pods/Headers/Public/React-oscompat -I/Users/karelbraborec/rev-meter/ios/Pods/Headers/Public/React-perflogger -I/Users/karelbraborec/rev-meter/ios/Pods/Headers/Public/React-performancecdpmetrics -I/Users/karelbraborec/rev-meter/ios/Pods/Headers/Public/React-performancetimeline -I/Users/karelbraborec/rev-meter/ios/Pods/Headers/Public/React-rendererconsistency -I/Users/karelbraborec/rev-meter/ios/Pods/Headers/Public/React-renderercss -I/Users/karelbraborec/rev-meter/ios/Pods/Headers/Public/React-rendererdebug -I/Users/karelbraborec/rev-meter/ios/Pods/Headers/Public/React-runtimeexecutor -I/Users/karelbraborec/rev-meter/ios/Pods/Headers/Public/React-runtimescheduler -I/Users/karelbraborec/rev-meter/ios/Pods/Headers/Public/React-timing -I/Users/karelbraborec/rev-meter/ios/Pods/Headers/Public/React-utils -I/Users/karelbraborec/rev-meter/ios/Pods/Headers/Public/React-viewtransitionnativemodule -I/Users/karelbraborec/rev-meter/ios/Pods/Headers/Public/React-webperformancenativemodule -I/Users/karelbraborec/rev-meter/ios/Pods/Headers/Public/ReactCodegen -I/Users/karelbraborec/rev-meter/ios/Pods/Headers/Public/ReactCommon -I/Users/karelbraborec/rev-meter/ios/Pods/Headers/Public/ReactNativeDependencies -I/Users/karelbraborec/rev-meter/ios/Pods/Headers/Public/Yoga -I/Users/karelbraborec/rev-meter/ios/Pods/Headers/Public/hermes-engine -I/Users/karelbraborec/rev-meter/ios/Pods/ExpoModulesCore/ExpoModulesCore.xcframework/ios-arm64_x86_64-simulator/ExpoModulesCore.framework/Headers -I/Users/karelbraborec/rev-meter/ios/Pods/ExpoModulesCore/ExpoModulesCore.xcframework/ios-arm64/ExpoModulesCore.framework/Headers -I/Users/karelbraborec/rev-meter/ios/Pods/ExpoModulesCore/ExpoModulesCore.xcframework/ios-arm64_x86_64-simulator/ExpoModulesCore.framework/Headers -I/Users/karelbraborec/rev-meter/ios/Pods/ExpoModulesCore/ExpoModulesCore.xcframework/ios-arm64/ExpoModulesCore.framework/Headers -I/Users/karelbraborec/Library/Developer/Xcode/DerivedData/revmeter-hbcnswmlqmbpnlazhhkncgeowiss/Build/Intermediates.noindex/Pods.build/Debug-iphonesimulator/EXAV.build/DerivedSources-normal/arm64 -I/Users/karelbraborec/Library/Developer/Xcode/DerivedData/revmeter-hbcnswmlqmbpnlazhhkncgeowiss/Build/Intermediates.noindex/Pods.build/Debug-iphonesimulator/EXAV.build/DerivedSources/arm64 -I/Users/karelbraborec/Library/Developer/Xcode/DerivedData/revmeter-hbcnswmlqmbpnlazhhkncgeowiss/Build/Intermediates.noindex/Pods.build/Debug-iphonesimulator/EXAV.build/DerivedSources -F/Users/karelbraborec/Library/Developer/Xcode/DerivedData/revmeter-hbcnswmlqmbpnlazhhkncgeowiss/Build/Products/Debug-iphonesimulator/EXAV -F/Users/karelbraborec/rev-meter/node_modules/expo-modules-jsi/apple/Products -F/Users/karelbraborec/rev-meter/ios/Pods/ExpoModulesCore -F/Users/karelbraborec/rev-meter/ios/Pods/React-Core-prebuilt -F/Users/karelbraborec/rev-meter/ios/Pods/ReactNativeDependencies/framework/packages/react-native -F/Users/karelbraborec/rev-meter/ios/Pods/hermes-engine/destroot/Library/Frameworks/universal -F/Users/karelbraborec/Library/Developer/Xcode/DerivedData/revmeter-hbcnswmlqmbpnlazhhkncgeowiss/Build/Products/Debug-iphonesimulator/XCFrameworkIntermediates/ExpoModulesCore -F/Users/karelbraborec/Library/Developer/Xcode/DerivedData/revmeter-hbcnswmlqmbpnlazhhkncgeowiss/Build/Products/Debug-iphonesimulator/XCFrameworkIntermediates/ExpoModulesJSI -F/Users/karelbraborec/Library/Developer/Xcode/DerivedData/revmeter-hbcnswmlqmbpnlazhhkncgeowiss/Build/Products/Debug-iphonesimulator/XCFrameworkIntermediates/React-Core-prebuilt -F/Users/karelbraborec/Library/Developer/Xcode/DerivedData/revmeter-hbcnswmlqmbpnlazhhkncgeowiss/Build/Products/Debug-iphonesimulator/XCFrameworkIntermediates/ReactNativeDependencies -F/Users/karelbraborec/Library/Developer/Xcode/DerivedData/revmeter-hbcnswmlqmbpnlazhhkncgeowiss/Build/Products/Debug-iphonesimulator/XCFrameworkIntermediates/hermes-engine/Pre-built '-DRCT_REMOVE_LEGACY_ARCH=1' '-fmodule-map-file=/Users/karelbraborec/rev-meter/ios/Pods/Headers/Public/ReactCodegen/ReactCodegen.modulemap' '-DRCT_REMOVE_LEGACY_ARCH=1'

WriteAuxiliaryFile /Users/karelbraborec/Library/Developer/Xcode/DerivedData/revmeter-hbcnswmlqmbpnlazhhkncgeowiss/Build/Intermediates.noindex/Pods.build/Debug-iphonesimulator/EXAV.build/Objects-normal/arm64/EXAV.SwiftFileList (in target 'EXAV' from project 'Pods')
    cd /Users/karelbraborec/rev-meter/ios/Pods
    write-file /Users/karelbraborec/Library/Developer/Xcode/DerivedData/revmeter-hbcnswmlqmbpnlazhhkncgeowiss/Build/Intermediates.noindex/Pods.build/Debug-iphonesimulator/EXAV.build/Objects-normal/arm64/EXAV.SwiftFileList

WriteAuxiliaryFile /Users/karelbraborec/Library/Developer/Xcode/DerivedData/revmeter-hbcnswmlqmbpnlazhhkncgeowiss/Build/Intermediates.noindex/Pods.build/Debug-iphonesimulator/EXAV.build/Objects-normal/arm64/EXAV_const_extract_protocols.json (in target 'EXAV' from project 'Pods')
    cd /Users/karelbraborec/rev-meter/ios/Pods
    write-file /Users/karelbraborec/Library/Developer/Xcode/DerivedData/revmeter-hbcnswmlqmbpnlazhhkncgeowiss/Build/Intermediates.noindex/Pods.build/Debug-iphonesimulator/EXAV.build/Objects-normal/arm64/EXAV_const_extract_protocols.json

WriteAuxiliaryFile /Users/karelbraborec/Library/Developer/Xcode/DerivedData/revmeter-hbcnswmlqmbpnlazhhkncgeowiss/Build/Intermediates.noindex/Pods.build/Debug-iphonesimulator/EXAV.build/Objects-normal/arm64/EXAV.SwiftConstValuesFileList (in target 'EXAV' from project 'Pods')
    cd /Users/karelbraborec/rev-meter/ios/Pods
    write-file /Users/karelbraborec/Library/Developer/Xcode/DerivedData/revmeter-hbcnswmlqmbpnlazhhkncgeowiss/Build/Intermediates.noindex/Pods.build/Debug-iphonesimulator/EXAV.build/Objects-normal/arm64/EXAV.SwiftConstValuesFileList

WriteAuxiliaryFile /Users/karelbraborec/Library/Developer/Xcode/DerivedData/revmeter-hbcnswmlqmbpnlazhhkncgeowiss/Build/Intermediates.noindex/Pods.build/Debug-iphonesimulator/EXAV.build/Objects-normal/arm64/EXAV.LinkFileList (in target 'EXAV' from project 'Pods')
    cd /Users/karelbraborec/rev-meter/ios/Pods
    write-file /Users/karelbraborec/Library/Developer/Xcode/DerivedData/revmeter-hbcnswmlqmbpnlazhhkncgeowiss/Build/Intermediates.noindex/Pods.build/Debug-iphonesimulator/EXAV.build/Objects-normal/arm64/EXAV.LinkFileList

WriteAuxiliaryFile /Users/karelbraborec/Library/Developer/Xcode/DerivedData/revmeter-hbcnswmlqmbpnlazhhkncgeowiss/Build/Intermediates.noindex/Pods.build/Debug-iphonesimulator/EXAV.build/Objects-normal/arm64/EXAV-OutputFileMap.json (in target 'EXAV' from project 'Pods')
    cd /Users/karelbraborec/rev-meter/ios/Pods
    write-file /Users/karelbraborec/Library/Developer/Xcode/DerivedData/revmeter-hbcnswmlqmbpnlazhhkncgeowiss/Build/Intermediates.noindex/Pods.build/Debug-iphonesimulator/EXAV.build/Objects-normal/arm64/EXAV-OutputFileMap.json

WriteAuxiliaryFile /Users/karelbraborec/Library/Developer/Xcode/DerivedData/revmeter-hbcnswmlqmbpnlazhhkncgeowiss/Build/Intermediates.noindex/Pods.build/Debug-iphonesimulator/EXAV.build/EXAV.hmap (in target 'EXAV' from project 'Pods')
    cd /Users/karelbraborec/rev-meter/ios/Pods
    write-file /Users/karelbraborec/Library/Developer/Xcode/DerivedData/revmeter-hbcnswmlqmbpnlazhhkncgeowiss/Build/Intermediates.noindex/Pods.build/Debug-iphonesimulator/EXAV.build/EXAV.hmap

WriteAuxiliaryFile /Users/karelbraborec/Library/Developer/Xcode/DerivedData/revmeter-hbcnswmlqmbpnlazhhkncgeowiss/Build/Intermediates.noindex/Pods.build/Debug-iphonesimulator/EXAV.build/EXAV.DependencyStaticMetadataFileList (in target 'EXAV' from project 'Pods')
    cd /Users/karelbraborec/rev-meter/ios/Pods
    write-file /Users/karelbraborec/Library/Developer/Xcode/DerivedData/revmeter-hbcnswmlqmbpnlazhhkncgeowiss/Build/Intermediates.noindex/Pods.build/Debug-iphonesimulator/EXAV.build/EXAV.DependencyStaticMetadataFileList

WriteAuxiliaryFile /Users/karelbraborec/Library/Developer/Xcode/DerivedData/revmeter-hbcnswmlqmbpnlazhhkncgeowiss/Build/Intermediates.noindex/Pods.build/Debug-iphonesimulator/EXAV.build/EXAV.DependencyMetadataFileList (in target 'EXAV' from project 'Pods')
    cd /Users/karelbraborec/rev-meter/ios/Pods
    write-file /Users/karelbraborec/Library/Developer/Xcode/DerivedData/revmeter-hbcnswmlqmbpnlazhhkncgeowiss/Build/Intermediates.noindex/Pods.build/Debug-iphonesimulator/EXAV.build/EXAV.DependencyMetadataFileList

WriteAuxiliaryFile /Users/karelbraborec/Library/Developer/Xcode/DerivedData/revmeter-hbcnswmlqmbpnlazhhkncgeowiss/Build/Intermediates.noindex/Pods.build/Debug-iphonesimulator/EXAV.build/EXAV-project-headers.hmap (in target 'EXAV' from project 'Pods')
    cd /Users/karelbraborec/rev-meter/ios/Pods
    write-file /Users/karelbraborec/Library/Developer/Xcode/DerivedData/revmeter-hbcnswmlqmbpnlazhhkncgeowiss/Build/Intermediates.noindex/Pods.build/Debug-iphonesimulator/EXAV.build/EXAV-project-headers.hmap

WriteAuxiliaryFile /Users/karelbraborec/Library/Developer/Xcode/DerivedData/revmeter-hbcnswmlqmbpnlazhhkncgeowiss/Build/Intermediates.noindex/Pods.build/Debug-iphonesimulator/EXAV.build/EXAV-own-target-headers.hmap (in target 'EXAV' from project 'Pods')
    cd /Users/karelbraborec/rev-meter/ios/Pods
    write-file /Users/karelbraborec/Library/Developer/Xcode/DerivedData/revmeter-hbcnswmlqmbpnlazhhkncgeowiss/Build/Intermediates.noindex/Pods.build/Debug-iphonesimulator/EXAV.build/EXAV-own-target-headers.hmap

WriteAuxiliaryFile /Users/karelbraborec/Library/Developer/Xcode/DerivedData/revmeter-hbcnswmlqmbpnlazhhkncgeowiss/Build/Intermediates.noindex/Pods.build/Debug-iphonesimulator/EXAV.build/EXAV-generated-files.hmap (in target 'EXAV' from project 'Pods')
    cd /Users/karelbraborec/rev-meter/ios/Pods
    write-file /Users/karelbraborec/Library/Developer/Xcode/DerivedData/revmeter-hbcnswmlqmbpnlazhhkncgeowiss/Build/Intermediates.noindex/Pods.build/Debug-iphonesimulator/EXAV.build/EXAV-generated-files.hmap

WriteAuxiliaryFile /Users/karelbraborec/Library/Developer/Xcode/DerivedData/revmeter-hbcnswmlqmbpnlazhhkncgeowiss/Build/Intermediates.noindex/Pods.build/Debug-iphonesimulator/EXAV.build/EXAV-all-target-headers.hmap (in target 'EXAV' from project 'Pods')
    cd /Users/karelbraborec/rev-meter/ios/Pods
    write-file /Users/karelbraborec/Library/Developer/Xcode/DerivedData/revmeter-hbcnswmlqmbpnlazhhkncgeowiss/Build/Intermediates.noindex/Pods.build/Debug-iphonesimulator/EXAV.build/EXAV-all-target-headers.hmap

WriteAuxiliaryFile /Users/karelbraborec/Library/Developer/Xcode/DerivedData/revmeter-hbcnswmlqmbpnlazhhkncgeowiss/Build/Intermediates.noindex/Pods.build/Debug-iphonesimulator/EXAV.build/EXAV-all-non-framework-target-headers.hmap (in target 'EXAV' from project 'Pods')
    cd /Users/karelbraborec/rev-meter/ios/Pods
    write-file /Users/karelbraborec/Library/Developer/Xcode/DerivedData/revmeter-hbcnswmlqmbpnlazhhkncgeowiss/Build/Intermediates.noindex/Pods.build/Debug-iphonesimulator/EXAV.build/EXAV-all-non-framework-target-headers.hmap

MkDir /Users/karelbraborec/Library/Developer/Xcode/DerivedData/revmeter-hbcnswmlqmbpnlazhhkncgeowiss/Build/Products/Debug-iphonesimulator/React-Core/React-Core_privacy.bundle (in target 'React-Core-React-Core_privacy' from project 'Pods')
    cd /Users/karelbraborec/rev-meter/ios/Pods
    /bin/mkdir -p /Users/karelbraborec/Library/Developer/Xcode/DerivedData/revmeter-hbcnswmlqmbpnlazhhkncgeowiss/Build/Products/Debug-iphonesimulator/React-Core/React-Core_privacy.bundle

MkDir /Users/karelbraborec/Library/Developer/Xcode/DerivedData/revmeter-hbcnswmlqmbpnlazhhkncgeowiss/Build/Products/Debug-iphonesimulator/ExpoSystemUI/ExpoSystemUI_privacy.bundle (in target 'ExpoSystemUI-ExpoSystemUI_privacy' from project 'Pods')
    cd /Users/karelbraborec/rev-meter/ios/Pods
    /bin/mkdir -p /Users/karelbraborec/Library/Developer/Xcode/DerivedData/revmeter-hbcnswmlqmbpnlazhhkncgeowiss/Build/Products/Debug-iphonesimulator/ExpoSystemUI/ExpoSystemUI_privacy.bundle

MkDir /Users/karelbraborec/Library/Developer/Xcode/DerivedData/revmeter-hbcnswmlqmbpnlazhhkncgeowiss/Build/Products/Debug-iphonesimulator/ExpoFileSystem/ExpoFileSystem_privacy.bundle (in target 'ExpoFileSystem-ExpoFileSystem_privacy' from project 'Pods')
    cd /Users/karelbraborec/rev-meter/ios/Pods
    /bin/mkdir -p /Users/karelbraborec/Library/Developer/Xcode/DerivedData/revmeter-hbcnswmlqmbpnlazhhkncgeowiss/Build/Products/Debug-iphonesimulator/ExpoFileSystem/ExpoFileSystem_privacy.bundle

MkDir /Users/karelbraborec/Library/Developer/Xcode/DerivedData/revmeter-hbcnswmlqmbpnlazhhkncgeowiss/Build/Products/Debug-iphonesimulator/ExpoDevice/ExpoDevice_privacy.bundle (in target 'ExpoDevice-ExpoDevice_privacy' from project 'Pods')
    cd /Users/karelbraborec/rev-meter/ios/Pods
    /bin/mkdir -p /Users/karelbraborec/Library/Developer/Xcode/DerivedData/revmeter-hbcnswmlqmbpnlazhhkncgeowiss/Build/Products/Debug-iphonesimulator/ExpoDevice/ExpoDevice_privacy.bundle

MkDir /Users/karelbraborec/Library/Developer/Xcode/DerivedData/revmeter-hbcnswmlqmbpnlazhhkncgeowiss/Build/Products/Debug-iphonesimulator/EXConstants/ExpoConstants_privacy.bundle (in target 'EXConstants-ExpoConstants_privacy' from project 'Pods')
    cd /Users/karelbraborec/rev-meter/ios/Pods
    /bin/mkdir -p /Users/karelbraborec/Library/Developer/Xcode/DerivedData/revmeter-hbcnswmlqmbpnlazhhkncgeowiss/Build/Products/Debug-iphonesimulator/EXConstants/ExpoConstants_privacy.bundle

MkDir /Users/karelbraborec/Library/Developer/Xcode/DerivedData/revmeter-hbcnswmlqmbpnlazhhkncgeowiss/Build/Products/Debug-iphonesimulator/EXConstants/EXConstants.bundle (in target 'EXConstants-EXConstants' from project 'Pods')
    cd /Users/karelbraborec/rev-meter/ios/Pods
    /bin/mkdir -p /Users/karelbraborec/Library/Developer/Xcode/DerivedData/revmeter-hbcnswmlqmbpnlazhhkncgeowiss/Build/Products/Debug-iphonesimulator/EXConstants/EXConstants.bundle

ProcessInfoPlistFile /Users/karelbraborec/Library/Developer/Xcode/DerivedData/revmeter-hbcnswmlqmbpnlazhhkncgeowiss/Build/Products/Debug-iphonesimulator/React-timing/React-timing_privacy.bundle/Info.plist /Users/karelbraborec/rev-meter/ios/Pods/Target\ Support\ Files/React-timing/ResourceBundle-React-timing_privacy-React-timing-Info.plist (in target 'React-timing-React-timing_privacy' from project 'Pods')
    cd /Users/karelbraborec/rev-meter/ios/Pods
    builtin-infoPlistUtility /Users/karelbraborec/rev-meter/ios/Pods/Target\ Support\ Files/React-timing/ResourceBundle-React-timing_privacy-React-timing-Info.plist -producttype com.apple.product-type.bundle -expandbuildsettings -format binary -platform iphonesimulator -o /Users/karelbraborec/Library/Developer/Xcode/DerivedData/revmeter-hbcnswmlqmbpnlazhhkncgeowiss/Build/Products/Debug-iphonesimulator/React-timing/React-timing_privacy.bundle/Info.plist

CpResource /Users/karelbraborec/Library/Developer/Xcode/DerivedData/revmeter-hbcnswmlqmbpnlazhhkncgeowiss/Build/Products/Debug-iphonesimulator/React-timing/React-timing_privacy.bundle/PrivacyInfo.xcprivacy /Users/karelbraborec/rev-meter/node_modules/react-native/ReactCommon/react/timing/PrivacyInfo.xcprivacy (in target 'React-timing-React-timing_privacy' from project 'Pods')
    cd /Users/karelbraborec/rev-meter/ios/Pods
    builtin-copy -exclude .DS_Store -exclude CVS -exclude .svn -exclude .git -exclude .hg -resolve-src-symlinks /Users/karelbraborec/rev-meter/node_modules/react-native/ReactCommon/react/timing/PrivacyInfo.xcprivacy /Users/karelbraborec/Library/Developer/Xcode/DerivedData/revmeter-hbcnswmlqmbpnlazhhkncgeowiss/Build/Products/Debug-iphonesimulator/React-timing/React-timing_privacy.bundle

ProcessInfoPlistFile /Users/karelbraborec/Library/Developer/Xcode/DerivedData/revmeter-hbcnswmlqmbpnlazhhkncgeowiss/Build/Products/Debug-iphonesimulator/React-cxxreact/React-cxxreact_privacy.bundle/Info.plist /Users/karelbraborec/rev-meter/ios/Pods/Target\ Support\ Files/React-cxxreact/ResourceBundle-React-cxxreact_privacy-React-cxxreact-Info.plist (in target 'React-cxxreact-React-cxxreact_privacy' from project 'Pods')
    cd /Users/karelbraborec/rev-meter/ios/Pods
    builtin-infoPlistUtility /Users/karelbraborec/rev-meter/ios/Pods/Target\ Support\ Files/React-cxxreact/ResourceBundle-React-cxxreact_privacy-React-cxxreact-Info.plist -producttype com.apple.product-type.bundle -expandbuildsettings -format binary -platform iphonesimulator -o /Users/karelbraborec/Library/Developer/Xcode/DerivedData/revmeter-hbcnswmlqmbpnlazhhkncgeowiss/Build/Products/Debug-iphonesimulator/React-cxxreact/React-cxxreact_privacy.bundle/Info.plist

CpResource /Users/karelbraborec/Library/Developer/Xcode/DerivedData/revmeter-hbcnswmlqmbpnlazhhkncgeowiss/Build/Products/Debug-iphonesimulator/React-cxxreact/React-cxxreact_privacy.bundle/PrivacyInfo.xcprivacy /Users/karelbraborec/rev-meter/node_modules/react-native/ReactCommon/cxxreact/PrivacyInfo.xcprivacy (in target 'React-cxxreact-React-cxxreact_privacy' from project 'Pods')
    cd /Users/karelbraborec/rev-meter/ios/Pods
    builtin-copy -exclude .DS_Store -exclude CVS -exclude .svn -exclude .git -exclude .hg -resolve-src-symlinks /Users/karelbraborec/rev-meter/node_modules/react-native/ReactCommon/cxxreact/PrivacyInfo.xcprivacy /Users/karelbraborec/Library/Developer/Xcode/DerivedData/revmeter-hbcnswmlqmbpnlazhhkncgeowiss/Build/Products/Debug-iphonesimulator/React-cxxreact/React-cxxreact_privacy.bundle

ProcessInfoPlistFile /Users/karelbraborec/Library/Developer/Xcode/DerivedData/revmeter-hbcnswmlqmbpnlazhhkncgeowiss/Build/Products/Debug-iphonesimulator/React-Core/React-Core_privacy.bundle/Info.plist /Users/karelbraborec/rev-meter/ios/Pods/Target\ Support\ Files/React-Core/ResourceBundle-React-Core_privacy-React-Core-Info.plist (in target 'React-Core-React-Core_privacy' from project 'Pods')
    cd /Users/karelbraborec/rev-meter/ios/Pods
    builtin-infoPlistUtility /Users/karelbraborec/rev-meter/ios/Pods/Target\ Support\ Files/React-Core/ResourceBundle-React-Core_privacy-React-Core-Info.plist -producttype com.apple.product-type.bundle -expandbuildsettings -format binary -platform iphonesimulator -o /Users/karelbraborec/Library/Developer/Xcode/DerivedData/revmeter-hbcnswmlqmbpnlazhhkncgeowiss/Build/Products/Debug-iphonesimulator/React-Core/React-Core_privacy.bundle/Info.plist

CpResource /Users/karelbraborec/Library/Developer/Xcode/DerivedData/revmeter-hbcnswmlqmbpnlazhhkncgeowiss/Build/Products/Debug-iphonesimulator/React-Core/React-Core_privacy.bundle/PrivacyInfo.xcprivacy /Users/karelbraborec/rev-meter/node_modules/react-native/React/Resources/PrivacyInfo.xcprivacy (in target 'React-Core-React-Core_privacy' from project 'Pods')
    cd /Users/karelbraborec/rev-meter/ios/Pods
    builtin-copy -exclude .DS_Store -exclude CVS -exclude .svn -exclude .git -exclude .hg -resolve-src-symlinks /Users/karelbraborec/rev-meter/node_modules/react-native/React/Resources/PrivacyInfo.xcprivacy /Users/karelbraborec/Library/Developer/Xcode/DerivedData/revmeter-hbcnswmlqmbpnlazhhkncgeowiss/Build/Products/Debug-iphonesimulator/React-Core/React-Core_privacy.bundle

ProcessInfoPlistFile /Users/karelbraborec/Library/Developer/Xcode/DerivedData/revmeter-hbcnswmlqmbpnlazhhkncgeowiss/Build/Products/Debug-iphonesimulator/ExpoFileSystem/ExpoFileSystem_privacy.bundle/Info.plist /Users/karelbraborec/rev-meter/ios/Pods/Target\ Support\ Files/ExpoFileSystem/ResourceBundle-ExpoFileSystem_privacy-ExpoFileSystem-Info.plist (in target 'ExpoFileSystem-ExpoFileSystem_privacy' from project 'Pods')
    cd /Users/karelbraborec/rev-meter/ios/Pods
    builtin-infoPlistUtility /Users/karelbraborec/rev-meter/ios/Pods/Target\ Support\ Files/ExpoFileSystem/ResourceBundle-ExpoFileSystem_privacy-ExpoFileSystem-Info.plist -producttype com.apple.product-type.bundle -expandbuildsettings -format binary -platform iphonesimulator -o /Users/karelbraborec/Library/Developer/Xcode/DerivedData/revmeter-hbcnswmlqmbpnlazhhkncgeowiss/Build/Products/Debug-iphonesimulator/ExpoFileSystem/ExpoFileSystem_privacy.bundle/Info.plist

ProcessInfoPlistFile /Users/karelbraborec/Library/Developer/Xcode/DerivedData/revmeter-hbcnswmlqmbpnlazhhkncgeowiss/Build/Products/Debug-iphonesimulator/ExpoSystemUI/ExpoSystemUI_privacy.bundle/Info.plist /Users/karelbraborec/rev-meter/ios/Pods/Target\ Support\ Files/ExpoSystemUI/ResourceBundle-ExpoSystemUI_privacy-ExpoSystemUI-Info.plist (in target 'ExpoSystemUI-ExpoSystemUI_privacy' from project 'Pods')
    cd /Users/karelbraborec/rev-meter/ios/Pods
    builtin-infoPlistUtility /Users/karelbraborec/rev-meter/ios/Pods/Target\ Support\ Files/ExpoSystemUI/ResourceBundle-ExpoSystemUI_privacy-ExpoSystemUI-Info.plist -producttype com.apple.product-type.bundle -expandbuildsettings -format binary -platform iphonesimulator -o /Users/karelbraborec/Library/Developer/Xcode/DerivedData/revmeter-hbcnswmlqmbpnlazhhkncgeowiss/Build/Products/Debug-iphonesimulator/ExpoSystemUI/ExpoSystemUI_privacy.bundle/Info.plist

CpResource /Users/karelbraborec/Library/Developer/Xcode/DerivedData/revmeter-hbcnswmlqmbpnlazhhkncgeowiss/Build/Products/Debug-iphonesimulator/ExpoSystemUI/ExpoSystemUI_privacy.bundle/PrivacyInfo.xcprivacy /Users/karelbraborec/rev-meter/node_modules/expo-system-ui/ios/PrivacyInfo.xcprivacy (in target 'ExpoSystemUI-ExpoSystemUI_privacy' from project 'Pods')
    cd /Users/karelbraborec/rev-meter/ios/Pods
    builtin-copy -exclude .DS_Store -exclude CVS -exclude .svn -exclude .git -exclude .hg -resolve-src-symlinks /Users/karelbraborec/rev-meter/node_modules/expo-system-ui/ios/PrivacyInfo.xcprivacy /Users/karelbraborec/Library/Developer/Xcode/DerivedData/revmeter-hbcnswmlqmbpnlazhhkncgeowiss/Build/Products/Debug-iphonesimulator/ExpoSystemUI/ExpoSystemUI_privacy.bundle

ProcessInfoPlistFile /Users/karelbraborec/Library/Developer/Xcode/DerivedData/revmeter-hbcnswmlqmbpnlazhhkncgeowiss/Build/Products/Debug-iphonesimulator/EXConstants/ExpoConstants_privacy.bundle/Info.plist /Users/karelbraborec/rev-meter/ios/Pods/Target\ Support\ Files/EXConstants/ResourceBundle-ExpoConstants_privacy-EXConstants-Info.plist (in target 'EXConstants-ExpoConstants_privacy' from project 'Pods')
    cd /Users/karelbraborec/rev-meter/ios/Pods
    builtin-infoPlistUtility /Users/karelbraborec/rev-meter/ios/Pods/Target\ Support\ Files/EXConstants/ResourceBundle-ExpoConstants_privacy-EXConstants-Info.plist -producttype com.apple.product-type.bundle -expandbuildsettings -format binary -platform iphonesimulator -o /Users/karelbraborec/Library/Developer/Xcode/DerivedData/revmeter-hbcnswmlqmbpnlazhhkncgeowiss/Build/Products/Debug-iphonesimulator/EXConstants/ExpoConstants_privacy.bundle/Info.plist

ProcessInfoPlistFile /Users/karelbraborec/Library/Developer/Xcode/DerivedData/revmeter-hbcnswmlqmbpnlazhhkncgeowiss/Build/Products/Debug-iphonesimulator/ExpoDevice/ExpoDevice_privacy.bundle/Info.plist /Users/karelbraborec/rev-meter/ios/Pods/Target\ Support\ Files/ExpoDevice/ResourceBundle-ExpoDevice_privacy-ExpoDevice-Info.plist (in target 'ExpoDevice-ExpoDevice_privacy' from project 'Pods')
    cd /Users/karelbraborec/rev-meter/ios/Pods
    builtin-infoPlistUtility /Users/karelbraborec/rev-meter/ios/Pods/Target\ Support\ Files/ExpoDevice/ResourceBundle-ExpoDevice_privacy-ExpoDevice-Info.plist -producttype com.apple.product-type.bundle -expandbuildsettings -format binary -platform iphonesimulator -o /Users/karelbraborec/Library/Developer/Xcode/DerivedData/revmeter-hbcnswmlqmbpnlazhhkncgeowiss/Build/Products/Debug-iphonesimulator/ExpoDevice/ExpoDevice_privacy.bundle/Info.plist

CpResource /Users/karelbraborec/Library/Developer/Xcode/DerivedData/revmeter-hbcnswmlqmbpnlazhhkncgeowiss/Build/Products/Debug-iphonesimulator/ExpoDevice/ExpoDevice_privacy.bundle/PrivacyInfo.xcprivacy /Users/karelbraborec/rev-meter/node_modules/expo-device/ios/PrivacyInfo.xcprivacy (in target 'ExpoDevice-ExpoDevice_privacy' from project 'Pods')
    cd /Users/karelbraborec/rev-meter/ios/Pods
    builtin-copy -exclude .DS_Store -exclude CVS -exclude .svn -exclude .git -exclude .hg -resolve-src-symlinks /Users/karelbraborec/rev-meter/node_modules/expo-device/ios/PrivacyInfo.xcprivacy /Users/karelbraborec/Library/Developer/Xcode/DerivedData/revmeter-hbcnswmlqmbpnlazhhkncgeowiss/Build/Products/Debug-iphonesimulator/ExpoDevice/ExpoDevice_privacy.bundle

CpResource /Users/karelbraborec/Library/Developer/Xcode/DerivedData/revmeter-hbcnswmlqmbpnlazhhkncgeowiss/Build/Products/Debug-iphonesimulator/EXConstants/ExpoConstants_privacy.bundle/PrivacyInfo.xcprivacy /Users/karelbraborec/rev-meter/node_modules/expo-constants/ios/PrivacyInfo.xcprivacy (in target 'EXConstants-ExpoConstants_privacy' from project 'Pods')
    cd /Users/karelbraborec/rev-meter/ios/Pods
    builtin-copy -exclude .DS_Store -exclude CVS -exclude .svn -exclude .git -exclude .hg -resolve-src-symlinks /Users/karelbraborec/rev-meter/node_modules/expo-constants/ios/PrivacyInfo.xcprivacy /Users/karelbraborec/Library/Developer/Xcode/DerivedData/revmeter-hbcnswmlqmbpnlazhhkncgeowiss/Build/Products/Debug-iphonesimulator/EXConstants/ExpoConstants_privacy.bundle

ProcessInfoPlistFile /Users/karelbraborec/Library/Developer/Xcode/DerivedData/revmeter-hbcnswmlqmbpnlazhhkncgeowiss/Build/Products/Debug-iphonesimulator/EXConstants/EXConstants.bundle/Info.plist /Users/karelbraborec/rev-meter/ios/Pods/Target\ Support\ Files/EXConstants/ResourceBundle-EXConstants-EXConstants-Info.plist (in target 'EXConstants-EXConstants' from project 'Pods')
    cd /Users/karelbraborec/rev-meter/ios/Pods
    builtin-infoPlistUtility /Users/karelbraborec/rev-meter/ios/Pods/Target\ Support\ Files/EXConstants/ResourceBundle-EXConstants-EXConstants-Info.plist -producttype com.apple.product-type.bundle -expandbuildsettings -format binary -platform iphonesimulator -o /Users/karelbraborec/Library/Developer/Xcode/DerivedData/revmeter-hbcnswmlqmbpnlazhhkncgeowiss/Build/Products/Debug-iphonesimulator/EXConstants/EXConstants.bundle/Info.plist

RegisterExecutionPolicyException /Users/karelbraborec/Library/Developer/Xcode/DerivedData/revmeter-hbcnswmlqmbpnlazhhkncgeowiss/Build/Products/Debug-iphonesimulator/React-timing/React-timing_privacy.bundle (in target 'React-timing-React-timing_privacy' from project 'Pods')
    cd /Users/karelbraborec/rev-meter/ios/Pods
    builtin-RegisterExecutionPolicyException /Users/karelbraborec/Library/Developer/Xcode/DerivedData/revmeter-hbcnswmlqmbpnlazhhkncgeowiss/Build/Products/Debug-iphonesimulator/React-timing/React-timing_privacy.bundle

RegisterExecutionPolicyException /Users/karelbraborec/Library/Developer/Xcode/DerivedData/revmeter-hbcnswmlqmbpnlazhhkncgeowiss/Build/Products/Debug-iphonesimulator/React-cxxreact/React-cxxreact_privacy.bundle (in target 'React-cxxreact-React-cxxreact_privacy' from project 'Pods')
    cd /Users/karelbraborec/rev-meter/ios/Pods
    builtin-RegisterExecutionPolicyException /Users/karelbraborec/Library/Developer/Xcode/DerivedData/revmeter-hbcnswmlqmbpnlazhhkncgeowiss/Build/Products/Debug-iphonesimulator/React-cxxreact/React-cxxreact_privacy.bundle

RegisterExecutionPolicyException /Users/karelbraborec/Library/Developer/Xcode/DerivedData/revmeter-hbcnswmlqmbpnlazhhkncgeowiss/Build/Products/Debug-iphonesimulator/React-Core/React-Core_privacy.bundle (in target 'React-Core-React-Core_privacy' from project 'Pods')
    cd /Users/karelbraborec/rev-meter/ios/Pods
    builtin-RegisterExecutionPolicyException /Users/karelbraborec/Library/Developer/Xcode/DerivedData/revmeter-hbcnswmlqmbpnlazhhkncgeowiss/Build/Products/Debug-iphonesimulator/React-Core/React-Core_privacy.bundle

RegisterExecutionPolicyException /Users/karelbraborec/Library/Developer/Xcode/DerivedData/revmeter-hbcnswmlqmbpnlazhhkncgeowiss/Build/Products/Debug-iphonesimulator/ExpoFileSystem/ExpoFileSystem_privacy.bundle (in target 'ExpoFileSystem-ExpoFileSystem_privacy' from project 'Pods')
    cd /Users/karelbraborec/rev-meter/ios/Pods
    builtin-RegisterExecutionPolicyException /Users/karelbraborec/Library/Developer/Xcode/DerivedData/revmeter-hbcnswmlqmbpnlazhhkncgeowiss/Build/Products/Debug-iphonesimulator/ExpoFileSystem/ExpoFileSystem_privacy.bundle

RegisterExecutionPolicyException /Users/karelbraborec/Library/Developer/Xcode/DerivedData/revmeter-hbcnswmlqmbpnlazhhkncgeowiss/Build/Products/Debug-iphonesimulator/ExpoSystemUI/ExpoSystemUI_privacy.bundle (in target 'ExpoSystemUI-ExpoSystemUI_privacy' from project 'Pods')
    cd /Users/karelbraborec/rev-meter/ios/Pods
    builtin-RegisterExecutionPolicyException /Users/karelbraborec/Library/Developer/Xcode/DerivedData/revmeter-hbcnswmlqmbpnlazhhkncgeowiss/Build/Products/Debug-iphonesimulator/ExpoSystemUI/ExpoSystemUI_privacy.bundle

RegisterExecutionPolicyException /Users/karelbraborec/Library/Developer/Xcode/DerivedData/revmeter-hbcnswmlqmbpnlazhhkncgeowiss/Build/Products/Debug-iphonesimulator/ExpoDevice/ExpoDevice_privacy.bundle (in target 'ExpoDevice-ExpoDevice_privacy' from project 'Pods')
    cd /Users/karelbraborec/rev-meter/ios/Pods
    builtin-RegisterExecutionPolicyException /Users/karelbraborec/Library/Developer/Xcode/DerivedData/revmeter-hbcnswmlqmbpnlazhhkncgeowiss/Build/Products/Debug-iphonesimulator/ExpoDevice/ExpoDevice_privacy.bundle

RegisterExecutionPolicyException /Users/karelbraborec/Library/Developer/Xcode/DerivedData/revmeter-hbcnswmlqmbpnlazhhkncgeowiss/Build/Products/Debug-iphonesimulator/EXConstants/ExpoConstants_privacy.bundle (in target 'EXConstants-ExpoConstants_privacy' from project 'Pods')
    cd /Users/karelbraborec/rev-meter/ios/Pods
    builtin-RegisterExecutionPolicyException /Users/karelbraborec/Library/Developer/Xcode/DerivedData/revmeter-hbcnswmlqmbpnlazhhkncgeowiss/Build/Products/Debug-iphonesimulator/EXConstants/ExpoConstants_privacy.bundle

RegisterExecutionPolicyException /Users/karelbraborec/Library/Developer/Xcode/DerivedData/revmeter-hbcnswmlqmbpnlazhhkncgeowiss/Build/Products/Debug-iphonesimulator/EXConstants/EXConstants.bundle (in target 'EXConstants-EXConstants' from project 'Pods')
    cd /Users/karelbraborec/rev-meter/ios/Pods
    builtin-RegisterExecutionPolicyException /Users/karelbraborec/Library/Developer/Xcode/DerivedData/revmeter-hbcnswmlqmbpnlazhhkncgeowiss/Build/Products/Debug-iphonesimulator/EXConstants/EXConstants.bundle

Touch /Users/karelbraborec/Library/Developer/Xcode/DerivedData/revmeter-hbcnswmlqmbpnlazhhkncgeowiss/Build/Products/Debug-iphonesimulator/React-cxxreact/React-cxxreact_privacy.bundle (in target 'React-cxxreact-React-cxxreact_privacy' from project 'Pods')
    cd /Users/karelbraborec/rev-meter/ios/Pods
    /usr/bin/touch -c /Users/karelbraborec/Library/Developer/Xcode/DerivedData/revmeter-hbcnswmlqmbpnlazhhkncgeowiss/Build/Products/Debug-iphonesimulator/React-cxxreact/React-cxxreact_privacy.bundle

Touch /Users/karelbraborec/Library/Developer/Xcode/DerivedData/revmeter-hbcnswmlqmbpnlazhhkncgeowiss/Build/Products/Debug-iphonesimulator/React-timing/React-timing_privacy.bundle (in target 'React-timing-React-timing_privacy' from project 'Pods')
    cd /Users/karelbraborec/rev-meter/ios/Pods
    /usr/bin/touch -c /Users/karelbraborec/Library/Developer/Xcode/DerivedData/revmeter-hbcnswmlqmbpnlazhhkncgeowiss/Build/Products/Debug-iphonesimulator/React-timing/React-timing_privacy.bundle

Touch /Users/karelbraborec/Library/Developer/Xcode/DerivedData/revmeter-hbcnswmlqmbpnlazhhkncgeowiss/Build/Products/Debug-iphonesimulator/React-Core/React-Core_privacy.bundle (in target 'React-Core-React-Core_privacy' from project 'Pods')
    cd /Users/karelbraborec/rev-meter/ios/Pods
    /usr/bin/touch -c /Users/karelbraborec/Library/Developer/Xcode/DerivedData/revmeter-hbcnswmlqmbpnlazhhkncgeowiss/Build/Products/Debug-iphonesimulator/React-Core/React-Core_privacy.bundle

Touch /Users/karelbraborec/Library/Developer/Xcode/DerivedData/revmeter-hbcnswmlqmbpnlazhhkncgeowiss/Build/Products/Debug-iphonesimulator/ExpoFileSystem/ExpoFileSystem_privacy.bundle (in target 'ExpoFileSystem-ExpoFileSystem_privacy' from project 'Pods')
    cd /Users/karelbraborec/rev-meter/ios/Pods
    /usr/bin/touch -c /Users/karelbraborec/Library/Developer/Xcode/DerivedData/revmeter-hbcnswmlqmbpnlazhhkncgeowiss/Build/Products/Debug-iphonesimulator/ExpoFileSystem/ExpoFileSystem_privacy.bundle

Touch /Users/karelbraborec/Library/Developer/Xcode/DerivedData/revmeter-hbcnswmlqmbpnlazhhkncgeowiss/Build/Products/Debug-iphonesimulator/ExpoSystemUI/ExpoSystemUI_privacy.bundle (in target 'ExpoSystemUI-ExpoSystemUI_privacy' from project 'Pods')
    cd /Users/karelbraborec/rev-meter/ios/Pods
    /usr/bin/touch -c /Users/karelbraborec/Library/Developer/Xcode/DerivedData/revmeter-hbcnswmlqmbpnlazhhkncgeowiss/Build/Products/Debug-iphonesimulator/ExpoSystemUI/ExpoSystemUI_privacy.bundle

Touch /Users/karelbraborec/Library/Developer/Xcode/DerivedData/revmeter-hbcnswmlqmbpnlazhhkncgeowiss/Build/Products/Debug-iphonesimulator/ExpoDevice/ExpoDevice_privacy.bundle (in target 'ExpoDevice-ExpoDevice_privacy' from project 'Pods')
    cd /Users/karelbraborec/rev-meter/ios/Pods
    /usr/bin/touch -c /Users/karelbraborec/Library/Developer/Xcode/DerivedData/revmeter-hbcnswmlqmbpnlazhhkncgeowiss/Build/Products/Debug-iphonesimulator/ExpoDevice/ExpoDevice_privacy.bundle

Touch /Users/karelbraborec/Library/Developer/Xcode/DerivedData/revmeter-hbcnswmlqmbpnlazhhkncgeowiss/Build/Products/Debug-iphonesimulator/EXConstants/ExpoConstants_privacy.bundle (in target 'EXConstants-ExpoConstants_privacy' from project 'Pods')
    cd /Users/karelbraborec/rev-meter/ios/Pods
    /usr/bin/touch -c /Users/karelbraborec/Library/Developer/Xcode/DerivedData/revmeter-hbcnswmlqmbpnlazhhkncgeowiss/Build/Products/Debug-iphonesimulator/EXConstants/ExpoConstants_privacy.bundle

Touch /Users/karelbraborec/Library/Developer/Xcode/DerivedData/revmeter-hbcnswmlqmbpnlazhhkncgeowiss/Build/Products/Debug-iphonesimulator/EXConstants/EXConstants.bundle (in target 'EXConstants-EXConstants' from project 'Pods')
    cd /Users/karelbraborec/rev-meter/ios/Pods
    /usr/bin/touch -c /Users/karelbraborec/Library/Developer/Xcode/DerivedData/revmeter-hbcnswmlqmbpnlazhhkncgeowiss/Build/Products/Debug-iphonesimulator/EXConstants/EXConstants.bundle

PhaseScriptExecution [CP]\ Copy\ XCFrameworks /Users/karelbraborec/Library/Developer/Xcode/DerivedData/revmeter-hbcnswmlqmbpnlazhhkncgeowiss/Build/Intermediates.noindex/Pods.build/Debug-iphonesimulator/hermes-engine.build/Script-46EB2E0001F490.sh (in target 'hermes-engine' from project 'Pods')
    cd /Users/karelbraborec/rev-meter/ios/Pods
    /bin/sh -c /Users/karelbraborec/Library/Developer/Xcode/DerivedData/revmeter-hbcnswmlqmbpnlazhhkncgeowiss/Build/Intermediates.noindex/Pods.build/Debug-iphonesimulator/hermes-engine.build/Script-46EB2E0001F490.sh
Selected xcframework slice ios-arm64_x86_64-simulator
rsync --delete -av --filter P .*.?????? --links --filter "- CVS/" --filter "- .svn/" --filter "- .git/" --filter "- .hg/" "/Users/karelbraborec/rev-meter/ios/Pods/hermes-engine/destroot/Library/Frameworks/universal/hermesvm.xcframework/ios-arm64_x86_64-simulator/*" "/Users/karelbraborec/Library/Developer/Xcode/DerivedData/revmeter-hbcnswmlqmbpnlazhhkncgeowiss/Build/Products/Debug-iphonesimulator/XCFrameworkIntermediates/hermes-engine/Pre-built"
Transfer starting: 3 files
hermesvm.framework/
hermesvm.framework/Info.plist
hermesvm.framework/hermesvm

sent 12207607 bytes  received 70 bytes  193465562 bytes/sec
total size is 12205754  speedup is 1.00
Copied /Users/karelbraborec/rev-meter/ios/Pods/hermes-engine/destroot/Library/Frameworks/universal/hermesvm.xcframework/ios-arm64_x86_64-simulator to /Users/karelbraborec/Library/Developer/Xcode/DerivedData/revmeter-hbcnswmlqmbpnlazhhkncgeowiss/Build/Products/Debug-iphonesimulator/XCFrameworkIntermediates/hermes-engine/Pre-built

PhaseScriptExecution [CP]\ Copy\ XCFrameworks /Users/karelbraborec/Library/Developer/Xcode/DerivedData/revmeter-hbcnswmlqmbpnlazhhkncgeowiss/Build/Intermediates.noindex/Pods.build/Debug-iphonesimulator/ReactNativeDependencies.build/Script-46EB2E0001F470.sh (in target 'ReactNativeDependencies' from project 'Pods')
    cd /Users/karelbraborec/rev-meter/ios/Pods
    /bin/sh -c /Users/karelbraborec/Library/Developer/Xcode/DerivedData/revmeter-hbcnswmlqmbpnlazhhkncgeowiss/Build/Intermediates.noindex/Pods.build/Debug-iphonesimulator/ReactNativeDependencies.build/Script-46EB2E0001F470.sh
Selected xcframework slice ios-arm64_x86_64-simulator
rsync --delete -av --filter P .*.?????? --links --filter "- CVS/" --filter "- .svn/" --filter "- .git/" --filter "- .hg/" "/Users/karelbraborec/rev-meter/ios/Pods/ReactNativeDependencies/framework/packages/react-native/ReactNativeDependencies.xcframework/ios-arm64_x86_64-simulator/*" "/Users/karelbraborec/Library/Developer/Xcode/DerivedData/revmeter-hbcnswmlqmbpnlazhhkncgeowiss/Build/Products/Debug-iphonesimulator/XCFrameworkIntermediates/ReactNativeDependencies"
Transfer starting: 32 files
ReactNativeDependencies.framework/
ReactNativeDependencies.framework/Info.plist
ReactNativeDependencies.framework/ReactNativeDependencies
ReactNativeDependencies.framework/ReactNativeDependencies_boost.bundle/
ReactNativeDependencies.framework/ReactNativeDependencies_boost.bundle/Info.plist
ReactNativeDependencies.framework/ReactNativeDependencies_boost.bundle/PrivacyInfo.xcprivacy
ReactNativeDependencies.framework/ReactNativeDependencies_boost.bundle/_CodeSignature/
ReactNativeDependencies.framework/ReactNativeDependencies_boost.bundle/_CodeSignature/CodeDirectory
ReactNativeDependencies.framework/ReactNativeDependencies_boost.bundle/_CodeSignature/CodeRequirements
ReactNativeDependencies.framework/ReactNativeDependencies_boost.bundle/_CodeSignature/CodeRequirements-1
ReactNativeDependencies.framework/ReactNativeDependencies_boost.bundle/_CodeSignature/CodeResources
ReactNativeDependencies.framework/ReactNativeDependencies_boost.bundle/_CodeSignature/CodeSignature
ReactNativeDependencies.framework/ReactNativeDependencies_folly.bundle/
ReactNativeDependencies.framework/ReactNativeDependencies_folly.bundle/Info.plist
ReactNativeDependencies.framework/ReactNativeDependencies_folly.bundle/PrivacyInfo.xcprivacy
ReactNativeDependencies.framework/ReactNativeDependencies_folly.bundle/_CodeSignature/
ReactNativeDependencies.framework/ReactNativeDependencies_folly.bundle/_CodeSignature/CodeDirectory
ReactNativeDependencies.framework/ReactNativeDependencies_folly.bundle/_CodeSignature/CodeRequirements
ReactNativeDependencies.framework/ReactNativeDependencies_folly.bundle/_CodeSignature/CodeRequirements-1
ReactNativeDependencies.framework/ReactNativeDependencies_folly.bundle/_CodeSignature/CodeResources
ReactNativeDependencies.framework/ReactNativeDependencies_folly.bundle/_CodeSignature/CodeSignature
ReactNativeDependencies.framework/ReactNativeDependencies_glog.bundle/
ReactNativeDependencies.framework/ReactNativeDependencies_glog.bundle/Info.plist
ReactNativeDependencies.framework/ReactNativeDependencies_glog.bundle/PrivacyInfo.xcprivacy
ReactNativeDependencies.framework/ReactNativeDependencies_glog.bundle/_CodeSignature/
ReactNativeDependencies.framework/ReactNativeDependencies_glog.bundle/_CodeSignature/CodeDirectory
ReactNativeDependencies.framework/ReactNativeDependencies_glog.bundle/_CodeSignature/CodeRequirements
ReactNativeDependencies.framework/ReactNativeDependencies_glog.bundle/_CodeSignature/CodeRequirements-1
ReactNativeDependencies.framework/ReactNativeDependencies_glog.bundle/_CodeSignature/CodeResources
ReactNativeDependencies.framework/ReactNativeDependencies_glog.bundle/_CodeSignature/CodeSignature
ReactNativeDependencies.framework/_CodeSignature/
ReactNativeDependencies.framework/_CodeSignature/CodeResources

sent 6984376 bytes  received 596 bytes  162064315 bytes/sec
total size is 6978742  speedup is 1.00
Copied /Users/karelbraborec/rev-meter/ios/Pods/ReactNativeDependencies/framework/packages/react-native/ReactNativeDependencies.xcframework/ios-arm64_x86_64-simulator to /Users/karelbraborec/Library/Developer/Xcode/DerivedData/revmeter-hbcnswmlqmbpnlazhhkncgeowiss/Build/Products/Debug-iphonesimulator/XCFrameworkIntermediates/ReactNativeDependencies

PhaseScriptExecution [CP-User]\ [RNCore]\ Replace\ React\ Native\ Core\ for\ the\ right\ configuration,\ if\ needed /Users/karelbraborec/Library/Developer/Xcode/DerivedData/revmeter-hbcnswmlqmbpnlazhhkncgeowiss/Build/Intermediates.noindex/Pods.build/Debug-iphonesimulator/React-Core-prebuilt.build/Script-46EB2E0001F440.sh (in target 'React-Core-prebuilt' from project 'Pods')
    cd /Users/karelbraborec/rev-meter/ios/Pods
    export ACTION\=build
    export AD_HOC_CODE_SIGNING_ALLOWED\=YES
    export ALLOW_BUILD_REQUEST_OVERRIDES\=NO
    export ALLOW_TARGET_PLATFORM_SPECIALIZATION\=NO
    export ALTERNATE_GROUP\=staff
    export ALTERNATE_MODE\=u+w,go-w,a+rX
    export ALTERNATE_OWNER\=karelbraborec
    export ALTERNATIVE_DISTRIBUTION_WEB\=NO
    export ALWAYS_EMBED_SWIFT_STANDARD_LIBRARIES\=NO
    export ALWAYS_SEARCH_USER_PATHS\=NO
    export ALWAYS_USE_SEPARATE_HEADERMAPS\=NO
    export APPLICATION_EXTENSION_API_ONLY\=NO
    export APPLY_RULES_IN_COPY_FILES\=NO
    export APPLY_RULES_IN_COPY_HEADERS\=NO
    export APP_SHORTCUTS_ENABLE_FLEXIBLE_MATCHING\=YES
    export ARCHS\=arm64\ x86_64
    export ARCHS_BASE\=arm64\ x86_64
    export ARCHS_STANDARD\=arm64\ x86_64
    export ARCHS_STANDARD_32_64_BIT\=arm64\ x86_64
    export ARCHS_STANDARD_64_BIT\=arm64\ x86_64
    export ARCHS_STANDARD_INCLUDING_64_BIT\=arm64\ x86_64
    export ARCHS_UNIVERSAL_IPHONE_OS\=arm64\ x86_64
    export ASSETCATALOG_COMPILER_APPICON_NAME\=AppIcon
    export ASSETCATALOG_COMPILER_GLOBAL_ACCENT_COLOR_NAME\=AccentColor
    export AUTOMATICALLY_MERGE_DEPENDENCIES\=NO
    export AUTOMATION_APPLE_EVENTS\=NO
    export AVAILABLE_PLATFORMS\=android\ appletvos\ appletvsimulator\ driverkit\ freebsd\ iphoneos\ iphonesimulator\ linux\ macosx\ none\ openbsd\ qnx\ watchos\ watchsimulator\ webassembly\ xros\ xrsimulator
    export BUILD_ACTIVE_RESOURCES_ONLY\=NO
    export BUILD_COMPONENTS\=headers\ build
    export BUILD_DIR\=/Users/karelbraborec/Library/Developer/Xcode/DerivedData/revmeter-hbcnswmlqmbpnlazhhkncgeowiss/Build/Products
    export BUILD_LIBRARY_FOR_DISTRIBUTION\=NO
    export BUILD_ONLY_KNOWN_LOCALIZATIONS\=NO
    export BUILD_ROOT\=/Users/karelbraborec/Library/Developer/Xcode/DerivedData/revmeter-hbcnswmlqmbpnlazhhkncgeowiss/Build/Products
    export BUILD_STYLE\=
    export BUILD_VARIANTS\=normal
    export BUILT_PRODUCTS_DIR\=/Users/karelbraborec/Library/Developer/Xcode/DerivedData/revmeter-hbcnswmlqmbpnlazhhkncgeowiss/Build/Products/Debug-iphonesimulator/React-Core-prebuilt
    export BUNDLE_CONTENTS_FOLDER_PATH_deep\=Contents/
    export BUNDLE_EXECUTABLE_FOLDER_NAME_deep\=MacOS
    export BUNDLE_EXTENSIONS_FOLDER_PATH\=Extensions
    export BUNDLE_FORMAT\=shallow
    export BUNDLE_FRAMEWORKS_FOLDER_PATH\=Frameworks
    export BUNDLE_PLUGINS_FOLDER_PATH\=PlugIns
    export BUNDLE_PRIVATE_HEADERS_FOLDER_PATH\=PrivateHeaders
    export BUNDLE_PUBLIC_HEADERS_FOLDER_PATH\=Headers
    export CACHE_ROOT\=/var/folders/zn/6f_ddjd136v_cf62f8s84b0m0000gn/C/com.apple.DeveloperTools/26.6-17F113/Xcode
    export CCHROOT\=/var/folders/zn/6f_ddjd136v_cf62f8s84b0m0000gn/C/com.apple.DeveloperTools/26.6-17F113/Xcode
    export CHMOD\=/bin/chmod
    export CHOWN\=chown
    export CLANG_ANALYZER_LOCALIZABILITY_NONLOCALIZED\=YES
    export CLANG_ANALYZER_NONNULL\=YES
    export CLANG_ANALYZER_NUMBER_OBJECT_CONVERSION\=YES_AGGRESSIVE
    export CLANG_CACHE_FINE_GRAINED_OUTPUTS\=YES
    export CLANG_CXX_LANGUAGE_STANDARD\=c++20
    export CLANG_CXX_LIBRARY\=libc++
    export CLANG_ENABLE_EXPLICIT_MODULES\=YES
    export CLANG_ENABLE_MODULES\=YES
    export CLANG_ENABLE_OBJC_ARC\=YES
    export CLANG_ENABLE_OBJC_WEAK\=NO
    export CLANG_MODULES_BUILD_SESSION_FILE\=/Users/karelbraborec/Library/Developer/Xcode/DerivedData/ModuleCache.noindex/Session.modulevalidation
    export CLANG_WARN_BLOCK_CAPTURE_AUTORELEASING\=YES
    export CLANG_WARN_BOOL_CONVERSION\=YES
    export CLANG_WARN_COMMA\=YES
    export CLANG_WARN_CONSTANT_CONVERSION\=YES
    export CLANG_WARN_DEPRECATED_OBJC_IMPLEMENTATIONS\=YES
    export CLANG_WARN_DIRECT_OBJC_ISA_USAGE\=YES_ERROR
    export CLANG_WARN_DOCUMENTATION_COMMENTS\=YES
    export CLANG_WARN_EMPTY_BODY\=YES
    export CLANG_WARN_ENUM_CONVERSION\=YES
    export CLANG_WARN_INFINITE_RECURSION\=YES
    export CLANG_WARN_INT_CONVERSION\=YES
    export CLANG_WARN_NON_LITERAL_NULL_CONVERSION\=YES
    export CLANG_WARN_OBJC_IMPLICIT_RETAIN_SELF\=YES
    export CLANG_WARN_OBJC_LITERAL_CONVERSION\=YES
    export CLANG_WARN_OBJC_ROOT_CLASS\=YES_ERROR
    export CLANG_WARN_QUOTED_INCLUDE_IN_FRAMEWORK_HEADER\=NO
    export CLANG_WARN_RANGE_LOOP_ANALYSIS\=YES
    export CLANG_WARN_STRICT_PROTOTYPES\=YES
    export CLANG_WARN_SUSPICIOUS_MOVE\=YES
    export CLANG_WARN_UNGUARDED_AVAILABILITY\=YES_AGGRESSIVE
    export CLANG_WARN_UNREACHABLE_CODE\=YES
    export CLANG_WARN__DUPLICATE_METHOD_MATCH\=YES
    export CLASS_FILE_DIR\=/Users/karelbraborec/Library/Developer/Xcode/DerivedData/revmeter-hbcnswmlqmbpnlazhhkncgeowiss/Build/Intermediates.noindex/Pods.build/Debug-iphonesimulator/React-Core-prebuilt.build/JavaClasses
    export CLEAN_PRECOMPS\=YES
    export CLONE_HEADERS\=NO
    export CODESIGNING_FOLDER_PATH\=/Users/karelbraborec/Library/Developer/Xcode/DerivedData/revmeter-hbcnswmlqmbpnlazhhkncgeowiss/Build/Products/Debug-iphonesimulator/React-Core-prebuilt/
    export CODE_SIGNING_ALLOWED\=NO
    export CODE_SIGNING_REQUIRED\=YES
    export CODE_SIGN_CONTEXT_CLASS\=XCiPhoneSimulatorCodeSignContext
    export CODE_SIGN_IDENTITY\=-
    export CODE_SIGN_INJECT_BASE_ENTITLEMENTS\=YES
    export COLOR_DIAGNOSTICS\=NO
    export COMBINE_HIDPI_IMAGES\=NO
    export COMPILATION_CACHE_CAS_PATH\=/Users/karelbraborec/Library/Developer/Xcode/DerivedData/CompilationCache.noindex
    export COMPILATION_CACHE_KEEP_CAS_DIRECTORY\=YES
    export COMPILER_INDEX_STORE_ENABLE\=Default
    export COMPOSITE_SDK_DIRS\=/Users/karelbraborec/Library/Developer/Xcode/DerivedData/revmeter-hbcnswmlqmbpnlazhhkncgeowiss/Build/Intermediates.noindex/CompositeSDKs
    export COMPRESS_PNG_FILES\=YES
    export CONFIGURATION\=Debug
    export CONFIGURATION_BUILD_DIR\=/Users/karelbraborec/Library/Developer/Xcode/DerivedData/revmeter-hbcnswmlqmbpnlazhhkncgeowiss/Build/Products/Debug-iphonesimulator/React-Core-prebuilt
    export CONFIGURATION_TEMP_DIR\=/Users/karelbraborec/Library/Developer/Xcode/DerivedData/revmeter-hbcnswmlqmbpnlazhhkncgeowiss/Build/Intermediates.noindex/Pods.build/Debug-iphonesimulator
    export COPYING_PRESERVES_HFS_DATA\=NO
    export COPY_HEADERS_RUN_UNIFDEF\=NO
    export COPY_PHASE_STRIP\=NO
    export CORRESPONDING_DEVICE_PLATFORM_DIR\=/Applications/Xcode.app/Contents/Developer/Platforms/iPhoneOS.platform
    export CORRESPONDING_DEVICE_PLATFORM_NAME\=iphoneos
    export CORRESPONDING_DEVICE_SDK_DIR\=/Applications/Xcode.app/Contents/Developer/Platforms/iPhoneOS.platform/Developer/SDKs/iPhoneOS26.5.sdk
    export CORRESPONDING_DEVICE_SDK_NAME\=iphoneos26.5
    export CP\=/bin/cp
    export CREATE_INFOPLIST_SECTION_IN_BINARY\=NO
    export CURRENT_ARCH\=undefined_arch
    export CURRENT_VARIANT\=normal
    export DEAD_CODE_STRIPPING\=YES
    export DEBUGGING_SYMBOLS\=YES
    export DEBUG_INFORMATION_FORMAT\=dwarf
    export DEBUG_INFORMATION_VERSION\=compiler-default
    export DEFAULT_COMPILER\=com.apple.compilers.llvm.clang.1_0
    export DEFAULT_DEXT_INSTALL_PATH\=/System/Library/DriverExtensions
    export DEFAULT_KEXT_INSTALL_PATH\=/System/Library/Extensions
    export DEFINES_MODULE\=NO
    export DEPLOYMENT_LOCATION\=NO
    export DEPLOYMENT_POSTPROCESSING\=NO
    export DEPLOYMENT_TARGET_SETTING_NAME\=IPHONEOS_DEPLOYMENT_TARGET
    export DEPLOYMENT_TARGET_SUGGESTED_VALUES\=12.0\ 12.1\ 12.2\ 12.3\ 12.4\ 13.0\ 13.1\ 13.2\ 13.3\ 13.4\ 13.5\ 13.6\ 14.0\ 14.1\ 14.2\ 14.3\ 14.4\ 14.5\ 14.6\ 14.7\ 15.0\ 15.1\ 15.2\ 15.3\ 15.4\ 15.5\ 15.6\ 16.0\ 16.1\ 16.2\ 16.3\ 16.4\ 16.5\ 16.6\ 17.0\ 17.1\ 17.2\ 17.3\ 17.4\ 17.5\ 17.6\ 18.0\ 18.1\ 18.2\ 18.3\ 18.4\ 18.5\ 18.6\ 26.0\ 26.2\ 26.3\ 26.4\ 26.5
    export DERIVED_FILES_DIR\=/Users/karelbraborec/Library/Developer/Xcode/DerivedData/revmeter-hbcnswmlqmbpnlazhhkncgeowiss/Build/Intermediates.noindex/Pods.build/Debug-iphonesimulator/React-Core-prebuilt.build/DerivedSources
    export DERIVED_FILE_DIR\=/Users/karelbraborec/Library/Developer/Xcode/DerivedData/revmeter-hbcnswmlqmbpnlazhhkncgeowiss/Build/Intermediates.noindex/Pods.build/Debug-iphonesimulator/React-Core-prebuilt.build/DerivedSources
    export DERIVED_SOURCES_DIR\=/Users/karelbraborec/Library/Developer/Xcode/DerivedData/revmeter-hbcnswmlqmbpnlazhhkncgeowiss/Build/Intermediates.noindex/Pods.build/Debug-iphonesimulator/React-Core-prebuilt.build/DerivedSources
    export DEVELOPER_APPLICATIONS_DIR\=/Applications/Xcode.app/Contents/Developer/Applications
    export DEVELOPER_BIN_DIR\=/Applications/Xcode.app/Contents/Developer/usr/bin
    export DEVELOPER_DIR\=/Applications/Xcode.app/Contents/Developer
    export DEVELOPER_FRAMEWORKS_DIR\=/Applications/Xcode.app/Contents/Developer/Library/Frameworks
    export DEVELOPER_FRAMEWORKS_DIR_QUOTED\=/Applications/Xcode.app/Contents/Developer/Library/Frameworks
    export DEVELOPER_LIBRARY_DIR\=/Applications/Xcode.app/Contents/Developer/Library
    export DEVELOPER_SDK_DIR\=/Applications/Xcode.app/Contents/Developer/Platforms/MacOSX.platform/Developer/SDKs
    export DEVELOPER_TOOLS_DIR\=/Applications/Xcode.app/Contents/Developer/Tools
    export DEVELOPER_USR_DIR\=/Applications/Xcode.app/Contents/Developer/usr
    export DEVELOPMENT_LANGUAGE\=en
    export DIAGNOSE_MISSING_TARGET_DEPENDENCIES\=YES
    export DIFF\=/usr/bin/diff
    export DONT_GENERATE_INFOPLIST_FILE\=NO
    export DSTROOT\=/tmp/Pods.dst
    export DT_TOOLCHAIN_DIR\=/Applications/Xcode.app/Contents/Developer/Toolchains/XcodeDefault.xctoolchain
    export DUMP_DEPENDENCIES\=NO
    export DUMP_DEPENDENCIES_OUTPUT_PATH\=/Users/karelbraborec/Library/Developer/Xcode/DerivedData/revmeter-hbcnswmlqmbpnlazhhkncgeowiss/Build/Intermediates.noindex/Pods.build/Debug-iphonesimulator/React-Core-prebuilt.build/React-Core-prebuilt-BuildDependencyInfo.json
    export DWARF_DSYM_FILE_NAME\=.dSYM
    export DWARF_DSYM_FILE_SHOULD_ACCOMPANY_PRODUCT\=NO
    export DWARF_DSYM_FOLDER_PATH\=/Users/karelbraborec/Library/Developer/Xcode/DerivedData/revmeter-hbcnswmlqmbpnlazhhkncgeowiss/Build/Products/Debug-iphonesimulator/React-Core-prebuilt
    export DYNAMIC_LIBRARY_EXTENSION\=dylib
    export EAGER_COMPILATION_ALLOW_SCRIPTS\=NO
    export EAGER_LINKING\=NO
    export EFFECTIVE_PLATFORM_NAME\=-iphonesimulator
    export EFFECTIVE_SWIFT_VERSION\=5
    export EMBEDDED_CONTENT_CONTAINS_SWIFT\=NO
    export EMBED_ASSET_PACKS_IN_PRODUCT_BUNDLE\=NO
    export ENABLE_APP_SANDBOX\=NO
    export ENABLE_CODE_COVERAGE\=YES
    export ENABLE_COHORT_ARCHS\=NO
    export ENABLE_CPLUSPLUS_BOUNDS_SAFE_BUFFERS\=NO
    export ENABLE_C_BOUNDS_SAFETY\=NO
    export ENABLE_DEFAULT_HEADER_SEARCH_PATHS\=YES
    export ENABLE_DEFAULT_SEARCH_PATHS\=YES
    export ENABLE_ENHANCED_SECURITY\=NO
    export ENABLE_HARDENED_RUNTIME\=NO
    export ENABLE_HEADER_DEPENDENCIES\=YES
    export ENABLE_INCOMING_NETWORK_CONNECTIONS\=NO
    export ENABLE_ON_DEMAND_RESOURCES\=NO
    export ENABLE_OUTGOING_NETWORK_CONNECTIONS\=NO
    export ENABLE_POINTER_AUTHENTICATION\=NO
    export ENABLE_PREVIEWS\=NO
    export ENABLE_RESOURCE_ACCESS_AUDIO_INPUT\=NO
    export ENABLE_RESOURCE_ACCESS_BLUETOOTH\=NO
    export ENABLE_RESOURCE_ACCESS_CALENDARS\=NO
    export ENABLE_RESOURCE_ACCESS_CAMERA\=NO
    export ENABLE_RESOURCE_ACCESS_CONTACTS\=NO
    export ENABLE_RESOURCE_ACCESS_LOCATION\=NO
    export ENABLE_RESOURCE_ACCESS_PHOTO_LIBRARY\=NO
    export ENABLE_RESOURCE_ACCESS_PRINTING\=NO
    export ENABLE_RESOURCE_ACCESS_USB\=NO
    export ENABLE_SDK_IMPORTS\=NO
    export ENABLE_SECURITY_COMPILER_WARNINGS\=NO
    export ENABLE_STRICT_OBJC_MSGSEND\=YES
    export ENABLE_TESTABILITY\=YES
    export ENABLE_TESTING_SEARCH_PATHS\=NO
    export ENABLE_USER_SCRIPT_SANDBOXING\=NO
    export ENABLE_XOJIT_PREVIEWS\=YES
    export ENFORCE_VALID_ARCHS\=YES
    export ENTITLEMENTS_DESTINATION\=__entitlements
    export ENTITLEMENTS_REQUIRED\=YES
    export EXCLUDED_INSTALLSRC_SUBDIRECTORY_PATTERNS\=.DS_Store\ .svn\ .git\ .hg\ CVS
    export EXCLUDED_RECURSIVE_SEARCH_PATH_SUBDIRECTORIES\=\*.nib\ \*.lproj\ \*.framework\ \*.gch\ \*.xcode\*\ \*.xcassets\ \*.icon\ \(\*\)\ .DS_Store\ CVS\ .svn\ .git\ .hg\ \*.pbproj\ \*.pbxproj
    export FILE_LIST\=/Users/karelbraborec/Library/Developer/Xcode/DerivedData/revmeter-hbcnswmlqmbpnlazhhkncgeowiss/Build/Intermediates.noindex/Pods.build/Debug-iphonesimulator/React-Core-prebuilt.build/Objects/LinkFileList
    export FIXED_FILES_DIR\=/Users/karelbraborec/Library/Developer/Xcode/DerivedData/revmeter-hbcnswmlqmbpnlazhhkncgeowiss/Build/Intermediates.noindex/Pods.build/Debug-iphonesimulator/React-Core-prebuilt.build/FixedFiles
    export FRAMEWORK_SEARCH_PATHS\=\ \"/Users/karelbraborec/rev-meter/ios/Pods/React-Core-prebuilt\"\ \"/Users/karelbraborec/rev-meter/ios/Pods/ReactNativeDependencies/framework/packages/react-native\"\ \"/Users/karelbraborec/Library/Developer/Xcode/DerivedData/revmeter-hbcnswmlqmbpnlazhhkncgeowiss/Build/Products/Debug-iphonesimulator/XCFrameworkIntermediates/React-Core-prebuilt\"\ \"/Users/karelbraborec/Library/Developer/Xcode/DerivedData/revmeter-hbcnswmlqmbpnlazhhkncgeowiss/Build/Products/Debug-iphonesimulator/XCFrameworkIntermediates/ReactNativeDependencies\"
    export FRAMEWORK_VERSION\=A
    export FUSE_BUILD_PHASES\=YES
    export FUSE_BUILD_SCRIPT_PHASES\=NO
    export GCC3_VERSION\=3.3
    export GCC_C_LANGUAGE_STANDARD\=gnu11
    export GCC_DYNAMIC_NO_PIC\=NO
    export GCC_NO_COMMON_BLOCKS\=YES
    export GCC_OBJC_LEGACY_DISPATCH\=YES
    export GCC_OPTIMIZATION_LEVEL\=0
    export GCC_PFE_FILE_C_DIALECTS\=c\ objective-c\ c++\ objective-c++
    export GCC_PREPROCESSOR_DEFINITIONS\=POD_CONFIGURATION_DEBUG\=1\ DEBUG\=1\ \ COCOAPODS\=1
    export GCC_TREAT_WARNINGS_AS_ERRORS\=NO
    export GCC_VERSION\=com.apple.compilers.llvm.clang.1_0
    export GCC_VERSION_IDENTIFIER\=com_apple_compilers_llvm_clang_1_0
    export GCC_WARN_64_TO_32_BIT_CONVERSION\=YES
    export GCC_WARN_ABOUT_RETURN_TYPE\=YES_ERROR
    export GCC_WARN_UNDECLARED_SELECTOR\=YES
    export GCC_WARN_UNINITIALIZED_AUTOS\=YES_AGGRESSIVE
    export GCC_WARN_UNUSED_FUNCTION\=YES
    export GCC_WARN_UNUSED_VARIABLE\=YES
    export GENERATED_MODULEMAP_DIR\=/Users/karelbraborec/Library/Developer/Xcode/DerivedData/revmeter-hbcnswmlqmbpnlazhhkncgeowiss/Build/Intermediates.noindex/GeneratedModuleMaps-iphonesimulator
    export GENERATE_INFOPLIST_FILE\=NO
    export GENERATE_INTERMEDIATE_TEXT_BASED_STUBS\=YES
    export GENERATE_PKGINFO_FILE\=NO
    export GENERATE_PRELINK_OBJECT_FILE\=NO
    export GENERATE_PROFILING_CODE\=NO
    export GENERATE_TEXT_BASED_STUBS\=NO
    export GID\=20
    export GROUP\=staff
    export HEADERMAP_INCLUDES_FLAT_ENTRIES_FOR_TARGET_BEING_BUILT\=YES
    export HEADERMAP_INCLUDES_FRAMEWORK_ENTRIES_FOR_ALL_PRODUCT_TYPES\=YES
    export HEADERMAP_INCLUDES_FRAMEWORK_ENTRIES_FOR_TARGETS_NOT_BEING_BUILT\=YES
    export HEADERMAP_INCLUDES_NONPUBLIC_NONPRIVATE_HEADERS\=YES
    export HEADERMAP_INCLUDES_PROJECT_HEADERS\=YES
    export HEADERMAP_USES_FRAMEWORK_PREFIX_ENTRIES\=YES
    export HEADERMAP_USES_VFS\=NO
    export HEADER_SEARCH_PATHS\=\ \"/Users/karelbraborec/rev-meter/ios/Pods/Headers/Private\"\ \"/Users/karelbraborec/rev-meter/ios/Pods/Headers/Private/React-Core-prebuilt\"\ \"/Users/karelbraborec/rev-meter/ios/Pods/Headers/Public\"\ \"/Users/karelbraborec/rev-meter/ios/Pods/Headers/Public/React-Core-prebuilt\"\ \"/Users/karelbraborec/rev-meter/ios/Pods/Headers/Public/ReactNativeDependencies\"\ /Users/karelbraborec/rev-meter/ios/Pods/ReactNativeDependencies\ \"/Users/karelbraborec/rev-meter/ios/Pods/ExpoModulesCore/ExpoModulesCore.xcframework/ios-arm64_x86_64-simulator/ExpoModulesCore.framework/Headers\"\ \"/Users/karelbraborec/rev-meter/ios/Pods/ExpoModulesCore/ExpoModulesCore.xcframework/ios-arm64/ExpoModulesCore.framework/Headers\"\ \"/Users/karelbraborec/rev-meter/ios/Pods/ExpoModulesCore/ExpoModulesCore.xcframework/ios-arm64_x86_64-simulator/ExpoModulesCore.framework/Headers\"\ \"/Users/karelbraborec/rev-meter/ios/Pods/ExpoModulesCore/ExpoModulesCore.xcframework/ios-arm64/ExpoModulesCore.framework/Headers\"
    export HOME\=/Users/karelbraborec
    export HOST_ARCH\=arm64
    export HOST_PLATFORM\=macosx
    export ICONV\=/usr/bin/iconv
    export IMPLICIT_DEPENDENCY_DOMAIN\=default
    export INDEX_STORE_COMPRESS\=NO
    export INDEX_STORE_ONLY_PROJECT_FILES\=NO
    export INFOPLIST_ENABLE_CFBUNDLEICONS_MERGE\=YES
    export INFOPLIST_EXPAND_BUILD_SETTINGS\=YES
    export INFOPLIST_OUTPUT_FORMAT\=binary
    export INFOPLIST_PREPROCESS\=NO
    export INLINE_PRIVATE_FRAMEWORKS\=NO
    export INSTALLAPI_IGNORE_SKIP_INSTALL\=YES
    export INSTALLHDRS_COPY_PHASE\=NO
    export INSTALLHDRS_SCRIPT_PHASE\=NO
    export INSTALL_DIR\=/tmp/Pods.dst
    export INSTALL_GROUP\=staff
    export INSTALL_MODE_FLAG\=u+w,go-w,a+rX
    export INSTALL_OWNER\=karelbraborec
    export INSTALL_ROOT\=/tmp/Pods.dst
    export IPHONEOS_DEPLOYMENT_TARGET\=15.1
    export IS_UNOPTIMIZED_BUILD\=YES
    export JAVAC_DEFAULT_FLAGS\=-J-Xms64m\ -J-XX:NewSize\=4M\ -J-Dfile.encoding\=UTF8
    export JAVA_APP_STUB\=/System/Library/Frameworks/JavaVM.framework/Resources/MacOS/JavaApplicationStub
    export JAVA_ARCHIVE_CLASSES\=YES
    export JAVA_ARCHIVE_TYPE\=JAR
    export JAVA_COMPILER\=/usr/bin/javac
    export JAVA_FRAMEWORK_RESOURCES_DIRS\=Resources
    export JAVA_JAR_FLAGS\=cv
    export JAVA_SOURCE_SUBDIR\=.
    export JAVA_USE_DEPENDENCIES\=YES
    export JAVA_ZIP_FLAGS\=-urg
    export JIKES_DEFAULT_FLAGS\=+E\ +OLDCSO
    export KEEP_PRIVATE_EXTERNS\=NO
    export LD_DEPENDENCY_INFO_FILE\=/Users/karelbraborec/Library/Developer/Xcode/DerivedData/revmeter-hbcnswmlqmbpnlazhhkncgeowiss/Build/Intermediates.noindex/Pods.build/Debug-iphonesimulator/React-Core-prebuilt.build/Objects-normal/undefined_arch/React-Core-prebuilt_dependency_info.dat
    export LD_EXPORT_SYMBOLS\=YES
    export LD_GENERATE_MAP_FILE\=NO
    export LD_MAP_FILE_PATH\=/Users/karelbraborec/Library/Developer/Xcode/DerivedData/revmeter-hbcnswmlqmbpnlazhhkncgeowiss/Build/Intermediates.noindex/Pods.build/Debug-iphonesimulator/React-Core-prebuilt.build/React-Core-prebuilt-LinkMap-normal-undefined_arch.txt
    export LD_NO_PIE\=NO
    export LD_QUOTE_LINKER_ARGUMENTS_FOR_COMPILER_DRIVER\=YES
    export LD_RUNPATH_SEARCH_PATHS\=\ @executable_path/Frameworks
    export LD_SHARED_CACHE_ELIGIBLE\=Automatic
    export LD_WARN_DUPLICATE_LIBRARIES\=NO
    export LD_WARN_UNUSED_DYLIBS\=NO
    export LEGACY_DEVELOPER_DIR\=/Applications/Xcode.app/Contents/PlugIns/Xcode3Core.ideplugin/Contents/SharedSupport/Developer
    export LEX\=lex
    export LIBRARY_DEXT_INSTALL_PATH\=/Library/DriverExtensions
    export LIBRARY_FLAG_NOSPACE\=YES
    export LIBRARY_KEXT_INSTALL_PATH\=/Library/Extensions
    export LINKER_DISPLAYS_MANGLED_NAMES\=NO
    export LINK_FILE_LIST_normal_arm64\=/Users/karelbraborec/Library/Developer/Xcode/DerivedData/revmeter-hbcnswmlqmbpnlazhhkncgeowiss/Build/Intermediates.noindex/Pods.build/Debug-iphonesimulator/React-Core-prebuilt.build/Objects-normal/arm64/React-Core-prebuilt.LinkFileList
    export LINK_FILE_LIST_normal_x86_64\=/Users/karelbraborec/Library/Developer/Xcode/DerivedData/revmeter-hbcnswmlqmbpnlazhhkncgeowiss/Build/Intermediates.noindex/Pods.build/Debug-iphonesimulator/React-Core-prebuilt.build/Objects-normal/x86_64/React-Core-prebuilt.LinkFileList
    export LINK_OBJC_RUNTIME\=YES
    export LINK_WITH_STANDARD_LIBRARIES\=YES
    export LLVM_TARGET_TRIPLE_OS_VERSION\=ios15.1
    export LLVM_TARGET_TRIPLE_SUFFIX\=-simulator
    export LLVM_TARGET_TRIPLE_VENDOR\=apple
    export LM_AUX_CONST_METADATA_LIST_PATH_normal_arm64\=/Users/karelbraborec/Library/Developer/Xcode/DerivedData/revmeter-hbcnswmlqmbpnlazhhkncgeowiss/Build/Intermediates.noindex/Pods.build/Debug-iphonesimulator/React-Core-prebuilt.build/Objects-normal/arm64/React-Core-prebuilt.SwiftConstValuesFileList
    export LM_AUX_CONST_METADATA_LIST_PATH_normal_x86_64\=/Users/karelbraborec/Library/Developer/Xcode/DerivedData/revmeter-hbcnswmlqmbpnlazhhkncgeowiss/Build/Intermediates.noindex/Pods.build/Debug-iphonesimulator/React-Core-prebuilt.build/Objects-normal/x86_64/React-Core-prebuilt.SwiftConstValuesFileList
    export LOCALIZATION_EXPORT_SUPPORTED\=YES
    export LOCALIZATION_PREFERS_STRING_CATALOGS\=NO
    export LOCALIZED_STRING_CODE_COMMENTS\=NO
    export LOCALIZED_STRING_MACRO_NAMES\=NSLocalizedString\ CFCopyLocalizedString
    export LOCALIZED_STRING_SWIFTUI_SUPPORT\=YES
    export LOCAL_ADMIN_APPS_DIR\=/Applications/Utilities
    export LOCAL_APPS_DIR\=/Applications
    export LOCAL_DEVELOPER_DIR\=/Library/Developer
    export LOCAL_LIBRARY_DIR\=/Library
    export LOCROOT\=/Users/karelbraborec/rev-meter/ios/Pods
    export LOCSYMROOT\=/Users/karelbraborec/rev-meter/ios/Pods
    export MAC_OS_X_PRODUCT_BUILD_VERSION\=25F84
    export MAC_OS_X_VERSION_ACTUAL\=260502
    export MAC_OS_X_VERSION_MAJOR\=260000
    export MAC_OS_X_VERSION_MINOR\=260500
    export MAKE_MERGEABLE\=NO
    export MERGEABLE_LIBRARY\=NO
    export MERGED_BINARY_TYPE\=none
    export MERGE_LINKED_LIBRARIES\=NO
    export METAL_LIBRARY_FILE_BASE\=default
    export METAL_LIBRARY_OUTPUT_DIR\=/Users/karelbraborec/Library/Developer/Xcode/DerivedData/revmeter-hbcnswmlqmbpnlazhhkncgeowiss/Build/Products/Debug-iphonesimulator/React-Core-prebuilt/
    export MODULE_CACHE_DIR\=/Users/karelbraborec/Library/Developer/Xcode/DerivedData/ModuleCache.noindex
    export MTL_ENABLE_DEBUG_INFO\=INCLUDE_SOURCE
    export MTL_FAST_MATH\=YES
    export NATIVE_ARCH\=arm64
    export NATIVE_ARCH_32_BIT\=arm
    export NATIVE_ARCH_64_BIT\=arm64
    export NATIVE_ARCH_ACTUAL\=arm64
    export NO_COMMON\=YES
    export OBJC_ABI_VERSION\=2
    export OBJECT_FILE_DIR\=/Users/karelbraborec/Library/Developer/Xcode/DerivedData/revmeter-hbcnswmlqmbpnlazhhkncgeowiss/Build/Intermediates.noindex/Pods.build/Debug-iphonesimulator/React-Core-prebuilt.build/Objects
    export OBJECT_FILE_DIR_normal\=/Users/karelbraborec/Library/Developer/Xcode/DerivedData/revmeter-hbcnswmlqmbpnlazhhkncgeowiss/Build/Intermediates.noindex/Pods.build/Debug-iphonesimulator/React-Core-prebuilt.build/Objects-normal
    export OBJROOT\=/Users/karelbraborec/Library/Developer/Xcode/DerivedData/revmeter-hbcnswmlqmbpnlazhhkncgeowiss/Build/Intermediates.noindex
    export ONLY_ACTIVE_ARCH\=NO
    export OS\=MACOS
    export OSAC\=/usr/bin/osacompile
    export OTHER_CFLAGS\=\ -DRCT_REMOVE_LEGACY_ARCH\=1\ -ivfsoverlay\ \"/Users/karelbraborec/rev-meter/ios/Pods/React-Core-prebuilt/React-VFS.yaml\"
    export OTHER_CPLUSPLUSFLAGS\=\ -DRCT_REMOVE_LEGACY_ARCH\=1\ -ivfsoverlay\ \"/Users/karelbraborec/rev-meter/ios/Pods/React-Core-prebuilt/React-VFS.yaml\"\ -DRCT_REMOVE_LEGACY_ARCH\=1\ -ivfsoverlay\ \"/Users/karelbraborec/rev-meter/ios/Pods/React-Core-prebuilt/React-VFS.yaml\"\ -DRCT_NEW_ARCH_ENABLED\=1\ \ 
    export OTHER_SWIFT_FLAGS\=\ -Xcc\ -ivfsoverlay\ -Xcc\ \"/Users/karelbraborec/rev-meter/ios/Pods/React-Core-prebuilt/React-VFS.yaml\"\ -Xcc\ -Wno-incomplete-umbrella
    export PASCAL_STRINGS\=YES
    export PATH\=/Applications/Xcode.app/Contents/SharedFrameworks/SwiftBuild.framework/Versions/A/PlugIns/SWBBuildService.bundle/Contents/PlugIns/SWBUniversalPlatformPlugin.bundle/Contents/Frameworks/SWBUniversalPlatform.framework/Resources:/Applications/Xcode.app/Contents/Developer/Toolchains/XcodeDefault.xctoolchain/usr/bin:/Applications/Xcode.app/Contents/Developer/Toolchains/XcodeDefault.xctoolchain/usr/local/bin:/Applications/Xcode.app/Contents/Developer/Toolchains/XcodeDefault.xctoolchain/usr/libexec:/Applications/Xcode.app/Contents/Developer/Platforms/iPhoneSimulator.platform/usr/bin:/Applications/Xcode.app/Contents/Developer/Platforms/iPhoneSimulator.platform/usr/local/bin:/Applications/Xcode.app/Contents/Developer/Platforms/iPhoneSimulator.platform/Developer/usr/bin:/Applications/Xcode.app/Contents/Developer/Platforms/iPhoneSimulator.platform/Developer/usr/local/bin:/Applications/Xcode.app/Contents/Developer/usr/bin:/Applications/Xcode.app/Contents/Developer/usr/local/bin:/Users/karelbraborec/.gemini/antigravity-ide/bin:/usr/local/bin:/System/Cryptexes/App/usr/bin:/usr/bin:/bin:/usr/sbin:/sbin:/var/run/com.apple.security.cryptexd/codex.system/bootstrap/usr/local/bin:/var/run/com.apple.security.cryptexd/codex.system/bootstrap/usr/bin:/var/run/com.apple.security.cryptexd/codex.system/bootstrap/usr/appleinternal/bin:/pkg/env/global/bin:/Library/Apple/usr/bin:/opt/homebrew/bin
    export PATH_PREFIXES_EXCLUDED_FROM_HEADER_DEPENDENCIES\=/usr/include\ /usr/local/include\ /System/Library/Frameworks\ /System/Library/PrivateFrameworks\ /Applications/Xcode.app/Contents/Developer/Headers\ /Applications/Xcode.app/Contents/Developer/SDKs\ /Applications/Xcode.app/Contents/Developer/Platforms
    export PER_ARCH_MODULE_FILE_DIR\=/Users/karelbraborec/Library/Developer/Xcode/DerivedData/revmeter-hbcnswmlqmbpnlazhhkncgeowiss/Build/Intermediates.noindex/Pods.build/Debug-iphonesimulator/React-Core-prebuilt.build/Objects-normal/undefined_arch
    export PER_ARCH_OBJECT_FILE_DIR\=/Users/karelbraborec/Library/Developer/Xcode/DerivedData/revmeter-hbcnswmlqmbpnlazhhkncgeowiss/Build/Intermediates.noindex/Pods.build/Debug-iphonesimulator/React-Core-prebuilt.build/Objects-normal/undefined_arch
    export PER_VARIANT_OBJECT_FILE_DIR\=/Users/karelbraborec/Library/Developer/Xcode/DerivedData/revmeter-hbcnswmlqmbpnlazhhkncgeowiss/Build/Intermediates.noindex/Pods.build/Debug-iphonesimulator/React-Core-prebuilt.build/Objects-normal
    export PKGINFO_FILE_PATH\=/Users/karelbraborec/Library/Developer/Xcode/DerivedData/revmeter-hbcnswmlqmbpnlazhhkncgeowiss/Build/Intermediates.noindex/Pods.build/Debug-iphonesimulator/React-Core-prebuilt.build/PkgInfo
    export PLATFORM_DEVELOPER_APPLICATIONS_DIR\=/Applications/Xcode.app/Contents/Developer/Platforms/iPhoneSimulator.platform/Developer/Applications
    export PLATFORM_DEVELOPER_BIN_DIR\=/Applications/Xcode.app/Contents/Developer/Platforms/iPhoneSimulator.platform/Developer/usr/bin
    export PLATFORM_DEVELOPER_LIBRARY_DIR\=/Applications/Xcode.app/Contents/Developer/Platforms/iPhoneSimulator.platform/Developer/Library
    export PLATFORM_DEVELOPER_SDK_DIR\=/Applications/Xcode.app/Contents/Developer/Platforms/iPhoneSimulator.platform/Developer/SDKs
    export PLATFORM_DEVELOPER_TOOLS_DIR\=/Applications/Xcode.app/Contents/Developer/Platforms/iPhoneSimulator.platform/Developer/Tools
    export PLATFORM_DEVELOPER_USR_DIR\=/Applications/Xcode.app/Contents/Developer/Platforms/iPhoneSimulator.platform/Developer/usr
    export PLATFORM_DIR\=/Applications/Xcode.app/Contents/Developer/Platforms/iPhoneSimulator.platform
    export PLATFORM_DISPLAY_NAME\=iOS\ Simulator
    export PLATFORM_FAMILY_NAME\=iOS
    export PLATFORM_NAME\=iphonesimulator
    export PLATFORM_PREFERRED_ARCH\=x86_64
    export PLATFORM_PRODUCT_BUILD_VERSION\=23F81a
    export PLATFORM_REQUIRES_SWIFT_AUTOLINK_EXTRACT\=NO
    export PLATFORM_REQUIRES_SWIFT_MODULEWRAP\=NO
    export PLATFORM_USES_DSYMS\=YES
    export PLIST_FILE_OUTPUT_FORMAT\=binary
    export PODFILE_DIR\=/Users/karelbraborec/rev-meter/ios/Pods/..
    export PODS_BUILD_DIR\=/Users/karelbraborec/Library/Developer/Xcode/DerivedData/revmeter-hbcnswmlqmbpnlazhhkncgeowiss/Build/Products
    export PODS_CONFIGURATION_BUILD_DIR\=/Users/karelbraborec/Library/Developer/Xcode/DerivedData/revmeter-hbcnswmlqmbpnlazhhkncgeowiss/Build/Products/Debug-iphonesimulator
    export PODS_DEVELOPMENT_LANGUAGE\=en
    export PODS_ROOT\=/Users/karelbraborec/rev-meter/ios/Pods
    export PODS_TARGET_SRCROOT\=/Users/karelbraborec/rev-meter/ios/Pods/React-Core-prebuilt
    export PODS_XCFRAMEWORKS_BUILD_DIR\=/Users/karelbraborec/Library/Developer/Xcode/DerivedData/revmeter-hbcnswmlqmbpnlazhhkncgeowiss/Build/Products/Debug-iphonesimulator/XCFrameworkIntermediates
    export PRECOMPS_INCLUDE_HEADERS_FROM_BUILT_PRODUCTS_DIR\=YES
    export PRECOMP_DESTINATION_DIR\=/Users/karelbraborec/Library/Developer/Xcode/DerivedData/revmeter-hbcnswmlqmbpnlazhhkncgeowiss/Build/Intermediates.noindex/Pods.build/Debug-iphonesimulator/React-Core-prebuilt.build/PrefixHeaders
    export PROCESSED_INFOPLIST_PATH\=/Users/karelbraborec/Library/Developer/Xcode/DerivedData/revmeter-hbcnswmlqmbpnlazhhkncgeowiss/Build/Intermediates.noindex/Pods.build/Debug-iphonesimulator/React-Core-prebuilt.build/Objects-normal/undefined_arch/Processed-Info.plist
    export PRODUCT_BUNDLE_IDENTIFIER\=org.cocoapods.React-Core-prebuilt
    export PRODUCT_MODULE_NAME\=React_Core_prebuilt
    export PRODUCT_NAME\=React-Core-prebuilt
    export PRODUCT_SETTINGS_PATH\=
    export PROFILING_CODE\=NO
    export PROJECT\=Pods
    export PROJECT_DERIVED_FILE_DIR\=/Users/karelbraborec/Library/Developer/Xcode/DerivedData/revmeter-hbcnswmlqmbpnlazhhkncgeowiss/Build/Intermediates.noindex/Pods.build/DerivedSources
    export PROJECT_DIR\=/Users/karelbraborec/rev-meter/ios/Pods
    export PROJECT_FILE_PATH\=/Users/karelbraborec/rev-meter/ios/Pods/Pods.xcodeproj
    export PROJECT_GUID\=8699adb1dd336b26511df848a716bd42
    export PROJECT_NAME\=Pods
    export PROJECT_TEMP_DIR\=/Users/karelbraborec/Library/Developer/Xcode/DerivedData/revmeter-hbcnswmlqmbpnlazhhkncgeowiss/Build/Intermediates.noindex/Pods.build
    export PROJECT_TEMP_ROOT\=/Users/karelbraborec/Library/Developer/Xcode/DerivedData/revmeter-hbcnswmlqmbpnlazhhkncgeowiss/Build/Intermediates.noindex
    export REACT_NATIVE_PATH\=/Users/karelbraborec/rev-meter/ios/Pods/../../node_modules/react-native
    export RECOMMENDED_IPHONEOS_DEPLOYMENT_TARGET\=15.0
    export RECURSIVE_SEARCH_PATHS_FOLLOW_SYMLINKS\=YES
    export REMOVE_CVS_FROM_RESOURCES\=YES
    export REMOVE_GIT_FROM_RESOURCES\=YES
    export REMOVE_HEADERS_FROM_EMBEDDED_BUNDLES\=YES
    export REMOVE_HG_FROM_RESOURCES\=YES
    export REMOVE_STATIC_EXECUTABLES_FROM_EMBEDDED_BUNDLES\=YES
    export REMOVE_SVN_FROM_RESOURCES\=YES
    export RESCHEDULE_INDEPENDENT_HEADERS_PHASES\=YES
    export REZ_COLLECTOR_DIR\=/Users/karelbraborec/Library/Developer/Xcode/DerivedData/revmeter-hbcnswmlqmbpnlazhhkncgeowiss/Build/Intermediates.noindex/Pods.build/Debug-iphonesimulator/React-Core-prebuilt.build/ResourceManagerResources
    export REZ_OBJECTS_DIR\=/Users/karelbraborec/Library/Developer/Xcode/DerivedData/revmeter-hbcnswmlqmbpnlazhhkncgeowiss/Build/Intermediates.noindex/Pods.build/Debug-iphonesimulator/React-Core-prebuilt.build/ResourceManagerResources/Objects
    export RPATH_ORIGIN\=@loader_path
    export RUNTIME_EXCEPTION_ALLOW_DYLD_ENVIRONMENT_VARIABLES\=NO
    export RUNTIME_EXCEPTION_ALLOW_JIT\=NO
    export RUNTIME_EXCEPTION_ALLOW_UNSIGNED_EXECUTABLE_MEMORY\=NO
    export RUNTIME_EXCEPTION_DEBUGGING_TOOL\=NO
    export RUNTIME_EXCEPTION_DISABLE_EXECUTABLE_PAGE_PROTECTION\=NO
    export RUNTIME_EXCEPTION_DISABLE_LIBRARY_VALIDATION\=NO
    export SCANNING_PCM_KEEP_CACHE_DIRECTORY\=YES
    export SCAN_ALL_SOURCE_FILES_FOR_INCLUDES\=NO
    export SCRIPT_INPUT_FILE_COUNT\=0
    export SCRIPT_INPUT_FILE_LIST_COUNT\=0
    export SCRIPT_OUTPUT_FILE_COUNT\=0
    export SCRIPT_OUTPUT_FILE_LIST_COUNT\=0
    export SDKROOT\=/Applications/Xcode.app/Contents/Developer/Platforms/iPhoneSimulator.platform/Developer/SDKs/iPhoneSimulator26.5.sdk
    export SDK_DIR\=/Applications/Xcode.app/Contents/Developer/Platforms/iPhoneSimulator.platform/Developer/SDKs/iPhoneSimulator26.5.sdk
    export SDK_DIR_iphonesimulator\=/Applications/Xcode.app/Contents/Developer/Platforms/iPhoneSimulator.platform/Developer/SDKs/iPhoneSimulator26.5.sdk
    export SDK_DIR_iphonesimulator26_5\=/Applications/Xcode.app/Contents/Developer/Platforms/iPhoneSimulator.platform/Developer/SDKs/iPhoneSimulator26.5.sdk
    export SDK_NAME\=iphonesimulator26.5
    export SDK_NAMES\=iphonesimulator26.5
    export SDK_PRODUCT_BUILD_VERSION\=23F81a
    export SDK_STAT_CACHE_DIR\=/Users/karelbraborec/Library/Developer/Xcode/DerivedData
    export SDK_STAT_CACHE_ENABLE\=YES
    export SDK_STAT_CACHE_PATH\=/Users/karelbraborec/Library/Developer/Xcode/DerivedData/SDKStatCaches.noindex/iphonesimulator26.5-23F81a-6cfe768891a92b912361537c460fe42b.sdkstatcache
    export SDK_VERSION\=26.5
    export SDK_VERSION_ACTUAL\=260500
    export SDK_VERSION_MAJOR\=260000
    export SDK_VERSION_MINOR\=260500
    export SED\=/usr/bin/sed
    export SEPARATE_STRIP\=NO
    export SEPARATE_SYMBOL_EDIT\=NO
    export SET_DIR_MODE_OWNER_GROUP\=YES
    export SET_FILE_MODE_OWNER_GROUP\=NO
    export SHALLOW_BUNDLE\=NO
    export SHARED_DERIVED_FILE_DIR\=/Users/karelbraborec/Library/Developer/Xcode/DerivedData/revmeter-hbcnswmlqmbpnlazhhkncgeowiss/Build/Products/Debug-iphonesimulator/React-Core-prebuilt/DerivedSources
    export SHARED_PRECOMPS_DIR\=/Users/karelbraborec/Library/Developer/Xcode/DerivedData/revmeter-hbcnswmlqmbpnlazhhkncgeowiss/Build/Intermediates.noindex/PrecompiledHeaders
    export SKIP_INSTALL\=YES
    export SKIP_MERGEABLE_LIBRARY_BUNDLE_HOOK\=NO
    export SOURCE_ROOT\=/Users/karelbraborec/rev-meter/ios/Pods
    export SRCROOT\=/Users/karelbraborec/rev-meter/ios/Pods
    export STRINGSDATA_DIR\=/Users/karelbraborec/Library/Developer/Xcode/DerivedData/revmeter-hbcnswmlqmbpnlazhhkncgeowiss/Build/Intermediates.noindex/Pods.build/Debug-iphonesimulator/React-Core-prebuilt.build/Objects-normal/undefined_arch
    export STRINGSDATA_ROOT\=/Users/karelbraborec/Library/Developer/Xcode/DerivedData/revmeter-hbcnswmlqmbpnlazhhkncgeowiss/Build/Intermediates.noindex/Pods.build/Debug-iphonesimulator/React-Core-prebuilt.build
    export STRINGS_FILE_INFOPLIST_RENAME\=YES
    export STRINGS_FILE_OUTPUT_ENCODING\=binary
    export STRING_CATALOG_GENERATE_SYMBOLS\=NO
    export STRIP_BITCODE_FROM_COPIED_FILES\=NO
    export STRIP_INSTALLED_PRODUCT\=NO
    export STRIP_STYLE\=all
    export STRIP_SWIFT_SYMBOLS\=YES
    export SUPPORTED_DEVICE_FAMILIES\=1,2
    export SUPPORTED_PLATFORMS\=iphoneos\ iphonesimulator
    export SUPPORTS_TEXT_BASED_API\=NO
    export SUPPRESS_WARNINGS\=NO
    export SWIFT_ACTIVE_COMPILATION_CONDITIONS\=\ DEBUG
    export SWIFT_EMIT_CONST_VALUE_PROTOCOLS\=AnyResolverProviding\ AppEntity\ AppEnum\ AppExtension\ AppIntent\ AppIntentsPackage\ AppShortcutProviding\ AppShortcutsProvider\ AppUnionValue\ AppUnionValueCasesProviding\ DynamicOptionsProvider\ EntityQuery\ ExtensionPointDefining\ IntentValueQuery\ Resolver\ TransientEntity\ _AssistantIntentsProvider\ _GenerativeFunctionExtractable\ _IntentValueRepresentable
    export SWIFT_EMIT_LOC_STRINGS\=NO
    export SWIFT_EMIT_MODULE_INTERFACE\=NO
    export SWIFT_ENABLE_EXPLICIT_MODULES\=NO
    export SWIFT_OPTIMIZATION_LEVEL\=-Onone
    export SWIFT_PLATFORM_TARGET_PREFIX\=ios
    export SWIFT_RESPONSE_FILE_PATH_normal_arm64\=/Users/karelbraborec/Library/Developer/Xcode/DerivedData/revmeter-hbcnswmlqmbpnlazhhkncgeowiss/Build/Intermediates.noindex/Pods.build/Debug-iphonesimulator/React-Core-prebuilt.build/Objects-normal/arm64/React-Core-prebuilt.SwiftFileList
    export SWIFT_RESPONSE_FILE_PATH_normal_x86_64\=/Users/karelbraborec/Library/Developer/Xcode/DerivedData/revmeter-hbcnswmlqmbpnlazhhkncgeowiss/Build/Intermediates.noindex/Pods.build/Debug-iphonesimulator/React-Core-prebuilt.build/Objects-normal/x86_64/React-Core-prebuilt.SwiftFileList
    export SWIFT_VERSION\=5.0
    export SYMROOT\=/Users/karelbraborec/Library/Developer/Xcode/DerivedData/revmeter-hbcnswmlqmbpnlazhhkncgeowiss/Build/Products
    export SYSTEM_ADMIN_APPS_DIR\=/Applications/Utilities
    export SYSTEM_APPS_DIR\=/Applications
    export SYSTEM_CORE_SERVICES_DIR\=/System/Library/CoreServices
    export SYSTEM_DEMOS_DIR\=/Applications/Extras
    export SYSTEM_DEVELOPER_APPS_DIR\=/Applications/Xcode.app/Contents/Developer/Applications
    export SYSTEM_DEVELOPER_BIN_DIR\=/Applications/Xcode.app/Contents/Developer/usr/bin
    export SYSTEM_DEVELOPER_DEMOS_DIR\=/Applications/Xcode.app/Contents/Developer/Applications/Utilities/Built\ Examples
    export SYSTEM_DEVELOPER_DIR\=/Applications/Xcode.app/Contents/Developer
    export SYSTEM_DEVELOPER_DOC_DIR\=/Applications/Xcode.app/Contents/Developer/ADC\ Reference\ Library
    export SYSTEM_DEVELOPER_GRAPHICS_TOOLS_DIR\=/Applications/Xcode.app/Contents/Developer/Applications/Graphics\ Tools
    export SYSTEM_DEVELOPER_JAVA_TOOLS_DIR\=/Applications/Xcode.app/Contents/Developer/Applications/Java\ Tools
    export SYSTEM_DEVELOPER_PERFORMANCE_TOOLS_DIR\=/Applications/Xcode.app/Contents/Developer/Applications/Performance\ Tools
    export SYSTEM_DEVELOPER_RELEASENOTES_DIR\=/Applications/Xcode.app/Contents/Developer/ADC\ Reference\ Library/releasenotes
    export SYSTEM_DEVELOPER_TOOLS\=/Applications/Xcode.app/Contents/Developer/Tools
    export SYSTEM_DEVELOPER_TOOLS_DOC_DIR\=/Applications/Xcode.app/Contents/Developer/ADC\ Reference\ Library/documentation/DeveloperTools
    export SYSTEM_DEVELOPER_TOOLS_RELEASENOTES_DIR\=/Applications/Xcode.app/Contents/Developer/ADC\ Reference\ Library/releasenotes/DeveloperTools
    export SYSTEM_DEVELOPER_USR_DIR\=/Applications/Xcode.app/Contents/Developer/usr
    export SYSTEM_DEVELOPER_UTILITIES_DIR\=/Applications/Xcode.app/Contents/Developer/Applications/Utilities
    export SYSTEM_DEXT_INSTALL_PATH\=/System/Library/DriverExtensions
    export SYSTEM_DOCUMENTATION_DIR\=/Library/Documentation
    export SYSTEM_KEXT_INSTALL_PATH\=/System/Library/Extensions
    export SYSTEM_LIBRARY_DIR\=/System/Library
    export TAPI_DEMANGLE\=YES
    export TAPI_ENABLE_PROJECT_HEADERS\=NO
    export TAPI_LANGUAGE\=objective-c
    export TAPI_LANGUAGE_STANDARD\=compiler-default
    export TAPI_USE_SRCROOT\=YES
    export TAPI_VERIFY_MODE\=Pedantic
    export TARGETED_DEVICE_FAMILY\=1,2
    export TARGETNAME\=React-Core-prebuilt
    export TARGET_BUILD_DIR\=/Users/karelbraborec/Library/Developer/Xcode/DerivedData/revmeter-hbcnswmlqmbpnlazhhkncgeowiss/Build/Products/Debug-iphonesimulator/React-Core-prebuilt
    export TARGET_NAME\=React-Core-prebuilt
    export TARGET_TEMP_DIR\=/Users/karelbraborec/Library/Developer/Xcode/DerivedData/revmeter-hbcnswmlqmbpnlazhhkncgeowiss/Build/Intermediates.noindex/Pods.build/Debug-iphonesimulator/React-Core-prebuilt.build
    export TEMP_DIR\=/Users/karelbraborec/Library/Developer/Xcode/DerivedData/revmeter-hbcnswmlqmbpnlazhhkncgeowiss/Build/Intermediates.noindex/Pods.build/Debug-iphonesimulator/React-Core-prebuilt.build
    export TEMP_FILES_DIR\=/Users/karelbraborec/Library/Developer/Xcode/DerivedData/revmeter-hbcnswmlqmbpnlazhhkncgeowiss/Build/Intermediates.noindex/Pods.build/Debug-iphonesimulator/React-Core-prebuilt.build
    export TEMP_FILE_DIR\=/Users/karelbraborec/Library/Developer/Xcode/DerivedData/revmeter-hbcnswmlqmbpnlazhhkncgeowiss/Build/Intermediates.noindex/Pods.build/Debug-iphonesimulator/React-Core-prebuilt.build
    export TEMP_ROOT\=/Users/karelbraborec/Library/Developer/Xcode/DerivedData/revmeter-hbcnswmlqmbpnlazhhkncgeowiss/Build/Intermediates.noindex
    export TEMP_SANDBOX_DIR\=/Users/karelbraborec/Library/Developer/Xcode/DerivedData/revmeter-hbcnswmlqmbpnlazhhkncgeowiss/Build/Intermediates.noindex/TemporaryTaskSandboxes
    export TEST_FRAMEWORK_SEARCH_PATHS\=\ /Applications/Xcode.app/Contents/Developer/Platforms/iPhoneSimulator.platform/Developer/Library/Frameworks\ /Applications/Xcode.app/Contents/Developer/Platforms/iPhoneSimulator.platform/Developer/SDKs/iPhoneSimulator26.5.sdk/Developer/Library/Frameworks
    export TEST_LIBRARY_SEARCH_PATHS\=\ /Applications/Xcode.app/Contents/Developer/Platforms/iPhoneSimulator.platform/Developer/usr/lib
    export TOOLCHAINS\=com.apple.dt.toolchain.XcodeDefault
    export TOOLCHAIN_DIR\=/Applications/Xcode.app/Contents/Developer/Toolchains/XcodeDefault.xctoolchain
    export TREAT_MISSING_BASELINES_AS_TEST_FAILURES\=NO
    export TREAT_MISSING_SCRIPT_PHASE_OUTPUTS_AS_ERRORS\=NO
    export UID\=501
    export UNINSTALLED_PRODUCTS_DIR\=/Users/karelbraborec/Library/Developer/Xcode/DerivedData/revmeter-hbcnswmlqmbpnlazhhkncgeowiss/Build/Intermediates.noindex/UninstalledProducts
    export UNSTRIPPED_PRODUCT\=NO
    export USER\=karelbraborec
    export USER_APPS_DIR\=/Users/karelbraborec/Applications
    export USER_LIBRARY_DIR\=/Users/karelbraborec/Library
    export USE_DYNAMIC_NO_PIC\=YES
    export USE_HEADERMAP\=YES
    export USE_HEADER_SYMLINKS\=NO
    export USE_HERMES\=true
    export USE_RECURSIVE_SCRIPT_INPUTS_IN_SCRIPT_PHASES\=YES
    export VALIDATE_DEVELOPMENT_ASSET_PATHS\=YES_ERROR
    export VALIDATE_PRODUCT\=NO
    export VALID_ARCHS\=arm64\ x86_64
    export VERBOSE_PBXCP\=NO
    export VERSION_INFO_BUILDER\=karelbraborec
    export VERSION_INFO_FILE\=React-Core-prebuilt_vers.c
    export VERSION_INFO_STRING\=\"@\(\#\)PROGRAM:React-Core-prebuilt\ \ PROJECT:Pods-\"
    export WORKSPACE_DIR\=/Users/karelbraborec/rev-meter/ios
    export WRAP_ASSET_PACKS_IN_SEPARATE_DIRECTORIES\=NO
    export XCODE_APP_SUPPORT_DIR\=/Applications/Xcode.app/Contents/Developer/Library/Xcode
    export XCODE_PRODUCT_BUILD_VERSION\=17F113
    export XCODE_VERSION_ACTUAL\=2660
    export XCODE_VERSION_MAJOR\=2600
    export XCODE_VERSION_MINOR\=2660
    export XPCSERVICES_FOLDER_PATH\=/XPCServices
    export YACC\=yacc
    export _DISCOVER_COMMAND_LINE_LINKER_INPUTS\=YES
    export _DISCOVER_COMMAND_LINE_LINKER_INPUTS_INCLUDE_WL\=YES
    export _LD_MULTIARCH\=YES
    export __DIAGNOSE_DEPRECATED_ARCHS\=YES
    export __ORIGINAL_SDK_DEFINED_LLVM_TARGET_TRIPLE_SYS\=ios
    export arch\=undefined_arch
    export variant\=normal
    /bin/sh -c /Users/karelbraborec/Library/Developer/Xcode/DerivedData/revmeter-hbcnswmlqmbpnlazhhkncgeowiss/Build/Intermediates.noindex/Pods.build/Debug-iphonesimulator/React-Core-prebuilt.build/Script-46EB2E0001F440.sh
Node found at: /usr/local/bin/node
No previous build detected, but Debug Configuration. No need to replace React-Core-prebuilt

PhaseScriptExecution [CP]\ Copy\ XCFrameworks /Users/karelbraborec/Library/Developer/Xcode/DerivedData/revmeter-hbcnswmlqmbpnlazhhkncgeowiss/Build/Intermediates.noindex/Pods.build/Debug-iphonesimulator/React-Core-prebuilt.build/Script-46EB2E0001F430.sh (in target 'React-Core-prebuilt' from project 'Pods')
    cd /Users/karelbraborec/rev-meter/ios/Pods
    /bin/sh -c /Users/karelbraborec/Library/Developer/Xcode/DerivedData/revmeter-hbcnswmlqmbpnlazhhkncgeowiss/Build/Intermediates.noindex/Pods.build/Debug-iphonesimulator/React-Core-prebuilt.build/Script-46EB2E0001F430.sh
Selected xcframework slice ios-arm64_x86_64-simulator
rsync --delete -av --filter P .*.?????? --links --filter "- CVS/" --filter "- .svn/" --filter "- .git/" --filter "- .hg/" "/Users/karelbraborec/rev-meter/ios/Pods/React-Core-prebuilt/React.xcframework/ios-arm64_x86_64-simulator/*" "/Users/karelbraborec/Library/Developer/Xcode/DerivedData/revmeter-hbcnswmlqmbpnlazhhkncgeowiss/Build/Products/Debug-iphonesimulator/XCFrameworkIntermediates/React-Core-prebuilt"
Transfer starting: 1431 files
React.framework/
React.framework/Info.plist
React.framework/React
React.framework/Headers/
React.framework/Headers/FBLazyVector/
React.framework/Headers/FBLazyVector/FBLazyVector/
React.framework/Headers/FBLazyVector/FBLazyVector/FBLazyIterator.h
React.framework/Headers/FBLazyVector/FBLazyVector/FBLazyVector.h
React.framework/Headers/RCTDeprecation/
React.framework/Headers/RCTDeprecation/RCTDeprecation.h
React.framework/Headers/RCTRequired/
React.framework/Headers/RCTRequired/RCTRequired/
React.framework/Headers/RCTRequired/RCTRequired/RCTRequired.h
React.framework/Headers/RCTSwiftUIWrapper/
React.framework/Headers/RCTSwiftUIWrapper/RCTSwiftUIWrapper/
React.framework/Headers/RCTSwiftUIWrapper/RCTSwiftUIWrapper/RCTSwiftUIContainerViewWrapper.h
React.framework/Headers/RCTTypeSafety/
React.framework/Headers/RCTTypeSafety/RCTTypeSafety/
React.framework/Headers/RCTTypeSafety/RCTTypeSafety/RCTConvertHelpers.h
React.framework/Headers/RCTTypeSafety/RCTTypeSafety/RCTTypedModuleConstants.h
React.framework/Headers/ReactCommon/
React.framework/Headers/ReactCommon/ReactCommon/
React.framework/Headers/ReactCommon/ReactCommon/CxxTurboModuleUtils.h
React.framework/Headers/ReactCommon/ReactCommon/TurboModule.h
React.framework/Headers/ReactCommon/ReactCommon/TurboModuleBinding.h
React.framework/Headers/ReactCommon/ReactCommon/TurboModulePerfLogger.h
React.framework/Headers/ReactCommon/ReactCommon/TurboModuleUtils.h
React.framework/Headers/ReactCommon/ReactCommon/TurboModuleWithJSIBindings.h
React.framework/Headers/ReactCommon/react/
React.framework/Headers/ReactCommon/react/bridging/
React.framework/Headers/ReactCommon/react/bridging/AString.h
React.framework/Headers/ReactCommon/react/bridging/Array.h
React.framework/Headers/ReactCommon/react/bridging/Base.h
React.framework/Headers/ReactCommon/react/bridging/Bool.h
React.framework/Headers/ReactCommon/react/bridging/Bridging.h
React.framework/Headers/ReactCommon/react/bridging/CallbackWrapper.h
React.framework/Headers/ReactCommon/react/bridging/Class.h
React.framework/Headers/ReactCommon/react/bridging/Convert.h
React.framework/Headers/ReactCommon/react/bridging/Dynamic.h
React.framework/Headers/ReactCommon/react/bridging/Error.h
React.framework/Headers/ReactCommon/react/bridging/EventEmitter.h
React.framework/Headers/ReactCommon/react/bridging/Function.h
React.framework/Headers/ReactCommon/react/bridging/HighResTimeStamp.h
React.framework/Headers/ReactCommon/react/bridging/LongLivedObject.h
React.framework/Headers/ReactCommon/react/bridging/Number.h
React.framework/Headers/ReactCommon/react/bridging/Object.h
React.framework/Headers/ReactCommon/react/bridging/Promise.h
React.framework/Headers/ReactCommon/react/bridging/Value.h
React.framework/Headers/React_Core/
React.framework/Headers/React_Core/React_Core-umbrella.h
React.framework/Headers/React_Core/React/
React.framework/Headers/React_Core/React/CoreModulesPlugins.h
React.framework/Headers/React_Core/React/DispatchMessageQueueThread.h
React.framework/Headers/React_Core/React/FBXXHashUtils.h
React.framework/Headers/React_Core/React/NSDataBigString.h
React.framework/Headers/React_Core/React/NSTextStorage+FontScaling.h
React.framework/Headers/React_Core/React/RCTAccessibilityManager+Internal.h
React.framework/Headers/React_Core/React/RCTAccessibilityManager.h
React.framework/Headers/React_Core/React/RCTActionSheetManager.h
React.framework/Headers/React_Core/React/RCTActivityIndicatorView.h
React.framework/Headers/React_Core/React/RCTActivityIndicatorViewManager.h
React.framework/Headers/React_Core/React/RCTAdditionAnimatedNode.h
React.framework/Headers/React_Core/React/RCTAlertController.h
React.framework/Headers/React_Core/React/RCTAlertManager.h
React.framework/Headers/React_Core/React/RCTAnimatedImage.h
React.framework/Headers/React_Core/React/RCTAnimatedNode.h
React.framework/Headers/React_Core/React/RCTAnimationDriver.h
React.framework/Headers/React_Core/React/RCTAnimationPlugins.h
React.framework/Headers/React_Core/React/RCTAnimationType.h
React.framework/Headers/React_Core/React/RCTAnimationUtils.h
React.framework/Headers/React_Core/React/RCTAppState.h
React.framework/Headers/React_Core/React/RCTAppearance.h
React.framework/Headers/React_Core/React/RCTAssert.h
React.framework/Headers/React_Core/React/RCTAutoInsetsProtocol.h
React.framework/Headers/React_Core/React/RCTBackedTextInputDelegate.h
React.framework/Headers/React_Core/React/RCTBackedTextInputDelegateAdapter.h
React.framework/Headers/React_Core/React/RCTBackedTextInputViewProtocol.h
React.framework/Headers/React_Core/React/RCTBaseTextInputShadowView.h
React.framework/Headers/React_Core/React/RCTBaseTextInputView.h
React.framework/Headers/React_Core/React/RCTBaseTextInputViewManager.h
React.framework/Headers/React_Core/React/RCTBaseTextShadowView.h
React.framework/Headers/React_Core/React/RCTBaseTextViewManager.h
React.framework/Headers/React_Core/React/RCTBlobManager.h
React.framework/Headers/React_Core/React/RCTBorderCurve.h
React.framework/Headers/React_Core/React/RCTBorderDrawing.h
React.framework/Headers/React_Core/React/RCTBorderStyle.h
React.framework/Headers/React_Core/React/RCTBridge+Inspector.h
React.framework/Headers/React_Core/React/RCTBridge+Private.h
React.framework/Headers/React_Core/React/RCTBridge.h
React.framework/Headers/React_Core/React/RCTBridgeConstants.h
React.framework/Headers/React_Core/React/RCTBridgeDelegate.h
React.framework/Headers/React_Core/React/RCTBridgeMethod.h
React.framework/Headers/React_Core/React/RCTBridgeModule.h
React.framework/Headers/React_Core/React/RCTBridgeModuleDecorator.h
React.framework/Headers/React_Core/React/RCTBridgeProxy+Cxx.h
React.framework/Headers/React_Core/React/RCTBridgeProxy.h
React.framework/Headers/React_Core/React/RCTBundleAssetImageLoader.h
React.framework/Headers/React_Core/React/RCTBundleManager.h
React.framework/Headers/React_Core/React/RCTBundleURLProvider.h
React.framework/Headers/React_Core/React/RCTCallInvoker.h
React.framework/Headers/React_Core/React/RCTCallInvokerModule.h
React.framework/Headers/React_Core/React/RCTClipboard.h
React.framework/Headers/React_Core/React/RCTColorAnimatedNode.h
React.framework/Headers/React_Core/React/RCTComponent.h
React.framework/Headers/React_Core/React/RCTComponentData.h
React.framework/Headers/React_Core/React/RCTComponentEvent.h
React.framework/Headers/React_Core/React/RCTConstants.h
React.framework/Headers/React_Core/React/RCTConvert+CoreLocation.h
React.framework/Headers/React_Core/React/RCTConvert+Text.h
React.framework/Headers/React_Core/React/RCTConvert+Transform.h
React.framework/Headers/React_Core/React/RCTConvert.h
React.framework/Headers/React_Core/React/RCTCursor.h
React.framework/Headers/React_Core/React/RCTCxxBridgeDelegate.h
React.framework/Headers/React_Core/React/RCTCxxConvert.h
React.framework/Headers/React_Core/React/RCTCxxInspectorPackagerConnection.h
React.framework/Headers/React_Core/React/RCTCxxInspectorPackagerConnectionDelegate.h
React.framework/Headers/React_Core/React/RCTCxxInspectorWebSocketAdapter.h
React.framework/Headers/React_Core/React/RCTCxxMethod.h
React.framework/Headers/React_Core/React/RCTCxxUtils.h
React.framework/Headers/React_Core/React/RCTDataRequestHandler.h
React.framework/Headers/React_Core/React/RCTDebuggingOverlay.h
React.framework/Headers/React_Core/React/RCTDebuggingOverlayManager.h
React.framework/Headers/React_Core/React/RCTDecayAnimation.h
React.framework/Headers/React_Core/React/RCTDefaultCxxLogFunction.h
React.framework/Headers/React_Core/React/RCTDefines.h
React.framework/Headers/React_Core/React/RCTDevLoadingView.h
React.framework/Headers/React_Core/React/RCTDevLoadingViewProtocol.h
React.framework/Headers/React_Core/React/RCTDevLoadingViewSetEnabled.h
React.framework/Headers/React_Core/React/RCTDevMenu.h
React.framework/Headers/React_Core/React/RCTDevMenuConfigurationDecorator.h
React.framework/Headers/React_Core/React/RCTDevSettings.h
React.framework/Headers/React_Core/React/RCTDevSupportHttpHeaders.h
React.framework/Headers/React_Core/React/RCTDevToolsRuntimeSettingsModule.h
React.framework/Headers/React_Core/React/RCTDeviceInfo.h
React.framework/Headers/React_Core/React/RCTDiffClampAnimatedNode.h
React.framework/Headers/React_Core/React/RCTDisplayLink.h
React.framework/Headers/React_Core/React/RCTDisplayWeakRefreshable.h
React.framework/Headers/React_Core/React/RCTDivisionAnimatedNode.h
React.framework/Headers/React_Core/React/RCTDynamicTypeRamp.h
React.framework/Headers/React_Core/React/RCTErrorCustomizer.h
React.framework/Headers/React_Core/React/RCTErrorInfo.h
React.framework/Headers/React_Core/React/RCTEventAnimation.h
React.framework/Headers/React_Core/React/RCTEventDispatcher.h
React.framework/Headers/React_Core/React/RCTEventDispatcherProtocol.h
React.framework/Headers/React_Core/React/RCTEventEmitter.h
React.framework/Headers/React_Core/React/RCTExceptionsManager.h
React.framework/Headers/React_Core/React/RCTFPSGraph.h
React.framework/Headers/React_Core/React/RCTFileReaderModule.h
React.framework/Headers/React_Core/React/RCTFileRequestHandler.h
React.framework/Headers/React_Core/React/RCTFollyConvert.h
React.framework/Headers/React_Core/React/RCTFont+Private.h
React.framework/Headers/React_Core/React/RCTFont.h
React.framework/Headers/React_Core/React/RCTFrameAnimation.h
React.framework/Headers/React_Core/React/RCTFrameTimingsObserver.h
React.framework/Headers/React_Core/React/RCTFrameUpdate.h
React.framework/Headers/React_Core/React/RCTGIFImageDecoder.h
React.framework/Headers/React_Core/React/RCTHTTPRequestHandler.h
React.framework/Headers/React_Core/React/RCTI18nManager.h
React.framework/Headers/React_Core/React/RCTI18nUtil.h
React.framework/Headers/React_Core/React/RCTImageBlurUtils.h
React.framework/Headers/React_Core/React/RCTImageCache.h
React.framework/Headers/React_Core/React/RCTImageDataDecoder.h
React.framework/Headers/React_Core/React/RCTImageEditingManager.h
React.framework/Headers/React_Core/React/RCTImageLoader.h
React.framework/Headers/React_Core/React/RCTImageLoaderLoggable.h
React.framework/Headers/React_Core/React/RCTImageLoaderProtocol.h
React.framework/Headers/React_Core/React/RCTImageLoaderWithAttributionProtocol.h
React.framework/Headers/React_Core/React/RCTImagePlugins.h
React.framework/Headers/React_Core/React/RCTImageShadowView.h
React.framework/Headers/React_Core/React/RCTImageSource.h
React.framework/Headers/React_Core/React/RCTImageStoreManager.h
React.framework/Headers/React_Core/React/RCTImageURLLoader.h
React.framework/Headers/React_Core/React/RCTImageURLLoaderWithAttribution.h
React.framework/Headers/React_Core/React/RCTImageUtils.h
React.framework/Headers/React_Core/React/RCTImageView.h
React.framework/Headers/React_Core/React/RCTImageViewManager.h
React.framework/Headers/React_Core/React/RCTInitializing.h
React.framework/Headers/React_Core/React/RCTInputAccessoryShadowView.h
React.framework/Headers/React_Core/React/RCTInputAccessoryView.h
React.framework/Headers/React_Core/React/RCTInputAccessoryViewContent.h
React.framework/Headers/React_Core/React/RCTInputAccessoryViewManager.h
React.framework/Headers/React_Core/React/RCTInspector.h
React.framework/Headers/React_Core/React/RCTInspectorDevServerHelper.h
React.framework/Headers/React_Core/React/RCTInspectorNetworkHelper.h
React.framework/Headers/React_Core/React/RCTInspectorNetworkReporter.h
React.framework/Headers/React_Core/React/RCTInspectorPackagerConnection.h
React.framework/Headers/React_Core/React/RCTInspectorUtils.h
React.framework/Headers/React_Core/React/RCTInterpolationAnimatedNode.h
React.framework/Headers/React_Core/React/RCTInvalidating.h
React.framework/Headers/React_Core/React/RCTJSIExecutorRuntimeInstaller.h
React.framework/Headers/React_Core/React/RCTJSStackFrame.h
React.framework/Headers/React_Core/React/RCTJSThread.h
React.framework/Headers/React_Core/React/RCTJavaScriptExecutor.h
React.framework/Headers/React_Core/React/RCTJavaScriptLoader.h
React.framework/Headers/React_Core/React/RCTJscSafeUrl+Internal.h
React.framework/Headers/React_Core/React/RCTKeyCommands.h
React.framework/Headers/React_Core/React/RCTKeyboardObserver.h
React.framework/Headers/React_Core/React/RCTLayout.h
React.framework/Headers/React_Core/React/RCTLayoutAnimation.h
React.framework/Headers/React_Core/React/RCTLayoutAnimationGroup.h
React.framework/Headers/React_Core/React/RCTLinkingManager.h
React.framework/Headers/React_Core/React/RCTLinkingPlugins.h
React.framework/Headers/React_Core/React/RCTLocalAssetImageLoader.h
React.framework/Headers/React_Core/React/RCTLocalizedString.h
React.framework/Headers/React_Core/React/RCTLog.h
React.framework/Headers/React_Core/React/RCTLogBox.h
React.framework/Headers/React_Core/React/RCTLogBoxView.h
React.framework/Headers/React_Core/React/RCTMacros.h
React.framework/Headers/React_Core/React/RCTManagedPointer.h
React.framework/Headers/React_Core/React/RCTMessageThread.h
React.framework/Headers/React_Core/React/RCTMockDef.h
React.framework/Headers/React_Core/React/RCTModalHostView.h
React.framework/Headers/React_Core/React/RCTModalHostViewController.h
React.framework/Headers/React_Core/React/RCTModalHostViewManager.h
React.framework/Headers/React_Core/React/RCTModalManager.h
React.framework/Headers/React_Core/React/RCTModuleData.h
React.framework/Headers/React_Core/React/RCTModuleMethod.h
React.framework/Headers/React_Core/React/RCTModuloAnimatedNode.h
React.framework/Headers/React_Core/React/RCTMultilineTextInputView.h
React.framework/Headers/React_Core/React/RCTMultilineTextInputViewManager.h
React.framework/Headers/React_Core/React/RCTMultipartDataTask.h
React.framework/Headers/React_Core/React/RCTMultipartStreamReader.h
React.framework/Headers/React_Core/React/RCTMultiplicationAnimatedNode.h
React.framework/Headers/React_Core/React/RCTNativeAnimatedModule.h
React.framework/Headers/React_Core/React/RCTNativeAnimatedNodesManager.h
React.framework/Headers/React_Core/React/RCTNativeAnimatedTurboModule.h
React.framework/Headers/React_Core/React/RCTNativeModule.h
React.framework/Headers/React_Core/React/RCTNetworkConversions.h
React.framework/Headers/React_Core/React/RCTNetworkPlugins.h
React.framework/Headers/React_Core/React/RCTNetworkTask.h
React.framework/Headers/React_Core/React/RCTNetworking+Internal.h
React.framework/Headers/React_Core/React/RCTNetworking.h
React.framework/Headers/React_Core/React/RCTNullability.h
React.framework/Headers/React_Core/React/RCTObjcExecutor.h
React.framework/Headers/React_Core/React/RCTObjectAnimatedNode.h
React.framework/Headers/React_Core/React/RCTPLTag.h
React.framework/Headers/React_Core/React/RCTPackagerClient.h
React.framework/Headers/React_Core/React/RCTPackagerConnection.h
React.framework/Headers/React_Core/React/RCTParserUtils.h
React.framework/Headers/React_Core/React/RCTPausedInDebuggerOverlayController.h
React.framework/Headers/React_Core/React/RCTPerformanceLogger.h
React.framework/Headers/React_Core/React/RCTPerformanceLoggerLabels.h
React.framework/Headers/React_Core/React/RCTPlatform.h
React.framework/Headers/React_Core/React/RCTPointerEvents.h
React.framework/Headers/React_Core/React/RCTProfile.h
React.framework/Headers/React_Core/React/RCTPropsAnimatedNode.h
React.framework/Headers/React_Core/React/RCTPushNotificationManager.h
React.framework/Headers/React_Core/React/RCTPushNotificationPlugins.h
React.framework/Headers/React_Core/React/RCTRawTextShadowView.h
React.framework/Headers/React_Core/React/RCTRawTextViewManager.h
React.framework/Headers/React_Core/React/RCTReconnectingWebSocket.h
React.framework/Headers/React_Core/React/RCTRedBox+Internal.h
React.framework/Headers/React_Core/React/RCTRedBox.h
React.framework/Headers/React_Core/React/RCTRedBox2AnsiParser+Internal.h
React.framework/Headers/React_Core/React/RCTRedBox2Controller+Internal.h
React.framework/Headers/React_Core/React/RCTRedBox2ErrorParser+Internal.h
React.framework/Headers/React_Core/React/RCTRedBoxController+Internal.h
React.framework/Headers/React_Core/React/RCTRedBoxExtraDataViewController.h
React.framework/Headers/React_Core/React/RCTRedBoxHMRClient+Internal.h
React.framework/Headers/React_Core/React/RCTRedBoxSetEnabled.h
React.framework/Headers/React_Core/React/RCTRefreshControl.h
React.framework/Headers/React_Core/React/RCTRefreshControlManager.h
React.framework/Headers/React_Core/React/RCTRefreshableProtocol.h
React.framework/Headers/React_Core/React/RCTReloadCommand.h
React.framework/Headers/React_Core/React/RCTResizeMode.h
React.framework/Headers/React_Core/React/RCTRootContentView.h
React.framework/Headers/React_Core/React/RCTRootShadowView.h
React.framework/Headers/React_Core/React/RCTRootView.h
React.framework/Headers/React_Core/React/RCTRootViewDelegate.h
React.framework/Headers/React_Core/React/RCTRootViewInternal.h
React.framework/Headers/React_Core/React/RCTSafeAreaShadowView.h
React.framework/Headers/React_Core/React/RCTSafeAreaView.h
React.framework/Headers/React_Core/React/RCTSafeAreaViewLocalData.h
React.framework/Headers/React_Core/React/RCTSafeAreaViewManager.h
React.framework/Headers/React_Core/React/RCTScrollContentShadowView.h
React.framework/Headers/React_Core/React/RCTScrollContentView.h
React.framework/Headers/React_Core/React/RCTScrollContentViewManager.h
React.framework/Headers/React_Core/React/RCTScrollEvent.h
React.framework/Headers/React_Core/React/RCTScrollView.h
React.framework/Headers/React_Core/React/RCTScrollViewManager.h
React.framework/Headers/React_Core/React/RCTScrollableProtocol.h
React.framework/Headers/React_Core/React/RCTSettingsManager.h
React.framework/Headers/React_Core/React/RCTSettingsPlugins.h
React.framework/Headers/React_Core/React/RCTShadowView+Internal.h
React.framework/Headers/React_Core/React/RCTShadowView+Layout.h
React.framework/Headers/React_Core/React/RCTShadowView.h
React.framework/Headers/React_Core/React/RCTSinglelineTextInputView.h
React.framework/Headers/React_Core/React/RCTSinglelineTextInputViewManager.h
React.framework/Headers/React_Core/React/RCTSourceCode.h
React.framework/Headers/React_Core/React/RCTSpringAnimation.h
React.framework/Headers/React_Core/React/RCTStatusBarManager.h
React.framework/Headers/React_Core/React/RCTStyleAnimatedNode.h
React.framework/Headers/React_Core/React/RCTSubtractionAnimatedNode.h
React.framework/Headers/React_Core/React/RCTSurface.h
React.framework/Headers/React_Core/React/RCTSurfaceDelegate.h
React.framework/Headers/React_Core/React/RCTSurfaceHostingProxyRootView.h
React.framework/Headers/React_Core/React/RCTSurfaceHostingView.h
React.framework/Headers/React_Core/React/RCTSurfacePresenterStub.h
React.framework/Headers/React_Core/React/RCTSurfaceProtocol.h
React.framework/Headers/React_Core/React/RCTSurfaceRootShadowView.h
React.framework/Headers/React_Core/React/RCTSurfaceRootShadowViewDelegate.h
React.framework/Headers/React_Core/React/RCTSurfaceRootView.h
React.framework/Headers/React_Core/React/RCTSurfaceSizeMeasureMode.h
React.framework/Headers/React_Core/React/RCTSurfaceStage.h
React.framework/Headers/React_Core/React/RCTSurfaceView+Internal.h
React.framework/Headers/React_Core/React/RCTSurfaceView.h
React.framework/Headers/React_Core/React/RCTSwitch.h
React.framework/Headers/React_Core/React/RCTSwitchManager.h
React.framework/Headers/React_Core/React/RCTTextAttributes.h
React.framework/Headers/React_Core/React/RCTTextDecorationLineType.h
React.framework/Headers/React_Core/React/RCTTextSelection.h
React.framework/Headers/React_Core/React/RCTTextShadowView.h
React.framework/Headers/React_Core/React/RCTTextTransform.h
React.framework/Headers/React_Core/React/RCTTextView.h
React.framework/Headers/React_Core/React/RCTTextViewManager.h
React.framework/Headers/React_Core/React/RCTTiming.h
React.framework/Headers/React_Core/React/RCTTouchEvent.h
React.framework/Headers/React_Core/React/RCTTouchHandler.h
React.framework/Headers/React_Core/React/RCTTrackingAnimatedNode.h
React.framework/Headers/React_Core/React/RCTTransformAnimatedNode.h
React.framework/Headers/React_Core/React/RCTTurboModuleRegistry.h
React.framework/Headers/React_Core/React/RCTUIImageViewAnimated.h
React.framework/Headers/React_Core/React/RCTUIManager.h
React.framework/Headers/React_Core/React/RCTUIManagerObserverCoordinator.h
React.framework/Headers/React_Core/React/RCTUIManagerUtils.h
React.framework/Headers/React_Core/React/RCTUITextField.h
React.framework/Headers/React_Core/React/RCTUITextView.h
React.framework/Headers/React_Core/React/RCTURLRequestDelegate.h
React.framework/Headers/React_Core/React/RCTURLRequestHandler.h
React.framework/Headers/React_Core/React/RCTUtils.h
React.framework/Headers/React_Core/React/RCTUtilsUIOverride.h
React.framework/Headers/React_Core/React/RCTValueAnimatedNode.h
React.framework/Headers/React_Core/React/RCTVersion.h
React.framework/Headers/React_Core/React/RCTVibration.h
React.framework/Headers/React_Core/React/RCTVibrationPlugins.h
React.framework/Headers/React_Core/React/RCTView.h
React.framework/Headers/React_Core/React/RCTViewManager.h
React.framework/Headers/React_Core/React/RCTViewUtils.h
React.framework/Headers/React_Core/React/RCTVirtualTextShadowView.h
React.framework/Headers/React_Core/React/RCTVirtualTextView.h
React.framework/Headers/React_Core/React/RCTVirtualTextViewManager.h
React.framework/Headers/React_Core/React/RCTWebSocketModule.h
React.framework/Headers/React_Core/React/RCTWrapperViewController.h
React.framework/Headers/React_Core/React/UIView+Private.h
React.framework/Headers/React_Core/React/UIView+React.h
React.framework/Headers/React_CoreModules/
React.framework/Headers/React_CoreModules/CoreModules/
React.framework/Headers/React_CoreModules/CoreModules/CoreModulesPlugins.h
React.framework/Headers/React_CoreModules/CoreModules/RCTAccessibilityManager+Internal.h
React.framework/Headers/React_CoreModules/CoreModules/RCTAccessibilityManager.h
React.framework/Headers/React_CoreModules/CoreModules/RCTActionSheetManager.h
React.framework/Headers/React_CoreModules/CoreModules/RCTAlertController.h
React.framework/Headers/React_CoreModules/CoreModules/RCTAlertManager.h
React.framework/Headers/React_CoreModules/CoreModules/RCTAppState.h
React.framework/Headers/React_CoreModules/CoreModules/RCTAppearance.h
React.framework/Headers/React_CoreModules/CoreModules/RCTClipboard.h
React.framework/Headers/React_CoreModules/CoreModules/RCTDevLoadingView.h
React.framework/Headers/React_CoreModules/CoreModules/RCTDevMenu.h
React.framework/Headers/React_CoreModules/CoreModules/RCTDevMenuConfigurationDecorator.h
React.framework/Headers/React_CoreModules/CoreModules/RCTDevSettings.h
React.framework/Headers/React_CoreModules/CoreModules/RCTDevToolsRuntimeSettingsModule.h
React.framework/Headers/React_CoreModules/CoreModules/RCTDeviceInfo.h
React.framework/Headers/React_CoreModules/CoreModules/RCTEventDispatcher.h
React.framework/Headers/React_CoreModules/CoreModules/RCTExceptionsManager.h
React.framework/Headers/React_CoreModules/CoreModules/RCTFPSGraph.h
React.framework/Headers/React_CoreModules/CoreModules/RCTI18nManager.h
React.framework/Headers/React_CoreModules/CoreModules/RCTJscSafeUrl+Internal.h
React.framework/Headers/React_CoreModules/CoreModules/RCTKeyboardObserver.h
React.framework/Headers/React_CoreModules/CoreModules/RCTLogBox.h
React.framework/Headers/React_CoreModules/CoreModules/RCTLogBoxView.h
React.framework/Headers/React_CoreModules/CoreModules/RCTPlatform.h
React.framework/Headers/React_CoreModules/CoreModules/RCTRedBox+Internal.h
React.framework/Headers/React_CoreModules/CoreModules/RCTRedBox.h
React.framework/Headers/React_CoreModules/CoreModules/RCTRedBox2AnsiParser+Internal.h
React.framework/Headers/React_CoreModules/CoreModules/RCTRedBox2Controller+Internal.h
React.framework/Headers/React_CoreModules/CoreModules/RCTRedBox2ErrorParser+Internal.h
React.framework/Headers/React_CoreModules/CoreModules/RCTRedBoxController+Internal.h
React.framework/Headers/React_CoreModules/CoreModules/RCTRedBoxHMRClient+Internal.h
React.framework/Headers/React_CoreModules/CoreModules/RCTSourceCode.h
React.framework/Headers/React_CoreModules/CoreModules/RCTStatusBarManager.h
React.framework/Headers/React_CoreModules/CoreModules/RCTTiming.h
React.framework/Headers/React_CoreModules/CoreModules/RCTWebSocketModule.h
React.framework/Headers/React_Fabric/
React.framework/Headers/React_Fabric/react/
React.framework/Headers/React_Fabric/react/renderer/
React.framework/Headers/React_Fabric/react/renderer/animated/
React.framework/Headers/React_Fabric/react/renderer/animated/AdditionAnimatedNode.h
React.framework/Headers/React_Fabric/react/renderer/animated/AnimatedModule.h
React.framework/Headers/React_Fabric/react/renderer/animated/AnimatedMountingOverrideDelegate.h
React.framework/Headers/React_Fabric/react/renderer/animated/AnimatedNode.h
React.framework/Headers/React_Fabric/react/renderer/animated/AnimationDriver.h
React.framework/Headers/React_Fabric/react/renderer/animated/AnimationDriverUtils.h
React.framework/Headers/React_Fabric/react/renderer/animated/ColorAnimatedNode.h
React.framework/Headers/React_Fabric/react/renderer/animated/DecayAnimationDriver.h
React.framework/Headers/React_Fabric/react/renderer/animated/DiffClampAnimatedNode.h
React.framework/Headers/React_Fabric/react/renderer/animated/DivisionAnimatedNode.h
React.framework/Headers/React_Fabric/react/renderer/animated/EventAnimationDriver.h
React.framework/Headers/React_Fabric/react/renderer/animated/EventEmitterListener.h
React.framework/Headers/React_Fabric/react/renderer/animated/FrameAnimationDriver.h
React.framework/Headers/React_Fabric/react/renderer/animated/InterpolationAnimatedNode.h
React.framework/Headers/React_Fabric/react/renderer/animated/MergedValueDispatcher.h
React.framework/Headers/React_Fabric/react/renderer/animated/ModulusAnimatedNode.h
React.framework/Headers/React_Fabric/react/renderer/animated/MultiplicationAnimatedNode.h
React.framework/Headers/React_Fabric/react/renderer/animated/NativeAnimatedAllowlist.h
React.framework/Headers/React_Fabric/react/renderer/animated/NativeAnimatedNodesManager.h
React.framework/Headers/React_Fabric/react/renderer/animated/NativeAnimatedNodesManagerProvider.h
React.framework/Headers/React_Fabric/react/renderer/animated/ObjectAnimatedNode.h
React.framework/Headers/React_Fabric/react/renderer/animated/PropsAnimatedNode.h
React.framework/Headers/React_Fabric/react/renderer/animated/RoundAnimatedNode.h
React.framework/Headers/React_Fabric/react/renderer/animated/SpringAnimationDriver.h
React.framework/Headers/React_Fabric/react/renderer/animated/StyleAnimatedNode.h
React.framework/Headers/React_Fabric/react/renderer/animated/SubtractionAnimatedNode.h
React.framework/Headers/React_Fabric/react/renderer/animated/TrackingAnimatedNode.h
React.framework/Headers/React_Fabric/react/renderer/animated/TransformAnimatedNode.h
React.framework/Headers/React_Fabric/react/renderer/animated/ValueAnimatedNode.h
React.framework/Headers/React_Fabric/react/renderer/animated/primitives.h
React.framework/Headers/React_Fabric/react/renderer/animationbackend/
React.framework/Headers/React_Fabric/react/renderer/animationbackend/AnimatedProps.h
React.framework/Headers/React_Fabric/react/renderer/animationbackend/AnimatedPropsBuilder.h
React.framework/Headers/React_Fabric/react/renderer/animationbackend/AnimatedPropsRegistry.h
React.framework/Headers/React_Fabric/react/renderer/animationbackend/AnimatedPropsSerializer.h
React.framework/Headers/React_Fabric/react/renderer/animationbackend/AnimationBackend.h
React.framework/Headers/React_Fabric/react/renderer/animationbackend/AnimationBackendCommitHook.h
React.framework/Headers/React_Fabric/react/renderer/animationbackend/AnimationChoreographer.h
React.framework/Headers/React_Fabric/react/renderer/animations/
React.framework/Headers/React_Fabric/react/renderer/animations/LayoutAnimationCallbackWrapper.h
React.framework/Headers/React_Fabric/react/renderer/animations/LayoutAnimationDriver.h
React.framework/Headers/React_Fabric/react/renderer/animations/LayoutAnimationKeyFrameManager.h
React.framework/Headers/React_Fabric/react/renderer/animations/conversions.h
React.framework/Headers/React_Fabric/react/renderer/animations/primitives.h
React.framework/Headers/React_Fabric/react/renderer/animations/utils.h
React.framework/Headers/React_Fabric/react/renderer/attributedstring/
React.framework/Headers/React_Fabric/react/renderer/attributedstring/AttributedString.h
React.framework/Headers/React_Fabric/react/renderer/attributedstring/AttributedStringBox.h
React.framework/Headers/React_Fabric/react/renderer/attributedstring/ParagraphAttributes.h
React.framework/Headers/React_Fabric/react/renderer/attributedstring/PlaceholderAttributedString.h
React.framework/Headers/React_Fabric/react/renderer/attributedstring/TextAttributes.h
React.framework/Headers/React_Fabric/react/renderer/attributedstring/conversions.h
React.framework/Headers/React_Fabric/react/renderer/attributedstring/primitives.h
React.framework/Headers/React_Fabric/react/renderer/bridging/
React.framework/Headers/React_Fabric/react/renderer/bridging/bridging.h
React.framework/Headers/React_Fabric/react/renderer/componentregistry/
React.framework/Headers/React_Fabric/react/renderer/componentregistry/ComponentDescriptorFactory.h
React.framework/Headers/React_Fabric/react/renderer/componentregistry/ComponentDescriptorProvider.h
React.framework/Headers/React_Fabric/react/renderer/componentregistry/ComponentDescriptorProviderRegistry.h
React.framework/Headers/React_Fabric/react/renderer/componentregistry/ComponentDescriptorRegistry.h
React.framework/Headers/React_Fabric/react/renderer/componentregistry/componentNameByReactViewName.h
React.framework/Headers/React_Fabric/react/renderer/componentregistry/native/
React.framework/Headers/React_Fabric/react/renderer/componentregistry/native/NativeComponentRegistryBinding.h
React.framework/Headers/React_Fabric/react/renderer/components/
React.framework/Headers/React_Fabric/react/renderer/components/legacyviewmanagerinterop/
React.framework/Headers/React_Fabric/react/renderer/components/legacyviewmanagerinterop/LegacyViewManagerInteropComponentDescriptor.h
React.framework/Headers/React_Fabric/react/renderer/components/legacyviewmanagerinterop/LegacyViewManagerInteropShadowNode.h
React.framework/Headers/React_Fabric/react/renderer/components/legacyviewmanagerinterop/LegacyViewManagerInteropState.h
React.framework/Headers/React_Fabric/react/renderer/components/legacyviewmanagerinterop/LegacyViewManagerInteropViewProps.h
React.framework/Headers/React_Fabric/react/renderer/components/legacyviewmanagerinterop/RCTLegacyViewManagerInteropCoordinator.h
React.framework/Headers/React_Fabric/react/renderer/components/legacyviewmanagerinterop/UnstableLegacyViewManagerAutomaticComponentDescriptor.h
React.framework/Headers/React_Fabric/react/renderer/components/legacyviewmanagerinterop/UnstableLegacyViewManagerAutomaticShadowNode.h
React.framework/Headers/React_Fabric/react/renderer/components/legacyviewmanagerinterop/UnstableLegacyViewManagerInteropComponentDescriptor.h
React.framework/Headers/React_Fabric/react/renderer/components/root/
React.framework/Headers/React_Fabric/react/renderer/components/root/RootComponentDescriptor.h
React.framework/Headers/React_Fabric/react/renderer/components/root/RootProps.h
React.framework/Headers/React_Fabric/react/renderer/components/root/RootShadowNode.h
React.framework/Headers/React_Fabric/react/renderer/components/scrollview/
React.framework/Headers/React_Fabric/react/renderer/components/scrollview/BaseScrollViewProps.h
React.framework/Headers/React_Fabric/react/renderer/components/scrollview/HostPlatformScrollViewProps.h
React.framework/Headers/React_Fabric/react/renderer/components/scrollview/RCTComponentViewHelpers.h
React.framework/Headers/React_Fabric/react/renderer/components/scrollview/ScrollEvent.h
React.framework/Headers/React_Fabric/react/renderer/components/scrollview/ScrollViewComponentDescriptor.h
React.framework/Headers/React_Fabric/react/renderer/components/scrollview/ScrollViewEventEmitter.h
React.framework/Headers/React_Fabric/react/renderer/components/scrollview/ScrollViewProps.h
React.framework/Headers/React_Fabric/react/renderer/components/scrollview/ScrollViewShadowNode.h
React.framework/Headers/React_Fabric/react/renderer/components/scrollview/ScrollViewState.h
React.framework/Headers/React_Fabric/react/renderer/components/scrollview/conversions.h
React.framework/Headers/React_Fabric/react/renderer/components/scrollview/primitives.h
React.framework/Headers/React_Fabric/react/renderer/components/view/
React.framework/Headers/React_Fabric/react/renderer/components/view/AccessibilityPrimitives.h
React.framework/Headers/React_Fabric/react/renderer/components/view/AccessibilityProps.h
React.framework/Headers/React_Fabric/react/renderer/components/view/BackgroundImagePropsConversions.h
React.framework/Headers/React_Fabric/react/renderer/components/view/BaseTouch.h
React.framework/Headers/React_Fabric/react/renderer/components/view/BaseViewEventEmitter.h
React.framework/Headers/React_Fabric/react/renderer/components/view/BaseViewProps.h
React.framework/Headers/React_Fabric/react/renderer/components/view/BoxShadowPropsConversions.h
React.framework/Headers/React_Fabric/react/renderer/components/view/CSSConversions.h
React.framework/Headers/React_Fabric/react/renderer/components/view/ConcreteViewShadowNode.h
React.framework/Headers/React_Fabric/react/renderer/components/view/FilterPropsConversions.h
React.framework/Headers/React_Fabric/react/renderer/components/view/HostPlatformTouch.h
React.framework/Headers/React_Fabric/react/renderer/components/view/HostPlatformViewEventEmitter.h
React.framework/Headers/React_Fabric/react/renderer/components/view/HostPlatformViewProps.h
React.framework/Headers/React_Fabric/react/renderer/components/view/HostPlatformViewTraitsInitializer.h
React.framework/Headers/React_Fabric/react/renderer/components/view/LayoutConformanceComponentDescriptor.h
React.framework/Headers/React_Fabric/react/renderer/components/view/LayoutConformanceProps.h
React.framework/Headers/React_Fabric/react/renderer/components/view/LayoutConformanceShadowNode.h
React.framework/Headers/React_Fabric/react/renderer/components/view/PointerEvent.h
React.framework/Headers/React_Fabric/react/renderer/components/view/Touch.h
React.framework/Headers/React_Fabric/react/renderer/components/view/TouchEvent.h
React.framework/Headers/React_Fabric/react/renderer/components/view/TouchEventEmitter.h
React.framework/Headers/React_Fabric/react/renderer/components/view/ViewComponentDescriptor.h
React.framework/Headers/React_Fabric/react/renderer/components/view/ViewEventEmitter.h
React.framework/Headers/React_Fabric/react/renderer/components/view/ViewProps.h
React.framework/Headers/React_Fabric/react/renderer/components/view/ViewPropsInterpolation.h
React.framework/Headers/React_Fabric/react/renderer/components/view/ViewShadowNode.h
React.framework/Headers/React_Fabric/react/renderer/components/view/YogaLayoutableShadowNode.h
React.framework/Headers/React_Fabric/react/renderer/components/view/YogaStylableProps.h
React.framework/Headers/React_Fabric/react/renderer/components/view/accessibilityPropsConversions.h
React.framework/Headers/React_Fabric/react/renderer/components/view/conversions.h
React.framework/Headers/React_Fabric/react/renderer/components/view/primitives.h
React.framework/Headers/React_Fabric/react/renderer/components/view/propsConversions.h
React.framework/Headers/React_Fabric/react/renderer/consistency/
React.framework/Headers/React_Fabric/react/renderer/consistency/ScopedShadowTreeRevisionLock.h
React.framework/Headers/React_Fabric/react/renderer/consistency/ShadowTreeRevisionConsistencyManager.h
React.framework/Headers/React_Fabric/react/renderer/core/
React.framework/Headers/React_Fabric/react/renderer/core/ComponentDescriptor.h
React.framework/Headers/React_Fabric/react/renderer/core/ConcreteComponentDescriptor.h
React.framework/Headers/React_Fabric/react/renderer/core/ConcreteShadowNode.h
React.framework/Headers/React_Fabric/react/renderer/core/ConcreteState.h
React.framework/Headers/React_Fabric/react/renderer/core/DynamicEventPayload.h
React.framework/Headers/React_Fabric/react/renderer/core/DynamicPointerEvent.h
React.framework/Headers/React_Fabric/react/renderer/core/DynamicPropsUtilities.h
React.framework/Headers/React_Fabric/react/renderer/core/EventBeat.h
React.framework/Headers/React_Fabric/react/renderer/core/EventDispatcher.h
React.framework/Headers/React_Fabric/react/renderer/core/EventEmitter.h
React.framework/Headers/React_Fabric/react/renderer/core/EventListener.h
React.framework/Headers/React_Fabric/react/renderer/core/EventLogger.h
React.framework/Headers/React_Fabric/react/renderer/core/EventPayload.h
React.framework/Headers/React_Fabric/react/renderer/core/EventPayloadType.h
React.framework/Headers/React_Fabric/react/renderer/core/EventPipe.h
React.framework/Headers/React_Fabric/react/renderer/core/EventQueue.h
React.framework/Headers/React_Fabric/react/renderer/core/EventQueueProcessor.h
React.framework/Headers/React_Fabric/react/renderer/core/EventTarget.h
React.framework/Headers/React_Fabric/react/renderer/core/InstanceHandle.h
React.framework/Headers/React_Fabric/react/renderer/core/LayoutConstraints.h
React.framework/Headers/React_Fabric/react/renderer/core/LayoutContext.h
React.framework/Headers/React_Fabric/react/renderer/core/LayoutMetrics.h
React.framework/Headers/React_Fabric/react/renderer/core/LayoutPrimitives.h
React.framework/Headers/React_Fabric/react/renderer/core/LayoutableShadowNode.h
React.framework/Headers/React_Fabric/react/renderer/core/Props.h
React.framework/Headers/React_Fabric/react/renderer/core/PropsMacros.h
React.framework/Headers/React_Fabric/react/renderer/core/PropsParserContext.h
React.framework/Headers/React_Fabric/react/renderer/core/RawEvent.h
React.framework/Headers/React_Fabric/react/renderer/core/RawProps.h
React.framework/Headers/React_Fabric/react/renderer/core/RawPropsKey.h
React.framework/Headers/React_Fabric/react/renderer/core/RawPropsKeyMap.h
React.framework/Headers/React_Fabric/react/renderer/core/RawPropsParser.h
React.framework/Headers/React_Fabric/react/renderer/core/RawPropsPrimitives.h
React.framework/Headers/React_Fabric/react/renderer/core/RawValue.h
React.framework/Headers/React_Fabric/react/renderer/core/ReactEventPriority.h
React.framework/Headers/React_Fabric/react/renderer/core/ReactPrimitives.h
React.framework/Headers/React_Fabric/react/renderer/core/ReactRootViewTagGenerator.h
React.framework/Headers/React_Fabric/react/renderer/core/Sealable.h
React.framework/Headers/React_Fabric/react/renderer/core/ShadowNode.h
React.framework/Headers/React_Fabric/react/renderer/core/ShadowNodeFamily.h
React.framework/Headers/React_Fabric/react/renderer/core/ShadowNodeFragment.h
React.framework/Headers/React_Fabric/react/renderer/core/ShadowNodeTraits.h
React.framework/Headers/React_Fabric/react/renderer/core/State.h
React.framework/Headers/React_Fabric/react/renderer/core/StateData.h
React.framework/Headers/React_Fabric/react/renderer/core/StatePipe.h
React.framework/Headers/React_Fabric/react/renderer/core/StateUpdate.h
React.framework/Headers/React_Fabric/react/renderer/core/ValueFactory.h
React.framework/Headers/React_Fabric/react/renderer/core/ValueFactoryEventPayload.h
React.framework/Headers/React_Fabric/react/renderer/core/conversions.h
React.framework/Headers/React_Fabric/react/renderer/core/graphicsConversions.h
React.framework/Headers/React_Fabric/react/renderer/core/propsConversions.h
React.framework/Headers/React_Fabric/react/renderer/dom/
React.framework/Headers/React_Fabric/react/renderer/dom/DOM.h
React.framework/Headers/React_Fabric/react/renderer/imagemanager/
React.framework/Headers/React_Fabric/react/renderer/imagemanager/ImageManager.h
React.framework/Headers/React_Fabric/react/renderer/imagemanager/ImageRequest.h
React.framework/Headers/React_Fabric/react/renderer/imagemanager/ImageResponse.h
React.framework/Headers/React_Fabric/react/renderer/imagemanager/ImageResponseObserver.h
React.framework/Headers/React_Fabric/react/renderer/imagemanager/ImageResponseObserverCoordinator.h
React.framework/Headers/React_Fabric/react/renderer/imagemanager/ImageTelemetry.h
React.framework/Headers/React_Fabric/react/renderer/imagemanager/primitives.h
React.framework/Headers/React_Fabric/react/renderer/leakchecker/
React.framework/Headers/React_Fabric/react/renderer/leakchecker/LeakChecker.h
React.framework/Headers/React_Fabric/react/renderer/leakchecker/WeakFamilyRegistry.h
React.framework/Headers/React_Fabric/react/renderer/mounting/
React.framework/Headers/React_Fabric/react/renderer/mounting/CullingContext.h
React.framework/Headers/React_Fabric/react/renderer/mounting/DiffMap.h
React.framework/Headers/React_Fabric/react/renderer/mounting/Differentiator.h
React.framework/Headers/React_Fabric/react/renderer/mounting/LongestIncreasingSubsequence.h
React.framework/Headers/React_Fabric/react/renderer/mounting/MountingCoordinator.h
React.framework/Headers/React_Fabric/react/renderer/mounting/MountingOverrideDelegate.h
React.framework/Headers/React_Fabric/react/renderer/mounting/MountingTransaction.h
React.framework/Headers/React_Fabric/react/renderer/mounting/ShadowTree.h
React.framework/Headers/React_Fabric/react/renderer/mounting/ShadowTreeDelegate.h
React.framework/Headers/React_Fabric/react/renderer/mounting/ShadowTreeRegistry.h
React.framework/Headers/React_Fabric/react/renderer/mounting/ShadowTreeRevision.h
React.framework/Headers/React_Fabric/react/renderer/mounting/ShadowView.h
React.framework/Headers/React_Fabric/react/renderer/mounting/ShadowViewMutation.h
React.framework/Headers/React_Fabric/react/renderer/mounting/ShadowViewNodePair.h
React.framework/Headers/React_Fabric/react/renderer/mounting/StubView.h
React.framework/Headers/React_Fabric/react/renderer/mounting/StubViewTree.h
React.framework/Headers/React_Fabric/react/renderer/mounting/TelemetryController.h
React.framework/Headers/React_Fabric/react/renderer/mounting/TinyMap.h
React.framework/Headers/React_Fabric/react/renderer/mounting/sliceChildShadowNodeViewPairs.h
React.framework/Headers/React_Fabric/react/renderer/mounting/stubs.h
React.framework/Headers/React_Fabric/react/renderer/mounting/updateMountedFlag.h
React.framework/Headers/React_Fabric/react/renderer/observers/
React.framework/Headers/React_Fabric/react/renderer/observers/events/
React.framework/Headers/React_Fabric/react/renderer/observers/events/EventPerformanceLogger.h
React.framework/Headers/React_Fabric/react/renderer/scheduler/
React.framework/Headers/React_Fabric/react/renderer/scheduler/InspectorData.h
React.framework/Headers/React_Fabric/react/renderer/scheduler/Scheduler.h
React.framework/Headers/React_Fabric/react/renderer/scheduler/SchedulerDelegate.h
React.framework/Headers/React_Fabric/react/renderer/scheduler/SchedulerToolbox.h
React.framework/Headers/React_Fabric/react/renderer/scheduler/SurfaceHandler.h
React.framework/Headers/React_Fabric/react/renderer/scheduler/SurfaceManager.h
React.framework/Headers/React_Fabric/react/renderer/telemetry/
React.framework/Headers/React_Fabric/react/renderer/telemetry/SurfaceTelemetry.h
React.framework/Headers/React_Fabric/react/renderer/telemetry/TransactionTelemetry.h
React.framework/Headers/React_Fabric/react/renderer/uimanager/
React.framework/Headers/React_Fabric/react/renderer/uimanager/AppRegistryBinding.h
React.framework/Headers/React_Fabric/react/renderer/uimanager/LayoutAnimationStatusDelegate.h
React.framework/Headers/React_Fabric/react/renderer/uimanager/PointerEventsProcessor.h
React.framework/Headers/React_Fabric/react/renderer/uimanager/PointerHoverTracker.h
React.framework/Headers/React_Fabric/react/renderer/uimanager/SurfaceRegistryBinding.h
React.framework/Headers/React_Fabric/react/renderer/uimanager/UIManager.h
React.framework/Headers/React_Fabric/react/renderer/uimanager/UIManagerAnimationBackend.h
React.framework/Headers/React_Fabric/react/renderer/uimanager/UIManagerAnimationDelegate.h
React.framework/Headers/React_Fabric/react/renderer/uimanager/UIManagerBinding.h
React.framework/Headers/React_Fabric/react/renderer/uimanager/UIManagerCommitHook.h
React.framework/Headers/React_Fabric/react/renderer/uimanager/UIManagerDelegate.h
React.framework/Headers/React_Fabric/react/renderer/uimanager/UIManagerMountHook.h
React.framework/Headers/React_Fabric/react/renderer/uimanager/UIManagerNativeAnimatedDelegate.h
React.framework/Headers/React_Fabric/react/renderer/uimanager/UIManagerViewTransitionDelegate.h
React.framework/Headers/React_Fabric/react/renderer/uimanager/primitives.h
React.framework/Headers/React_Fabric/react/renderer/uimanager/consistency/
React.framework/Headers/React_Fabric/react/renderer/uimanager/consistency/LazyShadowTreeRevisionConsistencyManager.h
React.framework/Headers/React_Fabric/react/renderer/uimanager/consistency/ShadowTreeRevisionProvider.h
React.framework/Headers/React_Fabric/react/renderer/viewtransition/
React.framework/Headers/React_Fabric/react/renderer/viewtransition/ViewTransitionModule.h
React.framework/Headers/React_FabricComponents/
React.framework/Headers/React_FabricComponents/react/
React.framework/Headers/React_FabricComponents/react/renderer/
React.framework/Headers/React_FabricComponents/react/renderer/components/
React.framework/Headers/React_FabricComponents/react/renderer/components/inputaccessory/
React.framework/Headers/React_FabricComponents/react/renderer/components/inputaccessory/InputAccessoryComponentDescriptor.h
React.framework/Headers/React_FabricComponents/react/renderer/components/inputaccessory/InputAccessoryShadowNode.h
React.framework/Headers/React_FabricComponents/react/renderer/components/inputaccessory/InputAccessoryState.h
React.framework/Headers/React_FabricComponents/react/renderer/components/iostextinput/
React.framework/Headers/React_FabricComponents/react/renderer/components/iostextinput/BaseTextInputProps.h
React.framework/Headers/React_FabricComponents/react/renderer/components/iostextinput/BaseTextInputShadowNode.h
React.framework/Headers/React_FabricComponents/react/renderer/components/iostextinput/TextInputComponentDescriptor.h
React.framework/Headers/React_FabricComponents/react/renderer/components/iostextinput/TextInputEventEmitter.h
React.framework/Headers/React_FabricComponents/react/renderer/components/iostextinput/TextInputProps.h
React.framework/Headers/React_FabricComponents/react/renderer/components/iostextinput/TextInputShadowNode.h
React.framework/Headers/React_FabricComponents/react/renderer/components/iostextinput/TextInputState.h
React.framework/Headers/React_FabricComponents/react/renderer/components/iostextinput/baseConversions.h
React.framework/Headers/React_FabricComponents/react/renderer/components/iostextinput/basePrimitives.h
React.framework/Headers/React_FabricComponents/react/renderer/components/iostextinput/conversions.h
React.framework/Headers/React_FabricComponents/react/renderer/components/iostextinput/primitives.h
React.framework/Headers/React_FabricComponents/react/renderer/components/iostextinput/propsConversions.h
React.framework/Headers/React_FabricComponents/react/renderer/components/modal/
React.framework/Headers/React_FabricComponents/react/renderer/components/modal/ModalHostViewComponentDescriptor.h
React.framework/Headers/React_FabricComponents/react/renderer/components/modal/ModalHostViewShadowNode.h
React.framework/Headers/React_FabricComponents/react/renderer/components/modal/ModalHostViewState.h
React.framework/Headers/React_FabricComponents/react/renderer/components/modal/ModalHostViewUtils.h
React.framework/Headers/React_FabricComponents/react/renderer/components/rncore/
React.framework/Headers/React_FabricComponents/react/renderer/components/rncore/ComponentDescriptors.h
React.framework/Headers/React_FabricComponents/react/renderer/components/rncore/EventEmitters.h
React.framework/Headers/React_FabricComponents/react/renderer/components/rncore/Props.h
React.framework/Headers/React_FabricComponents/react/renderer/components/rncore/ShadowNodes.h
React.framework/Headers/React_FabricComponents/react/renderer/components/rncore/States.h
React.framework/Headers/React_FabricComponents/react/renderer/components/safeareaview/
React.framework/Headers/React_FabricComponents/react/renderer/components/safeareaview/SafeAreaViewComponentDescriptor.h
React.framework/Headers/React_FabricComponents/react/renderer/components/safeareaview/SafeAreaViewShadowNode.h
React.framework/Headers/React_FabricComponents/react/renderer/components/safeareaview/SafeAreaViewState.h
React.framework/Headers/React_FabricComponents/react/renderer/components/scrollview/
React.framework/Headers/React_FabricComponents/react/renderer/components/scrollview/BaseScrollViewProps.h
React.framework/Headers/React_FabricComponents/react/renderer/components/scrollview/HostPlatformScrollViewProps.h
React.framework/Headers/React_FabricComponents/react/renderer/components/scrollview/ScrollEvent.h
React.framework/Headers/React_FabricComponents/react/renderer/components/scrollview/ScrollViewComponentDescriptor.h
React.framework/Headers/React_FabricComponents/react/renderer/components/scrollview/ScrollViewEventEmitter.h
React.framework/Headers/React_FabricComponents/react/renderer/components/scrollview/ScrollViewProps.h
React.framework/Headers/React_FabricComponents/react/renderer/components/scrollview/ScrollViewShadowNode.h
React.framework/Headers/React_FabricComponents/react/renderer/components/scrollview/ScrollViewState.h
React.framework/Headers/React_FabricComponents/react/renderer/components/scrollview/conversions.h
React.framework/Headers/React_FabricComponents/react/renderer/components/scrollview/primitives.h
React.framework/Headers/React_FabricComponents/react/renderer/components/switch/
React.framework/Headers/React_FabricComponents/react/renderer/components/switch/AppleSwitchComponentDescriptor.h
React.framework/Headers/React_FabricComponents/react/renderer/components/switch/AppleSwitchShadowNode.h
React.framework/Headers/React_FabricComponents/react/renderer/components/text/
React.framework/Headers/React_FabricComponents/react/renderer/components/text/BaseParagraphComponentDescriptor.h
React.framework/Headers/React_FabricComponents/react/renderer/components/text/BaseParagraphProps.h
React.framework/Headers/React_FabricComponents/react/renderer/components/text/BaseTextProps.h
React.framework/Headers/React_FabricComponents/react/renderer/components/text/BaseTextShadowNode.h
React.framework/Headers/React_FabricComponents/react/renderer/components/text/HostPlatformParagraphProps.h
React.framework/Headers/React_FabricComponents/react/renderer/components/text/ParagraphComponentDescriptor.h
React.framework/Headers/React_FabricComponents/react/renderer/components/text/ParagraphEventEmitter.h
React.framework/Headers/React_FabricComponents/react/renderer/components/text/ParagraphProps.h
React.framework/Headers/React_FabricComponents/react/renderer/components/text/ParagraphShadowNode.h
React.framework/Headers/React_FabricComponents/react/renderer/components/text/ParagraphState.h
React.framework/Headers/React_FabricComponents/react/renderer/components/text/RawTextComponentDescriptor.h
React.framework/Headers/React_FabricComponents/react/renderer/components/text/RawTextProps.h
React.framework/Headers/React_FabricComponents/react/renderer/components/text/RawTextShadowNode.h
React.framework/Headers/React_FabricComponents/react/renderer/components/text/SelectableParagraphComponentDescriptor.h
React.framework/Headers/React_FabricComponents/react/renderer/components/text/SelectableParagraphShadowNode.h
React.framework/Headers/React_FabricComponents/react/renderer/components/text/TextComponentDescriptor.h
React.framework/Headers/React_FabricComponents/react/renderer/components/text/TextProps.h
React.framework/Headers/React_FabricComponents/react/renderer/components/text/TextShadowNode.h
React.framework/Headers/React_FabricComponents/react/renderer/components/text/stateConversions.h
React.framework/Headers/React_FabricComponents/react/renderer/components/textinput/
React.framework/Headers/React_FabricComponents/react/renderer/components/textinput/AndroidTextInputComponentDescriptor.h
React.framework/Headers/React_FabricComponents/react/renderer/components/textinput/AndroidTextInputEventEmitter.h
React.framework/Headers/React_FabricComponents/react/renderer/components/textinput/AndroidTextInputProps.h
React.framework/Headers/React_FabricComponents/react/renderer/components/textinput/AndroidTextInputShadowNode.h
React.framework/Headers/React_FabricComponents/react/renderer/components/textinput/AndroidTextInputState.h
React.framework/Headers/React_FabricComponents/react/renderer/components/textinput/BaseTextInputProps.h
React.framework/Headers/React_FabricComponents/react/renderer/components/textinput/BaseTextInputShadowNode.h
React.framework/Headers/React_FabricComponents/react/renderer/components/textinput/TextInputComponentDescriptor.h
React.framework/Headers/React_FabricComponents/react/renderer/components/textinput/TextInputEventEmitter.h
React.framework/Headers/React_FabricComponents/react/renderer/components/textinput/TextInputProps.h
React.framework/Headers/React_FabricComponents/react/renderer/components/textinput/TextInputShadowNode.h
React.framework/Headers/React_FabricComponents/react/renderer/components/textinput/TextInputState.h
React.framework/Headers/React_FabricComponents/react/renderer/components/textinput/baseConversions.h
React.framework/Headers/React_FabricComponents/react/renderer/components/textinput/basePrimitives.h
React.framework/Headers/React_FabricComponents/react/renderer/components/textinput/conversions.h
React.framework/Headers/React_FabricComponents/react/renderer/components/textinput/primitives.h
React.framework/Headers/React_FabricComponents/react/renderer/components/textinput/propsConversions.h
React.framework/Headers/React_FabricComponents/react/renderer/components/unimplementedview/
React.framework/Headers/React_FabricComponents/react/renderer/components/unimplementedview/UnimplementedViewComponentDescriptor.h
React.framework/Headers/React_FabricComponents/react/renderer/components/unimplementedview/UnimplementedViewProps.h
React.framework/Headers/React_FabricComponents/react/renderer/components/unimplementedview/UnimplementedViewShadowNode.h
React.framework/Headers/React_FabricComponents/react/renderer/components/virtualview/
React.framework/Headers/React_FabricComponents/react/renderer/components/virtualview/VirtualViewComponentDescriptor.h
React.framework/Headers/React_FabricComponents/react/renderer/components/virtualview/VirtualViewShadowNode.h
React.framework/Headers/React_FabricComponents/react/renderer/textlayoutmanager/
React.framework/Headers/React_FabricComponents/react/renderer/textlayoutmanager/RCTAttributedTextUtils.h
React.framework/Headers/React_FabricComponents/react/renderer/textlayoutmanager/RCTFontProperties.h
React.framework/Headers/React_FabricComponents/react/renderer/textlayoutmanager/RCTFontUtils.h
React.framework/Headers/React_FabricComponents/react/renderer/textlayoutmanager/RCTTextLayoutManager.h
React.framework/Headers/React_FabricComponents/react/renderer/textlayoutmanager/RCTTextPrimitivesConversions.h
React.framework/Headers/React_FabricComponents/react/renderer/textlayoutmanager/TextLayoutContext.h
React.framework/Headers/React_FabricComponents/react/renderer/textlayoutmanager/TextLayoutManager.h
React.framework/Headers/React_FabricComponents/react/renderer/textlayoutmanager/TextLayoutManagerExtended.h
React.framework/Headers/React_FabricComponents/react/renderer/textlayoutmanager/TextMeasureCache.h
React.framework/Headers/React_FabricImage/
React.framework/Headers/React_FabricImage/react/
React.framework/Headers/React_FabricImage/react/renderer/
React.framework/Headers/React_FabricImage/react/renderer/components/
React.framework/Headers/React_FabricImage/react/renderer/components/image/
React.framework/Headers/React_FabricImage/react/renderer/components/image/ImageComponentDescriptor.h
React.framework/Headers/React_FabricImage/react/renderer/components/image/ImageEventEmitter.h
React.framework/Headers/React_FabricImage/react/renderer/components/image/ImageProps.h
React.framework/Headers/React_FabricImage/react/renderer/components/image/ImageShadowNode.h
React.framework/Headers/React_FabricImage/react/renderer/components/image/ImageState.h
React.framework/Headers/React_FabricImage/react/renderer/components/image/conversions.h
React.framework/Headers/React_ImageManager/
React.framework/Headers/React_ImageManager/react/
React.framework/Headers/React_ImageManager/react/renderer/
React.framework/Headers/React_ImageManager/react/renderer/imagemanager/
React.framework/Headers/React_ImageManager/react/renderer/imagemanager/ImageRequestParams.h
React.framework/Headers/React_ImageManager/react/renderer/imagemanager/RCTImageManager.h
React.framework/Headers/React_ImageManager/react/renderer/imagemanager/RCTImageManagerProtocol.h
React.framework/Headers/React_ImageManager/react/renderer/imagemanager/RCTImagePrimitivesConversions.h
React.framework/Headers/React_ImageManager/react/renderer/imagemanager/RCTSyncImageManager.h
React.framework/Headers/React_Mapbuffer/
React.framework/Headers/React_Mapbuffer/react/
React.framework/Headers/React_Mapbuffer/react/renderer/
React.framework/Headers/React_Mapbuffer/react/renderer/mapbuffer/
React.framework/Headers/React_Mapbuffer/react/renderer/mapbuffer/MapBuffer.h
React.framework/Headers/React_Mapbuffer/react/renderer/mapbuffer/MapBufferBuilder.h
React.framework/Headers/React_NativeModulesApple/
React.framework/Headers/React_NativeModulesApple/ReactCommon/
React.framework/Headers/React_NativeModulesApple/ReactCommon/RCTInteropTurboModule.h
React.framework/Headers/React_NativeModulesApple/ReactCommon/RCTTurboModule.h
React.framework/Headers/React_NativeModulesApple/ReactCommon/RCTTurboModuleManager.h
React.framework/Headers/React_NativeModulesApple/ReactCommon/RCTTurboModuleWithJSIBindings.h
React.framework/Headers/React_RCTAnimation/
React.framework/Headers/React_RCTAnimation/RCTAnimation/
React.framework/Headers/React_RCTAnimation/RCTAnimation/RCTAdditionAnimatedNode.h
React.framework/Headers/React_RCTAnimation/RCTAnimation/RCTAnimatedNode.h
React.framework/Headers/React_RCTAnimation/RCTAnimation/RCTAnimationDriver.h
React.framework/Headers/React_RCTAnimation/RCTAnimation/RCTAnimationPlugins.h
React.framework/Headers/React_RCTAnimation/RCTAnimation/RCTAnimationUtils.h
React.framework/Headers/React_RCTAnimation/RCTAnimation/RCTColorAnimatedNode.h
React.framework/Headers/React_RCTAnimation/RCTAnimation/RCTDecayAnimation.h
React.framework/Headers/React_RCTAnimation/RCTAnimation/RCTDiffClampAnimatedNode.h
React.framework/Headers/React_RCTAnimation/RCTAnimation/RCTDivisionAnimatedNode.h
React.framework/Headers/React_RCTAnimation/RCTAnimation/RCTEventAnimation.h
React.framework/Headers/React_RCTAnimation/RCTAnimation/RCTFrameAnimation.h
React.framework/Headers/React_RCTAnimation/RCTAnimation/RCTInterpolationAnimatedNode.h
React.framework/Headers/React_RCTAnimation/RCTAnimation/RCTModuloAnimatedNode.h
React.framework/Headers/React_RCTAnimation/RCTAnimation/RCTMultiplicationAnimatedNode.h
React.framework/Headers/React_RCTAnimation/RCTAnimation/RCTNativeAnimatedModule.h
React.framework/Headers/React_RCTAnimation/RCTAnimation/RCTNativeAnimatedNodesManager.h
React.framework/Headers/React_RCTAnimation/RCTAnimation/RCTNativeAnimatedTurboModule.h
React.framework/Headers/React_RCTAnimation/RCTAnimation/RCTObjectAnimatedNode.h
React.framework/Headers/React_RCTAnimation/RCTAnimation/RCTPropsAnimatedNode.h
React.framework/Headers/React_RCTAnimation/RCTAnimation/RCTSpringAnimation.h
React.framework/Headers/React_RCTAnimation/RCTAnimation/RCTStyleAnimatedNode.h
React.framework/Headers/React_RCTAnimation/RCTAnimation/RCTSubtractionAnimatedNode.h
React.framework/Headers/React_RCTAnimation/RCTAnimation/RCTTrackingAnimatedNode.h
React.framework/Headers/React_RCTAnimation/RCTAnimation/RCTTransformAnimatedNode.h
React.framework/Headers/React_RCTAnimation/RCTAnimation/RCTValueAnimatedNode.h
React.framework/Headers/React_RCTAppDelegate/
React.framework/Headers/React_RCTAppDelegate/RCTAppDelegate.h
React.framework/Headers/React_RCTAppDelegate/RCTAppSetupUtils.h
React.framework/Headers/React_RCTAppDelegate/RCTArchConfiguratorProtocol.h
React.framework/Headers/React_RCTAppDelegate/RCTDefaultReactNativeFactoryDelegate.h
React.framework/Headers/React_RCTAppDelegate/RCTDependencyProvider.h
React.framework/Headers/React_RCTAppDelegate/RCTJSRuntimeConfiguratorProtocol.h
React.framework/Headers/React_RCTAppDelegate/RCTReactNativeFactory.h
React.framework/Headers/React_RCTAppDelegate/RCTRootViewFactory.h
React.framework/Headers/React_RCTAppDelegate/RCTUIConfiguratorProtocol.h
React.framework/Headers/React_RCTAppDelegate/React_RCTAppDelegate-umbrella.h
React.framework/Headers/React_RCTBlob/
React.framework/Headers/React_RCTBlob/RCTBlob/
React.framework/Headers/React_RCTBlob/RCTBlob/RCTBlobCollector.h
React.framework/Headers/React_RCTBlob/RCTBlob/RCTBlobManager.h
React.framework/Headers/React_RCTBlob/RCTBlob/RCTBlobPlugins.h
React.framework/Headers/React_RCTBlob/RCTBlob/RCTFileReaderModule.h
React.framework/Headers/React_RCTFBReactNativeSpec/
React.framework/Headers/React_RCTFBReactNativeSpec/FBReactNativeSpec/
React.framework/Headers/React_RCTFBReactNativeSpec/FBReactNativeSpec/FBReactNativeSpec.h
React.framework/Headers/React_RCTFBReactNativeSpec/FBReactNativeSpec/FBReactNativeSpecJSI.h
React.framework/Headers/React_RCTFBReactNativeSpec/react/
React.framework/Headers/React_RCTFBReactNativeSpec/react/renderer/
React.framework/Headers/React_RCTFBReactNativeSpec/react/renderer/components/
React.framework/Headers/React_RCTFBReactNativeSpec/react/renderer/components/FBReactNativeSpec/
React.framework/Headers/React_RCTFBReactNativeSpec/react/renderer/components/FBReactNativeSpec/ComponentDescriptors.h
React.framework/Headers/React_RCTFBReactNativeSpec/react/renderer/components/FBReactNativeSpec/EventEmitters.h
React.framework/Headers/React_RCTFBReactNativeSpec/react/renderer/components/FBReactNativeSpec/Props.h
React.framework/Headers/React_RCTFBReactNativeSpec/react/renderer/components/FBReactNativeSpec/RCTComponentViewHelpers.h
React.framework/Headers/React_RCTFBReactNativeSpec/react/renderer/components/FBReactNativeSpec/ShadowNodes.h
React.framework/Headers/React_RCTFBReactNativeSpec/react/renderer/components/FBReactNativeSpec/States.h
React.framework/Headers/React_RCTFabric/
React.framework/Headers/React_RCTFabric/React/
React.framework/Headers/React_RCTFabric/React/AppleEventBeat.h
React.framework/Headers/React_RCTFabric/React/PlatformRunLoopObserver.h
React.framework/Headers/React_RCTFabric/React/RCTAccessibilityElement.h
React.framework/Headers/React_RCTFabric/React/RCTActivityIndicatorViewComponentView.h
React.framework/Headers/React_RCTFabric/React/RCTBackgroundImageUtils.h
React.framework/Headers/React_RCTFabric/React/RCTBoxShadow.h
React.framework/Headers/React_RCTFabric/React/RCTColorSpaceUtils.h
React.framework/Headers/React_RCTFabric/React/RCTComponentViewClassDescriptor.h
React.framework/Headers/React_RCTFabric/React/RCTComponentViewDescriptor.h
React.framework/Headers/React_RCTFabric/React/RCTComponentViewFactory.h
React.framework/Headers/React_RCTFabric/React/RCTComponentViewProtocol.h
React.framework/Headers/React_RCTFabric/React/RCTComponentViewRegistry.h
React.framework/Headers/React_RCTFabric/React/RCTConversions.h
React.framework/Headers/React_RCTFabric/React/RCTCustomPullToRefreshViewProtocol.h
React.framework/Headers/React_RCTFabric/React/RCTDebuggingOverlayComponentView.h
React.framework/Headers/React_RCTFabric/React/RCTEnhancedScrollView.h
React.framework/Headers/React_RCTFabric/React/RCTFabricComponentsPlugins.h
React.framework/Headers/React_RCTFabric/React/RCTFabricModalHostViewController.h
React.framework/Headers/React_RCTFabric/React/RCTFabricSurface.h
React.framework/Headers/React_RCTFabric/React/RCTGenericDelegateSplitter.h
React.framework/Headers/React_RCTFabric/React/RCTGradientUtils.h
React.framework/Headers/React_RCTFabric/React/RCTIdentifierPool.h
React.framework/Headers/React_RCTFabric/React/RCTImageComponentView.h
React.framework/Headers/React_RCTFabric/React/RCTImageResponseDelegate.h
React.framework/Headers/React_RCTFabric/React/RCTImageResponseObserverProxy.h
React.framework/Headers/React_RCTFabric/React/RCTInputAccessoryComponentView.h
React.framework/Headers/React_RCTFabric/React/RCTInputAccessoryContentView.h
React.framework/Headers/React_RCTFabric/React/RCTLegacyViewManagerInteropComponentView.h
React.framework/Headers/React_RCTFabric/React/RCTLegacyViewManagerInteropCoordinatorAdapter.h
React.framework/Headers/React_RCTFabric/React/RCTLinearGradient.h
React.framework/Headers/React_RCTFabric/React/RCTLocalizationProvider.h
React.framework/Headers/React_RCTFabric/React/RCTModalHostViewComponentView.h
React.framework/Headers/React_RCTFabric/React/RCTMountingManager.h
React.framework/Headers/React_RCTFabric/React/RCTMountingManagerDelegate.h
React.framework/Headers/React_RCTFabric/React/RCTMountingTransactionObserverCoordinator.h
React.framework/Headers/React_RCTFabric/React/RCTMountingTransactionObserving.h
React.framework/Headers/React_RCTFabric/React/RCTParagraphComponentAccessibilityProvider.h
React.framework/Headers/React_RCTFabric/React/RCTParagraphComponentView.h
React.framework/Headers/React_RCTFabric/React/RCTPrimitives.h
React.framework/Headers/React_RCTFabric/React/RCTPullToRefreshViewComponentView.h
React.framework/Headers/React_RCTFabric/React/RCTRadialGradient.h
React.framework/Headers/React_RCTFabric/React/RCTReactTaggedView.h
React.framework/Headers/React_RCTFabric/React/RCTRootComponentView.h
React.framework/Headers/React_RCTFabric/React/RCTSafeAreaViewComponentView.h
React.framework/Headers/React_RCTFabric/React/RCTScheduler.h
React.framework/Headers/React_RCTFabric/React/RCTScrollViewComponentView.h
React.framework/Headers/React_RCTFabric/React/RCTSurfacePointerHandler.h
React.framework/Headers/React_RCTFabric/React/RCTSurfacePresenter.h
React.framework/Headers/React_RCTFabric/React/RCTSurfacePresenterBridgeAdapter.h
React.framework/Headers/React_RCTFabric/React/RCTSurfaceRegistry.h
React.framework/Headers/React_RCTFabric/React/RCTSurfaceTouchHandler.h
React.framework/Headers/React_RCTFabric/React/RCTSwitchComponentView.h
React.framework/Headers/React_RCTFabric/React/RCTTextInputComponentView.h
React.framework/Headers/React_RCTFabric/React/RCTTextInputNativeCommands.h
React.framework/Headers/React_RCTFabric/React/RCTTextInputUtils.h
React.framework/Headers/React_RCTFabric/React/RCTTouchableComponentViewProtocol.h
React.framework/Headers/React_RCTFabric/React/RCTUnimplementedNativeComponentView.h
React.framework/Headers/React_RCTFabric/React/RCTUnimplementedViewComponentView.h
React.framework/Headers/React_RCTFabric/React/RCTViewComponentView.h
React.framework/Headers/React_RCTFabric/React/RCTVirtualViewComponentView.h
React.framework/Headers/React_RCTFabric/React/RCTVirtualViewContainerProtocol.h
React.framework/Headers/React_RCTFabric/React/RCTVirtualViewContainerState.h
React.framework/Headers/React_RCTFabric/React/RCTVirtualViewMode.h
React.framework/Headers/React_RCTFabric/React/RCTVirtualViewProtocol.h
React.framework/Headers/React_RCTFabric/React/RCTVirtualViewRenderState.h
React.framework/Headers/React_RCTFabric/React/UIView+ComponentViewProtocol.h
React.framework/Headers/React_RCTImage/
React.framework/Headers/React_RCTImage/RCTImage/
React.framework/Headers/React_RCTImage/RCTImage/RCTAnimatedImage.h
React.framework/Headers/React_RCTImage/RCTImage/RCTBundleAssetImageLoader.h
React.framework/Headers/React_RCTImage/RCTImage/RCTDisplayWeakRefreshable.h
React.framework/Headers/React_RCTImage/RCTImage/RCTGIFImageDecoder.h
React.framework/Headers/React_RCTImage/RCTImage/RCTImageBlurUtils.h
React.framework/Headers/React_RCTImage/RCTImage/RCTImageCache.h
React.framework/Headers/React_RCTImage/RCTImage/RCTImageDataDecoder.h
React.framework/Headers/React_RCTImage/RCTImage/RCTImageEditingManager.h
React.framework/Headers/React_RCTImage/RCTImage/RCTImageLoader.h
React.framework/Headers/React_RCTImage/RCTImage/RCTImageLoaderLoggable.h
React.framework/Headers/React_RCTImage/RCTImage/RCTImageLoaderProtocol.h
React.framework/Headers/React_RCTImage/RCTImage/RCTImageLoaderWithAttributionProtocol.h
React.framework/Headers/React_RCTImage/RCTImage/RCTImagePlugins.h
React.framework/Headers/React_RCTImage/RCTImage/RCTImageShadowView.h
React.framework/Headers/React_RCTImage/RCTImage/RCTImageStoreManager.h
React.framework/Headers/React_RCTImage/RCTImage/RCTImageURLLoader.h
React.framework/Headers/React_RCTImage/RCTImage/RCTImageURLLoaderWithAttribution.h
React.framework/Headers/React_RCTImage/RCTImage/RCTImageUtils.h
React.framework/Headers/React_RCTImage/RCTImage/RCTImageView.h
React.framework/Headers/React_RCTImage/RCTImage/RCTImageViewManager.h
React.framework/Headers/React_RCTImage/RCTImage/RCTLocalAssetImageLoader.h
React.framework/Headers/React_RCTImage/RCTImage/RCTResizeMode.h
React.framework/Headers/React_RCTImage/RCTImage/RCTUIImageViewAnimated.h
React.framework/Headers/React_RCTRuntime/
React.framework/Headers/React_RCTRuntime/React/
React.framework/Headers/React_RCTRuntime/React/RCTHermesInstanceFactory.h
React.framework/Headers/React_RCTSettings/
React.framework/Headers/React_RCTSettings/RCTSettings/
React.framework/Headers/React_RCTSettings/RCTSettings/RCTSettingsManager.h
React.framework/Headers/React_RCTSettings/RCTSettings/RCTSettingsPlugins.h
React.framework/Headers/React_RCTText/
React.framework/Headers/React_RCTText/RCTText/
React.framework/Headers/React_RCTText/RCTText/NSTextStorage+FontScaling.h
React.framework/Headers/React_RCTText/RCTText/RCTBackedTextInputDelegate.h
React.framework/Headers/React_RCTText/RCTText/RCTBackedTextInputDelegateAdapter.h
React.framework/Headers/React_RCTText/RCTText/RCTBackedTextInputViewProtocol.h
React.framework/Headers/React_RCTText/RCTText/RCTBaseTextInputShadowView.h
React.framework/Headers/React_RCTText/RCTText/RCTBaseTextInputView.h
React.framework/Headers/React_RCTText/RCTText/RCTBaseTextInputViewManager.h
React.framework/Headers/React_RCTText/RCTText/RCTBaseTextShadowView.h
React.framework/Headers/React_RCTText/RCTText/RCTBaseTextViewManager.h
React.framework/Headers/React_RCTText/RCTText/RCTConvert+Text.h
React.framework/Headers/React_RCTText/RCTText/RCTDynamicTypeRamp.h
React.framework/Headers/React_RCTText/RCTText/RCTInputAccessoryShadowView.h
React.framework/Headers/React_RCTText/RCTText/RCTInputAccessoryView.h
React.framework/Headers/React_RCTText/RCTText/RCTInputAccessoryViewContent.h
React.framework/Headers/React_RCTText/RCTText/RCTInputAccessoryViewManager.h
React.framework/Headers/React_RCTText/RCTText/RCTMultilineTextInputView.h
React.framework/Headers/React_RCTText/RCTText/RCTMultilineTextInputViewManager.h
React.framework/Headers/React_RCTText/RCTText/RCTRawTextShadowView.h
React.framework/Headers/React_RCTText/RCTText/RCTRawTextViewManager.h
React.framework/Headers/React_RCTText/RCTText/RCTSinglelineTextInputView.h
React.framework/Headers/React_RCTText/RCTText/RCTSinglelineTextInputViewManager.h
React.framework/Headers/React_RCTText/RCTText/RCTTextAttributes.h
React.framework/Headers/React_RCTText/RCTText/RCTTextSelection.h
React.framework/Headers/React_RCTText/RCTText/RCTTextShadowView.h
React.framework/Headers/React_RCTText/RCTText/RCTTextTransform.h
React.framework/Headers/React_RCTText/RCTText/RCTTextView.h
React.framework/Headers/React_RCTText/RCTText/RCTTextViewManager.h
React.framework/Headers/React_RCTText/RCTText/RCTUITextField.h
React.framework/Headers/React_RCTText/RCTText/RCTUITextView.h
React.framework/Headers/React_RCTText/RCTText/RCTVirtualTextShadowView.h
React.framework/Headers/React_RCTText/RCTText/RCTVirtualTextView.h
React.framework/Headers/React_RCTText/RCTText/RCTVirtualTextViewManager.h
React.framework/Headers/React_RCTVibration/
React.framework/Headers/React_RCTVibration/RCTVibration/
React.framework/Headers/React_RCTVibration/RCTVibration/RCTVibration.h
React.framework/Headers/React_RCTVibration/RCTVibration/RCTVibrationPlugins.h
React.framework/Headers/React_RuntimeApple/
React.framework/Headers/React_RuntimeApple/ReactCommon/
React.framework/Headers/React_RuntimeApple/ReactCommon/ObjCTimerRegistry.h
React.framework/Headers/React_RuntimeApple/ReactCommon/RCTContextContainerHandling.h
React.framework/Headers/React_RuntimeApple/ReactCommon/RCTHermesInstance.h
React.framework/Headers/React_RuntimeApple/ReactCommon/RCTHost+Internal.h
React.framework/Headers/React_RuntimeApple/ReactCommon/RCTHost.h
React.framework/Headers/React_RuntimeApple/ReactCommon/RCTInstance.h
React.framework/Headers/React_RuntimeApple/ReactCommon/RCTJSThreadManager.h
React.framework/Headers/React_RuntimeApple/ReactCommon/RCTLegacyUIManagerConstantsProvider.h
React.framework/Headers/React_RuntimeApple/ReactCommon/RCTPerformanceLoggerUtils.h
React.framework/Headers/React_RuntimeCore/
React.framework/Headers/React_RuntimeCore/react/
React.framework/Headers/React_RuntimeCore/react/runtime/
React.framework/Headers/React_RuntimeCore/react/runtime/BindingsInstaller.h
React.framework/Headers/React_RuntimeCore/react/runtime/BridgelessNativeMethodCallInvoker.h
React.framework/Headers/React_RuntimeCore/react/runtime/BufferedRuntimeExecutor.h
React.framework/Headers/React_RuntimeCore/react/runtime/LegacyUIManagerConstantsProviderBinding.h
React.framework/Headers/React_RuntimeCore/react/runtime/PlatformTimerRegistry.h
React.framework/Headers/React_RuntimeCore/react/runtime/ReactInstance.h
React.framework/Headers/React_RuntimeCore/react/runtime/TimerManager.h
React.framework/Headers/React_RuntimeHermes/
React.framework/Headers/React_RuntimeHermes/react/
React.framework/Headers/React_RuntimeHermes/react/runtime/
React.framework/Headers/React_RuntimeHermes/react/runtime/hermes/
React.framework/Headers/React_RuntimeHermes/react/runtime/hermes/HermesInstance.h
React.framework/Headers/React_callinvoker/
React.framework/Headers/React_callinvoker/ReactCommon/
React.framework/Headers/React_callinvoker/ReactCommon/CallInvoker.h
React.framework/Headers/React_callinvoker/ReactCommon/SchedulerPriority.h
React.framework/Headers/React_callinvoker/ReactCommon/TestCallInvoker.h
React.framework/Headers/React_cxxreact/
React.framework/Headers/React_cxxreact/cxxreact/
React.framework/Headers/React_cxxreact/cxxreact/CxxModule.h
React.framework/Headers/React_cxxreact/cxxreact/CxxNativeModule.h
React.framework/Headers/React_cxxreact/cxxreact/ErrorUtils.h
React.framework/Headers/React_cxxreact/cxxreact/Instance.h
React.framework/Headers/React_cxxreact/cxxreact/JSBigString.h
React.framework/Headers/React_cxxreact/cxxreact/JSBundleType.h
React.framework/Headers/React_cxxreact/cxxreact/JSExecutor.h
React.framework/Headers/React_cxxreact/cxxreact/JSIndexedRAMBundle.h
React.framework/Headers/React_cxxreact/cxxreact/JSModulesUnbundle.h
React.framework/Headers/React_cxxreact/cxxreact/JsArgumentHelpers-inl.h
React.framework/Headers/React_cxxreact/cxxreact/JsArgumentHelpers.h
React.framework/Headers/React_cxxreact/cxxreact/MessageQueueThread.h
React.framework/Headers/React_cxxreact/cxxreact/MethodCall.h
React.framework/Headers/React_cxxreact/cxxreact/ModuleRegistry.h
React.framework/Headers/React_cxxreact/cxxreact/MoveWrapper.h
React.framework/Headers/React_cxxreact/cxxreact/NativeModule.h
React.framework/Headers/React_cxxreact/cxxreact/NativeToJsBridge.h
React.framework/Headers/React_cxxreact/cxxreact/RAMBundleRegistry.h
React.framework/Headers/React_cxxreact/cxxreact/ReactMarker.h
React.framework/Headers/React_cxxreact/cxxreact/ReactNativeVersion.h
React.framework/Headers/React_cxxreact/cxxreact/RecoverableError.h
React.framework/Headers/React_cxxreact/cxxreact/SystraceSection.h
React.framework/Headers/React_cxxreact/cxxreact/TraceSection.h
React.framework/Headers/React_debug/
React.framework/Headers/React_debug/react/
React.framework/Headers/React_debug/react/debug/
React.framework/Headers/React_debug/react/debug/AnsiParser.h
React.framework/Headers/React_debug/react/debug/JscSafeUrl.h
React.framework/Headers/React_debug/react/debug/RedBoxErrorParser.h
React.framework/Headers/React_debug/react/debug/flags.h
React.framework/Headers/React_debug/react/debug/react_native_assert.h
React.framework/Headers/React_debug/react/debug/react_native_expect.h
React.framework/Headers/React_defaultsnativemodule/
React.framework/Headers/React_defaultsnativemodule/react/
React.framework/Headers/React_defaultsnativemodule/react/nativemodule/
React.framework/Headers/React_defaultsnativemodule/react/nativemodule/defaults/
React.framework/Headers/React_defaultsnativemodule/react/nativemodule/defaults/DefaultTurboModules.h
React.framework/Headers/React_domnativemodule/
React.framework/Headers/React_domnativemodule/react/
React.framework/Headers/React_domnativemodule/react/nativemodule/
React.framework/Headers/React_domnativemodule/react/nativemodule/dom/
React.framework/Headers/React_domnativemodule/react/nativemodule/dom/NativeDOM.h
React.framework/Headers/React_featureflags/
React.framework/Headers/React_featureflags/react/
React.framework/Headers/React_featureflags/react/featureflags/
React.framework/Headers/React_featureflags/react/featureflags/ReactNativeFeatureFlags.h
React.framework/Headers/React_featureflags/react/featureflags/ReactNativeFeatureFlagsAccessor.h
React.framework/Headers/React_featureflags/react/featureflags/ReactNativeFeatureFlagsDefaults.h
React.framework/Headers/React_featureflags/react/featureflags/ReactNativeFeatureFlagsDynamicProvider.h
React.framework/Headers/React_featureflags/react/featureflags/ReactNativeFeatureFlagsOverridesOSSCanary.h
React.framework/Headers/React_featureflags/react/featureflags/ReactNativeFeatureFlagsOverridesOSSExperimental.h
React.framework/Headers/React_featureflags/react/featureflags/ReactNativeFeatureFlagsOverridesOSSStable.h
React.framework/Headers/React_featureflags/react/featureflags/ReactNativeFeatureFlagsProvider.h
React.framework/Headers/React_featureflagsnativemodule/
React.framework/Headers/React_featureflagsnativemodule/react/
React.framework/Headers/React_featureflagsnativemodule/react/nativemodule/
React.framework/Headers/React_featureflagsnativemodule/react/nativemodule/featureflags/
React.framework/Headers/React_featureflagsnativemodule/react/nativemodule/featureflags/NativeReactNativeFeatureFlags.h
React.framework/Headers/React_graphics/
React.framework/Headers/React_graphics/react/
React.framework/Headers/React_graphics/react/renderer/
React.framework/Headers/React_graphics/react/renderer/graphics/
React.framework/Headers/React_graphics/react/renderer/graphics/BackgroundImage.h
React.framework/Headers/React_graphics/react/renderer/graphics/BackgroundPosition.h
React.framework/Headers/React_graphics/react/renderer/graphics/BackgroundRepeat.h
React.framework/Headers/React_graphics/react/renderer/graphics/BackgroundSize.h
React.framework/Headers/React_graphics/react/renderer/graphics/BlendMode.h
React.framework/Headers/React_graphics/react/renderer/graphics/BoxShadow.h
React.framework/Headers/React_graphics/react/renderer/graphics/Color.h
React.framework/Headers/React_graphics/react/renderer/graphics/ColorComponents.h
React.framework/Headers/React_graphics/react/renderer/graphics/ColorStop.h
React.framework/Headers/React_graphics/react/renderer/graphics/Filter.h
React.framework/Headers/React_graphics/react/renderer/graphics/Float.h
React.framework/Headers/React_graphics/react/renderer/graphics/Geometry.h
React.framework/Headers/React_graphics/react/renderer/graphics/HostPlatformColor.h
React.framework/Headers/React_graphics/react/renderer/graphics/Isolation.h
React.framework/Headers/React_graphics/react/renderer/graphics/LinearGradient.h
React.framework/Headers/React_graphics/react/renderer/graphics/PlatformColorParser.h
React.framework/Headers/React_graphics/react/renderer/graphics/Point.h
React.framework/Headers/React_graphics/react/renderer/graphics/RCTPlatformColorUtils.h
React.framework/Headers/React_graphics/react/renderer/graphics/RadialGradient.h
React.framework/Headers/React_graphics/react/renderer/graphics/Rect.h
React.framework/Headers/React_graphics/react/renderer/graphics/RectangleCorners.h
React.framework/Headers/React_graphics/react/renderer/graphics/RectangleEdges.h
React.framework/Headers/React_graphics/react/renderer/graphics/Size.h
React.framework/Headers/React_graphics/react/renderer/graphics/Transform.h
React.framework/Headers/React_graphics/react/renderer/graphics/TransformUtils.h
React.framework/Headers/React_graphics/react/renderer/graphics/ValueUnit.h
React.framework/Headers/React_graphics/react/renderer/graphics/Vector.h
React.framework/Headers/React_graphics/react/renderer/graphics/conversions.h
React.framework/Headers/React_graphics/react/renderer/graphics/fromRawValueShared.h
React.framework/Headers/React_graphics/react/renderer/graphics/rounding.h
React.framework/Headers/React_hermes/
React.framework/Headers/React_hermes/reacthermes/
React.framework/Headers/React_hermes/reacthermes/ConnectionDemux.h
React.framework/Headers/React_hermes/reacthermes/HermesExecutorFactory.h
React.framework/Headers/React_hermes/reacthermes/HermesRuntimeAgentDelegate.h
React.framework/Headers/React_hermes/reacthermes/HermesRuntimeSamplingProfileSerializer.h
React.framework/Headers/React_hermes/reacthermes/HermesRuntimeTargetDelegate.h
React.framework/Headers/React_hermes/reacthermes/Registration.h
React.framework/Headers/React_idlecallbacksnativemodule/
React.framework/Headers/React_idlecallbacksnativemodule/react/
React.framework/Headers/React_idlecallbacksnativemodule/react/nativemodule/
React.framework/Headers/React_idlecallbacksnativemodule/react/nativemodule/idlecallbacks/
React.framework/Headers/React_idlecallbacksnativemodule/react/nativemodule/idlecallbacks/NativeIdleCallbacks.h
React.framework/Headers/React_intersectionobservernativemodule/
React.framework/Headers/React_intersectionobservernativemodule/react/
React.framework/Headers/React_intersectionobservernativemodule/react/nativemodule/
React.framework/Headers/React_intersectionobservernativemodule/react/nativemodule/intersectionobserver/
React.framework/Headers/React_intersectionobservernativemodule/react/nativemodule/intersectionobserver/NativeIntersectionObserver.h
React.framework/Headers/React_jserrorhandler/
React.framework/Headers/React_jserrorhandler/jserrorhandler/
React.framework/Headers/React_jserrorhandler/jserrorhandler/JsErrorHandler.h
React.framework/Headers/React_jserrorhandler/jserrorhandler/StackTraceParser.h
React.framework/Headers/React_jsi/
React.framework/Headers/React_jsi/jsi/
React.framework/Headers/React_jsi/jsi/JSIDynamic.h
React.framework/Headers/React_jsi/jsi/decorator.h
React.framework/Headers/React_jsi/jsi/hermes-interfaces.h
React.framework/Headers/React_jsi/jsi/instrumentation.h
React.framework/Headers/React_jsi/jsi/jsi-inl.h
React.framework/Headers/React_jsi/jsi/jsi.h
React.framework/Headers/React_jsi/jsi/jsilib.h
React.framework/Headers/React_jsi/jsi/threadsafe.h
React.framework/Headers/React_jsiexecutor/
React.framework/Headers/React_jsiexecutor/jsireact/
React.framework/Headers/React_jsiexecutor/jsireact/JSIExecutor.h
React.framework/Headers/React_jsiexecutor/jsireact/JSINativeModules.h
React.framework/Headers/React_jsinspector/
React.framework/Headers/React_jsinspector/jsinspector-modern/
React.framework/Headers/React_jsinspector/jsinspector-modern/ConsoleMessage.h
React.framework/Headers/React_jsinspector/jsinspector-modern/ConsoleTask.h
React.framework/Headers/React_jsinspector/jsinspector-modern/ConsoleTaskContext.h
React.framework/Headers/React_jsinspector/jsinspector-modern/ConsoleTaskOrchestrator.h
React.framework/Headers/React_jsinspector/jsinspector-modern/EmulationAgent.h
React.framework/Headers/React_jsinspector/jsinspector-modern/EnumArray.h
React.framework/Headers/React_jsinspector/jsinspector-modern/ExecutionContext.h
React.framework/Headers/React_jsinspector/jsinspector-modern/ExecutionContextManager.h
React.framework/Headers/React_jsinspector/jsinspector-modern/FallbackRuntimeAgentDelegate.h
React.framework/Headers/React_jsinspector/jsinspector-modern/FallbackRuntimeTargetDelegate.h
React.framework/Headers/React_jsinspector/jsinspector-modern/HostAgent.h
React.framework/Headers/React_jsinspector/jsinspector-modern/HostCommand.h
React.framework/Headers/React_jsinspector/jsinspector-modern/HostTarget.h
React.framework/Headers/React_jsinspector/jsinspector-modern/HostTargetTraceRecording.h
React.framework/Headers/React_jsinspector/jsinspector-modern/HostTargetTracing.h
React.framework/Headers/React_jsinspector/jsinspector-modern/InspectorFlags.h
React.framework/Headers/React_jsinspector/jsinspector-modern/InspectorInterfaces.h
React.framework/Headers/React_jsinspector/jsinspector-modern/InspectorPackagerConnection.h
React.framework/Headers/React_jsinspector/jsinspector-modern/InspectorPackagerConnectionImpl.h
React.framework/Headers/React_jsinspector/jsinspector-modern/InspectorUtilities.h
React.framework/Headers/React_jsinspector/jsinspector-modern/InstanceAgent.h
React.framework/Headers/React_jsinspector/jsinspector-modern/InstanceTarget.h
React.framework/Headers/React_jsinspector/jsinspector-modern/NetworkIOAgent.h
React.framework/Headers/React_jsinspector/jsinspector-modern/PerfMonitorV2.h
React.framework/Headers/React_jsinspector/jsinspector-modern/ReactCdp.h
React.framework/Headers/React_jsinspector/jsinspector-modern/RuntimeAgent.h
React.framework/Headers/React_jsinspector/jsinspector-modern/RuntimeAgentDelegate.h
React.framework/Headers/React_jsinspector/jsinspector-modern/RuntimeTarget.h
React.framework/Headers/React_jsinspector/jsinspector-modern/RuntimeTargetGlobalStateObserver.h
React.framework/Headers/React_jsinspector/jsinspector-modern/RuntimeTargetTracingStateObserver.h
React.framework/Headers/React_jsinspector/jsinspector-modern/ScopedExecutor.h
React.framework/Headers/React_jsinspector/jsinspector-modern/SessionState.h
React.framework/Headers/React_jsinspector/jsinspector-modern/StackTrace.h
React.framework/Headers/React_jsinspector/jsinspector-modern/TracingAgent.h
React.framework/Headers/React_jsinspector/jsinspector-modern/UniqueMonostate.h
React.framework/Headers/React_jsinspector/jsinspector-modern/Utf8.h
React.framework/Headers/React_jsinspector/jsinspector-modern/WeakList.h
React.framework/Headers/React_jsinspector/jsinspector-modern/WebSocketInterfaces.h
React.framework/Headers/React_jsinspectorcdp/
React.framework/Headers/React_jsinspectorcdp/jsinspector-modern/
React.framework/Headers/React_jsinspectorcdp/jsinspector-modern/cdp/
React.framework/Headers/React_jsinspectorcdp/jsinspector-modern/cdp/CdpJson.h
React.framework/Headers/React_jsinspectornetwork/
React.framework/Headers/React_jsinspectornetwork/jsinspector-modern/
React.framework/Headers/React_jsinspectornetwork/jsinspector-modern/network/
React.framework/Headers/React_jsinspectornetwork/jsinspector-modern/network/BoundedRequestBuffer.h
React.framework/Headers/React_jsinspectornetwork/jsinspector-modern/network/CdpNetwork.h
React.framework/Headers/React_jsinspectornetwork/jsinspector-modern/network/HttpUtils.h
React.framework/Headers/React_jsinspectornetwork/jsinspector-modern/network/NetworkHandler.h
React.framework/Headers/React_jsinspectortracing/
React.framework/Headers/React_jsinspectortracing/jsinspector-modern/
React.framework/Headers/React_jsinspectortracing/jsinspector-modern/tracing/
React.framework/Headers/React_jsinspectortracing/jsinspector-modern/tracing/ConsoleTimeStamp.h
React.framework/Headers/React_jsinspectortracing/jsinspector-modern/tracing/EventLoopReporter.h
React.framework/Headers/React_jsinspectortracing/jsinspector-modern/tracing/FrameTimingSequence.h
React.framework/Headers/React_jsinspectortracing/jsinspector-modern/tracing/HostTracingProfile.h
React.framework/Headers/React_jsinspectortracing/jsinspector-modern/tracing/HostTracingProfileSerializer.h
React.framework/Headers/React_jsinspectortracing/jsinspector-modern/tracing/InstanceTracingProfile.h
React.framework/Headers/React_jsinspectortracing/jsinspector-modern/tracing/PerformanceTracer.h
React.framework/Headers/React_jsinspectortracing/jsinspector-modern/tracing/PerformanceTracerSection.h
React.framework/Headers/React_jsinspectortracing/jsinspector-modern/tracing/ProfileTreeNode.h
React.framework/Headers/React_jsinspectortracing/jsinspector-modern/tracing/RuntimeSamplingProfile.h
React.framework/Headers/React_jsinspectortracing/jsinspector-modern/tracing/RuntimeSamplingProfileTraceEventSerializer.h
React.framework/Headers/React_jsinspectortracing/jsinspector-modern/tracing/TargetTracingAgent.h
React.framework/Headers/React_jsinspectortracing/jsinspector-modern/tracing/TimeWindowedBuffer.h
React.framework/Headers/React_jsinspectortracing/jsinspector-modern/tracing/Timing.h
React.framework/Headers/React_jsinspectortracing/jsinspector-modern/tracing/TraceEvent.h
React.framework/Headers/React_jsinspectortracing/jsinspector-modern/tracing/TraceEventGenerator.h
React.framework/Headers/React_jsinspectortracing/jsinspector-modern/tracing/TraceEventProfile.h
React.framework/Headers/React_jsinspectortracing/jsinspector-modern/tracing/TraceEventSerializer.h
React.framework/Headers/React_jsinspectortracing/jsinspector-modern/tracing/TraceRecordingState.h
React.framework/Headers/React_jsinspectortracing/jsinspector-modern/tracing/TracingCategory.h
React.framework/Headers/React_jsinspectortracing/jsinspector-modern/tracing/TracingMode.h
React.framework/Headers/React_jsitooling/
React.framework/Headers/React_jsitooling/react/
React.framework/Headers/React_jsitooling/react/runtime/
React.framework/Headers/React_jsitooling/react/runtime/JSRuntimeBindings.h
React.framework/Headers/React_jsitooling/react/runtime/JSRuntimeFactory.h
React.framework/Headers/React_jsitooling/react/runtime/JSRuntimeFactoryCAPI.h
React.framework/Headers/React_logger/
React.framework/Headers/React_logger/logger/
React.framework/Headers/React_logger/logger/react_native_log.h
React.framework/Headers/React_microtasksnativemodule/
React.framework/Headers/React_microtasksnativemodule/react/
React.framework/Headers/React_microtasksnativemodule/react/nativemodule/
React.framework/Headers/React_microtasksnativemodule/react/nativemodule/microtasks/
React.framework/Headers/React_microtasksnativemodule/react/nativemodule/microtasks/NativeMicrotasks.h
React.framework/Headers/React_mutationobservernativemodule/
React.framework/Headers/React_mutationobservernativemodule/react/
React.framework/Headers/React_mutationobservernativemodule/react/nativemodule/
React.framework/Headers/React_mutationobservernativemodule/react/nativemodule/mutationobserver/
React.framework/Headers/React_mutationobservernativemodule/react/nativemodule/mutationobserver/NativeMutationObserver.h
React.framework/Headers/React_networking/
React.framework/Headers/React_networking/react/
React.framework/Headers/React_networking/react/networking/
React.framework/Headers/React_networking/react/networking/NetworkReporter.h
React.framework/Headers/React_networking/react/networking/NetworkTypes.h
React.framework/Headers/React_oscompat/
React.framework/Headers/React_oscompat/oscompat/
React.framework/Headers/React_oscompat/oscompat/OSCompat.h
React.framework/Headers/React_perflogger/
React.framework/Headers/React_perflogger/reactperflogger/
React.framework/Headers/React_perflogger/reactperflogger/BridgeNativeModulePerfLogger.h
React.framework/Headers/React_perflogger/reactperflogger/FuseboxPerfettoDataSource.h
React.framework/Headers/React_perflogger/reactperflogger/FuseboxTracer.h
React.framework/Headers/React_perflogger/reactperflogger/HermesPerfettoDataSource.h
React.framework/Headers/React_perflogger/reactperflogger/NativeModulePerfLogger.h
React.framework/Headers/React_perflogger/reactperflogger/ReactPerfetto.h
React.framework/Headers/React_perflogger/reactperflogger/ReactPerfettoCategories.h
React.framework/Headers/React_perflogger/reactperflogger/ReactPerfettoLogger.h
React.framework/Headers/React_performancecdpmetrics/
React.framework/Headers/React_performancecdpmetrics/react/
React.framework/Headers/React_performancecdpmetrics/react/performance/
React.framework/Headers/React_performancecdpmetrics/react/performance/cdpmetrics/
React.framework/Headers/React_performancecdpmetrics/react/performance/cdpmetrics/CdpInteractionTypes.h
React.framework/Headers/React_performancecdpmetrics/react/performance/cdpmetrics/CdpMetricsReporter.h
React.framework/Headers/React_performancecdpmetrics/react/performance/cdpmetrics/CdpPerfIssuesReporter.h
React.framework/Headers/React_performancetimeline/
React.framework/Headers/React_performancetimeline/react/
React.framework/Headers/React_performancetimeline/react/performance/
React.framework/Headers/React_performancetimeline/react/performance/timeline/
React.framework/Headers/React_performancetimeline/react/performance/timeline/CircularBuffer.h
React.framework/Headers/React_performancetimeline/react/performance/timeline/PerformanceEntry.h
React.framework/Headers/React_performancetimeline/react/performance/timeline/PerformanceEntryBuffer.h
React.framework/Headers/React_performancetimeline/react/performance/timeline/PerformanceEntryCircularBuffer.h
React.framework/Headers/React_performancetimeline/react/performance/timeline/PerformanceEntryKeyedBuffer.h
React.framework/Headers/React_performancetimeline/react/performance/timeline/PerformanceEntryReporter.h
React.framework/Headers/React_performancetimeline/react/performance/timeline/PerformanceEntryReporterListeners.h
React.framework/Headers/React_performancetimeline/react/performance/timeline/PerformanceObserver.h
React.framework/Headers/React_performancetimeline/react/performance/timeline/PerformanceObserverRegistry.h
React.framework/Headers/React_rendererconsistency/
React.framework/Headers/React_rendererconsistency/react/
React.framework/Headers/React_rendererconsistency/react/renderer/
React.framework/Headers/React_rendererconsistency/react/renderer/consistency/
React.framework/Headers/React_rendererconsistency/react/renderer/consistency/ScopedShadowTreeRevisionLock.h
React.framework/Headers/React_rendererconsistency/react/renderer/consistency/ShadowTreeRevisionConsistencyManager.h
React.framework/Headers/React_renderercss/
React.framework/Headers/React_renderercss/react/
React.framework/Headers/React_renderercss/react/renderer/
React.framework/Headers/React_renderercss/react/renderer/css/
React.framework/Headers/React_renderercss/react/renderer/css/CSSAngle.h
React.framework/Headers/React_renderercss/react/renderer/css/CSSAngleUnit.h
React.framework/Headers/React_renderercss/react/renderer/css/CSSBackgroundImage.h
React.framework/Headers/React_renderercss/react/renderer/css/CSSColor.h
React.framework/Headers/React_renderercss/react/renderer/css/CSSColorFunction.h
React.framework/Headers/React_renderercss/react/renderer/css/CSSCompoundDataType.h
React.framework/Headers/React_renderercss/react/renderer/css/CSSDataType.h
React.framework/Headers/React_renderercss/react/renderer/css/CSSFilter.h
React.framework/Headers/React_renderercss/react/renderer/css/CSSFontVariant.h
React.framework/Headers/React_renderercss/react/renderer/css/CSSHexColor.h
React.framework/Headers/React_renderercss/react/renderer/css/CSSKeyword.h
React.framework/Headers/React_renderercss/react/renderer/css/CSSLength.h
React.framework/Headers/React_renderercss/react/renderer/css/CSSLengthPercentage.h
React.framework/Headers/React_renderercss/react/renderer/css/CSSLengthUnit.h
React.framework/Headers/React_renderercss/react/renderer/css/CSSList.h
React.framework/Headers/React_renderercss/react/renderer/css/CSSNamedColor.h
React.framework/Headers/React_renderercss/react/renderer/css/CSSNumber.h
React.framework/Headers/React_renderercss/react/renderer/css/CSSPercentage.h
React.framework/Headers/React_renderercss/react/renderer/css/CSSRatio.h
React.framework/Headers/React_renderercss/react/renderer/css/CSSShadow.h
React.framework/Headers/React_renderercss/react/renderer/css/CSSSyntaxParser.h
React.framework/Headers/React_renderercss/react/renderer/css/CSSToken.h
React.framework/Headers/React_renderercss/react/renderer/css/CSSTokenizer.h
React.framework/Headers/React_renderercss/react/renderer/css/CSSTransform.h
React.framework/Headers/React_renderercss/react/renderer/css/CSSTransformOrigin.h
React.framework/Headers/React_renderercss/react/renderer/css/CSSValueParser.h
React.framework/Headers/React_renderercss/react/renderer/css/CSSZero.h
React.framework/Headers/React_rendererdebug/
React.framework/Headers/React_rendererdebug/react/
React.framework/Headers/React_rendererdebug/react/renderer/
React.framework/Headers/React_rendererdebug/react/renderer/debug/
React.framework/Headers/React_rendererdebug/react/renderer/debug/DebugStringConvertible.h
React.framework/Headers/React_rendererdebug/react/renderer/debug/DebugStringConvertibleItem.h
React.framework/Headers/React_rendererdebug/react/renderer/debug/debugStringConvertibleUtils.h
React.framework/Headers/React_rendererdebug/react/renderer/debug/flags.h
React.framework/Headers/React_runtimeexecutor/
React.framework/Headers/React_runtimeexecutor/ReactCommon/
React.framework/Headers/React_runtimeexecutor/ReactCommon/RuntimeExecutor.h
React.framework/Headers/React_runtimeexecutor/ReactCommon/RuntimeExecutorSyncUIThreadUtils.h
React.framework/Headers/React_runtimescheduler/
React.framework/Headers/React_runtimescheduler/react/
React.framework/Headers/React_runtimescheduler/react/renderer/
React.framework/Headers/React_runtimescheduler/react/renderer/runtimescheduler/
React.framework/Headers/React_runtimescheduler/react/renderer/runtimescheduler/RuntimeScheduler.h
React.framework/Headers/React_runtimescheduler/react/renderer/runtimescheduler/RuntimeSchedulerBinding.h
React.framework/Headers/React_runtimescheduler/react/renderer/runtimescheduler/RuntimeSchedulerCallInvoker.h
React.framework/Headers/React_runtimescheduler/react/renderer/runtimescheduler/RuntimeSchedulerEventTimingDelegate.h
React.framework/Headers/React_runtimescheduler/react/renderer/runtimescheduler/RuntimeSchedulerIntersectionObserverDelegate.h
React.framework/Headers/React_runtimescheduler/react/renderer/runtimescheduler/RuntimeScheduler_Legacy.h
React.framework/Headers/React_runtimescheduler/react/renderer/runtimescheduler/RuntimeScheduler_Modern.h
React.framework/Headers/React_runtimescheduler/react/renderer/runtimescheduler/SchedulerPriorityUtils.h
React.framework/Headers/React_runtimescheduler/react/renderer/runtimescheduler/Task.h
React.framework/Headers/React_runtimescheduler/react/renderer/runtimescheduler/primitives.h
React.framework/Headers/React_timing/
React.framework/Headers/React_timing/react/
React.framework/Headers/React_timing/react/timing/
React.framework/Headers/React_timing/react/timing/primitives.h
React.framework/Headers/React_utils/
React.framework/Headers/React_utils/react/
React.framework/Headers/React_utils/react/utils/
React.framework/Headers/React_utils/react/utils/Base64.h
React.framework/Headers/React_utils/react/utils/ContextContainer.h
React.framework/Headers/React_utils/react/utils/FloatComparison.h
React.framework/Headers/React_utils/react/utils/FollyConvert.h
React.framework/Headers/React_utils/react/utils/LowPriorityExecutor.h
React.framework/Headers/React_utils/react/utils/ManagedObjectWrapper.h
React.framework/Headers/React_utils/react/utils/OnScopeExit.h
React.framework/Headers/React_utils/react/utils/PackTraits.h
React.framework/Headers/React_utils/react/utils/RunLoopObserver.h
React.framework/Headers/React_utils/react/utils/SharedFunction.h
React.framework/Headers/React_utils/react/utils/SimpleThreadSafeCache.h
React.framework/Headers/React_utils/react/utils/Telemetry.h
React.framework/Headers/React_utils/react/utils/TemplateStringLiteral.h
React.framework/Headers/React_utils/react/utils/Uuid.h
React.framework/Headers/React_utils/react/utils/fnv1a.h
React.framework/Headers/React_utils/react/utils/hash_combine.h
React.framework/Headers/React_utils/react/utils/iequals.h
React.framework/Headers/React_utils/react/utils/jsi-utils.h
React.framework/Headers/React_utils/react/utils/toLower.h
React.framework/Headers/React_utils/react/utils/to_underlying.h
React.framework/Headers/React_viewtransitionnativemodule/
React.framework/Headers/React_viewtransitionnativemodule/react/
React.framework/Headers/React_viewtransitionnativemodule/react/nativemodule/
React.framework/Headers/React_viewtransitionnativemodule/react/nativemodule/viewtransition/
React.framework/Headers/React_viewtransitionnativemodule/react/nativemodule/viewtransition/NativeViewTransition.h
React.framework/Headers/React_webperformancenativemodule/
React.framework/Headers/React_webperformancenativemodule/react/
React.framework/Headers/React_webperformancenativemodule/react/nativemodule/
React.framework/Headers/React_webperformancenativemodule/react/nativemodule/webperformance/
React.framework/Headers/React_webperformancenativemodule/react/nativemodule/webperformance/NativePerformance.h
React.framework/Headers/Yoga/
React.framework/Headers/Yoga/yoga/
React.framework/Headers/Yoga/yoga/YGConfig.h
React.framework/Headers/Yoga/yoga/YGEnums.h
React.framework/Headers/Yoga/yoga/YGMacros.h
React.framework/Headers/Yoga/yoga/YGNode.h
React.framework/Headers/Yoga/yoga/YGNodeLayout.h
React.framework/Headers/Yoga/yoga/YGNodeStyle.h
React.framework/Headers/Yoga/yoga/YGPixelGrid.h
React.framework/Headers/Yoga/yoga/YGValue.h
React.framework/Headers/Yoga/yoga/Yoga.h
React.framework/Headers/Yoga/yoga/algorithm/
React.framework/Headers/Yoga/yoga/algorithm/AbsoluteLayout.h
React.framework/Headers/Yoga/yoga/algorithm/Align.h
React.framework/Headers/Yoga/yoga/algorithm/Baseline.h
React.framework/Headers/Yoga/yoga/algorithm/BoundAxis.h
React.framework/Headers/Yoga/yoga/algorithm/Cache.h
React.framework/Headers/Yoga/yoga/algorithm/CalculateLayout.h
React.framework/Headers/Yoga/yoga/algorithm/FlexDirection.h
React.framework/Headers/Yoga/yoga/algorithm/FlexLine.h
React.framework/Headers/Yoga/yoga/algorithm/PixelGrid.h
React.framework/Headers/Yoga/yoga/algorithm/SizingMode.h
React.framework/Headers/Yoga/yoga/algorithm/TrailingPosition.h
React.framework/Headers/Yoga/yoga/config/
React.framework/Headers/Yoga/yoga/config/Config.h
React.framework/Headers/Yoga/yoga/debug/
React.framework/Headers/Yoga/yoga/debug/AssertFatal.h
React.framework/Headers/Yoga/yoga/debug/Log.h
React.framework/Headers/Yoga/yoga/enums/
React.framework/Headers/Yoga/yoga/enums/Align.h
React.framework/Headers/Yoga/yoga/enums/BoxSizing.h
React.framework/Headers/Yoga/yoga/enums/Dimension.h
React.framework/Headers/Yoga/yoga/enums/Direction.h
React.framework/Headers/Yoga/yoga/enums/Display.h
React.framework/Headers/Yoga/yoga/enums/Edge.h
React.framework/Headers/Yoga/yoga/enums/Errata.h
React.framework/Headers/Yoga/yoga/enums/ExperimentalFeature.h
React.framework/Headers/Yoga/yoga/enums/FlexDirection.h
React.framework/Headers/Yoga/yoga/enums/GridTrackType.h
React.framework/Headers/Yoga/yoga/enums/Gutter.h
React.framework/Headers/Yoga/yoga/enums/Justify.h
React.framework/Headers/Yoga/yoga/enums/LogLevel.h
React.framework/Headers/Yoga/yoga/enums/MeasureMode.h
React.framework/Headers/Yoga/yoga/enums/NodeType.h
React.framework/Headers/Yoga/yoga/enums/Overflow.h
React.framework/Headers/Yoga/yoga/enums/PhysicalEdge.h
React.framework/Headers/Yoga/yoga/enums/PositionType.h
React.framework/Headers/Yoga/yoga/enums/Unit.h
React.framework/Headers/Yoga/yoga/enums/Wrap.h
React.framework/Headers/Yoga/yoga/enums/YogaEnums.h
React.framework/Headers/Yoga/yoga/event/
React.framework/Headers/Yoga/yoga/event/event.h
React.framework/Headers/Yoga/yoga/node/
React.framework/Headers/Yoga/yoga/node/CachedMeasurement.h
React.framework/Headers/Yoga/yoga/node/LayoutResults.h
React.framework/Headers/Yoga/yoga/node/LayoutableChildren.h
React.framework/Headers/Yoga/yoga/node/Node.h
React.framework/Headers/Yoga/yoga/numeric/
React.framework/Headers/Yoga/yoga/numeric/Comparison.h
React.framework/Headers/Yoga/yoga/numeric/FloatOptional.h
React.framework/Headers/Yoga/yoga/style/
React.framework/Headers/Yoga/yoga/style/GridLine.h
React.framework/Headers/Yoga/yoga/style/GridTrack.h
React.framework/Headers/Yoga/yoga/style/SmallValueBuffer.h
React.framework/Headers/Yoga/yoga/style/Style.h
React.framework/Headers/Yoga/yoga/style/StyleLength.h
React.framework/Headers/Yoga/yoga/style/StyleSizeLength.h
React.framework/Headers/Yoga/yoga/style/StyleValueHandle.h
React.framework/Headers/Yoga/yoga/style/StyleValuePool.h
React.framework/Modules/
React.framework/Modules/module.modulemap
React.framework/_CodeSignature/
React.framework/_CodeSignature/CodeResources

sent 140424620 bytes  received 27742 bytes  140158030 bytes/sec
total size is 140212437  speedup is 1.00
Copied /Users/karelbraborec/rev-meter/ios/Pods/React-Core-prebuilt/React.xcframework/ios-arm64_x86_64-simulator to /Users/karelbraborec/Library/Developer/Xcode/DerivedData/revmeter-hbcnswmlqmbpnlazhhkncgeowiss/Build/Products/Debug-iphonesimulator/XCFrameworkIntermediates/React-Core-prebuilt

PhaseScriptExecution [CP-User]\ Build\ ExpoModulesJSI\ xcframework /Users/karelbraborec/Library/Developer/Xcode/DerivedData/revmeter-hbcnswmlqmbpnlazhhkncgeowiss/Build/Intermediates.noindex/Pods.build/Debug-iphonesimulator/ExpoModulesJSI.build/Script-46EB2E0001F3F0.sh (in target 'ExpoModulesJSI' from project 'Pods')
    cd /Users/karelbraborec/rev-meter/ios/Pods
    export ACTION\=build
    export AD_HOC_CODE_SIGNING_ALLOWED\=YES
    export ALLOW_BUILD_REQUEST_OVERRIDES\=NO
    export ALLOW_TARGET_PLATFORM_SPECIALIZATION\=NO
    export ALTERNATE_GROUP\=staff
    export ALTERNATE_MODE\=u+w,go-w,a+rX
    export ALTERNATE_OWNER\=karelbraborec
    export ALTERNATIVE_DISTRIBUTION_WEB\=NO
    export ALWAYS_EMBED_SWIFT_STANDARD_LIBRARIES\=NO
    export ALWAYS_SEARCH_USER_PATHS\=NO
    export ALWAYS_USE_SEPARATE_HEADERMAPS\=NO
    export APPLICATION_EXTENSION_API_ONLY\=NO
    export APPLY_RULES_IN_COPY_FILES\=NO
    export APPLY_RULES_IN_COPY_HEADERS\=NO
    export APP_SHORTCUTS_ENABLE_FLEXIBLE_MATCHING\=YES
    export ARCHS\=arm64\ x86_64
    export ARCHS_BASE\=arm64\ x86_64
    export ARCHS_STANDARD\=arm64\ x86_64
    export ARCHS_STANDARD_32_64_BIT\=arm64\ x86_64
    export ARCHS_STANDARD_64_BIT\=arm64\ x86_64
    export ARCHS_STANDARD_INCLUDING_64_BIT\=arm64\ x86_64
    export ARCHS_UNIVERSAL_IPHONE_OS\=arm64\ x86_64
    export ASSETCATALOG_COMPILER_APPICON_NAME\=AppIcon
    export ASSETCATALOG_COMPILER_GLOBAL_ACCENT_COLOR_NAME\=AccentColor
    export AUTOMATICALLY_MERGE_DEPENDENCIES\=NO
    export AUTOMATION_APPLE_EVENTS\=NO
    export AVAILABLE_PLATFORMS\=android\ appletvos\ appletvsimulator\ driverkit\ freebsd\ iphoneos\ iphonesimulator\ linux\ macosx\ none\ openbsd\ qnx\ watchos\ watchsimulator\ webassembly\ xros\ xrsimulator
    export BUILD_ACTIVE_RESOURCES_ONLY\=NO
    export BUILD_COMPONENTS\=headers\ build
    export BUILD_DIR\=/Users/karelbraborec/Library/Developer/Xcode/DerivedData/revmeter-hbcnswmlqmbpnlazhhkncgeowiss/Build/Products
    export BUILD_LIBRARY_FOR_DISTRIBUTION\=NO
    export BUILD_ONLY_KNOWN_LOCALIZATIONS\=NO
    export BUILD_ROOT\=/Users/karelbraborec/Library/Developer/Xcode/DerivedData/revmeter-hbcnswmlqmbpnlazhhkncgeowiss/Build/Products
    export BUILD_STYLE\=
    export BUILD_VARIANTS\=normal
    export BUILT_PRODUCTS_DIR\=/Users/karelbraborec/Library/Developer/Xcode/DerivedData/revmeter-hbcnswmlqmbpnlazhhkncgeowiss/Build/Products/Debug-iphonesimulator/ExpoModulesJSI
    export BUNDLE_CONTENTS_FOLDER_PATH_deep\=Contents/
    export BUNDLE_EXECUTABLE_FOLDER_NAME_deep\=MacOS
    export BUNDLE_EXTENSIONS_FOLDER_PATH\=Extensions
    export BUNDLE_FORMAT\=shallow
    export BUNDLE_FRAMEWORKS_FOLDER_PATH\=Frameworks
    export BUNDLE_PLUGINS_FOLDER_PATH\=PlugIns
    export BUNDLE_PRIVATE_HEADERS_FOLDER_PATH\=PrivateHeaders
    export BUNDLE_PUBLIC_HEADERS_FOLDER_PATH\=Headers
    export CACHE_ROOT\=/var/folders/zn/6f_ddjd136v_cf62f8s84b0m0000gn/C/com.apple.DeveloperTools/26.6-17F113/Xcode
    export CCHROOT\=/var/folders/zn/6f_ddjd136v_cf62f8s84b0m0000gn/C/com.apple.DeveloperTools/26.6-17F113/Xcode
    export CHMOD\=/bin/chmod
    export CHOWN\=chown
    export CLANG_ANALYZER_LOCALIZABILITY_NONLOCALIZED\=YES
    export CLANG_ANALYZER_NONNULL\=YES
    export CLANG_ANALYZER_NUMBER_OBJECT_CONVERSION\=YES_AGGRESSIVE
    export CLANG_CACHE_FINE_GRAINED_OUTPUTS\=YES
    export CLANG_CXX_LANGUAGE_STANDARD\=c++20
    export CLANG_CXX_LIBRARY\=libc++
    export CLANG_ENABLE_EXPLICIT_MODULES\=YES
    export CLANG_ENABLE_MODULES\=YES
    export CLANG_ENABLE_OBJC_ARC\=YES
    export CLANG_ENABLE_OBJC_WEAK\=NO
    export CLANG_MODULES_BUILD_SESSION_FILE\=/Users/karelbraborec/Library/Developer/Xcode/DerivedData/ModuleCache.noindex/Session.modulevalidation
    export CLANG_WARN_BLOCK_CAPTURE_AUTORELEASING\=YES
    export CLANG_WARN_BOOL_CONVERSION\=YES
    export CLANG_WARN_COMMA\=YES
    export CLANG_WARN_CONSTANT_CONVERSION\=YES
    export CLANG_WARN_DEPRECATED_OBJC_IMPLEMENTATIONS\=YES
    export CLANG_WARN_DIRECT_OBJC_ISA_USAGE\=YES_ERROR
    export CLANG_WARN_DOCUMENTATION_COMMENTS\=YES
    export CLANG_WARN_EMPTY_BODY\=YES
    export CLANG_WARN_ENUM_CONVERSION\=YES
    export CLANG_WARN_INFINITE_RECURSION\=YES
    export CLANG_WARN_INT_CONVERSION\=YES
    export CLANG_WARN_NON_LITERAL_NULL_CONVERSION\=YES
    export CLANG_WARN_OBJC_IMPLICIT_RETAIN_SELF\=YES
    export CLANG_WARN_OBJC_LITERAL_CONVERSION\=YES
    export CLANG_WARN_OBJC_ROOT_CLASS\=YES_ERROR
    export CLANG_WARN_QUOTED_INCLUDE_IN_FRAMEWORK_HEADER\=NO
    export CLANG_WARN_RANGE_LOOP_ANALYSIS\=YES
    export CLANG_WARN_STRICT_PROTOTYPES\=YES
    export CLANG_WARN_SUSPICIOUS_MOVE\=YES
    export CLANG_WARN_UNGUARDED_AVAILABILITY\=YES_AGGRESSIVE
    export CLANG_WARN_UNREACHABLE_CODE\=YES
    export CLANG_WARN__DUPLICATE_METHOD_MATCH\=YES
    export CLASS_FILE_DIR\=/Users/karelbraborec/Library/Developer/Xcode/DerivedData/revmeter-hbcnswmlqmbpnlazhhkncgeowiss/Build/Intermediates.noindex/Pods.build/Debug-iphonesimulator/ExpoModulesJSI.build/JavaClasses
    export CLEAN_PRECOMPS\=YES
    export CLONE_HEADERS\=NO
    export CODESIGNING_FOLDER_PATH\=/Users/karelbraborec/Library/Developer/Xcode/DerivedData/revmeter-hbcnswmlqmbpnlazhhkncgeowiss/Build/Products/Debug-iphonesimulator/ExpoModulesJSI/
    export CODE_SIGNING_ALLOWED\=NO
    export CODE_SIGNING_REQUIRED\=YES
    export CODE_SIGN_CONTEXT_CLASS\=XCiPhoneSimulatorCodeSignContext
    export CODE_SIGN_IDENTITY\=-
    export CODE_SIGN_INJECT_BASE_ENTITLEMENTS\=YES
    export COLOR_DIAGNOSTICS\=NO
    export COMBINE_HIDPI_IMAGES\=NO
    export COMPILATION_CACHE_CAS_PATH\=/Users/karelbraborec/Library/Developer/Xcode/DerivedData/CompilationCache.noindex
    export COMPILATION_CACHE_KEEP_CAS_DIRECTORY\=YES
    export COMPILER_INDEX_STORE_ENABLE\=Default
    export COMPOSITE_SDK_DIRS\=/Users/karelbraborec/Library/Developer/Xcode/DerivedData/revmeter-hbcnswmlqmbpnlazhhkncgeowiss/Build/Intermediates.noindex/CompositeSDKs
    export COMPRESS_PNG_FILES\=YES
    export CONFIGURATION\=Debug
    export CONFIGURATION_BUILD_DIR\=/Users/karelbraborec/Library/Developer/Xcode/DerivedData/revmeter-hbcnswmlqmbpnlazhhkncgeowiss/Build/Products/Debug-iphonesimulator/ExpoModulesJSI
    export CONFIGURATION_TEMP_DIR\=/Users/karelbraborec/Library/Developer/Xcode/DerivedData/revmeter-hbcnswmlqmbpnlazhhkncgeowiss/Build/Intermediates.noindex/Pods.build/Debug-iphonesimulator
    export COPYING_PRESERVES_HFS_DATA\=NO
    export COPY_HEADERS_RUN_UNIFDEF\=NO
    export COPY_PHASE_STRIP\=NO
    export CORRESPONDING_DEVICE_PLATFORM_DIR\=/Applications/Xcode.app/Contents/Developer/Platforms/iPhoneOS.platform
    export CORRESPONDING_DEVICE_PLATFORM_NAME\=iphoneos
    export CORRESPONDING_DEVICE_SDK_DIR\=/Applications/Xcode.app/Contents/Developer/Platforms/iPhoneOS.platform/Developer/SDKs/iPhoneOS26.5.sdk
    export CORRESPONDING_DEVICE_SDK_NAME\=iphoneos26.5
    export CP\=/bin/cp
    export CREATE_INFOPLIST_SECTION_IN_BINARY\=NO
    export CURRENT_ARCH\=undefined_arch
    export CURRENT_VARIANT\=normal
    export DEAD_CODE_STRIPPING\=YES
    export DEBUGGING_SYMBOLS\=YES
    export DEBUG_INFORMATION_FORMAT\=dwarf
    export DEBUG_INFORMATION_VERSION\=compiler-default
    export DEFAULT_COMPILER\=com.apple.compilers.llvm.clang.1_0
    export DEFAULT_DEXT_INSTALL_PATH\=/System/Library/DriverExtensions
    export DEFAULT_KEXT_INSTALL_PATH\=/System/Library/Extensions
    export DEFINES_MODULE\=YES
    export DEPLOYMENT_LOCATION\=NO
    export DEPLOYMENT_POSTPROCESSING\=NO
    export DEPLOYMENT_TARGET_SETTING_NAME\=IPHONEOS_DEPLOYMENT_TARGET
    export DEPLOYMENT_TARGET_SUGGESTED_VALUES\=12.0\ 12.1\ 12.2\ 12.3\ 12.4\ 13.0\ 13.1\ 13.2\ 13.3\ 13.4\ 13.5\ 13.6\ 14.0\ 14.1\ 14.2\ 14.3\ 14.4\ 14.5\ 14.6\ 14.7\ 15.0\ 15.1\ 15.2\ 15.3\ 15.4\ 15.5\ 15.6\ 16.0\ 16.1\ 16.2\ 16.3\ 16.4\ 16.5\ 16.6\ 17.0\ 17.1\ 17.2\ 17.3\ 17.4\ 17.5\ 17.6\ 18.0\ 18.1\ 18.2\ 18.3\ 18.4\ 18.5\ 18.6\ 26.0\ 26.2\ 26.3\ 26.4\ 26.5
    export DERIVED_FILES_DIR\=/Users/karelbraborec/Library/Developer/Xcode/DerivedData/revmeter-hbcnswmlqmbpnlazhhkncgeowiss/Build/Intermediates.noindex/Pods.build/Debug-iphonesimulator/ExpoModulesJSI.build/DerivedSources
    export DERIVED_FILE_DIR\=/Users/karelbraborec/Library/Developer/Xcode/DerivedData/revmeter-hbcnswmlqmbpnlazhhkncgeowiss/Build/Intermediates.noindex/Pods.build/Debug-iphonesimulator/ExpoModulesJSI.build/DerivedSources
    export DERIVED_SOURCES_DIR\=/Users/karelbraborec/Library/Developer/Xcode/DerivedData/revmeter-hbcnswmlqmbpnlazhhkncgeowiss/Build/Intermediates.noindex/Pods.build/Debug-iphonesimulator/ExpoModulesJSI.build/DerivedSources
    export DEVELOPER_APPLICATIONS_DIR\=/Applications/Xcode.app/Contents/Developer/Applications
    export DEVELOPER_BIN_DIR\=/Applications/Xcode.app/Contents/Developer/usr/bin
    export DEVELOPER_DIR\=/Applications/Xcode.app/Contents/Developer
    export DEVELOPER_FRAMEWORKS_DIR\=/Applications/Xcode.app/Contents/Developer/Library/Frameworks
    export DEVELOPER_FRAMEWORKS_DIR_QUOTED\=/Applications/Xcode.app/Contents/Developer/Library/Frameworks
    export DEVELOPER_LIBRARY_DIR\=/Applications/Xcode.app/Contents/Developer/Library
    export DEVELOPER_SDK_DIR\=/Applications/Xcode.app/Contents/Developer/Platforms/MacOSX.platform/Developer/SDKs
    export DEVELOPER_TOOLS_DIR\=/Applications/Xcode.app/Contents/Developer/Tools
    export DEVELOPER_USR_DIR\=/Applications/Xcode.app/Contents/Developer/usr
    export DEVELOPMENT_LANGUAGE\=en
    export DIAGNOSE_MISSING_TARGET_DEPENDENCIES\=YES
    export DIFF\=/usr/bin/diff
    export DONT_GENERATE_INFOPLIST_FILE\=NO
    export DSTROOT\=/tmp/Pods.dst
    export DT_TOOLCHAIN_DIR\=/Applications/Xcode.app/Contents/Developer/Toolchains/XcodeDefault.xctoolchain
    export DUMP_DEPENDENCIES\=NO
    export DUMP_DEPENDENCIES_OUTPUT_PATH\=/Users/karelbraborec/Library/Developer/Xcode/DerivedData/revmeter-hbcnswmlqmbpnlazhhkncgeowiss/Build/Intermediates.noindex/Pods.build/Debug-iphonesimulator/ExpoModulesJSI.build/ExpoModulesJSI-BuildDependencyInfo.json
    export DWARF_DSYM_FILE_NAME\=.dSYM
    export DWARF_DSYM_FILE_SHOULD_ACCOMPANY_PRODUCT\=NO
    export DWARF_DSYM_FOLDER_PATH\=/Users/karelbraborec/Library/Developer/Xcode/DerivedData/revmeter-hbcnswmlqmbpnlazhhkncgeowiss/Build/Products/Debug-iphonesimulator/ExpoModulesJSI
    export DYNAMIC_LIBRARY_EXTENSION\=dylib
    export EAGER_COMPILATION_ALLOW_SCRIPTS\=NO
    export EAGER_LINKING\=NO
    export EFFECTIVE_PLATFORM_NAME\=-iphonesimulator
    export EFFECTIVE_SWIFT_VERSION\=5
    export EMBEDDED_CONTENT_CONTAINS_SWIFT\=NO
    export EMBED_ASSET_PACKS_IN_PRODUCT_BUNDLE\=NO
    export ENABLE_APP_SANDBOX\=NO
    export ENABLE_CODE_COVERAGE\=YES
    export ENABLE_COHORT_ARCHS\=NO
    export ENABLE_CPLUSPLUS_BOUNDS_SAFE_BUFFERS\=NO
    export ENABLE_C_BOUNDS_SAFETY\=NO
    export ENABLE_DEFAULT_HEADER_SEARCH_PATHS\=YES
    export ENABLE_DEFAULT_SEARCH_PATHS\=YES
    export ENABLE_ENHANCED_SECURITY\=NO
    export ENABLE_HARDENED_RUNTIME\=NO
    export ENABLE_HEADER_DEPENDENCIES\=YES
    export ENABLE_INCOMING_NETWORK_CONNECTIONS\=NO
    export ENABLE_ON_DEMAND_RESOURCES\=NO
    export ENABLE_OUTGOING_NETWORK_CONNECTIONS\=NO
    export ENABLE_POINTER_AUTHENTICATION\=NO
    export ENABLE_PREVIEWS\=NO
    export ENABLE_RESOURCE_ACCESS_AUDIO_INPUT\=NO
    export ENABLE_RESOURCE_ACCESS_BLUETOOTH\=NO
    export ENABLE_RESOURCE_ACCESS_CALENDARS\=NO
    export ENABLE_RESOURCE_ACCESS_CAMERA\=NO
    export ENABLE_RESOURCE_ACCESS_CONTACTS\=NO
    export ENABLE_RESOURCE_ACCESS_LOCATION\=NO
    export ENABLE_RESOURCE_ACCESS_PHOTO_LIBRARY\=NO
    export ENABLE_RESOURCE_ACCESS_PRINTING\=NO
    export ENABLE_RESOURCE_ACCESS_USB\=NO
    export ENABLE_SDK_IMPORTS\=NO
    export ENABLE_SECURITY_COMPILER_WARNINGS\=NO
    export ENABLE_STRICT_OBJC_MSGSEND\=YES
    export ENABLE_TESTABILITY\=YES
    export ENABLE_TESTING_SEARCH_PATHS\=NO
    export ENABLE_USER_SCRIPT_SANDBOXING\=NO
    export ENABLE_XOJIT_PREVIEWS\=YES
    export ENFORCE_VALID_ARCHS\=YES
    export ENTITLEMENTS_DESTINATION\=__entitlements
    export ENTITLEMENTS_REQUIRED\=YES
    export EXCLUDED_INSTALLSRC_SUBDIRECTORY_PATTERNS\=.DS_Store\ .svn\ .git\ .hg\ CVS
    export EXCLUDED_RECURSIVE_SEARCH_PATH_SUBDIRECTORIES\=\*.nib\ \*.lproj\ \*.framework\ \*.gch\ \*.xcode\*\ \*.xcassets\ \*.icon\ \(\*\)\ .DS_Store\ CVS\ .svn\ .git\ .hg\ \*.pbproj\ \*.pbxproj
    export FILE_LIST\=/Users/karelbraborec/Library/Developer/Xcode/DerivedData/revmeter-hbcnswmlqmbpnlazhhkncgeowiss/Build/Intermediates.noindex/Pods.build/Debug-iphonesimulator/ExpoModulesJSI.build/Objects/LinkFileList
    export FIXED_FILES_DIR\=/Users/karelbraborec/Library/Developer/Xcode/DerivedData/revmeter-hbcnswmlqmbpnlazhhkncgeowiss/Build/Intermediates.noindex/Pods.build/Debug-iphonesimulator/ExpoModulesJSI.build/FixedFiles
    export FRAMEWORK_SEARCH_PATHS\=\ \"/Users/karelbraborec/rev-meter/ios/Pods/../../node_modules/expo-modules-jsi/apple/Products\"\ \"/Users/karelbraborec/rev-meter/ios/Pods/React-Core-prebuilt\"\ \"/Users/karelbraborec/rev-meter/ios/Pods/ReactNativeDependencies/framework/packages/react-native\"\ \"/Users/karelbraborec/rev-meter/ios/Pods/hermes-engine/destroot/Library/Frameworks/universal\"\ \"/Users/karelbraborec/Library/Developer/Xcode/DerivedData/revmeter-hbcnswmlqmbpnlazhhkncgeowiss/Build/Products/Debug-iphonesimulator/XCFrameworkIntermediates/ExpoModulesJSI\"\ \"/Users/karelbraborec/Library/Developer/Xcode/DerivedData/revmeter-hbcnswmlqmbpnlazhhkncgeowiss/Build/Products/Debug-iphonesimulator/XCFrameworkIntermediates/React-Core-prebuilt\"\ \"/Users/karelbraborec/Library/Developer/Xcode/DerivedData/revmeter-hbcnswmlqmbpnlazhhkncgeowiss/Build/Products/Debug-iphonesimulator/XCFrameworkIntermediates/ReactNativeDependencies\"\ \"/Users/karelbraborec/Library/Developer/Xcode/DerivedData/revmeter-hbcnswmlqmbpnlazhhkncgeowiss/Build/Products/Debug-iphonesimulator/XCFrameworkIntermediates/hermes-engine/Pre-built\"\ \"/Users/karelbraborec/Library/Developer/Xcode/DerivedData/revmeter-hbcnswmlqmbpnlazhhkncgeowiss/Build/Products/Debug-iphonesimulator/XCFrameworkIntermediates/ExpoModulesJSI\"
    export FRAMEWORK_VERSION\=A
    export FUSE_BUILD_PHASES\=YES
    export FUSE_BUILD_SCRIPT_PHASES\=NO
    export GCC3_VERSION\=3.3
    export GCC_C_LANGUAGE_STANDARD\=gnu11
    export GCC_DYNAMIC_NO_PIC\=NO
    export GCC_NO_COMMON_BLOCKS\=YES
    export GCC_OBJC_LEGACY_DISPATCH\=YES
    export GCC_OPTIMIZATION_LEVEL\=0
    export GCC_PFE_FILE_C_DIALECTS\=c\ objective-c\ c++\ objective-c++
    export GCC_PREPROCESSOR_DEFINITIONS\=POD_CONFIGURATION_DEBUG\=1\ DEBUG\=1\ \ COCOAPODS\=1
    export GCC_TREAT_WARNINGS_AS_ERRORS\=NO
    export GCC_VERSION\=com.apple.compilers.llvm.clang.1_0
    export GCC_VERSION_IDENTIFIER\=com_apple_compilers_llvm_clang_1_0
    export GCC_WARN_64_TO_32_BIT_CONVERSION\=YES
    export GCC_WARN_ABOUT_RETURN_TYPE\=YES_ERROR
    export GCC_WARN_UNDECLARED_SELECTOR\=YES
    export GCC_WARN_UNINITIALIZED_AUTOS\=YES_AGGRESSIVE
    export GCC_WARN_UNUSED_FUNCTION\=YES
    export GCC_WARN_UNUSED_VARIABLE\=YES
    export GENERATED_MODULEMAP_DIR\=/Users/karelbraborec/Library/Developer/Xcode/DerivedData/revmeter-hbcnswmlqmbpnlazhhkncgeowiss/Build/Intermediates.noindex/GeneratedModuleMaps-iphonesimulator
    export GENERATE_INFOPLIST_FILE\=NO
    export GENERATE_INTERMEDIATE_TEXT_BASED_STUBS\=YES
    export GENERATE_PKGINFO_FILE\=NO
    export GENERATE_PRELINK_OBJECT_FILE\=NO
    export GENERATE_PROFILING_CODE\=NO
    export GENERATE_TEXT_BASED_STUBS\=NO
    export GID\=20
    export GROUP\=staff
    export HEADERMAP_INCLUDES_FLAT_ENTRIES_FOR_TARGET_BEING_BUILT\=YES
    export HEADERMAP_INCLUDES_FRAMEWORK_ENTRIES_FOR_ALL_PRODUCT_TYPES\=YES
    export HEADERMAP_INCLUDES_FRAMEWORK_ENTRIES_FOR_TARGETS_NOT_BEING_BUILT\=YES
    export HEADERMAP_INCLUDES_NONPUBLIC_NONPRIVATE_HEADERS\=YES
    export HEADERMAP_INCLUDES_PROJECT_HEADERS\=YES
    export HEADERMAP_USES_FRAMEWORK_PREFIX_ENTRIES\=YES
    export HEADERMAP_USES_VFS\=YES
    export HEADER_SEARCH_PATHS\=\ \"/Users/karelbraborec/rev-meter/ios/Pods/Headers/Public\"\ \"/Users/karelbraborec/rev-meter/ios/Pods/Headers/Public/React-Core\"\ \"/Users/karelbraborec/rev-meter/ios/Pods/Headers/Public/React-Core-prebuilt\"\ \"/Users/karelbraborec/rev-meter/ios/Pods/Headers/Public/React-callinvoker\"\ \"/Users/karelbraborec/rev-meter/ios/Pods/Headers/Public/React-cxxreact\"\ \"/Users/karelbraborec/rev-meter/ios/Pods/Headers/Public/React-debug\"\ \"/Users/karelbraborec/rev-meter/ios/Pods/Headers/Public/React-featureflags\"\ \"/Users/karelbraborec/rev-meter/ios/Pods/Headers/Public/React-hermes\"\ \"/Users/karelbraborec/rev-meter/ios/Pods/Headers/Public/React-jserrorhandler\"\ \"/Users/karelbraborec/rev-meter/ios/Pods/Headers/Public/React-jsi\"\ \"/Users/karelbraborec/rev-meter/ios/Pods/Headers/Public/React-jsiexecutor\"\ \"/Users/karelbraborec/rev-meter/ios/Pods/Headers/Public/React-jsinspector\"\ \"/Users/karelbraborec/rev-meter/ios/Pods/Headers/Public/React-jsinspectorcdp\"\ \"/Users/karelbraborec/rev-meter/ios/Pods/Headers/Public/React-jsinspectornetwork\"\ \"/Users/karelbraborec/rev-meter/ios/Pods/Headers/Public/React-jsinspectortracing\"\ \"/Users/karelbraborec/rev-meter/ios/Pods/Headers/Public/React-jsitooling\"\ \"/Users/karelbraborec/rev-meter/ios/Pods/Headers/Public/React-logger\"\ \"/Users/karelbraborec/rev-meter/ios/Pods/Headers/Public/React-oscompat\"\ \"/Users/karelbraborec/rev-meter/ios/Pods/Headers/Public/React-perflogger\"\ \"/Users/karelbraborec/rev-meter/ios/Pods/Headers/Public/React-performancetimeline\"\ \"/Users/karelbraborec/rev-meter/ios/Pods/Headers/Public/React-rendererconsistency\"\ \"/Users/karelbraborec/rev-meter/ios/Pods/Headers/Public/React-rendererdebug\"\ \"/Users/karelbraborec/rev-meter/ios/Pods/Headers/Public/React-runtimeexecutor\"\ \"/Users/karelbraborec/rev-meter/ios/Pods/Headers/Public/React-runtimescheduler\"\ \"/Users/karelbraborec/rev-meter/ios/Pods/Headers/Public/React-timing\"\ \"/Users/karelbraborec/rev-meter/ios/Pods/Headers/Public/React-utils\"\ \"/Users/karelbraborec/rev-meter/ios/Pods/Headers/Public/ReactCommon\"\ \"/Users/karelbraborec/rev-meter/ios/Pods/Headers/Public/ReactNativeDependencies\"\ \"/Users/karelbraborec/rev-meter/ios/Pods/Headers/Public/Yoga\"\ \"/Users/karelbraborec/rev-meter/ios/Pods/Headers/Public/hermes-engine\"\ \"/Users/karelbraborec/rev-meter/ios/Pods/ExpoModulesCore/ExpoModulesCore.xcframework/ios-arm64_x86_64-simulator/ExpoModulesCore.framework/Headers\"\ \"/Users/karelbraborec/rev-meter/ios/Pods/ExpoModulesCore/ExpoModulesCore.xcframework/ios-arm64/ExpoModulesCore.framework/Headers\"\ \"/Users/karelbraborec/rev-meter/ios/Pods/ExpoModulesCore/ExpoModulesCore.xcframework/ios-arm64_x86_64-simulator/ExpoModulesCore.framework/Headers\"\ \"/Users/karelbraborec/rev-meter/ios/Pods/ExpoModulesCore/ExpoModulesCore.xcframework/ios-arm64/ExpoModulesCore.framework/Headers\"
    export HOME\=/Users/karelbraborec
    export HOST_ARCH\=arm64
    export HOST_PLATFORM\=macosx
    export ICONV\=/usr/bin/iconv
    export IMPLICIT_DEPENDENCY_DOMAIN\=default
    export INDEX_STORE_COMPRESS\=NO
    export INDEX_STORE_ONLY_PROJECT_FILES\=NO
    export INFOPLIST_ENABLE_CFBUNDLEICONS_MERGE\=YES
    export INFOPLIST_EXPAND_BUILD_SETTINGS\=YES
    export INFOPLIST_OUTPUT_FORMAT\=binary
    export INFOPLIST_PREPROCESS\=NO
    export INLINE_PRIVATE_FRAMEWORKS\=NO
    export INSTALLAPI_IGNORE_SKIP_INSTALL\=YES
    export INSTALLHDRS_COPY_PHASE\=NO
    export INSTALLHDRS_SCRIPT_PHASE\=NO
    export INSTALL_DIR\=/tmp/Pods.dst
    export INSTALL_GROUP\=staff
    export INSTALL_MODE_FLAG\=u+w,go-w,a+rX
    export INSTALL_OWNER\=karelbraborec
    export INSTALL_ROOT\=/tmp/Pods.dst
    export IPHONEOS_DEPLOYMENT_TARGET\=16.4
    export IS_UNOPTIMIZED_BUILD\=YES
    export JAVAC_DEFAULT_FLAGS\=-J-Xms64m\ -J-XX:NewSize\=4M\ -J-Dfile.encoding\=UTF8
    export JAVA_APP_STUB\=/System/Library/Frameworks/JavaVM.framework/Resources/MacOS/JavaApplicationStub
    export JAVA_ARCHIVE_CLASSES\=YES
    export JAVA_ARCHIVE_TYPE\=JAR
    export JAVA_COMPILER\=/usr/bin/javac
    export JAVA_FRAMEWORK_RESOURCES_DIRS\=Resources
    export JAVA_JAR_FLAGS\=cv
    export JAVA_SOURCE_SUBDIR\=.
    export JAVA_USE_DEPENDENCIES\=YES
    export JAVA_ZIP_FLAGS\=-urg
    export JIKES_DEFAULT_FLAGS\=+E\ +OLDCSO
    export KEEP_PRIVATE_EXTERNS\=NO
    export LD_DEPENDENCY_INFO_FILE\=/Users/karelbraborec/Library/Developer/Xcode/DerivedData/revmeter-hbcnswmlqmbpnlazhhkncgeowiss/Build/Intermediates.noindex/Pods.build/Debug-iphonesimulator/ExpoModulesJSI.build/Objects-normal/undefined_arch/ExpoModulesJSI_dependency_info.dat
    export LD_EXPORT_SYMBOLS\=YES
    export LD_GENERATE_MAP_FILE\=NO
    export LD_MAP_FILE_PATH\=/Users/karelbraborec/Library/Developer/Xcode/DerivedData/revmeter-hbcnswmlqmbpnlazhhkncgeowiss/Build/Intermediates.noindex/Pods.build/Debug-iphonesimulator/ExpoModulesJSI.build/ExpoModulesJSI-LinkMap-normal-undefined_arch.txt
    export LD_NO_PIE\=NO
    export LD_QUOTE_LINKER_ARGUMENTS_FOR_COMPILER_DRIVER\=YES
    export LD_RUNPATH_SEARCH_PATHS\=\ @executable_path/Frameworks
    export LD_SHARED_CACHE_ELIGIBLE\=Automatic
    export LD_WARN_DUPLICATE_LIBRARIES\=NO
    export LD_WARN_UNUSED_DYLIBS\=NO
    export LEGACY_DEVELOPER_DIR\=/Applications/Xcode.app/Contents/PlugIns/Xcode3Core.ideplugin/Contents/SharedSupport/Developer
    export LEX\=lex
    export LIBRARY_DEXT_INSTALL_PATH\=/Library/DriverExtensions
    export LIBRARY_FLAG_NOSPACE\=YES
    export LIBRARY_KEXT_INSTALL_PATH\=/Library/Extensions
    export LINKER_DISPLAYS_MANGLED_NAMES\=NO
    export LINK_FILE_LIST_normal_arm64\=/Users/karelbraborec/Library/Developer/Xcode/DerivedData/revmeter-hbcnswmlqmbpnlazhhkncgeowiss/Build/Intermediates.noindex/Pods.build/Debug-iphonesimulator/ExpoModulesJSI.build/Objects-normal/arm64/ExpoModulesJSI.LinkFileList
    export LINK_FILE_LIST_normal_x86_64\=/Users/karelbraborec/Library/Developer/Xcode/DerivedData/revmeter-hbcnswmlqmbpnlazhhkncgeowiss/Build/Intermediates.noindex/Pods.build/Debug-iphonesimulator/ExpoModulesJSI.build/Objects-normal/x86_64/ExpoModulesJSI.LinkFileList
    export LINK_OBJC_RUNTIME\=YES
    export LINK_WITH_STANDARD_LIBRARIES\=YES
    export LLVM_TARGET_TRIPLE_OS_VERSION\=ios16.4
    export LLVM_TARGET_TRIPLE_SUFFIX\=-simulator
    export LLVM_TARGET_TRIPLE_VENDOR\=apple
    export LM_AUX_CONST_METADATA_LIST_PATH_normal_arm64\=/Users/karelbraborec/Library/Developer/Xcode/DerivedData/revmeter-hbcnswmlqmbpnlazhhkncgeowiss/Build/Intermediates.noindex/Pods.build/Debug-iphonesimulator/ExpoModulesJSI.build/Objects-normal/arm64/ExpoModulesJSI.SwiftConstValuesFileList
    export LM_AUX_CONST_METADATA_LIST_PATH_normal_x86_64\=/Users/karelbraborec/Library/Developer/Xcode/DerivedData/revmeter-hbcnswmlqmbpnlazhhkncgeowiss/Build/Intermediates.noindex/Pods.build/Debug-iphonesimulator/ExpoModulesJSI.build/Objects-normal/x86_64/ExpoModulesJSI.SwiftConstValuesFileList
    export LOCALIZATION_EXPORT_SUPPORTED\=YES
    export LOCALIZATION_PREFERS_STRING_CATALOGS\=NO
    export LOCALIZED_STRING_CODE_COMMENTS\=NO
    export LOCALIZED_STRING_MACRO_NAMES\=NSLocalizedString\ CFCopyLocalizedString
    export LOCALIZED_STRING_SWIFTUI_SUPPORT\=YES
    export LOCAL_ADMIN_APPS_DIR\=/Applications/Utilities
    export LOCAL_APPS_DIR\=/Applications
    export LOCAL_DEVELOPER_DIR\=/Library/Developer
    export LOCAL_LIBRARY_DIR\=/Library
    export LOCROOT\=/Users/karelbraborec/rev-meter/ios/Pods
    export LOCSYMROOT\=/Users/karelbraborec/rev-meter/ios/Pods
    export MAC_OS_X_PRODUCT_BUILD_VERSION\=25F84
    export MAC_OS_X_VERSION_ACTUAL\=260502
    export MAC_OS_X_VERSION_MAJOR\=260000
    export MAC_OS_X_VERSION_MINOR\=260500
    export MAKE_MERGEABLE\=NO
    export MERGEABLE_LIBRARY\=NO
    export MERGED_BINARY_TYPE\=none
    export MERGE_LINKED_LIBRARIES\=NO
    export METAL_LIBRARY_FILE_BASE\=default
    export METAL_LIBRARY_OUTPUT_DIR\=/Users/karelbraborec/Library/Developer/Xcode/DerivedData/revmeter-hbcnswmlqmbpnlazhhkncgeowiss/Build/Products/Debug-iphonesimulator/ExpoModulesJSI/
    export MODULE_CACHE_DIR\=/Users/karelbraborec/Library/Developer/Xcode/DerivedData/ModuleCache.noindex
    export MTL_ENABLE_DEBUG_INFO\=INCLUDE_SOURCE
    export MTL_FAST_MATH\=YES
    export NATIVE_ARCH\=arm64
    export NATIVE_ARCH_32_BIT\=arm
    export NATIVE_ARCH_64_BIT\=arm64
    export NATIVE_ARCH_ACTUAL\=arm64
    export NO_COMMON\=YES
    export OBJC_ABI_VERSION\=2
    export OBJECT_FILE_DIR\=/Users/karelbraborec/Library/Developer/Xcode/DerivedData/revmeter-hbcnswmlqmbpnlazhhkncgeowiss/Build/Intermediates.noindex/Pods.build/Debug-iphonesimulator/ExpoModulesJSI.build/Objects
    export OBJECT_FILE_DIR_normal\=/Users/karelbraborec/Library/Developer/Xcode/DerivedData/revmeter-hbcnswmlqmbpnlazhhkncgeowiss/Build/Intermediates.noindex/Pods.build/Debug-iphonesimulator/ExpoModulesJSI.build/Objects-normal
    export OBJROOT\=/Users/karelbraborec/Library/Developer/Xcode/DerivedData/revmeter-hbcnswmlqmbpnlazhhkncgeowiss/Build/Intermediates.noindex
    export ONLY_ACTIVE_ARCH\=NO
    export OS\=MACOS
    export OSAC\=/usr/bin/osacompile
    export OTHER_CFLAGS\=\ -DRCT_REMOVE_LEGACY_ARCH\=1\ -ivfsoverlay\ \"/Users/karelbraborec/rev-meter/ios/Pods/React-Core-prebuilt/React-VFS.yaml\"
    export OTHER_CPLUSPLUSFLAGS\=\ -DRCT_REMOVE_LEGACY_ARCH\=1\ -ivfsoverlay\ \"/Users/karelbraborec/rev-meter/ios/Pods/React-Core-prebuilt/React-VFS.yaml\"\ -DRCT_REMOVE_LEGACY_ARCH\=1\ -ivfsoverlay\ \"/Users/karelbraborec/rev-meter/ios/Pods/React-Core-prebuilt/React-VFS.yaml\"
    export OTHER_SWIFT_FLAGS\=\ -D\ COCOAPODS\ -import-underlying-module\ -Xcc\ -fmodule-map-file\=\"/Users/karelbraborec/rev-meter/ios/Pods/\"\ -Xcc\ -ivfsoverlay\ -Xcc\ \"/Users/karelbraborec/rev-meter/ios/Pods/React-Core-prebuilt/React-VFS.yaml\"\ -Xcc\ -Wno-incomplete-umbrella
    export PASCAL_STRINGS\=YES
    export PATH\=/Applications/Xcode.app/Contents/SharedFrameworks/SwiftBuild.framework/Versions/A/PlugIns/SWBBuildService.bundle/Contents/PlugIns/SWBUniversalPlatformPlugin.bundle/Contents/Frameworks/SWBUniversalPlatform.framework/Resources:/Applications/Xcode.app/Contents/Developer/Toolchains/XcodeDefault.xctoolchain/usr/bin:/Applications/Xcode.app/Contents/Developer/Toolchains/XcodeDefault.xctoolchain/usr/local/bin:/Applications/Xcode.app/Contents/Developer/Toolchains/XcodeDefault.xctoolchain/usr/libexec:/Applications/Xcode.app/Contents/Developer/Platforms/iPhoneSimulator.platform/usr/bin:/Applications/Xcode.app/Contents/Developer/Platforms/iPhoneSimulator.platform/usr/local/bin:/Applications/Xcode.app/Contents/Developer/Platforms/iPhoneSimulator.platform/Developer/usr/bin:/Applications/Xcode.app/Contents/Developer/Platforms/iPhoneSimulator.platform/Developer/usr/local/bin:/Applications/Xcode.app/Contents/Developer/usr/bin:/Applications/Xcode.app/Contents/Developer/usr/local/bin:/Users/karelbraborec/.gemini/antigravity-ide/bin:/usr/local/bin:/System/Cryptexes/App/usr/bin:/usr/bin:/bin:/usr/sbin:/sbin:/var/run/com.apple.security.cryptexd/codex.system/bootstrap/usr/local/bin:/var/run/com.apple.security.cryptexd/codex.system/bootstrap/usr/bin:/var/run/com.apple.security.cryptexd/codex.system/bootstrap/usr/appleinternal/bin:/pkg/env/global/bin:/Library/Apple/usr/bin:/opt/homebrew/bin
    export PATH_PREFIXES_EXCLUDED_FROM_HEADER_DEPENDENCIES\=/usr/include\ /usr/local/include\ /System/Library/Frameworks\ /System/Library/PrivateFrameworks\ /Applications/Xcode.app/Contents/Developer/Headers\ /Applications/Xcode.app/Contents/Developer/SDKs\ /Applications/Xcode.app/Contents/Developer/Platforms
    export PER_ARCH_MODULE_FILE_DIR\=/Users/karelbraborec/Library/Developer/Xcode/DerivedData/revmeter-hbcnswmlqmbpnlazhhkncgeowiss/Build/Intermediates.noindex/Pods.build/Debug-iphonesimulator/ExpoModulesJSI.build/Objects-normal/undefined_arch
    export PER_ARCH_OBJECT_FILE_DIR\=/Users/karelbraborec/Library/Developer/Xcode/DerivedData/revmeter-hbcnswmlqmbpnlazhhkncgeowiss/Build/Intermediates.noindex/Pods.build/Debug-iphonesimulator/ExpoModulesJSI.build/Objects-normal/undefined_arch
    export PER_VARIANT_OBJECT_FILE_DIR\=/Users/karelbraborec/Library/Developer/Xcode/DerivedData/revmeter-hbcnswmlqmbpnlazhhkncgeowiss/Build/Intermediates.noindex/Pods.build/Debug-iphonesimulator/ExpoModulesJSI.build/Objects-normal
    export PKGINFO_FILE_PATH\=/Users/karelbraborec/Library/Developer/Xcode/DerivedData/revmeter-hbcnswmlqmbpnlazhhkncgeowiss/Build/Intermediates.noindex/Pods.build/Debug-iphonesimulator/ExpoModulesJSI.build/PkgInfo
    export PLATFORM_DEVELOPER_APPLICATIONS_DIR\=/Applications/Xcode.app/Contents/Developer/Platforms/iPhoneSimulator.platform/Developer/Applications
    export PLATFORM_DEVELOPER_BIN_DIR\=/Applications/Xcode.app/Contents/Developer/Platforms/iPhoneSimulator.platform/Developer/usr/bin
    export PLATFORM_DEVELOPER_LIBRARY_DIR\=/Applications/Xcode.app/Contents/Developer/Platforms/iPhoneSimulator.platform/Developer/Library
    export PLATFORM_DEVELOPER_SDK_DIR\=/Applications/Xcode.app/Contents/Developer/Platforms/iPhoneSimulator.platform/Developer/SDKs
    export PLATFORM_DEVELOPER_TOOLS_DIR\=/Applications/Xcode.app/Contents/Developer/Platforms/iPhoneSimulator.platform/Developer/Tools
    export PLATFORM_DEVELOPER_USR_DIR\=/Applications/Xcode.app/Contents/Developer/Platforms/iPhoneSimulator.platform/Developer/usr
    export PLATFORM_DIR\=/Applications/Xcode.app/Contents/Developer/Platforms/iPhoneSimulator.platform
    export PLATFORM_DISPLAY_NAME\=iOS\ Simulator
    export PLATFORM_FAMILY_NAME\=iOS
    export PLATFORM_NAME\=iphonesimulator
    export PLATFORM_PREFERRED_ARCH\=x86_64
    export PLATFORM_PRODUCT_BUILD_VERSION\=23F81a
    export PLATFORM_REQUIRES_SWIFT_AUTOLINK_EXTRACT\=NO
    export PLATFORM_REQUIRES_SWIFT_MODULEWRAP\=NO
    export PLATFORM_USES_DSYMS\=YES
    export PLIST_FILE_OUTPUT_FORMAT\=binary
    export PODFILE_DIR\=/Users/karelbraborec/rev-meter/ios/Pods/..
    export PODS_BUILD_DIR\=/Users/karelbraborec/Library/Developer/Xcode/DerivedData/revmeter-hbcnswmlqmbpnlazhhkncgeowiss/Build/Products
    export PODS_CONFIGURATION_BUILD_DIR\=/Users/karelbraborec/Library/Developer/Xcode/DerivedData/revmeter-hbcnswmlqmbpnlazhhkncgeowiss/Build/Products/Debug-iphonesimulator
    export PODS_DEVELOPMENT_LANGUAGE\=en
    export PODS_ROOT\=/Users/karelbraborec/rev-meter/ios/Pods
    export PODS_TARGET_SRCROOT\=/Users/karelbraborec/rev-meter/ios/Pods/../../node_modules/expo-modules-jsi/apple
    export PODS_XCFRAMEWORKS_BUILD_DIR\=/Users/karelbraborec/Library/Developer/Xcode/DerivedData/revmeter-hbcnswmlqmbpnlazhhkncgeowiss/Build/Products/Debug-iphonesimulator/XCFrameworkIntermediates
    export PRECOMPS_INCLUDE_HEADERS_FROM_BUILT_PRODUCTS_DIR\=YES
    export PRECOMP_DESTINATION_DIR\=/Users/karelbraborec/Library/Developer/Xcode/DerivedData/revmeter-hbcnswmlqmbpnlazhhkncgeowiss/Build/Intermediates.noindex/Pods.build/Debug-iphonesimulator/ExpoModulesJSI.build/PrefixHeaders
    export PROCESSED_INFOPLIST_PATH\=/Users/karelbraborec/Library/Developer/Xcode/DerivedData/revmeter-hbcnswmlqmbpnlazhhkncgeowiss/Build/Intermediates.noindex/Pods.build/Debug-iphonesimulator/ExpoModulesJSI.build/Objects-normal/undefined_arch/Processed-Info.plist
    export PRODUCT_BUNDLE_IDENTIFIER\=org.cocoapods.ExpoModulesJSI
    export PRODUCT_MODULE_NAME\=ExpoModulesJSI
    export PRODUCT_NAME\=ExpoModulesJSI
    export PRODUCT_SETTINGS_PATH\=
    export PROFILING_CODE\=NO
    export PROJECT\=Pods
    export PROJECT_DERIVED_FILE_DIR\=/Users/karelbraborec/Library/Developer/Xcode/DerivedData/revmeter-hbcnswmlqmbpnlazhhkncgeowiss/Build/Intermediates.noindex/Pods.build/DerivedSources
    export PROJECT_DIR\=/Users/karelbraborec/rev-meter/ios/Pods
    export PROJECT_FILE_PATH\=/Users/karelbraborec/rev-meter/ios/Pods/Pods.xcodeproj
    export PROJECT_GUID\=8699adb1dd336b26511df848a716bd42
    export PROJECT_NAME\=Pods
    export PROJECT_TEMP_DIR\=/Users/karelbraborec/Library/Developer/Xcode/DerivedData/revmeter-hbcnswmlqmbpnlazhhkncgeowiss/Build/Intermediates.noindex/Pods.build
    export PROJECT_TEMP_ROOT\=/Users/karelbraborec/Library/Developer/Xcode/DerivedData/revmeter-hbcnswmlqmbpnlazhhkncgeowiss/Build/Intermediates.noindex
    export REACT_NATIVE_PATH\=/Users/karelbraborec/rev-meter/ios/Pods/../../node_modules/react-native
    export RECOMMENDED_IPHONEOS_DEPLOYMENT_TARGET\=15.0
    export RECURSIVE_SEARCH_PATHS_FOLLOW_SYMLINKS\=YES
    export REMOVE_CVS_FROM_RESOURCES\=YES
    export REMOVE_GIT_FROM_RESOURCES\=YES
    export REMOVE_HEADERS_FROM_EMBEDDED_BUNDLES\=YES
    export REMOVE_HG_FROM_RESOURCES\=YES
    export REMOVE_STATIC_EXECUTABLES_FROM_EMBEDDED_BUNDLES\=YES
    export REMOVE_SVN_FROM_RESOURCES\=YES
    export RESCHEDULE_INDEPENDENT_HEADERS_PHASES\=YES
    export REZ_COLLECTOR_DIR\=/Users/karelbraborec/Library/Developer/Xcode/DerivedData/revmeter-hbcnswmlqmbpnlazhhkncgeowiss/Build/Intermediates.noindex/Pods.build/Debug-iphonesimulator/ExpoModulesJSI.build/ResourceManagerResources
    export REZ_OBJECTS_DIR\=/Users/karelbraborec/Library/Developer/Xcode/DerivedData/revmeter-hbcnswmlqmbpnlazhhkncgeowiss/Build/Intermediates.noindex/Pods.build/Debug-iphonesimulator/ExpoModulesJSI.build/ResourceManagerResources/Objects
    export RPATH_ORIGIN\=@loader_path
    export RUNTIME_EXCEPTION_ALLOW_DYLD_ENVIRONMENT_VARIABLES\=NO
    export RUNTIME_EXCEPTION_ALLOW_JIT\=NO
    export RUNTIME_EXCEPTION_ALLOW_UNSIGNED_EXECUTABLE_MEMORY\=NO
    export RUNTIME_EXCEPTION_DEBUGGING_TOOL\=NO
    export RUNTIME_EXCEPTION_DISABLE_EXECUTABLE_PAGE_PROTECTION\=NO
    export RUNTIME_EXCEPTION_DISABLE_LIBRARY_VALIDATION\=NO
    export SCANNING_PCM_KEEP_CACHE_DIRECTORY\=YES
    export SCAN_ALL_SOURCE_FILES_FOR_INCLUDES\=NO
    export SCRIPT_INPUT_FILE_COUNT\=0
    export SCRIPT_INPUT_FILE_LIST_COUNT\=0
    export SCRIPT_OUTPUT_FILE_COUNT\=0
    export SCRIPT_OUTPUT_FILE_LIST_COUNT\=0
    export SDKROOT\=/Applications/Xcode.app/Contents/Developer/Platforms/iPhoneSimulator.platform/Developer/SDKs/iPhoneSimulator26.5.sdk
    export SDK_DIR\=/Applications/Xcode.app/Contents/Developer/Platforms/iPhoneSimulator.platform/Developer/SDKs/iPhoneSimulator26.5.sdk
    export SDK_DIR_iphonesimulator\=/Applications/Xcode.app/Contents/Developer/Platforms/iPhoneSimulator.platform/Developer/SDKs/iPhoneSimulator26.5.sdk
    export SDK_DIR_iphonesimulator26_5\=/Applications/Xcode.app/Contents/Developer/Platforms/iPhoneSimulator.platform/Developer/SDKs/iPhoneSimulator26.5.sdk
    export SDK_NAME\=iphonesimulator26.5
    export SDK_NAMES\=iphonesimulator26.5
    export SDK_PRODUCT_BUILD_VERSION\=23F81a
    export SDK_STAT_CACHE_DIR\=/Users/karelbraborec/Library/Developer/Xcode/DerivedData
    export SDK_STAT_CACHE_ENABLE\=YES
    export SDK_STAT_CACHE_PATH\=/Users/karelbraborec/Library/Developer/Xcode/DerivedData/SDKStatCaches.noindex/iphonesimulator26.5-23F81a-6cfe768891a92b912361537c460fe42b.sdkstatcache
    export SDK_VERSION\=26.5
    export SDK_VERSION_ACTUAL\=260500
    export SDK_VERSION_MAJOR\=260000
    export SDK_VERSION_MINOR\=260500
    export SED\=/usr/bin/sed
    export SEPARATE_STRIP\=NO
    export SEPARATE_SYMBOL_EDIT\=NO
    export SET_DIR_MODE_OWNER_GROUP\=YES
    export SET_FILE_MODE_OWNER_GROUP\=NO
    export SHALLOW_BUNDLE\=NO
    export SHARED_DERIVED_FILE_DIR\=/Users/karelbraborec/Library/Developer/Xcode/DerivedData/revmeter-hbcnswmlqmbpnlazhhkncgeowiss/Build/Products/Debug-iphonesimulator/ExpoModulesJSI/DerivedSources
    export SHARED_PRECOMPS_DIR\=/Users/karelbraborec/Library/Developer/Xcode/DerivedData/revmeter-hbcnswmlqmbpnlazhhkncgeowiss/Build/Intermediates.noindex/PrecompiledHeaders
    export SKIP_INSTALL\=YES
    export SKIP_MERGEABLE_LIBRARY_BUNDLE_HOOK\=NO
    export SOURCE_ROOT\=/Users/karelbraborec/rev-meter/ios/Pods
    export SRCROOT\=/Users/karelbraborec/rev-meter/ios/Pods
    export STRINGSDATA_DIR\=/Users/karelbraborec/Library/Developer/Xcode/DerivedData/revmeter-hbcnswmlqmbpnlazhhkncgeowiss/Build/Intermediates.noindex/Pods.build/Debug-iphonesimulator/ExpoModulesJSI.build/Objects-normal/undefined_arch
    export STRINGSDATA_ROOT\=/Users/karelbraborec/Library/Developer/Xcode/DerivedData/revmeter-hbcnswmlqmbpnlazhhkncgeowiss/Build/Intermediates.noindex/Pods.build/Debug-iphonesimulator/ExpoModulesJSI.build
    export STRINGS_FILE_INFOPLIST_RENAME\=YES
    export STRINGS_FILE_OUTPUT_ENCODING\=binary
    export STRING_CATALOG_GENERATE_SYMBOLS\=NO
    export STRIP_BITCODE_FROM_COPIED_FILES\=NO
    export STRIP_INSTALLED_PRODUCT\=NO
    export STRIP_STYLE\=all
    export STRIP_SWIFT_SYMBOLS\=YES
    export SUPPORTED_DEVICE_FAMILIES\=1,2
    export SUPPORTED_PLATFORMS\=iphoneos\ iphonesimulator
    export SUPPORTS_TEXT_BASED_API\=NO
    export SUPPRESS_WARNINGS\=NO
    export SWIFT_ACTIVE_COMPILATION_CONDITIONS\=\ DEBUG
    export SWIFT_EMIT_CONST_VALUE_PROTOCOLS\=AnyResolverProviding\ AppEntity\ AppEnum\ AppExtension\ AppIntent\ AppIntentsPackage\ AppShortcutProviding\ AppShortcutsProvider\ AppUnionValue\ AppUnionValueCasesProviding\ DynamicOptionsProvider\ EntityQuery\ ExtensionPointDefining\ IntentValueQuery\ Resolver\ TransientEntity\ _AssistantIntentsProvider\ _GenerativeFunctionExtractable\ _IntentValueRepresentable
    export SWIFT_EMIT_LOC_STRINGS\=NO
    export SWIFT_EMIT_MODULE_INTERFACE\=NO
    export SWIFT_ENABLE_EXPLICIT_MODULES\=NO
    export SWIFT_OPTIMIZATION_LEVEL\=-Onone
    export SWIFT_PLATFORM_TARGET_PREFIX\=ios
    export SWIFT_RESPONSE_FILE_PATH_normal_arm64\=/Users/karelbraborec/Library/Developer/Xcode/DerivedData/revmeter-hbcnswmlqmbpnlazhhkncgeowiss/Build/Intermediates.noindex/Pods.build/Debug-iphonesimulator/ExpoModulesJSI.build/Objects-normal/arm64/ExpoModulesJSI.SwiftFileList
    export SWIFT_RESPONSE_FILE_PATH_normal_x86_64\=/Users/karelbraborec/Library/Developer/Xcode/DerivedData/revmeter-hbcnswmlqmbpnlazhhkncgeowiss/Build/Intermediates.noindex/Pods.build/Debug-iphonesimulator/ExpoModulesJSI.build/Objects-normal/x86_64/ExpoModulesJSI.SwiftFileList
    export SWIFT_VERSION\=5.0
    export SYMROOT\=/Users/karelbraborec/Library/Developer/Xcode/DerivedData/revmeter-hbcnswmlqmbpnlazhhkncgeowiss/Build/Products
    export SYSTEM_ADMIN_APPS_DIR\=/Applications/Utilities
    export SYSTEM_APPS_DIR\=/Applications
    export SYSTEM_CORE_SERVICES_DIR\=/System/Library/CoreServices
    export SYSTEM_DEMOS_DIR\=/Applications/Extras
    export SYSTEM_DEVELOPER_APPS_DIR\=/Applications/Xcode.app/Contents/Developer/Applications
    export SYSTEM_DEVELOPER_BIN_DIR\=/Applications/Xcode.app/Contents/Developer/usr/bin
    export SYSTEM_DEVELOPER_DEMOS_DIR\=/Applications/Xcode.app/Contents/Developer/Applications/Utilities/Built\ Examples
    export SYSTEM_DEVELOPER_DIR\=/Applications/Xcode.app/Contents/Developer
    export SYSTEM_DEVELOPER_DOC_DIR\=/Applications/Xcode.app/Contents/Developer/ADC\ Reference\ Library
    export SYSTEM_DEVELOPER_GRAPHICS_TOOLS_DIR\=/Applications/Xcode.app/Contents/Developer/Applications/Graphics\ Tools
    export SYSTEM_DEVELOPER_JAVA_TOOLS_DIR\=/Applications/Xcode.app/Contents/Developer/Applications/Java\ Tools
    export SYSTEM_DEVELOPER_PERFORMANCE_TOOLS_DIR\=/Applications/Xcode.app/Contents/Developer/Applications/Performance\ Tools
    export SYSTEM_DEVELOPER_RELEASENOTES_DIR\=/Applications/Xcode.app/Contents/Developer/ADC\ Reference\ Library/releasenotes
    export SYSTEM_DEVELOPER_TOOLS\=/Applications/Xcode.app/Contents/Developer/Tools
    export SYSTEM_DEVELOPER_TOOLS_DOC_DIR\=/Applications/Xcode.app/Contents/Developer/ADC\ Reference\ Library/documentation/DeveloperTools
    export SYSTEM_DEVELOPER_TOOLS_RELEASENOTES_DIR\=/Applications/Xcode.app/Contents/Developer/ADC\ Reference\ Library/releasenotes/DeveloperTools
    export SYSTEM_DEVELOPER_USR_DIR\=/Applications/Xcode.app/Contents/Developer/usr
    export SYSTEM_DEVELOPER_UTILITIES_DIR\=/Applications/Xcode.app/Contents/Developer/Applications/Utilities
    export SYSTEM_DEXT_INSTALL_PATH\=/System/Library/DriverExtensions
    export SYSTEM_DOCUMENTATION_DIR\=/Library/Documentation
    export SYSTEM_KEXT_INSTALL_PATH\=/System/Library/Extensions
    export SYSTEM_LIBRARY_DIR\=/System/Library
    export TAPI_DEMANGLE\=YES
    export TAPI_ENABLE_PROJECT_HEADERS\=NO
    export TAPI_LANGUAGE\=objective-c
    export TAPI_LANGUAGE_STANDARD\=compiler-default
    export TAPI_USE_SRCROOT\=YES
    export TAPI_VERIFY_MODE\=Pedantic
    export TARGETED_DEVICE_FAMILY\=1,2
    export TARGETNAME\=ExpoModulesJSI
    export TARGET_BUILD_DIR\=/Users/karelbraborec/Library/Developer/Xcode/DerivedData/revmeter-hbcnswmlqmbpnlazhhkncgeowiss/Build/Products/Debug-iphonesimulator/ExpoModulesJSI
    export TARGET_NAME\=ExpoModulesJSI
    export TARGET_TEMP_DIR\=/Users/karelbraborec/Library/Developer/Xcode/DerivedData/revmeter-hbcnswmlqmbpnlazhhkncgeowiss/Build/Intermediates.noindex/Pods.build/Debug-iphonesimulator/ExpoModulesJSI.build
    export TEMP_DIR\=/Users/karelbraborec/Library/Developer/Xcode/DerivedData/revmeter-hbcnswmlqmbpnlazhhkncgeowiss/Build/Intermediates.noindex/Pods.build/Debug-iphonesimulator/ExpoModulesJSI.build
    export TEMP_FILES_DIR\=/Users/karelbraborec/Library/Developer/Xcode/DerivedData/revmeter-hbcnswmlqmbpnlazhhkncgeowiss/Build/Intermediates.noindex/Pods.build/Debug-iphonesimulator/ExpoModulesJSI.build
    export TEMP_FILE_DIR\=/Users/karelbraborec/Library/Developer/Xcode/DerivedData/revmeter-hbcnswmlqmbpnlazhhkncgeowiss/Build/Intermediates.noindex/Pods.build/Debug-iphonesimulator/ExpoModulesJSI.build
    export TEMP_ROOT\=/Users/karelbraborec/Library/Developer/Xcode/DerivedData/revmeter-hbcnswmlqmbpnlazhhkncgeowiss/Build/Intermediates.noindex
    export TEMP_SANDBOX_DIR\=/Users/karelbraborec/Library/Developer/Xcode/DerivedData/revmeter-hbcnswmlqmbpnlazhhkncgeowiss/Build/Intermediates.noindex/TemporaryTaskSandboxes
    export TEST_FRAMEWORK_SEARCH_PATHS\=\ /Applications/Xcode.app/Contents/Developer/Platforms/iPhoneSimulator.platform/Developer/Library/Frameworks\ /Applications/Xcode.app/Contents/Developer/Platforms/iPhoneSimulator.platform/Developer/SDKs/iPhoneSimulator26.5.sdk/Developer/Library/Frameworks
    export TEST_LIBRARY_SEARCH_PATHS\=\ /Applications/Xcode.app/Contents/Developer/Platforms/iPhoneSimulator.platform/Developer/usr/lib
    export TOOLCHAINS\=com.apple.dt.toolchain.XcodeDefault
    export TOOLCHAIN_DIR\=/Applications/Xcode.app/Contents/Developer/Toolchains/XcodeDefault.xctoolchain
    export TREAT_MISSING_BASELINES_AS_TEST_FAILURES\=NO
    export TREAT_MISSING_SCRIPT_PHASE_OUTPUTS_AS_ERRORS\=NO
    export UID\=501
    export UNINSTALLED_PRODUCTS_DIR\=/Users/karelbraborec/Library/Developer/Xcode/DerivedData/revmeter-hbcnswmlqmbpnlazhhkncgeowiss/Build/Intermediates.noindex/UninstalledProducts
    export UNSTRIPPED_PRODUCT\=NO
    export USER\=karelbraborec
    export USER_APPS_DIR\=/Users/karelbraborec/Applications
    export USER_LIBRARY_DIR\=/Users/karelbraborec/Library
    export USE_DYNAMIC_NO_PIC\=YES
    export USE_HEADERMAP\=YES
    export USE_HEADER_SYMLINKS\=NO
    export USE_HERMES\=true
    export USE_RECURSIVE_SCRIPT_INPUTS_IN_SCRIPT_PHASES\=YES
    export VALIDATE_DEVELOPMENT_ASSET_PATHS\=YES_ERROR
    export VALIDATE_PRODUCT\=NO
    export VALID_ARCHS\=arm64\ x86_64
    export VERBOSE_PBXCP\=NO
    export VERSION_INFO_BUILDER\=karelbraborec
    export VERSION_INFO_FILE\=ExpoModulesJSI_vers.c
    export VERSION_INFO_STRING\=\"@\(\#\)PROGRAM:ExpoModulesJSI\ \ PROJECT:Pods-\"
    export WORKSPACE_DIR\=/Users/karelbraborec/rev-meter/ios
    export WRAP_ASSET_PACKS_IN_SEPARATE_DIRECTORIES\=NO
    export XCODE_APP_SUPPORT_DIR\=/Applications/Xcode.app/Contents/Developer/Library/Xcode
    export XCODE_PRODUCT_BUILD_VERSION\=17F113
    export XCODE_VERSION_ACTUAL\=2660
    export XCODE_VERSION_MAJOR\=2600
    export XCODE_VERSION_MINOR\=2660
    export XPCSERVICES_FOLDER_PATH\=/XPCServices
    export YACC\=yacc
    export _DISCOVER_COMMAND_LINE_LINKER_INPUTS\=YES
    export _DISCOVER_COMMAND_LINE_LINKER_INPUTS_INCLUDE_WL\=YES
    export _LD_MULTIARCH\=YES
    export __DIAGNOSE_DEPRECATED_ARCHS\=YES
    export __ORIGINAL_SDK_DEFINED_LLVM_TARGET_TRIPLE_SYS\=ios
    export arch\=undefined_arch
    export variant\=normal
    /bin/sh -c /Users/karelbraborec/Library/Developer/Xcode/DerivedData/revmeter-hbcnswmlqmbpnlazhhkncgeowiss/Build/Intermediates.noindex/Pods.build/Debug-iphonesimulator/ExpoModulesJSI.build/Script-46EB2E0001F3F0.sh
[ExpoModulesJSI] Detected: prebuilt RN (RN_ROOT=/Users/karelbraborec/rev-meter/node_modules/react-native)
[ExpoModulesJSI] xcframework slices up to date, skipping build

PhaseScriptExecution [CP-User]\ [RN]Check\ FBReactNativeSpec /Users/karelbraborec/Library/Developer/Xcode/DerivedData/revmeter-hbcnswmlqmbpnlazhhkncgeowiss/Build/Intermediates.noindex/Pods.build/Debug-iphonesimulator/React-RCTFBReactNativeSpec.build/Script-46EB2E0001F450.sh (in target 'React-RCTFBReactNativeSpec' from project 'Pods')
    cd /Users/karelbraborec/rev-meter/ios/Pods
    export ACTION\=build
    export AD_HOC_CODE_SIGNING_ALLOWED\=YES
    export ALLOW_BUILD_REQUEST_OVERRIDES\=NO
    export ALLOW_TARGET_PLATFORM_SPECIALIZATION\=NO
    export ALTERNATE_GROUP\=staff
    export ALTERNATE_MODE\=u+w,go-w,a+rX
    export ALTERNATE_OWNER\=karelbraborec
    export ALTERNATIVE_DISTRIBUTION_WEB\=NO
    export ALWAYS_EMBED_SWIFT_STANDARD_LIBRARIES\=NO
    export ALWAYS_SEARCH_USER_PATHS\=NO
    export ALWAYS_USE_SEPARATE_HEADERMAPS\=NO
    export APPLICATION_EXTENSION_API_ONLY\=NO
    export APPLY_RULES_IN_COPY_FILES\=NO
    export APPLY_RULES_IN_COPY_HEADERS\=NO
    export APP_SHORTCUTS_ENABLE_FLEXIBLE_MATCHING\=YES
    export ARCHS\=arm64\ x86_64
    export ARCHS_BASE\=arm64\ x86_64
    export ARCHS_STANDARD\=arm64\ x86_64
    export ARCHS_STANDARD_32_64_BIT\=arm64\ x86_64
    export ARCHS_STANDARD_64_BIT\=arm64\ x86_64
    export ARCHS_STANDARD_INCLUDING_64_BIT\=arm64\ x86_64
    export ARCHS_UNIVERSAL_IPHONE_OS\=arm64\ x86_64
    export ASSETCATALOG_COMPILER_APPICON_NAME\=AppIcon
    export ASSETCATALOG_COMPILER_GLOBAL_ACCENT_COLOR_NAME\=AccentColor
    export AUTOMATICALLY_MERGE_DEPENDENCIES\=NO
    export AUTOMATION_APPLE_EVENTS\=NO
    export AVAILABLE_PLATFORMS\=android\ appletvos\ appletvsimulator\ driverkit\ freebsd\ iphoneos\ iphonesimulator\ linux\ macosx\ none\ openbsd\ qnx\ watchos\ watchsimulator\ webassembly\ xros\ xrsimulator
    export BUILD_ACTIVE_RESOURCES_ONLY\=NO
    export BUILD_COMPONENTS\=headers\ build
    export BUILD_DIR\=/Users/karelbraborec/Library/Developer/Xcode/DerivedData/revmeter-hbcnswmlqmbpnlazhhkncgeowiss/Build/Products
    export BUILD_LIBRARY_FOR_DISTRIBUTION\=NO
    export BUILD_ONLY_KNOWN_LOCALIZATIONS\=NO
    export BUILD_ROOT\=/Users/karelbraborec/Library/Developer/Xcode/DerivedData/revmeter-hbcnswmlqmbpnlazhhkncgeowiss/Build/Products
    export BUILD_STYLE\=
    export BUILD_VARIANTS\=normal
    export BUILT_PRODUCTS_DIR\=/Users/karelbraborec/Library/Developer/Xcode/DerivedData/revmeter-hbcnswmlqmbpnlazhhkncgeowiss/Build/Products/Debug-iphonesimulator/React-RCTFBReactNativeSpec
    export BUNDLE_CONTENTS_FOLDER_PATH_deep\=Contents/
    export BUNDLE_EXECUTABLE_FOLDER_NAME_deep\=MacOS
    export BUNDLE_EXTENSIONS_FOLDER_PATH\=Extensions
    export BUNDLE_FORMAT\=shallow
    export BUNDLE_FRAMEWORKS_FOLDER_PATH\=Frameworks
    export BUNDLE_PLUGINS_FOLDER_PATH\=PlugIns
    export BUNDLE_PRIVATE_HEADERS_FOLDER_PATH\=PrivateHeaders
    export BUNDLE_PUBLIC_HEADERS_FOLDER_PATH\=Headers
    export CACHE_ROOT\=/var/folders/zn/6f_ddjd136v_cf62f8s84b0m0000gn/C/com.apple.DeveloperTools/26.6-17F113/Xcode
    export CCHROOT\=/var/folders/zn/6f_ddjd136v_cf62f8s84b0m0000gn/C/com.apple.DeveloperTools/26.6-17F113/Xcode
    export CHMOD\=/bin/chmod
    export CHOWN\=chown
    export CLANG_ANALYZER_LOCALIZABILITY_NONLOCALIZED\=YES
    export CLANG_ANALYZER_NONNULL\=YES
    export CLANG_ANALYZER_NUMBER_OBJECT_CONVERSION\=YES_AGGRESSIVE
    export CLANG_CACHE_FINE_GRAINED_OUTPUTS\=YES
    export CLANG_CXX_LANGUAGE_STANDARD\=c++20
    export CLANG_CXX_LIBRARY\=libc++
    export CLANG_ENABLE_EXPLICIT_MODULES\=YES
    export CLANG_ENABLE_MODULES\=YES
    export CLANG_ENABLE_OBJC_ARC\=YES
    export CLANG_ENABLE_OBJC_WEAK\=NO
    export CLANG_MODULES_BUILD_SESSION_FILE\=/Users/karelbraborec/Library/Developer/Xcode/DerivedData/ModuleCache.noindex/Session.modulevalidation
    export CLANG_WARN_BLOCK_CAPTURE_AUTORELEASING\=YES
    export CLANG_WARN_BOOL_CONVERSION\=YES
    export CLANG_WARN_COMMA\=YES
    export CLANG_WARN_CONSTANT_CONVERSION\=YES
    export CLANG_WARN_DEPRECATED_OBJC_IMPLEMENTATIONS\=YES
    export CLANG_WARN_DIRECT_OBJC_ISA_USAGE\=YES_ERROR
    export CLANG_WARN_DOCUMENTATION_COMMENTS\=YES
    export CLANG_WARN_EMPTY_BODY\=YES
    export CLANG_WARN_ENUM_CONVERSION\=YES
    export CLANG_WARN_INFINITE_RECURSION\=YES
    export CLANG_WARN_INT_CONVERSION\=YES
    export CLANG_WARN_NON_LITERAL_NULL_CONVERSION\=YES
    export CLANG_WARN_OBJC_IMPLICIT_RETAIN_SELF\=YES
    export CLANG_WARN_OBJC_LITERAL_CONVERSION\=YES
    export CLANG_WARN_OBJC_ROOT_CLASS\=YES_ERROR
    export CLANG_WARN_QUOTED_INCLUDE_IN_FRAMEWORK_HEADER\=NO
    export CLANG_WARN_RANGE_LOOP_ANALYSIS\=YES
    export CLANG_WARN_STRICT_PROTOTYPES\=YES
    export CLANG_WARN_SUSPICIOUS_MOVE\=YES
    export CLANG_WARN_UNGUARDED_AVAILABILITY\=YES_AGGRESSIVE
    export CLANG_WARN_UNREACHABLE_CODE\=YES
    export CLANG_WARN__DUPLICATE_METHOD_MATCH\=YES
    export CLASS_FILE_DIR\=/Users/karelbraborec/Library/Developer/Xcode/DerivedData/revmeter-hbcnswmlqmbpnlazhhkncgeowiss/Build/Intermediates.noindex/Pods.build/Debug-iphonesimulator/React-RCTFBReactNativeSpec.build/JavaClasses
    export CLEAN_PRECOMPS\=YES
    export CLONE_HEADERS\=NO
    export CODESIGNING_FOLDER_PATH\=/Users/karelbraborec/Library/Developer/Xcode/DerivedData/revmeter-hbcnswmlqmbpnlazhhkncgeowiss/Build/Products/Debug-iphonesimulator/React-RCTFBReactNativeSpec/
    export CODE_SIGNING_ALLOWED\=NO
    export CODE_SIGNING_REQUIRED\=YES
    export CODE_SIGN_CONTEXT_CLASS\=XCiPhoneSimulatorCodeSignContext
    export CODE_SIGN_IDENTITY\=-
    export CODE_SIGN_INJECT_BASE_ENTITLEMENTS\=YES
    export COLOR_DIAGNOSTICS\=NO
    export COMBINE_HIDPI_IMAGES\=NO
    export COMPILATION_CACHE_CAS_PATH\=/Users/karelbraborec/Library/Developer/Xcode/DerivedData/CompilationCache.noindex
    export COMPILATION_CACHE_KEEP_CAS_DIRECTORY\=YES
    export COMPILER_INDEX_STORE_ENABLE\=Default
    export COMPOSITE_SDK_DIRS\=/Users/karelbraborec/Library/Developer/Xcode/DerivedData/revmeter-hbcnswmlqmbpnlazhhkncgeowiss/Build/Intermediates.noindex/CompositeSDKs
    export COMPRESS_PNG_FILES\=YES
    export CONFIGURATION\=Debug
    export CONFIGURATION_BUILD_DIR\=/Users/karelbraborec/Library/Developer/Xcode/DerivedData/revmeter-hbcnswmlqmbpnlazhhkncgeowiss/Build/Products/Debug-iphonesimulator/React-RCTFBReactNativeSpec
    export CONFIGURATION_TEMP_DIR\=/Users/karelbraborec/Library/Developer/Xcode/DerivedData/revmeter-hbcnswmlqmbpnlazhhkncgeowiss/Build/Intermediates.noindex/Pods.build/Debug-iphonesimulator
    export COPYING_PRESERVES_HFS_DATA\=NO
    export COPY_HEADERS_RUN_UNIFDEF\=NO
    export COPY_PHASE_STRIP\=NO
    export CORRESPONDING_DEVICE_PLATFORM_DIR\=/Applications/Xcode.app/Contents/Developer/Platforms/iPhoneOS.platform
    export CORRESPONDING_DEVICE_PLATFORM_NAME\=iphoneos
    export CORRESPONDING_DEVICE_SDK_DIR\=/Applications/Xcode.app/Contents/Developer/Platforms/iPhoneOS.platform/Developer/SDKs/iPhoneOS26.5.sdk
    export CORRESPONDING_DEVICE_SDK_NAME\=iphoneos26.5
    export CP\=/bin/cp
    export CREATE_INFOPLIST_SECTION_IN_BINARY\=NO
    export CURRENT_ARCH\=undefined_arch
    export CURRENT_VARIANT\=normal
    export DEAD_CODE_STRIPPING\=YES
    export DEBUGGING_SYMBOLS\=YES
    export DEBUG_INFORMATION_FORMAT\=dwarf
    export DEBUG_INFORMATION_VERSION\=compiler-default
    export DEFAULT_COMPILER\=com.apple.compilers.llvm.clang.1_0
    export DEFAULT_DEXT_INSTALL_PATH\=/System/Library/DriverExtensions
    export DEFAULT_KEXT_INSTALL_PATH\=/System/Library/Extensions
    export DEFINES_MODULE\=NO
    export DEPLOYMENT_LOCATION\=NO
    export DEPLOYMENT_POSTPROCESSING\=NO
    export DEPLOYMENT_TARGET_SETTING_NAME\=IPHONEOS_DEPLOYMENT_TARGET
    export DEPLOYMENT_TARGET_SUGGESTED_VALUES\=12.0\ 12.1\ 12.2\ 12.3\ 12.4\ 13.0\ 13.1\ 13.2\ 13.3\ 13.4\ 13.5\ 13.6\ 14.0\ 14.1\ 14.2\ 14.3\ 14.4\ 14.5\ 14.6\ 14.7\ 15.0\ 15.1\ 15.2\ 15.3\ 15.4\ 15.5\ 15.6\ 16.0\ 16.1\ 16.2\ 16.3\ 16.4\ 16.5\ 16.6\ 17.0\ 17.1\ 17.2\ 17.3\ 17.4\ 17.5\ 17.6\ 18.0\ 18.1\ 18.2\ 18.3\ 18.4\ 18.5\ 18.6\ 26.0\ 26.2\ 26.3\ 26.4\ 26.5
    export DERIVED_FILES_DIR\=/Users/karelbraborec/Library/Developer/Xcode/DerivedData/revmeter-hbcnswmlqmbpnlazhhkncgeowiss/Build/Intermediates.noindex/Pods.build/Debug-iphonesimulator/React-RCTFBReactNativeSpec.build/DerivedSources
    export DERIVED_FILE_DIR\=/Users/karelbraborec/Library/Developer/Xcode/DerivedData/revmeter-hbcnswmlqmbpnlazhhkncgeowiss/Build/Intermediates.noindex/Pods.build/Debug-iphonesimulator/React-RCTFBReactNativeSpec.build/DerivedSources
    export DERIVED_SOURCES_DIR\=/Users/karelbraborec/Library/Developer/Xcode/DerivedData/revmeter-hbcnswmlqmbpnlazhhkncgeowiss/Build/Intermediates.noindex/Pods.build/Debug-iphonesimulator/React-RCTFBReactNativeSpec.build/DerivedSources
    export DEVELOPER_APPLICATIONS_DIR\=/Applications/Xcode.app/Contents/Developer/Applications
    export DEVELOPER_BIN_DIR\=/Applications/Xcode.app/Contents/Developer/usr/bin
    export DEVELOPER_DIR\=/Applications/Xcode.app/Contents/Developer
    export DEVELOPER_FRAMEWORKS_DIR\=/Applications/Xcode.app/Contents/Developer/Library/Frameworks
    export DEVELOPER_FRAMEWORKS_DIR_QUOTED\=/Applications/Xcode.app/Contents/Developer/Library/Frameworks
    export DEVELOPER_LIBRARY_DIR\=/Applications/Xcode.app/Contents/Developer/Library
    export DEVELOPER_SDK_DIR\=/Applications/Xcode.app/Contents/Developer/Platforms/MacOSX.platform/Developer/SDKs
    export DEVELOPER_TOOLS_DIR\=/Applications/Xcode.app/Contents/Developer/Tools
    export DEVELOPER_USR_DIR\=/Applications/Xcode.app/Contents/Developer/usr
    export DEVELOPMENT_LANGUAGE\=en
    export DIAGNOSE_MISSING_TARGET_DEPENDENCIES\=YES
    export DIFF\=/usr/bin/diff
    export DONT_GENERATE_INFOPLIST_FILE\=NO
    export DSTROOT\=/tmp/Pods.dst
    export DT_TOOLCHAIN_DIR\=/Applications/Xcode.app/Contents/Developer/Toolchains/XcodeDefault.xctoolchain
    export DUMP_DEPENDENCIES\=NO
    export DUMP_DEPENDENCIES_OUTPUT_PATH\=/Users/karelbraborec/Library/Developer/Xcode/DerivedData/revmeter-hbcnswmlqmbpnlazhhkncgeowiss/Build/Intermediates.noindex/Pods.build/Debug-iphonesimulator/React-RCTFBReactNativeSpec.build/React-RCTFBReactNativeSpec-BuildDependencyInfo.json
    export DWARF_DSYM_FILE_NAME\=.dSYM
    export DWARF_DSYM_FILE_SHOULD_ACCOMPANY_PRODUCT\=NO
    export DWARF_DSYM_FOLDER_PATH\=/Users/karelbraborec/Library/Developer/Xcode/DerivedData/revmeter-hbcnswmlqmbpnlazhhkncgeowiss/Build/Products/Debug-iphonesimulator/React-RCTFBReactNativeSpec
    export DYNAMIC_LIBRARY_EXTENSION\=dylib
    export EAGER_COMPILATION_ALLOW_SCRIPTS\=NO
    export EAGER_LINKING\=NO
    export EFFECTIVE_PLATFORM_NAME\=-iphonesimulator
    export EFFECTIVE_SWIFT_VERSION\=5
    export EMBEDDED_CONTENT_CONTAINS_SWIFT\=NO
    export EMBED_ASSET_PACKS_IN_PRODUCT_BUNDLE\=NO
    export ENABLE_APP_SANDBOX\=NO
    export ENABLE_CODE_COVERAGE\=YES
    export ENABLE_COHORT_ARCHS\=NO
    export ENABLE_CPLUSPLUS_BOUNDS_SAFE_BUFFERS\=NO
    export ENABLE_C_BOUNDS_SAFETY\=NO
    export ENABLE_DEFAULT_HEADER_SEARCH_PATHS\=YES
    export ENABLE_DEFAULT_SEARCH_PATHS\=YES
    export ENABLE_ENHANCED_SECURITY\=NO
    export ENABLE_HARDENED_RUNTIME\=NO
    export ENABLE_HEADER_DEPENDENCIES\=YES
    export ENABLE_INCOMING_NETWORK_CONNECTIONS\=NO
    export ENABLE_ON_DEMAND_RESOURCES\=NO
    export ENABLE_OUTGOING_NETWORK_CONNECTIONS\=NO
    export ENABLE_POINTER_AUTHENTICATION\=NO
    export ENABLE_PREVIEWS\=NO
    export ENABLE_RESOURCE_ACCESS_AUDIO_INPUT\=NO
    export ENABLE_RESOURCE_ACCESS_BLUETOOTH\=NO
    export ENABLE_RESOURCE_ACCESS_CALENDARS\=NO
    export ENABLE_RESOURCE_ACCESS_CAMERA\=NO
    export ENABLE_RESOURCE_ACCESS_CONTACTS\=NO
    export ENABLE_RESOURCE_ACCESS_LOCATION\=NO
    export ENABLE_RESOURCE_ACCESS_PHOTO_LIBRARY\=NO
    export ENABLE_RESOURCE_ACCESS_PRINTING\=NO
    export ENABLE_RESOURCE_ACCESS_USB\=NO
    export ENABLE_SDK_IMPORTS\=NO
    export ENABLE_SECURITY_COMPILER_WARNINGS\=NO
    export ENABLE_STRICT_OBJC_MSGSEND\=YES
    export ENABLE_TESTABILITY\=YES
    export ENABLE_TESTING_SEARCH_PATHS\=NO
    export ENABLE_USER_SCRIPT_SANDBOXING\=NO
    export ENABLE_XOJIT_PREVIEWS\=YES
    export ENFORCE_VALID_ARCHS\=YES
    export ENTITLEMENTS_DESTINATION\=__entitlements
    export ENTITLEMENTS_REQUIRED\=YES
    export EXCLUDED_INSTALLSRC_SUBDIRECTORY_PATTERNS\=.DS_Store\ .svn\ .git\ .hg\ CVS
    export EXCLUDED_RECURSIVE_SEARCH_PATH_SUBDIRECTORIES\=\*.nib\ \*.lproj\ \*.framework\ \*.gch\ \*.xcode\*\ \*.xcassets\ \*.icon\ \(\*\)\ .DS_Store\ CVS\ .svn\ .git\ .hg\ \*.pbproj\ \*.pbxproj
    export FILE_LIST\=/Users/karelbraborec/Library/Developer/Xcode/DerivedData/revmeter-hbcnswmlqmbpnlazhhkncgeowiss/Build/Intermediates.noindex/Pods.build/Debug-iphonesimulator/React-RCTFBReactNativeSpec.build/Objects/LinkFileList
    export FIXED_FILES_DIR\=/Users/karelbraborec/Library/Developer/Xcode/DerivedData/revmeter-hbcnswmlqmbpnlazhhkncgeowiss/Build/Intermediates.noindex/Pods.build/Debug-iphonesimulator/React-RCTFBReactNativeSpec.build/FixedFiles
    export FRAMEWORK_SEARCH_PATHS\=\ \"/Users/karelbraborec/rev-meter/ios/Pods/React-Core-prebuilt\"\ \"/Users/karelbraborec/rev-meter/ios/Pods/ReactNativeDependencies/framework/packages/react-native\"\ \"/Users/karelbraborec/rev-meter/ios/Pods/hermes-engine/destroot/Library/Frameworks/universal\"\ \"/Users/karelbraborec/Library/Developer/Xcode/DerivedData/revmeter-hbcnswmlqmbpnlazhhkncgeowiss/Build/Products/Debug-iphonesimulator/XCFrameworkIntermediates/React-Core-prebuilt\"\ \"/Users/karelbraborec/Library/Developer/Xcode/DerivedData/revmeter-hbcnswmlqmbpnlazhhkncgeowiss/Build/Products/Debug-iphonesimulator/XCFrameworkIntermediates/ReactNativeDependencies\"\ \"/Users/karelbraborec/Library/Developer/Xcode/DerivedData/revmeter-hbcnswmlqmbpnlazhhkncgeowiss/Build/Products/Debug-iphonesimulator/XCFrameworkIntermediates/hermes-engine/Pre-built\"
    export FRAMEWORK_VERSION\=A
    export FUSE_BUILD_PHASES\=YES
    export FUSE_BUILD_SCRIPT_PHASES\=NO
    export GCC3_VERSION\=3.3
    export GCC_C_LANGUAGE_STANDARD\=gnu11
    export GCC_DYNAMIC_NO_PIC\=NO
    export GCC_NO_COMMON_BLOCKS\=YES
    export GCC_OBJC_LEGACY_DISPATCH\=YES
    export GCC_OPTIMIZATION_LEVEL\=0
    export GCC_PFE_FILE_C_DIALECTS\=c\ objective-c\ c++\ objective-c++
    export GCC_PREPROCESSOR_DEFINITIONS\=POD_CONFIGURATION_DEBUG\=1\ DEBUG\=1\ \ COCOAPODS\=1
    export GCC_TREAT_WARNINGS_AS_ERRORS\=NO
    export GCC_VERSION\=com.apple.compilers.llvm.clang.1_0
    export GCC_VERSION_IDENTIFIER\=com_apple_compilers_llvm_clang_1_0
    export GCC_WARN_64_TO_32_BIT_CONVERSION\=YES
    export GCC_WARN_ABOUT_RETURN_TYPE\=YES_ERROR
    export GCC_WARN_UNDECLARED_SELECTOR\=YES
    export GCC_WARN_UNINITIALIZED_AUTOS\=YES_AGGRESSIVE
    export GCC_WARN_UNUSED_FUNCTION\=YES
    export GCC_WARN_UNUSED_VARIABLE\=YES
    export GENERATED_MODULEMAP_DIR\=/Users/karelbraborec/Library/Developer/Xcode/DerivedData/revmeter-hbcnswmlqmbpnlazhhkncgeowiss/Build/Intermediates.noindex/GeneratedModuleMaps-iphonesimulator
    export GENERATE_INFOPLIST_FILE\=NO
    export GENERATE_INTERMEDIATE_TEXT_BASED_STUBS\=YES
    export GENERATE_PKGINFO_FILE\=NO
    export GENERATE_PRELINK_OBJECT_FILE\=NO
    export GENERATE_PROFILING_CODE\=NO
    export GENERATE_TEXT_BASED_STUBS\=NO
    export GID\=20
    export GROUP\=staff
    export HEADERMAP_INCLUDES_FLAT_ENTRIES_FOR_TARGET_BEING_BUILT\=YES
    export HEADERMAP_INCLUDES_FRAMEWORK_ENTRIES_FOR_ALL_PRODUCT_TYPES\=YES
    export HEADERMAP_INCLUDES_FRAMEWORK_ENTRIES_FOR_TARGETS_NOT_BEING_BUILT\=YES
    export HEADERMAP_INCLUDES_NONPUBLIC_NONPRIVATE_HEADERS\=YES
    export HEADERMAP_INCLUDES_PROJECT_HEADERS\=YES
    export HEADERMAP_USES_FRAMEWORK_PREFIX_ENTRIES\=YES
    export HEADERMAP_USES_VFS\=NO
    export HEADER_SEARCH_PATHS\=\ \"/Users/karelbraborec/rev-meter/ios/Pods/Headers/Private\"\ \"/Users/karelbraborec/rev-meter/ios/Pods/Headers/Private/React-RCTFBReactNativeSpec\"\ \"/Users/karelbraborec/rev-meter/ios/Pods/Headers/Public\"\ \"/Users/karelbraborec/rev-meter/ios/Pods/Headers/Public/FBLazyVector\"\ \"/Users/karelbraborec/rev-meter/ios/Pods/Headers/Public/RCTDeprecation\"\ \"/Users/karelbraborec/rev-meter/ios/Pods/Headers/Public/RCTRequired\"\ \"/Users/karelbraborec/rev-meter/ios/Pods/Headers/Public/RCTTypeSafety\"\ \"/Users/karelbraborec/rev-meter/ios/Pods/Headers/Public/React-Core\"\ \"/Users/karelbraborec/rev-meter/ios/Pods/Headers/Public/React-Core-prebuilt\"\ \"/Users/karelbraborec/rev-meter/ios/Pods/Headers/Public/React-Fabric\"\ \"/Users/karelbraborec/rev-meter/ios/Pods/Headers/Public/React-NativeModulesApple\"\ \"/Users/karelbraborec/rev-meter/ios/Pods/Headers/Public/React-RCTFBReactNativeSpec\"\ \"/Users/karelbraborec/rev-meter/ios/Pods/Headers/Public/React-callinvoker\"\ \"/Users/karelbraborec/rev-meter/ios/Pods/Headers/Public/React-cxxreact\"\ \"/Users/karelbraborec/rev-meter/ios/Pods/Headers/Public/React-debug\"\ \"/Users/karelbraborec/rev-meter/ios/Pods/Headers/Public/React-featureflags\"\ \"/Users/karelbraborec/rev-meter/ios/Pods/Headers/Public/React-graphics\"\ \"/Users/karelbraborec/rev-meter/ios/Pods/Headers/Public/React-hermes\"\ \"/Users/karelbraborec/rev-meter/ios/Pods/Headers/Public/React-jserrorhandler\"\ \"/Users/karelbraborec/rev-meter/ios/Pods/Headers/Public/React-jsi\"\ \"/Users/karelbraborec/rev-meter/ios/Pods/Headers/Public/React-jsiexecutor\"\ \"/Users/karelbraborec/rev-meter/ios/Pods/Headers/Public/React-jsinspector\"\ \"/Users/karelbraborec/rev-meter/ios/Pods/Headers/Public/React-jsinspectorcdp\"\ \"/Users/karelbraborec/rev-meter/ios/Pods/Headers/Public/React-jsinspectornetwork\"\ \"/Users/karelbraborec/rev-meter/ios/Pods/Headers/Public/React-jsinspectortracing\"\ \"/Users/karelbraborec/rev-meter/ios/Pods/Headers/Public/React-jsitooling\"\ \"/Users/karelbraborec/rev-meter/ios/Pods/Headers/Public/React-logger\"\ \"/Users/karelbraborec/rev-meter/ios/Pods/Headers/Public/React-oscompat\"\ \"/Users/karelbraborec/rev-meter/ios/Pods/Headers/Public/React-perflogger\"\ \"/Users/karelbraborec/rev-meter/ios/Pods/Headers/Public/React-performancecdpmetrics\"\ \"/Users/karelbraborec/rev-meter/ios/Pods/Headers/Public/React-performancetimeline\"\ \"/Users/karelbraborec/rev-meter/ios/Pods/Headers/Public/React-rendererconsistency\"\ \"/Users/karelbraborec/rev-meter/ios/Pods/Headers/Public/React-renderercss\"\ \"/Users/karelbraborec/rev-meter/ios/Pods/Headers/Public/React-rendererdebug\"\ \"/Users/karelbraborec/rev-meter/ios/Pods/Headers/Public/React-runtimeexecutor\"\ \"/Users/karelbraborec/rev-meter/ios/Pods/Headers/Public/React-runtimescheduler\"\ \"/Users/karelbraborec/rev-meter/ios/Pods/Headers/Public/React-timing\"\ \"/Users/karelbraborec/rev-meter/ios/Pods/Headers/Public/React-utils\"\ \"/Users/karelbraborec/rev-meter/ios/Pods/Headers/Public/ReactCommon\"\ \"/Users/karelbraborec/rev-meter/ios/Pods/Headers/Public/ReactNativeDependencies\"\ \"/Users/karelbraborec/rev-meter/ios/Pods/Headers/Public/Yoga\"\ \"/Users/karelbraborec/rev-meter/ios/Pods/Headers/Public/hermes-engine\"\ \"/Users/karelbraborec/rev-meter/ios/Pods/../../node_modules/react-native/React/FBReactNativeSpec\"\ \"/Users/karelbraborec/rev-meter/ios/Pods/Headers/Private/Yoga\"\ \"/Users/karelbraborec/rev-meter/ios/Pods/ReactCommon\"\ \"/Users/karelbraborec/rev-meter/ios/Pods/ReactCommon/react/nativemodule/core\"\ \"/Users/karelbraborec/rev-meter/ios/Pods/ReactCommon\"\ \"/Users/karelbraborec/rev-meter/ios/Pods/ReactCommon/react/nativemodule/bridging\"\ \"/Users/karelbraborec/rev-meter/ios/Pods/../../node_modules/react-native/React/FBReactNativeSpec\"\ \"/Users/karelbraborec/rev-meter/ios/Pods/Headers/Private/Yoga\"\ \"/Users/karelbraborec/rev-meter/ios/Pods/ReactCommon\"\ \"/Users/karelbraborec/rev-meter/ios/Pods/ReactCommon/react/nativemodule/core\"\ \"/Users/karelbraborec/rev-meter/ios/Pods/ReactCommon\"\ \"/Users/karelbraborec/rev-meter/ios/Pods/ReactCommon/react/nativemodule/bridging\"\ \"/Users/karelbraborec/rev-meter/ios/Pods/React-featureflags\"\ \"/Users/karelbraborec/rev-meter/ios/Pods/React-debug\"\ \"/Users/karelbraborec/rev-meter/ios/Pods/React-rendererdebug\"\ \"/Users/karelbraborec/rev-meter/ios/Pods/React-utils\"\ \"/Users/karelbraborec/rev-meter/ios/Pods/React-graphics\"\ \"/Users/karelbraborec/rev-meter/ios/Pods/React-graphics/react/renderer/graphics/platform/ios\"\ \"/Users/karelbraborec/rev-meter/ios/Pods/React-Fabric\"\ \"/Users/karelbraborec/rev-meter/ios/Pods/React-Fabric/react/renderer/components/view/platform/cxx\"\ \"/Users/karelbraborec/rev-meter/ios/Pods/ExpoModulesCore/ExpoModulesCore.xcframework/ios-arm64_x86_64-simulator/ExpoModulesCore.framework/Headers\"\ \"/Users/karelbraborec/rev-meter/ios/Pods/ExpoModulesCore/ExpoModulesCore.xcframework/ios-arm64/ExpoModulesCore.framework/Headers\"\ \"/Users/karelbraborec/rev-meter/ios/Pods/ExpoModulesCore/ExpoModulesCore.xcframework/ios-arm64_x86_64-simulator/ExpoModulesCore.framework/Headers\"\ \"/Users/karelbraborec/rev-meter/ios/Pods/ExpoModulesCore/ExpoModulesCore.xcframework/ios-arm64/ExpoModulesCore.framework/Headers\"
    export HOME\=/Users/karelbraborec
    export HOST_ARCH\=arm64
    export HOST_PLATFORM\=macosx
    export ICONV\=/usr/bin/iconv
    export IMPLICIT_DEPENDENCY_DOMAIN\=default
    export INDEX_STORE_COMPRESS\=NO
    export INDEX_STORE_ONLY_PROJECT_FILES\=NO
    export INFOPLIST_ENABLE_CFBUNDLEICONS_MERGE\=YES
    export INFOPLIST_EXPAND_BUILD_SETTINGS\=YES
    export INFOPLIST_OUTPUT_FORMAT\=binary
    export INFOPLIST_PREPROCESS\=NO
    export INLINE_PRIVATE_FRAMEWORKS\=NO
    export INSTALLAPI_IGNORE_SKIP_INSTALL\=YES
    export INSTALLHDRS_COPY_PHASE\=NO
    export INSTALLHDRS_SCRIPT_PHASE\=NO
    export INSTALL_DIR\=/tmp/Pods.dst
    export INSTALL_GROUP\=staff
    export INSTALL_MODE_FLAG\=u+w,go-w,a+rX
    export INSTALL_OWNER\=karelbraborec
    export INSTALL_ROOT\=/tmp/Pods.dst
    export IPHONEOS_DEPLOYMENT_TARGET\=15.1
    export IS_UNOPTIMIZED_BUILD\=YES
    export JAVAC_DEFAULT_FLAGS\=-J-Xms64m\ -J-XX:NewSize\=4M\ -J-Dfile.encoding\=UTF8
    export JAVA_APP_STUB\=/System/Library/Frameworks/JavaVM.framework/Resources/MacOS/JavaApplicationStub
    export JAVA_ARCHIVE_CLASSES\=YES
    export JAVA_ARCHIVE_TYPE\=JAR
    export JAVA_COMPILER\=/usr/bin/javac
    export JAVA_FRAMEWORK_RESOURCES_DIRS\=Resources
    export JAVA_JAR_FLAGS\=cv
    export JAVA_SOURCE_SUBDIR\=.
    export JAVA_USE_DEPENDENCIES\=YES
    export JAVA_ZIP_FLAGS\=-urg
    export JIKES_DEFAULT_FLAGS\=+E\ +OLDCSO
    export KEEP_PRIVATE_EXTERNS\=NO
    export LD_DEPENDENCY_INFO_FILE\=/Users/karelbraborec/Library/Developer/Xcode/DerivedData/revmeter-hbcnswmlqmbpnlazhhkncgeowiss/Build/Intermediates.noindex/Pods.build/Debug-iphonesimulator/React-RCTFBReactNativeSpec.build/Objects-normal/undefined_arch/React-RCTFBReactNativeSpec_dependency_info.dat
    export LD_EXPORT_SYMBOLS\=YES
    export LD_GENERATE_MAP_FILE\=NO
    export LD_MAP_FILE_PATH\=/Users/karelbraborec/Library/Developer/Xcode/DerivedData/revmeter-hbcnswmlqmbpnlazhhkncgeowiss/Build/Intermediates.noindex/Pods.build/Debug-iphonesimulator/React-RCTFBReactNativeSpec.build/React-RCTFBReactNativeSpec-LinkMap-normal-undefined_arch.txt
    export LD_NO_PIE\=NO
    export LD_QUOTE_LINKER_ARGUMENTS_FOR_COMPILER_DRIVER\=YES
    export LD_RUNPATH_SEARCH_PATHS\=\ @executable_path/Frameworks
    export LD_SHARED_CACHE_ELIGIBLE\=Automatic
    export LD_WARN_DUPLICATE_LIBRARIES\=NO
    export LD_WARN_UNUSED_DYLIBS\=NO
    export LEGACY_DEVELOPER_DIR\=/Applications/Xcode.app/Contents/PlugIns/Xcode3Core.ideplugin/Contents/SharedSupport/Developer
    export LEX\=lex
    export LIBRARY_DEXT_INSTALL_PATH\=/Library/DriverExtensions
    export LIBRARY_FLAG_NOSPACE\=YES
    export LIBRARY_KEXT_INSTALL_PATH\=/Library/Extensions
    export LINKER_DISPLAYS_MANGLED_NAMES\=NO
    export LINK_FILE_LIST_normal_arm64\=/Users/karelbraborec/Library/Developer/Xcode/DerivedData/revmeter-hbcnswmlqmbpnlazhhkncgeowiss/Build/Intermediates.noindex/Pods.build/Debug-iphonesimulator/React-RCTFBReactNativeSpec.build/Objects-normal/arm64/React-RCTFBReactNativeSpec.LinkFileList
    export LINK_FILE_LIST_normal_x86_64\=/Users/karelbraborec/Library/Developer/Xcode/DerivedData/revmeter-hbcnswmlqmbpnlazhhkncgeowiss/Build/Intermediates.noindex/Pods.build/Debug-iphonesimulator/React-RCTFBReactNativeSpec.build/Objects-normal/x86_64/React-RCTFBReactNativeSpec.LinkFileList
    export LINK_OBJC_RUNTIME\=YES
    export LINK_WITH_STANDARD_LIBRARIES\=YES
    export LLVM_TARGET_TRIPLE_OS_VERSION\=ios15.1
    export LLVM_TARGET_TRIPLE_SUFFIX\=-simulator
    export LLVM_TARGET_TRIPLE_VENDOR\=apple
    export LM_AUX_CONST_METADATA_LIST_PATH_normal_arm64\=/Users/karelbraborec/Library/Developer/Xcode/DerivedData/revmeter-hbcnswmlqmbpnlazhhkncgeowiss/Build/Intermediates.noindex/Pods.build/Debug-iphonesimulator/React-RCTFBReactNativeSpec.build/Objects-normal/arm64/React-RCTFBReactNativeSpec.SwiftConstValuesFileList
    export LM_AUX_CONST_METADATA_LIST_PATH_normal_x86_64\=/Users/karelbraborec/Library/Developer/Xcode/DerivedData/revmeter-hbcnswmlqmbpnlazhhkncgeowiss/Build/Intermediates.noindex/Pods.build/Debug-iphonesimulator/React-RCTFBReactNativeSpec.build/Objects-normal/x86_64/React-RCTFBReactNativeSpec.SwiftConstValuesFileList
    export LOCALIZATION_EXPORT_SUPPORTED\=YES
    export LOCALIZATION_PREFERS_STRING_CATALOGS\=NO
    export LOCALIZED_STRING_CODE_COMMENTS\=NO
    export LOCALIZED_STRING_MACRO_NAMES\=NSLocalizedString\ CFCopyLocalizedString
    export LOCALIZED_STRING_SWIFTUI_SUPPORT\=YES
    export LOCAL_ADMIN_APPS_DIR\=/Applications/Utilities
    export LOCAL_APPS_DIR\=/Applications
    export LOCAL_DEVELOPER_DIR\=/Library/Developer
    export LOCAL_LIBRARY_DIR\=/Library
    export LOCROOT\=/Users/karelbraborec/rev-meter/ios/Pods
    export LOCSYMROOT\=/Users/karelbraborec/rev-meter/ios/Pods
    export MAC_OS_X_PRODUCT_BUILD_VERSION\=25F84
    export MAC_OS_X_VERSION_ACTUAL\=260502
    export MAC_OS_X_VERSION_MAJOR\=260000
    export MAC_OS_X_VERSION_MINOR\=260500
    export MAKE_MERGEABLE\=NO
    export MERGEABLE_LIBRARY\=NO
    export MERGED_BINARY_TYPE\=none
    export MERGE_LINKED_LIBRARIES\=NO
    export METAL_LIBRARY_FILE_BASE\=default
    export METAL_LIBRARY_OUTPUT_DIR\=/Users/karelbraborec/Library/Developer/Xcode/DerivedData/revmeter-hbcnswmlqmbpnlazhhkncgeowiss/Build/Products/Debug-iphonesimulator/React-RCTFBReactNativeSpec/
    export MODULE_CACHE_DIR\=/Users/karelbraborec/Library/Developer/Xcode/DerivedData/ModuleCache.noindex
    export MTL_ENABLE_DEBUG_INFO\=INCLUDE_SOURCE
    export MTL_FAST_MATH\=YES
    export NATIVE_ARCH\=arm64
    export NATIVE_ARCH_32_BIT\=arm
    export NATIVE_ARCH_64_BIT\=arm64
    export NATIVE_ARCH_ACTUAL\=arm64
    export NO_COMMON\=YES
    export OBJC_ABI_VERSION\=2
    export OBJECT_FILE_DIR\=/Users/karelbraborec/Library/Developer/Xcode/DerivedData/revmeter-hbcnswmlqmbpnlazhhkncgeowiss/Build/Intermediates.noindex/Pods.build/Debug-iphonesimulator/React-RCTFBReactNativeSpec.build/Objects
    export OBJECT_FILE_DIR_normal\=/Users/karelbraborec/Library/Developer/Xcode/DerivedData/revmeter-hbcnswmlqmbpnlazhhkncgeowiss/Build/Intermediates.noindex/Pods.build/Debug-iphonesimulator/React-RCTFBReactNativeSpec.build/Objects-normal
    export OBJROOT\=/Users/karelbraborec/Library/Developer/Xcode/DerivedData/revmeter-hbcnswmlqmbpnlazhhkncgeowiss/Build/Intermediates.noindex
    export ONLY_ACTIVE_ARCH\=NO
    export OS\=MACOS
    export OSAC\=/usr/bin/osacompile
    export OTHER_CFLAGS\=\ -DRCT_REMOVE_LEGACY_ARCH\=1\ -ivfsoverlay\ /Users/karelbraborec/rev-meter/ios/Pods/React-Core-prebuilt/React-VFS.yaml
    export OTHER_CPLUSPLUSFLAGS\=\ -DRCT_REMOVE_LEGACY_ARCH\=1\ -ivfsoverlay\ /Users/karelbraborec/rev-meter/ios/Pods/React-Core-prebuilt/React-VFS.yaml\ -DRCT_REMOVE_LEGACY_ARCH\=1\ -ivfsoverlay\ /Users/karelbraborec/rev-meter/ios/Pods/React-Core-prebuilt/React-VFS.yaml
    export OTHER_SWIFT_FLAGS\=\ -Xcc\ -ivfsoverlay\ -Xcc\ /Users/karelbraborec/rev-meter/ios/Pods/React-Core-prebuilt/React-VFS.yaml
    export PASCAL_STRINGS\=YES
    export PATH\=/Applications/Xcode.app/Contents/SharedFrameworks/SwiftBuild.framework/Versions/A/PlugIns/SWBBuildService.bundle/Contents/PlugIns/SWBUniversalPlatformPlugin.bundle/Contents/Frameworks/SWBUniversalPlatform.framework/Resources:/Applications/Xcode.app/Contents/Developer/Toolchains/XcodeDefault.xctoolchain/usr/bin:/Applications/Xcode.app/Contents/Developer/Toolchains/XcodeDefault.xctoolchain/usr/local/bin:/Applications/Xcode.app/Contents/Developer/Toolchains/XcodeDefault.xctoolchain/usr/libexec:/Applications/Xcode.app/Contents/Developer/Platforms/iPhoneSimulator.platform/usr/bin:/Applications/Xcode.app/Contents/Developer/Platforms/iPhoneSimulator.platform/usr/local/bin:/Applications/Xcode.app/Contents/Developer/Platforms/iPhoneSimulator.platform/Developer/usr/bin:/Applications/Xcode.app/Contents/Developer/Platforms/iPhoneSimulator.platform/Developer/usr/local/bin:/Applications/Xcode.app/Contents/Developer/usr/bin:/Applications/Xcode.app/Contents/Developer/usr/local/bin:/Users/karelbraborec/.gemini/antigravity-ide/bin:/usr/local/bin:/System/Cryptexes/App/usr/bin:/usr/bin:/bin:/usr/sbin:/sbin:/var/run/com.apple.security.cryptexd/codex.system/bootstrap/usr/local/bin:/var/run/com.apple.security.cryptexd/codex.system/bootstrap/usr/bin:/var/run/com.apple.security.cryptexd/codex.system/bootstrap/usr/appleinternal/bin:/pkg/env/global/bin:/Library/Apple/usr/bin:/opt/homebrew/bin
    export PATH_PREFIXES_EXCLUDED_FROM_HEADER_DEPENDENCIES\=/usr/include\ /usr/local/include\ /System/Library/Frameworks\ /System/Library/PrivateFrameworks\ /Applications/Xcode.app/Contents/Developer/Headers\ /Applications/Xcode.app/Contents/Developer/SDKs\ /Applications/Xcode.app/Contents/Developer/Platforms
    export PER_ARCH_MODULE_FILE_DIR\=/Users/karelbraborec/Library/Developer/Xcode/DerivedData/revmeter-hbcnswmlqmbpnlazhhkncgeowiss/Build/Intermediates.noindex/Pods.build/Debug-iphonesimulator/React-RCTFBReactNativeSpec.build/Objects-normal/undefined_arch
    export PER_ARCH_OBJECT_FILE_DIR\=/Users/karelbraborec/Library/Developer/Xcode/DerivedData/revmeter-hbcnswmlqmbpnlazhhkncgeowiss/Build/Intermediates.noindex/Pods.build/Debug-iphonesimulator/React-RCTFBReactNativeSpec.build/Objects-normal/undefined_arch
    export PER_VARIANT_OBJECT_FILE_DIR\=/Users/karelbraborec/Library/Developer/Xcode/DerivedData/revmeter-hbcnswmlqmbpnlazhhkncgeowiss/Build/Intermediates.noindex/Pods.build/Debug-iphonesimulator/React-RCTFBReactNativeSpec.build/Objects-normal
    export PKGINFO_FILE_PATH\=/Users/karelbraborec/Library/Developer/Xcode/DerivedData/revmeter-hbcnswmlqmbpnlazhhkncgeowiss/Build/Intermediates.noindex/Pods.build/Debug-iphonesimulator/React-RCTFBReactNativeSpec.build/PkgInfo
    export PLATFORM_DEVELOPER_APPLICATIONS_DIR\=/Applications/Xcode.app/Contents/Developer/Platforms/iPhoneSimulator.platform/Developer/Applications
    export PLATFORM_DEVELOPER_BIN_DIR\=/Applications/Xcode.app/Contents/Developer/Platforms/iPhoneSimulator.platform/Developer/usr/bin
    export PLATFORM_DEVELOPER_LIBRARY_DIR\=/Applications/Xcode.app/Contents/Developer/Platforms/iPhoneSimulator.platform/Developer/Library
    export PLATFORM_DEVELOPER_SDK_DIR\=/Applications/Xcode.app/Contents/Developer/Platforms/iPhoneSimulator.platform/Developer/SDKs
    export PLATFORM_DEVELOPER_TOOLS_DIR\=/Applications/Xcode.app/Contents/Developer/Platforms/iPhoneSimulator.platform/Developer/Tools
    export PLATFORM_DEVELOPER_USR_DIR\=/Applications/Xcode.app/Contents/Developer/Platforms/iPhoneSimulator.platform/Developer/usr
    export PLATFORM_DIR\=/Applications/Xcode.app/Contents/Developer/Platforms/iPhoneSimulator.platform
    export PLATFORM_DISPLAY_NAME\=iOS\ Simulator
    export PLATFORM_FAMILY_NAME\=iOS
    export PLATFORM_NAME\=iphonesimulator
    export PLATFORM_PREFERRED_ARCH\=x86_64
    export PLATFORM_PRODUCT_BUILD_VERSION\=23F81a
    export PLATFORM_REQUIRES_SWIFT_AUTOLINK_EXTRACT\=NO
    export PLATFORM_REQUIRES_SWIFT_MODULEWRAP\=NO
    export PLATFORM_USES_DSYMS\=YES
    export PLIST_FILE_OUTPUT_FORMAT\=binary
    export PODFILE_DIR\=/Users/karelbraborec/rev-meter/ios/Pods/..
    export PODS_BUILD_DIR\=/Users/karelbraborec/Library/Developer/Xcode/DerivedData/revmeter-hbcnswmlqmbpnlazhhkncgeowiss/Build/Products
    export PODS_CONFIGURATION_BUILD_DIR\=/Users/karelbraborec/Library/Developer/Xcode/DerivedData/revmeter-hbcnswmlqmbpnlazhhkncgeowiss/Build/Products/Debug-iphonesimulator
    export PODS_DEVELOPMENT_LANGUAGE\=en
    export PODS_ROOT\=/Users/karelbraborec/rev-meter/ios/Pods
    export PODS_TARGET_SRCROOT\=/Users/karelbraborec/rev-meter/ios/Pods/../../node_modules/react-native/React
    export PODS_XCFRAMEWORKS_BUILD_DIR\=/Users/karelbraborec/Library/Developer/Xcode/DerivedData/revmeter-hbcnswmlqmbpnlazhhkncgeowiss/Build/Products/Debug-iphonesimulator/XCFrameworkIntermediates
    export PRECOMPS_INCLUDE_HEADERS_FROM_BUILT_PRODUCTS_DIR\=YES
    export PRECOMP_DESTINATION_DIR\=/Users/karelbraborec/Library/Developer/Xcode/DerivedData/revmeter-hbcnswmlqmbpnlazhhkncgeowiss/Build/Intermediates.noindex/Pods.build/Debug-iphonesimulator/React-RCTFBReactNativeSpec.build/PrefixHeaders
    export PROCESSED_INFOPLIST_PATH\=/Users/karelbraborec/Library/Developer/Xcode/DerivedData/revmeter-hbcnswmlqmbpnlazhhkncgeowiss/Build/Intermediates.noindex/Pods.build/Debug-iphonesimulator/React-RCTFBReactNativeSpec.build/Objects-normal/undefined_arch/Processed-Info.plist
    export PRODUCT_BUNDLE_IDENTIFIER\=org.cocoapods.React-RCTFBReactNativeSpec
    export PRODUCT_MODULE_NAME\=React_RCTFBReactNativeSpec
    export PRODUCT_NAME\=React-RCTFBReactNativeSpec
    export PRODUCT_SETTINGS_PATH\=
    export PROFILING_CODE\=NO
    export PROJECT\=Pods
    export PROJECT_DERIVED_FILE_DIR\=/Users/karelbraborec/Library/Developer/Xcode/DerivedData/revmeter-hbcnswmlqmbpnlazhhkncgeowiss/Build/Intermediates.noindex/Pods.build/DerivedSources
    export PROJECT_DIR\=/Users/karelbraborec/rev-meter/ios/Pods
    export PROJECT_FILE_PATH\=/Users/karelbraborec/rev-meter/ios/Pods/Pods.xcodeproj
    export PROJECT_GUID\=8699adb1dd336b26511df848a716bd42
    export PROJECT_NAME\=Pods
    export PROJECT_TEMP_DIR\=/Users/karelbraborec/Library/Developer/Xcode/DerivedData/revmeter-hbcnswmlqmbpnlazhhkncgeowiss/Build/Intermediates.noindex/Pods.build
    export PROJECT_TEMP_ROOT\=/Users/karelbraborec/Library/Developer/Xcode/DerivedData/revmeter-hbcnswmlqmbpnlazhhkncgeowiss/Build/Intermediates.noindex
    export REACT_NATIVE_PATH\=/Users/karelbraborec/rev-meter/ios/Pods/../../node_modules/react-native
    export RECOMMENDED_IPHONEOS_DEPLOYMENT_TARGET\=15.0
    export RECURSIVE_SEARCH_PATHS_FOLLOW_SYMLINKS\=YES
    export REMOVE_CVS_FROM_RESOURCES\=YES
    export REMOVE_GIT_FROM_RESOURCES\=YES
    export REMOVE_HEADERS_FROM_EMBEDDED_BUNDLES\=YES
    export REMOVE_HG_FROM_RESOURCES\=YES
    export REMOVE_STATIC_EXECUTABLES_FROM_EMBEDDED_BUNDLES\=YES
    export REMOVE_SVN_FROM_RESOURCES\=YES
    export RESCHEDULE_INDEPENDENT_HEADERS_PHASES\=YES
    export REZ_COLLECTOR_DIR\=/Users/karelbraborec/Library/Developer/Xcode/DerivedData/revmeter-hbcnswmlqmbpnlazhhkncgeowiss/Build/Intermediates.noindex/Pods.build/Debug-iphonesimulator/React-RCTFBReactNativeSpec.build/ResourceManagerResources
    export REZ_OBJECTS_DIR\=/Users/karelbraborec/Library/Developer/Xcode/DerivedData/revmeter-hbcnswmlqmbpnlazhhkncgeowiss/Build/Intermediates.noindex/Pods.build/Debug-iphonesimulator/React-RCTFBReactNativeSpec.build/ResourceManagerResources/Objects
    export RPATH_ORIGIN\=@loader_path
    export RUNTIME_EXCEPTION_ALLOW_DYLD_ENVIRONMENT_VARIABLES\=NO
    export RUNTIME_EXCEPTION_ALLOW_JIT\=NO
    export RUNTIME_EXCEPTION_ALLOW_UNSIGNED_EXECUTABLE_MEMORY\=NO
    export RUNTIME_EXCEPTION_DEBUGGING_TOOL\=NO
    export RUNTIME_EXCEPTION_DISABLE_EXECUTABLE_PAGE_PROTECTION\=NO
    export RUNTIME_EXCEPTION_DISABLE_LIBRARY_VALIDATION\=NO
    export SCANNING_PCM_KEEP_CACHE_DIRECTORY\=YES
    export SCAN_ALL_SOURCE_FILES_FOR_INCLUDES\=NO
    export SCRIPT_INPUT_FILE_COUNT\=0
    export SCRIPT_INPUT_FILE_LIST_COUNT\=0
    export SCRIPT_OUTPUT_FILE_COUNT\=0
    export SCRIPT_OUTPUT_FILE_LIST_COUNT\=0
    export SDKROOT\=/Applications/Xcode.app/Contents/Developer/Platforms/iPhoneSimulator.platform/Developer/SDKs/iPhoneSimulator26.5.sdk
    export SDK_DIR\=/Applications/Xcode.app/Contents/Developer/Platforms/iPhoneSimulator.platform/Developer/SDKs/iPhoneSimulator26.5.sdk
    export SDK_DIR_iphonesimulator\=/Applications/Xcode.app/Contents/Developer/Platforms/iPhoneSimulator.platform/Developer/SDKs/iPhoneSimulator26.5.sdk
    export SDK_DIR_iphonesimulator26_5\=/Applications/Xcode.app/Contents/Developer/Platforms/iPhoneSimulator.platform/Developer/SDKs/iPhoneSimulator26.5.sdk
    export SDK_NAME\=iphonesimulator26.5
    export SDK_NAMES\=iphonesimulator26.5
    export SDK_PRODUCT_BUILD_VERSION\=23F81a
    export SDK_STAT_CACHE_DIR\=/Users/karelbraborec/Library/Developer/Xcode/DerivedData
    export SDK_STAT_CACHE_ENABLE\=YES
    export SDK_STAT_CACHE_PATH\=/Users/karelbraborec/Library/Developer/Xcode/DerivedData/SDKStatCaches.noindex/iphonesimulator26.5-23F81a-6cfe768891a92b912361537c460fe42b.sdkstatcache
    export SDK_VERSION\=26.5
    export SDK_VERSION_ACTUAL\=260500
    export SDK_VERSION_MAJOR\=260000
    export SDK_VERSION_MINOR\=260500
    export SED\=/usr/bin/sed
    export SEPARATE_STRIP\=NO
    export SEPARATE_SYMBOL_EDIT\=NO
    export SET_DIR_MODE_OWNER_GROUP\=YES
    export SET_FILE_MODE_OWNER_GROUP\=NO
    export SHALLOW_BUNDLE\=NO
    export SHARED_DERIVED_FILE_DIR\=/Users/karelbraborec/Library/Developer/Xcode/DerivedData/revmeter-hbcnswmlqmbpnlazhhkncgeowiss/Build/Products/Debug-iphonesimulator/React-RCTFBReactNativeSpec/DerivedSources
    export SHARED_PRECOMPS_DIR\=/Users/karelbraborec/Library/Developer/Xcode/DerivedData/revmeter-hbcnswmlqmbpnlazhhkncgeowiss/Build/Intermediates.noindex/PrecompiledHeaders
    export SKIP_INSTALL\=YES
    export SKIP_MERGEABLE_LIBRARY_BUNDLE_HOOK\=NO
    export SOURCE_ROOT\=/Users/karelbraborec/rev-meter/ios/Pods
    export SRCROOT\=/Users/karelbraborec/rev-meter/ios/Pods
    export STRINGSDATA_DIR\=/Users/karelbraborec/Library/Developer/Xcode/DerivedData/revmeter-hbcnswmlqmbpnlazhhkncgeowiss/Build/Intermediates.noindex/Pods.build/Debug-iphonesimulator/React-RCTFBReactNativeSpec.build/Objects-normal/undefined_arch
    export STRINGSDATA_ROOT\=/Users/karelbraborec/Library/Developer/Xcode/DerivedData/revmeter-hbcnswmlqmbpnlazhhkncgeowiss/Build/Intermediates.noindex/Pods.build/Debug-iphonesimulator/React-RCTFBReactNativeSpec.build
    export STRINGS_FILE_INFOPLIST_RENAME\=YES
    export STRINGS_FILE_OUTPUT_ENCODING\=binary
    export STRING_CATALOG_GENERATE_SYMBOLS\=NO
    export STRIP_BITCODE_FROM_COPIED_FILES\=NO
    export STRIP_INSTALLED_PRODUCT\=NO
    export STRIP_STYLE\=all
    export STRIP_SWIFT_SYMBOLS\=YES
    export SUPPORTED_DEVICE_FAMILIES\=1,2
    export SUPPORTED_PLATFORMS\=iphoneos\ iphonesimulator
    export SUPPORTS_TEXT_BASED_API\=NO
    export SUPPRESS_WARNINGS\=NO
    export SWIFT_ACTIVE_COMPILATION_CONDITIONS\=\ DEBUG
    export SWIFT_EMIT_CONST_VALUE_PROTOCOLS\=AnyResolverProviding\ AppEntity\ AppEnum\ AppExtension\ AppIntent\ AppIntentsPackage\ AppShortcutProviding\ AppShortcutsProvider\ AppUnionValue\ AppUnionValueCasesProviding\ DynamicOptionsProvider\ EntityQuery\ ExtensionPointDefining\ IntentValueQuery\ Resolver\ TransientEntity\ _AssistantIntentsProvider\ _GenerativeFunctionExtractable\ _IntentValueRepresentable
    export SWIFT_EMIT_LOC_STRINGS\=NO
    export SWIFT_EMIT_MODULE_INTERFACE\=NO
    export SWIFT_ENABLE_EXPLICIT_MODULES\=NO
    export SWIFT_OPTIMIZATION_LEVEL\=-Onone
    export SWIFT_PLATFORM_TARGET_PREFIX\=ios
    export SWIFT_RESPONSE_FILE_PATH_normal_arm64\=/Users/karelbraborec/Library/Developer/Xcode/DerivedData/revmeter-hbcnswmlqmbpnlazhhkncgeowiss/Build/Intermediates.noindex/Pods.build/Debug-iphonesimulator/React-RCTFBReactNativeSpec.build/Objects-normal/arm64/React-RCTFBReactNativeSpec.SwiftFileList
    export SWIFT_RESPONSE_FILE_PATH_normal_x86_64\=/Users/karelbraborec/Library/Developer/Xcode/DerivedData/revmeter-hbcnswmlqmbpnlazhhkncgeowiss/Build/Intermediates.noindex/Pods.build/Debug-iphonesimulator/React-RCTFBReactNativeSpec.build/Objects-normal/x86_64/React-RCTFBReactNativeSpec.SwiftFileList
    export SWIFT_VERSION\=5.0
    export SYMROOT\=/Users/karelbraborec/Library/Developer/Xcode/DerivedData/revmeter-hbcnswmlqmbpnlazhhkncgeowiss/Build/Products
    export SYSTEM_ADMIN_APPS_DIR\=/Applications/Utilities
    export SYSTEM_APPS_DIR\=/Applications
    export SYSTEM_CORE_SERVICES_DIR\=/System/Library/CoreServices
    export SYSTEM_DEMOS_DIR\=/Applications/Extras
    export SYSTEM_DEVELOPER_APPS_DIR\=/Applications/Xcode.app/Contents/Developer/Applications
    export SYSTEM_DEVELOPER_BIN_DIR\=/Applications/Xcode.app/Contents/Developer/usr/bin
    export SYSTEM_DEVELOPER_DEMOS_DIR\=/Applications/Xcode.app/Contents/Developer/Applications/Utilities/Built\ Examples
    export SYSTEM_DEVELOPER_DIR\=/Applications/Xcode.app/Contents/Developer
    export SYSTEM_DEVELOPER_DOC_DIR\=/Applications/Xcode.app/Contents/Developer/ADC\ Reference\ Library
    export SYSTEM_DEVELOPER_GRAPHICS_TOOLS_DIR\=/Applications/Xcode.app/Contents/Developer/Applications/Graphics\ Tools
    export SYSTEM_DEVELOPER_JAVA_TOOLS_DIR\=/Applications/Xcode.app/Contents/Developer/Applications/Java\ Tools
    export SYSTEM_DEVELOPER_PERFORMANCE_TOOLS_DIR\=/Applications/Xcode.app/Contents/Developer/Applications/Performance\ Tools
    export SYSTEM_DEVELOPER_RELEASENOTES_DIR\=/Applications/Xcode.app/Contents/Developer/ADC\ Reference\ Library/releasenotes
    export SYSTEM_DEVELOPER_TOOLS\=/Applications/Xcode.app/Contents/Developer/Tools
    export SYSTEM_DEVELOPER_TOOLS_DOC_DIR\=/Applications/Xcode.app/Contents/Developer/ADC\ Reference\ Library/documentation/DeveloperTools
    export SYSTEM_DEVELOPER_TOOLS_RELEASENOTES_DIR\=/Applications/Xcode.app/Contents/Developer/ADC\ Reference\ Library/releasenotes/DeveloperTools
    export SYSTEM_DEVELOPER_USR_DIR\=/Applications/Xcode.app/Contents/Developer/usr
    export SYSTEM_DEVELOPER_UTILITIES_DIR\=/Applications/Xcode.app/Contents/Developer/Applications/Utilities
    export SYSTEM_DEXT_INSTALL_PATH\=/System/Library/DriverExtensions
    export SYSTEM_DOCUMENTATION_DIR\=/Library/Documentation
    export SYSTEM_KEXT_INSTALL_PATH\=/System/Library/Extensions
    export SYSTEM_LIBRARY_DIR\=/System/Library
    export TAPI_DEMANGLE\=YES
    export TAPI_ENABLE_PROJECT_HEADERS\=NO
    export TAPI_LANGUAGE\=objective-c
    export TAPI_LANGUAGE_STANDARD\=compiler-default
    export TAPI_USE_SRCROOT\=YES
    export TAPI_VERIFY_MODE\=Pedantic
    export TARGETED_DEVICE_FAMILY\=1,2
    export TARGETNAME\=React-RCTFBReactNativeSpec
    export TARGET_BUILD_DIR\=/Users/karelbraborec/Library/Developer/Xcode/DerivedData/revmeter-hbcnswmlqmbpnlazhhkncgeowiss/Build/Products/Debug-iphonesimulator/React-RCTFBReactNativeSpec
    export TARGET_NAME\=React-RCTFBReactNativeSpec
    export TARGET_TEMP_DIR\=/Users/karelbraborec/Library/Developer/Xcode/DerivedData/revmeter-hbcnswmlqmbpnlazhhkncgeowiss/Build/Intermediates.noindex/Pods.build/Debug-iphonesimulator/React-RCTFBReactNativeSpec.build
    export TEMP_DIR\=/Users/karelbraborec/Library/Developer/Xcode/DerivedData/revmeter-hbcnswmlqmbpnlazhhkncgeowiss/Build/Intermediates.noindex/Pods.build/Debug-iphonesimulator/React-RCTFBReactNativeSpec.build
    export TEMP_FILES_DIR\=/Users/karelbraborec/Library/Developer/Xcode/DerivedData/revmeter-hbcnswmlqmbpnlazhhkncgeowiss/Build/Intermediates.noindex/Pods.build/Debug-iphonesimulator/React-RCTFBReactNativeSpec.build
    export TEMP_FILE_DIR\=/Users/karelbraborec/Library/Developer/Xcode/DerivedData/revmeter-hbcnswmlqmbpnlazhhkncgeowiss/Build/Intermediates.noindex/Pods.build/Debug-iphonesimulator/React-RCTFBReactNativeSpec.build
    export TEMP_ROOT\=/Users/karelbraborec/Library/Developer/Xcode/DerivedData/revmeter-hbcnswmlqmbpnlazhhkncgeowiss/Build/Intermediates.noindex
    export TEMP_SANDBOX_DIR\=/Users/karelbraborec/Library/Developer/Xcode/DerivedData/revmeter-hbcnswmlqmbpnlazhhkncgeowiss/Build/Intermediates.noindex/TemporaryTaskSandboxes
    export TEST_FRAMEWORK_SEARCH_PATHS\=\ /Applications/Xcode.app/Contents/Developer/Platforms/iPhoneSimulator.platform/Developer/Library/Frameworks\ /Applications/Xcode.app/Contents/Developer/Platforms/iPhoneSimulator.platform/Developer/SDKs/iPhoneSimulator26.5.sdk/Developer/Library/Frameworks
    export TEST_LIBRARY_SEARCH_PATHS\=\ /Applications/Xcode.app/Contents/Developer/Platforms/iPhoneSimulator.platform/Developer/usr/lib
    export TOOLCHAINS\=com.apple.dt.toolchain.XcodeDefault
    export TOOLCHAIN_DIR\=/Applications/Xcode.app/Contents/Developer/Toolchains/XcodeDefault.xctoolchain
    export TREAT_MISSING_BASELINES_AS_TEST_FAILURES\=NO
    export TREAT_MISSING_SCRIPT_PHASE_OUTPUTS_AS_ERRORS\=NO
    export UID\=501
    export UNINSTALLED_PRODUCTS_DIR\=/Users/karelbraborec/Library/Developer/Xcode/DerivedData/revmeter-hbcnswmlqmbpnlazhhkncgeowiss/Build/Intermediates.noindex/UninstalledProducts
    export UNSTRIPPED_PRODUCT\=NO
    export USER\=karelbraborec
    export USER_APPS_DIR\=/Users/karelbraborec/Applications
    export USER_LIBRARY_DIR\=/Users/karelbraborec/Library
    export USE_DYNAMIC_NO_PIC\=YES
    export USE_HEADERMAP\=NO
    export USE_HEADER_SYMLINKS\=NO
    export USE_HERMES\=true
    export USE_RECURSIVE_SCRIPT_INPUTS_IN_SCRIPT_PHASES\=YES
    export VALIDATE_DEVELOPMENT_ASSET_PATHS\=YES_ERROR
    export VALIDATE_PRODUCT\=NO
    export VALID_ARCHS\=arm64\ x86_64
    export VERBOSE_PBXCP\=NO
    export VERSION_INFO_BUILDER\=karelbraborec
    export VERSION_INFO_FILE\=React-RCTFBReactNativeSpec_vers.c
    export VERSION_INFO_STRING\=\"@\(\#\)PROGRAM:React-RCTFBReactNativeSpec\ \ PROJECT:Pods-\"
    export WORKSPACE_DIR\=/Users/karelbraborec/rev-meter/ios
    export WRAP_ASSET_PACKS_IN_SEPARATE_DIRECTORIES\=NO
    export XCODE_APP_SUPPORT_DIR\=/Applications/Xcode.app/Contents/Developer/Library/Xcode
    export XCODE_PRODUCT_BUILD_VERSION\=17F113
    export XCODE_VERSION_ACTUAL\=2660
    export XCODE_VERSION_MAJOR\=2600
    export XCODE_VERSION_MINOR\=2660
    export XPCSERVICES_FOLDER_PATH\=/XPCServices
    export YACC\=yacc
    export _DISCOVER_COMMAND_LINE_LINKER_INPUTS\=YES
    export _DISCOVER_COMMAND_LINE_LINKER_INPUTS_INCLUDE_WL\=YES
    export _LD_MULTIARCH\=YES
    export __DIAGNOSE_DEPRECATED_ARCHS\=YES
    export __ORIGINAL_SDK_DEFINED_LLVM_TARGET_TRIPLE_SYS\=ios
    export arch\=undefined_arch
    export variant\=normal
    /bin/sh -c /Users/karelbraborec/Library/Developer/Xcode/DerivedData/revmeter-hbcnswmlqmbpnlazhhkncgeowiss/Build/Intermediates.noindex/Pods.build/Debug-iphonesimulator/React-RCTFBReactNativeSpec.build/Script-46EB2E0001F450.sh
Checking whether Codegen has run...

SwiftDriver ExpoLogBox normal x86_64 com.apple.xcode.tools.swift.compiler (in target 'ExpoLogBox' from project 'Pods')
    cd /Users/karelbraborec/rev-meter/ios/Pods
    builtin-SwiftDriver -- /Applications/Xcode.app/Contents/Developer/Toolchains/XcodeDefault.xctoolchain/usr/bin/swiftc -module-name ExpoLogBox -Onone @/Users/karelbraborec/Library/Developer/Xcode/DerivedData/revmeter-hbcnswmlqmbpnlazhhkncgeowiss/Build/Intermediates.noindex/Pods.build/Debug-iphonesimulator/ExpoLogBox.build/Objects-normal/x86_64/ExpoLogBox.SwiftFileList -DDEBUG -D COCOAPODS -import-underlying-module -Xcc -fmodule-map-file\=/Users/karelbraborec/rev-meter/ios/Pods/Headers/Public/ExpoLogBox/ExpoLogBox.modulemap -Xcc -ivfsoverlay -Xcc /Users/karelbraborec/rev-meter/ios/Pods/React-Core-prebuilt/React-VFS.yaml -Xcc -Wno-incomplete-umbrella -enable-bare-slash-regex -enable-experimental-feature DebugDescriptionMacro -sdk /Applications/Xcode.app/Contents/Developer/Platforms/iPhoneSimulator.platform/Developer/SDKs/iPhoneSimulator26.5.sdk -target x86_64-apple-ios16.4-simulator -g -module-cache-path /Users/karelbraborec/Library/Developer/Xcode/DerivedData/ModuleCache.noindex -Xfrontend -serialize-debugging-options -enable-testing -index-store-path /Users/karelbraborec/Library/Developer/Xcode/DerivedData/revmeter-hbcnswmlqmbpnlazhhkncgeowiss/Index.noindex/DataStore -Xcc -D_LIBCPP_HARDENING_MODE\=_LIBCPP_HARDENING_MODE_DEBUG -swift-version 5 -I /Users/karelbraborec/Library/Developer/Xcode/DerivedData/revmeter-hbcnswmlqmbpnlazhhkncgeowiss/Build/Products/Debug-iphonesimulator/ExpoLogBox -F /Users/karelbraborec/Library/Developer/Xcode/DerivedData/revmeter-hbcnswmlqmbpnlazhhkncgeowiss/Build/Products/Debug-iphonesimulator/ExpoLogBox -F /Users/karelbraborec/rev-meter/ios/Pods/React-Core-prebuilt -F /Users/karelbraborec/rev-meter/ios/Pods/ReactNativeDependencies/framework/packages/react-native -F /Users/karelbraborec/rev-meter/ios/Pods/hermes-engine/destroot/Library/Frameworks/universal -F /Users/karelbraborec/Library/Developer/Xcode/DerivedData/revmeter-hbcnswmlqmbpnlazhhkncgeowiss/Build/Products/Debug-iphonesimulator/XCFrameworkIntermediates/React-Core-prebuilt -F /Users/karelbraborec/Library/Developer/Xcode/DerivedData/revmeter-hbcnswmlqmbpnlazhhkncgeowiss/Build/Products/Debug-iphonesimulator/XCFrameworkIntermediates/ReactNativeDependencies -F /Users/karelbraborec/Library/Developer/Xcode/DerivedData/revmeter-hbcnswmlqmbpnlazhhkncgeowiss/Build/Products/Debug-iphonesimulator/XCFrameworkIntermediates/hermes-engine/Pre-built -c -j10 -enable-batch-mode -incremental -Xcc -ivfsstatcache -Xcc /Users/karelbraborec/Library/Developer/Xcode/DerivedData/SDKStatCaches.noindex/iphonesimulator26.5-23F81a-6cfe768891a92b912361537c460fe42b.sdkstatcache -output-file-map /Users/karelbraborec/Library/Developer/Xcode/DerivedData/revmeter-hbcnswmlqmbpnlazhhkncgeowiss/Build/Intermediates.noindex/Pods.build/Debug-iphonesimulator/ExpoLogBox.build/Objects-normal/x86_64/ExpoLogBox-OutputFileMap.json -use-frontend-parseable-output -save-temps -no-color-diagnostics -serialize-diagnostics -emit-dependencies -emit-module -emit-module-path /Users/karelbraborec/Library/Developer/Xcode/DerivedData/revmeter-hbcnswmlqmbpnlazhhkncgeowiss/Build/Intermediates.noindex/Pods.build/Debug-iphonesimulator/ExpoLogBox.build/Objects-normal/x86_64/ExpoLogBox.swiftmodule -validate-clang-modules-once -clang-build-session-file /Users/karelbraborec/Library/Developer/Xcode/DerivedData/ModuleCache.noindex/Session.modulevalidation -Xcc -I/Users/karelbraborec/Library/Developer/Xcode/DerivedData/revmeter-hbcnswmlqmbpnlazhhkncgeowiss/Build/Intermediates.noindex/Pods.build/Debug-iphonesimulator/ExpoLogBox.build/swift-overrides.hmap -emit-const-values -Xfrontend -const-gather-protocols-file -Xfrontend /Users/karelbraborec/Library/Developer/Xcode/DerivedData/revmeter-hbcnswmlqmbpnlazhhkncgeowiss/Build/Intermediates.noindex/Pods.build/Debug-iphonesimulator/ExpoLogBox.build/Objects-normal/x86_64/ExpoLogBox_const_extract_protocols.json -Xcc -iquote -Xcc /Users/karelbraborec/Library/Developer/Xcode/DerivedData/revmeter-hbcnswmlqmbpnlazhhkncgeowiss/Build/Intermediates.noindex/Pods.build/Debug-iphonesimulator/ExpoLogBox.build/ExpoLogBox-generated-files.hmap -Xcc -I/Users/karelbraborec/Library/Developer/Xcode/DerivedData/revmeter-hbcnswmlqmbpnlazhhkncgeowiss/Build/Intermediates.noindex/Pods.build/Debug-iphonesimulator/ExpoLogBox.build/ExpoLogBox-own-target-headers.hmap -Xcc -I/Users/karelbraborec/Library/Developer/Xcode/DerivedData/revmeter-hbcnswmlqmbpnlazhhkncgeowiss/Build/Intermediates.noindex/Pods.build/Debug-iphonesimulator/ExpoLogBox.build/ExpoLogBox-all-non-framework-target-headers.hmap -Xcc -ivfsoverlay -Xcc /Users/karelbraborec/Library/Developer/Xcode/DerivedData/revmeter-hbcnswmlqmbpnlazhhkncgeowiss/Build/Intermediates.noindex/Pods.build/Debug-iphonesimulator/Pods-8699adb1dd336b26511df848a716bd42-VFS-iphonesimulator/all-product-headers.yaml -Xcc -iquote -Xcc /Users/karelbraborec/Library/Developer/Xcode/DerivedData/revmeter-hbcnswmlqmbpnlazhhkncgeowiss/Build/Intermediates.noindex/Pods.build/Debug-iphonesimulator/ExpoLogBox.build/ExpoLogBox-project-headers.hmap -Xcc -I/Users/karelbraborec/Library/Developer/Xcode/DerivedData/revmeter-hbcnswmlqmbpnlazhhkncgeowiss/Build/Products/Debug-iphonesimulator/ExpoLogBox/include -Xcc -I/Users/karelbraborec/rev-meter/ios/Pods/Headers/Public -Xcc -I/Users/karelbraborec/rev-meter/ios/Pods/Headers/Public/React-Core -Xcc -I/Users/karelbraborec/rev-meter/ios/Pods/Headers/Public/React-Core-prebuilt -Xcc -I/Users/karelbraborec/rev-meter/ios/Pods/Headers/Public/React-callinvoker -Xcc -I/Users/karelbraborec/rev-meter/ios/Pods/Headers/Public/React-cxxreact -Xcc -I/Users/karelbraborec/rev-meter/ios/Pods/Headers/Public/React-debug -Xcc -I/Users/karelbraborec/rev-meter/ios/Pods/Headers/Public/React-featureflags -Xcc -I/Users/karelbraborec/rev-meter/ios/Pods/Headers/Public/React-hermes -Xcc -I/Users/karelbraborec/rev-meter/ios/Pods/Headers/Public/React-jserrorhandler -Xcc -I/Users/karelbraborec/rev-meter/ios/Pods/Headers/Public/React-jsi -Xcc -I/Users/karelbraborec/rev-meter/ios/Pods/Headers/Public/React-jsiexecutor -Xcc -I/Users/karelbraborec/rev-meter/ios/Pods/Headers/Public/React-jsinspector -Xcc -I/Users/karelbraborec/rev-meter/ios/Pods/Headers/Public/React-jsinspectorcdp -Xcc -I/Users/karelbraborec/rev-meter/ios/Pods/Headers/Public/React-jsinspectornetwork -Xcc -I/Users/karelbraborec/rev-meter/ios/Pods/Headers/Public/React-jsinspectortracing -Xcc -I/Users/karelbraborec/rev-meter/ios/Pods/Headers/Public/React-jsitooling -Xcc -I/Users/karelbraborec/rev-meter/ios/Pods/Headers/Public/React-logger -Xcc -I/Users/karelbraborec/rev-meter/ios/Pods/Headers/Public/React-oscompat -Xcc -I/Users/karelbraborec/rev-meter/ios/Pods/Headers/Public/React-perflogger -Xcc -I/Users/karelbraborec/rev-meter/ios/Pods/Headers/Public/React-performancetimeline -Xcc -I/Users/karelbraborec/rev-meter/ios/Pods/Headers/Public/React-rendererconsistency -Xcc -I/Users/karelbraborec/rev-meter/ios/Pods/Headers/Public/React-rendererdebug -Xcc -I/Users/karelbraborec/rev-meter/ios/Pods/Headers/Public/React-runtimeexecutor -Xcc -I/Users/karelbraborec/rev-meter/ios/Pods/Headers/Public/React-runtimescheduler -Xcc -I/Users/karelbraborec/rev-meter/ios/Pods/Headers/Public/React-timing -Xcc -I/Users/karelbraborec/rev-meter/ios/Pods/Headers/Public/React-utils -Xcc -I/Users/karelbraborec/rev-meter/ios/Pods/Headers/Public/ReactCommon -Xcc -I/Users/karelbraborec/rev-meter/ios/Pods/Headers/Public/ReactNativeDependencies -Xcc -I/Users/karelbraborec/rev-meter/ios/Pods/Headers/Public/Yoga -Xcc -I/Users/karelbraborec/rev-meter/ios/Pods/Headers/Public/hermes-engine -Xcc -I/Users/karelbraborec/rev-meter/ios/Pods/ExpoModulesCore/ExpoModulesCore.xcframework/ios-arm64_x86_64-simulator/ExpoModulesCore.framework/Headers -Xcc -I/Users/karelbraborec/rev-meter/ios/Pods/ExpoModulesCore/ExpoModulesCore.xcframework/ios-arm64/ExpoModulesCore.framework/Headers -Xcc -I/Users/karelbraborec/rev-meter/ios/Pods/ExpoModulesCore/ExpoModulesCore.xcframework/ios-arm64_x86_64-simulator/ExpoModulesCore.framework/Headers -Xcc -I/Users/karelbraborec/rev-meter/ios/Pods/ExpoModulesCore/ExpoModulesCore.xcframework/ios-arm64/ExpoModulesCore.framework/Headers -Xcc -I/Users/karelbraborec/Library/Developer/Xcode/DerivedData/revmeter-hbcnswmlqmbpnlazhhkncgeowiss/Build/Intermediates.noindex/Pods.build/Debug-iphonesimulator/ExpoLogBox.build/DerivedSources-normal/x86_64 -Xcc -I/Users/karelbraborec/Library/Developer/Xcode/DerivedData/revmeter-hbcnswmlqmbpnlazhhkncgeowiss/Build/Intermediates.noindex/Pods.build/Debug-iphonesimulator/ExpoLogBox.build/DerivedSources/x86_64 -Xcc -I/Users/karelbraborec/Library/Developer/Xcode/DerivedData/revmeter-hbcnswmlqmbpnlazhhkncgeowiss/Build/Intermediates.noindex/Pods.build/Debug-iphonesimulator/ExpoLogBox.build/DerivedSources -Xcc -DPOD_CONFIGURATION_DEBUG\=1 -Xcc -DDEBUG\=1 -Xcc -DCOCOAPODS\=1 -emit-objc-header -emit-objc-header-path /Users/karelbraborec/Library/Developer/Xcode/DerivedData/revmeter-hbcnswmlqmbpnlazhhkncgeowiss/Build/Intermediates.noindex/Pods.build/Debug-iphonesimulator/ExpoLogBox.build/Objects-normal/x86_64/ExpoLogBox-Swift.h -working-directory /Users/karelbraborec/rev-meter/ios/Pods -experimental-emit-module-separately -disable-cmo

SwiftDriver ExpoLogBox normal arm64 com.apple.xcode.tools.swift.compiler (in target 'ExpoLogBox' from project 'Pods')
    cd /Users/karelbraborec/rev-meter/ios/Pods
    builtin-SwiftDriver -- /Applications/Xcode.app/Contents/Developer/Toolchains/XcodeDefault.xctoolchain/usr/bin/swiftc -module-name ExpoLogBox -Onone @/Users/karelbraborec/Library/Developer/Xcode/DerivedData/revmeter-hbcnswmlqmbpnlazhhkncgeowiss/Build/Intermediates.noindex/Pods.build/Debug-iphonesimulator/ExpoLogBox.build/Objects-normal/arm64/ExpoLogBox.SwiftFileList -DDEBUG -D COCOAPODS -import-underlying-module -Xcc -fmodule-map-file\=/Users/karelbraborec/rev-meter/ios/Pods/Headers/Public/ExpoLogBox/ExpoLogBox.modulemap -Xcc -ivfsoverlay -Xcc /Users/karelbraborec/rev-meter/ios/Pods/React-Core-prebuilt/React-VFS.yaml -Xcc -Wno-incomplete-umbrella -enable-bare-slash-regex -enable-experimental-feature DebugDescriptionMacro -sdk /Applications/Xcode.app/Contents/Developer/Platforms/iPhoneSimulator.platform/Developer/SDKs/iPhoneSimulator26.5.sdk -target arm64-apple-ios16.4-simulator -g -module-cache-path /Users/karelbraborec/Library/Developer/Xcode/DerivedData/ModuleCache.noindex -Xfrontend -serialize-debugging-options -enable-testing -index-store-path /Users/karelbraborec/Library/Developer/Xcode/DerivedData/revmeter-hbcnswmlqmbpnlazhhkncgeowiss/Index.noindex/DataStore -Xcc -D_LIBCPP_HARDENING_MODE\=_LIBCPP_HARDENING_MODE_DEBUG -swift-version 5 -I /Users/karelbraborec/Library/Developer/Xcode/DerivedData/revmeter-hbcnswmlqmbpnlazhhkncgeowiss/Build/Products/Debug-iphonesimulator/ExpoLogBox -F /Users/karelbraborec/Library/Developer/Xcode/DerivedData/revmeter-hbcnswmlqmbpnlazhhkncgeowiss/Build/Products/Debug-iphonesimulator/ExpoLogBox -F /Users/karelbraborec/rev-meter/ios/Pods/React-Core-prebuilt -F /Users/karelbraborec/rev-meter/ios/Pods/ReactNativeDependencies/framework/packages/react-native -F /Users/karelbraborec/rev-meter/ios/Pods/hermes-engine/destroot/Library/Frameworks/universal -F /Users/karelbraborec/Library/Developer/Xcode/DerivedData/revmeter-hbcnswmlqmbpnlazhhkncgeowiss/Build/Products/Debug-iphonesimulator/XCFrameworkIntermediates/React-Core-prebuilt -F /Users/karelbraborec/Library/Developer/Xcode/DerivedData/revmeter-hbcnswmlqmbpnlazhhkncgeowiss/Build/Products/Debug-iphonesimulator/XCFrameworkIntermediates/ReactNativeDependencies -F /Users/karelbraborec/Library/Developer/Xcode/DerivedData/revmeter-hbcnswmlqmbpnlazhhkncgeowiss/Build/Products/Debug-iphonesimulator/XCFrameworkIntermediates/hermes-engine/Pre-built -c -j10 -enable-batch-mode -incremental -Xcc -ivfsstatcache -Xcc /Users/karelbraborec/Library/Developer/Xcode/DerivedData/SDKStatCaches.noindex/iphonesimulator26.5-23F81a-6cfe768891a92b912361537c460fe42b.sdkstatcache -output-file-map /Users/karelbraborec/Library/Developer/Xcode/DerivedData/revmeter-hbcnswmlqmbpnlazhhkncgeowiss/Build/Intermediates.noindex/Pods.build/Debug-iphonesimulator/ExpoLogBox.build/Objects-normal/arm64/ExpoLogBox-OutputFileMap.json -use-frontend-parseable-output -save-temps -no-color-diagnostics -serialize-diagnostics -emit-dependencies -emit-module -emit-module-path /Users/karelbraborec/Library/Developer/Xcode/DerivedData/revmeter-hbcnswmlqmbpnlazhhkncgeowiss/Build/Intermediates.noindex/Pods.build/Debug-iphonesimulator/ExpoLogBox.build/Objects-normal/arm64/ExpoLogBox.swiftmodule -validate-clang-modules-once -clang-build-session-file /Users/karelbraborec/Library/Developer/Xcode/DerivedData/ModuleCache.noindex/Session.modulevalidation -Xcc -I/Users/karelbraborec/Library/Developer/Xcode/DerivedData/revmeter-hbcnswmlqmbpnlazhhkncgeowiss/Build/Intermediates.noindex/Pods.build/Debug-iphonesimulator/ExpoLogBox.build/swift-overrides.hmap -emit-const-values -Xfrontend -const-gather-protocols-file -Xfrontend /Users/karelbraborec/Library/Developer/Xcode/DerivedData/revmeter-hbcnswmlqmbpnlazhhkncgeowiss/Build/Intermediates.noindex/Pods.build/Debug-iphonesimulator/ExpoLogBox.build/Objects-normal/arm64/ExpoLogBox_const_extract_protocols.json -Xcc -iquote -Xcc /Users/karelbraborec/Library/Developer/Xcode/DerivedData/revmeter-hbcnswmlqmbpnlazhhkncgeowiss/Build/Intermediates.noindex/Pods.build/Debug-iphonesimulator/ExpoLogBox.build/ExpoLogBox-generated-files.hmap -Xcc -I/Users/karelbraborec/Library/Developer/Xcode/DerivedData/revmeter-hbcnswmlqmbpnlazhhkncgeowiss/Build/Intermediates.noindex/Pods.build/Debug-iphonesimulator/ExpoLogBox.build/ExpoLogBox-own-target-headers.hmap -Xcc -I/Users/karelbraborec/Library/Developer/Xcode/DerivedData/revmeter-hbcnswmlqmbpnlazhhkncgeowiss/Build/Intermediates.noindex/Pods.build/Debug-iphonesimulator/ExpoLogBox.build/ExpoLogBox-all-non-framework-target-headers.hmap -Xcc -ivfsoverlay -Xcc /Users/karelbraborec/Library/Developer/Xcode/DerivedData/revmeter-hbcnswmlqmbpnlazhhkncgeowiss/Build/Intermediates.noindex/Pods.build/Debug-iphonesimulator/Pods-8699adb1dd336b26511df848a716bd42-VFS-iphonesimulator/all-product-headers.yaml -Xcc -iquote -Xcc /Users/karelbraborec/Library/Developer/Xcode/DerivedData/revmeter-hbcnswmlqmbpnlazhhkncgeowiss/Build/Intermediates.noindex/Pods.build/Debug-iphonesimulator/ExpoLogBox.build/ExpoLogBox-project-headers.hmap -Xcc -I/Users/karelbraborec/Library/Developer/Xcode/DerivedData/revmeter-hbcnswmlqmbpnlazhhkncgeowiss/Build/Products/Debug-iphonesimulator/ExpoLogBox/include -Xcc -I/Users/karelbraborec/rev-meter/ios/Pods/Headers/Public -Xcc -I/Users/karelbraborec/rev-meter/ios/Pods/Headers/Public/React-Core -Xcc -I/Users/karelbraborec/rev-meter/ios/Pods/Headers/Public/React-Core-prebuilt -Xcc -I/Users/karelbraborec/rev-meter/ios/Pods/Headers/Public/React-callinvoker -Xcc -I/Users/karelbraborec/rev-meter/ios/Pods/Headers/Public/React-cxxreact -Xcc -I/Users/karelbraborec/rev-meter/ios/Pods/Headers/Public/React-debug -Xcc -I/Users/karelbraborec/rev-meter/ios/Pods/Headers/Public/React-featureflags -Xcc -I/Users/karelbraborec/rev-meter/ios/Pods/Headers/Public/React-hermes -Xcc -I/Users/karelbraborec/rev-meter/ios/Pods/Headers/Public/React-jserrorhandler -Xcc -I/Users/karelbraborec/rev-meter/ios/Pods/Headers/Public/React-jsi -Xcc -I/Users/karelbraborec/rev-meter/ios/Pods/Headers/Public/React-jsiexecutor -Xcc -I/Users/karelbraborec/rev-meter/ios/Pods/Headers/Public/React-jsinspector -Xcc -I/Users/karelbraborec/rev-meter/ios/Pods/Headers/Public/React-jsinspectorcdp -Xcc -I/Users/karelbraborec/rev-meter/ios/Pods/Headers/Public/React-jsinspectornetwork -Xcc -I/Users/karelbraborec/rev-meter/ios/Pods/Headers/Public/React-jsinspectortracing -Xcc -I/Users/karelbraborec/rev-meter/ios/Pods/Headers/Public/React-jsitooling -Xcc -I/Users/karelbraborec/rev-meter/ios/Pods/Headers/Public/React-logger -Xcc -I/Users/karelbraborec/rev-meter/ios/Pods/Headers/Public/React-oscompat -Xcc -I/Users/karelbraborec/rev-meter/ios/Pods/Headers/Public/React-perflogger -Xcc -I/Users/karelbraborec/rev-meter/ios/Pods/Headers/Public/React-performancetimeline -Xcc -I/Users/karelbraborec/rev-meter/ios/Pods/Headers/Public/React-rendererconsistency -Xcc -I/Users/karelbraborec/rev-meter/ios/Pods/Headers/Public/React-rendererdebug -Xcc -I/Users/karelbraborec/rev-meter/ios/Pods/Headers/Public/React-runtimeexecutor -Xcc -I/Users/karelbraborec/rev-meter/ios/Pods/Headers/Public/React-runtimescheduler -Xcc -I/Users/karelbraborec/rev-meter/ios/Pods/Headers/Public/React-timing -Xcc -I/Users/karelbraborec/rev-meter/ios/Pods/Headers/Public/React-utils -Xcc -I/Users/karelbraborec/rev-meter/ios/Pods/Headers/Public/ReactCommon -Xcc -I/Users/karelbraborec/rev-meter/ios/Pods/Headers/Public/ReactNativeDependencies -Xcc -I/Users/karelbraborec/rev-meter/ios/Pods/Headers/Public/Yoga -Xcc -I/Users/karelbraborec/rev-meter/ios/Pods/Headers/Public/hermes-engine -Xcc -I/Users/karelbraborec/rev-meter/ios/Pods/ExpoModulesCore/ExpoModulesCore.xcframework/ios-arm64_x86_64-simulator/ExpoModulesCore.framework/Headers -Xcc -I/Users/karelbraborec/rev-meter/ios/Pods/ExpoModulesCore/ExpoModulesCore.xcframework/ios-arm64/ExpoModulesCore.framework/Headers -Xcc -I/Users/karelbraborec/rev-meter/ios/Pods/ExpoModulesCore/ExpoModulesCore.xcframework/ios-arm64_x86_64-simulator/ExpoModulesCore.framework/Headers -Xcc -I/Users/karelbraborec/rev-meter/ios/Pods/ExpoModulesCore/ExpoModulesCore.xcframework/ios-arm64/ExpoModulesCore.framework/Headers -Xcc -I/Users/karelbraborec/Library/Developer/Xcode/DerivedData/revmeter-hbcnswmlqmbpnlazhhkncgeowiss/Build/Intermediates.noindex/Pods.build/Debug-iphonesimulator/ExpoLogBox.build/DerivedSources-normal/arm64 -Xcc -I/Users/karelbraborec/Library/Developer/Xcode/DerivedData/revmeter-hbcnswmlqmbpnlazhhkncgeowiss/Build/Intermediates.noindex/Pods.build/Debug-iphonesimulator/ExpoLogBox.build/DerivedSources/arm64 -Xcc -I/Users/karelbraborec/Library/Developer/Xcode/DerivedData/revmeter-hbcnswmlqmbpnlazhhkncgeowiss/Build/Intermediates.noindex/Pods.build/Debug-iphonesimulator/ExpoLogBox.build/DerivedSources -Xcc -DPOD_CONFIGURATION_DEBUG\=1 -Xcc -DDEBUG\=1 -Xcc -DCOCOAPODS\=1 -emit-objc-header -emit-objc-header-path /Users/karelbraborec/Library/Developer/Xcode/DerivedData/revmeter-hbcnswmlqmbpnlazhhkncgeowiss/Build/Intermediates.noindex/Pods.build/Debug-iphonesimulator/ExpoLogBox.build/Objects-normal/arm64/ExpoLogBox-Swift.h -working-directory /Users/karelbraborec/rev-meter/ios/Pods -experimental-emit-module-separately -disable-cmo

SwiftEmitModule normal arm64 Emitting\ module\ for\ ExpoLogBox (in target 'ExpoLogBox' from project 'Pods')

EmitSwiftModule normal arm64 (in target 'ExpoLogBox' from project 'Pods')
    cd /Users/karelbraborec/rev-meter/ios/Pods
    

SwiftCompile normal arm64 Compiling\ ExpoLogBoxController.swift /Users/karelbraborec/rev-meter/node_modules/@expo/log-box/ios/ExpoLogBoxController.swift (in target 'ExpoLogBox' from project 'Pods')

SwiftCompile normal arm64 /Users/karelbraborec/rev-meter/node_modules/@expo/log-box/ios/ExpoLogBoxController.swift (in target 'ExpoLogBox' from project 'Pods')
    cd /Users/karelbraborec/rev-meter/ios/Pods
    

SwiftEmitModule normal x86_64 Emitting\ module\ for\ ExpoLogBox (in target 'ExpoLogBox' from project 'Pods')

EmitSwiftModule normal x86_64 (in target 'ExpoLogBox' from project 'Pods')
    cd /Users/karelbraborec/rev-meter/ios/Pods
    

SwiftCompile normal x86_64 Compiling\ ExpoLogBoxWebViewWrapper.swift /Users/karelbraborec/rev-meter/node_modules/@expo/log-box/ios/ExpoLogBoxWebViewWrapper.swift (in target 'ExpoLogBox' from project 'Pods')

SwiftCompile normal x86_64 /Users/karelbraborec/rev-meter/node_modules/@expo/log-box/ios/ExpoLogBoxWebViewWrapper.swift (in target 'ExpoLogBox' from project 'Pods')
    cd /Users/karelbraborec/rev-meter/ios/Pods
    

SwiftCompile normal arm64 Compiling\ ExpoLogBoxWebViewWrapper.swift /Users/karelbraborec/rev-meter/node_modules/@expo/log-box/ios/ExpoLogBoxWebViewWrapper.swift (in target 'ExpoLogBox' from project 'Pods')

SwiftCompile normal arm64 /Users/karelbraborec/rev-meter/node_modules/@expo/log-box/ios/ExpoLogBoxWebViewWrapper.swift (in target 'ExpoLogBox' from project 'Pods')
    cd /Users/karelbraborec/rev-meter/ios/Pods
    

SwiftCompile normal x86_64 Compiling\ ExpoLogBoxController.swift /Users/karelbraborec/rev-meter/node_modules/@expo/log-box/ios/ExpoLogBoxController.swift (in target 'ExpoLogBox' from project 'Pods')

SwiftCompile normal x86_64 /Users/karelbraborec/rev-meter/node_modules/@expo/log-box/ios/ExpoLogBoxController.swift (in target 'ExpoLogBox' from project 'Pods')
    cd /Users/karelbraborec/rev-meter/ios/Pods
    

SwiftDriverJobDiscovery normal arm64 Emitting module for ExpoLogBox (in target 'ExpoLogBox' from project 'Pods')

SwiftDriver\ Compilation\ Requirements ExpoLogBox normal arm64 com.apple.xcode.tools.swift.compiler (in target 'ExpoLogBox' from project 'Pods')
    cd /Users/karelbraborec/rev-meter/ios/Pods
    builtin-Swift-Compilation-Requirements -- /Applications/Xcode.app/Contents/Developer/Toolchains/XcodeDefault.xctoolchain/usr/bin/swiftc -module-name ExpoLogBox -Onone @/Users/karelbraborec/Library/Developer/Xcode/DerivedData/revmeter-hbcnswmlqmbpnlazhhkncgeowiss/Build/Intermediates.noindex/Pods.build/Debug-iphonesimulator/ExpoLogBox.build/Objects-normal/arm64/ExpoLogBox.SwiftFileList -DDEBUG -D COCOAPODS -import-underlying-module -Xcc -fmodule-map-file\=/Users/karelbraborec/rev-meter/ios/Pods/Headers/Public/ExpoLogBox/ExpoLogBox.modulemap -Xcc -ivfsoverlay -Xcc /Users/karelbraborec/rev-meter/ios/Pods/React-Core-prebuilt/React-VFS.yaml -Xcc -Wno-incomplete-umbrella -enable-bare-slash-regex -enable-experimental-feature DebugDescriptionMacro -sdk /Applications/Xcode.app/Contents/Developer/Platforms/iPhoneSimulator.platform/Developer/SDKs/iPhoneSimulator26.5.sdk -target arm64-apple-ios16.4-simulator -g -module-cache-path /Users/karelbraborec/Library/Developer/Xcode/DerivedData/ModuleCache.noindex -Xfrontend -serialize-debugging-options -enable-testing -index-store-path /Users/karelbraborec/Library/Developer/Xcode/DerivedData/revmeter-hbcnswmlqmbpnlazhhkncgeowiss/Index.noindex/DataStore -Xcc -D_LIBCPP_HARDENING_MODE\=_LIBCPP_HARDENING_MODE_DEBUG -swift-version 5 -I /Users/karelbraborec/Library/Developer/Xcode/DerivedData/revmeter-hbcnswmlqmbpnlazhhkncgeowiss/Build/Products/Debug-iphonesimulator/ExpoLogBox -F /Users/karelbraborec/Library/Developer/Xcode/DerivedData/revmeter-hbcnswmlqmbpnlazhhkncgeowiss/Build/Products/Debug-iphonesimulator/ExpoLogBox -F /Users/karelbraborec/rev-meter/ios/Pods/React-Core-prebuilt -F /Users/karelbraborec/rev-meter/ios/Pods/ReactNativeDependencies/framework/packages/react-native -F /Users/karelbraborec/rev-meter/ios/Pods/hermes-engine/destroot/Library/Frameworks/universal -F /Users/karelbraborec/Library/Developer/Xcode/DerivedData/revmeter-hbcnswmlqmbpnlazhhkncgeowiss/Build/Products/Debug-iphonesimulator/XCFrameworkIntermediates/React-Core-prebuilt -F /Users/karelbraborec/Library/Developer/Xcode/DerivedData/revmeter-hbcnswmlqmbpnlazhhkncgeowiss/Build/Products/Debug-iphonesimulator/XCFrameworkIntermediates/ReactNativeDependencies -F /Users/karelbraborec/Library/Developer/Xcode/DerivedData/revmeter-hbcnswmlqmbpnlazhhkncgeowiss/Build/Products/Debug-iphonesimulator/XCFrameworkIntermediates/hermes-engine/Pre-built -c -j10 -enable-batch-mode -incremental -Xcc -ivfsstatcache -Xcc /Users/karelbraborec/Library/Developer/Xcode/DerivedData/SDKStatCaches.noindex/iphonesimulator26.5-23F81a-6cfe768891a92b912361537c460fe42b.sdkstatcache -output-file-map /Users/karelbraborec/Library/Developer/Xcode/DerivedData/revmeter-hbcnswmlqmbpnlazhhkncgeowiss/Build/Intermediates.noindex/Pods.build/Debug-iphonesimulator/ExpoLogBox.build/Objects-normal/arm64/ExpoLogBox-OutputFileMap.json -use-frontend-parseable-output -save-temps -no-color-diagnostics -serialize-diagnostics -emit-dependencies -emit-module -emit-module-path /Users/karelbraborec/Library/Developer/Xcode/DerivedData/revmeter-hbcnswmlqmbpnlazhhkncgeowiss/Build/Intermediates.noindex/Pods.build/Debug-iphonesimulator/ExpoLogBox.build/Objects-normal/arm64/ExpoLogBox.swiftmodule -validate-clang-modules-once -clang-build-session-file /Users/karelbraborec/Library/Developer/Xcode/DerivedData/ModuleCache.noindex/Session.modulevalidation -Xcc -I/Users/karelbraborec/Library/Developer/Xcode/DerivedData/revmeter-hbcnswmlqmbpnlazhhkncgeowiss/Build/Intermediates.noindex/Pods.build/Debug-iphonesimulator/ExpoLogBox.build/swift-overrides.hmap -emit-const-values -Xfrontend -const-gather-protocols-file -Xfrontend /Users/karelbraborec/Library/Developer/Xcode/DerivedData/revmeter-hbcnswmlqmbpnlazhhkncgeowiss/Build/Intermediates.noindex/Pods.build/Debug-iphonesimulator/ExpoLogBox.build/Objects-normal/arm64/ExpoLogBox_const_extract_protocols.json -Xcc -iquote -Xcc /Users/karelbraborec/Library/Developer/Xcode/DerivedData/revmeter-hbcnswmlqmbpnlazhhkncgeowiss/Build/Intermediates.noindex/Pods.build/Debug-iphonesimulator/ExpoLogBox.build/ExpoLogBox-generated-files.hmap -Xcc -I/Users/karelbraborec/Library/Developer/Xcode/DerivedData/revmeter-hbcnswmlqmbpnlazhhkncgeowiss/Build/Intermediates.noindex/Pods.build/Debug-iphonesimulator/ExpoLogBox.build/ExpoLogBox-own-target-headers.hmap -Xcc -I/Users/karelbraborec/Library/Developer/Xcode/DerivedData/revmeter-hbcnswmlqmbpnlazhhkncgeowiss/Build/Intermediates.noindex/Pods.build/Debug-iphonesimulator/ExpoLogBox.build/ExpoLogBox-all-non-framework-target-headers.hmap -Xcc -ivfsoverlay -Xcc /Users/karelbraborec/Library/Developer/Xcode/DerivedData/revmeter-hbcnswmlqmbpnlazhhkncgeowiss/Build/Intermediates.noindex/Pods.build/Debug-iphonesimulator/Pods-8699adb1dd336b26511df848a716bd42-VFS-iphonesimulator/all-product-headers.yaml -Xcc -iquote -Xcc /Users/karelbraborec/Library/Developer/Xcode/DerivedData/revmeter-hbcnswmlqmbpnlazhhkncgeowiss/Build/Intermediates.noindex/Pods.build/Debug-iphonesimulator/ExpoLogBox.build/ExpoLogBox-project-headers.hmap -Xcc -I/Users/karelbraborec/Library/Developer/Xcode/DerivedData/revmeter-hbcnswmlqmbpnlazhhkncgeowiss/Build/Products/Debug-iphonesimulator/ExpoLogBox/include -Xcc -I/Users/karelbraborec/rev-meter/ios/Pods/Headers/Public -Xcc -I/Users/karelbraborec/rev-meter/ios/Pods/Headers/Public/React-Core -Xcc -I/Users/karelbraborec/rev-meter/ios/Pods/Headers/Public/React-Core-prebuilt -Xcc -I/Users/karelbraborec/rev-meter/ios/Pods/Headers/Public/React-callinvoker -Xcc -I/Users/karelbraborec/rev-meter/ios/Pods/Headers/Public/React-cxxreact -Xcc -I/Users/karelbraborec/rev-meter/ios/Pods/Headers/Public/React-debug -Xcc -I/Users/karelbraborec/rev-meter/ios/Pods/Headers/Public/React-featureflags -Xcc -I/Users/karelbraborec/rev-meter/ios/Pods/Headers/Public/React-hermes -Xcc -I/Users/karelbraborec/rev-meter/ios/Pods/Headers/Public/React-jserrorhandler -Xcc -I/Users/karelbraborec/rev-meter/ios/Pods/Headers/Public/React-jsi -Xcc -I/Users/karelbraborec/rev-meter/ios/Pods/Headers/Public/React-jsiexecutor -Xcc -I/Users/karelbraborec/rev-meter/ios/Pods/Headers/Public/React-jsinspector -Xcc -I/Users/karelbraborec/rev-meter/ios/Pods/Headers/Public/React-jsinspectorcdp -Xcc -I/Users/karelbraborec/rev-meter/ios/Pods/Headers/Public/React-jsinspectornetwork -Xcc -I/Users/karelbraborec/rev-meter/ios/Pods/Headers/Public/React-jsinspectortracing -Xcc -I/Users/karelbraborec/rev-meter/ios/Pods/Headers/Public/React-jsitooling -Xcc -I/Users/karelbraborec/rev-meter/ios/Pods/Headers/Public/React-logger -Xcc -I/Users/karelbraborec/rev-meter/ios/Pods/Headers/Public/React-oscompat -Xcc -I/Users/karelbraborec/rev-meter/ios/Pods/Headers/Public/React-perflogger -Xcc -I/Users/karelbraborec/rev-meter/ios/Pods/Headers/Public/React-performancetimeline -Xcc -I/Users/karelbraborec/rev-meter/ios/Pods/Headers/Public/React-rendererconsistency -Xcc -I/Users/karelbraborec/rev-meter/ios/Pods/Headers/Public/React-rendererdebug -Xcc -I/Users/karelbraborec/rev-meter/ios/Pods/Headers/Public/React-runtimeexecutor -Xcc -I/Users/karelbraborec/rev-meter/ios/Pods/Headers/Public/React-runtimescheduler -Xcc -I/Users/karelbraborec/rev-meter/ios/Pods/Headers/Public/React-timing -Xcc -I/Users/karelbraborec/rev-meter/ios/Pods/Headers/Public/React-utils -Xcc -I/Users/karelbraborec/rev-meter/ios/Pods/Headers/Public/ReactCommon -Xcc -I/Users/karelbraborec/rev-meter/ios/Pods/Headers/Public/ReactNativeDependencies -Xcc -I/Users/karelbraborec/rev-meter/ios/Pods/Headers/Public/Yoga -Xcc -I/Users/karelbraborec/rev-meter/ios/Pods/Headers/Public/hermes-engine -Xcc -I/Users/karelbraborec/rev-meter/ios/Pods/ExpoModulesCore/ExpoModulesCore.xcframework/ios-arm64_x86_64-simulator/ExpoModulesCore.framework/Headers -Xcc -I/Users/karelbraborec/rev-meter/ios/Pods/ExpoModulesCore/ExpoModulesCore.xcframework/ios-arm64/ExpoModulesCore.framework/Headers -Xcc -I/Users/karelbraborec/rev-meter/ios/Pods/ExpoModulesCore/ExpoModulesCore.xcframework/ios-arm64_x86_64-simulator/ExpoModulesCore.framework/Headers -Xcc -I/Users/karelbraborec/rev-meter/ios/Pods/ExpoModulesCore/ExpoModulesCore.xcframework/ios-arm64/ExpoModulesCore.framework/Headers -Xcc -I/Users/karelbraborec/Library/Developer/Xcode/DerivedData/revmeter-hbcnswmlqmbpnlazhhkncgeowiss/Build/Intermediates.noindex/Pods.build/Debug-iphonesimulator/ExpoLogBox.build/DerivedSources-normal/arm64 -Xcc -I/Users/karelbraborec/Library/Developer/Xcode/DerivedData/revmeter-hbcnswmlqmbpnlazhhkncgeowiss/Build/Intermediates.noindex/Pods.build/Debug-iphonesimulator/ExpoLogBox.build/DerivedSources/arm64 -Xcc -I/Users/karelbraborec/Library/Developer/Xcode/DerivedData/revmeter-hbcnswmlqmbpnlazhhkncgeowiss/Build/Intermediates.noindex/Pods.build/Debug-iphonesimulator/ExpoLogBox.build/DerivedSources -Xcc -DPOD_CONFIGURATION_DEBUG\=1 -Xcc -DDEBUG\=1 -Xcc -DCOCOAPODS\=1 -emit-objc-header -emit-objc-header-path /Users/karelbraborec/Library/Developer/Xcode/DerivedData/revmeter-hbcnswmlqmbpnlazhhkncgeowiss/Build/Intermediates.noindex/Pods.build/Debug-iphonesimulator/ExpoLogBox.build/Objects-normal/arm64/ExpoLogBox-Swift.h -working-directory /Users/karelbraborec/rev-meter/ios/Pods -experimental-emit-module-separately -disable-cmo

Copy /Users/karelbraborec/Library/Developer/Xcode/DerivedData/revmeter-hbcnswmlqmbpnlazhhkncgeowiss/Build/Products/Debug-iphonesimulator/ExpoLogBox/ExpoLogBox.swiftmodule/arm64-apple-ios-simulator.swiftdoc /Users/karelbraborec/Library/Developer/Xcode/DerivedData/revmeter-hbcnswmlqmbpnlazhhkncgeowiss/Build/Intermediates.noindex/Pods.build/Debug-iphonesimulator/ExpoLogBox.build/Objects-normal/arm64/ExpoLogBox.swiftdoc (in target 'ExpoLogBox' from project 'Pods')
    cd /Users/karelbraborec/rev-meter/ios/Pods
    builtin-copy -exclude .DS_Store -exclude CVS -exclude .svn -exclude .git -exclude .hg -resolve-src-symlinks -rename /Users/karelbraborec/Library/Developer/Xcode/DerivedData/revmeter-hbcnswmlqmbpnlazhhkncgeowiss/Build/Intermediates.noindex/Pods.build/Debug-iphonesimulator/ExpoLogBox.build/Objects-normal/arm64/ExpoLogBox.swiftdoc /Users/karelbraborec/Library/Developer/Xcode/DerivedData/revmeter-hbcnswmlqmbpnlazhhkncgeowiss/Build/Products/Debug-iphonesimulator/ExpoLogBox/ExpoLogBox.swiftmodule/arm64-apple-ios-simulator.swiftdoc

Copy /Users/karelbraborec/Library/Developer/Xcode/DerivedData/revmeter-hbcnswmlqmbpnlazhhkncgeowiss/Build/Products/Debug-iphonesimulator/ExpoLogBox/ExpoLogBox.swiftmodule/arm64-apple-ios-simulator.abi.json /Users/karelbraborec/Library/Developer/Xcode/DerivedData/revmeter-hbcnswmlqmbpnlazhhkncgeowiss/Build/Intermediates.noindex/Pods.build/Debug-iphonesimulator/ExpoLogBox.build/Objects-normal/arm64/ExpoLogBox.abi.json (in target 'ExpoLogBox' from project 'Pods')
    cd /Users/karelbraborec/rev-meter/ios/Pods
    builtin-copy -exclude .DS_Store -exclude CVS -exclude .svn -exclude .git -exclude .hg -resolve-src-symlinks -rename /Users/karelbraborec/Library/Developer/Xcode/DerivedData/revmeter-hbcnswmlqmbpnlazhhkncgeowiss/Build/Intermediates.noindex/Pods.build/Debug-iphonesimulator/ExpoLogBox.build/Objects-normal/arm64/ExpoLogBox.abi.json /Users/karelbraborec/Library/Developer/Xcode/DerivedData/revmeter-hbcnswmlqmbpnlazhhkncgeowiss/Build/Products/Debug-iphonesimulator/ExpoLogBox/ExpoLogBox.swiftmodule/arm64-apple-ios-simulator.abi.json

Copy /Users/karelbraborec/Library/Developer/Xcode/DerivedData/revmeter-hbcnswmlqmbpnlazhhkncgeowiss/Build/Products/Debug-iphonesimulator/ExpoLogBox/ExpoLogBox.swiftmodule/arm64-apple-ios-simulator.swiftmodule /Users/karelbraborec/Library/Developer/Xcode/DerivedData/revmeter-hbcnswmlqmbpnlazhhkncgeowiss/Build/Intermediates.noindex/Pods.build/Debug-iphonesimulator/ExpoLogBox.build/Objects-normal/arm64/ExpoLogBox.swiftmodule (in target 'ExpoLogBox' from project 'Pods')
    cd /Users/karelbraborec/rev-meter/ios/Pods
    builtin-copy -exclude .DS_Store -exclude CVS -exclude .svn -exclude .git -exclude .hg -resolve-src-symlinks -rename /Users/karelbraborec/Library/Developer/Xcode/DerivedData/revmeter-hbcnswmlqmbpnlazhhkncgeowiss/Build/Intermediates.noindex/Pods.build/Debug-iphonesimulator/ExpoLogBox.build/Objects-normal/arm64/ExpoLogBox.swiftmodule /Users/karelbraborec/Library/Developer/Xcode/DerivedData/revmeter-hbcnswmlqmbpnlazhhkncgeowiss/Build/Products/Debug-iphonesimulator/ExpoLogBox/ExpoLogBox.swiftmodule/arm64-apple-ios-simulator.swiftmodule

Copy /Users/karelbraborec/Library/Developer/Xcode/DerivedData/revmeter-hbcnswmlqmbpnlazhhkncgeowiss/Build/Products/Debug-iphonesimulator/ExpoLogBox/ExpoLogBox.swiftmodule/Project/arm64-apple-ios-simulator.swiftsourceinfo /Users/karelbraborec/Library/Developer/Xcode/DerivedData/revmeter-hbcnswmlqmbpnlazhhkncgeowiss/Build/Intermediates.noindex/Pods.build/Debug-iphonesimulator/ExpoLogBox.build/Objects-normal/arm64/ExpoLogBox.swiftsourceinfo (in target 'ExpoLogBox' from project 'Pods')
    cd /Users/karelbraborec/rev-meter/ios/Pods
    builtin-copy -exclude .DS_Store -exclude CVS -exclude .svn -exclude .git -exclude .hg -resolve-src-symlinks -rename /Users/karelbraborec/Library/Developer/Xcode/DerivedData/revmeter-hbcnswmlqmbpnlazhhkncgeowiss/Build/Intermediates.noindex/Pods.build/Debug-iphonesimulator/ExpoLogBox.build/Objects-normal/arm64/ExpoLogBox.swiftsourceinfo /Users/karelbraborec/Library/Developer/Xcode/DerivedData/revmeter-hbcnswmlqmbpnlazhhkncgeowiss/Build/Products/Debug-iphonesimulator/ExpoLogBox/ExpoLogBox.swiftmodule/Project/arm64-apple-ios-simulator.swiftsourceinfo

SwiftDriverJobDiscovery normal arm64 Compiling ExpoLogBoxController.swift (in target 'ExpoLogBox' from project 'Pods')

SwiftDriverJobDiscovery normal arm64 Compiling ExpoLogBoxWebViewWrapper.swift (in target 'ExpoLogBox' from project 'Pods')

SwiftDriver\ Compilation ExpoLogBox normal arm64 com.apple.xcode.tools.swift.compiler (in target 'ExpoLogBox' from project 'Pods')
    cd /Users/karelbraborec/rev-meter/ios/Pods
    builtin-Swift-Compilation -- /Applications/Xcode.app/Contents/Developer/Toolchains/XcodeDefault.xctoolchain/usr/bin/swiftc -module-name ExpoLogBox -Onone @/Users/karelbraborec/Library/Developer/Xcode/DerivedData/revmeter-hbcnswmlqmbpnlazhhkncgeowiss/Build/Intermediates.noindex/Pods.build/Debug-iphonesimulator/ExpoLogBox.build/Objects-normal/arm64/ExpoLogBox.SwiftFileList -DDEBUG -D COCOAPODS -import-underlying-module -Xcc -fmodule-map-file\=/Users/karelbraborec/rev-meter/ios/Pods/Headers/Public/ExpoLogBox/ExpoLogBox.modulemap -Xcc -ivfsoverlay -Xcc /Users/karelbraborec/rev-meter/ios/Pods/React-Core-prebuilt/React-VFS.yaml -Xcc -Wno-incomplete-umbrella -enable-bare-slash-regex -enable-experimental-feature DebugDescriptionMacro -sdk /Applications/Xcode.app/Contents/Developer/Platforms/iPhoneSimulator.platform/Developer/SDKs/iPhoneSimulator26.5.sdk -target arm64-apple-ios16.4-simulator -g -module-cache-path /Users/karelbraborec/Library/Developer/Xcode/DerivedData/ModuleCache.noindex -Xfrontend -serialize-debugging-options -enable-testing -index-store-path /Users/karelbraborec/Library/Developer/Xcode/DerivedData/revmeter-hbcnswmlqmbpnlazhhkncgeowiss/Index.noindex/DataStore -Xcc -D_LIBCPP_HARDENING_MODE\=_LIBCPP_HARDENING_MODE_DEBUG -swift-version 5 -I /Users/karelbraborec/Library/Developer/Xcode/DerivedData/revmeter-hbcnswmlqmbpnlazhhkncgeowiss/Build/Products/Debug-iphonesimulator/ExpoLogBox -F /Users/karelbraborec/Library/Developer/Xcode/DerivedData/revmeter-hbcnswmlqmbpnlazhhkncgeowiss/Build/Products/Debug-iphonesimulator/ExpoLogBox -F /Users/karelbraborec/rev-meter/ios/Pods/React-Core-prebuilt -F /Users/karelbraborec/rev-meter/ios/Pods/ReactNativeDependencies/framework/packages/react-native -F /Users/karelbraborec/rev-meter/ios/Pods/hermes-engine/destroot/Library/Frameworks/universal -F /Users/karelbraborec/Library/Developer/Xcode/DerivedData/revmeter-hbcnswmlqmbpnlazhhkncgeowiss/Build/Products/Debug-iphonesimulator/XCFrameworkIntermediates/React-Core-prebuilt -F /Users/karelbraborec/Library/Developer/Xcode/DerivedData/revmeter-hbcnswmlqmbpnlazhhkncgeowiss/Build/Products/Debug-iphonesimulator/XCFrameworkIntermediates/ReactNativeDependencies -F /Users/karelbraborec/Library/Developer/Xcode/DerivedData/revmeter-hbcnswmlqmbpnlazhhkncgeowiss/Build/Products/Debug-iphonesimulator/XCFrameworkIntermediates/hermes-engine/Pre-built -c -j10 -enable-batch-mode -incremental -Xcc -ivfsstatcache -Xcc /Users/karelbraborec/Library/Developer/Xcode/DerivedData/SDKStatCaches.noindex/iphonesimulator26.5-23F81a-6cfe768891a92b912361537c460fe42b.sdkstatcache -output-file-map /Users/karelbraborec/Library/Developer/Xcode/DerivedData/revmeter-hbcnswmlqmbpnlazhhkncgeowiss/Build/Intermediates.noindex/Pods.build/Debug-iphonesimulator/ExpoLogBox.build/Objects-normal/arm64/ExpoLogBox-OutputFileMap.json -use-frontend-parseable-output -save-temps -no-color-diagnostics -serialize-diagnostics -emit-dependencies -emit-module -emit-module-path /Users/karelbraborec/Library/Developer/Xcode/DerivedData/revmeter-hbcnswmlqmbpnlazhhkncgeowiss/Build/Intermediates.noindex/Pods.build/Debug-iphonesimulator/ExpoLogBox.build/Objects-normal/arm64/ExpoLogBox.swiftmodule -validate-clang-modules-once -clang-build-session-file /Users/karelbraborec/Library/Developer/Xcode/DerivedData/ModuleCache.noindex/Session.modulevalidation -Xcc -I/Users/karelbraborec/Library/Developer/Xcode/DerivedData/revmeter-hbcnswmlqmbpnlazhhkncgeowiss/Build/Intermediates.noindex/Pods.build/Debug-iphonesimulator/ExpoLogBox.build/swift-overrides.hmap -emit-const-values -Xfrontend -const-gather-protocols-file -Xfrontend /Users/karelbraborec/Library/Developer/Xcode/DerivedData/revmeter-hbcnswmlqmbpnlazhhkncgeowiss/Build/Intermediates.noindex/Pods.build/Debug-iphonesimulator/ExpoLogBox.build/Objects-normal/arm64/ExpoLogBox_const_extract_protocols.json -Xcc -iquote -Xcc /Users/karelbraborec/Library/Developer/Xcode/DerivedData/revmeter-hbcnswmlqmbpnlazhhkncgeowiss/Build/Intermediates.noindex/Pods.build/Debug-iphonesimulator/ExpoLogBox.build/ExpoLogBox-generated-files.hmap -Xcc -I/Users/karelbraborec/Library/Developer/Xcode/DerivedData/revmeter-hbcnswmlqmbpnlazhhkncgeowiss/Build/Intermediates.noindex/Pods.build/Debug-iphonesimulator/ExpoLogBox.build/ExpoLogBox-own-target-headers.hmap -Xcc -I/Users/karelbraborec/Library/Developer/Xcode/DerivedData/revmeter-hbcnswmlqmbpnlazhhkncgeowiss/Build/Intermediates.noindex/Pods.build/Debug-iphonesimulator/ExpoLogBox.build/ExpoLogBox-all-non-framework-target-headers.hmap -Xcc -ivfsoverlay -Xcc /Users/karelbraborec/Library/Developer/Xcode/DerivedData/revmeter-hbcnswmlqmbpnlazhhkncgeowiss/Build/Intermediates.noindex/Pods.build/Debug-iphonesimulator/Pods-8699adb1dd336b26511df848a716bd42-VFS-iphonesimulator/all-product-headers.yaml -Xcc -iquote -Xcc /Users/karelbraborec/Library/Developer/Xcode/DerivedData/revmeter-hbcnswmlqmbpnlazhhkncgeowiss/Build/Intermediates.noindex/Pods.build/Debug-iphonesimulator/ExpoLogBox.build/ExpoLogBox-project-headers.hmap -Xcc -I/Users/karelbraborec/Library/Developer/Xcode/DerivedData/revmeter-hbcnswmlqmbpnlazhhkncgeowiss/Build/Products/Debug-iphonesimulator/ExpoLogBox/include -Xcc -I/Users/karelbraborec/rev-meter/ios/Pods/Headers/Public -Xcc -I/Users/karelbraborec/rev-meter/ios/Pods/Headers/Public/React-Core -Xcc -I/Users/karelbraborec/rev-meter/ios/Pods/Headers/Public/React-Core-prebuilt -Xcc -I/Users/karelbraborec/rev-meter/ios/Pods/Headers/Public/React-callinvoker -Xcc -I/Users/karelbraborec/rev-meter/ios/Pods/Headers/Public/React-cxxreact -Xcc -I/Users/karelbraborec/rev-meter/ios/Pods/Headers/Public/React-debug -Xcc -I/Users/karelbraborec/rev-meter/ios/Pods/Headers/Public/React-featureflags -Xcc -I/Users/karelbraborec/rev-meter/ios/Pods/Headers/Public/React-hermes -Xcc -I/Users/karelbraborec/rev-meter/ios/Pods/Headers/Public/React-jserrorhandler -Xcc -I/Users/karelbraborec/rev-meter/ios/Pods/Headers/Public/React-jsi -Xcc -I/Users/karelbraborec/rev-meter/ios/Pods/Headers/Public/React-jsiexecutor -Xcc -I/Users/karelbraborec/rev-meter/ios/Pods/Headers/Public/React-jsinspector -Xcc -I/Users/karelbraborec/rev-meter/ios/Pods/Headers/Public/React-jsinspectorcdp -Xcc -I/Users/karelbraborec/rev-meter/ios/Pods/Headers/Public/React-jsinspectornetwork -Xcc -I/Users/karelbraborec/rev-meter/ios/Pods/Headers/Public/React-jsinspectortracing -Xcc -I/Users/karelbraborec/rev-meter/ios/Pods/Headers/Public/React-jsitooling -Xcc -I/Users/karelbraborec/rev-meter/ios/Pods/Headers/Public/React-logger -Xcc -I/Users/karelbraborec/rev-meter/ios/Pods/Headers/Public/React-oscompat -Xcc -I/Users/karelbraborec/rev-meter/ios/Pods/Headers/Public/React-perflogger -Xcc -I/Users/karelbraborec/rev-meter/ios/Pods/Headers/Public/React-performancetimeline -Xcc -I/Users/karelbraborec/rev-meter/ios/Pods/Headers/Public/React-rendererconsistency -Xcc -I/Users/karelbraborec/rev-meter/ios/Pods/Headers/Public/React-rendererdebug -Xcc -I/Users/karelbraborec/rev-meter/ios/Pods/Headers/Public/React-runtimeexecutor -Xcc -I/Users/karelbraborec/rev-meter/ios/Pods/Headers/Public/React-runtimescheduler -Xcc -I/Users/karelbraborec/rev-meter/ios/Pods/Headers/Public/React-timing -Xcc -I/Users/karelbraborec/rev-meter/ios/Pods/Headers/Public/React-utils -Xcc -I/Users/karelbraborec/rev-meter/ios/Pods/Headers/Public/ReactCommon -Xcc -I/Users/karelbraborec/rev-meter/ios/Pods/Headers/Public/ReactNativeDependencies -Xcc -I/Users/karelbraborec/rev-meter/ios/Pods/Headers/Public/Yoga -Xcc -I/Users/karelbraborec/rev-meter/ios/Pods/Headers/Public/hermes-engine -Xcc -I/Users/karelbraborec/rev-meter/ios/Pods/ExpoModulesCore/ExpoModulesCore.xcframework/ios-arm64_x86_64-simulator/ExpoModulesCore.framework/Headers -Xcc -I/Users/karelbraborec/rev-meter/ios/Pods/ExpoModulesCore/ExpoModulesCore.xcframework/ios-arm64/ExpoModulesCore.framework/Headers -Xcc -I/Users/karelbraborec/rev-meter/ios/Pods/ExpoModulesCore/ExpoModulesCore.xcframework/ios-arm64_x86_64-simulator/ExpoModulesCore.framework/Headers -Xcc -I/Users/karelbraborec/rev-meter/ios/Pods/ExpoModulesCore/ExpoModulesCore.xcframework/ios-arm64/ExpoModulesCore.framework/Headers -Xcc -I/Users/karelbraborec/Library/Developer/Xcode/DerivedData/revmeter-hbcnswmlqmbpnlazhhkncgeowiss/Build/Intermediates.noindex/Pods.build/Debug-iphonesimulator/ExpoLogBox.build/DerivedSources-normal/arm64 -Xcc -I/Users/karelbraborec/Library/Developer/Xcode/DerivedData/revmeter-hbcnswmlqmbpnlazhhkncgeowiss/Build/Intermediates.noindex/Pods.build/Debug-iphonesimulator/ExpoLogBox.build/DerivedSources/arm64 -Xcc -I/Users/karelbraborec/Library/Developer/Xcode/DerivedData/revmeter-hbcnswmlqmbpnlazhhkncgeowiss/Build/Intermediates.noindex/Pods.build/Debug-iphonesimulator/ExpoLogBox.build/DerivedSources -Xcc -DPOD_CONFIGURATION_DEBUG\=1 -Xcc -DDEBUG\=1 -Xcc -DCOCOAPODS\=1 -emit-objc-header -emit-objc-header-path /Users/karelbraborec/Library/Developer/Xcode/DerivedData/revmeter-hbcnswmlqmbpnlazhhkncgeowiss/Build/Intermediates.noindex/Pods.build/Debug-iphonesimulator/ExpoLogBox.build/Objects-normal/arm64/ExpoLogBox-Swift.h -working-directory /Users/karelbraborec/rev-meter/ios/Pods -experimental-emit-module-separately -disable-cmo

SwiftDriverJobDiscovery normal x86_64 Emitting module for ExpoLogBox (in target 'ExpoLogBox' from project 'Pods')

SwiftDriver\ Compilation\ Requirements ExpoLogBox normal x86_64 com.apple.xcode.tools.swift.compiler (in target 'ExpoLogBox' from project 'Pods')
    cd /Users/karelbraborec/rev-meter/ios/Pods
    builtin-Swift-Compilation-Requirements -- /Applications/Xcode.app/Contents/Developer/Toolchains/XcodeDefault.xctoolchain/usr/bin/swiftc -module-name ExpoLogBox -Onone @/Users/karelbraborec/Library/Developer/Xcode/DerivedData/revmeter-hbcnswmlqmbpnlazhhkncgeowiss/Build/Intermediates.noindex/Pods.build/Debug-iphonesimulator/ExpoLogBox.build/Objects-normal/x86_64/ExpoLogBox.SwiftFileList -DDEBUG -D COCOAPODS -import-underlying-module -Xcc -fmodule-map-file\=/Users/karelbraborec/rev-meter/ios/Pods/Headers/Public/ExpoLogBox/ExpoLogBox.modulemap -Xcc -ivfsoverlay -Xcc /Users/karelbraborec/rev-meter/ios/Pods/React-Core-prebuilt/React-VFS.yaml -Xcc -Wno-incomplete-umbrella -enable-bare-slash-regex -enable-experimental-feature DebugDescriptionMacro -sdk /Applications/Xcode.app/Contents/Developer/Platforms/iPhoneSimulator.platform/Developer/SDKs/iPhoneSimulator26.5.sdk -target x86_64-apple-ios16.4-simulator -g -module-cache-path /Users/karelbraborec/Library/Developer/Xcode/DerivedData/ModuleCache.noindex -Xfrontend -serialize-debugging-options -enable-testing -index-store-path /Users/karelbraborec/Library/Developer/Xcode/DerivedData/revmeter-hbcnswmlqmbpnlazhhkncgeowiss/Index.noindex/DataStore -Xcc -D_LIBCPP_HARDENING_MODE\=_LIBCPP_HARDENING_MODE_DEBUG -swift-version 5 -I /Users/karelbraborec/Library/Developer/Xcode/DerivedData/revmeter-hbcnswmlqmbpnlazhhkncgeowiss/Build/Products/Debug-iphonesimulator/ExpoLogBox -F /Users/karelbraborec/Library/Developer/Xcode/DerivedData/revmeter-hbcnswmlqmbpnlazhhkncgeowiss/Build/Products/Debug-iphonesimulator/ExpoLogBox -F /Users/karelbraborec/rev-meter/ios/Pods/React-Core-prebuilt -F /Users/karelbraborec/rev-meter/ios/Pods/ReactNativeDependencies/framework/packages/react-native -F /Users/karelbraborec/rev-meter/ios/Pods/hermes-engine/destroot/Library/Frameworks/universal -F /Users/karelbraborec/Library/Developer/Xcode/DerivedData/revmeter-hbcnswmlqmbpnlazhhkncgeowiss/Build/Products/Debug-iphonesimulator/XCFrameworkIntermediates/React-Core-prebuilt -F /Users/karelbraborec/Library/Developer/Xcode/DerivedData/revmeter-hbcnswmlqmbpnlazhhkncgeowiss/Build/Products/Debug-iphonesimulator/XCFrameworkIntermediates/ReactNativeDependencies -F /Users/karelbraborec/Library/Developer/Xcode/DerivedData/revmeter-hbcnswmlqmbpnlazhhkncgeowiss/Build/Products/Debug-iphonesimulator/XCFrameworkIntermediates/hermes-engine/Pre-built -c -j10 -enable-batch-mode -incremental -Xcc -ivfsstatcache -Xcc /Users/karelbraborec/Library/Developer/Xcode/DerivedData/SDKStatCaches.noindex/iphonesimulator26.5-23F81a-6cfe768891a92b912361537c460fe42b.sdkstatcache -output-file-map /Users/karelbraborec/Library/Developer/Xcode/DerivedData/revmeter-hbcnswmlqmbpnlazhhkncgeowiss/Build/Intermediates.noindex/Pods.build/Debug-iphonesimulator/ExpoLogBox.build/Objects-normal/x86_64/ExpoLogBox-OutputFileMap.json -use-frontend-parseable-output -save-temps -no-color-diagnostics -serialize-diagnostics -emit-dependencies -emit-module -emit-module-path /Users/karelbraborec/Library/Developer/Xcode/DerivedData/revmeter-hbcnswmlqmbpnlazhhkncgeowiss/Build/Intermediates.noindex/Pods.build/Debug-iphonesimulator/ExpoLogBox.build/Objects-normal/x86_64/ExpoLogBox.swiftmodule -validate-clang-modules-once -clang-build-session-file /Users/karelbraborec/Library/Developer/Xcode/DerivedData/ModuleCache.noindex/Session.modulevalidation -Xcc -I/Users/karelbraborec/Library/Developer/Xcode/DerivedData/revmeter-hbcnswmlqmbpnlazhhkncgeowiss/Build/Intermediates.noindex/Pods.build/Debug-iphonesimulator/ExpoLogBox.build/swift-overrides.hmap -emit-const-values -Xfrontend -const-gather-protocols-file -Xfrontend /Users/karelbraborec/Library/Developer/Xcode/DerivedData/revmeter-hbcnswmlqmbpnlazhhkncgeowiss/Build/Intermediates.noindex/Pods.build/Debug-iphonesimulator/ExpoLogBox.build/Objects-normal/x86_64/ExpoLogBox_const_extract_protocols.json -Xcc -iquote -Xcc /Users/karelbraborec/Library/Developer/Xcode/DerivedData/revmeter-hbcnswmlqmbpnlazhhkncgeowiss/Build/Intermediates.noindex/Pods.build/Debug-iphonesimulator/ExpoLogBox.build/ExpoLogBox-generated-files.hmap -Xcc -I/Users/karelbraborec/Library/Developer/Xcode/DerivedData/revmeter-hbcnswmlqmbpnlazhhkncgeowiss/Build/Intermediates.noindex/Pods.build/Debug-iphonesimulator/ExpoLogBox.build/ExpoLogBox-own-target-headers.hmap -Xcc -I/Users/karelbraborec/Library/Developer/Xcode/DerivedData/revmeter-hbcnswmlqmbpnlazhhkncgeowiss/Build/Intermediates.noindex/Pods.build/Debug-iphonesimulator/ExpoLogBox.build/ExpoLogBox-all-non-framework-target-headers.hmap -Xcc -ivfsoverlay -Xcc /Users/karelbraborec/Library/Developer/Xcode/DerivedData/revmeter-hbcnswmlqmbpnlazhhkncgeowiss/Build/Intermediates.noindex/Pods.build/Debug-iphonesimulator/Pods-8699adb1dd336b26511df848a716bd42-VFS-iphonesimulator/all-product-headers.yaml -Xcc -iquote -Xcc /Users/karelbraborec/Library/Developer/Xcode/DerivedData/revmeter-hbcnswmlqmbpnlazhhkncgeowiss/Build/Intermediates.noindex/Pods.build/Debug-iphonesimulator/ExpoLogBox.build/ExpoLogBox-project-headers.hmap -Xcc -I/Users/karelbraborec/Library/Developer/Xcode/DerivedData/revmeter-hbcnswmlqmbpnlazhhkncgeowiss/Build/Products/Debug-iphonesimulator/ExpoLogBox/include -Xcc -I/Users/karelbraborec/rev-meter/ios/Pods/Headers/Public -Xcc -I/Users/karelbraborec/rev-meter/ios/Pods/Headers/Public/React-Core -Xcc -I/Users/karelbraborec/rev-meter/ios/Pods/Headers/Public/React-Core-prebuilt -Xcc -I/Users/karelbraborec/rev-meter/ios/Pods/Headers/Public/React-callinvoker -Xcc -I/Users/karelbraborec/rev-meter/ios/Pods/Headers/Public/React-cxxreact -Xcc -I/Users/karelbraborec/rev-meter/ios/Pods/Headers/Public/React-debug -Xcc -I/Users/karelbraborec/rev-meter/ios/Pods/Headers/Public/React-featureflags -Xcc -I/Users/karelbraborec/rev-meter/ios/Pods/Headers/Public/React-hermes -Xcc -I/Users/karelbraborec/rev-meter/ios/Pods/Headers/Public/React-jserrorhandler -Xcc -I/Users/karelbraborec/rev-meter/ios/Pods/Headers/Public/React-jsi -Xcc -I/Users/karelbraborec/rev-meter/ios/Pods/Headers/Public/React-jsiexecutor -Xcc -I/Users/karelbraborec/rev-meter/ios/Pods/Headers/Public/React-jsinspector -Xcc -I/Users/karelbraborec/rev-meter/ios/Pods/Headers/Public/React-jsinspectorcdp -Xcc -I/Users/karelbraborec/rev-meter/ios/Pods/Headers/Public/React-jsinspectornetwork -Xcc -I/Users/karelbraborec/rev-meter/ios/Pods/Headers/Public/React-jsinspectortracing -Xcc -I/Users/karelbraborec/rev-meter/ios/Pods/Headers/Public/React-jsitooling -Xcc -I/Users/karelbraborec/rev-meter/ios/Pods/Headers/Public/React-logger -Xcc -I/Users/karelbraborec/rev-meter/ios/Pods/Headers/Public/React-oscompat -Xcc -I/Users/karelbraborec/rev-meter/ios/Pods/Headers/Public/React-perflogger -Xcc -I/Users/karelbraborec/rev-meter/ios/Pods/Headers/Public/React-performancetimeline -Xcc -I/Users/karelbraborec/rev-meter/ios/Pods/Headers/Public/React-rendererconsistency -Xcc -I/Users/karelbraborec/rev-meter/ios/Pods/Headers/Public/React-rendererdebug -Xcc -I/Users/karelbraborec/rev-meter/ios/Pods/Headers/Public/React-runtimeexecutor -Xcc -I/Users/karelbraborec/rev-meter/ios/Pods/Headers/Public/React-runtimescheduler -Xcc -I/Users/karelbraborec/rev-meter/ios/Pods/Headers/Public/React-timing -Xcc -I/Users/karelbraborec/rev-meter/ios/Pods/Headers/Public/React-utils -Xcc -I/Users/karelbraborec/rev-meter/ios/Pods/Headers/Public/ReactCommon -Xcc -I/Users/karelbraborec/rev-meter/ios/Pods/Headers/Public/ReactNativeDependencies -Xcc -I/Users/karelbraborec/rev-meter/ios/Pods/Headers/Public/Yoga -Xcc -I/Users/karelbraborec/rev-meter/ios/Pods/Headers/Public/hermes-engine -Xcc -I/Users/karelbraborec/rev-meter/ios/Pods/ExpoModulesCore/ExpoModulesCore.xcframework/ios-arm64_x86_64-simulator/ExpoModulesCore.framework/Headers -Xcc -I/Users/karelbraborec/rev-meter/ios/Pods/ExpoModulesCore/ExpoModulesCore.xcframework/ios-arm64/ExpoModulesCore.framework/Headers -Xcc -I/Users/karelbraborec/rev-meter/ios/Pods/ExpoModulesCore/ExpoModulesCore.xcframework/ios-arm64_x86_64-simulator/ExpoModulesCore.framework/Headers -Xcc -I/Users/karelbraborec/rev-meter/ios/Pods/ExpoModulesCore/ExpoModulesCore.xcframework/ios-arm64/ExpoModulesCore.framework/Headers -Xcc -I/Users/karelbraborec/Library/Developer/Xcode/DerivedData/revmeter-hbcnswmlqmbpnlazhhkncgeowiss/Build/Intermediates.noindex/Pods.build/Debug-iphonesimulator/ExpoLogBox.build/DerivedSources-normal/x86_64 -Xcc -I/Users/karelbraborec/Library/Developer/Xcode/DerivedData/revmeter-hbcnswmlqmbpnlazhhkncgeowiss/Build/Intermediates.noindex/Pods.build/Debug-iphonesimulator/ExpoLogBox.build/DerivedSources/x86_64 -Xcc -I/Users/karelbraborec/Library/Developer/Xcode/DerivedData/revmeter-hbcnswmlqmbpnlazhhkncgeowiss/Build/Intermediates.noindex/Pods.build/Debug-iphonesimulator/ExpoLogBox.build/DerivedSources -Xcc -DPOD_CONFIGURATION_DEBUG\=1 -Xcc -DDEBUG\=1 -Xcc -DCOCOAPODS\=1 -emit-objc-header -emit-objc-header-path /Users/karelbraborec/Library/Developer/Xcode/DerivedData/revmeter-hbcnswmlqmbpnlazhhkncgeowiss/Build/Intermediates.noindex/Pods.build/Debug-iphonesimulator/ExpoLogBox.build/Objects-normal/x86_64/ExpoLogBox-Swift.h -working-directory /Users/karelbraborec/rev-meter/ios/Pods -experimental-emit-module-separately -disable-cmo

Copy /Users/karelbraborec/Library/Developer/Xcode/DerivedData/revmeter-hbcnswmlqmbpnlazhhkncgeowiss/Build/Products/Debug-iphonesimulator/ExpoLogBox/ExpoLogBox.swiftmodule/x86_64-apple-ios-simulator.swiftmodule /Users/karelbraborec/Library/Developer/Xcode/DerivedData/revmeter-hbcnswmlqmbpnlazhhkncgeowiss/Build/Intermediates.noindex/Pods.build/Debug-iphonesimulator/ExpoLogBox.build/Objects-normal/x86_64/ExpoLogBox.swiftmodule (in target 'ExpoLogBox' from project 'Pods')
    cd /Users/karelbraborec/rev-meter/ios/Pods
    builtin-copy -exclude .DS_Store -exclude CVS -exclude .svn -exclude .git -exclude .hg -resolve-src-symlinks -rename /Users/karelbraborec/Library/Developer/Xcode/DerivedData/revmeter-hbcnswmlqmbpnlazhhkncgeowiss/Build/Intermediates.noindex/Pods.build/Debug-iphonesimulator/ExpoLogBox.build/Objects-normal/x86_64/ExpoLogBox.swiftmodule /Users/karelbraborec/Library/Developer/Xcode/DerivedData/revmeter-hbcnswmlqmbpnlazhhkncgeowiss/Build/Products/Debug-iphonesimulator/ExpoLogBox/ExpoLogBox.swiftmodule/x86_64-apple-ios-simulator.swiftmodule

Copy /Users/karelbraborec/Library/Developer/Xcode/DerivedData/revmeter-hbcnswmlqmbpnlazhhkncgeowiss/Build/Products/Debug-iphonesimulator/ExpoLogBox/ExpoLogBox.swiftmodule/Project/x86_64-apple-ios-simulator.swiftsourceinfo /Users/karelbraborec/Library/Developer/Xcode/DerivedData/revmeter-hbcnswmlqmbpnlazhhkncgeowiss/Build/Intermediates.noindex/Pods.build/Debug-iphonesimulator/ExpoLogBox.build/Objects-normal/x86_64/ExpoLogBox.swiftsourceinfo (in target 'ExpoLogBox' from project 'Pods')
    cd /Users/karelbraborec/rev-meter/ios/Pods
    builtin-copy -exclude .DS_Store -exclude CVS -exclude .svn -exclude .git -exclude .hg -resolve-src-symlinks -rename /Users/karelbraborec/Library/Developer/Xcode/DerivedData/revmeter-hbcnswmlqmbpnlazhhkncgeowiss/Build/Intermediates.noindex/Pods.build/Debug-iphonesimulator/ExpoLogBox.build/Objects-normal/x86_64/ExpoLogBox.swiftsourceinfo /Users/karelbraborec/Library/Developer/Xcode/DerivedData/revmeter-hbcnswmlqmbpnlazhhkncgeowiss/Build/Products/Debug-iphonesimulator/ExpoLogBox/ExpoLogBox.swiftmodule/Project/x86_64-apple-ios-simulator.swiftsourceinfo

Copy /Users/karelbraborec/Library/Developer/Xcode/DerivedData/revmeter-hbcnswmlqmbpnlazhhkncgeowiss/Build/Products/Debug-iphonesimulator/ExpoLogBox/ExpoLogBox.swiftmodule/x86_64-apple-ios-simulator.swiftdoc /Users/karelbraborec/Library/Developer/Xcode/DerivedData/revmeter-hbcnswmlqmbpnlazhhkncgeowiss/Build/Intermediates.noindex/Pods.build/Debug-iphonesimulator/ExpoLogBox.build/Objects-normal/x86_64/ExpoLogBox.swiftdoc (in target 'ExpoLogBox' from project 'Pods')
    cd /Users/karelbraborec/rev-meter/ios/Pods
    builtin-copy -exclude .DS_Store -exclude CVS -exclude .svn -exclude .git -exclude .hg -resolve-src-symlinks -rename /Users/karelbraborec/Library/Developer/Xcode/DerivedData/revmeter-hbcnswmlqmbpnlazhhkncgeowiss/Build/Intermediates.noindex/Pods.build/Debug-iphonesimulator/ExpoLogBox.build/Objects-normal/x86_64/ExpoLogBox.swiftdoc /Users/karelbraborec/Library/Developer/Xcode/DerivedData/revmeter-hbcnswmlqmbpnlazhhkncgeowiss/Build/Products/Debug-iphonesimulator/ExpoLogBox/ExpoLogBox.swiftmodule/x86_64-apple-ios-simulator.swiftdoc

Copy /Users/karelbraborec/Library/Developer/Xcode/DerivedData/revmeter-hbcnswmlqmbpnlazhhkncgeowiss/Build/Products/Debug-iphonesimulator/ExpoLogBox/ExpoLogBox.swiftmodule/x86_64-apple-ios-simulator.abi.json /Users/karelbraborec/Library/Developer/Xcode/DerivedData/revmeter-hbcnswmlqmbpnlazhhkncgeowiss/Build/Intermediates.noindex/Pods.build/Debug-iphonesimulator/ExpoLogBox.build/Objects-normal/x86_64/ExpoLogBox.abi.json (in target 'ExpoLogBox' from project 'Pods')
    cd /Users/karelbraborec/rev-meter/ios/Pods
    builtin-copy -exclude .DS_Store -exclude CVS -exclude .svn -exclude .git -exclude .hg -resolve-src-symlinks -rename /Users/karelbraborec/Library/Developer/Xcode/DerivedData/revmeter-hbcnswmlqmbpnlazhhkncgeowiss/Build/Intermediates.noindex/Pods.build/Debug-iphonesimulator/ExpoLogBox.build/Objects-normal/x86_64/ExpoLogBox.abi.json /Users/karelbraborec/Library/Developer/Xcode/DerivedData/revmeter-hbcnswmlqmbpnlazhhkncgeowiss/Build/Products/Debug-iphonesimulator/ExpoLogBox/ExpoLogBox.swiftmodule/x86_64-apple-ios-simulator.abi.json

SwiftMergeGeneratedHeaders /Users/karelbraborec/Library/Developer/Xcode/DerivedData/revmeter-hbcnswmlqmbpnlazhhkncgeowiss/Build/Intermediates.noindex/Pods.build/Debug-iphonesimulator/ExpoLogBox.build/DerivedSources/ExpoLogBox-Swift.h /Users/karelbraborec/Library/Developer/Xcode/DerivedData/revmeter-hbcnswmlqmbpnlazhhkncgeowiss/Build/Intermediates.noindex/Pods.build/Debug-iphonesimulator/ExpoLogBox.build/Objects-normal/arm64/ExpoLogBox-Swift.h /Users/karelbraborec/Library/Developer/Xcode/DerivedData/revmeter-hbcnswmlqmbpnlazhhkncgeowiss/Build/Intermediates.noindex/Pods.build/Debug-iphonesimulator/ExpoLogBox.build/Objects-normal/x86_64/ExpoLogBox-Swift.h (in target 'ExpoLogBox' from project 'Pods')
    cd /Users/karelbraborec/rev-meter/ios/Pods
    builtin-swiftHeaderTool -arch arm64 /Users/karelbraborec/Library/Developer/Xcode/DerivedData/revmeter-hbcnswmlqmbpnlazhhkncgeowiss/Build/Intermediates.noindex/Pods.build/Debug-iphonesimulator/ExpoLogBox.build/Objects-normal/arm64/ExpoLogBox-Swift.h -arch x86_64 /Users/karelbraborec/Library/Developer/Xcode/DerivedData/revmeter-hbcnswmlqmbpnlazhhkncgeowiss/Build/Intermediates.noindex/Pods.build/Debug-iphonesimulator/ExpoLogBox.build/Objects-normal/x86_64/ExpoLogBox-Swift.h -o /Users/karelbraborec/Library/Developer/Xcode/DerivedData/revmeter-hbcnswmlqmbpnlazhhkncgeowiss/Build/Intermediates.noindex/Pods.build/Debug-iphonesimulator/ExpoLogBox.build/DerivedSources/ExpoLogBox-Swift.h

CompileC /Users/karelbraborec/Library/Developer/Xcode/DerivedData/revmeter-hbcnswmlqmbpnlazhhkncgeowiss/Build/Intermediates.noindex/Pods.build/Debug-iphonesimulator/ExpoLogBox.build/Objects-normal/arm64/ExpoRedBoxSwap.o /Users/karelbraborec/rev-meter/node_modules/@expo/log-box/ios/ExpoRedBoxSwap.mm normal arm64 objective-c++ com.apple.compilers.llvm.clang.1_0.compiler (in target 'ExpoLogBox' from project 'Pods')
    cd /Users/karelbraborec/rev-meter/ios/Pods
    
    Using response file: /Users/karelbraborec/Library/Developer/Xcode/DerivedData/revmeter-hbcnswmlqmbpnlazhhkncgeowiss/Build/Intermediates.noindex/Pods.build/Debug-iphonesimulator/ExpoLogBox.build/Objects-normal/arm64/af3fcb34312c57c0f52879cdce924b91-common-args.resp
    
    /Applications/Xcode.app/Contents/Developer/Toolchains/XcodeDefault.xctoolchain/usr/bin/clang -x objective-c++ -ivfsstatcache /Users/karelbraborec/Library/Developer/Xcode/DerivedData/SDKStatCaches.noindex/iphonesimulator26.5-23F81a-6cfe768891a92b912361537c460fe42b.sdkstatcache -target arm64-apple-ios16.4-simulator -fmessage-length\=0 -fdiagnostics-show-note-include-stack -fmacro-backtrace-limit\=0 -fno-color-diagnostics -fmodules-prune-interval\=86400 -fmodules-prune-after\=345600 -fbuild-session-file\=/Users/karelbraborec/Library/Developer/Xcode/DerivedData/ModuleCache.noindex/Session.modulevalidation -fmodules-validate-once-per-build-session -Wnon-modular-include-in-framework-module -Werror\=non-modular-include-in-framework-module -Wno-trigraphs -Wno-missing-field-initializers -Wno-missing-prototypes -Werror\=return-type -Wdocumentation -Wunreachable-code -Wno-implicit-atomic-properties -Werror\=deprecated-objc-isa-usage -Wno-objc-interface-ivars -Werror\=objc-root-class -Wno-arc-repeated-use-of-weak -Wimplicit-retain-self -Wno-non-virtual-dtor -Wno-overloaded-virtual -Wno-exit-time-destructors -Wduplicate-method-match -Wno-missing-braces -Wparentheses -Wswitch -Wunused-function -Wno-unused-label -Wno-unused-parameter -Wunused-variable -Wunused-value -Wempty-body -Wuninitialized -Wconditional-uninitialized -Wno-unknown-pragmas -Wno-shadow -Wno-four-char-constants -Wno-conversion -Wconstant-conversion -Wint-conversion -Wbool-conversion -Wenum-conversion -Wno-float-conversion -Wnon-literal-null-conversion -Wobjc-literal-conversion -Wshorten-64-to-32 -Wno-newline-eof -Wno-selector -Wno-strict-selector-match -Wundeclared-selector -Wdeprecated-implementations -Wno-c++11-extensions -Wno-implicit-fallthrough -isysroot /Applications/Xcode.app/Contents/Developer/Platforms/iPhoneSimulator.platform/Developer/SDKs/iPhoneSimulator26.5.sdk -fstrict-aliasing -Wprotocol -Wdeprecated-declarations -Winvalid-offsetof -Wno-sign-conversion -Winfinite-recursion -Wmove -Wcomma -Wblock-capture-autoreleasing -Wstrict-prototypes -Wrange-loop-analysis -Wno-semicolon-before-method-body -Wunguarded-availability -index-store-path /Users/karelbraborec/Library/Developer/Xcode/DerivedData/revmeter-hbcnswmlqmbpnlazhhkncgeowiss/Index.noindex/DataStore @/Users/karelbraborec/Library/Developer/Xcode/DerivedData/revmeter-hbcnswmlqmbpnlazhhkncgeowiss/Build/Intermediates.noindex/Pods.build/Debug-iphonesimulator/ExpoLogBox.build/Objects-normal/arm64/af3fcb34312c57c0f52879cdce924b91-common-args.resp -include /Users/karelbraborec/rev-meter/ios/Pods/Target\ Support\ Files/ExpoLogBox/ExpoLogBox-prefix.pch -MMD -MT dependencies -MF /Users/karelbraborec/Library/Developer/Xcode/DerivedData/revmeter-hbcnswmlqmbpnlazhhkncgeowiss/Build/Intermediates.noindex/Pods.build/Debug-iphonesimulator/ExpoLogBox.build/Objects-normal/arm64/ExpoRedBoxSwap.d --serialize-diagnostics /Users/karelbraborec/Library/Developer/Xcode/DerivedData/revmeter-hbcnswmlqmbpnlazhhkncgeowiss/Build/Intermediates.noindex/Pods.build/Debug-iphonesimulator/ExpoLogBox.build/Objects-normal/arm64/ExpoRedBoxSwap.dia -c /Users/karelbraborec/rev-meter/node_modules/@expo/log-box/ios/ExpoRedBoxSwap.mm -o /Users/karelbraborec/Library/Developer/Xcode/DerivedData/revmeter-hbcnswmlqmbpnlazhhkncgeowiss/Build/Intermediates.noindex/Pods.build/Debug-iphonesimulator/ExpoLogBox.build/Objects-normal/arm64/ExpoRedBoxSwap.o -index-unit-output-path /Pods.build/Debug-iphonesimulator/ExpoLogBox.build/Objects-normal/arm64/ExpoRedBoxSwap.o

CompileC /Users/karelbraborec/Library/Developer/Xcode/DerivedData/revmeter-hbcnswmlqmbpnlazhhkncgeowiss/Build/Intermediates.noindex/Pods.build/Debug-iphonesimulator/ExpoLogBox.build/Objects-normal/x86_64/ExpoRedBoxSwap.o /Users/karelbraborec/rev-meter/node_modules/@expo/log-box/ios/ExpoRedBoxSwap.mm normal x86_64 objective-c++ com.apple.compilers.llvm.clang.1_0.compiler (in target 'ExpoLogBox' from project 'Pods')
    cd /Users/karelbraborec/rev-meter/ios/Pods
    
    Using response file: /Users/karelbraborec/Library/Developer/Xcode/DerivedData/revmeter-hbcnswmlqmbpnlazhhkncgeowiss/Build/Intermediates.noindex/Pods.build/Debug-iphonesimulator/ExpoLogBox.build/Objects-normal/x86_64/af3fcb34312c57c0f52879cdce924b91-common-args.resp
    
    /Applications/Xcode.app/Contents/Developer/Toolchains/XcodeDefault.xctoolchain/usr/bin/clang -x objective-c++ -ivfsstatcache /Users/karelbraborec/Library/Developer/Xcode/DerivedData/SDKStatCaches.noindex/iphonesimulator26.5-23F81a-6cfe768891a92b912361537c460fe42b.sdkstatcache -target x86_64-apple-ios16.4-simulator -fmessage-length\=0 -fdiagnostics-show-note-include-stack -fmacro-backtrace-limit\=0 -fno-color-diagnostics -fmodules-prune-interval\=86400 -fmodules-prune-after\=345600 -fbuild-session-file\=/Users/karelbraborec/Library/Developer/Xcode/DerivedData/ModuleCache.noindex/Session.modulevalidation -fmodules-validate-once-per-build-session -Wnon-modular-include-in-framework-module -Werror\=non-modular-include-in-framework-module -Wno-trigraphs -Wno-missing-field-initializers -Wno-missing-prototypes -Werror\=return-type -Wdocumentation -Wunreachable-code -Wno-implicit-atomic-properties -Werror\=deprecated-objc-isa-usage -Wno-objc-interface-ivars -Werror\=objc-root-class -Wno-arc-repeated-use-of-weak -Wimplicit-retain-self -Wno-non-virtual-dtor -Wno-overloaded-virtual -Wno-exit-time-destructors -Wduplicate-method-match -Wno-missing-braces -Wparentheses -Wswitch -Wunused-function -Wno-unused-label -Wno-unused-parameter -Wunused-variable -Wunused-value -Wempty-body -Wuninitialized -Wconditional-uninitialized -Wno-unknown-pragmas -Wno-shadow -Wno-four-char-constants -Wno-conversion -Wconstant-conversion -Wint-conversion -Wbool-conversion -Wenum-conversion -Wno-float-conversion -Wnon-literal-null-conversion -Wobjc-literal-conversion -Wshorten-64-to-32 -Wno-newline-eof -Wno-selector -Wno-strict-selector-match -Wundeclared-selector -Wdeprecated-implementations -Wno-c++11-extensions -Wno-implicit-fallthrough -isysroot /Applications/Xcode.app/Contents/Developer/Platforms/iPhoneSimulator.platform/Developer/SDKs/iPhoneSimulator26.5.sdk -fstrict-aliasing -Wprotocol -Wdeprecated-declarations -Winvalid-offsetof -Wno-sign-conversion -Winfinite-recursion -Wmove -Wcomma -Wblock-capture-autoreleasing -Wstrict-prototypes -Wrange-loop-analysis -Wno-semicolon-before-method-body -Wunguarded-availability -index-store-path /Users/karelbraborec/Library/Developer/Xcode/DerivedData/revmeter-hbcnswmlqmbpnlazhhkncgeowiss/Index.noindex/DataStore @/Users/karelbraborec/Library/Developer/Xcode/DerivedData/revmeter-hbcnswmlqmbpnlazhhkncgeowiss/Build/Intermediates.noindex/Pods.build/Debug-iphonesimulator/ExpoLogBox.build/Objects-normal/x86_64/af3fcb34312c57c0f52879cdce924b91-common-args.resp -include /Users/karelbraborec/rev-meter/ios/Pods/Target\ Support\ Files/ExpoLogBox/ExpoLogBox-prefix.pch -MMD -MT dependencies -MF /Users/karelbraborec/Library/Developer/Xcode/DerivedData/revmeter-hbcnswmlqmbpnlazhhkncgeowiss/Build/Intermediates.noindex/Pods.build/Debug-iphonesimulator/ExpoLogBox.build/Objects-normal/x86_64/ExpoRedBoxSwap.d --serialize-diagnostics /Users/karelbraborec/Library/Developer/Xcode/DerivedData/revmeter-hbcnswmlqmbpnlazhhkncgeowiss/Build/Intermediates.noindex/Pods.build/Debug-iphonesimulator/ExpoLogBox.build/Objects-normal/x86_64/ExpoRedBoxSwap.dia -c /Users/karelbraborec/rev-meter/node_modules/@expo/log-box/ios/ExpoRedBoxSwap.mm -o /Users/karelbraborec/Library/Developer/Xcode/DerivedData/revmeter-hbcnswmlqmbpnlazhhkncgeowiss/Build/Intermediates.noindex/Pods.build/Debug-iphonesimulator/ExpoLogBox.build/Objects-normal/x86_64/ExpoRedBoxSwap.o -index-unit-output-path /Pods.build/Debug-iphonesimulator/ExpoLogBox.build/Objects-normal/x86_64/ExpoRedBoxSwap.o

ScanDependencies /Users/karelbraborec/Library/Developer/Xcode/DerivedData/revmeter-hbcnswmlqmbpnlazhhkncgeowiss/Build/Intermediates.noindex/Pods.build/Debug-iphonesimulator/ExpoLogBox.build/Objects-normal/x86_64/ExpoLogBox-dummy.o /Users/karelbraborec/rev-meter/ios/Pods/Target\ Support\ Files/ExpoLogBox/ExpoLogBox-dummy.m normal x86_64 objective-c com.apple.compilers.llvm.clang.1_0.compiler (in target 'ExpoLogBox' from project 'Pods')
    cd /Users/karelbraborec/rev-meter/ios/Pods
    
    Using response file: /Users/karelbraborec/Library/Developer/Xcode/DerivedData/revmeter-hbcnswmlqmbpnlazhhkncgeowiss/Build/Intermediates.noindex/Pods.build/Debug-iphonesimulator/ExpoLogBox.build/Objects-normal/x86_64/e6072d4f65d7061329687fe24e3d63a7-common-args.resp
    
    builtin-ScanDependencies -o /Users/karelbraborec/Library/Developer/Xcode/DerivedData/revmeter-hbcnswmlqmbpnlazhhkncgeowiss/Build/Intermediates.noindex/Pods.build/Debug-iphonesimulator/ExpoLogBox.build/Objects-normal/x86_64/ExpoLogBox-dummy.o.scan -- /Applications/Xcode.app/Contents/Developer/Toolchains/XcodeDefault.xctoolchain/usr/bin/clang -x objective-c -ivfsstatcache /Users/karelbraborec/Library/Developer/Xcode/DerivedData/SDKStatCaches.noindex/iphonesimulator26.5-23F81a-6cfe768891a92b912361537c460fe42b.sdkstatcache -target x86_64-apple-ios16.4-simulator -fmessage-length\=0 -fdiagnostics-show-note-include-stack -fmacro-backtrace-limit\=0 -fno-color-diagnostics -fmodules-prune-interval\=86400 -fmodules-prune-after\=345600 -fbuild-session-file\=/Users/karelbraborec/Library/Developer/Xcode/DerivedData/ModuleCache.noindex/Session.modulevalidation -fmodules-validate-once-per-build-session -Wnon-modular-include-in-framework-module -Werror\=non-modular-include-in-framework-module -Wno-trigraphs -Wno-missing-field-initializers -Wno-missing-prototypes -Werror\=return-type -Wdocumentation -Wunreachable-code -Wno-implicit-atomic-properties -Werror\=deprecated-objc-isa-usage -Wno-objc-interface-ivars -Werror\=objc-root-class -Wno-arc-repeated-use-of-weak -Wimplicit-retain-self -Wduplicate-method-match -Wno-missing-braces -Wparentheses -Wswitch -Wunused-function -Wno-unused-label -Wno-unused-parameter -Wunused-variable -Wunused-value -Wempty-body -Wuninitialized -Wconditional-uninitialized -Wno-unknown-pragmas -Wno-shadow -Wno-four-char-constants -Wno-conversion -Wconstant-conversion -Wint-conversion -Wbool-conversion -Wenum-conversion -Wno-float-conversion -Wnon-literal-null-conversion -Wobjc-literal-conversion -Wshorten-64-to-32 -Wpointer-sign -Wno-newline-eof -Wno-selector -Wno-strict-selector-match -Wundeclared-selector -Wdeprecated-implementations -Wno-implicit-fallthrough -isysroot /Applications/Xcode.app/Contents/Developer/Platforms/iPhoneSimulator.platform/Developer/SDKs/iPhoneSimulator26.5.sdk -fstrict-aliasing -Wprotocol -Wdeprecated-declarations -Wno-sign-conversion -Winfinite-recursion -Wcomma -Wblock-capture-autoreleasing -Wstrict-prototypes -Wno-semicolon-before-method-body -Wunguarded-availability -index-store-path /Users/karelbraborec/Library/Developer/Xcode/DerivedData/revmeter-hbcnswmlqmbpnlazhhkncgeowiss/Index.noindex/DataStore @/Users/karelbraborec/Library/Developer/Xcode/DerivedData/revmeter-hbcnswmlqmbpnlazhhkncgeowiss/Build/Intermediates.noindex/Pods.build/Debug-iphonesimulator/ExpoLogBox.build/Objects-normal/x86_64/e6072d4f65d7061329687fe24e3d63a7-common-args.resp -include /Users/karelbraborec/rev-meter/ios/Pods/Target\ Support\ Files/ExpoLogBox/ExpoLogBox-prefix.pch -MMD -MT dependencies -MF /Users/karelbraborec/Library/Developer/Xcode/DerivedData/revmeter-hbcnswmlqmbpnlazhhkncgeowiss/Build/Intermediates.noindex/Pods.build/Debug-iphonesimulator/ExpoLogBox.build/Objects-normal/x86_64/ExpoLogBox-dummy.d --serialize-diagnostics /Users/karelbraborec/Library/Developer/Xcode/DerivedData/revmeter-hbcnswmlqmbpnlazhhkncgeowiss/Build/Intermediates.noindex/Pods.build/Debug-iphonesimulator/ExpoLogBox.build/Objects-normal/x86_64/ExpoLogBox-dummy.dia -c /Users/karelbraborec/rev-meter/ios/Pods/Target\ Support\ Files/ExpoLogBox/ExpoLogBox-dummy.m -o /Users/karelbraborec/Library/Developer/Xcode/DerivedData/revmeter-hbcnswmlqmbpnlazhhkncgeowiss/Build/Intermediates.noindex/Pods.build/Debug-iphonesimulator/ExpoLogBox.build/Objects-normal/x86_64/ExpoLogBox-dummy.o -index-unit-output-path /Pods.build/Debug-iphonesimulator/ExpoLogBox.build/Objects-normal/x86_64/ExpoLogBox-dummy.o

ScanDependencies /Users/karelbraborec/Library/Developer/Xcode/DerivedData/revmeter-hbcnswmlqmbpnlazhhkncgeowiss/Build/Intermediates.noindex/Pods.build/Debug-iphonesimulator/ExpoLogBox.build/Objects-normal/arm64/ExpoLogBox-dummy.o /Users/karelbraborec/rev-meter/ios/Pods/Target\ Support\ Files/ExpoLogBox/ExpoLogBox-dummy.m normal arm64 objective-c com.apple.compilers.llvm.clang.1_0.compiler (in target 'ExpoLogBox' from project 'Pods')
    cd /Users/karelbraborec/rev-meter/ios/Pods
    
    Using response file: /Users/karelbraborec/Library/Developer/Xcode/DerivedData/revmeter-hbcnswmlqmbpnlazhhkncgeowiss/Build/Intermediates.noindex/Pods.build/Debug-iphonesimulator/ExpoLogBox.build/Objects-normal/arm64/e6072d4f65d7061329687fe24e3d63a7-common-args.resp
    
    builtin-ScanDependencies -o /Users/karelbraborec/Library/Developer/Xcode/DerivedData/revmeter-hbcnswmlqmbpnlazhhkncgeowiss/Build/Intermediates.noindex/Pods.build/Debug-iphonesimulator/ExpoLogBox.build/Objects-normal/arm64/ExpoLogBox-dummy.o.scan -- /Applications/Xcode.app/Contents/Developer/Toolchains/XcodeDefault.xctoolchain/usr/bin/clang -x objective-c -ivfsstatcache /Users/karelbraborec/Library/Developer/Xcode/DerivedData/SDKStatCaches.noindex/iphonesimulator26.5-23F81a-6cfe768891a92b912361537c460fe42b.sdkstatcache -target arm64-apple-ios16.4-simulator -fmessage-length\=0 -fdiagnostics-show-note-include-stack -fmacro-backtrace-limit\=0 -fno-color-diagnostics -fmodules-prune-interval\=86400 -fmodules-prune-after\=345600 -fbuild-session-file\=/Users/karelbraborec/Library/Developer/Xcode/DerivedData/ModuleCache.noindex/Session.modulevalidation -fmodules-validate-once-per-build-session -Wnon-modular-include-in-framework-module -Werror\=non-modular-include-in-framework-module -Wno-trigraphs -Wno-missing-field-initializers -Wno-missing-prototypes -Werror\=return-type -Wdocumentation -Wunreachable-code -Wno-implicit-atomic-properties -Werror\=deprecated-objc-isa-usage -Wno-objc-interface-ivars -Werror\=objc-root-class -Wno-arc-repeated-use-of-weak -Wimplicit-retain-self -Wduplicate-method-match -Wno-missing-braces -Wparentheses -Wswitch -Wunused-function -Wno-unused-label -Wno-unused-parameter -Wunused-variable -Wunused-value -Wempty-body -Wuninitialized -Wconditional-uninitialized -Wno-unknown-pragmas -Wno-shadow -Wno-four-char-constants -Wno-conversion -Wconstant-conversion -Wint-conversion -Wbool-conversion -Wenum-conversion -Wno-float-conversion -Wnon-literal-null-conversion -Wobjc-literal-conversion -Wshorten-64-to-32 -Wpointer-sign -Wno-newline-eof -Wno-selector -Wno-strict-selector-match -Wundeclared-selector -Wdeprecated-implementations -Wno-implicit-fallthrough -isysroot /Applications/Xcode.app/Contents/Developer/Platforms/iPhoneSimulator.platform/Developer/SDKs/iPhoneSimulator26.5.sdk -fstrict-aliasing -Wprotocol -Wdeprecated-declarations -Wno-sign-conversion -Winfinite-recursion -Wcomma -Wblock-capture-autoreleasing -Wstrict-prototypes -Wno-semicolon-before-method-body -Wunguarded-availability -index-store-path /Users/karelbraborec/Library/Developer/Xcode/DerivedData/revmeter-hbcnswmlqmbpnlazhhkncgeowiss/Index.noindex/DataStore @/Users/karelbraborec/Library/Developer/Xcode/DerivedData/revmeter-hbcnswmlqmbpnlazhhkncgeowiss/Build/Intermediates.noindex/Pods.build/Debug-iphonesimulator/ExpoLogBox.build/Objects-normal/arm64/e6072d4f65d7061329687fe24e3d63a7-common-args.resp -include /Users/karelbraborec/rev-meter/ios/Pods/Target\ Support\ Files/ExpoLogBox/ExpoLogBox-prefix.pch -MMD -MT dependencies -MF /Users/karelbraborec/Library/Developer/Xcode/DerivedData/revmeter-hbcnswmlqmbpnlazhhkncgeowiss/Build/Intermediates.noindex/Pods.build/Debug-iphonesimulator/ExpoLogBox.build/Objects-normal/arm64/ExpoLogBox-dummy.d --serialize-diagnostics /Users/karelbraborec/Library/Developer/Xcode/DerivedData/revmeter-hbcnswmlqmbpnlazhhkncgeowiss/Build/Intermediates.noindex/Pods.build/Debug-iphonesimulator/ExpoLogBox.build/Objects-normal/arm64/ExpoLogBox-dummy.dia -c /Users/karelbraborec/rev-meter/ios/Pods/Target\ Support\ Files/ExpoLogBox/ExpoLogBox-dummy.m -o /Users/karelbraborec/Library/Developer/Xcode/DerivedData/revmeter-hbcnswmlqmbpnlazhhkncgeowiss/Build/Intermediates.noindex/Pods.build/Debug-iphonesimulator/ExpoLogBox.build/Objects-normal/arm64/ExpoLogBox-dummy.o -index-unit-output-path /Pods.build/Debug-iphonesimulator/ExpoLogBox.build/Objects-normal/arm64/ExpoLogBox-dummy.o

SwiftDriverJobDiscovery normal x86_64 Compiling ExpoLogBoxController.swift (in target 'ExpoLogBox' from project 'Pods')

SwiftDriverJobDiscovery normal x86_64 Compiling ExpoLogBoxWebViewWrapper.swift (in target 'ExpoLogBox' from project 'Pods')

SwiftDriver\ Compilation ExpoLogBox normal x86_64 com.apple.xcode.tools.swift.compiler (in target 'ExpoLogBox' from project 'Pods')
    cd /Users/karelbraborec/rev-meter/ios/Pods
    builtin-Swift-Compilation -- /Applications/Xcode.app/Contents/Developer/Toolchains/XcodeDefault.xctoolchain/usr/bin/swiftc -module-name ExpoLogBox -Onone @/Users/karelbraborec/Library/Developer/Xcode/DerivedData/revmeter-hbcnswmlqmbpnlazhhkncgeowiss/Build/Intermediates.noindex/Pods.build/Debug-iphonesimulator/ExpoLogBox.build/Objects-normal/x86_64/ExpoLogBox.SwiftFileList -DDEBUG -D COCOAPODS -import-underlying-module -Xcc -fmodule-map-file\=/Users/karelbraborec/rev-meter/ios/Pods/Headers/Public/ExpoLogBox/ExpoLogBox.modulemap -Xcc -ivfsoverlay -Xcc /Users/karelbraborec/rev-meter/ios/Pods/React-Core-prebuilt/React-VFS.yaml -Xcc -Wno-incomplete-umbrella -enable-bare-slash-regex -enable-experimental-feature DebugDescriptionMacro -sdk /Applications/Xcode.app/Contents/Developer/Platforms/iPhoneSimulator.platform/Developer/SDKs/iPhoneSimulator26.5.sdk -target x86_64-apple-ios16.4-simulator -g -module-cache-path /Users/karelbraborec/Library/Developer/Xcode/DerivedData/ModuleCache.noindex -Xfrontend -serialize-debugging-options -enable-testing -index-store-path /Users/karelbraborec/Library/Developer/Xcode/DerivedData/revmeter-hbcnswmlqmbpnlazhhkncgeowiss/Index.noindex/DataStore -Xcc -D_LIBCPP_HARDENING_MODE\=_LIBCPP_HARDENING_MODE_DEBUG -swift-version 5 -I /Users/karelbraborec/Library/Developer/Xcode/DerivedData/revmeter-hbcnswmlqmbpnlazhhkncgeowiss/Build/Products/Debug-iphonesimulator/ExpoLogBox -F /Users/karelbraborec/Library/Developer/Xcode/DerivedData/revmeter-hbcnswmlqmbpnlazhhkncgeowiss/Build/Products/Debug-iphonesimulator/ExpoLogBox -F /Users/karelbraborec/rev-meter/ios/Pods/React-Core-prebuilt -F /Users/karelbraborec/rev-meter/ios/Pods/ReactNativeDependencies/framework/packages/react-native -F /Users/karelbraborec/rev-meter/ios/Pods/hermes-engine/destroot/Library/Frameworks/universal -F /Users/karelbraborec/Library/Developer/Xcode/DerivedData/revmeter-hbcnswmlqmbpnlazhhkncgeowiss/Build/Products/Debug-iphonesimulator/XCFrameworkIntermediates/React-Core-prebuilt -F /Users/karelbraborec/Library/Developer/Xcode/DerivedData/revmeter-hbcnswmlqmbpnlazhhkncgeowiss/Build/Products/Debug-iphonesimulator/XCFrameworkIntermediates/ReactNativeDependencies -F /Users/karelbraborec/Library/Developer/Xcode/DerivedData/revmeter-hbcnswmlqmbpnlazhhkncgeowiss/Build/Products/Debug-iphonesimulator/XCFrameworkIntermediates/hermes-engine/Pre-built -c -j10 -enable-batch-mode -incremental -Xcc -ivfsstatcache -Xcc /Users/karelbraborec/Library/Developer/Xcode/DerivedData/SDKStatCaches.noindex/iphonesimulator26.5-23F81a-6cfe768891a92b912361537c460fe42b.sdkstatcache -output-file-map /Users/karelbraborec/Library/Developer/Xcode/DerivedData/revmeter-hbcnswmlqmbpnlazhhkncgeowiss/Build/Intermediates.noindex/Pods.build/Debug-iphonesimulator/ExpoLogBox.build/Objects-normal/x86_64/ExpoLogBox-OutputFileMap.json -use-frontend-parseable-output -save-temps -no-color-diagnostics -serialize-diagnostics -emit-dependencies -emit-module -emit-module-path /Users/karelbraborec/Library/Developer/Xcode/DerivedData/revmeter-hbcnswmlqmbpnlazhhkncgeowiss/Build/Intermediates.noindex/Pods.build/Debug-iphonesimulator/ExpoLogBox.build/Objects-normal/x86_64/ExpoLogBox.swiftmodule -validate-clang-modules-once -clang-build-session-file /Users/karelbraborec/Library/Developer/Xcode/DerivedData/ModuleCache.noindex/Session.modulevalidation -Xcc -I/Users/karelbraborec/Library/Developer/Xcode/DerivedData/revmeter-hbcnswmlqmbpnlazhhkncgeowiss/Build/Intermediates.noindex/Pods.build/Debug-iphonesimulator/ExpoLogBox.build/swift-overrides.hmap -emit-const-values -Xfrontend -const-gather-protocols-file -Xfrontend /Users/karelbraborec/Library/Developer/Xcode/DerivedData/revmeter-hbcnswmlqmbpnlazhhkncgeowiss/Build/Intermediates.noindex/Pods.build/Debug-iphonesimulator/ExpoLogBox.build/Objects-normal/x86_64/ExpoLogBox_const_extract_protocols.json -Xcc -iquote -Xcc /Users/karelbraborec/Library/Developer/Xcode/DerivedData/revmeter-hbcnswmlqmbpnlazhhkncgeowiss/Build/Intermediates.noindex/Pods.build/Debug-iphonesimulator/ExpoLogBox.build/ExpoLogBox-generated-files.hmap -Xcc -I/Users/karelbraborec/Library/Developer/Xcode/DerivedData/revmeter-hbcnswmlqmbpnlazhhkncgeowiss/Build/Intermediates.noindex/Pods.build/Debug-iphonesimulator/ExpoLogBox.build/ExpoLogBox-own-target-headers.hmap -Xcc -I/Users/karelbraborec/Library/Developer/Xcode/DerivedData/revmeter-hbcnswmlqmbpnlazhhkncgeowiss/Build/Intermediates.noindex/Pods.build/Debug-iphonesimulator/ExpoLogBox.build/ExpoLogBox-all-non-framework-target-headers.hmap -Xcc -ivfsoverlay -Xcc /Users/karelbraborec/Library/Developer/Xcode/DerivedData/revmeter-hbcnswmlqmbpnlazhhkncgeowiss/Build/Intermediates.noindex/Pods.build/Debug-iphonesimulator/Pods-8699adb1dd336b26511df848a716bd42-VFS-iphonesimulator/all-product-headers.yaml -Xcc -iquote -Xcc /Users/karelbraborec/Library/Developer/Xcode/DerivedData/revmeter-hbcnswmlqmbpnlazhhkncgeowiss/Build/Intermediates.noindex/Pods.build/Debug-iphonesimulator/ExpoLogBox.build/ExpoLogBox-project-headers.hmap -Xcc -I/Users/karelbraborec/Library/Developer/Xcode/DerivedData/revmeter-hbcnswmlqmbpnlazhhkncgeowiss/Build/Products/Debug-iphonesimulator/ExpoLogBox/include -Xcc -I/Users/karelbraborec/rev-meter/ios/Pods/Headers/Public -Xcc -I/Users/karelbraborec/rev-meter/ios/Pods/Headers/Public/React-Core -Xcc -I/Users/karelbraborec/rev-meter/ios/Pods/Headers/Public/React-Core-prebuilt -Xcc -I/Users/karelbraborec/rev-meter/ios/Pods/Headers/Public/React-callinvoker -Xcc -I/Users/karelbraborec/rev-meter/ios/Pods/Headers/Public/React-cxxreact -Xcc -I/Users/karelbraborec/rev-meter/ios/Pods/Headers/Public/React-debug -Xcc -I/Users/karelbraborec/rev-meter/ios/Pods/Headers/Public/React-featureflags -Xcc -I/Users/karelbraborec/rev-meter/ios/Pods/Headers/Public/React-hermes -Xcc -I/Users/karelbraborec/rev-meter/ios/Pods/Headers/Public/React-jserrorhandler -Xcc -I/Users/karelbraborec/rev-meter/ios/Pods/Headers/Public/React-jsi -Xcc -I/Users/karelbraborec/rev-meter/ios/Pods/Headers/Public/React-jsiexecutor -Xcc -I/Users/karelbraborec/rev-meter/ios/Pods/Headers/Public/React-jsinspector -Xcc -I/Users/karelbraborec/rev-meter/ios/Pods/Headers/Public/React-jsinspectorcdp -Xcc -I/Users/karelbraborec/rev-meter/ios/Pods/Headers/Public/React-jsinspectornetwork -Xcc -I/Users/karelbraborec/rev-meter/ios/Pods/Headers/Public/React-jsinspectortracing -Xcc -I/Users/karelbraborec/rev-meter/ios/Pods/Headers/Public/React-jsitooling -Xcc -I/Users/karelbraborec/rev-meter/ios/Pods/Headers/Public/React-logger -Xcc -I/Users/karelbraborec/rev-meter/ios/Pods/Headers/Public/React-oscompat -Xcc -I/Users/karelbraborec/rev-meter/ios/Pods/Headers/Public/React-perflogger -Xcc -I/Users/karelbraborec/rev-meter/ios/Pods/Headers/Public/React-performancetimeline -Xcc -I/Users/karelbraborec/rev-meter/ios/Pods/Headers/Public/React-rendererconsistency -Xcc -I/Users/karelbraborec/rev-meter/ios/Pods/Headers/Public/React-rendererdebug -Xcc -I/Users/karelbraborec/rev-meter/ios/Pods/Headers/Public/React-runtimeexecutor -Xcc -I/Users/karelbraborec/rev-meter/ios/Pods/Headers/Public/React-runtimescheduler -Xcc -I/Users/karelbraborec/rev-meter/ios/Pods/Headers/Public/React-timing -Xcc -I/Users/karelbraborec/rev-meter/ios/Pods/Headers/Public/React-utils -Xcc -I/Users/karelbraborec/rev-meter/ios/Pods/Headers/Public/ReactCommon -Xcc -I/Users/karelbraborec/rev-meter/ios/Pods/Headers/Public/ReactNativeDependencies -Xcc -I/Users/karelbraborec/rev-meter/ios/Pods/Headers/Public/Yoga -Xcc -I/Users/karelbraborec/rev-meter/ios/Pods/Headers/Public/hermes-engine -Xcc -I/Users/karelbraborec/rev-meter/ios/Pods/ExpoModulesCore/ExpoModulesCore.xcframework/ios-arm64_x86_64-simulator/ExpoModulesCore.framework/Headers -Xcc -I/Users/karelbraborec/rev-meter/ios/Pods/ExpoModulesCore/ExpoModulesCore.xcframework/ios-arm64/ExpoModulesCore.framework/Headers -Xcc -I/Users/karelbraborec/rev-meter/ios/Pods/ExpoModulesCore/ExpoModulesCore.xcframework/ios-arm64_x86_64-simulator/ExpoModulesCore.framework/Headers -Xcc -I/Users/karelbraborec/rev-meter/ios/Pods/ExpoModulesCore/ExpoModulesCore.xcframework/ios-arm64/ExpoModulesCore.framework/Headers -Xcc -I/Users/karelbraborec/Library/Developer/Xcode/DerivedData/revmeter-hbcnswmlqmbpnlazhhkncgeowiss/Build/Intermediates.noindex/Pods.build/Debug-iphonesimulator/ExpoLogBox.build/DerivedSources-normal/x86_64 -Xcc -I/Users/karelbraborec/Library/Developer/Xcode/DerivedData/revmeter-hbcnswmlqmbpnlazhhkncgeowiss/Build/Intermediates.noindex/Pods.build/Debug-iphonesimulator/ExpoLogBox.build/DerivedSources/x86_64 -Xcc -I/Users/karelbraborec/Library/Developer/Xcode/DerivedData/revmeter-hbcnswmlqmbpnlazhhkncgeowiss/Build/Intermediates.noindex/Pods.build/Debug-iphonesimulator/ExpoLogBox.build/DerivedSources -Xcc -DPOD_CONFIGURATION_DEBUG\=1 -Xcc -DDEBUG\=1 -Xcc -DCOCOAPODS\=1 -emit-objc-header -emit-objc-header-path /Users/karelbraborec/Library/Developer/Xcode/DerivedData/revmeter-hbcnswmlqmbpnlazhhkncgeowiss/Build/Intermediates.noindex/Pods.build/Debug-iphonesimulator/ExpoLogBox.build/Objects-normal/x86_64/ExpoLogBox-Swift.h -working-directory /Users/karelbraborec/rev-meter/ios/Pods -experimental-emit-module-separately -disable-cmo

PrecompileModule /Users/karelbraborec/Library/Developer/Xcode/DerivedData/revmeter-hbcnswmlqmbpnlazhhkncgeowiss/Build/Intermediates.noindex/ExplicitPrecompiledModules/_Builtin_stdbool-6W5TB5FUHWVC6H7EIP7Y7SLTJ.scan
    cd /
    builtin-precompileModule /Users/karelbraborec/Library/Developer/Xcode/DerivedData/revmeter-hbcnswmlqmbpnlazhhkncgeowiss/Build/Intermediates.noindex/ExplicitPrecompiledModules/_Builtin_stdbool-6W5TB5FUHWVC6H7EIP7Y7SLTJ.scan

PrecompileModule /Users/karelbraborec/Library/Developer/Xcode/DerivedData/revmeter-hbcnswmlqmbpnlazhhkncgeowiss/Build/Intermediates.noindex/ExplicitPrecompiledModules/_Builtin_stddef-F5JONM3JYH2GWEUWJ43NK7I0G.scan
    cd /
    builtin-precompileModule /Users/karelbraborec/Library/Developer/Xcode/DerivedData/revmeter-hbcnswmlqmbpnlazhhkncgeowiss/Build/Intermediates.noindex/ExplicitPrecompiledModules/_Builtin_stddef-F5JONM3JYH2GWEUWJ43NK7I0G.scan

PrecompileModule /Users/karelbraborec/Library/Developer/Xcode/DerivedData/revmeter-hbcnswmlqmbpnlazhhkncgeowiss/Build/Intermediates.noindex/ExplicitPrecompiledModules/_AvailabilityInternal-2U5DXH7W8DP55KUGCQW434EX0.scan
    cd /
    builtin-precompileModule /Users/karelbraborec/Library/Developer/Xcode/DerivedData/revmeter-hbcnswmlqmbpnlazhhkncgeowiss/Build/Intermediates.noindex/ExplicitPrecompiledModules/_AvailabilityInternal-2U5DXH7W8DP55KUGCQW434EX0.scan

PrecompileModule /Users/karelbraborec/Library/Developer/Xcode/DerivedData/revmeter-hbcnswmlqmbpnlazhhkncgeowiss/Build/Intermediates.noindex/ExplicitPrecompiledModules/ptrauth-DHLA6EJ920IAPG0AI9S8XO35D.scan
    cd /
    builtin-precompileModule /Users/karelbraborec/Library/Developer/Xcode/DerivedData/revmeter-hbcnswmlqmbpnlazhhkncgeowiss/Build/Intermediates.noindex/ExplicitPrecompiledModules/ptrauth-DHLA6EJ920IAPG0AI9S8XO35D.scan

PrecompileModule /Users/karelbraborec/Library/Developer/Xcode/DerivedData/revmeter-hbcnswmlqmbpnlazhhkncgeowiss/Build/Intermediates.noindex/ExplicitPrecompiledModules/_Builtin_float-64A3UO6X3YW6TJLWNBA0MNSRU.scan
    cd /
    builtin-precompileModule /Users/karelbraborec/Library/Developer/Xcode/DerivedData/revmeter-hbcnswmlqmbpnlazhhkncgeowiss/Build/Intermediates.noindex/ExplicitPrecompiledModules/_Builtin_float-64A3UO6X3YW6TJLWNBA0MNSRU.scan

PrecompileModule /Users/karelbraborec/Library/Developer/Xcode/DerivedData/revmeter-hbcnswmlqmbpnlazhhkncgeowiss/Build/Intermediates.noindex/ExplicitPrecompiledModules/ptrcheck-4V9AI4Q5JUPKVKC8G3MCJYBZ1.scan
    cd /
    builtin-precompileModule /Users/karelbraborec/Library/Developer/Xcode/DerivedData/revmeter-hbcnswmlqmbpnlazhhkncgeowiss/Build/Intermediates.noindex/ExplicitPrecompiledModules/ptrcheck-4V9AI4Q5JUPKVKC8G3MCJYBZ1.scan

PrecompileModule /Users/karelbraborec/Library/Developer/Xcode/DerivedData/revmeter-hbcnswmlqmbpnlazhhkncgeowiss/Build/Intermediates.noindex/ExplicitPrecompiledModules/_Builtin_stdarg-CBINAH7NAV18NLZF9J6REBDVB.scan
    cd /
    builtin-precompileModule /Users/karelbraborec/Library/Developer/Xcode/DerivedData/revmeter-hbcnswmlqmbpnlazhhkncgeowiss/Build/Intermediates.noindex/ExplicitPrecompiledModules/_Builtin_stdarg-CBINAH7NAV18NLZF9J6REBDVB.scan

PrecompileModule /Users/karelbraborec/Library/Developer/Xcode/DerivedData/revmeter-hbcnswmlqmbpnlazhhkncgeowiss/Build/Intermediates.noindex/ExplicitPrecompiledModules/_Builtin_float-71CP96QKI47TRJTAE7RNG8G8G.scan
    cd /
    builtin-precompileModule /Users/karelbraborec/Library/Developer/Xcode/DerivedData/revmeter-hbcnswmlqmbpnlazhhkncgeowiss/Build/Intermediates.noindex/ExplicitPrecompiledModules/_Builtin_float-71CP96QKI47TRJTAE7RNG8G8G.scan

PrecompileModule /Users/karelbraborec/Library/Developer/Xcode/DerivedData/revmeter-hbcnswmlqmbpnlazhhkncgeowiss/Build/Intermediates.noindex/ExplicitPrecompiledModules/_Builtin_stdbool-6CZCI105PJR4GRWUPJQBLMZI1.scan
    cd /
    builtin-precompileModule /Users/karelbraborec/Library/Developer/Xcode/DerivedData/revmeter-hbcnswmlqmbpnlazhhkncgeowiss/Build/Intermediates.noindex/ExplicitPrecompiledModules/_Builtin_stdbool-6CZCI105PJR4GRWUPJQBLMZI1.scan

PrecompileModule /Users/karelbraborec/Library/Developer/Xcode/DerivedData/revmeter-hbcnswmlqmbpnlazhhkncgeowiss/Build/Intermediates.noindex/ExplicitPrecompiledModules/ptrauth-KBP8RZ2R0KAE3YU27Z7CZT85.scan
    cd /
    builtin-precompileModule /Users/karelbraborec/Library/Developer/Xcode/DerivedData/revmeter-hbcnswmlqmbpnlazhhkncgeowiss/Build/Intermediates.noindex/ExplicitPrecompiledModules/ptrauth-KBP8RZ2R0KAE3YU27Z7CZT85.scan

PrecompileModule /Users/karelbraborec/Library/Developer/Xcode/DerivedData/revmeter-hbcnswmlqmbpnlazhhkncgeowiss/Build/Intermediates.noindex/ExplicitPrecompiledModules/ptrcheck-6NFKUB1FEFRQWZRYTB1MI2SSR.scan
    cd /
    builtin-precompileModule /Users/karelbraborec/Library/Developer/Xcode/DerivedData/revmeter-hbcnswmlqmbpnlazhhkncgeowiss/Build/Intermediates.noindex/ExplicitPrecompiledModules/ptrcheck-6NFKUB1FEFRQWZRYTB1MI2SSR.scan

PrecompileModule /Users/karelbraborec/Library/Developer/Xcode/DerivedData/revmeter-hbcnswmlqmbpnlazhhkncgeowiss/Build/Intermediates.noindex/ExplicitPrecompiledModules/_Builtin_stddef-3E2DD7WRKKRR9S8MGIDB5UBKD.scan
    cd /
    builtin-precompileModule /Users/karelbraborec/Library/Developer/Xcode/DerivedData/revmeter-hbcnswmlqmbpnlazhhkncgeowiss/Build/Intermediates.noindex/ExplicitPrecompiledModules/_Builtin_stddef-3E2DD7WRKKRR9S8MGIDB5UBKD.scan

PrecompileModule /Users/karelbraborec/Library/Developer/Xcode/DerivedData/revmeter-hbcnswmlqmbpnlazhhkncgeowiss/Build/Intermediates.noindex/ExplicitPrecompiledModules/_Builtin_stdarg-C9H6OHF3D7MTREY61QAOVK9G2.scan
    cd /
    builtin-precompileModule /Users/karelbraborec/Library/Developer/Xcode/DerivedData/revmeter-hbcnswmlqmbpnlazhhkncgeowiss/Build/Intermediates.noindex/ExplicitPrecompiledModules/_Builtin_stdarg-C9H6OHF3D7MTREY61QAOVK9G2.scan

PrecompileModule /Users/karelbraborec/Library/Developer/Xcode/DerivedData/revmeter-hbcnswmlqmbpnlazhhkncgeowiss/Build/Intermediates.noindex/ExplicitPrecompiledModules/_DarwinFoundation1-3URJGNW12J220GPB8W1F1BOVJ.scan
    cd /
    builtin-precompileModule /Users/karelbraborec/Library/Developer/Xcode/DerivedData/revmeter-hbcnswmlqmbpnlazhhkncgeowiss/Build/Intermediates.noindex/ExplicitPrecompiledModules/_DarwinFoundation1-3URJGNW12J220GPB8W1F1BOVJ.scan

PrecompileModule /Users/karelbraborec/Library/Developer/Xcode/DerivedData/revmeter-hbcnswmlqmbpnlazhhkncgeowiss/Build/Intermediates.noindex/ExplicitPrecompiledModules/_AvailabilityInternal-CTSHUQBQQ2E5M3GFVCWDDCAJI.scan
    cd /
    builtin-precompileModule /Users/karelbraborec/Library/Developer/Xcode/DerivedData/revmeter-hbcnswmlqmbpnlazhhkncgeowiss/Build/Intermediates.noindex/ExplicitPrecompiledModules/_AvailabilityInternal-CTSHUQBQQ2E5M3GFVCWDDCAJI.scan

PhaseScriptExecution [CP-User]\ Generate\ Specs /Users/karelbraborec/Library/Developer/Xcode/DerivedData/revmeter-hbcnswmlqmbpnlazhhkncgeowiss/Build/Intermediates.noindex/Pods.build/Debug-iphonesimulator/ReactCodegen.build/Script-46EB2E0001F460.sh (in target 'ReactCodegen' from project 'Pods')
    cd /Users/karelbraborec/rev-meter/ios/Pods
    export ACTION\=build
    export AD_HOC_CODE_SIGNING_ALLOWED\=YES
    export ALLOW_BUILD_REQUEST_OVERRIDES\=NO
    export ALLOW_TARGET_PLATFORM_SPECIALIZATION\=NO
    export ALTERNATE_GROUP\=staff
    export ALTERNATE_MODE\=u+w,go-w,a+rX
    export ALTERNATE_OWNER\=karelbraborec
    export ALTERNATIVE_DISTRIBUTION_WEB\=NO
    export ALWAYS_EMBED_SWIFT_STANDARD_LIBRARIES\=NO
    export ALWAYS_SEARCH_USER_PATHS\=NO
    export ALWAYS_USE_SEPARATE_HEADERMAPS\=NO
    export APPLICATION_EXTENSION_API_ONLY\=NO
    export APPLY_RULES_IN_COPY_FILES\=NO
    export APPLY_RULES_IN_COPY_HEADERS\=NO
    export APP_SHORTCUTS_ENABLE_FLEXIBLE_MATCHING\=YES
    export ARCHS\=arm64\ x86_64
    export ARCHS_BASE\=arm64\ x86_64
    export ARCHS_STANDARD\=arm64\ x86_64
    export ARCHS_STANDARD_32_64_BIT\=arm64\ x86_64
    export ARCHS_STANDARD_64_BIT\=arm64\ x86_64
    export ARCHS_STANDARD_INCLUDING_64_BIT\=arm64\ x86_64
    export ARCHS_UNIVERSAL_IPHONE_OS\=arm64\ x86_64
    export AUTOMATICALLY_MERGE_DEPENDENCIES\=NO
    export AUTOMATION_APPLE_EVENTS\=NO
    export AVAILABLE_PLATFORMS\=android\ appletvos\ appletvsimulator\ driverkit\ freebsd\ iphoneos\ iphonesimulator\ linux\ macosx\ none\ openbsd\ qnx\ watchos\ watchsimulator\ webassembly\ xros\ xrsimulator
    export BUILD_ACTIVE_RESOURCES_ONLY\=NO
    export BUILD_COMPONENTS\=headers\ build
    export BUILD_DIR\=/Users/karelbraborec/Library/Developer/Xcode/DerivedData/revmeter-hbcnswmlqmbpnlazhhkncgeowiss/Build/Products
    export BUILD_LIBRARY_FOR_DISTRIBUTION\=NO
    export BUILD_ONLY_KNOWN_LOCALIZATIONS\=NO
    export BUILD_ROOT\=/Users/karelbraborec/Library/Developer/Xcode/DerivedData/revmeter-hbcnswmlqmbpnlazhhkncgeowiss/Build/Products
    export BUILD_STYLE\=
    export BUILD_VARIANTS\=normal
    export BUILT_PRODUCTS_DIR\=/Users/karelbraborec/Library/Developer/Xcode/DerivedData/revmeter-hbcnswmlqmbpnlazhhkncgeowiss/Build/Products/Debug-iphonesimulator/ReactCodegen
    export BUNDLE_CONTENTS_FOLDER_PATH_deep\=Contents/
    export BUNDLE_EXECUTABLE_FOLDER_NAME_deep\=MacOS
    export BUNDLE_EXTENSIONS_FOLDER_PATH\=Extensions
    export BUNDLE_FORMAT\=shallow
    export BUNDLE_FRAMEWORKS_FOLDER_PATH\=Frameworks
    export BUNDLE_PLUGINS_FOLDER_PATH\=PlugIns
    export BUNDLE_PRIVATE_HEADERS_FOLDER_PATH\=PrivateHeaders
    export BUNDLE_PUBLIC_HEADERS_FOLDER_PATH\=Headers
    export CACHE_ROOT\=/var/folders/zn/6f_ddjd136v_cf62f8s84b0m0000gn/C/com.apple.DeveloperTools/26.6-17F113/Xcode
    export CCHROOT\=/var/folders/zn/6f_ddjd136v_cf62f8s84b0m0000gn/C/com.apple.DeveloperTools/26.6-17F113/Xcode
    export CHMOD\=/bin/chmod
    export CHOWN\=chown
    export CLANG_ANALYZER_LOCALIZABILITY_NONLOCALIZED\=YES
    export CLANG_ANALYZER_NONNULL\=YES
    export CLANG_ANALYZER_NUMBER_OBJECT_CONVERSION\=YES_AGGRESSIVE
    export CLANG_CACHE_FINE_GRAINED_OUTPUTS\=YES
    export CLANG_CXX_LANGUAGE_STANDARD\=c++20
    export CLANG_CXX_LIBRARY\=libc++
    export CLANG_ENABLE_EXPLICIT_MODULES\=YES
    export CLANG_ENABLE_MODULES\=YES
    export CLANG_ENABLE_MODULE_DEBUGGING\=NO
    export CLANG_ENABLE_OBJC_ARC\=YES
    export CLANG_ENABLE_OBJC_WEAK\=NO
    export CLANG_MODULES_BUILD_SESSION_FILE\=/Users/karelbraborec/Library/Developer/Xcode/DerivedData/ModuleCache.noindex/Session.modulevalidation
    export CLANG_WARN_BLOCK_CAPTURE_AUTORELEASING\=YES
    export CLANG_WARN_BOOL_CONVERSION\=YES
    export CLANG_WARN_COMMA\=YES
    export CLANG_WARN_CONSTANT_CONVERSION\=YES
    export CLANG_WARN_DEPRECATED_OBJC_IMPLEMENTATIONS\=YES
    export CLANG_WARN_DIRECT_OBJC_ISA_USAGE\=YES_ERROR
    export CLANG_WARN_DOCUMENTATION_COMMENTS\=YES
    export CLANG_WARN_EMPTY_BODY\=YES
    export CLANG_WARN_ENUM_CONVERSION\=YES
    export CLANG_WARN_INFINITE_RECURSION\=YES
    export CLANG_WARN_INT_CONVERSION\=YES
    export CLANG_WARN_NON_LITERAL_NULL_CONVERSION\=YES
    export CLANG_WARN_OBJC_IMPLICIT_RETAIN_SELF\=YES
    export CLANG_WARN_OBJC_LITERAL_CONVERSION\=YES
    export CLANG_WARN_OBJC_ROOT_CLASS\=YES_ERROR
    export CLANG_WARN_QUOTED_INCLUDE_IN_FRAMEWORK_HEADER\=NO
    export CLANG_WARN_RANGE_LOOP_ANALYSIS\=YES
    export CLANG_WARN_STRICT_PROTOTYPES\=YES
    export CLANG_WARN_SUSPICIOUS_MOVE\=YES
    export CLANG_WARN_UNGUARDED_AVAILABILITY\=YES_AGGRESSIVE
    export CLANG_WARN_UNREACHABLE_CODE\=YES
    export CLANG_WARN__DUPLICATE_METHOD_MATCH\=YES
    export CLASS_FILE_DIR\=/Users/karelbraborec/Library/Developer/Xcode/DerivedData/revmeter-hbcnswmlqmbpnlazhhkncgeowiss/Build/Intermediates.noindex/Pods.build/Debug-iphonesimulator/ReactCodegen.build/JavaClasses
    export CLEAN_PRECOMPS\=YES
    export CLONE_HEADERS\=NO
    export CODESIGNING_FOLDER_PATH\=/Users/karelbraborec/Library/Developer/Xcode/DerivedData/revmeter-hbcnswmlqmbpnlazhhkncgeowiss/Build/Products/Debug-iphonesimulator/ReactCodegen/libReactCodegen.a
    export CODE_SIGNING_ALLOWED\=NO
    export CODE_SIGNING_REQUIRED\=YES
    export CODE_SIGN_CONTEXT_CLASS\=XCiPhoneSimulatorCodeSignContext
    export CODE_SIGN_IDENTITY\=-
    export CODE_SIGN_INJECT_BASE_ENTITLEMENTS\=YES
    export COLOR_DIAGNOSTICS\=NO
    export COMBINE_HIDPI_IMAGES\=NO
    export COMPILATION_CACHE_CAS_PATH\=/Users/karelbraborec/Library/Developer/Xcode/DerivedData/CompilationCache.noindex
    export COMPILATION_CACHE_KEEP_CAS_DIRECTORY\=YES
    export COMPILER_INDEX_STORE_ENABLE\=Default
    export COMPOSITE_SDK_DIRS\=/Users/karelbraborec/Library/Developer/Xcode/DerivedData/revmeter-hbcnswmlqmbpnlazhhkncgeowiss/Build/Intermediates.noindex/CompositeSDKs
    export COMPRESS_PNG_FILES\=YES
    export CONFIGURATION\=Debug
    export CONFIGURATION_BUILD_DIR\=/Users/karelbraborec/Library/Developer/Xcode/DerivedData/revmeter-hbcnswmlqmbpnlazhhkncgeowiss/Build/Products/Debug-iphonesimulator/ReactCodegen
    export CONFIGURATION_TEMP_DIR\=/Users/karelbraborec/Library/Developer/Xcode/DerivedData/revmeter-hbcnswmlqmbpnlazhhkncgeowiss/Build/Intermediates.noindex/Pods.build/Debug-iphonesimulator
    export COPYING_PRESERVES_HFS_DATA\=NO
    export COPY_HEADERS_RUN_UNIFDEF\=NO
    export COPY_PHASE_STRIP\=NO
    export CORRESPONDING_DEVICE_PLATFORM_DIR\=/Applications/Xcode.app/Contents/Developer/Platforms/iPhoneOS.platform
    export CORRESPONDING_DEVICE_PLATFORM_NAME\=iphoneos
    export CORRESPONDING_DEVICE_SDK_DIR\=/Applications/Xcode.app/Contents/Developer/Platforms/iPhoneOS.platform/Developer/SDKs/iPhoneOS26.5.sdk
    export CORRESPONDING_DEVICE_SDK_NAME\=iphoneos26.5
    export CP\=/bin/cp
    export CREATE_INFOPLIST_SECTION_IN_BINARY\=NO
    export CURRENT_ARCH\=undefined_arch
    export CURRENT_VARIANT\=normal
    export DEAD_CODE_STRIPPING\=YES
    export DEBUGGING_SYMBOLS\=YES
    export DEBUG_INFORMATION_FORMAT\=dwarf
    export DEBUG_INFORMATION_VERSION\=compiler-default
    export DEFAULT_COMPILER\=com.apple.compilers.llvm.clang.1_0
    export DEFAULT_DEXT_INSTALL_PATH\=/System/Library/DriverExtensions
    export DEFAULT_KEXT_INSTALL_PATH\=/System/Library/Extensions
    export DEFINES_MODULE\=NO
    export DEPLOYMENT_LOCATION\=NO
    export DEPLOYMENT_POSTPROCESSING\=NO
    export DEPLOYMENT_TARGET_SETTING_NAME\=IPHONEOS_DEPLOYMENT_TARGET
    export DEPLOYMENT_TARGET_SUGGESTED_VALUES\=12.0\ 12.1\ 12.2\ 12.3\ 12.4\ 13.0\ 13.1\ 13.2\ 13.3\ 13.4\ 13.5\ 13.6\ 14.0\ 14.1\ 14.2\ 14.3\ 14.4\ 14.5\ 14.6\ 14.7\ 15.0\ 15.1\ 15.2\ 15.3\ 15.4\ 15.5\ 15.6\ 16.0\ 16.1\ 16.2\ 16.3\ 16.4\ 16.5\ 16.6\ 17.0\ 17.1\ 17.2\ 17.3\ 17.4\ 17.5\ 17.6\ 18.0\ 18.1\ 18.2\ 18.3\ 18.4\ 18.5\ 18.6\ 26.0\ 26.2\ 26.3\ 26.4\ 26.5
    export DERIVED_FILES_DIR\=/Users/karelbraborec/Library/Developer/Xcode/DerivedData/revmeter-hbcnswmlqmbpnlazhhkncgeowiss/Build/Intermediates.noindex/Pods.build/Debug-iphonesimulator/ReactCodegen.build/DerivedSources
    export DERIVED_FILE_DIR\=/Users/karelbraborec/Library/Developer/Xcode/DerivedData/revmeter-hbcnswmlqmbpnlazhhkncgeowiss/Build/Intermediates.noindex/Pods.build/Debug-iphonesimulator/ReactCodegen.build/DerivedSources
    export DERIVED_SOURCES_DIR\=/Users/karelbraborec/Library/Developer/Xcode/DerivedData/revmeter-hbcnswmlqmbpnlazhhkncgeowiss/Build/Intermediates.noindex/Pods.build/Debug-iphonesimulator/ReactCodegen.build/DerivedSources
    export DEVELOPER_APPLICATIONS_DIR\=/Applications/Xcode.app/Contents/Developer/Applications
    export DEVELOPER_BIN_DIR\=/Applications/Xcode.app/Contents/Developer/usr/bin
    export DEVELOPER_DIR\=/Applications/Xcode.app/Contents/Developer
    export DEVELOPER_FRAMEWORKS_DIR\=/Applications/Xcode.app/Contents/Developer/Library/Frameworks
    export DEVELOPER_FRAMEWORKS_DIR_QUOTED\=/Applications/Xcode.app/Contents/Developer/Library/Frameworks
    export DEVELOPER_LIBRARY_DIR\=/Applications/Xcode.app/Contents/Developer/Library
    export DEVELOPER_SDK_DIR\=/Applications/Xcode.app/Contents/Developer/Platforms/MacOSX.platform/Developer/SDKs
    export DEVELOPER_TOOLS_DIR\=/Applications/Xcode.app/Contents/Developer/Tools
    export DEVELOPER_USR_DIR\=/Applications/Xcode.app/Contents/Developer/usr
    export DEVELOPMENT_LANGUAGE\=en
    export DIAGNOSE_MISSING_TARGET_DEPENDENCIES\=YES
    export DIFF\=/usr/bin/diff
    export DONT_GENERATE_INFOPLIST_FILE\=NO
    export DSTROOT\=/tmp/Pods.dst
    export DT_TOOLCHAIN_DIR\=/Applications/Xcode.app/Contents/Developer/Toolchains/XcodeDefault.xctoolchain
    export DUMP_DEPENDENCIES\=NO
    export DUMP_DEPENDENCIES_OUTPUT_PATH\=/Users/karelbraborec/Library/Developer/Xcode/DerivedData/revmeter-hbcnswmlqmbpnlazhhkncgeowiss/Build/Intermediates.noindex/Pods.build/Debug-iphonesimulator/ReactCodegen.build/ReactCodegen-BuildDependencyInfo.json
    export DWARF_DSYM_FILE_NAME\=libReactCodegen.a.dSYM
    export DWARF_DSYM_FILE_SHOULD_ACCOMPANY_PRODUCT\=NO
    export DWARF_DSYM_FOLDER_PATH\=/Users/karelbraborec/Library/Developer/Xcode/DerivedData/revmeter-hbcnswmlqmbpnlazhhkncgeowiss/Build/Products/Debug-iphonesimulator/ReactCodegen
    export DYNAMIC_LIBRARY_EXTENSION\=dylib
    export EAGER_COMPILATION_ALLOW_SCRIPTS\=NO
    export EAGER_LINKING\=NO
    export EFFECTIVE_PLATFORM_NAME\=-iphonesimulator
    export EFFECTIVE_SWIFT_VERSION\=5
    export EMBEDDED_CONTENT_CONTAINS_SWIFT\=NO
    export EMBED_ASSET_PACKS_IN_PRODUCT_BUNDLE\=NO
    export ENABLE_APP_SANDBOX\=NO
    export ENABLE_CODE_COVERAGE\=YES
    export ENABLE_COHORT_ARCHS\=NO
    export ENABLE_CPLUSPLUS_BOUNDS_SAFE_BUFFERS\=NO
    export ENABLE_C_BOUNDS_SAFETY\=NO
    export ENABLE_DEFAULT_HEADER_SEARCH_PATHS\=YES
    export ENABLE_DEFAULT_SEARCH_PATHS\=YES
    export ENABLE_ENHANCED_SECURITY\=NO
    export ENABLE_HARDENED_RUNTIME\=NO
    export ENABLE_HEADER_DEPENDENCIES\=YES
    export ENABLE_INCOMING_NETWORK_CONNECTIONS\=NO
    export ENABLE_MODULE_VERIFIER\=NO
    export ENABLE_ON_DEMAND_RESOURCES\=NO
    export ENABLE_OUTGOING_NETWORK_CONNECTIONS\=NO
    export ENABLE_POINTER_AUTHENTICATION\=NO
    export ENABLE_PREVIEWS\=NO
    export ENABLE_RESOURCE_ACCESS_AUDIO_INPUT\=NO
    export ENABLE_RESOURCE_ACCESS_BLUETOOTH\=NO
    export ENABLE_RESOURCE_ACCESS_CALENDARS\=NO
    export ENABLE_RESOURCE_ACCESS_CAMERA\=NO
    export ENABLE_RESOURCE_ACCESS_CONTACTS\=NO
    export ENABLE_RESOURCE_ACCESS_LOCATION\=NO
    export ENABLE_RESOURCE_ACCESS_PHOTO_LIBRARY\=NO
    export ENABLE_RESOURCE_ACCESS_PRINTING\=NO
    export ENABLE_RESOURCE_ACCESS_USB\=NO
    export ENABLE_SDK_IMPORTS\=NO
    export ENABLE_SECURITY_COMPILER_WARNINGS\=NO
    export ENABLE_STRICT_OBJC_MSGSEND\=YES
    export ENABLE_TESTABILITY\=YES
    export ENABLE_TESTING_SEARCH_PATHS\=NO
    export ENABLE_USER_SCRIPT_SANDBOXING\=NO
    export ENABLE_XOJIT_PREVIEWS\=YES
    export ENFORCE_VALID_ARCHS\=YES
    export ENTITLEMENTS_DESTINATION\=__entitlements
    export ENTITLEMENTS_REQUIRED\=YES
    export EXCLUDED_INSTALLSRC_SUBDIRECTORY_PATTERNS\=.DS_Store\ .svn\ .git\ .hg\ CVS
    export EXCLUDED_RECURSIVE_SEARCH_PATH_SUBDIRECTORIES\=\*.nib\ \*.lproj\ \*.framework\ \*.gch\ \*.xcode\*\ \*.xcassets\ \*.icon\ \(\*\)\ .DS_Store\ CVS\ .svn\ .git\ .hg\ \*.pbproj\ \*.pbxproj
    export EXECUTABLE_EXTENSION\=a
    export EXECUTABLE_NAME\=libReactCodegen.a
    export EXECUTABLE_PATH\=libReactCodegen.a
    export EXECUTABLE_PREFIX\=lib
    export EXECUTABLE_SUFFIX\=.a
    export FILE_LIST\=/Users/karelbraborec/Library/Developer/Xcode/DerivedData/revmeter-hbcnswmlqmbpnlazhhkncgeowiss/Build/Intermediates.noindex/Pods.build/Debug-iphonesimulator/ReactCodegen.build/Objects/LinkFileList
    export FIXED_FILES_DIR\=/Users/karelbraborec/Library/Developer/Xcode/DerivedData/revmeter-hbcnswmlqmbpnlazhhkncgeowiss/Build/Intermediates.noindex/Pods.build/Debug-iphonesimulator/ReactCodegen.build/FixedFiles
    export FRAMEWORK_FLAG_PREFIX\=-framework
    export FRAMEWORK_SEARCH_PATHS\=/Users/karelbraborec/Library/Developer/Xcode/DerivedData/revmeter-hbcnswmlqmbpnlazhhkncgeowiss/Build/Products/Debug-iphonesimulator/ReactCodegen\ \ \"/Users/karelbraborec/rev-meter/ios/Pods/React-Core-prebuilt\"\ \"/Users/karelbraborec/rev-meter/ios/Pods/ReactNativeDependencies/framework/packages/react-native\"\ \"/Users/karelbraborec/rev-meter/ios/Pods/hermes-engine/destroot/Library/Frameworks/universal\"\ \"/Users/karelbraborec/Library/Developer/Xcode/DerivedData/revmeter-hbcnswmlqmbpnlazhhkncgeowiss/Build/Products/Debug-iphonesimulator/XCFrameworkIntermediates/React-Core-prebuilt\"\ \"/Users/karelbraborec/Library/Developer/Xcode/DerivedData/revmeter-hbcnswmlqmbpnlazhhkncgeowiss/Build/Products/Debug-iphonesimulator/XCFrameworkIntermediates/ReactNativeDependencies\"\ \"/Users/karelbraborec/Library/Developer/Xcode/DerivedData/revmeter-hbcnswmlqmbpnlazhhkncgeowiss/Build/Products/Debug-iphonesimulator/XCFrameworkIntermediates/hermes-engine/Pre-built\"
    export FRAMEWORK_VERSION\=A
    export FULL_PRODUCT_NAME\=libReactCodegen.a
    export FUSE_BUILD_PHASES\=YES
    export FUSE_BUILD_SCRIPT_PHASES\=NO
    export GCC3_VERSION\=3.3
    export GCC_C_LANGUAGE_STANDARD\=gnu11
    export GCC_DYNAMIC_NO_PIC\=NO
    export GCC_NO_COMMON_BLOCKS\=YES
    export GCC_OBJC_LEGACY_DISPATCH\=YES
    export GCC_OPTIMIZATION_LEVEL\=0
    export GCC_PFE_FILE_C_DIALECTS\=c\ objective-c\ c++\ objective-c++
    export GCC_PREFIX_HEADER\=Target\ Support\ Files/ReactCodegen/ReactCodegen-prefix.pch
    export GCC_PREPROCESSOR_DEFINITIONS\=POD_CONFIGURATION_DEBUG\=1\ DEBUG\=1\ \ COCOAPODS\=1
    export GCC_TREAT_WARNINGS_AS_ERRORS\=NO
    export GCC_VERSION\=com.apple.compilers.llvm.clang.1_0
    export GCC_VERSION_IDENTIFIER\=com_apple_compilers_llvm_clang_1_0
    export GCC_WARN_64_TO_32_BIT_CONVERSION\=YES
    export GCC_WARN_ABOUT_RETURN_TYPE\=YES_ERROR
    export GCC_WARN_UNDECLARED_SELECTOR\=YES
    export GCC_WARN_UNINITIALIZED_AUTOS\=YES_AGGRESSIVE
    export GCC_WARN_UNUSED_FUNCTION\=YES
    export GCC_WARN_UNUSED_VARIABLE\=YES
    export GENERATED_MODULEMAP_DIR\=/Users/karelbraborec/Library/Developer/Xcode/DerivedData/revmeter-hbcnswmlqmbpnlazhhkncgeowiss/Build/Intermediates.noindex/GeneratedModuleMaps-iphonesimulator
    export GENERATE_INFOPLIST_FILE\=NO
    export GENERATE_INTERMEDIATE_TEXT_BASED_STUBS\=YES
    export GENERATE_PKGINFO_FILE\=NO
    export GENERATE_PRELINK_OBJECT_FILE\=NO
    export GENERATE_PROFILING_CODE\=NO
    export GENERATE_TEXT_BASED_STUBS\=NO
    export GID\=20
    export GROUP\=staff
    export HEADERMAP_INCLUDES_FLAT_ENTRIES_FOR_TARGET_BEING_BUILT\=YES
    export HEADERMAP_INCLUDES_FRAMEWORK_ENTRIES_FOR_ALL_PRODUCT_TYPES\=YES
    export HEADERMAP_INCLUDES_FRAMEWORK_ENTRIES_FOR_TARGETS_NOT_BEING_BUILT\=YES
    export HEADERMAP_INCLUDES_NONPUBLIC_NONPRIVATE_HEADERS\=YES
    export HEADERMAP_INCLUDES_PROJECT_HEADERS\=YES
    export HEADERMAP_USES_FRAMEWORK_PREFIX_ENTRIES\=YES
    export HEADERMAP_USES_VFS\=NO
    export HEADER_SEARCH_PATHS\=/Users/karelbraborec/Library/Developer/Xcode/DerivedData/revmeter-hbcnswmlqmbpnlazhhkncgeowiss/Build/Products/Debug-iphonesimulator/ReactCodegen/include\ \ \"/Users/karelbraborec/rev-meter/ios/Pods/Headers/Private\"\ \"/Users/karelbraborec/rev-meter/ios/Pods/Headers/Private/ReactCodegen\"\ \"/Users/karelbraborec/rev-meter/ios/Pods/Headers/Public\"\ \"/Users/karelbraborec/rev-meter/ios/Pods/Headers/Public/FBLazyVector\"\ \"/Users/karelbraborec/rev-meter/ios/Pods/Headers/Public/RCTRequired\"\ \"/Users/karelbraborec/rev-meter/ios/Pods/Headers/Public/RCTSwiftUIWrapper\"\ \"/Users/karelbraborec/rev-meter/ios/Pods/Headers/Public/RCTTypeSafety\"\ \"/Users/karelbraborec/rev-meter/ios/Pods/Headers/Public/React-Core\"\ \"/Users/karelbraborec/rev-meter/ios/Pods/Headers/Public/React-Core-prebuilt\"\ \"/Users/karelbraborec/rev-meter/ios/Pods/Headers/Public/React-CoreModules\"\ \"/Users/karelbraborec/rev-meter/ios/Pods/Headers/Public/React-Fabric\"\ \"/Users/karelbraborec/rev-meter/ios/Pods/Headers/Public/React-FabricComponents\"\ \"/Users/karelbraborec/rev-meter/ios/Pods/Headers/Public/React-FabricImage\"\ \"/Users/karelbraborec/rev-meter/ios/Pods/Headers/Public/React-ImageManager\"\ \"/Users/karelbraborec/rev-meter/ios/Pods/Headers/Public/React-Mapbuffer\"\ \"/Users/karelbraborec/rev-meter/ios/Pods/Headers/Public/React-NativeModulesApple\"\ \"/Users/karelbraborec/rev-meter/ios/Pods/Headers/Public/React-RCTAnimation\"\ \"/Users/karelbraborec/rev-meter/ios/Pods/Headers/Public/React-RCTBlob\"\ \"/Users/karelbraborec/rev-meter/ios/Pods/Headers/Public/React-RCTFBReactNativeSpec\"\ \"/Users/karelbraborec/rev-meter/ios/Pods/Headers/Public/React-RCTFabric\"\ \"/Users/karelbraborec/rev-meter/ios/Pods/Headers/Public/React-RCTImage\"\ \"/Users/karelbraborec/rev-meter/ios/Pods/Headers/Public/React-RCTRuntime\"\ \"/Users/karelbraborec/rev-meter/ios/Pods/Headers/Public/React-RCTText\"\ \"/Users/karelbraborec/rev-meter/ios/Pods/Headers/Public/React-RuntimeApple\"\ \"/Users/karelbraborec/rev-meter/ios/Pods/Headers/Public/React-RuntimeCore\"\ \"/Users/karelbraborec/rev-meter/ios/Pods/Headers/Public/React-RuntimeHermes\"\ \"/Users/karelbraborec/rev-meter/ios/Pods/Headers/Public/React-callinvoker\"\ \"/Users/karelbraborec/rev-meter/ios/Pods/Headers/Public/React-cxxreact\"\ \"/Users/karelbraborec/rev-meter/ios/Pods/Headers/Public/React-debug\"\ \"/Users/karelbraborec/rev-meter/ios/Pods/Headers/Public/React-defaultsnativemodule\"\ \"/Users/karelbraborec/rev-meter/ios/Pods/Headers/Public/React-domnativemodule\"\ \"/Users/karelbraborec/rev-meter/ios/Pods/Headers/Public/React-featureflags\"\ \"/Users/karelbraborec/rev-meter/ios/Pods/Headers/Public/React-featureflagsnativemodule\"\ \"/Users/karelbraborec/rev-meter/ios/Pods/Headers/Public/React-graphics\"\ \"/Users/karelbraborec/rev-meter/ios/Pods/Headers/Public/React-hermes\"\ \"/Users/karelbraborec/rev-meter/ios/Pods/Headers/Public/React-idlecallbacksnativemodule\"\ \"/Users/karelbraborec/rev-meter/ios/Pods/Headers/Public/React-intersectionobservernativemodule\"\ \"/Users/karelbraborec/rev-meter/ios/Pods/Headers/Public/React-jserrorhandler\"\ \"/Users/karelbraborec/rev-meter/ios/Pods/Headers/Public/React-jsi\"\ \"/Users/karelbraborec/rev-meter/ios/Pods/Headers/Public/React-jsiexecutor\"\ \"/Users/karelbraborec/rev-meter/ios/Pods/Headers/Public/React-jsinspector\"\ \"/Users/karelbraborec/rev-meter/ios/Pods/Headers/Public/React-jsinspectorcdp\"\ \"/Users/karelbraborec/rev-meter/ios/Pods/Headers/Public/React-jsinspectornetwork\"\ \"/Users/karelbraborec/rev-meter/ios/Pods/Headers/Public/React-jsinspectortracing\"\ \"/Users/karelbraborec/rev-meter/ios/Pods/Headers/Public/React-jsitooling\"\ \"/Users/karelbraborec/rev-meter/ios/Pods/Headers/Public/React-logger\"\ \"/Users/karelbraborec/rev-meter/ios/Pods/Headers/Public/React-microtasksnativemodule\"\ \"/Users/karelbraborec/rev-meter/ios/Pods/Headers/Public/React-mutationobservernativemodule\"\ \"/Users/karelbraborec/rev-meter/ios/Pods/Headers/Public/React-networking\"\ \"/Users/karelbraborec/rev-meter/ios/Pods/Headers/Public/React-oscompat\"\ \"/Users/karelbraborec/rev-meter/ios/Pods/Headers/Public/React-perflogger\"\ \"/Users/karelbraborec/rev-meter/ios/Pods/Headers/Public/React-performancecdpmetrics\"\ \"/Users/karelbraborec/rev-meter/ios/Pods/Headers/Public/React-performancetimeline\"\ \"/Users/karelbraborec/rev-meter/ios/Pods/Headers/Public/React-rendererconsistency\"\ \"/Users/karelbraborec/rev-meter/ios/Pods/Headers/Public/React-renderercss\"\ \"/Users/karelbraborec/rev-meter/ios/Pods/Headers/Public/React-rendererdebug\"\ \"/Users/karelbraborec/rev-meter/ios/Pods/Headers/Public/React-runtimeexecutor\"\ \"/Users/karelbraborec/rev-meter/ios/Pods/Headers/Public/React-runtimescheduler\"\ \"/Users/karelbraborec/rev-meter/ios/Pods/Headers/Public/React-timing\"\ \"/Users/karelbraborec/rev-meter/ios/Pods/Headers/Public/React-utils\"\ \"/Users/karelbraborec/rev-meter/ios/Pods/Headers/Public/React-viewtransitionnativemodule\"\ \"/Users/karelbraborec/rev-meter/ios/Pods/Headers/Public/React-webperformancenativemodule\"\ \"/Users/karelbraborec/rev-meter/ios/Pods/Headers/Public/ReactCodegen\"\ \"/Users/karelbraborec/rev-meter/ios/Pods/Headers/Public/ReactCommon\"\ \"/Users/karelbraborec/rev-meter/ios/Pods/Headers/Public/ReactNativeDependencies\"\ \"/Users/karelbraborec/rev-meter/ios/Pods/Headers/Public/Yoga\"\ \"/Users/karelbraborec/rev-meter/ios/Pods/Headers/Public/hermes-engine\"\ \"/Users/karelbraborec/rev-meter/ios/Pods/ReactNativeDependencies\"\ \"/Users/karelbraborec/rev-meter/ios/Pods/Headers/Public/ReactCodegen/react/renderer/components\"\ \"/Users/karelbraborec/rev-meter/ios/Pods/Headers/Private/React-Fabric\"\ \"/Users/karelbraborec/rev-meter/ios/Pods/Headers/Private/React-RCTFabric\"\ \"/Users/karelbraborec/rev-meter/ios/Pods/Headers/Private/Yoga\"\ \"/Users/karelbraborec/rev-meter/ios/Pods/../build/generated/ios/ReactCodegen\"\ \"/Users/karelbraborec/rev-meter/ios/Pods/ExpoModulesCore/ExpoModulesCore.xcframework/ios-arm64_x86_64-simulator/ExpoModulesCore.framework/Headers\"\ \"/Users/karelbraborec/rev-meter/ios/Pods/ExpoModulesCore/ExpoModulesCore.xcframework/ios-arm64/ExpoModulesCore.framework/Headers\"\ \"/Users/karelbraborec/rev-meter/ios/Pods/ExpoModulesCore/ExpoModulesCore.xcframework/ios-arm64_x86_64-simulator/ExpoModulesCore.framework/Headers\"\ \"/Users/karelbraborec/rev-meter/ios/Pods/ExpoModulesCore/ExpoModulesCore.xcframework/ios-arm64/ExpoModulesCore.framework/Headers\"
    export HOME\=/Users/karelbraborec
    export HOST_ARCH\=arm64
    export HOST_PLATFORM\=macosx
    export ICONV\=/usr/bin/iconv
    export IMPLICIT_DEPENDENCY_DOMAIN\=default
    export INDEX_STORE_COMPRESS\=NO
    export INDEX_STORE_ONLY_PROJECT_FILES\=NO
    export INFOPLIST_ENABLE_CFBUNDLEICONS_MERGE\=YES
    export INFOPLIST_EXPAND_BUILD_SETTINGS\=YES
    export INFOPLIST_OUTPUT_FORMAT\=binary
    export INFOPLIST_PREPROCESS\=NO
    export INLINE_PRIVATE_FRAMEWORKS\=NO
    export INSTALLAPI_IGNORE_SKIP_INSTALL\=YES
    export INSTALLHDRS_COPY_PHASE\=NO
    export INSTALLHDRS_SCRIPT_PHASE\=NO
    export INSTALL_DIR\=/tmp/Pods.dst/usr/local/lib
    export INSTALL_GROUP\=staff
    export INSTALL_MODE_FLAG\=u+w,go-w,a+rX
    export INSTALL_OWNER\=karelbraborec
    export INSTALL_PATH\=/usr/local/lib
    export INSTALL_ROOT\=/tmp/Pods.dst
    export IPHONEOS_DEPLOYMENT_TARGET\=15.1
    export IS_UNOPTIMIZED_BUILD\=YES
    export JAVAC_DEFAULT_FLAGS\=-J-Xms64m\ -J-XX:NewSize\=4M\ -J-Dfile.encoding\=UTF8
    export JAVA_APP_STUB\=/System/Library/Frameworks/JavaVM.framework/Resources/MacOS/JavaApplicationStub
    export JAVA_ARCHIVE_CLASSES\=YES
    export JAVA_ARCHIVE_TYPE\=JAR
    export JAVA_COMPILER\=/usr/bin/javac
    export JAVA_FRAMEWORK_RESOURCES_DIRS\=Resources
    export JAVA_JAR_FLAGS\=cv
    export JAVA_SOURCE_SUBDIR\=.
    export JAVA_USE_DEPENDENCIES\=YES
    export JAVA_ZIP_FLAGS\=-urg
    export JIKES_DEFAULT_FLAGS\=+E\ +OLDCSO
    export KEEP_PRIVATE_EXTERNS\=NO
    export LD_DEPENDENCY_INFO_FILE\=/Users/karelbraborec/Library/Developer/Xcode/DerivedData/revmeter-hbcnswmlqmbpnlazhhkncgeowiss/Build/Intermediates.noindex/Pods.build/Debug-iphonesimulator/ReactCodegen.build/Objects-normal/undefined_arch/ReactCodegen_dependency_info.dat
    export LD_EXPORT_SYMBOLS\=YES
    export LD_GENERATE_MAP_FILE\=NO
    export LD_MAP_FILE_PATH\=/Users/karelbraborec/Library/Developer/Xcode/DerivedData/revmeter-hbcnswmlqmbpnlazhhkncgeowiss/Build/Intermediates.noindex/Pods.build/Debug-iphonesimulator/ReactCodegen.build/ReactCodegen-LinkMap-normal-undefined_arch.txt
    export LD_NO_PIE\=NO
    export LD_QUOTE_LINKER_ARGUMENTS_FOR_COMPILER_DRIVER\=YES
    export LD_SHARED_CACHE_ELIGIBLE\=Automatic
    export LD_WARN_DUPLICATE_LIBRARIES\=NO
    export LD_WARN_UNUSED_DYLIBS\=NO
    export LEGACY_DEVELOPER_DIR\=/Applications/Xcode.app/Contents/PlugIns/Xcode3Core.ideplugin/Contents/SharedSupport/Developer
    export LEX\=lex
    export LIBRARY_DEXT_INSTALL_PATH\=/Library/DriverExtensions
    export LIBRARY_FLAG_NOSPACE\=YES
    export LIBRARY_FLAG_PREFIX\=-l
    export LIBRARY_KEXT_INSTALL_PATH\=/Library/Extensions
    export LIBRARY_SEARCH_PATHS\=/Users/karelbraborec/Library/Developer/Xcode/DerivedData/revmeter-hbcnswmlqmbpnlazhhkncgeowiss/Build/Products/Debug-iphonesimulator/ReactCodegen\ 
    export LINKER_DISPLAYS_MANGLED_NAMES\=NO
    export LINK_FILE_LIST_normal_arm64\=/Users/karelbraborec/Library/Developer/Xcode/DerivedData/revmeter-hbcnswmlqmbpnlazhhkncgeowiss/Build/Intermediates.noindex/Pods.build/Debug-iphonesimulator/ReactCodegen.build/Objects-normal/arm64/ReactCodegen.LinkFileList
    export LINK_FILE_LIST_normal_x86_64\=/Users/karelbraborec/Library/Developer/Xcode/DerivedData/revmeter-hbcnswmlqmbpnlazhhkncgeowiss/Build/Intermediates.noindex/Pods.build/Debug-iphonesimulator/ReactCodegen.build/Objects-normal/x86_64/ReactCodegen.LinkFileList
    export LINK_OBJC_RUNTIME\=YES
    export LINK_WITH_STANDARD_LIBRARIES\=YES
    export LLVM_TARGET_TRIPLE_OS_VERSION\=ios15.1
    export LLVM_TARGET_TRIPLE_SUFFIX\=-simulator
    export LLVM_TARGET_TRIPLE_VENDOR\=apple
    export LM_AUX_CONST_METADATA_LIST_PATH_normal_arm64\=/Users/karelbraborec/Library/Developer/Xcode/DerivedData/revmeter-hbcnswmlqmbpnlazhhkncgeowiss/Build/Intermediates.noindex/Pods.build/Debug-iphonesimulator/ReactCodegen.build/Objects-normal/arm64/ReactCodegen.SwiftConstValuesFileList
    export LM_AUX_CONST_METADATA_LIST_PATH_normal_x86_64\=/Users/karelbraborec/Library/Developer/Xcode/DerivedData/revmeter-hbcnswmlqmbpnlazhhkncgeowiss/Build/Intermediates.noindex/Pods.build/Debug-iphonesimulator/ReactCodegen.build/Objects-normal/x86_64/ReactCodegen.SwiftConstValuesFileList
    export LOCALIZATION_EXPORT_SUPPORTED\=YES
    export LOCALIZATION_PREFERS_STRING_CATALOGS\=NO
    export LOCALIZED_STRING_CODE_COMMENTS\=NO
    export LOCALIZED_STRING_MACRO_NAMES\=NSLocalizedString\ CFCopyLocalizedString
    export LOCALIZED_STRING_SWIFTUI_SUPPORT\=YES
    export LOCAL_ADMIN_APPS_DIR\=/Applications/Utilities
    export LOCAL_APPS_DIR\=/Applications
    export LOCAL_DEVELOPER_DIR\=/Library/Developer
    export LOCAL_LIBRARY_DIR\=/Library
    export LOCROOT\=/Users/karelbraborec/rev-meter/ios/Pods
    export LOCSYMROOT\=/Users/karelbraborec/rev-meter/ios/Pods
    export MACH_O_TYPE\=staticlib
    export MAC_OS_X_PRODUCT_BUILD_VERSION\=25F84
    export MAC_OS_X_VERSION_ACTUAL\=260502
    export MAC_OS_X_VERSION_MAJOR\=260000
    export MAC_OS_X_VERSION_MINOR\=260500
    export MAKE_MERGEABLE\=NO
    export MERGEABLE_LIBRARY\=NO
    export MERGED_BINARY_TYPE\=none
    export MERGE_LINKED_LIBRARIES\=NO
    export METAL_LIBRARY_FILE_BASE\=default
    export METAL_LIBRARY_OUTPUT_DIR\=/Users/karelbraborec/Library/Developer/Xcode/DerivedData/revmeter-hbcnswmlqmbpnlazhhkncgeowiss/Build/Products/Debug-iphonesimulator/ReactCodegen/
    export MODULEMAP_FILE\=Headers/Public/ReactCodegen/ReactCodegen.modulemap
    export MODULE_CACHE_DIR\=/Users/karelbraborec/Library/Developer/Xcode/DerivedData/ModuleCache.noindex
    export MTL_ENABLE_DEBUG_INFO\=INCLUDE_SOURCE
    export MTL_FAST_MATH\=YES
    export NATIVE_ARCH\=arm64
    export NATIVE_ARCH_32_BIT\=arm
    export NATIVE_ARCH_64_BIT\=arm64
    export NATIVE_ARCH_ACTUAL\=arm64
    export NO_COMMON\=YES
    export OBJC_ABI_VERSION\=2
    export OBJECT_FILE_DIR\=/Users/karelbraborec/Library/Developer/Xcode/DerivedData/revmeter-hbcnswmlqmbpnlazhhkncgeowiss/Build/Intermediates.noindex/Pods.build/Debug-iphonesimulator/ReactCodegen.build/Objects
    export OBJECT_FILE_DIR_normal\=/Users/karelbraborec/Library/Developer/Xcode/DerivedData/revmeter-hbcnswmlqmbpnlazhhkncgeowiss/Build/Intermediates.noindex/Pods.build/Debug-iphonesimulator/ReactCodegen.build/Objects-normal
    export OBJROOT\=/Users/karelbraborec/Library/Developer/Xcode/DerivedData/revmeter-hbcnswmlqmbpnlazhhkncgeowiss/Build/Intermediates.noindex
    export ONLY_ACTIVE_ARCH\=NO
    export OS\=MACOS
    export OSAC\=/usr/bin/osacompile
    export OTHER_CFLAGS\=\ -DRCT_REMOVE_LEGACY_ARCH\=1\ -ivfsoverlay\ /Users/karelbraborec/rev-meter/ios/Pods/React-Core-prebuilt/React-VFS.yaml
    export OTHER_CPLUSPLUSFLAGS\=\ -DRCT_REMOVE_LEGACY_ARCH\=1\ -ivfsoverlay\ /Users/karelbraborec/rev-meter/ios/Pods/React-Core-prebuilt/React-VFS.yaml\ -DRCT_REMOVE_LEGACY_ARCH\=1\ -DFOLLY_MOBILE\=1\ -DFOLLY_USE_LIBCPP\=1\ -DFOLLY_CFG_NO_COROUTINES\=1\ -DFOLLY_HAVE_CLOCK_GETTIME\=1\ -Wno-comma\ -Wno-shorten-64-to-32\ -Wno-documentation\ -ivfsoverlay\ /Users/karelbraborec/rev-meter/ios/Pods/React-Core-prebuilt/React-VFS.yaml
    export OTHER_SWIFT_FLAGS\=\ -Xcc\ -ivfsoverlay\ -Xcc\ /Users/karelbraborec/rev-meter/ios/Pods/React-Core-prebuilt/React-VFS.yaml
    export PACKAGE_TYPE\=com.apple.package-type.static-library
    export PASCAL_STRINGS\=YES
    export PATH\=/Applications/Xcode.app/Contents/SharedFrameworks/SwiftBuild.framework/Versions/A/PlugIns/SWBBuildService.bundle/Contents/PlugIns/SWBUniversalPlatformPlugin.bundle/Contents/Frameworks/SWBUniversalPlatform.framework/Resources:/Applications/Xcode.app/Contents/Developer/Toolchains/XcodeDefault.xctoolchain/usr/bin:/Applications/Xcode.app/Contents/Developer/Toolchains/XcodeDefault.xctoolchain/usr/local/bin:/Applications/Xcode.app/Contents/Developer/Toolchains/XcodeDefault.xctoolchain/usr/libexec:/Applications/Xcode.app/Contents/Developer/Platforms/iPhoneSimulator.platform/usr/bin:/Applications/Xcode.app/Contents/Developer/Platforms/iPhoneSimulator.platform/usr/local/bin:/Applications/Xcode.app/Contents/Developer/Platforms/iPhoneSimulator.platform/Developer/usr/bin:/Applications/Xcode.app/Contents/Developer/Platforms/iPhoneSimulator.platform/Developer/usr/local/bin:/Applications/Xcode.app/Contents/Developer/usr/bin:/Applications/Xcode.app/Contents/Developer/usr/local/bin:/Users/karelbraborec/.gemini/antigravity-ide/bin:/usr/local/bin:/System/Cryptexes/App/usr/bin:/usr/bin:/bin:/usr/sbin:/sbin:/var/run/com.apple.security.cryptexd/codex.system/bootstrap/usr/local/bin:/var/run/com.apple.security.cryptexd/codex.system/bootstrap/usr/bin:/var/run/com.apple.security.cryptexd/codex.system/bootstrap/usr/appleinternal/bin:/pkg/env/global/bin:/Library/Apple/usr/bin:/opt/homebrew/bin
    export PATH_PREFIXES_EXCLUDED_FROM_HEADER_DEPENDENCIES\=/usr/include\ /usr/local/include\ /System/Library/Frameworks\ /System/Library/PrivateFrameworks\ /Applications/Xcode.app/Contents/Developer/Headers\ /Applications/Xcode.app/Contents/Developer/SDKs\ /Applications/Xcode.app/Contents/Developer/Platforms
    export PER_ARCH_MODULE_FILE_DIR\=/Users/karelbraborec/Library/Developer/Xcode/DerivedData/revmeter-hbcnswmlqmbpnlazhhkncgeowiss/Build/Intermediates.noindex/Pods.build/Debug-iphonesimulator/ReactCodegen.build/Objects-normal/undefined_arch
    export PER_ARCH_OBJECT_FILE_DIR\=/Users/karelbraborec/Library/Developer/Xcode/DerivedData/revmeter-hbcnswmlqmbpnlazhhkncgeowiss/Build/Intermediates.noindex/Pods.build/Debug-iphonesimulator/ReactCodegen.build/Objects-normal/undefined_arch
    export PER_VARIANT_OBJECT_FILE_DIR\=/Users/karelbraborec/Library/Developer/Xcode/DerivedData/revmeter-hbcnswmlqmbpnlazhhkncgeowiss/Build/Intermediates.noindex/Pods.build/Debug-iphonesimulator/ReactCodegen.build/Objects-normal
    export PKGINFO_FILE_PATH\=/Users/karelbraborec/Library/Developer/Xcode/DerivedData/revmeter-hbcnswmlqmbpnlazhhkncgeowiss/Build/Intermediates.noindex/Pods.build/Debug-iphonesimulator/ReactCodegen.build/PkgInfo
    export PLATFORM_DEVELOPER_APPLICATIONS_DIR\=/Applications/Xcode.app/Contents/Developer/Platforms/iPhoneSimulator.platform/Developer/Applications
    export PLATFORM_DEVELOPER_BIN_DIR\=/Applications/Xcode.app/Contents/Developer/Platforms/iPhoneSimulator.platform/Developer/usr/bin
    export PLATFORM_DEVELOPER_LIBRARY_DIR\=/Applications/Xcode.app/Contents/Developer/Platforms/iPhoneSimulator.platform/Developer/Library
    export PLATFORM_DEVELOPER_SDK_DIR\=/Applications/Xcode.app/Contents/Developer/Platforms/iPhoneSimulator.platform/Developer/SDKs
    export PLATFORM_DEVELOPER_TOOLS_DIR\=/Applications/Xcode.app/Contents/Developer/Platforms/iPhoneSimulator.platform/Developer/Tools
    export PLATFORM_DEVELOPER_USR_DIR\=/Applications/Xcode.app/Contents/Developer/Platforms/iPhoneSimulator.platform/Developer/usr
    export PLATFORM_DIR\=/Applications/Xcode.app/Contents/Developer/Platforms/iPhoneSimulator.platform
    export PLATFORM_DISPLAY_NAME\=iOS\ Simulator
    export PLATFORM_FAMILY_NAME\=iOS
    export PLATFORM_NAME\=iphonesimulator
    export PLATFORM_PREFERRED_ARCH\=x86_64
    export PLATFORM_PRODUCT_BUILD_VERSION\=23F81a
    export PLATFORM_REQUIRES_SWIFT_AUTOLINK_EXTRACT\=NO
    export PLATFORM_REQUIRES_SWIFT_MODULEWRAP\=NO
    export PLATFORM_USES_DSYMS\=YES
    export PLIST_FILE_OUTPUT_FORMAT\=binary
    export PODFILE_DIR\=/Users/karelbraborec/rev-meter/ios/Pods/..
    export PODS_BUILD_DIR\=/Users/karelbraborec/Library/Developer/Xcode/DerivedData/revmeter-hbcnswmlqmbpnlazhhkncgeowiss/Build/Products
    export PODS_CONFIGURATION_BUILD_DIR\=/Users/karelbraborec/Library/Developer/Xcode/DerivedData/revmeter-hbcnswmlqmbpnlazhhkncgeowiss/Build/Products/Debug-iphonesimulator
    export PODS_DEVELOPMENT_LANGUAGE\=en
    export PODS_ROOT\=/Users/karelbraborec/rev-meter/ios/Pods
    export PODS_TARGET_SRCROOT\=/Users/karelbraborec/rev-meter/ios/Pods/../build/generated/ios/ReactCodegen
    export PODS_XCFRAMEWORKS_BUILD_DIR\=/Users/karelbraborec/Library/Developer/Xcode/DerivedData/revmeter-hbcnswmlqmbpnlazhhkncgeowiss/Build/Products/Debug-iphonesimulator/XCFrameworkIntermediates
    export PRECOMPS_INCLUDE_HEADERS_FROM_BUILT_PRODUCTS_DIR\=YES
    export PRECOMP_DESTINATION_DIR\=/Users/karelbraborec/Library/Developer/Xcode/DerivedData/revmeter-hbcnswmlqmbpnlazhhkncgeowiss/Build/Intermediates.noindex/Pods.build/Debug-iphonesimulator/ReactCodegen.build/PrefixHeaders
    export PROCESSED_INFOPLIST_PATH\=/Users/karelbraborec/Library/Developer/Xcode/DerivedData/revmeter-hbcnswmlqmbpnlazhhkncgeowiss/Build/Intermediates.noindex/Pods.build/Debug-iphonesimulator/ReactCodegen.build/Objects-normal/undefined_arch/Processed-Info.plist
    export PRODUCT_BUNDLE_IDENTIFIER\=org.cocoapods.ReactCodegen
    export PRODUCT_MODULE_NAME\=ReactCodegen
    export PRODUCT_NAME\=ReactCodegen
    export PRODUCT_SETTINGS_PATH\=
    export PRODUCT_TYPE\=com.apple.product-type.library.static
    export PROFILING_CODE\=NO
    export PROJECT\=Pods
    export PROJECT_DERIVED_FILE_DIR\=/Users/karelbraborec/Library/Developer/Xcode/DerivedData/revmeter-hbcnswmlqmbpnlazhhkncgeowiss/Build/Intermediates.noindex/Pods.build/DerivedSources
    export PROJECT_DIR\=/Users/karelbraborec/rev-meter/ios/Pods
    export PROJECT_FILE_PATH\=/Users/karelbraborec/rev-meter/ios/Pods/Pods.xcodeproj
    export PROJECT_GUID\=8699adb1dd336b26511df848a716bd42
    export PROJECT_NAME\=Pods
    export PROJECT_TEMP_DIR\=/Users/karelbraborec/Library/Developer/Xcode/DerivedData/revmeter-hbcnswmlqmbpnlazhhkncgeowiss/Build/Intermediates.noindex/Pods.build
    export PROJECT_TEMP_ROOT\=/Users/karelbraborec/Library/Developer/Xcode/DerivedData/revmeter-hbcnswmlqmbpnlazhhkncgeowiss/Build/Intermediates.noindex
    export REACT_NATIVE_PATH\=/Users/karelbraborec/rev-meter/ios/Pods/../../node_modules/react-native
    export RECOMMENDED_IPHONEOS_DEPLOYMENT_TARGET\=15.0
    export RECURSIVE_SEARCH_PATHS_FOLLOW_SYMLINKS\=YES
    export REMOVE_CVS_FROM_RESOURCES\=YES
    export REMOVE_GIT_FROM_RESOURCES\=YES
    export REMOVE_HEADERS_FROM_EMBEDDED_BUNDLES\=YES
    export REMOVE_HG_FROM_RESOURCES\=YES
    export REMOVE_STATIC_EXECUTABLES_FROM_EMBEDDED_BUNDLES\=YES
    export REMOVE_SVN_FROM_RESOURCES\=YES
    export RESCHEDULE_INDEPENDENT_HEADERS_PHASES\=YES
    export REZ_COLLECTOR_DIR\=/Users/karelbraborec/Library/Developer/Xcode/DerivedData/revmeter-hbcnswmlqmbpnlazhhkncgeowiss/Build/Intermediates.noindex/Pods.build/Debug-iphonesimulator/ReactCodegen.build/ResourceManagerResources
    export REZ_EXECUTABLE\=YES
    export REZ_OBJECTS_DIR\=/Users/karelbraborec/Library/Developer/Xcode/DerivedData/revmeter-hbcnswmlqmbpnlazhhkncgeowiss/Build/Intermediates.noindex/Pods.build/Debug-iphonesimulator/ReactCodegen.build/ResourceManagerResources/Objects
    export REZ_SEARCH_PATHS\=/Users/karelbraborec/Library/Developer/Xcode/DerivedData/revmeter-hbcnswmlqmbpnlazhhkncgeowiss/Build/Products/Debug-iphonesimulator/ReactCodegen\ 
    export RPATH_ORIGIN\=@loader_path
    export RUNTIME_EXCEPTION_ALLOW_DYLD_ENVIRONMENT_VARIABLES\=NO
    export RUNTIME_EXCEPTION_ALLOW_JIT\=NO
    export RUNTIME_EXCEPTION_ALLOW_UNSIGNED_EXECUTABLE_MEMORY\=NO
    export RUNTIME_EXCEPTION_DEBUGGING_TOOL\=NO
    export RUNTIME_EXCEPTION_DISABLE_EXECUTABLE_PAGE_PROTECTION\=NO
    export RUNTIME_EXCEPTION_DISABLE_LIBRARY_VALIDATION\=NO
    export SCANNING_PCM_KEEP_CACHE_DIRECTORY\=YES
    export SCAN_ALL_SOURCE_FILES_FOR_INCLUDES\=NO
    export SCRIPT_INPUT_FILE_COUNT\=0
    export SCRIPT_INPUT_FILE_LIST_COUNT\=0
    export SCRIPT_OUTPUT_FILE_0\=/Users/karelbraborec/Library/Developer/Xcode/DerivedData/revmeter-hbcnswmlqmbpnlazhhkncgeowiss/Build/Intermediates.noindex/Pods.build/Debug-iphonesimulator/ReactCodegen.build/DerivedSources/react-codegen.log
    export SCRIPT_OUTPUT_FILE_COUNT\=1
    export SCRIPT_OUTPUT_FILE_LIST_COUNT\=0
    export SDKROOT\=/Applications/Xcode.app/Contents/Developer/Platforms/iPhoneSimulator.platform/Developer/SDKs/iPhoneSimulator26.5.sdk
    export SDK_DIR\=/Applications/Xcode.app/Contents/Developer/Platforms/iPhoneSimulator.platform/Developer/SDKs/iPhoneSimulator26.5.sdk
    export SDK_DIR_iphonesimulator\=/Applications/Xcode.app/Contents/Developer/Platforms/iPhoneSimulator.platform/Developer/SDKs/iPhoneSimulator26.5.sdk
    export SDK_DIR_iphonesimulator26_5\=/Applications/Xcode.app/Contents/Developer/Platforms/iPhoneSimulator.platform/Developer/SDKs/iPhoneSimulator26.5.sdk
    export SDK_NAME\=iphonesimulator26.5
    export SDK_NAMES\=iphonesimulator26.5
    export SDK_PRODUCT_BUILD_VERSION\=23F81a
    export SDK_STAT_CACHE_DIR\=/Users/karelbraborec/Library/Developer/Xcode/DerivedData
    export SDK_STAT_CACHE_ENABLE\=YES
    export SDK_STAT_CACHE_PATH\=/Users/karelbraborec/Library/Developer/Xcode/DerivedData/SDKStatCaches.noindex/iphonesimulator26.5-23F81a-6cfe768891a92b912361537c460fe42b.sdkstatcache
    export SDK_VERSION\=26.5
    export SDK_VERSION_ACTUAL\=260500
    export SDK_VERSION_MAJOR\=260000
    export SDK_VERSION_MINOR\=260500
    export SED\=/usr/bin/sed
    export SEPARATE_STRIP\=NO
    export SEPARATE_SYMBOL_EDIT\=NO
    export SET_DIR_MODE_OWNER_GROUP\=YES
    export SET_FILE_MODE_OWNER_GROUP\=NO
    export SHALLOW_BUNDLE\=NO
    export SHARED_DERIVED_FILE_DIR\=/Users/karelbraborec/Library/Developer/Xcode/DerivedData/revmeter-hbcnswmlqmbpnlazhhkncgeowiss/Build/Products/Debug-iphonesimulator/ReactCodegen/DerivedSources
    export SHARED_PRECOMPS_DIR\=/Users/karelbraborec/Library/Developer/Xcode/DerivedData/revmeter-hbcnswmlqmbpnlazhhkncgeowiss/Build/Intermediates.noindex/PrecompiledHeaders
    export SKIP_INSTALL\=YES
    export SKIP_MERGEABLE_LIBRARY_BUNDLE_HOOK\=NO
    export SOURCE_ROOT\=/Users/karelbraborec/rev-meter/ios/Pods
    export SRCROOT\=/Users/karelbraborec/rev-meter/ios/Pods
    export STRINGSDATA_DIR\=/Users/karelbraborec/Library/Developer/Xcode/DerivedData/revmeter-hbcnswmlqmbpnlazhhkncgeowiss/Build/Intermediates.noindex/Pods.build/Debug-iphonesimulator/ReactCodegen.build/Objects-normal/undefined_arch
    export STRINGSDATA_ROOT\=/Users/karelbraborec/Library/Developer/Xcode/DerivedData/revmeter-hbcnswmlqmbpnlazhhkncgeowiss/Build/Intermediates.noindex/Pods.build/Debug-iphonesimulator/ReactCodegen.build
    export STRINGS_FILE_INFOPLIST_RENAME\=YES
    export STRINGS_FILE_OUTPUT_ENCODING\=binary
    export STRING_CATALOG_GENERATE_SYMBOLS\=NO
    export STRIP_BITCODE_FROM_COPIED_FILES\=NO
    export STRIP_INSTALLED_PRODUCT\=NO
    export STRIP_STYLE\=debugging
    export STRIP_SWIFT_SYMBOLS\=YES
    export SUPPORTED_DEVICE_FAMILIES\=1,2
    export SUPPORTED_PLATFORMS\=iphoneos\ iphonesimulator
    export SUPPORTS_TEXT_BASED_API\=NO
    export SUPPRESS_WARNINGS\=NO
    export SWIFT_ACTIVE_COMPILATION_CONDITIONS\=\ DEBUG\ 
    export SWIFT_EMIT_CONST_VALUE_PROTOCOLS\=AnyResolverProviding\ AppEntity\ AppEnum\ AppExtension\ AppIntent\ AppIntentsPackage\ AppShortcutProviding\ AppShortcutsProvider\ AppUnionValue\ AppUnionValueCasesProviding\ DynamicOptionsProvider\ EntityQuery\ ExtensionPointDefining\ IntentValueQuery\ Resolver\ TransientEntity\ _AssistantIntentsProvider\ _GenerativeFunctionExtractable\ _IntentValueRepresentable
    export SWIFT_EMIT_LOC_STRINGS\=NO
    export SWIFT_EMIT_MODULE_INTERFACE\=NO
    export SWIFT_ENABLE_EXPLICIT_MODULES\=NO
    export SWIFT_INSTALL_OBJC_HEADER\=YES
    export SWIFT_OPTIMIZATION_LEVEL\=-Onone
    export SWIFT_PLATFORM_TARGET_PREFIX\=ios
    export SWIFT_RESPONSE_FILE_PATH_normal_arm64\=/Users/karelbraborec/Library/Developer/Xcode/DerivedData/revmeter-hbcnswmlqmbpnlazhhkncgeowiss/Build/Intermediates.noindex/Pods.build/Debug-iphonesimulator/ReactCodegen.build/Objects-normal/arm64/ReactCodegen.SwiftFileList
    export SWIFT_RESPONSE_FILE_PATH_normal_x86_64\=/Users/karelbraborec/Library/Developer/Xcode/DerivedData/revmeter-hbcnswmlqmbpnlazhhkncgeowiss/Build/Intermediates.noindex/Pods.build/Debug-iphonesimulator/ReactCodegen.build/Objects-normal/x86_64/ReactCodegen.SwiftFileList
    export SWIFT_VERSION\=5.0
    export SYMROOT\=/Users/karelbraborec/Library/Developer/Xcode/DerivedData/revmeter-hbcnswmlqmbpnlazhhkncgeowiss/Build/Products
    export SYSTEM_ADMIN_APPS_DIR\=/Applications/Utilities
    export SYSTEM_APPS_DIR\=/Applications
    export SYSTEM_CORE_SERVICES_DIR\=/System/Library/CoreServices
    export SYSTEM_DEMOS_DIR\=/Applications/Extras
    export SYSTEM_DEVELOPER_APPS_DIR\=/Applications/Xcode.app/Contents/Developer/Applications
    export SYSTEM_DEVELOPER_BIN_DIR\=/Applications/Xcode.app/Contents/Developer/usr/bin
    export SYSTEM_DEVELOPER_DEMOS_DIR\=/Applications/Xcode.app/Contents/Developer/Applications/Utilities/Built\ Examples
    export SYSTEM_DEVELOPER_DIR\=/Applications/Xcode.app/Contents/Developer
    export SYSTEM_DEVELOPER_DOC_DIR\=/Applications/Xcode.app/Contents/Developer/ADC\ Reference\ Library
    export SYSTEM_DEVELOPER_GRAPHICS_TOOLS_DIR\=/Applications/Xcode.app/Contents/Developer/Applications/Graphics\ Tools
    export SYSTEM_DEVELOPER_JAVA_TOOLS_DIR\=/Applications/Xcode.app/Contents/Developer/Applications/Java\ Tools
    export SYSTEM_DEVELOPER_PERFORMANCE_TOOLS_DIR\=/Applications/Xcode.app/Contents/Developer/Applications/Performance\ Tools
    export SYSTEM_DEVELOPER_RELEASENOTES_DIR\=/Applications/Xcode.app/Contents/Developer/ADC\ Reference\ Library/releasenotes
    export SYSTEM_DEVELOPER_TOOLS\=/Applications/Xcode.app/Contents/Developer/Tools
    export SYSTEM_DEVELOPER_TOOLS_DOC_DIR\=/Applications/Xcode.app/Contents/Developer/ADC\ Reference\ Library/documentation/DeveloperTools
    export SYSTEM_DEVELOPER_TOOLS_RELEASENOTES_DIR\=/Applications/Xcode.app/Contents/Developer/ADC\ Reference\ Library/releasenotes/DeveloperTools
    export SYSTEM_DEVELOPER_USR_DIR\=/Applications/Xcode.app/Contents/Developer/usr
    export SYSTEM_DEVELOPER_UTILITIES_DIR\=/Applications/Xcode.app/Contents/Developer/Applications/Utilities
    export SYSTEM_DEXT_INSTALL_PATH\=/System/Library/DriverExtensions
    export SYSTEM_DOCUMENTATION_DIR\=/Library/Documentation
    export SYSTEM_KEXT_INSTALL_PATH\=/System/Library/Extensions
    export SYSTEM_LIBRARY_DIR\=/System/Library
    export TAPI_DEMANGLE\=YES
    export TAPI_ENABLE_PROJECT_HEADERS\=NO
    export TAPI_LANGUAGE\=objective-c
    export TAPI_LANGUAGE_STANDARD\=compiler-default
    export TAPI_USE_SRCROOT\=YES
    export TAPI_VERIFY_MODE\=Pedantic
    export TARGETED_DEVICE_FAMILY\=1,2
    export TARGETNAME\=ReactCodegen
    export TARGET_BUILD_DIR\=/Users/karelbraborec/Library/Developer/Xcode/DerivedData/revmeter-hbcnswmlqmbpnlazhhkncgeowiss/Build/Products/Debug-iphonesimulator/ReactCodegen
    export TARGET_NAME\=ReactCodegen
    export TARGET_TEMP_DIR\=/Users/karelbraborec/Library/Developer/Xcode/DerivedData/revmeter-hbcnswmlqmbpnlazhhkncgeowiss/Build/Intermediates.noindex/Pods.build/Debug-iphonesimulator/ReactCodegen.build
    export TEMP_DIR\=/Users/karelbraborec/Library/Developer/Xcode/DerivedData/revmeter-hbcnswmlqmbpnlazhhkncgeowiss/Build/Intermediates.noindex/Pods.build/Debug-iphonesimulator/ReactCodegen.build
    export TEMP_FILES_DIR\=/Users/karelbraborec/Library/Developer/Xcode/DerivedData/revmeter-hbcnswmlqmbpnlazhhkncgeowiss/Build/Intermediates.noindex/Pods.build/Debug-iphonesimulator/ReactCodegen.build
    export TEMP_FILE_DIR\=/Users/karelbraborec/Library/Developer/Xcode/DerivedData/revmeter-hbcnswmlqmbpnlazhhkncgeowiss/Build/Intermediates.noindex/Pods.build/Debug-iphonesimulator/ReactCodegen.build
    export TEMP_ROOT\=/Users/karelbraborec/Library/Developer/Xcode/DerivedData/revmeter-hbcnswmlqmbpnlazhhkncgeowiss/Build/Intermediates.noindex
    export TEMP_SANDBOX_DIR\=/Users/karelbraborec/Library/Developer/Xcode/DerivedData/revmeter-hbcnswmlqmbpnlazhhkncgeowiss/Build/Intermediates.noindex/TemporaryTaskSandboxes
    export TEST_FRAMEWORK_SEARCH_PATHS\=\ /Applications/Xcode.app/Contents/Developer/Platforms/iPhoneSimulator.platform/Developer/Library/Frameworks\ /Applications/Xcode.app/Contents/Developer/Platforms/iPhoneSimulator.platform/Developer/SDKs/iPhoneSimulator26.5.sdk/Developer/Library/Frameworks
    export TEST_LIBRARY_SEARCH_PATHS\=\ /Applications/Xcode.app/Contents/Developer/Platforms/iPhoneSimulator.platform/Developer/usr/lib
    export TOOLCHAINS\=com.apple.dt.toolchain.XcodeDefault
    export TOOLCHAIN_DIR\=/Applications/Xcode.app/Contents/Developer/Toolchains/XcodeDefault.xctoolchain
    export TREAT_MISSING_BASELINES_AS_TEST_FAILURES\=NO
    export TREAT_MISSING_SCRIPT_PHASE_OUTPUTS_AS_ERRORS\=NO
    export UID\=501
    export UNINSTALLED_PRODUCTS_DIR\=/Users/karelbraborec/Library/Developer/Xcode/DerivedData/revmeter-hbcnswmlqmbpnlazhhkncgeowiss/Build/Intermediates.noindex/UninstalledProducts
    export UNSTRIPPED_PRODUCT\=NO
    export USER\=karelbraborec
    export USER_APPS_DIR\=/Users/karelbraborec/Applications
    export USER_LIBRARY_DIR\=/Users/karelbraborec/Library
    export USE_DYNAMIC_NO_PIC\=YES
    export USE_HEADERMAP\=YES
    export USE_HEADER_SYMLINKS\=NO
    export USE_HERMES\=true
    export USE_RECURSIVE_SCRIPT_INPUTS_IN_SCRIPT_PHASES\=YES
    export VALIDATE_DEVELOPMENT_ASSET_PATHS\=YES_ERROR
    export VALIDATE_PRODUCT\=NO
    export VALID_ARCHS\=arm64\ x86_64
    export VERBOSE_PBXCP\=NO
    export VERSION_INFO_BUILDER\=karelbraborec
    export VERSION_INFO_FILE\=ReactCodegen_vers.c
    export VERSION_INFO_STRING\=\"@\(\#\)PROGRAM:ReactCodegen\ \ PROJECT:Pods-\"
    export WORKSPACE_DIR\=/Users/karelbraborec/rev-meter/ios
    export WRAP_ASSET_PACKS_IN_SEPARATE_DIRECTORIES\=NO
    export XCODE_APP_SUPPORT_DIR\=/Applications/Xcode.app/Contents/Developer/Library/Xcode
    export XCODE_PRODUCT_BUILD_VERSION\=17F113
    export XCODE_VERSION_ACTUAL\=2660
    export XCODE_VERSION_MAJOR\=2600
    export XCODE_VERSION_MINOR\=2660
    export XPCSERVICES_FOLDER_PATH\=/XPCServices
    export YACC\=yacc
    export _DISCOVER_COMMAND_LINE_LINKER_INPUTS\=YES
    export _DISCOVER_COMMAND_LINE_LINKER_INPUTS_INCLUDE_WL\=YES
    export _LD_MULTIARCH\=YES
    export __DIAGNOSE_DEPRECATED_ARCHS\=YES
    export __ORIGINAL_SDK_DEFINED_LLVM_TARGET_TRIPLE_SYS\=ios
    export arch\=undefined_arch
    export variant\=normal
    /bin/sh -c /Users/karelbraborec/Library/Developer/Xcode/DerivedData/revmeter-hbcnswmlqmbpnlazhhkncgeowiss/Build/Intermediates.noindex/Pods.build/Debug-iphonesimulator/ReactCodegen.build/Script-46EB2E0001F460.sh
Node found at: /usr/local/bin/node
[36m[1m[Codegen][0m Analyzing /Users/karelbraborec/rev-meter/package.json[0m
[36m[1m[Codegen][0m [33mSearching for codegen-enabled libraries in the app.[0m
[36m[1m[Codegen][0m [33mThe "codegenConfig" field is not defined in package.json. Assuming there is nothing to generate at the app level.[0m
[36m[1m[Codegen][0m [33mSearching for codegen-enabled libraries in react-native.config.js[0m
[36m[1m[Codegen][0m Found @react-native-community/slider[0m
[36m[1m[Codegen][0m Found react-native-gesture-handler[0m
[36m[1m[Codegen][0m Found react-native-reanimated[0m
[36m[1m[Codegen][0m Found react-native-safe-area-context[0m
[36m[1m[Codegen][0m Found react-native-screens[0m
[36m[1m[Codegen][0m Found react-native-worklets[0m
[36m[1m[Codegen][0m Processing RNCSlider[0m
[36m[1m[Codegen][0m [33mSearching for podspec in the project dependencies.[0m
[36m[1m[Codegen][0m Supported Apple platforms: ios, visionos for RNCSlider[0m
[36m[1m[Codegen][0m Processing rngesturehandler_codegen[0m
[36m[1m[Codegen][0m [33mSearching for podspec in the project dependencies.[0m
[36m[1m[Codegen][0m Supported Apple platforms: ios, macos, tvos, visionos for rngesturehandler_codegen[0m
[36m[1m[Codegen][0m Processing rnreanimated[0m
[36m[1m[Codegen][0m [33mSearching for podspec in the project dependencies.[0m
[36m[1m[Codegen][0m Supported Apple platforms: ios, macos, tvos, visionos for rnreanimated[0m
[36m[1m[Codegen][0m Processing safeareacontext[0m
[36m[1m[Codegen][0m [33mSearching for podspec in the project dependencies.[0m
[36m[1m[Codegen][0m Supported Apple platforms: ios, macos, tvos, visionos for safeareacontext[0m
[36m[1m[Codegen][0m Processing rnscreens[0m
[36m[1m[Codegen][0m [33mSearching for podspec in the project dependencies.[0m
[36m[1m[Codegen][0m Supported Apple platforms: ios, tvos, visionos for rnscreens[0m
[36m[1m[Codegen][0m Processing rnworklets[0m
[36m[1m[Codegen][0m [33mSearching for podspec in the project dependencies.[0m
[36m[1m[Codegen][0m Supported Apple platforms: ios, macos, tvos, visionos for rnworklets[0m
[36m[1m[Codegen][0m Generating Native Code for RNCSlider - ios[0m
[36m[1m[Codegen][0m Generated artifacts: /Users/karelbraborec/rev-meter/ios/build/generated/ios/ReactCodegen[0m
[36m[1m[Codegen][0m Generating Native Code for rngesturehandler_codegen - ios[0m
[36m[1m[Codegen][0m Generated artifacts: /Users/karelbraborec/rev-meter/ios/build/generated/ios/ReactCodegen[0m
[36m[1m[Codegen][0m Generating Native Code for rnreanimated - ios[0m
[36m[1m[Codegen][0m Generated artifacts: /Users/karelbraborec/rev-meter/ios/build/generated/ios/ReactCodegen[0m
[36m[1m[Codegen][0m Generating Native Code for safeareacontext - ios[0m
[36m[1m[Codegen][0m Generated artifacts: /Users/karelbraborec/rev-meter/ios/build/generated/ios/ReactCodegen[0m
[36m[1m[Codegen][0m Generating Native Code for rnscreens - ios[0m
[36m[1m[Codegen][0m Generated artifacts: /Users/karelbraborec/rev-meter/ios/build/generated/ios/ReactCodegen[0m
[36m[1m[Codegen][0m Generating Native Code for rnworklets - ios[0m
[36m[1m[Codegen][0m Generated artifacts: /Users/karelbraborec/rev-meter/ios/build/generated/ios/ReactCodegen[0m
[36m[1m[Codegen][0m Generating RCTThirdPartyComponentsProvider.h[0m
[36m[1m[Codegen][0m Generated artifact: /Users/karelbraborec/rev-meter/ios/build/generated/ios/ReactCodegen/RCTThirdPartyComponentsProvider.h[0m
[36m[1m[Codegen][0m Generating RCTThirdPartyComponentsProvider.mm[0m
[36m[1m[Codegen][0m Generated artifact: /Users/karelbraborec/rev-meter/ios/build/generated/ios/ReactCodegen/RCTThirdPartyComponentsProvider.mm[0m
[36m[1m[Codegen][0m Generating RCTModulesProvider.h[0m
[36m[1m[Codegen][0m Generated artifact: /Users/karelbraborec/rev-meter/ios/build/generated/ios/ReactCodegen/RCTModuleProviders.h[0m
[36m[1m[Codegen][0m Generating RCTModuleProviders.mm[0m
[36m[1m[Codegen][0m Generated artifact: /Users/karelbraborec/rev-meter/ios/build/generated/ios/ReactCodegen/RCTModuleProviders.mm[0m
[36m[1m[Codegen][0m Generating RCTAppDependencyProvider[0m
[36m[1m[Codegen][0m Generated artifact: /Users/karelbraborec/rev-meter/ios/build/generated/ios/ReactAppDependencyProvider/RCTAppDependencyProvider.h[0m
[36m[1m[Codegen][0m Generated artifact: /Users/karelbraborec/rev-meter/ios/build/generated/ios/ReactAppDependencyProvider/RCTAppDependencyProvider.mm[0m
[36m[1m[Codegen][0m Generated podspec: /Users/karelbraborec/rev-meter/ios/build/generated/ios/ReactAppDependencyProvider/ReactAppDependencyProvider.podspec[0m
[36m[1m[Codegen][0m Generated podspec: /Users/karelbraborec/rev-meter/ios/build/generated/ios/ReactCodegen/ReactCodegen.podspec[0m
[36m[1m[Codegen][0m Generating Package.swift[0m
[36m[1m[Codegen][0m Generated artifact: /Users/karelbraborec/rev-meter/ios/build/generated/ios/Package.swift[0m
[36m[1m[Codegen][0m [33mDone.[0m

PrecompileModule /Users/karelbraborec/Library/Developer/Xcode/DerivedData/revmeter-hbcnswmlqmbpnlazhhkncgeowiss/Build/Intermediates.noindex/ExplicitPrecompiledModules/_DarwinFoundation1-EC3SZO2FVFAV4IU12SI00922W.scan
    cd /
    builtin-precompileModule /Users/karelbraborec/Library/Developer/Xcode/DerivedData/revmeter-hbcnswmlqmbpnlazhhkncgeowiss/Build/Intermediates.noindex/ExplicitPrecompiledModules/_DarwinFoundation1-EC3SZO2FVFAV4IU12SI00922W.scan

PrecompileModule /Users/karelbraborec/Library/Developer/Xcode/DerivedData/revmeter-hbcnswmlqmbpnlazhhkncgeowiss/Build/Intermediates.noindex/ExplicitPrecompiledModules/_DarwinFoundation2-92B42JDB7VV23BQKSMM6OYP31.scan
    cd /
    builtin-precompileModule /Users/karelbraborec/Library/Developer/Xcode/DerivedData/revmeter-hbcnswmlqmbpnlazhhkncgeowiss/Build/Intermediates.noindex/ExplicitPrecompiledModules/_DarwinFoundation2-92B42JDB7VV23BQKSMM6OYP31.scan

PrecompileModule /Users/karelbraborec/Library/Developer/Xcode/DerivedData/revmeter-hbcnswmlqmbpnlazhhkncgeowiss/Build/Intermediates.noindex/ExplicitPrecompiledModules/_Builtin_limits-F4PYTYA4M0TABGK9MASEDVI7Q.scan
    cd /
    builtin-precompileModule /Users/karelbraborec/Library/Developer/Xcode/DerivedData/revmeter-hbcnswmlqmbpnlazhhkncgeowiss/Build/Intermediates.noindex/ExplicitPrecompiledModules/_Builtin_limits-F4PYTYA4M0TABGK9MASEDVI7Q.scan

PrecompileModule /Users/karelbraborec/Library/Developer/Xcode/DerivedData/revmeter-hbcnswmlqmbpnlazhhkncgeowiss/Build/Intermediates.noindex/ExplicitPrecompiledModules/_Builtin_limits-4MOL8WC5EZQGO9SG5Z7K6H73I.scan
    cd /
    builtin-precompileModule /Users/karelbraborec/Library/Developer/Xcode/DerivedData/revmeter-hbcnswmlqmbpnlazhhkncgeowiss/Build/Intermediates.noindex/ExplicitPrecompiledModules/_Builtin_limits-4MOL8WC5EZQGO9SG5Z7K6H73I.scan

PrecompileModule /Users/karelbraborec/Library/Developer/Xcode/DerivedData/revmeter-hbcnswmlqmbpnlazhhkncgeowiss/Build/Intermediates.noindex/ExplicitPrecompiledModules/_DarwinFoundation2-EFWVYIREZJLI4PGCI7ZAIQ6HM.scan
    cd /
    builtin-precompileModule /Users/karelbraborec/Library/Developer/Xcode/DerivedData/revmeter-hbcnswmlqmbpnlazhhkncgeowiss/Build/Intermediates.noindex/ExplicitPrecompiledModules/_DarwinFoundation2-EFWVYIREZJLI4PGCI7ZAIQ6HM.scan

PrecompileModule /Users/karelbraborec/Library/Developer/Xcode/DerivedData/revmeter-hbcnswmlqmbpnlazhhkncgeowiss/Build/Intermediates.noindex/ExplicitPrecompiledModules/_Builtin_stdint-8W7Z4QC3N18WRWVS45H0ZGFMW.scan
    cd /
    builtin-precompileModule /Users/karelbraborec/Library/Developer/Xcode/DerivedData/revmeter-hbcnswmlqmbpnlazhhkncgeowiss/Build/Intermediates.noindex/ExplicitPrecompiledModules/_Builtin_stdint-8W7Z4QC3N18WRWVS45H0ZGFMW.scan

PrecompileModule /Users/karelbraborec/Library/Developer/Xcode/DerivedData/revmeter-hbcnswmlqmbpnlazhhkncgeowiss/Build/Intermediates.noindex/ExplicitPrecompiledModules/_DarwinFoundation3-9EKOTMS9XJGVWZE7TJBZW187I.scan
    cd /
    builtin-precompileModule /Users/karelbraborec/Library/Developer/Xcode/DerivedData/revmeter-hbcnswmlqmbpnlazhhkncgeowiss/Build/Intermediates.noindex/ExplicitPrecompiledModules/_DarwinFoundation3-9EKOTMS9XJGVWZE7TJBZW187I.scan

PrecompileModule /Users/karelbraborec/Library/Developer/Xcode/DerivedData/revmeter-hbcnswmlqmbpnlazhhkncgeowiss/Build/Intermediates.noindex/ExplicitPrecompiledModules/_Builtin_stdint-8P54E6U9BIZJ1LOZWINYPJTBU.scan
    cd /
    builtin-precompileModule /Users/karelbraborec/Library/Developer/Xcode/DerivedData/revmeter-hbcnswmlqmbpnlazhhkncgeowiss/Build/Intermediates.noindex/ExplicitPrecompiledModules/_Builtin_stdint-8P54E6U9BIZJ1LOZWINYPJTBU.scan

PrecompileModule /Users/karelbraborec/Library/Developer/Xcode/DerivedData/revmeter-hbcnswmlqmbpnlazhhkncgeowiss/Build/Intermediates.noindex/ExplicitPrecompiledModules/_DarwinFoundation3-D8FEXQ7R90MGRLA80GSAP3MKC.scan
    cd /
    builtin-precompileModule /Users/karelbraborec/Library/Developer/Xcode/DerivedData/revmeter-hbcnswmlqmbpnlazhhkncgeowiss/Build/Intermediates.noindex/ExplicitPrecompiledModules/_DarwinFoundation3-D8FEXQ7R90MGRLA80GSAP3MKC.scan

PrecompileModule /Users/karelbraborec/Library/Developer/Xcode/DerivedData/revmeter-hbcnswmlqmbpnlazhhkncgeowiss/Build/Intermediates.noindex/ExplicitPrecompiledModules/_Builtin_inttypes-92C0PW72DR81CINFCS2WKLXRK.scan
    cd /
    builtin-precompileModule /Users/karelbraborec/Library/Developer/Xcode/DerivedData/revmeter-hbcnswmlqmbpnlazhhkncgeowiss/Build/Intermediates.noindex/ExplicitPrecompiledModules/_Builtin_inttypes-92C0PW72DR81CINFCS2WKLXRK.scan

PrecompileModule /Users/karelbraborec/Library/Developer/Xcode/DerivedData/revmeter-hbcnswmlqmbpnlazhhkncgeowiss/Build/Intermediates.noindex/ExplicitPrecompiledModules/Darwin-B4914RT4OFR17U081JTTADMTP.scan
    cd /
    builtin-precompileModule /Users/karelbraborec/Library/Developer/Xcode/DerivedData/revmeter-hbcnswmlqmbpnlazhhkncgeowiss/Build/Intermediates.noindex/ExplicitPrecompiledModules/Darwin-B4914RT4OFR17U081JTTADMTP.scan

PrecompileModule /Users/karelbraborec/Library/Developer/Xcode/DerivedData/revmeter-hbcnswmlqmbpnlazhhkncgeowiss/Build/Intermediates.noindex/ExplicitPrecompiledModules/_Builtin_inttypes-32X8XM8797KLXW2KXGYIOFEQK.scan
    cd /
    builtin-precompileModule /Users/karelbraborec/Library/Developer/Xcode/DerivedData/revmeter-hbcnswmlqmbpnlazhhkncgeowiss/Build/Intermediates.noindex/ExplicitPrecompiledModules/_Builtin_inttypes-32X8XM8797KLXW2KXGYIOFEQK.scan

PrecompileModule /Users/karelbraborec/Library/Developer/Xcode/DerivedData/revmeter-hbcnswmlqmbpnlazhhkncgeowiss/Build/Intermediates.noindex/ExplicitPrecompiledModules/Darwin-14N8QVDYIWCX4BSLU729CPFCY.scan
    cd /
    builtin-precompileModule /Users/karelbraborec/Library/Developer/Xcode/DerivedData/revmeter-hbcnswmlqmbpnlazhhkncgeowiss/Build/Intermediates.noindex/ExplicitPrecompiledModules/Darwin-14N8QVDYIWCX4BSLU729CPFCY.scan

PhaseScriptExecution [CP]\ Copy\ XCFrameworks /Users/karelbraborec/Library/Developer/Xcode/DerivedData/revmeter-hbcnswmlqmbpnlazhhkncgeowiss/Build/Intermediates.noindex/Pods.build/Debug-iphonesimulator/ExpoModulesJSI.build/Script-46EB2E0001F3E0.sh (in target 'ExpoModulesJSI' from project 'Pods')
    cd /Users/karelbraborec/rev-meter/ios/Pods
    /bin/sh -c /Users/karelbraborec/Library/Developer/Xcode/DerivedData/revmeter-hbcnswmlqmbpnlazhhkncgeowiss/Build/Intermediates.noindex/Pods.build/Debug-iphonesimulator/ExpoModulesJSI.build/Script-46EB2E0001F3E0.sh
Selected xcframework slice ios-arm64_x86_64-simulator
rsync --delete -av --filter P .*.?????? --links --filter "- CVS/" --filter "- .svn/" --filter "- .git/" --filter "- .hg/" "/Users/karelbraborec/rev-meter/ios/Pods/../../node_modules/expo-modules-jsi/apple/Products/ExpoModulesJSI.xcframework/ios-arm64_x86_64-simulator/*" "/Users/karelbraborec/Library/Developer/Xcode/DerivedData/revmeter-hbcnswmlqmbpnlazhhkncgeowiss/Build/Products/Debug-iphonesimulator/XCFrameworkIntermediates/ExpoModulesJSI"
Transfer starting: 30 files
ExpoModulesJSI.framework.dSYM/
ExpoModulesJSI.framework.dSYM/Contents/
ExpoModulesJSI.framework.dSYM/Contents/Info.plist
ExpoModulesJSI.framework.dSYM/Contents/Resources/
ExpoModulesJSI.framework.dSYM/Contents/Resources/DWARF/
ExpoModulesJSI.framework.dSYM/Contents/Resources/DWARF/ExpoModulesJSI
ExpoModulesJSI.framework.dSYM/Contents/Resources/Relocations/
ExpoModulesJSI.framework.dSYM/Contents/Resources/Relocations/aarch64/
ExpoModulesJSI.framework.dSYM/Contents/Resources/Relocations/aarch64/ExpoModulesJSI.yml
ExpoModulesJSI.framework.dSYM/Contents/Resources/Relocations/x86_64/
ExpoModulesJSI.framework.dSYM/Contents/Resources/Relocations/x86_64/ExpoModulesJSI.yml
ExpoModulesJSI.framework/
ExpoModulesJSI.framework/ExpoModulesJSI
ExpoModulesJSI.framework/Info.plist
ExpoModulesJSI.framework/Headers/
ExpoModulesJSI.framework/Headers/ExpoModulesJSI-Swift.h
ExpoModulesJSI.framework/Headers/NativeState.h
ExpoModulesJSI.framework/Headers/module.modulemap
ExpoModulesJSI.framework/Modules/
ExpoModulesJSI.framework/Modules/ExpoModulesJSI.swiftmodule/
ExpoModulesJSI.framework/Modules/ExpoModulesJSI.swiftmodule/arm64-apple-ios-simulator.abi.json
ExpoModulesJSI.framework/Modules/ExpoModulesJSI.swiftmodule/arm64-apple-ios-simulator.swiftdoc
ExpoModulesJSI.framework/Modules/ExpoModulesJSI.swiftmodule/arm64-apple-ios-simulator.swiftinterface
ExpoModulesJSI.framework/Modules/ExpoModulesJSI.swiftmodule/arm64-apple-ios-simulator.swiftmodule
ExpoModulesJSI.framework/Modules/ExpoModulesJSI.swiftmodule/x86_64-apple-ios-simulator.abi.json
ExpoModulesJSI.framework/Modules/ExpoModulesJSI.swiftmodule/x86_64-apple-ios-simulator.swiftdoc
ExpoModulesJSI.framework/Modules/ExpoModulesJSI.swiftmodule/x86_64-apple-ios-simulator.swiftinterface
ExpoModulesJSI.framework/Modules/ExpoModulesJSI.swiftmodule/x86_64-apple-ios-simulator.swiftmodule
ExpoModulesJSI.framework/_CodeSignature/
ExpoModulesJSI.framework/_CodeSignature/CodeResources

sent 16451752 bytes  received 488 bytes  139307705 bytes/sec
total size is 16446112  speedup is 1.00
Copied /Users/karelbraborec/rev-meter/ios/Pods/../../node_modules/expo-modules-jsi/apple/Products/ExpoModulesJSI.xcframework/ios-arm64_x86_64-simulator to /Users/karelbraborec/Library/Developer/Xcode/DerivedData/revmeter-hbcnswmlqmbpnlazhhkncgeowiss/Build/Products/Debug-iphonesimulator/XCFrameworkIntermediates/ExpoModulesJSI

PrecompileModule /Users/karelbraborec/Library/Developer/Xcode/DerivedData/revmeter-hbcnswmlqmbpnlazhhkncgeowiss/Build/Intermediates.noindex/ExplicitPrecompiledModules/ObjectiveC-DU546E0OU76QSVIPNTZ5FDWGM.scan
    cd /
    builtin-precompileModule /Users/karelbraborec/Library/Developer/Xcode/DerivedData/revmeter-hbcnswmlqmbpnlazhhkncgeowiss/Build/Intermediates.noindex/ExplicitPrecompiledModules/ObjectiveC-DU546E0OU76QSVIPNTZ5FDWGM.scan

PrecompileModule /Users/karelbraborec/Library/Developer/Xcode/DerivedData/revmeter-hbcnswmlqmbpnlazhhkncgeowiss/Build/Intermediates.noindex/ExplicitPrecompiledModules/ObjectiveC-30H3ACFY31E6P4OWH6SPLRGXL.scan
    cd /
    builtin-precompileModule /Users/karelbraborec/Library/Developer/Xcode/DerivedData/revmeter-hbcnswmlqmbpnlazhhkncgeowiss/Build/Intermediates.noindex/ExplicitPrecompiledModules/ObjectiveC-30H3ACFY31E6P4OWH6SPLRGXL.scan

PrecompileModule /Users/karelbraborec/Library/Developer/Xcode/DerivedData/revmeter-hbcnswmlqmbpnlazhhkncgeowiss/Build/Intermediates.noindex/ExplicitPrecompiledModules/os_object-3HV9VIB7QBOL24CELVNSFUB1F.scan
    cd /
    builtin-precompileModule /Users/karelbraborec/Library/Developer/Xcode/DerivedData/revmeter-hbcnswmlqmbpnlazhhkncgeowiss/Build/Intermediates.noindex/ExplicitPrecompiledModules/os_object-3HV9VIB7QBOL24CELVNSFUB1F.scan

PrecompileModule /Users/karelbraborec/Library/Developer/Xcode/DerivedData/revmeter-hbcnswmlqmbpnlazhhkncgeowiss/Build/Intermediates.noindex/ExplicitPrecompiledModules/os_object-7GPR40GHVRFZPUR2IZJECBNI4.scan
    cd /
    builtin-precompileModule /Users/karelbraborec/Library/Developer/Xcode/DerivedData/revmeter-hbcnswmlqmbpnlazhhkncgeowiss/Build/Intermediates.noindex/ExplicitPrecompiledModules/os_object-7GPR40GHVRFZPUR2IZJECBNI4.scan

PrecompileModule /Users/karelbraborec/Library/Developer/Xcode/DerivedData/revmeter-hbcnswmlqmbpnlazhhkncgeowiss/Build/Intermediates.noindex/ExplicitPrecompiledModules/os_workgroup-B0WM6TQGWG04OKK2LX2ZJQEJ0.scan
    cd /
    builtin-precompileModule /Users/karelbraborec/Library/Developer/Xcode/DerivedData/revmeter-hbcnswmlqmbpnlazhhkncgeowiss/Build/Intermediates.noindex/ExplicitPrecompiledModules/os_workgroup-B0WM6TQGWG04OKK2LX2ZJQEJ0.scan

PrecompileModule /Users/karelbraborec/Library/Developer/Xcode/DerivedData/revmeter-hbcnswmlqmbpnlazhhkncgeowiss/Build/Intermediates.noindex/ExplicitPrecompiledModules/os_workgroup-9UAB9UUQYGILZ7YWEY12SDKXS.scan
    cd /
    builtin-precompileModule /Users/karelbraborec/Library/Developer/Xcode/DerivedData/revmeter-hbcnswmlqmbpnlazhhkncgeowiss/Build/Intermediates.noindex/ExplicitPrecompiledModules/os_workgroup-9UAB9UUQYGILZ7YWEY12SDKXS.scan

PrecompileModule /Users/karelbraborec/Library/Developer/Xcode/DerivedData/revmeter-hbcnswmlqmbpnlazhhkncgeowiss/Build/Intermediates.noindex/ExplicitPrecompiledModules/Dispatch-O9PWZV35BOGOP6HT79W7XPJ8.scan
    cd /
    builtin-precompileModule /Users/karelbraborec/Library/Developer/Xcode/DerivedData/revmeter-hbcnswmlqmbpnlazhhkncgeowiss/Build/Intermediates.noindex/ExplicitPrecompiledModules/Dispatch-O9PWZV35BOGOP6HT79W7XPJ8.scan

PrecompileModule /Users/karelbraborec/Library/Developer/Xcode/DerivedData/revmeter-hbcnswmlqmbpnlazhhkncgeowiss/Build/Intermediates.noindex/ExplicitPrecompiledModules/Dispatch-19A5TB9I51ZWBAPF4VLMICCZ1.scan
    cd /
    builtin-precompileModule /Users/karelbraborec/Library/Developer/Xcode/DerivedData/revmeter-hbcnswmlqmbpnlazhhkncgeowiss/Build/Intermediates.noindex/ExplicitPrecompiledModules/Dispatch-19A5TB9I51ZWBAPF4VLMICCZ1.scan

PrecompileModule /Users/karelbraborec/Library/Developer/Xcode/DerivedData/revmeter-hbcnswmlqmbpnlazhhkncgeowiss/Build/Intermediates.noindex/ExplicitPrecompiledModules/XPC-EUDT2N1OICRG71ZH0L7JD931F.scan
    cd /
    builtin-precompileModule /Users/karelbraborec/Library/Developer/Xcode/DerivedData/revmeter-hbcnswmlqmbpnlazhhkncgeowiss/Build/Intermediates.noindex/ExplicitPrecompiledModules/XPC-EUDT2N1OICRG71ZH0L7JD931F.scan

PrecompileModule /Users/karelbraborec/Library/Developer/Xcode/DerivedData/revmeter-hbcnswmlqmbpnlazhhkncgeowiss/Build/Intermediates.noindex/ExplicitPrecompiledModules/CoreFoundation-B3L8OA07RZPZVAZP9G9NY2A0P.scan
    cd /
    builtin-precompileModule /Users/karelbraborec/Library/Developer/Xcode/DerivedData/revmeter-hbcnswmlqmbpnlazhhkncgeowiss/Build/Intermediates.noindex/ExplicitPrecompiledModules/CoreFoundation-B3L8OA07RZPZVAZP9G9NY2A0P.scan

PrecompileModule /Users/karelbraborec/Library/Developer/Xcode/DerivedData/revmeter-hbcnswmlqmbpnlazhhkncgeowiss/Build/Intermediates.noindex/ExplicitPrecompiledModules/CoreFoundation-3TFY9Q8KRSR9E49A3N2M291V2.scan
    cd /
    builtin-precompileModule /Users/karelbraborec/Library/Developer/Xcode/DerivedData/revmeter-hbcnswmlqmbpnlazhhkncgeowiss/Build/Intermediates.noindex/ExplicitPrecompiledModules/CoreFoundation-3TFY9Q8KRSR9E49A3N2M291V2.scan

PrecompileModule /Users/karelbraborec/Library/Developer/Xcode/DerivedData/revmeter-hbcnswmlqmbpnlazhhkncgeowiss/Build/Intermediates.noindex/ExplicitPrecompiledModules/XPC-D05PWOWLBRS3QMORH27HQOLTC.scan
    cd /
    builtin-precompileModule /Users/karelbraborec/Library/Developer/Xcode/DerivedData/revmeter-hbcnswmlqmbpnlazhhkncgeowiss/Build/Intermediates.noindex/ExplicitPrecompiledModules/XPC-D05PWOWLBRS3QMORH27HQOLTC.scan

PrecompileModule /Users/karelbraborec/Library/Developer/Xcode/DerivedData/revmeter-hbcnswmlqmbpnlazhhkncgeowiss/Build/Intermediates.noindex/ExplicitPrecompiledModules/CoreGraphics-3XXK8U1G8V9VQF4APC55YLPVG.scan
    cd /
    builtin-precompileModule /Users/karelbraborec/Library/Developer/Xcode/DerivedData/revmeter-hbcnswmlqmbpnlazhhkncgeowiss/Build/Intermediates.noindex/ExplicitPrecompiledModules/CoreGraphics-3XXK8U1G8V9VQF4APC55YLPVG.scan

PrecompileModule /Users/karelbraborec/Library/Developer/Xcode/DerivedData/revmeter-hbcnswmlqmbpnlazhhkncgeowiss/Build/Intermediates.noindex/ExplicitPrecompiledModules/Security-5ZDV77ZAJE1RT44YKMXIQTHW4.scan
    cd /
    builtin-precompileModule /Users/karelbraborec/Library/Developer/Xcode/DerivedData/revmeter-hbcnswmlqmbpnlazhhkncgeowiss/Build/Intermediates.noindex/ExplicitPrecompiledModules/Security-5ZDV77ZAJE1RT44YKMXIQTHW4.scan

PrecompileModule /Users/karelbraborec/Library/Developer/Xcode/DerivedData/revmeter-hbcnswmlqmbpnlazhhkncgeowiss/Build/Intermediates.noindex/ExplicitPrecompiledModules/CFNetwork-1M0ZZMJDS0ZTA7N4KOLG087UY.scan
    cd /
    builtin-precompileModule /Users/karelbraborec/Library/Developer/Xcode/DerivedData/revmeter-hbcnswmlqmbpnlazhhkncgeowiss/Build/Intermediates.noindex/ExplicitPrecompiledModules/CFNetwork-1M0ZZMJDS0ZTA7N4KOLG087UY.scan

PrecompileModule /Users/karelbraborec/Library/Developer/Xcode/DerivedData/revmeter-hbcnswmlqmbpnlazhhkncgeowiss/Build/Intermediates.noindex/ExplicitPrecompiledModules/CFNetwork-4BCZ8EU0YHTVEHAH82B466DYG.scan
    cd /
    builtin-precompileModule /Users/karelbraborec/Library/Developer/Xcode/DerivedData/revmeter-hbcnswmlqmbpnlazhhkncgeowiss/Build/Intermediates.noindex/ExplicitPrecompiledModules/CFNetwork-4BCZ8EU0YHTVEHAH82B466DYG.scan

PrecompileModule /Users/karelbraborec/Library/Developer/Xcode/DerivedData/revmeter-hbcnswmlqmbpnlazhhkncgeowiss/Build/Intermediates.noindex/ExplicitPrecompiledModules/Security-SJ8VIN3UHCCMF4YAYK7TA6MA.scan
    cd /
    builtin-precompileModule /Users/karelbraborec/Library/Developer/Xcode/DerivedData/revmeter-hbcnswmlqmbpnlazhhkncgeowiss/Build/Intermediates.noindex/ExplicitPrecompiledModules/Security-SJ8VIN3UHCCMF4YAYK7TA6MA.scan

PrecompileModule /Users/karelbraborec/Library/Developer/Xcode/DerivedData/revmeter-hbcnswmlqmbpnlazhhkncgeowiss/Build/Intermediates.noindex/ExplicitPrecompiledModules/CoreGraphics-8NK09M2BCBY11EFXSJVIN8NJZ.scan
    cd /
    builtin-precompileModule /Users/karelbraborec/Library/Developer/Xcode/DerivedData/revmeter-hbcnswmlqmbpnlazhhkncgeowiss/Build/Intermediates.noindex/ExplicitPrecompiledModules/CoreGraphics-8NK09M2BCBY11EFXSJVIN8NJZ.scan

PrecompileModule /Users/karelbraborec/Library/Developer/Xcode/DerivedData/revmeter-hbcnswmlqmbpnlazhhkncgeowiss/Build/Intermediates.noindex/ExplicitPrecompiledModules/Foundation-AXIRITYJNV31FEN03QF3MX6IN.scan
    cd /
    builtin-precompileModule /Users/karelbraborec/Library/Developer/Xcode/DerivedData/revmeter-hbcnswmlqmbpnlazhhkncgeowiss/Build/Intermediates.noindex/ExplicitPrecompiledModules/Foundation-AXIRITYJNV31FEN03QF3MX6IN.scan

PrecompileModule /Users/karelbraborec/Library/Developer/Xcode/DerivedData/revmeter-hbcnswmlqmbpnlazhhkncgeowiss/Build/Intermediates.noindex/ExplicitPrecompiledModules/CoreText-DESVWI69U4FO7A8DIVTQNGJCW.scan
    cd /
    builtin-precompileModule /Users/karelbraborec/Library/Developer/Xcode/DerivedData/revmeter-hbcnswmlqmbpnlazhhkncgeowiss/Build/Intermediates.noindex/ExplicitPrecompiledModules/CoreText-DESVWI69U4FO7A8DIVTQNGJCW.scan

PrecompileModule /Users/karelbraborec/Library/Developer/Xcode/DerivedData/revmeter-hbcnswmlqmbpnlazhhkncgeowiss/Build/Intermediates.noindex/ExplicitPrecompiledModules/ImageIO-EO0OFLA3WM0CCHSJHNQZYOGT6.scan
    cd /
    builtin-precompileModule /Users/karelbraborec/Library/Developer/Xcode/DerivedData/revmeter-hbcnswmlqmbpnlazhhkncgeowiss/Build/Intermediates.noindex/ExplicitPrecompiledModules/ImageIO-EO0OFLA3WM0CCHSJHNQZYOGT6.scan

PhaseScriptExecution [Expo]\ Remove\ duplicate\ codegen\ output /Users/karelbraborec/Library/Developer/Xcode/DerivedData/revmeter-hbcnswmlqmbpnlazhhkncgeowiss/Build/Intermediates.noindex/Pods.build/Debug-iphonesimulator/ReactCodegen.build/Script-46EB2E00026BF0.sh (in target 'ReactCodegen' from project 'Pods')
    cd /Users/karelbraborec/rev-meter/ios/Pods
    export ACTION\=build
    export AD_HOC_CODE_SIGNING_ALLOWED\=YES
    export ALLOW_BUILD_REQUEST_OVERRIDES\=NO
    export ALLOW_TARGET_PLATFORM_SPECIALIZATION\=NO
    export ALTERNATE_GROUP\=staff
    export ALTERNATE_MODE\=u+w,go-w,a+rX
    export ALTERNATE_OWNER\=karelbraborec
    export ALTERNATIVE_DISTRIBUTION_WEB\=NO
    export ALWAYS_EMBED_SWIFT_STANDARD_LIBRARIES\=NO
    export ALWAYS_SEARCH_USER_PATHS\=NO
    export ALWAYS_USE_SEPARATE_HEADERMAPS\=NO
    export APPLICATION_EXTENSION_API_ONLY\=NO
    export APPLY_RULES_IN_COPY_FILES\=NO
    export APPLY_RULES_IN_COPY_HEADERS\=NO
    export APP_SHORTCUTS_ENABLE_FLEXIBLE_MATCHING\=YES
    export ARCHS\=arm64\ x86_64
    export ARCHS_BASE\=arm64\ x86_64
    export ARCHS_STANDARD\=arm64\ x86_64
    export ARCHS_STANDARD_32_64_BIT\=arm64\ x86_64
    export ARCHS_STANDARD_64_BIT\=arm64\ x86_64
    export ARCHS_STANDARD_INCLUDING_64_BIT\=arm64\ x86_64
    export ARCHS_UNIVERSAL_IPHONE_OS\=arm64\ x86_64
    export AUTOMATICALLY_MERGE_DEPENDENCIES\=NO
    export AUTOMATION_APPLE_EVENTS\=NO
    export AVAILABLE_PLATFORMS\=android\ appletvos\ appletvsimulator\ driverkit\ freebsd\ iphoneos\ iphonesimulator\ linux\ macosx\ none\ openbsd\ qnx\ watchos\ watchsimulator\ webassembly\ xros\ xrsimulator
    export BUILD_ACTIVE_RESOURCES_ONLY\=NO
    export BUILD_COMPONENTS\=headers\ build
    export BUILD_DIR\=/Users/karelbraborec/Library/Developer/Xcode/DerivedData/revmeter-hbcnswmlqmbpnlazhhkncgeowiss/Build/Products
    export BUILD_LIBRARY_FOR_DISTRIBUTION\=NO
    export BUILD_ONLY_KNOWN_LOCALIZATIONS\=NO
    export BUILD_ROOT\=/Users/karelbraborec/Library/Developer/Xcode/DerivedData/revmeter-hbcnswmlqmbpnlazhhkncgeowiss/Build/Products
    export BUILD_STYLE\=
    export BUILD_VARIANTS\=normal
    export BUILT_PRODUCTS_DIR\=/Users/karelbraborec/Library/Developer/Xcode/DerivedData/revmeter-hbcnswmlqmbpnlazhhkncgeowiss/Build/Products/Debug-iphonesimulator/ReactCodegen
    export BUNDLE_CONTENTS_FOLDER_PATH_deep\=Contents/
    export BUNDLE_EXECUTABLE_FOLDER_NAME_deep\=MacOS
    export BUNDLE_EXTENSIONS_FOLDER_PATH\=Extensions
    export BUNDLE_FORMAT\=shallow
    export BUNDLE_FRAMEWORKS_FOLDER_PATH\=Frameworks
    export BUNDLE_PLUGINS_FOLDER_PATH\=PlugIns
    export BUNDLE_PRIVATE_HEADERS_FOLDER_PATH\=PrivateHeaders
    export BUNDLE_PUBLIC_HEADERS_FOLDER_PATH\=Headers
    export CACHE_ROOT\=/var/folders/zn/6f_ddjd136v_cf62f8s84b0m0000gn/C/com.apple.DeveloperTools/26.6-17F113/Xcode
    export CCHROOT\=/var/folders/zn/6f_ddjd136v_cf62f8s84b0m0000gn/C/com.apple.DeveloperTools/26.6-17F113/Xcode
    export CHMOD\=/bin/chmod
    export CHOWN\=chown
    export CLANG_ANALYZER_LOCALIZABILITY_NONLOCALIZED\=YES
    export CLANG_ANALYZER_NONNULL\=YES
    export CLANG_ANALYZER_NUMBER_OBJECT_CONVERSION\=YES_AGGRESSIVE
    export CLANG_CACHE_FINE_GRAINED_OUTPUTS\=YES
    export CLANG_CXX_LANGUAGE_STANDARD\=c++20
    export CLANG_CXX_LIBRARY\=libc++
    export CLANG_ENABLE_EXPLICIT_MODULES\=YES
    export CLANG_ENABLE_MODULES\=YES
    export CLANG_ENABLE_MODULE_DEBUGGING\=NO
    export CLANG_ENABLE_OBJC_ARC\=YES
    export CLANG_ENABLE_OBJC_WEAK\=NO
    export CLANG_MODULES_BUILD_SESSION_FILE\=/Users/karelbraborec/Library/Developer/Xcode/DerivedData/ModuleCache.noindex/Session.modulevalidation
    export CLANG_WARN_BLOCK_CAPTURE_AUTORELEASING\=YES
    export CLANG_WARN_BOOL_CONVERSION\=YES
    export CLANG_WARN_COMMA\=YES
    export CLANG_WARN_CONSTANT_CONVERSION\=YES
    export CLANG_WARN_DEPRECATED_OBJC_IMPLEMENTATIONS\=YES
    export CLANG_WARN_DIRECT_OBJC_ISA_USAGE\=YES_ERROR
    export CLANG_WARN_DOCUMENTATION_COMMENTS\=YES
    export CLANG_WARN_EMPTY_BODY\=YES
    export CLANG_WARN_ENUM_CONVERSION\=YES
    export CLANG_WARN_INFINITE_RECURSION\=YES
    export CLANG_WARN_INT_CONVERSION\=YES
    export CLANG_WARN_NON_LITERAL_NULL_CONVERSION\=YES
    export CLANG_WARN_OBJC_IMPLICIT_RETAIN_SELF\=YES
    export CLANG_WARN_OBJC_LITERAL_CONVERSION\=YES
    export CLANG_WARN_OBJC_ROOT_CLASS\=YES_ERROR
    export CLANG_WARN_QUOTED_INCLUDE_IN_FRAMEWORK_HEADER\=NO
    export CLANG_WARN_RANGE_LOOP_ANALYSIS\=YES
    export CLANG_WARN_STRICT_PROTOTYPES\=YES
    export CLANG_WARN_SUSPICIOUS_MOVE\=YES
    export CLANG_WARN_UNGUARDED_AVAILABILITY\=YES_AGGRESSIVE
    export CLANG_WARN_UNREACHABLE_CODE\=YES
    export CLANG_WARN__DUPLICATE_METHOD_MATCH\=YES
    export CLASS_FILE_DIR\=/Users/karelbraborec/Library/Developer/Xcode/DerivedData/revmeter-hbcnswmlqmbpnlazhhkncgeowiss/Build/Intermediates.noindex/Pods.build/Debug-iphonesimulator/ReactCodegen.build/JavaClasses
    export CLEAN_PRECOMPS\=YES
    export CLONE_HEADERS\=NO
    export CODESIGNING_FOLDER_PATH\=/Users/karelbraborec/Library/Developer/Xcode/DerivedData/revmeter-hbcnswmlqmbpnlazhhkncgeowiss/Build/Products/Debug-iphonesimulator/ReactCodegen/libReactCodegen.a
    export CODE_SIGNING_ALLOWED\=NO
    export CODE_SIGNING_REQUIRED\=YES
    export CODE_SIGN_CONTEXT_CLASS\=XCiPhoneSimulatorCodeSignContext
    export CODE_SIGN_IDENTITY\=-
    export CODE_SIGN_INJECT_BASE_ENTITLEMENTS\=YES
    export COLOR_DIAGNOSTICS\=NO
    export COMBINE_HIDPI_IMAGES\=NO
    export COMPILATION_CACHE_CAS_PATH\=/Users/karelbraborec/Library/Developer/Xcode/DerivedData/CompilationCache.noindex
    export COMPILATION_CACHE_KEEP_CAS_DIRECTORY\=YES
    export COMPILER_INDEX_STORE_ENABLE\=Default
    export COMPOSITE_SDK_DIRS\=/Users/karelbraborec/Library/Developer/Xcode/DerivedData/revmeter-hbcnswmlqmbpnlazhhkncgeowiss/Build/Intermediates.noindex/CompositeSDKs
    export COMPRESS_PNG_FILES\=YES
    export CONFIGURATION\=Debug
    export CONFIGURATION_BUILD_DIR\=/Users/karelbraborec/Library/Developer/Xcode/DerivedData/revmeter-hbcnswmlqmbpnlazhhkncgeowiss/Build/Products/Debug-iphonesimulator/ReactCodegen
    export CONFIGURATION_TEMP_DIR\=/Users/karelbraborec/Library/Developer/Xcode/DerivedData/revmeter-hbcnswmlqmbpnlazhhkncgeowiss/Build/Intermediates.noindex/Pods.build/Debug-iphonesimulator
    export COPYING_PRESERVES_HFS_DATA\=NO
    export COPY_HEADERS_RUN_UNIFDEF\=NO
    export COPY_PHASE_STRIP\=NO
    export CORRESPONDING_DEVICE_PLATFORM_DIR\=/Applications/Xcode.app/Contents/Developer/Platforms/iPhoneOS.platform
    export CORRESPONDING_DEVICE_PLATFORM_NAME\=iphoneos
    export CORRESPONDING_DEVICE_SDK_DIR\=/Applications/Xcode.app/Contents/Developer/Platforms/iPhoneOS.platform/Developer/SDKs/iPhoneOS26.5.sdk
    export CORRESPONDING_DEVICE_SDK_NAME\=iphoneos26.5
    export CP\=/bin/cp
    export CREATE_INFOPLIST_SECTION_IN_BINARY\=NO
    export CURRENT_ARCH\=undefined_arch
    export CURRENT_VARIANT\=normal
    export DEAD_CODE_STRIPPING\=YES
    export DEBUGGING_SYMBOLS\=YES
    export DEBUG_INFORMATION_FORMAT\=dwarf
    export DEBUG_INFORMATION_VERSION\=compiler-default
    export DEFAULT_COMPILER\=com.apple.compilers.llvm.clang.1_0
    export DEFAULT_DEXT_INSTALL_PATH\=/System/Library/DriverExtensions
    export DEFAULT_KEXT_INSTALL_PATH\=/System/Library/Extensions
    export DEFINES_MODULE\=NO
    export DEPLOYMENT_LOCATION\=NO
    export DEPLOYMENT_POSTPROCESSING\=NO
    export DEPLOYMENT_TARGET_SETTING_NAME\=IPHONEOS_DEPLOYMENT_TARGET
    export DEPLOYMENT_TARGET_SUGGESTED_VALUES\=12.0\ 12.1\ 12.2\ 12.3\ 12.4\ 13.0\ 13.1\ 13.2\ 13.3\ 13.4\ 13.5\ 13.6\ 14.0\ 14.1\ 14.2\ 14.3\ 14.4\ 14.5\ 14.6\ 14.7\ 15.0\ 15.1\ 15.2\ 15.3\ 15.4\ 15.5\ 15.6\ 16.0\ 16.1\ 16.2\ 16.3\ 16.4\ 16.5\ 16.6\ 17.0\ 17.1\ 17.2\ 17.3\ 17.4\ 17.5\ 17.6\ 18.0\ 18.1\ 18.2\ 18.3\ 18.4\ 18.5\ 18.6\ 26.0\ 26.2\ 26.3\ 26.4\ 26.5
    export DERIVED_FILES_DIR\=/Users/karelbraborec/Library/Developer/Xcode/DerivedData/revmeter-hbcnswmlqmbpnlazhhkncgeowiss/Build/Intermediates.noindex/Pods.build/Debug-iphonesimulator/ReactCodegen.build/DerivedSources
    export DERIVED_FILE_DIR\=/Users/karelbraborec/Library/Developer/Xcode/DerivedData/revmeter-hbcnswmlqmbpnlazhhkncgeowiss/Build/Intermediates.noindex/Pods.build/Debug-iphonesimulator/ReactCodegen.build/DerivedSources
    export DERIVED_SOURCES_DIR\=/Users/karelbraborec/Library/Developer/Xcode/DerivedData/revmeter-hbcnswmlqmbpnlazhhkncgeowiss/Build/Intermediates.noindex/Pods.build/Debug-iphonesimulator/ReactCodegen.build/DerivedSources
    export DEVELOPER_APPLICATIONS_DIR\=/Applications/Xcode.app/Contents/Developer/Applications
    export DEVELOPER_BIN_DIR\=/Applications/Xcode.app/Contents/Developer/usr/bin
    export DEVELOPER_DIR\=/Applications/Xcode.app/Contents/Developer
    export DEVELOPER_FRAMEWORKS_DIR\=/Applications/Xcode.app/Contents/Developer/Library/Frameworks
    export DEVELOPER_FRAMEWORKS_DIR_QUOTED\=/Applications/Xcode.app/Contents/Developer/Library/Frameworks
    export DEVELOPER_LIBRARY_DIR\=/Applications/Xcode.app/Contents/Developer/Library
    export DEVELOPER_SDK_DIR\=/Applications/Xcode.app/Contents/Developer/Platforms/MacOSX.platform/Developer/SDKs
    export DEVELOPER_TOOLS_DIR\=/Applications/Xcode.app/Contents/Developer/Tools
    export DEVELOPER_USR_DIR\=/Applications/Xcode.app/Contents/Developer/usr
    export DEVELOPMENT_LANGUAGE\=en
    export DIAGNOSE_MISSING_TARGET_DEPENDENCIES\=YES
    export DIFF\=/usr/bin/diff
    export DONT_GENERATE_INFOPLIST_FILE\=NO
    export DSTROOT\=/tmp/Pods.dst
    export DT_TOOLCHAIN_DIR\=/Applications/Xcode.app/Contents/Developer/Toolchains/XcodeDefault.xctoolchain
    export DUMP_DEPENDENCIES\=NO
    export DUMP_DEPENDENCIES_OUTPUT_PATH\=/Users/karelbraborec/Library/Developer/Xcode/DerivedData/revmeter-hbcnswmlqmbpnlazhhkncgeowiss/Build/Intermediates.noindex/Pods.build/Debug-iphonesimulator/ReactCodegen.build/ReactCodegen-BuildDependencyInfo.json
    export DWARF_DSYM_FILE_NAME\=libReactCodegen.a.dSYM
    export DWARF_DSYM_FILE_SHOULD_ACCOMPANY_PRODUCT\=NO
    export DWARF_DSYM_FOLDER_PATH\=/Users/karelbraborec/Library/Developer/Xcode/DerivedData/revmeter-hbcnswmlqmbpnlazhhkncgeowiss/Build/Products/Debug-iphonesimulator/ReactCodegen
    export DYNAMIC_LIBRARY_EXTENSION\=dylib
    export EAGER_COMPILATION_ALLOW_SCRIPTS\=NO
    export EAGER_LINKING\=NO
    export EFFECTIVE_PLATFORM_NAME\=-iphonesimulator
    export EFFECTIVE_SWIFT_VERSION\=5
    export EMBEDDED_CONTENT_CONTAINS_SWIFT\=NO
    export EMBED_ASSET_PACKS_IN_PRODUCT_BUNDLE\=NO
    export ENABLE_APP_SANDBOX\=NO
    export ENABLE_CODE_COVERAGE\=YES
    export ENABLE_COHORT_ARCHS\=NO
    export ENABLE_CPLUSPLUS_BOUNDS_SAFE_BUFFERS\=NO
    export ENABLE_C_BOUNDS_SAFETY\=NO
    export ENABLE_DEFAULT_HEADER_SEARCH_PATHS\=YES
    export ENABLE_DEFAULT_SEARCH_PATHS\=YES
    export ENABLE_ENHANCED_SECURITY\=NO
    export ENABLE_HARDENED_RUNTIME\=NO
    export ENABLE_HEADER_DEPENDENCIES\=YES
    export ENABLE_INCOMING_NETWORK_CONNECTIONS\=NO
    export ENABLE_MODULE_VERIFIER\=NO
    export ENABLE_ON_DEMAND_RESOURCES\=NO
    export ENABLE_OUTGOING_NETWORK_CONNECTIONS\=NO
    export ENABLE_POINTER_AUTHENTICATION\=NO
    export ENABLE_PREVIEWS\=NO
    export ENABLE_RESOURCE_ACCESS_AUDIO_INPUT\=NO
    export ENABLE_RESOURCE_ACCESS_BLUETOOTH\=NO
    export ENABLE_RESOURCE_ACCESS_CALENDARS\=NO
    export ENABLE_RESOURCE_ACCESS_CAMERA\=NO
    export ENABLE_RESOURCE_ACCESS_CONTACTS\=NO
    export ENABLE_RESOURCE_ACCESS_LOCATION\=NO
    export ENABLE_RESOURCE_ACCESS_PHOTO_LIBRARY\=NO
    export ENABLE_RESOURCE_ACCESS_PRINTING\=NO
    export ENABLE_RESOURCE_ACCESS_USB\=NO
    export ENABLE_SDK_IMPORTS\=NO
    export ENABLE_SECURITY_COMPILER_WARNINGS\=NO
    export ENABLE_STRICT_OBJC_MSGSEND\=YES
    export ENABLE_TESTABILITY\=YES
    export ENABLE_TESTING_SEARCH_PATHS\=NO
    export ENABLE_USER_SCRIPT_SANDBOXING\=NO
    export ENABLE_XOJIT_PREVIEWS\=YES
    export ENFORCE_VALID_ARCHS\=YES
    export ENTITLEMENTS_DESTINATION\=__entitlements
    export ENTITLEMENTS_REQUIRED\=YES
    export EXCLUDED_INSTALLSRC_SUBDIRECTORY_PATTERNS\=.DS_Store\ .svn\ .git\ .hg\ CVS
    export EXCLUDED_RECURSIVE_SEARCH_PATH_SUBDIRECTORIES\=\*.nib\ \*.lproj\ \*.framework\ \*.gch\ \*.xcode\*\ \*.xcassets\ \*.icon\ \(\*\)\ .DS_Store\ CVS\ .svn\ .git\ .hg\ \*.pbproj\ \*.pbxproj
    export EXECUTABLE_EXTENSION\=a
    export EXECUTABLE_NAME\=libReactCodegen.a
    export EXECUTABLE_PATH\=libReactCodegen.a
    export EXECUTABLE_PREFIX\=lib
    export EXECUTABLE_SUFFIX\=.a
    export FILE_LIST\=/Users/karelbraborec/Library/Developer/Xcode/DerivedData/revmeter-hbcnswmlqmbpnlazhhkncgeowiss/Build/Intermediates.noindex/Pods.build/Debug-iphonesimulator/ReactCodegen.build/Objects/LinkFileList
    export FIXED_FILES_DIR\=/Users/karelbraborec/Library/Developer/Xcode/DerivedData/revmeter-hbcnswmlqmbpnlazhhkncgeowiss/Build/Intermediates.noindex/Pods.build/Debug-iphonesimulator/ReactCodegen.build/FixedFiles
    export FRAMEWORK_FLAG_PREFIX\=-framework
    export FRAMEWORK_SEARCH_PATHS\=/Users/karelbraborec/Library/Developer/Xcode/DerivedData/revmeter-hbcnswmlqmbpnlazhhkncgeowiss/Build/Products/Debug-iphonesimulator/ReactCodegen\ \ \"/Users/karelbraborec/rev-meter/ios/Pods/React-Core-prebuilt\"\ \"/Users/karelbraborec/rev-meter/ios/Pods/ReactNativeDependencies/framework/packages/react-native\"\ \"/Users/karelbraborec/rev-meter/ios/Pods/hermes-engine/destroot/Library/Frameworks/universal\"\ \"/Users/karelbraborec/Library/Developer/Xcode/DerivedData/revmeter-hbcnswmlqmbpnlazhhkncgeowiss/Build/Products/Debug-iphonesimulator/XCFrameworkIntermediates/React-Core-prebuilt\"\ \"/Users/karelbraborec/Library/Developer/Xcode/DerivedData/revmeter-hbcnswmlqmbpnlazhhkncgeowiss/Build/Products/Debug-iphonesimulator/XCFrameworkIntermediates/ReactNativeDependencies\"\ \"/Users/karelbraborec/Library/Developer/Xcode/DerivedData/revmeter-hbcnswmlqmbpnlazhhkncgeowiss/Build/Products/Debug-iphonesimulator/XCFrameworkIntermediates/hermes-engine/Pre-built\"
    export FRAMEWORK_VERSION\=A
    export FULL_PRODUCT_NAME\=libReactCodegen.a
    export FUSE_BUILD_PHASES\=YES
    export FUSE_BUILD_SCRIPT_PHASES\=NO
    export GCC3_VERSION\=3.3
    export GCC_C_LANGUAGE_STANDARD\=gnu11
    export GCC_DYNAMIC_NO_PIC\=NO
    export GCC_NO_COMMON_BLOCKS\=YES
    export GCC_OBJC_LEGACY_DISPATCH\=YES
    export GCC_OPTIMIZATION_LEVEL\=0
    export GCC_PFE_FILE_C_DIALECTS\=c\ objective-c\ c++\ objective-c++
    export GCC_PREFIX_HEADER\=Target\ Support\ Files/ReactCodegen/ReactCodegen-prefix.pch
    export GCC_PREPROCESSOR_DEFINITIONS\=POD_CONFIGURATION_DEBUG\=1\ DEBUG\=1\ \ COCOAPODS\=1
    export GCC_TREAT_WARNINGS_AS_ERRORS\=NO
    export GCC_VERSION\=com.apple.compilers.llvm.clang.1_0
    export GCC_VERSION_IDENTIFIER\=com_apple_compilers_llvm_clang_1_0
    export GCC_WARN_64_TO_32_BIT_CONVERSION\=YES
    export GCC_WARN_ABOUT_RETURN_TYPE\=YES_ERROR
    export GCC_WARN_UNDECLARED_SELECTOR\=YES
    export GCC_WARN_UNINITIALIZED_AUTOS\=YES_AGGRESSIVE
    export GCC_WARN_UNUSED_FUNCTION\=YES
    export GCC_WARN_UNUSED_VARIABLE\=YES
    export GENERATED_MODULEMAP_DIR\=/Users/karelbraborec/Library/Developer/Xcode/DerivedData/revmeter-hbcnswmlqmbpnlazhhkncgeowiss/Build/Intermediates.noindex/GeneratedModuleMaps-iphonesimulator
    export GENERATE_INFOPLIST_FILE\=NO
    export GENERATE_INTERMEDIATE_TEXT_BASED_STUBS\=YES
    export GENERATE_PKGINFO_FILE\=NO
    export GENERATE_PRELINK_OBJECT_FILE\=NO
    export GENERATE_PROFILING_CODE\=NO
    export GENERATE_TEXT_BASED_STUBS\=NO
    export GID\=20
    export GROUP\=staff
    export HEADERMAP_INCLUDES_FLAT_ENTRIES_FOR_TARGET_BEING_BUILT\=YES
    export HEADERMAP_INCLUDES_FRAMEWORK_ENTRIES_FOR_ALL_PRODUCT_TYPES\=YES
    export HEADERMAP_INCLUDES_FRAMEWORK_ENTRIES_FOR_TARGETS_NOT_BEING_BUILT\=YES
    export HEADERMAP_INCLUDES_NONPUBLIC_NONPRIVATE_HEADERS\=YES
    export HEADERMAP_INCLUDES_PROJECT_HEADERS\=YES
    export HEADERMAP_USES_FRAMEWORK_PREFIX_ENTRIES\=YES
    export HEADERMAP_USES_VFS\=NO
    export HEADER_SEARCH_PATHS\=/Users/karelbraborec/Library/Developer/Xcode/DerivedData/revmeter-hbcnswmlqmbpnlazhhkncgeowiss/Build/Products/Debug-iphonesimulator/ReactCodegen/include\ \ \"/Users/karelbraborec/rev-meter/ios/Pods/Headers/Private\"\ \"/Users/karelbraborec/rev-meter/ios/Pods/Headers/Private/ReactCodegen\"\ \"/Users/karelbraborec/rev-meter/ios/Pods/Headers/Public\"\ \"/Users/karelbraborec/rev-meter/ios/Pods/Headers/Public/FBLazyVector\"\ \"/Users/karelbraborec/rev-meter/ios/Pods/Headers/Public/RCTRequired\"\ \"/Users/karelbraborec/rev-meter/ios/Pods/Headers/Public/RCTSwiftUIWrapper\"\ \"/Users/karelbraborec/rev-meter/ios/Pods/Headers/Public/RCTTypeSafety\"\ \"/Users/karelbraborec/rev-meter/ios/Pods/Headers/Public/React-Core\"\ \"/Users/karelbraborec/rev-meter/ios/Pods/Headers/Public/React-Core-prebuilt\"\ \"/Users/karelbraborec/rev-meter/ios/Pods/Headers/Public/React-CoreModules\"\ \"/Users/karelbraborec/rev-meter/ios/Pods/Headers/Public/React-Fabric\"\ \"/Users/karelbraborec/rev-meter/ios/Pods/Headers/Public/React-FabricComponents\"\ \"/Users/karelbraborec/rev-meter/ios/Pods/Headers/Public/React-FabricImage\"\ \"/Users/karelbraborec/rev-meter/ios/Pods/Headers/Public/React-ImageManager\"\ \"/Users/karelbraborec/rev-meter/ios/Pods/Headers/Public/React-Mapbuffer\"\ \"/Users/karelbraborec/rev-meter/ios/Pods/Headers/Public/React-NativeModulesApple\"\ \"/Users/karelbraborec/rev-meter/ios/Pods/Headers/Public/React-RCTAnimation\"\ \"/Users/karelbraborec/rev-meter/ios/Pods/Headers/Public/React-RCTBlob\"\ \"/Users/karelbraborec/rev-meter/ios/Pods/Headers/Public/React-RCTFBReactNativeSpec\"\ \"/Users/karelbraborec/rev-meter/ios/Pods/Headers/Public/React-RCTFabric\"\ \"/Users/karelbraborec/rev-meter/ios/Pods/Headers/Public/React-RCTImage\"\ \"/Users/karelbraborec/rev-meter/ios/Pods/Headers/Public/React-RCTRuntime\"\ \"/Users/karelbraborec/rev-meter/ios/Pods/Headers/Public/React-RCTText\"\ \"/Users/karelbraborec/rev-meter/ios/Pods/Headers/Public/React-RuntimeApple\"\ \"/Users/karelbraborec/rev-meter/ios/Pods/Headers/Public/React-RuntimeCore\"\ \"/Users/karelbraborec/rev-meter/ios/Pods/Headers/Public/React-RuntimeHermes\"\ \"/Users/karelbraborec/rev-meter/ios/Pods/Headers/Public/React-callinvoker\"\ \"/Users/karelbraborec/rev-meter/ios/Pods/Headers/Public/React-cxxreact\"\ \"/Users/karelbraborec/rev-meter/ios/Pods/Headers/Public/React-debug\"\ \"/Users/karelbraborec/rev-meter/ios/Pods/Headers/Public/React-defaultsnativemodule\"\ \"/Users/karelbraborec/rev-meter/ios/Pods/Headers/Public/React-domnativemodule\"\ \"/Users/karelbraborec/rev-meter/ios/Pods/Headers/Public/React-featureflags\"\ \"/Users/karelbraborec/rev-meter/ios/Pods/Headers/Public/React-featureflagsnativemodule\"\ \"/Users/karelbraborec/rev-meter/ios/Pods/Headers/Public/React-graphics\"\ \"/Users/karelbraborec/rev-meter/ios/Pods/Headers/Public/React-hermes\"\ \"/Users/karelbraborec/rev-meter/ios/Pods/Headers/Public/React-idlecallbacksnativemodule\"\ \"/Users/karelbraborec/rev-meter/ios/Pods/Headers/Public/React-intersectionobservernativemodule\"\ \"/Users/karelbraborec/rev-meter/ios/Pods/Headers/Public/React-jserrorhandler\"\ \"/Users/karelbraborec/rev-meter/ios/Pods/Headers/Public/React-jsi\"\ \"/Users/karelbraborec/rev-meter/ios/Pods/Headers/Public/React-jsiexecutor\"\ \"/Users/karelbraborec/rev-meter/ios/Pods/Headers/Public/React-jsinspector\"\ \"/Users/karelbraborec/rev-meter/ios/Pods/Headers/Public/React-jsinspectorcdp\"\ \"/Users/karelbraborec/rev-meter/ios/Pods/Headers/Public/React-jsinspectornetwork\"\ \"/Users/karelbraborec/rev-meter/ios/Pods/Headers/Public/React-jsinspectortracing\"\ \"/Users/karelbraborec/rev-meter/ios/Pods/Headers/Public/React-jsitooling\"\ \"/Users/karelbraborec/rev-meter/ios/Pods/Headers/Public/React-logger\"\ \"/Users/karelbraborec/rev-meter/ios/Pods/Headers/Public/React-microtasksnativemodule\"\ \"/Users/karelbraborec/rev-meter/ios/Pods/Headers/Public/React-mutationobservernativemodule\"\ \"/Users/karelbraborec/rev-meter/ios/Pods/Headers/Public/React-networking\"\ \"/Users/karelbraborec/rev-meter/ios/Pods/Headers/Public/React-oscompat\"\ \"/Users/karelbraborec/rev-meter/ios/Pods/Headers/Public/React-perflogger\"\ \"/Users/karelbraborec/rev-meter/ios/Pods/Headers/Public/React-performancecdpmetrics\"\ \"/Users/karelbraborec/rev-meter/ios/Pods/Headers/Public/React-performancetimeline\"\ \"/Users/karelbraborec/rev-meter/ios/Pods/Headers/Public/React-rendererconsistency\"\ \"/Users/karelbraborec/rev-meter/ios/Pods/Headers/Public/React-renderercss\"\ \"/Users/karelbraborec/rev-meter/ios/Pods/Headers/Public/React-rendererdebug\"\ \"/Users/karelbraborec/rev-meter/ios/Pods/Headers/Public/React-runtimeexecutor\"\ \"/Users/karelbraborec/rev-meter/ios/Pods/Headers/Public/React-runtimescheduler\"\ \"/Users/karelbraborec/rev-meter/ios/Pods/Headers/Public/React-timing\"\ \"/Users/karelbraborec/rev-meter/ios/Pods/Headers/Public/React-utils\"\ \"/Users/karelbraborec/rev-meter/ios/Pods/Headers/Public/React-viewtransitionnativemodule\"\ \"/Users/karelbraborec/rev-meter/ios/Pods/Headers/Public/React-webperformancenativemodule\"\ \"/Users/karelbraborec/rev-meter/ios/Pods/Headers/Public/ReactCodegen\"\ \"/Users/karelbraborec/rev-meter/ios/Pods/Headers/Public/ReactCommon\"\ \"/Users/karelbraborec/rev-meter/ios/Pods/Headers/Public/ReactNativeDependencies\"\ \"/Users/karelbraborec/rev-meter/ios/Pods/Headers/Public/Yoga\"\ \"/Users/karelbraborec/rev-meter/ios/Pods/Headers/Public/hermes-engine\"\ \"/Users/karelbraborec/rev-meter/ios/Pods/ReactNativeDependencies\"\ \"/Users/karelbraborec/rev-meter/ios/Pods/Headers/Public/ReactCodegen/react/renderer/components\"\ \"/Users/karelbraborec/rev-meter/ios/Pods/Headers/Private/React-Fabric\"\ \"/Users/karelbraborec/rev-meter/ios/Pods/Headers/Private/React-RCTFabric\"\ \"/Users/karelbraborec/rev-meter/ios/Pods/Headers/Private/Yoga\"\ \"/Users/karelbraborec/rev-meter/ios/Pods/../build/generated/ios/ReactCodegen\"\ \"/Users/karelbraborec/rev-meter/ios/Pods/ExpoModulesCore/ExpoModulesCore.xcframework/ios-arm64_x86_64-simulator/ExpoModulesCore.framework/Headers\"\ \"/Users/karelbraborec/rev-meter/ios/Pods/ExpoModulesCore/ExpoModulesCore.xcframework/ios-arm64/ExpoModulesCore.framework/Headers\"\ \"/Users/karelbraborec/rev-meter/ios/Pods/ExpoModulesCore/ExpoModulesCore.xcframework/ios-arm64_x86_64-simulator/ExpoModulesCore.framework/Headers\"\ \"/Users/karelbraborec/rev-meter/ios/Pods/ExpoModulesCore/ExpoModulesCore.xcframework/ios-arm64/ExpoModulesCore.framework/Headers\"
    export HOME\=/Users/karelbraborec
    export HOST_ARCH\=arm64
    export HOST_PLATFORM\=macosx
    export ICONV\=/usr/bin/iconv
    export IMPLICIT_DEPENDENCY_DOMAIN\=default
    export INDEX_STORE_COMPRESS\=NO
    export INDEX_STORE_ONLY_PROJECT_FILES\=NO
    export INFOPLIST_ENABLE_CFBUNDLEICONS_MERGE\=YES
    export INFOPLIST_EXPAND_BUILD_SETTINGS\=YES
    export INFOPLIST_OUTPUT_FORMAT\=binary
    export INFOPLIST_PREPROCESS\=NO
    export INLINE_PRIVATE_FRAMEWORKS\=NO
    export INSTALLAPI_IGNORE_SKIP_INSTALL\=YES
    export INSTALLHDRS_COPY_PHASE\=NO
    export INSTALLHDRS_SCRIPT_PHASE\=NO
    export INSTALL_DIR\=/tmp/Pods.dst/usr/local/lib
    export INSTALL_GROUP\=staff
    export INSTALL_MODE_FLAG\=u+w,go-w,a+rX
    export INSTALL_OWNER\=karelbraborec
    export INSTALL_PATH\=/usr/local/lib
    export INSTALL_ROOT\=/tmp/Pods.dst
    export IPHONEOS_DEPLOYMENT_TARGET\=15.1
    export IS_UNOPTIMIZED_BUILD\=YES
    export JAVAC_DEFAULT_FLAGS\=-J-Xms64m\ -J-XX:NewSize\=4M\ -J-Dfile.encoding\=UTF8
    export JAVA_APP_STUB\=/System/Library/Frameworks/JavaVM.framework/Resources/MacOS/JavaApplicationStub
    export JAVA_ARCHIVE_CLASSES\=YES
    export JAVA_ARCHIVE_TYPE\=JAR
    export JAVA_COMPILER\=/usr/bin/javac
    export JAVA_FRAMEWORK_RESOURCES_DIRS\=Resources
    export JAVA_JAR_FLAGS\=cv
    export JAVA_SOURCE_SUBDIR\=.
    export JAVA_USE_DEPENDENCIES\=YES
    export JAVA_ZIP_FLAGS\=-urg
    export JIKES_DEFAULT_FLAGS\=+E\ +OLDCSO
    export KEEP_PRIVATE_EXTERNS\=NO
    export LD_DEPENDENCY_INFO_FILE\=/Users/karelbraborec/Library/Developer/Xcode/DerivedData/revmeter-hbcnswmlqmbpnlazhhkncgeowiss/Build/Intermediates.noindex/Pods.build/Debug-iphonesimulator/ReactCodegen.build/Objects-normal/undefined_arch/ReactCodegen_dependency_info.dat
    export LD_EXPORT_SYMBOLS\=YES
    export LD_GENERATE_MAP_FILE\=NO
    export LD_MAP_FILE_PATH\=/Users/karelbraborec/Library/Developer/Xcode/DerivedData/revmeter-hbcnswmlqmbpnlazhhkncgeowiss/Build/Intermediates.noindex/Pods.build/Debug-iphonesimulator/ReactCodegen.build/ReactCodegen-LinkMap-normal-undefined_arch.txt
    export LD_NO_PIE\=NO
    export LD_QUOTE_LINKER_ARGUMENTS_FOR_COMPILER_DRIVER\=YES
    export LD_SHARED_CACHE_ELIGIBLE\=Automatic
    export LD_WARN_DUPLICATE_LIBRARIES\=NO
    export LD_WARN_UNUSED_DYLIBS\=NO
    export LEGACY_DEVELOPER_DIR\=/Applications/Xcode.app/Contents/PlugIns/Xcode3Core.ideplugin/Contents/SharedSupport/Developer
    export LEX\=lex
    export LIBRARY_DEXT_INSTALL_PATH\=/Library/DriverExtensions
    export LIBRARY_FLAG_NOSPACE\=YES
    export LIBRARY_FLAG_PREFIX\=-l
    export LIBRARY_KEXT_INSTALL_PATH\=/Library/Extensions
    export LIBRARY_SEARCH_PATHS\=/Users/karelbraborec/Library/Developer/Xcode/DerivedData/revmeter-hbcnswmlqmbpnlazhhkncgeowiss/Build/Products/Debug-iphonesimulator/ReactCodegen\ 
    export LINKER_DISPLAYS_MANGLED_NAMES\=NO
    export LINK_FILE_LIST_normal_arm64\=/Users/karelbraborec/Library/Developer/Xcode/DerivedData/revmeter-hbcnswmlqmbpnlazhhkncgeowiss/Build/Intermediates.noindex/Pods.build/Debug-iphonesimulator/ReactCodegen.build/Objects-normal/arm64/ReactCodegen.LinkFileList
    export LINK_FILE_LIST_normal_x86_64\=/Users/karelbraborec/Library/Developer/Xcode/DerivedData/revmeter-hbcnswmlqmbpnlazhhkncgeowiss/Build/Intermediates.noindex/Pods.build/Debug-iphonesimulator/ReactCodegen.build/Objects-normal/x86_64/ReactCodegen.LinkFileList
    export LINK_OBJC_RUNTIME\=YES
    export LINK_WITH_STANDARD_LIBRARIES\=YES
    export LLVM_TARGET_TRIPLE_OS_VERSION\=ios15.1
    export LLVM_TARGET_TRIPLE_SUFFIX\=-simulator
    export LLVM_TARGET_TRIPLE_VENDOR\=apple
    export LM_AUX_CONST_METADATA_LIST_PATH_normal_arm64\=/Users/karelbraborec/Library/Developer/Xcode/DerivedData/revmeter-hbcnswmlqmbpnlazhhkncgeowiss/Build/Intermediates.noindex/Pods.build/Debug-iphonesimulator/ReactCodegen.build/Objects-normal/arm64/ReactCodegen.SwiftConstValuesFileList
    export LM_AUX_CONST_METADATA_LIST_PATH_normal_x86_64\=/Users/karelbraborec/Library/Developer/Xcode/DerivedData/revmeter-hbcnswmlqmbpnlazhhkncgeowiss/Build/Intermediates.noindex/Pods.build/Debug-iphonesimulator/ReactCodegen.build/Objects-normal/x86_64/ReactCodegen.SwiftConstValuesFileList
    export LOCALIZATION_EXPORT_SUPPORTED\=YES
    export LOCALIZATION_PREFERS_STRING_CATALOGS\=NO
    export LOCALIZED_STRING_CODE_COMMENTS\=NO
    export LOCALIZED_STRING_MACRO_NAMES\=NSLocalizedString\ CFCopyLocalizedString
    export LOCALIZED_STRING_SWIFTUI_SUPPORT\=YES
    export LOCAL_ADMIN_APPS_DIR\=/Applications/Utilities
    export LOCAL_APPS_DIR\=/Applications
    export LOCAL_DEVELOPER_DIR\=/Library/Developer
    export LOCAL_LIBRARY_DIR\=/Library
    export LOCROOT\=/Users/karelbraborec/rev-meter/ios/Pods
    export LOCSYMROOT\=/Users/karelbraborec/rev-meter/ios/Pods
    export MACH_O_TYPE\=staticlib
    export MAC_OS_X_PRODUCT_BUILD_VERSION\=25F84
    export MAC_OS_X_VERSION_ACTUAL\=260502
    export MAC_OS_X_VERSION_MAJOR\=260000
    export MAC_OS_X_VERSION_MINOR\=260500
    export MAKE_MERGEABLE\=NO
    export MERGEABLE_LIBRARY\=NO
    export MERGED_BINARY_TYPE\=none
    export MERGE_LINKED_LIBRARIES\=NO
    export METAL_LIBRARY_FILE_BASE\=default
    export METAL_LIBRARY_OUTPUT_DIR\=/Users/karelbraborec/Library/Developer/Xcode/DerivedData/revmeter-hbcnswmlqmbpnlazhhkncgeowiss/Build/Products/Debug-iphonesimulator/ReactCodegen/
    export MODULEMAP_FILE\=Headers/Public/ReactCodegen/ReactCodegen.modulemap
    export MODULE_CACHE_DIR\=/Users/karelbraborec/Library/Developer/Xcode/DerivedData/ModuleCache.noindex
    export MTL_ENABLE_DEBUG_INFO\=INCLUDE_SOURCE
    export MTL_FAST_MATH\=YES
    export NATIVE_ARCH\=arm64
    export NATIVE_ARCH_32_BIT\=arm
    export NATIVE_ARCH_64_BIT\=arm64
    export NATIVE_ARCH_ACTUAL\=arm64
    export NO_COMMON\=YES
    export OBJC_ABI_VERSION\=2
    export OBJECT_FILE_DIR\=/Users/karelbraborec/Library/Developer/Xcode/DerivedData/revmeter-hbcnswmlqmbpnlazhhkncgeowiss/Build/Intermediates.noindex/Pods.build/Debug-iphonesimulator/ReactCodegen.build/Objects
    export OBJECT_FILE_DIR_normal\=/Users/karelbraborec/Library/Developer/Xcode/DerivedData/revmeter-hbcnswmlqmbpnlazhhkncgeowiss/Build/Intermediates.noindex/Pods.build/Debug-iphonesimulator/ReactCodegen.build/Objects-normal
    export OBJROOT\=/Users/karelbraborec/Library/Developer/Xcode/DerivedData/revmeter-hbcnswmlqmbpnlazhhkncgeowiss/Build/Intermediates.noindex
    export ONLY_ACTIVE_ARCH\=NO
    export OS\=MACOS
    export OSAC\=/usr/bin/osacompile
    export OTHER_CFLAGS\=\ -DRCT_REMOVE_LEGACY_ARCH\=1\ -ivfsoverlay\ /Users/karelbraborec/rev-meter/ios/Pods/React-Core-prebuilt/React-VFS.yaml
    export OTHER_CPLUSPLUSFLAGS\=\ -DRCT_REMOVE_LEGACY_ARCH\=1\ -ivfsoverlay\ /Users/karelbraborec/rev-meter/ios/Pods/React-Core-prebuilt/React-VFS.yaml\ -DRCT_REMOVE_LEGACY_ARCH\=1\ -DFOLLY_MOBILE\=1\ -DFOLLY_USE_LIBCPP\=1\ -DFOLLY_CFG_NO_COROUTINES\=1\ -DFOLLY_HAVE_CLOCK_GETTIME\=1\ -Wno-comma\ -Wno-shorten-64-to-32\ -Wno-documentation\ -ivfsoverlay\ /Users/karelbraborec/rev-meter/ios/Pods/React-Core-prebuilt/React-VFS.yaml
    export OTHER_SWIFT_FLAGS\=\ -Xcc\ -ivfsoverlay\ -Xcc\ /Users/karelbraborec/rev-meter/ios/Pods/React-Core-prebuilt/React-VFS.yaml
    export PACKAGE_TYPE\=com.apple.package-type.static-library
    export PASCAL_STRINGS\=YES
    export PATH\=/Applications/Xcode.app/Contents/SharedFrameworks/SwiftBuild.framework/Versions/A/PlugIns/SWBBuildService.bundle/Contents/PlugIns/SWBUniversalPlatformPlugin.bundle/Contents/Frameworks/SWBUniversalPlatform.framework/Resources:/Applications/Xcode.app/Contents/Developer/Toolchains/XcodeDefault.xctoolchain/usr/bin:/Applications/Xcode.app/Contents/Developer/Toolchains/XcodeDefault.xctoolchain/usr/local/bin:/Applications/Xcode.app/Contents/Developer/Toolchains/XcodeDefault.xctoolchain/usr/libexec:/Applications/Xcode.app/Contents/Developer/Platforms/iPhoneSimulator.platform/usr/bin:/Applications/Xcode.app/Contents/Developer/Platforms/iPhoneSimulator.platform/usr/local/bin:/Applications/Xcode.app/Contents/Developer/Platforms/iPhoneSimulator.platform/Developer/usr/bin:/Applications/Xcode.app/Contents/Developer/Platforms/iPhoneSimulator.platform/Developer/usr/local/bin:/Applications/Xcode.app/Contents/Developer/usr/bin:/Applications/Xcode.app/Contents/Developer/usr/local/bin:/Users/karelbraborec/.gemini/antigravity-ide/bin:/usr/local/bin:/System/Cryptexes/App/usr/bin:/usr/bin:/bin:/usr/sbin:/sbin:/var/run/com.apple.security.cryptexd/codex.system/bootstrap/usr/local/bin:/var/run/com.apple.security.cryptexd/codex.system/bootstrap/usr/bin:/var/run/com.apple.security.cryptexd/codex.system/bootstrap/usr/appleinternal/bin:/pkg/env/global/bin:/Library/Apple/usr/bin:/opt/homebrew/bin
    export PATH_PREFIXES_EXCLUDED_FROM_HEADER_DEPENDENCIES\=/usr/include\ /usr/local/include\ /System/Library/Frameworks\ /System/Library/PrivateFrameworks\ /Applications/Xcode.app/Contents/Developer/Headers\ /Applications/Xcode.app/Contents/Developer/SDKs\ /Applications/Xcode.app/Contents/Developer/Platforms
    export PER_ARCH_MODULE_FILE_DIR\=/Users/karelbraborec/Library/Developer/Xcode/DerivedData/revmeter-hbcnswmlqmbpnlazhhkncgeowiss/Build/Intermediates.noindex/Pods.build/Debug-iphonesimulator/ReactCodegen.build/Objects-normal/undefined_arch
    export PER_ARCH_OBJECT_FILE_DIR\=/Users/karelbraborec/Library/Developer/Xcode/DerivedData/revmeter-hbcnswmlqmbpnlazhhkncgeowiss/Build/Intermediates.noindex/Pods.build/Debug-iphonesimulator/ReactCodegen.build/Objects-normal/undefined_arch
    export PER_VARIANT_OBJECT_FILE_DIR\=/Users/karelbraborec/Library/Developer/Xcode/DerivedData/revmeter-hbcnswmlqmbpnlazhhkncgeowiss/Build/Intermediates.noindex/Pods.build/Debug-iphonesimulator/ReactCodegen.build/Objects-normal
    export PKGINFO_FILE_PATH\=/Users/karelbraborec/Library/Developer/Xcode/DerivedData/revmeter-hbcnswmlqmbpnlazhhkncgeowiss/Build/Intermediates.noindex/Pods.build/Debug-iphonesimulator/ReactCodegen.build/PkgInfo
    export PLATFORM_DEVELOPER_APPLICATIONS_DIR\=/Applications/Xcode.app/Contents/Developer/Platforms/iPhoneSimulator.platform/Developer/Applications
    export PLATFORM_DEVELOPER_BIN_DIR\=/Applications/Xcode.app/Contents/Developer/Platforms/iPhoneSimulator.platform/Developer/usr/bin
    export PLATFORM_DEVELOPER_LIBRARY_DIR\=/Applications/Xcode.app/Contents/Developer/Platforms/iPhoneSimulator.platform/Developer/Library
    export PLATFORM_DEVELOPER_SDK_DIR\=/Applications/Xcode.app/Contents/Developer/Platforms/iPhoneSimulator.platform/Developer/SDKs
    export PLATFORM_DEVELOPER_TOOLS_DIR\=/Applications/Xcode.app/Contents/Developer/Platforms/iPhoneSimulator.platform/Developer/Tools
    export PLATFORM_DEVELOPER_USR_DIR\=/Applications/Xcode.app/Contents/Developer/Platforms/iPhoneSimulator.platform/Developer/usr
    export PLATFORM_DIR\=/Applications/Xcode.app/Contents/Developer/Platforms/iPhoneSimulator.platform
    export PLATFORM_DISPLAY_NAME\=iOS\ Simulator
    export PLATFORM_FAMILY_NAME\=iOS
    export PLATFORM_NAME\=iphonesimulator
    export PLATFORM_PREFERRED_ARCH\=x86_64
    export PLATFORM_PRODUCT_BUILD_VERSION\=23F81a
    export PLATFORM_REQUIRES_SWIFT_AUTOLINK_EXTRACT\=NO
    export PLATFORM_REQUIRES_SWIFT_MODULEWRAP\=NO
    export PLATFORM_USES_DSYMS\=YES
    export PLIST_FILE_OUTPUT_FORMAT\=binary
    export PODFILE_DIR\=/Users/karelbraborec/rev-meter/ios/Pods/..
    export PODS_BUILD_DIR\=/Users/karelbraborec/Library/Developer/Xcode/DerivedData/revmeter-hbcnswmlqmbpnlazhhkncgeowiss/Build/Products
    export PODS_CONFIGURATION_BUILD_DIR\=/Users/karelbraborec/Library/Developer/Xcode/DerivedData/revmeter-hbcnswmlqmbpnlazhhkncgeowiss/Build/Products/Debug-iphonesimulator
    export PODS_DEVELOPMENT_LANGUAGE\=en
    export PODS_ROOT\=/Users/karelbraborec/rev-meter/ios/Pods
    export PODS_TARGET_SRCROOT\=/Users/karelbraborec/rev-meter/ios/Pods/../build/generated/ios/ReactCodegen
    export PODS_XCFRAMEWORKS_BUILD_DIR\=/Users/karelbraborec/Library/Developer/Xcode/DerivedData/revmeter-hbcnswmlqmbpnlazhhkncgeowiss/Build/Products/Debug-iphonesimulator/XCFrameworkIntermediates
    export PRECOMPS_INCLUDE_HEADERS_FROM_BUILT_PRODUCTS_DIR\=YES
    export PRECOMP_DESTINATION_DIR\=/Users/karelbraborec/Library/Developer/Xcode/DerivedData/revmeter-hbcnswmlqmbpnlazhhkncgeowiss/Build/Intermediates.noindex/Pods.build/Debug-iphonesimulator/ReactCodegen.build/PrefixHeaders
    export PROCESSED_INFOPLIST_PATH\=/Users/karelbraborec/Library/Developer/Xcode/DerivedData/revmeter-hbcnswmlqmbpnlazhhkncgeowiss/Build/Intermediates.noindex/Pods.build/Debug-iphonesimulator/ReactCodegen.build/Objects-normal/undefined_arch/Processed-Info.plist
    export PRODUCT_BUNDLE_IDENTIFIER\=org.cocoapods.ReactCodegen
    export PRODUCT_MODULE_NAME\=ReactCodegen
    export PRODUCT_NAME\=ReactCodegen
    export PRODUCT_SETTINGS_PATH\=
    export PRODUCT_TYPE\=com.apple.product-type.library.static
    export PROFILING_CODE\=NO
    export PROJECT\=Pods
    export PROJECT_DERIVED_FILE_DIR\=/Users/karelbraborec/Library/Developer/Xcode/DerivedData/revmeter-hbcnswmlqmbpnlazhhkncgeowiss/Build/Intermediates.noindex/Pods.build/DerivedSources
    export PROJECT_DIR\=/Users/karelbraborec/rev-meter/ios/Pods
    export PROJECT_FILE_PATH\=/Users/karelbraborec/rev-meter/ios/Pods/Pods.xcodeproj
    export PROJECT_GUID\=8699adb1dd336b26511df848a716bd42
    export PROJECT_NAME\=Pods
    export PROJECT_TEMP_DIR\=/Users/karelbraborec/Library/Developer/Xcode/DerivedData/revmeter-hbcnswmlqmbpnlazhhkncgeowiss/Build/Intermediates.noindex/Pods.build
    export PROJECT_TEMP_ROOT\=/Users/karelbraborec/Library/Developer/Xcode/DerivedData/revmeter-hbcnswmlqmbpnlazhhkncgeowiss/Build/Intermediates.noindex
    export REACT_NATIVE_PATH\=/Users/karelbraborec/rev-meter/ios/Pods/../../node_modules/react-native
    export RECOMMENDED_IPHONEOS_DEPLOYMENT_TARGET\=15.0
    export RECURSIVE_SEARCH_PATHS_FOLLOW_SYMLINKS\=YES
    export REMOVE_CVS_FROM_RESOURCES\=YES
    export REMOVE_GIT_FROM_RESOURCES\=YES
    export REMOVE_HEADERS_FROM_EMBEDDED_BUNDLES\=YES
    export REMOVE_HG_FROM_RESOURCES\=YES
    export REMOVE_STATIC_EXECUTABLES_FROM_EMBEDDED_BUNDLES\=YES
    export REMOVE_SVN_FROM_RESOURCES\=YES
    export RESCHEDULE_INDEPENDENT_HEADERS_PHASES\=YES
    export REZ_COLLECTOR_DIR\=/Users/karelbraborec/Library/Developer/Xcode/DerivedData/revmeter-hbcnswmlqmbpnlazhhkncgeowiss/Build/Intermediates.noindex/Pods.build/Debug-iphonesimulator/ReactCodegen.build/ResourceManagerResources
    export REZ_EXECUTABLE\=YES
    export REZ_OBJECTS_DIR\=/Users/karelbraborec/Library/Developer/Xcode/DerivedData/revmeter-hbcnswmlqmbpnlazhhkncgeowiss/Build/Intermediates.noindex/Pods.build/Debug-iphonesimulator/ReactCodegen.build/ResourceManagerResources/Objects
    export REZ_SEARCH_PATHS\=/Users/karelbraborec/Library/Developer/Xcode/DerivedData/revmeter-hbcnswmlqmbpnlazhhkncgeowiss/Build/Products/Debug-iphonesimulator/ReactCodegen\ 
    export RPATH_ORIGIN\=@loader_path
    export RUNTIME_EXCEPTION_ALLOW_DYLD_ENVIRONMENT_VARIABLES\=NO
    export RUNTIME_EXCEPTION_ALLOW_JIT\=NO
    export RUNTIME_EXCEPTION_ALLOW_UNSIGNED_EXECUTABLE_MEMORY\=NO
    export RUNTIME_EXCEPTION_DEBUGGING_TOOL\=NO
    export RUNTIME_EXCEPTION_DISABLE_EXECUTABLE_PAGE_PROTECTION\=NO
    export RUNTIME_EXCEPTION_DISABLE_LIBRARY_VALIDATION\=NO
    export SCANNING_PCM_KEEP_CACHE_DIRECTORY\=YES
    export SCAN_ALL_SOURCE_FILES_FOR_INCLUDES\=NO
    export SCRIPT_INPUT_FILE_0\=/Users/karelbraborec/rev-meter/ios/build/generated/autolinking/autolinking.json
    export SCRIPT_INPUT_FILE_COUNT\=1
    export SCRIPT_INPUT_FILE_LIST_COUNT\=0
    export SCRIPT_OUTPUT_FILE_0\=/Users/karelbraborec/Library/Developer/Xcode/DerivedData/revmeter-hbcnswmlqmbpnlazhhkncgeowiss/Build/Intermediates.noindex/Pods.build/Debug-iphonesimulator/ReactCodegen.build/DerivedSources/expo-codegen-cleanup.stamp
    export SCRIPT_OUTPUT_FILE_COUNT\=1
    export SCRIPT_OUTPUT_FILE_LIST_COUNT\=0
    export SDKROOT\=/Applications/Xcode.app/Contents/Developer/Platforms/iPhoneSimulator.platform/Developer/SDKs/iPhoneSimulator26.5.sdk
    export SDK_DIR\=/Applications/Xcode.app/Contents/Developer/Platforms/iPhoneSimulator.platform/Developer/SDKs/iPhoneSimulator26.5.sdk
    export SDK_DIR_iphonesimulator\=/Applications/Xcode.app/Contents/Developer/Platforms/iPhoneSimulator.platform/Developer/SDKs/iPhoneSimulator26.5.sdk
    export SDK_DIR_iphonesimulator26_5\=/Applications/Xcode.app/Contents/Developer/Platforms/iPhoneSimulator.platform/Developer/SDKs/iPhoneSimulator26.5.sdk
    export SDK_NAME\=iphonesimulator26.5
    export SDK_NAMES\=iphonesimulator26.5
    export SDK_PRODUCT_BUILD_VERSION\=23F81a
    export SDK_STAT_CACHE_DIR\=/Users/karelbraborec/Library/Developer/Xcode/DerivedData
    export SDK_STAT_CACHE_ENABLE\=YES
    export SDK_STAT_CACHE_PATH\=/Users/karelbraborec/Library/Developer/Xcode/DerivedData/SDKStatCaches.noindex/iphonesimulator26.5-23F81a-6cfe768891a92b912361537c460fe42b.sdkstatcache
    export SDK_VERSION\=26.5
    export SDK_VERSION_ACTUAL\=260500
    export SDK_VERSION_MAJOR\=260000
    export SDK_VERSION_MINOR\=260500
    export SED\=/usr/bin/sed
    export SEPARATE_STRIP\=NO
    export SEPARATE_SYMBOL_EDIT\=NO
    export SET_DIR_MODE_OWNER_GROUP\=YES
    export SET_FILE_MODE_OWNER_GROUP\=NO
    export SHALLOW_BUNDLE\=NO
    export SHARED_DERIVED_FILE_DIR\=/Users/karelbraborec/Library/Developer/Xcode/DerivedData/revmeter-hbcnswmlqmbpnlazhhkncgeowiss/Build/Products/Debug-iphonesimulator/ReactCodegen/DerivedSources
    export SHARED_PRECOMPS_DIR\=/Users/karelbraborec/Library/Developer/Xcode/DerivedData/revmeter-hbcnswmlqmbpnlazhhkncgeowiss/Build/Intermediates.noindex/PrecompiledHeaders
    export SKIP_INSTALL\=YES
    export SKIP_MERGEABLE_LIBRARY_BUNDLE_HOOK\=NO
    export SOURCE_ROOT\=/Users/karelbraborec/rev-meter/ios/Pods
    export SRCROOT\=/Users/karelbraborec/rev-meter/ios/Pods
    export STRINGSDATA_DIR\=/Users/karelbraborec/Library/Developer/Xcode/DerivedData/revmeter-hbcnswmlqmbpnlazhhkncgeowiss/Build/Intermediates.noindex/Pods.build/Debug-iphonesimulator/ReactCodegen.build/Objects-normal/undefined_arch
    export STRINGSDATA_ROOT\=/Users/karelbraborec/Library/Developer/Xcode/DerivedData/revmeter-hbcnswmlqmbpnlazhhkncgeowiss/Build/Intermediates.noindex/Pods.build/Debug-iphonesimulator/ReactCodegen.build
    export STRINGS_FILE_INFOPLIST_RENAME\=YES
    export STRINGS_FILE_OUTPUT_ENCODING\=binary
    export STRING_CATALOG_GENERATE_SYMBOLS\=NO
    export STRIP_BITCODE_FROM_COPIED_FILES\=NO
    export STRIP_INSTALLED_PRODUCT\=NO
    export STRIP_STYLE\=debugging
    export STRIP_SWIFT_SYMBOLS\=YES
    export SUPPORTED_DEVICE_FAMILIES\=1,2
    export SUPPORTED_PLATFORMS\=iphoneos\ iphonesimulator
    export SUPPORTS_TEXT_BASED_API\=NO
    export SUPPRESS_WARNINGS\=NO
    export SWIFT_ACTIVE_COMPILATION_CONDITIONS\=\ DEBUG\ 
    export SWIFT_EMIT_CONST_VALUE_PROTOCOLS\=AnyResolverProviding\ AppEntity\ AppEnum\ AppExtension\ AppIntent\ AppIntentsPackage\ AppShortcutProviding\ AppShortcutsProvider\ AppUnionValue\ AppUnionValueCasesProviding\ DynamicOptionsProvider\ EntityQuery\ ExtensionPointDefining\ IntentValueQuery\ Resolver\ TransientEntity\ _AssistantIntentsProvider\ _GenerativeFunctionExtractable\ _IntentValueRepresentable
    export SWIFT_EMIT_LOC_STRINGS\=NO
    export SWIFT_EMIT_MODULE_INTERFACE\=NO
    export SWIFT_ENABLE_EXPLICIT_MODULES\=NO
    export SWIFT_INSTALL_OBJC_HEADER\=YES
    export SWIFT_OPTIMIZATION_LEVEL\=-Onone
    export SWIFT_PLATFORM_TARGET_PREFIX\=ios
    export SWIFT_RESPONSE_FILE_PATH_normal_arm64\=/Users/karelbraborec/Library/Developer/Xcode/DerivedData/revmeter-hbcnswmlqmbpnlazhhkncgeowiss/Build/Intermediates.noindex/Pods.build/Debug-iphonesimulator/ReactCodegen.build/Objects-normal/arm64/ReactCodegen.SwiftFileList
    export SWIFT_RESPONSE_FILE_PATH_normal_x86_64\=/Users/karelbraborec/Library/Developer/Xcode/DerivedData/revmeter-hbcnswmlqmbpnlazhhkncgeowiss/Build/Intermediates.noindex/Pods.build/Debug-iphonesimulator/ReactCodegen.build/Objects-normal/x86_64/ReactCodegen.SwiftFileList
    export SWIFT_VERSION\=5.0
    export SYMROOT\=/Users/karelbraborec/Library/Developer/Xcode/DerivedData/revmeter-hbcnswmlqmbpnlazhhkncgeowiss/Build/Products
    export SYSTEM_ADMIN_APPS_DIR\=/Applications/Utilities
    export SYSTEM_APPS_DIR\=/Applications
    export SYSTEM_CORE_SERVICES_DIR\=/System/Library/CoreServices
    export SYSTEM_DEMOS_DIR\=/Applications/Extras
    export SYSTEM_DEVELOPER_APPS_DIR\=/Applications/Xcode.app/Contents/Developer/Applications
    export SYSTEM_DEVELOPER_BIN_DIR\=/Applications/Xcode.app/Contents/Developer/usr/bin
    export SYSTEM_DEVELOPER_DEMOS_DIR\=/Applications/Xcode.app/Contents/Developer/Applications/Utilities/Built\ Examples
    export SYSTEM_DEVELOPER_DIR\=/Applications/Xcode.app/Contents/Developer
    export SYSTEM_DEVELOPER_DOC_DIR\=/Applications/Xcode.app/Contents/Developer/ADC\ Reference\ Library
    export SYSTEM_DEVELOPER_GRAPHICS_TOOLS_DIR\=/Applications/Xcode.app/Contents/Developer/Applications/Graphics\ Tools
    export SYSTEM_DEVELOPER_JAVA_TOOLS_DIR\=/Applications/Xcode.app/Contents/Developer/Applications/Java\ Tools
    export SYSTEM_DEVELOPER_PERFORMANCE_TOOLS_DIR\=/Applications/Xcode.app/Contents/Developer/Applications/Performance\ Tools
    export SYSTEM_DEVELOPER_RELEASENOTES_DIR\=/Applications/Xcode.app/Contents/Developer/ADC\ Reference\ Library/releasenotes
    export SYSTEM_DEVELOPER_TOOLS\=/Applications/Xcode.app/Contents/Developer/Tools
    export SYSTEM_DEVELOPER_TOOLS_DOC_DIR\=/Applications/Xcode.app/Contents/Developer/ADC\ Reference\ Library/documentation/DeveloperTools
    export SYSTEM_DEVELOPER_TOOLS_RELEASENOTES_DIR\=/Applications/Xcode.app/Contents/Developer/ADC\ Reference\ Library/releasenotes/DeveloperTools
    export SYSTEM_DEVELOPER_USR_DIR\=/Applications/Xcode.app/Contents/Developer/usr
    export SYSTEM_DEVELOPER_UTILITIES_DIR\=/Applications/Xcode.app/Contents/Developer/Applications/Utilities
    export SYSTEM_DEXT_INSTALL_PATH\=/System/Library/DriverExtensions
    export SYSTEM_DOCUMENTATION_DIR\=/Library/Documentation
    export SYSTEM_KEXT_INSTALL_PATH\=/System/Library/Extensions
    export SYSTEM_LIBRARY_DIR\=/System/Library
    export TAPI_DEMANGLE\=YES
    export TAPI_ENABLE_PROJECT_HEADERS\=NO
    export TAPI_LANGUAGE\=objective-c
    export TAPI_LANGUAGE_STANDARD\=compiler-default
    export TAPI_USE_SRCROOT\=YES
    export TAPI_VERIFY_MODE\=Pedantic
    export TARGETED_DEVICE_FAMILY\=1,2
    export TARGETNAME\=ReactCodegen
    export TARGET_BUILD_DIR\=/Users/karelbraborec/Library/Developer/Xcode/DerivedData/revmeter-hbcnswmlqmbpnlazhhkncgeowiss/Build/Products/Debug-iphonesimulator/ReactCodegen
    export TARGET_NAME\=ReactCodegen
    export TARGET_TEMP_DIR\=/Users/karelbraborec/Library/Developer/Xcode/DerivedData/revmeter-hbcnswmlqmbpnlazhhkncgeowiss/Build/Intermediates.noindex/Pods.build/Debug-iphonesimulator/ReactCodegen.build
    export TEMP_DIR\=/Users/karelbraborec/Library/Developer/Xcode/DerivedData/revmeter-hbcnswmlqmbpnlazhhkncgeowiss/Build/Intermediates.noindex/Pods.build/Debug-iphonesimulator/ReactCodegen.build
    export TEMP_FILES_DIR\=/Users/karelbraborec/Library/Developer/Xcode/DerivedData/revmeter-hbcnswmlqmbpnlazhhkncgeowiss/Build/Intermediates.noindex/Pods.build/Debug-iphonesimulator/ReactCodegen.build
    export TEMP_FILE_DIR\=/Users/karelbraborec/Library/Developer/Xcode/DerivedData/revmeter-hbcnswmlqmbpnlazhhkncgeowiss/Build/Intermediates.noindex/Pods.build/Debug-iphonesimulator/ReactCodegen.build
    export TEMP_ROOT\=/Users/karelbraborec/Library/Developer/Xcode/DerivedData/revmeter-hbcnswmlqmbpnlazhhkncgeowiss/Build/Intermediates.noindex
    export TEMP_SANDBOX_DIR\=/Users/karelbraborec/Library/Developer/Xcode/DerivedData/revmeter-hbcnswmlqmbpnlazhhkncgeowiss/Build/Intermediates.noindex/TemporaryTaskSandboxes
    export TEST_FRAMEWORK_SEARCH_PATHS\=\ /Applications/Xcode.app/Contents/Developer/Platforms/iPhoneSimulator.platform/Developer/Library/Frameworks\ /Applications/Xcode.app/Contents/Developer/Platforms/iPhoneSimulator.platform/Developer/SDKs/iPhoneSimulator26.5.sdk/Developer/Library/Frameworks
    export TEST_LIBRARY_SEARCH_PATHS\=\ /Applications/Xcode.app/Contents/Developer/Platforms/iPhoneSimulator.platform/Developer/usr/lib
    export TOOLCHAINS\=com.apple.dt.toolchain.XcodeDefault
    export TOOLCHAIN_DIR\=/Applications/Xcode.app/Contents/Developer/Toolchains/XcodeDefault.xctoolchain
    export TREAT_MISSING_BASELINES_AS_TEST_FAILURES\=NO
    export TREAT_MISSING_SCRIPT_PHASE_OUTPUTS_AS_ERRORS\=NO
    export UID\=501
    export UNINSTALLED_PRODUCTS_DIR\=/Users/karelbraborec/Library/Developer/Xcode/DerivedData/revmeter-hbcnswmlqmbpnlazhhkncgeowiss/Build/Intermediates.noindex/UninstalledProducts
    export UNSTRIPPED_PRODUCT\=NO
    export USER\=karelbraborec
    export USER_APPS_DIR\=/Users/karelbraborec/Applications
    export USER_LIBRARY_DIR\=/Users/karelbraborec/Library
    export USE_DYNAMIC_NO_PIC\=YES
    export USE_HEADERMAP\=YES
    export USE_HEADER_SYMLINKS\=NO
    export USE_HERMES\=true
    export USE_RECURSIVE_SCRIPT_INPUTS_IN_SCRIPT_PHASES\=YES
    export VALIDATE_DEVELOPMENT_ASSET_PATHS\=YES_ERROR
    export VALIDATE_PRODUCT\=NO
    export VALID_ARCHS\=arm64\ x86_64
    export VERBOSE_PBXCP\=NO
    export VERSION_INFO_BUILDER\=karelbraborec
    export VERSION_INFO_FILE\=ReactCodegen_vers.c
    export VERSION_INFO_STRING\=\"@\(\#\)PROGRAM:ReactCodegen\ \ PROJECT:Pods-\"
    export WORKSPACE_DIR\=/Users/karelbraborec/rev-meter/ios
    export WRAP_ASSET_PACKS_IN_SEPARATE_DIRECTORIES\=NO
    export XCODE_APP_SUPPORT_DIR\=/Applications/Xcode.app/Contents/Developer/Library/Xcode
    export XCODE_PRODUCT_BUILD_VERSION\=17F113
    export XCODE_VERSION_ACTUAL\=2660
    export XCODE_VERSION_MAJOR\=2600
    export XCODE_VERSION_MINOR\=2660
    export XPCSERVICES_FOLDER_PATH\=/XPCServices
    export YACC\=yacc
    export _DISCOVER_COMMAND_LINE_LINKER_INPUTS\=YES
    export _DISCOVER_COMMAND_LINE_LINKER_INPUTS_INCLUDE_WL\=YES
    export _LD_MULTIARCH\=YES
    export __DIAGNOSE_DEPRECATED_ARCHS\=YES
    export __ORIGINAL_SDK_DEFINED_LLVM_TARGET_TRIPLE_SYS\=ios
    export arch\=undefined_arch
    export variant\=normal
    /bin/sh -c /Users/karelbraborec/Library/Developer/Xcode/DerivedData/revmeter-hbcnswmlqmbpnlazhhkncgeowiss/Build/Intermediates.noindex/Pods.build/Debug-iphonesimulator/ReactCodegen.build/Script-46EB2E00026BF0.sh

PrecompileModule /Users/karelbraborec/Library/Developer/Xcode/DerivedData/revmeter-hbcnswmlqmbpnlazhhkncgeowiss/Build/Intermediates.noindex/ExplicitPrecompiledModules/Foundation-AYNY04LQJYQEQ432XQKHFAPX8.scan
    cd /
    builtin-precompileModule /Users/karelbraborec/Library/Developer/Xcode/DerivedData/revmeter-hbcnswmlqmbpnlazhhkncgeowiss/Build/Intermediates.noindex/ExplicitPrecompiledModules/Foundation-AYNY04LQJYQEQ432XQKHFAPX8.scan

PrecompileModule /Users/karelbraborec/Library/Developer/Xcode/DerivedData/revmeter-hbcnswmlqmbpnlazhhkncgeowiss/Build/Intermediates.noindex/ExplicitPrecompiledModules/CoreText-17UQDPMLPGCKB70OALOLJ55FI.scan
    cd /
    builtin-precompileModule /Users/karelbraborec/Library/Developer/Xcode/DerivedData/revmeter-hbcnswmlqmbpnlazhhkncgeowiss/Build/Intermediates.noindex/ExplicitPrecompiledModules/CoreText-17UQDPMLPGCKB70OALOLJ55FI.scan

PrecompileModule /Users/karelbraborec/Library/Developer/Xcode/DerivedData/revmeter-hbcnswmlqmbpnlazhhkncgeowiss/Build/Intermediates.noindex/ExplicitPrecompiledModules/ImageIO-160XMWKMO5N5OL3A1CRVJM92I.scan
    cd /
    builtin-precompileModule /Users/karelbraborec/Library/Developer/Xcode/DerivedData/revmeter-hbcnswmlqmbpnlazhhkncgeowiss/Build/Intermediates.noindex/ExplicitPrecompiledModules/ImageIO-160XMWKMO5N5OL3A1CRVJM92I.scan

PrecompileModule /Users/karelbraborec/Library/Developer/Xcode/DerivedData/revmeter-hbcnswmlqmbpnlazhhkncgeowiss/Build/Intermediates.noindex/ExplicitPrecompiledModules/IOSurface-AVW0W8BNIKTNXQN26UOID2XW.scan
    cd /
    builtin-precompileModule /Users/karelbraborec/Library/Developer/Xcode/DerivedData/revmeter-hbcnswmlqmbpnlazhhkncgeowiss/Build/Intermediates.noindex/ExplicitPrecompiledModules/IOSurface-AVW0W8BNIKTNXQN26UOID2XW.scan

PrecompileModule /Users/karelbraborec/Library/Developer/Xcode/DerivedData/revmeter-hbcnswmlqmbpnlazhhkncgeowiss/Build/Intermediates.noindex/ExplicitPrecompiledModules/Symbols-2W3XZBL7HV69XGIRBGWPNIBO1.scan
    cd /
    builtin-precompileModule /Users/karelbraborec/Library/Developer/Xcode/DerivedData/revmeter-hbcnswmlqmbpnlazhhkncgeowiss/Build/Intermediates.noindex/ExplicitPrecompiledModules/Symbols-2W3XZBL7HV69XGIRBGWPNIBO1.scan

PrecompileModule /Users/karelbraborec/Library/Developer/Xcode/DerivedData/revmeter-hbcnswmlqmbpnlazhhkncgeowiss/Build/Intermediates.noindex/ExplicitPrecompiledModules/OpenGLES-8VZ4C9H23OXIYL1QVW5GXXL01.scan
    cd /
    builtin-precompileModule /Users/karelbraborec/Library/Developer/Xcode/DerivedData/revmeter-hbcnswmlqmbpnlazhhkncgeowiss/Build/Intermediates.noindex/ExplicitPrecompiledModules/OpenGLES-8VZ4C9H23OXIYL1QVW5GXXL01.scan

PrecompileModule /Users/karelbraborec/Library/Developer/Xcode/DerivedData/revmeter-hbcnswmlqmbpnlazhhkncgeowiss/Build/Intermediates.noindex/ExplicitPrecompiledModules/UIUtilities-ASSMSBJMCZD3ICPP3EX3A01HB.scan
    cd /
    builtin-precompileModule /Users/karelbraborec/Library/Developer/Xcode/DerivedData/revmeter-hbcnswmlqmbpnlazhhkncgeowiss/Build/Intermediates.noindex/ExplicitPrecompiledModules/UIUtilities-ASSMSBJMCZD3ICPP3EX3A01HB.scan

PrecompileModule /Users/karelbraborec/Library/Developer/Xcode/DerivedData/revmeter-hbcnswmlqmbpnlazhhkncgeowiss/Build/Intermediates.noindex/ExplicitPrecompiledModules/UserNotifications-6JSFWRNS6ZDCCB8FN6CT07804.scan
    cd /
    builtin-precompileModule /Users/karelbraborec/Library/Developer/Xcode/DerivedData/revmeter-hbcnswmlqmbpnlazhhkncgeowiss/Build/Intermediates.noindex/ExplicitPrecompiledModules/UserNotifications-6JSFWRNS6ZDCCB8FN6CT07804.scan

PrecompileModule /Users/karelbraborec/Library/Developer/Xcode/DerivedData/revmeter-hbcnswmlqmbpnlazhhkncgeowiss/Build/Intermediates.noindex/ExplicitPrecompiledModules/FileProvider-8BV37D5MDI1IOEIZHLUQU60L.scan
    cd /
    builtin-precompileModule /Users/karelbraborec/Library/Developer/Xcode/DerivedData/revmeter-hbcnswmlqmbpnlazhhkncgeowiss/Build/Intermediates.noindex/ExplicitPrecompiledModules/FileProvider-8BV37D5MDI1IOEIZHLUQU60L.scan

PrecompileModule /Users/karelbraborec/Library/Developer/Xcode/DerivedData/revmeter-hbcnswmlqmbpnlazhhkncgeowiss/Build/Intermediates.noindex/ExplicitPrecompiledModules/Metal-PYJANBLD3ZHIINKWCRCW0GK9.scan
    cd /
    builtin-precompileModule /Users/karelbraborec/Library/Developer/Xcode/DerivedData/revmeter-hbcnswmlqmbpnlazhhkncgeowiss/Build/Intermediates.noindex/ExplicitPrecompiledModules/Metal-PYJANBLD3ZHIINKWCRCW0GK9.scan

PrecompileModule /Users/karelbraborec/Library/Developer/Xcode/DerivedData/revmeter-hbcnswmlqmbpnlazhhkncgeowiss/Build/Intermediates.noindex/ExplicitPrecompiledModules/OpenGLES-CXMFQZX0INWIV6BVURHGUKBAZ.scan
    cd /
    builtin-precompileModule /Users/karelbraborec/Library/Developer/Xcode/DerivedData/revmeter-hbcnswmlqmbpnlazhhkncgeowiss/Build/Intermediates.noindex/ExplicitPrecompiledModules/OpenGLES-CXMFQZX0INWIV6BVURHGUKBAZ.scan

PrecompileModule /Users/karelbraborec/Library/Developer/Xcode/DerivedData/revmeter-hbcnswmlqmbpnlazhhkncgeowiss/Build/Intermediates.noindex/ExplicitPrecompiledModules/IOSurface-2KJM021T387QUGPZ6YXGDTO3V.scan
    cd /
    builtin-precompileModule /Users/karelbraborec/Library/Developer/Xcode/DerivedData/revmeter-hbcnswmlqmbpnlazhhkncgeowiss/Build/Intermediates.noindex/ExplicitPrecompiledModules/IOSurface-2KJM021T387QUGPZ6YXGDTO3V.scan

PrecompileModule /Users/karelbraborec/Library/Developer/Xcode/DerivedData/revmeter-hbcnswmlqmbpnlazhhkncgeowiss/Build/Intermediates.noindex/ExplicitPrecompiledModules/UIUtilities-AFJDWJFEZ38Q76U4IQ7FSAK40.scan
    cd /
    builtin-precompileModule /Users/karelbraborec/Library/Developer/Xcode/DerivedData/revmeter-hbcnswmlqmbpnlazhhkncgeowiss/Build/Intermediates.noindex/ExplicitPrecompiledModules/UIUtilities-AFJDWJFEZ38Q76U4IQ7FSAK40.scan

PrecompileModule /Users/karelbraborec/Library/Developer/Xcode/DerivedData/revmeter-hbcnswmlqmbpnlazhhkncgeowiss/Build/Intermediates.noindex/ExplicitPrecompiledModules/FileProvider-CNLG0ZG5KT2KFDXMYEPKA4CCX.scan
    cd /
    builtin-precompileModule /Users/karelbraborec/Library/Developer/Xcode/DerivedData/revmeter-hbcnswmlqmbpnlazhhkncgeowiss/Build/Intermediates.noindex/ExplicitPrecompiledModules/FileProvider-CNLG0ZG5KT2KFDXMYEPKA4CCX.scan

PrecompileModule /Users/karelbraborec/Library/Developer/Xcode/DerivedData/revmeter-hbcnswmlqmbpnlazhhkncgeowiss/Build/Intermediates.noindex/ExplicitPrecompiledModules/Symbols-C2P3X1FRHV59FFY7N30WZ3KA1.scan
    cd /
    builtin-precompileModule /Users/karelbraborec/Library/Developer/Xcode/DerivedData/revmeter-hbcnswmlqmbpnlazhhkncgeowiss/Build/Intermediates.noindex/ExplicitPrecompiledModules/Symbols-C2P3X1FRHV59FFY7N30WZ3KA1.scan

PrecompileModule /Users/karelbraborec/Library/Developer/Xcode/DerivedData/revmeter-hbcnswmlqmbpnlazhhkncgeowiss/Build/Intermediates.noindex/ExplicitPrecompiledModules/UserNotifications-LCDDCIFS15HJ4LX47HEY781W.scan
    cd /
    builtin-precompileModule /Users/karelbraborec/Library/Developer/Xcode/DerivedData/revmeter-hbcnswmlqmbpnlazhhkncgeowiss/Build/Intermediates.noindex/ExplicitPrecompiledModules/UserNotifications-LCDDCIFS15HJ4LX47HEY781W.scan

PrecompileModule /Users/karelbraborec/Library/Developer/Xcode/DerivedData/revmeter-hbcnswmlqmbpnlazhhkncgeowiss/Build/Intermediates.noindex/ExplicitPrecompiledModules/Metal-MKBB7N9FMTYA1H5C5DOU7BZR.scan
    cd /
    builtin-precompileModule /Users/karelbraborec/Library/Developer/Xcode/DerivedData/revmeter-hbcnswmlqmbpnlazhhkncgeowiss/Build/Intermediates.noindex/ExplicitPrecompiledModules/Metal-MKBB7N9FMTYA1H5C5DOU7BZR.scan

CompileC /Users/karelbraborec/Library/Developer/Xcode/DerivedData/revmeter-hbcnswmlqmbpnlazhhkncgeowiss/Build/Intermediates.noindex/Pods.build/Debug-iphonesimulator/ReactCodegen.build/Objects-normal/x86_64/States-9756b3e8863259c5fc8cb369b2583aa5.o /Users/karelbraborec/rev-meter/ios/build/generated/ios/ReactCodegen/react/renderer/components/rnscreens/States.cpp normal x86_64 c++ com.apple.compilers.llvm.clang.1_0.compiler (in target 'ReactCodegen' from project 'Pods')
    cd /Users/karelbraborec/rev-meter/ios/Pods
    
    Using response file: /Users/karelbraborec/Library/Developer/Xcode/DerivedData/revmeter-hbcnswmlqmbpnlazhhkncgeowiss/Build/Intermediates.noindex/Pods.build/Debug-iphonesimulator/ReactCodegen.build/Objects-normal/x86_64/82b82416624d2658e5098eb0a28c15c5-common-args.resp
    
    /Applications/Xcode.app/Contents/Developer/Toolchains/XcodeDefault.xctoolchain/usr/bin/clang -x c++ -ivfsstatcache /Users/karelbraborec/Library/Developer/Xcode/DerivedData/SDKStatCaches.noindex/iphonesimulator26.5-23F81a-6cfe768891a92b912361537c460fe42b.sdkstatcache -target x86_64-apple-ios15.1-simulator -fmessage-length\=0 -fdiagnostics-show-note-include-stack -fmacro-backtrace-limit\=0 -fno-color-diagnostics -fmodules-prune-interval\=86400 -fmodules-prune-after\=345600 -fbuild-session-file\=/Users/karelbraborec/Library/Developer/Xcode/DerivedData/ModuleCache.noindex/Session.modulevalidation -fmodules-validate-once-per-build-session -Wnon-modular-include-in-framework-module -Werror\=non-modular-include-in-framework-module -Wno-trigraphs -Wno-missing-field-initializers -Wno-missing-prototypes -Werror\=return-type -Wdocumentation -Wunreachable-code -Werror\=deprecated-objc-isa-usage -Werror\=objc-root-class -Wno-non-virtual-dtor -Wno-overloaded-virtual -Wno-exit-time-destructors -Wno-missing-braces -Wparentheses -Wswitch -Wunused-function -Wno-unused-label -Wno-unused-parameter -Wunused-variable -Wunused-value -Wempty-body -Wuninitialized -Wconditional-uninitialized -Wno-unknown-pragmas -Wno-shadow -Wno-four-char-constants -Wno-conversion -Wconstant-conversion -Wint-conversion -Wbool-conversion -Wenum-conversion -Wno-float-conversion -Wnon-literal-null-conversion -Wobjc-literal-conversion -Wshorten-64-to-32 -Wno-newline-eof -Wno-c++11-extensions -Wno-implicit-fallthrough -isysroot /Applications/Xcode.app/Contents/Developer/Platforms/iPhoneSimulator.platform/Developer/SDKs/iPhoneSimulator26.5.sdk -fstrict-aliasing -Wdeprecated-declarations -Winvalid-offsetof -Wno-sign-conversion -Winfinite-recursion -Wmove -Wcomma -Wblock-capture-autoreleasing -Wstrict-prototypes -Wrange-loop-analysis -Wno-semicolon-before-method-body -Wunguarded-availability -index-store-path /Users/karelbraborec/Library/Developer/Xcode/DerivedData/revmeter-hbcnswmlqmbpnlazhhkncgeowiss/Index.noindex/DataStore -Wno-comma -Wno-shorten-64-to-32 -Wno-documentation @/Users/karelbraborec/Library/Developer/Xcode/DerivedData/revmeter-hbcnswmlqmbpnlazhhkncgeowiss/Build/Intermediates.noindex/Pods.build/Debug-iphonesimulator/ReactCodegen.build/Objects-normal/x86_64/82b82416624d2658e5098eb0a28c15c5-common-args.resp -DFOLLY_MOBILE\=1 -DFOLLY_USE_LIBCPP\=1 -DFOLLY_CFG_NO_COROUTINES\=1 -DFOLLY_HAVE_CLOCK_GETTIME\=1 -Wno-comma -Wno-shorten-64-to-32 -Wno-documentation -Wno-nullability-completeness -std\=c++20 -include /Users/karelbraborec/rev-meter/ios/Pods/Target\ Support\ Files/ReactCodegen/ReactCodegen-prefix.pch -MMD -MT dependencies -MF /Users/karelbraborec/Library/Developer/Xcode/DerivedData/revmeter-hbcnswmlqmbpnlazhhkncgeowiss/Build/Intermediates.noindex/Pods.build/Debug-iphonesimulator/ReactCodegen.build/Objects-normal/x86_64/States-9756b3e8863259c5fc8cb369b2583aa5.d --serialize-diagnostics /Users/karelbraborec/Library/Developer/Xcode/DerivedData/revmeter-hbcnswmlqmbpnlazhhkncgeowiss/Build/Intermediates.noindex/Pods.build/Debug-iphonesimulator/ReactCodegen.build/Objects-normal/x86_64/States-9756b3e8863259c5fc8cb369b2583aa5.dia -c /Users/karelbraborec/rev-meter/ios/build/generated/ios/ReactCodegen/react/renderer/components/rnscreens/States.cpp -o /Users/karelbraborec/Library/Developer/Xcode/DerivedData/revmeter-hbcnswmlqmbpnlazhhkncgeowiss/Build/Intermediates.noindex/Pods.build/Debug-iphonesimulator/ReactCodegen.build/Objects-normal/x86_64/States-9756b3e8863259c5fc8cb369b2583aa5.o -index-unit-output-path /Pods.build/Debug-iphonesimulator/ReactCodegen.build/Objects-normal/x86_64/States-9756b3e8863259c5fc8cb369b2583aa5.o

CompileC /Users/karelbraborec/Library/Developer/Xcode/DerivedData/revmeter-hbcnswmlqmbpnlazhhkncgeowiss/Build/Intermediates.noindex/Pods.build/Debug-iphonesimulator/ReactCodegen.build/Objects-normal/x86_64/States-3a809e74f9db12396e69790f772c7b75.o /Users/karelbraborec/rev-meter/ios/build/generated/ios/ReactCodegen/react/renderer/components/safeareacontext/States.cpp normal x86_64 c++ com.apple.compilers.llvm.clang.1_0.compiler (in target 'ReactCodegen' from project 'Pods')
    cd /Users/karelbraborec/rev-meter/ios/Pods
    
    Using response file: /Users/karelbraborec/Library/Developer/Xcode/DerivedData/revmeter-hbcnswmlqmbpnlazhhkncgeowiss/Build/Intermediates.noindex/Pods.build/Debug-iphonesimulator/ReactCodegen.build/Objects-normal/x86_64/82b82416624d2658e5098eb0a28c15c5-common-args.resp
    
    /Applications/Xcode.app/Contents/Developer/Toolchains/XcodeDefault.xctoolchain/usr/bin/clang -x c++ -ivfsstatcache /Users/karelbraborec/Library/Developer/Xcode/DerivedData/SDKStatCaches.noindex/iphonesimulator26.5-23F81a-6cfe768891a92b912361537c460fe42b.sdkstatcache -target x86_64-apple-ios15.1-simulator -fmessage-length\=0 -fdiagnostics-show-note-include-stack -fmacro-backtrace-limit\=0 -fno-color-diagnostics -fmodules-prune-interval\=86400 -fmodules-prune-after\=345600 -fbuild-session-file\=/Users/karelbraborec/Library/Developer/Xcode/DerivedData/ModuleCache.noindex/Session.modulevalidation -fmodules-validate-once-per-build-session -Wnon-modular-include-in-framework-module -Werror\=non-modular-include-in-framework-module -Wno-trigraphs -Wno-missing-field-initializers -Wno-missing-prototypes -Werror\=return-type -Wdocumentation -Wunreachable-code -Werror\=deprecated-objc-isa-usage -Werror\=objc-root-class -Wno-non-virtual-dtor -Wno-overloaded-virtual -Wno-exit-time-destructors -Wno-missing-braces -Wparentheses -Wswitch -Wunused-function -Wno-unused-label -Wno-unused-parameter -Wunused-variable -Wunused-value -Wempty-body -Wuninitialized -Wconditional-uninitialized -Wno-unknown-pragmas -Wno-shadow -Wno-four-char-constants -Wno-conversion -Wconstant-conversion -Wint-conversion -Wbool-conversion -Wenum-conversion -Wno-float-conversion -Wnon-literal-null-conversion -Wobjc-literal-conversion -Wshorten-64-to-32 -Wno-newline-eof -Wno-c++11-extensions -Wno-implicit-fallthrough -isysroot /Applications/Xcode.app/Contents/Developer/Platforms/iPhoneSimulator.platform/Developer/SDKs/iPhoneSimulator26.5.sdk -fstrict-aliasing -Wdeprecated-declarations -Winvalid-offsetof -Wno-sign-conversion -Winfinite-recursion -Wmove -Wcomma -Wblock-capture-autoreleasing -Wstrict-prototypes -Wrange-loop-analysis -Wno-semicolon-before-method-body -Wunguarded-availability -index-store-path /Users/karelbraborec/Library/Developer/Xcode/DerivedData/revmeter-hbcnswmlqmbpnlazhhkncgeowiss/Index.noindex/DataStore -Wno-comma -Wno-shorten-64-to-32 -Wno-documentation @/Users/karelbraborec/Library/Developer/Xcode/DerivedData/revmeter-hbcnswmlqmbpnlazhhkncgeowiss/Build/Intermediates.noindex/Pods.build/Debug-iphonesimulator/ReactCodegen.build/Objects-normal/x86_64/82b82416624d2658e5098eb0a28c15c5-common-args.resp -DFOLLY_MOBILE\=1 -DFOLLY_USE_LIBCPP\=1 -DFOLLY_CFG_NO_COROUTINES\=1 -DFOLLY_HAVE_CLOCK_GETTIME\=1 -Wno-comma -Wno-shorten-64-to-32 -Wno-documentation -Wno-nullability-completeness -std\=c++20 -include /Users/karelbraborec/rev-meter/ios/Pods/Target\ Support\ Files/ReactCodegen/ReactCodegen-prefix.pch -MMD -MT dependencies -MF /Users/karelbraborec/Library/Developer/Xcode/DerivedData/revmeter-hbcnswmlqmbpnlazhhkncgeowiss/Build/Intermediates.noindex/Pods.build/Debug-iphonesimulator/ReactCodegen.build/Objects-normal/x86_64/States-3a809e74f9db12396e69790f772c7b75.d --serialize-diagnostics /Users/karelbraborec/Library/Developer/Xcode/DerivedData/revmeter-hbcnswmlqmbpnlazhhkncgeowiss/Build/Intermediates.noindex/Pods.build/Debug-iphonesimulator/ReactCodegen.build/Objects-normal/x86_64/States-3a809e74f9db12396e69790f772c7b75.dia -c /Users/karelbraborec/rev-meter/ios/build/generated/ios/ReactCodegen/react/renderer/components/safeareacontext/States.cpp -o /Users/karelbraborec/Library/Developer/Xcode/DerivedData/revmeter-hbcnswmlqmbpnlazhhkncgeowiss/Build/Intermediates.noindex/Pods.build/Debug-iphonesimulator/ReactCodegen.build/Objects-normal/x86_64/States-3a809e74f9db12396e69790f772c7b75.o -index-unit-output-path /Pods.build/Debug-iphonesimulator/ReactCodegen.build/Objects-normal/x86_64/States-3a809e74f9db12396e69790f772c7b75.o

CompileC /Users/karelbraborec/Library/Developer/Xcode/DerivedData/revmeter-hbcnswmlqmbpnlazhhkncgeowiss/Build/Intermediates.noindex/Pods.build/Debug-iphonesimulator/ReactCodegen.build/Objects-normal/x86_64/States-c78ddf09a99ea3cf694c5c3165d85cc6.o /Users/karelbraborec/rev-meter/ios/build/generated/ios/ReactCodegen/react/renderer/components/rnreanimated/States.cpp normal x86_64 c++ com.apple.compilers.llvm.clang.1_0.compiler (in target 'ReactCodegen' from project 'Pods')
    cd /Users/karelbraborec/rev-meter/ios/Pods
    
    Using response file: /Users/karelbraborec/Library/Developer/Xcode/DerivedData/revmeter-hbcnswmlqmbpnlazhhkncgeowiss/Build/Intermediates.noindex/Pods.build/Debug-iphonesimulator/ReactCodegen.build/Objects-normal/x86_64/82b82416624d2658e5098eb0a28c15c5-common-args.resp
    
    /Applications/Xcode.app/Contents/Developer/Toolchains/XcodeDefault.xctoolchain/usr/bin/clang -x c++ -ivfsstatcache /Users/karelbraborec/Library/Developer/Xcode/DerivedData/SDKStatCaches.noindex/iphonesimulator26.5-23F81a-6cfe768891a92b912361537c460fe42b.sdkstatcache -target x86_64-apple-ios15.1-simulator -fmessage-length\=0 -fdiagnostics-show-note-include-stack -fmacro-backtrace-limit\=0 -fno-color-diagnostics -fmodules-prune-interval\=86400 -fmodules-prune-after\=345600 -fbuild-session-file\=/Users/karelbraborec/Library/Developer/Xcode/DerivedData/ModuleCache.noindex/Session.modulevalidation -fmodules-validate-once-per-build-session -Wnon-modular-include-in-framework-module -Werror\=non-modular-include-in-framework-module -Wno-trigraphs -Wno-missing-field-initializers -Wno-missing-prototypes -Werror\=return-type -Wdocumentation -Wunreachable-code -Werror\=deprecated-objc-isa-usage -Werror\=objc-root-class -Wno-non-virtual-dtor -Wno-overloaded-virtual -Wno-exit-time-destructors -Wno-missing-braces -Wparentheses -Wswitch -Wunused-function -Wno-unused-label -Wno-unused-parameter -Wunused-variable -Wunused-value -Wempty-body -Wuninitialized -Wconditional-uninitialized -Wno-unknown-pragmas -Wno-shadow -Wno-four-char-constants -Wno-conversion -Wconstant-conversion -Wint-conversion -Wbool-conversion -Wenum-conversion -Wno-float-conversion -Wnon-literal-null-conversion -Wobjc-literal-conversion -Wshorten-64-to-32 -Wno-newline-eof -Wno-c++11-extensions -Wno-implicit-fallthrough -isysroot /Applications/Xcode.app/Contents/Developer/Platforms/iPhoneSimulator.platform/Developer/SDKs/iPhoneSimulator26.5.sdk -fstrict-aliasing -Wdeprecated-declarations -Winvalid-offsetof -Wno-sign-conversion -Winfinite-recursion -Wmove -Wcomma -Wblock-capture-autoreleasing -Wstrict-prototypes -Wrange-loop-analysis -Wno-semicolon-before-method-body -Wunguarded-availability -index-store-path /Users/karelbraborec/Library/Developer/Xcode/DerivedData/revmeter-hbcnswmlqmbpnlazhhkncgeowiss/Index.noindex/DataStore -Wno-comma -Wno-shorten-64-to-32 -Wno-documentation @/Users/karelbraborec/Library/Developer/Xcode/DerivedData/revmeter-hbcnswmlqmbpnlazhhkncgeowiss/Build/Intermediates.noindex/Pods.build/Debug-iphonesimulator/ReactCodegen.build/Objects-normal/x86_64/82b82416624d2658e5098eb0a28c15c5-common-args.resp -DFOLLY_MOBILE\=1 -DFOLLY_USE_LIBCPP\=1 -DFOLLY_CFG_NO_COROUTINES\=1 -DFOLLY_HAVE_CLOCK_GETTIME\=1 -Wno-comma -Wno-shorten-64-to-32 -Wno-documentation -Wno-nullability-completeness -std\=c++20 -include /Users/karelbraborec/rev-meter/ios/Pods/Target\ Support\ Files/ReactCodegen/ReactCodegen-prefix.pch -MMD -MT dependencies -MF /Users/karelbraborec/Library/Developer/Xcode/DerivedData/revmeter-hbcnswmlqmbpnlazhhkncgeowiss/Build/Intermediates.noindex/Pods.build/Debug-iphonesimulator/ReactCodegen.build/Objects-normal/x86_64/States-c78ddf09a99ea3cf694c5c3165d85cc6.d --serialize-diagnostics /Users/karelbraborec/Library/Developer/Xcode/DerivedData/revmeter-hbcnswmlqmbpnlazhhkncgeowiss/Build/Intermediates.noindex/Pods.build/Debug-iphonesimulator/ReactCodegen.build/Objects-normal/x86_64/States-c78ddf09a99ea3cf694c5c3165d85cc6.dia -c /Users/karelbraborec/rev-meter/ios/build/generated/ios/ReactCodegen/react/renderer/components/rnreanimated/States.cpp -o /Users/karelbraborec/Library/Developer/Xcode/DerivedData/revmeter-hbcnswmlqmbpnlazhhkncgeowiss/Build/Intermediates.noindex/Pods.build/Debug-iphonesimulator/ReactCodegen.build/Objects-normal/x86_64/States-c78ddf09a99ea3cf694c5c3165d85cc6.o -index-unit-output-path /Pods.build/Debug-iphonesimulator/ReactCodegen.build/Objects-normal/x86_64/States-c78ddf09a99ea3cf694c5c3165d85cc6.o

CompileC /Users/karelbraborec/Library/Developer/Xcode/DerivedData/revmeter-hbcnswmlqmbpnlazhhkncgeowiss/Build/Intermediates.noindex/Pods.build/Debug-iphonesimulator/ReactCodegen.build/Objects-normal/x86_64/rnworklets-generated.o /Users/karelbraborec/rev-meter/ios/build/generated/ios/ReactCodegen/rnworklets/rnworklets-generated.mm normal x86_64 objective-c++ com.apple.compilers.llvm.clang.1_0.compiler (in target 'ReactCodegen' from project 'Pods')
    cd /Users/karelbraborec/rev-meter/ios/Pods
    
    Using response file: /Users/karelbraborec/Library/Developer/Xcode/DerivedData/revmeter-hbcnswmlqmbpnlazhhkncgeowiss/Build/Intermediates.noindex/Pods.build/Debug-iphonesimulator/ReactCodegen.build/Objects-normal/x86_64/af3fcb34312c57c0f52879cdce924b91-common-args.resp
    
    /Applications/Xcode.app/Contents/Developer/Toolchains/XcodeDefault.xctoolchain/usr/bin/clang -x objective-c++ -ivfsstatcache /Users/karelbraborec/Library/Developer/Xcode/DerivedData/SDKStatCaches.noindex/iphonesimulator26.5-23F81a-6cfe768891a92b912361537c460fe42b.sdkstatcache -target x86_64-apple-ios15.1-simulator -fmessage-length\=0 -fdiagnostics-show-note-include-stack -fmacro-backtrace-limit\=0 -fno-color-diagnostics -fmodules-prune-interval\=86400 -fmodules-prune-after\=345600 -fbuild-session-file\=/Users/karelbraborec/Library/Developer/Xcode/DerivedData/ModuleCache.noindex/Session.modulevalidation -fmodules-validate-once-per-build-session -Wnon-modular-include-in-framework-module -Werror\=non-modular-include-in-framework-module -Wno-trigraphs -Wno-missing-field-initializers -Wno-missing-prototypes -Werror\=return-type -Wdocumentation -Wunreachable-code -Wno-implicit-atomic-properties -Werror\=deprecated-objc-isa-usage -Wno-objc-interface-ivars -Werror\=objc-root-class -Wno-arc-repeated-use-of-weak -Wimplicit-retain-self -Wno-non-virtual-dtor -Wno-overloaded-virtual -Wno-exit-time-destructors -Wduplicate-method-match -Wno-missing-braces -Wparentheses -Wswitch -Wunused-function -Wno-unused-label -Wno-unused-parameter -Wunused-variable -Wunused-value -Wempty-body -Wuninitialized -Wconditional-uninitialized -Wno-unknown-pragmas -Wno-shadow -Wno-four-char-constants -Wno-conversion -Wconstant-conversion -Wint-conversion -Wbool-conversion -Wenum-conversion -Wno-float-conversion -Wnon-literal-null-conversion -Wobjc-literal-conversion -Wshorten-64-to-32 -Wno-newline-eof -Wno-selector -Wno-strict-selector-match -Wundeclared-selector -Wdeprecated-implementations -Wno-c++11-extensions -Wno-implicit-fallthrough -isysroot /Applications/Xcode.app/Contents/Developer/Platforms/iPhoneSimulator.platform/Developer/SDKs/iPhoneSimulator26.5.sdk -fstrict-aliasing -Wprotocol -Wdeprecated-declarations -Winvalid-offsetof -Wno-sign-conversion -Winfinite-recursion -Wmove -Wcomma -Wblock-capture-autoreleasing -Wstrict-prototypes -Wrange-loop-analysis -Wno-semicolon-before-method-body -Wunguarded-availability -index-store-path /Users/karelbraborec/Library/Developer/Xcode/DerivedData/revmeter-hbcnswmlqmbpnlazhhkncgeowiss/Index.noindex/DataStore -Wno-comma -Wno-shorten-64-to-32 -Wno-documentation @/Users/karelbraborec/Library/Developer/Xcode/DerivedData/revmeter-hbcnswmlqmbpnlazhhkncgeowiss/Build/Intermediates.noindex/Pods.build/Debug-iphonesimulator/ReactCodegen.build/Objects-normal/x86_64/af3fcb34312c57c0f52879cdce924b91-common-args.resp -DFOLLY_MOBILE\=1 -DFOLLY_USE_LIBCPP\=1 -DFOLLY_CFG_NO_COROUTINES\=1 -DFOLLY_HAVE_CLOCK_GETTIME\=1 -Wno-comma -Wno-shorten-64-to-32 -Wno-documentation -Wno-nullability-completeness -std\=c++20 -include /Users/karelbraborec/rev-meter/ios/Pods/Target\ Support\ Files/ReactCodegen/ReactCodegen-prefix.pch -MMD -MT dependencies -MF /Users/karelbraborec/Library/Developer/Xcode/DerivedData/revmeter-hbcnswmlqmbpnlazhhkncgeowiss/Build/Intermediates.noindex/Pods.build/Debug-iphonesimulator/ReactCodegen.build/Objects-normal/x86_64/rnworklets-generated.d --serialize-diagnostics /Users/karelbraborec/Library/Developer/Xcode/DerivedData/revmeter-hbcnswmlqmbpnlazhhkncgeowiss/Build/Intermediates.noindex/Pods.build/Debug-iphonesimulator/ReactCodegen.build/Objects-normal/x86_64/rnworklets-generated.dia -c /Users/karelbraborec/rev-meter/ios/build/generated/ios/ReactCodegen/rnworklets/rnworklets-generated.mm -o /Users/karelbraborec/Library/Developer/Xcode/DerivedData/revmeter-hbcnswmlqmbpnlazhhkncgeowiss/Build/Intermediates.noindex/Pods.build/Debug-iphonesimulator/ReactCodegen.build/Objects-normal/x86_64/rnworklets-generated.o -index-unit-output-path /Pods.build/Debug-iphonesimulator/ReactCodegen.build/Objects-normal/x86_64/rnworklets-generated.o

CompileC /Users/karelbraborec/Library/Developer/Xcode/DerivedData/revmeter-hbcnswmlqmbpnlazhhkncgeowiss/Build/Intermediates.noindex/Pods.build/Debug-iphonesimulator/ReactCodegen.build/Objects-normal/x86_64/rngesturehandler_codegen-generated.o /Users/karelbraborec/rev-meter/ios/build/generated/ios/ReactCodegen/rngesturehandler_codegen/rngesturehandler_codegen-generated.mm normal x86_64 objective-c++ com.apple.compilers.llvm.clang.1_0.compiler (in target 'ReactCodegen' from project 'Pods')
    cd /Users/karelbraborec/rev-meter/ios/Pods
    
    Using response file: /Users/karelbraborec/Library/Developer/Xcode/DerivedData/revmeter-hbcnswmlqmbpnlazhhkncgeowiss/Build/Intermediates.noindex/Pods.build/Debug-iphonesimulator/ReactCodegen.build/Objects-normal/x86_64/af3fcb34312c57c0f52879cdce924b91-common-args.resp
    
    /Applications/Xcode.app/Contents/Developer/Toolchains/XcodeDefault.xctoolchain/usr/bin/clang -x objective-c++ -ivfsstatcache /Users/karelbraborec/Library/Developer/Xcode/DerivedData/SDKStatCaches.noindex/iphonesimulator26.5-23F81a-6cfe768891a92b912361537c460fe42b.sdkstatcache -target x86_64-apple-ios15.1-simulator -fmessage-length\=0 -fdiagnostics-show-note-include-stack -fmacro-backtrace-limit\=0 -fno-color-diagnostics -fmodules-prune-interval\=86400 -fmodules-prune-after\=345600 -fbuild-session-file\=/Users/karelbraborec/Library/Developer/Xcode/DerivedData/ModuleCache.noindex/Session.modulevalidation -fmodules-validate-once-per-build-session -Wnon-modular-include-in-framework-module -Werror\=non-modular-include-in-framework-module -Wno-trigraphs -Wno-missing-field-initializers -Wno-missing-prototypes -Werror\=return-type -Wdocumentation -Wunreachable-code -Wno-implicit-atomic-properties -Werror\=deprecated-objc-isa-usage -Wno-objc-interface-ivars -Werror\=objc-root-class -Wno-arc-repeated-use-of-weak -Wimplicit-retain-self -Wno-non-virtual-dtor -Wno-overloaded-virtual -Wno-exit-time-destructors -Wduplicate-method-match -Wno-missing-braces -Wparentheses -Wswitch -Wunused-function -Wno-unused-label -Wno-unused-parameter -Wunused-variable -Wunused-value -Wempty-body -Wuninitialized -Wconditional-uninitialized -Wno-unknown-pragmas -Wno-shadow -Wno-four-char-constants -Wno-conversion -Wconstant-conversion -Wint-conversion -Wbool-conversion -Wenum-conversion -Wno-float-conversion -Wnon-literal-null-conversion -Wobjc-literal-conversion -Wshorten-64-to-32 -Wno-newline-eof -Wno-selector -Wno-strict-selector-match -Wundeclared-selector -Wdeprecated-implementations -Wno-c++11-extensions -Wno-implicit-fallthrough -isysroot /Applications/Xcode.app/Contents/Developer/Platforms/iPhoneSimulator.platform/Developer/SDKs/iPhoneSimulator26.5.sdk -fstrict-aliasing -Wprotocol -Wdeprecated-declarations -Winvalid-offsetof -Wno-sign-conversion -Winfinite-recursion -Wmove -Wcomma -Wblock-capture-autoreleasing -Wstrict-prototypes -Wrange-loop-analysis -Wno-semicolon-before-method-body -Wunguarded-availability -index-store-path /Users/karelbraborec/Library/Developer/Xcode/DerivedData/revmeter-hbcnswmlqmbpnlazhhkncgeowiss/Index.noindex/DataStore -Wno-comma -Wno-shorten-64-to-32 -Wno-documentation @/Users/karelbraborec/Library/Developer/Xcode/DerivedData/revmeter-hbcnswmlqmbpnlazhhkncgeowiss/Build/Intermediates.noindex/Pods.build/Debug-iphonesimulator/ReactCodegen.build/Objects-normal/x86_64/af3fcb34312c57c0f52879cdce924b91-common-args.resp -DFOLLY_MOBILE\=1 -DFOLLY_USE_LIBCPP\=1 -DFOLLY_CFG_NO_COROUTINES\=1 -DFOLLY_HAVE_CLOCK_GETTIME\=1 -Wno-comma -Wno-shorten-64-to-32 -Wno-documentation -Wno-nullability-completeness -std\=c++20 -include /Users/karelbraborec/rev-meter/ios/Pods/Target\ Support\ Files/ReactCodegen/ReactCodegen-prefix.pch -MMD -MT dependencies -MF /Users/karelbraborec/Library/Developer/Xcode/DerivedData/revmeter-hbcnswmlqmbpnlazhhkncgeowiss/Build/Intermediates.noindex/Pods.build/Debug-iphonesimulator/ReactCodegen.build/Objects-normal/x86_64/rngesturehandler_codegen-generated.d --serialize-diagnostics /Users/karelbraborec/Library/Developer/Xcode/DerivedData/revmeter-hbcnswmlqmbpnlazhhkncgeowiss/Build/Intermediates.noindex/Pods.build/Debug-iphonesimulator/ReactCodegen.build/Objects-normal/x86_64/rngesturehandler_codegen-generated.dia -c /Users/karelbraborec/rev-meter/ios/build/generated/ios/ReactCodegen/rngesturehandler_codegen/rngesturehandler_codegen-generated.mm -o /Users/karelbraborec/Library/Developer/Xcode/DerivedData/revmeter-hbcnswmlqmbpnlazhhkncgeowiss/Build/Intermediates.noindex/Pods.build/Debug-iphonesimulator/ReactCodegen.build/Objects-normal/x86_64/rngesturehandler_codegen-generated.o -index-unit-output-path /Pods.build/Debug-iphonesimulator/ReactCodegen.build/Objects-normal/x86_64/rngesturehandler_codegen-generated.o

CompileC /Users/karelbraborec/Library/Developer/Xcode/DerivedData/revmeter-hbcnswmlqmbpnlazhhkncgeowiss/Build/Intermediates.noindex/Pods.build/Debug-iphonesimulator/ReactCodegen.build/Objects-normal/x86_64/rnreanimated-generated.o /Users/karelbraborec/rev-meter/ios/build/generated/ios/ReactCodegen/rnreanimated/rnreanimated-generated.mm normal x86_64 objective-c++ com.apple.compilers.llvm.clang.1_0.compiler (in target 'ReactCodegen' from project 'Pods')
    cd /Users/karelbraborec/rev-meter/ios/Pods
    
    Using response file: /Users/karelbraborec/Library/Developer/Xcode/DerivedData/revmeter-hbcnswmlqmbpnlazhhkncgeowiss/Build/Intermediates.noindex/Pods.build/Debug-iphonesimulator/ReactCodegen.build/Objects-normal/x86_64/af3fcb34312c57c0f52879cdce924b91-common-args.resp
    
    /Applications/Xcode.app/Contents/Developer/Toolchains/XcodeDefault.xctoolchain/usr/bin/clang -x objective-c++ -ivfsstatcache /Users/karelbraborec/Library/Developer/Xcode/DerivedData/SDKStatCaches.noindex/iphonesimulator26.5-23F81a-6cfe768891a92b912361537c460fe42b.sdkstatcache -target x86_64-apple-ios15.1-simulator -fmessage-length\=0 -fdiagnostics-show-note-include-stack -fmacro-backtrace-limit\=0 -fno-color-diagnostics -fmodules-prune-interval\=86400 -fmodules-prune-after\=345600 -fbuild-session-file\=/Users/karelbraborec/Library/Developer/Xcode/DerivedData/ModuleCache.noindex/Session.modulevalidation -fmodules-validate-once-per-build-session -Wnon-modular-include-in-framework-module -Werror\=non-modular-include-in-framework-module -Wno-trigraphs -Wno-missing-field-initializers -Wno-missing-prototypes -Werror\=return-type -Wdocumentation -Wunreachable-code -Wno-implicit-atomic-properties -Werror\=deprecated-objc-isa-usage -Wno-objc-interface-ivars -Werror\=objc-root-class -Wno-arc-repeated-use-of-weak -Wimplicit-retain-self -Wno-non-virtual-dtor -Wno-overloaded-virtual -Wno-exit-time-destructors -Wduplicate-method-match -Wno-missing-braces -Wparentheses -Wswitch -Wunused-function -Wno-unused-label -Wno-unused-parameter -Wunused-variable -Wunused-value -Wempty-body -Wuninitialized -Wconditional-uninitialized -Wno-unknown-pragmas -Wno-shadow -Wno-four-char-constants -Wno-conversion -Wconstant-conversion -Wint-conversion -Wbool-conversion -Wenum-conversion -Wno-float-conversion -Wnon-literal-null-conversion -Wobjc-literal-conversion -Wshorten-64-to-32 -Wno-newline-eof -Wno-selector -Wno-strict-selector-match -Wundeclared-selector -Wdeprecated-implementations -Wno-c++11-extensions -Wno-implicit-fallthrough -isysroot /Applications/Xcode.app/Contents/Developer/Platforms/iPhoneSimulator.platform/Developer/SDKs/iPhoneSimulator26.5.sdk -fstrict-aliasing -Wprotocol -Wdeprecated-declarations -Winvalid-offsetof -Wno-sign-conversion -Winfinite-recursion -Wmove -Wcomma -Wblock-capture-autoreleasing -Wstrict-prototypes -Wrange-loop-analysis -Wno-semicolon-before-method-body -Wunguarded-availability -index-store-path /Users/karelbraborec/Library/Developer/Xcode/DerivedData/revmeter-hbcnswmlqmbpnlazhhkncgeowiss/Index.noindex/DataStore -Wno-comma -Wno-shorten-64-to-32 -Wno-documentation @/Users/karelbraborec/Library/Developer/Xcode/DerivedData/revmeter-hbcnswmlqmbpnlazhhkncgeowiss/Build/Intermediates.noindex/Pods.build/Debug-iphonesimulator/ReactCodegen.build/Objects-normal/x86_64/af3fcb34312c57c0f52879cdce924b91-common-args.resp -DFOLLY_MOBILE\=1 -DFOLLY_USE_LIBCPP\=1 -DFOLLY_CFG_NO_COROUTINES\=1 -DFOLLY_HAVE_CLOCK_GETTIME\=1 -Wno-comma -Wno-shorten-64-to-32 -Wno-documentation -Wno-nullability-completeness -std\=c++20 -include /Users/karelbraborec/rev-meter/ios/Pods/Target\ Support\ Files/ReactCodegen/ReactCodegen-prefix.pch -MMD -MT dependencies -MF /Users/karelbraborec/Library/Developer/Xcode/DerivedData/revmeter-hbcnswmlqmbpnlazhhkncgeowiss/Build/Intermediates.noindex/Pods.build/Debug-iphonesimulator/ReactCodegen.build/Objects-normal/x86_64/rnreanimated-generated.d --serialize-diagnostics /Users/karelbraborec/Library/Developer/Xcode/DerivedData/revmeter-hbcnswmlqmbpnlazhhkncgeowiss/Build/Intermediates.noindex/Pods.build/Debug-iphonesimulator/ReactCodegen.build/Objects-normal/x86_64/rnreanimated-generated.dia -c /Users/karelbraborec/rev-meter/ios/build/generated/ios/ReactCodegen/rnreanimated/rnreanimated-generated.mm -o /Users/karelbraborec/Library/Developer/Xcode/DerivedData/revmeter-hbcnswmlqmbpnlazhhkncgeowiss/Build/Intermediates.noindex/Pods.build/Debug-iphonesimulator/ReactCodegen.build/Objects-normal/x86_64/rnreanimated-generated.o -index-unit-output-path /Pods.build/Debug-iphonesimulator/ReactCodegen.build/Objects-normal/x86_64/rnreanimated-generated.o

CompileC /Users/karelbraborec/Library/Developer/Xcode/DerivedData/revmeter-hbcnswmlqmbpnlazhhkncgeowiss/Build/Intermediates.noindex/Pods.build/Debug-iphonesimulator/ReactCodegen.build/Objects-normal/x86_64/rnscreens-generated.o /Users/karelbraborec/rev-meter/ios/build/generated/ios/ReactCodegen/rnscreens/rnscreens-generated.mm normal x86_64 objective-c++ com.apple.compilers.llvm.clang.1_0.compiler (in target 'ReactCodegen' from project 'Pods')
    cd /Users/karelbraborec/rev-meter/ios/Pods
    
    Using response file: /Users/karelbraborec/Library/Developer/Xcode/DerivedData/revmeter-hbcnswmlqmbpnlazhhkncgeowiss/Build/Intermediates.noindex/Pods.build/Debug-iphonesimulator/ReactCodegen.build/Objects-normal/x86_64/af3fcb34312c57c0f52879cdce924b91-common-args.resp
    
    /Applications/Xcode.app/Contents/Developer/Toolchains/XcodeDefault.xctoolchain/usr/bin/clang -x objective-c++ -ivfsstatcache /Users/karelbraborec/Library/Developer/Xcode/DerivedData/SDKStatCaches.noindex/iphonesimulator26.5-23F81a-6cfe768891a92b912361537c460fe42b.sdkstatcache -target x86_64-apple-ios15.1-simulator -fmessage-length\=0 -fdiagnostics-show-note-include-stack -fmacro-backtrace-limit\=0 -fno-color-diagnostics -fmodules-prune-interval\=86400 -fmodules-prune-after\=345600 -fbuild-session-file\=/Users/karelbraborec/Library/Developer/Xcode/DerivedData/ModuleCache.noindex/Session.modulevalidation -fmodules-validate-once-per-build-session -Wnon-modular-include-in-framework-module -Werror\=non-modular-include-in-framework-module -Wno-trigraphs -Wno-missing-field-initializers -Wno-missing-prototypes -Werror\=return-type -Wdocumentation -Wunreachable-code -Wno-implicit-atomic-properties -Werror\=deprecated-objc-isa-usage -Wno-objc-interface-ivars -Werror\=objc-root-class -Wno-arc-repeated-use-of-weak -Wimplicit-retain-self -Wno-non-virtual-dtor -Wno-overloaded-virtual -Wno-exit-time-destructors -Wduplicate-method-match -Wno-missing-braces -Wparentheses -Wswitch -Wunused-function -Wno-unused-label -Wno-unused-parameter -Wunused-variable -Wunused-value -Wempty-body -Wuninitialized -Wconditional-uninitialized -Wno-unknown-pragmas -Wno-shadow -Wno-four-char-constants -Wno-conversion -Wconstant-conversion -Wint-conversion -Wbool-conversion -Wenum-conversion -Wno-float-conversion -Wnon-literal-null-conversion -Wobjc-literal-conversion -Wshorten-64-to-32 -Wno-newline-eof -Wno-selector -Wno-strict-selector-match -Wundeclared-selector -Wdeprecated-implementations -Wno-c++11-extensions -Wno-implicit-fallthrough -isysroot /Applications/Xcode.app/Contents/Developer/Platforms/iPhoneSimulator.platform/Developer/SDKs/iPhoneSimulator26.5.sdk -fstrict-aliasing -Wprotocol -Wdeprecated-declarations -Winvalid-offsetof -Wno-sign-conversion -Winfinite-recursion -Wmove -Wcomma -Wblock-capture-autoreleasing -Wstrict-prototypes -Wrange-loop-analysis -Wno-semicolon-before-method-body -Wunguarded-availability -index-store-path /Users/karelbraborec/Library/Developer/Xcode/DerivedData/revmeter-hbcnswmlqmbpnlazhhkncgeowiss/Index.noindex/DataStore -Wno-comma -Wno-shorten-64-to-32 -Wno-documentation @/Users/karelbraborec/Library/Developer/Xcode/DerivedData/revmeter-hbcnswmlqmbpnlazhhkncgeowiss/Build/Intermediates.noindex/Pods.build/Debug-iphonesimulator/ReactCodegen.build/Objects-normal/x86_64/af3fcb34312c57c0f52879cdce924b91-common-args.resp -DFOLLY_MOBILE\=1 -DFOLLY_USE_LIBCPP\=1 -DFOLLY_CFG_NO_COROUTINES\=1 -DFOLLY_HAVE_CLOCK_GETTIME\=1 -Wno-comma -Wno-shorten-64-to-32 -Wno-documentation -Wno-nullability-completeness -std\=c++20 -include /Users/karelbraborec/rev-meter/ios/Pods/Target\ Support\ Files/ReactCodegen/ReactCodegen-prefix.pch -MMD -MT dependencies -MF /Users/karelbraborec/Library/Developer/Xcode/DerivedData/revmeter-hbcnswmlqmbpnlazhhkncgeowiss/Build/Intermediates.noindex/Pods.build/Debug-iphonesimulator/ReactCodegen.build/Objects-normal/x86_64/rnscreens-generated.d --serialize-diagnostics /Users/karelbraborec/Library/Developer/Xcode/DerivedData/revmeter-hbcnswmlqmbpnlazhhkncgeowiss/Build/Intermediates.noindex/Pods.build/Debug-iphonesimulator/ReactCodegen.build/Objects-normal/x86_64/rnscreens-generated.dia -c /Users/karelbraborec/rev-meter/ios/build/generated/ios/ReactCodegen/rnscreens/rnscreens-generated.mm -o /Users/karelbraborec/Library/Developer/Xcode/DerivedData/revmeter-hbcnswmlqmbpnlazhhkncgeowiss/Build/Intermediates.noindex/Pods.build/Debug-iphonesimulator/ReactCodegen.build/Objects-normal/x86_64/rnscreens-generated.o -index-unit-output-path /Pods.build/Debug-iphonesimulator/ReactCodegen.build/Objects-normal/x86_64/rnscreens-generated.o

CompileC /Users/karelbraborec/Library/Developer/Xcode/DerivedData/revmeter-hbcnswmlqmbpnlazhhkncgeowiss/Build/Intermediates.noindex/Pods.build/Debug-iphonesimulator/ReactCodegen.build/Objects-normal/x86_64/safeareacontext-generated.o /Users/karelbraborec/rev-meter/ios/build/generated/ios/ReactCodegen/safeareacontext/safeareacontext-generated.mm normal x86_64 objective-c++ com.apple.compilers.llvm.clang.1_0.compiler (in target 'ReactCodegen' from project 'Pods')
    cd /Users/karelbraborec/rev-meter/ios/Pods
    
    Using response file: /Users/karelbraborec/Library/Developer/Xcode/DerivedData/revmeter-hbcnswmlqmbpnlazhhkncgeowiss/Build/Intermediates.noindex/Pods.build/Debug-iphonesimulator/ReactCodegen.build/Objects-normal/x86_64/af3fcb34312c57c0f52879cdce924b91-common-args.resp
    
    /Applications/Xcode.app/Contents/Developer/Toolchains/XcodeDefault.xctoolchain/usr/bin/clang -x objective-c++ -ivfsstatcache /Users/karelbraborec/Library/Developer/Xcode/DerivedData/SDKStatCaches.noindex/iphonesimulator26.5-23F81a-6cfe768891a92b912361537c460fe42b.sdkstatcache -target x86_64-apple-ios15.1-simulator -fmessage-length\=0 -fdiagnostics-show-note-include-stack -fmacro-backtrace-limit\=0 -fno-color-diagnostics -fmodules-prune-interval\=86400 -fmodules-prune-after\=345600 -fbuild-session-file\=/Users/karelbraborec/Library/Developer/Xcode/DerivedData/ModuleCache.noindex/Session.modulevalidation -fmodules-validate-once-per-build-session -Wnon-modular-include-in-framework-module -Werror\=non-modular-include-in-framework-module -Wno-trigraphs -Wno-missing-field-initializers -Wno-missing-prototypes -Werror\=return-type -Wdocumentation -Wunreachable-code -Wno-implicit-atomic-properties -Werror\=deprecated-objc-isa-usage -Wno-objc-interface-ivars -Werror\=objc-root-class -Wno-arc-repeated-use-of-weak -Wimplicit-retain-self -Wno-non-virtual-dtor -Wno-overloaded-virtual -Wno-exit-time-destructors -Wduplicate-method-match -Wno-missing-braces -Wparentheses -Wswitch -Wunused-function -Wno-unused-label -Wno-unused-parameter -Wunused-variable -Wunused-value -Wempty-body -Wuninitialized -Wconditional-uninitialized -Wno-unknown-pragmas -Wno-shadow -Wno-four-char-constants -Wno-conversion -Wconstant-conversion -Wint-conversion -Wbool-conversion -Wenum-conversion -Wno-float-conversion -Wnon-literal-null-conversion -Wobjc-literal-conversion -Wshorten-64-to-32 -Wno-newline-eof -Wno-selector -Wno-strict-selector-match -Wundeclared-selector -Wdeprecated-implementations -Wno-c++11-extensions -Wno-implicit-fallthrough -isysroot /Applications/Xcode.app/Contents/Developer/Platforms/iPhoneSimulator.platform/Developer/SDKs/iPhoneSimulator26.5.sdk -fstrict-aliasing -Wprotocol -Wdeprecated-declarations -Winvalid-offsetof -Wno-sign-conversion -Winfinite-recursion -Wmove -Wcomma -Wblock-capture-autoreleasing -Wstrict-prototypes -Wrange-loop-analysis -Wno-semicolon-before-method-body -Wunguarded-availability -index-store-path /Users/karelbraborec/Library/Developer/Xcode/DerivedData/revmeter-hbcnswmlqmbpnlazhhkncgeowiss/Index.noindex/DataStore -Wno-comma -Wno-shorten-64-to-32 -Wno-documentation @/Users/karelbraborec/Library/Developer/Xcode/DerivedData/revmeter-hbcnswmlqmbpnlazhhkncgeowiss/Build/Intermediates.noindex/Pods.build/Debug-iphonesimulator/ReactCodegen.build/Objects-normal/x86_64/af3fcb34312c57c0f52879cdce924b91-common-args.resp -DFOLLY_MOBILE\=1 -DFOLLY_USE_LIBCPP\=1 -DFOLLY_CFG_NO_COROUTINES\=1 -DFOLLY_HAVE_CLOCK_GETTIME\=1 -Wno-comma -Wno-shorten-64-to-32 -Wno-documentation -Wno-nullability-completeness -std\=c++20 -include /Users/karelbraborec/rev-meter/ios/Pods/Target\ Support\ Files/ReactCodegen/ReactCodegen-prefix.pch -MMD -MT dependencies -MF /Users/karelbraborec/Library/Developer/Xcode/DerivedData/revmeter-hbcnswmlqmbpnlazhhkncgeowiss/Build/Intermediates.noindex/Pods.build/Debug-iphonesimulator/ReactCodegen.build/Objects-normal/x86_64/safeareacontext-generated.d --serialize-diagnostics /Users/karelbraborec/Library/Developer/Xcode/DerivedData/revmeter-hbcnswmlqmbpnlazhhkncgeowiss/Build/Intermediates.noindex/Pods.build/Debug-iphonesimulator/ReactCodegen.build/Objects-normal/x86_64/safeareacontext-generated.dia -c /Users/karelbraborec/rev-meter/ios/build/generated/ios/ReactCodegen/safeareacontext/safeareacontext-generated.mm -o /Users/karelbraborec/Library/Developer/Xcode/DerivedData/revmeter-hbcnswmlqmbpnlazhhkncgeowiss/Build/Intermediates.noindex/Pods.build/Debug-iphonesimulator/ReactCodegen.build/Objects-normal/x86_64/safeareacontext-generated.o -index-unit-output-path /Pods.build/Debug-iphonesimulator/ReactCodegen.build/Objects-normal/x86_64/safeareacontext-generated.o

CompileC /Users/karelbraborec/Library/Developer/Xcode/DerivedData/revmeter-hbcnswmlqmbpnlazhhkncgeowiss/Build/Intermediates.noindex/Pods.build/Debug-iphonesimulator/ReactCodegen.build/Objects-normal/x86_64/States-3014abc11e79bb843ca071c141146958.o /Users/karelbraborec/rev-meter/ios/build/generated/ios/ReactCodegen/react/renderer/components/rngesturehandler_codegen/States.cpp normal x86_64 c++ com.apple.compilers.llvm.clang.1_0.compiler (in target 'ReactCodegen' from project 'Pods')
    cd /Users/karelbraborec/rev-meter/ios/Pods
    
    Using response file: /Users/karelbraborec/Library/Developer/Xcode/DerivedData/revmeter-hbcnswmlqmbpnlazhhkncgeowiss/Build/Intermediates.noindex/Pods.build/Debug-iphonesimulator/ReactCodegen.build/Objects-normal/x86_64/82b82416624d2658e5098eb0a28c15c5-common-args.resp
    
    /Applications/Xcode.app/Contents/Developer/Toolchains/XcodeDefault.xctoolchain/usr/bin/clang -x c++ -ivfsstatcache /Users/karelbraborec/Library/Developer/Xcode/DerivedData/SDKStatCaches.noindex/iphonesimulator26.5-23F81a-6cfe768891a92b912361537c460fe42b.sdkstatcache -target x86_64-apple-ios15.1-simulator -fmessage-length\=0 -fdiagnostics-show-note-include-stack -fmacro-backtrace-limit\=0 -fno-color-diagnostics -fmodules-prune-interval\=86400 -fmodules-prune-after\=345600 -fbuild-session-file\=/Users/karelbraborec/Library/Developer/Xcode/DerivedData/ModuleCache.noindex/Session.modulevalidation -fmodules-validate-once-per-build-session -Wnon-modular-include-in-framework-module -Werror\=non-modular-include-in-framework-module -Wno-trigraphs -Wno-missing-field-initializers -Wno-missing-prototypes -Werror\=return-type -Wdocumentation -Wunreachable-code -Werror\=deprecated-objc-isa-usage -Werror\=objc-root-class -Wno-non-virtual-dtor -Wno-overloaded-virtual -Wno-exit-time-destructors -Wno-missing-braces -Wparentheses -Wswitch -Wunused-function -Wno-unused-label -Wno-unused-parameter -Wunused-variable -Wunused-value -Wempty-body -Wuninitialized -Wconditional-uninitialized -Wno-unknown-pragmas -Wno-shadow -Wno-four-char-constants -Wno-conversion -Wconstant-conversion -Wint-conversion -Wbool-conversion -Wenum-conversion -Wno-float-conversion -Wnon-literal-null-conversion -Wobjc-literal-conversion -Wshorten-64-to-32 -Wno-newline-eof -Wno-c++11-extensions -Wno-implicit-fallthrough -isysroot /Applications/Xcode.app/Contents/Developer/Platforms/iPhoneSimulator.platform/Developer/SDKs/iPhoneSimulator26.5.sdk -fstrict-aliasing -Wdeprecated-declarations -Winvalid-offsetof -Wno-sign-conversion -Winfinite-recursion -Wmove -Wcomma -Wblock-capture-autoreleasing -Wstrict-prototypes -Wrange-loop-analysis -Wno-semicolon-before-method-body -Wunguarded-availability -index-store-path /Users/karelbraborec/Library/Developer/Xcode/DerivedData/revmeter-hbcnswmlqmbpnlazhhkncgeowiss/Index.noindex/DataStore -Wno-comma -Wno-shorten-64-to-32 -Wno-documentation @/Users/karelbraborec/Library/Developer/Xcode/DerivedData/revmeter-hbcnswmlqmbpnlazhhkncgeowiss/Build/Intermediates.noindex/Pods.build/Debug-iphonesimulator/ReactCodegen.build/Objects-normal/x86_64/82b82416624d2658e5098eb0a28c15c5-common-args.resp -DFOLLY_MOBILE\=1 -DFOLLY_USE_LIBCPP\=1 -DFOLLY_CFG_NO_COROUTINES\=1 -DFOLLY_HAVE_CLOCK_GETTIME\=1 -Wno-comma -Wno-shorten-64-to-32 -Wno-documentation -Wno-nullability-completeness -std\=c++20 -include /Users/karelbraborec/rev-meter/ios/Pods/Target\ Support\ Files/ReactCodegen/ReactCodegen-prefix.pch -MMD -MT dependencies -MF /Users/karelbraborec/Library/Developer/Xcode/DerivedData/revmeter-hbcnswmlqmbpnlazhhkncgeowiss/Build/Intermediates.noindex/Pods.build/Debug-iphonesimulator/ReactCodegen.build/Objects-normal/x86_64/States-3014abc11e79bb843ca071c141146958.d --serialize-diagnostics /Users/karelbraborec/Library/Developer/Xcode/DerivedData/revmeter-hbcnswmlqmbpnlazhhkncgeowiss/Build/Intermediates.noindex/Pods.build/Debug-iphonesimulator/ReactCodegen.build/Objects-normal/x86_64/States-3014abc11e79bb843ca071c141146958.dia -c /Users/karelbraborec/rev-meter/ios/build/generated/ios/ReactCodegen/react/renderer/components/rngesturehandler_codegen/States.cpp -o /Users/karelbraborec/Library/Developer/Xcode/DerivedData/revmeter-hbcnswmlqmbpnlazhhkncgeowiss/Build/Intermediates.noindex/Pods.build/Debug-iphonesimulator/ReactCodegen.build/Objects-normal/x86_64/States-3014abc11e79bb843ca071c141146958.o -index-unit-output-path /Pods.build/Debug-iphonesimulator/ReactCodegen.build/Objects-normal/x86_64/States-3014abc11e79bb843ca071c141146958.o

CompileC /Users/karelbraborec/Library/Developer/Xcode/DerivedData/revmeter-hbcnswmlqmbpnlazhhkncgeowiss/Build/Intermediates.noindex/Pods.build/Debug-iphonesimulator/ReactCodegen.build/Objects-normal/x86_64/States-295b6137d795a85fe8900ba3ab647bc1.o /Users/karelbraborec/rev-meter/ios/build/generated/ios/ReactCodegen/react/renderer/components/RNCSlider/States.cpp normal x86_64 c++ com.apple.compilers.llvm.clang.1_0.compiler (in target 'ReactCodegen' from project 'Pods')
    cd /Users/karelbraborec/rev-meter/ios/Pods
    
    Using response file: /Users/karelbraborec/Library/Developer/Xcode/DerivedData/revmeter-hbcnswmlqmbpnlazhhkncgeowiss/Build/Intermediates.noindex/Pods.build/Debug-iphonesimulator/ReactCodegen.build/Objects-normal/x86_64/82b82416624d2658e5098eb0a28c15c5-common-args.resp
    
    /Applications/Xcode.app/Contents/Developer/Toolchains/XcodeDefault.xctoolchain/usr/bin/clang -x c++ -ivfsstatcache /Users/karelbraborec/Library/Developer/Xcode/DerivedData/SDKStatCaches.noindex/iphonesimulator26.5-23F81a-6cfe768891a92b912361537c460fe42b.sdkstatcache -target x86_64-apple-ios15.1-simulator -fmessage-length\=0 -fdiagnostics-show-note-include-stack -fmacro-backtrace-limit\=0 -fno-color-diagnostics -fmodules-prune-interval\=86400 -fmodules-prune-after\=345600 -fbuild-session-file\=/Users/karelbraborec/Library/Developer/Xcode/DerivedData/ModuleCache.noindex/Session.modulevalidation -fmodules-validate-once-per-build-session -Wnon-modular-include-in-framework-module -Werror\=non-modular-include-in-framework-module -Wno-trigraphs -Wno-missing-field-initializers -Wno-missing-prototypes -Werror\=return-type -Wdocumentation -Wunreachable-code -Werror\=deprecated-objc-isa-usage -Werror\=objc-root-class -Wno-non-virtual-dtor -Wno-overloaded-virtual -Wno-exit-time-destructors -Wno-missing-braces -Wparentheses -Wswitch -Wunused-function -Wno-unused-label -Wno-unused-parameter -Wunused-variable -Wunused-value -Wempty-body -Wuninitialized -Wconditional-uninitialized -Wno-unknown-pragmas -Wno-shadow -Wno-four-char-constants -Wno-conversion -Wconstant-conversion -Wint-conversion -Wbool-conversion -Wenum-conversion -Wno-float-conversion -Wnon-literal-null-conversion -Wobjc-literal-conversion -Wshorten-64-to-32 -Wno-newline-eof -Wno-c++11-extensions -Wno-implicit-fallthrough -isysroot /Applications/Xcode.app/Contents/Developer/Platforms/iPhoneSimulator.platform/Developer/SDKs/iPhoneSimulator26.5.sdk -fstrict-aliasing -Wdeprecated-declarations -Winvalid-offsetof -Wno-sign-conversion -Winfinite-recursion -Wmove -Wcomma -Wblock-capture-autoreleasing -Wstrict-prototypes -Wrange-loop-analysis -Wno-semicolon-before-method-body -Wunguarded-availability -index-store-path /Users/karelbraborec/Library/Developer/Xcode/DerivedData/revmeter-hbcnswmlqmbpnlazhhkncgeowiss/Index.noindex/DataStore -Wno-comma -Wno-shorten-64-to-32 -Wno-documentation @/Users/karelbraborec/Library/Developer/Xcode/DerivedData/revmeter-hbcnswmlqmbpnlazhhkncgeowiss/Build/Intermediates.noindex/Pods.build/Debug-iphonesimulator/ReactCodegen.build/Objects-normal/x86_64/82b82416624d2658e5098eb0a28c15c5-common-args.resp -DFOLLY_MOBILE\=1 -DFOLLY_USE_LIBCPP\=1 -DFOLLY_CFG_NO_COROUTINES\=1 -DFOLLY_HAVE_CLOCK_GETTIME\=1 -Wno-comma -Wno-shorten-64-to-32 -Wno-documentation -Wno-nullability-completeness -std\=c++20 -include /Users/karelbraborec/rev-meter/ios/Pods/Target\ Support\ Files/ReactCodegen/ReactCodegen-prefix.pch -MMD -MT dependencies -MF /Users/karelbraborec/Library/Developer/Xcode/DerivedData/revmeter-hbcnswmlqmbpnlazhhkncgeowiss/Build/Intermediates.noindex/Pods.build/Debug-iphonesimulator/ReactCodegen.build/Objects-normal/x86_64/States-295b6137d795a85fe8900ba3ab647bc1.d --serialize-diagnostics /Users/karelbraborec/Library/Developer/Xcode/DerivedData/revmeter-hbcnswmlqmbpnlazhhkncgeowiss/Build/Intermediates.noindex/Pods.build/Debug-iphonesimulator/ReactCodegen.build/Objects-normal/x86_64/States-295b6137d795a85fe8900ba3ab647bc1.dia -c /Users/karelbraborec/rev-meter/ios/build/generated/ios/ReactCodegen/react/renderer/components/RNCSlider/States.cpp -o /Users/karelbraborec/Library/Developer/Xcode/DerivedData/revmeter-hbcnswmlqmbpnlazhhkncgeowiss/Build/Intermediates.noindex/Pods.build/Debug-iphonesimulator/ReactCodegen.build/Objects-normal/x86_64/States-295b6137d795a85fe8900ba3ab647bc1.o -index-unit-output-path /Pods.build/Debug-iphonesimulator/ReactCodegen.build/Objects-normal/x86_64/States-295b6137d795a85fe8900ba3ab647bc1.o

CompileC /Users/karelbraborec/Library/Developer/Xcode/DerivedData/revmeter-hbcnswmlqmbpnlazhhkncgeowiss/Build/Intermediates.noindex/Pods.build/Debug-iphonesimulator/ReactCodegen.build/Objects-normal/x86_64/ShadowNodes-f9e4b602052f7b23d8a04698eaac53b2.o /Users/karelbraborec/rev-meter/ios/build/generated/ios/ReactCodegen/react/renderer/components/rnreanimated/ShadowNodes.cpp normal x86_64 c++ com.apple.compilers.llvm.clang.1_0.compiler (in target 'ReactCodegen' from project 'Pods')
    cd /Users/karelbraborec/rev-meter/ios/Pods
    
    Using response file: /Users/karelbraborec/Library/Developer/Xcode/DerivedData/revmeter-hbcnswmlqmbpnlazhhkncgeowiss/Build/Intermediates.noindex/Pods.build/Debug-iphonesimulator/ReactCodegen.build/Objects-normal/x86_64/82b82416624d2658e5098eb0a28c15c5-common-args.resp
    
    /Applications/Xcode.app/Contents/Developer/Toolchains/XcodeDefault.xctoolchain/usr/bin/clang -x c++ -ivfsstatcache /Users/karelbraborec/Library/Developer/Xcode/DerivedData/SDKStatCaches.noindex/iphonesimulator26.5-23F81a-6cfe768891a92b912361537c460fe42b.sdkstatcache -target x86_64-apple-ios15.1-simulator -fmessage-length\=0 -fdiagnostics-show-note-include-stack -fmacro-backtrace-limit\=0 -fno-color-diagnostics -fmodules-prune-interval\=86400 -fmodules-prune-after\=345600 -fbuild-session-file\=/Users/karelbraborec/Library/Developer/Xcode/DerivedData/ModuleCache.noindex/Session.modulevalidation -fmodules-validate-once-per-build-session -Wnon-modular-include-in-framework-module -Werror\=non-modular-include-in-framework-module -Wno-trigraphs -Wno-missing-field-initializers -Wno-missing-prototypes -Werror\=return-type -Wdocumentation -Wunreachable-code -Werror\=deprecated-objc-isa-usage -Werror\=objc-root-class -Wno-non-virtual-dtor -Wno-overloaded-virtual -Wno-exit-time-destructors -Wno-missing-braces -Wparentheses -Wswitch -Wunused-function -Wno-unused-label -Wno-unused-parameter -Wunused-variable -Wunused-value -Wempty-body -Wuninitialized -Wconditional-uninitialized -Wno-unknown-pragmas -Wno-shadow -Wno-four-char-constants -Wno-conversion -Wconstant-conversion -Wint-conversion -Wbool-conversion -Wenum-conversion -Wno-float-conversion -Wnon-literal-null-conversion -Wobjc-literal-conversion -Wshorten-64-to-32 -Wno-newline-eof -Wno-c++11-extensions -Wno-implicit-fallthrough -isysroot /Applications/Xcode.app/Contents/Developer/Platforms/iPhoneSimulator.platform/Developer/SDKs/iPhoneSimulator26.5.sdk -fstrict-aliasing -Wdeprecated-declarations -Winvalid-offsetof -Wno-sign-conversion -Winfinite-recursion -Wmove -Wcomma -Wblock-capture-autoreleasing -Wstrict-prototypes -Wrange-loop-analysis -Wno-semicolon-before-method-body -Wunguarded-availability -index-store-path /Users/karelbraborec/Library/Developer/Xcode/DerivedData/revmeter-hbcnswmlqmbpnlazhhkncgeowiss/Index.noindex/DataStore -Wno-comma -Wno-shorten-64-to-32 -Wno-documentation @/Users/karelbraborec/Library/Developer/Xcode/DerivedData/revmeter-hbcnswmlqmbpnlazhhkncgeowiss/Build/Intermediates.noindex/Pods.build/Debug-iphonesimulator/ReactCodegen.build/Objects-normal/x86_64/82b82416624d2658e5098eb0a28c15c5-common-args.resp -DFOLLY_MOBILE\=1 -DFOLLY_USE_LIBCPP\=1 -DFOLLY_CFG_NO_COROUTINES\=1 -DFOLLY_HAVE_CLOCK_GETTIME\=1 -Wno-comma -Wno-shorten-64-to-32 -Wno-documentation -Wno-nullability-completeness -std\=c++20 -include /Users/karelbraborec/rev-meter/ios/Pods/Target\ Support\ Files/ReactCodegen/ReactCodegen-prefix.pch -MMD -MT dependencies -MF /Users/karelbraborec/Library/Developer/Xcode/DerivedData/revmeter-hbcnswmlqmbpnlazhhkncgeowiss/Build/Intermediates.noindex/Pods.build/Debug-iphonesimulator/ReactCodegen.build/Objects-normal/x86_64/ShadowNodes-f9e4b602052f7b23d8a04698eaac53b2.d --serialize-diagnostics /Users/karelbraborec/Library/Developer/Xcode/DerivedData/revmeter-hbcnswmlqmbpnlazhhkncgeowiss/Build/Intermediates.noindex/Pods.build/Debug-iphonesimulator/ReactCodegen.build/Objects-normal/x86_64/ShadowNodes-f9e4b602052f7b23d8a04698eaac53b2.dia -c /Users/karelbraborec/rev-meter/ios/build/generated/ios/ReactCodegen/react/renderer/components/rnreanimated/ShadowNodes.cpp -o /Users/karelbraborec/Library/Developer/Xcode/DerivedData/revmeter-hbcnswmlqmbpnlazhhkncgeowiss/Build/Intermediates.noindex/Pods.build/Debug-iphonesimulator/ReactCodegen.build/Objects-normal/x86_64/ShadowNodes-f9e4b602052f7b23d8a04698eaac53b2.o -index-unit-output-path /Pods.build/Debug-iphonesimulator/ReactCodegen.build/Objects-normal/x86_64/ShadowNodes-f9e4b602052f7b23d8a04698eaac53b2.o

CompileC /Users/karelbraborec/Library/Developer/Xcode/DerivedData/revmeter-hbcnswmlqmbpnlazhhkncgeowiss/Build/Intermediates.noindex/Pods.build/Debug-iphonesimulator/ReactCodegen.build/Objects-normal/x86_64/ShadowNodes-ca34710ce449cd5bf962cc1fcb9f74b0.o /Users/karelbraborec/rev-meter/ios/build/generated/ios/ReactCodegen/react/renderer/components/safeareacontext/ShadowNodes.cpp normal x86_64 c++ com.apple.compilers.llvm.clang.1_0.compiler (in target 'ReactCodegen' from project 'Pods')
    cd /Users/karelbraborec/rev-meter/ios/Pods
    
    Using response file: /Users/karelbraborec/Library/Developer/Xcode/DerivedData/revmeter-hbcnswmlqmbpnlazhhkncgeowiss/Build/Intermediates.noindex/Pods.build/Debug-iphonesimulator/ReactCodegen.build/Objects-normal/x86_64/82b82416624d2658e5098eb0a28c15c5-common-args.resp
    
    /Applications/Xcode.app/Contents/Developer/Toolchains/XcodeDefault.xctoolchain/usr/bin/clang -x c++ -ivfsstatcache /Users/karelbraborec/Library/Developer/Xcode/DerivedData/SDKStatCaches.noindex/iphonesimulator26.5-23F81a-6cfe768891a92b912361537c460fe42b.sdkstatcache -target x86_64-apple-ios15.1-simulator -fmessage-length\=0 -fdiagnostics-show-note-include-stack -fmacro-backtrace-limit\=0 -fno-color-diagnostics -fmodules-prune-interval\=86400 -fmodules-prune-after\=345600 -fbuild-session-file\=/Users/karelbraborec/Library/Developer/Xcode/DerivedData/ModuleCache.noindex/Session.modulevalidation -fmodules-validate-once-per-build-session -Wnon-modular-include-in-framework-module -Werror\=non-modular-include-in-framework-module -Wno-trigraphs -Wno-missing-field-initializers -Wno-missing-prototypes -Werror\=return-type -Wdocumentation -Wunreachable-code -Werror\=deprecated-objc-isa-usage -Werror\=objc-root-class -Wno-non-virtual-dtor -Wno-overloaded-virtual -Wno-exit-time-destructors -Wno-missing-braces -Wparentheses -Wswitch -Wunused-function -Wno-unused-label -Wno-unused-parameter -Wunused-variable -Wunused-value -Wempty-body -Wuninitialized -Wconditional-uninitialized -Wno-unknown-pragmas -Wno-shadow -Wno-four-char-constants -Wno-conversion -Wconstant-conversion -Wint-conversion -Wbool-conversion -Wenum-conversion -Wno-float-conversion -Wnon-literal-null-conversion -Wobjc-literal-conversion -Wshorten-64-to-32 -Wno-newline-eof -Wno-c++11-extensions -Wno-implicit-fallthrough -isysroot /Applications/Xcode.app/Contents/Developer/Platforms/iPhoneSimulator.platform/Developer/SDKs/iPhoneSimulator26.5.sdk -fstrict-aliasing -Wdeprecated-declarations -Winvalid-offsetof -Wno-sign-conversion -Winfinite-recursion -Wmove -Wcomma -Wblock-capture-autoreleasing -Wstrict-prototypes -Wrange-loop-analysis -Wno-semicolon-before-method-body -Wunguarded-availability -index-store-path /Users/karelbraborec/Library/Developer/Xcode/DerivedData/revmeter-hbcnswmlqmbpnlazhhkncgeowiss/Index.noindex/DataStore -Wno-comma -Wno-shorten-64-to-32 -Wno-documentation @/Users/karelbraborec/Library/Developer/Xcode/DerivedData/revmeter-hbcnswmlqmbpnlazhhkncgeowiss/Build/Intermediates.noindex/Pods.build/Debug-iphonesimulator/ReactCodegen.build/Objects-normal/x86_64/82b82416624d2658e5098eb0a28c15c5-common-args.resp -DFOLLY_MOBILE\=1 -DFOLLY_USE_LIBCPP\=1 -DFOLLY_CFG_NO_COROUTINES\=1 -DFOLLY_HAVE_CLOCK_GETTIME\=1 -Wno-comma -Wno-shorten-64-to-32 -Wno-documentation -Wno-nullability-completeness -std\=c++20 -include /Users/karelbraborec/rev-meter/ios/Pods/Target\ Support\ Files/ReactCodegen/ReactCodegen-prefix.pch -MMD -MT dependencies -MF /Users/karelbraborec/Library/Developer/Xcode/DerivedData/revmeter-hbcnswmlqmbpnlazhhkncgeowiss/Build/Intermediates.noindex/Pods.build/Debug-iphonesimulator/ReactCodegen.build/Objects-normal/x86_64/ShadowNodes-ca34710ce449cd5bf962cc1fcb9f74b0.d --serialize-diagnostics /Users/karelbraborec/Library/Developer/Xcode/DerivedData/revmeter-hbcnswmlqmbpnlazhhkncgeowiss/Build/Intermediates.noindex/Pods.build/Debug-iphonesimulator/ReactCodegen.build/Objects-normal/x86_64/ShadowNodes-ca34710ce449cd5bf962cc1fcb9f74b0.dia -c /Users/karelbraborec/rev-meter/ios/build/generated/ios/ReactCodegen/react/renderer/components/safeareacontext/ShadowNodes.cpp -o /Users/karelbraborec/Library/Developer/Xcode/DerivedData/revmeter-hbcnswmlqmbpnlazhhkncgeowiss/Build/Intermediates.noindex/Pods.build/Debug-iphonesimulator/ReactCodegen.build/Objects-normal/x86_64/ShadowNodes-ca34710ce449cd5bf962cc1fcb9f74b0.o -index-unit-output-path /Pods.build/Debug-iphonesimulator/ReactCodegen.build/Objects-normal/x86_64/ShadowNodes-ca34710ce449cd5bf962cc1fcb9f74b0.o

CompileC /Users/karelbraborec/Library/Developer/Xcode/DerivedData/revmeter-hbcnswmlqmbpnlazhhkncgeowiss/Build/Intermediates.noindex/Pods.build/Debug-iphonesimulator/ReactCodegen.build/Objects-normal/x86_64/ShadowNodes-be6460fc040ac84229c64dffc529f796.o /Users/karelbraborec/rev-meter/ios/build/generated/ios/ReactCodegen/react/renderer/components/rngesturehandler_codegen/ShadowNodes.cpp normal x86_64 c++ com.apple.compilers.llvm.clang.1_0.compiler (in target 'ReactCodegen' from project 'Pods')
    cd /Users/karelbraborec/rev-meter/ios/Pods
    
    Using response file: /Users/karelbraborec/Library/Developer/Xcode/DerivedData/revmeter-hbcnswmlqmbpnlazhhkncgeowiss/Build/Intermediates.noindex/Pods.build/Debug-iphonesimulator/ReactCodegen.build/Objects-normal/x86_64/82b82416624d2658e5098eb0a28c15c5-common-args.resp
    
    /Applications/Xcode.app/Contents/Developer/Toolchains/XcodeDefault.xctoolchain/usr/bin/clang -x c++ -ivfsstatcache /Users/karelbraborec/Library/Developer/Xcode/DerivedData/SDKStatCaches.noindex/iphonesimulator26.5-23F81a-6cfe768891a92b912361537c460fe42b.sdkstatcache -target x86_64-apple-ios15.1-simulator -fmessage-length\=0 -fdiagnostics-show-note-include-stack -fmacro-backtrace-limit\=0 -fno-color-diagnostics -fmodules-prune-interval\=86400 -fmodules-prune-after\=345600 -fbuild-session-file\=/Users/karelbraborec/Library/Developer/Xcode/DerivedData/ModuleCache.noindex/Session.modulevalidation -fmodules-validate-once-per-build-session -Wnon-modular-include-in-framework-module -Werror\=non-modular-include-in-framework-module -Wno-trigraphs -Wno-missing-field-initializers -Wno-missing-prototypes -Werror\=return-type -Wdocumentation -Wunreachable-code -Werror\=deprecated-objc-isa-usage -Werror\=objc-root-class -Wno-non-virtual-dtor -Wno-overloaded-virtual -Wno-exit-time-destructors -Wno-missing-braces -Wparentheses -Wswitch -Wunused-function -Wno-unused-label -Wno-unused-parameter -Wunused-variable -Wunused-value -Wempty-body -Wuninitialized -Wconditional-uninitialized -Wno-unknown-pragmas -Wno-shadow -Wno-four-char-constants -Wno-conversion -Wconstant-conversion -Wint-conversion -Wbool-conversion -Wenum-conversion -Wno-float-conversion -Wnon-literal-null-conversion -Wobjc-literal-conversion -Wshorten-64-to-32 -Wno-newline-eof -Wno-c++11-extensions -Wno-implicit-fallthrough -isysroot /Applications/Xcode.app/Contents/Developer/Platforms/iPhoneSimulator.platform/Developer/SDKs/iPhoneSimulator26.5.sdk -fstrict-aliasing -Wdeprecated-declarations -Winvalid-offsetof -Wno-sign-conversion -Winfinite-recursion -Wmove -Wcomma -Wblock-capture-autoreleasing -Wstrict-prototypes -Wrange-loop-analysis -Wno-semicolon-before-method-body -Wunguarded-availability -index-store-path /Users/karelbraborec/Library/Developer/Xcode/DerivedData/revmeter-hbcnswmlqmbpnlazhhkncgeowiss/Index.noindex/DataStore -Wno-comma -Wno-shorten-64-to-32 -Wno-documentation @/Users/karelbraborec/Library/Developer/Xcode/DerivedData/revmeter-hbcnswmlqmbpnlazhhkncgeowiss/Build/Intermediates.noindex/Pods.build/Debug-iphonesimulator/ReactCodegen.build/Objects-normal/x86_64/82b82416624d2658e5098eb0a28c15c5-common-args.resp -DFOLLY_MOBILE\=1 -DFOLLY_USE_LIBCPP\=1 -DFOLLY_CFG_NO_COROUTINES\=1 -DFOLLY_HAVE_CLOCK_GETTIME\=1 -Wno-comma -Wno-shorten-64-to-32 -Wno-documentation -Wno-nullability-completeness -std\=c++20 -include /Users/karelbraborec/rev-meter/ios/Pods/Target\ Support\ Files/ReactCodegen/ReactCodegen-prefix.pch -MMD -MT dependencies -MF /Users/karelbraborec/Library/Developer/Xcode/DerivedData/revmeter-hbcnswmlqmbpnlazhhkncgeowiss/Build/Intermediates.noindex/Pods.build/Debug-iphonesimulator/ReactCodegen.build/Objects-normal/x86_64/ShadowNodes-be6460fc040ac84229c64dffc529f796.d --serialize-diagnostics /Users/karelbraborec/Library/Developer/Xcode/DerivedData/revmeter-hbcnswmlqmbpnlazhhkncgeowiss/Build/Intermediates.noindex/Pods.build/Debug-iphonesimulator/ReactCodegen.build/Objects-normal/x86_64/ShadowNodes-be6460fc040ac84229c64dffc529f796.dia -c /Users/karelbraborec/rev-meter/ios/build/generated/ios/ReactCodegen/react/renderer/components/rngesturehandler_codegen/ShadowNodes.cpp -o /Users/karelbraborec/Library/Developer/Xcode/DerivedData/revmeter-hbcnswmlqmbpnlazhhkncgeowiss/Build/Intermediates.noindex/Pods.build/Debug-iphonesimulator/ReactCodegen.build/Objects-normal/x86_64/ShadowNodes-be6460fc040ac84229c64dffc529f796.o -index-unit-output-path /Pods.build/Debug-iphonesimulator/ReactCodegen.build/Objects-normal/x86_64/ShadowNodes-be6460fc040ac84229c64dffc529f796.o

CompileC /Users/karelbraborec/Library/Developer/Xcode/DerivedData/revmeter-hbcnswmlqmbpnlazhhkncgeowiss/Build/Intermediates.noindex/Pods.build/Debug-iphonesimulator/ReactCodegen.build/Objects-normal/x86_64/ShadowNodes-b77a7f79bbd370cf962897c7ba13a29b.o /Users/karelbraborec/rev-meter/ios/build/generated/ios/ReactCodegen/react/renderer/components/RNCSlider/ShadowNodes.cpp normal x86_64 c++ com.apple.compilers.llvm.clang.1_0.compiler (in target 'ReactCodegen' from project 'Pods')
    cd /Users/karelbraborec/rev-meter/ios/Pods
    
    Using response file: /Users/karelbraborec/Library/Developer/Xcode/DerivedData/revmeter-hbcnswmlqmbpnlazhhkncgeowiss/Build/Intermediates.noindex/Pods.build/Debug-iphonesimulator/ReactCodegen.build/Objects-normal/x86_64/82b82416624d2658e5098eb0a28c15c5-common-args.resp
    
    /Applications/Xcode.app/Contents/Developer/Toolchains/XcodeDefault.xctoolchain/usr/bin/clang -x c++ -ivfsstatcache /Users/karelbraborec/Library/Developer/Xcode/DerivedData/SDKStatCaches.noindex/iphonesimulator26.5-23F81a-6cfe768891a92b912361537c460fe42b.sdkstatcache -target x86_64-apple-ios15.1-simulator -fmessage-length\=0 -fdiagnostics-show-note-include-stack -fmacro-backtrace-limit\=0 -fno-color-diagnostics -fmodules-prune-interval\=86400 -fmodules-prune-after\=345600 -fbuild-session-file\=/Users/karelbraborec/Library/Developer/Xcode/DerivedData/ModuleCache.noindex/Session.modulevalidation -fmodules-validate-once-per-build-session -Wnon-modular-include-in-framework-module -Werror\=non-modular-include-in-framework-module -Wno-trigraphs -Wno-missing-field-initializers -Wno-missing-prototypes -Werror\=return-type -Wdocumentation -Wunreachable-code -Werror\=deprecated-objc-isa-usage -Werror\=objc-root-class -Wno-non-virtual-dtor -Wno-overloaded-virtual -Wno-exit-time-destructors -Wno-missing-braces -Wparentheses -Wswitch -Wunused-function -Wno-unused-label -Wno-unused-parameter -Wunused-variable -Wunused-value -Wempty-body -Wuninitialized -Wconditional-uninitialized -Wno-unknown-pragmas -Wno-shadow -Wno-four-char-constants -Wno-conversion -Wconstant-conversion -Wint-conversion -Wbool-conversion -Wenum-conversion -Wno-float-conversion -Wnon-literal-null-conversion -Wobjc-literal-conversion -Wshorten-64-to-32 -Wno-newline-eof -Wno-c++11-extensions -Wno-implicit-fallthrough -isysroot /Applications/Xcode.app/Contents/Developer/Platforms/iPhoneSimulator.platform/Developer/SDKs/iPhoneSimulator26.5.sdk -fstrict-aliasing -Wdeprecated-declarations -Winvalid-offsetof -Wno-sign-conversion -Winfinite-recursion -Wmove -Wcomma -Wblock-capture-autoreleasing -Wstrict-prototypes -Wrange-loop-analysis -Wno-semicolon-before-method-body -Wunguarded-availability -index-store-path /Users/karelbraborec/Library/Developer/Xcode/DerivedData/revmeter-hbcnswmlqmbpnlazhhkncgeowiss/Index.noindex/DataStore -Wno-comma -Wno-shorten-64-to-32 -Wno-documentation @/Users/karelbraborec/Library/Developer/Xcode/DerivedData/revmeter-hbcnswmlqmbpnlazhhkncgeowiss/Build/Intermediates.noindex/Pods.build/Debug-iphonesimulator/ReactCodegen.build/Objects-normal/x86_64/82b82416624d2658e5098eb0a28c15c5-common-args.resp -DFOLLY_MOBILE\=1 -DFOLLY_USE_LIBCPP\=1 -DFOLLY_CFG_NO_COROUTINES\=1 -DFOLLY_HAVE_CLOCK_GETTIME\=1 -Wno-comma -Wno-shorten-64-to-32 -Wno-documentation -Wno-nullability-completeness -std\=c++20 -include /Users/karelbraborec/rev-meter/ios/Pods/Target\ Support\ Files/ReactCodegen/ReactCodegen-prefix.pch -MMD -MT dependencies -MF /Users/karelbraborec/Library/Developer/Xcode/DerivedData/revmeter-hbcnswmlqmbpnlazhhkncgeowiss/Build/Intermediates.noindex/Pods.build/Debug-iphonesimulator/ReactCodegen.build/Objects-normal/x86_64/ShadowNodes-b77a7f79bbd370cf962897c7ba13a29b.d --serialize-diagnostics /Users/karelbraborec/Library/Developer/Xcode/DerivedData/revmeter-hbcnswmlqmbpnlazhhkncgeowiss/Build/Intermediates.noindex/Pods.build/Debug-iphonesimulator/ReactCodegen.build/Objects-normal/x86_64/ShadowNodes-b77a7f79bbd370cf962897c7ba13a29b.dia -c /Users/karelbraborec/rev-meter/ios/build/generated/ios/ReactCodegen/react/renderer/components/RNCSlider/ShadowNodes.cpp -o /Users/karelbraborec/Library/Developer/Xcode/DerivedData/revmeter-hbcnswmlqmbpnlazhhkncgeowiss/Build/Intermediates.noindex/Pods.build/Debug-iphonesimulator/ReactCodegen.build/Objects-normal/x86_64/ShadowNodes-b77a7f79bbd370cf962897c7ba13a29b.o -index-unit-output-path /Pods.build/Debug-iphonesimulator/ReactCodegen.build/Objects-normal/x86_64/ShadowNodes-b77a7f79bbd370cf962897c7ba13a29b.o

CompileC /Users/karelbraborec/Library/Developer/Xcode/DerivedData/revmeter-hbcnswmlqmbpnlazhhkncgeowiss/Build/Intermediates.noindex/Pods.build/Debug-iphonesimulator/ReactCodegen.build/Objects-normal/x86_64/ShadowNodes-780b86572e9a59203bd9ddefc216120c.o /Users/karelbraborec/rev-meter/ios/build/generated/ios/ReactCodegen/react/renderer/components/rnscreens/ShadowNodes.cpp normal x86_64 c++ com.apple.compilers.llvm.clang.1_0.compiler (in target 'ReactCodegen' from project 'Pods')
    cd /Users/karelbraborec/rev-meter/ios/Pods
    
    Using response file: /Users/karelbraborec/Library/Developer/Xcode/DerivedData/revmeter-hbcnswmlqmbpnlazhhkncgeowiss/Build/Intermediates.noindex/Pods.build/Debug-iphonesimulator/ReactCodegen.build/Objects-normal/x86_64/82b82416624d2658e5098eb0a28c15c5-common-args.resp
    
    /Applications/Xcode.app/Contents/Developer/Toolchains/XcodeDefault.xctoolchain/usr/bin/clang -x c++ -ivfsstatcache /Users/karelbraborec/Library/Developer/Xcode/DerivedData/SDKStatCaches.noindex/iphonesimulator26.5-23F81a-6cfe768891a92b912361537c460fe42b.sdkstatcache -target x86_64-apple-ios15.1-simulator -fmessage-length\=0 -fdiagnostics-show-note-include-stack -fmacro-backtrace-limit\=0 -fno-color-diagnostics -fmodules-prune-interval\=86400 -fmodules-prune-after\=345600 -fbuild-session-file\=/Users/karelbraborec/Library/Developer/Xcode/DerivedData/ModuleCache.noindex/Session.modulevalidation -fmodules-validate-once-per-build-session -Wnon-modular-include-in-framework-module -Werror\=non-modular-include-in-framework-module -Wno-trigraphs -Wno-missing-field-initializers -Wno-missing-prototypes -Werror\=return-type -Wdocumentation -Wunreachable-code -Werror\=deprecated-objc-isa-usage -Werror\=objc-root-class -Wno-non-virtual-dtor -Wno-overloaded-virtual -Wno-exit-time-destructors -Wno-missing-braces -Wparentheses -Wswitch -Wunused-function -Wno-unused-label -Wno-unused-parameter -Wunused-variable -Wunused-value -Wempty-body -Wuninitialized -Wconditional-uninitialized -Wno-unknown-pragmas -Wno-shadow -Wno-four-char-constants -Wno-conversion -Wconstant-conversion -Wint-conversion -Wbool-conversion -Wenum-conversion -Wno-float-conversion -Wnon-literal-null-conversion -Wobjc-literal-conversion -Wshorten-64-to-32 -Wno-newline-eof -Wno-c++11-extensions -Wno-implicit-fallthrough -isysroot /Applications/Xcode.app/Contents/Developer/Platforms/iPhoneSimulator.platform/Developer/SDKs/iPhoneSimulator26.5.sdk -fstrict-aliasing -Wdeprecated-declarations -Winvalid-offsetof -Wno-sign-conversion -Winfinite-recursion -Wmove -Wcomma -Wblock-capture-autoreleasing -Wstrict-prototypes -Wrange-loop-analysis -Wno-semicolon-before-method-body -Wunguarded-availability -index-store-path /Users/karelbraborec/Library/Developer/Xcode/DerivedData/revmeter-hbcnswmlqmbpnlazhhkncgeowiss/Index.noindex/DataStore -Wno-comma -Wno-shorten-64-to-32 -Wno-documentation @/Users/karelbraborec/Library/Developer/Xcode/DerivedData/revmeter-hbcnswmlqmbpnlazhhkncgeowiss/Build/Intermediates.noindex/Pods.build/Debug-iphonesimulator/ReactCodegen.build/Objects-normal/x86_64/82b82416624d2658e5098eb0a28c15c5-common-args.resp -DFOLLY_MOBILE\=1 -DFOLLY_USE_LIBCPP\=1 -DFOLLY_CFG_NO_COROUTINES\=1 -DFOLLY_HAVE_CLOCK_GETTIME\=1 -Wno-comma -Wno-shorten-64-to-32 -Wno-documentation -Wno-nullability-completeness -std\=c++20 -include /Users/karelbraborec/rev-meter/ios/Pods/Target\ Support\ Files/ReactCodegen/ReactCodegen-prefix.pch -MMD -MT dependencies -MF /Users/karelbraborec/Library/Developer/Xcode/DerivedData/revmeter-hbcnswmlqmbpnlazhhkncgeowiss/Build/Intermediates.noindex/Pods.build/Debug-iphonesimulator/ReactCodegen.build/Objects-normal/x86_64/ShadowNodes-780b86572e9a59203bd9ddefc216120c.d --serialize-diagnostics /Users/karelbraborec/Library/Developer/Xcode/DerivedData/revmeter-hbcnswmlqmbpnlazhhkncgeowiss/Build/Intermediates.noindex/Pods.build/Debug-iphonesimulator/ReactCodegen.build/Objects-normal/x86_64/ShadowNodes-780b86572e9a59203bd9ddefc216120c.dia -c /Users/karelbraborec/rev-meter/ios/build/generated/ios/ReactCodegen/react/renderer/components/rnscreens/ShadowNodes.cpp -o /Users/karelbraborec/Library/Developer/Xcode/DerivedData/revmeter-hbcnswmlqmbpnlazhhkncgeowiss/Build/Intermediates.noindex/Pods.build/Debug-iphonesimulator/ReactCodegen.build/Objects-normal/x86_64/ShadowNodes-780b86572e9a59203bd9ddefc216120c.o -index-unit-output-path /Pods.build/Debug-iphonesimulator/ReactCodegen.build/Objects-normal/x86_64/ShadowNodes-780b86572e9a59203bd9ddefc216120c.o

CompileC /Users/karelbraborec/Library/Developer/Xcode/DerivedData/revmeter-hbcnswmlqmbpnlazhhkncgeowiss/Build/Intermediates.noindex/Pods.build/Debug-iphonesimulator/ReactCodegen.build/Objects-normal/x86_64/RCTUnstableModulesRequiringMainQueueSetupProvider.o /Users/karelbraborec/rev-meter/ios/build/generated/ios/ReactCodegen/RCTUnstableModulesRequiringMainQueueSetupProvider.mm normal x86_64 objective-c++ com.apple.compilers.llvm.clang.1_0.compiler (in target 'ReactCodegen' from project 'Pods')
    cd /Users/karelbraborec/rev-meter/ios/Pods
    
    Using response file: /Users/karelbraborec/Library/Developer/Xcode/DerivedData/revmeter-hbcnswmlqmbpnlazhhkncgeowiss/Build/Intermediates.noindex/Pods.build/Debug-iphonesimulator/ReactCodegen.build/Objects-normal/x86_64/af3fcb34312c57c0f52879cdce924b91-common-args.resp
    
    /Applications/Xcode.app/Contents/Developer/Toolchains/XcodeDefault.xctoolchain/usr/bin/clang -x objective-c++ -ivfsstatcache /Users/karelbraborec/Library/Developer/Xcode/DerivedData/SDKStatCaches.noindex/iphonesimulator26.5-23F81a-6cfe768891a92b912361537c460fe42b.sdkstatcache -target x86_64-apple-ios15.1-simulator -fmessage-length\=0 -fdiagnostics-show-note-include-stack -fmacro-backtrace-limit\=0 -fno-color-diagnostics -fmodules-prune-interval\=86400 -fmodules-prune-after\=345600 -fbuild-session-file\=/Users/karelbraborec/Library/Developer/Xcode/DerivedData/ModuleCache.noindex/Session.modulevalidation -fmodules-validate-once-per-build-session -Wnon-modular-include-in-framework-module -Werror\=non-modular-include-in-framework-module -Wno-trigraphs -Wno-missing-field-initializers -Wno-missing-prototypes -Werror\=return-type -Wdocumentation -Wunreachable-code -Wno-implicit-atomic-properties -Werror\=deprecated-objc-isa-usage -Wno-objc-interface-ivars -Werror\=objc-root-class -Wno-arc-repeated-use-of-weak -Wimplicit-retain-self -Wno-non-virtual-dtor -Wno-overloaded-virtual -Wno-exit-time-destructors -Wduplicate-method-match -Wno-missing-braces -Wparentheses -Wswitch -Wunused-function -Wno-unused-label -Wno-unused-parameter -Wunused-variable -Wunused-value -Wempty-body -Wuninitialized -Wconditional-uninitialized -Wno-unknown-pragmas -Wno-shadow -Wno-four-char-constants -Wno-conversion -Wconstant-conversion -Wint-conversion -Wbool-conversion -Wenum-conversion -Wno-float-conversion -Wnon-literal-null-conversion -Wobjc-literal-conversion -Wshorten-64-to-32 -Wno-newline-eof -Wno-selector -Wno-strict-selector-match -Wundeclared-selector -Wdeprecated-implementations -Wno-c++11-extensions -Wno-implicit-fallthrough -isysroot /Applications/Xcode.app/Contents/Developer/Platforms/iPhoneSimulator.platform/Developer/SDKs/iPhoneSimulator26.5.sdk -fstrict-aliasing -Wprotocol -Wdeprecated-declarations -Winvalid-offsetof -Wno-sign-conversion -Winfinite-recursion -Wmove -Wcomma -Wblock-capture-autoreleasing -Wstrict-prototypes -Wrange-loop-analysis -Wno-semicolon-before-method-body -Wunguarded-availability -index-store-path /Users/karelbraborec/Library/Developer/Xcode/DerivedData/revmeter-hbcnswmlqmbpnlazhhkncgeowiss/Index.noindex/DataStore -Wno-comma -Wno-shorten-64-to-32 -Wno-documentation @/Users/karelbraborec/Library/Developer/Xcode/DerivedData/revmeter-hbcnswmlqmbpnlazhhkncgeowiss/Build/Intermediates.noindex/Pods.build/Debug-iphonesimulator/ReactCodegen.build/Objects-normal/x86_64/af3fcb34312c57c0f52879cdce924b91-common-args.resp -DFOLLY_MOBILE\=1 -DFOLLY_USE_LIBCPP\=1 -DFOLLY_CFG_NO_COROUTINES\=1 -DFOLLY_HAVE_CLOCK_GETTIME\=1 -Wno-comma -Wno-shorten-64-to-32 -Wno-documentation -Wno-nullability-completeness -std\=c++20 -include /Users/karelbraborec/rev-meter/ios/Pods/Target\ Support\ Files/ReactCodegen/ReactCodegen-prefix.pch -MMD -MT dependencies -MF /Users/karelbraborec/Library/Developer/Xcode/DerivedData/revmeter-hbcnswmlqmbpnlazhhkncgeowiss/Build/Intermediates.noindex/Pods.build/Debug-iphonesimulator/ReactCodegen.build/Objects-normal/x86_64/RCTUnstableModulesRequiringMainQueueSetupProvider.d --serialize-diagnostics /Users/karelbraborec/Library/Developer/Xcode/DerivedData/revmeter-hbcnswmlqmbpnlazhhkncgeowiss/Build/Intermediates.noindex/Pods.build/Debug-iphonesimulator/ReactCodegen.build/Objects-normal/x86_64/RCTUnstableModulesRequiringMainQueueSetupProvider.dia -c /Users/karelbraborec/rev-meter/ios/build/generated/ios/ReactCodegen/RCTUnstableModulesRequiringMainQueueSetupProvider.mm -o /Users/karelbraborec/Library/Developer/Xcode/DerivedData/revmeter-hbcnswmlqmbpnlazhhkncgeowiss/Build/Intermediates.noindex/Pods.build/Debug-iphonesimulator/ReactCodegen.build/Objects-normal/x86_64/RCTUnstableModulesRequiringMainQueueSetupProvider.o -index-unit-output-path /Pods.build/Debug-iphonesimulator/ReactCodegen.build/Objects-normal/x86_64/RCTUnstableModulesRequiringMainQueueSetupProvider.o

CompileC /Users/karelbraborec/Library/Developer/Xcode/DerivedData/revmeter-hbcnswmlqmbpnlazhhkncgeowiss/Build/Intermediates.noindex/Pods.build/Debug-iphonesimulator/ReactCodegen.build/Objects-normal/x86_64/RCTThirdPartyComponentsProvider.o /Users/karelbraborec/rev-meter/ios/build/generated/ios/ReactCodegen/RCTThirdPartyComponentsProvider.mm normal x86_64 objective-c++ com.apple.compilers.llvm.clang.1_0.compiler (in target 'ReactCodegen' from project 'Pods')
    cd /Users/karelbraborec/rev-meter/ios/Pods
    
    Using response file: /Users/karelbraborec/Library/Developer/Xcode/DerivedData/revmeter-hbcnswmlqmbpnlazhhkncgeowiss/Build/Intermediates.noindex/Pods.build/Debug-iphonesimulator/ReactCodegen.build/Objects-normal/x86_64/af3fcb34312c57c0f52879cdce924b91-common-args.resp
    
    /Applications/Xcode.app/Contents/Developer/Toolchains/XcodeDefault.xctoolchain/usr/bin/clang -x objective-c++ -ivfsstatcache /Users/karelbraborec/Library/Developer/Xcode/DerivedData/SDKStatCaches.noindex/iphonesimulator26.5-23F81a-6cfe768891a92b912361537c460fe42b.sdkstatcache -target x86_64-apple-ios15.1-simulator -fmessage-length\=0 -fdiagnostics-show-note-include-stack -fmacro-backtrace-limit\=0 -fno-color-diagnostics -fmodules-prune-interval\=86400 -fmodules-prune-after\=345600 -fbuild-session-file\=/Users/karelbraborec/Library/Developer/Xcode/DerivedData/ModuleCache.noindex/Session.modulevalidation -fmodules-validate-once-per-build-session -Wnon-modular-include-in-framework-module -Werror\=non-modular-include-in-framework-module -Wno-trigraphs -Wno-missing-field-initializers -Wno-missing-prototypes -Werror\=return-type -Wdocumentation -Wunreachable-code -Wno-implicit-atomic-properties -Werror\=deprecated-objc-isa-usage -Wno-objc-interface-ivars -Werror\=objc-root-class -Wno-arc-repeated-use-of-weak -Wimplicit-retain-self -Wno-non-virtual-dtor -Wno-overloaded-virtual -Wno-exit-time-destructors -Wduplicate-method-match -Wno-missing-braces -Wparentheses -Wswitch -Wunused-function -Wno-unused-label -Wno-unused-parameter -Wunused-variable -Wunused-value -Wempty-body -Wuninitialized -Wconditional-uninitialized -Wno-unknown-pragmas -Wno-shadow -Wno-four-char-constants -Wno-conversion -Wconstant-conversion -Wint-conversion -Wbool-conversion -Wenum-conversion -Wno-float-conversion -Wnon-literal-null-conversion -Wobjc-literal-conversion -Wshorten-64-to-32 -Wno-newline-eof -Wno-selector -Wno-strict-selector-match -Wundeclared-selector -Wdeprecated-implementations -Wno-c++11-extensions -Wno-implicit-fallthrough -isysroot /Applications/Xcode.app/Contents/Developer/Platforms/iPhoneSimulator.platform/Developer/SDKs/iPhoneSimulator26.5.sdk -fstrict-aliasing -Wprotocol -Wdeprecated-declarations -Winvalid-offsetof -Wno-sign-conversion -Winfinite-recursion -Wmove -Wcomma -Wblock-capture-autoreleasing -Wstrict-prototypes -Wrange-loop-analysis -Wno-semicolon-before-method-body -Wunguarded-availability -index-store-path /Users/karelbraborec/Library/Developer/Xcode/DerivedData/revmeter-hbcnswmlqmbpnlazhhkncgeowiss/Index.noindex/DataStore -Wno-comma -Wno-shorten-64-to-32 -Wno-documentation @/Users/karelbraborec/Library/Developer/Xcode/DerivedData/revmeter-hbcnswmlqmbpnlazhhkncgeowiss/Build/Intermediates.noindex/Pods.build/Debug-iphonesimulator/ReactCodegen.build/Objects-normal/x86_64/af3fcb34312c57c0f52879cdce924b91-common-args.resp -DFOLLY_MOBILE\=1 -DFOLLY_USE_LIBCPP\=1 -DFOLLY_CFG_NO_COROUTINES\=1 -DFOLLY_HAVE_CLOCK_GETTIME\=1 -Wno-comma -Wno-shorten-64-to-32 -Wno-documentation -Wno-nullability-completeness -std\=c++20 -include /Users/karelbraborec/rev-meter/ios/Pods/Target\ Support\ Files/ReactCodegen/ReactCodegen-prefix.pch -MMD -MT dependencies -MF /Users/karelbraborec/Library/Developer/Xcode/DerivedData/revmeter-hbcnswmlqmbpnlazhhkncgeowiss/Build/Intermediates.noindex/Pods.build/Debug-iphonesimulator/ReactCodegen.build/Objects-normal/x86_64/RCTThirdPartyComponentsProvider.d --serialize-diagnostics /Users/karelbraborec/Library/Developer/Xcode/DerivedData/revmeter-hbcnswmlqmbpnlazhhkncgeowiss/Build/Intermediates.noindex/Pods.build/Debug-iphonesimulator/ReactCodegen.build/Objects-normal/x86_64/RCTThirdPartyComponentsProvider.dia -c /Users/karelbraborec/rev-meter/ios/build/generated/ios/ReactCodegen/RCTThirdPartyComponentsProvider.mm -o /Users/karelbraborec/Library/Developer/Xcode/DerivedData/revmeter-hbcnswmlqmbpnlazhhkncgeowiss/Build/Intermediates.noindex/Pods.build/Debug-iphonesimulator/ReactCodegen.build/Objects-normal/x86_64/RCTThirdPartyComponentsProvider.o -index-unit-output-path /Pods.build/Debug-iphonesimulator/ReactCodegen.build/Objects-normal/x86_64/RCTThirdPartyComponentsProvider.o

CompileC /Users/karelbraborec/Library/Developer/Xcode/DerivedData/revmeter-hbcnswmlqmbpnlazhhkncgeowiss/Build/Intermediates.noindex/Pods.build/Debug-iphonesimulator/ReactCodegen.build/Objects-normal/x86_64/RCTModulesConformingToProtocolsProvider.o /Users/karelbraborec/rev-meter/ios/build/generated/ios/ReactCodegen/RCTModulesConformingToProtocolsProvider.mm normal x86_64 objective-c++ com.apple.compilers.llvm.clang.1_0.compiler (in target 'ReactCodegen' from project 'Pods')
    cd /Users/karelbraborec/rev-meter/ios/Pods
    
    Using response file: /Users/karelbraborec/Library/Developer/Xcode/DerivedData/revmeter-hbcnswmlqmbpnlazhhkncgeowiss/Build/Intermediates.noindex/Pods.build/Debug-iphonesimulator/ReactCodegen.build/Objects-normal/x86_64/af3fcb34312c57c0f52879cdce924b91-common-args.resp
    
    /Applications/Xcode.app/Contents/Developer/Toolchains/XcodeDefault.xctoolchain/usr/bin/clang -x objective-c++ -ivfsstatcache /Users/karelbraborec/Library/Developer/Xcode/DerivedData/SDKStatCaches.noindex/iphonesimulator26.5-23F81a-6cfe768891a92b912361537c460fe42b.sdkstatcache -target x86_64-apple-ios15.1-simulator -fmessage-length\=0 -fdiagnostics-show-note-include-stack -fmacro-backtrace-limit\=0 -fno-color-diagnostics -fmodules-prune-interval\=86400 -fmodules-prune-after\=345600 -fbuild-session-file\=/Users/karelbraborec/Library/Developer/Xcode/DerivedData/ModuleCache.noindex/Session.modulevalidation -fmodules-validate-once-per-build-session -Wnon-modular-include-in-framework-module -Werror\=non-modular-include-in-framework-module -Wno-trigraphs -Wno-missing-field-initializers -Wno-missing-prototypes -Werror\=return-type -Wdocumentation -Wunreachable-code -Wno-implicit-atomic-properties -Werror\=deprecated-objc-isa-usage -Wno-objc-interface-ivars -Werror\=objc-root-class -Wno-arc-repeated-use-of-weak -Wimplicit-retain-self -Wno-non-virtual-dtor -Wno-overloaded-virtual -Wno-exit-time-destructors -Wduplicate-method-match -Wno-missing-braces -Wparentheses -Wswitch -Wunused-function -Wno-unused-label -Wno-unused-parameter -Wunused-variable -Wunused-value -Wempty-body -Wuninitialized -Wconditional-uninitialized -Wno-unknown-pragmas -Wno-shadow -Wno-four-char-constants -Wno-conversion -Wconstant-conversion -Wint-conversion -Wbool-conversion -Wenum-conversion -Wno-float-conversion -Wnon-literal-null-conversion -Wobjc-literal-conversion -Wshorten-64-to-32 -Wno-newline-eof -Wno-selector -Wno-strict-selector-match -Wundeclared-selector -Wdeprecated-implementations -Wno-c++11-extensions -Wno-implicit-fallthrough -isysroot /Applications/Xcode.app/Contents/Developer/Platforms/iPhoneSimulator.platform/Developer/SDKs/iPhoneSimulator26.5.sdk -fstrict-aliasing -Wprotocol -Wdeprecated-declarations -Winvalid-offsetof -Wno-sign-conversion -Winfinite-recursion -Wmove -Wcomma -Wblock-capture-autoreleasing -Wstrict-prototypes -Wrange-loop-analysis -Wno-semicolon-before-method-body -Wunguarded-availability -index-store-path /Users/karelbraborec/Library/Developer/Xcode/DerivedData/revmeter-hbcnswmlqmbpnlazhhkncgeowiss/Index.noindex/DataStore -Wno-comma -Wno-shorten-64-to-32 -Wno-documentation @/Users/karelbraborec/Library/Developer/Xcode/DerivedData/revmeter-hbcnswmlqmbpnlazhhkncgeowiss/Build/Intermediates.noindex/Pods.build/Debug-iphonesimulator/ReactCodegen.build/Objects-normal/x86_64/af3fcb34312c57c0f52879cdce924b91-common-args.resp -DFOLLY_MOBILE\=1 -DFOLLY_USE_LIBCPP\=1 -DFOLLY_CFG_NO_COROUTINES\=1 -DFOLLY_HAVE_CLOCK_GETTIME\=1 -Wno-comma -Wno-shorten-64-to-32 -Wno-documentation -Wno-nullability-completeness -std\=c++20 -include /Users/karelbraborec/rev-meter/ios/Pods/Target\ Support\ Files/ReactCodegen/ReactCodegen-prefix.pch -MMD -MT dependencies -MF /Users/karelbraborec/Library/Developer/Xcode/DerivedData/revmeter-hbcnswmlqmbpnlazhhkncgeowiss/Build/Intermediates.noindex/Pods.build/Debug-iphonesimulator/ReactCodegen.build/Objects-normal/x86_64/RCTModulesConformingToProtocolsProvider.d --serialize-diagnostics /Users/karelbraborec/Library/Developer/Xcode/DerivedData/revmeter-hbcnswmlqmbpnlazhhkncgeowiss/Build/Intermediates.noindex/Pods.build/Debug-iphonesimulator/ReactCodegen.build/Objects-normal/x86_64/RCTModulesConformingToProtocolsProvider.dia -c /Users/karelbraborec/rev-meter/ios/build/generated/ios/ReactCodegen/RCTModulesConformingToProtocolsProvider.mm -o /Users/karelbraborec/Library/Developer/Xcode/DerivedData/revmeter-hbcnswmlqmbpnlazhhkncgeowiss/Build/Intermediates.noindex/Pods.build/Debug-iphonesimulator/ReactCodegen.build/Objects-normal/x86_64/RCTModulesConformingToProtocolsProvider.o -index-unit-output-path /Pods.build/Debug-iphonesimulator/ReactCodegen.build/Objects-normal/x86_64/RCTModulesConformingToProtocolsProvider.o

CompileC /Users/karelbraborec/Library/Developer/Xcode/DerivedData/revmeter-hbcnswmlqmbpnlazhhkncgeowiss/Build/Intermediates.noindex/Pods.build/Debug-iphonesimulator/ReactCodegen.build/Objects-normal/x86_64/RCTModuleProviders.o /Users/karelbraborec/rev-meter/ios/build/generated/ios/ReactCodegen/RCTModuleProviders.mm normal x86_64 objective-c++ com.apple.compilers.llvm.clang.1_0.compiler (in target 'ReactCodegen' from project 'Pods')
    cd /Users/karelbraborec/rev-meter/ios/Pods
    
    Using response file: /Users/karelbraborec/Library/Developer/Xcode/DerivedData/revmeter-hbcnswmlqmbpnlazhhkncgeowiss/Build/Intermediates.noindex/Pods.build/Debug-iphonesimulator/ReactCodegen.build/Objects-normal/x86_64/af3fcb34312c57c0f52879cdce924b91-common-args.resp
    
    /Applications/Xcode.app/Contents/Developer/Toolchains/XcodeDefault.xctoolchain/usr/bin/clang -x objective-c++ -ivfsstatcache /Users/karelbraborec/Library/Developer/Xcode/DerivedData/SDKStatCaches.noindex/iphonesimulator26.5-23F81a-6cfe768891a92b912361537c460fe42b.sdkstatcache -target x86_64-apple-ios15.1-simulator -fmessage-length\=0 -fdiagnostics-show-note-include-stack -fmacro-backtrace-limit\=0 -fno-color-diagnostics -fmodules-prune-interval\=86400 -fmodules-prune-after\=345600 -fbuild-session-file\=/Users/karelbraborec/Library/Developer/Xcode/DerivedData/ModuleCache.noindex/Session.modulevalidation -fmodules-validate-once-per-build-session -Wnon-modular-include-in-framework-module -Werror\=non-modular-include-in-framework-module -Wno-trigraphs -Wno-missing-field-initializers -Wno-missing-prototypes -Werror\=return-type -Wdocumentation -Wunreachable-code -Wno-implicit-atomic-properties -Werror\=deprecated-objc-isa-usage -Wno-objc-interface-ivars -Werror\=objc-root-class -Wno-arc-repeated-use-of-weak -Wimplicit-retain-self -Wno-non-virtual-dtor -Wno-overloaded-virtual -Wno-exit-time-destructors -Wduplicate-method-match -Wno-missing-braces -Wparentheses -Wswitch -Wunused-function -Wno-unused-label -Wno-unused-parameter -Wunused-variable -Wunused-value -Wempty-body -Wuninitialized -Wconditional-uninitialized -Wno-unknown-pragmas -Wno-shadow -Wno-four-char-constants -Wno-conversion -Wconstant-conversion -Wint-conversion -Wbool-conversion -Wenum-conversion -Wno-float-conversion -Wnon-literal-null-conversion -Wobjc-literal-conversion -Wshorten-64-to-32 -Wno-newline-eof -Wno-selector -Wno-strict-selector-match -Wundeclared-selector -Wdeprecated-implementations -Wno-c++11-extensions -Wno-implicit-fallthrough -isysroot /Applications/Xcode.app/Contents/Developer/Platforms/iPhoneSimulator.platform/Developer/SDKs/iPhoneSimulator26.5.sdk -fstrict-aliasing -Wprotocol -Wdeprecated-declarations -Winvalid-offsetof -Wno-sign-conversion -Winfinite-recursion -Wmove -Wcomma -Wblock-capture-autoreleasing -Wstrict-prototypes -Wrange-loop-analysis -Wno-semicolon-before-method-body -Wunguarded-availability -index-store-path /Users/karelbraborec/Library/Developer/Xcode/DerivedData/revmeter-hbcnswmlqmbpnlazhhkncgeowiss/Index.noindex/DataStore -Wno-comma -Wno-shorten-64-to-32 -Wno-documentation @/Users/karelbraborec/Library/Developer/Xcode/DerivedData/revmeter-hbcnswmlqmbpnlazhhkncgeowiss/Build/Intermediates.noindex/Pods.build/Debug-iphonesimulator/ReactCodegen.build/Objects-normal/x86_64/af3fcb34312c57c0f52879cdce924b91-common-args.resp -DFOLLY_MOBILE\=1 -DFOLLY_USE_LIBCPP\=1 -DFOLLY_CFG_NO_COROUTINES\=1 -DFOLLY_HAVE_CLOCK_GETTIME\=1 -Wno-comma -Wno-shorten-64-to-32 -Wno-documentation -Wno-nullability-completeness -std\=c++20 -include /Users/karelbraborec/rev-meter/ios/Pods/Target\ Support\ Files/ReactCodegen/ReactCodegen-prefix.pch -MMD -MT dependencies -MF /Users/karelbraborec/Library/Developer/Xcode/DerivedData/revmeter-hbcnswmlqmbpnlazhhkncgeowiss/Build/Intermediates.noindex/Pods.build/Debug-iphonesimulator/ReactCodegen.build/Objects-normal/x86_64/RCTModuleProviders.d --serialize-diagnostics /Users/karelbraborec/Library/Developer/Xcode/DerivedData/revmeter-hbcnswmlqmbpnlazhhkncgeowiss/Build/Intermediates.noindex/Pods.build/Debug-iphonesimulator/ReactCodegen.build/Objects-normal/x86_64/RCTModuleProviders.dia -c /Users/karelbraborec/rev-meter/ios/build/generated/ios/ReactCodegen/RCTModuleProviders.mm -o /Users/karelbraborec/Library/Developer/Xcode/DerivedData/revmeter-hbcnswmlqmbpnlazhhkncgeowiss/Build/Intermediates.noindex/Pods.build/Debug-iphonesimulator/ReactCodegen.build/Objects-normal/x86_64/RCTModuleProviders.o -index-unit-output-path /Pods.build/Debug-iphonesimulator/ReactCodegen.build/Objects-normal/x86_64/RCTModuleProviders.o

CompileC /Users/karelbraborec/Library/Developer/Xcode/DerivedData/revmeter-hbcnswmlqmbpnlazhhkncgeowiss/Build/Intermediates.noindex/Pods.build/Debug-iphonesimulator/ReactCodegen.build/Objects-normal/x86_64/Props-fb50ba166735c20cd0b6fe48bb02aa64.o /Users/karelbraborec/rev-meter/ios/build/generated/ios/ReactCodegen/react/renderer/components/RNCSlider/Props.cpp normal x86_64 c++ com.apple.compilers.llvm.clang.1_0.compiler (in target 'ReactCodegen' from project 'Pods')
    cd /Users/karelbraborec/rev-meter/ios/Pods
    
    Using response file: /Users/karelbraborec/Library/Developer/Xcode/DerivedData/revmeter-hbcnswmlqmbpnlazhhkncgeowiss/Build/Intermediates.noindex/Pods.build/Debug-iphonesimulator/ReactCodegen.build/Objects-normal/x86_64/82b82416624d2658e5098eb0a28c15c5-common-args.resp
    
    /Applications/Xcode.app/Contents/Developer/Toolchains/XcodeDefault.xctoolchain/usr/bin/clang -x c++ -ivfsstatcache /Users/karelbraborec/Library/Developer/Xcode/DerivedData/SDKStatCaches.noindex/iphonesimulator26.5-23F81a-6cfe768891a92b912361537c460fe42b.sdkstatcache -target x86_64-apple-ios15.1-simulator -fmessage-length\=0 -fdiagnostics-show-note-include-stack -fmacro-backtrace-limit\=0 -fno-color-diagnostics -fmodules-prune-interval\=86400 -fmodules-prune-after\=345600 -fbuild-session-file\=/Users/karelbraborec/Library/Developer/Xcode/DerivedData/ModuleCache.noindex/Session.modulevalidation -fmodules-validate-once-per-build-session -Wnon-modular-include-in-framework-module -Werror\=non-modular-include-in-framework-module -Wno-trigraphs -Wno-missing-field-initializers -Wno-missing-prototypes -Werror\=return-type -Wdocumentation -Wunreachable-code -Werror\=deprecated-objc-isa-usage -Werror\=objc-root-class -Wno-non-virtual-dtor -Wno-overloaded-virtual -Wno-exit-time-destructors -Wno-missing-braces -Wparentheses -Wswitch -Wunused-function -Wno-unused-label -Wno-unused-parameter -Wunused-variable -Wunused-value -Wempty-body -Wuninitialized -Wconditional-uninitialized -Wno-unknown-pragmas -Wno-shadow -Wno-four-char-constants -Wno-conversion -Wconstant-conversion -Wint-conversion -Wbool-conversion -Wenum-conversion -Wno-float-conversion -Wnon-literal-null-conversion -Wobjc-literal-conversion -Wshorten-64-to-32 -Wno-newline-eof -Wno-c++11-extensions -Wno-implicit-fallthrough -isysroot /Applications/Xcode.app/Contents/Developer/Platforms/iPhoneSimulator.platform/Developer/SDKs/iPhoneSimulator26.5.sdk -fstrict-aliasing -Wdeprecated-declarations -Winvalid-offsetof -Wno-sign-conversion -Winfinite-recursion -Wmove -Wcomma -Wblock-capture-autoreleasing -Wstrict-prototypes -Wrange-loop-analysis -Wno-semicolon-before-method-body -Wunguarded-availability -index-store-path /Users/karelbraborec/Library/Developer/Xcode/DerivedData/revmeter-hbcnswmlqmbpnlazhhkncgeowiss/Index.noindex/DataStore -Wno-comma -Wno-shorten-64-to-32 -Wno-documentation @/Users/karelbraborec/Library/Developer/Xcode/DerivedData/revmeter-hbcnswmlqmbpnlazhhkncgeowiss/Build/Intermediates.noindex/Pods.build/Debug-iphonesimulator/ReactCodegen.build/Objects-normal/x86_64/82b82416624d2658e5098eb0a28c15c5-common-args.resp -DFOLLY_MOBILE\=1 -DFOLLY_USE_LIBCPP\=1 -DFOLLY_CFG_NO_COROUTINES\=1 -DFOLLY_HAVE_CLOCK_GETTIME\=1 -Wno-comma -Wno-shorten-64-to-32 -Wno-documentation -Wno-nullability-completeness -std\=c++20 -include /Users/karelbraborec/rev-meter/ios/Pods/Target\ Support\ Files/ReactCodegen/ReactCodegen-prefix.pch -MMD -MT dependencies -MF /Users/karelbraborec/Library/Developer/Xcode/DerivedData/revmeter-hbcnswmlqmbpnlazhhkncgeowiss/Build/Intermediates.noindex/Pods.build/Debug-iphonesimulator/ReactCodegen.build/Objects-normal/x86_64/Props-fb50ba166735c20cd0b6fe48bb02aa64.d --serialize-diagnostics /Users/karelbraborec/Library/Developer/Xcode/DerivedData/revmeter-hbcnswmlqmbpnlazhhkncgeowiss/Build/Intermediates.noindex/Pods.build/Debug-iphonesimulator/ReactCodegen.build/Objects-normal/x86_64/Props-fb50ba166735c20cd0b6fe48bb02aa64.dia -c /Users/karelbraborec/rev-meter/ios/build/generated/ios/ReactCodegen/react/renderer/components/RNCSlider/Props.cpp -o /Users/karelbraborec/Library/Developer/Xcode/DerivedData/revmeter-hbcnswmlqmbpnlazhhkncgeowiss/Build/Intermediates.noindex/Pods.build/Debug-iphonesimulator/ReactCodegen.build/Objects-normal/x86_64/Props-fb50ba166735c20cd0b6fe48bb02aa64.o -index-unit-output-path /Pods.build/Debug-iphonesimulator/ReactCodegen.build/Objects-normal/x86_64/Props-fb50ba166735c20cd0b6fe48bb02aa64.o

CompileC /Users/karelbraborec/Library/Developer/Xcode/DerivedData/revmeter-hbcnswmlqmbpnlazhhkncgeowiss/Build/Intermediates.noindex/Pods.build/Debug-iphonesimulator/ReactCodegen.build/Objects-normal/x86_64/Props-d098d7f0ee7c82729309197a27cd6cc5.o /Users/karelbraborec/rev-meter/ios/build/generated/ios/ReactCodegen/react/renderer/components/rnscreens/Props.cpp normal x86_64 c++ com.apple.compilers.llvm.clang.1_0.compiler (in target 'ReactCodegen' from project 'Pods')
    cd /Users/karelbraborec/rev-meter/ios/Pods
    
    Using response file: /Users/karelbraborec/Library/Developer/Xcode/DerivedData/revmeter-hbcnswmlqmbpnlazhhkncgeowiss/Build/Intermediates.noindex/Pods.build/Debug-iphonesimulator/ReactCodegen.build/Objects-normal/x86_64/82b82416624d2658e5098eb0a28c15c5-common-args.resp
    
    /Applications/Xcode.app/Contents/Developer/Toolchains/XcodeDefault.xctoolchain/usr/bin/clang -x c++ -ivfsstatcache /Users/karelbraborec/Library/Developer/Xcode/DerivedData/SDKStatCaches.noindex/iphonesimulator26.5-23F81a-6cfe768891a92b912361537c460fe42b.sdkstatcache -target x86_64-apple-ios15.1-simulator -fmessage-length\=0 -fdiagnostics-show-note-include-stack -fmacro-backtrace-limit\=0 -fno-color-diagnostics -fmodules-prune-interval\=86400 -fmodules-prune-after\=345600 -fbuild-session-file\=/Users/karelbraborec/Library/Developer/Xcode/DerivedData/ModuleCache.noindex/Session.modulevalidation -fmodules-validate-once-per-build-session -Wnon-modular-include-in-framework-module -Werror\=non-modular-include-in-framework-module -Wno-trigraphs -Wno-missing-field-initializers -Wno-missing-prototypes -Werror\=return-type -Wdocumentation -Wunreachable-code -Werror\=deprecated-objc-isa-usage -Werror\=objc-root-class -Wno-non-virtual-dtor -Wno-overloaded-virtual -Wno-exit-time-destructors -Wno-missing-braces -Wparentheses -Wswitch -Wunused-function -Wno-unused-label -Wno-unused-parameter -Wunused-variable -Wunused-value -Wempty-body -Wuninitialized -Wconditional-uninitialized -Wno-unknown-pragmas -Wno-shadow -Wno-four-char-constants -Wno-conversion -Wconstant-conversion -Wint-conversion -Wbool-conversion -Wenum-conversion -Wno-float-conversion -Wnon-literal-null-conversion -Wobjc-literal-conversion -Wshorten-64-to-32 -Wno-newline-eof -Wno-c++11-extensions -Wno-implicit-fallthrough -isysroot /Applications/Xcode.app/Contents/Developer/Platforms/iPhoneSimulator.platform/Developer/SDKs/iPhoneSimulator26.5.sdk -fstrict-aliasing -Wdeprecated-declarations -Winvalid-offsetof -Wno-sign-conversion -Winfinite-recursion -Wmove -Wcomma -Wblock-capture-autoreleasing -Wstrict-prototypes -Wrange-loop-analysis -Wno-semicolon-before-method-body -Wunguarded-availability -index-store-path /Users/karelbraborec/Library/Developer/Xcode/DerivedData/revmeter-hbcnswmlqmbpnlazhhkncgeowiss/Index.noindex/DataStore -Wno-comma -Wno-shorten-64-to-32 -Wno-documentation @/Users/karelbraborec/Library/Developer/Xcode/DerivedData/revmeter-hbcnswmlqmbpnlazhhkncgeowiss/Build/Intermediates.noindex/Pods.build/Debug-iphonesimulator/ReactCodegen.build/Objects-normal/x86_64/82b82416624d2658e5098eb0a28c15c5-common-args.resp -DFOLLY_MOBILE\=1 -DFOLLY_USE_LIBCPP\=1 -DFOLLY_CFG_NO_COROUTINES\=1 -DFOLLY_HAVE_CLOCK_GETTIME\=1 -Wno-comma -Wno-shorten-64-to-32 -Wno-documentation -Wno-nullability-completeness -std\=c++20 -include /Users/karelbraborec/rev-meter/ios/Pods/Target\ Support\ Files/ReactCodegen/ReactCodegen-prefix.pch -MMD -MT dependencies -MF /Users/karelbraborec/Library/Developer/Xcode/DerivedData/revmeter-hbcnswmlqmbpnlazhhkncgeowiss/Build/Intermediates.noindex/Pods.build/Debug-iphonesimulator/ReactCodegen.build/Objects-normal/x86_64/Props-d098d7f0ee7c82729309197a27cd6cc5.d --serialize-diagnostics /Users/karelbraborec/Library/Developer/Xcode/DerivedData/revmeter-hbcnswmlqmbpnlazhhkncgeowiss/Build/Intermediates.noindex/Pods.build/Debug-iphonesimulator/ReactCodegen.build/Objects-normal/x86_64/Props-d098d7f0ee7c82729309197a27cd6cc5.dia -c /Users/karelbraborec/rev-meter/ios/build/generated/ios/ReactCodegen/react/renderer/components/rnscreens/Props.cpp -o /Users/karelbraborec/Library/Developer/Xcode/DerivedData/revmeter-hbcnswmlqmbpnlazhhkncgeowiss/Build/Intermediates.noindex/Pods.build/Debug-iphonesimulator/ReactCodegen.build/Objects-normal/x86_64/Props-d098d7f0ee7c82729309197a27cd6cc5.o -index-unit-output-path /Pods.build/Debug-iphonesimulator/ReactCodegen.build/Objects-normal/x86_64/Props-d098d7f0ee7c82729309197a27cd6cc5.o

CompileC /Users/karelbraborec/Library/Developer/Xcode/DerivedData/revmeter-hbcnswmlqmbpnlazhhkncgeowiss/Build/Intermediates.noindex/Pods.build/Debug-iphonesimulator/ReactCodegen.build/Objects-normal/x86_64/Props-90e1acfbcacf06989bcbd7133c5392b8.o /Users/karelbraborec/rev-meter/ios/build/generated/ios/ReactCodegen/react/renderer/components/rngesturehandler_codegen/Props.cpp normal x86_64 c++ com.apple.compilers.llvm.clang.1_0.compiler (in target 'ReactCodegen' from project 'Pods')
    cd /Users/karelbraborec/rev-meter/ios/Pods
    
    Using response file: /Users/karelbraborec/Library/Developer/Xcode/DerivedData/revmeter-hbcnswmlqmbpnlazhhkncgeowiss/Build/Intermediates.noindex/Pods.build/Debug-iphonesimulator/ReactCodegen.build/Objects-normal/x86_64/82b82416624d2658e5098eb0a28c15c5-common-args.resp
    
    /Applications/Xcode.app/Contents/Developer/Toolchains/XcodeDefault.xctoolchain/usr/bin/clang -x c++ -ivfsstatcache /Users/karelbraborec/Library/Developer/Xcode/DerivedData/SDKStatCaches.noindex/iphonesimulator26.5-23F81a-6cfe768891a92b912361537c460fe42b.sdkstatcache -target x86_64-apple-ios15.1-simulator -fmessage-length\=0 -fdiagnostics-show-note-include-stack -fmacro-backtrace-limit\=0 -fno-color-diagnostics -fmodules-prune-interval\=86400 -fmodules-prune-after\=345600 -fbuild-session-file\=/Users/karelbraborec/Library/Developer/Xcode/DerivedData/ModuleCache.noindex/Session.modulevalidation -fmodules-validate-once-per-build-session -Wnon-modular-include-in-framework-module -Werror\=non-modular-include-in-framework-module -Wno-trigraphs -Wno-missing-field-initializers -Wno-missing-prototypes -Werror\=return-type -Wdocumentation -Wunreachable-code -Werror\=deprecated-objc-isa-usage -Werror\=objc-root-class -Wno-non-virtual-dtor -Wno-overloaded-virtual -Wno-exit-time-destructors -Wno-missing-braces -Wparentheses -Wswitch -Wunused-function -Wno-unused-label -Wno-unused-parameter -Wunused-variable -Wunused-value -Wempty-body -Wuninitialized -Wconditional-uninitialized -Wno-unknown-pragmas -Wno-shadow -Wno-four-char-constants -Wno-conversion -Wconstant-conversion -Wint-conversion -Wbool-conversion -Wenum-conversion -Wno-float-conversion -Wnon-literal-null-conversion -Wobjc-literal-conversion -Wshorten-64-to-32 -Wno-newline-eof -Wno-c++11-extensions -Wno-implicit-fallthrough -isysroot /Applications/Xcode.app/Contents/Developer/Platforms/iPhoneSimulator.platform/Developer/SDKs/iPhoneSimulator26.5.sdk -fstrict-aliasing -Wdeprecated-declarations -Winvalid-offsetof -Wno-sign-conversion -Winfinite-recursion -Wmove -Wcomma -Wblock-capture-autoreleasing -Wstrict-prototypes -Wrange-loop-analysis -Wno-semicolon-before-method-body -Wunguarded-availability -index-store-path /Users/karelbraborec/Library/Developer/Xcode/DerivedData/revmeter-hbcnswmlqmbpnlazhhkncgeowiss/Index.noindex/DataStore -Wno-comma -Wno-shorten-64-to-32 -Wno-documentation @/Users/karelbraborec/Library/Developer/Xcode/DerivedData/revmeter-hbcnswmlqmbpnlazhhkncgeowiss/Build/Intermediates.noindex/Pods.build/Debug-iphonesimulator/ReactCodegen.build/Objects-normal/x86_64/82b82416624d2658e5098eb0a28c15c5-common-args.resp -DFOLLY_MOBILE\=1 -DFOLLY_USE_LIBCPP\=1 -DFOLLY_CFG_NO_COROUTINES\=1 -DFOLLY_HAVE_CLOCK_GETTIME\=1 -Wno-comma -Wno-shorten-64-to-32 -Wno-documentation -Wno-nullability-completeness -std\=c++20 -include /Users/karelbraborec/rev-meter/ios/Pods/Target\ Support\ Files/ReactCodegen/ReactCodegen-prefix.pch -MMD -MT dependencies -MF /Users/karelbraborec/Library/Developer/Xcode/DerivedData/revmeter-hbcnswmlqmbpnlazhhkncgeowiss/Build/Intermediates.noindex/Pods.build/Debug-iphonesimulator/ReactCodegen.build/Objects-normal/x86_64/Props-90e1acfbcacf06989bcbd7133c5392b8.d --serialize-diagnostics /Users/karelbraborec/Library/Developer/Xcode/DerivedData/revmeter-hbcnswmlqmbpnlazhhkncgeowiss/Build/Intermediates.noindex/Pods.build/Debug-iphonesimulator/ReactCodegen.build/Objects-normal/x86_64/Props-90e1acfbcacf06989bcbd7133c5392b8.dia -c /Users/karelbraborec/rev-meter/ios/build/generated/ios/ReactCodegen/react/renderer/components/rngesturehandler_codegen/Props.cpp -o /Users/karelbraborec/Library/Developer/Xcode/DerivedData/revmeter-hbcnswmlqmbpnlazhhkncgeowiss/Build/Intermediates.noindex/Pods.build/Debug-iphonesimulator/ReactCodegen.build/Objects-normal/x86_64/Props-90e1acfbcacf06989bcbd7133c5392b8.o -index-unit-output-path /Pods.build/Debug-iphonesimulator/ReactCodegen.build/Objects-normal/x86_64/Props-90e1acfbcacf06989bcbd7133c5392b8.o

CompileC /Users/karelbraborec/Library/Developer/Xcode/DerivedData/revmeter-hbcnswmlqmbpnlazhhkncgeowiss/Build/Intermediates.noindex/Pods.build/Debug-iphonesimulator/ReactCodegen.build/Objects-normal/x86_64/Props-837e7efa1d8d78ca4a7b115bfaa5fb23.o /Users/karelbraborec/rev-meter/ios/build/generated/ios/ReactCodegen/react/renderer/components/rnreanimated/Props.cpp normal x86_64 c++ com.apple.compilers.llvm.clang.1_0.compiler (in target 'ReactCodegen' from project 'Pods')
    cd /Users/karelbraborec/rev-meter/ios/Pods
    
    Using response file: /Users/karelbraborec/Library/Developer/Xcode/DerivedData/revmeter-hbcnswmlqmbpnlazhhkncgeowiss/Build/Intermediates.noindex/Pods.build/Debug-iphonesimulator/ReactCodegen.build/Objects-normal/x86_64/82b82416624d2658e5098eb0a28c15c5-common-args.resp
    
    /Applications/Xcode.app/Contents/Developer/Toolchains/XcodeDefault.xctoolchain/usr/bin/clang -x c++ -ivfsstatcache /Users/karelbraborec/Library/Developer/Xcode/DerivedData/SDKStatCaches.noindex/iphonesimulator26.5-23F81a-6cfe768891a92b912361537c460fe42b.sdkstatcache -target x86_64-apple-ios15.1-simulator -fmessage-length\=0 -fdiagnostics-show-note-include-stack -fmacro-backtrace-limit\=0 -fno-color-diagnostics -fmodules-prune-interval\=86400 -fmodules-prune-after\=345600 -fbuild-session-file\=/Users/karelbraborec/Library/Developer/Xcode/DerivedData/ModuleCache.noindex/Session.modulevalidation -fmodules-validate-once-per-build-session -Wnon-modular-include-in-framework-module -Werror\=non-modular-include-in-framework-module -Wno-trigraphs -Wno-missing-field-initializers -Wno-missing-prototypes -Werror\=return-type -Wdocumentation -Wunreachable-code -Werror\=deprecated-objc-isa-usage -Werror\=objc-root-class -Wno-non-virtual-dtor -Wno-overloaded-virtual -Wno-exit-time-destructors -Wno-missing-braces -Wparentheses -Wswitch -Wunused-function -Wno-unused-label -Wno-unused-parameter -Wunused-variable -Wunused-value -Wempty-body -Wuninitialized -Wconditional-uninitialized -Wno-unknown-pragmas -Wno-shadow -Wno-four-char-constants -Wno-conversion -Wconstant-conversion -Wint-conversion -Wbool-conversion -Wenum-conversion -Wno-float-conversion -Wnon-literal-null-conversion -Wobjc-literal-conversion -Wshorten-64-to-32 -Wno-newline-eof -Wno-c++11-extensions -Wno-implicit-fallthrough -isysroot /Applications/Xcode.app/Contents/Developer/Platforms/iPhoneSimulator.platform/Developer/SDKs/iPhoneSimulator26.5.sdk -fstrict-aliasing -Wdeprecated-declarations -Winvalid-offsetof -Wno-sign-conversion -Winfinite-recursion -Wmove -Wcomma -Wblock-capture-autoreleasing -Wstrict-prototypes -Wrange-loop-analysis -Wno-semicolon-before-method-body -Wunguarded-availability -index-store-path /Users/karelbraborec/Library/Developer/Xcode/DerivedData/revmeter-hbcnswmlqmbpnlazhhkncgeowiss/Index.noindex/DataStore -Wno-comma -Wno-shorten-64-to-32 -Wno-documentation @/Users/karelbraborec/Library/Developer/Xcode/DerivedData/revmeter-hbcnswmlqmbpnlazhhkncgeowiss/Build/Intermediates.noindex/Pods.build/Debug-iphonesimulator/ReactCodegen.build/Objects-normal/x86_64/82b82416624d2658e5098eb0a28c15c5-common-args.resp -DFOLLY_MOBILE\=1 -DFOLLY_USE_LIBCPP\=1 -DFOLLY_CFG_NO_COROUTINES\=1 -DFOLLY_HAVE_CLOCK_GETTIME\=1 -Wno-comma -Wno-shorten-64-to-32 -Wno-documentation -Wno-nullability-completeness -std\=c++20 -include /Users/karelbraborec/rev-meter/ios/Pods/Target\ Support\ Files/ReactCodegen/ReactCodegen-prefix.pch -MMD -MT dependencies -MF /Users/karelbraborec/Library/Developer/Xcode/DerivedData/revmeter-hbcnswmlqmbpnlazhhkncgeowiss/Build/Intermediates.noindex/Pods.build/Debug-iphonesimulator/ReactCodegen.build/Objects-normal/x86_64/Props-837e7efa1d8d78ca4a7b115bfaa5fb23.d --serialize-diagnostics /Users/karelbraborec/Library/Developer/Xcode/DerivedData/revmeter-hbcnswmlqmbpnlazhhkncgeowiss/Build/Intermediates.noindex/Pods.build/Debug-iphonesimulator/ReactCodegen.build/Objects-normal/x86_64/Props-837e7efa1d8d78ca4a7b115bfaa5fb23.dia -c /Users/karelbraborec/rev-meter/ios/build/generated/ios/ReactCodegen/react/renderer/components/rnreanimated/Props.cpp -o /Users/karelbraborec/Library/Developer/Xcode/DerivedData/revmeter-hbcnswmlqmbpnlazhhkncgeowiss/Build/Intermediates.noindex/Pods.build/Debug-iphonesimulator/ReactCodegen.build/Objects-normal/x86_64/Props-837e7efa1d8d78ca4a7b115bfaa5fb23.o -index-unit-output-path /Pods.build/Debug-iphonesimulator/ReactCodegen.build/Objects-normal/x86_64/Props-837e7efa1d8d78ca4a7b115bfaa5fb23.o

CompileC /Users/karelbraborec/Library/Developer/Xcode/DerivedData/revmeter-hbcnswmlqmbpnlazhhkncgeowiss/Build/Intermediates.noindex/Pods.build/Debug-iphonesimulator/ReactCodegen.build/Objects-normal/x86_64/Props-5bf5ecfeb2e6ea933771af23315a288c.o /Users/karelbraborec/rev-meter/ios/build/generated/ios/ReactCodegen/react/renderer/components/safeareacontext/Props.cpp normal x86_64 c++ com.apple.compilers.llvm.clang.1_0.compiler (in target 'ReactCodegen' from project 'Pods')
    cd /Users/karelbraborec/rev-meter/ios/Pods
    
    Using response file: /Users/karelbraborec/Library/Developer/Xcode/DerivedData/revmeter-hbcnswmlqmbpnlazhhkncgeowiss/Build/Intermediates.noindex/Pods.build/Debug-iphonesimulator/ReactCodegen.build/Objects-normal/x86_64/82b82416624d2658e5098eb0a28c15c5-common-args.resp
    
    /Applications/Xcode.app/Contents/Developer/Toolchains/XcodeDefault.xctoolchain/usr/bin/clang -x c++ -ivfsstatcache /Users/karelbraborec/Library/Developer/Xcode/DerivedData/SDKStatCaches.noindex/iphonesimulator26.5-23F81a-6cfe768891a92b912361537c460fe42b.sdkstatcache -target x86_64-apple-ios15.1-simulator -fmessage-length\=0 -fdiagnostics-show-note-include-stack -fmacro-backtrace-limit\=0 -fno-color-diagnostics -fmodules-prune-interval\=86400 -fmodules-prune-after\=345600 -fbuild-session-file\=/Users/karelbraborec/Library/Developer/Xcode/DerivedData/ModuleCache.noindex/Session.modulevalidation -fmodules-validate-once-per-build-session -Wnon-modular-include-in-framework-module -Werror\=non-modular-include-in-framework-module -Wno-trigraphs -Wno-missing-field-initializers -Wno-missing-prototypes -Werror\=return-type -Wdocumentation -Wunreachable-code -Werror\=deprecated-objc-isa-usage -Werror\=objc-root-class -Wno-non-virtual-dtor -Wno-overloaded-virtual -Wno-exit-time-destructors -Wno-missing-braces -Wparentheses -Wswitch -Wunused-function -Wno-unused-label -Wno-unused-parameter -Wunused-variable -Wunused-value -Wempty-body -Wuninitialized -Wconditional-uninitialized -Wno-unknown-pragmas -Wno-shadow -Wno-four-char-constants -Wno-conversion -Wconstant-conversion -Wint-conversion -Wbool-conversion -Wenum-conversion -Wno-float-conversion -Wnon-literal-null-conversion -Wobjc-literal-conversion -Wshorten-64-to-32 -Wno-newline-eof -Wno-c++11-extensions -Wno-implicit-fallthrough -isysroot /Applications/Xcode.app/Contents/Developer/Platforms/iPhoneSimulator.platform/Developer/SDKs/iPhoneSimulator26.5.sdk -fstrict-aliasing -Wdeprecated-declarations -Winvalid-offsetof -Wno-sign-conversion -Winfinite-recursion -Wmove -Wcomma -Wblock-capture-autoreleasing -Wstrict-prototypes -Wrange-loop-analysis -Wno-semicolon-before-method-body -Wunguarded-availability -index-store-path /Users/karelbraborec/Library/Developer/Xcode/DerivedData/revmeter-hbcnswmlqmbpnlazhhkncgeowiss/Index.noindex/DataStore -Wno-comma -Wno-shorten-64-to-32 -Wno-documentation @/Users/karelbraborec/Library/Developer/Xcode/DerivedData/revmeter-hbcnswmlqmbpnlazhhkncgeowiss/Build/Intermediates.noindex/Pods.build/Debug-iphonesimulator/ReactCodegen.build/Objects-normal/x86_64/82b82416624d2658e5098eb0a28c15c5-common-args.resp -DFOLLY_MOBILE\=1 -DFOLLY_USE_LIBCPP\=1 -DFOLLY_CFG_NO_COROUTINES\=1 -DFOLLY_HAVE_CLOCK_GETTIME\=1 -Wno-comma -Wno-shorten-64-to-32 -Wno-documentation -Wno-nullability-completeness -std\=c++20 -include /Users/karelbraborec/rev-meter/ios/Pods/Target\ Support\ Files/ReactCodegen/ReactCodegen-prefix.pch -MMD -MT dependencies -MF /Users/karelbraborec/Library/Developer/Xcode/DerivedData/revmeter-hbcnswmlqmbpnlazhhkncgeowiss/Build/Intermediates.noindex/Pods.build/Debug-iphonesimulator/ReactCodegen.build/Objects-normal/x86_64/Props-5bf5ecfeb2e6ea933771af23315a288c.d --serialize-diagnostics /Users/karelbraborec/Library/Developer/Xcode/DerivedData/revmeter-hbcnswmlqmbpnlazhhkncgeowiss/Build/Intermediates.noindex/Pods.build/Debug-iphonesimulator/ReactCodegen.build/Objects-normal/x86_64/Props-5bf5ecfeb2e6ea933771af23315a288c.dia -c /Users/karelbraborec/rev-meter/ios/build/generated/ios/ReactCodegen/react/renderer/components/safeareacontext/Props.cpp -o /Users/karelbraborec/Library/Developer/Xcode/DerivedData/revmeter-hbcnswmlqmbpnlazhhkncgeowiss/Build/Intermediates.noindex/Pods.build/Debug-iphonesimulator/ReactCodegen.build/Objects-normal/x86_64/Props-5bf5ecfeb2e6ea933771af23315a288c.o -index-unit-output-path /Pods.build/Debug-iphonesimulator/ReactCodegen.build/Objects-normal/x86_64/Props-5bf5ecfeb2e6ea933771af23315a288c.o

CompileC /Users/karelbraborec/Library/Developer/Xcode/DerivedData/revmeter-hbcnswmlqmbpnlazhhkncgeowiss/Build/Intermediates.noindex/Pods.build/Debug-iphonesimulator/ReactCodegen.build/Objects-normal/x86_64/EventEmitters-df7a971a056b5acf43e14c7f6914106c.o /Users/karelbraborec/rev-meter/ios/build/generated/ios/ReactCodegen/react/renderer/components/rnreanimated/EventEmitters.cpp normal x86_64 c++ com.apple.compilers.llvm.clang.1_0.compiler (in target 'ReactCodegen' from project 'Pods')
    cd /Users/karelbraborec/rev-meter/ios/Pods
    
    Using response file: /Users/karelbraborec/Library/Developer/Xcode/DerivedData/revmeter-hbcnswmlqmbpnlazhhkncgeowiss/Build/Intermediates.noindex/Pods.build/Debug-iphonesimulator/ReactCodegen.build/Objects-normal/x86_64/82b82416624d2658e5098eb0a28c15c5-common-args.resp
    
    /Applications/Xcode.app/Contents/Developer/Toolchains/XcodeDefault.xctoolchain/usr/bin/clang -x c++ -ivfsstatcache /Users/karelbraborec/Library/Developer/Xcode/DerivedData/SDKStatCaches.noindex/iphonesimulator26.5-23F81a-6cfe768891a92b912361537c460fe42b.sdkstatcache -target x86_64-apple-ios15.1-simulator -fmessage-length\=0 -fdiagnostics-show-note-include-stack -fmacro-backtrace-limit\=0 -fno-color-diagnostics -fmodules-prune-interval\=86400 -fmodules-prune-after\=345600 -fbuild-session-file\=/Users/karelbraborec/Library/Developer/Xcode/DerivedData/ModuleCache.noindex/Session.modulevalidation -fmodules-validate-once-per-build-session -Wnon-modular-include-in-framework-module -Werror\=non-modular-include-in-framework-module -Wno-trigraphs -Wno-missing-field-initializers -Wno-missing-prototypes -Werror\=return-type -Wdocumentation -Wunreachable-code -Werror\=deprecated-objc-isa-usage -Werror\=objc-root-class -Wno-non-virtual-dtor -Wno-overloaded-virtual -Wno-exit-time-destructors -Wno-missing-braces -Wparentheses -Wswitch -Wunused-function -Wno-unused-label -Wno-unused-parameter -Wunused-variable -Wunused-value -Wempty-body -Wuninitialized -Wconditional-uninitialized -Wno-unknown-pragmas -Wno-shadow -Wno-four-char-constants -Wno-conversion -Wconstant-conversion -Wint-conversion -Wbool-conversion -Wenum-conversion -Wno-float-conversion -Wnon-literal-null-conversion -Wobjc-literal-conversion -Wshorten-64-to-32 -Wno-newline-eof -Wno-c++11-extensions -Wno-implicit-fallthrough -isysroot /Applications/Xcode.app/Contents/Developer/Platforms/iPhoneSimulator.platform/Developer/SDKs/iPhoneSimulator26.5.sdk -fstrict-aliasing -Wdeprecated-declarations -Winvalid-offsetof -Wno-sign-conversion -Winfinite-recursion -Wmove -Wcomma -Wblock-capture-autoreleasing -Wstrict-prototypes -Wrange-loop-analysis -Wno-semicolon-before-method-body -Wunguarded-availability -index-store-path /Users/karelbraborec/Library/Developer/Xcode/DerivedData/revmeter-hbcnswmlqmbpnlazhhkncgeowiss/Index.noindex/DataStore -Wno-comma -Wno-shorten-64-to-32 -Wno-documentation @/Users/karelbraborec/Library/Developer/Xcode/DerivedData/revmeter-hbcnswmlqmbpnlazhhkncgeowiss/Build/Intermediates.noindex/Pods.build/Debug-iphonesimulator/ReactCodegen.build/Objects-normal/x86_64/82b82416624d2658e5098eb0a28c15c5-common-args.resp -DFOLLY_MOBILE\=1 -DFOLLY_USE_LIBCPP\=1 -DFOLLY_CFG_NO_COROUTINES\=1 -DFOLLY_HAVE_CLOCK_GETTIME\=1 -Wno-comma -Wno-shorten-64-to-32 -Wno-documentation -Wno-nullability-completeness -std\=c++20 -include /Users/karelbraborec/rev-meter/ios/Pods/Target\ Support\ Files/ReactCodegen/ReactCodegen-prefix.pch -MMD -MT dependencies -MF /Users/karelbraborec/Library/Developer/Xcode/DerivedData/revmeter-hbcnswmlqmbpnlazhhkncgeowiss/Build/Intermediates.noindex/Pods.build/Debug-iphonesimulator/ReactCodegen.build/Objects-normal/x86_64/EventEmitters-df7a971a056b5acf43e14c7f6914106c.d --serialize-diagnostics /Users/karelbraborec/Library/Developer/Xcode/DerivedData/revmeter-hbcnswmlqmbpnlazhhkncgeowiss/Build/Intermediates.noindex/Pods.build/Debug-iphonesimulator/ReactCodegen.build/Objects-normal/x86_64/EventEmitters-df7a971a056b5acf43e14c7f6914106c.dia -c /Users/karelbraborec/rev-meter/ios/build/generated/ios/ReactCodegen/react/renderer/components/rnreanimated/EventEmitters.cpp -o /Users/karelbraborec/Library/Developer/Xcode/DerivedData/revmeter-hbcnswmlqmbpnlazhhkncgeowiss/Build/Intermediates.noindex/Pods.build/Debug-iphonesimulator/ReactCodegen.build/Objects-normal/x86_64/EventEmitters-df7a971a056b5acf43e14c7f6914106c.o -index-unit-output-path /Pods.build/Debug-iphonesimulator/ReactCodegen.build/Objects-normal/x86_64/EventEmitters-df7a971a056b5acf43e14c7f6914106c.o

CompileC /Users/karelbraborec/Library/Developer/Xcode/DerivedData/revmeter-hbcnswmlqmbpnlazhhkncgeowiss/Build/Intermediates.noindex/Pods.build/Debug-iphonesimulator/ReactCodegen.build/Objects-normal/x86_64/EventEmitters-df5deca7013db83e606268d22b0fa822.o /Users/karelbraborec/rev-meter/ios/build/generated/ios/ReactCodegen/react/renderer/components/RNCSlider/EventEmitters.cpp normal x86_64 c++ com.apple.compilers.llvm.clang.1_0.compiler (in target 'ReactCodegen' from project 'Pods')
    cd /Users/karelbraborec/rev-meter/ios/Pods
    
    Using response file: /Users/karelbraborec/Library/Developer/Xcode/DerivedData/revmeter-hbcnswmlqmbpnlazhhkncgeowiss/Build/Intermediates.noindex/Pods.build/Debug-iphonesimulator/ReactCodegen.build/Objects-normal/x86_64/82b82416624d2658e5098eb0a28c15c5-common-args.resp
    
    /Applications/Xcode.app/Contents/Developer/Toolchains/XcodeDefault.xctoolchain/usr/bin/clang -x c++ -ivfsstatcache /Users/karelbraborec/Library/Developer/Xcode/DerivedData/SDKStatCaches.noindex/iphonesimulator26.5-23F81a-6cfe768891a92b912361537c460fe42b.sdkstatcache -target x86_64-apple-ios15.1-simulator -fmessage-length\=0 -fdiagnostics-show-note-include-stack -fmacro-backtrace-limit\=0 -fno-color-diagnostics -fmodules-prune-interval\=86400 -fmodules-prune-after\=345600 -fbuild-session-file\=/Users/karelbraborec/Library/Developer/Xcode/DerivedData/ModuleCache.noindex/Session.modulevalidation -fmodules-validate-once-per-build-session -Wnon-modular-include-in-framework-module -Werror\=non-modular-include-in-framework-module -Wno-trigraphs -Wno-missing-field-initializers -Wno-missing-prototypes -Werror\=return-type -Wdocumentation -Wunreachable-code -Werror\=deprecated-objc-isa-usage -Werror\=objc-root-class -Wno-non-virtual-dtor -Wno-overloaded-virtual -Wno-exit-time-destructors -Wno-missing-braces -Wparentheses -Wswitch -Wunused-function -Wno-unused-label -Wno-unused-parameter -Wunused-variable -Wunused-value -Wempty-body -Wuninitialized -Wconditional-uninitialized -Wno-unknown-pragmas -Wno-shadow -Wno-four-char-constants -Wno-conversion -Wconstant-conversion -Wint-conversion -Wbool-conversion -Wenum-conversion -Wno-float-conversion -Wnon-literal-null-conversion -Wobjc-literal-conversion -Wshorten-64-to-32 -Wno-newline-eof -Wno-c++11-extensions -Wno-implicit-fallthrough -isysroot /Applications/Xcode.app/Contents/Developer/Platforms/iPhoneSimulator.platform/Developer/SDKs/iPhoneSimulator26.5.sdk -fstrict-aliasing -Wdeprecated-declarations -Winvalid-offsetof -Wno-sign-conversion -Winfinite-recursion -Wmove -Wcomma -Wblock-capture-autoreleasing -Wstrict-prototypes -Wrange-loop-analysis -Wno-semicolon-before-method-body -Wunguarded-availability -index-store-path /Users/karelbraborec/Library/Developer/Xcode/DerivedData/revmeter-hbcnswmlqmbpnlazhhkncgeowiss/Index.noindex/DataStore -Wno-comma -Wno-shorten-64-to-32 -Wno-documentation @/Users/karelbraborec/Library/Developer/Xcode/DerivedData/revmeter-hbcnswmlqmbpnlazhhkncgeowiss/Build/Intermediates.noindex/Pods.build/Debug-iphonesimulator/ReactCodegen.build/Objects-normal/x86_64/82b82416624d2658e5098eb0a28c15c5-common-args.resp -DFOLLY_MOBILE\=1 -DFOLLY_USE_LIBCPP\=1 -DFOLLY_CFG_NO_COROUTINES\=1 -DFOLLY_HAVE_CLOCK_GETTIME\=1 -Wno-comma -Wno-shorten-64-to-32 -Wno-documentation -Wno-nullability-completeness -std\=c++20 -include /Users/karelbraborec/rev-meter/ios/Pods/Target\ Support\ Files/ReactCodegen/ReactCodegen-prefix.pch -MMD -MT dependencies -MF /Users/karelbraborec/Library/Developer/Xcode/DerivedData/revmeter-hbcnswmlqmbpnlazhhkncgeowiss/Build/Intermediates.noindex/Pods.build/Debug-iphonesimulator/ReactCodegen.build/Objects-normal/x86_64/EventEmitters-df5deca7013db83e606268d22b0fa822.d --serialize-diagnostics /Users/karelbraborec/Library/Developer/Xcode/DerivedData/revmeter-hbcnswmlqmbpnlazhhkncgeowiss/Build/Intermediates.noindex/Pods.build/Debug-iphonesimulator/ReactCodegen.build/Objects-normal/x86_64/EventEmitters-df5deca7013db83e606268d22b0fa822.dia -c /Users/karelbraborec/rev-meter/ios/build/generated/ios/ReactCodegen/react/renderer/components/RNCSlider/EventEmitters.cpp -o /Users/karelbraborec/Library/Developer/Xcode/DerivedData/revmeter-hbcnswmlqmbpnlazhhkncgeowiss/Build/Intermediates.noindex/Pods.build/Debug-iphonesimulator/ReactCodegen.build/Objects-normal/x86_64/EventEmitters-df5deca7013db83e606268d22b0fa822.o -index-unit-output-path /Pods.build/Debug-iphonesimulator/ReactCodegen.build/Objects-normal/x86_64/EventEmitters-df5deca7013db83e606268d22b0fa822.o

CompileC /Users/karelbraborec/Library/Developer/Xcode/DerivedData/revmeter-hbcnswmlqmbpnlazhhkncgeowiss/Build/Intermediates.noindex/Pods.build/Debug-iphonesimulator/ReactCodegen.build/Objects-normal/x86_64/EventEmitters-be3a628d2d1d8496e9a36e92b90b7309.o /Users/karelbraborec/rev-meter/ios/build/generated/ios/ReactCodegen/react/renderer/components/safeareacontext/EventEmitters.cpp normal x86_64 c++ com.apple.compilers.llvm.clang.1_0.compiler (in target 'ReactCodegen' from project 'Pods')
    cd /Users/karelbraborec/rev-meter/ios/Pods
    
    Using response file: /Users/karelbraborec/Library/Developer/Xcode/DerivedData/revmeter-hbcnswmlqmbpnlazhhkncgeowiss/Build/Intermediates.noindex/Pods.build/Debug-iphonesimulator/ReactCodegen.build/Objects-normal/x86_64/82b82416624d2658e5098eb0a28c15c5-common-args.resp
    
    /Applications/Xcode.app/Contents/Developer/Toolchains/XcodeDefault.xctoolchain/usr/bin/clang -x c++ -ivfsstatcache /Users/karelbraborec/Library/Developer/Xcode/DerivedData/SDKStatCaches.noindex/iphonesimulator26.5-23F81a-6cfe768891a92b912361537c460fe42b.sdkstatcache -target x86_64-apple-ios15.1-simulator -fmessage-length\=0 -fdiagnostics-show-note-include-stack -fmacro-backtrace-limit\=0 -fno-color-diagnostics -fmodules-prune-interval\=86400 -fmodules-prune-after\=345600 -fbuild-session-file\=/Users/karelbraborec/Library/Developer/Xcode/DerivedData/ModuleCache.noindex/Session.modulevalidation -fmodules-validate-once-per-build-session -Wnon-modular-include-in-framework-module -Werror\=non-modular-include-in-framework-module -Wno-trigraphs -Wno-missing-field-initializers -Wno-missing-prototypes -Werror\=return-type -Wdocumentation -Wunreachable-code -Werror\=deprecated-objc-isa-usage -Werror\=objc-root-class -Wno-non-virtual-dtor -Wno-overloaded-virtual -Wno-exit-time-destructors -Wno-missing-braces -Wparentheses -Wswitch -Wunused-function -Wno-unused-label -Wno-unused-parameter -Wunused-variable -Wunused-value -Wempty-body -Wuninitialized -Wconditional-uninitialized -Wno-unknown-pragmas -Wno-shadow -Wno-four-char-constants -Wno-conversion -Wconstant-conversion -Wint-conversion -Wbool-conversion -Wenum-conversion -Wno-float-conversion -Wnon-literal-null-conversion -Wobjc-literal-conversion -Wshorten-64-to-32 -Wno-newline-eof -Wno-c++11-extensions -Wno-implicit-fallthrough -isysroot /Applications/Xcode.app/Contents/Developer/Platforms/iPhoneSimulator.platform/Developer/SDKs/iPhoneSimulator26.5.sdk -fstrict-aliasing -Wdeprecated-declarations -Winvalid-offsetof -Wno-sign-conversion -Winfinite-recursion -Wmove -Wcomma -Wblock-capture-autoreleasing -Wstrict-prototypes -Wrange-loop-analysis -Wno-semicolon-before-method-body -Wunguarded-availability -index-store-path /Users/karelbraborec/Library/Developer/Xcode/DerivedData/revmeter-hbcnswmlqmbpnlazhhkncgeowiss/Index.noindex/DataStore -Wno-comma -Wno-shorten-64-to-32 -Wno-documentation @/Users/karelbraborec/Library/Developer/Xcode/DerivedData/revmeter-hbcnswmlqmbpnlazhhkncgeowiss/Build/Intermediates.noindex/Pods.build/Debug-iphonesimulator/ReactCodegen.build/Objects-normal/x86_64/82b82416624d2658e5098eb0a28c15c5-common-args.resp -DFOLLY_MOBILE\=1 -DFOLLY_USE_LIBCPP\=1 -DFOLLY_CFG_NO_COROUTINES\=1 -DFOLLY_HAVE_CLOCK_GETTIME\=1 -Wno-comma -Wno-shorten-64-to-32 -Wno-documentation -Wno-nullability-completeness -std\=c++20 -include /Users/karelbraborec/rev-meter/ios/Pods/Target\ Support\ Files/ReactCodegen/ReactCodegen-prefix.pch -MMD -MT dependencies -MF /Users/karelbraborec/Library/Developer/Xcode/DerivedData/revmeter-hbcnswmlqmbpnlazhhkncgeowiss/Build/Intermediates.noindex/Pods.build/Debug-iphonesimulator/ReactCodegen.build/Objects-normal/x86_64/EventEmitters-be3a628d2d1d8496e9a36e92b90b7309.d --serialize-diagnostics /Users/karelbraborec/Library/Developer/Xcode/DerivedData/revmeter-hbcnswmlqmbpnlazhhkncgeowiss/Build/Intermediates.noindex/Pods.build/Debug-iphonesimulator/ReactCodegen.build/Objects-normal/x86_64/EventEmitters-be3a628d2d1d8496e9a36e92b90b7309.dia -c /Users/karelbraborec/rev-meter/ios/build/generated/ios/ReactCodegen/react/renderer/components/safeareacontext/EventEmitters.cpp -o /Users/karelbraborec/Library/Developer/Xcode/DerivedData/revmeter-hbcnswmlqmbpnlazhhkncgeowiss/Build/Intermediates.noindex/Pods.build/Debug-iphonesimulator/ReactCodegen.build/Objects-normal/x86_64/EventEmitters-be3a628d2d1d8496e9a36e92b90b7309.o -index-unit-output-path /Pods.build/Debug-iphonesimulator/ReactCodegen.build/Objects-normal/x86_64/EventEmitters-be3a628d2d1d8496e9a36e92b90b7309.o

CompileC /Users/karelbraborec/Library/Developer/Xcode/DerivedData/revmeter-hbcnswmlqmbpnlazhhkncgeowiss/Build/Intermediates.noindex/Pods.build/Debug-iphonesimulator/ReactCodegen.build/Objects-normal/x86_64/EventEmitters-8848764c79767756c12e578e90cb8fc7.o /Users/karelbraborec/rev-meter/ios/build/generated/ios/ReactCodegen/react/renderer/components/rngesturehandler_codegen/EventEmitters.cpp normal x86_64 c++ com.apple.compilers.llvm.clang.1_0.compiler (in target 'ReactCodegen' from project 'Pods')
    cd /Users/karelbraborec/rev-meter/ios/Pods
    
    Using response file: /Users/karelbraborec/Library/Developer/Xcode/DerivedData/revmeter-hbcnswmlqmbpnlazhhkncgeowiss/Build/Intermediates.noindex/Pods.build/Debug-iphonesimulator/ReactCodegen.build/Objects-normal/x86_64/82b82416624d2658e5098eb0a28c15c5-common-args.resp
    
    /Applications/Xcode.app/Contents/Developer/Toolchains/XcodeDefault.xctoolchain/usr/bin/clang -x c++ -ivfsstatcache /Users/karelbraborec/Library/Developer/Xcode/DerivedData/SDKStatCaches.noindex/iphonesimulator26.5-23F81a-6cfe768891a92b912361537c460fe42b.sdkstatcache -target x86_64-apple-ios15.1-simulator -fmessage-length\=0 -fdiagnostics-show-note-include-stack -fmacro-backtrace-limit\=0 -fno-color-diagnostics -fmodules-prune-interval\=86400 -fmodules-prune-after\=345600 -fbuild-session-file\=/Users/karelbraborec/Library/Developer/Xcode/DerivedData/ModuleCache.noindex/Session.modulevalidation -fmodules-validate-once-per-build-session -Wnon-modular-include-in-framework-module -Werror\=non-modular-include-in-framework-module -Wno-trigraphs -Wno-missing-field-initializers -Wno-missing-prototypes -Werror\=return-type -Wdocumentation -Wunreachable-code -Werror\=deprecated-objc-isa-usage -Werror\=objc-root-class -Wno-non-virtual-dtor -Wno-overloaded-virtual -Wno-exit-time-destructors -Wno-missing-braces -Wparentheses -Wswitch -Wunused-function -Wno-unused-label -Wno-unused-parameter -Wunused-variable -Wunused-value -Wempty-body -Wuninitialized -Wconditional-uninitialized -Wno-unknown-pragmas -Wno-shadow -Wno-four-char-constants -Wno-conversion -Wconstant-conversion -Wint-conversion -Wbool-conversion -Wenum-conversion -Wno-float-conversion -Wnon-literal-null-conversion -Wobjc-literal-conversion -Wshorten-64-to-32 -Wno-newline-eof -Wno-c++11-extensions -Wno-implicit-fallthrough -isysroot /Applications/Xcode.app/Contents/Developer/Platforms/iPhoneSimulator.platform/Developer/SDKs/iPhoneSimulator26.5.sdk -fstrict-aliasing -Wdeprecated-declarations -Winvalid-offsetof -Wno-sign-conversion -Winfinite-recursion -Wmove -Wcomma -Wblock-capture-autoreleasing -Wstrict-prototypes -Wrange-loop-analysis -Wno-semicolon-before-method-body -Wunguarded-availability -index-store-path /Users/karelbraborec/Library/Developer/Xcode/DerivedData/revmeter-hbcnswmlqmbpnlazhhkncgeowiss/Index.noindex/DataStore -Wno-comma -Wno-shorten-64-to-32 -Wno-documentation @/Users/karelbraborec/Library/Developer/Xcode/DerivedData/revmeter-hbcnswmlqmbpnlazhhkncgeowiss/Build/Intermediates.noindex/Pods.build/Debug-iphonesimulator/ReactCodegen.build/Objects-normal/x86_64/82b82416624d2658e5098eb0a28c15c5-common-args.resp -DFOLLY_MOBILE\=1 -DFOLLY_USE_LIBCPP\=1 -DFOLLY_CFG_NO_COROUTINES\=1 -DFOLLY_HAVE_CLOCK_GETTIME\=1 -Wno-comma -Wno-shorten-64-to-32 -Wno-documentation -Wno-nullability-completeness -std\=c++20 -include /Users/karelbraborec/rev-meter/ios/Pods/Target\ Support\ Files/ReactCodegen/ReactCodegen-prefix.pch -MMD -MT dependencies -MF /Users/karelbraborec/Library/Developer/Xcode/DerivedData/revmeter-hbcnswmlqmbpnlazhhkncgeowiss/Build/Intermediates.noindex/Pods.build/Debug-iphonesimulator/ReactCodegen.build/Objects-normal/x86_64/EventEmitters-8848764c79767756c12e578e90cb8fc7.d --serialize-diagnostics /Users/karelbraborec/Library/Developer/Xcode/DerivedData/revmeter-hbcnswmlqmbpnlazhhkncgeowiss/Build/Intermediates.noindex/Pods.build/Debug-iphonesimulator/ReactCodegen.build/Objects-normal/x86_64/EventEmitters-8848764c79767756c12e578e90cb8fc7.dia -c /Users/karelbraborec/rev-meter/ios/build/generated/ios/ReactCodegen/react/renderer/components/rngesturehandler_codegen/EventEmitters.cpp -o /Users/karelbraborec/Library/Developer/Xcode/DerivedData/revmeter-hbcnswmlqmbpnlazhhkncgeowiss/Build/Intermediates.noindex/Pods.build/Debug-iphonesimulator/ReactCodegen.build/Objects-normal/x86_64/EventEmitters-8848764c79767756c12e578e90cb8fc7.o -index-unit-output-path /Pods.build/Debug-iphonesimulator/ReactCodegen.build/Objects-normal/x86_64/EventEmitters-8848764c79767756c12e578e90cb8fc7.o

CompileC /Users/karelbraborec/Library/Developer/Xcode/DerivedData/revmeter-hbcnswmlqmbpnlazhhkncgeowiss/Build/Intermediates.noindex/Pods.build/Debug-iphonesimulator/ReactCodegen.build/Objects-normal/x86_64/EventEmitters-48f31c56e9bc6f5455bd093f6408155c.o /Users/karelbraborec/rev-meter/ios/build/generated/ios/ReactCodegen/react/renderer/components/rnscreens/EventEmitters.cpp normal x86_64 c++ com.apple.compilers.llvm.clang.1_0.compiler (in target 'ReactCodegen' from project 'Pods')
    cd /Users/karelbraborec/rev-meter/ios/Pods
    
    Using response file: /Users/karelbraborec/Library/Developer/Xcode/DerivedData/revmeter-hbcnswmlqmbpnlazhhkncgeowiss/Build/Intermediates.noindex/Pods.build/Debug-iphonesimulator/ReactCodegen.build/Objects-normal/x86_64/82b82416624d2658e5098eb0a28c15c5-common-args.resp
    
    /Applications/Xcode.app/Contents/Developer/Toolchains/XcodeDefault.xctoolchain/usr/bin/clang -x c++ -ivfsstatcache /Users/karelbraborec/Library/Developer/Xcode/DerivedData/SDKStatCaches.noindex/iphonesimulator26.5-23F81a-6cfe768891a92b912361537c460fe42b.sdkstatcache -target x86_64-apple-ios15.1-simulator -fmessage-length\=0 -fdiagnostics-show-note-include-stack -fmacro-backtrace-limit\=0 -fno-color-diagnostics -fmodules-prune-interval\=86400 -fmodules-prune-after\=345600 -fbuild-session-file\=/Users/karelbraborec/Library/Developer/Xcode/DerivedData/ModuleCache.noindex/Session.modulevalidation -fmodules-validate-once-per-build-session -Wnon-modular-include-in-framework-module -Werror\=non-modular-include-in-framework-module -Wno-trigraphs -Wno-missing-field-initializers -Wno-missing-prototypes -Werror\=return-type -Wdocumentation -Wunreachable-code -Werror\=deprecated-objc-isa-usage -Werror\=objc-root-class -Wno-non-virtual-dtor -Wno-overloaded-virtual -Wno-exit-time-destructors -Wno-missing-braces -Wparentheses -Wswitch -Wunused-function -Wno-unused-label -Wno-unused-parameter -Wunused-variable -Wunused-value -Wempty-body -Wuninitialized -Wconditional-uninitialized -Wno-unknown-pragmas -Wno-shadow -Wno-four-char-constants -Wno-conversion -Wconstant-conversion -Wint-conversion -Wbool-conversion -Wenum-conversion -Wno-float-conversion -Wnon-literal-null-conversion -Wobjc-literal-conversion -Wshorten-64-to-32 -Wno-newline-eof -Wno-c++11-extensions -Wno-implicit-fallthrough -isysroot /Applications/Xcode.app/Contents/Developer/Platforms/iPhoneSimulator.platform/Developer/SDKs/iPhoneSimulator26.5.sdk -fstrict-aliasing -Wdeprecated-declarations -Winvalid-offsetof -Wno-sign-conversion -Winfinite-recursion -Wmove -Wcomma -Wblock-capture-autoreleasing -Wstrict-prototypes -Wrange-loop-analysis -Wno-semicolon-before-method-body -Wunguarded-availability -index-store-path /Users/karelbraborec/Library/Developer/Xcode/DerivedData/revmeter-hbcnswmlqmbpnlazhhkncgeowiss/Index.noindex/DataStore -Wno-comma -Wno-shorten-64-to-32 -Wno-documentation @/Users/karelbraborec/Library/Developer/Xcode/DerivedData/revmeter-hbcnswmlqmbpnlazhhkncgeowiss/Build/Intermediates.noindex/Pods.build/Debug-iphonesimulator/ReactCodegen.build/Objects-normal/x86_64/82b82416624d2658e5098eb0a28c15c5-common-args.resp -DFOLLY_MOBILE\=1 -DFOLLY_USE_LIBCPP\=1 -DFOLLY_CFG_NO_COROUTINES\=1 -DFOLLY_HAVE_CLOCK_GETTIME\=1 -Wno-comma -Wno-shorten-64-to-32 -Wno-documentation -Wno-nullability-completeness -std\=c++20 -include /Users/karelbraborec/rev-meter/ios/Pods/Target\ Support\ Files/ReactCodegen/ReactCodegen-prefix.pch -MMD -MT dependencies -MF /Users/karelbraborec/Library/Developer/Xcode/DerivedData/revmeter-hbcnswmlqmbpnlazhhkncgeowiss/Build/Intermediates.noindex/Pods.build/Debug-iphonesimulator/ReactCodegen.build/Objects-normal/x86_64/EventEmitters-48f31c56e9bc6f5455bd093f6408155c.d --serialize-diagnostics /Users/karelbraborec/Library/Developer/Xcode/DerivedData/revmeter-hbcnswmlqmbpnlazhhkncgeowiss/Build/Intermediates.noindex/Pods.build/Debug-iphonesimulator/ReactCodegen.build/Objects-normal/x86_64/EventEmitters-48f31c56e9bc6f5455bd093f6408155c.dia -c /Users/karelbraborec/rev-meter/ios/build/generated/ios/ReactCodegen/react/renderer/components/rnscreens/EventEmitters.cpp -o /Users/karelbraborec/Library/Developer/Xcode/DerivedData/revmeter-hbcnswmlqmbpnlazhhkncgeowiss/Build/Intermediates.noindex/Pods.build/Debug-iphonesimulator/ReactCodegen.build/Objects-normal/x86_64/EventEmitters-48f31c56e9bc6f5455bd093f6408155c.o -index-unit-output-path /Pods.build/Debug-iphonesimulator/ReactCodegen.build/Objects-normal/x86_64/EventEmitters-48f31c56e9bc6f5455bd093f6408155c.o

CompileC /Users/karelbraborec/Library/Developer/Xcode/DerivedData/revmeter-hbcnswmlqmbpnlazhhkncgeowiss/Build/Intermediates.noindex/Pods.build/Debug-iphonesimulator/ReactCodegen.build/Objects-normal/x86_64/ComponentDescriptors-e3c3e8ba4ebcffd2bbf67e30f48f6520.o /Users/karelbraborec/rev-meter/ios/build/generated/ios/ReactCodegen/react/renderer/components/safeareacontext/ComponentDescriptors.cpp normal x86_64 c++ com.apple.compilers.llvm.clang.1_0.compiler (in target 'ReactCodegen' from project 'Pods')
    cd /Users/karelbraborec/rev-meter/ios/Pods
    
    Using response file: /Users/karelbraborec/Library/Developer/Xcode/DerivedData/revmeter-hbcnswmlqmbpnlazhhkncgeowiss/Build/Intermediates.noindex/Pods.build/Debug-iphonesimulator/ReactCodegen.build/Objects-normal/x86_64/82b82416624d2658e5098eb0a28c15c5-common-args.resp
    
    /Applications/Xcode.app/Contents/Developer/Toolchains/XcodeDefault.xctoolchain/usr/bin/clang -x c++ -ivfsstatcache /Users/karelbraborec/Library/Developer/Xcode/DerivedData/SDKStatCaches.noindex/iphonesimulator26.5-23F81a-6cfe768891a92b912361537c460fe42b.sdkstatcache -target x86_64-apple-ios15.1-simulator -fmessage-length\=0 -fdiagnostics-show-note-include-stack -fmacro-backtrace-limit\=0 -fno-color-diagnostics -fmodules-prune-interval\=86400 -fmodules-prune-after\=345600 -fbuild-session-file\=/Users/karelbraborec/Library/Developer/Xcode/DerivedData/ModuleCache.noindex/Session.modulevalidation -fmodules-validate-once-per-build-session -Wnon-modular-include-in-framework-module -Werror\=non-modular-include-in-framework-module -Wno-trigraphs -Wno-missing-field-initializers -Wno-missing-prototypes -Werror\=return-type -Wdocumentation -Wunreachable-code -Werror\=deprecated-objc-isa-usage -Werror\=objc-root-class -Wno-non-virtual-dtor -Wno-overloaded-virtual -Wno-exit-time-destructors -Wno-missing-braces -Wparentheses -Wswitch -Wunused-function -Wno-unused-label -Wno-unused-parameter -Wunused-variable -Wunused-value -Wempty-body -Wuninitialized -Wconditional-uninitialized -Wno-unknown-pragmas -Wno-shadow -Wno-four-char-constants -Wno-conversion -Wconstant-conversion -Wint-conversion -Wbool-conversion -Wenum-conversion -Wno-float-conversion -Wnon-literal-null-conversion -Wobjc-literal-conversion -Wshorten-64-to-32 -Wno-newline-eof -Wno-c++11-extensions -Wno-implicit-fallthrough -isysroot /Applications/Xcode.app/Contents/Developer/Platforms/iPhoneSimulator.platform/Developer/SDKs/iPhoneSimulator26.5.sdk -fstrict-aliasing -Wdeprecated-declarations -Winvalid-offsetof -Wno-sign-conversion -Winfinite-recursion -Wmove -Wcomma -Wblock-capture-autoreleasing -Wstrict-prototypes -Wrange-loop-analysis -Wno-semicolon-before-method-body -Wunguarded-availability -index-store-path /Users/karelbraborec/Library/Developer/Xcode/DerivedData/revmeter-hbcnswmlqmbpnlazhhkncgeowiss/Index.noindex/DataStore -Wno-comma -Wno-shorten-64-to-32 -Wno-documentation @/Users/karelbraborec/Library/Developer/Xcode/DerivedData/revmeter-hbcnswmlqmbpnlazhhkncgeowiss/Build/Intermediates.noindex/Pods.build/Debug-iphonesimulator/ReactCodegen.build/Objects-normal/x86_64/82b82416624d2658e5098eb0a28c15c5-common-args.resp -DFOLLY_MOBILE\=1 -DFOLLY_USE_LIBCPP\=1 -DFOLLY_CFG_NO_COROUTINES\=1 -DFOLLY_HAVE_CLOCK_GETTIME\=1 -Wno-comma -Wno-shorten-64-to-32 -Wno-documentation -Wno-nullability-completeness -std\=c++20 -include /Users/karelbraborec/rev-meter/ios/Pods/Target\ Support\ Files/ReactCodegen/ReactCodegen-prefix.pch -MMD -MT dependencies -MF /Users/karelbraborec/Library/Developer/Xcode/DerivedData/revmeter-hbcnswmlqmbpnlazhhkncgeowiss/Build/Intermediates.noindex/Pods.build/Debug-iphonesimulator/ReactCodegen.build/Objects-normal/x86_64/ComponentDescriptors-e3c3e8ba4ebcffd2bbf67e30f48f6520.d --serialize-diagnostics /Users/karelbraborec/Library/Developer/Xcode/DerivedData/revmeter-hbcnswmlqmbpnlazhhkncgeowiss/Build/Intermediates.noindex/Pods.build/Debug-iphonesimulator/ReactCodegen.build/Objects-normal/x86_64/ComponentDescriptors-e3c3e8ba4ebcffd2bbf67e30f48f6520.dia -c /Users/karelbraborec/rev-meter/ios/build/generated/ios/ReactCodegen/react/renderer/components/safeareacontext/ComponentDescriptors.cpp -o /Users/karelbraborec/Library/Developer/Xcode/DerivedData/revmeter-hbcnswmlqmbpnlazhhkncgeowiss/Build/Intermediates.noindex/Pods.build/Debug-iphonesimulator/ReactCodegen.build/Objects-normal/x86_64/ComponentDescriptors-e3c3e8ba4ebcffd2bbf67e30f48f6520.o -index-unit-output-path /Pods.build/Debug-iphonesimulator/ReactCodegen.build/Objects-normal/x86_64/ComponentDescriptors-e3c3e8ba4ebcffd2bbf67e30f48f6520.o

CompileC /Users/karelbraborec/Library/Developer/Xcode/DerivedData/revmeter-hbcnswmlqmbpnlazhhkncgeowiss/Build/Intermediates.noindex/Pods.build/Debug-iphonesimulator/ReactCodegen.build/Objects-normal/x86_64/ComponentDescriptors-8be601f4434eb73d449dbe726047e3aa.o /Users/karelbraborec/rev-meter/ios/build/generated/ios/ReactCodegen/react/renderer/components/rngesturehandler_codegen/ComponentDescriptors.cpp normal x86_64 c++ com.apple.compilers.llvm.clang.1_0.compiler (in target 'ReactCodegen' from project 'Pods')
    cd /Users/karelbraborec/rev-meter/ios/Pods
    
    Using response file: /Users/karelbraborec/Library/Developer/Xcode/DerivedData/revmeter-hbcnswmlqmbpnlazhhkncgeowiss/Build/Intermediates.noindex/Pods.build/Debug-iphonesimulator/ReactCodegen.build/Objects-normal/x86_64/82b82416624d2658e5098eb0a28c15c5-common-args.resp
    
    /Applications/Xcode.app/Contents/Developer/Toolchains/XcodeDefault.xctoolchain/usr/bin/clang -x c++ -ivfsstatcache /Users/karelbraborec/Library/Developer/Xcode/DerivedData/SDKStatCaches.noindex/iphonesimulator26.5-23F81a-6cfe768891a92b912361537c460fe42b.sdkstatcache -target x86_64-apple-ios15.1-simulator -fmessage-length\=0 -fdiagnostics-show-note-include-stack -fmacro-backtrace-limit\=0 -fno-color-diagnostics -fmodules-prune-interval\=86400 -fmodules-prune-after\=345600 -fbuild-session-file\=/Users/karelbraborec/Library/Developer/Xcode/DerivedData/ModuleCache.noindex/Session.modulevalidation -fmodules-validate-once-per-build-session -Wnon-modular-include-in-framework-module -Werror\=non-modular-include-in-framework-module -Wno-trigraphs -Wno-missing-field-initializers -Wno-missing-prototypes -Werror\=return-type -Wdocumentation -Wunreachable-code -Werror\=deprecated-objc-isa-usage -Werror\=objc-root-class -Wno-non-virtual-dtor -Wno-overloaded-virtual -Wno-exit-time-destructors -Wno-missing-braces -Wparentheses -Wswitch -Wunused-function -Wno-unused-label -Wno-unused-parameter -Wunused-variable -Wunused-value -Wempty-body -Wuninitialized -Wconditional-uninitialized -Wno-unknown-pragmas -Wno-shadow -Wno-four-char-constants -Wno-conversion -Wconstant-conversion -Wint-conversion -Wbool-conversion -Wenum-conversion -Wno-float-conversion -Wnon-literal-null-conversion -Wobjc-literal-conversion -Wshorten-64-to-32 -Wno-newline-eof -Wno-c++11-extensions -Wno-implicit-fallthrough -isysroot /Applications/Xcode.app/Contents/Developer/Platforms/iPhoneSimulator.platform/Developer/SDKs/iPhoneSimulator26.5.sdk -fstrict-aliasing -Wdeprecated-declarations -Winvalid-offsetof -Wno-sign-conversion -Winfinite-recursion -Wmove -Wcomma -Wblock-capture-autoreleasing -Wstrict-prototypes -Wrange-loop-analysis -Wno-semicolon-before-method-body -Wunguarded-availability -index-store-path /Users/karelbraborec/Library/Developer/Xcode/DerivedData/revmeter-hbcnswmlqmbpnlazhhkncgeowiss/Index.noindex/DataStore -Wno-comma -Wno-shorten-64-to-32 -Wno-documentation @/Users/karelbraborec/Library/Developer/Xcode/DerivedData/revmeter-hbcnswmlqmbpnlazhhkncgeowiss/Build/Intermediates.noindex/Pods.build/Debug-iphonesimulator/ReactCodegen.build/Objects-normal/x86_64/82b82416624d2658e5098eb0a28c15c5-common-args.resp -DFOLLY_MOBILE\=1 -DFOLLY_USE_LIBCPP\=1 -DFOLLY_CFG_NO_COROUTINES\=1 -DFOLLY_HAVE_CLOCK_GETTIME\=1 -Wno-comma -Wno-shorten-64-to-32 -Wno-documentation -Wno-nullability-completeness -std\=c++20 -include /Users/karelbraborec/rev-meter/ios/Pods/Target\ Support\ Files/ReactCodegen/ReactCodegen-prefix.pch -MMD -MT dependencies -MF /Users/karelbraborec/Library/Developer/Xcode/DerivedData/revmeter-hbcnswmlqmbpnlazhhkncgeowiss/Build/Intermediates.noindex/Pods.build/Debug-iphonesimulator/ReactCodegen.build/Objects-normal/x86_64/ComponentDescriptors-8be601f4434eb73d449dbe726047e3aa.d --serialize-diagnostics /Users/karelbraborec/Library/Developer/Xcode/DerivedData/revmeter-hbcnswmlqmbpnlazhhkncgeowiss/Build/Intermediates.noindex/Pods.build/Debug-iphonesimulator/ReactCodegen.build/Objects-normal/x86_64/ComponentDescriptors-8be601f4434eb73d449dbe726047e3aa.dia -c /Users/karelbraborec/rev-meter/ios/build/generated/ios/ReactCodegen/react/renderer/components/rngesturehandler_codegen/ComponentDescriptors.cpp -o /Users/karelbraborec/Library/Developer/Xcode/DerivedData/revmeter-hbcnswmlqmbpnlazhhkncgeowiss/Build/Intermediates.noindex/Pods.build/Debug-iphonesimulator/ReactCodegen.build/Objects-normal/x86_64/ComponentDescriptors-8be601f4434eb73d449dbe726047e3aa.o -index-unit-output-path /Pods.build/Debug-iphonesimulator/ReactCodegen.build/Objects-normal/x86_64/ComponentDescriptors-8be601f4434eb73d449dbe726047e3aa.o

CompileC /Users/karelbraborec/Library/Developer/Xcode/DerivedData/revmeter-hbcnswmlqmbpnlazhhkncgeowiss/Build/Intermediates.noindex/Pods.build/Debug-iphonesimulator/ReactCodegen.build/Objects-normal/x86_64/ComponentDescriptors-5998752fc9e8f796edd34f85fd7cff84.o /Users/karelbraborec/rev-meter/ios/build/generated/ios/ReactCodegen/react/renderer/components/rnscreens/ComponentDescriptors.cpp normal x86_64 c++ com.apple.compilers.llvm.clang.1_0.compiler (in target 'ReactCodegen' from project 'Pods')
    cd /Users/karelbraborec/rev-meter/ios/Pods
    
    Using response file: /Users/karelbraborec/Library/Developer/Xcode/DerivedData/revmeter-hbcnswmlqmbpnlazhhkncgeowiss/Build/Intermediates.noindex/Pods.build/Debug-iphonesimulator/ReactCodegen.build/Objects-normal/x86_64/82b82416624d2658e5098eb0a28c15c5-common-args.resp
    
    /Applications/Xcode.app/Contents/Developer/Toolchains/XcodeDefault.xctoolchain/usr/bin/clang -x c++ -ivfsstatcache /Users/karelbraborec/Library/Developer/Xcode/DerivedData/SDKStatCaches.noindex/iphonesimulator26.5-23F81a-6cfe768891a92b912361537c460fe42b.sdkstatcache -target x86_64-apple-ios15.1-simulator -fmessage-length\=0 -fdiagnostics-show-note-include-stack -fmacro-backtrace-limit\=0 -fno-color-diagnostics -fmodules-prune-interval\=86400 -fmodules-prune-after\=345600 -fbuild-session-file\=/Users/karelbraborec/Library/Developer/Xcode/DerivedData/ModuleCache.noindex/Session.modulevalidation -fmodules-validate-once-per-build-session -Wnon-modular-include-in-framework-module -Werror\=non-modular-include-in-framework-module -Wno-trigraphs -Wno-missing-field-initializers -Wno-missing-prototypes -Werror\=return-type -Wdocumentation -Wunreachable-code -Werror\=deprecated-objc-isa-usage -Werror\=objc-root-class -Wno-non-virtual-dtor -Wno-overloaded-virtual -Wno-exit-time-destructors -Wno-missing-braces -Wparentheses -Wswitch -Wunused-function -Wno-unused-label -Wno-unused-parameter -Wunused-variable -Wunused-value -Wempty-body -Wuninitialized -Wconditional-uninitialized -Wno-unknown-pragmas -Wno-shadow -Wno-four-char-constants -Wno-conversion -Wconstant-conversion -Wint-conversion -Wbool-conversion -Wenum-conversion -Wno-float-conversion -Wnon-literal-null-conversion -Wobjc-literal-conversion -Wshorten-64-to-32 -Wno-newline-eof -Wno-c++11-extensions -Wno-implicit-fallthrough -isysroot /Applications/Xcode.app/Contents/Developer/Platforms/iPhoneSimulator.platform/Developer/SDKs/iPhoneSimulator26.5.sdk -fstrict-aliasing -Wdeprecated-declarations -Winvalid-offsetof -Wno-sign-conversion -Winfinite-recursion -Wmove -Wcomma -Wblock-capture-autoreleasing -Wstrict-prototypes -Wrange-loop-analysis -Wno-semicolon-before-method-body -Wunguarded-availability -index-store-path /Users/karelbraborec/Library/Developer/Xcode/DerivedData/revmeter-hbcnswmlqmbpnlazhhkncgeowiss/Index.noindex/DataStore -Wno-comma -Wno-shorten-64-to-32 -Wno-documentation @/Users/karelbraborec/Library/Developer/Xcode/DerivedData/revmeter-hbcnswmlqmbpnlazhhkncgeowiss/Build/Intermediates.noindex/Pods.build/Debug-iphonesimulator/ReactCodegen.build/Objects-normal/x86_64/82b82416624d2658e5098eb0a28c15c5-common-args.resp -DFOLLY_MOBILE\=1 -DFOLLY_USE_LIBCPP\=1 -DFOLLY_CFG_NO_COROUTINES\=1 -DFOLLY_HAVE_CLOCK_GETTIME\=1 -Wno-comma -Wno-shorten-64-to-32 -Wno-documentation -Wno-nullability-completeness -std\=c++20 -include /Users/karelbraborec/rev-meter/ios/Pods/Target\ Support\ Files/ReactCodegen/ReactCodegen-prefix.pch -MMD -MT dependencies -MF /Users/karelbraborec/Library/Developer/Xcode/DerivedData/revmeter-hbcnswmlqmbpnlazhhkncgeowiss/Build/Intermediates.noindex/Pods.build/Debug-iphonesimulator/ReactCodegen.build/Objects-normal/x86_64/ComponentDescriptors-5998752fc9e8f796edd34f85fd7cff84.d --serialize-diagnostics /Users/karelbraborec/Library/Developer/Xcode/DerivedData/revmeter-hbcnswmlqmbpnlazhhkncgeowiss/Build/Intermediates.noindex/Pods.build/Debug-iphonesimulator/ReactCodegen.build/Objects-normal/x86_64/ComponentDescriptors-5998752fc9e8f796edd34f85fd7cff84.dia -c /Users/karelbraborec/rev-meter/ios/build/generated/ios/ReactCodegen/react/renderer/components/rnscreens/ComponentDescriptors.cpp -o /Users/karelbraborec/Library/Developer/Xcode/DerivedData/revmeter-hbcnswmlqmbpnlazhhkncgeowiss/Build/Intermediates.noindex/Pods.build/Debug-iphonesimulator/ReactCodegen.build/Objects-normal/x86_64/ComponentDescriptors-5998752fc9e8f796edd34f85fd7cff84.o -index-unit-output-path /Pods.build/Debug-iphonesimulator/ReactCodegen.build/Objects-normal/x86_64/ComponentDescriptors-5998752fc9e8f796edd34f85fd7cff84.o

CompileC /Users/karelbraborec/Library/Developer/Xcode/DerivedData/revmeter-hbcnswmlqmbpnlazhhkncgeowiss/Build/Intermediates.noindex/Pods.build/Debug-iphonesimulator/ReactCodegen.build/Objects-normal/x86_64/ComponentDescriptors-529aaf8e4f4b254374eaaa84ed229856.o /Users/karelbraborec/rev-meter/ios/build/generated/ios/ReactCodegen/react/renderer/components/rnreanimated/ComponentDescriptors.cpp normal x86_64 c++ com.apple.compilers.llvm.clang.1_0.compiler (in target 'ReactCodegen' from project 'Pods')
    cd /Users/karelbraborec/rev-meter/ios/Pods
    
    Using response file: /Users/karelbraborec/Library/Developer/Xcode/DerivedData/revmeter-hbcnswmlqmbpnlazhhkncgeowiss/Build/Intermediates.noindex/Pods.build/Debug-iphonesimulator/ReactCodegen.build/Objects-normal/x86_64/82b82416624d2658e5098eb0a28c15c5-common-args.resp
    
    /Applications/Xcode.app/Contents/Developer/Toolchains/XcodeDefault.xctoolchain/usr/bin/clang -x c++ -ivfsstatcache /Users/karelbraborec/Library/Developer/Xcode/DerivedData/SDKStatCaches.noindex/iphonesimulator26.5-23F81a-6cfe768891a92b912361537c460fe42b.sdkstatcache -target x86_64-apple-ios15.1-simulator -fmessage-length\=0 -fdiagnostics-show-note-include-stack -fmacro-backtrace-limit\=0 -fno-color-diagnostics -fmodules-prune-interval\=86400 -fmodules-prune-after\=345600 -fbuild-session-file\=/Users/karelbraborec/Library/Developer/Xcode/DerivedData/ModuleCache.noindex/Session.modulevalidation -fmodules-validate-once-per-build-session -Wnon-modular-include-in-framework-module -Werror\=non-modular-include-in-framework-module -Wno-trigraphs -Wno-missing-field-initializers -Wno-missing-prototypes -Werror\=return-type -Wdocumentation -Wunreachable-code -Werror\=deprecated-objc-isa-usage -Werror\=objc-root-class -Wno-non-virtual-dtor -Wno-overloaded-virtual -Wno-exit-time-destructors -Wno-missing-braces -Wparentheses -Wswitch -Wunused-function -Wno-unused-label -Wno-unused-parameter -Wunused-variable -Wunused-value -Wempty-body -Wuninitialized -Wconditional-uninitialized -Wno-unknown-pragmas -Wno-shadow -Wno-four-char-constants -Wno-conversion -Wconstant-conversion -Wint-conversion -Wbool-conversion -Wenum-conversion -Wno-float-conversion -Wnon-literal-null-conversion -Wobjc-literal-conversion -Wshorten-64-to-32 -Wno-newline-eof -Wno-c++11-extensions -Wno-implicit-fallthrough -isysroot /Applications/Xcode.app/Contents/Developer/Platforms/iPhoneSimulator.platform/Developer/SDKs/iPhoneSimulator26.5.sdk -fstrict-aliasing -Wdeprecated-declarations -Winvalid-offsetof -Wno-sign-conversion -Winfinite-recursion -Wmove -Wcomma -Wblock-capture-autoreleasing -Wstrict-prototypes -Wrange-loop-analysis -Wno-semicolon-before-method-body -Wunguarded-availability -index-store-path /Users/karelbraborec/Library/Developer/Xcode/DerivedData/revmeter-hbcnswmlqmbpnlazhhkncgeowiss/Index.noindex/DataStore -Wno-comma -Wno-shorten-64-to-32 -Wno-documentation @/Users/karelbraborec/Library/Developer/Xcode/DerivedData/revmeter-hbcnswmlqmbpnlazhhkncgeowiss/Build/Intermediates.noindex/Pods.build/Debug-iphonesimulator/ReactCodegen.build/Objects-normal/x86_64/82b82416624d2658e5098eb0a28c15c5-common-args.resp -DFOLLY_MOBILE\=1 -DFOLLY_USE_LIBCPP\=1 -DFOLLY_CFG_NO_COROUTINES\=1 -DFOLLY_HAVE_CLOCK_GETTIME\=1 -Wno-comma -Wno-shorten-64-to-32 -Wno-documentation -Wno-nullability-completeness -std\=c++20 -include /Users/karelbraborec/rev-meter/ios/Pods/Target\ Support\ Files/ReactCodegen/ReactCodegen-prefix.pch -MMD -MT dependencies -MF /Users/karelbraborec/Library/Developer/Xcode/DerivedData/revmeter-hbcnswmlqmbpnlazhhkncgeowiss/Build/Intermediates.noindex/Pods.build/Debug-iphonesimulator/ReactCodegen.build/Objects-normal/x86_64/ComponentDescriptors-529aaf8e4f4b254374eaaa84ed229856.d --serialize-diagnostics /Users/karelbraborec/Library/Developer/Xcode/DerivedData/revmeter-hbcnswmlqmbpnlazhhkncgeowiss/Build/Intermediates.noindex/Pods.build/Debug-iphonesimulator/ReactCodegen.build/Objects-normal/x86_64/ComponentDescriptors-529aaf8e4f4b254374eaaa84ed229856.dia -c /Users/karelbraborec/rev-meter/ios/build/generated/ios/ReactCodegen/react/renderer/components/rnreanimated/ComponentDescriptors.cpp -o /Users/karelbraborec/Library/Developer/Xcode/DerivedData/revmeter-hbcnswmlqmbpnlazhhkncgeowiss/Build/Intermediates.noindex/Pods.build/Debug-iphonesimulator/ReactCodegen.build/Objects-normal/x86_64/ComponentDescriptors-529aaf8e4f4b254374eaaa84ed229856.o -index-unit-output-path /Pods.build/Debug-iphonesimulator/ReactCodegen.build/Objects-normal/x86_64/ComponentDescriptors-529aaf8e4f4b254374eaaa84ed229856.o

CompileC /Users/karelbraborec/Library/Developer/Xcode/DerivedData/revmeter-hbcnswmlqmbpnlazhhkncgeowiss/Build/Intermediates.noindex/Pods.build/Debug-iphonesimulator/ReactCodegen.build/Objects-normal/x86_64/ComponentDescriptors-4805b69227a0f6f04856826788865665.o /Users/karelbraborec/rev-meter/ios/build/generated/ios/ReactCodegen/react/renderer/components/RNCSlider/ComponentDescriptors.cpp normal x86_64 c++ com.apple.compilers.llvm.clang.1_0.compiler (in target 'ReactCodegen' from project 'Pods')
    cd /Users/karelbraborec/rev-meter/ios/Pods
    
    Using response file: /Users/karelbraborec/Library/Developer/Xcode/DerivedData/revmeter-hbcnswmlqmbpnlazhhkncgeowiss/Build/Intermediates.noindex/Pods.build/Debug-iphonesimulator/ReactCodegen.build/Objects-normal/x86_64/82b82416624d2658e5098eb0a28c15c5-common-args.resp
    
    /Applications/Xcode.app/Contents/Developer/Toolchains/XcodeDefault.xctoolchain/usr/bin/clang -x c++ -ivfsstatcache /Users/karelbraborec/Library/Developer/Xcode/DerivedData/SDKStatCaches.noindex/iphonesimulator26.5-23F81a-6cfe768891a92b912361537c460fe42b.sdkstatcache -target x86_64-apple-ios15.1-simulator -fmessage-length\=0 -fdiagnostics-show-note-include-stack -fmacro-backtrace-limit\=0 -fno-color-diagnostics -fmodules-prune-interval\=86400 -fmodules-prune-after\=345600 -fbuild-session-file\=/Users/karelbraborec/Library/Developer/Xcode/DerivedData/ModuleCache.noindex/Session.modulevalidation -fmodules-validate-once-per-build-session -Wnon-modular-include-in-framework-module -Werror\=non-modular-include-in-framework-module -Wno-trigraphs -Wno-missing-field-initializers -Wno-missing-prototypes -Werror\=return-type -Wdocumentation -Wunreachable-code -Werror\=deprecated-objc-isa-usage -Werror\=objc-root-class -Wno-non-virtual-dtor -Wno-overloaded-virtual -Wno-exit-time-destructors -Wno-missing-braces -Wparentheses -Wswitch -Wunused-function -Wno-unused-label -Wno-unused-parameter -Wunused-variable -Wunused-value -Wempty-body -Wuninitialized -Wconditional-uninitialized -Wno-unknown-pragmas -Wno-shadow -Wno-four-char-constants -Wno-conversion -Wconstant-conversion -Wint-conversion -Wbool-conversion -Wenum-conversion -Wno-float-conversion -Wnon-literal-null-conversion -Wobjc-literal-conversion -Wshorten-64-to-32 -Wno-newline-eof -Wno-c++11-extensions -Wno-implicit-fallthrough -isysroot /Applications/Xcode.app/Contents/Developer/Platforms/iPhoneSimulator.platform/Developer/SDKs/iPhoneSimulator26.5.sdk -fstrict-aliasing -Wdeprecated-declarations -Winvalid-offsetof -Wno-sign-conversion -Winfinite-recursion -Wmove -Wcomma -Wblock-capture-autoreleasing -Wstrict-prototypes -Wrange-loop-analysis -Wno-semicolon-before-method-body -Wunguarded-availability -index-store-path /Users/karelbraborec/Library/Developer/Xcode/DerivedData/revmeter-hbcnswmlqmbpnlazhhkncgeowiss/Index.noindex/DataStore -Wno-comma -Wno-shorten-64-to-32 -Wno-documentation @/Users/karelbraborec/Library/Developer/Xcode/DerivedData/revmeter-hbcnswmlqmbpnlazhhkncgeowiss/Build/Intermediates.noindex/Pods.build/Debug-iphonesimulator/ReactCodegen.build/Objects-normal/x86_64/82b82416624d2658e5098eb0a28c15c5-common-args.resp -DFOLLY_MOBILE\=1 -DFOLLY_USE_LIBCPP\=1 -DFOLLY_CFG_NO_COROUTINES\=1 -DFOLLY_HAVE_CLOCK_GETTIME\=1 -Wno-comma -Wno-shorten-64-to-32 -Wno-documentation -Wno-nullability-completeness -std\=c++20 -include /Users/karelbraborec/rev-meter/ios/Pods/Target\ Support\ Files/ReactCodegen/ReactCodegen-prefix.pch -MMD -MT dependencies -MF /Users/karelbraborec/Library/Developer/Xcode/DerivedData/revmeter-hbcnswmlqmbpnlazhhkncgeowiss/Build/Intermediates.noindex/Pods.build/Debug-iphonesimulator/ReactCodegen.build/Objects-normal/x86_64/ComponentDescriptors-4805b69227a0f6f04856826788865665.d --serialize-diagnostics /Users/karelbraborec/Library/Developer/Xcode/DerivedData/revmeter-hbcnswmlqmbpnlazhhkncgeowiss/Build/Intermediates.noindex/Pods.build/Debug-iphonesimulator/ReactCodegen.build/Objects-normal/x86_64/ComponentDescriptors-4805b69227a0f6f04856826788865665.dia -c /Users/karelbraborec/rev-meter/ios/build/generated/ios/ReactCodegen/react/renderer/components/RNCSlider/ComponentDescriptors.cpp -o /Users/karelbraborec/Library/Developer/Xcode/DerivedData/revmeter-hbcnswmlqmbpnlazhhkncgeowiss/Build/Intermediates.noindex/Pods.build/Debug-iphonesimulator/ReactCodegen.build/Objects-normal/x86_64/ComponentDescriptors-4805b69227a0f6f04856826788865665.o -index-unit-output-path /Pods.build/Debug-iphonesimulator/ReactCodegen.build/Objects-normal/x86_64/ComponentDescriptors-4805b69227a0f6f04856826788865665.o

CompileC /Users/karelbraborec/Library/Developer/Xcode/DerivedData/revmeter-hbcnswmlqmbpnlazhhkncgeowiss/Build/Intermediates.noindex/Pods.build/Debug-iphonesimulator/ReactCodegen.build/Objects-normal/arm64/safeareacontext-generated.o /Users/karelbraborec/rev-meter/ios/build/generated/ios/ReactCodegen/safeareacontext/safeareacontext-generated.mm normal arm64 objective-c++ com.apple.compilers.llvm.clang.1_0.compiler (in target 'ReactCodegen' from project 'Pods')
    cd /Users/karelbraborec/rev-meter/ios/Pods
    
    Using response file: /Users/karelbraborec/Library/Developer/Xcode/DerivedData/revmeter-hbcnswmlqmbpnlazhhkncgeowiss/Build/Intermediates.noindex/Pods.build/Debug-iphonesimulator/ReactCodegen.build/Objects-normal/arm64/af3fcb34312c57c0f52879cdce924b91-common-args.resp
    
    /Applications/Xcode.app/Contents/Developer/Toolchains/XcodeDefault.xctoolchain/usr/bin/clang -x objective-c++ -ivfsstatcache /Users/karelbraborec/Library/Developer/Xcode/DerivedData/SDKStatCaches.noindex/iphonesimulator26.5-23F81a-6cfe768891a92b912361537c460fe42b.sdkstatcache -target arm64-apple-ios15.1-simulator -fmessage-length\=0 -fdiagnostics-show-note-include-stack -fmacro-backtrace-limit\=0 -fno-color-diagnostics -fmodules-prune-interval\=86400 -fmodules-prune-after\=345600 -fbuild-session-file\=/Users/karelbraborec/Library/Developer/Xcode/DerivedData/ModuleCache.noindex/Session.modulevalidation -fmodules-validate-once-per-build-session -Wnon-modular-include-in-framework-module -Werror\=non-modular-include-in-framework-module -Wno-trigraphs -Wno-missing-field-initializers -Wno-missing-prototypes -Werror\=return-type -Wdocumentation -Wunreachable-code -Wno-implicit-atomic-properties -Werror\=deprecated-objc-isa-usage -Wno-objc-interface-ivars -Werror\=objc-root-class -Wno-arc-repeated-use-of-weak -Wimplicit-retain-self -Wno-non-virtual-dtor -Wno-overloaded-virtual -Wno-exit-time-destructors -Wduplicate-method-match -Wno-missing-braces -Wparentheses -Wswitch -Wunused-function -Wno-unused-label -Wno-unused-parameter -Wunused-variable -Wunused-value -Wempty-body -Wuninitialized -Wconditional-uninitialized -Wno-unknown-pragmas -Wno-shadow -Wno-four-char-constants -Wno-conversion -Wconstant-conversion -Wint-conversion -Wbool-conversion -Wenum-conversion -Wno-float-conversion -Wnon-literal-null-conversion -Wobjc-literal-conversion -Wshorten-64-to-32 -Wno-newline-eof -Wno-selector -Wno-strict-selector-match -Wundeclared-selector -Wdeprecated-implementations -Wno-c++11-extensions -Wno-implicit-fallthrough -isysroot /Applications/Xcode.app/Contents/Developer/Platforms/iPhoneSimulator.platform/Developer/SDKs/iPhoneSimulator26.5.sdk -fstrict-aliasing -Wprotocol -Wdeprecated-declarations -Winvalid-offsetof -Wno-sign-conversion -Winfinite-recursion -Wmove -Wcomma -Wblock-capture-autoreleasing -Wstrict-prototypes -Wrange-loop-analysis -Wno-semicolon-before-method-body -Wunguarded-availability -index-store-path /Users/karelbraborec/Library/Developer/Xcode/DerivedData/revmeter-hbcnswmlqmbpnlazhhkncgeowiss/Index.noindex/DataStore -Wno-comma -Wno-shorten-64-to-32 -Wno-documentation @/Users/karelbraborec/Library/Developer/Xcode/DerivedData/revmeter-hbcnswmlqmbpnlazhhkncgeowiss/Build/Intermediates.noindex/Pods.build/Debug-iphonesimulator/ReactCodegen.build/Objects-normal/arm64/af3fcb34312c57c0f52879cdce924b91-common-args.resp -DFOLLY_MOBILE\=1 -DFOLLY_USE_LIBCPP\=1 -DFOLLY_CFG_NO_COROUTINES\=1 -DFOLLY_HAVE_CLOCK_GETTIME\=1 -Wno-comma -Wno-shorten-64-to-32 -Wno-documentation -Wno-nullability-completeness -std\=c++20 -include /Users/karelbraborec/rev-meter/ios/Pods/Target\ Support\ Files/ReactCodegen/ReactCodegen-prefix.pch -MMD -MT dependencies -MF /Users/karelbraborec/Library/Developer/Xcode/DerivedData/revmeter-hbcnswmlqmbpnlazhhkncgeowiss/Build/Intermediates.noindex/Pods.build/Debug-iphonesimulator/ReactCodegen.build/Objects-normal/arm64/safeareacontext-generated.d --serialize-diagnostics /Users/karelbraborec/Library/Developer/Xcode/DerivedData/revmeter-hbcnswmlqmbpnlazhhkncgeowiss/Build/Intermediates.noindex/Pods.build/Debug-iphonesimulator/ReactCodegen.build/Objects-normal/arm64/safeareacontext-generated.dia -c /Users/karelbraborec/rev-meter/ios/build/generated/ios/ReactCodegen/safeareacontext/safeareacontext-generated.mm -o /Users/karelbraborec/Library/Developer/Xcode/DerivedData/revmeter-hbcnswmlqmbpnlazhhkncgeowiss/Build/Intermediates.noindex/Pods.build/Debug-iphonesimulator/ReactCodegen.build/Objects-normal/arm64/safeareacontext-generated.o -index-unit-output-path /Pods.build/Debug-iphonesimulator/ReactCodegen.build/Objects-normal/arm64/safeareacontext-generated.o

CompileC /Users/karelbraborec/Library/Developer/Xcode/DerivedData/revmeter-hbcnswmlqmbpnlazhhkncgeowiss/Build/Intermediates.noindex/Pods.build/Debug-iphonesimulator/ReactCodegen.build/Objects-normal/arm64/rnworklets-generated.o /Users/karelbraborec/rev-meter/ios/build/generated/ios/ReactCodegen/rnworklets/rnworklets-generated.mm normal arm64 objective-c++ com.apple.compilers.llvm.clang.1_0.compiler (in target 'ReactCodegen' from project 'Pods')
    cd /Users/karelbraborec/rev-meter/ios/Pods
    
    Using response file: /Users/karelbraborec/Library/Developer/Xcode/DerivedData/revmeter-hbcnswmlqmbpnlazhhkncgeowiss/Build/Intermediates.noindex/Pods.build/Debug-iphonesimulator/ReactCodegen.build/Objects-normal/arm64/af3fcb34312c57c0f52879cdce924b91-common-args.resp
    
    /Applications/Xcode.app/Contents/Developer/Toolchains/XcodeDefault.xctoolchain/usr/bin/clang -x objective-c++ -ivfsstatcache /Users/karelbraborec/Library/Developer/Xcode/DerivedData/SDKStatCaches.noindex/iphonesimulator26.5-23F81a-6cfe768891a92b912361537c460fe42b.sdkstatcache -target arm64-apple-ios15.1-simulator -fmessage-length\=0 -fdiagnostics-show-note-include-stack -fmacro-backtrace-limit\=0 -fno-color-diagnostics -fmodules-prune-interval\=86400 -fmodules-prune-after\=345600 -fbuild-session-file\=/Users/karelbraborec/Library/Developer/Xcode/DerivedData/ModuleCache.noindex/Session.modulevalidation -fmodules-validate-once-per-build-session -Wnon-modular-include-in-framework-module -Werror\=non-modular-include-in-framework-module -Wno-trigraphs -Wno-missing-field-initializers -Wno-missing-prototypes -Werror\=return-type -Wdocumentation -Wunreachable-code -Wno-implicit-atomic-properties -Werror\=deprecated-objc-isa-usage -Wno-objc-interface-ivars -Werror\=objc-root-class -Wno-arc-repeated-use-of-weak -Wimplicit-retain-self -Wno-non-virtual-dtor -Wno-overloaded-virtual -Wno-exit-time-destructors -Wduplicate-method-match -Wno-missing-braces -Wparentheses -Wswitch -Wunused-function -Wno-unused-label -Wno-unused-parameter -Wunused-variable -Wunused-value -Wempty-body -Wuninitialized -Wconditional-uninitialized -Wno-unknown-pragmas -Wno-shadow -Wno-four-char-constants -Wno-conversion -Wconstant-conversion -Wint-conversion -Wbool-conversion -Wenum-conversion -Wno-float-conversion -Wnon-literal-null-conversion -Wobjc-literal-conversion -Wshorten-64-to-32 -Wno-newline-eof -Wno-selector -Wno-strict-selector-match -Wundeclared-selector -Wdeprecated-implementations -Wno-c++11-extensions -Wno-implicit-fallthrough -isysroot /Applications/Xcode.app/Contents/Developer/Platforms/iPhoneSimulator.platform/Developer/SDKs/iPhoneSimulator26.5.sdk -fstrict-aliasing -Wprotocol -Wdeprecated-declarations -Winvalid-offsetof -Wno-sign-conversion -Winfinite-recursion -Wmove -Wcomma -Wblock-capture-autoreleasing -Wstrict-prototypes -Wrange-loop-analysis -Wno-semicolon-before-method-body -Wunguarded-availability -index-store-path /Users/karelbraborec/Library/Developer/Xcode/DerivedData/revmeter-hbcnswmlqmbpnlazhhkncgeowiss/Index.noindex/DataStore -Wno-comma -Wno-shorten-64-to-32 -Wno-documentation @/Users/karelbraborec/Library/Developer/Xcode/DerivedData/revmeter-hbcnswmlqmbpnlazhhkncgeowiss/Build/Intermediates.noindex/Pods.build/Debug-iphonesimulator/ReactCodegen.build/Objects-normal/arm64/af3fcb34312c57c0f52879cdce924b91-common-args.resp -DFOLLY_MOBILE\=1 -DFOLLY_USE_LIBCPP\=1 -DFOLLY_CFG_NO_COROUTINES\=1 -DFOLLY_HAVE_CLOCK_GETTIME\=1 -Wno-comma -Wno-shorten-64-to-32 -Wno-documentation -Wno-nullability-completeness -std\=c++20 -include /Users/karelbraborec/rev-meter/ios/Pods/Target\ Support\ Files/ReactCodegen/ReactCodegen-prefix.pch -MMD -MT dependencies -MF /Users/karelbraborec/Library/Developer/Xcode/DerivedData/revmeter-hbcnswmlqmbpnlazhhkncgeowiss/Build/Intermediates.noindex/Pods.build/Debug-iphonesimulator/ReactCodegen.build/Objects-normal/arm64/rnworklets-generated.d --serialize-diagnostics /Users/karelbraborec/Library/Developer/Xcode/DerivedData/revmeter-hbcnswmlqmbpnlazhhkncgeowiss/Build/Intermediates.noindex/Pods.build/Debug-iphonesimulator/ReactCodegen.build/Objects-normal/arm64/rnworklets-generated.dia -c /Users/karelbraborec/rev-meter/ios/build/generated/ios/ReactCodegen/rnworklets/rnworklets-generated.mm -o /Users/karelbraborec/Library/Developer/Xcode/DerivedData/revmeter-hbcnswmlqmbpnlazhhkncgeowiss/Build/Intermediates.noindex/Pods.build/Debug-iphonesimulator/ReactCodegen.build/Objects-normal/arm64/rnworklets-generated.o -index-unit-output-path /Pods.build/Debug-iphonesimulator/ReactCodegen.build/Objects-normal/arm64/rnworklets-generated.o

CompileC /Users/karelbraborec/Library/Developer/Xcode/DerivedData/revmeter-hbcnswmlqmbpnlazhhkncgeowiss/Build/Intermediates.noindex/Pods.build/Debug-iphonesimulator/ReactCodegen.build/Objects-normal/arm64/rnscreens-generated.o /Users/karelbraborec/rev-meter/ios/build/generated/ios/ReactCodegen/rnscreens/rnscreens-generated.mm normal arm64 objective-c++ com.apple.compilers.llvm.clang.1_0.compiler (in target 'ReactCodegen' from project 'Pods')
    cd /Users/karelbraborec/rev-meter/ios/Pods
    
    Using response file: /Users/karelbraborec/Library/Developer/Xcode/DerivedData/revmeter-hbcnswmlqmbpnlazhhkncgeowiss/Build/Intermediates.noindex/Pods.build/Debug-iphonesimulator/ReactCodegen.build/Objects-normal/arm64/af3fcb34312c57c0f52879cdce924b91-common-args.resp
    
    /Applications/Xcode.app/Contents/Developer/Toolchains/XcodeDefault.xctoolchain/usr/bin/clang -x objective-c++ -ivfsstatcache /Users/karelbraborec/Library/Developer/Xcode/DerivedData/SDKStatCaches.noindex/iphonesimulator26.5-23F81a-6cfe768891a92b912361537c460fe42b.sdkstatcache -target arm64-apple-ios15.1-simulator -fmessage-length\=0 -fdiagnostics-show-note-include-stack -fmacro-backtrace-limit\=0 -fno-color-diagnostics -fmodules-prune-interval\=86400 -fmodules-prune-after\=345600 -fbuild-session-file\=/Users/karelbraborec/Library/Developer/Xcode/DerivedData/ModuleCache.noindex/Session.modulevalidation -fmodules-validate-once-per-build-session -Wnon-modular-include-in-framework-module -Werror\=non-modular-include-in-framework-module -Wno-trigraphs -Wno-missing-field-initializers -Wno-missing-prototypes -Werror\=return-type -Wdocumentation -Wunreachable-code -Wno-implicit-atomic-properties -Werror\=deprecated-objc-isa-usage -Wno-objc-interface-ivars -Werror\=objc-root-class -Wno-arc-repeated-use-of-weak -Wimplicit-retain-self -Wno-non-virtual-dtor -Wno-overloaded-virtual -Wno-exit-time-destructors -Wduplicate-method-match -Wno-missing-braces -Wparentheses -Wswitch -Wunused-function -Wno-unused-label -Wno-unused-parameter -Wunused-variable -Wunused-value -Wempty-body -Wuninitialized -Wconditional-uninitialized -Wno-unknown-pragmas -Wno-shadow -Wno-four-char-constants -Wno-conversion -Wconstant-conversion -Wint-conversion -Wbool-conversion -Wenum-conversion -Wno-float-conversion -Wnon-literal-null-conversion -Wobjc-literal-conversion -Wshorten-64-to-32 -Wno-newline-eof -Wno-selector -Wno-strict-selector-match -Wundeclared-selector -Wdeprecated-implementations -Wno-c++11-extensions -Wno-implicit-fallthrough -isysroot /Applications/Xcode.app/Contents/Developer/Platforms/iPhoneSimulator.platform/Developer/SDKs/iPhoneSimulator26.5.sdk -fstrict-aliasing -Wprotocol -Wdeprecated-declarations -Winvalid-offsetof -Wno-sign-conversion -Winfinite-recursion -Wmove -Wcomma -Wblock-capture-autoreleasing -Wstrict-prototypes -Wrange-loop-analysis -Wno-semicolon-before-method-body -Wunguarded-availability -index-store-path /Users/karelbraborec/Library/Developer/Xcode/DerivedData/revmeter-hbcnswmlqmbpnlazhhkncgeowiss/Index.noindex/DataStore -Wno-comma -Wno-shorten-64-to-32 -Wno-documentation @/Users/karelbraborec/Library/Developer/Xcode/DerivedData/revmeter-hbcnswmlqmbpnlazhhkncgeowiss/Build/Intermediates.noindex/Pods.build/Debug-iphonesimulator/ReactCodegen.build/Objects-normal/arm64/af3fcb34312c57c0f52879cdce924b91-common-args.resp -DFOLLY_MOBILE\=1 -DFOLLY_USE_LIBCPP\=1 -DFOLLY_CFG_NO_COROUTINES\=1 -DFOLLY_HAVE_CLOCK_GETTIME\=1 -Wno-comma -Wno-shorten-64-to-32 -Wno-documentation -Wno-nullability-completeness -std\=c++20 -include /Users/karelbraborec/rev-meter/ios/Pods/Target\ Support\ Files/ReactCodegen/ReactCodegen-prefix.pch -MMD -MT dependencies -MF /Users/karelbraborec/Library/Developer/Xcode/DerivedData/revmeter-hbcnswmlqmbpnlazhhkncgeowiss/Build/Intermediates.noindex/Pods.build/Debug-iphonesimulator/ReactCodegen.build/Objects-normal/arm64/rnscreens-generated.d --serialize-diagnostics /Users/karelbraborec/Library/Developer/Xcode/DerivedData/revmeter-hbcnswmlqmbpnlazhhkncgeowiss/Build/Intermediates.noindex/Pods.build/Debug-iphonesimulator/ReactCodegen.build/Objects-normal/arm64/rnscreens-generated.dia -c /Users/karelbraborec/rev-meter/ios/build/generated/ios/ReactCodegen/rnscreens/rnscreens-generated.mm -o /Users/karelbraborec/Library/Developer/Xcode/DerivedData/revmeter-hbcnswmlqmbpnlazhhkncgeowiss/Build/Intermediates.noindex/Pods.build/Debug-iphonesimulator/ReactCodegen.build/Objects-normal/arm64/rnscreens-generated.o -index-unit-output-path /Pods.build/Debug-iphonesimulator/ReactCodegen.build/Objects-normal/arm64/rnscreens-generated.o

CompileC /Users/karelbraborec/Library/Developer/Xcode/DerivedData/revmeter-hbcnswmlqmbpnlazhhkncgeowiss/Build/Intermediates.noindex/Pods.build/Debug-iphonesimulator/ReactCodegen.build/Objects-normal/arm64/rnreanimated-generated.o /Users/karelbraborec/rev-meter/ios/build/generated/ios/ReactCodegen/rnreanimated/rnreanimated-generated.mm normal arm64 objective-c++ com.apple.compilers.llvm.clang.1_0.compiler (in target 'ReactCodegen' from project 'Pods')
    cd /Users/karelbraborec/rev-meter/ios/Pods
    
    Using response file: /Users/karelbraborec/Library/Developer/Xcode/DerivedData/revmeter-hbcnswmlqmbpnlazhhkncgeowiss/Build/Intermediates.noindex/Pods.build/Debug-iphonesimulator/ReactCodegen.build/Objects-normal/arm64/af3fcb34312c57c0f52879cdce924b91-common-args.resp
    
    /Applications/Xcode.app/Contents/Developer/Toolchains/XcodeDefault.xctoolchain/usr/bin/clang -x objective-c++ -ivfsstatcache /Users/karelbraborec/Library/Developer/Xcode/DerivedData/SDKStatCaches.noindex/iphonesimulator26.5-23F81a-6cfe768891a92b912361537c460fe42b.sdkstatcache -target arm64-apple-ios15.1-simulator -fmessage-length\=0 -fdiagnostics-show-note-include-stack -fmacro-backtrace-limit\=0 -fno-color-diagnostics -fmodules-prune-interval\=86400 -fmodules-prune-after\=345600 -fbuild-session-file\=/Users/karelbraborec/Library/Developer/Xcode/DerivedData/ModuleCache.noindex/Session.modulevalidation -fmodules-validate-once-per-build-session -Wnon-modular-include-in-framework-module -Werror\=non-modular-include-in-framework-module -Wno-trigraphs -Wno-missing-field-initializers -Wno-missing-prototypes -Werror\=return-type -Wdocumentation -Wunreachable-code -Wno-implicit-atomic-properties -Werror\=deprecated-objc-isa-usage -Wno-objc-interface-ivars -Werror\=objc-root-class -Wno-arc-repeated-use-of-weak -Wimplicit-retain-self -Wno-non-virtual-dtor -Wno-overloaded-virtual -Wno-exit-time-destructors -Wduplicate-method-match -Wno-missing-braces -Wparentheses -Wswitch -Wunused-function -Wno-unused-label -Wno-unused-parameter -Wunused-variable -Wunused-value -Wempty-body -Wuninitialized -Wconditional-uninitialized -Wno-unknown-pragmas -Wno-shadow -Wno-four-char-constants -Wno-conversion -Wconstant-conversion -Wint-conversion -Wbool-conversion -Wenum-conversion -Wno-float-conversion -Wnon-literal-null-conversion -Wobjc-literal-conversion -Wshorten-64-to-32 -Wno-newline-eof -Wno-selector -Wno-strict-selector-match -Wundeclared-selector -Wdeprecated-implementations -Wno-c++11-extensions -Wno-implicit-fallthrough -isysroot /Applications/Xcode.app/Contents/Developer/Platforms/iPhoneSimulator.platform/Developer/SDKs/iPhoneSimulator26.5.sdk -fstrict-aliasing -Wprotocol -Wdeprecated-declarations -Winvalid-offsetof -Wno-sign-conversion -Winfinite-recursion -Wmove -Wcomma -Wblock-capture-autoreleasing -Wstrict-prototypes -Wrange-loop-analysis -Wno-semicolon-before-method-body -Wunguarded-availability -index-store-path /Users/karelbraborec/Library/Developer/Xcode/DerivedData/revmeter-hbcnswmlqmbpnlazhhkncgeowiss/Index.noindex/DataStore -Wno-comma -Wno-shorten-64-to-32 -Wno-documentation @/Users/karelbraborec/Library/Developer/Xcode/DerivedData/revmeter-hbcnswmlqmbpnlazhhkncgeowiss/Build/Intermediates.noindex/Pods.build/Debug-iphonesimulator/ReactCodegen.build/Objects-normal/arm64/af3fcb34312c57c0f52879cdce924b91-common-args.resp -DFOLLY_MOBILE\=1 -DFOLLY_USE_LIBCPP\=1 -DFOLLY_CFG_NO_COROUTINES\=1 -DFOLLY_HAVE_CLOCK_GETTIME\=1 -Wno-comma -Wno-shorten-64-to-32 -Wno-documentation -Wno-nullability-completeness -std\=c++20 -include /Users/karelbraborec/rev-meter/ios/Pods/Target\ Support\ Files/ReactCodegen/ReactCodegen-prefix.pch -MMD -MT dependencies -MF /Users/karelbraborec/Library/Developer/Xcode/DerivedData/revmeter-hbcnswmlqmbpnlazhhkncgeowiss/Build/Intermediates.noindex/Pods.build/Debug-iphonesimulator/ReactCodegen.build/Objects-normal/arm64/rnreanimated-generated.d --serialize-diagnostics /Users/karelbraborec/Library/Developer/Xcode/DerivedData/revmeter-hbcnswmlqmbpnlazhhkncgeowiss/Build/Intermediates.noindex/Pods.build/Debug-iphonesimulator/ReactCodegen.build/Objects-normal/arm64/rnreanimated-generated.dia -c /Users/karelbraborec/rev-meter/ios/build/generated/ios/ReactCodegen/rnreanimated/rnreanimated-generated.mm -o /Users/karelbraborec/Library/Developer/Xcode/DerivedData/revmeter-hbcnswmlqmbpnlazhhkncgeowiss/Build/Intermediates.noindex/Pods.build/Debug-iphonesimulator/ReactCodegen.build/Objects-normal/arm64/rnreanimated-generated.o -index-unit-output-path /Pods.build/Debug-iphonesimulator/ReactCodegen.build/Objects-normal/arm64/rnreanimated-generated.o

CompileC /Users/karelbraborec/Library/Developer/Xcode/DerivedData/revmeter-hbcnswmlqmbpnlazhhkncgeowiss/Build/Intermediates.noindex/Pods.build/Debug-iphonesimulator/ReactCodegen.build/Objects-normal/arm64/rngesturehandler_codegen-generated.o /Users/karelbraborec/rev-meter/ios/build/generated/ios/ReactCodegen/rngesturehandler_codegen/rngesturehandler_codegen-generated.mm normal arm64 objective-c++ com.apple.compilers.llvm.clang.1_0.compiler (in target 'ReactCodegen' from project 'Pods')
    cd /Users/karelbraborec/rev-meter/ios/Pods
    
    Using response file: /Users/karelbraborec/Library/Developer/Xcode/DerivedData/revmeter-hbcnswmlqmbpnlazhhkncgeowiss/Build/Intermediates.noindex/Pods.build/Debug-iphonesimulator/ReactCodegen.build/Objects-normal/arm64/af3fcb34312c57c0f52879cdce924b91-common-args.resp
    
    /Applications/Xcode.app/Contents/Developer/Toolchains/XcodeDefault.xctoolchain/usr/bin/clang -x objective-c++ -ivfsstatcache /Users/karelbraborec/Library/Developer/Xcode/DerivedData/SDKStatCaches.noindex/iphonesimulator26.5-23F81a-6cfe768891a92b912361537c460fe42b.sdkstatcache -target arm64-apple-ios15.1-simulator -fmessage-length\=0 -fdiagnostics-show-note-include-stack -fmacro-backtrace-limit\=0 -fno-color-diagnostics -fmodules-prune-interval\=86400 -fmodules-prune-after\=345600 -fbuild-session-file\=/Users/karelbraborec/Library/Developer/Xcode/DerivedData/ModuleCache.noindex/Session.modulevalidation -fmodules-validate-once-per-build-session -Wnon-modular-include-in-framework-module -Werror\=non-modular-include-in-framework-module -Wno-trigraphs -Wno-missing-field-initializers -Wno-missing-prototypes -Werror\=return-type -Wdocumentation -Wunreachable-code -Wno-implicit-atomic-properties -Werror\=deprecated-objc-isa-usage -Wno-objc-interface-ivars -Werror\=objc-root-class -Wno-arc-repeated-use-of-weak -Wimplicit-retain-self -Wno-non-virtual-dtor -Wno-overloaded-virtual -Wno-exit-time-destructors -Wduplicate-method-match -Wno-missing-braces -Wparentheses -Wswitch -Wunused-function -Wno-unused-label -Wno-unused-parameter -Wunused-variable -Wunused-value -Wempty-body -Wuninitialized -Wconditional-uninitialized -Wno-unknown-pragmas -Wno-shadow -Wno-four-char-constants -Wno-conversion -Wconstant-conversion -Wint-conversion -Wbool-conversion -Wenum-conversion -Wno-float-conversion -Wnon-literal-null-conversion -Wobjc-literal-conversion -Wshorten-64-to-32 -Wno-newline-eof -Wno-selector -Wno-strict-selector-match -Wundeclared-selector -Wdeprecated-implementations -Wno-c++11-extensions -Wno-implicit-fallthrough -isysroot /Applications/Xcode.app/Contents/Developer/Platforms/iPhoneSimulator.platform/Developer/SDKs/iPhoneSimulator26.5.sdk -fstrict-aliasing -Wprotocol -Wdeprecated-declarations -Winvalid-offsetof -Wno-sign-conversion -Winfinite-recursion -Wmove -Wcomma -Wblock-capture-autoreleasing -Wstrict-prototypes -Wrange-loop-analysis -Wno-semicolon-before-method-body -Wunguarded-availability -index-store-path /Users/karelbraborec/Library/Developer/Xcode/DerivedData/revmeter-hbcnswmlqmbpnlazhhkncgeowiss/Index.noindex/DataStore -Wno-comma -Wno-shorten-64-to-32 -Wno-documentation @/Users/karelbraborec/Library/Developer/Xcode/DerivedData/revmeter-hbcnswmlqmbpnlazhhkncgeowiss/Build/Intermediates.noindex/Pods.build/Debug-iphonesimulator/ReactCodegen.build/Objects-normal/arm64/af3fcb34312c57c0f52879cdce924b91-common-args.resp -DFOLLY_MOBILE\=1 -DFOLLY_USE_LIBCPP\=1 -DFOLLY_CFG_NO_COROUTINES\=1 -DFOLLY_HAVE_CLOCK_GETTIME\=1 -Wno-comma -Wno-shorten-64-to-32 -Wno-documentation -Wno-nullability-completeness -std\=c++20 -include /Users/karelbraborec/rev-meter/ios/Pods/Target\ Support\ Files/ReactCodegen/ReactCodegen-prefix.pch -MMD -MT dependencies -MF /Users/karelbraborec/Library/Developer/Xcode/DerivedData/revmeter-hbcnswmlqmbpnlazhhkncgeowiss/Build/Intermediates.noindex/Pods.build/Debug-iphonesimulator/ReactCodegen.build/Objects-normal/arm64/rngesturehandler_codegen-generated.d --serialize-diagnostics /Users/karelbraborec/Library/Developer/Xcode/DerivedData/revmeter-hbcnswmlqmbpnlazhhkncgeowiss/Build/Intermediates.noindex/Pods.build/Debug-iphonesimulator/ReactCodegen.build/Objects-normal/arm64/rngesturehandler_codegen-generated.dia -c /Users/karelbraborec/rev-meter/ios/build/generated/ios/ReactCodegen/rngesturehandler_codegen/rngesturehandler_codegen-generated.mm -o /Users/karelbraborec/Library/Developer/Xcode/DerivedData/revmeter-hbcnswmlqmbpnlazhhkncgeowiss/Build/Intermediates.noindex/Pods.build/Debug-iphonesimulator/ReactCodegen.build/Objects-normal/arm64/rngesturehandler_codegen-generated.o -index-unit-output-path /Pods.build/Debug-iphonesimulator/ReactCodegen.build/Objects-normal/arm64/rngesturehandler_codegen-generated.o

CompileC /Users/karelbraborec/Library/Developer/Xcode/DerivedData/revmeter-hbcnswmlqmbpnlazhhkncgeowiss/Build/Intermediates.noindex/Pods.build/Debug-iphonesimulator/ReactCodegen.build/Objects-normal/arm64/States-c78ddf09a99ea3cf694c5c3165d85cc6.o /Users/karelbraborec/rev-meter/ios/build/generated/ios/ReactCodegen/react/renderer/components/rnreanimated/States.cpp normal arm64 c++ com.apple.compilers.llvm.clang.1_0.compiler (in target 'ReactCodegen' from project 'Pods')
    cd /Users/karelbraborec/rev-meter/ios/Pods
    
    Using response file: /Users/karelbraborec/Library/Developer/Xcode/DerivedData/revmeter-hbcnswmlqmbpnlazhhkncgeowiss/Build/Intermediates.noindex/Pods.build/Debug-iphonesimulator/ReactCodegen.build/Objects-normal/arm64/82b82416624d2658e5098eb0a28c15c5-common-args.resp
    
    /Applications/Xcode.app/Contents/Developer/Toolchains/XcodeDefault.xctoolchain/usr/bin/clang -x c++ -ivfsstatcache /Users/karelbraborec/Library/Developer/Xcode/DerivedData/SDKStatCaches.noindex/iphonesimulator26.5-23F81a-6cfe768891a92b912361537c460fe42b.sdkstatcache -target arm64-apple-ios15.1-simulator -fmessage-length\=0 -fdiagnostics-show-note-include-stack -fmacro-backtrace-limit\=0 -fno-color-diagnostics -fmodules-prune-interval\=86400 -fmodules-prune-after\=345600 -fbuild-session-file\=/Users/karelbraborec/Library/Developer/Xcode/DerivedData/ModuleCache.noindex/Session.modulevalidation -fmodules-validate-once-per-build-session -Wnon-modular-include-in-framework-module -Werror\=non-modular-include-in-framework-module -Wno-trigraphs -Wno-missing-field-initializers -Wno-missing-prototypes -Werror\=return-type -Wdocumentation -Wunreachable-code -Werror\=deprecated-objc-isa-usage -Werror\=objc-root-class -Wno-non-virtual-dtor -Wno-overloaded-virtual -Wno-exit-time-destructors -Wno-missing-braces -Wparentheses -Wswitch -Wunused-function -Wno-unused-label -Wno-unused-parameter -Wunused-variable -Wunused-value -Wempty-body -Wuninitialized -Wconditional-uninitialized -Wno-unknown-pragmas -Wno-shadow -Wno-four-char-constants -Wno-conversion -Wconstant-conversion -Wint-conversion -Wbool-conversion -Wenum-conversion -Wno-float-conversion -Wnon-literal-null-conversion -Wobjc-literal-conversion -Wshorten-64-to-32 -Wno-newline-eof -Wno-c++11-extensions -Wno-implicit-fallthrough -isysroot /Applications/Xcode.app/Contents/Developer/Platforms/iPhoneSimulator.platform/Developer/SDKs/iPhoneSimulator26.5.sdk -fstrict-aliasing -Wdeprecated-declarations -Winvalid-offsetof -Wno-sign-conversion -Winfinite-recursion -Wmove -Wcomma -Wblock-capture-autoreleasing -Wstrict-prototypes -Wrange-loop-analysis -Wno-semicolon-before-method-body -Wunguarded-availability -index-store-path /Users/karelbraborec/Library/Developer/Xcode/DerivedData/revmeter-hbcnswmlqmbpnlazhhkncgeowiss/Index.noindex/DataStore -Wno-comma -Wno-shorten-64-to-32 -Wno-documentation @/Users/karelbraborec/Library/Developer/Xcode/DerivedData/revmeter-hbcnswmlqmbpnlazhhkncgeowiss/Build/Intermediates.noindex/Pods.build/Debug-iphonesimulator/ReactCodegen.build/Objects-normal/arm64/82b82416624d2658e5098eb0a28c15c5-common-args.resp -DFOLLY_MOBILE\=1 -DFOLLY_USE_LIBCPP\=1 -DFOLLY_CFG_NO_COROUTINES\=1 -DFOLLY_HAVE_CLOCK_GETTIME\=1 -Wno-comma -Wno-shorten-64-to-32 -Wno-documentation -Wno-nullability-completeness -std\=c++20 -include /Users/karelbraborec/rev-meter/ios/Pods/Target\ Support\ Files/ReactCodegen/ReactCodegen-prefix.pch -MMD -MT dependencies -MF /Users/karelbraborec/Library/Developer/Xcode/DerivedData/revmeter-hbcnswmlqmbpnlazhhkncgeowiss/Build/Intermediates.noindex/Pods.build/Debug-iphonesimulator/ReactCodegen.build/Objects-normal/arm64/States-c78ddf09a99ea3cf694c5c3165d85cc6.d --serialize-diagnostics /Users/karelbraborec/Library/Developer/Xcode/DerivedData/revmeter-hbcnswmlqmbpnlazhhkncgeowiss/Build/Intermediates.noindex/Pods.build/Debug-iphonesimulator/ReactCodegen.build/Objects-normal/arm64/States-c78ddf09a99ea3cf694c5c3165d85cc6.dia -c /Users/karelbraborec/rev-meter/ios/build/generated/ios/ReactCodegen/react/renderer/components/rnreanimated/States.cpp -o /Users/karelbraborec/Library/Developer/Xcode/DerivedData/revmeter-hbcnswmlqmbpnlazhhkncgeowiss/Build/Intermediates.noindex/Pods.build/Debug-iphonesimulator/ReactCodegen.build/Objects-normal/arm64/States-c78ddf09a99ea3cf694c5c3165d85cc6.o -index-unit-output-path /Pods.build/Debug-iphonesimulator/ReactCodegen.build/Objects-normal/arm64/States-c78ddf09a99ea3cf694c5c3165d85cc6.o

CompileC /Users/karelbraborec/Library/Developer/Xcode/DerivedData/revmeter-hbcnswmlqmbpnlazhhkncgeowiss/Build/Intermediates.noindex/Pods.build/Debug-iphonesimulator/ReactCodegen.build/Objects-normal/arm64/States-9756b3e8863259c5fc8cb369b2583aa5.o /Users/karelbraborec/rev-meter/ios/build/generated/ios/ReactCodegen/react/renderer/components/rnscreens/States.cpp normal arm64 c++ com.apple.compilers.llvm.clang.1_0.compiler (in target 'ReactCodegen' from project 'Pods')
    cd /Users/karelbraborec/rev-meter/ios/Pods
    
    Using response file: /Users/karelbraborec/Library/Developer/Xcode/DerivedData/revmeter-hbcnswmlqmbpnlazhhkncgeowiss/Build/Intermediates.noindex/Pods.build/Debug-iphonesimulator/ReactCodegen.build/Objects-normal/arm64/82b82416624d2658e5098eb0a28c15c5-common-args.resp
    
    /Applications/Xcode.app/Contents/Developer/Toolchains/XcodeDefault.xctoolchain/usr/bin/clang -x c++ -ivfsstatcache /Users/karelbraborec/Library/Developer/Xcode/DerivedData/SDKStatCaches.noindex/iphonesimulator26.5-23F81a-6cfe768891a92b912361537c460fe42b.sdkstatcache -target arm64-apple-ios15.1-simulator -fmessage-length\=0 -fdiagnostics-show-note-include-stack -fmacro-backtrace-limit\=0 -fno-color-diagnostics -fmodules-prune-interval\=86400 -fmodules-prune-after\=345600 -fbuild-session-file\=/Users/karelbraborec/Library/Developer/Xcode/DerivedData/ModuleCache.noindex/Session.modulevalidation -fmodules-validate-once-per-build-session -Wnon-modular-include-in-framework-module -Werror\=non-modular-include-in-framework-module -Wno-trigraphs -Wno-missing-field-initializers -Wno-missing-prototypes -Werror\=return-type -Wdocumentation -Wunreachable-code -Werror\=deprecated-objc-isa-usage -Werror\=objc-root-class -Wno-non-virtual-dtor -Wno-overloaded-virtual -Wno-exit-time-destructors -Wno-missing-braces -Wparentheses -Wswitch -Wunused-function -Wno-unused-label -Wno-unused-parameter -Wunused-variable -Wunused-value -Wempty-body -Wuninitialized -Wconditional-uninitialized -Wno-unknown-pragmas -Wno-shadow -Wno-four-char-constants -Wno-conversion -Wconstant-conversion -Wint-conversion -Wbool-conversion -Wenum-conversion -Wno-float-conversion -Wnon-literal-null-conversion -Wobjc-literal-conversion -Wshorten-64-to-32 -Wno-newline-eof -Wno-c++11-extensions -Wno-implicit-fallthrough -isysroot /Applications/Xcode.app/Contents/Developer/Platforms/iPhoneSimulator.platform/Developer/SDKs/iPhoneSimulator26.5.sdk -fstrict-aliasing -Wdeprecated-declarations -Winvalid-offsetof -Wno-sign-conversion -Winfinite-recursion -Wmove -Wcomma -Wblock-capture-autoreleasing -Wstrict-prototypes -Wrange-loop-analysis -Wno-semicolon-before-method-body -Wunguarded-availability -index-store-path /Users/karelbraborec/Library/Developer/Xcode/DerivedData/revmeter-hbcnswmlqmbpnlazhhkncgeowiss/Index.noindex/DataStore -Wno-comma -Wno-shorten-64-to-32 -Wno-documentation @/Users/karelbraborec/Library/Developer/Xcode/DerivedData/revmeter-hbcnswmlqmbpnlazhhkncgeowiss/Build/Intermediates.noindex/Pods.build/Debug-iphonesimulator/ReactCodegen.build/Objects-normal/arm64/82b82416624d2658e5098eb0a28c15c5-common-args.resp -DFOLLY_MOBILE\=1 -DFOLLY_USE_LIBCPP\=1 -DFOLLY_CFG_NO_COROUTINES\=1 -DFOLLY_HAVE_CLOCK_GETTIME\=1 -Wno-comma -Wno-shorten-64-to-32 -Wno-documentation -Wno-nullability-completeness -std\=c++20 -include /Users/karelbraborec/rev-meter/ios/Pods/Target\ Support\ Files/ReactCodegen/ReactCodegen-prefix.pch -MMD -MT dependencies -MF /Users/karelbraborec/Library/Developer/Xcode/DerivedData/revmeter-hbcnswmlqmbpnlazhhkncgeowiss/Build/Intermediates.noindex/Pods.build/Debug-iphonesimulator/ReactCodegen.build/Objects-normal/arm64/States-9756b3e8863259c5fc8cb369b2583aa5.d --serialize-diagnostics /Users/karelbraborec/Library/Developer/Xcode/DerivedData/revmeter-hbcnswmlqmbpnlazhhkncgeowiss/Build/Intermediates.noindex/Pods.build/Debug-iphonesimulator/ReactCodegen.build/Objects-normal/arm64/States-9756b3e8863259c5fc8cb369b2583aa5.dia -c /Users/karelbraborec/rev-meter/ios/build/generated/ios/ReactCodegen/react/renderer/components/rnscreens/States.cpp -o /Users/karelbraborec/Library/Developer/Xcode/DerivedData/revmeter-hbcnswmlqmbpnlazhhkncgeowiss/Build/Intermediates.noindex/Pods.build/Debug-iphonesimulator/ReactCodegen.build/Objects-normal/arm64/States-9756b3e8863259c5fc8cb369b2583aa5.o -index-unit-output-path /Pods.build/Debug-iphonesimulator/ReactCodegen.build/Objects-normal/arm64/States-9756b3e8863259c5fc8cb369b2583aa5.o

CompileC /Users/karelbraborec/Library/Developer/Xcode/DerivedData/revmeter-hbcnswmlqmbpnlazhhkncgeowiss/Build/Intermediates.noindex/Pods.build/Debug-iphonesimulator/ReactCodegen.build/Objects-normal/arm64/States-3a809e74f9db12396e69790f772c7b75.o /Users/karelbraborec/rev-meter/ios/build/generated/ios/ReactCodegen/react/renderer/components/safeareacontext/States.cpp normal arm64 c++ com.apple.compilers.llvm.clang.1_0.compiler (in target 'ReactCodegen' from project 'Pods')
    cd /Users/karelbraborec/rev-meter/ios/Pods
    
    Using response file: /Users/karelbraborec/Library/Developer/Xcode/DerivedData/revmeter-hbcnswmlqmbpnlazhhkncgeowiss/Build/Intermediates.noindex/Pods.build/Debug-iphonesimulator/ReactCodegen.build/Objects-normal/arm64/82b82416624d2658e5098eb0a28c15c5-common-args.resp
    
    /Applications/Xcode.app/Contents/Developer/Toolchains/XcodeDefault.xctoolchain/usr/bin/clang -x c++ -ivfsstatcache /Users/karelbraborec/Library/Developer/Xcode/DerivedData/SDKStatCaches.noindex/iphonesimulator26.5-23F81a-6cfe768891a92b912361537c460fe42b.sdkstatcache -target arm64-apple-ios15.1-simulator -fmessage-length\=0 -fdiagnostics-show-note-include-stack -fmacro-backtrace-limit\=0 -fno-color-diagnostics -fmodules-prune-interval\=86400 -fmodules-prune-after\=345600 -fbuild-session-file\=/Users/karelbraborec/Library/Developer/Xcode/DerivedData/ModuleCache.noindex/Session.modulevalidation -fmodules-validate-once-per-build-session -Wnon-modular-include-in-framework-module -Werror\=non-modular-include-in-framework-module -Wno-trigraphs -Wno-missing-field-initializers -Wno-missing-prototypes -Werror\=return-type -Wdocumentation -Wunreachable-code -Werror\=deprecated-objc-isa-usage -Werror\=objc-root-class -Wno-non-virtual-dtor -Wno-overloaded-virtual -Wno-exit-time-destructors -Wno-missing-braces -Wparentheses -Wswitch -Wunused-function -Wno-unused-label -Wno-unused-parameter -Wunused-variable -Wunused-value -Wempty-body -Wuninitialized -Wconditional-uninitialized -Wno-unknown-pragmas -Wno-shadow -Wno-four-char-constants -Wno-conversion -Wconstant-conversion -Wint-conversion -Wbool-conversion -Wenum-conversion -Wno-float-conversion -Wnon-literal-null-conversion -Wobjc-literal-conversion -Wshorten-64-to-32 -Wno-newline-eof -Wno-c++11-extensions -Wno-implicit-fallthrough -isysroot /Applications/Xcode.app/Contents/Developer/Platforms/iPhoneSimulator.platform/Developer/SDKs/iPhoneSimulator26.5.sdk -fstrict-aliasing -Wdeprecated-declarations -Winvalid-offsetof -Wno-sign-conversion -Winfinite-recursion -Wmove -Wcomma -Wblock-capture-autoreleasing -Wstrict-prototypes -Wrange-loop-analysis -Wno-semicolon-before-method-body -Wunguarded-availability -index-store-path /Users/karelbraborec/Library/Developer/Xcode/DerivedData/revmeter-hbcnswmlqmbpnlazhhkncgeowiss/Index.noindex/DataStore -Wno-comma -Wno-shorten-64-to-32 -Wno-documentation @/Users/karelbraborec/Library/Developer/Xcode/DerivedData/revmeter-hbcnswmlqmbpnlazhhkncgeowiss/Build/Intermediates.noindex/Pods.build/Debug-iphonesimulator/ReactCodegen.build/Objects-normal/arm64/82b82416624d2658e5098eb0a28c15c5-common-args.resp -DFOLLY_MOBILE\=1 -DFOLLY_USE_LIBCPP\=1 -DFOLLY_CFG_NO_COROUTINES\=1 -DFOLLY_HAVE_CLOCK_GETTIME\=1 -Wno-comma -Wno-shorten-64-to-32 -Wno-documentation -Wno-nullability-completeness -std\=c++20 -include /Users/karelbraborec/rev-meter/ios/Pods/Target\ Support\ Files/ReactCodegen/ReactCodegen-prefix.pch -MMD -MT dependencies -MF /Users/karelbraborec/Library/Developer/Xcode/DerivedData/revmeter-hbcnswmlqmbpnlazhhkncgeowiss/Build/Intermediates.noindex/Pods.build/Debug-iphonesimulator/ReactCodegen.build/Objects-normal/arm64/States-3a809e74f9db12396e69790f772c7b75.d --serialize-diagnostics /Users/karelbraborec/Library/Developer/Xcode/DerivedData/revmeter-hbcnswmlqmbpnlazhhkncgeowiss/Build/Intermediates.noindex/Pods.build/Debug-iphonesimulator/ReactCodegen.build/Objects-normal/arm64/States-3a809e74f9db12396e69790f772c7b75.dia -c /Users/karelbraborec/rev-meter/ios/build/generated/ios/ReactCodegen/react/renderer/components/safeareacontext/States.cpp -o /Users/karelbraborec/Library/Developer/Xcode/DerivedData/revmeter-hbcnswmlqmbpnlazhhkncgeowiss/Build/Intermediates.noindex/Pods.build/Debug-iphonesimulator/ReactCodegen.build/Objects-normal/arm64/States-3a809e74f9db12396e69790f772c7b75.o -index-unit-output-path /Pods.build/Debug-iphonesimulator/ReactCodegen.build/Objects-normal/arm64/States-3a809e74f9db12396e69790f772c7b75.o

CompileC /Users/karelbraborec/Library/Developer/Xcode/DerivedData/revmeter-hbcnswmlqmbpnlazhhkncgeowiss/Build/Intermediates.noindex/Pods.build/Debug-iphonesimulator/ReactCodegen.build/Objects-normal/arm64/States-3014abc11e79bb843ca071c141146958.o /Users/karelbraborec/rev-meter/ios/build/generated/ios/ReactCodegen/react/renderer/components/rngesturehandler_codegen/States.cpp normal arm64 c++ com.apple.compilers.llvm.clang.1_0.compiler (in target 'ReactCodegen' from project 'Pods')
    cd /Users/karelbraborec/rev-meter/ios/Pods
    
    Using response file: /Users/karelbraborec/Library/Developer/Xcode/DerivedData/revmeter-hbcnswmlqmbpnlazhhkncgeowiss/Build/Intermediates.noindex/Pods.build/Debug-iphonesimulator/ReactCodegen.build/Objects-normal/arm64/82b82416624d2658e5098eb0a28c15c5-common-args.resp
    
    /Applications/Xcode.app/Contents/Developer/Toolchains/XcodeDefault.xctoolchain/usr/bin/clang -x c++ -ivfsstatcache /Users/karelbraborec/Library/Developer/Xcode/DerivedData/SDKStatCaches.noindex/iphonesimulator26.5-23F81a-6cfe768891a92b912361537c460fe42b.sdkstatcache -target arm64-apple-ios15.1-simulator -fmessage-length\=0 -fdiagnostics-show-note-include-stack -fmacro-backtrace-limit\=0 -fno-color-diagnostics -fmodules-prune-interval\=86400 -fmodules-prune-after\=345600 -fbuild-session-file\=/Users/karelbraborec/Library/Developer/Xcode/DerivedData/ModuleCache.noindex/Session.modulevalidation -fmodules-validate-once-per-build-session -Wnon-modular-include-in-framework-module -Werror\=non-modular-include-in-framework-module -Wno-trigraphs -Wno-missing-field-initializers -Wno-missing-prototypes -Werror\=return-type -Wdocumentation -Wunreachable-code -Werror\=deprecated-objc-isa-usage -Werror\=objc-root-class -Wno-non-virtual-dtor -Wno-overloaded-virtual -Wno-exit-time-destructors -Wno-missing-braces -Wparentheses -Wswitch -Wunused-function -Wno-unused-label -Wno-unused-parameter -Wunused-variable -Wunused-value -Wempty-body -Wuninitialized -Wconditional-uninitialized -Wno-unknown-pragmas -Wno-shadow -Wno-four-char-constants -Wno-conversion -Wconstant-conversion -Wint-conversion -Wbool-conversion -Wenum-conversion -Wno-float-conversion -Wnon-literal-null-conversion -Wobjc-literal-conversion -Wshorten-64-to-32 -Wno-newline-eof -Wno-c++11-extensions -Wno-implicit-fallthrough -isysroot /Applications/Xcode.app/Contents/Developer/Platforms/iPhoneSimulator.platform/Developer/SDKs/iPhoneSimulator26.5.sdk -fstrict-aliasing -Wdeprecated-declarations -Winvalid-offsetof -Wno-sign-conversion -Winfinite-recursion -Wmove -Wcomma -Wblock-capture-autoreleasing -Wstrict-prototypes -Wrange-loop-analysis -Wno-semicolon-before-method-body -Wunguarded-availability -index-store-path /Users/karelbraborec/Library/Developer/Xcode/DerivedData/revmeter-hbcnswmlqmbpnlazhhkncgeowiss/Index.noindex/DataStore -Wno-comma -Wno-shorten-64-to-32 -Wno-documentation @/Users/karelbraborec/Library/Developer/Xcode/DerivedData/revmeter-hbcnswmlqmbpnlazhhkncgeowiss/Build/Intermediates.noindex/Pods.build/Debug-iphonesimulator/ReactCodegen.build/Objects-normal/arm64/82b82416624d2658e5098eb0a28c15c5-common-args.resp -DFOLLY_MOBILE\=1 -DFOLLY_USE_LIBCPP\=1 -DFOLLY_CFG_NO_COROUTINES\=1 -DFOLLY_HAVE_CLOCK_GETTIME\=1 -Wno-comma -Wno-shorten-64-to-32 -Wno-documentation -Wno-nullability-completeness -std\=c++20 -include /Users/karelbraborec/rev-meter/ios/Pods/Target\ Support\ Files/ReactCodegen/ReactCodegen-prefix.pch -MMD -MT dependencies -MF /Users/karelbraborec/Library/Developer/Xcode/DerivedData/revmeter-hbcnswmlqmbpnlazhhkncgeowiss/Build/Intermediates.noindex/Pods.build/Debug-iphonesimulator/ReactCodegen.build/Objects-normal/arm64/States-3014abc11e79bb843ca071c141146958.d --serialize-diagnostics /Users/karelbraborec/Library/Developer/Xcode/DerivedData/revmeter-hbcnswmlqmbpnlazhhkncgeowiss/Build/Intermediates.noindex/Pods.build/Debug-iphonesimulator/ReactCodegen.build/Objects-normal/arm64/States-3014abc11e79bb843ca071c141146958.dia -c /Users/karelbraborec/rev-meter/ios/build/generated/ios/ReactCodegen/react/renderer/components/rngesturehandler_codegen/States.cpp -o /Users/karelbraborec/Library/Developer/Xcode/DerivedData/revmeter-hbcnswmlqmbpnlazhhkncgeowiss/Build/Intermediates.noindex/Pods.build/Debug-iphonesimulator/ReactCodegen.build/Objects-normal/arm64/States-3014abc11e79bb843ca071c141146958.o -index-unit-output-path /Pods.build/Debug-iphonesimulator/ReactCodegen.build/Objects-normal/arm64/States-3014abc11e79bb843ca071c141146958.o

CompileC /Users/karelbraborec/Library/Developer/Xcode/DerivedData/revmeter-hbcnswmlqmbpnlazhhkncgeowiss/Build/Intermediates.noindex/Pods.build/Debug-iphonesimulator/ReactCodegen.build/Objects-normal/arm64/States-295b6137d795a85fe8900ba3ab647bc1.o /Users/karelbraborec/rev-meter/ios/build/generated/ios/ReactCodegen/react/renderer/components/RNCSlider/States.cpp normal arm64 c++ com.apple.compilers.llvm.clang.1_0.compiler (in target 'ReactCodegen' from project 'Pods')
    cd /Users/karelbraborec/rev-meter/ios/Pods
    
    Using response file: /Users/karelbraborec/Library/Developer/Xcode/DerivedData/revmeter-hbcnswmlqmbpnlazhhkncgeowiss/Build/Intermediates.noindex/Pods.build/Debug-iphonesimulator/ReactCodegen.build/Objects-normal/arm64/82b82416624d2658e5098eb0a28c15c5-common-args.resp
    
    /Applications/Xcode.app/Contents/Developer/Toolchains/XcodeDefault.xctoolchain/usr/bin/clang -x c++ -ivfsstatcache /Users/karelbraborec/Library/Developer/Xcode/DerivedData/SDKStatCaches.noindex/iphonesimulator26.5-23F81a-6cfe768891a92b912361537c460fe42b.sdkstatcache -target arm64-apple-ios15.1-simulator -fmessage-length\=0 -fdiagnostics-show-note-include-stack -fmacro-backtrace-limit\=0 -fno-color-diagnostics -fmodules-prune-interval\=86400 -fmodules-prune-after\=345600 -fbuild-session-file\=/Users/karelbraborec/Library/Developer/Xcode/DerivedData/ModuleCache.noindex/Session.modulevalidation -fmodules-validate-once-per-build-session -Wnon-modular-include-in-framework-module -Werror\=non-modular-include-in-framework-module -Wno-trigraphs -Wno-missing-field-initializers -Wno-missing-prototypes -Werror\=return-type -Wdocumentation -Wunreachable-code -Werror\=deprecated-objc-isa-usage -Werror\=objc-root-class -Wno-non-virtual-dtor -Wno-overloaded-virtual -Wno-exit-time-destructors -Wno-missing-braces -Wparentheses -Wswitch -Wunused-function -Wno-unused-label -Wno-unused-parameter -Wunused-variable -Wunused-value -Wempty-body -Wuninitialized -Wconditional-uninitialized -Wno-unknown-pragmas -Wno-shadow -Wno-four-char-constants -Wno-conversion -Wconstant-conversion -Wint-conversion -Wbool-conversion -Wenum-conversion -Wno-float-conversion -Wnon-literal-null-conversion -Wobjc-literal-conversion -Wshorten-64-to-32 -Wno-newline-eof -Wno-c++11-extensions -Wno-implicit-fallthrough -isysroot /Applications/Xcode.app/Contents/Developer/Platforms/iPhoneSimulator.platform/Developer/SDKs/iPhoneSimulator26.5.sdk -fstrict-aliasing -Wdeprecated-declarations -Winvalid-offsetof -Wno-sign-conversion -Winfinite-recursion -Wmove -Wcomma -Wblock-capture-autoreleasing -Wstrict-prototypes -Wrange-loop-analysis -Wno-semicolon-before-method-body -Wunguarded-availability -index-store-path /Users/karelbraborec/Library/Developer/Xcode/DerivedData/revmeter-hbcnswmlqmbpnlazhhkncgeowiss/Index.noindex/DataStore -Wno-comma -Wno-shorten-64-to-32 -Wno-documentation @/Users/karelbraborec/Library/Developer/Xcode/DerivedData/revmeter-hbcnswmlqmbpnlazhhkncgeowiss/Build/Intermediates.noindex/Pods.build/Debug-iphonesimulator/ReactCodegen.build/Objects-normal/arm64/82b82416624d2658e5098eb0a28c15c5-common-args.resp -DFOLLY_MOBILE\=1 -DFOLLY_USE_LIBCPP\=1 -DFOLLY_CFG_NO_COROUTINES\=1 -DFOLLY_HAVE_CLOCK_GETTIME\=1 -Wno-comma -Wno-shorten-64-to-32 -Wno-documentation -Wno-nullability-completeness -std\=c++20 -include /Users/karelbraborec/rev-meter/ios/Pods/Target\ Support\ Files/ReactCodegen/ReactCodegen-prefix.pch -MMD -MT dependencies -MF /Users/karelbraborec/Library/Developer/Xcode/DerivedData/revmeter-hbcnswmlqmbpnlazhhkncgeowiss/Build/Intermediates.noindex/Pods.build/Debug-iphonesimulator/ReactCodegen.build/Objects-normal/arm64/States-295b6137d795a85fe8900ba3ab647bc1.d --serialize-diagnostics /Users/karelbraborec/Library/Developer/Xcode/DerivedData/revmeter-hbcnswmlqmbpnlazhhkncgeowiss/Build/Intermediates.noindex/Pods.build/Debug-iphonesimulator/ReactCodegen.build/Objects-normal/arm64/States-295b6137d795a85fe8900ba3ab647bc1.dia -c /Users/karelbraborec/rev-meter/ios/build/generated/ios/ReactCodegen/react/renderer/components/RNCSlider/States.cpp -o /Users/karelbraborec/Library/Developer/Xcode/DerivedData/revmeter-hbcnswmlqmbpnlazhhkncgeowiss/Build/Intermediates.noindex/Pods.build/Debug-iphonesimulator/ReactCodegen.build/Objects-normal/arm64/States-295b6137d795a85fe8900ba3ab647bc1.o -index-unit-output-path /Pods.build/Debug-iphonesimulator/ReactCodegen.build/Objects-normal/arm64/States-295b6137d795a85fe8900ba3ab647bc1.o

CompileC /Users/karelbraborec/Library/Developer/Xcode/DerivedData/revmeter-hbcnswmlqmbpnlazhhkncgeowiss/Build/Intermediates.noindex/Pods.build/Debug-iphonesimulator/ReactCodegen.build/Objects-normal/arm64/ShadowNodes-f9e4b602052f7b23d8a04698eaac53b2.o /Users/karelbraborec/rev-meter/ios/build/generated/ios/ReactCodegen/react/renderer/components/rnreanimated/ShadowNodes.cpp normal arm64 c++ com.apple.compilers.llvm.clang.1_0.compiler (in target 'ReactCodegen' from project 'Pods')
    cd /Users/karelbraborec/rev-meter/ios/Pods
    
    Using response file: /Users/karelbraborec/Library/Developer/Xcode/DerivedData/revmeter-hbcnswmlqmbpnlazhhkncgeowiss/Build/Intermediates.noindex/Pods.build/Debug-iphonesimulator/ReactCodegen.build/Objects-normal/arm64/82b82416624d2658e5098eb0a28c15c5-common-args.resp
    
    /Applications/Xcode.app/Contents/Developer/Toolchains/XcodeDefault.xctoolchain/usr/bin/clang -x c++ -ivfsstatcache /Users/karelbraborec/Library/Developer/Xcode/DerivedData/SDKStatCaches.noindex/iphonesimulator26.5-23F81a-6cfe768891a92b912361537c460fe42b.sdkstatcache -target arm64-apple-ios15.1-simulator -fmessage-length\=0 -fdiagnostics-show-note-include-stack -fmacro-backtrace-limit\=0 -fno-color-diagnostics -fmodules-prune-interval\=86400 -fmodules-prune-after\=345600 -fbuild-session-file\=/Users/karelbraborec/Library/Developer/Xcode/DerivedData/ModuleCache.noindex/Session.modulevalidation -fmodules-validate-once-per-build-session -Wnon-modular-include-in-framework-module -Werror\=non-modular-include-in-framework-module -Wno-trigraphs -Wno-missing-field-initializers -Wno-missing-prototypes -Werror\=return-type -Wdocumentation -Wunreachable-code -Werror\=deprecated-objc-isa-usage -Werror\=objc-root-class -Wno-non-virtual-dtor -Wno-overloaded-virtual -Wno-exit-time-destructors -Wno-missing-braces -Wparentheses -Wswitch -Wunused-function -Wno-unused-label -Wno-unused-parameter -Wunused-variable -Wunused-value -Wempty-body -Wuninitialized -Wconditional-uninitialized -Wno-unknown-pragmas -Wno-shadow -Wno-four-char-constants -Wno-conversion -Wconstant-conversion -Wint-conversion -Wbool-conversion -Wenum-conversion -Wno-float-conversion -Wnon-literal-null-conversion -Wobjc-literal-conversion -Wshorten-64-to-32 -Wno-newline-eof -Wno-c++11-extensions -Wno-implicit-fallthrough -isysroot /Applications/Xcode.app/Contents/Developer/Platforms/iPhoneSimulator.platform/Developer/SDKs/iPhoneSimulator26.5.sdk -fstrict-aliasing -Wdeprecated-declarations -Winvalid-offsetof -Wno-sign-conversion -Winfinite-recursion -Wmove -Wcomma -Wblock-capture-autoreleasing -Wstrict-prototypes -Wrange-loop-analysis -Wno-semicolon-before-method-body -Wunguarded-availability -index-store-path /Users/karelbraborec/Library/Developer/Xcode/DerivedData/revmeter-hbcnswmlqmbpnlazhhkncgeowiss/Index.noindex/DataStore -Wno-comma -Wno-shorten-64-to-32 -Wno-documentation @/Users/karelbraborec/Library/Developer/Xcode/DerivedData/revmeter-hbcnswmlqmbpnlazhhkncgeowiss/Build/Intermediates.noindex/Pods.build/Debug-iphonesimulator/ReactCodegen.build/Objects-normal/arm64/82b82416624d2658e5098eb0a28c15c5-common-args.resp -DFOLLY_MOBILE\=1 -DFOLLY_USE_LIBCPP\=1 -DFOLLY_CFG_NO_COROUTINES\=1 -DFOLLY_HAVE_CLOCK_GETTIME\=1 -Wno-comma -Wno-shorten-64-to-32 -Wno-documentation -Wno-nullability-completeness -std\=c++20 -include /Users/karelbraborec/rev-meter/ios/Pods/Target\ Support\ Files/ReactCodegen/ReactCodegen-prefix.pch -MMD -MT dependencies -MF /Users/karelbraborec/Library/Developer/Xcode/DerivedData/revmeter-hbcnswmlqmbpnlazhhkncgeowiss/Build/Intermediates.noindex/Pods.build/Debug-iphonesimulator/ReactCodegen.build/Objects-normal/arm64/ShadowNodes-f9e4b602052f7b23d8a04698eaac53b2.d --serialize-diagnostics /Users/karelbraborec/Library/Developer/Xcode/DerivedData/revmeter-hbcnswmlqmbpnlazhhkncgeowiss/Build/Intermediates.noindex/Pods.build/Debug-iphonesimulator/ReactCodegen.build/Objects-normal/arm64/ShadowNodes-f9e4b602052f7b23d8a04698eaac53b2.dia -c /Users/karelbraborec/rev-meter/ios/build/generated/ios/ReactCodegen/react/renderer/components/rnreanimated/ShadowNodes.cpp -o /Users/karelbraborec/Library/Developer/Xcode/DerivedData/revmeter-hbcnswmlqmbpnlazhhkncgeowiss/Build/Intermediates.noindex/Pods.build/Debug-iphonesimulator/ReactCodegen.build/Objects-normal/arm64/ShadowNodes-f9e4b602052f7b23d8a04698eaac53b2.o -index-unit-output-path /Pods.build/Debug-iphonesimulator/ReactCodegen.build/Objects-normal/arm64/ShadowNodes-f9e4b602052f7b23d8a04698eaac53b2.o

CompileC /Users/karelbraborec/Library/Developer/Xcode/DerivedData/revmeter-hbcnswmlqmbpnlazhhkncgeowiss/Build/Intermediates.noindex/Pods.build/Debug-iphonesimulator/ReactCodegen.build/Objects-normal/arm64/ShadowNodes-ca34710ce449cd5bf962cc1fcb9f74b0.o /Users/karelbraborec/rev-meter/ios/build/generated/ios/ReactCodegen/react/renderer/components/safeareacontext/ShadowNodes.cpp normal arm64 c++ com.apple.compilers.llvm.clang.1_0.compiler (in target 'ReactCodegen' from project 'Pods')
    cd /Users/karelbraborec/rev-meter/ios/Pods
    
    Using response file: /Users/karelbraborec/Library/Developer/Xcode/DerivedData/revmeter-hbcnswmlqmbpnlazhhkncgeowiss/Build/Intermediates.noindex/Pods.build/Debug-iphonesimulator/ReactCodegen.build/Objects-normal/arm64/82b82416624d2658e5098eb0a28c15c5-common-args.resp
    
    /Applications/Xcode.app/Contents/Developer/Toolchains/XcodeDefault.xctoolchain/usr/bin/clang -x c++ -ivfsstatcache /Users/karelbraborec/Library/Developer/Xcode/DerivedData/SDKStatCaches.noindex/iphonesimulator26.5-23F81a-6cfe768891a92b912361537c460fe42b.sdkstatcache -target arm64-apple-ios15.1-simulator -fmessage-length\=0 -fdiagnostics-show-note-include-stack -fmacro-backtrace-limit\=0 -fno-color-diagnostics -fmodules-prune-interval\=86400 -fmodules-prune-after\=345600 -fbuild-session-file\=/Users/karelbraborec/Library/Developer/Xcode/DerivedData/ModuleCache.noindex/Session.modulevalidation -fmodules-validate-once-per-build-session -Wnon-modular-include-in-framework-module -Werror\=non-modular-include-in-framework-module -Wno-trigraphs -Wno-missing-field-initializers -Wno-missing-prototypes -Werror\=return-type -Wdocumentation -Wunreachable-code -Werror\=deprecated-objc-isa-usage -Werror\=objc-root-class -Wno-non-virtual-dtor -Wno-overloaded-virtual -Wno-exit-time-destructors -Wno-missing-braces -Wparentheses -Wswitch -Wunused-function -Wno-unused-label -Wno-unused-parameter -Wunused-variable -Wunused-value -Wempty-body -Wuninitialized -Wconditional-uninitialized -Wno-unknown-pragmas -Wno-shadow -Wno-four-char-constants -Wno-conversion -Wconstant-conversion -Wint-conversion -Wbool-conversion -Wenum-conversion -Wno-float-conversion -Wnon-literal-null-conversion -Wobjc-literal-conversion -Wshorten-64-to-32 -Wno-newline-eof -Wno-c++11-extensions -Wno-implicit-fallthrough -isysroot /Applications/Xcode.app/Contents/Developer/Platforms/iPhoneSimulator.platform/Developer/SDKs/iPhoneSimulator26.5.sdk -fstrict-aliasing -Wdeprecated-declarations -Winvalid-offsetof -Wno-sign-conversion -Winfinite-recursion -Wmove -Wcomma -Wblock-capture-autoreleasing -Wstrict-prototypes -Wrange-loop-analysis -Wno-semicolon-before-method-body -Wunguarded-availability -index-store-path /Users/karelbraborec/Library/Developer/Xcode/DerivedData/revmeter-hbcnswmlqmbpnlazhhkncgeowiss/Index.noindex/DataStore -Wno-comma -Wno-shorten-64-to-32 -Wno-documentation @/Users/karelbraborec/Library/Developer/Xcode/DerivedData/revmeter-hbcnswmlqmbpnlazhhkncgeowiss/Build/Intermediates.noindex/Pods.build/Debug-iphonesimulator/ReactCodegen.build/Objects-normal/arm64/82b82416624d2658e5098eb0a28c15c5-common-args.resp -DFOLLY_MOBILE\=1 -DFOLLY_USE_LIBCPP\=1 -DFOLLY_CFG_NO_COROUTINES\=1 -DFOLLY_HAVE_CLOCK_GETTIME\=1 -Wno-comma -Wno-shorten-64-to-32 -Wno-documentation -Wno-nullability-completeness -std\=c++20 -include /Users/karelbraborec/rev-meter/ios/Pods/Target\ Support\ Files/ReactCodegen/ReactCodegen-prefix.pch -MMD -MT dependencies -MF /Users/karelbraborec/Library/Developer/Xcode/DerivedData/revmeter-hbcnswmlqmbpnlazhhkncgeowiss/Build/Intermediates.noindex/Pods.build/Debug-iphonesimulator/ReactCodegen.build/Objects-normal/arm64/ShadowNodes-ca34710ce449cd5bf962cc1fcb9f74b0.d --serialize-diagnostics /Users/karelbraborec/Library/Developer/Xcode/DerivedData/revmeter-hbcnswmlqmbpnlazhhkncgeowiss/Build/Intermediates.noindex/Pods.build/Debug-iphonesimulator/ReactCodegen.build/Objects-normal/arm64/ShadowNodes-ca34710ce449cd5bf962cc1fcb9f74b0.dia -c /Users/karelbraborec/rev-meter/ios/build/generated/ios/ReactCodegen/react/renderer/components/safeareacontext/ShadowNodes.cpp -o /Users/karelbraborec/Library/Developer/Xcode/DerivedData/revmeter-hbcnswmlqmbpnlazhhkncgeowiss/Build/Intermediates.noindex/Pods.build/Debug-iphonesimulator/ReactCodegen.build/Objects-normal/arm64/ShadowNodes-ca34710ce449cd5bf962cc1fcb9f74b0.o -index-unit-output-path /Pods.build/Debug-iphonesimulator/ReactCodegen.build/Objects-normal/arm64/ShadowNodes-ca34710ce449cd5bf962cc1fcb9f74b0.o

CompileC /Users/karelbraborec/Library/Developer/Xcode/DerivedData/revmeter-hbcnswmlqmbpnlazhhkncgeowiss/Build/Intermediates.noindex/Pods.build/Debug-iphonesimulator/ReactCodegen.build/Objects-normal/arm64/ShadowNodes-be6460fc040ac84229c64dffc529f796.o /Users/karelbraborec/rev-meter/ios/build/generated/ios/ReactCodegen/react/renderer/components/rngesturehandler_codegen/ShadowNodes.cpp normal arm64 c++ com.apple.compilers.llvm.clang.1_0.compiler (in target 'ReactCodegen' from project 'Pods')
    cd /Users/karelbraborec/rev-meter/ios/Pods
    
    Using response file: /Users/karelbraborec/Library/Developer/Xcode/DerivedData/revmeter-hbcnswmlqmbpnlazhhkncgeowiss/Build/Intermediates.noindex/Pods.build/Debug-iphonesimulator/ReactCodegen.build/Objects-normal/arm64/82b82416624d2658e5098eb0a28c15c5-common-args.resp
    
    /Applications/Xcode.app/Contents/Developer/Toolchains/XcodeDefault.xctoolchain/usr/bin/clang -x c++ -ivfsstatcache /Users/karelbraborec/Library/Developer/Xcode/DerivedData/SDKStatCaches.noindex/iphonesimulator26.5-23F81a-6cfe768891a92b912361537c460fe42b.sdkstatcache -target arm64-apple-ios15.1-simulator -fmessage-length\=0 -fdiagnostics-show-note-include-stack -fmacro-backtrace-limit\=0 -fno-color-diagnostics -fmodules-prune-interval\=86400 -fmodules-prune-after\=345600 -fbuild-session-file\=/Users/karelbraborec/Library/Developer/Xcode/DerivedData/ModuleCache.noindex/Session.modulevalidation -fmodules-validate-once-per-build-session -Wnon-modular-include-in-framework-module -Werror\=non-modular-include-in-framework-module -Wno-trigraphs -Wno-missing-field-initializers -Wno-missing-prototypes -Werror\=return-type -Wdocumentation -Wunreachable-code -Werror\=deprecated-objc-isa-usage -Werror\=objc-root-class -Wno-non-virtual-dtor -Wno-overloaded-virtual -Wno-exit-time-destructors -Wno-missing-braces -Wparentheses -Wswitch -Wunused-function -Wno-unused-label -Wno-unused-parameter -Wunused-variable -Wunused-value -Wempty-body -Wuninitialized -Wconditional-uninitialized -Wno-unknown-pragmas -Wno-shadow -Wno-four-char-constants -Wno-conversion -Wconstant-conversion -Wint-conversion -Wbool-conversion -Wenum-conversion -Wno-float-conversion -Wnon-literal-null-conversion -Wobjc-literal-conversion -Wshorten-64-to-32 -Wno-newline-eof -Wno-c++11-extensions -Wno-implicit-fallthrough -isysroot /Applications/Xcode.app/Contents/Developer/Platforms/iPhoneSimulator.platform/Developer/SDKs/iPhoneSimulator26.5.sdk -fstrict-aliasing -Wdeprecated-declarations -Winvalid-offsetof -Wno-sign-conversion -Winfinite-recursion -Wmove -Wcomma -Wblock-capture-autoreleasing -Wstrict-prototypes -Wrange-loop-analysis -Wno-semicolon-before-method-body -Wunguarded-availability -index-store-path /Users/karelbraborec/Library/Developer/Xcode/DerivedData/revmeter-hbcnswmlqmbpnlazhhkncgeowiss/Index.noindex/DataStore -Wno-comma -Wno-shorten-64-to-32 -Wno-documentation @/Users/karelbraborec/Library/Developer/Xcode/DerivedData/revmeter-hbcnswmlqmbpnlazhhkncgeowiss/Build/Intermediates.noindex/Pods.build/Debug-iphonesimulator/ReactCodegen.build/Objects-normal/arm64/82b82416624d2658e5098eb0a28c15c5-common-args.resp -DFOLLY_MOBILE\=1 -DFOLLY_USE_LIBCPP\=1 -DFOLLY_CFG_NO_COROUTINES\=1 -DFOLLY_HAVE_CLOCK_GETTIME\=1 -Wno-comma -Wno-shorten-64-to-32 -Wno-documentation -Wno-nullability-completeness -std\=c++20 -include /Users/karelbraborec/rev-meter/ios/Pods/Target\ Support\ Files/ReactCodegen/ReactCodegen-prefix.pch -MMD -MT dependencies -MF /Users/karelbraborec/Library/Developer/Xcode/DerivedData/revmeter-hbcnswmlqmbpnlazhhkncgeowiss/Build/Intermediates.noindex/Pods.build/Debug-iphonesimulator/ReactCodegen.build/Objects-normal/arm64/ShadowNodes-be6460fc040ac84229c64dffc529f796.d --serialize-diagnostics /Users/karelbraborec/Library/Developer/Xcode/DerivedData/revmeter-hbcnswmlqmbpnlazhhkncgeowiss/Build/Intermediates.noindex/Pods.build/Debug-iphonesimulator/ReactCodegen.build/Objects-normal/arm64/ShadowNodes-be6460fc040ac84229c64dffc529f796.dia -c /Users/karelbraborec/rev-meter/ios/build/generated/ios/ReactCodegen/react/renderer/components/rngesturehandler_codegen/ShadowNodes.cpp -o /Users/karelbraborec/Library/Developer/Xcode/DerivedData/revmeter-hbcnswmlqmbpnlazhhkncgeowiss/Build/Intermediates.noindex/Pods.build/Debug-iphonesimulator/ReactCodegen.build/Objects-normal/arm64/ShadowNodes-be6460fc040ac84229c64dffc529f796.o -index-unit-output-path /Pods.build/Debug-iphonesimulator/ReactCodegen.build/Objects-normal/arm64/ShadowNodes-be6460fc040ac84229c64dffc529f796.o

CompileC /Users/karelbraborec/Library/Developer/Xcode/DerivedData/revmeter-hbcnswmlqmbpnlazhhkncgeowiss/Build/Intermediates.noindex/Pods.build/Debug-iphonesimulator/ReactCodegen.build/Objects-normal/arm64/ShadowNodes-b77a7f79bbd370cf962897c7ba13a29b.o /Users/karelbraborec/rev-meter/ios/build/generated/ios/ReactCodegen/react/renderer/components/RNCSlider/ShadowNodes.cpp normal arm64 c++ com.apple.compilers.llvm.clang.1_0.compiler (in target 'ReactCodegen' from project 'Pods')
    cd /Users/karelbraborec/rev-meter/ios/Pods
    
    Using response file: /Users/karelbraborec/Library/Developer/Xcode/DerivedData/revmeter-hbcnswmlqmbpnlazhhkncgeowiss/Build/Intermediates.noindex/Pods.build/Debug-iphonesimulator/ReactCodegen.build/Objects-normal/arm64/82b82416624d2658e5098eb0a28c15c5-common-args.resp
    
    /Applications/Xcode.app/Contents/Developer/Toolchains/XcodeDefault.xctoolchain/usr/bin/clang -x c++ -ivfsstatcache /Users/karelbraborec/Library/Developer/Xcode/DerivedData/SDKStatCaches.noindex/iphonesimulator26.5-23F81a-6cfe768891a92b912361537c460fe42b.sdkstatcache -target arm64-apple-ios15.1-simulator -fmessage-length\=0 -fdiagnostics-show-note-include-stack -fmacro-backtrace-limit\=0 -fno-color-diagnostics -fmodules-prune-interval\=86400 -fmodules-prune-after\=345600 -fbuild-session-file\=/Users/karelbraborec/Library/Developer/Xcode/DerivedData/ModuleCache.noindex/Session.modulevalidation -fmodules-validate-once-per-build-session -Wnon-modular-include-in-framework-module -Werror\=non-modular-include-in-framework-module -Wno-trigraphs -Wno-missing-field-initializers -Wno-missing-prototypes -Werror\=return-type -Wdocumentation -Wunreachable-code -Werror\=deprecated-objc-isa-usage -Werror\=objc-root-class -Wno-non-virtual-dtor -Wno-overloaded-virtual -Wno-exit-time-destructors -Wno-missing-braces -Wparentheses -Wswitch -Wunused-function -Wno-unused-label -Wno-unused-parameter -Wunused-variable -Wunused-value -Wempty-body -Wuninitialized -Wconditional-uninitialized -Wno-unknown-pragmas -Wno-shadow -Wno-four-char-constants -Wno-conversion -Wconstant-conversion -Wint-conversion -Wbool-conversion -Wenum-conversion -Wno-float-conversion -Wnon-literal-null-conversion -Wobjc-literal-conversion -Wshorten-64-to-32 -Wno-newline-eof -Wno-c++11-extensions -Wno-implicit-fallthrough -isysroot /Applications/Xcode.app/Contents/Developer/Platforms/iPhoneSimulator.platform/Developer/SDKs/iPhoneSimulator26.5.sdk -fstrict-aliasing -Wdeprecated-declarations -Winvalid-offsetof -Wno-sign-conversion -Winfinite-recursion -Wmove -Wcomma -Wblock-capture-autoreleasing -Wstrict-prototypes -Wrange-loop-analysis -Wno-semicolon-before-method-body -Wunguarded-availability -index-store-path /Users/karelbraborec/Library/Developer/Xcode/DerivedData/revmeter-hbcnswmlqmbpnlazhhkncgeowiss/Index.noindex/DataStore -Wno-comma -Wno-shorten-64-to-32 -Wno-documentation @/Users/karelbraborec/Library/Developer/Xcode/DerivedData/revmeter-hbcnswmlqmbpnlazhhkncgeowiss/Build/Intermediates.noindex/Pods.build/Debug-iphonesimulator/ReactCodegen.build/Objects-normal/arm64/82b82416624d2658e5098eb0a28c15c5-common-args.resp -DFOLLY_MOBILE\=1 -DFOLLY_USE_LIBCPP\=1 -DFOLLY_CFG_NO_COROUTINES\=1 -DFOLLY_HAVE_CLOCK_GETTIME\=1 -Wno-comma -Wno-shorten-64-to-32 -Wno-documentation -Wno-nullability-completeness -std\=c++20 -include /Users/karelbraborec/rev-meter/ios/Pods/Target\ Support\ Files/ReactCodegen/ReactCodegen-prefix.pch -MMD -MT dependencies -MF /Users/karelbraborec/Library/Developer/Xcode/DerivedData/revmeter-hbcnswmlqmbpnlazhhkncgeowiss/Build/Intermediates.noindex/Pods.build/Debug-iphonesimulator/ReactCodegen.build/Objects-normal/arm64/ShadowNodes-b77a7f79bbd370cf962897c7ba13a29b.d --serialize-diagnostics /Users/karelbraborec/Library/Developer/Xcode/DerivedData/revmeter-hbcnswmlqmbpnlazhhkncgeowiss/Build/Intermediates.noindex/Pods.build/Debug-iphonesimulator/ReactCodegen.build/Objects-normal/arm64/ShadowNodes-b77a7f79bbd370cf962897c7ba13a29b.dia -c /Users/karelbraborec/rev-meter/ios/build/generated/ios/ReactCodegen/react/renderer/components/RNCSlider/ShadowNodes.cpp -o /Users/karelbraborec/Library/Developer/Xcode/DerivedData/revmeter-hbcnswmlqmbpnlazhhkncgeowiss/Build/Intermediates.noindex/Pods.build/Debug-iphonesimulator/ReactCodegen.build/Objects-normal/arm64/ShadowNodes-b77a7f79bbd370cf962897c7ba13a29b.o -index-unit-output-path /Pods.build/Debug-iphonesimulator/ReactCodegen.build/Objects-normal/arm64/ShadowNodes-b77a7f79bbd370cf962897c7ba13a29b.o

CompileC /Users/karelbraborec/Library/Developer/Xcode/DerivedData/revmeter-hbcnswmlqmbpnlazhhkncgeowiss/Build/Intermediates.noindex/Pods.build/Debug-iphonesimulator/ReactCodegen.build/Objects-normal/arm64/ShadowNodes-780b86572e9a59203bd9ddefc216120c.o /Users/karelbraborec/rev-meter/ios/build/generated/ios/ReactCodegen/react/renderer/components/rnscreens/ShadowNodes.cpp normal arm64 c++ com.apple.compilers.llvm.clang.1_0.compiler (in target 'ReactCodegen' from project 'Pods')
    cd /Users/karelbraborec/rev-meter/ios/Pods
    
    Using response file: /Users/karelbraborec/Library/Developer/Xcode/DerivedData/revmeter-hbcnswmlqmbpnlazhhkncgeowiss/Build/Intermediates.noindex/Pods.build/Debug-iphonesimulator/ReactCodegen.build/Objects-normal/arm64/82b82416624d2658e5098eb0a28c15c5-common-args.resp
    
    /Applications/Xcode.app/Contents/Developer/Toolchains/XcodeDefault.xctoolchain/usr/bin/clang -x c++ -ivfsstatcache /Users/karelbraborec/Library/Developer/Xcode/DerivedData/SDKStatCaches.noindex/iphonesimulator26.5-23F81a-6cfe768891a92b912361537c460fe42b.sdkstatcache -target arm64-apple-ios15.1-simulator -fmessage-length\=0 -fdiagnostics-show-note-include-stack -fmacro-backtrace-limit\=0 -fno-color-diagnostics -fmodules-prune-interval\=86400 -fmodules-prune-after\=345600 -fbuild-session-file\=/Users/karelbraborec/Library/Developer/Xcode/DerivedData/ModuleCache.noindex/Session.modulevalidation -fmodules-validate-once-per-build-session -Wnon-modular-include-in-framework-module -Werror\=non-modular-include-in-framework-module -Wno-trigraphs -Wno-missing-field-initializers -Wno-missing-prototypes -Werror\=return-type -Wdocumentation -Wunreachable-code -Werror\=deprecated-objc-isa-usage -Werror\=objc-root-class -Wno-non-virtual-dtor -Wno-overloaded-virtual -Wno-exit-time-destructors -Wno-missing-braces -Wparentheses -Wswitch -Wunused-function -Wno-unused-label -Wno-unused-parameter -Wunused-variable -Wunused-value -Wempty-body -Wuninitialized -Wconditional-uninitialized -Wno-unknown-pragmas -Wno-shadow -Wno-four-char-constants -Wno-conversion -Wconstant-conversion -Wint-conversion -Wbool-conversion -Wenum-conversion -Wno-float-conversion -Wnon-literal-null-conversion -Wobjc-literal-conversion -Wshorten-64-to-32 -Wno-newline-eof -Wno-c++11-extensions -Wno-implicit-fallthrough -isysroot /Applications/Xcode.app/Contents/Developer/Platforms/iPhoneSimulator.platform/Developer/SDKs/iPhoneSimulator26.5.sdk -fstrict-aliasing -Wdeprecated-declarations -Winvalid-offsetof -Wno-sign-conversion -Winfinite-recursion -Wmove -Wcomma -Wblock-capture-autoreleasing -Wstrict-prototypes -Wrange-loop-analysis -Wno-semicolon-before-method-body -Wunguarded-availability -index-store-path /Users/karelbraborec/Library/Developer/Xcode/DerivedData/revmeter-hbcnswmlqmbpnlazhhkncgeowiss/Index.noindex/DataStore -Wno-comma -Wno-shorten-64-to-32 -Wno-documentation @/Users/karelbraborec/Library/Developer/Xcode/DerivedData/revmeter-hbcnswmlqmbpnlazhhkncgeowiss/Build/Intermediates.noindex/Pods.build/Debug-iphonesimulator/ReactCodegen.build/Objects-normal/arm64/82b82416624d2658e5098eb0a28c15c5-common-args.resp -DFOLLY_MOBILE\=1 -DFOLLY_USE_LIBCPP\=1 -DFOLLY_CFG_NO_COROUTINES\=1 -DFOLLY_HAVE_CLOCK_GETTIME\=1 -Wno-comma -Wno-shorten-64-to-32 -Wno-documentation -Wno-nullability-completeness -std\=c++20 -include /Users/karelbraborec/rev-meter/ios/Pods/Target\ Support\ Files/ReactCodegen/ReactCodegen-prefix.pch -MMD -MT dependencies -MF /Users/karelbraborec/Library/Developer/Xcode/DerivedData/revmeter-hbcnswmlqmbpnlazhhkncgeowiss/Build/Intermediates.noindex/Pods.build/Debug-iphonesimulator/ReactCodegen.build/Objects-normal/arm64/ShadowNodes-780b86572e9a59203bd9ddefc216120c.d --serialize-diagnostics /Users/karelbraborec/Library/Developer/Xcode/DerivedData/revmeter-hbcnswmlqmbpnlazhhkncgeowiss/Build/Intermediates.noindex/Pods.build/Debug-iphonesimulator/ReactCodegen.build/Objects-normal/arm64/ShadowNodes-780b86572e9a59203bd9ddefc216120c.dia -c /Users/karelbraborec/rev-meter/ios/build/generated/ios/ReactCodegen/react/renderer/components/rnscreens/ShadowNodes.cpp -o /Users/karelbraborec/Library/Developer/Xcode/DerivedData/revmeter-hbcnswmlqmbpnlazhhkncgeowiss/Build/Intermediates.noindex/Pods.build/Debug-iphonesimulator/ReactCodegen.build/Objects-normal/arm64/ShadowNodes-780b86572e9a59203bd9ddefc216120c.o -index-unit-output-path /Pods.build/Debug-iphonesimulator/ReactCodegen.build/Objects-normal/arm64/ShadowNodes-780b86572e9a59203bd9ddefc216120c.o

CompileC /Users/karelbraborec/Library/Developer/Xcode/DerivedData/revmeter-hbcnswmlqmbpnlazhhkncgeowiss/Build/Intermediates.noindex/Pods.build/Debug-iphonesimulator/ReactCodegen.build/Objects-normal/arm64/RCTUnstableModulesRequiringMainQueueSetupProvider.o /Users/karelbraborec/rev-meter/ios/build/generated/ios/ReactCodegen/RCTUnstableModulesRequiringMainQueueSetupProvider.mm normal arm64 objective-c++ com.apple.compilers.llvm.clang.1_0.compiler (in target 'ReactCodegen' from project 'Pods')
    cd /Users/karelbraborec/rev-meter/ios/Pods
    
    Using response file: /Users/karelbraborec/Library/Developer/Xcode/DerivedData/revmeter-hbcnswmlqmbpnlazhhkncgeowiss/Build/Intermediates.noindex/Pods.build/Debug-iphonesimulator/ReactCodegen.build/Objects-normal/arm64/af3fcb34312c57c0f52879cdce924b91-common-args.resp
    
    /Applications/Xcode.app/Contents/Developer/Toolchains/XcodeDefault.xctoolchain/usr/bin/clang -x objective-c++ -ivfsstatcache /Users/karelbraborec/Library/Developer/Xcode/DerivedData/SDKStatCaches.noindex/iphonesimulator26.5-23F81a-6cfe768891a92b912361537c460fe42b.sdkstatcache -target arm64-apple-ios15.1-simulator -fmessage-length\=0 -fdiagnostics-show-note-include-stack -fmacro-backtrace-limit\=0 -fno-color-diagnostics -fmodules-prune-interval\=86400 -fmodules-prune-after\=345600 -fbuild-session-file\=/Users/karelbraborec/Library/Developer/Xcode/DerivedData/ModuleCache.noindex/Session.modulevalidation -fmodules-validate-once-per-build-session -Wnon-modular-include-in-framework-module -Werror\=non-modular-include-in-framework-module -Wno-trigraphs -Wno-missing-field-initializers -Wno-missing-prototypes -Werror\=return-type -Wdocumentation -Wunreachable-code -Wno-implicit-atomic-properties -Werror\=deprecated-objc-isa-usage -Wno-objc-interface-ivars -Werror\=objc-root-class -Wno-arc-repeated-use-of-weak -Wimplicit-retain-self -Wno-non-virtual-dtor -Wno-overloaded-virtual -Wno-exit-time-destructors -Wduplicate-method-match -Wno-missing-braces -Wparentheses -Wswitch -Wunused-function -Wno-unused-label -Wno-unused-parameter -Wunused-variable -Wunused-value -Wempty-body -Wuninitialized -Wconditional-uninitialized -Wno-unknown-pragmas -Wno-shadow -Wno-four-char-constants -Wno-conversion -Wconstant-conversion -Wint-conversion -Wbool-conversion -Wenum-conversion -Wno-float-conversion -Wnon-literal-null-conversion -Wobjc-literal-conversion -Wshorten-64-to-32 -Wno-newline-eof -Wno-selector -Wno-strict-selector-match -Wundeclared-selector -Wdeprecated-implementations -Wno-c++11-extensions -Wno-implicit-fallthrough -isysroot /Applications/Xcode.app/Contents/Developer/Platforms/iPhoneSimulator.platform/Developer/SDKs/iPhoneSimulator26.5.sdk -fstrict-aliasing -Wprotocol -Wdeprecated-declarations -Winvalid-offsetof -Wno-sign-conversion -Winfinite-recursion -Wmove -Wcomma -Wblock-capture-autoreleasing -Wstrict-prototypes -Wrange-loop-analysis -Wno-semicolon-before-method-body -Wunguarded-availability -index-store-path /Users/karelbraborec/Library/Developer/Xcode/DerivedData/revmeter-hbcnswmlqmbpnlazhhkncgeowiss/Index.noindex/DataStore -Wno-comma -Wno-shorten-64-to-32 -Wno-documentation @/Users/karelbraborec/Library/Developer/Xcode/DerivedData/revmeter-hbcnswmlqmbpnlazhhkncgeowiss/Build/Intermediates.noindex/Pods.build/Debug-iphonesimulator/ReactCodegen.build/Objects-normal/arm64/af3fcb34312c57c0f52879cdce924b91-common-args.resp -DFOLLY_MOBILE\=1 -DFOLLY_USE_LIBCPP\=1 -DFOLLY_CFG_NO_COROUTINES\=1 -DFOLLY_HAVE_CLOCK_GETTIME\=1 -Wno-comma -Wno-shorten-64-to-32 -Wno-documentation -Wno-nullability-completeness -std\=c++20 -include /Users/karelbraborec/rev-meter/ios/Pods/Target\ Support\ Files/ReactCodegen/ReactCodegen-prefix.pch -MMD -MT dependencies -MF /Users/karelbraborec/Library/Developer/Xcode/DerivedData/revmeter-hbcnswmlqmbpnlazhhkncgeowiss/Build/Intermediates.noindex/Pods.build/Debug-iphonesimulator/ReactCodegen.build/Objects-normal/arm64/RCTUnstableModulesRequiringMainQueueSetupProvider.d --serialize-diagnostics /Users/karelbraborec/Library/Developer/Xcode/DerivedData/revmeter-hbcnswmlqmbpnlazhhkncgeowiss/Build/Intermediates.noindex/Pods.build/Debug-iphonesimulator/ReactCodegen.build/Objects-normal/arm64/RCTUnstableModulesRequiringMainQueueSetupProvider.dia -c /Users/karelbraborec/rev-meter/ios/build/generated/ios/ReactCodegen/RCTUnstableModulesRequiringMainQueueSetupProvider.mm -o /Users/karelbraborec/Library/Developer/Xcode/DerivedData/revmeter-hbcnswmlqmbpnlazhhkncgeowiss/Build/Intermediates.noindex/Pods.build/Debug-iphonesimulator/ReactCodegen.build/Objects-normal/arm64/RCTUnstableModulesRequiringMainQueueSetupProvider.o -index-unit-output-path /Pods.build/Debug-iphonesimulator/ReactCodegen.build/Objects-normal/arm64/RCTUnstableModulesRequiringMainQueueSetupProvider.o

CompileC /Users/karelbraborec/Library/Developer/Xcode/DerivedData/revmeter-hbcnswmlqmbpnlazhhkncgeowiss/Build/Intermediates.noindex/Pods.build/Debug-iphonesimulator/ReactCodegen.build/Objects-normal/arm64/RCTThirdPartyComponentsProvider.o /Users/karelbraborec/rev-meter/ios/build/generated/ios/ReactCodegen/RCTThirdPartyComponentsProvider.mm normal arm64 objective-c++ com.apple.compilers.llvm.clang.1_0.compiler (in target 'ReactCodegen' from project 'Pods')
    cd /Users/karelbraborec/rev-meter/ios/Pods
    
    Using response file: /Users/karelbraborec/Library/Developer/Xcode/DerivedData/revmeter-hbcnswmlqmbpnlazhhkncgeowiss/Build/Intermediates.noindex/Pods.build/Debug-iphonesimulator/ReactCodegen.build/Objects-normal/arm64/af3fcb34312c57c0f52879cdce924b91-common-args.resp
    
    /Applications/Xcode.app/Contents/Developer/Toolchains/XcodeDefault.xctoolchain/usr/bin/clang -x objective-c++ -ivfsstatcache /Users/karelbraborec/Library/Developer/Xcode/DerivedData/SDKStatCaches.noindex/iphonesimulator26.5-23F81a-6cfe768891a92b912361537c460fe42b.sdkstatcache -target arm64-apple-ios15.1-simulator -fmessage-length\=0 -fdiagnostics-show-note-include-stack -fmacro-backtrace-limit\=0 -fno-color-diagnostics -fmodules-prune-interval\=86400 -fmodules-prune-after\=345600 -fbuild-session-file\=/Users/karelbraborec/Library/Developer/Xcode/DerivedData/ModuleCache.noindex/Session.modulevalidation -fmodules-validate-once-per-build-session -Wnon-modular-include-in-framework-module -Werror\=non-modular-include-in-framework-module -Wno-trigraphs -Wno-missing-field-initializers -Wno-missing-prototypes -Werror\=return-type -Wdocumentation -Wunreachable-code -Wno-implicit-atomic-properties -Werror\=deprecated-objc-isa-usage -Wno-objc-interface-ivars -Werror\=objc-root-class -Wno-arc-repeated-use-of-weak -Wimplicit-retain-self -Wno-non-virtual-dtor -Wno-overloaded-virtual -Wno-exit-time-destructors -Wduplicate-method-match -Wno-missing-braces -Wparentheses -Wswitch -Wunused-function -Wno-unused-label -Wno-unused-parameter -Wunused-variable -Wunused-value -Wempty-body -Wuninitialized -Wconditional-uninitialized -Wno-unknown-pragmas -Wno-shadow -Wno-four-char-constants -Wno-conversion -Wconstant-conversion -Wint-conversion -Wbool-conversion -Wenum-conversion -Wno-float-conversion -Wnon-literal-null-conversion -Wobjc-literal-conversion -Wshorten-64-to-32 -Wno-newline-eof -Wno-selector -Wno-strict-selector-match -Wundeclared-selector -Wdeprecated-implementations -Wno-c++11-extensions -Wno-implicit-fallthrough -isysroot /Applications/Xcode.app/Contents/Developer/Platforms/iPhoneSimulator.platform/Developer/SDKs/iPhoneSimulator26.5.sdk -fstrict-aliasing -Wprotocol -Wdeprecated-declarations -Winvalid-offsetof -Wno-sign-conversion -Winfinite-recursion -Wmove -Wcomma -Wblock-capture-autoreleasing -Wstrict-prototypes -Wrange-loop-analysis -Wno-semicolon-before-method-body -Wunguarded-availability -index-store-path /Users/karelbraborec/Library/Developer/Xcode/DerivedData/revmeter-hbcnswmlqmbpnlazhhkncgeowiss/Index.noindex/DataStore -Wno-comma -Wno-shorten-64-to-32 -Wno-documentation @/Users/karelbraborec/Library/Developer/Xcode/DerivedData/revmeter-hbcnswmlqmbpnlazhhkncgeowiss/Build/Intermediates.noindex/Pods.build/Debug-iphonesimulator/ReactCodegen.build/Objects-normal/arm64/af3fcb34312c57c0f52879cdce924b91-common-args.resp -DFOLLY_MOBILE\=1 -DFOLLY_USE_LIBCPP\=1 -DFOLLY_CFG_NO_COROUTINES\=1 -DFOLLY_HAVE_CLOCK_GETTIME\=1 -Wno-comma -Wno-shorten-64-to-32 -Wno-documentation -Wno-nullability-completeness -std\=c++20 -include /Users/karelbraborec/rev-meter/ios/Pods/Target\ Support\ Files/ReactCodegen/ReactCodegen-prefix.pch -MMD -MT dependencies -MF /Users/karelbraborec/Library/Developer/Xcode/DerivedData/revmeter-hbcnswmlqmbpnlazhhkncgeowiss/Build/Intermediates.noindex/Pods.build/Debug-iphonesimulator/ReactCodegen.build/Objects-normal/arm64/RCTThirdPartyComponentsProvider.d --serialize-diagnostics /Users/karelbraborec/Library/Developer/Xcode/DerivedData/revmeter-hbcnswmlqmbpnlazhhkncgeowiss/Build/Intermediates.noindex/Pods.build/Debug-iphonesimulator/ReactCodegen.build/Objects-normal/arm64/RCTThirdPartyComponentsProvider.dia -c /Users/karelbraborec/rev-meter/ios/build/generated/ios/ReactCodegen/RCTThirdPartyComponentsProvider.mm -o /Users/karelbraborec/Library/Developer/Xcode/DerivedData/revmeter-hbcnswmlqmbpnlazhhkncgeowiss/Build/Intermediates.noindex/Pods.build/Debug-iphonesimulator/ReactCodegen.build/Objects-normal/arm64/RCTThirdPartyComponentsProvider.o -index-unit-output-path /Pods.build/Debug-iphonesimulator/ReactCodegen.build/Objects-normal/arm64/RCTThirdPartyComponentsProvider.o

CompileC /Users/karelbraborec/Library/Developer/Xcode/DerivedData/revmeter-hbcnswmlqmbpnlazhhkncgeowiss/Build/Intermediates.noindex/Pods.build/Debug-iphonesimulator/ReactCodegen.build/Objects-normal/arm64/RCTModulesConformingToProtocolsProvider.o /Users/karelbraborec/rev-meter/ios/build/generated/ios/ReactCodegen/RCTModulesConformingToProtocolsProvider.mm normal arm64 objective-c++ com.apple.compilers.llvm.clang.1_0.compiler (in target 'ReactCodegen' from project 'Pods')
    cd /Users/karelbraborec/rev-meter/ios/Pods
    
    Using response file: /Users/karelbraborec/Library/Developer/Xcode/DerivedData/revmeter-hbcnswmlqmbpnlazhhkncgeowiss/Build/Intermediates.noindex/Pods.build/Debug-iphonesimulator/ReactCodegen.build/Objects-normal/arm64/af3fcb34312c57c0f52879cdce924b91-common-args.resp
    
    /Applications/Xcode.app/Contents/Developer/Toolchains/XcodeDefault.xctoolchain/usr/bin/clang -x objective-c++ -ivfsstatcache /Users/karelbraborec/Library/Developer/Xcode/DerivedData/SDKStatCaches.noindex/iphonesimulator26.5-23F81a-6cfe768891a92b912361537c460fe42b.sdkstatcache -target arm64-apple-ios15.1-simulator -fmessage-length\=0 -fdiagnostics-show-note-include-stack -fmacro-backtrace-limit\=0 -fno-color-diagnostics -fmodules-prune-interval\=86400 -fmodules-prune-after\=345600 -fbuild-session-file\=/Users/karelbraborec/Library/Developer/Xcode/DerivedData/ModuleCache.noindex/Session.modulevalidation -fmodules-validate-once-per-build-session -Wnon-modular-include-in-framework-module -Werror\=non-modular-include-in-framework-module -Wno-trigraphs -Wno-missing-field-initializers -Wno-missing-prototypes -Werror\=return-type -Wdocumentation -Wunreachable-code -Wno-implicit-atomic-properties -Werror\=deprecated-objc-isa-usage -Wno-objc-interface-ivars -Werror\=objc-root-class -Wno-arc-repeated-use-of-weak -Wimplicit-retain-self -Wno-non-virtual-dtor -Wno-overloaded-virtual -Wno-exit-time-destructors -Wduplicate-method-match -Wno-missing-braces -Wparentheses -Wswitch -Wunused-function -Wno-unused-label -Wno-unused-parameter -Wunused-variable -Wunused-value -Wempty-body -Wuninitialized -Wconditional-uninitialized -Wno-unknown-pragmas -Wno-shadow -Wno-four-char-constants -Wno-conversion -Wconstant-conversion -Wint-conversion -Wbool-conversion -Wenum-conversion -Wno-float-conversion -Wnon-literal-null-conversion -Wobjc-literal-conversion -Wshorten-64-to-32 -Wno-newline-eof -Wno-selector -Wno-strict-selector-match -Wundeclared-selector -Wdeprecated-implementations -Wno-c++11-extensions -Wno-implicit-fallthrough -isysroot /Applications/Xcode.app/Contents/Developer/Platforms/iPhoneSimulator.platform/Developer/SDKs/iPhoneSimulator26.5.sdk -fstrict-aliasing -Wprotocol -Wdeprecated-declarations -Winvalid-offsetof -Wno-sign-conversion -Winfinite-recursion -Wmove -Wcomma -Wblock-capture-autoreleasing -Wstrict-prototypes -Wrange-loop-analysis -Wno-semicolon-before-method-body -Wunguarded-availability -index-store-path /Users/karelbraborec/Library/Developer/Xcode/DerivedData/revmeter-hbcnswmlqmbpnlazhhkncgeowiss/Index.noindex/DataStore -Wno-comma -Wno-shorten-64-to-32 -Wno-documentation @/Users/karelbraborec/Library/Developer/Xcode/DerivedData/revmeter-hbcnswmlqmbpnlazhhkncgeowiss/Build/Intermediates.noindex/Pods.build/Debug-iphonesimulator/ReactCodegen.build/Objects-normal/arm64/af3fcb34312c57c0f52879cdce924b91-common-args.resp -DFOLLY_MOBILE\=1 -DFOLLY_USE_LIBCPP\=1 -DFOLLY_CFG_NO_COROUTINES\=1 -DFOLLY_HAVE_CLOCK_GETTIME\=1 -Wno-comma -Wno-shorten-64-to-32 -Wno-documentation -Wno-nullability-completeness -std\=c++20 -include /Users/karelbraborec/rev-meter/ios/Pods/Target\ Support\ Files/ReactCodegen/ReactCodegen-prefix.pch -MMD -MT dependencies -MF /Users/karelbraborec/Library/Developer/Xcode/DerivedData/revmeter-hbcnswmlqmbpnlazhhkncgeowiss/Build/Intermediates.noindex/Pods.build/Debug-iphonesimulator/ReactCodegen.build/Objects-normal/arm64/RCTModulesConformingToProtocolsProvider.d --serialize-diagnostics /Users/karelbraborec/Library/Developer/Xcode/DerivedData/revmeter-hbcnswmlqmbpnlazhhkncgeowiss/Build/Intermediates.noindex/Pods.build/Debug-iphonesimulator/ReactCodegen.build/Objects-normal/arm64/RCTModulesConformingToProtocolsProvider.dia -c /Users/karelbraborec/rev-meter/ios/build/generated/ios/ReactCodegen/RCTModulesConformingToProtocolsProvider.mm -o /Users/karelbraborec/Library/Developer/Xcode/DerivedData/revmeter-hbcnswmlqmbpnlazhhkncgeowiss/Build/Intermediates.noindex/Pods.build/Debug-iphonesimulator/ReactCodegen.build/Objects-normal/arm64/RCTModulesConformingToProtocolsProvider.o -index-unit-output-path /Pods.build/Debug-iphonesimulator/ReactCodegen.build/Objects-normal/arm64/RCTModulesConformingToProtocolsProvider.o

CompileC /Users/karelbraborec/Library/Developer/Xcode/DerivedData/revmeter-hbcnswmlqmbpnlazhhkncgeowiss/Build/Intermediates.noindex/Pods.build/Debug-iphonesimulator/ReactCodegen.build/Objects-normal/arm64/RCTModuleProviders.o /Users/karelbraborec/rev-meter/ios/build/generated/ios/ReactCodegen/RCTModuleProviders.mm normal arm64 objective-c++ com.apple.compilers.llvm.clang.1_0.compiler (in target 'ReactCodegen' from project 'Pods')
    cd /Users/karelbraborec/rev-meter/ios/Pods
    
    Using response file: /Users/karelbraborec/Library/Developer/Xcode/DerivedData/revmeter-hbcnswmlqmbpnlazhhkncgeowiss/Build/Intermediates.noindex/Pods.build/Debug-iphonesimulator/ReactCodegen.build/Objects-normal/arm64/af3fcb34312c57c0f52879cdce924b91-common-args.resp
    
    /Applications/Xcode.app/Contents/Developer/Toolchains/XcodeDefault.xctoolchain/usr/bin/clang -x objective-c++ -ivfsstatcache /Users/karelbraborec/Library/Developer/Xcode/DerivedData/SDKStatCaches.noindex/iphonesimulator26.5-23F81a-6cfe768891a92b912361537c460fe42b.sdkstatcache -target arm64-apple-ios15.1-simulator -fmessage-length\=0 -fdiagnostics-show-note-include-stack -fmacro-backtrace-limit\=0 -fno-color-diagnostics -fmodules-prune-interval\=86400 -fmodules-prune-after\=345600 -fbuild-session-file\=/Users/karelbraborec/Library/Developer/Xcode/DerivedData/ModuleCache.noindex/Session.modulevalidation -fmodules-validate-once-per-build-session -Wnon-modular-include-in-framework-module -Werror\=non-modular-include-in-framework-module -Wno-trigraphs -Wno-missing-field-initializers -Wno-missing-prototypes -Werror\=return-type -Wdocumentation -Wunreachable-code -Wno-implicit-atomic-properties -Werror\=deprecated-objc-isa-usage -Wno-objc-interface-ivars -Werror\=objc-root-class -Wno-arc-repeated-use-of-weak -Wimplicit-retain-self -Wno-non-virtual-dtor -Wno-overloaded-virtual -Wno-exit-time-destructors -Wduplicate-method-match -Wno-missing-braces -Wparentheses -Wswitch -Wunused-function -Wno-unused-label -Wno-unused-parameter -Wunused-variable -Wunused-value -Wempty-body -Wuninitialized -Wconditional-uninitialized -Wno-unknown-pragmas -Wno-shadow -Wno-four-char-constants -Wno-conversion -Wconstant-conversion -Wint-conversion -Wbool-conversion -Wenum-conversion -Wno-float-conversion -Wnon-literal-null-conversion -Wobjc-literal-conversion -Wshorten-64-to-32 -Wno-newline-eof -Wno-selector -Wno-strict-selector-match -Wundeclared-selector -Wdeprecated-implementations -Wno-c++11-extensions -Wno-implicit-fallthrough -isysroot /Applications/Xcode.app/Contents/Developer/Platforms/iPhoneSimulator.platform/Developer/SDKs/iPhoneSimulator26.5.sdk -fstrict-aliasing -Wprotocol -Wdeprecated-declarations -Winvalid-offsetof -Wno-sign-conversion -Winfinite-recursion -Wmove -Wcomma -Wblock-capture-autoreleasing -Wstrict-prototypes -Wrange-loop-analysis -Wno-semicolon-before-method-body -Wunguarded-availability -index-store-path /Users/karelbraborec/Library/Developer/Xcode/DerivedData/revmeter-hbcnswmlqmbpnlazhhkncgeowiss/Index.noindex/DataStore -Wno-comma -Wno-shorten-64-to-32 -Wno-documentation @/Users/karelbraborec/Library/Developer/Xcode/DerivedData/revmeter-hbcnswmlqmbpnlazhhkncgeowiss/Build/Intermediates.noindex/Pods.build/Debug-iphonesimulator/ReactCodegen.build/Objects-normal/arm64/af3fcb34312c57c0f52879cdce924b91-common-args.resp -DFOLLY_MOBILE\=1 -DFOLLY_USE_LIBCPP\=1 -DFOLLY_CFG_NO_COROUTINES\=1 -DFOLLY_HAVE_CLOCK_GETTIME\=1 -Wno-comma -Wno-shorten-64-to-32 -Wno-documentation -Wno-nullability-completeness -std\=c++20 -include /Users/karelbraborec/rev-meter/ios/Pods/Target\ Support\ Files/ReactCodegen/ReactCodegen-prefix.pch -MMD -MT dependencies -MF /Users/karelbraborec/Library/Developer/Xcode/DerivedData/revmeter-hbcnswmlqmbpnlazhhkncgeowiss/Build/Intermediates.noindex/Pods.build/Debug-iphonesimulator/ReactCodegen.build/Objects-normal/arm64/RCTModuleProviders.d --serialize-diagnostics /Users/karelbraborec/Library/Developer/Xcode/DerivedData/revmeter-hbcnswmlqmbpnlazhhkncgeowiss/Build/Intermediates.noindex/Pods.build/Debug-iphonesimulator/ReactCodegen.build/Objects-normal/arm64/RCTModuleProviders.dia -c /Users/karelbraborec/rev-meter/ios/build/generated/ios/ReactCodegen/RCTModuleProviders.mm -o /Users/karelbraborec/Library/Developer/Xcode/DerivedData/revmeter-hbcnswmlqmbpnlazhhkncgeowiss/Build/Intermediates.noindex/Pods.build/Debug-iphonesimulator/ReactCodegen.build/Objects-normal/arm64/RCTModuleProviders.o -index-unit-output-path /Pods.build/Debug-iphonesimulator/ReactCodegen.build/Objects-normal/arm64/RCTModuleProviders.o

CompileC /Users/karelbraborec/Library/Developer/Xcode/DerivedData/revmeter-hbcnswmlqmbpnlazhhkncgeowiss/Build/Intermediates.noindex/Pods.build/Debug-iphonesimulator/ReactCodegen.build/Objects-normal/arm64/Props-fb50ba166735c20cd0b6fe48bb02aa64.o /Users/karelbraborec/rev-meter/ios/build/generated/ios/ReactCodegen/react/renderer/components/RNCSlider/Props.cpp normal arm64 c++ com.apple.compilers.llvm.clang.1_0.compiler (in target 'ReactCodegen' from project 'Pods')
    cd /Users/karelbraborec/rev-meter/ios/Pods
    
    Using response file: /Users/karelbraborec/Library/Developer/Xcode/DerivedData/revmeter-hbcnswmlqmbpnlazhhkncgeowiss/Build/Intermediates.noindex/Pods.build/Debug-iphonesimulator/ReactCodegen.build/Objects-normal/arm64/82b82416624d2658e5098eb0a28c15c5-common-args.resp
    
    /Applications/Xcode.app/Contents/Developer/Toolchains/XcodeDefault.xctoolchain/usr/bin/clang -x c++ -ivfsstatcache /Users/karelbraborec/Library/Developer/Xcode/DerivedData/SDKStatCaches.noindex/iphonesimulator26.5-23F81a-6cfe768891a92b912361537c460fe42b.sdkstatcache -target arm64-apple-ios15.1-simulator -fmessage-length\=0 -fdiagnostics-show-note-include-stack -fmacro-backtrace-limit\=0 -fno-color-diagnostics -fmodules-prune-interval\=86400 -fmodules-prune-after\=345600 -fbuild-session-file\=/Users/karelbraborec/Library/Developer/Xcode/DerivedData/ModuleCache.noindex/Session.modulevalidation -fmodules-validate-once-per-build-session -Wnon-modular-include-in-framework-module -Werror\=non-modular-include-in-framework-module -Wno-trigraphs -Wno-missing-field-initializers -Wno-missing-prototypes -Werror\=return-type -Wdocumentation -Wunreachable-code -Werror\=deprecated-objc-isa-usage -Werror\=objc-root-class -Wno-non-virtual-dtor -Wno-overloaded-virtual -Wno-exit-time-destructors -Wno-missing-braces -Wparentheses -Wswitch -Wunused-function -Wno-unused-label -Wno-unused-parameter -Wunused-variable -Wunused-value -Wempty-body -Wuninitialized -Wconditional-uninitialized -Wno-unknown-pragmas -Wno-shadow -Wno-four-char-constants -Wno-conversion -Wconstant-conversion -Wint-conversion -Wbool-conversion -Wenum-conversion -Wno-float-conversion -Wnon-literal-null-conversion -Wobjc-literal-conversion -Wshorten-64-to-32 -Wno-newline-eof -Wno-c++11-extensions -Wno-implicit-fallthrough -isysroot /Applications/Xcode.app/Contents/Developer/Platforms/iPhoneSimulator.platform/Developer/SDKs/iPhoneSimulator26.5.sdk -fstrict-aliasing -Wdeprecated-declarations -Winvalid-offsetof -Wno-sign-conversion -Winfinite-recursion -Wmove -Wcomma -Wblock-capture-autoreleasing -Wstrict-prototypes -Wrange-loop-analysis -Wno-semicolon-before-method-body -Wunguarded-availability -index-store-path /Users/karelbraborec/Library/Developer/Xcode/DerivedData/revmeter-hbcnswmlqmbpnlazhhkncgeowiss/Index.noindex/DataStore -Wno-comma -Wno-shorten-64-to-32 -Wno-documentation @/Users/karelbraborec/Library/Developer/Xcode/DerivedData/revmeter-hbcnswmlqmbpnlazhhkncgeowiss/Build/Intermediates.noindex/Pods.build/Debug-iphonesimulator/ReactCodegen.build/Objects-normal/arm64/82b82416624d2658e5098eb0a28c15c5-common-args.resp -DFOLLY_MOBILE\=1 -DFOLLY_USE_LIBCPP\=1 -DFOLLY_CFG_NO_COROUTINES\=1 -DFOLLY_HAVE_CLOCK_GETTIME\=1 -Wno-comma -Wno-shorten-64-to-32 -Wno-documentation -Wno-nullability-completeness -std\=c++20 -include /Users/karelbraborec/rev-meter/ios/Pods/Target\ Support\ Files/ReactCodegen/ReactCodegen-prefix.pch -MMD -MT dependencies -MF /Users/karelbraborec/Library/Developer/Xcode/DerivedData/revmeter-hbcnswmlqmbpnlazhhkncgeowiss/Build/Intermediates.noindex/Pods.build/Debug-iphonesimulator/ReactCodegen.build/Objects-normal/arm64/Props-fb50ba166735c20cd0b6fe48bb02aa64.d --serialize-diagnostics /Users/karelbraborec/Library/Developer/Xcode/DerivedData/revmeter-hbcnswmlqmbpnlazhhkncgeowiss/Build/Intermediates.noindex/Pods.build/Debug-iphonesimulator/ReactCodegen.build/Objects-normal/arm64/Props-fb50ba166735c20cd0b6fe48bb02aa64.dia -c /Users/karelbraborec/rev-meter/ios/build/generated/ios/ReactCodegen/react/renderer/components/RNCSlider/Props.cpp -o /Users/karelbraborec/Library/Developer/Xcode/DerivedData/revmeter-hbcnswmlqmbpnlazhhkncgeowiss/Build/Intermediates.noindex/Pods.build/Debug-iphonesimulator/ReactCodegen.build/Objects-normal/arm64/Props-fb50ba166735c20cd0b6fe48bb02aa64.o -index-unit-output-path /Pods.build/Debug-iphonesimulator/ReactCodegen.build/Objects-normal/arm64/Props-fb50ba166735c20cd0b6fe48bb02aa64.o

CompileC /Users/karelbraborec/Library/Developer/Xcode/DerivedData/revmeter-hbcnswmlqmbpnlazhhkncgeowiss/Build/Intermediates.noindex/Pods.build/Debug-iphonesimulator/ReactCodegen.build/Objects-normal/arm64/Props-d098d7f0ee7c82729309197a27cd6cc5.o /Users/karelbraborec/rev-meter/ios/build/generated/ios/ReactCodegen/react/renderer/components/rnscreens/Props.cpp normal arm64 c++ com.apple.compilers.llvm.clang.1_0.compiler (in target 'ReactCodegen' from project 'Pods')
    cd /Users/karelbraborec/rev-meter/ios/Pods
    
    Using response file: /Users/karelbraborec/Library/Developer/Xcode/DerivedData/revmeter-hbcnswmlqmbpnlazhhkncgeowiss/Build/Intermediates.noindex/Pods.build/Debug-iphonesimulator/ReactCodegen.build/Objects-normal/arm64/82b82416624d2658e5098eb0a28c15c5-common-args.resp
    
    /Applications/Xcode.app/Contents/Developer/Toolchains/XcodeDefault.xctoolchain/usr/bin/clang -x c++ -ivfsstatcache /Users/karelbraborec/Library/Developer/Xcode/DerivedData/SDKStatCaches.noindex/iphonesimulator26.5-23F81a-6cfe768891a92b912361537c460fe42b.sdkstatcache -target arm64-apple-ios15.1-simulator -fmessage-length\=0 -fdiagnostics-show-note-include-stack -fmacro-backtrace-limit\=0 -fno-color-diagnostics -fmodules-prune-interval\=86400 -fmodules-prune-after\=345600 -fbuild-session-file\=/Users/karelbraborec/Library/Developer/Xcode/DerivedData/ModuleCache.noindex/Session.modulevalidation -fmodules-validate-once-per-build-session -Wnon-modular-include-in-framework-module -Werror\=non-modular-include-in-framework-module -Wno-trigraphs -Wno-missing-field-initializers -Wno-missing-prototypes -Werror\=return-type -Wdocumentation -Wunreachable-code -Werror\=deprecated-objc-isa-usage -Werror\=objc-root-class -Wno-non-virtual-dtor -Wno-overloaded-virtual -Wno-exit-time-destructors -Wno-missing-braces -Wparentheses -Wswitch -Wunused-function -Wno-unused-label -Wno-unused-parameter -Wunused-variable -Wunused-value -Wempty-body -Wuninitialized -Wconditional-uninitialized -Wno-unknown-pragmas -Wno-shadow -Wno-four-char-constants -Wno-conversion -Wconstant-conversion -Wint-conversion -Wbool-conversion -Wenum-conversion -Wno-float-conversion -Wnon-literal-null-conversion -Wobjc-literal-conversion -Wshorten-64-to-32 -Wno-newline-eof -Wno-c++11-extensions -Wno-implicit-fallthrough -isysroot /Applications/Xcode.app/Contents/Developer/Platforms/iPhoneSimulator.platform/Developer/SDKs/iPhoneSimulator26.5.sdk -fstrict-aliasing -Wdeprecated-declarations -Winvalid-offsetof -Wno-sign-conversion -Winfinite-recursion -Wmove -Wcomma -Wblock-capture-autoreleasing -Wstrict-prototypes -Wrange-loop-analysis -Wno-semicolon-before-method-body -Wunguarded-availability -index-store-path /Users/karelbraborec/Library/Developer/Xcode/DerivedData/revmeter-hbcnswmlqmbpnlazhhkncgeowiss/Index.noindex/DataStore -Wno-comma -Wno-shorten-64-to-32 -Wno-documentation @/Users/karelbraborec/Library/Developer/Xcode/DerivedData/revmeter-hbcnswmlqmbpnlazhhkncgeowiss/Build/Intermediates.noindex/Pods.build/Debug-iphonesimulator/ReactCodegen.build/Objects-normal/arm64/82b82416624d2658e5098eb0a28c15c5-common-args.resp -DFOLLY_MOBILE\=1 -DFOLLY_USE_LIBCPP\=1 -DFOLLY_CFG_NO_COROUTINES\=1 -DFOLLY_HAVE_CLOCK_GETTIME\=1 -Wno-comma -Wno-shorten-64-to-32 -Wno-documentation -Wno-nullability-completeness -std\=c++20 -include /Users/karelbraborec/rev-meter/ios/Pods/Target\ Support\ Files/ReactCodegen/ReactCodegen-prefix.pch -MMD -MT dependencies -MF /Users/karelbraborec/Library/Developer/Xcode/DerivedData/revmeter-hbcnswmlqmbpnlazhhkncgeowiss/Build/Intermediates.noindex/Pods.build/Debug-iphonesimulator/ReactCodegen.build/Objects-normal/arm64/Props-d098d7f0ee7c82729309197a27cd6cc5.d --serialize-diagnostics /Users/karelbraborec/Library/Developer/Xcode/DerivedData/revmeter-hbcnswmlqmbpnlazhhkncgeowiss/Build/Intermediates.noindex/Pods.build/Debug-iphonesimulator/ReactCodegen.build/Objects-normal/arm64/Props-d098d7f0ee7c82729309197a27cd6cc5.dia -c /Users/karelbraborec/rev-meter/ios/build/generated/ios/ReactCodegen/react/renderer/components/rnscreens/Props.cpp -o /Users/karelbraborec/Library/Developer/Xcode/DerivedData/revmeter-hbcnswmlqmbpnlazhhkncgeowiss/Build/Intermediates.noindex/Pods.build/Debug-iphonesimulator/ReactCodegen.build/Objects-normal/arm64/Props-d098d7f0ee7c82729309197a27cd6cc5.o -index-unit-output-path /Pods.build/Debug-iphonesimulator/ReactCodegen.build/Objects-normal/arm64/Props-d098d7f0ee7c82729309197a27cd6cc5.o

CompileC /Users/karelbraborec/Library/Developer/Xcode/DerivedData/revmeter-hbcnswmlqmbpnlazhhkncgeowiss/Build/Intermediates.noindex/Pods.build/Debug-iphonesimulator/ReactCodegen.build/Objects-normal/arm64/Props-90e1acfbcacf06989bcbd7133c5392b8.o /Users/karelbraborec/rev-meter/ios/build/generated/ios/ReactCodegen/react/renderer/components/rngesturehandler_codegen/Props.cpp normal arm64 c++ com.apple.compilers.llvm.clang.1_0.compiler (in target 'ReactCodegen' from project 'Pods')
    cd /Users/karelbraborec/rev-meter/ios/Pods
    
    Using response file: /Users/karelbraborec/Library/Developer/Xcode/DerivedData/revmeter-hbcnswmlqmbpnlazhhkncgeowiss/Build/Intermediates.noindex/Pods.build/Debug-iphonesimulator/ReactCodegen.build/Objects-normal/arm64/82b82416624d2658e5098eb0a28c15c5-common-args.resp
    
    /Applications/Xcode.app/Contents/Developer/Toolchains/XcodeDefault.xctoolchain/usr/bin/clang -x c++ -ivfsstatcache /Users/karelbraborec/Library/Developer/Xcode/DerivedData/SDKStatCaches.noindex/iphonesimulator26.5-23F81a-6cfe768891a92b912361537c460fe42b.sdkstatcache -target arm64-apple-ios15.1-simulator -fmessage-length\=0 -fdiagnostics-show-note-include-stack -fmacro-backtrace-limit\=0 -fno-color-diagnostics -fmodules-prune-interval\=86400 -fmodules-prune-after\=345600 -fbuild-session-file\=/Users/karelbraborec/Library/Developer/Xcode/DerivedData/ModuleCache.noindex/Session.modulevalidation -fmodules-validate-once-per-build-session -Wnon-modular-include-in-framework-module -Werror\=non-modular-include-in-framework-module -Wno-trigraphs -Wno-missing-field-initializers -Wno-missing-prototypes -Werror\=return-type -Wdocumentation -Wunreachable-code -Werror\=deprecated-objc-isa-usage -Werror\=objc-root-class -Wno-non-virtual-dtor -Wno-overloaded-virtual -Wno-exit-time-destructors -Wno-missing-braces -Wparentheses -Wswitch -Wunused-function -Wno-unused-label -Wno-unused-parameter -Wunused-variable -Wunused-value -Wempty-body -Wuninitialized -Wconditional-uninitialized -Wno-unknown-pragmas -Wno-shadow -Wno-four-char-constants -Wno-conversion -Wconstant-conversion -Wint-conversion -Wbool-conversion -Wenum-conversion -Wno-float-conversion -Wnon-literal-null-conversion -Wobjc-literal-conversion -Wshorten-64-to-32 -Wno-newline-eof -Wno-c++11-extensions -Wno-implicit-fallthrough -isysroot /Applications/Xcode.app/Contents/Developer/Platforms/iPhoneSimulator.platform/Developer/SDKs/iPhoneSimulator26.5.sdk -fstrict-aliasing -Wdeprecated-declarations -Winvalid-offsetof -Wno-sign-conversion -Winfinite-recursion -Wmove -Wcomma -Wblock-capture-autoreleasing -Wstrict-prototypes -Wrange-loop-analysis -Wno-semicolon-before-method-body -Wunguarded-availability -index-store-path /Users/karelbraborec/Library/Developer/Xcode/DerivedData/revmeter-hbcnswmlqmbpnlazhhkncgeowiss/Index.noindex/DataStore -Wno-comma -Wno-shorten-64-to-32 -Wno-documentation @/Users/karelbraborec/Library/Developer/Xcode/DerivedData/revmeter-hbcnswmlqmbpnlazhhkncgeowiss/Build/Intermediates.noindex/Pods.build/Debug-iphonesimulator/ReactCodegen.build/Objects-normal/arm64/82b82416624d2658e5098eb0a28c15c5-common-args.resp -DFOLLY_MOBILE\=1 -DFOLLY_USE_LIBCPP\=1 -DFOLLY_CFG_NO_COROUTINES\=1 -DFOLLY_HAVE_CLOCK_GETTIME\=1 -Wno-comma -Wno-shorten-64-to-32 -Wno-documentation -Wno-nullability-completeness -std\=c++20 -include /Users/karelbraborec/rev-meter/ios/Pods/Target\ Support\ Files/ReactCodegen/ReactCodegen-prefix.pch -MMD -MT dependencies -MF /Users/karelbraborec/Library/Developer/Xcode/DerivedData/revmeter-hbcnswmlqmbpnlazhhkncgeowiss/Build/Intermediates.noindex/Pods.build/Debug-iphonesimulator/ReactCodegen.build/Objects-normal/arm64/Props-90e1acfbcacf06989bcbd7133c5392b8.d --serialize-diagnostics /Users/karelbraborec/Library/Developer/Xcode/DerivedData/revmeter-hbcnswmlqmbpnlazhhkncgeowiss/Build/Intermediates.noindex/Pods.build/Debug-iphonesimulator/ReactCodegen.build/Objects-normal/arm64/Props-90e1acfbcacf06989bcbd7133c5392b8.dia -c /Users/karelbraborec/rev-meter/ios/build/generated/ios/ReactCodegen/react/renderer/components/rngesturehandler_codegen/Props.cpp -o /Users/karelbraborec/Library/Developer/Xcode/DerivedData/revmeter-hbcnswmlqmbpnlazhhkncgeowiss/Build/Intermediates.noindex/Pods.build/Debug-iphonesimulator/ReactCodegen.build/Objects-normal/arm64/Props-90e1acfbcacf06989bcbd7133c5392b8.o -index-unit-output-path /Pods.build/Debug-iphonesimulator/ReactCodegen.build/Objects-normal/arm64/Props-90e1acfbcacf06989bcbd7133c5392b8.o

CompileC /Users/karelbraborec/Library/Developer/Xcode/DerivedData/revmeter-hbcnswmlqmbpnlazhhkncgeowiss/Build/Intermediates.noindex/Pods.build/Debug-iphonesimulator/ReactCodegen.build/Objects-normal/arm64/Props-837e7efa1d8d78ca4a7b115bfaa5fb23.o /Users/karelbraborec/rev-meter/ios/build/generated/ios/ReactCodegen/react/renderer/components/rnreanimated/Props.cpp normal arm64 c++ com.apple.compilers.llvm.clang.1_0.compiler (in target 'ReactCodegen' from project 'Pods')
    cd /Users/karelbraborec/rev-meter/ios/Pods
    
    Using response file: /Users/karelbraborec/Library/Developer/Xcode/DerivedData/revmeter-hbcnswmlqmbpnlazhhkncgeowiss/Build/Intermediates.noindex/Pods.build/Debug-iphonesimulator/ReactCodegen.build/Objects-normal/arm64/82b82416624d2658e5098eb0a28c15c5-common-args.resp
    
    /Applications/Xcode.app/Contents/Developer/Toolchains/XcodeDefault.xctoolchain/usr/bin/clang -x c++ -ivfsstatcache /Users/karelbraborec/Library/Developer/Xcode/DerivedData/SDKStatCaches.noindex/iphonesimulator26.5-23F81a-6cfe768891a92b912361537c460fe42b.sdkstatcache -target arm64-apple-ios15.1-simulator -fmessage-length\=0 -fdiagnostics-show-note-include-stack -fmacro-backtrace-limit\=0 -fno-color-diagnostics -fmodules-prune-interval\=86400 -fmodules-prune-after\=345600 -fbuild-session-file\=/Users/karelbraborec/Library/Developer/Xcode/DerivedData/ModuleCache.noindex/Session.modulevalidation -fmodules-validate-once-per-build-session -Wnon-modular-include-in-framework-module -Werror\=non-modular-include-in-framework-module -Wno-trigraphs -Wno-missing-field-initializers -Wno-missing-prototypes -Werror\=return-type -Wdocumentation -Wunreachable-code -Werror\=deprecated-objc-isa-usage -Werror\=objc-root-class -Wno-non-virtual-dtor -Wno-overloaded-virtual -Wno-exit-time-destructors -Wno-missing-braces -Wparentheses -Wswitch -Wunused-function -Wno-unused-label -Wno-unused-parameter -Wunused-variable -Wunused-value -Wempty-body -Wuninitialized -Wconditional-uninitialized -Wno-unknown-pragmas -Wno-shadow -Wno-four-char-constants -Wno-conversion -Wconstant-conversion -Wint-conversion -Wbool-conversion -Wenum-conversion -Wno-float-conversion -Wnon-literal-null-conversion -Wobjc-literal-conversion -Wshorten-64-to-32 -Wno-newline-eof -Wno-c++11-extensions -Wno-implicit-fallthrough -isysroot /Applications/Xcode.app/Contents/Developer/Platforms/iPhoneSimulator.platform/Developer/SDKs/iPhoneSimulator26.5.sdk -fstrict-aliasing -Wdeprecated-declarations -Winvalid-offsetof -Wno-sign-conversion -Winfinite-recursion -Wmove -Wcomma -Wblock-capture-autoreleasing -Wstrict-prototypes -Wrange-loop-analysis -Wno-semicolon-before-method-body -Wunguarded-availability -index-store-path /Users/karelbraborec/Library/Developer/Xcode/DerivedData/revmeter-hbcnswmlqmbpnlazhhkncgeowiss/Index.noindex/DataStore -Wno-comma -Wno-shorten-64-to-32 -Wno-documentation @/Users/karelbraborec/Library/Developer/Xcode/DerivedData/revmeter-hbcnswmlqmbpnlazhhkncgeowiss/Build/Intermediates.noindex/Pods.build/Debug-iphonesimulator/ReactCodegen.build/Objects-normal/arm64/82b82416624d2658e5098eb0a28c15c5-common-args.resp -DFOLLY_MOBILE\=1 -DFOLLY_USE_LIBCPP\=1 -DFOLLY_CFG_NO_COROUTINES\=1 -DFOLLY_HAVE_CLOCK_GETTIME\=1 -Wno-comma -Wno-shorten-64-to-32 -Wno-documentation -Wno-nullability-completeness -std\=c++20 -include /Users/karelbraborec/rev-meter/ios/Pods/Target\ Support\ Files/ReactCodegen/ReactCodegen-prefix.pch -MMD -MT dependencies -MF /Users/karelbraborec/Library/Developer/Xcode/DerivedData/revmeter-hbcnswmlqmbpnlazhhkncgeowiss/Build/Intermediates.noindex/Pods.build/Debug-iphonesimulator/ReactCodegen.build/Objects-normal/arm64/Props-837e7efa1d8d78ca4a7b115bfaa5fb23.d --serialize-diagnostics /Users/karelbraborec/Library/Developer/Xcode/DerivedData/revmeter-hbcnswmlqmbpnlazhhkncgeowiss/Build/Intermediates.noindex/Pods.build/Debug-iphonesimulator/ReactCodegen.build/Objects-normal/arm64/Props-837e7efa1d8d78ca4a7b115bfaa5fb23.dia -c /Users/karelbraborec/rev-meter/ios/build/generated/ios/ReactCodegen/react/renderer/components/rnreanimated/Props.cpp -o /Users/karelbraborec/Library/Developer/Xcode/DerivedData/revmeter-hbcnswmlqmbpnlazhhkncgeowiss/Build/Intermediates.noindex/Pods.build/Debug-iphonesimulator/ReactCodegen.build/Objects-normal/arm64/Props-837e7efa1d8d78ca4a7b115bfaa5fb23.o -index-unit-output-path /Pods.build/Debug-iphonesimulator/ReactCodegen.build/Objects-normal/arm64/Props-837e7efa1d8d78ca4a7b115bfaa5fb23.o

CompileC /Users/karelbraborec/Library/Developer/Xcode/DerivedData/revmeter-hbcnswmlqmbpnlazhhkncgeowiss/Build/Intermediates.noindex/Pods.build/Debug-iphonesimulator/ReactCodegen.build/Objects-normal/arm64/Props-5bf5ecfeb2e6ea933771af23315a288c.o /Users/karelbraborec/rev-meter/ios/build/generated/ios/ReactCodegen/react/renderer/components/safeareacontext/Props.cpp normal arm64 c++ com.apple.compilers.llvm.clang.1_0.compiler (in target 'ReactCodegen' from project 'Pods')
    cd /Users/karelbraborec/rev-meter/ios/Pods
    
    Using response file: /Users/karelbraborec/Library/Developer/Xcode/DerivedData/revmeter-hbcnswmlqmbpnlazhhkncgeowiss/Build/Intermediates.noindex/Pods.build/Debug-iphonesimulator/ReactCodegen.build/Objects-normal/arm64/82b82416624d2658e5098eb0a28c15c5-common-args.resp
    
    /Applications/Xcode.app/Contents/Developer/Toolchains/XcodeDefault.xctoolchain/usr/bin/clang -x c++ -ivfsstatcache /Users/karelbraborec/Library/Developer/Xcode/DerivedData/SDKStatCaches.noindex/iphonesimulator26.5-23F81a-6cfe768891a92b912361537c460fe42b.sdkstatcache -target arm64-apple-ios15.1-simulator -fmessage-length\=0 -fdiagnostics-show-note-include-stack -fmacro-backtrace-limit\=0 -fno-color-diagnostics -fmodules-prune-interval\=86400 -fmodules-prune-after\=345600 -fbuild-session-file\=/Users/karelbraborec/Library/Developer/Xcode/DerivedData/ModuleCache.noindex/Session.modulevalidation -fmodules-validate-once-per-build-session -Wnon-modular-include-in-framework-module -Werror\=non-modular-include-in-framework-module -Wno-trigraphs -Wno-missing-field-initializers -Wno-missing-prototypes -Werror\=return-type -Wdocumentation -Wunreachable-code -Werror\=deprecated-objc-isa-usage -Werror\=objc-root-class -Wno-non-virtual-dtor -Wno-overloaded-virtual -Wno-exit-time-destructors -Wno-missing-braces -Wparentheses -Wswitch -Wunused-function -Wno-unused-label -Wno-unused-parameter -Wunused-variable -Wunused-value -Wempty-body -Wuninitialized -Wconditional-uninitialized -Wno-unknown-pragmas -Wno-shadow -Wno-four-char-constants -Wno-conversion -Wconstant-conversion -Wint-conversion -Wbool-conversion -Wenum-conversion -Wno-float-conversion -Wnon-literal-null-conversion -Wobjc-literal-conversion -Wshorten-64-to-32 -Wno-newline-eof -Wno-c++11-extensions -Wno-implicit-fallthrough -isysroot /Applications/Xcode.app/Contents/Developer/Platforms/iPhoneSimulator.platform/Developer/SDKs/iPhoneSimulator26.5.sdk -fstrict-aliasing -Wdeprecated-declarations -Winvalid-offsetof -Wno-sign-conversion -Winfinite-recursion -Wmove -Wcomma -Wblock-capture-autoreleasing -Wstrict-prototypes -Wrange-loop-analysis -Wno-semicolon-before-method-body -Wunguarded-availability -index-store-path /Users/karelbraborec/Library/Developer/Xcode/DerivedData/revmeter-hbcnswmlqmbpnlazhhkncgeowiss/Index.noindex/DataStore -Wno-comma -Wno-shorten-64-to-32 -Wno-documentation @/Users/karelbraborec/Library/Developer/Xcode/DerivedData/revmeter-hbcnswmlqmbpnlazhhkncgeowiss/Build/Intermediates.noindex/Pods.build/Debug-iphonesimulator/ReactCodegen.build/Objects-normal/arm64/82b82416624d2658e5098eb0a28c15c5-common-args.resp -DFOLLY_MOBILE\=1 -DFOLLY_USE_LIBCPP\=1 -DFOLLY_CFG_NO_COROUTINES\=1 -DFOLLY_HAVE_CLOCK_GETTIME\=1 -Wno-comma -Wno-shorten-64-to-32 -Wno-documentation -Wno-nullability-completeness -std\=c++20 -include /Users/karelbraborec/rev-meter/ios/Pods/Target\ Support\ Files/ReactCodegen/ReactCodegen-prefix.pch -MMD -MT dependencies -MF /Users/karelbraborec/Library/Developer/Xcode/DerivedData/revmeter-hbcnswmlqmbpnlazhhkncgeowiss/Build/Intermediates.noindex/Pods.build/Debug-iphonesimulator/ReactCodegen.build/Objects-normal/arm64/Props-5bf5ecfeb2e6ea933771af23315a288c.d --serialize-diagnostics /Users/karelbraborec/Library/Developer/Xcode/DerivedData/revmeter-hbcnswmlqmbpnlazhhkncgeowiss/Build/Intermediates.noindex/Pods.build/Debug-iphonesimulator/ReactCodegen.build/Objects-normal/arm64/Props-5bf5ecfeb2e6ea933771af23315a288c.dia -c /Users/karelbraborec/rev-meter/ios/build/generated/ios/ReactCodegen/react/renderer/components/safeareacontext/Props.cpp -o /Users/karelbraborec/Library/Developer/Xcode/DerivedData/revmeter-hbcnswmlqmbpnlazhhkncgeowiss/Build/Intermediates.noindex/Pods.build/Debug-iphonesimulator/ReactCodegen.build/Objects-normal/arm64/Props-5bf5ecfeb2e6ea933771af23315a288c.o -index-unit-output-path /Pods.build/Debug-iphonesimulator/ReactCodegen.build/Objects-normal/arm64/Props-5bf5ecfeb2e6ea933771af23315a288c.o

CompileC /Users/karelbraborec/Library/Developer/Xcode/DerivedData/revmeter-hbcnswmlqmbpnlazhhkncgeowiss/Build/Intermediates.noindex/Pods.build/Debug-iphonesimulator/ReactCodegen.build/Objects-normal/arm64/EventEmitters-df7a971a056b5acf43e14c7f6914106c.o /Users/karelbraborec/rev-meter/ios/build/generated/ios/ReactCodegen/react/renderer/components/rnreanimated/EventEmitters.cpp normal arm64 c++ com.apple.compilers.llvm.clang.1_0.compiler (in target 'ReactCodegen' from project 'Pods')
    cd /Users/karelbraborec/rev-meter/ios/Pods
    
    Using response file: /Users/karelbraborec/Library/Developer/Xcode/DerivedData/revmeter-hbcnswmlqmbpnlazhhkncgeowiss/Build/Intermediates.noindex/Pods.build/Debug-iphonesimulator/ReactCodegen.build/Objects-normal/arm64/82b82416624d2658e5098eb0a28c15c5-common-args.resp
    
    /Applications/Xcode.app/Contents/Developer/Toolchains/XcodeDefault.xctoolchain/usr/bin/clang -x c++ -ivfsstatcache /Users/karelbraborec/Library/Developer/Xcode/DerivedData/SDKStatCaches.noindex/iphonesimulator26.5-23F81a-6cfe768891a92b912361537c460fe42b.sdkstatcache -target arm64-apple-ios15.1-simulator -fmessage-length\=0 -fdiagnostics-show-note-include-stack -fmacro-backtrace-limit\=0 -fno-color-diagnostics -fmodules-prune-interval\=86400 -fmodules-prune-after\=345600 -fbuild-session-file\=/Users/karelbraborec/Library/Developer/Xcode/DerivedData/ModuleCache.noindex/Session.modulevalidation -fmodules-validate-once-per-build-session -Wnon-modular-include-in-framework-module -Werror\=non-modular-include-in-framework-module -Wno-trigraphs -Wno-missing-field-initializers -Wno-missing-prototypes -Werror\=return-type -Wdocumentation -Wunreachable-code -Werror\=deprecated-objc-isa-usage -Werror\=objc-root-class -Wno-non-virtual-dtor -Wno-overloaded-virtual -Wno-exit-time-destructors -Wno-missing-braces -Wparentheses -Wswitch -Wunused-function -Wno-unused-label -Wno-unused-parameter -Wunused-variable -Wunused-value -Wempty-body -Wuninitialized -Wconditional-uninitialized -Wno-unknown-pragmas -Wno-shadow -Wno-four-char-constants -Wno-conversion -Wconstant-conversion -Wint-conversion -Wbool-conversion -Wenum-conversion -Wno-float-conversion -Wnon-literal-null-conversion -Wobjc-literal-conversion -Wshorten-64-to-32 -Wno-newline-eof -Wno-c++11-extensions -Wno-implicit-fallthrough -isysroot /Applications/Xcode.app/Contents/Developer/Platforms/iPhoneSimulator.platform/Developer/SDKs/iPhoneSimulator26.5.sdk -fstrict-aliasing -Wdeprecated-declarations -Winvalid-offsetof -Wno-sign-conversion -Winfinite-recursion -Wmove -Wcomma -Wblock-capture-autoreleasing -Wstrict-prototypes -Wrange-loop-analysis -Wno-semicolon-before-method-body -Wunguarded-availability -index-store-path /Users/karelbraborec/Library/Developer/Xcode/DerivedData/revmeter-hbcnswmlqmbpnlazhhkncgeowiss/Index.noindex/DataStore -Wno-comma -Wno-shorten-64-to-32 -Wno-documentation @/Users/karelbraborec/Library/Developer/Xcode/DerivedData/revmeter-hbcnswmlqmbpnlazhhkncgeowiss/Build/Intermediates.noindex/Pods.build/Debug-iphonesimulator/ReactCodegen.build/Objects-normal/arm64/82b82416624d2658e5098eb0a28c15c5-common-args.resp -DFOLLY_MOBILE\=1 -DFOLLY_USE_LIBCPP\=1 -DFOLLY_CFG_NO_COROUTINES\=1 -DFOLLY_HAVE_CLOCK_GETTIME\=1 -Wno-comma -Wno-shorten-64-to-32 -Wno-documentation -Wno-nullability-completeness -std\=c++20 -include /Users/karelbraborec/rev-meter/ios/Pods/Target\ Support\ Files/ReactCodegen/ReactCodegen-prefix.pch -MMD -MT dependencies -MF /Users/karelbraborec/Library/Developer/Xcode/DerivedData/revmeter-hbcnswmlqmbpnlazhhkncgeowiss/Build/Intermediates.noindex/Pods.build/Debug-iphonesimulator/ReactCodegen.build/Objects-normal/arm64/EventEmitters-df7a971a056b5acf43e14c7f6914106c.d --serialize-diagnostics /Users/karelbraborec/Library/Developer/Xcode/DerivedData/revmeter-hbcnswmlqmbpnlazhhkncgeowiss/Build/Intermediates.noindex/Pods.build/Debug-iphonesimulator/ReactCodegen.build/Objects-normal/arm64/EventEmitters-df7a971a056b5acf43e14c7f6914106c.dia -c /Users/karelbraborec/rev-meter/ios/build/generated/ios/ReactCodegen/react/renderer/components/rnreanimated/EventEmitters.cpp -o /Users/karelbraborec/Library/Developer/Xcode/DerivedData/revmeter-hbcnswmlqmbpnlazhhkncgeowiss/Build/Intermediates.noindex/Pods.build/Debug-iphonesimulator/ReactCodegen.build/Objects-normal/arm64/EventEmitters-df7a971a056b5acf43e14c7f6914106c.o -index-unit-output-path /Pods.build/Debug-iphonesimulator/ReactCodegen.build/Objects-normal/arm64/EventEmitters-df7a971a056b5acf43e14c7f6914106c.o

CompileC /Users/karelbraborec/Library/Developer/Xcode/DerivedData/revmeter-hbcnswmlqmbpnlazhhkncgeowiss/Build/Intermediates.noindex/Pods.build/Debug-iphonesimulator/ReactCodegen.build/Objects-normal/arm64/EventEmitters-df5deca7013db83e606268d22b0fa822.o /Users/karelbraborec/rev-meter/ios/build/generated/ios/ReactCodegen/react/renderer/components/RNCSlider/EventEmitters.cpp normal arm64 c++ com.apple.compilers.llvm.clang.1_0.compiler (in target 'ReactCodegen' from project 'Pods')
    cd /Users/karelbraborec/rev-meter/ios/Pods
    
    Using response file: /Users/karelbraborec/Library/Developer/Xcode/DerivedData/revmeter-hbcnswmlqmbpnlazhhkncgeowiss/Build/Intermediates.noindex/Pods.build/Debug-iphonesimulator/ReactCodegen.build/Objects-normal/arm64/82b82416624d2658e5098eb0a28c15c5-common-args.resp
    
    /Applications/Xcode.app/Contents/Developer/Toolchains/XcodeDefault.xctoolchain/usr/bin/clang -x c++ -ivfsstatcache /Users/karelbraborec/Library/Developer/Xcode/DerivedData/SDKStatCaches.noindex/iphonesimulator26.5-23F81a-6cfe768891a92b912361537c460fe42b.sdkstatcache -target arm64-apple-ios15.1-simulator -fmessage-length\=0 -fdiagnostics-show-note-include-stack -fmacro-backtrace-limit\=0 -fno-color-diagnostics -fmodules-prune-interval\=86400 -fmodules-prune-after\=345600 -fbuild-session-file\=/Users/karelbraborec/Library/Developer/Xcode/DerivedData/ModuleCache.noindex/Session.modulevalidation -fmodules-validate-once-per-build-session -Wnon-modular-include-in-framework-module -Werror\=non-modular-include-in-framework-module -Wno-trigraphs -Wno-missing-field-initializers -Wno-missing-prototypes -Werror\=return-type -Wdocumentation -Wunreachable-code -Werror\=deprecated-objc-isa-usage -Werror\=objc-root-class -Wno-non-virtual-dtor -Wno-overloaded-virtual -Wno-exit-time-destructors -Wno-missing-braces -Wparentheses -Wswitch -Wunused-function -Wno-unused-label -Wno-unused-parameter -Wunused-variable -Wunused-value -Wempty-body -Wuninitialized -Wconditional-uninitialized -Wno-unknown-pragmas -Wno-shadow -Wno-four-char-constants -Wno-conversion -Wconstant-conversion -Wint-conversion -Wbool-conversion -Wenum-conversion -Wno-float-conversion -Wnon-literal-null-conversion -Wobjc-literal-conversion -Wshorten-64-to-32 -Wno-newline-eof -Wno-c++11-extensions -Wno-implicit-fallthrough -isysroot /Applications/Xcode.app/Contents/Developer/Platforms/iPhoneSimulator.platform/Developer/SDKs/iPhoneSimulator26.5.sdk -fstrict-aliasing -Wdeprecated-declarations -Winvalid-offsetof -Wno-sign-conversion -Winfinite-recursion -Wmove -Wcomma -Wblock-capture-autoreleasing -Wstrict-prototypes -Wrange-loop-analysis -Wno-semicolon-before-method-body -Wunguarded-availability -index-store-path /Users/karelbraborec/Library/Developer/Xcode/DerivedData/revmeter-hbcnswmlqmbpnlazhhkncgeowiss/Index.noindex/DataStore -Wno-comma -Wno-shorten-64-to-32 -Wno-documentation @/Users/karelbraborec/Library/Developer/Xcode/DerivedData/revmeter-hbcnswmlqmbpnlazhhkncgeowiss/Build/Intermediates.noindex/Pods.build/Debug-iphonesimulator/ReactCodegen.build/Objects-normal/arm64/82b82416624d2658e5098eb0a28c15c5-common-args.resp -DFOLLY_MOBILE\=1 -DFOLLY_USE_LIBCPP\=1 -DFOLLY_CFG_NO_COROUTINES\=1 -DFOLLY_HAVE_CLOCK_GETTIME\=1 -Wno-comma -Wno-shorten-64-to-32 -Wno-documentation -Wno-nullability-completeness -std\=c++20 -include /Users/karelbraborec/rev-meter/ios/Pods/Target\ Support\ Files/ReactCodegen/ReactCodegen-prefix.pch -MMD -MT dependencies -MF /Users/karelbraborec/Library/Developer/Xcode/DerivedData/revmeter-hbcnswmlqmbpnlazhhkncgeowiss/Build/Intermediates.noindex/Pods.build/Debug-iphonesimulator/ReactCodegen.build/Objects-normal/arm64/EventEmitters-df5deca7013db83e606268d22b0fa822.d --serialize-diagnostics /Users/karelbraborec/Library/Developer/Xcode/DerivedData/revmeter-hbcnswmlqmbpnlazhhkncgeowiss/Build/Intermediates.noindex/Pods.build/Debug-iphonesimulator/ReactCodegen.build/Objects-normal/arm64/EventEmitters-df5deca7013db83e606268d22b0fa822.dia -c /Users/karelbraborec/rev-meter/ios/build/generated/ios/ReactCodegen/react/renderer/components/RNCSlider/EventEmitters.cpp -o /Users/karelbraborec/Library/Developer/Xcode/DerivedData/revmeter-hbcnswmlqmbpnlazhhkncgeowiss/Build/Intermediates.noindex/Pods.build/Debug-iphonesimulator/ReactCodegen.build/Objects-normal/arm64/EventEmitters-df5deca7013db83e606268d22b0fa822.o -index-unit-output-path /Pods.build/Debug-iphonesimulator/ReactCodegen.build/Objects-normal/arm64/EventEmitters-df5deca7013db83e606268d22b0fa822.o

CompileC /Users/karelbraborec/Library/Developer/Xcode/DerivedData/revmeter-hbcnswmlqmbpnlazhhkncgeowiss/Build/Intermediates.noindex/Pods.build/Debug-iphonesimulator/ReactCodegen.build/Objects-normal/arm64/EventEmitters-be3a628d2d1d8496e9a36e92b90b7309.o /Users/karelbraborec/rev-meter/ios/build/generated/ios/ReactCodegen/react/renderer/components/safeareacontext/EventEmitters.cpp normal arm64 c++ com.apple.compilers.llvm.clang.1_0.compiler (in target 'ReactCodegen' from project 'Pods')
    cd /Users/karelbraborec/rev-meter/ios/Pods
    
    Using response file: /Users/karelbraborec/Library/Developer/Xcode/DerivedData/revmeter-hbcnswmlqmbpnlazhhkncgeowiss/Build/Intermediates.noindex/Pods.build/Debug-iphonesimulator/ReactCodegen.build/Objects-normal/arm64/82b82416624d2658e5098eb0a28c15c5-common-args.resp
    
    /Applications/Xcode.app/Contents/Developer/Toolchains/XcodeDefault.xctoolchain/usr/bin/clang -x c++ -ivfsstatcache /Users/karelbraborec/Library/Developer/Xcode/DerivedData/SDKStatCaches.noindex/iphonesimulator26.5-23F81a-6cfe768891a92b912361537c460fe42b.sdkstatcache -target arm64-apple-ios15.1-simulator -fmessage-length\=0 -fdiagnostics-show-note-include-stack -fmacro-backtrace-limit\=0 -fno-color-diagnostics -fmodules-prune-interval\=86400 -fmodules-prune-after\=345600 -fbuild-session-file\=/Users/karelbraborec/Library/Developer/Xcode/DerivedData/ModuleCache.noindex/Session.modulevalidation -fmodules-validate-once-per-build-session -Wnon-modular-include-in-framework-module -Werror\=non-modular-include-in-framework-module -Wno-trigraphs -Wno-missing-field-initializers -Wno-missing-prototypes -Werror\=return-type -Wdocumentation -Wunreachable-code -Werror\=deprecated-objc-isa-usage -Werror\=objc-root-class -Wno-non-virtual-dtor -Wno-overloaded-virtual -Wno-exit-time-destructors -Wno-missing-braces -Wparentheses -Wswitch -Wunused-function -Wno-unused-label -Wno-unused-parameter -Wunused-variable -Wunused-value -Wempty-body -Wuninitialized -Wconditional-uninitialized -Wno-unknown-pragmas -Wno-shadow -Wno-four-char-constants -Wno-conversion -Wconstant-conversion -Wint-conversion -Wbool-conversion -Wenum-conversion -Wno-float-conversion -Wnon-literal-null-conversion -Wobjc-literal-conversion -Wshorten-64-to-32 -Wno-newline-eof -Wno-c++11-extensions -Wno-implicit-fallthrough -isysroot /Applications/Xcode.app/Contents/Developer/Platforms/iPhoneSimulator.platform/Developer/SDKs/iPhoneSimulator26.5.sdk -fstrict-aliasing -Wdeprecated-declarations -Winvalid-offsetof -Wno-sign-conversion -Winfinite-recursion -Wmove -Wcomma -Wblock-capture-autoreleasing -Wstrict-prototypes -Wrange-loop-analysis -Wno-semicolon-before-method-body -Wunguarded-availability -index-store-path /Users/karelbraborec/Library/Developer/Xcode/DerivedData/revmeter-hbcnswmlqmbpnlazhhkncgeowiss/Index.noindex/DataStore -Wno-comma -Wno-shorten-64-to-32 -Wno-documentation @/Users/karelbraborec/Library/Developer/Xcode/DerivedData/revmeter-hbcnswmlqmbpnlazhhkncgeowiss/Build/Intermediates.noindex/Pods.build/Debug-iphonesimulator/ReactCodegen.build/Objects-normal/arm64/82b82416624d2658e5098eb0a28c15c5-common-args.resp -DFOLLY_MOBILE\=1 -DFOLLY_USE_LIBCPP\=1 -DFOLLY_CFG_NO_COROUTINES\=1 -DFOLLY_HAVE_CLOCK_GETTIME\=1 -Wno-comma -Wno-shorten-64-to-32 -Wno-documentation -Wno-nullability-completeness -std\=c++20 -include /Users/karelbraborec/rev-meter/ios/Pods/Target\ Support\ Files/ReactCodegen/ReactCodegen-prefix.pch -MMD -MT dependencies -MF /Users/karelbraborec/Library/Developer/Xcode/DerivedData/revmeter-hbcnswmlqmbpnlazhhkncgeowiss/Build/Intermediates.noindex/Pods.build/Debug-iphonesimulator/ReactCodegen.build/Objects-normal/arm64/EventEmitters-be3a628d2d1d8496e9a36e92b90b7309.d --serialize-diagnostics /Users/karelbraborec/Library/Developer/Xcode/DerivedData/revmeter-hbcnswmlqmbpnlazhhkncgeowiss/Build/Intermediates.noindex/Pods.build/Debug-iphonesimulator/ReactCodegen.build/Objects-normal/arm64/EventEmitters-be3a628d2d1d8496e9a36e92b90b7309.dia -c /Users/karelbraborec/rev-meter/ios/build/generated/ios/ReactCodegen/react/renderer/components/safeareacontext/EventEmitters.cpp -o /Users/karelbraborec/Library/Developer/Xcode/DerivedData/revmeter-hbcnswmlqmbpnlazhhkncgeowiss/Build/Intermediates.noindex/Pods.build/Debug-iphonesimulator/ReactCodegen.build/Objects-normal/arm64/EventEmitters-be3a628d2d1d8496e9a36e92b90b7309.o -index-unit-output-path /Pods.build/Debug-iphonesimulator/ReactCodegen.build/Objects-normal/arm64/EventEmitters-be3a628d2d1d8496e9a36e92b90b7309.o

CompileC /Users/karelbraborec/Library/Developer/Xcode/DerivedData/revmeter-hbcnswmlqmbpnlazhhkncgeowiss/Build/Intermediates.noindex/Pods.build/Debug-iphonesimulator/ReactCodegen.build/Objects-normal/arm64/EventEmitters-8848764c79767756c12e578e90cb8fc7.o /Users/karelbraborec/rev-meter/ios/build/generated/ios/ReactCodegen/react/renderer/components/rngesturehandler_codegen/EventEmitters.cpp normal arm64 c++ com.apple.compilers.llvm.clang.1_0.compiler (in target 'ReactCodegen' from project 'Pods')
    cd /Users/karelbraborec/rev-meter/ios/Pods
    
    Using response file: /Users/karelbraborec/Library/Developer/Xcode/DerivedData/revmeter-hbcnswmlqmbpnlazhhkncgeowiss/Build/Intermediates.noindex/Pods.build/Debug-iphonesimulator/ReactCodegen.build/Objects-normal/arm64/82b82416624d2658e5098eb0a28c15c5-common-args.resp
    
    /Applications/Xcode.app/Contents/Developer/Toolchains/XcodeDefault.xctoolchain/usr/bin/clang -x c++ -ivfsstatcache /Users/karelbraborec/Library/Developer/Xcode/DerivedData/SDKStatCaches.noindex/iphonesimulator26.5-23F81a-6cfe768891a92b912361537c460fe42b.sdkstatcache -target arm64-apple-ios15.1-simulator -fmessage-length\=0 -fdiagnostics-show-note-include-stack -fmacro-backtrace-limit\=0 -fno-color-diagnostics -fmodules-prune-interval\=86400 -fmodules-prune-after\=345600 -fbuild-session-file\=/Users/karelbraborec/Library/Developer/Xcode/DerivedData/ModuleCache.noindex/Session.modulevalidation -fmodules-validate-once-per-build-session -Wnon-modular-include-in-framework-module -Werror\=non-modular-include-in-framework-module -Wno-trigraphs -Wno-missing-field-initializers -Wno-missing-prototypes -Werror\=return-type -Wdocumentation -Wunreachable-code -Werror\=deprecated-objc-isa-usage -Werror\=objc-root-class -Wno-non-virtual-dtor -Wno-overloaded-virtual -Wno-exit-time-destructors -Wno-missing-braces -Wparentheses -Wswitch -Wunused-function -Wno-unused-label -Wno-unused-parameter -Wunused-variable -Wunused-value -Wempty-body -Wuninitialized -Wconditional-uninitialized -Wno-unknown-pragmas -Wno-shadow -Wno-four-char-constants -Wno-conversion -Wconstant-conversion -Wint-conversion -Wbool-conversion -Wenum-conversion -Wno-float-conversion -Wnon-literal-null-conversion -Wobjc-literal-conversion -Wshorten-64-to-32 -Wno-newline-eof -Wno-c++11-extensions -Wno-implicit-fallthrough -isysroot /Applications/Xcode.app/Contents/Developer/Platforms/iPhoneSimulator.platform/Developer/SDKs/iPhoneSimulator26.5.sdk -fstrict-aliasing -Wdeprecated-declarations -Winvalid-offsetof -Wno-sign-conversion -Winfinite-recursion -Wmove -Wcomma -Wblock-capture-autoreleasing -Wstrict-prototypes -Wrange-loop-analysis -Wno-semicolon-before-method-body -Wunguarded-availability -index-store-path /Users/karelbraborec/Library/Developer/Xcode/DerivedData/revmeter-hbcnswmlqmbpnlazhhkncgeowiss/Index.noindex/DataStore -Wno-comma -Wno-shorten-64-to-32 -Wno-documentation @/Users/karelbraborec/Library/Developer/Xcode/DerivedData/revmeter-hbcnswmlqmbpnlazhhkncgeowiss/Build/Intermediates.noindex/Pods.build/Debug-iphonesimulator/ReactCodegen.build/Objects-normal/arm64/82b82416624d2658e5098eb0a28c15c5-common-args.resp -DFOLLY_MOBILE\=1 -DFOLLY_USE_LIBCPP\=1 -DFOLLY_CFG_NO_COROUTINES\=1 -DFOLLY_HAVE_CLOCK_GETTIME\=1 -Wno-comma -Wno-shorten-64-to-32 -Wno-documentation -Wno-nullability-completeness -std\=c++20 -include /Users/karelbraborec/rev-meter/ios/Pods/Target\ Support\ Files/ReactCodegen/ReactCodegen-prefix.pch -MMD -MT dependencies -MF /Users/karelbraborec/Library/Developer/Xcode/DerivedData/revmeter-hbcnswmlqmbpnlazhhkncgeowiss/Build/Intermediates.noindex/Pods.build/Debug-iphonesimulator/ReactCodegen.build/Objects-normal/arm64/EventEmitters-8848764c79767756c12e578e90cb8fc7.d --serialize-diagnostics /Users/karelbraborec/Library/Developer/Xcode/DerivedData/revmeter-hbcnswmlqmbpnlazhhkncgeowiss/Build/Intermediates.noindex/Pods.build/Debug-iphonesimulator/ReactCodegen.build/Objects-normal/arm64/EventEmitters-8848764c79767756c12e578e90cb8fc7.dia -c /Users/karelbraborec/rev-meter/ios/build/generated/ios/ReactCodegen/react/renderer/components/rngesturehandler_codegen/EventEmitters.cpp -o /Users/karelbraborec/Library/Developer/Xcode/DerivedData/revmeter-hbcnswmlqmbpnlazhhkncgeowiss/Build/Intermediates.noindex/Pods.build/Debug-iphonesimulator/ReactCodegen.build/Objects-normal/arm64/EventEmitters-8848764c79767756c12e578e90cb8fc7.o -index-unit-output-path /Pods.build/Debug-iphonesimulator/ReactCodegen.build/Objects-normal/arm64/EventEmitters-8848764c79767756c12e578e90cb8fc7.o

CompileC /Users/karelbraborec/Library/Developer/Xcode/DerivedData/revmeter-hbcnswmlqmbpnlazhhkncgeowiss/Build/Intermediates.noindex/Pods.build/Debug-iphonesimulator/ReactCodegen.build/Objects-normal/arm64/EventEmitters-48f31c56e9bc6f5455bd093f6408155c.o /Users/karelbraborec/rev-meter/ios/build/generated/ios/ReactCodegen/react/renderer/components/rnscreens/EventEmitters.cpp normal arm64 c++ com.apple.compilers.llvm.clang.1_0.compiler (in target 'ReactCodegen' from project 'Pods')
    cd /Users/karelbraborec/rev-meter/ios/Pods
    
    Using response file: /Users/karelbraborec/Library/Developer/Xcode/DerivedData/revmeter-hbcnswmlqmbpnlazhhkncgeowiss/Build/Intermediates.noindex/Pods.build/Debug-iphonesimulator/ReactCodegen.build/Objects-normal/arm64/82b82416624d2658e5098eb0a28c15c5-common-args.resp
    
    /Applications/Xcode.app/Contents/Developer/Toolchains/XcodeDefault.xctoolchain/usr/bin/clang -x c++ -ivfsstatcache /Users/karelbraborec/Library/Developer/Xcode/DerivedData/SDKStatCaches.noindex/iphonesimulator26.5-23F81a-6cfe768891a92b912361537c460fe42b.sdkstatcache -target arm64-apple-ios15.1-simulator -fmessage-length\=0 -fdiagnostics-show-note-include-stack -fmacro-backtrace-limit\=0 -fno-color-diagnostics -fmodules-prune-interval\=86400 -fmodules-prune-after\=345600 -fbuild-session-file\=/Users/karelbraborec/Library/Developer/Xcode/DerivedData/ModuleCache.noindex/Session.modulevalidation -fmodules-validate-once-per-build-session -Wnon-modular-include-in-framework-module -Werror\=non-modular-include-in-framework-module -Wno-trigraphs -Wno-missing-field-initializers -Wno-missing-prototypes -Werror\=return-type -Wdocumentation -Wunreachable-code -Werror\=deprecated-objc-isa-usage -Werror\=objc-root-class -Wno-non-virtual-dtor -Wno-overloaded-virtual -Wno-exit-time-destructors -Wno-missing-braces -Wparentheses -Wswitch -Wunused-function -Wno-unused-label -Wno-unused-parameter -Wunused-variable -Wunused-value -Wempty-body -Wuninitialized -Wconditional-uninitialized -Wno-unknown-pragmas -Wno-shadow -Wno-four-char-constants -Wno-conversion -Wconstant-conversion -Wint-conversion -Wbool-conversion -Wenum-conversion -Wno-float-conversion -Wnon-literal-null-conversion -Wobjc-literal-conversion -Wshorten-64-to-32 -Wno-newline-eof -Wno-c++11-extensions -Wno-implicit-fallthrough -isysroot /Applications/Xcode.app/Contents/Developer/Platforms/iPhoneSimulator.platform/Developer/SDKs/iPhoneSimulator26.5.sdk -fstrict-aliasing -Wdeprecated-declarations -Winvalid-offsetof -Wno-sign-conversion -Winfinite-recursion -Wmove -Wcomma -Wblock-capture-autoreleasing -Wstrict-prototypes -Wrange-loop-analysis -Wno-semicolon-before-method-body -Wunguarded-availability -index-store-path /Users/karelbraborec/Library/Developer/Xcode/DerivedData/revmeter-hbcnswmlqmbpnlazhhkncgeowiss/Index.noindex/DataStore -Wno-comma -Wno-shorten-64-to-32 -Wno-documentation @/Users/karelbraborec/Library/Developer/Xcode/DerivedData/revmeter-hbcnswmlqmbpnlazhhkncgeowiss/Build/Intermediates.noindex/Pods.build/Debug-iphonesimulator/ReactCodegen.build/Objects-normal/arm64/82b82416624d2658e5098eb0a28c15c5-common-args.resp -DFOLLY_MOBILE\=1 -DFOLLY_USE_LIBCPP\=1 -DFOLLY_CFG_NO_COROUTINES\=1 -DFOLLY_HAVE_CLOCK_GETTIME\=1 -Wno-comma -Wno-shorten-64-to-32 -Wno-documentation -Wno-nullability-completeness -std\=c++20 -include /Users/karelbraborec/rev-meter/ios/Pods/Target\ Support\ Files/ReactCodegen/ReactCodegen-prefix.pch -MMD -MT dependencies -MF /Users/karelbraborec/Library/Developer/Xcode/DerivedData/revmeter-hbcnswmlqmbpnlazhhkncgeowiss/Build/Intermediates.noindex/Pods.build/Debug-iphonesimulator/ReactCodegen.build/Objects-normal/arm64/EventEmitters-48f31c56e9bc6f5455bd093f6408155c.d --serialize-diagnostics /Users/karelbraborec/Library/Developer/Xcode/DerivedData/revmeter-hbcnswmlqmbpnlazhhkncgeowiss/Build/Intermediates.noindex/Pods.build/Debug-iphonesimulator/ReactCodegen.build/Objects-normal/arm64/EventEmitters-48f31c56e9bc6f5455bd093f6408155c.dia -c /Users/karelbraborec/rev-meter/ios/build/generated/ios/ReactCodegen/react/renderer/components/rnscreens/EventEmitters.cpp -o /Users/karelbraborec/Library/Developer/Xcode/DerivedData/revmeter-hbcnswmlqmbpnlazhhkncgeowiss/Build/Intermediates.noindex/Pods.build/Debug-iphonesimulator/ReactCodegen.build/Objects-normal/arm64/EventEmitters-48f31c56e9bc6f5455bd093f6408155c.o -index-unit-output-path /Pods.build/Debug-iphonesimulator/ReactCodegen.build/Objects-normal/arm64/EventEmitters-48f31c56e9bc6f5455bd093f6408155c.o

CompileC /Users/karelbraborec/Library/Developer/Xcode/DerivedData/revmeter-hbcnswmlqmbpnlazhhkncgeowiss/Build/Intermediates.noindex/Pods.build/Debug-iphonesimulator/ReactCodegen.build/Objects-normal/arm64/ComponentDescriptors-e3c3e8ba4ebcffd2bbf67e30f48f6520.o /Users/karelbraborec/rev-meter/ios/build/generated/ios/ReactCodegen/react/renderer/components/safeareacontext/ComponentDescriptors.cpp normal arm64 c++ com.apple.compilers.llvm.clang.1_0.compiler (in target 'ReactCodegen' from project 'Pods')
    cd /Users/karelbraborec/rev-meter/ios/Pods
    
    Using response file: /Users/karelbraborec/Library/Developer/Xcode/DerivedData/revmeter-hbcnswmlqmbpnlazhhkncgeowiss/Build/Intermediates.noindex/Pods.build/Debug-iphonesimulator/ReactCodegen.build/Objects-normal/arm64/82b82416624d2658e5098eb0a28c15c5-common-args.resp
    
    /Applications/Xcode.app/Contents/Developer/Toolchains/XcodeDefault.xctoolchain/usr/bin/clang -x c++ -ivfsstatcache /Users/karelbraborec/Library/Developer/Xcode/DerivedData/SDKStatCaches.noindex/iphonesimulator26.5-23F81a-6cfe768891a92b912361537c460fe42b.sdkstatcache -target arm64-apple-ios15.1-simulator -fmessage-length\=0 -fdiagnostics-show-note-include-stack -fmacro-backtrace-limit\=0 -fno-color-diagnostics -fmodules-prune-interval\=86400 -fmodules-prune-after\=345600 -fbuild-session-file\=/Users/karelbraborec/Library/Developer/Xcode/DerivedData/ModuleCache.noindex/Session.modulevalidation -fmodules-validate-once-per-build-session -Wnon-modular-include-in-framework-module -Werror\=non-modular-include-in-framework-module -Wno-trigraphs -Wno-missing-field-initializers -Wno-missing-prototypes -Werror\=return-type -Wdocumentation -Wunreachable-code -Werror\=deprecated-objc-isa-usage -Werror\=objc-root-class -Wno-non-virtual-dtor -Wno-overloaded-virtual -Wno-exit-time-destructors -Wno-missing-braces -Wparentheses -Wswitch -Wunused-function -Wno-unused-label -Wno-unused-parameter -Wunused-variable -Wunused-value -Wempty-body -Wuninitialized -Wconditional-uninitialized -Wno-unknown-pragmas -Wno-shadow -Wno-four-char-constants -Wno-conversion -Wconstant-conversion -Wint-conversion -Wbool-conversion -Wenum-conversion -Wno-float-conversion -Wnon-literal-null-conversion -Wobjc-literal-conversion -Wshorten-64-to-32 -Wno-newline-eof -Wno-c++11-extensions -Wno-implicit-fallthrough -isysroot /Applications/Xcode.app/Contents/Developer/Platforms/iPhoneSimulator.platform/Developer/SDKs/iPhoneSimulator26.5.sdk -fstrict-aliasing -Wdeprecated-declarations -Winvalid-offsetof -Wno-sign-conversion -Winfinite-recursion -Wmove -Wcomma -Wblock-capture-autoreleasing -Wstrict-prototypes -Wrange-loop-analysis -Wno-semicolon-before-method-body -Wunguarded-availability -index-store-path /Users/karelbraborec/Library/Developer/Xcode/DerivedData/revmeter-hbcnswmlqmbpnlazhhkncgeowiss/Index.noindex/DataStore -Wno-comma -Wno-shorten-64-to-32 -Wno-documentation @/Users/karelbraborec/Library/Developer/Xcode/DerivedData/revmeter-hbcnswmlqmbpnlazhhkncgeowiss/Build/Intermediates.noindex/Pods.build/Debug-iphonesimulator/ReactCodegen.build/Objects-normal/arm64/82b82416624d2658e5098eb0a28c15c5-common-args.resp -DFOLLY_MOBILE\=1 -DFOLLY_USE_LIBCPP\=1 -DFOLLY_CFG_NO_COROUTINES\=1 -DFOLLY_HAVE_CLOCK_GETTIME\=1 -Wno-comma -Wno-shorten-64-to-32 -Wno-documentation -Wno-nullability-completeness -std\=c++20 -include /Users/karelbraborec/rev-meter/ios/Pods/Target\ Support\ Files/ReactCodegen/ReactCodegen-prefix.pch -MMD -MT dependencies -MF /Users/karelbraborec/Library/Developer/Xcode/DerivedData/revmeter-hbcnswmlqmbpnlazhhkncgeowiss/Build/Intermediates.noindex/Pods.build/Debug-iphonesimulator/ReactCodegen.build/Objects-normal/arm64/ComponentDescriptors-e3c3e8ba4ebcffd2bbf67e30f48f6520.d --serialize-diagnostics /Users/karelbraborec/Library/Developer/Xcode/DerivedData/revmeter-hbcnswmlqmbpnlazhhkncgeowiss/Build/Intermediates.noindex/Pods.build/Debug-iphonesimulator/ReactCodegen.build/Objects-normal/arm64/ComponentDescriptors-e3c3e8ba4ebcffd2bbf67e30f48f6520.dia -c /Users/karelbraborec/rev-meter/ios/build/generated/ios/ReactCodegen/react/renderer/components/safeareacontext/ComponentDescriptors.cpp -o /Users/karelbraborec/Library/Developer/Xcode/DerivedData/revmeter-hbcnswmlqmbpnlazhhkncgeowiss/Build/Intermediates.noindex/Pods.build/Debug-iphonesimulator/ReactCodegen.build/Objects-normal/arm64/ComponentDescriptors-e3c3e8ba4ebcffd2bbf67e30f48f6520.o -index-unit-output-path /Pods.build/Debug-iphonesimulator/ReactCodegen.build/Objects-normal/arm64/ComponentDescriptors-e3c3e8ba4ebcffd2bbf67e30f48f6520.o

CompileC /Users/karelbraborec/Library/Developer/Xcode/DerivedData/revmeter-hbcnswmlqmbpnlazhhkncgeowiss/Build/Intermediates.noindex/Pods.build/Debug-iphonesimulator/ReactCodegen.build/Objects-normal/arm64/ComponentDescriptors-8be601f4434eb73d449dbe726047e3aa.o /Users/karelbraborec/rev-meter/ios/build/generated/ios/ReactCodegen/react/renderer/components/rngesturehandler_codegen/ComponentDescriptors.cpp normal arm64 c++ com.apple.compilers.llvm.clang.1_0.compiler (in target 'ReactCodegen' from project 'Pods')
    cd /Users/karelbraborec/rev-meter/ios/Pods
    
    Using response file: /Users/karelbraborec/Library/Developer/Xcode/DerivedData/revmeter-hbcnswmlqmbpnlazhhkncgeowiss/Build/Intermediates.noindex/Pods.build/Debug-iphonesimulator/ReactCodegen.build/Objects-normal/arm64/82b82416624d2658e5098eb0a28c15c5-common-args.resp
    
    /Applications/Xcode.app/Contents/Developer/Toolchains/XcodeDefault.xctoolchain/usr/bin/clang -x c++ -ivfsstatcache /Users/karelbraborec/Library/Developer/Xcode/DerivedData/SDKStatCaches.noindex/iphonesimulator26.5-23F81a-6cfe768891a92b912361537c460fe42b.sdkstatcache -target arm64-apple-ios15.1-simulator -fmessage-length\=0 -fdiagnostics-show-note-include-stack -fmacro-backtrace-limit\=0 -fno-color-diagnostics -fmodules-prune-interval\=86400 -fmodules-prune-after\=345600 -fbuild-session-file\=/Users/karelbraborec/Library/Developer/Xcode/DerivedData/ModuleCache.noindex/Session.modulevalidation -fmodules-validate-once-per-build-session -Wnon-modular-include-in-framework-module -Werror\=non-modular-include-in-framework-module -Wno-trigraphs -Wno-missing-field-initializers -Wno-missing-prototypes -Werror\=return-type -Wdocumentation -Wunreachable-code -Werror\=deprecated-objc-isa-usage -Werror\=objc-root-class -Wno-non-virtual-dtor -Wno-overloaded-virtual -Wno-exit-time-destructors -Wno-missing-braces -Wparentheses -Wswitch -Wunused-function -Wno-unused-label -Wno-unused-parameter -Wunused-variable -Wunused-value -Wempty-body -Wuninitialized -Wconditional-uninitialized -Wno-unknown-pragmas -Wno-shadow -Wno-four-char-constants -Wno-conversion -Wconstant-conversion -Wint-conversion -Wbool-conversion -Wenum-conversion -Wno-float-conversion -Wnon-literal-null-conversion -Wobjc-literal-conversion -Wshorten-64-to-32 -Wno-newline-eof -Wno-c++11-extensions -Wno-implicit-fallthrough -isysroot /Applications/Xcode.app/Contents/Developer/Platforms/iPhoneSimulator.platform/Developer/SDKs/iPhoneSimulator26.5.sdk -fstrict-aliasing -Wdeprecated-declarations -Winvalid-offsetof -Wno-sign-conversion -Winfinite-recursion -Wmove -Wcomma -Wblock-capture-autoreleasing -Wstrict-prototypes -Wrange-loop-analysis -Wno-semicolon-before-method-body -Wunguarded-availability -index-store-path /Users/karelbraborec/Library/Developer/Xcode/DerivedData/revmeter-hbcnswmlqmbpnlazhhkncgeowiss/Index.noindex/DataStore -Wno-comma -Wno-shorten-64-to-32 -Wno-documentation @/Users/karelbraborec/Library/Developer/Xcode/DerivedData/revmeter-hbcnswmlqmbpnlazhhkncgeowiss/Build/Intermediates.noindex/Pods.build/Debug-iphonesimulator/ReactCodegen.build/Objects-normal/arm64/82b82416624d2658e5098eb0a28c15c5-common-args.resp -DFOLLY_MOBILE\=1 -DFOLLY_USE_LIBCPP\=1 -DFOLLY_CFG_NO_COROUTINES\=1 -DFOLLY_HAVE_CLOCK_GETTIME\=1 -Wno-comma -Wno-shorten-64-to-32 -Wno-documentation -Wno-nullability-completeness -std\=c++20 -include /Users/karelbraborec/rev-meter/ios/Pods/Target\ Support\ Files/ReactCodegen/ReactCodegen-prefix.pch -MMD -MT dependencies -MF /Users/karelbraborec/Library/Developer/Xcode/DerivedData/revmeter-hbcnswmlqmbpnlazhhkncgeowiss/Build/Intermediates.noindex/Pods.build/Debug-iphonesimulator/ReactCodegen.build/Objects-normal/arm64/ComponentDescriptors-8be601f4434eb73d449dbe726047e3aa.d --serialize-diagnostics /Users/karelbraborec/Library/Developer/Xcode/DerivedData/revmeter-hbcnswmlqmbpnlazhhkncgeowiss/Build/Intermediates.noindex/Pods.build/Debug-iphonesimulator/ReactCodegen.build/Objects-normal/arm64/ComponentDescriptors-8be601f4434eb73d449dbe726047e3aa.dia -c /Users/karelbraborec/rev-meter/ios/build/generated/ios/ReactCodegen/react/renderer/components/rngesturehandler_codegen/ComponentDescriptors.cpp -o /Users/karelbraborec/Library/Developer/Xcode/DerivedData/revmeter-hbcnswmlqmbpnlazhhkncgeowiss/Build/Intermediates.noindex/Pods.build/Debug-iphonesimulator/ReactCodegen.build/Objects-normal/arm64/ComponentDescriptors-8be601f4434eb73d449dbe726047e3aa.o -index-unit-output-path /Pods.build/Debug-iphonesimulator/ReactCodegen.build/Objects-normal/arm64/ComponentDescriptors-8be601f4434eb73d449dbe726047e3aa.o

CompileC /Users/karelbraborec/Library/Developer/Xcode/DerivedData/revmeter-hbcnswmlqmbpnlazhhkncgeowiss/Build/Intermediates.noindex/Pods.build/Debug-iphonesimulator/ReactCodegen.build/Objects-normal/arm64/ComponentDescriptors-5998752fc9e8f796edd34f85fd7cff84.o /Users/karelbraborec/rev-meter/ios/build/generated/ios/ReactCodegen/react/renderer/components/rnscreens/ComponentDescriptors.cpp normal arm64 c++ com.apple.compilers.llvm.clang.1_0.compiler (in target 'ReactCodegen' from project 'Pods')
    cd /Users/karelbraborec/rev-meter/ios/Pods
    
    Using response file: /Users/karelbraborec/Library/Developer/Xcode/DerivedData/revmeter-hbcnswmlqmbpnlazhhkncgeowiss/Build/Intermediates.noindex/Pods.build/Debug-iphonesimulator/ReactCodegen.build/Objects-normal/arm64/82b82416624d2658e5098eb0a28c15c5-common-args.resp
    
    /Applications/Xcode.app/Contents/Developer/Toolchains/XcodeDefault.xctoolchain/usr/bin/clang -x c++ -ivfsstatcache /Users/karelbraborec/Library/Developer/Xcode/DerivedData/SDKStatCaches.noindex/iphonesimulator26.5-23F81a-6cfe768891a92b912361537c460fe42b.sdkstatcache -target arm64-apple-ios15.1-simulator -fmessage-length\=0 -fdiagnostics-show-note-include-stack -fmacro-backtrace-limit\=0 -fno-color-diagnostics -fmodules-prune-interval\=86400 -fmodules-prune-after\=345600 -fbuild-session-file\=/Users/karelbraborec/Library/Developer/Xcode/DerivedData/ModuleCache.noindex/Session.modulevalidation -fmodules-validate-once-per-build-session -Wnon-modular-include-in-framework-module -Werror\=non-modular-include-in-framework-module -Wno-trigraphs -Wno-missing-field-initializers -Wno-missing-prototypes -Werror\=return-type -Wdocumentation -Wunreachable-code -Werror\=deprecated-objc-isa-usage -Werror\=objc-root-class -Wno-non-virtual-dtor -Wno-overloaded-virtual -Wno-exit-time-destructors -Wno-missing-braces -Wparentheses -Wswitch -Wunused-function -Wno-unused-label -Wno-unused-parameter -Wunused-variable -Wunused-value -Wempty-body -Wuninitialized -Wconditional-uninitialized -Wno-unknown-pragmas -Wno-shadow -Wno-four-char-constants -Wno-conversion -Wconstant-conversion -Wint-conversion -Wbool-conversion -Wenum-conversion -Wno-float-conversion -Wnon-literal-null-conversion -Wobjc-literal-conversion -Wshorten-64-to-32 -Wno-newline-eof -Wno-c++11-extensions -Wno-implicit-fallthrough -isysroot /Applications/Xcode.app/Contents/Developer/Platforms/iPhoneSimulator.platform/Developer/SDKs/iPhoneSimulator26.5.sdk -fstrict-aliasing -Wdeprecated-declarations -Winvalid-offsetof -Wno-sign-conversion -Winfinite-recursion -Wmove -Wcomma -Wblock-capture-autoreleasing -Wstrict-prototypes -Wrange-loop-analysis -Wno-semicolon-before-method-body -Wunguarded-availability -index-store-path /Users/karelbraborec/Library/Developer/Xcode/DerivedData/revmeter-hbcnswmlqmbpnlazhhkncgeowiss/Index.noindex/DataStore -Wno-comma -Wno-shorten-64-to-32 -Wno-documentation @/Users/karelbraborec/Library/Developer/Xcode/DerivedData/revmeter-hbcnswmlqmbpnlazhhkncgeowiss/Build/Intermediates.noindex/Pods.build/Debug-iphonesimulator/ReactCodegen.build/Objects-normal/arm64/82b82416624d2658e5098eb0a28c15c5-common-args.resp -DFOLLY_MOBILE\=1 -DFOLLY_USE_LIBCPP\=1 -DFOLLY_CFG_NO_COROUTINES\=1 -DFOLLY_HAVE_CLOCK_GETTIME\=1 -Wno-comma -Wno-shorten-64-to-32 -Wno-documentation -Wno-nullability-completeness -std\=c++20 -include /Users/karelbraborec/rev-meter/ios/Pods/Target\ Support\ Files/ReactCodegen/ReactCodegen-prefix.pch -MMD -MT dependencies -MF /Users/karelbraborec/Library/Developer/Xcode/DerivedData/revmeter-hbcnswmlqmbpnlazhhkncgeowiss/Build/Intermediates.noindex/Pods.build/Debug-iphonesimulator/ReactCodegen.build/Objects-normal/arm64/ComponentDescriptors-5998752fc9e8f796edd34f85fd7cff84.d --serialize-diagnostics /Users/karelbraborec/Library/Developer/Xcode/DerivedData/revmeter-hbcnswmlqmbpnlazhhkncgeowiss/Build/Intermediates.noindex/Pods.build/Debug-iphonesimulator/ReactCodegen.build/Objects-normal/arm64/ComponentDescriptors-5998752fc9e8f796edd34f85fd7cff84.dia -c /Users/karelbraborec/rev-meter/ios/build/generated/ios/ReactCodegen/react/renderer/components/rnscreens/ComponentDescriptors.cpp -o /Users/karelbraborec/Library/Developer/Xcode/DerivedData/revmeter-hbcnswmlqmbpnlazhhkncgeowiss/Build/Intermediates.noindex/Pods.build/Debug-iphonesimulator/ReactCodegen.build/Objects-normal/arm64/ComponentDescriptors-5998752fc9e8f796edd34f85fd7cff84.o -index-unit-output-path /Pods.build/Debug-iphonesimulator/ReactCodegen.build/Objects-normal/arm64/ComponentDescriptors-5998752fc9e8f796edd34f85fd7cff84.o

CompileC /Users/karelbraborec/Library/Developer/Xcode/DerivedData/revmeter-hbcnswmlqmbpnlazhhkncgeowiss/Build/Intermediates.noindex/Pods.build/Debug-iphonesimulator/ReactCodegen.build/Objects-normal/arm64/ComponentDescriptors-529aaf8e4f4b254374eaaa84ed229856.o /Users/karelbraborec/rev-meter/ios/build/generated/ios/ReactCodegen/react/renderer/components/rnreanimated/ComponentDescriptors.cpp normal arm64 c++ com.apple.compilers.llvm.clang.1_0.compiler (in target 'ReactCodegen' from project 'Pods')
    cd /Users/karelbraborec/rev-meter/ios/Pods
    
    Using response file: /Users/karelbraborec/Library/Developer/Xcode/DerivedData/revmeter-hbcnswmlqmbpnlazhhkncgeowiss/Build/Intermediates.noindex/Pods.build/Debug-iphonesimulator/ReactCodegen.build/Objects-normal/arm64/82b82416624d2658e5098eb0a28c15c5-common-args.resp
    
    /Applications/Xcode.app/Contents/Developer/Toolchains/XcodeDefault.xctoolchain/usr/bin/clang -x c++ -ivfsstatcache /Users/karelbraborec/Library/Developer/Xcode/DerivedData/SDKStatCaches.noindex/iphonesimulator26.5-23F81a-6cfe768891a92b912361537c460fe42b.sdkstatcache -target arm64-apple-ios15.1-simulator -fmessage-length\=0 -fdiagnostics-show-note-include-stack -fmacro-backtrace-limit\=0 -fno-color-diagnostics -fmodules-prune-interval\=86400 -fmodules-prune-after\=345600 -fbuild-session-file\=/Users/karelbraborec/Library/Developer/Xcode/DerivedData/ModuleCache.noindex/Session.modulevalidation -fmodules-validate-once-per-build-session -Wnon-modular-include-in-framework-module -Werror\=non-modular-include-in-framework-module -Wno-trigraphs -Wno-missing-field-initializers -Wno-missing-prototypes -Werror\=return-type -Wdocumentation -Wunreachable-code -Werror\=deprecated-objc-isa-usage -Werror\=objc-root-class -Wno-non-virtual-dtor -Wno-overloaded-virtual -Wno-exit-time-destructors -Wno-missing-braces -Wparentheses -Wswitch -Wunused-function -Wno-unused-label -Wno-unused-parameter -Wunused-variable -Wunused-value -Wempty-body -Wuninitialized -Wconditional-uninitialized -Wno-unknown-pragmas -Wno-shadow -Wno-four-char-constants -Wno-conversion -Wconstant-conversion -Wint-conversion -Wbool-conversion -Wenum-conversion -Wno-float-conversion -Wnon-literal-null-conversion -Wobjc-literal-conversion -Wshorten-64-to-32 -Wno-newline-eof -Wno-c++11-extensions -Wno-implicit-fallthrough -isysroot /Applications/Xcode.app/Contents/Developer/Platforms/iPhoneSimulator.platform/Developer/SDKs/iPhoneSimulator26.5.sdk -fstrict-aliasing -Wdeprecated-declarations -Winvalid-offsetof -Wno-sign-conversion -Winfinite-recursion -Wmove -Wcomma -Wblock-capture-autoreleasing -Wstrict-prototypes -Wrange-loop-analysis -Wno-semicolon-before-method-body -Wunguarded-availability -index-store-path /Users/karelbraborec/Library/Developer/Xcode/DerivedData/revmeter-hbcnswmlqmbpnlazhhkncgeowiss/Index.noindex/DataStore -Wno-comma -Wno-shorten-64-to-32 -Wno-documentation @/Users/karelbraborec/Library/Developer/Xcode/DerivedData/revmeter-hbcnswmlqmbpnlazhhkncgeowiss/Build/Intermediates.noindex/Pods.build/Debug-iphonesimulator/ReactCodegen.build/Objects-normal/arm64/82b82416624d2658e5098eb0a28c15c5-common-args.resp -DFOLLY_MOBILE\=1 -DFOLLY_USE_LIBCPP\=1 -DFOLLY_CFG_NO_COROUTINES\=1 -DFOLLY_HAVE_CLOCK_GETTIME\=1 -Wno-comma -Wno-shorten-64-to-32 -Wno-documentation -Wno-nullability-completeness -std\=c++20 -include /Users/karelbraborec/rev-meter/ios/Pods/Target\ Support\ Files/ReactCodegen/ReactCodegen-prefix.pch -MMD -MT dependencies -MF /Users/karelbraborec/Library/Developer/Xcode/DerivedData/revmeter-hbcnswmlqmbpnlazhhkncgeowiss/Build/Intermediates.noindex/Pods.build/Debug-iphonesimulator/ReactCodegen.build/Objects-normal/arm64/ComponentDescriptors-529aaf8e4f4b254374eaaa84ed229856.d --serialize-diagnostics /Users/karelbraborec/Library/Developer/Xcode/DerivedData/revmeter-hbcnswmlqmbpnlazhhkncgeowiss/Build/Intermediates.noindex/Pods.build/Debug-iphonesimulator/ReactCodegen.build/Objects-normal/arm64/ComponentDescriptors-529aaf8e4f4b254374eaaa84ed229856.dia -c /Users/karelbraborec/rev-meter/ios/build/generated/ios/ReactCodegen/react/renderer/components/rnreanimated/ComponentDescriptors.cpp -o /Users/karelbraborec/Library/Developer/Xcode/DerivedData/revmeter-hbcnswmlqmbpnlazhhkncgeowiss/Build/Intermediates.noindex/Pods.build/Debug-iphonesimulator/ReactCodegen.build/Objects-normal/arm64/ComponentDescriptors-529aaf8e4f4b254374eaaa84ed229856.o -index-unit-output-path /Pods.build/Debug-iphonesimulator/ReactCodegen.build/Objects-normal/arm64/ComponentDescriptors-529aaf8e4f4b254374eaaa84ed229856.o

CompileC /Users/karelbraborec/Library/Developer/Xcode/DerivedData/revmeter-hbcnswmlqmbpnlazhhkncgeowiss/Build/Intermediates.noindex/Pods.build/Debug-iphonesimulator/ReactCodegen.build/Objects-normal/arm64/ComponentDescriptors-4805b69227a0f6f04856826788865665.o /Users/karelbraborec/rev-meter/ios/build/generated/ios/ReactCodegen/react/renderer/components/RNCSlider/ComponentDescriptors.cpp normal arm64 c++ com.apple.compilers.llvm.clang.1_0.compiler (in target 'ReactCodegen' from project 'Pods')
    cd /Users/karelbraborec/rev-meter/ios/Pods
    
    Using response file: /Users/karelbraborec/Library/Developer/Xcode/DerivedData/revmeter-hbcnswmlqmbpnlazhhkncgeowiss/Build/Intermediates.noindex/Pods.build/Debug-iphonesimulator/ReactCodegen.build/Objects-normal/arm64/82b82416624d2658e5098eb0a28c15c5-common-args.resp
    
    /Applications/Xcode.app/Contents/Developer/Toolchains/XcodeDefault.xctoolchain/usr/bin/clang -x c++ -ivfsstatcache /Users/karelbraborec/Library/Developer/Xcode/DerivedData/SDKStatCaches.noindex/iphonesimulator26.5-23F81a-6cfe768891a92b912361537c460fe42b.sdkstatcache -target arm64-apple-ios15.1-simulator -fmessage-length\=0 -fdiagnostics-show-note-include-stack -fmacro-backtrace-limit\=0 -fno-color-diagnostics -fmodules-prune-interval\=86400 -fmodules-prune-after\=345600 -fbuild-session-file\=/Users/karelbraborec/Library/Developer/Xcode/DerivedData/ModuleCache.noindex/Session.modulevalidation -fmodules-validate-once-per-build-session -Wnon-modular-include-in-framework-module -Werror\=non-modular-include-in-framework-module -Wno-trigraphs -Wno-missing-field-initializers -Wno-missing-prototypes -Werror\=return-type -Wdocumentation -Wunreachable-code -Werror\=deprecated-objc-isa-usage -Werror\=objc-root-class -Wno-non-virtual-dtor -Wno-overloaded-virtual -Wno-exit-time-destructors -Wno-missing-braces -Wparentheses -Wswitch -Wunused-function -Wno-unused-label -Wno-unused-parameter -Wunused-variable -Wunused-value -Wempty-body -Wuninitialized -Wconditional-uninitialized -Wno-unknown-pragmas -Wno-shadow -Wno-four-char-constants -Wno-conversion -Wconstant-conversion -Wint-conversion -Wbool-conversion -Wenum-conversion -Wno-float-conversion -Wnon-literal-null-conversion -Wobjc-literal-conversion -Wshorten-64-to-32 -Wno-newline-eof -Wno-c++11-extensions -Wno-implicit-fallthrough -isysroot /Applications/Xcode.app/Contents/Developer/Platforms/iPhoneSimulator.platform/Developer/SDKs/iPhoneSimulator26.5.sdk -fstrict-aliasing -Wdeprecated-declarations -Winvalid-offsetof -Wno-sign-conversion -Winfinite-recursion -Wmove -Wcomma -Wblock-capture-autoreleasing -Wstrict-prototypes -Wrange-loop-analysis -Wno-semicolon-before-method-body -Wunguarded-availability -index-store-path /Users/karelbraborec/Library/Developer/Xcode/DerivedData/revmeter-hbcnswmlqmbpnlazhhkncgeowiss/Index.noindex/DataStore -Wno-comma -Wno-shorten-64-to-32 -Wno-documentation @/Users/karelbraborec/Library/Developer/Xcode/DerivedData/revmeter-hbcnswmlqmbpnlazhhkncgeowiss/Build/Intermediates.noindex/Pods.build/Debug-iphonesimulator/ReactCodegen.build/Objects-normal/arm64/82b82416624d2658e5098eb0a28c15c5-common-args.resp -DFOLLY_MOBILE\=1 -DFOLLY_USE_LIBCPP\=1 -DFOLLY_CFG_NO_COROUTINES\=1 -DFOLLY_HAVE_CLOCK_GETTIME\=1 -Wno-comma -Wno-shorten-64-to-32 -Wno-documentation -Wno-nullability-completeness -std\=c++20 -include /Users/karelbraborec/rev-meter/ios/Pods/Target\ Support\ Files/ReactCodegen/ReactCodegen-prefix.pch -MMD -MT dependencies -MF /Users/karelbraborec/Library/Developer/Xcode/DerivedData/revmeter-hbcnswmlqmbpnlazhhkncgeowiss/Build/Intermediates.noindex/Pods.build/Debug-iphonesimulator/ReactCodegen.build/Objects-normal/arm64/ComponentDescriptors-4805b69227a0f6f04856826788865665.d --serialize-diagnostics /Users/karelbraborec/Library/Developer/Xcode/DerivedData/revmeter-hbcnswmlqmbpnlazhhkncgeowiss/Build/Intermediates.noindex/Pods.build/Debug-iphonesimulator/ReactCodegen.build/Objects-normal/arm64/ComponentDescriptors-4805b69227a0f6f04856826788865665.dia -c /Users/karelbraborec/rev-meter/ios/build/generated/ios/ReactCodegen/react/renderer/components/RNCSlider/ComponentDescriptors.cpp -o /Users/karelbraborec/Library/Developer/Xcode/DerivedData/revmeter-hbcnswmlqmbpnlazhhkncgeowiss/Build/Intermediates.noindex/Pods.build/Debug-iphonesimulator/ReactCodegen.build/Objects-normal/arm64/ComponentDescriptors-4805b69227a0f6f04856826788865665.o -index-unit-output-path /Pods.build/Debug-iphonesimulator/ReactCodegen.build/Objects-normal/arm64/ComponentDescriptors-4805b69227a0f6f04856826788865665.o

PrecompileModule /Users/karelbraborec/Library/Developer/Xcode/DerivedData/revmeter-hbcnswmlqmbpnlazhhkncgeowiss/Build/Intermediates.noindex/ExplicitPrecompiledModules/CoreVideo-6OXHPDJD21DH2UV4RODL7A5MA.scan
    cd /
    builtin-precompileModule /Users/karelbraborec/Library/Developer/Xcode/DerivedData/revmeter-hbcnswmlqmbpnlazhhkncgeowiss/Build/Intermediates.noindex/ExplicitPrecompiledModules/CoreVideo-6OXHPDJD21DH2UV4RODL7A5MA.scan

PrecompileModule /Users/karelbraborec/Library/Developer/Xcode/DerivedData/revmeter-hbcnswmlqmbpnlazhhkncgeowiss/Build/Intermediates.noindex/ExplicitPrecompiledModules/CoreVideo-BX0959YSZQ1IFDNVIBKPMW5YT.scan
    cd /
    builtin-precompileModule /Users/karelbraborec/Library/Developer/Xcode/DerivedData/revmeter-hbcnswmlqmbpnlazhhkncgeowiss/Build/Intermediates.noindex/ExplicitPrecompiledModules/CoreVideo-BX0959YSZQ1IFDNVIBKPMW5YT.scan

PrecompileModule /Users/karelbraborec/Library/Developer/Xcode/DerivedData/revmeter-hbcnswmlqmbpnlazhhkncgeowiss/Build/Intermediates.noindex/ExplicitPrecompiledModules/CoreImage-CN97URLX64MEDLKSAO9SG54JB.scan
    cd /
    builtin-precompileModule /Users/karelbraborec/Library/Developer/Xcode/DerivedData/revmeter-hbcnswmlqmbpnlazhhkncgeowiss/Build/Intermediates.noindex/ExplicitPrecompiledModules/CoreImage-CN97URLX64MEDLKSAO9SG54JB.scan

PrecompileModule /Users/karelbraborec/Library/Developer/Xcode/DerivedData/revmeter-hbcnswmlqmbpnlazhhkncgeowiss/Build/Intermediates.noindex/ExplicitPrecompiledModules/QuartzCore-2UKMH9C24BY8REFO4BKLF8QK3.scan
    cd /
    builtin-precompileModule /Users/karelbraborec/Library/Developer/Xcode/DerivedData/revmeter-hbcnswmlqmbpnlazhhkncgeowiss/Build/Intermediates.noindex/ExplicitPrecompiledModules/QuartzCore-2UKMH9C24BY8REFO4BKLF8QK3.scan

PrecompileModule /Users/karelbraborec/Library/Developer/Xcode/DerivedData/revmeter-hbcnswmlqmbpnlazhhkncgeowiss/Build/Intermediates.noindex/ExplicitPrecompiledModules/CoreImage-6PSQA0BIQZ511CQDSUXZFW3MH.scan
    cd /
    builtin-precompileModule /Users/karelbraborec/Library/Developer/Xcode/DerivedData/revmeter-hbcnswmlqmbpnlazhhkncgeowiss/Build/Intermediates.noindex/ExplicitPrecompiledModules/CoreImage-6PSQA0BIQZ511CQDSUXZFW3MH.scan

PrecompileModule /Users/karelbraborec/Library/Developer/Xcode/DerivedData/revmeter-hbcnswmlqmbpnlazhhkncgeowiss/Build/Intermediates.noindex/ExplicitPrecompiledModules/QuartzCore-9TRT7ILO8SPEE3JEXA92OWJ5U.scan
    cd /
    builtin-precompileModule /Users/karelbraborec/Library/Developer/Xcode/DerivedData/revmeter-hbcnswmlqmbpnlazhhkncgeowiss/Build/Intermediates.noindex/ExplicitPrecompiledModules/QuartzCore-9TRT7ILO8SPEE3JEXA92OWJ5U.scan

PrecompileModule /Users/karelbraborec/Library/Developer/Xcode/DerivedData/revmeter-hbcnswmlqmbpnlazhhkncgeowiss/Build/Intermediates.noindex/ExplicitPrecompiledModules/UIKit-19SJ30TTY2KKXHHEXSATBG7R1.scan
    cd /
    builtin-precompileModule /Users/karelbraborec/Library/Developer/Xcode/DerivedData/revmeter-hbcnswmlqmbpnlazhhkncgeowiss/Build/Intermediates.noindex/ExplicitPrecompiledModules/UIKit-19SJ30TTY2KKXHHEXSATBG7R1.scan

PrecompileModule /Users/karelbraborec/Library/Developer/Xcode/DerivedData/revmeter-hbcnswmlqmbpnlazhhkncgeowiss/Build/Intermediates.noindex/ExplicitPrecompiledModules/UIKit-70BL72HKCEW12HKTQZ0K1YEHU.scan
    cd /
    builtin-precompileModule /Users/karelbraborec/Library/Developer/Xcode/DerivedData/revmeter-hbcnswmlqmbpnlazhhkncgeowiss/Build/Intermediates.noindex/ExplicitPrecompiledModules/UIKit-70BL72HKCEW12HKTQZ0K1YEHU.scan

ScanDependencies /Users/karelbraborec/Library/Developer/Xcode/DerivedData/revmeter-hbcnswmlqmbpnlazhhkncgeowiss/Build/Intermediates.noindex/Pods.build/Debug-iphonesimulator/ReactCodegen.build/Objects-normal/x86_64/ReactCodegen-dummy.o /Users/karelbraborec/rev-meter/ios/Pods/Target\ Support\ Files/ReactCodegen/ReactCodegen-dummy.m normal x86_64 objective-c com.apple.compilers.llvm.clang.1_0.compiler (in target 'ReactCodegen' from project 'Pods')
    cd /Users/karelbraborec/rev-meter/ios/Pods
    
    Using response file: /Users/karelbraborec/Library/Developer/Xcode/DerivedData/revmeter-hbcnswmlqmbpnlazhhkncgeowiss/Build/Intermediates.noindex/Pods.build/Debug-iphonesimulator/ReactCodegen.build/Objects-normal/x86_64/e6072d4f65d7061329687fe24e3d63a7-common-args.resp
    
    builtin-ScanDependencies -o /Users/karelbraborec/Library/Developer/Xcode/DerivedData/revmeter-hbcnswmlqmbpnlazhhkncgeowiss/Build/Intermediates.noindex/Pods.build/Debug-iphonesimulator/ReactCodegen.build/Objects-normal/x86_64/ReactCodegen-dummy.o.scan -- /Applications/Xcode.app/Contents/Developer/Toolchains/XcodeDefault.xctoolchain/usr/bin/clang -x objective-c -ivfsstatcache /Users/karelbraborec/Library/Developer/Xcode/DerivedData/SDKStatCaches.noindex/iphonesimulator26.5-23F81a-6cfe768891a92b912361537c460fe42b.sdkstatcache -target x86_64-apple-ios15.1-simulator -fmessage-length\=0 -fdiagnostics-show-note-include-stack -fmacro-backtrace-limit\=0 -fno-color-diagnostics -fmodules-prune-interval\=86400 -fmodules-prune-after\=345600 -fbuild-session-file\=/Users/karelbraborec/Library/Developer/Xcode/DerivedData/ModuleCache.noindex/Session.modulevalidation -fmodules-validate-once-per-build-session -Wnon-modular-include-in-framework-module -Werror\=non-modular-include-in-framework-module -Wno-trigraphs -Wno-missing-field-initializers -Wno-missing-prototypes -Werror\=return-type -Wdocumentation -Wunreachable-code -Wno-implicit-atomic-properties -Werror\=deprecated-objc-isa-usage -Wno-objc-interface-ivars -Werror\=objc-root-class -Wno-arc-repeated-use-of-weak -Wimplicit-retain-self -Wduplicate-method-match -Wno-missing-braces -Wparentheses -Wswitch -Wunused-function -Wno-unused-label -Wno-unused-parameter -Wunused-variable -Wunused-value -Wempty-body -Wuninitialized -Wconditional-uninitialized -Wno-unknown-pragmas -Wno-shadow -Wno-four-char-constants -Wno-conversion -Wconstant-conversion -Wint-conversion -Wbool-conversion -Wenum-conversion -Wno-float-conversion -Wnon-literal-null-conversion -Wobjc-literal-conversion -Wshorten-64-to-32 -Wpointer-sign -Wno-newline-eof -Wno-selector -Wno-strict-selector-match -Wundeclared-selector -Wdeprecated-implementations -Wno-implicit-fallthrough -isysroot /Applications/Xcode.app/Contents/Developer/Platforms/iPhoneSimulator.platform/Developer/SDKs/iPhoneSimulator26.5.sdk -fstrict-aliasing -Wprotocol -Wdeprecated-declarations -Wno-sign-conversion -Winfinite-recursion -Wcomma -Wblock-capture-autoreleasing -Wstrict-prototypes -Wno-semicolon-before-method-body -Wunguarded-availability -index-store-path /Users/karelbraborec/Library/Developer/Xcode/DerivedData/revmeter-hbcnswmlqmbpnlazhhkncgeowiss/Index.noindex/DataStore @/Users/karelbraborec/Library/Developer/Xcode/DerivedData/revmeter-hbcnswmlqmbpnlazhhkncgeowiss/Build/Intermediates.noindex/Pods.build/Debug-iphonesimulator/ReactCodegen.build/Objects-normal/x86_64/e6072d4f65d7061329687fe24e3d63a7-common-args.resp -include /Users/karelbraborec/rev-meter/ios/Pods/Target\ Support\ Files/ReactCodegen/ReactCodegen-prefix.pch -MMD -MT dependencies -MF /Users/karelbraborec/Library/Developer/Xcode/DerivedData/revmeter-hbcnswmlqmbpnlazhhkncgeowiss/Build/Intermediates.noindex/Pods.build/Debug-iphonesimulator/ReactCodegen.build/Objects-normal/x86_64/ReactCodegen-dummy.d --serialize-diagnostics /Users/karelbraborec/Library/Developer/Xcode/DerivedData/revmeter-hbcnswmlqmbpnlazhhkncgeowiss/Build/Intermediates.noindex/Pods.build/Debug-iphonesimulator/ReactCodegen.build/Objects-normal/x86_64/ReactCodegen-dummy.dia -c /Users/karelbraborec/rev-meter/ios/Pods/Target\ Support\ Files/ReactCodegen/ReactCodegen-dummy.m -o /Users/karelbraborec/Library/Developer/Xcode/DerivedData/revmeter-hbcnswmlqmbpnlazhhkncgeowiss/Build/Intermediates.noindex/Pods.build/Debug-iphonesimulator/ReactCodegen.build/Objects-normal/x86_64/ReactCodegen-dummy.o -index-unit-output-path /Pods.build/Debug-iphonesimulator/ReactCodegen.build/Objects-normal/x86_64/ReactCodegen-dummy.o

ScanDependencies /Users/karelbraborec/Library/Developer/Xcode/DerivedData/revmeter-hbcnswmlqmbpnlazhhkncgeowiss/Build/Intermediates.noindex/Pods.build/Debug-iphonesimulator/ReactCodegen.build/Objects-normal/arm64/ReactCodegen-dummy.o /Users/karelbraborec/rev-meter/ios/Pods/Target\ Support\ Files/ReactCodegen/ReactCodegen-dummy.m normal arm64 objective-c com.apple.compilers.llvm.clang.1_0.compiler (in target 'ReactCodegen' from project 'Pods')
    cd /Users/karelbraborec/rev-meter/ios/Pods
    
    Using response file: /Users/karelbraborec/Library/Developer/Xcode/DerivedData/revmeter-hbcnswmlqmbpnlazhhkncgeowiss/Build/Intermediates.noindex/Pods.build/Debug-iphonesimulator/ReactCodegen.build/Objects-normal/arm64/e6072d4f65d7061329687fe24e3d63a7-common-args.resp
    
    builtin-ScanDependencies -o /Users/karelbraborec/Library/Developer/Xcode/DerivedData/revmeter-hbcnswmlqmbpnlazhhkncgeowiss/Build/Intermediates.noindex/Pods.build/Debug-iphonesimulator/ReactCodegen.build/Objects-normal/arm64/ReactCodegen-dummy.o.scan -- /Applications/Xcode.app/Contents/Developer/Toolchains/XcodeDefault.xctoolchain/usr/bin/clang -x objective-c -ivfsstatcache /Users/karelbraborec/Library/Developer/Xcode/DerivedData/SDKStatCaches.noindex/iphonesimulator26.5-23F81a-6cfe768891a92b912361537c460fe42b.sdkstatcache -target arm64-apple-ios15.1-simulator -fmessage-length\=0 -fdiagnostics-show-note-include-stack -fmacro-backtrace-limit\=0 -fno-color-diagnostics -fmodules-prune-interval\=86400 -fmodules-prune-after\=345600 -fbuild-session-file\=/Users/karelbraborec/Library/Developer/Xcode/DerivedData/ModuleCache.noindex/Session.modulevalidation -fmodules-validate-once-per-build-session -Wnon-modular-include-in-framework-module -Werror\=non-modular-include-in-framework-module -Wno-trigraphs -Wno-missing-field-initializers -Wno-missing-prototypes -Werror\=return-type -Wdocumentation -Wunreachable-code -Wno-implicit-atomic-properties -Werror\=deprecated-objc-isa-usage -Wno-objc-interface-ivars -Werror\=objc-root-class -Wno-arc-repeated-use-of-weak -Wimplicit-retain-self -Wduplicate-method-match -Wno-missing-braces -Wparentheses -Wswitch -Wunused-function -Wno-unused-label -Wno-unused-parameter -Wunused-variable -Wunused-value -Wempty-body -Wuninitialized -Wconditional-uninitialized -Wno-unknown-pragmas -Wno-shadow -Wno-four-char-constants -Wno-conversion -Wconstant-conversion -Wint-conversion -Wbool-conversion -Wenum-conversion -Wno-float-conversion -Wnon-literal-null-conversion -Wobjc-literal-conversion -Wshorten-64-to-32 -Wpointer-sign -Wno-newline-eof -Wno-selector -Wno-strict-selector-match -Wundeclared-selector -Wdeprecated-implementations -Wno-implicit-fallthrough -isysroot /Applications/Xcode.app/Contents/Developer/Platforms/iPhoneSimulator.platform/Developer/SDKs/iPhoneSimulator26.5.sdk -fstrict-aliasing -Wprotocol -Wdeprecated-declarations -Wno-sign-conversion -Winfinite-recursion -Wcomma -Wblock-capture-autoreleasing -Wstrict-prototypes -Wno-semicolon-before-method-body -Wunguarded-availability -index-store-path /Users/karelbraborec/Library/Developer/Xcode/DerivedData/revmeter-hbcnswmlqmbpnlazhhkncgeowiss/Index.noindex/DataStore @/Users/karelbraborec/Library/Developer/Xcode/DerivedData/revmeter-hbcnswmlqmbpnlazhhkncgeowiss/Build/Intermediates.noindex/Pods.build/Debug-iphonesimulator/ReactCodegen.build/Objects-normal/arm64/e6072d4f65d7061329687fe24e3d63a7-common-args.resp -include /Users/karelbraborec/rev-meter/ios/Pods/Target\ Support\ Files/ReactCodegen/ReactCodegen-prefix.pch -MMD -MT dependencies -MF /Users/karelbraborec/Library/Developer/Xcode/DerivedData/revmeter-hbcnswmlqmbpnlazhhkncgeowiss/Build/Intermediates.noindex/Pods.build/Debug-iphonesimulator/ReactCodegen.build/Objects-normal/arm64/ReactCodegen-dummy.d --serialize-diagnostics /Users/karelbraborec/Library/Developer/Xcode/DerivedData/revmeter-hbcnswmlqmbpnlazhhkncgeowiss/Build/Intermediates.noindex/Pods.build/Debug-iphonesimulator/ReactCodegen.build/Objects-normal/arm64/ReactCodegen-dummy.dia -c /Users/karelbraborec/rev-meter/ios/Pods/Target\ Support\ Files/ReactCodegen/ReactCodegen-dummy.m -o /Users/karelbraborec/Library/Developer/Xcode/DerivedData/revmeter-hbcnswmlqmbpnlazhhkncgeowiss/Build/Intermediates.noindex/Pods.build/Debug-iphonesimulator/ReactCodegen.build/Objects-normal/arm64/ReactCodegen-dummy.o -index-unit-output-path /Pods.build/Debug-iphonesimulator/ReactCodegen.build/Objects-normal/arm64/ReactCodegen-dummy.o

PrecompileModule /Users/karelbraborec/Library/Developer/Xcode/DerivedData/revmeter-hbcnswmlqmbpnlazhhkncgeowiss/Build/Intermediates.noindex/ExplicitPrecompiledModules/ptrauth-EPTEP4F4J7NAP6ZEX45OA21CL.scan
    cd /
    builtin-precompileModule /Users/karelbraborec/Library/Developer/Xcode/DerivedData/revmeter-hbcnswmlqmbpnlazhhkncgeowiss/Build/Intermediates.noindex/ExplicitPrecompiledModules/ptrauth-EPTEP4F4J7NAP6ZEX45OA21CL.scan

PrecompileModule /Users/karelbraborec/Library/Developer/Xcode/DerivedData/revmeter-hbcnswmlqmbpnlazhhkncgeowiss/Build/Intermediates.noindex/ExplicitPrecompiledModules/_Builtin_stddef-8PG3N5XCRO1S0HG6ZT0K6753W.scan
    cd /
    builtin-precompileModule /Users/karelbraborec/Library/Developer/Xcode/DerivedData/revmeter-hbcnswmlqmbpnlazhhkncgeowiss/Build/Intermediates.noindex/ExplicitPrecompiledModules/_Builtin_stddef-8PG3N5XCRO1S0HG6ZT0K6753W.scan

PrecompileModule /Users/karelbraborec/Library/Developer/Xcode/DerivedData/revmeter-hbcnswmlqmbpnlazhhkncgeowiss/Build/Intermediates.noindex/ExplicitPrecompiledModules/_Builtin_stdbool-9V3UDA7EC5T788222DDVLQTH6.scan
    cd /
    builtin-precompileModule /Users/karelbraborec/Library/Developer/Xcode/DerivedData/revmeter-hbcnswmlqmbpnlazhhkncgeowiss/Build/Intermediates.noindex/ExplicitPrecompiledModules/_Builtin_stdbool-9V3UDA7EC5T788222DDVLQTH6.scan

PrecompileModule /Users/karelbraborec/Library/Developer/Xcode/DerivedData/revmeter-hbcnswmlqmbpnlazhhkncgeowiss/Build/Intermediates.noindex/ExplicitPrecompiledModules/_Builtin_stdarg-77EV6O8E9Q34KZSQZY5NFVDYZ.scan
    cd /
    builtin-precompileModule /Users/karelbraborec/Library/Developer/Xcode/DerivedData/revmeter-hbcnswmlqmbpnlazhhkncgeowiss/Build/Intermediates.noindex/ExplicitPrecompiledModules/_Builtin_stdarg-77EV6O8E9Q34KZSQZY5NFVDYZ.scan

PrecompileModule /Users/karelbraborec/Library/Developer/Xcode/DerivedData/revmeter-hbcnswmlqmbpnlazhhkncgeowiss/Build/Intermediates.noindex/ExplicitPrecompiledModules/_Builtin_stddef-2EMZ0MSWN4A400HHA26PBT0Y9.scan
    cd /
    builtin-precompileModule /Users/karelbraborec/Library/Developer/Xcode/DerivedData/revmeter-hbcnswmlqmbpnlazhhkncgeowiss/Build/Intermediates.noindex/ExplicitPrecompiledModules/_Builtin_stddef-2EMZ0MSWN4A400HHA26PBT0Y9.scan

PrecompileModule /Users/karelbraborec/Library/Developer/Xcode/DerivedData/revmeter-hbcnswmlqmbpnlazhhkncgeowiss/Build/Intermediates.noindex/ExplicitPrecompiledModules/ptrauth-15QJKCA8DGH4A15LHGJFMXM6B.scan
    cd /
    builtin-precompileModule /Users/karelbraborec/Library/Developer/Xcode/DerivedData/revmeter-hbcnswmlqmbpnlazhhkncgeowiss/Build/Intermediates.noindex/ExplicitPrecompiledModules/ptrauth-15QJKCA8DGH4A15LHGJFMXM6B.scan

PrecompileModule /Users/karelbraborec/Library/Developer/Xcode/DerivedData/revmeter-hbcnswmlqmbpnlazhhkncgeowiss/Build/Intermediates.noindex/ExplicitPrecompiledModules/_AvailabilityInternal-4HSR3N4QTDR5N6P16JTDD2AE0.scan
    cd /
    builtin-precompileModule /Users/karelbraborec/Library/Developer/Xcode/DerivedData/revmeter-hbcnswmlqmbpnlazhhkncgeowiss/Build/Intermediates.noindex/ExplicitPrecompiledModules/_AvailabilityInternal-4HSR3N4QTDR5N6P16JTDD2AE0.scan

PrecompileModule /Users/karelbraborec/Library/Developer/Xcode/DerivedData/revmeter-hbcnswmlqmbpnlazhhkncgeowiss/Build/Intermediates.noindex/ExplicitPrecompiledModules/_Builtin_float-BNBMOOA01YJYVBO0TRE1H3L9Q.scan
    cd /
    builtin-precompileModule /Users/karelbraborec/Library/Developer/Xcode/DerivedData/revmeter-hbcnswmlqmbpnlazhhkncgeowiss/Build/Intermediates.noindex/ExplicitPrecompiledModules/_Builtin_float-BNBMOOA01YJYVBO0TRE1H3L9Q.scan

PrecompileModule /Users/karelbraborec/Library/Developer/Xcode/DerivedData/revmeter-hbcnswmlqmbpnlazhhkncgeowiss/Build/Intermediates.noindex/ExplicitPrecompiledModules/ptrcheck-9FHE9VB34YGSJEHBT6O6Q9FYK.scan
    cd /
    builtin-precompileModule /Users/karelbraborec/Library/Developer/Xcode/DerivedData/revmeter-hbcnswmlqmbpnlazhhkncgeowiss/Build/Intermediates.noindex/ExplicitPrecompiledModules/ptrcheck-9FHE9VB34YGSJEHBT6O6Q9FYK.scan

PrecompileModule /Users/karelbraborec/Library/Developer/Xcode/DerivedData/revmeter-hbcnswmlqmbpnlazhhkncgeowiss/Build/Intermediates.noindex/ExplicitPrecompiledModules/_Builtin_float-6W5K6WCBWE4XUDHYI3Q0YXNMS.scan
    cd /
    builtin-precompileModule /Users/karelbraborec/Library/Developer/Xcode/DerivedData/revmeter-hbcnswmlqmbpnlazhhkncgeowiss/Build/Intermediates.noindex/ExplicitPrecompiledModules/_Builtin_float-6W5K6WCBWE4XUDHYI3Q0YXNMS.scan

PrecompileModule /Users/karelbraborec/Library/Developer/Xcode/DerivedData/revmeter-hbcnswmlqmbpnlazhhkncgeowiss/Build/Intermediates.noindex/ExplicitPrecompiledModules/ptrcheck-DECH0B6LG3A2CU111MMASRCD2.scan
    cd /
    builtin-precompileModule /Users/karelbraborec/Library/Developer/Xcode/DerivedData/revmeter-hbcnswmlqmbpnlazhhkncgeowiss/Build/Intermediates.noindex/ExplicitPrecompiledModules/ptrcheck-DECH0B6LG3A2CU111MMASRCD2.scan

PrecompileModule /Users/karelbraborec/Library/Developer/Xcode/DerivedData/revmeter-hbcnswmlqmbpnlazhhkncgeowiss/Build/Intermediates.noindex/ExplicitPrecompiledModules/_DarwinFoundation1-2RX47GG403X3AR70P6EEGTDOQ.scan
    cd /
    builtin-precompileModule /Users/karelbraborec/Library/Developer/Xcode/DerivedData/revmeter-hbcnswmlqmbpnlazhhkncgeowiss/Build/Intermediates.noindex/ExplicitPrecompiledModules/_DarwinFoundation1-2RX47GG403X3AR70P6EEGTDOQ.scan

PrecompileModule /Users/karelbraborec/Library/Developer/Xcode/DerivedData/revmeter-hbcnswmlqmbpnlazhhkncgeowiss/Build/Intermediates.noindex/ExplicitPrecompiledModules/_Builtin_stdbool-4FDJNAE499E3E5BAC28D77UI8.scan
    cd /
    builtin-precompileModule /Users/karelbraborec/Library/Developer/Xcode/DerivedData/revmeter-hbcnswmlqmbpnlazhhkncgeowiss/Build/Intermediates.noindex/ExplicitPrecompiledModules/_Builtin_stdbool-4FDJNAE499E3E5BAC28D77UI8.scan

PrecompileModule /Users/karelbraborec/Library/Developer/Xcode/DerivedData/revmeter-hbcnswmlqmbpnlazhhkncgeowiss/Build/Intermediates.noindex/ExplicitPrecompiledModules/_AvailabilityInternal-3R2MEAJPQHJ95FJVFOGM0VHIV.scan
    cd /
    builtin-precompileModule /Users/karelbraborec/Library/Developer/Xcode/DerivedData/revmeter-hbcnswmlqmbpnlazhhkncgeowiss/Build/Intermediates.noindex/ExplicitPrecompiledModules/_AvailabilityInternal-3R2MEAJPQHJ95FJVFOGM0VHIV.scan

PrecompileModule /Users/karelbraborec/Library/Developer/Xcode/DerivedData/revmeter-hbcnswmlqmbpnlazhhkncgeowiss/Build/Intermediates.noindex/ExplicitPrecompiledModules/_Builtin_stdarg-76PHC9IKMVA9BUBO64O47TBED.scan
    cd /
    builtin-precompileModule /Users/karelbraborec/Library/Developer/Xcode/DerivedData/revmeter-hbcnswmlqmbpnlazhhkncgeowiss/Build/Intermediates.noindex/ExplicitPrecompiledModules/_Builtin_stdarg-76PHC9IKMVA9BUBO64O47TBED.scan

PrecompileModule /Users/karelbraborec/Library/Developer/Xcode/DerivedData/revmeter-hbcnswmlqmbpnlazhhkncgeowiss/Build/Intermediates.noindex/ExplicitPrecompiledModules/_Builtin_limits-7JNAMSRVUVHBZ7XNAIGMF3BER.scan
    cd /
    builtin-precompileModule /Users/karelbraborec/Library/Developer/Xcode/DerivedData/revmeter-hbcnswmlqmbpnlazhhkncgeowiss/Build/Intermediates.noindex/ExplicitPrecompiledModules/_Builtin_limits-7JNAMSRVUVHBZ7XNAIGMF3BER.scan

PrecompileModule /Users/karelbraborec/Library/Developer/Xcode/DerivedData/revmeter-hbcnswmlqmbpnlazhhkncgeowiss/Build/Intermediates.noindex/ExplicitPrecompiledModules/_DarwinFoundation2-8JVBG8KFBKCZQRJC0PVSZURSV.scan
    cd /
    builtin-precompileModule /Users/karelbraborec/Library/Developer/Xcode/DerivedData/revmeter-hbcnswmlqmbpnlazhhkncgeowiss/Build/Intermediates.noindex/ExplicitPrecompiledModules/_DarwinFoundation2-8JVBG8KFBKCZQRJC0PVSZURSV.scan

PrecompileModule /Users/karelbraborec/Library/Developer/Xcode/DerivedData/revmeter-hbcnswmlqmbpnlazhhkncgeowiss/Build/Intermediates.noindex/ExplicitPrecompiledModules/_DarwinFoundation1-6NU4EU0AAEKUL2PZEXR54FLK8.scan
    cd /
    builtin-precompileModule /Users/karelbraborec/Library/Developer/Xcode/DerivedData/revmeter-hbcnswmlqmbpnlazhhkncgeowiss/Build/Intermediates.noindex/ExplicitPrecompiledModules/_DarwinFoundation1-6NU4EU0AAEKUL2PZEXR54FLK8.scan

CompileC /Users/karelbraborec/Library/Developer/Xcode/DerivedData/revmeter-hbcnswmlqmbpnlazhhkncgeowiss/Build/Intermediates.noindex/Pods.build/Debug-iphonesimulator/ExpoLogBox.build/Objects-normal/arm64/ExpoLogBox-dummy.o /Users/karelbraborec/rev-meter/ios/Pods/Target\ Support\ Files/ExpoLogBox/ExpoLogBox-dummy.m normal arm64 objective-c com.apple.compilers.llvm.clang.1_0.compiler (in target 'ExpoLogBox' from project 'Pods')
    cd /Users/karelbraborec/rev-meter/ios/Pods
    
    Using response file: /Users/karelbraborec/Library/Developer/Xcode/DerivedData/revmeter-hbcnswmlqmbpnlazhhkncgeowiss/Build/Intermediates.noindex/Pods.build/Debug-iphonesimulator/ExpoLogBox.build/Objects-normal/arm64/e6072d4f65d7061329687fe24e3d63a7-common-args.resp
    
    /Applications/Xcode.app/Contents/Developer/Toolchains/XcodeDefault.xctoolchain/usr/bin/clang -x objective-c -ivfsstatcache /Users/karelbraborec/Library/Developer/Xcode/DerivedData/SDKStatCaches.noindex/iphonesimulator26.5-23F81a-6cfe768891a92b912361537c460fe42b.sdkstatcache -target arm64-apple-ios16.4-simulator -fmessage-length\=0 -fdiagnostics-show-note-include-stack -fmacro-backtrace-limit\=0 -fno-color-diagnostics -fmodules-prune-interval\=86400 -fmodules-prune-after\=345600 -fbuild-session-file\=/Users/karelbraborec/Library/Developer/Xcode/DerivedData/ModuleCache.noindex/Session.modulevalidation -fmodules-validate-once-per-build-session -Wnon-modular-include-in-framework-module -Werror\=non-modular-include-in-framework-module -Wno-trigraphs -Wno-missing-field-initializers -Wno-missing-prototypes -Werror\=return-type -Wdocumentation -Wunreachable-code -Wno-implicit-atomic-properties -Werror\=deprecated-objc-isa-usage -Wno-objc-interface-ivars -Werror\=objc-root-class -Wno-arc-repeated-use-of-weak -Wimplicit-retain-self -Wduplicate-method-match -Wno-missing-braces -Wparentheses -Wswitch -Wunused-function -Wno-unused-label -Wno-unused-parameter -Wunused-variable -Wunused-value -Wempty-body -Wuninitialized -Wconditional-uninitialized -Wno-unknown-pragmas -Wno-shadow -Wno-four-char-constants -Wno-conversion -Wconstant-conversion -Wint-conversion -Wbool-conversion -Wenum-conversion -Wno-float-conversion -Wnon-literal-null-conversion -Wobjc-literal-conversion -Wshorten-64-to-32 -Wpointer-sign -Wno-newline-eof -Wno-selector -Wno-strict-selector-match -Wundeclared-selector -Wdeprecated-implementations -Wno-implicit-fallthrough -isysroot /Applications/Xcode.app/Contents/Developer/Platforms/iPhoneSimulator.platform/Developer/SDKs/iPhoneSimulator26.5.sdk -fstrict-aliasing -Wprotocol -Wdeprecated-declarations -Wno-sign-conversion -Winfinite-recursion -Wcomma -Wblock-capture-autoreleasing -Wstrict-prototypes -Wno-semicolon-before-method-body -Wunguarded-availability -index-store-path /Users/karelbraborec/Library/Developer/Xcode/DerivedData/revmeter-hbcnswmlqmbpnlazhhkncgeowiss/Index.noindex/DataStore @/Users/karelbraborec/Library/Developer/Xcode/DerivedData/revmeter-hbcnswmlqmbpnlazhhkncgeowiss/Build/Intermediates.noindex/Pods.build/Debug-iphonesimulator/ExpoLogBox.build/Objects-normal/arm64/e6072d4f65d7061329687fe24e3d63a7-common-args.resp -include /Users/karelbraborec/rev-meter/ios/Pods/Target\ Support\ Files/ExpoLogBox/ExpoLogBox-prefix.pch -MMD -MT dependencies -MF /Users/karelbraborec/Library/Developer/Xcode/DerivedData/revmeter-hbcnswmlqmbpnlazhhkncgeowiss/Build/Intermediates.noindex/Pods.build/Debug-iphonesimulator/ExpoLogBox.build/Objects-normal/arm64/ExpoLogBox-dummy.d --serialize-diagnostics /Users/karelbraborec/Library/Developer/Xcode/DerivedData/revmeter-hbcnswmlqmbpnlazhhkncgeowiss/Build/Intermediates.noindex/Pods.build/Debug-iphonesimulator/ExpoLogBox.build/Objects-normal/arm64/ExpoLogBox-dummy.dia -c /Users/karelbraborec/rev-meter/ios/Pods/Target\ Support\ Files/ExpoLogBox/ExpoLogBox-dummy.m -o /Users/karelbraborec/Library/Developer/Xcode/DerivedData/revmeter-hbcnswmlqmbpnlazhhkncgeowiss/Build/Intermediates.noindex/Pods.build/Debug-iphonesimulator/ExpoLogBox.build/Objects-normal/arm64/ExpoLogBox-dummy.o -index-unit-output-path /Pods.build/Debug-iphonesimulator/ExpoLogBox.build/Objects-normal/arm64/ExpoLogBox-dummy.o

PrecompileModule /Users/karelbraborec/Library/Developer/Xcode/DerivedData/revmeter-hbcnswmlqmbpnlazhhkncgeowiss/Build/Intermediates.noindex/ExplicitPrecompiledModules/_DarwinFoundation2-E2H0L3XI551WI5LJCE2V6749.scan
    cd /
    builtin-precompileModule /Users/karelbraborec/Library/Developer/Xcode/DerivedData/revmeter-hbcnswmlqmbpnlazhhkncgeowiss/Build/Intermediates.noindex/ExplicitPrecompiledModules/_DarwinFoundation2-E2H0L3XI551WI5LJCE2V6749.scan

PrecompileModule /Users/karelbraborec/Library/Developer/Xcode/DerivedData/revmeter-hbcnswmlqmbpnlazhhkncgeowiss/Build/Intermediates.noindex/ExplicitPrecompiledModules/_Builtin_limits-2QSZNPQRJAUA43LGTL8D8IRBT.scan
    cd /
    builtin-precompileModule /Users/karelbraborec/Library/Developer/Xcode/DerivedData/revmeter-hbcnswmlqmbpnlazhhkncgeowiss/Build/Intermediates.noindex/ExplicitPrecompiledModules/_Builtin_limits-2QSZNPQRJAUA43LGTL8D8IRBT.scan

PrecompileModule /Users/karelbraborec/Library/Developer/Xcode/DerivedData/revmeter-hbcnswmlqmbpnlazhhkncgeowiss/Build/Intermediates.noindex/ExplicitPrecompiledModules/_Builtin_stdint-DBQOOBCPLVGJK3DHNL28P616G.scan
    cd /
    builtin-precompileModule /Users/karelbraborec/Library/Developer/Xcode/DerivedData/revmeter-hbcnswmlqmbpnlazhhkncgeowiss/Build/Intermediates.noindex/ExplicitPrecompiledModules/_Builtin_stdint-DBQOOBCPLVGJK3DHNL28P616G.scan

CompileC /Users/karelbraborec/Library/Developer/Xcode/DerivedData/revmeter-hbcnswmlqmbpnlazhhkncgeowiss/Build/Intermediates.noindex/Pods.build/Debug-iphonesimulator/ExpoLogBox.build/Objects-normal/x86_64/ExpoLogBox-dummy.o /Users/karelbraborec/rev-meter/ios/Pods/Target\ Support\ Files/ExpoLogBox/ExpoLogBox-dummy.m normal x86_64 objective-c com.apple.compilers.llvm.clang.1_0.compiler (in target 'ExpoLogBox' from project 'Pods')
    cd /Users/karelbraborec/rev-meter/ios/Pods
    
    Using response file: /Users/karelbraborec/Library/Developer/Xcode/DerivedData/revmeter-hbcnswmlqmbpnlazhhkncgeowiss/Build/Intermediates.noindex/Pods.build/Debug-iphonesimulator/ExpoLogBox.build/Objects-normal/x86_64/e6072d4f65d7061329687fe24e3d63a7-common-args.resp
    
    /Applications/Xcode.app/Contents/Developer/Toolchains/XcodeDefault.xctoolchain/usr/bin/clang -x objective-c -ivfsstatcache /Users/karelbraborec/Library/Developer/Xcode/DerivedData/SDKStatCaches.noindex/iphonesimulator26.5-23F81a-6cfe768891a92b912361537c460fe42b.sdkstatcache -target x86_64-apple-ios16.4-simulator -fmessage-length\=0 -fdiagnostics-show-note-include-stack -fmacro-backtrace-limit\=0 -fno-color-diagnostics -fmodules-prune-interval\=86400 -fmodules-prune-after\=345600 -fbuild-session-file\=/Users/karelbraborec/Library/Developer/Xcode/DerivedData/ModuleCache.noindex/Session.modulevalidation -fmodules-validate-once-per-build-session -Wnon-modular-include-in-framework-module -Werror\=non-modular-include-in-framework-module -Wno-trigraphs -Wno-missing-field-initializers -Wno-missing-prototypes -Werror\=return-type -Wdocumentation -Wunreachable-code -Wno-implicit-atomic-properties -Werror\=deprecated-objc-isa-usage -Wno-objc-interface-ivars -Werror\=objc-root-class -Wno-arc-repeated-use-of-weak -Wimplicit-retain-self -Wduplicate-method-match -Wno-missing-braces -Wparentheses -Wswitch -Wunused-function -Wno-unused-label -Wno-unused-parameter -Wunused-variable -Wunused-value -Wempty-body -Wuninitialized -Wconditional-uninitialized -Wno-unknown-pragmas -Wno-shadow -Wno-four-char-constants -Wno-conversion -Wconstant-conversion -Wint-conversion -Wbool-conversion -Wenum-conversion -Wno-float-conversion -Wnon-literal-null-conversion -Wobjc-literal-conversion -Wshorten-64-to-32 -Wpointer-sign -Wno-newline-eof -Wno-selector -Wno-strict-selector-match -Wundeclared-selector -Wdeprecated-implementations -Wno-implicit-fallthrough -isysroot /Applications/Xcode.app/Contents/Developer/Platforms/iPhoneSimulator.platform/Developer/SDKs/iPhoneSimulator26.5.sdk -fstrict-aliasing -Wprotocol -Wdeprecated-declarations -Wno-sign-conversion -Winfinite-recursion -Wcomma -Wblock-capture-autoreleasing -Wstrict-prototypes -Wno-semicolon-before-method-body -Wunguarded-availability -index-store-path /Users/karelbraborec/Library/Developer/Xcode/DerivedData/revmeter-hbcnswmlqmbpnlazhhkncgeowiss/Index.noindex/DataStore @/Users/karelbraborec/Library/Developer/Xcode/DerivedData/revmeter-hbcnswmlqmbpnlazhhkncgeowiss/Build/Intermediates.noindex/Pods.build/Debug-iphonesimulator/ExpoLogBox.build/Objects-normal/x86_64/e6072d4f65d7061329687fe24e3d63a7-common-args.resp -include /Users/karelbraborec/rev-meter/ios/Pods/Target\ Support\ Files/ExpoLogBox/ExpoLogBox-prefix.pch -MMD -MT dependencies -MF /Users/karelbraborec/Library/Developer/Xcode/DerivedData/revmeter-hbcnswmlqmbpnlazhhkncgeowiss/Build/Intermediates.noindex/Pods.build/Debug-iphonesimulator/ExpoLogBox.build/Objects-normal/x86_64/ExpoLogBox-dummy.d --serialize-diagnostics /Users/karelbraborec/Library/Developer/Xcode/DerivedData/revmeter-hbcnswmlqmbpnlazhhkncgeowiss/Build/Intermediates.noindex/Pods.build/Debug-iphonesimulator/ExpoLogBox.build/Objects-normal/x86_64/ExpoLogBox-dummy.dia -c /Users/karelbraborec/rev-meter/ios/Pods/Target\ Support\ Files/ExpoLogBox/ExpoLogBox-dummy.m -o /Users/karelbraborec/Library/Developer/Xcode/DerivedData/revmeter-hbcnswmlqmbpnlazhhkncgeowiss/Build/Intermediates.noindex/Pods.build/Debug-iphonesimulator/ExpoLogBox.build/Objects-normal/x86_64/ExpoLogBox-dummy.o -index-unit-output-path /Pods.build/Debug-iphonesimulator/ExpoLogBox.build/Objects-normal/x86_64/ExpoLogBox-dummy.o

PrecompileModule /Users/karelbraborec/Library/Developer/Xcode/DerivedData/revmeter-hbcnswmlqmbpnlazhhkncgeowiss/Build/Intermediates.noindex/ExplicitPrecompiledModules/_DarwinFoundation3-6IJO82OAQX7JK8LZDT2EQCLWY.scan
    cd /
    builtin-precompileModule /Users/karelbraborec/Library/Developer/Xcode/DerivedData/revmeter-hbcnswmlqmbpnlazhhkncgeowiss/Build/Intermediates.noindex/ExplicitPrecompiledModules/_DarwinFoundation3-6IJO82OAQX7JK8LZDT2EQCLWY.scan

CompileC /Users/karelbraborec/Library/Developer/Xcode/DerivedData/revmeter-hbcnswmlqmbpnlazhhkncgeowiss/Build/Intermediates.noindex/Pods.build/Debug-iphonesimulator/react-native-slider.build/Objects-normal/x86_64/RNCSliderShadowNode.o /Users/karelbraborec/rev-meter/node_modules/@react-native-community/slider/common/cpp/react/renderer/components/RNCSlider/RNCSliderShadowNode.cpp normal x86_64 c++ com.apple.compilers.llvm.clang.1_0.compiler (in target 'react-native-slider' from project 'Pods')
    cd /Users/karelbraborec/rev-meter/ios/Pods
    
    Using response file: /Users/karelbraborec/Library/Developer/Xcode/DerivedData/revmeter-hbcnswmlqmbpnlazhhkncgeowiss/Build/Intermediates.noindex/Pods.build/Debug-iphonesimulator/react-native-slider.build/Objects-normal/x86_64/82b82416624d2658e5098eb0a28c15c5-common-args.resp
    
    /Applications/Xcode.app/Contents/Developer/Toolchains/XcodeDefault.xctoolchain/usr/bin/clang -x c++ -ivfsstatcache /Users/karelbraborec/Library/Developer/Xcode/DerivedData/SDKStatCaches.noindex/iphonesimulator26.5-23F81a-6cfe768891a92b912361537c460fe42b.sdkstatcache -target x86_64-apple-ios15.1-simulator -fmessage-length\=0 -fdiagnostics-show-note-include-stack -fmacro-backtrace-limit\=0 -fno-color-diagnostics -fmodules-prune-interval\=86400 -fmodules-prune-after\=345600 -fbuild-session-file\=/Users/karelbraborec/Library/Developer/Xcode/DerivedData/ModuleCache.noindex/Session.modulevalidation -fmodules-validate-once-per-build-session -Wnon-modular-include-in-framework-module -Werror\=non-modular-include-in-framework-module -Wno-trigraphs -Wno-missing-field-initializers -Wno-missing-prototypes -Werror\=return-type -Wdocumentation -Wunreachable-code -Werror\=deprecated-objc-isa-usage -Werror\=objc-root-class -Wno-non-virtual-dtor -Wno-overloaded-virtual -Wno-exit-time-destructors -Wno-missing-braces -Wparentheses -Wswitch -Wunused-function -Wno-unused-label -Wno-unused-parameter -Wunused-variable -Wunused-value -Wempty-body -Wuninitialized -Wconditional-uninitialized -Wno-unknown-pragmas -Wno-shadow -Wno-four-char-constants -Wno-conversion -Wconstant-conversion -Wint-conversion -Wbool-conversion -Wenum-conversion -Wno-float-conversion -Wnon-literal-null-conversion -Wobjc-literal-conversion -Wshorten-64-to-32 -Wno-newline-eof -Wno-c++11-extensions -Wno-implicit-fallthrough -isysroot /Applications/Xcode.app/Contents/Developer/Platforms/iPhoneSimulator.platform/Developer/SDKs/iPhoneSimulator26.5.sdk -fstrict-aliasing -Wdeprecated-declarations -Winvalid-offsetof -Wno-sign-conversion -Winfinite-recursion -Wmove -Wcomma -Wblock-capture-autoreleasing -Wstrict-prototypes -Wrange-loop-analysis -Wno-semicolon-before-method-body -Wunguarded-availability -index-store-path /Users/karelbraborec/Library/Developer/Xcode/DerivedData/revmeter-hbcnswmlqmbpnlazhhkncgeowiss/Index.noindex/DataStore @/Users/karelbraborec/Library/Developer/Xcode/DerivedData/revmeter-hbcnswmlqmbpnlazhhkncgeowiss/Build/Intermediates.noindex/Pods.build/Debug-iphonesimulator/react-native-slider.build/Objects-normal/x86_64/82b82416624d2658e5098eb0a28c15c5-common-args.resp -DRCT_NEW_ARCH_ENABLED\=1 -include /Users/karelbraborec/rev-meter/ios/Pods/Target\ Support\ Files/react-native-slider/react-native-slider-prefix.pch -MMD -MT dependencies -MF /Users/karelbraborec/Library/Developer/Xcode/DerivedData/revmeter-hbcnswmlqmbpnlazhhkncgeowiss/Build/Intermediates.noindex/Pods.build/Debug-iphonesimulator/react-native-slider.build/Objects-normal/x86_64/RNCSliderShadowNode.d --serialize-diagnostics /Users/karelbraborec/Library/Developer/Xcode/DerivedData/revmeter-hbcnswmlqmbpnlazhhkncgeowiss/Build/Intermediates.noindex/Pods.build/Debug-iphonesimulator/react-native-slider.build/Objects-normal/x86_64/RNCSliderShadowNode.dia -c /Users/karelbraborec/rev-meter/node_modules/@react-native-community/slider/common/cpp/react/renderer/components/RNCSlider/RNCSliderShadowNode.cpp -o /Users/karelbraborec/Library/Developer/Xcode/DerivedData/revmeter-hbcnswmlqmbpnlazhhkncgeowiss/Build/Intermediates.noindex/Pods.build/Debug-iphonesimulator/react-native-slider.build/Objects-normal/x86_64/RNCSliderShadowNode.o -index-unit-output-path /Pods.build/Debug-iphonesimulator/react-native-slider.build/Objects-normal/x86_64/RNCSliderShadowNode.o

CompileC /Users/karelbraborec/Library/Developer/Xcode/DerivedData/revmeter-hbcnswmlqmbpnlazhhkncgeowiss/Build/Intermediates.noindex/Pods.build/Debug-iphonesimulator/react-native-slider.build/Objects-normal/x86_64/RNCSliderMeasurementsManager.o /Users/karelbraborec/rev-meter/node_modules/@react-native-community/slider/common/cpp/react/renderer/components/RNCSlider/RNCSliderMeasurementsManager.cpp normal x86_64 c++ com.apple.compilers.llvm.clang.1_0.compiler (in target 'react-native-slider' from project 'Pods')
    cd /Users/karelbraborec/rev-meter/ios/Pods
    
    Using response file: /Users/karelbraborec/Library/Developer/Xcode/DerivedData/revmeter-hbcnswmlqmbpnlazhhkncgeowiss/Build/Intermediates.noindex/Pods.build/Debug-iphonesimulator/react-native-slider.build/Objects-normal/x86_64/82b82416624d2658e5098eb0a28c15c5-common-args.resp
    
    /Applications/Xcode.app/Contents/Developer/Toolchains/XcodeDefault.xctoolchain/usr/bin/clang -x c++ -ivfsstatcache /Users/karelbraborec/Library/Developer/Xcode/DerivedData/SDKStatCaches.noindex/iphonesimulator26.5-23F81a-6cfe768891a92b912361537c460fe42b.sdkstatcache -target x86_64-apple-ios15.1-simulator -fmessage-length\=0 -fdiagnostics-show-note-include-stack -fmacro-backtrace-limit\=0 -fno-color-diagnostics -fmodules-prune-interval\=86400 -fmodules-prune-after\=345600 -fbuild-session-file\=/Users/karelbraborec/Library/Developer/Xcode/DerivedData/ModuleCache.noindex/Session.modulevalidation -fmodules-validate-once-per-build-session -Wnon-modular-include-in-framework-module -Werror\=non-modular-include-in-framework-module -Wno-trigraphs -Wno-missing-field-initializers -Wno-missing-prototypes -Werror\=return-type -Wdocumentation -Wunreachable-code -Werror\=deprecated-objc-isa-usage -Werror\=objc-root-class -Wno-non-virtual-dtor -Wno-overloaded-virtual -Wno-exit-time-destructors -Wno-missing-braces -Wparentheses -Wswitch -Wunused-function -Wno-unused-label -Wno-unused-parameter -Wunused-variable -Wunused-value -Wempty-body -Wuninitialized -Wconditional-uninitialized -Wno-unknown-pragmas -Wno-shadow -Wno-four-char-constants -Wno-conversion -Wconstant-conversion -Wint-conversion -Wbool-conversion -Wenum-conversion -Wno-float-conversion -Wnon-literal-null-conversion -Wobjc-literal-conversion -Wshorten-64-to-32 -Wno-newline-eof -Wno-c++11-extensions -Wno-implicit-fallthrough -isysroot /Applications/Xcode.app/Contents/Developer/Platforms/iPhoneSimulator.platform/Developer/SDKs/iPhoneSimulator26.5.sdk -fstrict-aliasing -Wdeprecated-declarations -Winvalid-offsetof -Wno-sign-conversion -Winfinite-recursion -Wmove -Wcomma -Wblock-capture-autoreleasing -Wstrict-prototypes -Wrange-loop-analysis -Wno-semicolon-before-method-body -Wunguarded-availability -index-store-path /Users/karelbraborec/Library/Developer/Xcode/DerivedData/revmeter-hbcnswmlqmbpnlazhhkncgeowiss/Index.noindex/DataStore @/Users/karelbraborec/Library/Developer/Xcode/DerivedData/revmeter-hbcnswmlqmbpnlazhhkncgeowiss/Build/Intermediates.noindex/Pods.build/Debug-iphonesimulator/react-native-slider.build/Objects-normal/x86_64/82b82416624d2658e5098eb0a28c15c5-common-args.resp -DRCT_NEW_ARCH_ENABLED\=1 -include /Users/karelbraborec/rev-meter/ios/Pods/Target\ Support\ Files/react-native-slider/react-native-slider-prefix.pch -MMD -MT dependencies -MF /Users/karelbraborec/Library/Developer/Xcode/DerivedData/revmeter-hbcnswmlqmbpnlazhhkncgeowiss/Build/Intermediates.noindex/Pods.build/Debug-iphonesimulator/react-native-slider.build/Objects-normal/x86_64/RNCSliderMeasurementsManager.d --serialize-diagnostics /Users/karelbraborec/Library/Developer/Xcode/DerivedData/revmeter-hbcnswmlqmbpnlazhhkncgeowiss/Build/Intermediates.noindex/Pods.build/Debug-iphonesimulator/react-native-slider.build/Objects-normal/x86_64/RNCSliderMeasurementsManager.dia -c /Users/karelbraborec/rev-meter/node_modules/@react-native-community/slider/common/cpp/react/renderer/components/RNCSlider/RNCSliderMeasurementsManager.cpp -o /Users/karelbraborec/Library/Developer/Xcode/DerivedData/revmeter-hbcnswmlqmbpnlazhhkncgeowiss/Build/Intermediates.noindex/Pods.build/Debug-iphonesimulator/react-native-slider.build/Objects-normal/x86_64/RNCSliderMeasurementsManager.o -index-unit-output-path /Pods.build/Debug-iphonesimulator/react-native-slider.build/Objects-normal/x86_64/RNCSliderMeasurementsManager.o

Libtool /Users/karelbraborec/Library/Developer/Xcode/DerivedData/revmeter-hbcnswmlqmbpnlazhhkncgeowiss/Build/Intermediates.noindex/Pods.build/Debug-iphonesimulator/ExpoLogBox.build/Objects-normal/arm64/Binary/libExpoLogBox.a normal arm64 (in target 'ExpoLogBox' from project 'Pods')
    cd /Users/karelbraborec/rev-meter/ios/Pods
    /Applications/Xcode.app/Contents/Developer/Toolchains/XcodeDefault.xctoolchain/usr/bin/libtool -static -arch_only arm64 -D -syslibroot /Applications/Xcode.app/Contents/Developer/Platforms/iPhoneSimulator.platform/Developer/SDKs/iPhoneSimulator26.5.sdk -L/Users/karelbraborec/Library/Developer/Xcode/DerivedData/revmeter-hbcnswmlqmbpnlazhhkncgeowiss/Build/Products/Debug-iphonesimulator/ExpoLogBox -filelist /Users/karelbraborec/Library/Developer/Xcode/DerivedData/revmeter-hbcnswmlqmbpnlazhhkncgeowiss/Build/Intermediates.noindex/Pods.build/Debug-iphonesimulator/ExpoLogBox.build/Objects-normal/arm64/ExpoLogBox.LinkFileList -dependency_info /Users/karelbraborec/Library/Developer/Xcode/DerivedData/revmeter-hbcnswmlqmbpnlazhhkncgeowiss/Build/Intermediates.noindex/Pods.build/Debug-iphonesimulator/ExpoLogBox.build/Objects-normal/arm64/ExpoLogBox_libtool_dependency_info.dat -o /Users/karelbraborec/Library/Developer/Xcode/DerivedData/revmeter-hbcnswmlqmbpnlazhhkncgeowiss/Build/Intermediates.noindex/Pods.build/Debug-iphonesimulator/ExpoLogBox.build/Objects-normal/arm64/Binary/libExpoLogBox.a
libtool: warning: 'ExpoRedBoxSwap.o' has no symbols

Libtool /Users/karelbraborec/Library/Developer/Xcode/DerivedData/revmeter-hbcnswmlqmbpnlazhhkncgeowiss/Build/Intermediates.noindex/Pods.build/Debug-iphonesimulator/ExpoLogBox.build/Objects-normal/x86_64/Binary/libExpoLogBox.a normal x86_64 (in target 'ExpoLogBox' from project 'Pods')
    cd /Users/karelbraborec/rev-meter/ios/Pods
    /Applications/Xcode.app/Contents/Developer/Toolchains/XcodeDefault.xctoolchain/usr/bin/libtool -static -arch_only x86_64 -D -syslibroot /Applications/Xcode.app/Contents/Developer/Platforms/iPhoneSimulator.platform/Developer/SDKs/iPhoneSimulator26.5.sdk -L/Users/karelbraborec/Library/Developer/Xcode/DerivedData/revmeter-hbcnswmlqmbpnlazhhkncgeowiss/Build/Products/Debug-iphonesimulator/ExpoLogBox -filelist /Users/karelbraborec/Library/Developer/Xcode/DerivedData/revmeter-hbcnswmlqmbpnlazhhkncgeowiss/Build/Intermediates.noindex/Pods.build/Debug-iphonesimulator/ExpoLogBox.build/Objects-normal/x86_64/ExpoLogBox.LinkFileList -dependency_info /Users/karelbraborec/Library/Developer/Xcode/DerivedData/revmeter-hbcnswmlqmbpnlazhhkncgeowiss/Build/Intermediates.noindex/Pods.build/Debug-iphonesimulator/ExpoLogBox.build/Objects-normal/x86_64/ExpoLogBox_libtool_dependency_info.dat -o /Users/karelbraborec/Library/Developer/Xcode/DerivedData/revmeter-hbcnswmlqmbpnlazhhkncgeowiss/Build/Intermediates.noindex/Pods.build/Debug-iphonesimulator/ExpoLogBox.build/Objects-normal/x86_64/Binary/libExpoLogBox.a
libtool: warning: 'ExpoRedBoxSwap.o' has no symbols

CompileC /Users/karelbraborec/Library/Developer/Xcode/DerivedData/revmeter-hbcnswmlqmbpnlazhhkncgeowiss/Build/Intermediates.noindex/Pods.build/Debug-iphonesimulator/react-native-slider.build/Objects-normal/x86_64/RNCSliderComponentView.o /Users/karelbraborec/rev-meter/node_modules/@react-native-community/slider/ios/RNCSliderComponentView.mm normal x86_64 objective-c++ com.apple.compilers.llvm.clang.1_0.compiler (in target 'react-native-slider' from project 'Pods')
    cd /Users/karelbraborec/rev-meter/ios/Pods
    
    Using response file: /Users/karelbraborec/Library/Developer/Xcode/DerivedData/revmeter-hbcnswmlqmbpnlazhhkncgeowiss/Build/Intermediates.noindex/Pods.build/Debug-iphonesimulator/react-native-slider.build/Objects-normal/x86_64/af3fcb34312c57c0f52879cdce924b91-common-args.resp
    
    /Applications/Xcode.app/Contents/Developer/Toolchains/XcodeDefault.xctoolchain/usr/bin/clang -x objective-c++ -ivfsstatcache /Users/karelbraborec/Library/Developer/Xcode/DerivedData/SDKStatCaches.noindex/iphonesimulator26.5-23F81a-6cfe768891a92b912361537c460fe42b.sdkstatcache -target x86_64-apple-ios15.1-simulator -fmessage-length\=0 -fdiagnostics-show-note-include-stack -fmacro-backtrace-limit\=0 -fno-color-diagnostics -fmodules-prune-interval\=86400 -fmodules-prune-after\=345600 -fbuild-session-file\=/Users/karelbraborec/Library/Developer/Xcode/DerivedData/ModuleCache.noindex/Session.modulevalidation -fmodules-validate-once-per-build-session -Wnon-modular-include-in-framework-module -Werror\=non-modular-include-in-framework-module -Wno-trigraphs -Wno-missing-field-initializers -Wno-missing-prototypes -Werror\=return-type -Wdocumentation -Wunreachable-code -Wno-implicit-atomic-properties -Werror\=deprecated-objc-isa-usage -Wno-objc-interface-ivars -Werror\=objc-root-class -Wno-arc-repeated-use-of-weak -Wimplicit-retain-self -Wno-non-virtual-dtor -Wno-overloaded-virtual -Wno-exit-time-destructors -Wduplicate-method-match -Wno-missing-braces -Wparentheses -Wswitch -Wunused-function -Wno-unused-label -Wno-unused-parameter -Wunused-variable -Wunused-value -Wempty-body -Wuninitialized -Wconditional-uninitialized -Wno-unknown-pragmas -Wno-shadow -Wno-four-char-constants -Wno-conversion -Wconstant-conversion -Wint-conversion -Wbool-conversion -Wenum-conversion -Wno-float-conversion -Wnon-literal-null-conversion -Wobjc-literal-conversion -Wshorten-64-to-32 -Wno-newline-eof -Wno-selector -Wno-strict-selector-match -Wundeclared-selector -Wdeprecated-implementations -Wno-c++11-extensions -Wno-implicit-fallthrough -isysroot /Applications/Xcode.app/Contents/Developer/Platforms/iPhoneSimulator.platform/Developer/SDKs/iPhoneSimulator26.5.sdk -fstrict-aliasing -Wprotocol -Wdeprecated-declarations -Winvalid-offsetof -Wno-sign-conversion -Winfinite-recursion -Wmove -Wcomma -Wblock-capture-autoreleasing -Wstrict-prototypes -Wrange-loop-analysis -Wno-semicolon-before-method-body -Wunguarded-availability -index-store-path /Users/karelbraborec/Library/Developer/Xcode/DerivedData/revmeter-hbcnswmlqmbpnlazhhkncgeowiss/Index.noindex/DataStore @/Users/karelbraborec/Library/Developer/Xcode/DerivedData/revmeter-hbcnswmlqmbpnlazhhkncgeowiss/Build/Intermediates.noindex/Pods.build/Debug-iphonesimulator/react-native-slider.build/Objects-normal/x86_64/af3fcb34312c57c0f52879cdce924b91-common-args.resp -DRCT_NEW_ARCH_ENABLED\=1 -include /Users/karelbraborec/rev-meter/ios/Pods/Target\ Support\ Files/react-native-slider/react-native-slider-prefix.pch -MMD -MT dependencies -MF /Users/karelbraborec/Library/Developer/Xcode/DerivedData/revmeter-hbcnswmlqmbpnlazhhkncgeowiss/Build/Intermediates.noindex/Pods.build/Debug-iphonesimulator/react-native-slider.build/Objects-normal/x86_64/RNCSliderComponentView.d --serialize-diagnostics /Users/karelbraborec/Library/Developer/Xcode/DerivedData/revmeter-hbcnswmlqmbpnlazhhkncgeowiss/Build/Intermediates.noindex/Pods.build/Debug-iphonesimulator/react-native-slider.build/Objects-normal/x86_64/RNCSliderComponentView.dia -c /Users/karelbraborec/rev-meter/node_modules/@react-native-community/slider/ios/RNCSliderComponentView.mm -o /Users/karelbraborec/Library/Developer/Xcode/DerivedData/revmeter-hbcnswmlqmbpnlazhhkncgeowiss/Build/Intermediates.noindex/Pods.build/Debug-iphonesimulator/react-native-slider.build/Objects-normal/x86_64/RNCSliderComponentView.o -index-unit-output-path /Pods.build/Debug-iphonesimulator/react-native-slider.build/Objects-normal/x86_64/RNCSliderComponentView.o
/Users/karelbraborec/rev-meter/node_modules/@react-native-community/slider/ios/RNCSliderComponentView.mm:287:23: warning: null passed to a callee that requires a non-null argument [-Wnonnull]
  287 |         progressBlock:nil
      |                       ^~~
In file included from <built-in>:1:
In file included from /Users/karelbraborec/rev-meter/ios/Pods/Target Support Files/react-native-slider/react-native-slider-prefix.pch:2:
In file included from /Applications/Xcode.app/Contents/Developer/Platforms/iPhoneSimulator.platform/Developer/SDKs/iPhoneSimulator26.5.sdk/System/Library/Frameworks/UIKit.framework/Headers/UIKit.h:8:
In file included from /Applications/Xcode.app/Contents/Developer/Platforms/iPhoneSimulator.platform/Developer/SDKs/iPhoneSimulator26.5.sdk/System/Library/Frameworks/Foundation.framework/Headers/Foundation.h:6:
In file included from /Applications/Xcode.app/Contents/Developer/Platforms/iPhoneSimulator.platform/Developer/SDKs/iPhoneSimulator26.5.sdk/System/Library/Frameworks/CoreFoundation.framework/Headers/CoreFoundation.h:54:
In file included from /Applications/Xcode.app/Contents/Developer/Platforms/iPhoneSimulator.platform/Developer/SDKs/iPhoneSimulator26.5.sdk/System/Library/Frameworks/CoreFoundation.framework/Headers/CFBase.h:80:
/Applications/Xcode.app/Contents/Developer/Platforms/iPhoneSimulator.platform/Developer/SDKs/iPhoneSimulator26.5.sdk/usr/include/MacTypes.h:94:19: note: expanded from macro 'nil'
   94 |       #define nil nullptr
      |                   ^~~~~~~
/Users/karelbraborec/rev-meter/node_modules/@react-native-community/slider/ios/RNCSliderComponentView.mm:288:26: warning: null passed to a callee that requires a non-null argument [-Wnonnull]
  288 |         partialLoadBlock:nil
      |                          ^~~
In file included from <built-in>:1:
In file included from /Users/karelbraborec/rev-meter/ios/Pods/Target Support Files/react-native-slider/react-native-slider-prefix.pch:2:
In file included from /Applications/Xcode.app/Contents/Developer/Platforms/iPhoneSimulator.platform/Developer/SDKs/iPhoneSimulator26.5.sdk/System/Library/Frameworks/UIKit.framework/Headers/UIKit.h:8:
In file included from /Applications/Xcode.app/Contents/Developer/Platforms/iPhoneSimulator.platform/Developer/SDKs/iPhoneSimulator26.5.sdk/System/Library/Frameworks/Foundation.framework/Headers/Foundation.h:6:
In file included from /Applications/Xcode.app/Contents/Developer/Platforms/iPhoneSimulator.platform/Developer/SDKs/iPhoneSimulator26.5.sdk/System/Library/Frameworks/CoreFoundation.framework/Headers/CoreFoundation.h:54:
In file included from /Applications/Xcode.app/Contents/Developer/Platforms/iPhoneSimulator.platform/Developer/SDKs/iPhoneSimulator26.5.sdk/System/Library/Frameworks/CoreFoundation.framework/Headers/CFBase.h:80:
/Applications/Xcode.app/Contents/Developer/Platforms/iPhoneSimulator.platform/Developer/SDKs/iPhoneSimulator26.5.sdk/usr/include/MacTypes.h:94:19: note: expanded from macro 'nil'
   94 |       #define nil nullptr
      |                   ^~~~~~~
/Users/karelbraborec/rev-meter/node_modules/@react-native-community/slider/ios/RNCSliderComponentView.mm:22:17: warning: method definition for 'discreteValue:' not found [-Wincomplete-implementation]
   22 | @implementation RNCSliderComponentView
      |                 ^
In file included from /Users/karelbraborec/rev-meter/node_modules/@react-native-community/slider/ios/RNCSliderComponentView.mm:1:
/Users/karelbraborec/rev-meter/node_modules/@react-native-community/slider/ios/RNCSliderComponentView.h:32:1: note: method 'discreteValue:' declared here
   32 | - (float) discreteValue:(float)value;
      | ^
3 warnings generated.

CompileC /Users/karelbraborec/Library/Developer/Xcode/DerivedData/revmeter-hbcnswmlqmbpnlazhhkncgeowiss/Build/Intermediates.noindex/Pods.build/Debug-iphonesimulator/react-native-slider.build/Objects-normal/arm64/RNCSliderShadowNode.o /Users/karelbraborec/rev-meter/node_modules/@react-native-community/slider/common/cpp/react/renderer/components/RNCSlider/RNCSliderShadowNode.cpp normal arm64 c++ com.apple.compilers.llvm.clang.1_0.compiler (in target 'react-native-slider' from project 'Pods')
    cd /Users/karelbraborec/rev-meter/ios/Pods
    
    Using response file: /Users/karelbraborec/Library/Developer/Xcode/DerivedData/revmeter-hbcnswmlqmbpnlazhhkncgeowiss/Build/Intermediates.noindex/Pods.build/Debug-iphonesimulator/react-native-slider.build/Objects-normal/arm64/82b82416624d2658e5098eb0a28c15c5-common-args.resp
    
    /Applications/Xcode.app/Contents/Developer/Toolchains/XcodeDefault.xctoolchain/usr/bin/clang -x c++ -ivfsstatcache /Users/karelbraborec/Library/Developer/Xcode/DerivedData/SDKStatCaches.noindex/iphonesimulator26.5-23F81a-6cfe768891a92b912361537c460fe42b.sdkstatcache -target arm64-apple-ios15.1-simulator -fmessage-length\=0 -fdiagnostics-show-note-include-stack -fmacro-backtrace-limit\=0 -fno-color-diagnostics -fmodules-prune-interval\=86400 -fmodules-prune-after\=345600 -fbuild-session-file\=/Users/karelbraborec/Library/Developer/Xcode/DerivedData/ModuleCache.noindex/Session.modulevalidation -fmodules-validate-once-per-build-session -Wnon-modular-include-in-framework-module -Werror\=non-modular-include-in-framework-module -Wno-trigraphs -Wno-missing-field-initializers -Wno-missing-prototypes -Werror\=return-type -Wdocumentation -Wunreachable-code -Werror\=deprecated-objc-isa-usage -Werror\=objc-root-class -Wno-non-virtual-dtor -Wno-overloaded-virtual -Wno-exit-time-destructors -Wno-missing-braces -Wparentheses -Wswitch -Wunused-function -Wno-unused-label -Wno-unused-parameter -Wunused-variable -Wunused-value -Wempty-body -Wuninitialized -Wconditional-uninitialized -Wno-unknown-pragmas -Wno-shadow -Wno-four-char-constants -Wno-conversion -Wconstant-conversion -Wint-conversion -Wbool-conversion -Wenum-conversion -Wno-float-conversion -Wnon-literal-null-conversion -Wobjc-literal-conversion -Wshorten-64-to-32 -Wno-newline-eof -Wno-c++11-extensions -Wno-implicit-fallthrough -isysroot /Applications/Xcode.app/Contents/Developer/Platforms/iPhoneSimulator.platform/Developer/SDKs/iPhoneSimulator26.5.sdk -fstrict-aliasing -Wdeprecated-declarations -Winvalid-offsetof -Wno-sign-conversion -Winfinite-recursion -Wmove -Wcomma -Wblock-capture-autoreleasing -Wstrict-prototypes -Wrange-loop-analysis -Wno-semicolon-before-method-body -Wunguarded-availability -index-store-path /Users/karelbraborec/Library/Developer/Xcode/DerivedData/revmeter-hbcnswmlqmbpnlazhhkncgeowiss/Index.noindex/DataStore @/Users/karelbraborec/Library/Developer/Xcode/DerivedData/revmeter-hbcnswmlqmbpnlazhhkncgeowiss/Build/Intermediates.noindex/Pods.build/Debug-iphonesimulator/react-native-slider.build/Objects-normal/arm64/82b82416624d2658e5098eb0a28c15c5-common-args.resp -DRCT_NEW_ARCH_ENABLED\=1 -include /Users/karelbraborec/rev-meter/ios/Pods/Target\ Support\ Files/react-native-slider/react-native-slider-prefix.pch -MMD -MT dependencies -MF /Users/karelbraborec/Library/Developer/Xcode/DerivedData/revmeter-hbcnswmlqmbpnlazhhkncgeowiss/Build/Intermediates.noindex/Pods.build/Debug-iphonesimulator/react-native-slider.build/Objects-normal/arm64/RNCSliderShadowNode.d --serialize-diagnostics /Users/karelbraborec/Library/Developer/Xcode/DerivedData/revmeter-hbcnswmlqmbpnlazhhkncgeowiss/Build/Intermediates.noindex/Pods.build/Debug-iphonesimulator/react-native-slider.build/Objects-normal/arm64/RNCSliderShadowNode.dia -c /Users/karelbraborec/rev-meter/node_modules/@react-native-community/slider/common/cpp/react/renderer/components/RNCSlider/RNCSliderShadowNode.cpp -o /Users/karelbraborec/Library/Developer/Xcode/DerivedData/revmeter-hbcnswmlqmbpnlazhhkncgeowiss/Build/Intermediates.noindex/Pods.build/Debug-iphonesimulator/react-native-slider.build/Objects-normal/arm64/RNCSliderShadowNode.o -index-unit-output-path /Pods.build/Debug-iphonesimulator/react-native-slider.build/Objects-normal/arm64/RNCSliderShadowNode.o

CompileC /Users/karelbraborec/Library/Developer/Xcode/DerivedData/revmeter-hbcnswmlqmbpnlazhhkncgeowiss/Build/Intermediates.noindex/Pods.build/Debug-iphonesimulator/react-native-slider.build/Objects-normal/arm64/RNCSliderMeasurementsManager.o /Users/karelbraborec/rev-meter/node_modules/@react-native-community/slider/common/cpp/react/renderer/components/RNCSlider/RNCSliderMeasurementsManager.cpp normal arm64 c++ com.apple.compilers.llvm.clang.1_0.compiler (in target 'react-native-slider' from project 'Pods')
    cd /Users/karelbraborec/rev-meter/ios/Pods
    
    Using response file: /Users/karelbraborec/Library/Developer/Xcode/DerivedData/revmeter-hbcnswmlqmbpnlazhhkncgeowiss/Build/Intermediates.noindex/Pods.build/Debug-iphonesimulator/react-native-slider.build/Objects-normal/arm64/82b82416624d2658e5098eb0a28c15c5-common-args.resp
    
    /Applications/Xcode.app/Contents/Developer/Toolchains/XcodeDefault.xctoolchain/usr/bin/clang -x c++ -ivfsstatcache /Users/karelbraborec/Library/Developer/Xcode/DerivedData/SDKStatCaches.noindex/iphonesimulator26.5-23F81a-6cfe768891a92b912361537c460fe42b.sdkstatcache -target arm64-apple-ios15.1-simulator -fmessage-length\=0 -fdiagnostics-show-note-include-stack -fmacro-backtrace-limit\=0 -fno-color-diagnostics -fmodules-prune-interval\=86400 -fmodules-prune-after\=345600 -fbuild-session-file\=/Users/karelbraborec/Library/Developer/Xcode/DerivedData/ModuleCache.noindex/Session.modulevalidation -fmodules-validate-once-per-build-session -Wnon-modular-include-in-framework-module -Werror\=non-modular-include-in-framework-module -Wno-trigraphs -Wno-missing-field-initializers -Wno-missing-prototypes -Werror\=return-type -Wdocumentation -Wunreachable-code -Werror\=deprecated-objc-isa-usage -Werror\=objc-root-class -Wno-non-virtual-dtor -Wno-overloaded-virtual -Wno-exit-time-destructors -Wno-missing-braces -Wparentheses -Wswitch -Wunused-function -Wno-unused-label -Wno-unused-parameter -Wunused-variable -Wunused-value -Wempty-body -Wuninitialized -Wconditional-uninitialized -Wno-unknown-pragmas -Wno-shadow -Wno-four-char-constants -Wno-conversion -Wconstant-conversion -Wint-conversion -Wbool-conversion -Wenum-conversion -Wno-float-conversion -Wnon-literal-null-conversion -Wobjc-literal-conversion -Wshorten-64-to-32 -Wno-newline-eof -Wno-c++11-extensions -Wno-implicit-fallthrough -isysroot /Applications/Xcode.app/Contents/Developer/Platforms/iPhoneSimulator.platform/Developer/SDKs/iPhoneSimulator26.5.sdk -fstrict-aliasing -Wdeprecated-declarations -Winvalid-offsetof -Wno-sign-conversion -Winfinite-recursion -Wmove -Wcomma -Wblock-capture-autoreleasing -Wstrict-prototypes -Wrange-loop-analysis -Wno-semicolon-before-method-body -Wunguarded-availability -index-store-path /Users/karelbraborec/Library/Developer/Xcode/DerivedData/revmeter-hbcnswmlqmbpnlazhhkncgeowiss/Index.noindex/DataStore @/Users/karelbraborec/Library/Developer/Xcode/DerivedData/revmeter-hbcnswmlqmbpnlazhhkncgeowiss/Build/Intermediates.noindex/Pods.build/Debug-iphonesimulator/react-native-slider.build/Objects-normal/arm64/82b82416624d2658e5098eb0a28c15c5-common-args.resp -DRCT_NEW_ARCH_ENABLED\=1 -include /Users/karelbraborec/rev-meter/ios/Pods/Target\ Support\ Files/react-native-slider/react-native-slider-prefix.pch -MMD -MT dependencies -MF /Users/karelbraborec/Library/Developer/Xcode/DerivedData/revmeter-hbcnswmlqmbpnlazhhkncgeowiss/Build/Intermediates.noindex/Pods.build/Debug-iphonesimulator/react-native-slider.build/Objects-normal/arm64/RNCSliderMeasurementsManager.d --serialize-diagnostics /Users/karelbraborec/Library/Developer/Xcode/DerivedData/revmeter-hbcnswmlqmbpnlazhhkncgeowiss/Build/Intermediates.noindex/Pods.build/Debug-iphonesimulator/react-native-slider.build/Objects-normal/arm64/RNCSliderMeasurementsManager.dia -c /Users/karelbraborec/rev-meter/node_modules/@react-native-community/slider/common/cpp/react/renderer/components/RNCSlider/RNCSliderMeasurementsManager.cpp -o /Users/karelbraborec/Library/Developer/Xcode/DerivedData/revmeter-hbcnswmlqmbpnlazhhkncgeowiss/Build/Intermediates.noindex/Pods.build/Debug-iphonesimulator/react-native-slider.build/Objects-normal/arm64/RNCSliderMeasurementsManager.o -index-unit-output-path /Pods.build/Debug-iphonesimulator/react-native-slider.build/Objects-normal/arm64/RNCSliderMeasurementsManager.o

CreateUniversalBinary /Users/karelbraborec/Library/Developer/Xcode/DerivedData/revmeter-hbcnswmlqmbpnlazhhkncgeowiss/Build/Products/Debug-iphonesimulator/ExpoLogBox/libExpoLogBox.a normal arm64\ x86_64 (in target 'ExpoLogBox' from project 'Pods')
    cd /Users/karelbraborec/rev-meter/ios/Pods
    /Applications/Xcode.app/Contents/Developer/Toolchains/XcodeDefault.xctoolchain/usr/bin/lipo -create /Users/karelbraborec/Library/Developer/Xcode/DerivedData/revmeter-hbcnswmlqmbpnlazhhkncgeowiss/Build/Intermediates.noindex/Pods.build/Debug-iphonesimulator/ExpoLogBox.build/Objects-normal/arm64/Binary/libExpoLogBox.a /Users/karelbraborec/Library/Developer/Xcode/DerivedData/revmeter-hbcnswmlqmbpnlazhhkncgeowiss/Build/Intermediates.noindex/Pods.build/Debug-iphonesimulator/ExpoLogBox.build/Objects-normal/x86_64/Binary/libExpoLogBox.a -output /Users/karelbraborec/Library/Developer/Xcode/DerivedData/revmeter-hbcnswmlqmbpnlazhhkncgeowiss/Build/Products/Debug-iphonesimulator/ExpoLogBox/libExpoLogBox.a

CompileC /Users/karelbraborec/Library/Developer/Xcode/DerivedData/revmeter-hbcnswmlqmbpnlazhhkncgeowiss/Build/Intermediates.noindex/Pods.build/Debug-iphonesimulator/react-native-slider.build/Objects-normal/arm64/RNCSliderComponentView.o /Users/karelbraborec/rev-meter/node_modules/@react-native-community/slider/ios/RNCSliderComponentView.mm normal arm64 objective-c++ com.apple.compilers.llvm.clang.1_0.compiler (in target 'react-native-slider' from project 'Pods')
    cd /Users/karelbraborec/rev-meter/ios/Pods
    
    Using response file: /Users/karelbraborec/Library/Developer/Xcode/DerivedData/revmeter-hbcnswmlqmbpnlazhhkncgeowiss/Build/Intermediates.noindex/Pods.build/Debug-iphonesimulator/react-native-slider.build/Objects-normal/arm64/af3fcb34312c57c0f52879cdce924b91-common-args.resp
    
    /Applications/Xcode.app/Contents/Developer/Toolchains/XcodeDefault.xctoolchain/usr/bin/clang -x objective-c++ -ivfsstatcache /Users/karelbraborec/Library/Developer/Xcode/DerivedData/SDKStatCaches.noindex/iphonesimulator26.5-23F81a-6cfe768891a92b912361537c460fe42b.sdkstatcache -target arm64-apple-ios15.1-simulator -fmessage-length\=0 -fdiagnostics-show-note-include-stack -fmacro-backtrace-limit\=0 -fno-color-diagnostics -fmodules-prune-interval\=86400 -fmodules-prune-after\=345600 -fbuild-session-file\=/Users/karelbraborec/Library/Developer/Xcode/DerivedData/ModuleCache.noindex/Session.modulevalidation -fmodules-validate-once-per-build-session -Wnon-modular-include-in-framework-module -Werror\=non-modular-include-in-framework-module -Wno-trigraphs -Wno-missing-field-initializers -Wno-missing-prototypes -Werror\=return-type -Wdocumentation -Wunreachable-code -Wno-implicit-atomic-properties -Werror\=deprecated-objc-isa-usage -Wno-objc-interface-ivars -Werror\=objc-root-class -Wno-arc-repeated-use-of-weak -Wimplicit-retain-self -Wno-non-virtual-dtor -Wno-overloaded-virtual -Wno-exit-time-destructors -Wduplicate-method-match -Wno-missing-braces -Wparentheses -Wswitch -Wunused-function -Wno-unused-label -Wno-unused-parameter -Wunused-variable -Wunused-value -Wempty-body -Wuninitialized -Wconditional-uninitialized -Wno-unknown-pragmas -Wno-shadow -Wno-four-char-constants -Wno-conversion -Wconstant-conversion -Wint-conversion -Wbool-conversion -Wenum-conversion -Wno-float-conversion -Wnon-literal-null-conversion -Wobjc-literal-conversion -Wshorten-64-to-32 -Wno-newline-eof -Wno-selector -Wno-strict-selector-match -Wundeclared-selector -Wdeprecated-implementations -Wno-c++11-extensions -Wno-implicit-fallthrough -isysroot /Applications/Xcode.app/Contents/Developer/Platforms/iPhoneSimulator.platform/Developer/SDKs/iPhoneSimulator26.5.sdk -fstrict-aliasing -Wprotocol -Wdeprecated-declarations -Winvalid-offsetof -Wno-sign-conversion -Winfinite-recursion -Wmove -Wcomma -Wblock-capture-autoreleasing -Wstrict-prototypes -Wrange-loop-analysis -Wno-semicolon-before-method-body -Wunguarded-availability -index-store-path /Users/karelbraborec/Library/Developer/Xcode/DerivedData/revmeter-hbcnswmlqmbpnlazhhkncgeowiss/Index.noindex/DataStore @/Users/karelbraborec/Library/Developer/Xcode/DerivedData/revmeter-hbcnswmlqmbpnlazhhkncgeowiss/Build/Intermediates.noindex/Pods.build/Debug-iphonesimulator/react-native-slider.build/Objects-normal/arm64/af3fcb34312c57c0f52879cdce924b91-common-args.resp -DRCT_NEW_ARCH_ENABLED\=1 -include /Users/karelbraborec/rev-meter/ios/Pods/Target\ Support\ Files/react-native-slider/react-native-slider-prefix.pch -MMD -MT dependencies -MF /Users/karelbraborec/Library/Developer/Xcode/DerivedData/revmeter-hbcnswmlqmbpnlazhhkncgeowiss/Build/Intermediates.noindex/Pods.build/Debug-iphonesimulator/react-native-slider.build/Objects-normal/arm64/RNCSliderComponentView.d --serialize-diagnostics /Users/karelbraborec/Library/Developer/Xcode/DerivedData/revmeter-hbcnswmlqmbpnlazhhkncgeowiss/Build/Intermediates.noindex/Pods.build/Debug-iphonesimulator/react-native-slider.build/Objects-normal/arm64/RNCSliderComponentView.dia -c /Users/karelbraborec/rev-meter/node_modules/@react-native-community/slider/ios/RNCSliderComponentView.mm -o /Users/karelbraborec/Library/Developer/Xcode/DerivedData/revmeter-hbcnswmlqmbpnlazhhkncgeowiss/Build/Intermediates.noindex/Pods.build/Debug-iphonesimulator/react-native-slider.build/Objects-normal/arm64/RNCSliderComponentView.o -index-unit-output-path /Pods.build/Debug-iphonesimulator/react-native-slider.build/Objects-normal/arm64/RNCSliderComponentView.o
/Users/karelbraborec/rev-meter/node_modules/@react-native-community/slider/ios/RNCSliderComponentView.mm:287:23: warning: null passed to a callee that requires a non-null argument [-Wnonnull]
  287 |         progressBlock:nil
      |                       ^~~
In file included from <built-in>:1:
In file included from /Users/karelbraborec/rev-meter/ios/Pods/Target Support Files/react-native-slider/react-native-slider-prefix.pch:2:
In file included from /Applications/Xcode.app/Contents/Developer/Platforms/iPhoneSimulator.platform/Developer/SDKs/iPhoneSimulator26.5.sdk/System/Library/Frameworks/UIKit.framework/Headers/UIKit.h:8:
In file included from /Applications/Xcode.app/Contents/Developer/Platforms/iPhoneSimulator.platform/Developer/SDKs/iPhoneSimulator26.5.sdk/System/Library/Frameworks/Foundation.framework/Headers/Foundation.h:6:
In file included from /Applications/Xcode.app/Contents/Developer/Platforms/iPhoneSimulator.platform/Developer/SDKs/iPhoneSimulator26.5.sdk/System/Library/Frameworks/CoreFoundation.framework/Headers/CoreFoundation.h:54:
In file included from /Applications/Xcode.app/Contents/Developer/Platforms/iPhoneSimulator.platform/Developer/SDKs/iPhoneSimulator26.5.sdk/System/Library/Frameworks/CoreFoundation.framework/Headers/CFBase.h:80:
/Applications/Xcode.app/Contents/Developer/Platforms/iPhoneSimulator.platform/Developer/SDKs/iPhoneSimulator26.5.sdk/usr/include/MacTypes.h:94:19: note: expanded from macro 'nil'
   94 |       #define nil nullptr
      |                   ^~~~~~~
/Users/karelbraborec/rev-meter/node_modules/@react-native-community/slider/ios/RNCSliderComponentView.mm:288:26: warning: null passed to a callee that requires a non-null argument [-Wnonnull]
  288 |         partialLoadBlock:nil
      |                          ^~~
In file included from <built-in>:1:
In file included from /Users/karelbraborec/rev-meter/ios/Pods/Target Support Files/react-native-slider/react-native-slider-prefix.pch:2:
In file included from /Applications/Xcode.app/Contents/Developer/Platforms/iPhoneSimulator.platform/Developer/SDKs/iPhoneSimulator26.5.sdk/System/Library/Frameworks/UIKit.framework/Headers/UIKit.h:8:
In file included from /Applications/Xcode.app/Contents/Developer/Platforms/iPhoneSimulator.platform/Developer/SDKs/iPhoneSimulator26.5.sdk/System/Library/Frameworks/Foundation.framework/Headers/Foundation.h:6:
In file included from /Applications/Xcode.app/Contents/Developer/Platforms/iPhoneSimulator.platform/Developer/SDKs/iPhoneSimulator26.5.sdk/System/Library/Frameworks/CoreFoundation.framework/Headers/CoreFoundation.h:54:
In file included from /Applications/Xcode.app/Contents/Developer/Platforms/iPhoneSimulator.platform/Developer/SDKs/iPhoneSimulator26.5.sdk/System/Library/Frameworks/CoreFoundation.framework/Headers/CFBase.h:80:
/Applications/Xcode.app/Contents/Developer/Platforms/iPhoneSimulator.platform/Developer/SDKs/iPhoneSimulator26.5.sdk/usr/include/MacTypes.h:94:19: note: expanded from macro 'nil'
   94 |       #define nil nullptr
      |                   ^~~~~~~
/Users/karelbraborec/rev-meter/node_modules/@react-native-community/slider/ios/RNCSliderComponentView.mm:22:17: warning: method definition for 'discreteValue:' not found [-Wincomplete-implementation]
   22 | @implementation RNCSliderComponentView
      |                 ^
In file included from /Users/karelbraborec/rev-meter/node_modules/@react-native-community/slider/ios/RNCSliderComponentView.mm:1:
/Users/karelbraborec/rev-meter/node_modules/@react-native-community/slider/ios/RNCSliderComponentView.h:32:1: note: method 'discreteValue:' declared here
   32 | - (float) discreteValue:(float)value;
      | ^
3 warnings generated.

PrecompileModule /Users/karelbraborec/Library/Developer/Xcode/DerivedData/revmeter-hbcnswmlqmbpnlazhhkncgeowiss/Build/Intermediates.noindex/ExplicitPrecompiledModules/_Builtin_inttypes-EUL5XO0NA5YJSS24X7BTU5IVQ.scan
    cd /
    builtin-precompileModule /Users/karelbraborec/Library/Developer/Xcode/DerivedData/revmeter-hbcnswmlqmbpnlazhhkncgeowiss/Build/Intermediates.noindex/ExplicitPrecompiledModules/_Builtin_inttypes-EUL5XO0NA5YJSS24X7BTU5IVQ.scan

PrecompileModule /Users/karelbraborec/Library/Developer/Xcode/DerivedData/revmeter-hbcnswmlqmbpnlazhhkncgeowiss/Build/Intermediates.noindex/ExplicitPrecompiledModules/_Builtin_stdint-5BG27HOGKGZ2TEGYJ04SW14IH.scan
    cd /
    builtin-precompileModule /Users/karelbraborec/Library/Developer/Xcode/DerivedData/revmeter-hbcnswmlqmbpnlazhhkncgeowiss/Build/Intermediates.noindex/ExplicitPrecompiledModules/_Builtin_stdint-5BG27HOGKGZ2TEGYJ04SW14IH.scan

PrecompileModule /Users/karelbraborec/Library/Developer/Xcode/DerivedData/revmeter-hbcnswmlqmbpnlazhhkncgeowiss/Build/Intermediates.noindex/ExplicitPrecompiledModules/Darwin-WCV2FPV1RJWPBBTELB1EA073.scan
    cd /
    builtin-precompileModule /Users/karelbraborec/Library/Developer/Xcode/DerivedData/revmeter-hbcnswmlqmbpnlazhhkncgeowiss/Build/Intermediates.noindex/ExplicitPrecompiledModules/Darwin-WCV2FPV1RJWPBBTELB1EA073.scan

PrecompileModule /Users/karelbraborec/Library/Developer/Xcode/DerivedData/revmeter-hbcnswmlqmbpnlazhhkncgeowiss/Build/Intermediates.noindex/ExplicitPrecompiledModules/_DarwinFoundation3-6AL889EXJFT6DZPM1E67UVS9C.scan
    cd /
    builtin-precompileModule /Users/karelbraborec/Library/Developer/Xcode/DerivedData/revmeter-hbcnswmlqmbpnlazhhkncgeowiss/Build/Intermediates.noindex/ExplicitPrecompiledModules/_DarwinFoundation3-6AL889EXJFT6DZPM1E67UVS9C.scan

PrecompileModule /Users/karelbraborec/Library/Developer/Xcode/DerivedData/revmeter-hbcnswmlqmbpnlazhhkncgeowiss/Build/Intermediates.noindex/ExplicitPrecompiledModules/ObjectiveC-5DC8K45UR18VA5RKIFVTDRQE4.scan
    cd /
    builtin-precompileModule /Users/karelbraborec/Library/Developer/Xcode/DerivedData/revmeter-hbcnswmlqmbpnlazhhkncgeowiss/Build/Intermediates.noindex/ExplicitPrecompiledModules/ObjectiveC-5DC8K45UR18VA5RKIFVTDRQE4.scan

PrecompileModule /Users/karelbraborec/Library/Developer/Xcode/DerivedData/revmeter-hbcnswmlqmbpnlazhhkncgeowiss/Build/Intermediates.noindex/ExplicitPrecompiledModules/_Builtin_inttypes-8KHGPI1BA1S9UW2H86DE9A411.scan
    cd /
    builtin-precompileModule /Users/karelbraborec/Library/Developer/Xcode/DerivedData/revmeter-hbcnswmlqmbpnlazhhkncgeowiss/Build/Intermediates.noindex/ExplicitPrecompiledModules/_Builtin_inttypes-8KHGPI1BA1S9UW2H86DE9A411.scan

PrecompileModule /Users/karelbraborec/Library/Developer/Xcode/DerivedData/revmeter-hbcnswmlqmbpnlazhhkncgeowiss/Build/Intermediates.noindex/ExplicitPrecompiledModules/os_object-5C45GI9IMVOW7XZUUJWWP7N0.scan
    cd /
    builtin-precompileModule /Users/karelbraborec/Library/Developer/Xcode/DerivedData/revmeter-hbcnswmlqmbpnlazhhkncgeowiss/Build/Intermediates.noindex/ExplicitPrecompiledModules/os_object-5C45GI9IMVOW7XZUUJWWP7N0.scan

PrecompileModule /Users/karelbraborec/Library/Developer/Xcode/DerivedData/revmeter-hbcnswmlqmbpnlazhhkncgeowiss/Build/Intermediates.noindex/ExplicitPrecompiledModules/Darwin-D9K55UY688KX44GSHUORFOG0I.scan
    cd /
    builtin-precompileModule /Users/karelbraborec/Library/Developer/Xcode/DerivedData/revmeter-hbcnswmlqmbpnlazhhkncgeowiss/Build/Intermediates.noindex/ExplicitPrecompiledModules/Darwin-D9K55UY688KX44GSHUORFOG0I.scan

PrecompileModule /Users/karelbraborec/Library/Developer/Xcode/DerivedData/revmeter-hbcnswmlqmbpnlazhhkncgeowiss/Build/Intermediates.noindex/ExplicitPrecompiledModules/os_workgroup-8LIQQSFE7I3EAKQAVJRI0R0PQ.scan
    cd /
    builtin-precompileModule /Users/karelbraborec/Library/Developer/Xcode/DerivedData/revmeter-hbcnswmlqmbpnlazhhkncgeowiss/Build/Intermediates.noindex/ExplicitPrecompiledModules/os_workgroup-8LIQQSFE7I3EAKQAVJRI0R0PQ.scan

PrecompileModule /Users/karelbraborec/Library/Developer/Xcode/DerivedData/revmeter-hbcnswmlqmbpnlazhhkncgeowiss/Build/Intermediates.noindex/ExplicitPrecompiledModules/ObjectiveC-9OAG4B5IDXNL801JERKDADR84.scan
    cd /
    builtin-precompileModule /Users/karelbraborec/Library/Developer/Xcode/DerivedData/revmeter-hbcnswmlqmbpnlazhhkncgeowiss/Build/Intermediates.noindex/ExplicitPrecompiledModules/ObjectiveC-9OAG4B5IDXNL801JERKDADR84.scan

PrecompileModule /Users/karelbraborec/Library/Developer/Xcode/DerivedData/revmeter-hbcnswmlqmbpnlazhhkncgeowiss/Build/Intermediates.noindex/ExplicitPrecompiledModules/Dispatch-95LL7EETIJFTFH3EALSUERPHK.scan
    cd /
    builtin-precompileModule /Users/karelbraborec/Library/Developer/Xcode/DerivedData/revmeter-hbcnswmlqmbpnlazhhkncgeowiss/Build/Intermediates.noindex/ExplicitPrecompiledModules/Dispatch-95LL7EETIJFTFH3EALSUERPHK.scan

PrecompileModule /Users/karelbraborec/Library/Developer/Xcode/DerivedData/revmeter-hbcnswmlqmbpnlazhhkncgeowiss/Build/Intermediates.noindex/ExplicitPrecompiledModules/os_object-CJM7S7XIDU5LLC6PZAPYWOS2M.scan
    cd /
    builtin-precompileModule /Users/karelbraborec/Library/Developer/Xcode/DerivedData/revmeter-hbcnswmlqmbpnlazhhkncgeowiss/Build/Intermediates.noindex/ExplicitPrecompiledModules/os_object-CJM7S7XIDU5LLC6PZAPYWOS2M.scan

PrecompileModule /Users/karelbraborec/Library/Developer/Xcode/DerivedData/revmeter-hbcnswmlqmbpnlazhhkncgeowiss/Build/Intermediates.noindex/ExplicitPrecompiledModules/CoreFoundation-4J6DK5ORMCN7J8P6EY3Q9JUPE.scan
    cd /
    builtin-precompileModule /Users/karelbraborec/Library/Developer/Xcode/DerivedData/revmeter-hbcnswmlqmbpnlazhhkncgeowiss/Build/Intermediates.noindex/ExplicitPrecompiledModules/CoreFoundation-4J6DK5ORMCN7J8P6EY3Q9JUPE.scan

PrecompileModule /Users/karelbraborec/Library/Developer/Xcode/DerivedData/revmeter-hbcnswmlqmbpnlazhhkncgeowiss/Build/Intermediates.noindex/ExplicitPrecompiledModules/os_workgroup-F5CVQCQ80D404GR3FCSWKM80Z.scan
    cd /
    builtin-precompileModule /Users/karelbraborec/Library/Developer/Xcode/DerivedData/revmeter-hbcnswmlqmbpnlazhhkncgeowiss/Build/Intermediates.noindex/ExplicitPrecompiledModules/os_workgroup-F5CVQCQ80D404GR3FCSWKM80Z.scan

PrecompileModule /Users/karelbraborec/Library/Developer/Xcode/DerivedData/revmeter-hbcnswmlqmbpnlazhhkncgeowiss/Build/Intermediates.noindex/ExplicitPrecompiledModules/CoreGraphics-CIKWB0Z4TZQGOX1U02ZEG8K60.scan
    cd /
    builtin-precompileModule /Users/karelbraborec/Library/Developer/Xcode/DerivedData/revmeter-hbcnswmlqmbpnlazhhkncgeowiss/Build/Intermediates.noindex/ExplicitPrecompiledModules/CoreGraphics-CIKWB0Z4TZQGOX1U02ZEG8K60.scan

PrecompileModule /Users/karelbraborec/Library/Developer/Xcode/DerivedData/revmeter-hbcnswmlqmbpnlazhhkncgeowiss/Build/Intermediates.noindex/ExplicitPrecompiledModules/CFNetwork-BBB0R0JOLGNI02C2X8OBZQZR0.scan
    cd /
    builtin-precompileModule /Users/karelbraborec/Library/Developer/Xcode/DerivedData/revmeter-hbcnswmlqmbpnlazhhkncgeowiss/Build/Intermediates.noindex/ExplicitPrecompiledModules/CFNetwork-BBB0R0JOLGNI02C2X8OBZQZR0.scan

PrecompileModule /Users/karelbraborec/Library/Developer/Xcode/DerivedData/revmeter-hbcnswmlqmbpnlazhhkncgeowiss/Build/Intermediates.noindex/ExplicitPrecompiledModules/CoreText-53JMU06WXOJXPGMZ1V1O016EQ.scan
    cd /
    builtin-precompileModule /Users/karelbraborec/Library/Developer/Xcode/DerivedData/revmeter-hbcnswmlqmbpnlazhhkncgeowiss/Build/Intermediates.noindex/ExplicitPrecompiledModules/CoreText-53JMU06WXOJXPGMZ1V1O016EQ.scan

PrecompileModule /Users/karelbraborec/Library/Developer/Xcode/DerivedData/revmeter-hbcnswmlqmbpnlazhhkncgeowiss/Build/Intermediates.noindex/ExplicitPrecompiledModules/Dispatch-C71V3OHE5Z97S7AZ0NYIZKNZ7.scan
    cd /
    builtin-precompileModule /Users/karelbraborec/Library/Developer/Xcode/DerivedData/revmeter-hbcnswmlqmbpnlazhhkncgeowiss/Build/Intermediates.noindex/ExplicitPrecompiledModules/Dispatch-C71V3OHE5Z97S7AZ0NYIZKNZ7.scan

PrecompileModule /Users/karelbraborec/Library/Developer/Xcode/DerivedData/revmeter-hbcnswmlqmbpnlazhhkncgeowiss/Build/Intermediates.noindex/ExplicitPrecompiledModules/ImageIO-BY9BNFH80XWDHAYJ6MWVJLL43.scan
    cd /
    builtin-precompileModule /Users/karelbraborec/Library/Developer/Xcode/DerivedData/revmeter-hbcnswmlqmbpnlazhhkncgeowiss/Build/Intermediates.noindex/ExplicitPrecompiledModules/ImageIO-BY9BNFH80XWDHAYJ6MWVJLL43.scan

PrecompileModule /Users/karelbraborec/Library/Developer/Xcode/DerivedData/revmeter-hbcnswmlqmbpnlazhhkncgeowiss/Build/Intermediates.noindex/ExplicitPrecompiledModules/XPC-GCB27W6XZOO4JLQ8YU0T8U1E.scan
    cd /
    builtin-precompileModule /Users/karelbraborec/Library/Developer/Xcode/DerivedData/revmeter-hbcnswmlqmbpnlazhhkncgeowiss/Build/Intermediates.noindex/ExplicitPrecompiledModules/XPC-GCB27W6XZOO4JLQ8YU0T8U1E.scan

PrecompileModule /Users/karelbraborec/Library/Developer/Xcode/DerivedData/revmeter-hbcnswmlqmbpnlazhhkncgeowiss/Build/Intermediates.noindex/ExplicitPrecompiledModules/CoreFoundation-5R0I51ZWTQQJT32S95O9WWU30.scan
    cd /
    builtin-precompileModule /Users/karelbraborec/Library/Developer/Xcode/DerivedData/revmeter-hbcnswmlqmbpnlazhhkncgeowiss/Build/Intermediates.noindex/ExplicitPrecompiledModules/CoreFoundation-5R0I51ZWTQQJT32S95O9WWU30.scan

PrecompileModule /Users/karelbraborec/Library/Developer/Xcode/DerivedData/revmeter-hbcnswmlqmbpnlazhhkncgeowiss/Build/Intermediates.noindex/ExplicitPrecompiledModules/Security-D6F74N1RB3P4DO2S08PQ7PW42.scan
    cd /
    builtin-precompileModule /Users/karelbraborec/Library/Developer/Xcode/DerivedData/revmeter-hbcnswmlqmbpnlazhhkncgeowiss/Build/Intermediates.noindex/ExplicitPrecompiledModules/Security-D6F74N1RB3P4DO2S08PQ7PW42.scan

PrecompileModule /Users/karelbraborec/Library/Developer/Xcode/DerivedData/revmeter-hbcnswmlqmbpnlazhhkncgeowiss/Build/Intermediates.noindex/ExplicitPrecompiledModules/Security-74MT4TFR7JO9VRAJNDIZD66KB.scan
    cd /
    builtin-precompileModule /Users/karelbraborec/Library/Developer/Xcode/DerivedData/revmeter-hbcnswmlqmbpnlazhhkncgeowiss/Build/Intermediates.noindex/ExplicitPrecompiledModules/Security-74MT4TFR7JO9VRAJNDIZD66KB.scan

PrecompileModule /Users/karelbraborec/Library/Developer/Xcode/DerivedData/revmeter-hbcnswmlqmbpnlazhhkncgeowiss/Build/Intermediates.noindex/ExplicitPrecompiledModules/CoreGraphics-1JBR6VG59I8JFVOSRZB12JW9O.scan
    cd /
    builtin-precompileModule /Users/karelbraborec/Library/Developer/Xcode/DerivedData/revmeter-hbcnswmlqmbpnlazhhkncgeowiss/Build/Intermediates.noindex/ExplicitPrecompiledModules/CoreGraphics-1JBR6VG59I8JFVOSRZB12JW9O.scan

PrecompileModule /Users/karelbraborec/Library/Developer/Xcode/DerivedData/revmeter-hbcnswmlqmbpnlazhhkncgeowiss/Build/Intermediates.noindex/ExplicitPrecompiledModules/CFNetwork-7GSLN2DR3DBC7UXG8FB9960F3.scan
    cd /
    builtin-precompileModule /Users/karelbraborec/Library/Developer/Xcode/DerivedData/revmeter-hbcnswmlqmbpnlazhhkncgeowiss/Build/Intermediates.noindex/ExplicitPrecompiledModules/CFNetwork-7GSLN2DR3DBC7UXG8FB9960F3.scan

PrecompileModule /Users/karelbraborec/Library/Developer/Xcode/DerivedData/revmeter-hbcnswmlqmbpnlazhhkncgeowiss/Build/Intermediates.noindex/ExplicitPrecompiledModules/CoreText-83ORIXLZEIAE05M4C5CYG0IUX.scan
    cd /
    builtin-precompileModule /Users/karelbraborec/Library/Developer/Xcode/DerivedData/revmeter-hbcnswmlqmbpnlazhhkncgeowiss/Build/Intermediates.noindex/ExplicitPrecompiledModules/CoreText-83ORIXLZEIAE05M4C5CYG0IUX.scan

PrecompileModule /Users/karelbraborec/Library/Developer/Xcode/DerivedData/revmeter-hbcnswmlqmbpnlazhhkncgeowiss/Build/Intermediates.noindex/ExplicitPrecompiledModules/Foundation-2EOKAQFJMT5AS46CFVN33AHKB.scan
    cd /
    builtin-precompileModule /Users/karelbraborec/Library/Developer/Xcode/DerivedData/revmeter-hbcnswmlqmbpnlazhhkncgeowiss/Build/Intermediates.noindex/ExplicitPrecompiledModules/Foundation-2EOKAQFJMT5AS46CFVN33AHKB.scan

PrecompileModule /Users/karelbraborec/Library/Developer/Xcode/DerivedData/revmeter-hbcnswmlqmbpnlazhhkncgeowiss/Build/Intermediates.noindex/ExplicitPrecompiledModules/ImageIO-3IS2Q0SZ4BBR99RIVR26IILH2.scan
    cd /
    builtin-precompileModule /Users/karelbraborec/Library/Developer/Xcode/DerivedData/revmeter-hbcnswmlqmbpnlazhhkncgeowiss/Build/Intermediates.noindex/ExplicitPrecompiledModules/ImageIO-3IS2Q0SZ4BBR99RIVR26IILH2.scan

PrecompileModule /Users/karelbraborec/Library/Developer/Xcode/DerivedData/revmeter-hbcnswmlqmbpnlazhhkncgeowiss/Build/Intermediates.noindex/ExplicitPrecompiledModules/XPC-B6CJMPW1G24WW4NSFIY3GZV7K.scan
    cd /
    builtin-precompileModule /Users/karelbraborec/Library/Developer/Xcode/DerivedData/revmeter-hbcnswmlqmbpnlazhhkncgeowiss/Build/Intermediates.noindex/ExplicitPrecompiledModules/XPC-B6CJMPW1G24WW4NSFIY3GZV7K.scan

ScanDependencies /Users/karelbraborec/Library/Developer/Xcode/DerivedData/revmeter-hbcnswmlqmbpnlazhhkncgeowiss/Build/Intermediates.noindex/Pods.build/Debug-iphonesimulator/react-native-slider.build/Objects-normal/x86_64/react-native-slider-dummy.o /Users/karelbraborec/rev-meter/ios/Pods/Target\ Support\ Files/react-native-slider/react-native-slider-dummy.m normal x86_64 objective-c com.apple.compilers.llvm.clang.1_0.compiler (in target 'react-native-slider' from project 'Pods')
    cd /Users/karelbraborec/rev-meter/ios/Pods
    
    Using response file: /Users/karelbraborec/Library/Developer/Xcode/DerivedData/revmeter-hbcnswmlqmbpnlazhhkncgeowiss/Build/Intermediates.noindex/Pods.build/Debug-iphonesimulator/react-native-slider.build/Objects-normal/x86_64/e6072d4f65d7061329687fe24e3d63a7-common-args.resp
    
    builtin-ScanDependencies -o /Users/karelbraborec/Library/Developer/Xcode/DerivedData/revmeter-hbcnswmlqmbpnlazhhkncgeowiss/Build/Intermediates.noindex/Pods.build/Debug-iphonesimulator/react-native-slider.build/Objects-normal/x86_64/react-native-slider-dummy.o.scan -- /Applications/Xcode.app/Contents/Developer/Toolchains/XcodeDefault.xctoolchain/usr/bin/clang -x objective-c -ivfsstatcache /Users/karelbraborec/Library/Developer/Xcode/DerivedData/SDKStatCaches.noindex/iphonesimulator26.5-23F81a-6cfe768891a92b912361537c460fe42b.sdkstatcache -target x86_64-apple-ios15.1-simulator -fmessage-length\=0 -fdiagnostics-show-note-include-stack -fmacro-backtrace-limit\=0 -fno-color-diagnostics -fmodules-prune-interval\=86400 -fmodules-prune-after\=345600 -fbuild-session-file\=/Users/karelbraborec/Library/Developer/Xcode/DerivedData/ModuleCache.noindex/Session.modulevalidation -fmodules-validate-once-per-build-session -Wnon-modular-include-in-framework-module -Werror\=non-modular-include-in-framework-module -Wno-trigraphs -Wno-missing-field-initializers -Wno-missing-prototypes -Werror\=return-type -Wdocumentation -Wunreachable-code -Wno-implicit-atomic-properties -Werror\=deprecated-objc-isa-usage -Wno-objc-interface-ivars -Werror\=objc-root-class -Wno-arc-repeated-use-of-weak -Wimplicit-retain-self -Wduplicate-method-match -Wno-missing-braces -Wparentheses -Wswitch -Wunused-function -Wno-unused-label -Wno-unused-parameter -Wunused-variable -Wunused-value -Wempty-body -Wuninitialized -Wconditional-uninitialized -Wno-unknown-pragmas -Wno-shadow -Wno-four-char-constants -Wno-conversion -Wconstant-conversion -Wint-conversion -Wbool-conversion -Wenum-conversion -Wno-float-conversion -Wnon-literal-null-conversion -Wobjc-literal-conversion -Wshorten-64-to-32 -Wpointer-sign -Wno-newline-eof -Wno-selector -Wno-strict-selector-match -Wundeclared-selector -Wdeprecated-implementations -Wno-implicit-fallthrough -isysroot /Applications/Xcode.app/Contents/Developer/Platforms/iPhoneSimulator.platform/Developer/SDKs/iPhoneSimulator26.5.sdk -fstrict-aliasing -Wprotocol -Wdeprecated-declarations -Wno-sign-conversion -Winfinite-recursion -Wcomma -Wblock-capture-autoreleasing -Wstrict-prototypes -Wno-semicolon-before-method-body -Wunguarded-availability -index-store-path /Users/karelbraborec/Library/Developer/Xcode/DerivedData/revmeter-hbcnswmlqmbpnlazhhkncgeowiss/Index.noindex/DataStore @/Users/karelbraborec/Library/Developer/Xcode/DerivedData/revmeter-hbcnswmlqmbpnlazhhkncgeowiss/Build/Intermediates.noindex/Pods.build/Debug-iphonesimulator/react-native-slider.build/Objects-normal/x86_64/e6072d4f65d7061329687fe24e3d63a7-common-args.resp -include /Users/karelbraborec/rev-meter/ios/Pods/Target\ Support\ Files/react-native-slider/react-native-slider-prefix.pch -MMD -MT dependencies -MF /Users/karelbraborec/Library/Developer/Xcode/DerivedData/revmeter-hbcnswmlqmbpnlazhhkncgeowiss/Build/Intermediates.noindex/Pods.build/Debug-iphonesimulator/react-native-slider.build/Objects-normal/x86_64/react-native-slider-dummy.d --serialize-diagnostics /Users/karelbraborec/Library/Developer/Xcode/DerivedData/revmeter-hbcnswmlqmbpnlazhhkncgeowiss/Build/Intermediates.noindex/Pods.build/Debug-iphonesimulator/react-native-slider.build/Objects-normal/x86_64/react-native-slider-dummy.dia -c /Users/karelbraborec/rev-meter/ios/Pods/Target\ Support\ Files/react-native-slider/react-native-slider-dummy.m -o /Users/karelbraborec/Library/Developer/Xcode/DerivedData/revmeter-hbcnswmlqmbpnlazhhkncgeowiss/Build/Intermediates.noindex/Pods.build/Debug-iphonesimulator/react-native-slider.build/Objects-normal/x86_64/react-native-slider-dummy.o -index-unit-output-path /Pods.build/Debug-iphonesimulator/react-native-slider.build/Objects-normal/x86_64/react-native-slider-dummy.o

ScanDependencies /Users/karelbraborec/Library/Developer/Xcode/DerivedData/revmeter-hbcnswmlqmbpnlazhhkncgeowiss/Build/Intermediates.noindex/Pods.build/Debug-iphonesimulator/react-native-slider.build/Objects-normal/x86_64/RNCSlider.o /Users/karelbraborec/rev-meter/node_modules/@react-native-community/slider/ios/RNCSlider.m normal x86_64 objective-c com.apple.compilers.llvm.clang.1_0.compiler (in target 'react-native-slider' from project 'Pods')
    cd /Users/karelbraborec/rev-meter/ios/Pods
    
    Using response file: /Users/karelbraborec/Library/Developer/Xcode/DerivedData/revmeter-hbcnswmlqmbpnlazhhkncgeowiss/Build/Intermediates.noindex/Pods.build/Debug-iphonesimulator/react-native-slider.build/Objects-normal/x86_64/e6072d4f65d7061329687fe24e3d63a7-common-args.resp
    
    builtin-ScanDependencies -o /Users/karelbraborec/Library/Developer/Xcode/DerivedData/revmeter-hbcnswmlqmbpnlazhhkncgeowiss/Build/Intermediates.noindex/Pods.build/Debug-iphonesimulator/react-native-slider.build/Objects-normal/x86_64/RNCSlider.o.scan -- /Applications/Xcode.app/Contents/Developer/Toolchains/XcodeDefault.xctoolchain/usr/bin/clang -x objective-c -ivfsstatcache /Users/karelbraborec/Library/Developer/Xcode/DerivedData/SDKStatCaches.noindex/iphonesimulator26.5-23F81a-6cfe768891a92b912361537c460fe42b.sdkstatcache -target x86_64-apple-ios15.1-simulator -fmessage-length\=0 -fdiagnostics-show-note-include-stack -fmacro-backtrace-limit\=0 -fno-color-diagnostics -fmodules-prune-interval\=86400 -fmodules-prune-after\=345600 -fbuild-session-file\=/Users/karelbraborec/Library/Developer/Xcode/DerivedData/ModuleCache.noindex/Session.modulevalidation -fmodules-validate-once-per-build-session -Wnon-modular-include-in-framework-module -Werror\=non-modular-include-in-framework-module -Wno-trigraphs -Wno-missing-field-initializers -Wno-missing-prototypes -Werror\=return-type -Wdocumentation -Wunreachable-code -Wno-implicit-atomic-properties -Werror\=deprecated-objc-isa-usage -Wno-objc-interface-ivars -Werror\=objc-root-class -Wno-arc-repeated-use-of-weak -Wimplicit-retain-self -Wduplicate-method-match -Wno-missing-braces -Wparentheses -Wswitch -Wunused-function -Wno-unused-label -Wno-unused-parameter -Wunused-variable -Wunused-value -Wempty-body -Wuninitialized -Wconditional-uninitialized -Wno-unknown-pragmas -Wno-shadow -Wno-four-char-constants -Wno-conversion -Wconstant-conversion -Wint-conversion -Wbool-conversion -Wenum-conversion -Wno-float-conversion -Wnon-literal-null-conversion -Wobjc-literal-conversion -Wshorten-64-to-32 -Wpointer-sign -Wno-newline-eof -Wno-selector -Wno-strict-selector-match -Wundeclared-selector -Wdeprecated-implementations -Wno-implicit-fallthrough -isysroot /Applications/Xcode.app/Contents/Developer/Platforms/iPhoneSimulator.platform/Developer/SDKs/iPhoneSimulator26.5.sdk -fstrict-aliasing -Wprotocol -Wdeprecated-declarations -Wno-sign-conversion -Winfinite-recursion -Wcomma -Wblock-capture-autoreleasing -Wstrict-prototypes -Wno-semicolon-before-method-body -Wunguarded-availability -index-store-path /Users/karelbraborec/Library/Developer/Xcode/DerivedData/revmeter-hbcnswmlqmbpnlazhhkncgeowiss/Index.noindex/DataStore @/Users/karelbraborec/Library/Developer/Xcode/DerivedData/revmeter-hbcnswmlqmbpnlazhhkncgeowiss/Build/Intermediates.noindex/Pods.build/Debug-iphonesimulator/react-native-slider.build/Objects-normal/x86_64/e6072d4f65d7061329687fe24e3d63a7-common-args.resp -DRCT_NEW_ARCH_ENABLED\=1 -include /Users/karelbraborec/rev-meter/ios/Pods/Target\ Support\ Files/react-native-slider/react-native-slider-prefix.pch -MMD -MT dependencies -MF /Users/karelbraborec/Library/Developer/Xcode/DerivedData/revmeter-hbcnswmlqmbpnlazhhkncgeowiss/Build/Intermediates.noindex/Pods.build/Debug-iphonesimulator/react-native-slider.build/Objects-normal/x86_64/RNCSlider.d --serialize-diagnostics /Users/karelbraborec/Library/Developer/Xcode/DerivedData/revmeter-hbcnswmlqmbpnlazhhkncgeowiss/Build/Intermediates.noindex/Pods.build/Debug-iphonesimulator/react-native-slider.build/Objects-normal/x86_64/RNCSlider.dia -c /Users/karelbraborec/rev-meter/node_modules/@react-native-community/slider/ios/RNCSlider.m -o /Users/karelbraborec/Library/Developer/Xcode/DerivedData/revmeter-hbcnswmlqmbpnlazhhkncgeowiss/Build/Intermediates.noindex/Pods.build/Debug-iphonesimulator/react-native-slider.build/Objects-normal/x86_64/RNCSlider.o -index-unit-output-path /Pods.build/Debug-iphonesimulator/react-native-slider.build/Objects-normal/x86_64/RNCSlider.o

PrecompileModule /Users/karelbraborec/Library/Developer/Xcode/DerivedData/revmeter-hbcnswmlqmbpnlazhhkncgeowiss/Build/Intermediates.noindex/ExplicitPrecompiledModules/Foundation-2N8J9ST9NWPGA4OQM2DWMXBK4.scan
    cd /
    builtin-precompileModule /Users/karelbraborec/Library/Developer/Xcode/DerivedData/revmeter-hbcnswmlqmbpnlazhhkncgeowiss/Build/Intermediates.noindex/ExplicitPrecompiledModules/Foundation-2N8J9ST9NWPGA4OQM2DWMXBK4.scan

PrecompileModule /Users/karelbraborec/Library/Developer/Xcode/DerivedData/revmeter-hbcnswmlqmbpnlazhhkncgeowiss/Build/Intermediates.noindex/ExplicitPrecompiledModules/IOSurface-4LVWY2IA6H76YESBPB94OKV0B.scan
    cd /
    builtin-precompileModule /Users/karelbraborec/Library/Developer/Xcode/DerivedData/revmeter-hbcnswmlqmbpnlazhhkncgeowiss/Build/Intermediates.noindex/ExplicitPrecompiledModules/IOSurface-4LVWY2IA6H76YESBPB94OKV0B.scan

PrecompileModule /Users/karelbraborec/Library/Developer/Xcode/DerivedData/revmeter-hbcnswmlqmbpnlazhhkncgeowiss/Build/Intermediates.noindex/ExplicitPrecompiledModules/Symbols-XQJ3GB2XF0DS414EIVSEOZWG.scan
    cd /
    builtin-precompileModule /Users/karelbraborec/Library/Developer/Xcode/DerivedData/revmeter-hbcnswmlqmbpnlazhhkncgeowiss/Build/Intermediates.noindex/ExplicitPrecompiledModules/Symbols-XQJ3GB2XF0DS414EIVSEOZWG.scan

PrecompileModule /Users/karelbraborec/Library/Developer/Xcode/DerivedData/revmeter-hbcnswmlqmbpnlazhhkncgeowiss/Build/Intermediates.noindex/ExplicitPrecompiledModules/_Builtin_stdarg-DI2O0LL6VR734T1UH8B5S72A8.scan
    cd /
    builtin-precompileModule /Users/karelbraborec/Library/Developer/Xcode/DerivedData/revmeter-hbcnswmlqmbpnlazhhkncgeowiss/Build/Intermediates.noindex/ExplicitPrecompiledModules/_Builtin_stdarg-DI2O0LL6VR734T1UH8B5S72A8.scan

PrecompileModule /Users/karelbraborec/Library/Developer/Xcode/DerivedData/revmeter-hbcnswmlqmbpnlazhhkncgeowiss/Build/Intermediates.noindex/ExplicitPrecompiledModules/Metal-8J68TK7DO8GKVTC0PQ8SQE37L.scan
    cd /
    builtin-precompileModule /Users/karelbraborec/Library/Developer/Xcode/DerivedData/revmeter-hbcnswmlqmbpnlazhhkncgeowiss/Build/Intermediates.noindex/ExplicitPrecompiledModules/Metal-8J68TK7DO8GKVTC0PQ8SQE37L.scan

PrecompileModule /Users/karelbraborec/Library/Developer/Xcode/DerivedData/revmeter-hbcnswmlqmbpnlazhhkncgeowiss/Build/Intermediates.noindex/ExplicitPrecompiledModules/_Builtin_float-84LAVNIPBLL1PFFG8R1VRTO40.scan
    cd /
    builtin-precompileModule /Users/karelbraborec/Library/Developer/Xcode/DerivedData/revmeter-hbcnswmlqmbpnlazhhkncgeowiss/Build/Intermediates.noindex/ExplicitPrecompiledModules/_Builtin_float-84LAVNIPBLL1PFFG8R1VRTO40.scan

PrecompileModule /Users/karelbraborec/Library/Developer/Xcode/DerivedData/revmeter-hbcnswmlqmbpnlazhhkncgeowiss/Build/Intermediates.noindex/ExplicitPrecompiledModules/FileProvider-S1DKBH1INPVWZOLK30HEDU56.scan
    cd /
    builtin-precompileModule /Users/karelbraborec/Library/Developer/Xcode/DerivedData/revmeter-hbcnswmlqmbpnlazhhkncgeowiss/Build/Intermediates.noindex/ExplicitPrecompiledModules/FileProvider-S1DKBH1INPVWZOLK30HEDU56.scan

PrecompileModule /Users/karelbraborec/Library/Developer/Xcode/DerivedData/revmeter-hbcnswmlqmbpnlazhhkncgeowiss/Build/Intermediates.noindex/ExplicitPrecompiledModules/_Builtin_stddef-D1T7TCPSQ1S0CFLBMMTC9FC2M.scan
    cd /
    builtin-precompileModule /Users/karelbraborec/Library/Developer/Xcode/DerivedData/revmeter-hbcnswmlqmbpnlazhhkncgeowiss/Build/Intermediates.noindex/ExplicitPrecompiledModules/_Builtin_stddef-D1T7TCPSQ1S0CFLBMMTC9FC2M.scan

PrecompileModule /Users/karelbraborec/Library/Developer/Xcode/DerivedData/revmeter-hbcnswmlqmbpnlazhhkncgeowiss/Build/Intermediates.noindex/ExplicitPrecompiledModules/_Builtin_stdbool-459ZM6E6INYK2ZTSUD58CL96N.scan
    cd /
    builtin-precompileModule /Users/karelbraborec/Library/Developer/Xcode/DerivedData/revmeter-hbcnswmlqmbpnlazhhkncgeowiss/Build/Intermediates.noindex/ExplicitPrecompiledModules/_Builtin_stdbool-459ZM6E6INYK2ZTSUD58CL96N.scan

PrecompileModule /Users/karelbraborec/Library/Developer/Xcode/DerivedData/revmeter-hbcnswmlqmbpnlazhhkncgeowiss/Build/Intermediates.noindex/ExplicitPrecompiledModules/ptrauth-BYIL4QL504JLKWQONTV9VXWLI.scan
    cd /
    builtin-precompileModule /Users/karelbraborec/Library/Developer/Xcode/DerivedData/revmeter-hbcnswmlqmbpnlazhhkncgeowiss/Build/Intermediates.noindex/ExplicitPrecompiledModules/ptrauth-BYIL4QL504JLKWQONTV9VXWLI.scan

PrecompileModule /Users/karelbraborec/Library/Developer/Xcode/DerivedData/revmeter-hbcnswmlqmbpnlazhhkncgeowiss/Build/Intermediates.noindex/ExplicitPrecompiledModules/UIUtilities-1FNVM2VVZPL6BGYHCX1ECW5U1.scan
    cd /
    builtin-precompileModule /Users/karelbraborec/Library/Developer/Xcode/DerivedData/revmeter-hbcnswmlqmbpnlazhhkncgeowiss/Build/Intermediates.noindex/ExplicitPrecompiledModules/UIUtilities-1FNVM2VVZPL6BGYHCX1ECW5U1.scan

PrecompileModule /Users/karelbraborec/Library/Developer/Xcode/DerivedData/revmeter-hbcnswmlqmbpnlazhhkncgeowiss/Build/Intermediates.noindex/ExplicitPrecompiledModules/IOSurface-6TQT38QCTMBJBD2G5DE115VZI.scan
    cd /
    builtin-precompileModule /Users/karelbraborec/Library/Developer/Xcode/DerivedData/revmeter-hbcnswmlqmbpnlazhhkncgeowiss/Build/Intermediates.noindex/ExplicitPrecompiledModules/IOSurface-6TQT38QCTMBJBD2G5DE115VZI.scan

PrecompileModule /Users/karelbraborec/Library/Developer/Xcode/DerivedData/revmeter-hbcnswmlqmbpnlazhhkncgeowiss/Build/Intermediates.noindex/ExplicitPrecompiledModules/UserNotifications-5QJRSNINXZTXXFMY1I9BUYPGH.scan
    cd /
    builtin-precompileModule /Users/karelbraborec/Library/Developer/Xcode/DerivedData/revmeter-hbcnswmlqmbpnlazhhkncgeowiss/Build/Intermediates.noindex/ExplicitPrecompiledModules/UserNotifications-5QJRSNINXZTXXFMY1I9BUYPGH.scan

PrecompileModule /Users/karelbraborec/Library/Developer/Xcode/DerivedData/revmeter-hbcnswmlqmbpnlazhhkncgeowiss/Build/Intermediates.noindex/ExplicitPrecompiledModules/FileProvider-BY0RTKVR5CYVO3NYFC6PXEUTM.scan
    cd /
    builtin-precompileModule /Users/karelbraborec/Library/Developer/Xcode/DerivedData/revmeter-hbcnswmlqmbpnlazhhkncgeowiss/Build/Intermediates.noindex/ExplicitPrecompiledModules/FileProvider-BY0RTKVR5CYVO3NYFC6PXEUTM.scan

PrecompileModule /Users/karelbraborec/Library/Developer/Xcode/DerivedData/revmeter-hbcnswmlqmbpnlazhhkncgeowiss/Build/Intermediates.noindex/ExplicitPrecompiledModules/OpenGLES-AKAH65DSBWEOS6T1RNS7BRF6Q.scan
    cd /
    builtin-precompileModule /Users/karelbraborec/Library/Developer/Xcode/DerivedData/revmeter-hbcnswmlqmbpnlazhhkncgeowiss/Build/Intermediates.noindex/ExplicitPrecompiledModules/OpenGLES-AKAH65DSBWEOS6T1RNS7BRF6Q.scan

PrecompileModule /Users/karelbraborec/Library/Developer/Xcode/DerivedData/revmeter-hbcnswmlqmbpnlazhhkncgeowiss/Build/Intermediates.noindex/ExplicitPrecompiledModules/_AvailabilityInternal-B8FOHMLE3XI31I2F0PFWBK4OU.scan
    cd /
    builtin-precompileModule /Users/karelbraborec/Library/Developer/Xcode/DerivedData/revmeter-hbcnswmlqmbpnlazhhkncgeowiss/Build/Intermediates.noindex/ExplicitPrecompiledModules/_AvailabilityInternal-B8FOHMLE3XI31I2F0PFWBK4OU.scan

PrecompileModule /Users/karelbraborec/Library/Developer/Xcode/DerivedData/revmeter-hbcnswmlqmbpnlazhhkncgeowiss/Build/Intermediates.noindex/ExplicitPrecompiledModules/Metal-24NP9NNA5GJZSSO0BZENDJOJJ.scan
    cd /
    builtin-precompileModule /Users/karelbraborec/Library/Developer/Xcode/DerivedData/revmeter-hbcnswmlqmbpnlazhhkncgeowiss/Build/Intermediates.noindex/ExplicitPrecompiledModules/Metal-24NP9NNA5GJZSSO0BZENDJOJJ.scan

PrecompileModule /Users/karelbraborec/Library/Developer/Xcode/DerivedData/revmeter-hbcnswmlqmbpnlazhhkncgeowiss/Build/Intermediates.noindex/ExplicitPrecompiledModules/ptrcheck-3ID9SDVDPC5M6B9XY8FG4DP51.scan
    cd /
    builtin-precompileModule /Users/karelbraborec/Library/Developer/Xcode/DerivedData/revmeter-hbcnswmlqmbpnlazhhkncgeowiss/Build/Intermediates.noindex/ExplicitPrecompiledModules/ptrcheck-3ID9SDVDPC5M6B9XY8FG4DP51.scan

PrecompileModule /Users/karelbraborec/Library/Developer/Xcode/DerivedData/revmeter-hbcnswmlqmbpnlazhhkncgeowiss/Build/Intermediates.noindex/ExplicitPrecompiledModules/UserNotifications-EHG94I8YCI6KP07NERTFZP51Y.scan
    cd /
    builtin-precompileModule /Users/karelbraborec/Library/Developer/Xcode/DerivedData/revmeter-hbcnswmlqmbpnlazhhkncgeowiss/Build/Intermediates.noindex/ExplicitPrecompiledModules/UserNotifications-EHG94I8YCI6KP07NERTFZP51Y.scan

PrecompileModule /Users/karelbraborec/Library/Developer/Xcode/DerivedData/revmeter-hbcnswmlqmbpnlazhhkncgeowiss/Build/Intermediates.noindex/ExplicitPrecompiledModules/OpenGLES-5HNMQZ5BMX8JPYCS4LEJ54WRO.scan
    cd /
    builtin-precompileModule /Users/karelbraborec/Library/Developer/Xcode/DerivedData/revmeter-hbcnswmlqmbpnlazhhkncgeowiss/Build/Intermediates.noindex/ExplicitPrecompiledModules/OpenGLES-5HNMQZ5BMX8JPYCS4LEJ54WRO.scan

PrecompileModule /Users/karelbraborec/Library/Developer/Xcode/DerivedData/revmeter-hbcnswmlqmbpnlazhhkncgeowiss/Build/Intermediates.noindex/ExplicitPrecompiledModules/_DarwinFoundation1-ECCZGHI96IBU6A38LXGOZ09RS.scan
    cd /
    builtin-precompileModule /Users/karelbraborec/Library/Developer/Xcode/DerivedData/revmeter-hbcnswmlqmbpnlazhhkncgeowiss/Build/Intermediates.noindex/ExplicitPrecompiledModules/_DarwinFoundation1-ECCZGHI96IBU6A38LXGOZ09RS.scan

PrecompileModule /Users/karelbraborec/Library/Developer/Xcode/DerivedData/revmeter-hbcnswmlqmbpnlazhhkncgeowiss/Build/Intermediates.noindex/ExplicitPrecompiledModules/UIUtilities-8QPSSQLQJXN0A0CVD2DVARWJ9.scan
    cd /
    builtin-precompileModule /Users/karelbraborec/Library/Developer/Xcode/DerivedData/revmeter-hbcnswmlqmbpnlazhhkncgeowiss/Build/Intermediates.noindex/ExplicitPrecompiledModules/UIUtilities-8QPSSQLQJXN0A0CVD2DVARWJ9.scan

PrecompileModule /Users/karelbraborec/Library/Developer/Xcode/DerivedData/revmeter-hbcnswmlqmbpnlazhhkncgeowiss/Build/Intermediates.noindex/ExplicitPrecompiledModules/Symbols-3O9L0SK9XRYTE6CKYJEG8FQ0W.scan
    cd /
    builtin-precompileModule /Users/karelbraborec/Library/Developer/Xcode/DerivedData/revmeter-hbcnswmlqmbpnlazhhkncgeowiss/Build/Intermediates.noindex/ExplicitPrecompiledModules/Symbols-3O9L0SK9XRYTE6CKYJEG8FQ0W.scan

ScanDependencies /Users/karelbraborec/Library/Developer/Xcode/DerivedData/revmeter-hbcnswmlqmbpnlazhhkncgeowiss/Build/Intermediates.noindex/Pods.build/Debug-iphonesimulator/react-native-slider.build/Objects-normal/arm64/react-native-slider-dummy.o /Users/karelbraborec/rev-meter/ios/Pods/Target\ Support\ Files/react-native-slider/react-native-slider-dummy.m normal arm64 objective-c com.apple.compilers.llvm.clang.1_0.compiler (in target 'react-native-slider' from project 'Pods')
    cd /Users/karelbraborec/rev-meter/ios/Pods
    
    Using response file: /Users/karelbraborec/Library/Developer/Xcode/DerivedData/revmeter-hbcnswmlqmbpnlazhhkncgeowiss/Build/Intermediates.noindex/Pods.build/Debug-iphonesimulator/react-native-slider.build/Objects-normal/arm64/e6072d4f65d7061329687fe24e3d63a7-common-args.resp
    
    builtin-ScanDependencies -o /Users/karelbraborec/Library/Developer/Xcode/DerivedData/revmeter-hbcnswmlqmbpnlazhhkncgeowiss/Build/Intermediates.noindex/Pods.build/Debug-iphonesimulator/react-native-slider.build/Objects-normal/arm64/react-native-slider-dummy.o.scan -- /Applications/Xcode.app/Contents/Developer/Toolchains/XcodeDefault.xctoolchain/usr/bin/clang -x objective-c -ivfsstatcache /Users/karelbraborec/Library/Developer/Xcode/DerivedData/SDKStatCaches.noindex/iphonesimulator26.5-23F81a-6cfe768891a92b912361537c460fe42b.sdkstatcache -target arm64-apple-ios15.1-simulator -fmessage-length\=0 -fdiagnostics-show-note-include-stack -fmacro-backtrace-limit\=0 -fno-color-diagnostics -fmodules-prune-interval\=86400 -fmodules-prune-after\=345600 -fbuild-session-file\=/Users/karelbraborec/Library/Developer/Xcode/DerivedData/ModuleCache.noindex/Session.modulevalidation -fmodules-validate-once-per-build-session -Wnon-modular-include-in-framework-module -Werror\=non-modular-include-in-framework-module -Wno-trigraphs -Wno-missing-field-initializers -Wno-missing-prototypes -Werror\=return-type -Wdocumentation -Wunreachable-code -Wno-implicit-atomic-properties -Werror\=deprecated-objc-isa-usage -Wno-objc-interface-ivars -Werror\=objc-root-class -Wno-arc-repeated-use-of-weak -Wimplicit-retain-self -Wduplicate-method-match -Wno-missing-braces -Wparentheses -Wswitch -Wunused-function -Wno-unused-label -Wno-unused-parameter -Wunused-variable -Wunused-value -Wempty-body -Wuninitialized -Wconditional-uninitialized -Wno-unknown-pragmas -Wno-shadow -Wno-four-char-constants -Wno-conversion -Wconstant-conversion -Wint-conversion -Wbool-conversion -Wenum-conversion -Wno-float-conversion -Wnon-literal-null-conversion -Wobjc-literal-conversion -Wshorten-64-to-32 -Wpointer-sign -Wno-newline-eof -Wno-selector -Wno-strict-selector-match -Wundeclared-selector -Wdeprecated-implementations -Wno-implicit-fallthrough -isysroot /Applications/Xcode.app/Contents/Developer/Platforms/iPhoneSimulator.platform/Developer/SDKs/iPhoneSimulator26.5.sdk -fstrict-aliasing -Wprotocol -Wdeprecated-declarations -Wno-sign-conversion -Winfinite-recursion -Wcomma -Wblock-capture-autoreleasing -Wstrict-prototypes -Wno-semicolon-before-method-body -Wunguarded-availability -index-store-path /Users/karelbraborec/Library/Developer/Xcode/DerivedData/revmeter-hbcnswmlqmbpnlazhhkncgeowiss/Index.noindex/DataStore @/Users/karelbraborec/Library/Developer/Xcode/DerivedData/revmeter-hbcnswmlqmbpnlazhhkncgeowiss/Build/Intermediates.noindex/Pods.build/Debug-iphonesimulator/react-native-slider.build/Objects-normal/arm64/e6072d4f65d7061329687fe24e3d63a7-common-args.resp -include /Users/karelbraborec/rev-meter/ios/Pods/Target\ Support\ Files/react-native-slider/react-native-slider-prefix.pch -MMD -MT dependencies -MF /Users/karelbraborec/Library/Developer/Xcode/DerivedData/revmeter-hbcnswmlqmbpnlazhhkncgeowiss/Build/Intermediates.noindex/Pods.build/Debug-iphonesimulator/react-native-slider.build/Objects-normal/arm64/react-native-slider-dummy.d --serialize-diagnostics /Users/karelbraborec/Library/Developer/Xcode/DerivedData/revmeter-hbcnswmlqmbpnlazhhkncgeowiss/Build/Intermediates.noindex/Pods.build/Debug-iphonesimulator/react-native-slider.build/Objects-normal/arm64/react-native-slider-dummy.dia -c /Users/karelbraborec/rev-meter/ios/Pods/Target\ Support\ Files/react-native-slider/react-native-slider-dummy.m -o /Users/karelbraborec/Library/Developer/Xcode/DerivedData/revmeter-hbcnswmlqmbpnlazhhkncgeowiss/Build/Intermediates.noindex/Pods.build/Debug-iphonesimulator/react-native-slider.build/Objects-normal/arm64/react-native-slider-dummy.o -index-unit-output-path /Pods.build/Debug-iphonesimulator/react-native-slider.build/Objects-normal/arm64/react-native-slider-dummy.o

PrecompileModule /Users/karelbraborec/Library/Developer/Xcode/DerivedData/revmeter-hbcnswmlqmbpnlazhhkncgeowiss/Build/Intermediates.noindex/ExplicitPrecompiledModules/_DarwinFoundation2-BYQTA7UBE2Q54GER96958JADZ.scan
    cd /
    builtin-precompileModule /Users/karelbraborec/Library/Developer/Xcode/DerivedData/revmeter-hbcnswmlqmbpnlazhhkncgeowiss/Build/Intermediates.noindex/ExplicitPrecompiledModules/_DarwinFoundation2-BYQTA7UBE2Q54GER96958JADZ.scan

PrecompileModule /Users/karelbraborec/Library/Developer/Xcode/DerivedData/revmeter-hbcnswmlqmbpnlazhhkncgeowiss/Build/Intermediates.noindex/ExplicitPrecompiledModules/_Builtin_limits-DDG7JSVNG07RPUGO2GINIICXJ.scan
    cd /
    builtin-precompileModule /Users/karelbraborec/Library/Developer/Xcode/DerivedData/revmeter-hbcnswmlqmbpnlazhhkncgeowiss/Build/Intermediates.noindex/ExplicitPrecompiledModules/_Builtin_limits-DDG7JSVNG07RPUGO2GINIICXJ.scan

ScanDependencies /Users/karelbraborec/Library/Developer/Xcode/DerivedData/revmeter-hbcnswmlqmbpnlazhhkncgeowiss/Build/Intermediates.noindex/Pods.build/Debug-iphonesimulator/react-native-slider.build/Objects-normal/arm64/RNCSlider.o /Users/karelbraborec/rev-meter/node_modules/@react-native-community/slider/ios/RNCSlider.m normal arm64 objective-c com.apple.compilers.llvm.clang.1_0.compiler (in target 'react-native-slider' from project 'Pods')
    cd /Users/karelbraborec/rev-meter/ios/Pods
    
    Using response file: /Users/karelbraborec/Library/Developer/Xcode/DerivedData/revmeter-hbcnswmlqmbpnlazhhkncgeowiss/Build/Intermediates.noindex/Pods.build/Debug-iphonesimulator/react-native-slider.build/Objects-normal/arm64/e6072d4f65d7061329687fe24e3d63a7-common-args.resp
    
    builtin-ScanDependencies -o /Users/karelbraborec/Library/Developer/Xcode/DerivedData/revmeter-hbcnswmlqmbpnlazhhkncgeowiss/Build/Intermediates.noindex/Pods.build/Debug-iphonesimulator/react-native-slider.build/Objects-normal/arm64/RNCSlider.o.scan -- /Applications/Xcode.app/Contents/Developer/Toolchains/XcodeDefault.xctoolchain/usr/bin/clang -x objective-c -ivfsstatcache /Users/karelbraborec/Library/Developer/Xcode/DerivedData/SDKStatCaches.noindex/iphonesimulator26.5-23F81a-6cfe768891a92b912361537c460fe42b.sdkstatcache -target arm64-apple-ios15.1-simulator -fmessage-length\=0 -fdiagnostics-show-note-include-stack -fmacro-backtrace-limit\=0 -fno-color-diagnostics -fmodules-prune-interval\=86400 -fmodules-prune-after\=345600 -fbuild-session-file\=/Users/karelbraborec/Library/Developer/Xcode/DerivedData/ModuleCache.noindex/Session.modulevalidation -fmodules-validate-once-per-build-session -Wnon-modular-include-in-framework-module -Werror\=non-modular-include-in-framework-module -Wno-trigraphs -Wno-missing-field-initializers -Wno-missing-prototypes -Werror\=return-type -Wdocumentation -Wunreachable-code -Wno-implicit-atomic-properties -Werror\=deprecated-objc-isa-usage -Wno-objc-interface-ivars -Werror\=objc-root-class -Wno-arc-repeated-use-of-weak -Wimplicit-retain-self -Wduplicate-method-match -Wno-missing-braces -Wparentheses -Wswitch -Wunused-function -Wno-unused-label -Wno-unused-parameter -Wunused-variable -Wunused-value -Wempty-body -Wuninitialized -Wconditional-uninitialized -Wno-unknown-pragmas -Wno-shadow -Wno-four-char-constants -Wno-conversion -Wconstant-conversion -Wint-conversion -Wbool-conversion -Wenum-conversion -Wno-float-conversion -Wnon-literal-null-conversion -Wobjc-literal-conversion -Wshorten-64-to-32 -Wpointer-sign -Wno-newline-eof -Wno-selector -Wno-strict-selector-match -Wundeclared-selector -Wdeprecated-implementations -Wno-implicit-fallthrough -isysroot /Applications/Xcode.app/Contents/Developer/Platforms/iPhoneSimulator.platform/Developer/SDKs/iPhoneSimulator26.5.sdk -fstrict-aliasing -Wprotocol -Wdeprecated-declarations -Wno-sign-conversion -Winfinite-recursion -Wcomma -Wblock-capture-autoreleasing -Wstrict-prototypes -Wno-semicolon-before-method-body -Wunguarded-availability -index-store-path /Users/karelbraborec/Library/Developer/Xcode/DerivedData/revmeter-hbcnswmlqmbpnlazhhkncgeowiss/Index.noindex/DataStore @/Users/karelbraborec/Library/Developer/Xcode/DerivedData/revmeter-hbcnswmlqmbpnlazhhkncgeowiss/Build/Intermediates.noindex/Pods.build/Debug-iphonesimulator/react-native-slider.build/Objects-normal/arm64/e6072d4f65d7061329687fe24e3d63a7-common-args.resp -DRCT_NEW_ARCH_ENABLED\=1 -include /Users/karelbraborec/rev-meter/ios/Pods/Target\ Support\ Files/react-native-slider/react-native-slider-prefix.pch -MMD -MT dependencies -MF /Users/karelbraborec/Library/Developer/Xcode/DerivedData/revmeter-hbcnswmlqmbpnlazhhkncgeowiss/Build/Intermediates.noindex/Pods.build/Debug-iphonesimulator/react-native-slider.build/Objects-normal/arm64/RNCSlider.d --serialize-diagnostics /Users/karelbraborec/Library/Developer/Xcode/DerivedData/revmeter-hbcnswmlqmbpnlazhhkncgeowiss/Build/Intermediates.noindex/Pods.build/Debug-iphonesimulator/react-native-slider.build/Objects-normal/arm64/RNCSlider.dia -c /Users/karelbraborec/rev-meter/node_modules/@react-native-community/slider/ios/RNCSlider.m -o /Users/karelbraborec/Library/Developer/Xcode/DerivedData/revmeter-hbcnswmlqmbpnlazhhkncgeowiss/Build/Intermediates.noindex/Pods.build/Debug-iphonesimulator/react-native-slider.build/Objects-normal/arm64/RNCSlider.o -index-unit-output-path /Pods.build/Debug-iphonesimulator/react-native-slider.build/Objects-normal/arm64/RNCSlider.o

PrecompileModule /Users/karelbraborec/Library/Developer/Xcode/DerivedData/revmeter-hbcnswmlqmbpnlazhhkncgeowiss/Build/Intermediates.noindex/ExplicitPrecompiledModules/CoreVideo-9HK919AHFDHG4E4ODHANIT5QT.scan
    cd /
    builtin-precompileModule /Users/karelbraborec/Library/Developer/Xcode/DerivedData/revmeter-hbcnswmlqmbpnlazhhkncgeowiss/Build/Intermediates.noindex/ExplicitPrecompiledModules/CoreVideo-9HK919AHFDHG4E4ODHANIT5QT.scan

PrecompileModule /Users/karelbraborec/Library/Developer/Xcode/DerivedData/revmeter-hbcnswmlqmbpnlazhhkncgeowiss/Build/Intermediates.noindex/ExplicitPrecompiledModules/CoreVideo-BXZL593MLVWQT023J4OWGN3EP.scan
    cd /
    builtin-precompileModule /Users/karelbraborec/Library/Developer/Xcode/DerivedData/revmeter-hbcnswmlqmbpnlazhhkncgeowiss/Build/Intermediates.noindex/ExplicitPrecompiledModules/CoreVideo-BXZL593MLVWQT023J4OWGN3EP.scan

PrecompileModule /Users/karelbraborec/Library/Developer/Xcode/DerivedData/revmeter-hbcnswmlqmbpnlazhhkncgeowiss/Build/Intermediates.noindex/ExplicitPrecompiledModules/_Builtin_stdint-11LUONYFWHFW5FX6CZMB27K7C.scan
    cd /
    builtin-precompileModule /Users/karelbraborec/Library/Developer/Xcode/DerivedData/revmeter-hbcnswmlqmbpnlazhhkncgeowiss/Build/Intermediates.noindex/ExplicitPrecompiledModules/_Builtin_stdint-11LUONYFWHFW5FX6CZMB27K7C.scan

PrecompileModule /Users/karelbraborec/Library/Developer/Xcode/DerivedData/revmeter-hbcnswmlqmbpnlazhhkncgeowiss/Build/Intermediates.noindex/ExplicitPrecompiledModules/_DarwinFoundation3-7A8L36TP3S8LAWY7UOHGIJSIV.scan
    cd /
    builtin-precompileModule /Users/karelbraborec/Library/Developer/Xcode/DerivedData/revmeter-hbcnswmlqmbpnlazhhkncgeowiss/Build/Intermediates.noindex/ExplicitPrecompiledModules/_DarwinFoundation3-7A8L36TP3S8LAWY7UOHGIJSIV.scan

CompileC /Users/karelbraborec/Library/Developer/Xcode/DerivedData/revmeter-hbcnswmlqmbpnlazhhkncgeowiss/Build/Intermediates.noindex/Pods.build/Debug-iphonesimulator/react-native-safe-area-context.build/Objects-normal/x86_64/RNCSafeAreaViewState.o /Users/karelbraborec/rev-meter/node_modules/react-native-safe-area-context/common/cpp/react/renderer/components/safeareacontext/RNCSafeAreaViewState.cpp normal x86_64 c++ com.apple.compilers.llvm.clang.1_0.compiler (in target 'react-native-safe-area-context' from project 'Pods')
    cd /Users/karelbraborec/rev-meter/ios/Pods
    
    Using response file: /Users/karelbraborec/Library/Developer/Xcode/DerivedData/revmeter-hbcnswmlqmbpnlazhhkncgeowiss/Build/Intermediates.noindex/Pods.build/Debug-iphonesimulator/react-native-safe-area-context.build/Objects-normal/x86_64/82b82416624d2658e5098eb0a28c15c5-common-args.resp
    
    /Applications/Xcode.app/Contents/Developer/Toolchains/XcodeDefault.xctoolchain/usr/bin/clang -x c++ -ivfsstatcache /Users/karelbraborec/Library/Developer/Xcode/DerivedData/SDKStatCaches.noindex/iphonesimulator26.5-23F81a-6cfe768891a92b912361537c460fe42b.sdkstatcache -target x86_64-apple-ios15.1-simulator -fmessage-length\=0 -fdiagnostics-show-note-include-stack -fmacro-backtrace-limit\=0 -fno-color-diagnostics -fmodules-prune-interval\=86400 -fmodules-prune-after\=345600 -fbuild-session-file\=/Users/karelbraborec/Library/Developer/Xcode/DerivedData/ModuleCache.noindex/Session.modulevalidation -fmodules-validate-once-per-build-session -Wnon-modular-include-in-framework-module -Werror\=non-modular-include-in-framework-module -Wno-trigraphs -Wno-missing-field-initializers -Wno-missing-prototypes -Werror\=return-type -Wdocumentation -Wunreachable-code -Werror\=deprecated-objc-isa-usage -Werror\=objc-root-class -Wno-non-virtual-dtor -Wno-overloaded-virtual -Wno-exit-time-destructors -Wno-missing-braces -Wparentheses -Wswitch -Wunused-function -Wno-unused-label -Wno-unused-parameter -Wunused-variable -Wunused-value -Wempty-body -Wuninitialized -Wconditional-uninitialized -Wno-unknown-pragmas -Wno-shadow -Wno-four-char-constants -Wno-conversion -Wconstant-conversion -Wint-conversion -Wbool-conversion -Wenum-conversion -Wno-float-conversion -Wnon-literal-null-conversion -Wobjc-literal-conversion -Wshorten-64-to-32 -Wno-newline-eof -Wno-c++11-extensions -Wno-implicit-fallthrough -isysroot /Applications/Xcode.app/Contents/Developer/Platforms/iPhoneSimulator.platform/Developer/SDKs/iPhoneSimulator26.5.sdk -fstrict-aliasing -Wdeprecated-declarations -Winvalid-offsetof -Wno-sign-conversion -Winfinite-recursion -Wmove -Wcomma -Wblock-capture-autoreleasing -Wstrict-prototypes -Wrange-loop-analysis -Wno-semicolon-before-method-body -Wunguarded-availability -index-store-path /Users/karelbraborec/Library/Developer/Xcode/DerivedData/revmeter-hbcnswmlqmbpnlazhhkncgeowiss/Index.noindex/DataStore @/Users/karelbraborec/Library/Developer/Xcode/DerivedData/revmeter-hbcnswmlqmbpnlazhhkncgeowiss/Build/Intermediates.noindex/Pods.build/Debug-iphonesimulator/react-native-safe-area-context.build/Objects-normal/x86_64/82b82416624d2658e5098eb0a28c15c5-common-args.resp -DRCT_NEW_ARCH_ENABLED\=1 -include /Users/karelbraborec/rev-meter/ios/Pods/Target\ Support\ Files/react-native-safe-area-context/react-native-safe-area-context-prefix.pch -MMD -MT dependencies -MF /Users/karelbraborec/Library/Developer/Xcode/DerivedData/revmeter-hbcnswmlqmbpnlazhhkncgeowiss/Build/Intermediates.noindex/Pods.build/Debug-iphonesimulator/react-native-safe-area-context.build/Objects-normal/x86_64/RNCSafeAreaViewState.d --serialize-diagnostics /Users/karelbraborec/Library/Developer/Xcode/DerivedData/revmeter-hbcnswmlqmbpnlazhhkncgeowiss/Build/Intermediates.noindex/Pods.build/Debug-iphonesimulator/react-native-safe-area-context.build/Objects-normal/x86_64/RNCSafeAreaViewState.dia -c /Users/karelbraborec/rev-meter/node_modules/react-native-safe-area-context/common/cpp/react/renderer/components/safeareacontext/RNCSafeAreaViewState.cpp -o /Users/karelbraborec/Library/Developer/Xcode/DerivedData/revmeter-hbcnswmlqmbpnlazhhkncgeowiss/Build/Intermediates.noindex/Pods.build/Debug-iphonesimulator/react-native-safe-area-context.build/Objects-normal/x86_64/RNCSafeAreaViewState.o -index-unit-output-path /Pods.build/Debug-iphonesimulator/react-native-safe-area-context.build/Objects-normal/x86_64/RNCSafeAreaViewState.o

CompileC /Users/karelbraborec/Library/Developer/Xcode/DerivedData/revmeter-hbcnswmlqmbpnlazhhkncgeowiss/Build/Intermediates.noindex/Pods.build/Debug-iphonesimulator/react-native-safe-area-context.build/Objects-normal/x86_64/RNCSafeAreaViewShadowNode.o /Users/karelbraborec/rev-meter/node_modules/react-native-safe-area-context/common/cpp/react/renderer/components/safeareacontext/RNCSafeAreaViewShadowNode.cpp normal x86_64 c++ com.apple.compilers.llvm.clang.1_0.compiler (in target 'react-native-safe-area-context' from project 'Pods')
    cd /Users/karelbraborec/rev-meter/ios/Pods
    
    Using response file: /Users/karelbraborec/Library/Developer/Xcode/DerivedData/revmeter-hbcnswmlqmbpnlazhhkncgeowiss/Build/Intermediates.noindex/Pods.build/Debug-iphonesimulator/react-native-safe-area-context.build/Objects-normal/x86_64/82b82416624d2658e5098eb0a28c15c5-common-args.resp
    
    /Applications/Xcode.app/Contents/Developer/Toolchains/XcodeDefault.xctoolchain/usr/bin/clang -x c++ -ivfsstatcache /Users/karelbraborec/Library/Developer/Xcode/DerivedData/SDKStatCaches.noindex/iphonesimulator26.5-23F81a-6cfe768891a92b912361537c460fe42b.sdkstatcache -target x86_64-apple-ios15.1-simulator -fmessage-length\=0 -fdiagnostics-show-note-include-stack -fmacro-backtrace-limit\=0 -fno-color-diagnostics -fmodules-prune-interval\=86400 -fmodules-prune-after\=345600 -fbuild-session-file\=/Users/karelbraborec/Library/Developer/Xcode/DerivedData/ModuleCache.noindex/Session.modulevalidation -fmodules-validate-once-per-build-session -Wnon-modular-include-in-framework-module -Werror\=non-modular-include-in-framework-module -Wno-trigraphs -Wno-missing-field-initializers -Wno-missing-prototypes -Werror\=return-type -Wdocumentation -Wunreachable-code -Werror\=deprecated-objc-isa-usage -Werror\=objc-root-class -Wno-non-virtual-dtor -Wno-overloaded-virtual -Wno-exit-time-destructors -Wno-missing-braces -Wparentheses -Wswitch -Wunused-function -Wno-unused-label -Wno-unused-parameter -Wunused-variable -Wunused-value -Wempty-body -Wuninitialized -Wconditional-uninitialized -Wno-unknown-pragmas -Wno-shadow -Wno-four-char-constants -Wno-conversion -Wconstant-conversion -Wint-conversion -Wbool-conversion -Wenum-conversion -Wno-float-conversion -Wnon-literal-null-conversion -Wobjc-literal-conversion -Wshorten-64-to-32 -Wno-newline-eof -Wno-c++11-extensions -Wno-implicit-fallthrough -isysroot /Applications/Xcode.app/Contents/Developer/Platforms/iPhoneSimulator.platform/Developer/SDKs/iPhoneSimulator26.5.sdk -fstrict-aliasing -Wdeprecated-declarations -Winvalid-offsetof -Wno-sign-conversion -Winfinite-recursion -Wmove -Wcomma -Wblock-capture-autoreleasing -Wstrict-prototypes -Wrange-loop-analysis -Wno-semicolon-before-method-body -Wunguarded-availability -index-store-path /Users/karelbraborec/Library/Developer/Xcode/DerivedData/revmeter-hbcnswmlqmbpnlazhhkncgeowiss/Index.noindex/DataStore @/Users/karelbraborec/Library/Developer/Xcode/DerivedData/revmeter-hbcnswmlqmbpnlazhhkncgeowiss/Build/Intermediates.noindex/Pods.build/Debug-iphonesimulator/react-native-safe-area-context.build/Objects-normal/x86_64/82b82416624d2658e5098eb0a28c15c5-common-args.resp -DRCT_NEW_ARCH_ENABLED\=1 -include /Users/karelbraborec/rev-meter/ios/Pods/Target\ Support\ Files/react-native-safe-area-context/react-native-safe-area-context-prefix.pch -MMD -MT dependencies -MF /Users/karelbraborec/Library/Developer/Xcode/DerivedData/revmeter-hbcnswmlqmbpnlazhhkncgeowiss/Build/Intermediates.noindex/Pods.build/Debug-iphonesimulator/react-native-safe-area-context.build/Objects-normal/x86_64/RNCSafeAreaViewShadowNode.d --serialize-diagnostics /Users/karelbraborec/Library/Developer/Xcode/DerivedData/revmeter-hbcnswmlqmbpnlazhhkncgeowiss/Build/Intermediates.noindex/Pods.build/Debug-iphonesimulator/react-native-safe-area-context.build/Objects-normal/x86_64/RNCSafeAreaViewShadowNode.dia -c /Users/karelbraborec/rev-meter/node_modules/react-native-safe-area-context/common/cpp/react/renderer/components/safeareacontext/RNCSafeAreaViewShadowNode.cpp -o /Users/karelbraborec/Library/Developer/Xcode/DerivedData/revmeter-hbcnswmlqmbpnlazhhkncgeowiss/Build/Intermediates.noindex/Pods.build/Debug-iphonesimulator/react-native-safe-area-context.build/Objects-normal/x86_64/RNCSafeAreaViewShadowNode.o -index-unit-output-path /Pods.build/Debug-iphonesimulator/react-native-safe-area-context.build/Objects-normal/x86_64/RNCSafeAreaViewShadowNode.o

CompileC /Users/karelbraborec/Library/Developer/Xcode/DerivedData/revmeter-hbcnswmlqmbpnlazhhkncgeowiss/Build/Intermediates.noindex/Pods.build/Debug-iphonesimulator/react-native-safe-area-context.build/Objects-normal/x86_64/RNCSafeAreaViewComponentView.o /Users/karelbraborec/rev-meter/node_modules/react-native-safe-area-context/ios/Fabric/RNCSafeAreaViewComponentView.mm normal x86_64 objective-c++ com.apple.compilers.llvm.clang.1_0.compiler (in target 'react-native-safe-area-context' from project 'Pods')
    cd /Users/karelbraborec/rev-meter/ios/Pods
    
    Using response file: /Users/karelbraborec/Library/Developer/Xcode/DerivedData/revmeter-hbcnswmlqmbpnlazhhkncgeowiss/Build/Intermediates.noindex/Pods.build/Debug-iphonesimulator/react-native-safe-area-context.build/Objects-normal/x86_64/af3fcb34312c57c0f52879cdce924b91-common-args.resp
    
    /Applications/Xcode.app/Contents/Developer/Toolchains/XcodeDefault.xctoolchain/usr/bin/clang -x objective-c++ -ivfsstatcache /Users/karelbraborec/Library/Developer/Xcode/DerivedData/SDKStatCaches.noindex/iphonesimulator26.5-23F81a-6cfe768891a92b912361537c460fe42b.sdkstatcache -target x86_64-apple-ios15.1-simulator -fmessage-length\=0 -fdiagnostics-show-note-include-stack -fmacro-backtrace-limit\=0 -fno-color-diagnostics -fmodules-prune-interval\=86400 -fmodules-prune-after\=345600 -fbuild-session-file\=/Users/karelbraborec/Library/Developer/Xcode/DerivedData/ModuleCache.noindex/Session.modulevalidation -fmodules-validate-once-per-build-session -Wnon-modular-include-in-framework-module -Werror\=non-modular-include-in-framework-module -Wno-trigraphs -Wno-missing-field-initializers -Wno-missing-prototypes -Werror\=return-type -Wdocumentation -Wunreachable-code -Wno-implicit-atomic-properties -Werror\=deprecated-objc-isa-usage -Wno-objc-interface-ivars -Werror\=objc-root-class -Wno-arc-repeated-use-of-weak -Wimplicit-retain-self -Wno-non-virtual-dtor -Wno-overloaded-virtual -Wno-exit-time-destructors -Wduplicate-method-match -Wno-missing-braces -Wparentheses -Wswitch -Wunused-function -Wno-unused-label -Wno-unused-parameter -Wunused-variable -Wunused-value -Wempty-body -Wuninitialized -Wconditional-uninitialized -Wno-unknown-pragmas -Wno-shadow -Wno-four-char-constants -Wno-conversion -Wconstant-conversion -Wint-conversion -Wbool-conversion -Wenum-conversion -Wno-float-conversion -Wnon-literal-null-conversion -Wobjc-literal-conversion -Wshorten-64-to-32 -Wno-newline-eof -Wno-selector -Wno-strict-selector-match -Wundeclared-selector -Wdeprecated-implementations -Wno-c++11-extensions -Wno-implicit-fallthrough -isysroot /Applications/Xcode.app/Contents/Developer/Platforms/iPhoneSimulator.platform/Developer/SDKs/iPhoneSimulator26.5.sdk -fstrict-aliasing -Wprotocol -Wdeprecated-declarations -Winvalid-offsetof -Wno-sign-conversion -Winfinite-recursion -Wmove -Wcomma -Wblock-capture-autoreleasing -Wstrict-prototypes -Wrange-loop-analysis -Wno-semicolon-before-method-body -Wunguarded-availability -index-store-path /Users/karelbraborec/Library/Developer/Xcode/DerivedData/revmeter-hbcnswmlqmbpnlazhhkncgeowiss/Index.noindex/DataStore @/Users/karelbraborec/Library/Developer/Xcode/DerivedData/revmeter-hbcnswmlqmbpnlazhhkncgeowiss/Build/Intermediates.noindex/Pods.build/Debug-iphonesimulator/react-native-safe-area-context.build/Objects-normal/x86_64/af3fcb34312c57c0f52879cdce924b91-common-args.resp -DRCT_NEW_ARCH_ENABLED\=1 -include /Users/karelbraborec/rev-meter/ios/Pods/Target\ Support\ Files/react-native-safe-area-context/react-native-safe-area-context-prefix.pch -MMD -MT dependencies -MF /Users/karelbraborec/Library/Developer/Xcode/DerivedData/revmeter-hbcnswmlqmbpnlazhhkncgeowiss/Build/Intermediates.noindex/Pods.build/Debug-iphonesimulator/react-native-safe-area-context.build/Objects-normal/x86_64/RNCSafeAreaViewComponentView.d --serialize-diagnostics /Users/karelbraborec/Library/Developer/Xcode/DerivedData/revmeter-hbcnswmlqmbpnlazhhkncgeowiss/Build/Intermediates.noindex/Pods.build/Debug-iphonesimulator/react-native-safe-area-context.build/Objects-normal/x86_64/RNCSafeAreaViewComponentView.dia -c /Users/karelbraborec/rev-meter/node_modules/react-native-safe-area-context/ios/Fabric/RNCSafeAreaViewComponentView.mm -o /Users/karelbraborec/Library/Developer/Xcode/DerivedData/revmeter-hbcnswmlqmbpnlazhhkncgeowiss/Build/Intermediates.noindex/Pods.build/Debug-iphonesimulator/react-native-safe-area-context.build/Objects-normal/x86_64/RNCSafeAreaViewComponentView.o -index-unit-output-path /Pods.build/Debug-iphonesimulator/react-native-safe-area-context.build/Objects-normal/x86_64/RNCSafeAreaViewComponentView.o

CompileC /Users/karelbraborec/Library/Developer/Xcode/DerivedData/revmeter-hbcnswmlqmbpnlazhhkncgeowiss/Build/Intermediates.noindex/Pods.build/Debug-iphonesimulator/react-native-safe-area-context.build/Objects-normal/x86_64/RNCSafeAreaProviderComponentView.o /Users/karelbraborec/rev-meter/node_modules/react-native-safe-area-context/ios/Fabric/RNCSafeAreaProviderComponentView.mm normal x86_64 objective-c++ com.apple.compilers.llvm.clang.1_0.compiler (in target 'react-native-safe-area-context' from project 'Pods')
    cd /Users/karelbraborec/rev-meter/ios/Pods
    
    Using response file: /Users/karelbraborec/Library/Developer/Xcode/DerivedData/revmeter-hbcnswmlqmbpnlazhhkncgeowiss/Build/Intermediates.noindex/Pods.build/Debug-iphonesimulator/react-native-safe-area-context.build/Objects-normal/x86_64/af3fcb34312c57c0f52879cdce924b91-common-args.resp
    
    /Applications/Xcode.app/Contents/Developer/Toolchains/XcodeDefault.xctoolchain/usr/bin/clang -x objective-c++ -ivfsstatcache /Users/karelbraborec/Library/Developer/Xcode/DerivedData/SDKStatCaches.noindex/iphonesimulator26.5-23F81a-6cfe768891a92b912361537c460fe42b.sdkstatcache -target x86_64-apple-ios15.1-simulator -fmessage-length\=0 -fdiagnostics-show-note-include-stack -fmacro-backtrace-limit\=0 -fno-color-diagnostics -fmodules-prune-interval\=86400 -fmodules-prune-after\=345600 -fbuild-session-file\=/Users/karelbraborec/Library/Developer/Xcode/DerivedData/ModuleCache.noindex/Session.modulevalidation -fmodules-validate-once-per-build-session -Wnon-modular-include-in-framework-module -Werror\=non-modular-include-in-framework-module -Wno-trigraphs -Wno-missing-field-initializers -Wno-missing-prototypes -Werror\=return-type -Wdocumentation -Wunreachable-code -Wno-implicit-atomic-properties -Werror\=deprecated-objc-isa-usage -Wno-objc-interface-ivars -Werror\=objc-root-class -Wno-arc-repeated-use-of-weak -Wimplicit-retain-self -Wno-non-virtual-dtor -Wno-overloaded-virtual -Wno-exit-time-destructors -Wduplicate-method-match -Wno-missing-braces -Wparentheses -Wswitch -Wunused-function -Wno-unused-label -Wno-unused-parameter -Wunused-variable -Wunused-value -Wempty-body -Wuninitialized -Wconditional-uninitialized -Wno-unknown-pragmas -Wno-shadow -Wno-four-char-constants -Wno-conversion -Wconstant-conversion -Wint-conversion -Wbool-conversion -Wenum-conversion -Wno-float-conversion -Wnon-literal-null-conversion -Wobjc-literal-conversion -Wshorten-64-to-32 -Wno-newline-eof -Wno-selector -Wno-strict-selector-match -Wundeclared-selector -Wdeprecated-implementations -Wno-c++11-extensions -Wno-implicit-fallthrough -isysroot /Applications/Xcode.app/Contents/Developer/Platforms/iPhoneSimulator.platform/Developer/SDKs/iPhoneSimulator26.5.sdk -fstrict-aliasing -Wprotocol -Wdeprecated-declarations -Winvalid-offsetof -Wno-sign-conversion -Winfinite-recursion -Wmove -Wcomma -Wblock-capture-autoreleasing -Wstrict-prototypes -Wrange-loop-analysis -Wno-semicolon-before-method-body -Wunguarded-availability -index-store-path /Users/karelbraborec/Library/Developer/Xcode/DerivedData/revmeter-hbcnswmlqmbpnlazhhkncgeowiss/Index.noindex/DataStore @/Users/karelbraborec/Library/Developer/Xcode/DerivedData/revmeter-hbcnswmlqmbpnlazhhkncgeowiss/Build/Intermediates.noindex/Pods.build/Debug-iphonesimulator/react-native-safe-area-context.build/Objects-normal/x86_64/af3fcb34312c57c0f52879cdce924b91-common-args.resp -DRCT_NEW_ARCH_ENABLED\=1 -include /Users/karelbraborec/rev-meter/ios/Pods/Target\ Support\ Files/react-native-safe-area-context/react-native-safe-area-context-prefix.pch -MMD -MT dependencies -MF /Users/karelbraborec/Library/Developer/Xcode/DerivedData/revmeter-hbcnswmlqmbpnlazhhkncgeowiss/Build/Intermediates.noindex/Pods.build/Debug-iphonesimulator/react-native-safe-area-context.build/Objects-normal/x86_64/RNCSafeAreaProviderComponentView.d --serialize-diagnostics /Users/karelbraborec/Library/Developer/Xcode/DerivedData/revmeter-hbcnswmlqmbpnlazhhkncgeowiss/Build/Intermediates.noindex/Pods.build/Debug-iphonesimulator/react-native-safe-area-context.build/Objects-normal/x86_64/RNCSafeAreaProviderComponentView.dia -c /Users/karelbraborec/rev-meter/node_modules/react-native-safe-area-context/ios/Fabric/RNCSafeAreaProviderComponentView.mm -o /Users/karelbraborec/Library/Developer/Xcode/DerivedData/revmeter-hbcnswmlqmbpnlazhhkncgeowiss/Build/Intermediates.noindex/Pods.build/Debug-iphonesimulator/react-native-safe-area-context.build/Objects-normal/x86_64/RNCSafeAreaProviderComponentView.o -index-unit-output-path /Pods.build/Debug-iphonesimulator/react-native-safe-area-context.build/Objects-normal/x86_64/RNCSafeAreaProviderComponentView.o
/Users/karelbraborec/rev-meter/node_modules/react-native-safe-area-context/ios/Fabric/RNCSafeAreaProviderComponentView.mm:110:27: warning: ISO C++ requires field designators to be specified in declaration order; field 'left' will be initialized after field 'bottom' [-Wreorder-init-list]
  110 |                 .bottom = safeAreaInsets.bottom,
      |                 ~~~~~~~~~~^~~~~~~~~~~~~~~~~~~~~
/Users/karelbraborec/rev-meter/node_modules/react-native-safe-area-context/ios/Fabric/RNCSafeAreaProviderComponentView.mm:109:25: note: previous initialization for field 'left' is here
  109 |                 .left = safeAreaInsets.left,
      |                         ^~~~~~~~~~~~~~~~~~~
/Users/karelbraborec/rev-meter/node_modules/react-native-safe-area-context/ios/Fabric/RNCSafeAreaProviderComponentView.mm:111:26: warning: ISO C++ requires field designators to be specified in declaration order; field 'bottom' will be initialized after field 'right' [-Wreorder-init-list]
  111 |                 .right = safeAreaInsets.right,
      |                 ~~~~~~~~~^~~~~~~~~~~~~~~~~~~~
/Users/karelbraborec/rev-meter/node_modules/react-native-safe-area-context/ios/Fabric/RNCSafeAreaProviderComponentView.mm:110:27: note: previous initialization for field 'bottom' is here
  110 |                 .bottom = safeAreaInsets.bottom,
      |                           ^~~~~~~~~~~~~~~~~~~~~
2 warnings generated.

CompileC /Users/karelbraborec/Library/Developer/Xcode/DerivedData/revmeter-hbcnswmlqmbpnlazhhkncgeowiss/Build/Intermediates.noindex/Pods.build/Debug-iphonesimulator/react-native-safe-area-context.build/Objects-normal/x86_64/RNCSafeAreaContext.o /Users/karelbraborec/rev-meter/node_modules/react-native-safe-area-context/ios/RNCSafeAreaContext.mm normal x86_64 objective-c++ com.apple.compilers.llvm.clang.1_0.compiler (in target 'react-native-safe-area-context' from project 'Pods')
    cd /Users/karelbraborec/rev-meter/ios/Pods
    
    Using response file: /Users/karelbraborec/Library/Developer/Xcode/DerivedData/revmeter-hbcnswmlqmbpnlazhhkncgeowiss/Build/Intermediates.noindex/Pods.build/Debug-iphonesimulator/react-native-safe-area-context.build/Objects-normal/x86_64/af3fcb34312c57c0f52879cdce924b91-common-args.resp
    
    /Applications/Xcode.app/Contents/Developer/Toolchains/XcodeDefault.xctoolchain/usr/bin/clang -x objective-c++ -ivfsstatcache /Users/karelbraborec/Library/Developer/Xcode/DerivedData/SDKStatCaches.noindex/iphonesimulator26.5-23F81a-6cfe768891a92b912361537c460fe42b.sdkstatcache -target x86_64-apple-ios15.1-simulator -fmessage-length\=0 -fdiagnostics-show-note-include-stack -fmacro-backtrace-limit\=0 -fno-color-diagnostics -fmodules-prune-interval\=86400 -fmodules-prune-after\=345600 -fbuild-session-file\=/Users/karelbraborec/Library/Developer/Xcode/DerivedData/ModuleCache.noindex/Session.modulevalidation -fmodules-validate-once-per-build-session -Wnon-modular-include-in-framework-module -Werror\=non-modular-include-in-framework-module -Wno-trigraphs -Wno-missing-field-initializers -Wno-missing-prototypes -Werror\=return-type -Wdocumentation -Wunreachable-code -Wno-implicit-atomic-properties -Werror\=deprecated-objc-isa-usage -Wno-objc-interface-ivars -Werror\=objc-root-class -Wno-arc-repeated-use-of-weak -Wimplicit-retain-self -Wno-non-virtual-dtor -Wno-overloaded-virtual -Wno-exit-time-destructors -Wduplicate-method-match -Wno-missing-braces -Wparentheses -Wswitch -Wunused-function -Wno-unused-label -Wno-unused-parameter -Wunused-variable -Wunused-value -Wempty-body -Wuninitialized -Wconditional-uninitialized -Wno-unknown-pragmas -Wno-shadow -Wno-four-char-constants -Wno-conversion -Wconstant-conversion -Wint-conversion -Wbool-conversion -Wenum-conversion -Wno-float-conversion -Wnon-literal-null-conversion -Wobjc-literal-conversion -Wshorten-64-to-32 -Wno-newline-eof -Wno-selector -Wno-strict-selector-match -Wundeclared-selector -Wdeprecated-implementations -Wno-c++11-extensions -Wno-implicit-fallthrough -isysroot /Applications/Xcode.app/Contents/Developer/Platforms/iPhoneSimulator.platform/Developer/SDKs/iPhoneSimulator26.5.sdk -fstrict-aliasing -Wprotocol -Wdeprecated-declarations -Winvalid-offsetof -Wno-sign-conversion -Winfinite-recursion -Wmove -Wcomma -Wblock-capture-autoreleasing -Wstrict-prototypes -Wrange-loop-analysis -Wno-semicolon-before-method-body -Wunguarded-availability -index-store-path /Users/karelbraborec/Library/Developer/Xcode/DerivedData/revmeter-hbcnswmlqmbpnlazhhkncgeowiss/Index.noindex/DataStore @/Users/karelbraborec/Library/Developer/Xcode/DerivedData/revmeter-hbcnswmlqmbpnlazhhkncgeowiss/Build/Intermediates.noindex/Pods.build/Debug-iphonesimulator/react-native-safe-area-context.build/Objects-normal/x86_64/af3fcb34312c57c0f52879cdce924b91-common-args.resp -DRCT_NEW_ARCH_ENABLED\=1 -include /Users/karelbraborec/rev-meter/ios/Pods/Target\ Support\ Files/react-native-safe-area-context/react-native-safe-area-context-prefix.pch -MMD -MT dependencies -MF /Users/karelbraborec/Library/Developer/Xcode/DerivedData/revmeter-hbcnswmlqmbpnlazhhkncgeowiss/Build/Intermediates.noindex/Pods.build/Debug-iphonesimulator/react-native-safe-area-context.build/Objects-normal/x86_64/RNCSafeAreaContext.d --serialize-diagnostics /Users/karelbraborec/Library/Developer/Xcode/DerivedData/revmeter-hbcnswmlqmbpnlazhhkncgeowiss/Build/Intermediates.noindex/Pods.build/Debug-iphonesimulator/react-native-safe-area-context.build/Objects-normal/x86_64/RNCSafeAreaContext.dia -c /Users/karelbraborec/rev-meter/node_modules/react-native-safe-area-context/ios/RNCSafeAreaContext.mm -o /Users/karelbraborec/Library/Developer/Xcode/DerivedData/revmeter-hbcnswmlqmbpnlazhhkncgeowiss/Build/Intermediates.noindex/Pods.build/Debug-iphonesimulator/react-native-safe-area-context.build/Objects-normal/x86_64/RNCSafeAreaContext.o -index-unit-output-path /Pods.build/Debug-iphonesimulator/react-native-safe-area-context.build/Objects-normal/x86_64/RNCSafeAreaContext.o

CompileC /Users/karelbraborec/Library/Developer/Xcode/DerivedData/revmeter-hbcnswmlqmbpnlazhhkncgeowiss/Build/Intermediates.noindex/Pods.build/Debug-iphonesimulator/react-native-safe-area-context.build/Objects-normal/arm64/RNCSafeAreaViewState.o /Users/karelbraborec/rev-meter/node_modules/react-native-safe-area-context/common/cpp/react/renderer/components/safeareacontext/RNCSafeAreaViewState.cpp normal arm64 c++ com.apple.compilers.llvm.clang.1_0.compiler (in target 'react-native-safe-area-context' from project 'Pods')
    cd /Users/karelbraborec/rev-meter/ios/Pods
    
    Using response file: /Users/karelbraborec/Library/Developer/Xcode/DerivedData/revmeter-hbcnswmlqmbpnlazhhkncgeowiss/Build/Intermediates.noindex/Pods.build/Debug-iphonesimulator/react-native-safe-area-context.build/Objects-normal/arm64/82b82416624d2658e5098eb0a28c15c5-common-args.resp
    
    /Applications/Xcode.app/Contents/Developer/Toolchains/XcodeDefault.xctoolchain/usr/bin/clang -x c++ -ivfsstatcache /Users/karelbraborec/Library/Developer/Xcode/DerivedData/SDKStatCaches.noindex/iphonesimulator26.5-23F81a-6cfe768891a92b912361537c460fe42b.sdkstatcache -target arm64-apple-ios15.1-simulator -fmessage-length\=0 -fdiagnostics-show-note-include-stack -fmacro-backtrace-limit\=0 -fno-color-diagnostics -fmodules-prune-interval\=86400 -fmodules-prune-after\=345600 -fbuild-session-file\=/Users/karelbraborec/Library/Developer/Xcode/DerivedData/ModuleCache.noindex/Session.modulevalidation -fmodules-validate-once-per-build-session -Wnon-modular-include-in-framework-module -Werror\=non-modular-include-in-framework-module -Wno-trigraphs -Wno-missing-field-initializers -Wno-missing-prototypes -Werror\=return-type -Wdocumentation -Wunreachable-code -Werror\=deprecated-objc-isa-usage -Werror\=objc-root-class -Wno-non-virtual-dtor -Wno-overloaded-virtual -Wno-exit-time-destructors -Wno-missing-braces -Wparentheses -Wswitch -Wunused-function -Wno-unused-label -Wno-unused-parameter -Wunused-variable -Wunused-value -Wempty-body -Wuninitialized -Wconditional-uninitialized -Wno-unknown-pragmas -Wno-shadow -Wno-four-char-constants -Wno-conversion -Wconstant-conversion -Wint-conversion -Wbool-conversion -Wenum-conversion -Wno-float-conversion -Wnon-literal-null-conversion -Wobjc-literal-conversion -Wshorten-64-to-32 -Wno-newline-eof -Wno-c++11-extensions -Wno-implicit-fallthrough -isysroot /Applications/Xcode.app/Contents/Developer/Platforms/iPhoneSimulator.platform/Developer/SDKs/iPhoneSimulator26.5.sdk -fstrict-aliasing -Wdeprecated-declarations -Winvalid-offsetof -Wno-sign-conversion -Winfinite-recursion -Wmove -Wcomma -Wblock-capture-autoreleasing -Wstrict-prototypes -Wrange-loop-analysis -Wno-semicolon-before-method-body -Wunguarded-availability -index-store-path /Users/karelbraborec/Library/Developer/Xcode/DerivedData/revmeter-hbcnswmlqmbpnlazhhkncgeowiss/Index.noindex/DataStore @/Users/karelbraborec/Library/Developer/Xcode/DerivedData/revmeter-hbcnswmlqmbpnlazhhkncgeowiss/Build/Intermediates.noindex/Pods.build/Debug-iphonesimulator/react-native-safe-area-context.build/Objects-normal/arm64/82b82416624d2658e5098eb0a28c15c5-common-args.resp -DRCT_NEW_ARCH_ENABLED\=1 -include /Users/karelbraborec/rev-meter/ios/Pods/Target\ Support\ Files/react-native-safe-area-context/react-native-safe-area-context-prefix.pch -MMD -MT dependencies -MF /Users/karelbraborec/Library/Developer/Xcode/DerivedData/revmeter-hbcnswmlqmbpnlazhhkncgeowiss/Build/Intermediates.noindex/Pods.build/Debug-iphonesimulator/react-native-safe-area-context.build/Objects-normal/arm64/RNCSafeAreaViewState.d --serialize-diagnostics /Users/karelbraborec/Library/Developer/Xcode/DerivedData/revmeter-hbcnswmlqmbpnlazhhkncgeowiss/Build/Intermediates.noindex/Pods.build/Debug-iphonesimulator/react-native-safe-area-context.build/Objects-normal/arm64/RNCSafeAreaViewState.dia -c /Users/karelbraborec/rev-meter/node_modules/react-native-safe-area-context/common/cpp/react/renderer/components/safeareacontext/RNCSafeAreaViewState.cpp -o /Users/karelbraborec/Library/Developer/Xcode/DerivedData/revmeter-hbcnswmlqmbpnlazhhkncgeowiss/Build/Intermediates.noindex/Pods.build/Debug-iphonesimulator/react-native-safe-area-context.build/Objects-normal/arm64/RNCSafeAreaViewState.o -index-unit-output-path /Pods.build/Debug-iphonesimulator/react-native-safe-area-context.build/Objects-normal/arm64/RNCSafeAreaViewState.o

CompileC /Users/karelbraborec/Library/Developer/Xcode/DerivedData/revmeter-hbcnswmlqmbpnlazhhkncgeowiss/Build/Intermediates.noindex/Pods.build/Debug-iphonesimulator/react-native-safe-area-context.build/Objects-normal/arm64/RNCSafeAreaViewShadowNode.o /Users/karelbraborec/rev-meter/node_modules/react-native-safe-area-context/common/cpp/react/renderer/components/safeareacontext/RNCSafeAreaViewShadowNode.cpp normal arm64 c++ com.apple.compilers.llvm.clang.1_0.compiler (in target 'react-native-safe-area-context' from project 'Pods')
    cd /Users/karelbraborec/rev-meter/ios/Pods
    
    Using response file: /Users/karelbraborec/Library/Developer/Xcode/DerivedData/revmeter-hbcnswmlqmbpnlazhhkncgeowiss/Build/Intermediates.noindex/Pods.build/Debug-iphonesimulator/react-native-safe-area-context.build/Objects-normal/arm64/82b82416624d2658e5098eb0a28c15c5-common-args.resp
    
    /Applications/Xcode.app/Contents/Developer/Toolchains/XcodeDefault.xctoolchain/usr/bin/clang -x c++ -ivfsstatcache /Users/karelbraborec/Library/Developer/Xcode/DerivedData/SDKStatCaches.noindex/iphonesimulator26.5-23F81a-6cfe768891a92b912361537c460fe42b.sdkstatcache -target arm64-apple-ios15.1-simulator -fmessage-length\=0 -fdiagnostics-show-note-include-stack -fmacro-backtrace-limit\=0 -fno-color-diagnostics -fmodules-prune-interval\=86400 -fmodules-prune-after\=345600 -fbuild-session-file\=/Users/karelbraborec/Library/Developer/Xcode/DerivedData/ModuleCache.noindex/Session.modulevalidation -fmodules-validate-once-per-build-session -Wnon-modular-include-in-framework-module -Werror\=non-modular-include-in-framework-module -Wno-trigraphs -Wno-missing-field-initializers -Wno-missing-prototypes -Werror\=return-type -Wdocumentation -Wunreachable-code -Werror\=deprecated-objc-isa-usage -Werror\=objc-root-class -Wno-non-virtual-dtor -Wno-overloaded-virtual -Wno-exit-time-destructors -Wno-missing-braces -Wparentheses -Wswitch -Wunused-function -Wno-unused-label -Wno-unused-parameter -Wunused-variable -Wunused-value -Wempty-body -Wuninitialized -Wconditional-uninitialized -Wno-unknown-pragmas -Wno-shadow -Wno-four-char-constants -Wno-conversion -Wconstant-conversion -Wint-conversion -Wbool-conversion -Wenum-conversion -Wno-float-conversion -Wnon-literal-null-conversion -Wobjc-literal-conversion -Wshorten-64-to-32 -Wno-newline-eof -Wno-c++11-extensions -Wno-implicit-fallthrough -isysroot /Applications/Xcode.app/Contents/Developer/Platforms/iPhoneSimulator.platform/Developer/SDKs/iPhoneSimulator26.5.sdk -fstrict-aliasing -Wdeprecated-declarations -Winvalid-offsetof -Wno-sign-conversion -Winfinite-recursion -Wmove -Wcomma -Wblock-capture-autoreleasing -Wstrict-prototypes -Wrange-loop-analysis -Wno-semicolon-before-method-body -Wunguarded-availability -index-store-path /Users/karelbraborec/Library/Developer/Xcode/DerivedData/revmeter-hbcnswmlqmbpnlazhhkncgeowiss/Index.noindex/DataStore @/Users/karelbraborec/Library/Developer/Xcode/DerivedData/revmeter-hbcnswmlqmbpnlazhhkncgeowiss/Build/Intermediates.noindex/Pods.build/Debug-iphonesimulator/react-native-safe-area-context.build/Objects-normal/arm64/82b82416624d2658e5098eb0a28c15c5-common-args.resp -DRCT_NEW_ARCH_ENABLED\=1 -include /Users/karelbraborec/rev-meter/ios/Pods/Target\ Support\ Files/react-native-safe-area-context/react-native-safe-area-context-prefix.pch -MMD -MT dependencies -MF /Users/karelbraborec/Library/Developer/Xcode/DerivedData/revmeter-hbcnswmlqmbpnlazhhkncgeowiss/Build/Intermediates.noindex/Pods.build/Debug-iphonesimulator/react-native-safe-area-context.build/Objects-normal/arm64/RNCSafeAreaViewShadowNode.d --serialize-diagnostics /Users/karelbraborec/Library/Developer/Xcode/DerivedData/revmeter-hbcnswmlqmbpnlazhhkncgeowiss/Build/Intermediates.noindex/Pods.build/Debug-iphonesimulator/react-native-safe-area-context.build/Objects-normal/arm64/RNCSafeAreaViewShadowNode.dia -c /Users/karelbraborec/rev-meter/node_modules/react-native-safe-area-context/common/cpp/react/renderer/components/safeareacontext/RNCSafeAreaViewShadowNode.cpp -o /Users/karelbraborec/Library/Developer/Xcode/DerivedData/revmeter-hbcnswmlqmbpnlazhhkncgeowiss/Build/Intermediates.noindex/Pods.build/Debug-iphonesimulator/react-native-safe-area-context.build/Objects-normal/arm64/RNCSafeAreaViewShadowNode.o -index-unit-output-path /Pods.build/Debug-iphonesimulator/react-native-safe-area-context.build/Objects-normal/arm64/RNCSafeAreaViewShadowNode.o

CompileC /Users/karelbraborec/Library/Developer/Xcode/DerivedData/revmeter-hbcnswmlqmbpnlazhhkncgeowiss/Build/Intermediates.noindex/Pods.build/Debug-iphonesimulator/react-native-safe-area-context.build/Objects-normal/arm64/RNCSafeAreaViewComponentView.o /Users/karelbraborec/rev-meter/node_modules/react-native-safe-area-context/ios/Fabric/RNCSafeAreaViewComponentView.mm normal arm64 objective-c++ com.apple.compilers.llvm.clang.1_0.compiler (in target 'react-native-safe-area-context' from project 'Pods')
    cd /Users/karelbraborec/rev-meter/ios/Pods
    
    Using response file: /Users/karelbraborec/Library/Developer/Xcode/DerivedData/revmeter-hbcnswmlqmbpnlazhhkncgeowiss/Build/Intermediates.noindex/Pods.build/Debug-iphonesimulator/react-native-safe-area-context.build/Objects-normal/arm64/af3fcb34312c57c0f52879cdce924b91-common-args.resp
    
    /Applications/Xcode.app/Contents/Developer/Toolchains/XcodeDefault.xctoolchain/usr/bin/clang -x objective-c++ -ivfsstatcache /Users/karelbraborec/Library/Developer/Xcode/DerivedData/SDKStatCaches.noindex/iphonesimulator26.5-23F81a-6cfe768891a92b912361537c460fe42b.sdkstatcache -target arm64-apple-ios15.1-simulator -fmessage-length\=0 -fdiagnostics-show-note-include-stack -fmacro-backtrace-limit\=0 -fno-color-diagnostics -fmodules-prune-interval\=86400 -fmodules-prune-after\=345600 -fbuild-session-file\=/Users/karelbraborec/Library/Developer/Xcode/DerivedData/ModuleCache.noindex/Session.modulevalidation -fmodules-validate-once-per-build-session -Wnon-modular-include-in-framework-module -Werror\=non-modular-include-in-framework-module -Wno-trigraphs -Wno-missing-field-initializers -Wno-missing-prototypes -Werror\=return-type -Wdocumentation -Wunreachable-code -Wno-implicit-atomic-properties -Werror\=deprecated-objc-isa-usage -Wno-objc-interface-ivars -Werror\=objc-root-class -Wno-arc-repeated-use-of-weak -Wimplicit-retain-self -Wno-non-virtual-dtor -Wno-overloaded-virtual -Wno-exit-time-destructors -Wduplicate-method-match -Wno-missing-braces -Wparentheses -Wswitch -Wunused-function -Wno-unused-label -Wno-unused-parameter -Wunused-variable -Wunused-value -Wempty-body -Wuninitialized -Wconditional-uninitialized -Wno-unknown-pragmas -Wno-shadow -Wno-four-char-constants -Wno-conversion -Wconstant-conversion -Wint-conversion -Wbool-conversion -Wenum-conversion -Wno-float-conversion -Wnon-literal-null-conversion -Wobjc-literal-conversion -Wshorten-64-to-32 -Wno-newline-eof -Wno-selector -Wno-strict-selector-match -Wundeclared-selector -Wdeprecated-implementations -Wno-c++11-extensions -Wno-implicit-fallthrough -isysroot /Applications/Xcode.app/Contents/Developer/Platforms/iPhoneSimulator.platform/Developer/SDKs/iPhoneSimulator26.5.sdk -fstrict-aliasing -Wprotocol -Wdeprecated-declarations -Winvalid-offsetof -Wno-sign-conversion -Winfinite-recursion -Wmove -Wcomma -Wblock-capture-autoreleasing -Wstrict-prototypes -Wrange-loop-analysis -Wno-semicolon-before-method-body -Wunguarded-availability -index-store-path /Users/karelbraborec/Library/Developer/Xcode/DerivedData/revmeter-hbcnswmlqmbpnlazhhkncgeowiss/Index.noindex/DataStore @/Users/karelbraborec/Library/Developer/Xcode/DerivedData/revmeter-hbcnswmlqmbpnlazhhkncgeowiss/Build/Intermediates.noindex/Pods.build/Debug-iphonesimulator/react-native-safe-area-context.build/Objects-normal/arm64/af3fcb34312c57c0f52879cdce924b91-common-args.resp -DRCT_NEW_ARCH_ENABLED\=1 -include /Users/karelbraborec/rev-meter/ios/Pods/Target\ Support\ Files/react-native-safe-area-context/react-native-safe-area-context-prefix.pch -MMD -MT dependencies -MF /Users/karelbraborec/Library/Developer/Xcode/DerivedData/revmeter-hbcnswmlqmbpnlazhhkncgeowiss/Build/Intermediates.noindex/Pods.build/Debug-iphonesimulator/react-native-safe-area-context.build/Objects-normal/arm64/RNCSafeAreaViewComponentView.d --serialize-diagnostics /Users/karelbraborec/Library/Developer/Xcode/DerivedData/revmeter-hbcnswmlqmbpnlazhhkncgeowiss/Build/Intermediates.noindex/Pods.build/Debug-iphonesimulator/react-native-safe-area-context.build/Objects-normal/arm64/RNCSafeAreaViewComponentView.dia -c /Users/karelbraborec/rev-meter/node_modules/react-native-safe-area-context/ios/Fabric/RNCSafeAreaViewComponentView.mm -o /Users/karelbraborec/Library/Developer/Xcode/DerivedData/revmeter-hbcnswmlqmbpnlazhhkncgeowiss/Build/Intermediates.noindex/Pods.build/Debug-iphonesimulator/react-native-safe-area-context.build/Objects-normal/arm64/RNCSafeAreaViewComponentView.o -index-unit-output-path /Pods.build/Debug-iphonesimulator/react-native-safe-area-context.build/Objects-normal/arm64/RNCSafeAreaViewComponentView.o

CompileC /Users/karelbraborec/Library/Developer/Xcode/DerivedData/revmeter-hbcnswmlqmbpnlazhhkncgeowiss/Build/Intermediates.noindex/Pods.build/Debug-iphonesimulator/react-native-safe-area-context.build/Objects-normal/arm64/RNCSafeAreaProviderComponentView.o /Users/karelbraborec/rev-meter/node_modules/react-native-safe-area-context/ios/Fabric/RNCSafeAreaProviderComponentView.mm normal arm64 objective-c++ com.apple.compilers.llvm.clang.1_0.compiler (in target 'react-native-safe-area-context' from project 'Pods')
    cd /Users/karelbraborec/rev-meter/ios/Pods
    
    Using response file: /Users/karelbraborec/Library/Developer/Xcode/DerivedData/revmeter-hbcnswmlqmbpnlazhhkncgeowiss/Build/Intermediates.noindex/Pods.build/Debug-iphonesimulator/react-native-safe-area-context.build/Objects-normal/arm64/af3fcb34312c57c0f52879cdce924b91-common-args.resp
    
    /Applications/Xcode.app/Contents/Developer/Toolchains/XcodeDefault.xctoolchain/usr/bin/clang -x objective-c++ -ivfsstatcache /Users/karelbraborec/Library/Developer/Xcode/DerivedData/SDKStatCaches.noindex/iphonesimulator26.5-23F81a-6cfe768891a92b912361537c460fe42b.sdkstatcache -target arm64-apple-ios15.1-simulator -fmessage-length\=0 -fdiagnostics-show-note-include-stack -fmacro-backtrace-limit\=0 -fno-color-diagnostics -fmodules-prune-interval\=86400 -fmodules-prune-after\=345600 -fbuild-session-file\=/Users/karelbraborec/Library/Developer/Xcode/DerivedData/ModuleCache.noindex/Session.modulevalidation -fmodules-validate-once-per-build-session -Wnon-modular-include-in-framework-module -Werror\=non-modular-include-in-framework-module -Wno-trigraphs -Wno-missing-field-initializers -Wno-missing-prototypes -Werror\=return-type -Wdocumentation -Wunreachable-code -Wno-implicit-atomic-properties -Werror\=deprecated-objc-isa-usage -Wno-objc-interface-ivars -Werror\=objc-root-class -Wno-arc-repeated-use-of-weak -Wimplicit-retain-self -Wno-non-virtual-dtor -Wno-overloaded-virtual -Wno-exit-time-destructors -Wduplicate-method-match -Wno-missing-braces -Wparentheses -Wswitch -Wunused-function -Wno-unused-label -Wno-unused-parameter -Wunused-variable -Wunused-value -Wempty-body -Wuninitialized -Wconditional-uninitialized -Wno-unknown-pragmas -Wno-shadow -Wno-four-char-constants -Wno-conversion -Wconstant-conversion -Wint-conversion -Wbool-conversion -Wenum-conversion -Wno-float-conversion -Wnon-literal-null-conversion -Wobjc-literal-conversion -Wshorten-64-to-32 -Wno-newline-eof -Wno-selector -Wno-strict-selector-match -Wundeclared-selector -Wdeprecated-implementations -Wno-c++11-extensions -Wno-implicit-fallthrough -isysroot /Applications/Xcode.app/Contents/Developer/Platforms/iPhoneSimulator.platform/Developer/SDKs/iPhoneSimulator26.5.sdk -fstrict-aliasing -Wprotocol -Wdeprecated-declarations -Winvalid-offsetof -Wno-sign-conversion -Winfinite-recursion -Wmove -Wcomma -Wblock-capture-autoreleasing -Wstrict-prototypes -Wrange-loop-analysis -Wno-semicolon-before-method-body -Wunguarded-availability -index-store-path /Users/karelbraborec/Library/Developer/Xcode/DerivedData/revmeter-hbcnswmlqmbpnlazhhkncgeowiss/Index.noindex/DataStore @/Users/karelbraborec/Library/Developer/Xcode/DerivedData/revmeter-hbcnswmlqmbpnlazhhkncgeowiss/Build/Intermediates.noindex/Pods.build/Debug-iphonesimulator/react-native-safe-area-context.build/Objects-normal/arm64/af3fcb34312c57c0f52879cdce924b91-common-args.resp -DRCT_NEW_ARCH_ENABLED\=1 -include /Users/karelbraborec/rev-meter/ios/Pods/Target\ Support\ Files/react-native-safe-area-context/react-native-safe-area-context-prefix.pch -MMD -MT dependencies -MF /Users/karelbraborec/Library/Developer/Xcode/DerivedData/revmeter-hbcnswmlqmbpnlazhhkncgeowiss/Build/Intermediates.noindex/Pods.build/Debug-iphonesimulator/react-native-safe-area-context.build/Objects-normal/arm64/RNCSafeAreaProviderComponentView.d --serialize-diagnostics /Users/karelbraborec/Library/Developer/Xcode/DerivedData/revmeter-hbcnswmlqmbpnlazhhkncgeowiss/Build/Intermediates.noindex/Pods.build/Debug-iphonesimulator/react-native-safe-area-context.build/Objects-normal/arm64/RNCSafeAreaProviderComponentView.dia -c /Users/karelbraborec/rev-meter/node_modules/react-native-safe-area-context/ios/Fabric/RNCSafeAreaProviderComponentView.mm -o /Users/karelbraborec/Library/Developer/Xcode/DerivedData/revmeter-hbcnswmlqmbpnlazhhkncgeowiss/Build/Intermediates.noindex/Pods.build/Debug-iphonesimulator/react-native-safe-area-context.build/Objects-normal/arm64/RNCSafeAreaProviderComponentView.o -index-unit-output-path /Pods.build/Debug-iphonesimulator/react-native-safe-area-context.build/Objects-normal/arm64/RNCSafeAreaProviderComponentView.o
/Users/karelbraborec/rev-meter/node_modules/react-native-safe-area-context/ios/Fabric/RNCSafeAreaProviderComponentView.mm:110:27: warning: ISO C++ requires field designators to be specified in declaration order; field 'left' will be initialized after field 'bottom' [-Wreorder-init-list]
  110 |                 .bottom = safeAreaInsets.bottom,
      |                 ~~~~~~~~~~^~~~~~~~~~~~~~~~~~~~~
/Users/karelbraborec/rev-meter/node_modules/react-native-safe-area-context/ios/Fabric/RNCSafeAreaProviderComponentView.mm:109:25: note: previous initialization for field 'left' is here
  109 |                 .left = safeAreaInsets.left,
      |                         ^~~~~~~~~~~~~~~~~~~
/Users/karelbraborec/rev-meter/node_modules/react-native-safe-area-context/ios/Fabric/RNCSafeAreaProviderComponentView.mm:111:26: warning: ISO C++ requires field designators to be specified in declaration order; field 'bottom' will be initialized after field 'right' [-Wreorder-init-list]
  111 |                 .right = safeAreaInsets.right,
      |                 ~~~~~~~~~^~~~~~~~~~~~~~~~~~~~
/Users/karelbraborec/rev-meter/node_modules/react-native-safe-area-context/ios/Fabric/RNCSafeAreaProviderComponentView.mm:110:27: note: previous initialization for field 'bottom' is here
  110 |                 .bottom = safeAreaInsets.bottom,
      |                           ^~~~~~~~~~~~~~~~~~~~~
2 warnings generated.

CompileC /Users/karelbraborec/Library/Developer/Xcode/DerivedData/revmeter-hbcnswmlqmbpnlazhhkncgeowiss/Build/Intermediates.noindex/Pods.build/Debug-iphonesimulator/react-native-safe-area-context.build/Objects-normal/arm64/RNCSafeAreaContext.o /Users/karelbraborec/rev-meter/node_modules/react-native-safe-area-context/ios/RNCSafeAreaContext.mm normal arm64 objective-c++ com.apple.compilers.llvm.clang.1_0.compiler (in target 'react-native-safe-area-context' from project 'Pods')
    cd /Users/karelbraborec/rev-meter/ios/Pods
    
    Using response file: /Users/karelbraborec/Library/Developer/Xcode/DerivedData/revmeter-hbcnswmlqmbpnlazhhkncgeowiss/Build/Intermediates.noindex/Pods.build/Debug-iphonesimulator/react-native-safe-area-context.build/Objects-normal/arm64/af3fcb34312c57c0f52879cdce924b91-common-args.resp
    
    /Applications/Xcode.app/Contents/Developer/Toolchains/XcodeDefault.xctoolchain/usr/bin/clang -x objective-c++ -ivfsstatcache /Users/karelbraborec/Library/Developer/Xcode/DerivedData/SDKStatCaches.noindex/iphonesimulator26.5-23F81a-6cfe768891a92b912361537c460fe42b.sdkstatcache -target arm64-apple-ios15.1-simulator -fmessage-length\=0 -fdiagnostics-show-note-include-stack -fmacro-backtrace-limit\=0 -fno-color-diagnostics -fmodules-prune-interval\=86400 -fmodules-prune-after\=345600 -fbuild-session-file\=/Users/karelbraborec/Library/Developer/Xcode/DerivedData/ModuleCache.noindex/Session.modulevalidation -fmodules-validate-once-per-build-session -Wnon-modular-include-in-framework-module -Werror\=non-modular-include-in-framework-module -Wno-trigraphs -Wno-missing-field-initializers -Wno-missing-prototypes -Werror\=return-type -Wdocumentation -Wunreachable-code -Wno-implicit-atomic-properties -Werror\=deprecated-objc-isa-usage -Wno-objc-interface-ivars -Werror\=objc-root-class -Wno-arc-repeated-use-of-weak -Wimplicit-retain-self -Wno-non-virtual-dtor -Wno-overloaded-virtual -Wno-exit-time-destructors -Wduplicate-method-match -Wno-missing-braces -Wparentheses -Wswitch -Wunused-function -Wno-unused-label -Wno-unused-parameter -Wunused-variable -Wunused-value -Wempty-body -Wuninitialized -Wconditional-uninitialized -Wno-unknown-pragmas -Wno-shadow -Wno-four-char-constants -Wno-conversion -Wconstant-conversion -Wint-conversion -Wbool-conversion -Wenum-conversion -Wno-float-conversion -Wnon-literal-null-conversion -Wobjc-literal-conversion -Wshorten-64-to-32 -Wno-newline-eof -Wno-selector -Wno-strict-selector-match -Wundeclared-selector -Wdeprecated-implementations -Wno-c++11-extensions -Wno-implicit-fallthrough -isysroot /Applications/Xcode.app/Contents/Developer/Platforms/iPhoneSimulator.platform/Developer/SDKs/iPhoneSimulator26.5.sdk -fstrict-aliasing -Wprotocol -Wdeprecated-declarations -Winvalid-offsetof -Wno-sign-conversion -Winfinite-recursion -Wmove -Wcomma -Wblock-capture-autoreleasing -Wstrict-prototypes -Wrange-loop-analysis -Wno-semicolon-before-method-body -Wunguarded-availability -index-store-path /Users/karelbraborec/Library/Developer/Xcode/DerivedData/revmeter-hbcnswmlqmbpnlazhhkncgeowiss/Index.noindex/DataStore @/Users/karelbraborec/Library/Developer/Xcode/DerivedData/revmeter-hbcnswmlqmbpnlazhhkncgeowiss/Build/Intermediates.noindex/Pods.build/Debug-iphonesimulator/react-native-safe-area-context.build/Objects-normal/arm64/af3fcb34312c57c0f52879cdce924b91-common-args.resp -DRCT_NEW_ARCH_ENABLED\=1 -include /Users/karelbraborec/rev-meter/ios/Pods/Target\ Support\ Files/react-native-safe-area-context/react-native-safe-area-context-prefix.pch -MMD -MT dependencies -MF /Users/karelbraborec/Library/Developer/Xcode/DerivedData/revmeter-hbcnswmlqmbpnlazhhkncgeowiss/Build/Intermediates.noindex/Pods.build/Debug-iphonesimulator/react-native-safe-area-context.build/Objects-normal/arm64/RNCSafeAreaContext.d --serialize-diagnostics /Users/karelbraborec/Library/Developer/Xcode/DerivedData/revmeter-hbcnswmlqmbpnlazhhkncgeowiss/Build/Intermediates.noindex/Pods.build/Debug-iphonesimulator/react-native-safe-area-context.build/Objects-normal/arm64/RNCSafeAreaContext.dia -c /Users/karelbraborec/rev-meter/node_modules/react-native-safe-area-context/ios/RNCSafeAreaContext.mm -o /Users/karelbraborec/Library/Developer/Xcode/DerivedData/revmeter-hbcnswmlqmbpnlazhhkncgeowiss/Build/Intermediates.noindex/Pods.build/Debug-iphonesimulator/react-native-safe-area-context.build/Objects-normal/arm64/RNCSafeAreaContext.o -index-unit-output-path /Pods.build/Debug-iphonesimulator/react-native-safe-area-context.build/Objects-normal/arm64/RNCSafeAreaContext.o

PrecompileModule /Users/karelbraborec/Library/Developer/Xcode/DerivedData/revmeter-hbcnswmlqmbpnlazhhkncgeowiss/Build/Intermediates.noindex/ExplicitPrecompiledModules/CoreImage-CYSYGHPH4CUWS88H46RQQCQGF.scan
    cd /
    builtin-precompileModule /Users/karelbraborec/Library/Developer/Xcode/DerivedData/revmeter-hbcnswmlqmbpnlazhhkncgeowiss/Build/Intermediates.noindex/ExplicitPrecompiledModules/CoreImage-CYSYGHPH4CUWS88H46RQQCQGF.scan

PrecompileModule /Users/karelbraborec/Library/Developer/Xcode/DerivedData/revmeter-hbcnswmlqmbpnlazhhkncgeowiss/Build/Intermediates.noindex/ExplicitPrecompiledModules/_Builtin_float-2JX6XCNOE20GWD93ED3HDCJQ2.scan
    cd /
    builtin-precompileModule /Users/karelbraborec/Library/Developer/Xcode/DerivedData/revmeter-hbcnswmlqmbpnlazhhkncgeowiss/Build/Intermediates.noindex/ExplicitPrecompiledModules/_Builtin_float-2JX6XCNOE20GWD93ED3HDCJQ2.scan

PrecompileModule /Users/karelbraborec/Library/Developer/Xcode/DerivedData/revmeter-hbcnswmlqmbpnlazhhkncgeowiss/Build/Intermediates.noindex/ExplicitPrecompiledModules/ptrcheck-8PWWPGPDCRDRFCUP6D6S1ENN.scan
    cd /
    builtin-precompileModule /Users/karelbraborec/Library/Developer/Xcode/DerivedData/revmeter-hbcnswmlqmbpnlazhhkncgeowiss/Build/Intermediates.noindex/ExplicitPrecompiledModules/ptrcheck-8PWWPGPDCRDRFCUP6D6S1ENN.scan

PrecompileModule /Users/karelbraborec/Library/Developer/Xcode/DerivedData/revmeter-hbcnswmlqmbpnlazhhkncgeowiss/Build/Intermediates.noindex/ExplicitPrecompiledModules/ptrauth-CCLI6WYVZTITADKNIPZWE7N18.scan
    cd /
    builtin-precompileModule /Users/karelbraborec/Library/Developer/Xcode/DerivedData/revmeter-hbcnswmlqmbpnlazhhkncgeowiss/Build/Intermediates.noindex/ExplicitPrecompiledModules/ptrauth-CCLI6WYVZTITADKNIPZWE7N18.scan

PrecompileModule /Users/karelbraborec/Library/Developer/Xcode/DerivedData/revmeter-hbcnswmlqmbpnlazhhkncgeowiss/Build/Intermediates.noindex/ExplicitPrecompiledModules/QuartzCore-EJMHJG8IFSYBM4J77JMEO1LKN.scan
    cd /
    builtin-precompileModule /Users/karelbraborec/Library/Developer/Xcode/DerivedData/revmeter-hbcnswmlqmbpnlazhhkncgeowiss/Build/Intermediates.noindex/ExplicitPrecompiledModules/QuartzCore-EJMHJG8IFSYBM4J77JMEO1LKN.scan

PrecompileModule /Users/karelbraborec/Library/Developer/Xcode/DerivedData/revmeter-hbcnswmlqmbpnlazhhkncgeowiss/Build/Intermediates.noindex/ExplicitPrecompiledModules/_AvailabilityInternal-95RXBJFY46G9749RBFIGNX9W6.scan
    cd /
    builtin-precompileModule /Users/karelbraborec/Library/Developer/Xcode/DerivedData/revmeter-hbcnswmlqmbpnlazhhkncgeowiss/Build/Intermediates.noindex/ExplicitPrecompiledModules/_AvailabilityInternal-95RXBJFY46G9749RBFIGNX9W6.scan

PrecompileModule /Users/karelbraborec/Library/Developer/Xcode/DerivedData/revmeter-hbcnswmlqmbpnlazhhkncgeowiss/Build/Intermediates.noindex/ExplicitPrecompiledModules/CoreImage-EKL2OXVFQUR2U1SB212RLP6I5.scan
    cd /
    builtin-precompileModule /Users/karelbraborec/Library/Developer/Xcode/DerivedData/revmeter-hbcnswmlqmbpnlazhhkncgeowiss/Build/Intermediates.noindex/ExplicitPrecompiledModules/CoreImage-EKL2OXVFQUR2U1SB212RLP6I5.scan

PrecompileModule /Users/karelbraborec/Library/Developer/Xcode/DerivedData/revmeter-hbcnswmlqmbpnlazhhkncgeowiss/Build/Intermediates.noindex/ExplicitPrecompiledModules/_Builtin_stdbool-6IBSLBZ7KK1AB5UVR2B1E6SJN.scan
    cd /
    builtin-precompileModule /Users/karelbraborec/Library/Developer/Xcode/DerivedData/revmeter-hbcnswmlqmbpnlazhhkncgeowiss/Build/Intermediates.noindex/ExplicitPrecompiledModules/_Builtin_stdbool-6IBSLBZ7KK1AB5UVR2B1E6SJN.scan

PrecompileModule /Users/karelbraborec/Library/Developer/Xcode/DerivedData/revmeter-hbcnswmlqmbpnlazhhkncgeowiss/Build/Intermediates.noindex/ExplicitPrecompiledModules/UIKit-31ROH4EZG70D8HZOG2T66ERIX.scan
    cd /
    builtin-precompileModule /Users/karelbraborec/Library/Developer/Xcode/DerivedData/revmeter-hbcnswmlqmbpnlazhhkncgeowiss/Build/Intermediates.noindex/ExplicitPrecompiledModules/UIKit-31ROH4EZG70D8HZOG2T66ERIX.scan

PrecompileModule /Users/karelbraborec/Library/Developer/Xcode/DerivedData/revmeter-hbcnswmlqmbpnlazhhkncgeowiss/Build/Intermediates.noindex/ExplicitPrecompiledModules/_Builtin_stddef-A3R6WTI4WF907WZ8GXZB7P8Y8.scan
    cd /
    builtin-precompileModule /Users/karelbraborec/Library/Developer/Xcode/DerivedData/revmeter-hbcnswmlqmbpnlazhhkncgeowiss/Build/Intermediates.noindex/ExplicitPrecompiledModules/_Builtin_stddef-A3R6WTI4WF907WZ8GXZB7P8Y8.scan

CompileC /Users/karelbraborec/Library/Developer/Xcode/DerivedData/revmeter-hbcnswmlqmbpnlazhhkncgeowiss/Build/Intermediates.noindex/Pods.build/Debug-iphonesimulator/react-native-slider.build/Objects-normal/x86_64/react-native-slider-dummy.o /Users/karelbraborec/rev-meter/ios/Pods/Target\ Support\ Files/react-native-slider/react-native-slider-dummy.m normal x86_64 objective-c com.apple.compilers.llvm.clang.1_0.compiler (in target 'react-native-slider' from project 'Pods')
    cd /Users/karelbraborec/rev-meter/ios/Pods
    
    Using response file: /Users/karelbraborec/Library/Developer/Xcode/DerivedData/revmeter-hbcnswmlqmbpnlazhhkncgeowiss/Build/Intermediates.noindex/Pods.build/Debug-iphonesimulator/react-native-slider.build/Objects-normal/x86_64/e6072d4f65d7061329687fe24e3d63a7-common-args.resp
    
    /Applications/Xcode.app/Contents/Developer/Toolchains/XcodeDefault.xctoolchain/usr/bin/clang -x objective-c -ivfsstatcache /Users/karelbraborec/Library/Developer/Xcode/DerivedData/SDKStatCaches.noindex/iphonesimulator26.5-23F81a-6cfe768891a92b912361537c460fe42b.sdkstatcache -target x86_64-apple-ios15.1-simulator -fmessage-length\=0 -fdiagnostics-show-note-include-stack -fmacro-backtrace-limit\=0 -fno-color-diagnostics -fmodules-prune-interval\=86400 -fmodules-prune-after\=345600 -fbuild-session-file\=/Users/karelbraborec/Library/Developer/Xcode/DerivedData/ModuleCache.noindex/Session.modulevalidation -fmodules-validate-once-per-build-session -Wnon-modular-include-in-framework-module -Werror\=non-modular-include-in-framework-module -Wno-trigraphs -Wno-missing-field-initializers -Wno-missing-prototypes -Werror\=return-type -Wdocumentation -Wunreachable-code -Wno-implicit-atomic-properties -Werror\=deprecated-objc-isa-usage -Wno-objc-interface-ivars -Werror\=objc-root-class -Wno-arc-repeated-use-of-weak -Wimplicit-retain-self -Wduplicate-method-match -Wno-missing-braces -Wparentheses -Wswitch -Wunused-function -Wno-unused-label -Wno-unused-parameter -Wunused-variable -Wunused-value -Wempty-body -Wuninitialized -Wconditional-uninitialized -Wno-unknown-pragmas -Wno-shadow -Wno-four-char-constants -Wno-conversion -Wconstant-conversion -Wint-conversion -Wbool-conversion -Wenum-conversion -Wno-float-conversion -Wnon-literal-null-conversion -Wobjc-literal-conversion -Wshorten-64-to-32 -Wpointer-sign -Wno-newline-eof -Wno-selector -Wno-strict-selector-match -Wundeclared-selector -Wdeprecated-implementations -Wno-implicit-fallthrough -isysroot /Applications/Xcode.app/Contents/Developer/Platforms/iPhoneSimulator.platform/Developer/SDKs/iPhoneSimulator26.5.sdk -fstrict-aliasing -Wprotocol -Wdeprecated-declarations -Wno-sign-conversion -Winfinite-recursion -Wcomma -Wblock-capture-autoreleasing -Wstrict-prototypes -Wno-semicolon-before-method-body -Wunguarded-availability -index-store-path /Users/karelbraborec/Library/Developer/Xcode/DerivedData/revmeter-hbcnswmlqmbpnlazhhkncgeowiss/Index.noindex/DataStore @/Users/karelbraborec/Library/Developer/Xcode/DerivedData/revmeter-hbcnswmlqmbpnlazhhkncgeowiss/Build/Intermediates.noindex/Pods.build/Debug-iphonesimulator/react-native-slider.build/Objects-normal/x86_64/e6072d4f65d7061329687fe24e3d63a7-common-args.resp -include /Users/karelbraborec/rev-meter/ios/Pods/Target\ Support\ Files/react-native-slider/react-native-slider-prefix.pch -MMD -MT dependencies -MF /Users/karelbraborec/Library/Developer/Xcode/DerivedData/revmeter-hbcnswmlqmbpnlazhhkncgeowiss/Build/Intermediates.noindex/Pods.build/Debug-iphonesimulator/react-native-slider.build/Objects-normal/x86_64/react-native-slider-dummy.d --serialize-diagnostics /Users/karelbraborec/Library/Developer/Xcode/DerivedData/revmeter-hbcnswmlqmbpnlazhhkncgeowiss/Build/Intermediates.noindex/Pods.build/Debug-iphonesimulator/react-native-slider.build/Objects-normal/x86_64/react-native-slider-dummy.dia -c /Users/karelbraborec/rev-meter/ios/Pods/Target\ Support\ Files/react-native-slider/react-native-slider-dummy.m -o /Users/karelbraborec/Library/Developer/Xcode/DerivedData/revmeter-hbcnswmlqmbpnlazhhkncgeowiss/Build/Intermediates.noindex/Pods.build/Debug-iphonesimulator/react-native-slider.build/Objects-normal/x86_64/react-native-slider-dummy.o -index-unit-output-path /Pods.build/Debug-iphonesimulator/react-native-slider.build/Objects-normal/x86_64/react-native-slider-dummy.o

CompileC /Users/karelbraborec/Library/Developer/Xcode/DerivedData/revmeter-hbcnswmlqmbpnlazhhkncgeowiss/Build/Intermediates.noindex/Pods.build/Debug-iphonesimulator/ReactCodegen.build/Objects-normal/x86_64/ReactCodegen-dummy.o /Users/karelbraborec/rev-meter/ios/Pods/Target\ Support\ Files/ReactCodegen/ReactCodegen-dummy.m normal x86_64 objective-c com.apple.compilers.llvm.clang.1_0.compiler (in target 'ReactCodegen' from project 'Pods')
    cd /Users/karelbraborec/rev-meter/ios/Pods
    
    Using response file: /Users/karelbraborec/Library/Developer/Xcode/DerivedData/revmeter-hbcnswmlqmbpnlazhhkncgeowiss/Build/Intermediates.noindex/Pods.build/Debug-iphonesimulator/ReactCodegen.build/Objects-normal/x86_64/e6072d4f65d7061329687fe24e3d63a7-common-args.resp
    
    /Applications/Xcode.app/Contents/Developer/Toolchains/XcodeDefault.xctoolchain/usr/bin/clang -x objective-c -ivfsstatcache /Users/karelbraborec/Library/Developer/Xcode/DerivedData/SDKStatCaches.noindex/iphonesimulator26.5-23F81a-6cfe768891a92b912361537c460fe42b.sdkstatcache -target x86_64-apple-ios15.1-simulator -fmessage-length\=0 -fdiagnostics-show-note-include-stack -fmacro-backtrace-limit\=0 -fno-color-diagnostics -fmodules-prune-interval\=86400 -fmodules-prune-after\=345600 -fbuild-session-file\=/Users/karelbraborec/Library/Developer/Xcode/DerivedData/ModuleCache.noindex/Session.modulevalidation -fmodules-validate-once-per-build-session -Wnon-modular-include-in-framework-module -Werror\=non-modular-include-in-framework-module -Wno-trigraphs -Wno-missing-field-initializers -Wno-missing-prototypes -Werror\=return-type -Wdocumentation -Wunreachable-code -Wno-implicit-atomic-properties -Werror\=deprecated-objc-isa-usage -Wno-objc-interface-ivars -Werror\=objc-root-class -Wno-arc-repeated-use-of-weak -Wimplicit-retain-self -Wduplicate-method-match -Wno-missing-braces -Wparentheses -Wswitch -Wunused-function -Wno-unused-label -Wno-unused-parameter -Wunused-variable -Wunused-value -Wempty-body -Wuninitialized -Wconditional-uninitialized -Wno-unknown-pragmas -Wno-shadow -Wno-four-char-constants -Wno-conversion -Wconstant-conversion -Wint-conversion -Wbool-conversion -Wenum-conversion -Wno-float-conversion -Wnon-literal-null-conversion -Wobjc-literal-conversion -Wshorten-64-to-32 -Wpointer-sign -Wno-newline-eof -Wno-selector -Wno-strict-selector-match -Wundeclared-selector -Wdeprecated-implementations -Wno-implicit-fallthrough -isysroot /Applications/Xcode.app/Contents/Developer/Platforms/iPhoneSimulator.platform/Developer/SDKs/iPhoneSimulator26.5.sdk -fstrict-aliasing -Wprotocol -Wdeprecated-declarations -Wno-sign-conversion -Winfinite-recursion -Wcomma -Wblock-capture-autoreleasing -Wstrict-prototypes -Wno-semicolon-before-method-body -Wunguarded-availability -index-store-path /Users/karelbraborec/Library/Developer/Xcode/DerivedData/revmeter-hbcnswmlqmbpnlazhhkncgeowiss/Index.noindex/DataStore @/Users/karelbraborec/Library/Developer/Xcode/DerivedData/revmeter-hbcnswmlqmbpnlazhhkncgeowiss/Build/Intermediates.noindex/Pods.build/Debug-iphonesimulator/ReactCodegen.build/Objects-normal/x86_64/e6072d4f65d7061329687fe24e3d63a7-common-args.resp -include /Users/karelbraborec/rev-meter/ios/Pods/Target\ Support\ Files/ReactCodegen/ReactCodegen-prefix.pch -MMD -MT dependencies -MF /Users/karelbraborec/Library/Developer/Xcode/DerivedData/revmeter-hbcnswmlqmbpnlazhhkncgeowiss/Build/Intermediates.noindex/Pods.build/Debug-iphonesimulator/ReactCodegen.build/Objects-normal/x86_64/ReactCodegen-dummy.d --serialize-diagnostics /Users/karelbraborec/Library/Developer/Xcode/DerivedData/revmeter-hbcnswmlqmbpnlazhhkncgeowiss/Build/Intermediates.noindex/Pods.build/Debug-iphonesimulator/ReactCodegen.build/Objects-normal/x86_64/ReactCodegen-dummy.dia -c /Users/karelbraborec/rev-meter/ios/Pods/Target\ Support\ Files/ReactCodegen/ReactCodegen-dummy.m -o /Users/karelbraborec/Library/Developer/Xcode/DerivedData/revmeter-hbcnswmlqmbpnlazhhkncgeowiss/Build/Intermediates.noindex/Pods.build/Debug-iphonesimulator/ReactCodegen.build/Objects-normal/x86_64/ReactCodegen-dummy.o -index-unit-output-path /Pods.build/Debug-iphonesimulator/ReactCodegen.build/Objects-normal/x86_64/ReactCodegen-dummy.o

PrecompileModule /Users/karelbraborec/Library/Developer/Xcode/DerivedData/revmeter-hbcnswmlqmbpnlazhhkncgeowiss/Build/Intermediates.noindex/ExplicitPrecompiledModules/QuartzCore-2GPQ74W292P7LXWJB3VCZTXM7.scan
    cd /
    builtin-precompileModule /Users/karelbraborec/Library/Developer/Xcode/DerivedData/revmeter-hbcnswmlqmbpnlazhhkncgeowiss/Build/Intermediates.noindex/ExplicitPrecompiledModules/QuartzCore-2GPQ74W292P7LXWJB3VCZTXM7.scan

PrecompileModule /Users/karelbraborec/Library/Developer/Xcode/DerivedData/revmeter-hbcnswmlqmbpnlazhhkncgeowiss/Build/Intermediates.noindex/ExplicitPrecompiledModules/_Builtin_inttypes-YE5Y792GUK6Y5MVF70JA05YQ.scan
    cd /
    builtin-precompileModule /Users/karelbraborec/Library/Developer/Xcode/DerivedData/revmeter-hbcnswmlqmbpnlazhhkncgeowiss/Build/Intermediates.noindex/ExplicitPrecompiledModules/_Builtin_inttypes-YE5Y792GUK6Y5MVF70JA05YQ.scan

Libtool /Users/karelbraborec/Library/Developer/Xcode/DerivedData/revmeter-hbcnswmlqmbpnlazhhkncgeowiss/Build/Intermediates.noindex/Pods.build/Debug-iphonesimulator/ReactCodegen.build/Objects-normal/x86_64/Binary/libReactCodegen.a normal x86_64 (in target 'ReactCodegen' from project 'Pods')
    cd /Users/karelbraborec/rev-meter/ios/Pods
    /Applications/Xcode.app/Contents/Developer/Toolchains/XcodeDefault.xctoolchain/usr/bin/libtool -static -arch_only x86_64 -D -syslibroot /Applications/Xcode.app/Contents/Developer/Platforms/iPhoneSimulator.platform/Developer/SDKs/iPhoneSimulator26.5.sdk -L/Users/karelbraborec/Library/Developer/Xcode/DerivedData/revmeter-hbcnswmlqmbpnlazhhkncgeowiss/Build/Products/Debug-iphonesimulator/ReactCodegen -filelist /Users/karelbraborec/Library/Developer/Xcode/DerivedData/revmeter-hbcnswmlqmbpnlazhhkncgeowiss/Build/Intermediates.noindex/Pods.build/Debug-iphonesimulator/ReactCodegen.build/Objects-normal/x86_64/ReactCodegen.LinkFileList -dependency_info /Users/karelbraborec/Library/Developer/Xcode/DerivedData/revmeter-hbcnswmlqmbpnlazhhkncgeowiss/Build/Intermediates.noindex/Pods.build/Debug-iphonesimulator/ReactCodegen.build/Objects-normal/x86_64/ReactCodegen_libtool_dependency_info.dat -o /Users/karelbraborec/Library/Developer/Xcode/DerivedData/revmeter-hbcnswmlqmbpnlazhhkncgeowiss/Build/Intermediates.noindex/Pods.build/Debug-iphonesimulator/ReactCodegen.build/Objects-normal/x86_64/Binary/libReactCodegen.a
libtool: warning: 'EventEmitters-8848764c79767756c12e578e90cb8fc7.o' has no symbols
libtool: warning: 'EventEmitters-df7a971a056b5acf43e14c7f6914106c.o' has no symbols
libtool: warning: 'States-295b6137d795a85fe8900ba3ab647bc1.o' has no symbols
libtool: warning: 'States-3014abc11e79bb843ca071c141146958.o' has no symbols
libtool: warning: 'States-c78ddf09a99ea3cf694c5c3165d85cc6.o' has no symbols
libtool: warning: 'States-9756b3e8863259c5fc8cb369b2583aa5.o' has no symbols
libtool: warning: 'States-3a809e74f9db12396e69790f772c7b75.o' has no symbols

PrecompileModule /Users/karelbraborec/Library/Developer/Xcode/DerivedData/revmeter-hbcnswmlqmbpnlazhhkncgeowiss/Build/Intermediates.noindex/ExplicitPrecompiledModules/Darwin-5664GYGNWXNWEMTVI7LBMNMPQ.scan
    cd /
    builtin-precompileModule /Users/karelbraborec/Library/Developer/Xcode/DerivedData/revmeter-hbcnswmlqmbpnlazhhkncgeowiss/Build/Intermediates.noindex/ExplicitPrecompiledModules/Darwin-5664GYGNWXNWEMTVI7LBMNMPQ.scan

PrecompileModule /Users/karelbraborec/Library/Developer/Xcode/DerivedData/revmeter-hbcnswmlqmbpnlazhhkncgeowiss/Build/Intermediates.noindex/ExplicitPrecompiledModules/_DarwinFoundation1-10W26YR7UA38CRO3D03N4OZES.scan
    cd /
    builtin-precompileModule /Users/karelbraborec/Library/Developer/Xcode/DerivedData/revmeter-hbcnswmlqmbpnlazhhkncgeowiss/Build/Intermediates.noindex/ExplicitPrecompiledModules/_DarwinFoundation1-10W26YR7UA38CRO3D03N4OZES.scan

PrecompileModule /Users/karelbraborec/Library/Developer/Xcode/DerivedData/revmeter-hbcnswmlqmbpnlazhhkncgeowiss/Build/Intermediates.noindex/ExplicitPrecompiledModules/UIKit-8MWYA9U1X8D5ND2MT1IVPB8C1.scan
    cd /
    builtin-precompileModule /Users/karelbraborec/Library/Developer/Xcode/DerivedData/revmeter-hbcnswmlqmbpnlazhhkncgeowiss/Build/Intermediates.noindex/ExplicitPrecompiledModules/UIKit-8MWYA9U1X8D5ND2MT1IVPB8C1.scan

PrecompileModule /Users/karelbraborec/Library/Developer/Xcode/DerivedData/revmeter-hbcnswmlqmbpnlazhhkncgeowiss/Build/Intermediates.noindex/ExplicitPrecompiledModules/_Builtin_limits-64LIGMAA3WBQ2L1AIQLWEYWXG.scan
    cd /
    builtin-precompileModule /Users/karelbraborec/Library/Developer/Xcode/DerivedData/revmeter-hbcnswmlqmbpnlazhhkncgeowiss/Build/Intermediates.noindex/ExplicitPrecompiledModules/_Builtin_limits-64LIGMAA3WBQ2L1AIQLWEYWXG.scan

PrecompileModule /Users/karelbraborec/Library/Developer/Xcode/DerivedData/revmeter-hbcnswmlqmbpnlazhhkncgeowiss/Build/Intermediates.noindex/ExplicitPrecompiledModules/_Builtin_stdarg-9U7WXYIV54YLM5D3Q31VEXLML.scan
    cd /
    builtin-precompileModule /Users/karelbraborec/Library/Developer/Xcode/DerivedData/revmeter-hbcnswmlqmbpnlazhhkncgeowiss/Build/Intermediates.noindex/ExplicitPrecompiledModules/_Builtin_stdarg-9U7WXYIV54YLM5D3Q31VEXLML.scan

PrecompileModule /Users/karelbraborec/Library/Developer/Xcode/DerivedData/revmeter-hbcnswmlqmbpnlazhhkncgeowiss/Build/Intermediates.noindex/ExplicitPrecompiledModules/ObjectiveC-D7LC4GSFKB1DUB0UVEHF9CIT1.scan
    cd /
    builtin-precompileModule /Users/karelbraborec/Library/Developer/Xcode/DerivedData/revmeter-hbcnswmlqmbpnlazhhkncgeowiss/Build/Intermediates.noindex/ExplicitPrecompiledModules/ObjectiveC-D7LC4GSFKB1DUB0UVEHF9CIT1.scan

PrecompileModule /Users/karelbraborec/Library/Developer/Xcode/DerivedData/revmeter-hbcnswmlqmbpnlazhhkncgeowiss/Build/Intermediates.noindex/ExplicitPrecompiledModules/_DarwinFoundation2-9T3MUH8OUVD3UTOKPLUY7WNEI.scan
    cd /
    builtin-precompileModule /Users/karelbraborec/Library/Developer/Xcode/DerivedData/revmeter-hbcnswmlqmbpnlazhhkncgeowiss/Build/Intermediates.noindex/ExplicitPrecompiledModules/_DarwinFoundation2-9T3MUH8OUVD3UTOKPLUY7WNEI.scan

PrecompileModule /Users/karelbraborec/Library/Developer/Xcode/DerivedData/revmeter-hbcnswmlqmbpnlazhhkncgeowiss/Build/Intermediates.noindex/ExplicitPrecompiledModules/os_object-66MEXIY7EW35QDOO68FNV0LM7.scan
    cd /
    builtin-precompileModule /Users/karelbraborec/Library/Developer/Xcode/DerivedData/revmeter-hbcnswmlqmbpnlazhhkncgeowiss/Build/Intermediates.noindex/ExplicitPrecompiledModules/os_object-66MEXIY7EW35QDOO68FNV0LM7.scan

PrecompileModule /Users/karelbraborec/Library/Developer/Xcode/DerivedData/revmeter-hbcnswmlqmbpnlazhhkncgeowiss/Build/Intermediates.noindex/ExplicitPrecompiledModules/_Builtin_stdint-8AX1B0ZUIFCJM3KK6XH6LOUQT.scan
    cd /
    builtin-precompileModule /Users/karelbraborec/Library/Developer/Xcode/DerivedData/revmeter-hbcnswmlqmbpnlazhhkncgeowiss/Build/Intermediates.noindex/ExplicitPrecompiledModules/_Builtin_stdint-8AX1B0ZUIFCJM3KK6XH6LOUQT.scan

PrecompileModule /Users/karelbraborec/Library/Developer/Xcode/DerivedData/revmeter-hbcnswmlqmbpnlazhhkncgeowiss/Build/Intermediates.noindex/ExplicitPrecompiledModules/os_workgroup-7R1PAYTYDH1LB3VNRGRPB4TYG.scan
    cd /
    builtin-precompileModule /Users/karelbraborec/Library/Developer/Xcode/DerivedData/revmeter-hbcnswmlqmbpnlazhhkncgeowiss/Build/Intermediates.noindex/ExplicitPrecompiledModules/os_workgroup-7R1PAYTYDH1LB3VNRGRPB4TYG.scan

PrecompileModule /Users/karelbraborec/Library/Developer/Xcode/DerivedData/revmeter-hbcnswmlqmbpnlazhhkncgeowiss/Build/Intermediates.noindex/ExplicitPrecompiledModules/_DarwinFoundation3-D8JAMQ2OO65FY3PDQXWCRQXOT.scan
    cd /
    builtin-precompileModule /Users/karelbraborec/Library/Developer/Xcode/DerivedData/revmeter-hbcnswmlqmbpnlazhhkncgeowiss/Build/Intermediates.noindex/ExplicitPrecompiledModules/_DarwinFoundation3-D8JAMQ2OO65FY3PDQXWCRQXOT.scan

PrecompileModule /Users/karelbraborec/Library/Developer/Xcode/DerivedData/revmeter-hbcnswmlqmbpnlazhhkncgeowiss/Build/Intermediates.noindex/ExplicitPrecompiledModules/Dispatch-4B3PX6UTAGUZXV7Y3N0417IAS.scan
    cd /
    builtin-precompileModule /Users/karelbraborec/Library/Developer/Xcode/DerivedData/revmeter-hbcnswmlqmbpnlazhhkncgeowiss/Build/Intermediates.noindex/ExplicitPrecompiledModules/Dispatch-4B3PX6UTAGUZXV7Y3N0417IAS.scan

PrecompileModule /Users/karelbraborec/Library/Developer/Xcode/DerivedData/revmeter-hbcnswmlqmbpnlazhhkncgeowiss/Build/Intermediates.noindex/ExplicitPrecompiledModules/_Builtin_inttypes-737KQLCMBLG4FERRR18BPWW22.scan
    cd /
    builtin-precompileModule /Users/karelbraborec/Library/Developer/Xcode/DerivedData/revmeter-hbcnswmlqmbpnlazhhkncgeowiss/Build/Intermediates.noindex/ExplicitPrecompiledModules/_Builtin_inttypes-737KQLCMBLG4FERRR18BPWW22.scan

ScanDependencies /Users/karelbraborec/Library/Developer/Xcode/DerivedData/revmeter-hbcnswmlqmbpnlazhhkncgeowiss/Build/Intermediates.noindex/Pods.build/Debug-iphonesimulator/react-native-safe-area-context.build/Objects-normal/x86_64/react-native-safe-area-context-dummy.o /Users/karelbraborec/rev-meter/ios/Pods/Target\ Support\ Files/react-native-safe-area-context/react-native-safe-area-context-dummy.m normal x86_64 objective-c com.apple.compilers.llvm.clang.1_0.compiler (in target 'react-native-safe-area-context' from project 'Pods')
    cd /Users/karelbraborec/rev-meter/ios/Pods
    
    Using response file: /Users/karelbraborec/Library/Developer/Xcode/DerivedData/revmeter-hbcnswmlqmbpnlazhhkncgeowiss/Build/Intermediates.noindex/Pods.build/Debug-iphonesimulator/react-native-safe-area-context.build/Objects-normal/x86_64/e6072d4f65d7061329687fe24e3d63a7-common-args.resp
    
    builtin-ScanDependencies -o /Users/karelbraborec/Library/Developer/Xcode/DerivedData/revmeter-hbcnswmlqmbpnlazhhkncgeowiss/Build/Intermediates.noindex/Pods.build/Debug-iphonesimulator/react-native-safe-area-context.build/Objects-normal/x86_64/react-native-safe-area-context-dummy.o.scan -- /Applications/Xcode.app/Contents/Developer/Toolchains/XcodeDefault.xctoolchain/usr/bin/clang -x objective-c -ivfsstatcache /Users/karelbraborec/Library/Developer/Xcode/DerivedData/SDKStatCaches.noindex/iphonesimulator26.5-23F81a-6cfe768891a92b912361537c460fe42b.sdkstatcache -target x86_64-apple-ios15.1-simulator -fmessage-length\=0 -fdiagnostics-show-note-include-stack -fmacro-backtrace-limit\=0 -fno-color-diagnostics -fmodules-prune-interval\=86400 -fmodules-prune-after\=345600 -fbuild-session-file\=/Users/karelbraborec/Library/Developer/Xcode/DerivedData/ModuleCache.noindex/Session.modulevalidation -fmodules-validate-once-per-build-session -Wnon-modular-include-in-framework-module -Werror\=non-modular-include-in-framework-module -Wno-trigraphs -Wno-missing-field-initializers -Wno-missing-prototypes -Werror\=return-type -Wdocumentation -Wunreachable-code -Wno-implicit-atomic-properties -Werror\=deprecated-objc-isa-usage -Wno-objc-interface-ivars -Werror\=objc-root-class -Wno-arc-repeated-use-of-weak -Wimplicit-retain-self -Wduplicate-method-match -Wno-missing-braces -Wparentheses -Wswitch -Wunused-function -Wno-unused-label -Wno-unused-parameter -Wunused-variable -Wunused-value -Wempty-body -Wuninitialized -Wconditional-uninitialized -Wno-unknown-pragmas -Wno-shadow -Wno-four-char-constants -Wno-conversion -Wconstant-conversion -Wint-conversion -Wbool-conversion -Wenum-conversion -Wno-float-conversion -Wnon-literal-null-conversion -Wobjc-literal-conversion -Wshorten-64-to-32 -Wpointer-sign -Wno-newline-eof -Wno-selector -Wno-strict-selector-match -Wundeclared-selector -Wdeprecated-implementations -Wno-implicit-fallthrough -isysroot /Applications/Xcode.app/Contents/Developer/Platforms/iPhoneSimulator.platform/Developer/SDKs/iPhoneSimulator26.5.sdk -fstrict-aliasing -Wprotocol -Wdeprecated-declarations -Wno-sign-conversion -Winfinite-recursion -Wcomma -Wblock-capture-autoreleasing -Wstrict-prototypes -Wno-semicolon-before-method-body -Wunguarded-availability -index-store-path /Users/karelbraborec/Library/Developer/Xcode/DerivedData/revmeter-hbcnswmlqmbpnlazhhkncgeowiss/Index.noindex/DataStore @/Users/karelbraborec/Library/Developer/Xcode/DerivedData/revmeter-hbcnswmlqmbpnlazhhkncgeowiss/Build/Intermediates.noindex/Pods.build/Debug-iphonesimulator/react-native-safe-area-context.build/Objects-normal/x86_64/e6072d4f65d7061329687fe24e3d63a7-common-args.resp -include /Users/karelbraborec/rev-meter/ios/Pods/Target\ Support\ Files/react-native-safe-area-context/react-native-safe-area-context-prefix.pch -MMD -MT dependencies -MF /Users/karelbraborec/Library/Developer/Xcode/DerivedData/revmeter-hbcnswmlqmbpnlazhhkncgeowiss/Build/Intermediates.noindex/Pods.build/Debug-iphonesimulator/react-native-safe-area-context.build/Objects-normal/x86_64/react-native-safe-area-context-dummy.d --serialize-diagnostics /Users/karelbraborec/Library/Developer/Xcode/DerivedData/revmeter-hbcnswmlqmbpnlazhhkncgeowiss/Build/Intermediates.noindex/Pods.build/Debug-iphonesimulator/react-native-safe-area-context.build/Objects-normal/x86_64/react-native-safe-area-context-dummy.dia -c /Users/karelbraborec/rev-meter/ios/Pods/Target\ Support\ Files/react-native-safe-area-context/react-native-safe-area-context-dummy.m -o /Users/karelbraborec/Library/Developer/Xcode/DerivedData/revmeter-hbcnswmlqmbpnlazhhkncgeowiss/Build/Intermediates.noindex/Pods.build/Debug-iphonesimulator/react-native-safe-area-context.build/Objects-normal/x86_64/react-native-safe-area-context-dummy.o -index-unit-output-path /Pods.build/Debug-iphonesimulator/react-native-safe-area-context.build/Objects-normal/x86_64/react-native-safe-area-context-dummy.o

PrecompileModule /Users/karelbraborec/Library/Developer/Xcode/DerivedData/revmeter-hbcnswmlqmbpnlazhhkncgeowiss/Build/Intermediates.noindex/ExplicitPrecompiledModules/Darwin-E07U3NTJ8C4I0TKDY7W82NZ4G.scan
    cd /
    builtin-precompileModule /Users/karelbraborec/Library/Developer/Xcode/DerivedData/revmeter-hbcnswmlqmbpnlazhhkncgeowiss/Build/Intermediates.noindex/ExplicitPrecompiledModules/Darwin-E07U3NTJ8C4I0TKDY7W82NZ4G.scan

PrecompileModule /Users/karelbraborec/Library/Developer/Xcode/DerivedData/revmeter-hbcnswmlqmbpnlazhhkncgeowiss/Build/Intermediates.noindex/ExplicitPrecompiledModules/CoreFoundation-DYNMK8ALPWXJZK7OABHP3HSP3.scan
    cd /
    builtin-precompileModule /Users/karelbraborec/Library/Developer/Xcode/DerivedData/revmeter-hbcnswmlqmbpnlazhhkncgeowiss/Build/Intermediates.noindex/ExplicitPrecompiledModules/CoreFoundation-DYNMK8ALPWXJZK7OABHP3HSP3.scan

CompileC /Users/karelbraborec/Library/Developer/Xcode/DerivedData/revmeter-hbcnswmlqmbpnlazhhkncgeowiss/Build/Intermediates.noindex/Pods.build/Debug-iphonesimulator/react-native-slider.build/Objects-normal/arm64/react-native-slider-dummy.o /Users/karelbraborec/rev-meter/ios/Pods/Target\ Support\ Files/react-native-slider/react-native-slider-dummy.m normal arm64 objective-c com.apple.compilers.llvm.clang.1_0.compiler (in target 'react-native-slider' from project 'Pods')
    cd /Users/karelbraborec/rev-meter/ios/Pods
    
    Using response file: /Users/karelbraborec/Library/Developer/Xcode/DerivedData/revmeter-hbcnswmlqmbpnlazhhkncgeowiss/Build/Intermediates.noindex/Pods.build/Debug-iphonesimulator/react-native-slider.build/Objects-normal/arm64/e6072d4f65d7061329687fe24e3d63a7-common-args.resp
    
    /Applications/Xcode.app/Contents/Developer/Toolchains/XcodeDefault.xctoolchain/usr/bin/clang -x objective-c -ivfsstatcache /Users/karelbraborec/Library/Developer/Xcode/DerivedData/SDKStatCaches.noindex/iphonesimulator26.5-23F81a-6cfe768891a92b912361537c460fe42b.sdkstatcache -target arm64-apple-ios15.1-simulator -fmessage-length\=0 -fdiagnostics-show-note-include-stack -fmacro-backtrace-limit\=0 -fno-color-diagnostics -fmodules-prune-interval\=86400 -fmodules-prune-after\=345600 -fbuild-session-file\=/Users/karelbraborec/Library/Developer/Xcode/DerivedData/ModuleCache.noindex/Session.modulevalidation -fmodules-validate-once-per-build-session -Wnon-modular-include-in-framework-module -Werror\=non-modular-include-in-framework-module -Wno-trigraphs -Wno-missing-field-initializers -Wno-missing-prototypes -Werror\=return-type -Wdocumentation -Wunreachable-code -Wno-implicit-atomic-properties -Werror\=deprecated-objc-isa-usage -Wno-objc-interface-ivars -Werror\=objc-root-class -Wno-arc-repeated-use-of-weak -Wimplicit-retain-self -Wduplicate-method-match -Wno-missing-braces -Wparentheses -Wswitch -Wunused-function -Wno-unused-label -Wno-unused-parameter -Wunused-variable -Wunused-value -Wempty-body -Wuninitialized -Wconditional-uninitialized -Wno-unknown-pragmas -Wno-shadow -Wno-four-char-constants -Wno-conversion -Wconstant-conversion -Wint-conversion -Wbool-conversion -Wenum-conversion -Wno-float-conversion -Wnon-literal-null-conversion -Wobjc-literal-conversion -Wshorten-64-to-32 -Wpointer-sign -Wno-newline-eof -Wno-selector -Wno-strict-selector-match -Wundeclared-selector -Wdeprecated-implementations -Wno-implicit-fallthrough -isysroot /Applications/Xcode.app/Contents/Developer/Platforms/iPhoneSimulator.platform/Developer/SDKs/iPhoneSimulator26.5.sdk -fstrict-aliasing -Wprotocol -Wdeprecated-declarations -Wno-sign-conversion -Winfinite-recursion -Wcomma -Wblock-capture-autoreleasing -Wstrict-prototypes -Wno-semicolon-before-method-body -Wunguarded-availability -index-store-path /Users/karelbraborec/Library/Developer/Xcode/DerivedData/revmeter-hbcnswmlqmbpnlazhhkncgeowiss/Index.noindex/DataStore @/Users/karelbraborec/Library/Developer/Xcode/DerivedData/revmeter-hbcnswmlqmbpnlazhhkncgeowiss/Build/Intermediates.noindex/Pods.build/Debug-iphonesimulator/react-native-slider.build/Objects-normal/arm64/e6072d4f65d7061329687fe24e3d63a7-common-args.resp -include /Users/karelbraborec/rev-meter/ios/Pods/Target\ Support\ Files/react-native-slider/react-native-slider-prefix.pch -MMD -MT dependencies -MF /Users/karelbraborec/Library/Developer/Xcode/DerivedData/revmeter-hbcnswmlqmbpnlazhhkncgeowiss/Build/Intermediates.noindex/Pods.build/Debug-iphonesimulator/react-native-slider.build/Objects-normal/arm64/react-native-slider-dummy.d --serialize-diagnostics /Users/karelbraborec/Library/Developer/Xcode/DerivedData/revmeter-hbcnswmlqmbpnlazhhkncgeowiss/Build/Intermediates.noindex/Pods.build/Debug-iphonesimulator/react-native-slider.build/Objects-normal/arm64/react-native-slider-dummy.dia -c /Users/karelbraborec/rev-meter/ios/Pods/Target\ Support\ Files/react-native-slider/react-native-slider-dummy.m -o /Users/karelbraborec/Library/Developer/Xcode/DerivedData/revmeter-hbcnswmlqmbpnlazhhkncgeowiss/Build/Intermediates.noindex/Pods.build/Debug-iphonesimulator/react-native-slider.build/Objects-normal/arm64/react-native-slider-dummy.o -index-unit-output-path /Pods.build/Debug-iphonesimulator/react-native-slider.build/Objects-normal/arm64/react-native-slider-dummy.o

CompileC /Users/karelbraborec/Library/Developer/Xcode/DerivedData/revmeter-hbcnswmlqmbpnlazhhkncgeowiss/Build/Intermediates.noindex/Pods.build/Debug-iphonesimulator/react-native-safe-area-context.build/Objects-normal/x86_64/react-native-safe-area-context-dummy.o /Users/karelbraborec/rev-meter/ios/Pods/Target\ Support\ Files/react-native-safe-area-context/react-native-safe-area-context-dummy.m normal x86_64 objective-c com.apple.compilers.llvm.clang.1_0.compiler (in target 'react-native-safe-area-context' from project 'Pods')
    cd /Users/karelbraborec/rev-meter/ios/Pods
    
    Using response file: /Users/karelbraborec/Library/Developer/Xcode/DerivedData/revmeter-hbcnswmlqmbpnlazhhkncgeowiss/Build/Intermediates.noindex/Pods.build/Debug-iphonesimulator/react-native-safe-area-context.build/Objects-normal/x86_64/e6072d4f65d7061329687fe24e3d63a7-common-args.resp
    
    /Applications/Xcode.app/Contents/Developer/Toolchains/XcodeDefault.xctoolchain/usr/bin/clang -x objective-c -ivfsstatcache /Users/karelbraborec/Library/Developer/Xcode/DerivedData/SDKStatCaches.noindex/iphonesimulator26.5-23F81a-6cfe768891a92b912361537c460fe42b.sdkstatcache -target x86_64-apple-ios15.1-simulator -fmessage-length\=0 -fdiagnostics-show-note-include-stack -fmacro-backtrace-limit\=0 -fno-color-diagnostics -fmodules-prune-interval\=86400 -fmodules-prune-after\=345600 -fbuild-session-file\=/Users/karelbraborec/Library/Developer/Xcode/DerivedData/ModuleCache.noindex/Session.modulevalidation -fmodules-validate-once-per-build-session -Wnon-modular-include-in-framework-module -Werror\=non-modular-include-in-framework-module -Wno-trigraphs -Wno-missing-field-initializers -Wno-missing-prototypes -Werror\=return-type -Wdocumentation -Wunreachable-code -Wno-implicit-atomic-properties -Werror\=deprecated-objc-isa-usage -Wno-objc-interface-ivars -Werror\=objc-root-class -Wno-arc-repeated-use-of-weak -Wimplicit-retain-self -Wduplicate-method-match -Wno-missing-braces -Wparentheses -Wswitch -Wunused-function -Wno-unused-label -Wno-unused-parameter -Wunused-variable -Wunused-value -Wempty-body -Wuninitialized -Wconditional-uninitialized -Wno-unknown-pragmas -Wno-shadow -Wno-four-char-constants -Wno-conversion -Wconstant-conversion -Wint-conversion -Wbool-conversion -Wenum-conversion -Wno-float-conversion -Wnon-literal-null-conversion -Wobjc-literal-conversion -Wshorten-64-to-32 -Wpointer-sign -Wno-newline-eof -Wno-selector -Wno-strict-selector-match -Wundeclared-selector -Wdeprecated-implementations -Wno-implicit-fallthrough -isysroot /Applications/Xcode.app/Contents/Developer/Platforms/iPhoneSimulator.platform/Developer/SDKs/iPhoneSimulator26.5.sdk -fstrict-aliasing -Wprotocol -Wdeprecated-declarations -Wno-sign-conversion -Winfinite-recursion -Wcomma -Wblock-capture-autoreleasing -Wstrict-prototypes -Wno-semicolon-before-method-body -Wunguarded-availability -index-store-path /Users/karelbraborec/Library/Developer/Xcode/DerivedData/revmeter-hbcnswmlqmbpnlazhhkncgeowiss/Index.noindex/DataStore @/Users/karelbraborec/Library/Developer/Xcode/DerivedData/revmeter-hbcnswmlqmbpnlazhhkncgeowiss/Build/Intermediates.noindex/Pods.build/Debug-iphonesimulator/react-native-safe-area-context.build/Objects-normal/x86_64/e6072d4f65d7061329687fe24e3d63a7-common-args.resp -include /Users/karelbraborec/rev-meter/ios/Pods/Target\ Support\ Files/react-native-safe-area-context/react-native-safe-area-context-prefix.pch -MMD -MT dependencies -MF /Users/karelbraborec/Library/Developer/Xcode/DerivedData/revmeter-hbcnswmlqmbpnlazhhkncgeowiss/Build/Intermediates.noindex/Pods.build/Debug-iphonesimulator/react-native-safe-area-context.build/Objects-normal/x86_64/react-native-safe-area-context-dummy.d --serialize-diagnostics /Users/karelbraborec/Library/Developer/Xcode/DerivedData/revmeter-hbcnswmlqmbpnlazhhkncgeowiss/Build/Intermediates.noindex/Pods.build/Debug-iphonesimulator/react-native-safe-area-context.build/Objects-normal/x86_64/react-native-safe-area-context-dummy.dia -c /Users/karelbraborec/rev-meter/ios/Pods/Target\ Support\ Files/react-native-safe-area-context/react-native-safe-area-context-dummy.m -o /Users/karelbraborec/Library/Developer/Xcode/DerivedData/revmeter-hbcnswmlqmbpnlazhhkncgeowiss/Build/Intermediates.noindex/Pods.build/Debug-iphonesimulator/react-native-safe-area-context.build/Objects-normal/x86_64/react-native-safe-area-context-dummy.o -index-unit-output-path /Pods.build/Debug-iphonesimulator/react-native-safe-area-context.build/Objects-normal/x86_64/react-native-safe-area-context-dummy.o

CompileC /Users/karelbraborec/Library/Developer/Xcode/DerivedData/revmeter-hbcnswmlqmbpnlazhhkncgeowiss/Build/Intermediates.noindex/Pods.build/Debug-iphonesimulator/ReactCodegen.build/Objects-normal/arm64/ReactCodegen-dummy.o /Users/karelbraborec/rev-meter/ios/Pods/Target\ Support\ Files/ReactCodegen/ReactCodegen-dummy.m normal arm64 objective-c com.apple.compilers.llvm.clang.1_0.compiler (in target 'ReactCodegen' from project 'Pods')
    cd /Users/karelbraborec/rev-meter/ios/Pods
    
    Using response file: /Users/karelbraborec/Library/Developer/Xcode/DerivedData/revmeter-hbcnswmlqmbpnlazhhkncgeowiss/Build/Intermediates.noindex/Pods.build/Debug-iphonesimulator/ReactCodegen.build/Objects-normal/arm64/e6072d4f65d7061329687fe24e3d63a7-common-args.resp
    
    /Applications/Xcode.app/Contents/Developer/Toolchains/XcodeDefault.xctoolchain/usr/bin/clang -x objective-c -ivfsstatcache /Users/karelbraborec/Library/Developer/Xcode/DerivedData/SDKStatCaches.noindex/iphonesimulator26.5-23F81a-6cfe768891a92b912361537c460fe42b.sdkstatcache -target arm64-apple-ios15.1-simulator -fmessage-length\=0 -fdiagnostics-show-note-include-stack -fmacro-backtrace-limit\=0 -fno-color-diagnostics -fmodules-prune-interval\=86400 -fmodules-prune-after\=345600 -fbuild-session-file\=/Users/karelbraborec/Library/Developer/Xcode/DerivedData/ModuleCache.noindex/Session.modulevalidation -fmodules-validate-once-per-build-session -Wnon-modular-include-in-framework-module -Werror\=non-modular-include-in-framework-module -Wno-trigraphs -Wno-missing-field-initializers -Wno-missing-prototypes -Werror\=return-type -Wdocumentation -Wunreachable-code -Wno-implicit-atomic-properties -Werror\=deprecated-objc-isa-usage -Wno-objc-interface-ivars -Werror\=objc-root-class -Wno-arc-repeated-use-of-weak -Wimplicit-retain-self -Wduplicate-method-match -Wno-missing-braces -Wparentheses -Wswitch -Wunused-function -Wno-unused-label -Wno-unused-parameter -Wunused-variable -Wunused-value -Wempty-body -Wuninitialized -Wconditional-uninitialized -Wno-unknown-pragmas -Wno-shadow -Wno-four-char-constants -Wno-conversion -Wconstant-conversion -Wint-conversion -Wbool-conversion -Wenum-conversion -Wno-float-conversion -Wnon-literal-null-conversion -Wobjc-literal-conversion -Wshorten-64-to-32 -Wpointer-sign -Wno-newline-eof -Wno-selector -Wno-strict-selector-match -Wundeclared-selector -Wdeprecated-implementations -Wno-implicit-fallthrough -isysroot /Applications/Xcode.app/Contents/Developer/Platforms/iPhoneSimulator.platform/Developer/SDKs/iPhoneSimulator26.5.sdk -fstrict-aliasing -Wprotocol -Wdeprecated-declarations -Wno-sign-conversion -Winfinite-recursion -Wcomma -Wblock-capture-autoreleasing -Wstrict-prototypes -Wno-semicolon-before-method-body -Wunguarded-availability -index-store-path /Users/karelbraborec/Library/Developer/Xcode/DerivedData/revmeter-hbcnswmlqmbpnlazhhkncgeowiss/Index.noindex/DataStore @/Users/karelbraborec/Library/Developer/Xcode/DerivedData/revmeter-hbcnswmlqmbpnlazhhkncgeowiss/Build/Intermediates.noindex/Pods.build/Debug-iphonesimulator/ReactCodegen.build/Objects-normal/arm64/e6072d4f65d7061329687fe24e3d63a7-common-args.resp -include /Users/karelbraborec/rev-meter/ios/Pods/Target\ Support\ Files/ReactCodegen/ReactCodegen-prefix.pch -MMD -MT dependencies -MF /Users/karelbraborec/Library/Developer/Xcode/DerivedData/revmeter-hbcnswmlqmbpnlazhhkncgeowiss/Build/Intermediates.noindex/Pods.build/Debug-iphonesimulator/ReactCodegen.build/Objects-normal/arm64/ReactCodegen-dummy.d --serialize-diagnostics /Users/karelbraborec/Library/Developer/Xcode/DerivedData/revmeter-hbcnswmlqmbpnlazhhkncgeowiss/Build/Intermediates.noindex/Pods.build/Debug-iphonesimulator/ReactCodegen.build/Objects-normal/arm64/ReactCodegen-dummy.dia -c /Users/karelbraborec/rev-meter/ios/Pods/Target\ Support\ Files/ReactCodegen/ReactCodegen-dummy.m -o /Users/karelbraborec/Library/Developer/Xcode/DerivedData/revmeter-hbcnswmlqmbpnlazhhkncgeowiss/Build/Intermediates.noindex/Pods.build/Debug-iphonesimulator/ReactCodegen.build/Objects-normal/arm64/ReactCodegen-dummy.o -index-unit-output-path /Pods.build/Debug-iphonesimulator/ReactCodegen.build/Objects-normal/arm64/ReactCodegen-dummy.o

PrecompileModule /Users/karelbraborec/Library/Developer/Xcode/DerivedData/revmeter-hbcnswmlqmbpnlazhhkncgeowiss/Build/Intermediates.noindex/ExplicitPrecompiledModules/CoreGraphics-9G870UE62R63XTPJJ42XSC68U.scan
    cd /
    builtin-precompileModule /Users/karelbraborec/Library/Developer/Xcode/DerivedData/revmeter-hbcnswmlqmbpnlazhhkncgeowiss/Build/Intermediates.noindex/ExplicitPrecompiledModules/CoreGraphics-9G870UE62R63XTPJJ42XSC68U.scan

PrecompileModule /Users/karelbraborec/Library/Developer/Xcode/DerivedData/revmeter-hbcnswmlqmbpnlazhhkncgeowiss/Build/Intermediates.noindex/ExplicitPrecompiledModules/Security-75UNLQW7SJOD6K0U9XXY1R8DY.scan
    cd /
    builtin-precompileModule /Users/karelbraborec/Library/Developer/Xcode/DerivedData/revmeter-hbcnswmlqmbpnlazhhkncgeowiss/Build/Intermediates.noindex/ExplicitPrecompiledModules/Security-75UNLQW7SJOD6K0U9XXY1R8DY.scan

Libtool /Users/karelbraborec/Library/Developer/Xcode/DerivedData/revmeter-hbcnswmlqmbpnlazhhkncgeowiss/Build/Intermediates.noindex/Pods.build/Debug-iphonesimulator/ReactCodegen.build/Objects-normal/arm64/Binary/libReactCodegen.a normal arm64 (in target 'ReactCodegen' from project 'Pods')
    cd /Users/karelbraborec/rev-meter/ios/Pods
    /Applications/Xcode.app/Contents/Developer/Toolchains/XcodeDefault.xctoolchain/usr/bin/libtool -static -arch_only arm64 -D -syslibroot /Applications/Xcode.app/Contents/Developer/Platforms/iPhoneSimulator.platform/Developer/SDKs/iPhoneSimulator26.5.sdk -L/Users/karelbraborec/Library/Developer/Xcode/DerivedData/revmeter-hbcnswmlqmbpnlazhhkncgeowiss/Build/Products/Debug-iphonesimulator/ReactCodegen -filelist /Users/karelbraborec/Library/Developer/Xcode/DerivedData/revmeter-hbcnswmlqmbpnlazhhkncgeowiss/Build/Intermediates.noindex/Pods.build/Debug-iphonesimulator/ReactCodegen.build/Objects-normal/arm64/ReactCodegen.LinkFileList -dependency_info /Users/karelbraborec/Library/Developer/Xcode/DerivedData/revmeter-hbcnswmlqmbpnlazhhkncgeowiss/Build/Intermediates.noindex/Pods.build/Debug-iphonesimulator/ReactCodegen.build/Objects-normal/arm64/ReactCodegen_libtool_dependency_info.dat -o /Users/karelbraborec/Library/Developer/Xcode/DerivedData/revmeter-hbcnswmlqmbpnlazhhkncgeowiss/Build/Intermediates.noindex/Pods.build/Debug-iphonesimulator/ReactCodegen.build/Objects-normal/arm64/Binary/libReactCodegen.a
libtool: warning: 'EventEmitters-8848764c79767756c12e578e90cb8fc7.o' has no symbols
libtool: warning: 'EventEmitters-df7a971a056b5acf43e14c7f6914106c.o' has no symbols
libtool: warning: 'States-295b6137d795a85fe8900ba3ab647bc1.o' has no symbols
libtool: warning: 'States-3014abc11e79bb843ca071c141146958.o' has no symbols
libtool: warning: 'States-c78ddf09a99ea3cf694c5c3165d85cc6.o' has no symbols
libtool: warning: 'States-9756b3e8863259c5fc8cb369b2583aa5.o' has no symbols
libtool: warning: 'States-3a809e74f9db12396e69790f772c7b75.o' has no symbols

PrecompileModule /Users/karelbraborec/Library/Developer/Xcode/DerivedData/revmeter-hbcnswmlqmbpnlazhhkncgeowiss/Build/Intermediates.noindex/ExplicitPrecompiledModules/CFNetwork-DB3F7NVIBXHU48OCK5QGDYDOS.scan
    cd /
    builtin-precompileModule /Users/karelbraborec/Library/Developer/Xcode/DerivedData/revmeter-hbcnswmlqmbpnlazhhkncgeowiss/Build/Intermediates.noindex/ExplicitPrecompiledModules/CFNetwork-DB3F7NVIBXHU48OCK5QGDYDOS.scan

PrecompileModule /Users/karelbraborec/Library/Developer/Xcode/DerivedData/revmeter-hbcnswmlqmbpnlazhhkncgeowiss/Build/Intermediates.noindex/ExplicitPrecompiledModules/ImageIO-4T3EORHB0NMWZ65DJFQRQO090.scan
    cd /
    builtin-precompileModule /Users/karelbraborec/Library/Developer/Xcode/DerivedData/revmeter-hbcnswmlqmbpnlazhhkncgeowiss/Build/Intermediates.noindex/ExplicitPrecompiledModules/ImageIO-4T3EORHB0NMWZ65DJFQRQO090.scan

PrecompileModule /Users/karelbraborec/Library/Developer/Xcode/DerivedData/revmeter-hbcnswmlqmbpnlazhhkncgeowiss/Build/Intermediates.noindex/ExplicitPrecompiledModules/XPC-1TV7A0NSD3SFWQASN71M5YUVQ.scan
    cd /
    builtin-precompileModule /Users/karelbraborec/Library/Developer/Xcode/DerivedData/revmeter-hbcnswmlqmbpnlazhhkncgeowiss/Build/Intermediates.noindex/ExplicitPrecompiledModules/XPC-1TV7A0NSD3SFWQASN71M5YUVQ.scan

PrecompileModule /Users/karelbraborec/Library/Developer/Xcode/DerivedData/revmeter-hbcnswmlqmbpnlazhhkncgeowiss/Build/Intermediates.noindex/ExplicitPrecompiledModules/CoreText-BKME9S7RSMFUJOKGZ1GSMZISZ.scan
    cd /
    builtin-precompileModule /Users/karelbraborec/Library/Developer/Xcode/DerivedData/revmeter-hbcnswmlqmbpnlazhhkncgeowiss/Build/Intermediates.noindex/ExplicitPrecompiledModules/CoreText-BKME9S7RSMFUJOKGZ1GSMZISZ.scan

PrecompileModule /Users/karelbraborec/Library/Developer/Xcode/DerivedData/revmeter-hbcnswmlqmbpnlazhhkncgeowiss/Build/Intermediates.noindex/ExplicitPrecompiledModules/ObjectiveC-1K70GIW1OQ9HL6FV8H6DFM9WP.scan
    cd /
    builtin-precompileModule /Users/karelbraborec/Library/Developer/Xcode/DerivedData/revmeter-hbcnswmlqmbpnlazhhkncgeowiss/Build/Intermediates.noindex/ExplicitPrecompiledModules/ObjectiveC-1K70GIW1OQ9HL6FV8H6DFM9WP.scan

ScanDependencies /Users/karelbraborec/Library/Developer/Xcode/DerivedData/revmeter-hbcnswmlqmbpnlazhhkncgeowiss/Build/Intermediates.noindex/Pods.build/Debug-iphonesimulator/react-native-safe-area-context.build/Objects-normal/x86_64/RNCSafeAreaViewMode.o /Users/karelbraborec/rev-meter/node_modules/react-native-safe-area-context/ios/RNCSafeAreaViewMode.m normal x86_64 objective-c com.apple.compilers.llvm.clang.1_0.compiler (in target 'react-native-safe-area-context' from project 'Pods')
    cd /Users/karelbraborec/rev-meter/ios/Pods
    
    Using response file: /Users/karelbraborec/Library/Developer/Xcode/DerivedData/revmeter-hbcnswmlqmbpnlazhhkncgeowiss/Build/Intermediates.noindex/Pods.build/Debug-iphonesimulator/react-native-safe-area-context.build/Objects-normal/x86_64/e6072d4f65d7061329687fe24e3d63a7-common-args.resp
    
    builtin-ScanDependencies -o /Users/karelbraborec/Library/Developer/Xcode/DerivedData/revmeter-hbcnswmlqmbpnlazhhkncgeowiss/Build/Intermediates.noindex/Pods.build/Debug-iphonesimulator/react-native-safe-area-context.build/Objects-normal/x86_64/RNCSafeAreaViewMode.o.scan -- /Applications/Xcode.app/Contents/Developer/Toolchains/XcodeDefault.xctoolchain/usr/bin/clang -x objective-c -ivfsstatcache /Users/karelbraborec/Library/Developer/Xcode/DerivedData/SDKStatCaches.noindex/iphonesimulator26.5-23F81a-6cfe768891a92b912361537c460fe42b.sdkstatcache -target x86_64-apple-ios15.1-simulator -fmessage-length\=0 -fdiagnostics-show-note-include-stack -fmacro-backtrace-limit\=0 -fno-color-diagnostics -fmodules-prune-interval\=86400 -fmodules-prune-after\=345600 -fbuild-session-file\=/Users/karelbraborec/Library/Developer/Xcode/DerivedData/ModuleCache.noindex/Session.modulevalidation -fmodules-validate-once-per-build-session -Wnon-modular-include-in-framework-module -Werror\=non-modular-include-in-framework-module -Wno-trigraphs -Wno-missing-field-initializers -Wno-missing-prototypes -Werror\=return-type -Wdocumentation -Wunreachable-code -Wno-implicit-atomic-properties -Werror\=deprecated-objc-isa-usage -Wno-objc-interface-ivars -Werror\=objc-root-class -Wno-arc-repeated-use-of-weak -Wimplicit-retain-self -Wduplicate-method-match -Wno-missing-braces -Wparentheses -Wswitch -Wunused-function -Wno-unused-label -Wno-unused-parameter -Wunused-variable -Wunused-value -Wempty-body -Wuninitialized -Wconditional-uninitialized -Wno-unknown-pragmas -Wno-shadow -Wno-four-char-constants -Wno-conversion -Wconstant-conversion -Wint-conversion -Wbool-conversion -Wenum-conversion -Wno-float-conversion -Wnon-literal-null-conversion -Wobjc-literal-conversion -Wshorten-64-to-32 -Wpointer-sign -Wno-newline-eof -Wno-selector -Wno-strict-selector-match -Wundeclared-selector -Wdeprecated-implementations -Wno-implicit-fallthrough -isysroot /Applications/Xcode.app/Contents/Developer/Platforms/iPhoneSimulator.platform/Developer/SDKs/iPhoneSimulator26.5.sdk -fstrict-aliasing -Wprotocol -Wdeprecated-declarations -Wno-sign-conversion -Winfinite-recursion -Wcomma -Wblock-capture-autoreleasing -Wstrict-prototypes -Wno-semicolon-before-method-body -Wunguarded-availability -index-store-path /Users/karelbraborec/Library/Developer/Xcode/DerivedData/revmeter-hbcnswmlqmbpnlazhhkncgeowiss/Index.noindex/DataStore @/Users/karelbraborec/Library/Developer/Xcode/DerivedData/revmeter-hbcnswmlqmbpnlazhhkncgeowiss/Build/Intermediates.noindex/Pods.build/Debug-iphonesimulator/react-native-safe-area-context.build/Objects-normal/x86_64/e6072d4f65d7061329687fe24e3d63a7-common-args.resp -DRCT_NEW_ARCH_ENABLED\=1 -include /Users/karelbraborec/rev-meter/ios/Pods/Target\ Support\ Files/react-native-safe-area-context/react-native-safe-area-context-prefix.pch -MMD -MT dependencies -MF /Users/karelbraborec/Library/Developer/Xcode/DerivedData/revmeter-hbcnswmlqmbpnlazhhkncgeowiss/Build/Intermediates.noindex/Pods.build/Debug-iphonesimulator/react-native-safe-area-context.build/Objects-normal/x86_64/RNCSafeAreaViewMode.d --serialize-diagnostics /Users/karelbraborec/Library/Developer/Xcode/DerivedData/revmeter-hbcnswmlqmbpnlazhhkncgeowiss/Build/Intermediates.noindex/Pods.build/Debug-iphonesimulator/react-native-safe-area-context.build/Objects-normal/x86_64/RNCSafeAreaViewMode.dia -c /Users/karelbraborec/rev-meter/node_modules/react-native-safe-area-context/ios/RNCSafeAreaViewMode.m -o /Users/karelbraborec/Library/Developer/Xcode/DerivedData/revmeter-hbcnswmlqmbpnlazhhkncgeowiss/Build/Intermediates.noindex/Pods.build/Debug-iphonesimulator/react-native-safe-area-context.build/Objects-normal/x86_64/RNCSafeAreaViewMode.o -index-unit-output-path /Pods.build/Debug-iphonesimulator/react-native-safe-area-context.build/Objects-normal/x86_64/RNCSafeAreaViewMode.o

PrecompileModule /Users/karelbraborec/Library/Developer/Xcode/DerivedData/revmeter-hbcnswmlqmbpnlazhhkncgeowiss/Build/Intermediates.noindex/ExplicitPrecompiledModules/Foundation-422TG4G701P41J1VUK5XGIDF.scan
    cd /
    builtin-precompileModule /Users/karelbraborec/Library/Developer/Xcode/DerivedData/revmeter-hbcnswmlqmbpnlazhhkncgeowiss/Build/Intermediates.noindex/ExplicitPrecompiledModules/Foundation-422TG4G701P41J1VUK5XGIDF.scan

PrecompileModule /Users/karelbraborec/Library/Developer/Xcode/DerivedData/revmeter-hbcnswmlqmbpnlazhhkncgeowiss/Build/Intermediates.noindex/ExplicitPrecompiledModules/os_object-5O3QENGON1NICOXA36WDF7XQ2.scan
    cd /
    builtin-precompileModule /Users/karelbraborec/Library/Developer/Xcode/DerivedData/revmeter-hbcnswmlqmbpnlazhhkncgeowiss/Build/Intermediates.noindex/ExplicitPrecompiledModules/os_object-5O3QENGON1NICOXA36WDF7XQ2.scan

CreateUniversalBinary /Users/karelbraborec/Library/Developer/Xcode/DerivedData/revmeter-hbcnswmlqmbpnlazhhkncgeowiss/Build/Products/Debug-iphonesimulator/ReactCodegen/libReactCodegen.a normal arm64\ x86_64 (in target 'ReactCodegen' from project 'Pods')
    cd /Users/karelbraborec/rev-meter/ios/Pods
    /Applications/Xcode.app/Contents/Developer/Toolchains/XcodeDefault.xctoolchain/usr/bin/lipo -create /Users/karelbraborec/Library/Developer/Xcode/DerivedData/revmeter-hbcnswmlqmbpnlazhhkncgeowiss/Build/Intermediates.noindex/Pods.build/Debug-iphonesimulator/ReactCodegen.build/Objects-normal/arm64/Binary/libReactCodegen.a /Users/karelbraborec/Library/Developer/Xcode/DerivedData/revmeter-hbcnswmlqmbpnlazhhkncgeowiss/Build/Intermediates.noindex/Pods.build/Debug-iphonesimulator/ReactCodegen.build/Objects-normal/x86_64/Binary/libReactCodegen.a -output /Users/karelbraborec/Library/Developer/Xcode/DerivedData/revmeter-hbcnswmlqmbpnlazhhkncgeowiss/Build/Products/Debug-iphonesimulator/ReactCodegen/libReactCodegen.a

ScanDependencies /Users/karelbraborec/Library/Developer/Xcode/DerivedData/revmeter-hbcnswmlqmbpnlazhhkncgeowiss/Build/Intermediates.noindex/Pods.build/Debug-iphonesimulator/react-native-safe-area-context.build/Objects-normal/x86_64/RNCSafeAreaViewManager.o /Users/karelbraborec/rev-meter/node_modules/react-native-safe-area-context/ios/RNCSafeAreaViewManager.m normal x86_64 objective-c com.apple.compilers.llvm.clang.1_0.compiler (in target 'react-native-safe-area-context' from project 'Pods')
    cd /Users/karelbraborec/rev-meter/ios/Pods
    
    Using response file: /Users/karelbraborec/Library/Developer/Xcode/DerivedData/revmeter-hbcnswmlqmbpnlazhhkncgeowiss/Build/Intermediates.noindex/Pods.build/Debug-iphonesimulator/react-native-safe-area-context.build/Objects-normal/x86_64/e6072d4f65d7061329687fe24e3d63a7-common-args.resp
    
    builtin-ScanDependencies -o /Users/karelbraborec/Library/Developer/Xcode/DerivedData/revmeter-hbcnswmlqmbpnlazhhkncgeowiss/Build/Intermediates.noindex/Pods.build/Debug-iphonesimulator/react-native-safe-area-context.build/Objects-normal/x86_64/RNCSafeAreaViewManager.o.scan -- /Applications/Xcode.app/Contents/Developer/Toolchains/XcodeDefault.xctoolchain/usr/bin/clang -x objective-c -ivfsstatcache /Users/karelbraborec/Library/Developer/Xcode/DerivedData/SDKStatCaches.noindex/iphonesimulator26.5-23F81a-6cfe768891a92b912361537c460fe42b.sdkstatcache -target x86_64-apple-ios15.1-simulator -fmessage-length\=0 -fdiagnostics-show-note-include-stack -fmacro-backtrace-limit\=0 -fno-color-diagnostics -fmodules-prune-interval\=86400 -fmodules-prune-after\=345600 -fbuild-session-file\=/Users/karelbraborec/Library/Developer/Xcode/DerivedData/ModuleCache.noindex/Session.modulevalidation -fmodules-validate-once-per-build-session -Wnon-modular-include-in-framework-module -Werror\=non-modular-include-in-framework-module -Wno-trigraphs -Wno-missing-field-initializers -Wno-missing-prototypes -Werror\=return-type -Wdocumentation -Wunreachable-code -Wno-implicit-atomic-properties -Werror\=deprecated-objc-isa-usage -Wno-objc-interface-ivars -Werror\=objc-root-class -Wno-arc-repeated-use-of-weak -Wimplicit-retain-self -Wduplicate-method-match -Wno-missing-braces -Wparentheses -Wswitch -Wunused-function -Wno-unused-label -Wno-unused-parameter -Wunused-variable -Wunused-value -Wempty-body -Wuninitialized -Wconditional-uninitialized -Wno-unknown-pragmas -Wno-shadow -Wno-four-char-constants -Wno-conversion -Wconstant-conversion -Wint-conversion -Wbool-conversion -Wenum-conversion -Wno-float-conversion -Wnon-literal-null-conversion -Wobjc-literal-conversion -Wshorten-64-to-32 -Wpointer-sign -Wno-newline-eof -Wno-selector -Wno-strict-selector-match -Wundeclared-selector -Wdeprecated-implementations -Wno-implicit-fallthrough -isysroot /Applications/Xcode.app/Contents/Developer/Platforms/iPhoneSimulator.platform/Developer/SDKs/iPhoneSimulator26.5.sdk -fstrict-aliasing -Wprotocol -Wdeprecated-declarations -Wno-sign-conversion -Winfinite-recursion -Wcomma -Wblock-capture-autoreleasing -Wstrict-prototypes -Wno-semicolon-before-method-body -Wunguarded-availability -index-store-path /Users/karelbraborec/Library/Developer/Xcode/DerivedData/revmeter-hbcnswmlqmbpnlazhhkncgeowiss/Index.noindex/DataStore @/Users/karelbraborec/Library/Developer/Xcode/DerivedData/revmeter-hbcnswmlqmbpnlazhhkncgeowiss/Build/Intermediates.noindex/Pods.build/Debug-iphonesimulator/react-native-safe-area-context.build/Objects-normal/x86_64/e6072d4f65d7061329687fe24e3d63a7-common-args.resp -DRCT_NEW_ARCH_ENABLED\=1 -include /Users/karelbraborec/rev-meter/ios/Pods/Target\ Support\ Files/react-native-safe-area-context/react-native-safe-area-context-prefix.pch -MMD -MT dependencies -MF /Users/karelbraborec/Library/Developer/Xcode/DerivedData/revmeter-hbcnswmlqmbpnlazhhkncgeowiss/Build/Intermediates.noindex/Pods.build/Debug-iphonesimulator/react-native-safe-area-context.build/Objects-normal/x86_64/RNCSafeAreaViewManager.d --serialize-diagnostics /Users/karelbraborec/Library/Developer/Xcode/DerivedData/revmeter-hbcnswmlqmbpnlazhhkncgeowiss/Build/Intermediates.noindex/Pods.build/Debug-iphonesimulator/react-native-safe-area-context.build/Objects-normal/x86_64/RNCSafeAreaViewManager.dia -c /Users/karelbraborec/rev-meter/node_modules/react-native-safe-area-context/ios/RNCSafeAreaViewManager.m -o /Users/karelbraborec/Library/Developer/Xcode/DerivedData/revmeter-hbcnswmlqmbpnlazhhkncgeowiss/Build/Intermediates.noindex/Pods.build/Debug-iphonesimulator/react-native-safe-area-context.build/Objects-normal/x86_64/RNCSafeAreaViewManager.o -index-unit-output-path /Pods.build/Debug-iphonesimulator/react-native-safe-area-context.build/Objects-normal/x86_64/RNCSafeAreaViewManager.o

PrecompileModule /Users/karelbraborec/Library/Developer/Xcode/DerivedData/revmeter-hbcnswmlqmbpnlazhhkncgeowiss/Build/Intermediates.noindex/ExplicitPrecompiledModules/os_workgroup-ARALIO34RNKNACT17EGCAR7H5.scan
    cd /
    builtin-precompileModule /Users/karelbraborec/Library/Developer/Xcode/DerivedData/revmeter-hbcnswmlqmbpnlazhhkncgeowiss/Build/Intermediates.noindex/ExplicitPrecompiledModules/os_workgroup-ARALIO34RNKNACT17EGCAR7H5.scan

ScanDependencies /Users/karelbraborec/Library/Developer/Xcode/DerivedData/revmeter-hbcnswmlqmbpnlazhhkncgeowiss/Build/Intermediates.noindex/Pods.build/Debug-iphonesimulator/react-native-safe-area-context.build/Objects-normal/x86_64/RNCSafeAreaViewLocalData.o /Users/karelbraborec/rev-meter/node_modules/react-native-safe-area-context/ios/RNCSafeAreaViewLocalData.m normal x86_64 objective-c com.apple.compilers.llvm.clang.1_0.compiler (in target 'react-native-safe-area-context' from project 'Pods')
    cd /Users/karelbraborec/rev-meter/ios/Pods
    
    Using response file: /Users/karelbraborec/Library/Developer/Xcode/DerivedData/revmeter-hbcnswmlqmbpnlazhhkncgeowiss/Build/Intermediates.noindex/Pods.build/Debug-iphonesimulator/react-native-safe-area-context.build/Objects-normal/x86_64/e6072d4f65d7061329687fe24e3d63a7-common-args.resp
    
    builtin-ScanDependencies -o /Users/karelbraborec/Library/Developer/Xcode/DerivedData/revmeter-hbcnswmlqmbpnlazhhkncgeowiss/Build/Intermediates.noindex/Pods.build/Debug-iphonesimulator/react-native-safe-area-context.build/Objects-normal/x86_64/RNCSafeAreaViewLocalData.o.scan -- /Applications/Xcode.app/Contents/Developer/Toolchains/XcodeDefault.xctoolchain/usr/bin/clang -x objective-c -ivfsstatcache /Users/karelbraborec/Library/Developer/Xcode/DerivedData/SDKStatCaches.noindex/iphonesimulator26.5-23F81a-6cfe768891a92b912361537c460fe42b.sdkstatcache -target x86_64-apple-ios15.1-simulator -fmessage-length\=0 -fdiagnostics-show-note-include-stack -fmacro-backtrace-limit\=0 -fno-color-diagnostics -fmodules-prune-interval\=86400 -fmodules-prune-after\=345600 -fbuild-session-file\=/Users/karelbraborec/Library/Developer/Xcode/DerivedData/ModuleCache.noindex/Session.modulevalidation -fmodules-validate-once-per-build-session -Wnon-modular-include-in-framework-module -Werror\=non-modular-include-in-framework-module -Wno-trigraphs -Wno-missing-field-initializers -Wno-missing-prototypes -Werror\=return-type -Wdocumentation -Wunreachable-code -Wno-implicit-atomic-properties -Werror\=deprecated-objc-isa-usage -Wno-objc-interface-ivars -Werror\=objc-root-class -Wno-arc-repeated-use-of-weak -Wimplicit-retain-self -Wduplicate-method-match -Wno-missing-braces -Wparentheses -Wswitch -Wunused-function -Wno-unused-label -Wno-unused-parameter -Wunused-variable -Wunused-value -Wempty-body -Wuninitialized -Wconditional-uninitialized -Wno-unknown-pragmas -Wno-shadow -Wno-four-char-constants -Wno-conversion -Wconstant-conversion -Wint-conversion -Wbool-conversion -Wenum-conversion -Wno-float-conversion -Wnon-literal-null-conversion -Wobjc-literal-conversion -Wshorten-64-to-32 -Wpointer-sign -Wno-newline-eof -Wno-selector -Wno-strict-selector-match -Wundeclared-selector -Wdeprecated-implementations -Wno-implicit-fallthrough -isysroot /Applications/Xcode.app/Contents/Developer/Platforms/iPhoneSimulator.platform/Developer/SDKs/iPhoneSimulator26.5.sdk -fstrict-aliasing -Wprotocol -Wdeprecated-declarations -Wno-sign-conversion -Winfinite-recursion -Wcomma -Wblock-capture-autoreleasing -Wstrict-prototypes -Wno-semicolon-before-method-body -Wunguarded-availability -index-store-path /Users/karelbraborec/Library/Developer/Xcode/DerivedData/revmeter-hbcnswmlqmbpnlazhhkncgeowiss/Index.noindex/DataStore @/Users/karelbraborec/Library/Developer/Xcode/DerivedData/revmeter-hbcnswmlqmbpnlazhhkncgeowiss/Build/Intermediates.noindex/Pods.build/Debug-iphonesimulator/react-native-safe-area-context.build/Objects-normal/x86_64/e6072d4f65d7061329687fe24e3d63a7-common-args.resp -DRCT_NEW_ARCH_ENABLED\=1 -include /Users/karelbraborec/rev-meter/ios/Pods/Target\ Support\ Files/react-native-safe-area-context/react-native-safe-area-context-prefix.pch -MMD -MT dependencies -MF /Users/karelbraborec/Library/Developer/Xcode/DerivedData/revmeter-hbcnswmlqmbpnlazhhkncgeowiss/Build/Intermediates.noindex/Pods.build/Debug-iphonesimulator/react-native-safe-area-context.build/Objects-normal/x86_64/RNCSafeAreaViewLocalData.d --serialize-diagnostics /Users/karelbraborec/Library/Developer/Xcode/DerivedData/revmeter-hbcnswmlqmbpnlazhhkncgeowiss/Build/Intermediates.noindex/Pods.build/Debug-iphonesimulator/react-native-safe-area-context.build/Objects-normal/x86_64/RNCSafeAreaViewLocalData.dia -c /Users/karelbraborec/rev-meter/node_modules/react-native-safe-area-context/ios/RNCSafeAreaViewLocalData.m -o /Users/karelbraborec/Library/Developer/Xcode/DerivedData/revmeter-hbcnswmlqmbpnlazhhkncgeowiss/Build/Intermediates.noindex/Pods.build/Debug-iphonesimulator/react-native-safe-area-context.build/Objects-normal/x86_64/RNCSafeAreaViewLocalData.o -index-unit-output-path /Pods.build/Debug-iphonesimulator/react-native-safe-area-context.build/Objects-normal/x86_64/RNCSafeAreaViewLocalData.o

PrecompileModule /Users/karelbraborec/Library/Developer/Xcode/DerivedData/revmeter-hbcnswmlqmbpnlazhhkncgeowiss/Build/Intermediates.noindex/ExplicitPrecompiledModules/Dispatch-4IAESU8LUV5QFFHI8ZRNF5ANK.scan
    cd /
    builtin-precompileModule /Users/karelbraborec/Library/Developer/Xcode/DerivedData/revmeter-hbcnswmlqmbpnlazhhkncgeowiss/Build/Intermediates.noindex/ExplicitPrecompiledModules/Dispatch-4IAESU8LUV5QFFHI8ZRNF5ANK.scan

ScanDependencies /Users/karelbraborec/Library/Developer/Xcode/DerivedData/revmeter-hbcnswmlqmbpnlazhhkncgeowiss/Build/Intermediates.noindex/Pods.build/Debug-iphonesimulator/react-native-safe-area-context.build/Objects-normal/x86_64/RNCSafeAreaViewEdges.o /Users/karelbraborec/rev-meter/node_modules/react-native-safe-area-context/ios/RNCSafeAreaViewEdges.m normal x86_64 objective-c com.apple.compilers.llvm.clang.1_0.compiler (in target 'react-native-safe-area-context' from project 'Pods')
    cd /Users/karelbraborec/rev-meter/ios/Pods
    
    Using response file: /Users/karelbraborec/Library/Developer/Xcode/DerivedData/revmeter-hbcnswmlqmbpnlazhhkncgeowiss/Build/Intermediates.noindex/Pods.build/Debug-iphonesimulator/react-native-safe-area-context.build/Objects-normal/x86_64/e6072d4f65d7061329687fe24e3d63a7-common-args.resp
    
    builtin-ScanDependencies -o /Users/karelbraborec/Library/Developer/Xcode/DerivedData/revmeter-hbcnswmlqmbpnlazhhkncgeowiss/Build/Intermediates.noindex/Pods.build/Debug-iphonesimulator/react-native-safe-area-context.build/Objects-normal/x86_64/RNCSafeAreaViewEdges.o.scan -- /Applications/Xcode.app/Contents/Developer/Toolchains/XcodeDefault.xctoolchain/usr/bin/clang -x objective-c -ivfsstatcache /Users/karelbraborec/Library/Developer/Xcode/DerivedData/SDKStatCaches.noindex/iphonesimulator26.5-23F81a-6cfe768891a92b912361537c460fe42b.sdkstatcache -target x86_64-apple-ios15.1-simulator -fmessage-length\=0 -fdiagnostics-show-note-include-stack -fmacro-backtrace-limit\=0 -fno-color-diagnostics -fmodules-prune-interval\=86400 -fmodules-prune-after\=345600 -fbuild-session-file\=/Users/karelbraborec/Library/Developer/Xcode/DerivedData/ModuleCache.noindex/Session.modulevalidation -fmodules-validate-once-per-build-session -Wnon-modular-include-in-framework-module -Werror\=non-modular-include-in-framework-module -Wno-trigraphs -Wno-missing-field-initializers -Wno-missing-prototypes -Werror\=return-type -Wdocumentation -Wunreachable-code -Wno-implicit-atomic-properties -Werror\=deprecated-objc-isa-usage -Wno-objc-interface-ivars -Werror\=objc-root-class -Wno-arc-repeated-use-of-weak -Wimplicit-retain-self -Wduplicate-method-match -Wno-missing-braces -Wparentheses -Wswitch -Wunused-function -Wno-unused-label -Wno-unused-parameter -Wunused-variable -Wunused-value -Wempty-body -Wuninitialized -Wconditional-uninitialized -Wno-unknown-pragmas -Wno-shadow -Wno-four-char-constants -Wno-conversion -Wconstant-conversion -Wint-conversion -Wbool-conversion -Wenum-conversion -Wno-float-conversion -Wnon-literal-null-conversion -Wobjc-literal-conversion -Wshorten-64-to-32 -Wpointer-sign -Wno-newline-eof -Wno-selector -Wno-strict-selector-match -Wundeclared-selector -Wdeprecated-implementations -Wno-implicit-fallthrough -isysroot /Applications/Xcode.app/Contents/Developer/Platforms/iPhoneSimulator.platform/Developer/SDKs/iPhoneSimulator26.5.sdk -fstrict-aliasing -Wprotocol -Wdeprecated-declarations -Wno-sign-conversion -Winfinite-recursion -Wcomma -Wblock-capture-autoreleasing -Wstrict-prototypes -Wno-semicolon-before-method-body -Wunguarded-availability -index-store-path /Users/karelbraborec/Library/Developer/Xcode/DerivedData/revmeter-hbcnswmlqmbpnlazhhkncgeowiss/Index.noindex/DataStore @/Users/karelbraborec/Library/Developer/Xcode/DerivedData/revmeter-hbcnswmlqmbpnlazhhkncgeowiss/Build/Intermediates.noindex/Pods.build/Debug-iphonesimulator/react-native-safe-area-context.build/Objects-normal/x86_64/e6072d4f65d7061329687fe24e3d63a7-common-args.resp -DRCT_NEW_ARCH_ENABLED\=1 -include /Users/karelbraborec/rev-meter/ios/Pods/Target\ Support\ Files/react-native-safe-area-context/react-native-safe-area-context-prefix.pch -MMD -MT dependencies -MF /Users/karelbraborec/Library/Developer/Xcode/DerivedData/revmeter-hbcnswmlqmbpnlazhhkncgeowiss/Build/Intermediates.noindex/Pods.build/Debug-iphonesimulator/react-native-safe-area-context.build/Objects-normal/x86_64/RNCSafeAreaViewEdges.d --serialize-diagnostics /Users/karelbraborec/Library/Developer/Xcode/DerivedData/revmeter-hbcnswmlqmbpnlazhhkncgeowiss/Build/Intermediates.noindex/Pods.build/Debug-iphonesimulator/react-native-safe-area-context.build/Objects-normal/x86_64/RNCSafeAreaViewEdges.dia -c /Users/karelbraborec/rev-meter/node_modules/react-native-safe-area-context/ios/RNCSafeAreaViewEdges.m -o /Users/karelbraborec/Library/Developer/Xcode/DerivedData/revmeter-hbcnswmlqmbpnlazhhkncgeowiss/Build/Intermediates.noindex/Pods.build/Debug-iphonesimulator/react-native-safe-area-context.build/Objects-normal/x86_64/RNCSafeAreaViewEdges.o -index-unit-output-path /Pods.build/Debug-iphonesimulator/react-native-safe-area-context.build/Objects-normal/x86_64/RNCSafeAreaViewEdges.o

ScanDependencies /Users/karelbraborec/Library/Developer/Xcode/DerivedData/revmeter-hbcnswmlqmbpnlazhhkncgeowiss/Build/Intermediates.noindex/Pods.build/Debug-iphonesimulator/react-native-safe-area-context.build/Objects-normal/x86_64/RNCSafeAreaViewEdgeMode.o /Users/karelbraborec/rev-meter/node_modules/react-native-safe-area-context/ios/RNCSafeAreaViewEdgeMode.m normal x86_64 objective-c com.apple.compilers.llvm.clang.1_0.compiler (in target 'react-native-safe-area-context' from project 'Pods')
    cd /Users/karelbraborec/rev-meter/ios/Pods
    
    Using response file: /Users/karelbraborec/Library/Developer/Xcode/DerivedData/revmeter-hbcnswmlqmbpnlazhhkncgeowiss/Build/Intermediates.noindex/Pods.build/Debug-iphonesimulator/react-native-safe-area-context.build/Objects-normal/x86_64/e6072d4f65d7061329687fe24e3d63a7-common-args.resp
    
    builtin-ScanDependencies -o /Users/karelbraborec/Library/Developer/Xcode/DerivedData/revmeter-hbcnswmlqmbpnlazhhkncgeowiss/Build/Intermediates.noindex/Pods.build/Debug-iphonesimulator/react-native-safe-area-context.build/Objects-normal/x86_64/RNCSafeAreaViewEdgeMode.o.scan -- /Applications/Xcode.app/Contents/Developer/Toolchains/XcodeDefault.xctoolchain/usr/bin/clang -x objective-c -ivfsstatcache /Users/karelbraborec/Library/Developer/Xcode/DerivedData/SDKStatCaches.noindex/iphonesimulator26.5-23F81a-6cfe768891a92b912361537c460fe42b.sdkstatcache -target x86_64-apple-ios15.1-simulator -fmessage-length\=0 -fdiagnostics-show-note-include-stack -fmacro-backtrace-limit\=0 -fno-color-diagnostics -fmodules-prune-interval\=86400 -fmodules-prune-after\=345600 -fbuild-session-file\=/Users/karelbraborec/Library/Developer/Xcode/DerivedData/ModuleCache.noindex/Session.modulevalidation -fmodules-validate-once-per-build-session -Wnon-modular-include-in-framework-module -Werror\=non-modular-include-in-framework-module -Wno-trigraphs -Wno-missing-field-initializers -Wno-missing-prototypes -Werror\=return-type -Wdocumentation -Wunreachable-code -Wno-implicit-atomic-properties -Werror\=deprecated-objc-isa-usage -Wno-objc-interface-ivars -Werror\=objc-root-class -Wno-arc-repeated-use-of-weak -Wimplicit-retain-self -Wduplicate-method-match -Wno-missing-braces -Wparentheses -Wswitch -Wunused-function -Wno-unused-label -Wno-unused-parameter -Wunused-variable -Wunused-value -Wempty-body -Wuninitialized -Wconditional-uninitialized -Wno-unknown-pragmas -Wno-shadow -Wno-four-char-constants -Wno-conversion -Wconstant-conversion -Wint-conversion -Wbool-conversion -Wenum-conversion -Wno-float-conversion -Wnon-literal-null-conversion -Wobjc-literal-conversion -Wshorten-64-to-32 -Wpointer-sign -Wno-newline-eof -Wno-selector -Wno-strict-selector-match -Wundeclared-selector -Wdeprecated-implementations -Wno-implicit-fallthrough -isysroot /Applications/Xcode.app/Contents/Developer/Platforms/iPhoneSimulator.platform/Developer/SDKs/iPhoneSimulator26.5.sdk -fstrict-aliasing -Wprotocol -Wdeprecated-declarations -Wno-sign-conversion -Winfinite-recursion -Wcomma -Wblock-capture-autoreleasing -Wstrict-prototypes -Wno-semicolon-before-method-body -Wunguarded-availability -index-store-path /Users/karelbraborec/Library/Developer/Xcode/DerivedData/revmeter-hbcnswmlqmbpnlazhhkncgeowiss/Index.noindex/DataStore @/Users/karelbraborec/Library/Developer/Xcode/DerivedData/revmeter-hbcnswmlqmbpnlazhhkncgeowiss/Build/Intermediates.noindex/Pods.build/Debug-iphonesimulator/react-native-safe-area-context.build/Objects-normal/x86_64/e6072d4f65d7061329687fe24e3d63a7-common-args.resp -DRCT_NEW_ARCH_ENABLED\=1 -include /Users/karelbraborec/rev-meter/ios/Pods/Target\ Support\ Files/react-native-safe-area-context/react-native-safe-area-context-prefix.pch -MMD -MT dependencies -MF /Users/karelbraborec/Library/Developer/Xcode/DerivedData/revmeter-hbcnswmlqmbpnlazhhkncgeowiss/Build/Intermediates.noindex/Pods.build/Debug-iphonesimulator/react-native-safe-area-context.build/Objects-normal/x86_64/RNCSafeAreaViewEdgeMode.d --serialize-diagnostics /Users/karelbraborec/Library/Developer/Xcode/DerivedData/revmeter-hbcnswmlqmbpnlazhhkncgeowiss/Build/Intermediates.noindex/Pods.build/Debug-iphonesimulator/react-native-safe-area-context.build/Objects-normal/x86_64/RNCSafeAreaViewEdgeMode.dia -c /Users/karelbraborec/rev-meter/node_modules/react-native-safe-area-context/ios/RNCSafeAreaViewEdgeMode.m -o /Users/karelbraborec/Library/Developer/Xcode/DerivedData/revmeter-hbcnswmlqmbpnlazhhkncgeowiss/Build/Intermediates.noindex/Pods.build/Debug-iphonesimulator/react-native-safe-area-context.build/Objects-normal/x86_64/RNCSafeAreaViewEdgeMode.o -index-unit-output-path /Pods.build/Debug-iphonesimulator/react-native-safe-area-context.build/Objects-normal/x86_64/RNCSafeAreaViewEdgeMode.o

ScanDependencies /Users/karelbraborec/Library/Developer/Xcode/DerivedData/revmeter-hbcnswmlqmbpnlazhhkncgeowiss/Build/Intermediates.noindex/Pods.build/Debug-iphonesimulator/react-native-safe-area-context.build/Objects-normal/x86_64/RNCSafeAreaView.o /Users/karelbraborec/rev-meter/node_modules/react-native-safe-area-context/ios/RNCSafeAreaView.m normal x86_64 objective-c com.apple.compilers.llvm.clang.1_0.compiler (in target 'react-native-safe-area-context' from project 'Pods')
    cd /Users/karelbraborec/rev-meter/ios/Pods
    
    Using response file: /Users/karelbraborec/Library/Developer/Xcode/DerivedData/revmeter-hbcnswmlqmbpnlazhhkncgeowiss/Build/Intermediates.noindex/Pods.build/Debug-iphonesimulator/react-native-safe-area-context.build/Objects-normal/x86_64/e6072d4f65d7061329687fe24e3d63a7-common-args.resp
    
    builtin-ScanDependencies -o /Users/karelbraborec/Library/Developer/Xcode/DerivedData/revmeter-hbcnswmlqmbpnlazhhkncgeowiss/Build/Intermediates.noindex/Pods.build/Debug-iphonesimulator/react-native-safe-area-context.build/Objects-normal/x86_64/RNCSafeAreaView.o.scan -- /Applications/Xcode.app/Contents/Developer/Toolchains/XcodeDefault.xctoolchain/usr/bin/clang -x objective-c -ivfsstatcache /Users/karelbraborec/Library/Developer/Xcode/DerivedData/SDKStatCaches.noindex/iphonesimulator26.5-23F81a-6cfe768891a92b912361537c460fe42b.sdkstatcache -target x86_64-apple-ios15.1-simulator -fmessage-length\=0 -fdiagnostics-show-note-include-stack -fmacro-backtrace-limit\=0 -fno-color-diagnostics -fmodules-prune-interval\=86400 -fmodules-prune-after\=345600 -fbuild-session-file\=/Users/karelbraborec/Library/Developer/Xcode/DerivedData/ModuleCache.noindex/Session.modulevalidation -fmodules-validate-once-per-build-session -Wnon-modular-include-in-framework-module -Werror\=non-modular-include-in-framework-module -Wno-trigraphs -Wno-missing-field-initializers -Wno-missing-prototypes -Werror\=return-type -Wdocumentation -Wunreachable-code -Wno-implicit-atomic-properties -Werror\=deprecated-objc-isa-usage -Wno-objc-interface-ivars -Werror\=objc-root-class -Wno-arc-repeated-use-of-weak -Wimplicit-retain-self -Wduplicate-method-match -Wno-missing-braces -Wparentheses -Wswitch -Wunused-function -Wno-unused-label -Wno-unused-parameter -Wunused-variable -Wunused-value -Wempty-body -Wuninitialized -Wconditional-uninitialized -Wno-unknown-pragmas -Wno-shadow -Wno-four-char-constants -Wno-conversion -Wconstant-conversion -Wint-conversion -Wbool-conversion -Wenum-conversion -Wno-float-conversion -Wnon-literal-null-conversion -Wobjc-literal-conversion -Wshorten-64-to-32 -Wpointer-sign -Wno-newline-eof -Wno-selector -Wno-strict-selector-match -Wundeclared-selector -Wdeprecated-implementations -Wno-implicit-fallthrough -isysroot /Applications/Xcode.app/Contents/Developer/Platforms/iPhoneSimulator.platform/Developer/SDKs/iPhoneSimulator26.5.sdk -fstrict-aliasing -Wprotocol -Wdeprecated-declarations -Wno-sign-conversion -Winfinite-recursion -Wcomma -Wblock-capture-autoreleasing -Wstrict-prototypes -Wno-semicolon-before-method-body -Wunguarded-availability -index-store-path /Users/karelbraborec/Library/Developer/Xcode/DerivedData/revmeter-hbcnswmlqmbpnlazhhkncgeowiss/Index.noindex/DataStore @/Users/karelbraborec/Library/Developer/Xcode/DerivedData/revmeter-hbcnswmlqmbpnlazhhkncgeowiss/Build/Intermediates.noindex/Pods.build/Debug-iphonesimulator/react-native-safe-area-context.build/Objects-normal/x86_64/e6072d4f65d7061329687fe24e3d63a7-common-args.resp -DRCT_NEW_ARCH_ENABLED\=1 -include /Users/karelbraborec/rev-meter/ios/Pods/Target\ Support\ Files/react-native-safe-area-context/react-native-safe-area-context-prefix.pch -MMD -MT dependencies -MF /Users/karelbraborec/Library/Developer/Xcode/DerivedData/revmeter-hbcnswmlqmbpnlazhhkncgeowiss/Build/Intermediates.noindex/Pods.build/Debug-iphonesimulator/react-native-safe-area-context.build/Objects-normal/x86_64/RNCSafeAreaView.d --serialize-diagnostics /Users/karelbraborec/Library/Developer/Xcode/DerivedData/revmeter-hbcnswmlqmbpnlazhhkncgeowiss/Build/Intermediates.noindex/Pods.build/Debug-iphonesimulator/react-native-safe-area-context.build/Objects-normal/x86_64/RNCSafeAreaView.dia -c /Users/karelbraborec/rev-meter/node_modules/react-native-safe-area-context/ios/RNCSafeAreaView.m -o /Users/karelbraborec/Library/Developer/Xcode/DerivedData/revmeter-hbcnswmlqmbpnlazhhkncgeowiss/Build/Intermediates.noindex/Pods.build/Debug-iphonesimulator/react-native-safe-area-context.build/Objects-normal/x86_64/RNCSafeAreaView.o -index-unit-output-path /Pods.build/Debug-iphonesimulator/react-native-safe-area-context.build/Objects-normal/x86_64/RNCSafeAreaView.o

PrecompileModule /Users/karelbraborec/Library/Developer/Xcode/DerivedData/revmeter-hbcnswmlqmbpnlazhhkncgeowiss/Build/Intermediates.noindex/ExplicitPrecompiledModules/XPC-8E4V0AHQE7EDCBBNF6RFLQR6S.scan
    cd /
    builtin-precompileModule /Users/karelbraborec/Library/Developer/Xcode/DerivedData/revmeter-hbcnswmlqmbpnlazhhkncgeowiss/Build/Intermediates.noindex/ExplicitPrecompiledModules/XPC-8E4V0AHQE7EDCBBNF6RFLQR6S.scan

PrecompileModule /Users/karelbraborec/Library/Developer/Xcode/DerivedData/revmeter-hbcnswmlqmbpnlazhhkncgeowiss/Build/Intermediates.noindex/ExplicitPrecompiledModules/CoreFoundation-96WD5RU20QDMQW1SV7G4V4SLQ.scan
    cd /
    builtin-precompileModule /Users/karelbraborec/Library/Developer/Xcode/DerivedData/revmeter-hbcnswmlqmbpnlazhhkncgeowiss/Build/Intermediates.noindex/ExplicitPrecompiledModules/CoreFoundation-96WD5RU20QDMQW1SV7G4V4SLQ.scan

ScanDependencies /Users/karelbraborec/Library/Developer/Xcode/DerivedData/revmeter-hbcnswmlqmbpnlazhhkncgeowiss/Build/Intermediates.noindex/Pods.build/Debug-iphonesimulator/react-native-safe-area-context.build/Objects-normal/x86_64/RNCSafeAreaUtils.o /Users/karelbraborec/rev-meter/node_modules/react-native-safe-area-context/ios/RNCSafeAreaUtils.m normal x86_64 objective-c com.apple.compilers.llvm.clang.1_0.compiler (in target 'react-native-safe-area-context' from project 'Pods')
    cd /Users/karelbraborec/rev-meter/ios/Pods
    
    Using response file: /Users/karelbraborec/Library/Developer/Xcode/DerivedData/revmeter-hbcnswmlqmbpnlazhhkncgeowiss/Build/Intermediates.noindex/Pods.build/Debug-iphonesimulator/react-native-safe-area-context.build/Objects-normal/x86_64/e6072d4f65d7061329687fe24e3d63a7-common-args.resp
    
    builtin-ScanDependencies -o /Users/karelbraborec/Library/Developer/Xcode/DerivedData/revmeter-hbcnswmlqmbpnlazhhkncgeowiss/Build/Intermediates.noindex/Pods.build/Debug-iphonesimulator/react-native-safe-area-context.build/Objects-normal/x86_64/RNCSafeAreaUtils.o.scan -- /Applications/Xcode.app/Contents/Developer/Toolchains/XcodeDefault.xctoolchain/usr/bin/clang -x objective-c -ivfsstatcache /Users/karelbraborec/Library/Developer/Xcode/DerivedData/SDKStatCaches.noindex/iphonesimulator26.5-23F81a-6cfe768891a92b912361537c460fe42b.sdkstatcache -target x86_64-apple-ios15.1-simulator -fmessage-length\=0 -fdiagnostics-show-note-include-stack -fmacro-backtrace-limit\=0 -fno-color-diagnostics -fmodules-prune-interval\=86400 -fmodules-prune-after\=345600 -fbuild-session-file\=/Users/karelbraborec/Library/Developer/Xcode/DerivedData/ModuleCache.noindex/Session.modulevalidation -fmodules-validate-once-per-build-session -Wnon-modular-include-in-framework-module -Werror\=non-modular-include-in-framework-module -Wno-trigraphs -Wno-missing-field-initializers -Wno-missing-prototypes -Werror\=return-type -Wdocumentation -Wunreachable-code -Wno-implicit-atomic-properties -Werror\=deprecated-objc-isa-usage -Wno-objc-interface-ivars -Werror\=objc-root-class -Wno-arc-repeated-use-of-weak -Wimplicit-retain-self -Wduplicate-method-match -Wno-missing-braces -Wparentheses -Wswitch -Wunused-function -Wno-unused-label -Wno-unused-parameter -Wunused-variable -Wunused-value -Wempty-body -Wuninitialized -Wconditional-uninitialized -Wno-unknown-pragmas -Wno-shadow -Wno-four-char-constants -Wno-conversion -Wconstant-conversion -Wint-conversion -Wbool-conversion -Wenum-conversion -Wno-float-conversion -Wnon-literal-null-conversion -Wobjc-literal-conversion -Wshorten-64-to-32 -Wpointer-sign -Wno-newline-eof -Wno-selector -Wno-strict-selector-match -Wundeclared-selector -Wdeprecated-implementations -Wno-implicit-fallthrough -isysroot /Applications/Xcode.app/Contents/Developer/Platforms/iPhoneSimulator.platform/Developer/SDKs/iPhoneSimulator26.5.sdk -fstrict-aliasing -Wprotocol -Wdeprecated-declarations -Wno-sign-conversion -Winfinite-recursion -Wcomma -Wblock-capture-autoreleasing -Wstrict-prototypes -Wno-semicolon-before-method-body -Wunguarded-availability -index-store-path /Users/karelbraborec/Library/Developer/Xcode/DerivedData/revmeter-hbcnswmlqmbpnlazhhkncgeowiss/Index.noindex/DataStore @/Users/karelbraborec/Library/Developer/Xcode/DerivedData/revmeter-hbcnswmlqmbpnlazhhkncgeowiss/Build/Intermediates.noindex/Pods.build/Debug-iphonesimulator/react-native-safe-area-context.build/Objects-normal/x86_64/e6072d4f65d7061329687fe24e3d63a7-common-args.resp -DRCT_NEW_ARCH_ENABLED\=1 -include /Users/karelbraborec/rev-meter/ios/Pods/Target\ Support\ Files/react-native-safe-area-context/react-native-safe-area-context-prefix.pch -MMD -MT dependencies -MF /Users/karelbraborec/Library/Developer/Xcode/DerivedData/revmeter-hbcnswmlqmbpnlazhhkncgeowiss/Build/Intermediates.noindex/Pods.build/Debug-iphonesimulator/react-native-safe-area-context.build/Objects-normal/x86_64/RNCSafeAreaUtils.d --serialize-diagnostics /Users/karelbraborec/Library/Developer/Xcode/DerivedData/revmeter-hbcnswmlqmbpnlazhhkncgeowiss/Build/Intermediates.noindex/Pods.build/Debug-iphonesimulator/react-native-safe-area-context.build/Objects-normal/x86_64/RNCSafeAreaUtils.dia -c /Users/karelbraborec/rev-meter/node_modules/react-native-safe-area-context/ios/RNCSafeAreaUtils.m -o /Users/karelbraborec/Library/Developer/Xcode/DerivedData/revmeter-hbcnswmlqmbpnlazhhkncgeowiss/Build/Intermediates.noindex/Pods.build/Debug-iphonesimulator/react-native-safe-area-context.build/Objects-normal/x86_64/RNCSafeAreaUtils.o -index-unit-output-path /Pods.build/Debug-iphonesimulator/react-native-safe-area-context.build/Objects-normal/x86_64/RNCSafeAreaUtils.o

ScanDependencies /Users/karelbraborec/Library/Developer/Xcode/DerivedData/revmeter-hbcnswmlqmbpnlazhhkncgeowiss/Build/Intermediates.noindex/Pods.build/Debug-iphonesimulator/react-native-safe-area-context.build/Objects-normal/x86_64/RNCSafeAreaShadowView.o /Users/karelbraborec/rev-meter/node_modules/react-native-safe-area-context/ios/RNCSafeAreaShadowView.m normal x86_64 objective-c com.apple.compilers.llvm.clang.1_0.compiler (in target 'react-native-safe-area-context' from project 'Pods')
    cd /Users/karelbraborec/rev-meter/ios/Pods
    
    Using response file: /Users/karelbraborec/Library/Developer/Xcode/DerivedData/revmeter-hbcnswmlqmbpnlazhhkncgeowiss/Build/Intermediates.noindex/Pods.build/Debug-iphonesimulator/react-native-safe-area-context.build/Objects-normal/x86_64/e6072d4f65d7061329687fe24e3d63a7-common-args.resp
    
    builtin-ScanDependencies -o /Users/karelbraborec/Library/Developer/Xcode/DerivedData/revmeter-hbcnswmlqmbpnlazhhkncgeowiss/Build/Intermediates.noindex/Pods.build/Debug-iphonesimulator/react-native-safe-area-context.build/Objects-normal/x86_64/RNCSafeAreaShadowView.o.scan -- /Applications/Xcode.app/Contents/Developer/Toolchains/XcodeDefault.xctoolchain/usr/bin/clang -x objective-c -ivfsstatcache /Users/karelbraborec/Library/Developer/Xcode/DerivedData/SDKStatCaches.noindex/iphonesimulator26.5-23F81a-6cfe768891a92b912361537c460fe42b.sdkstatcache -target x86_64-apple-ios15.1-simulator -fmessage-length\=0 -fdiagnostics-show-note-include-stack -fmacro-backtrace-limit\=0 -fno-color-diagnostics -fmodules-prune-interval\=86400 -fmodules-prune-after\=345600 -fbuild-session-file\=/Users/karelbraborec/Library/Developer/Xcode/DerivedData/ModuleCache.noindex/Session.modulevalidation -fmodules-validate-once-per-build-session -Wnon-modular-include-in-framework-module -Werror\=non-modular-include-in-framework-module -Wno-trigraphs -Wno-missing-field-initializers -Wno-missing-prototypes -Werror\=return-type -Wdocumentation -Wunreachable-code -Wno-implicit-atomic-properties -Werror\=deprecated-objc-isa-usage -Wno-objc-interface-ivars -Werror\=objc-root-class -Wno-arc-repeated-use-of-weak -Wimplicit-retain-self -Wduplicate-method-match -Wno-missing-braces -Wparentheses -Wswitch -Wunused-function -Wno-unused-label -Wno-unused-parameter -Wunused-variable -Wunused-value -Wempty-body -Wuninitialized -Wconditional-uninitialized -Wno-unknown-pragmas -Wno-shadow -Wno-four-char-constants -Wno-conversion -Wconstant-conversion -Wint-conversion -Wbool-conversion -Wenum-conversion -Wno-float-conversion -Wnon-literal-null-conversion -Wobjc-literal-conversion -Wshorten-64-to-32 -Wpointer-sign -Wno-newline-eof -Wno-selector -Wno-strict-selector-match -Wundeclared-selector -Wdeprecated-implementations -Wno-implicit-fallthrough -isysroot /Applications/Xcode.app/Contents/Developer/Platforms/iPhoneSimulator.platform/Developer/SDKs/iPhoneSimulator26.5.sdk -fstrict-aliasing -Wprotocol -Wdeprecated-declarations -Wno-sign-conversion -Winfinite-recursion -Wcomma -Wblock-capture-autoreleasing -Wstrict-prototypes -Wno-semicolon-before-method-body -Wunguarded-availability -index-store-path /Users/karelbraborec/Library/Developer/Xcode/DerivedData/revmeter-hbcnswmlqmbpnlazhhkncgeowiss/Index.noindex/DataStore @/Users/karelbraborec/Library/Developer/Xcode/DerivedData/revmeter-hbcnswmlqmbpnlazhhkncgeowiss/Build/Intermediates.noindex/Pods.build/Debug-iphonesimulator/react-native-safe-area-context.build/Objects-normal/x86_64/e6072d4f65d7061329687fe24e3d63a7-common-args.resp -DRCT_NEW_ARCH_ENABLED\=1 -include /Users/karelbraborec/rev-meter/ios/Pods/Target\ Support\ Files/react-native-safe-area-context/react-native-safe-area-context-prefix.pch -MMD -MT dependencies -MF /Users/karelbraborec/Library/Developer/Xcode/DerivedData/revmeter-hbcnswmlqmbpnlazhhkncgeowiss/Build/Intermediates.noindex/Pods.build/Debug-iphonesimulator/react-native-safe-area-context.build/Objects-normal/x86_64/RNCSafeAreaShadowView.d --serialize-diagnostics /Users/karelbraborec/Library/Developer/Xcode/DerivedData/revmeter-hbcnswmlqmbpnlazhhkncgeowiss/Build/Intermediates.noindex/Pods.build/Debug-iphonesimulator/react-native-safe-area-context.build/Objects-normal/x86_64/RNCSafeAreaShadowView.dia -c /Users/karelbraborec/rev-meter/node_modules/react-native-safe-area-context/ios/RNCSafeAreaShadowView.m -o /Users/karelbraborec/Library/Developer/Xcode/DerivedData/revmeter-hbcnswmlqmbpnlazhhkncgeowiss/Build/Intermediates.noindex/Pods.build/Debug-iphonesimulator/react-native-safe-area-context.build/Objects-normal/x86_64/RNCSafeAreaShadowView.o -index-unit-output-path /Pods.build/Debug-iphonesimulator/react-native-safe-area-context.build/Objects-normal/x86_64/RNCSafeAreaShadowView.o

ScanDependencies /Users/karelbraborec/Library/Developer/Xcode/DerivedData/revmeter-hbcnswmlqmbpnlazhhkncgeowiss/Build/Intermediates.noindex/Pods.build/Debug-iphonesimulator/react-native-safe-area-context.build/Objects-normal/x86_64/RNCSafeAreaProviderManager.o /Users/karelbraborec/rev-meter/node_modules/react-native-safe-area-context/ios/RNCSafeAreaProviderManager.m normal x86_64 objective-c com.apple.compilers.llvm.clang.1_0.compiler (in target 'react-native-safe-area-context' from project 'Pods')
    cd /Users/karelbraborec/rev-meter/ios/Pods
    
    Using response file: /Users/karelbraborec/Library/Developer/Xcode/DerivedData/revmeter-hbcnswmlqmbpnlazhhkncgeowiss/Build/Intermediates.noindex/Pods.build/Debug-iphonesimulator/react-native-safe-area-context.build/Objects-normal/x86_64/e6072d4f65d7061329687fe24e3d63a7-common-args.resp
    
    builtin-ScanDependencies -o /Users/karelbraborec/Library/Developer/Xcode/DerivedData/revmeter-hbcnswmlqmbpnlazhhkncgeowiss/Build/Intermediates.noindex/Pods.build/Debug-iphonesimulator/react-native-safe-area-context.build/Objects-normal/x86_64/RNCSafeAreaProviderManager.o.scan -- /Applications/Xcode.app/Contents/Developer/Toolchains/XcodeDefault.xctoolchain/usr/bin/clang -x objective-c -ivfsstatcache /Users/karelbraborec/Library/Developer/Xcode/DerivedData/SDKStatCaches.noindex/iphonesimulator26.5-23F81a-6cfe768891a92b912361537c460fe42b.sdkstatcache -target x86_64-apple-ios15.1-simulator -fmessage-length\=0 -fdiagnostics-show-note-include-stack -fmacro-backtrace-limit\=0 -fno-color-diagnostics -fmodules-prune-interval\=86400 -fmodules-prune-after\=345600 -fbuild-session-file\=/Users/karelbraborec/Library/Developer/Xcode/DerivedData/ModuleCache.noindex/Session.modulevalidation -fmodules-validate-once-per-build-session -Wnon-modular-include-in-framework-module -Werror\=non-modular-include-in-framework-module -Wno-trigraphs -Wno-missing-field-initializers -Wno-missing-prototypes -Werror\=return-type -Wdocumentation -Wunreachable-code -Wno-implicit-atomic-properties -Werror\=deprecated-objc-isa-usage -Wno-objc-interface-ivars -Werror\=objc-root-class -Wno-arc-repeated-use-of-weak -Wimplicit-retain-self -Wduplicate-method-match -Wno-missing-braces -Wparentheses -Wswitch -Wunused-function -Wno-unused-label -Wno-unused-parameter -Wunused-variable -Wunused-value -Wempty-body -Wuninitialized -Wconditional-uninitialized -Wno-unknown-pragmas -Wno-shadow -Wno-four-char-constants -Wno-conversion -Wconstant-conversion -Wint-conversion -Wbool-conversion -Wenum-conversion -Wno-float-conversion -Wnon-literal-null-conversion -Wobjc-literal-conversion -Wshorten-64-to-32 -Wpointer-sign -Wno-newline-eof -Wno-selector -Wno-strict-selector-match -Wundeclared-selector -Wdeprecated-implementations -Wno-implicit-fallthrough -isysroot /Applications/Xcode.app/Contents/Developer/Platforms/iPhoneSimulator.platform/Developer/SDKs/iPhoneSimulator26.5.sdk -fstrict-aliasing -Wprotocol -Wdeprecated-declarations -Wno-sign-conversion -Winfinite-recursion -Wcomma -Wblock-capture-autoreleasing -Wstrict-prototypes -Wno-semicolon-before-method-body -Wunguarded-availability -index-store-path /Users/karelbraborec/Library/Developer/Xcode/DerivedData/revmeter-hbcnswmlqmbpnlazhhkncgeowiss/Index.noindex/DataStore @/Users/karelbraborec/Library/Developer/Xcode/DerivedData/revmeter-hbcnswmlqmbpnlazhhkncgeowiss/Build/Intermediates.noindex/Pods.build/Debug-iphonesimulator/react-native-safe-area-context.build/Objects-normal/x86_64/e6072d4f65d7061329687fe24e3d63a7-common-args.resp -DRCT_NEW_ARCH_ENABLED\=1 -include /Users/karelbraborec/rev-meter/ios/Pods/Target\ Support\ Files/react-native-safe-area-context/react-native-safe-area-context-prefix.pch -MMD -MT dependencies -MF /Users/karelbraborec/Library/Developer/Xcode/DerivedData/revmeter-hbcnswmlqmbpnlazhhkncgeowiss/Build/Intermediates.noindex/Pods.build/Debug-iphonesimulator/react-native-safe-area-context.build/Objects-normal/x86_64/RNCSafeAreaProviderManager.d --serialize-diagnostics /Users/karelbraborec/Library/Developer/Xcode/DerivedData/revmeter-hbcnswmlqmbpnlazhhkncgeowiss/Build/Intermediates.noindex/Pods.build/Debug-iphonesimulator/react-native-safe-area-context.build/Objects-normal/x86_64/RNCSafeAreaProviderManager.dia -c /Users/karelbraborec/rev-meter/node_modules/react-native-safe-area-context/ios/RNCSafeAreaProviderManager.m -o /Users/karelbraborec/Library/Developer/Xcode/DerivedData/revmeter-hbcnswmlqmbpnlazhhkncgeowiss/Build/Intermediates.noindex/Pods.build/Debug-iphonesimulator/react-native-safe-area-context.build/Objects-normal/x86_64/RNCSafeAreaProviderManager.o -index-unit-output-path /Pods.build/Debug-iphonesimulator/react-native-safe-area-context.build/Objects-normal/x86_64/RNCSafeAreaProviderManager.o

PrecompileModule /Users/karelbraborec/Library/Developer/Xcode/DerivedData/revmeter-hbcnswmlqmbpnlazhhkncgeowiss/Build/Intermediates.noindex/ExplicitPrecompiledModules/IOSurface-40TU6CNLPYS8K6DYC99PDV0KG.scan
    cd /
    builtin-precompileModule /Users/karelbraborec/Library/Developer/Xcode/DerivedData/revmeter-hbcnswmlqmbpnlazhhkncgeowiss/Build/Intermediates.noindex/ExplicitPrecompiledModules/IOSurface-40TU6CNLPYS8K6DYC99PDV0KG.scan

PrecompileModule /Users/karelbraborec/Library/Developer/Xcode/DerivedData/revmeter-hbcnswmlqmbpnlazhhkncgeowiss/Build/Intermediates.noindex/ExplicitPrecompiledModules/OpenGLES-EK8X54EOLC1Q7XG564P4IECZQ.scan
    cd /
    builtin-precompileModule /Users/karelbraborec/Library/Developer/Xcode/DerivedData/revmeter-hbcnswmlqmbpnlazhhkncgeowiss/Build/Intermediates.noindex/ExplicitPrecompiledModules/OpenGLES-EK8X54EOLC1Q7XG564P4IECZQ.scan

PrecompileModule /Users/karelbraborec/Library/Developer/Xcode/DerivedData/revmeter-hbcnswmlqmbpnlazhhkncgeowiss/Build/Intermediates.noindex/ExplicitPrecompiledModules/FileProvider-4WO1UD0GO9IGFI5ISMJMG9W7E.scan
    cd /
    builtin-precompileModule /Users/karelbraborec/Library/Developer/Xcode/DerivedData/revmeter-hbcnswmlqmbpnlazhhkncgeowiss/Build/Intermediates.noindex/ExplicitPrecompiledModules/FileProvider-4WO1UD0GO9IGFI5ISMJMG9W7E.scan

PrecompileModule /Users/karelbraborec/Library/Developer/Xcode/DerivedData/revmeter-hbcnswmlqmbpnlazhhkncgeowiss/Build/Intermediates.noindex/ExplicitPrecompiledModules/Security-6CLTQMFCRWFDY07WYEVEWUV2D.scan
    cd /
    builtin-precompileModule /Users/karelbraborec/Library/Developer/Xcode/DerivedData/revmeter-hbcnswmlqmbpnlazhhkncgeowiss/Build/Intermediates.noindex/ExplicitPrecompiledModules/Security-6CLTQMFCRWFDY07WYEVEWUV2D.scan

PrecompileModule /Users/karelbraborec/Library/Developer/Xcode/DerivedData/revmeter-hbcnswmlqmbpnlazhhkncgeowiss/Build/Intermediates.noindex/ExplicitPrecompiledModules/CoreGraphics-ES4TW7D4EHNQUHENR91NOXVXA.scan
    cd /
    builtin-precompileModule /Users/karelbraborec/Library/Developer/Xcode/DerivedData/revmeter-hbcnswmlqmbpnlazhhkncgeowiss/Build/Intermediates.noindex/ExplicitPrecompiledModules/CoreGraphics-ES4TW7D4EHNQUHENR91NOXVXA.scan

PrecompileModule /Users/karelbraborec/Library/Developer/Xcode/DerivedData/revmeter-hbcnswmlqmbpnlazhhkncgeowiss/Build/Intermediates.noindex/ExplicitPrecompiledModules/Metal-EFG551992VYCANPVFICE9FF7C.scan
    cd /
    builtin-precompileModule /Users/karelbraborec/Library/Developer/Xcode/DerivedData/revmeter-hbcnswmlqmbpnlazhhkncgeowiss/Build/Intermediates.noindex/ExplicitPrecompiledModules/Metal-EFG551992VYCANPVFICE9FF7C.scan

PrecompileModule /Users/karelbraborec/Library/Developer/Xcode/DerivedData/revmeter-hbcnswmlqmbpnlazhhkncgeowiss/Build/Intermediates.noindex/ExplicitPrecompiledModules/UserNotifications-2FOOIZ9ZLFEMJ7Z5POSF4RPA8.scan
    cd /
    builtin-precompileModule /Users/karelbraborec/Library/Developer/Xcode/DerivedData/revmeter-hbcnswmlqmbpnlazhhkncgeowiss/Build/Intermediates.noindex/ExplicitPrecompiledModules/UserNotifications-2FOOIZ9ZLFEMJ7Z5POSF4RPA8.scan

PrecompileModule /Users/karelbraborec/Library/Developer/Xcode/DerivedData/revmeter-hbcnswmlqmbpnlazhhkncgeowiss/Build/Intermediates.noindex/ExplicitPrecompiledModules/Symbols-AKK1D0YRHVKY042CRPKLTVVTQ.scan
    cd /
    builtin-precompileModule /Users/karelbraborec/Library/Developer/Xcode/DerivedData/revmeter-hbcnswmlqmbpnlazhhkncgeowiss/Build/Intermediates.noindex/ExplicitPrecompiledModules/Symbols-AKK1D0YRHVKY042CRPKLTVVTQ.scan

PrecompileModule /Users/karelbraborec/Library/Developer/Xcode/DerivedData/revmeter-hbcnswmlqmbpnlazhhkncgeowiss/Build/Intermediates.noindex/ExplicitPrecompiledModules/UIUtilities-COP8WU3YZ3Z7U68GWE0BRVRZH.scan
    cd /
    builtin-precompileModule /Users/karelbraborec/Library/Developer/Xcode/DerivedData/revmeter-hbcnswmlqmbpnlazhhkncgeowiss/Build/Intermediates.noindex/ExplicitPrecompiledModules/UIUtilities-COP8WU3YZ3Z7U68GWE0BRVRZH.scan

PrecompileModule /Users/karelbraborec/Library/Developer/Xcode/DerivedData/revmeter-hbcnswmlqmbpnlazhhkncgeowiss/Build/Intermediates.noindex/ExplicitPrecompiledModules/CFNetwork-EV2NHWUHIM8LWYTAFVX1VGK45.scan
    cd /
    builtin-precompileModule /Users/karelbraborec/Library/Developer/Xcode/DerivedData/revmeter-hbcnswmlqmbpnlazhhkncgeowiss/Build/Intermediates.noindex/ExplicitPrecompiledModules/CFNetwork-EV2NHWUHIM8LWYTAFVX1VGK45.scan

ScanDependencies /Users/karelbraborec/Library/Developer/Xcode/DerivedData/revmeter-hbcnswmlqmbpnlazhhkncgeowiss/Build/Intermediates.noindex/Pods.build/Debug-iphonesimulator/react-native-safe-area-context.build/Objects-normal/x86_64/RNCSafeAreaProvider.o /Users/karelbraborec/rev-meter/node_modules/react-native-safe-area-context/ios/RNCSafeAreaProvider.m normal x86_64 objective-c com.apple.compilers.llvm.clang.1_0.compiler (in target 'react-native-safe-area-context' from project 'Pods')
    cd /Users/karelbraborec/rev-meter/ios/Pods
    
    Using response file: /Users/karelbraborec/Library/Developer/Xcode/DerivedData/revmeter-hbcnswmlqmbpnlazhhkncgeowiss/Build/Intermediates.noindex/Pods.build/Debug-iphonesimulator/react-native-safe-area-context.build/Objects-normal/x86_64/e6072d4f65d7061329687fe24e3d63a7-common-args.resp
    
    builtin-ScanDependencies -o /Users/karelbraborec/Library/Developer/Xcode/DerivedData/revmeter-hbcnswmlqmbpnlazhhkncgeowiss/Build/Intermediates.noindex/Pods.build/Debug-iphonesimulator/react-native-safe-area-context.build/Objects-normal/x86_64/RNCSafeAreaProvider.o.scan -- /Applications/Xcode.app/Contents/Developer/Toolchains/XcodeDefault.xctoolchain/usr/bin/clang -x objective-c -ivfsstatcache /Users/karelbraborec/Library/Developer/Xcode/DerivedData/SDKStatCaches.noindex/iphonesimulator26.5-23F81a-6cfe768891a92b912361537c460fe42b.sdkstatcache -target x86_64-apple-ios15.1-simulator -fmessage-length\=0 -fdiagnostics-show-note-include-stack -fmacro-backtrace-limit\=0 -fno-color-diagnostics -fmodules-prune-interval\=86400 -fmodules-prune-after\=345600 -fbuild-session-file\=/Users/karelbraborec/Library/Developer/Xcode/DerivedData/ModuleCache.noindex/Session.modulevalidation -fmodules-validate-once-per-build-session -Wnon-modular-include-in-framework-module -Werror\=non-modular-include-in-framework-module -Wno-trigraphs -Wno-missing-field-initializers -Wno-missing-prototypes -Werror\=return-type -Wdocumentation -Wunreachable-code -Wno-implicit-atomic-properties -Werror\=deprecated-objc-isa-usage -Wno-objc-interface-ivars -Werror\=objc-root-class -Wno-arc-repeated-use-of-weak -Wimplicit-retain-self -Wduplicate-method-match -Wno-missing-braces -Wparentheses -Wswitch -Wunused-function -Wno-unused-label -Wno-unused-parameter -Wunused-variable -Wunused-value -Wempty-body -Wuninitialized -Wconditional-uninitialized -Wno-unknown-pragmas -Wno-shadow -Wno-four-char-constants -Wno-conversion -Wconstant-conversion -Wint-conversion -Wbool-conversion -Wenum-conversion -Wno-float-conversion -Wnon-literal-null-conversion -Wobjc-literal-conversion -Wshorten-64-to-32 -Wpointer-sign -Wno-newline-eof -Wno-selector -Wno-strict-selector-match -Wundeclared-selector -Wdeprecated-implementations -Wno-implicit-fallthrough -isysroot /Applications/Xcode.app/Contents/Developer/Platforms/iPhoneSimulator.platform/Developer/SDKs/iPhoneSimulator26.5.sdk -fstrict-aliasing -Wprotocol -Wdeprecated-declarations -Wno-sign-conversion -Winfinite-recursion -Wcomma -Wblock-capture-autoreleasing -Wstrict-prototypes -Wno-semicolon-before-method-body -Wunguarded-availability -index-store-path /Users/karelbraborec/Library/Developer/Xcode/DerivedData/revmeter-hbcnswmlqmbpnlazhhkncgeowiss/Index.noindex/DataStore @/Users/karelbraborec/Library/Developer/Xcode/DerivedData/revmeter-hbcnswmlqmbpnlazhhkncgeowiss/Build/Intermediates.noindex/Pods.build/Debug-iphonesimulator/react-native-safe-area-context.build/Objects-normal/x86_64/e6072d4f65d7061329687fe24e3d63a7-common-args.resp -DRCT_NEW_ARCH_ENABLED\=1 -include /Users/karelbraborec/rev-meter/ios/Pods/Target\ Support\ Files/react-native-safe-area-context/react-native-safe-area-context-prefix.pch -MMD -MT dependencies -MF /Users/karelbraborec/Library/Developer/Xcode/DerivedData/revmeter-hbcnswmlqmbpnlazhhkncgeowiss/Build/Intermediates.noindex/Pods.build/Debug-iphonesimulator/react-native-safe-area-context.build/Objects-normal/x86_64/RNCSafeAreaProvider.d --serialize-diagnostics /Users/karelbraborec/Library/Developer/Xcode/DerivedData/revmeter-hbcnswmlqmbpnlazhhkncgeowiss/Build/Intermediates.noindex/Pods.build/Debug-iphonesimulator/react-native-safe-area-context.build/Objects-normal/x86_64/RNCSafeAreaProvider.dia -c /Users/karelbraborec/rev-meter/node_modules/react-native-safe-area-context/ios/RNCSafeAreaProvider.m -o /Users/karelbraborec/Library/Developer/Xcode/DerivedData/revmeter-hbcnswmlqmbpnlazhhkncgeowiss/Build/Intermediates.noindex/Pods.build/Debug-iphonesimulator/react-native-safe-area-context.build/Objects-normal/x86_64/RNCSafeAreaProvider.o -index-unit-output-path /Pods.build/Debug-iphonesimulator/react-native-safe-area-context.build/Objects-normal/x86_64/RNCSafeAreaProvider.o

ScanDependencies /Users/karelbraborec/Library/Developer/Xcode/DerivedData/revmeter-hbcnswmlqmbpnlazhhkncgeowiss/Build/Intermediates.noindex/Pods.build/Debug-iphonesimulator/react-native-safe-area-context.build/Objects-normal/x86_64/RNCOnInsetsChangeEvent.o /Users/karelbraborec/rev-meter/node_modules/react-native-safe-area-context/ios/RNCOnInsetsChangeEvent.m normal x86_64 objective-c com.apple.compilers.llvm.clang.1_0.compiler (in target 'react-native-safe-area-context' from project 'Pods')
    cd /Users/karelbraborec/rev-meter/ios/Pods
    
    Using response file: /Users/karelbraborec/Library/Developer/Xcode/DerivedData/revmeter-hbcnswmlqmbpnlazhhkncgeowiss/Build/Intermediates.noindex/Pods.build/Debug-iphonesimulator/react-native-safe-area-context.build/Objects-normal/x86_64/e6072d4f65d7061329687fe24e3d63a7-common-args.resp
    
    builtin-ScanDependencies -o /Users/karelbraborec/Library/Developer/Xcode/DerivedData/revmeter-hbcnswmlqmbpnlazhhkncgeowiss/Build/Intermediates.noindex/Pods.build/Debug-iphonesimulator/react-native-safe-area-context.build/Objects-normal/x86_64/RNCOnInsetsChangeEvent.o.scan -- /Applications/Xcode.app/Contents/Developer/Toolchains/XcodeDefault.xctoolchain/usr/bin/clang -x objective-c -ivfsstatcache /Users/karelbraborec/Library/Developer/Xcode/DerivedData/SDKStatCaches.noindex/iphonesimulator26.5-23F81a-6cfe768891a92b912361537c460fe42b.sdkstatcache -target x86_64-apple-ios15.1-simulator -fmessage-length\=0 -fdiagnostics-show-note-include-stack -fmacro-backtrace-limit\=0 -fno-color-diagnostics -fmodules-prune-interval\=86400 -fmodules-prune-after\=345600 -fbuild-session-file\=/Users/karelbraborec/Library/Developer/Xcode/DerivedData/ModuleCache.noindex/Session.modulevalidation -fmodules-validate-once-per-build-session -Wnon-modular-include-in-framework-module -Werror\=non-modular-include-in-framework-module -Wno-trigraphs -Wno-missing-field-initializers -Wno-missing-prototypes -Werror\=return-type -Wdocumentation -Wunreachable-code -Wno-implicit-atomic-properties -Werror\=deprecated-objc-isa-usage -Wno-objc-interface-ivars -Werror\=objc-root-class -Wno-arc-repeated-use-of-weak -Wimplicit-retain-self -Wduplicate-method-match -Wno-missing-braces -Wparentheses -Wswitch -Wunused-function -Wno-unused-label -Wno-unused-parameter -Wunused-variable -Wunused-value -Wempty-body -Wuninitialized -Wconditional-uninitialized -Wno-unknown-pragmas -Wno-shadow -Wno-four-char-constants -Wno-conversion -Wconstant-conversion -Wint-conversion -Wbool-conversion -Wenum-conversion -Wno-float-conversion -Wnon-literal-null-conversion -Wobjc-literal-conversion -Wshorten-64-to-32 -Wpointer-sign -Wno-newline-eof -Wno-selector -Wno-strict-selector-match -Wundeclared-selector -Wdeprecated-implementations -Wno-implicit-fallthrough -isysroot /Applications/Xcode.app/Contents/Developer/Platforms/iPhoneSimulator.platform/Developer/SDKs/iPhoneSimulator26.5.sdk -fstrict-aliasing -Wprotocol -Wdeprecated-declarations -Wno-sign-conversion -Winfinite-recursion -Wcomma -Wblock-capture-autoreleasing -Wstrict-prototypes -Wno-semicolon-before-method-body -Wunguarded-availability -index-store-path /Users/karelbraborec/Library/Developer/Xcode/DerivedData/revmeter-hbcnswmlqmbpnlazhhkncgeowiss/Index.noindex/DataStore @/Users/karelbraborec/Library/Developer/Xcode/DerivedData/revmeter-hbcnswmlqmbpnlazhhkncgeowiss/Build/Intermediates.noindex/Pods.build/Debug-iphonesimulator/react-native-safe-area-context.build/Objects-normal/x86_64/e6072d4f65d7061329687fe24e3d63a7-common-args.resp -DRCT_NEW_ARCH_ENABLED\=1 -include /Users/karelbraborec/rev-meter/ios/Pods/Target\ Support\ Files/react-native-safe-area-context/react-native-safe-area-context-prefix.pch -MMD -MT dependencies -MF /Users/karelbraborec/Library/Developer/Xcode/DerivedData/revmeter-hbcnswmlqmbpnlazhhkncgeowiss/Build/Intermediates.noindex/Pods.build/Debug-iphonesimulator/react-native-safe-area-context.build/Objects-normal/x86_64/RNCOnInsetsChangeEvent.d --serialize-diagnostics /Users/karelbraborec/Library/Developer/Xcode/DerivedData/revmeter-hbcnswmlqmbpnlazhhkncgeowiss/Build/Intermediates.noindex/Pods.build/Debug-iphonesimulator/react-native-safe-area-context.build/Objects-normal/x86_64/RNCOnInsetsChangeEvent.dia -c /Users/karelbraborec/rev-meter/node_modules/react-native-safe-area-context/ios/RNCOnInsetsChangeEvent.m -o /Users/karelbraborec/Library/Developer/Xcode/DerivedData/revmeter-hbcnswmlqmbpnlazhhkncgeowiss/Build/Intermediates.noindex/Pods.build/Debug-iphonesimulator/react-native-safe-area-context.build/Objects-normal/x86_64/RNCOnInsetsChangeEvent.o -index-unit-output-path /Pods.build/Debug-iphonesimulator/react-native-safe-area-context.build/Objects-normal/x86_64/RNCOnInsetsChangeEvent.o

ScanDependencies /Users/karelbraborec/Library/Developer/Xcode/DerivedData/revmeter-hbcnswmlqmbpnlazhhkncgeowiss/Build/Intermediates.noindex/Pods.build/Debug-iphonesimulator/react-native-safe-area-context.build/Objects-normal/arm64/react-native-safe-area-context-dummy.o /Users/karelbraborec/rev-meter/ios/Pods/Target\ Support\ Files/react-native-safe-area-context/react-native-safe-area-context-dummy.m normal arm64 objective-c com.apple.compilers.llvm.clang.1_0.compiler (in target 'react-native-safe-area-context' from project 'Pods')
    cd /Users/karelbraborec/rev-meter/ios/Pods
    
    Using response file: /Users/karelbraborec/Library/Developer/Xcode/DerivedData/revmeter-hbcnswmlqmbpnlazhhkncgeowiss/Build/Intermediates.noindex/Pods.build/Debug-iphonesimulator/react-native-safe-area-context.build/Objects-normal/arm64/e6072d4f65d7061329687fe24e3d63a7-common-args.resp
    
    builtin-ScanDependencies -o /Users/karelbraborec/Library/Developer/Xcode/DerivedData/revmeter-hbcnswmlqmbpnlazhhkncgeowiss/Build/Intermediates.noindex/Pods.build/Debug-iphonesimulator/react-native-safe-area-context.build/Objects-normal/arm64/react-native-safe-area-context-dummy.o.scan -- /Applications/Xcode.app/Contents/Developer/Toolchains/XcodeDefault.xctoolchain/usr/bin/clang -x objective-c -ivfsstatcache /Users/karelbraborec/Library/Developer/Xcode/DerivedData/SDKStatCaches.noindex/iphonesimulator26.5-23F81a-6cfe768891a92b912361537c460fe42b.sdkstatcache -target arm64-apple-ios15.1-simulator -fmessage-length\=0 -fdiagnostics-show-note-include-stack -fmacro-backtrace-limit\=0 -fno-color-diagnostics -fmodules-prune-interval\=86400 -fmodules-prune-after\=345600 -fbuild-session-file\=/Users/karelbraborec/Library/Developer/Xcode/DerivedData/ModuleCache.noindex/Session.modulevalidation -fmodules-validate-once-per-build-session -Wnon-modular-include-in-framework-module -Werror\=non-modular-include-in-framework-module -Wno-trigraphs -Wno-missing-field-initializers -Wno-missing-prototypes -Werror\=return-type -Wdocumentation -Wunreachable-code -Wno-implicit-atomic-properties -Werror\=deprecated-objc-isa-usage -Wno-objc-interface-ivars -Werror\=objc-root-class -Wno-arc-repeated-use-of-weak -Wimplicit-retain-self -Wduplicate-method-match -Wno-missing-braces -Wparentheses -Wswitch -Wunused-function -Wno-unused-label -Wno-unused-parameter -Wunused-variable -Wunused-value -Wempty-body -Wuninitialized -Wconditional-uninitialized -Wno-unknown-pragmas -Wno-shadow -Wno-four-char-constants -Wno-conversion -Wconstant-conversion -Wint-conversion -Wbool-conversion -Wenum-conversion -Wno-float-conversion -Wnon-literal-null-conversion -Wobjc-literal-conversion -Wshorten-64-to-32 -Wpointer-sign -Wno-newline-eof -Wno-selector -Wno-strict-selector-match -Wundeclared-selector -Wdeprecated-implementations -Wno-implicit-fallthrough -isysroot /Applications/Xcode.app/Contents/Developer/Platforms/iPhoneSimulator.platform/Developer/SDKs/iPhoneSimulator26.5.sdk -fstrict-aliasing -Wprotocol -Wdeprecated-declarations -Wno-sign-conversion -Winfinite-recursion -Wcomma -Wblock-capture-autoreleasing -Wstrict-prototypes -Wno-semicolon-before-method-body -Wunguarded-availability -index-store-path /Users/karelbraborec/Library/Developer/Xcode/DerivedData/revmeter-hbcnswmlqmbpnlazhhkncgeowiss/Index.noindex/DataStore @/Users/karelbraborec/Library/Developer/Xcode/DerivedData/revmeter-hbcnswmlqmbpnlazhhkncgeowiss/Build/Intermediates.noindex/Pods.build/Debug-iphonesimulator/react-native-safe-area-context.build/Objects-normal/arm64/e6072d4f65d7061329687fe24e3d63a7-common-args.resp -include /Users/karelbraborec/rev-meter/ios/Pods/Target\ Support\ Files/react-native-safe-area-context/react-native-safe-area-context-prefix.pch -MMD -MT dependencies -MF /Users/karelbraborec/Library/Developer/Xcode/DerivedData/revmeter-hbcnswmlqmbpnlazhhkncgeowiss/Build/Intermediates.noindex/Pods.build/Debug-iphonesimulator/react-native-safe-area-context.build/Objects-normal/arm64/react-native-safe-area-context-dummy.d --serialize-diagnostics /Users/karelbraborec/Library/Developer/Xcode/DerivedData/revmeter-hbcnswmlqmbpnlazhhkncgeowiss/Build/Intermediates.noindex/Pods.build/Debug-iphonesimulator/react-native-safe-area-context.build/Objects-normal/arm64/react-native-safe-area-context-dummy.dia -c /Users/karelbraborec/rev-meter/ios/Pods/Target\ Support\ Files/react-native-safe-area-context/react-native-safe-area-context-dummy.m -o /Users/karelbraborec/Library/Developer/Xcode/DerivedData/revmeter-hbcnswmlqmbpnlazhhkncgeowiss/Build/Intermediates.noindex/Pods.build/Debug-iphonesimulator/react-native-safe-area-context.build/Objects-normal/arm64/react-native-safe-area-context-dummy.o -index-unit-output-path /Pods.build/Debug-iphonesimulator/react-native-safe-area-context.build/Objects-normal/arm64/react-native-safe-area-context-dummy.o

PrecompileModule /Users/karelbraborec/Library/Developer/Xcode/DerivedData/revmeter-hbcnswmlqmbpnlazhhkncgeowiss/Build/Intermediates.noindex/ExplicitPrecompiledModules/ImageIO-ENRMXJ03AHIPO7CNRL3FVNZ8G.scan
    cd /
    builtin-precompileModule /Users/karelbraborec/Library/Developer/Xcode/DerivedData/revmeter-hbcnswmlqmbpnlazhhkncgeowiss/Build/Intermediates.noindex/ExplicitPrecompiledModules/ImageIO-ENRMXJ03AHIPO7CNRL3FVNZ8G.scan

PrecompileModule /Users/karelbraborec/Library/Developer/Xcode/DerivedData/revmeter-hbcnswmlqmbpnlazhhkncgeowiss/Build/Intermediates.noindex/ExplicitPrecompiledModules/CoreText-EKJQSXUL03KAQ6ORIMFS97DST.scan
    cd /
    builtin-precompileModule /Users/karelbraborec/Library/Developer/Xcode/DerivedData/revmeter-hbcnswmlqmbpnlazhhkncgeowiss/Build/Intermediates.noindex/ExplicitPrecompiledModules/CoreText-EKJQSXUL03KAQ6ORIMFS97DST.scan

PrecompileModule /Users/karelbraborec/Library/Developer/Xcode/DerivedData/revmeter-hbcnswmlqmbpnlazhhkncgeowiss/Build/Intermediates.noindex/ExplicitPrecompiledModules/Foundation-F0L0RBZ9EEJI3KKULMY47SXHP.scan
    cd /
    builtin-precompileModule /Users/karelbraborec/Library/Developer/Xcode/DerivedData/revmeter-hbcnswmlqmbpnlazhhkncgeowiss/Build/Intermediates.noindex/ExplicitPrecompiledModules/Foundation-F0L0RBZ9EEJI3KKULMY47SXHP.scan

PrecompileModule /Users/karelbraborec/Library/Developer/Xcode/DerivedData/revmeter-hbcnswmlqmbpnlazhhkncgeowiss/Build/Intermediates.noindex/ExplicitPrecompiledModules/CoreVideo-A5F9PAHS2PY4FRKKBR7G98LX1.scan
    cd /
    builtin-precompileModule /Users/karelbraborec/Library/Developer/Xcode/DerivedData/revmeter-hbcnswmlqmbpnlazhhkncgeowiss/Build/Intermediates.noindex/ExplicitPrecompiledModules/CoreVideo-A5F9PAHS2PY4FRKKBR7G98LX1.scan

ScanDependencies /Users/karelbraborec/Library/Developer/Xcode/DerivedData/revmeter-hbcnswmlqmbpnlazhhkncgeowiss/Build/Intermediates.noindex/Pods.build/Debug-iphonesimulator/react-native-safe-area-context.build/Objects-normal/arm64/RNCSafeAreaViewMode.o /Users/karelbraborec/rev-meter/node_modules/react-native-safe-area-context/ios/RNCSafeAreaViewMode.m normal arm64 objective-c com.apple.compilers.llvm.clang.1_0.compiler (in target 'react-native-safe-area-context' from project 'Pods')
    cd /Users/karelbraborec/rev-meter/ios/Pods
    
    Using response file: /Users/karelbraborec/Library/Developer/Xcode/DerivedData/revmeter-hbcnswmlqmbpnlazhhkncgeowiss/Build/Intermediates.noindex/Pods.build/Debug-iphonesimulator/react-native-safe-area-context.build/Objects-normal/arm64/e6072d4f65d7061329687fe24e3d63a7-common-args.resp
    
    builtin-ScanDependencies -o /Users/karelbraborec/Library/Developer/Xcode/DerivedData/revmeter-hbcnswmlqmbpnlazhhkncgeowiss/Build/Intermediates.noindex/Pods.build/Debug-iphonesimulator/react-native-safe-area-context.build/Objects-normal/arm64/RNCSafeAreaViewMode.o.scan -- /Applications/Xcode.app/Contents/Developer/Toolchains/XcodeDefault.xctoolchain/usr/bin/clang -x objective-c -ivfsstatcache /Users/karelbraborec/Library/Developer/Xcode/DerivedData/SDKStatCaches.noindex/iphonesimulator26.5-23F81a-6cfe768891a92b912361537c460fe42b.sdkstatcache -target arm64-apple-ios15.1-simulator -fmessage-length\=0 -fdiagnostics-show-note-include-stack -fmacro-backtrace-limit\=0 -fno-color-diagnostics -fmodules-prune-interval\=86400 -fmodules-prune-after\=345600 -fbuild-session-file\=/Users/karelbraborec/Library/Developer/Xcode/DerivedData/ModuleCache.noindex/Session.modulevalidation -fmodules-validate-once-per-build-session -Wnon-modular-include-in-framework-module -Werror\=non-modular-include-in-framework-module -Wno-trigraphs -Wno-missing-field-initializers -Wno-missing-prototypes -Werror\=return-type -Wdocumentation -Wunreachable-code -Wno-implicit-atomic-properties -Werror\=deprecated-objc-isa-usage -Wno-objc-interface-ivars -Werror\=objc-root-class -Wno-arc-repeated-use-of-weak -Wimplicit-retain-self -Wduplicate-method-match -Wno-missing-braces -Wparentheses -Wswitch -Wunused-function -Wno-unused-label -Wno-unused-parameter -Wunused-variable -Wunused-value -Wempty-body -Wuninitialized -Wconditional-uninitialized -Wno-unknown-pragmas -Wno-shadow -Wno-four-char-constants -Wno-conversion -Wconstant-conversion -Wint-conversion -Wbool-conversion -Wenum-conversion -Wno-float-conversion -Wnon-literal-null-conversion -Wobjc-literal-conversion -Wshorten-64-to-32 -Wpointer-sign -Wno-newline-eof -Wno-selector -Wno-strict-selector-match -Wundeclared-selector -Wdeprecated-implementations -Wno-implicit-fallthrough -isysroot /Applications/Xcode.app/Contents/Developer/Platforms/iPhoneSimulator.platform/Developer/SDKs/iPhoneSimulator26.5.sdk -fstrict-aliasing -Wprotocol -Wdeprecated-declarations -Wno-sign-conversion -Winfinite-recursion -Wcomma -Wblock-capture-autoreleasing -Wstrict-prototypes -Wno-semicolon-before-method-body -Wunguarded-availability -index-store-path /Users/karelbraborec/Library/Developer/Xcode/DerivedData/revmeter-hbcnswmlqmbpnlazhhkncgeowiss/Index.noindex/DataStore @/Users/karelbraborec/Library/Developer/Xcode/DerivedData/revmeter-hbcnswmlqmbpnlazhhkncgeowiss/Build/Intermediates.noindex/Pods.build/Debug-iphonesimulator/react-native-safe-area-context.build/Objects-normal/arm64/e6072d4f65d7061329687fe24e3d63a7-common-args.resp -DRCT_NEW_ARCH_ENABLED\=1 -include /Users/karelbraborec/rev-meter/ios/Pods/Target\ Support\ Files/react-native-safe-area-context/react-native-safe-area-context-prefix.pch -MMD -MT dependencies -MF /Users/karelbraborec/Library/Developer/Xcode/DerivedData/revmeter-hbcnswmlqmbpnlazhhkncgeowiss/Build/Intermediates.noindex/Pods.build/Debug-iphonesimulator/react-native-safe-area-context.build/Objects-normal/arm64/RNCSafeAreaViewMode.d --serialize-diagnostics /Users/karelbraborec/Library/Developer/Xcode/DerivedData/revmeter-hbcnswmlqmbpnlazhhkncgeowiss/Build/Intermediates.noindex/Pods.build/Debug-iphonesimulator/react-native-safe-area-context.build/Objects-normal/arm64/RNCSafeAreaViewMode.dia -c /Users/karelbraborec/rev-meter/node_modules/react-native-safe-area-context/ios/RNCSafeAreaViewMode.m -o /Users/karelbraborec/Library/Developer/Xcode/DerivedData/revmeter-hbcnswmlqmbpnlazhhkncgeowiss/Build/Intermediates.noindex/Pods.build/Debug-iphonesimulator/react-native-safe-area-context.build/Objects-normal/arm64/RNCSafeAreaViewMode.o -index-unit-output-path /Pods.build/Debug-iphonesimulator/react-native-safe-area-context.build/Objects-normal/arm64/RNCSafeAreaViewMode.o

ScanDependencies /Users/karelbraborec/Library/Developer/Xcode/DerivedData/revmeter-hbcnswmlqmbpnlazhhkncgeowiss/Build/Intermediates.noindex/Pods.build/Debug-iphonesimulator/react-native-safe-area-context.build/Objects-normal/arm64/RNCSafeAreaViewManager.o /Users/karelbraborec/rev-meter/node_modules/react-native-safe-area-context/ios/RNCSafeAreaViewManager.m normal arm64 objective-c com.apple.compilers.llvm.clang.1_0.compiler (in target 'react-native-safe-area-context' from project 'Pods')
    cd /Users/karelbraborec/rev-meter/ios/Pods
    
    Using response file: /Users/karelbraborec/Library/Developer/Xcode/DerivedData/revmeter-hbcnswmlqmbpnlazhhkncgeowiss/Build/Intermediates.noindex/Pods.build/Debug-iphonesimulator/react-native-safe-area-context.build/Objects-normal/arm64/e6072d4f65d7061329687fe24e3d63a7-common-args.resp
    
    builtin-ScanDependencies -o /Users/karelbraborec/Library/Developer/Xcode/DerivedData/revmeter-hbcnswmlqmbpnlazhhkncgeowiss/Build/Intermediates.noindex/Pods.build/Debug-iphonesimulator/react-native-safe-area-context.build/Objects-normal/arm64/RNCSafeAreaViewManager.o.scan -- /Applications/Xcode.app/Contents/Developer/Toolchains/XcodeDefault.xctoolchain/usr/bin/clang -x objective-c -ivfsstatcache /Users/karelbraborec/Library/Developer/Xcode/DerivedData/SDKStatCaches.noindex/iphonesimulator26.5-23F81a-6cfe768891a92b912361537c460fe42b.sdkstatcache -target arm64-apple-ios15.1-simulator -fmessage-length\=0 -fdiagnostics-show-note-include-stack -fmacro-backtrace-limit\=0 -fno-color-diagnostics -fmodules-prune-interval\=86400 -fmodules-prune-after\=345600 -fbuild-session-file\=/Users/karelbraborec/Library/Developer/Xcode/DerivedData/ModuleCache.noindex/Session.modulevalidation -fmodules-validate-once-per-build-session -Wnon-modular-include-in-framework-module -Werror\=non-modular-include-in-framework-module -Wno-trigraphs -Wno-missing-field-initializers -Wno-missing-prototypes -Werror\=return-type -Wdocumentation -Wunreachable-code -Wno-implicit-atomic-properties -Werror\=deprecated-objc-isa-usage -Wno-objc-interface-ivars -Werror\=objc-root-class -Wno-arc-repeated-use-of-weak -Wimplicit-retain-self -Wduplicate-method-match -Wno-missing-braces -Wparentheses -Wswitch -Wunused-function -Wno-unused-label -Wno-unused-parameter -Wunused-variable -Wunused-value -Wempty-body -Wuninitialized -Wconditional-uninitialized -Wno-unknown-pragmas -Wno-shadow -Wno-four-char-constants -Wno-conversion -Wconstant-conversion -Wint-conversion -Wbool-conversion -Wenum-conversion -Wno-float-conversion -Wnon-literal-null-conversion -Wobjc-literal-conversion -Wshorten-64-to-32 -Wpointer-sign -Wno-newline-eof -Wno-selector -Wno-strict-selector-match -Wundeclared-selector -Wdeprecated-implementations -Wno-implicit-fallthrough -isysroot /Applications/Xcode.app/Contents/Developer/Platforms/iPhoneSimulator.platform/Developer/SDKs/iPhoneSimulator26.5.sdk -fstrict-aliasing -Wprotocol -Wdeprecated-declarations -Wno-sign-conversion -Winfinite-recursion -Wcomma -Wblock-capture-autoreleasing -Wstrict-prototypes -Wno-semicolon-before-method-body -Wunguarded-availability -index-store-path /Users/karelbraborec/Library/Developer/Xcode/DerivedData/revmeter-hbcnswmlqmbpnlazhhkncgeowiss/Index.noindex/DataStore @/Users/karelbraborec/Library/Developer/Xcode/DerivedData/revmeter-hbcnswmlqmbpnlazhhkncgeowiss/Build/Intermediates.noindex/Pods.build/Debug-iphonesimulator/react-native-safe-area-context.build/Objects-normal/arm64/e6072d4f65d7061329687fe24e3d63a7-common-args.resp -DRCT_NEW_ARCH_ENABLED\=1 -include /Users/karelbraborec/rev-meter/ios/Pods/Target\ Support\ Files/react-native-safe-area-context/react-native-safe-area-context-prefix.pch -MMD -MT dependencies -MF /Users/karelbraborec/Library/Developer/Xcode/DerivedData/revmeter-hbcnswmlqmbpnlazhhkncgeowiss/Build/Intermediates.noindex/Pods.build/Debug-iphonesimulator/react-native-safe-area-context.build/Objects-normal/arm64/RNCSafeAreaViewManager.d --serialize-diagnostics /Users/karelbraborec/Library/Developer/Xcode/DerivedData/revmeter-hbcnswmlqmbpnlazhhkncgeowiss/Build/Intermediates.noindex/Pods.build/Debug-iphonesimulator/react-native-safe-area-context.build/Objects-normal/arm64/RNCSafeAreaViewManager.dia -c /Users/karelbraborec/rev-meter/node_modules/react-native-safe-area-context/ios/RNCSafeAreaViewManager.m -o /Users/karelbraborec/Library/Developer/Xcode/DerivedData/revmeter-hbcnswmlqmbpnlazhhkncgeowiss/Build/Intermediates.noindex/Pods.build/Debug-iphonesimulator/react-native-safe-area-context.build/Objects-normal/arm64/RNCSafeAreaViewManager.o -index-unit-output-path /Pods.build/Debug-iphonesimulator/react-native-safe-area-context.build/Objects-normal/arm64/RNCSafeAreaViewManager.o

ScanDependencies /Users/karelbraborec/Library/Developer/Xcode/DerivedData/revmeter-hbcnswmlqmbpnlazhhkncgeowiss/Build/Intermediates.noindex/Pods.build/Debug-iphonesimulator/react-native-safe-area-context.build/Objects-normal/arm64/RNCSafeAreaViewLocalData.o /Users/karelbraborec/rev-meter/node_modules/react-native-safe-area-context/ios/RNCSafeAreaViewLocalData.m normal arm64 objective-c com.apple.compilers.llvm.clang.1_0.compiler (in target 'react-native-safe-area-context' from project 'Pods')
    cd /Users/karelbraborec/rev-meter/ios/Pods
    
    Using response file: /Users/karelbraborec/Library/Developer/Xcode/DerivedData/revmeter-hbcnswmlqmbpnlazhhkncgeowiss/Build/Intermediates.noindex/Pods.build/Debug-iphonesimulator/react-native-safe-area-context.build/Objects-normal/arm64/e6072d4f65d7061329687fe24e3d63a7-common-args.resp
    
    builtin-ScanDependencies -o /Users/karelbraborec/Library/Developer/Xcode/DerivedData/revmeter-hbcnswmlqmbpnlazhhkncgeowiss/Build/Intermediates.noindex/Pods.build/Debug-iphonesimulator/react-native-safe-area-context.build/Objects-normal/arm64/RNCSafeAreaViewLocalData.o.scan -- /Applications/Xcode.app/Contents/Developer/Toolchains/XcodeDefault.xctoolchain/usr/bin/clang -x objective-c -ivfsstatcache /Users/karelbraborec/Library/Developer/Xcode/DerivedData/SDKStatCaches.noindex/iphonesimulator26.5-23F81a-6cfe768891a92b912361537c460fe42b.sdkstatcache -target arm64-apple-ios15.1-simulator -fmessage-length\=0 -fdiagnostics-show-note-include-stack -fmacro-backtrace-limit\=0 -fno-color-diagnostics -fmodules-prune-interval\=86400 -fmodules-prune-after\=345600 -fbuild-session-file\=/Users/karelbraborec/Library/Developer/Xcode/DerivedData/ModuleCache.noindex/Session.modulevalidation -fmodules-validate-once-per-build-session -Wnon-modular-include-in-framework-module -Werror\=non-modular-include-in-framework-module -Wno-trigraphs -Wno-missing-field-initializers -Wno-missing-prototypes -Werror\=return-type -Wdocumentation -Wunreachable-code -Wno-implicit-atomic-properties -Werror\=deprecated-objc-isa-usage -Wno-objc-interface-ivars -Werror\=objc-root-class -Wno-arc-repeated-use-of-weak -Wimplicit-retain-self -Wduplicate-method-match -Wno-missing-braces -Wparentheses -Wswitch -Wunused-function -Wno-unused-label -Wno-unused-parameter -Wunused-variable -Wunused-value -Wempty-body -Wuninitialized -Wconditional-uninitialized -Wno-unknown-pragmas -Wno-shadow -Wno-four-char-constants -Wno-conversion -Wconstant-conversion -Wint-conversion -Wbool-conversion -Wenum-conversion -Wno-float-conversion -Wnon-literal-null-conversion -Wobjc-literal-conversion -Wshorten-64-to-32 -Wpointer-sign -Wno-newline-eof -Wno-selector -Wno-strict-selector-match -Wundeclared-selector -Wdeprecated-implementations -Wno-implicit-fallthrough -isysroot /Applications/Xcode.app/Contents/Developer/Platforms/iPhoneSimulator.platform/Developer/SDKs/iPhoneSimulator26.5.sdk -fstrict-aliasing -Wprotocol -Wdeprecated-declarations -Wno-sign-conversion -Winfinite-recursion -Wcomma -Wblock-capture-autoreleasing -Wstrict-prototypes -Wno-semicolon-before-method-body -Wunguarded-availability -index-store-path /Users/karelbraborec/Library/Developer/Xcode/DerivedData/revmeter-hbcnswmlqmbpnlazhhkncgeowiss/Index.noindex/DataStore @/Users/karelbraborec/Library/Developer/Xcode/DerivedData/revmeter-hbcnswmlqmbpnlazhhkncgeowiss/Build/Intermediates.noindex/Pods.build/Debug-iphonesimulator/react-native-safe-area-context.build/Objects-normal/arm64/e6072d4f65d7061329687fe24e3d63a7-common-args.resp -DRCT_NEW_ARCH_ENABLED\=1 -include /Users/karelbraborec/rev-meter/ios/Pods/Target\ Support\ Files/react-native-safe-area-context/react-native-safe-area-context-prefix.pch -MMD -MT dependencies -MF /Users/karelbraborec/Library/Developer/Xcode/DerivedData/revmeter-hbcnswmlqmbpnlazhhkncgeowiss/Build/Intermediates.noindex/Pods.build/Debug-iphonesimulator/react-native-safe-area-context.build/Objects-normal/arm64/RNCSafeAreaViewLocalData.d --serialize-diagnostics /Users/karelbraborec/Library/Developer/Xcode/DerivedData/revmeter-hbcnswmlqmbpnlazhhkncgeowiss/Build/Intermediates.noindex/Pods.build/Debug-iphonesimulator/react-native-safe-area-context.build/Objects-normal/arm64/RNCSafeAreaViewLocalData.dia -c /Users/karelbraborec/rev-meter/node_modules/react-native-safe-area-context/ios/RNCSafeAreaViewLocalData.m -o /Users/karelbraborec/Library/Developer/Xcode/DerivedData/revmeter-hbcnswmlqmbpnlazhhkncgeowiss/Build/Intermediates.noindex/Pods.build/Debug-iphonesimulator/react-native-safe-area-context.build/Objects-normal/arm64/RNCSafeAreaViewLocalData.o -index-unit-output-path /Pods.build/Debug-iphonesimulator/react-native-safe-area-context.build/Objects-normal/arm64/RNCSafeAreaViewLocalData.o

PrecompileModule /Users/karelbraborec/Library/Developer/Xcode/DerivedData/revmeter-hbcnswmlqmbpnlazhhkncgeowiss/Build/Intermediates.noindex/ExplicitPrecompiledModules/CoreImage-9X50T4BJAS4VT4VUHK8SVD3WC.scan
    cd /
    builtin-precompileModule /Users/karelbraborec/Library/Developer/Xcode/DerivedData/revmeter-hbcnswmlqmbpnlazhhkncgeowiss/Build/Intermediates.noindex/ExplicitPrecompiledModules/CoreImage-9X50T4BJAS4VT4VUHK8SVD3WC.scan

PrecompileModule /Users/karelbraborec/Library/Developer/Xcode/DerivedData/revmeter-hbcnswmlqmbpnlazhhkncgeowiss/Build/Intermediates.noindex/ExplicitPrecompiledModules/QuartzCore-AFYB0KJE89OTHWXZAS6WAEE5G.scan
    cd /
    builtin-precompileModule /Users/karelbraborec/Library/Developer/Xcode/DerivedData/revmeter-hbcnswmlqmbpnlazhhkncgeowiss/Build/Intermediates.noindex/ExplicitPrecompiledModules/QuartzCore-AFYB0KJE89OTHWXZAS6WAEE5G.scan

ScanDependencies /Users/karelbraborec/Library/Developer/Xcode/DerivedData/revmeter-hbcnswmlqmbpnlazhhkncgeowiss/Build/Intermediates.noindex/Pods.build/Debug-iphonesimulator/react-native-safe-area-context.build/Objects-normal/arm64/RNCSafeAreaViewEdges.o /Users/karelbraborec/rev-meter/node_modules/react-native-safe-area-context/ios/RNCSafeAreaViewEdges.m normal arm64 objective-c com.apple.compilers.llvm.clang.1_0.compiler (in target 'react-native-safe-area-context' from project 'Pods')
    cd /Users/karelbraborec/rev-meter/ios/Pods
    
    Using response file: /Users/karelbraborec/Library/Developer/Xcode/DerivedData/revmeter-hbcnswmlqmbpnlazhhkncgeowiss/Build/Intermediates.noindex/Pods.build/Debug-iphonesimulator/react-native-safe-area-context.build/Objects-normal/arm64/e6072d4f65d7061329687fe24e3d63a7-common-args.resp
    
    builtin-ScanDependencies -o /Users/karelbraborec/Library/Developer/Xcode/DerivedData/revmeter-hbcnswmlqmbpnlazhhkncgeowiss/Build/Intermediates.noindex/Pods.build/Debug-iphonesimulator/react-native-safe-area-context.build/Objects-normal/arm64/RNCSafeAreaViewEdges.o.scan -- /Applications/Xcode.app/Contents/Developer/Toolchains/XcodeDefault.xctoolchain/usr/bin/clang -x objective-c -ivfsstatcache /Users/karelbraborec/Library/Developer/Xcode/DerivedData/SDKStatCaches.noindex/iphonesimulator26.5-23F81a-6cfe768891a92b912361537c460fe42b.sdkstatcache -target arm64-apple-ios15.1-simulator -fmessage-length\=0 -fdiagnostics-show-note-include-stack -fmacro-backtrace-limit\=0 -fno-color-diagnostics -fmodules-prune-interval\=86400 -fmodules-prune-after\=345600 -fbuild-session-file\=/Users/karelbraborec/Library/Developer/Xcode/DerivedData/ModuleCache.noindex/Session.modulevalidation -fmodules-validate-once-per-build-session -Wnon-modular-include-in-framework-module -Werror\=non-modular-include-in-framework-module -Wno-trigraphs -Wno-missing-field-initializers -Wno-missing-prototypes -Werror\=return-type -Wdocumentation -Wunreachable-code -Wno-implicit-atomic-properties -Werror\=deprecated-objc-isa-usage -Wno-objc-interface-ivars -Werror\=objc-root-class -Wno-arc-repeated-use-of-weak -Wimplicit-retain-self -Wduplicate-method-match -Wno-missing-braces -Wparentheses -Wswitch -Wunused-function -Wno-unused-label -Wno-unused-parameter -Wunused-variable -Wunused-value -Wempty-body -Wuninitialized -Wconditional-uninitialized -Wno-unknown-pragmas -Wno-shadow -Wno-four-char-constants -Wno-conversion -Wconstant-conversion -Wint-conversion -Wbool-conversion -Wenum-conversion -Wno-float-conversion -Wnon-literal-null-conversion -Wobjc-literal-conversion -Wshorten-64-to-32 -Wpointer-sign -Wno-newline-eof -Wno-selector -Wno-strict-selector-match -Wundeclared-selector -Wdeprecated-implementations -Wno-implicit-fallthrough -isysroot /Applications/Xcode.app/Contents/Developer/Platforms/iPhoneSimulator.platform/Developer/SDKs/iPhoneSimulator26.5.sdk -fstrict-aliasing -Wprotocol -Wdeprecated-declarations -Wno-sign-conversion -Winfinite-recursion -Wcomma -Wblock-capture-autoreleasing -Wstrict-prototypes -Wno-semicolon-before-method-body -Wunguarded-availability -index-store-path /Users/karelbraborec/Library/Developer/Xcode/DerivedData/revmeter-hbcnswmlqmbpnlazhhkncgeowiss/Index.noindex/DataStore @/Users/karelbraborec/Library/Developer/Xcode/DerivedData/revmeter-hbcnswmlqmbpnlazhhkncgeowiss/Build/Intermediates.noindex/Pods.build/Debug-iphonesimulator/react-native-safe-area-context.build/Objects-normal/arm64/e6072d4f65d7061329687fe24e3d63a7-common-args.resp -DRCT_NEW_ARCH_ENABLED\=1 -include /Users/karelbraborec/rev-meter/ios/Pods/Target\ Support\ Files/react-native-safe-area-context/react-native-safe-area-context-prefix.pch -MMD -MT dependencies -MF /Users/karelbraborec/Library/Developer/Xcode/DerivedData/revmeter-hbcnswmlqmbpnlazhhkncgeowiss/Build/Intermediates.noindex/Pods.build/Debug-iphonesimulator/react-native-safe-area-context.build/Objects-normal/arm64/RNCSafeAreaViewEdges.d --serialize-diagnostics /Users/karelbraborec/Library/Developer/Xcode/DerivedData/revmeter-hbcnswmlqmbpnlazhhkncgeowiss/Build/Intermediates.noindex/Pods.build/Debug-iphonesimulator/react-native-safe-area-context.build/Objects-normal/arm64/RNCSafeAreaViewEdges.dia -c /Users/karelbraborec/rev-meter/node_modules/react-native-safe-area-context/ios/RNCSafeAreaViewEdges.m -o /Users/karelbraborec/Library/Developer/Xcode/DerivedData/revmeter-hbcnswmlqmbpnlazhhkncgeowiss/Build/Intermediates.noindex/Pods.build/Debug-iphonesimulator/react-native-safe-area-context.build/Objects-normal/arm64/RNCSafeAreaViewEdges.o -index-unit-output-path /Pods.build/Debug-iphonesimulator/react-native-safe-area-context.build/Objects-normal/arm64/RNCSafeAreaViewEdges.o

CompileC /Users/karelbraborec/Library/Developer/Xcode/DerivedData/revmeter-hbcnswmlqmbpnlazhhkncgeowiss/Build/Intermediates.noindex/Pods.build/Debug-iphonesimulator/react-native-safe-area-context.build/Objects-normal/arm64/react-native-safe-area-context-dummy.o /Users/karelbraborec/rev-meter/ios/Pods/Target\ Support\ Files/react-native-safe-area-context/react-native-safe-area-context-dummy.m normal arm64 objective-c com.apple.compilers.llvm.clang.1_0.compiler (in target 'react-native-safe-area-context' from project 'Pods')
    cd /Users/karelbraborec/rev-meter/ios/Pods
    
    Using response file: /Users/karelbraborec/Library/Developer/Xcode/DerivedData/revmeter-hbcnswmlqmbpnlazhhkncgeowiss/Build/Intermediates.noindex/Pods.build/Debug-iphonesimulator/react-native-safe-area-context.build/Objects-normal/arm64/e6072d4f65d7061329687fe24e3d63a7-common-args.resp
    
    /Applications/Xcode.app/Contents/Developer/Toolchains/XcodeDefault.xctoolchain/usr/bin/clang -x objective-c -ivfsstatcache /Users/karelbraborec/Library/Developer/Xcode/DerivedData/SDKStatCaches.noindex/iphonesimulator26.5-23F81a-6cfe768891a92b912361537c460fe42b.sdkstatcache -target arm64-apple-ios15.1-simulator -fmessage-length\=0 -fdiagnostics-show-note-include-stack -fmacro-backtrace-limit\=0 -fno-color-diagnostics -fmodules-prune-interval\=86400 -fmodules-prune-after\=345600 -fbuild-session-file\=/Users/karelbraborec/Library/Developer/Xcode/DerivedData/ModuleCache.noindex/Session.modulevalidation -fmodules-validate-once-per-build-session -Wnon-modular-include-in-framework-module -Werror\=non-modular-include-in-framework-module -Wno-trigraphs -Wno-missing-field-initializers -Wno-missing-prototypes -Werror\=return-type -Wdocumentation -Wunreachable-code -Wno-implicit-atomic-properties -Werror\=deprecated-objc-isa-usage -Wno-objc-interface-ivars -Werror\=objc-root-class -Wno-arc-repeated-use-of-weak -Wimplicit-retain-self -Wduplicate-method-match -Wno-missing-braces -Wparentheses -Wswitch -Wunused-function -Wno-unused-label -Wno-unused-parameter -Wunused-variable -Wunused-value -Wempty-body -Wuninitialized -Wconditional-uninitialized -Wno-unknown-pragmas -Wno-shadow -Wno-four-char-constants -Wno-conversion -Wconstant-conversion -Wint-conversion -Wbool-conversion -Wenum-conversion -Wno-float-conversion -Wnon-literal-null-conversion -Wobjc-literal-conversion -Wshorten-64-to-32 -Wpointer-sign -Wno-newline-eof -Wno-selector -Wno-strict-selector-match -Wundeclared-selector -Wdeprecated-implementations -Wno-implicit-fallthrough -isysroot /Applications/Xcode.app/Contents/Developer/Platforms/iPhoneSimulator.platform/Developer/SDKs/iPhoneSimulator26.5.sdk -fstrict-aliasing -Wprotocol -Wdeprecated-declarations -Wno-sign-conversion -Winfinite-recursion -Wcomma -Wblock-capture-autoreleasing -Wstrict-prototypes -Wno-semicolon-before-method-body -Wunguarded-availability -index-store-path /Users/karelbraborec/Library/Developer/Xcode/DerivedData/revmeter-hbcnswmlqmbpnlazhhkncgeowiss/Index.noindex/DataStore @/Users/karelbraborec/Library/Developer/Xcode/DerivedData/revmeter-hbcnswmlqmbpnlazhhkncgeowiss/Build/Intermediates.noindex/Pods.build/Debug-iphonesimulator/react-native-safe-area-context.build/Objects-normal/arm64/e6072d4f65d7061329687fe24e3d63a7-common-args.resp -include /Users/karelbraborec/rev-meter/ios/Pods/Target\ Support\ Files/react-native-safe-area-context/react-native-safe-area-context-prefix.pch -MMD -MT dependencies -MF /Users/karelbraborec/Library/Developer/Xcode/DerivedData/revmeter-hbcnswmlqmbpnlazhhkncgeowiss/Build/Intermediates.noindex/Pods.build/Debug-iphonesimulator/react-native-safe-area-context.build/Objects-normal/arm64/react-native-safe-area-context-dummy.d --serialize-diagnostics /Users/karelbraborec/Library/Developer/Xcode/DerivedData/revmeter-hbcnswmlqmbpnlazhhkncgeowiss/Build/Intermediates.noindex/Pods.build/Debug-iphonesimulator/react-native-safe-area-context.build/Objects-normal/arm64/react-native-safe-area-context-dummy.dia -c /Users/karelbraborec/rev-meter/ios/Pods/Target\ Support\ Files/react-native-safe-area-context/react-native-safe-area-context-dummy.m -o /Users/karelbraborec/Library/Developer/Xcode/DerivedData/revmeter-hbcnswmlqmbpnlazhhkncgeowiss/Build/Intermediates.noindex/Pods.build/Debug-iphonesimulator/react-native-safe-area-context.build/Objects-normal/arm64/react-native-safe-area-context-dummy.o -index-unit-output-path /Pods.build/Debug-iphonesimulator/react-native-safe-area-context.build/Objects-normal/arm64/react-native-safe-area-context-dummy.o

ScanDependencies /Users/karelbraborec/Library/Developer/Xcode/DerivedData/revmeter-hbcnswmlqmbpnlazhhkncgeowiss/Build/Intermediates.noindex/Pods.build/Debug-iphonesimulator/react-native-safe-area-context.build/Objects-normal/arm64/RNCSafeAreaViewEdgeMode.o /Users/karelbraborec/rev-meter/node_modules/react-native-safe-area-context/ios/RNCSafeAreaViewEdgeMode.m normal arm64 objective-c com.apple.compilers.llvm.clang.1_0.compiler (in target 'react-native-safe-area-context' from project 'Pods')
    cd /Users/karelbraborec/rev-meter/ios/Pods
    
    Using response file: /Users/karelbraborec/Library/Developer/Xcode/DerivedData/revmeter-hbcnswmlqmbpnlazhhkncgeowiss/Build/Intermediates.noindex/Pods.build/Debug-iphonesimulator/react-native-safe-area-context.build/Objects-normal/arm64/e6072d4f65d7061329687fe24e3d63a7-common-args.resp
    
    builtin-ScanDependencies -o /Users/karelbraborec/Library/Developer/Xcode/DerivedData/revmeter-hbcnswmlqmbpnlazhhkncgeowiss/Build/Intermediates.noindex/Pods.build/Debug-iphonesimulator/react-native-safe-area-context.build/Objects-normal/arm64/RNCSafeAreaViewEdgeMode.o.scan -- /Applications/Xcode.app/Contents/Developer/Toolchains/XcodeDefault.xctoolchain/usr/bin/clang -x objective-c -ivfsstatcache /Users/karelbraborec/Library/Developer/Xcode/DerivedData/SDKStatCaches.noindex/iphonesimulator26.5-23F81a-6cfe768891a92b912361537c460fe42b.sdkstatcache -target arm64-apple-ios15.1-simulator -fmessage-length\=0 -fdiagnostics-show-note-include-stack -fmacro-backtrace-limit\=0 -fno-color-diagnostics -fmodules-prune-interval\=86400 -fmodules-prune-after\=345600 -fbuild-session-file\=/Users/karelbraborec/Library/Developer/Xcode/DerivedData/ModuleCache.noindex/Session.modulevalidation -fmodules-validate-once-per-build-session -Wnon-modular-include-in-framework-module -Werror\=non-modular-include-in-framework-module -Wno-trigraphs -Wno-missing-field-initializers -Wno-missing-prototypes -Werror\=return-type -Wdocumentation -Wunreachable-code -Wno-implicit-atomic-properties -Werror\=deprecated-objc-isa-usage -Wno-objc-interface-ivars -Werror\=objc-root-class -Wno-arc-repeated-use-of-weak -Wimplicit-retain-self -Wduplicate-method-match -Wno-missing-braces -Wparentheses -Wswitch -Wunused-function -Wno-unused-label -Wno-unused-parameter -Wunused-variable -Wunused-value -Wempty-body -Wuninitialized -Wconditional-uninitialized -Wno-unknown-pragmas -Wno-shadow -Wno-four-char-constants -Wno-conversion -Wconstant-conversion -Wint-conversion -Wbool-conversion -Wenum-conversion -Wno-float-conversion -Wnon-literal-null-conversion -Wobjc-literal-conversion -Wshorten-64-to-32 -Wpointer-sign -Wno-newline-eof -Wno-selector -Wno-strict-selector-match -Wundeclared-selector -Wdeprecated-implementations -Wno-implicit-fallthrough -isysroot /Applications/Xcode.app/Contents/Developer/Platforms/iPhoneSimulator.platform/Developer/SDKs/iPhoneSimulator26.5.sdk -fstrict-aliasing -Wprotocol -Wdeprecated-declarations -Wno-sign-conversion -Winfinite-recursion -Wcomma -Wblock-capture-autoreleasing -Wstrict-prototypes -Wno-semicolon-before-method-body -Wunguarded-availability -index-store-path /Users/karelbraborec/Library/Developer/Xcode/DerivedData/revmeter-hbcnswmlqmbpnlazhhkncgeowiss/Index.noindex/DataStore @/Users/karelbraborec/Library/Developer/Xcode/DerivedData/revmeter-hbcnswmlqmbpnlazhhkncgeowiss/Build/Intermediates.noindex/Pods.build/Debug-iphonesimulator/react-native-safe-area-context.build/Objects-normal/arm64/e6072d4f65d7061329687fe24e3d63a7-common-args.resp -DRCT_NEW_ARCH_ENABLED\=1 -include /Users/karelbraborec/rev-meter/ios/Pods/Target\ Support\ Files/react-native-safe-area-context/react-native-safe-area-context-prefix.pch -MMD -MT dependencies -MF /Users/karelbraborec/Library/Developer/Xcode/DerivedData/revmeter-hbcnswmlqmbpnlazhhkncgeowiss/Build/Intermediates.noindex/Pods.build/Debug-iphonesimulator/react-native-safe-area-context.build/Objects-normal/arm64/RNCSafeAreaViewEdgeMode.d --serialize-diagnostics /Users/karelbraborec/Library/Developer/Xcode/DerivedData/revmeter-hbcnswmlqmbpnlazhhkncgeowiss/Build/Intermediates.noindex/Pods.build/Debug-iphonesimulator/react-native-safe-area-context.build/Objects-normal/arm64/RNCSafeAreaViewEdgeMode.dia -c /Users/karelbraborec/rev-meter/node_modules/react-native-safe-area-context/ios/RNCSafeAreaViewEdgeMode.m -o /Users/karelbraborec/Library/Developer/Xcode/DerivedData/revmeter-hbcnswmlqmbpnlazhhkncgeowiss/Build/Intermediates.noindex/Pods.build/Debug-iphonesimulator/react-native-safe-area-context.build/Objects-normal/arm64/RNCSafeAreaViewEdgeMode.o -index-unit-output-path /Pods.build/Debug-iphonesimulator/react-native-safe-area-context.build/Objects-normal/arm64/RNCSafeAreaViewEdgeMode.o

ScanDependencies /Users/karelbraborec/Library/Developer/Xcode/DerivedData/revmeter-hbcnswmlqmbpnlazhhkncgeowiss/Build/Intermediates.noindex/Pods.build/Debug-iphonesimulator/react-native-safe-area-context.build/Objects-normal/arm64/RNCSafeAreaView.o /Users/karelbraborec/rev-meter/node_modules/react-native-safe-area-context/ios/RNCSafeAreaView.m normal arm64 objective-c com.apple.compilers.llvm.clang.1_0.compiler (in target 'react-native-safe-area-context' from project 'Pods')
    cd /Users/karelbraborec/rev-meter/ios/Pods
    
    Using response file: /Users/karelbraborec/Library/Developer/Xcode/DerivedData/revmeter-hbcnswmlqmbpnlazhhkncgeowiss/Build/Intermediates.noindex/Pods.build/Debug-iphonesimulator/react-native-safe-area-context.build/Objects-normal/arm64/e6072d4f65d7061329687fe24e3d63a7-common-args.resp
    
    builtin-ScanDependencies -o /Users/karelbraborec/Library/Developer/Xcode/DerivedData/revmeter-hbcnswmlqmbpnlazhhkncgeowiss/Build/Intermediates.noindex/Pods.build/Debug-iphonesimulator/react-native-safe-area-context.build/Objects-normal/arm64/RNCSafeAreaView.o.scan -- /Applications/Xcode.app/Contents/Developer/Toolchains/XcodeDefault.xctoolchain/usr/bin/clang -x objective-c -ivfsstatcache /Users/karelbraborec/Library/Developer/Xcode/DerivedData/SDKStatCaches.noindex/iphonesimulator26.5-23F81a-6cfe768891a92b912361537c460fe42b.sdkstatcache -target arm64-apple-ios15.1-simulator -fmessage-length\=0 -fdiagnostics-show-note-include-stack -fmacro-backtrace-limit\=0 -fno-color-diagnostics -fmodules-prune-interval\=86400 -fmodules-prune-after\=345600 -fbuild-session-file\=/Users/karelbraborec/Library/Developer/Xcode/DerivedData/ModuleCache.noindex/Session.modulevalidation -fmodules-validate-once-per-build-session -Wnon-modular-include-in-framework-module -Werror\=non-modular-include-in-framework-module -Wno-trigraphs -Wno-missing-field-initializers -Wno-missing-prototypes -Werror\=return-type -Wdocumentation -Wunreachable-code -Wno-implicit-atomic-properties -Werror\=deprecated-objc-isa-usage -Wno-objc-interface-ivars -Werror\=objc-root-class -Wno-arc-repeated-use-of-weak -Wimplicit-retain-self -Wduplicate-method-match -Wno-missing-braces -Wparentheses -Wswitch -Wunused-function -Wno-unused-label -Wno-unused-parameter -Wunused-variable -Wunused-value -Wempty-body -Wuninitialized -Wconditional-uninitialized -Wno-unknown-pragmas -Wno-shadow -Wno-four-char-constants -Wno-conversion -Wconstant-conversion -Wint-conversion -Wbool-conversion -Wenum-conversion -Wno-float-conversion -Wnon-literal-null-conversion -Wobjc-literal-conversion -Wshorten-64-to-32 -Wpointer-sign -Wno-newline-eof -Wno-selector -Wno-strict-selector-match -Wundeclared-selector -Wdeprecated-implementations -Wno-implicit-fallthrough -isysroot /Applications/Xcode.app/Contents/Developer/Platforms/iPhoneSimulator.platform/Developer/SDKs/iPhoneSimulator26.5.sdk -fstrict-aliasing -Wprotocol -Wdeprecated-declarations -Wno-sign-conversion -Winfinite-recursion -Wcomma -Wblock-capture-autoreleasing -Wstrict-prototypes -Wno-semicolon-before-method-body -Wunguarded-availability -index-store-path /Users/karelbraborec/Library/Developer/Xcode/DerivedData/revmeter-hbcnswmlqmbpnlazhhkncgeowiss/Index.noindex/DataStore @/Users/karelbraborec/Library/Developer/Xcode/DerivedData/revmeter-hbcnswmlqmbpnlazhhkncgeowiss/Build/Intermediates.noindex/Pods.build/Debug-iphonesimulator/react-native-safe-area-context.build/Objects-normal/arm64/e6072d4f65d7061329687fe24e3d63a7-common-args.resp -DRCT_NEW_ARCH_ENABLED\=1 -include /Users/karelbraborec/rev-meter/ios/Pods/Target\ Support\ Files/react-native-safe-area-context/react-native-safe-area-context-prefix.pch -MMD -MT dependencies -MF /Users/karelbraborec/Library/Developer/Xcode/DerivedData/revmeter-hbcnswmlqmbpnlazhhkncgeowiss/Build/Intermediates.noindex/Pods.build/Debug-iphonesimulator/react-native-safe-area-context.build/Objects-normal/arm64/RNCSafeAreaView.d --serialize-diagnostics /Users/karelbraborec/Library/Developer/Xcode/DerivedData/revmeter-hbcnswmlqmbpnlazhhkncgeowiss/Build/Intermediates.noindex/Pods.build/Debug-iphonesimulator/react-native-safe-area-context.build/Objects-normal/arm64/RNCSafeAreaView.dia -c /Users/karelbraborec/rev-meter/node_modules/react-native-safe-area-context/ios/RNCSafeAreaView.m -o /Users/karelbraborec/Library/Developer/Xcode/DerivedData/revmeter-hbcnswmlqmbpnlazhhkncgeowiss/Build/Intermediates.noindex/Pods.build/Debug-iphonesimulator/react-native-safe-area-context.build/Objects-normal/arm64/RNCSafeAreaView.o -index-unit-output-path /Pods.build/Debug-iphonesimulator/react-native-safe-area-context.build/Objects-normal/arm64/RNCSafeAreaView.o

ScanDependencies /Users/karelbraborec/Library/Developer/Xcode/DerivedData/revmeter-hbcnswmlqmbpnlazhhkncgeowiss/Build/Intermediates.noindex/Pods.build/Debug-iphonesimulator/react-native-safe-area-context.build/Objects-normal/arm64/RNCSafeAreaUtils.o /Users/karelbraborec/rev-meter/node_modules/react-native-safe-area-context/ios/RNCSafeAreaUtils.m normal arm64 objective-c com.apple.compilers.llvm.clang.1_0.compiler (in target 'react-native-safe-area-context' from project 'Pods')
    cd /Users/karelbraborec/rev-meter/ios/Pods
    
    Using response file: /Users/karelbraborec/Library/Developer/Xcode/DerivedData/revmeter-hbcnswmlqmbpnlazhhkncgeowiss/Build/Intermediates.noindex/Pods.build/Debug-iphonesimulator/react-native-safe-area-context.build/Objects-normal/arm64/e6072d4f65d7061329687fe24e3d63a7-common-args.resp
    
    builtin-ScanDependencies -o /Users/karelbraborec/Library/Developer/Xcode/DerivedData/revmeter-hbcnswmlqmbpnlazhhkncgeowiss/Build/Intermediates.noindex/Pods.build/Debug-iphonesimulator/react-native-safe-area-context.build/Objects-normal/arm64/RNCSafeAreaUtils.o.scan -- /Applications/Xcode.app/Contents/Developer/Toolchains/XcodeDefault.xctoolchain/usr/bin/clang -x objective-c -ivfsstatcache /Users/karelbraborec/Library/Developer/Xcode/DerivedData/SDKStatCaches.noindex/iphonesimulator26.5-23F81a-6cfe768891a92b912361537c460fe42b.sdkstatcache -target arm64-apple-ios15.1-simulator -fmessage-length\=0 -fdiagnostics-show-note-include-stack -fmacro-backtrace-limit\=0 -fno-color-diagnostics -fmodules-prune-interval\=86400 -fmodules-prune-after\=345600 -fbuild-session-file\=/Users/karelbraborec/Library/Developer/Xcode/DerivedData/ModuleCache.noindex/Session.modulevalidation -fmodules-validate-once-per-build-session -Wnon-modular-include-in-framework-module -Werror\=non-modular-include-in-framework-module -Wno-trigraphs -Wno-missing-field-initializers -Wno-missing-prototypes -Werror\=return-type -Wdocumentation -Wunreachable-code -Wno-implicit-atomic-properties -Werror\=deprecated-objc-isa-usage -Wno-objc-interface-ivars -Werror\=objc-root-class -Wno-arc-repeated-use-of-weak -Wimplicit-retain-self -Wduplicate-method-match -Wno-missing-braces -Wparentheses -Wswitch -Wunused-function -Wno-unused-label -Wno-unused-parameter -Wunused-variable -Wunused-value -Wempty-body -Wuninitialized -Wconditional-uninitialized -Wno-unknown-pragmas -Wno-shadow -Wno-four-char-constants -Wno-conversion -Wconstant-conversion -Wint-conversion -Wbool-conversion -Wenum-conversion -Wno-float-conversion -Wnon-literal-null-conversion -Wobjc-literal-conversion -Wshorten-64-to-32 -Wpointer-sign -Wno-newline-eof -Wno-selector -Wno-strict-selector-match -Wundeclared-selector -Wdeprecated-implementations -Wno-implicit-fallthrough -isysroot /Applications/Xcode.app/Contents/Developer/Platforms/iPhoneSimulator.platform/Developer/SDKs/iPhoneSimulator26.5.sdk -fstrict-aliasing -Wprotocol -Wdeprecated-declarations -Wno-sign-conversion -Winfinite-recursion -Wcomma -Wblock-capture-autoreleasing -Wstrict-prototypes -Wno-semicolon-before-method-body -Wunguarded-availability -index-store-path /Users/karelbraborec/Library/Developer/Xcode/DerivedData/revmeter-hbcnswmlqmbpnlazhhkncgeowiss/Index.noindex/DataStore @/Users/karelbraborec/Library/Developer/Xcode/DerivedData/revmeter-hbcnswmlqmbpnlazhhkncgeowiss/Build/Intermediates.noindex/Pods.build/Debug-iphonesimulator/react-native-safe-area-context.build/Objects-normal/arm64/e6072d4f65d7061329687fe24e3d63a7-common-args.resp -DRCT_NEW_ARCH_ENABLED\=1 -include /Users/karelbraborec/rev-meter/ios/Pods/Target\ Support\ Files/react-native-safe-area-context/react-native-safe-area-context-prefix.pch -MMD -MT dependencies -MF /Users/karelbraborec/Library/Developer/Xcode/DerivedData/revmeter-hbcnswmlqmbpnlazhhkncgeowiss/Build/Intermediates.noindex/Pods.build/Debug-iphonesimulator/react-native-safe-area-context.build/Objects-normal/arm64/RNCSafeAreaUtils.d --serialize-diagnostics /Users/karelbraborec/Library/Developer/Xcode/DerivedData/revmeter-hbcnswmlqmbpnlazhhkncgeowiss/Build/Intermediates.noindex/Pods.build/Debug-iphonesimulator/react-native-safe-area-context.build/Objects-normal/arm64/RNCSafeAreaUtils.dia -c /Users/karelbraborec/rev-meter/node_modules/react-native-safe-area-context/ios/RNCSafeAreaUtils.m -o /Users/karelbraborec/Library/Developer/Xcode/DerivedData/revmeter-hbcnswmlqmbpnlazhhkncgeowiss/Build/Intermediates.noindex/Pods.build/Debug-iphonesimulator/react-native-safe-area-context.build/Objects-normal/arm64/RNCSafeAreaUtils.o -index-unit-output-path /Pods.build/Debug-iphonesimulator/react-native-safe-area-context.build/Objects-normal/arm64/RNCSafeAreaUtils.o

ScanDependencies /Users/karelbraborec/Library/Developer/Xcode/DerivedData/revmeter-hbcnswmlqmbpnlazhhkncgeowiss/Build/Intermediates.noindex/Pods.build/Debug-iphonesimulator/react-native-safe-area-context.build/Objects-normal/arm64/RNCSafeAreaShadowView.o /Users/karelbraborec/rev-meter/node_modules/react-native-safe-area-context/ios/RNCSafeAreaShadowView.m normal arm64 objective-c com.apple.compilers.llvm.clang.1_0.compiler (in target 'react-native-safe-area-context' from project 'Pods')
    cd /Users/karelbraborec/rev-meter/ios/Pods
    
    Using response file: /Users/karelbraborec/Library/Developer/Xcode/DerivedData/revmeter-hbcnswmlqmbpnlazhhkncgeowiss/Build/Intermediates.noindex/Pods.build/Debug-iphonesimulator/react-native-safe-area-context.build/Objects-normal/arm64/e6072d4f65d7061329687fe24e3d63a7-common-args.resp
    
    builtin-ScanDependencies -o /Users/karelbraborec/Library/Developer/Xcode/DerivedData/revmeter-hbcnswmlqmbpnlazhhkncgeowiss/Build/Intermediates.noindex/Pods.build/Debug-iphonesimulator/react-native-safe-area-context.build/Objects-normal/arm64/RNCSafeAreaShadowView.o.scan -- /Applications/Xcode.app/Contents/Developer/Toolchains/XcodeDefault.xctoolchain/usr/bin/clang -x objective-c -ivfsstatcache /Users/karelbraborec/Library/Developer/Xcode/DerivedData/SDKStatCaches.noindex/iphonesimulator26.5-23F81a-6cfe768891a92b912361537c460fe42b.sdkstatcache -target arm64-apple-ios15.1-simulator -fmessage-length\=0 -fdiagnostics-show-note-include-stack -fmacro-backtrace-limit\=0 -fno-color-diagnostics -fmodules-prune-interval\=86400 -fmodules-prune-after\=345600 -fbuild-session-file\=/Users/karelbraborec/Library/Developer/Xcode/DerivedData/ModuleCache.noindex/Session.modulevalidation -fmodules-validate-once-per-build-session -Wnon-modular-include-in-framework-module -Werror\=non-modular-include-in-framework-module -Wno-trigraphs -Wno-missing-field-initializers -Wno-missing-prototypes -Werror\=return-type -Wdocumentation -Wunreachable-code -Wno-implicit-atomic-properties -Werror\=deprecated-objc-isa-usage -Wno-objc-interface-ivars -Werror\=objc-root-class -Wno-arc-repeated-use-of-weak -Wimplicit-retain-self -Wduplicate-method-match -Wno-missing-braces -Wparentheses -Wswitch -Wunused-function -Wno-unused-label -Wno-unused-parameter -Wunused-variable -Wunused-value -Wempty-body -Wuninitialized -Wconditional-uninitialized -Wno-unknown-pragmas -Wno-shadow -Wno-four-char-constants -Wno-conversion -Wconstant-conversion -Wint-conversion -Wbool-conversion -Wenum-conversion -Wno-float-conversion -Wnon-literal-null-conversion -Wobjc-literal-conversion -Wshorten-64-to-32 -Wpointer-sign -Wno-newline-eof -Wno-selector -Wno-strict-selector-match -Wundeclared-selector -Wdeprecated-implementations -Wno-implicit-fallthrough -isysroot /Applications/Xcode.app/Contents/Developer/Platforms/iPhoneSimulator.platform/Developer/SDKs/iPhoneSimulator26.5.sdk -fstrict-aliasing -Wprotocol -Wdeprecated-declarations -Wno-sign-conversion -Winfinite-recursion -Wcomma -Wblock-capture-autoreleasing -Wstrict-prototypes -Wno-semicolon-before-method-body -Wunguarded-availability -index-store-path /Users/karelbraborec/Library/Developer/Xcode/DerivedData/revmeter-hbcnswmlqmbpnlazhhkncgeowiss/Index.noindex/DataStore @/Users/karelbraborec/Library/Developer/Xcode/DerivedData/revmeter-hbcnswmlqmbpnlazhhkncgeowiss/Build/Intermediates.noindex/Pods.build/Debug-iphonesimulator/react-native-safe-area-context.build/Objects-normal/arm64/e6072d4f65d7061329687fe24e3d63a7-common-args.resp -DRCT_NEW_ARCH_ENABLED\=1 -include /Users/karelbraborec/rev-meter/ios/Pods/Target\ Support\ Files/react-native-safe-area-context/react-native-safe-area-context-prefix.pch -MMD -MT dependencies -MF /Users/karelbraborec/Library/Developer/Xcode/DerivedData/revmeter-hbcnswmlqmbpnlazhhkncgeowiss/Build/Intermediates.noindex/Pods.build/Debug-iphonesimulator/react-native-safe-area-context.build/Objects-normal/arm64/RNCSafeAreaShadowView.d --serialize-diagnostics /Users/karelbraborec/Library/Developer/Xcode/DerivedData/revmeter-hbcnswmlqmbpnlazhhkncgeowiss/Build/Intermediates.noindex/Pods.build/Debug-iphonesimulator/react-native-safe-area-context.build/Objects-normal/arm64/RNCSafeAreaShadowView.dia -c /Users/karelbraborec/rev-meter/node_modules/react-native-safe-area-context/ios/RNCSafeAreaShadowView.m -o /Users/karelbraborec/Library/Developer/Xcode/DerivedData/revmeter-hbcnswmlqmbpnlazhhkncgeowiss/Build/Intermediates.noindex/Pods.build/Debug-iphonesimulator/react-native-safe-area-context.build/Objects-normal/arm64/RNCSafeAreaShadowView.o -index-unit-output-path /Pods.build/Debug-iphonesimulator/react-native-safe-area-context.build/Objects-normal/arm64/RNCSafeAreaShadowView.o

PrecompileModule /Users/karelbraborec/Library/Developer/Xcode/DerivedData/revmeter-hbcnswmlqmbpnlazhhkncgeowiss/Build/Intermediates.noindex/ExplicitPrecompiledModules/UIKit-5NXHQTCI1YI8A29KJ95ET9NJG.scan
    cd /
    builtin-precompileModule /Users/karelbraborec/Library/Developer/Xcode/DerivedData/revmeter-hbcnswmlqmbpnlazhhkncgeowiss/Build/Intermediates.noindex/ExplicitPrecompiledModules/UIKit-5NXHQTCI1YI8A29KJ95ET9NJG.scan

ScanDependencies /Users/karelbraborec/Library/Developer/Xcode/DerivedData/revmeter-hbcnswmlqmbpnlazhhkncgeowiss/Build/Intermediates.noindex/Pods.build/Debug-iphonesimulator/react-native-safe-area-context.build/Objects-normal/arm64/RNCSafeAreaProviderManager.o /Users/karelbraborec/rev-meter/node_modules/react-native-safe-area-context/ios/RNCSafeAreaProviderManager.m normal arm64 objective-c com.apple.compilers.llvm.clang.1_0.compiler (in target 'react-native-safe-area-context' from project 'Pods')
    cd /Users/karelbraborec/rev-meter/ios/Pods
    
    Using response file: /Users/karelbraborec/Library/Developer/Xcode/DerivedData/revmeter-hbcnswmlqmbpnlazhhkncgeowiss/Build/Intermediates.noindex/Pods.build/Debug-iphonesimulator/react-native-safe-area-context.build/Objects-normal/arm64/e6072d4f65d7061329687fe24e3d63a7-common-args.resp
    
    builtin-ScanDependencies -o /Users/karelbraborec/Library/Developer/Xcode/DerivedData/revmeter-hbcnswmlqmbpnlazhhkncgeowiss/Build/Intermediates.noindex/Pods.build/Debug-iphonesimulator/react-native-safe-area-context.build/Objects-normal/arm64/RNCSafeAreaProviderManager.o.scan -- /Applications/Xcode.app/Contents/Developer/Toolchains/XcodeDefault.xctoolchain/usr/bin/clang -x objective-c -ivfsstatcache /Users/karelbraborec/Library/Developer/Xcode/DerivedData/SDKStatCaches.noindex/iphonesimulator26.5-23F81a-6cfe768891a92b912361537c460fe42b.sdkstatcache -target arm64-apple-ios15.1-simulator -fmessage-length\=0 -fdiagnostics-show-note-include-stack -fmacro-backtrace-limit\=0 -fno-color-diagnostics -fmodules-prune-interval\=86400 -fmodules-prune-after\=345600 -fbuild-session-file\=/Users/karelbraborec/Library/Developer/Xcode/DerivedData/ModuleCache.noindex/Session.modulevalidation -fmodules-validate-once-per-build-session -Wnon-modular-include-in-framework-module -Werror\=non-modular-include-in-framework-module -Wno-trigraphs -Wno-missing-field-initializers -Wno-missing-prototypes -Werror\=return-type -Wdocumentation -Wunreachable-code -Wno-implicit-atomic-properties -Werror\=deprecated-objc-isa-usage -Wno-objc-interface-ivars -Werror\=objc-root-class -Wno-arc-repeated-use-of-weak -Wimplicit-retain-self -Wduplicate-method-match -Wno-missing-braces -Wparentheses -Wswitch -Wunused-function -Wno-unused-label -Wno-unused-parameter -Wunused-variable -Wunused-value -Wempty-body -Wuninitialized -Wconditional-uninitialized -Wno-unknown-pragmas -Wno-shadow -Wno-four-char-constants -Wno-conversion -Wconstant-conversion -Wint-conversion -Wbool-conversion -Wenum-conversion -Wno-float-conversion -Wnon-literal-null-conversion -Wobjc-literal-conversion -Wshorten-64-to-32 -Wpointer-sign -Wno-newline-eof -Wno-selector -Wno-strict-selector-match -Wundeclared-selector -Wdeprecated-implementations -Wno-implicit-fallthrough -isysroot /Applications/Xcode.app/Contents/Developer/Platforms/iPhoneSimulator.platform/Developer/SDKs/iPhoneSimulator26.5.sdk -fstrict-aliasing -Wprotocol -Wdeprecated-declarations -Wno-sign-conversion -Winfinite-recursion -Wcomma -Wblock-capture-autoreleasing -Wstrict-prototypes -Wno-semicolon-before-method-body -Wunguarded-availability -index-store-path /Users/karelbraborec/Library/Developer/Xcode/DerivedData/revmeter-hbcnswmlqmbpnlazhhkncgeowiss/Index.noindex/DataStore @/Users/karelbraborec/Library/Developer/Xcode/DerivedData/revmeter-hbcnswmlqmbpnlazhhkncgeowiss/Build/Intermediates.noindex/Pods.build/Debug-iphonesimulator/react-native-safe-area-context.build/Objects-normal/arm64/e6072d4f65d7061329687fe24e3d63a7-common-args.resp -DRCT_NEW_ARCH_ENABLED\=1 -include /Users/karelbraborec/rev-meter/ios/Pods/Target\ Support\ Files/react-native-safe-area-context/react-native-safe-area-context-prefix.pch -MMD -MT dependencies -MF /Users/karelbraborec/Library/Developer/Xcode/DerivedData/revmeter-hbcnswmlqmbpnlazhhkncgeowiss/Build/Intermediates.noindex/Pods.build/Debug-iphonesimulator/react-native-safe-area-context.build/Objects-normal/arm64/RNCSafeAreaProviderManager.d --serialize-diagnostics /Users/karelbraborec/Library/Developer/Xcode/DerivedData/revmeter-hbcnswmlqmbpnlazhhkncgeowiss/Build/Intermediates.noindex/Pods.build/Debug-iphonesimulator/react-native-safe-area-context.build/Objects-normal/arm64/RNCSafeAreaProviderManager.dia -c /Users/karelbraborec/rev-meter/node_modules/react-native-safe-area-context/ios/RNCSafeAreaProviderManager.m -o /Users/karelbraborec/Library/Developer/Xcode/DerivedData/revmeter-hbcnswmlqmbpnlazhhkncgeowiss/Build/Intermediates.noindex/Pods.build/Debug-iphonesimulator/react-native-safe-area-context.build/Objects-normal/arm64/RNCSafeAreaProviderManager.o -index-unit-output-path /Pods.build/Debug-iphonesimulator/react-native-safe-area-context.build/Objects-normal/arm64/RNCSafeAreaProviderManager.o

ScanDependencies /Users/karelbraborec/Library/Developer/Xcode/DerivedData/revmeter-hbcnswmlqmbpnlazhhkncgeowiss/Build/Intermediates.noindex/Pods.build/Debug-iphonesimulator/react-native-safe-area-context.build/Objects-normal/arm64/RNCSafeAreaProvider.o /Users/karelbraborec/rev-meter/node_modules/react-native-safe-area-context/ios/RNCSafeAreaProvider.m normal arm64 objective-c com.apple.compilers.llvm.clang.1_0.compiler (in target 'react-native-safe-area-context' from project 'Pods')
    cd /Users/karelbraborec/rev-meter/ios/Pods
    
    Using response file: /Users/karelbraborec/Library/Developer/Xcode/DerivedData/revmeter-hbcnswmlqmbpnlazhhkncgeowiss/Build/Intermediates.noindex/Pods.build/Debug-iphonesimulator/react-native-safe-area-context.build/Objects-normal/arm64/e6072d4f65d7061329687fe24e3d63a7-common-args.resp
    
    builtin-ScanDependencies -o /Users/karelbraborec/Library/Developer/Xcode/DerivedData/revmeter-hbcnswmlqmbpnlazhhkncgeowiss/Build/Intermediates.noindex/Pods.build/Debug-iphonesimulator/react-native-safe-area-context.build/Objects-normal/arm64/RNCSafeAreaProvider.o.scan -- /Applications/Xcode.app/Contents/Developer/Toolchains/XcodeDefault.xctoolchain/usr/bin/clang -x objective-c -ivfsstatcache /Users/karelbraborec/Library/Developer/Xcode/DerivedData/SDKStatCaches.noindex/iphonesimulator26.5-23F81a-6cfe768891a92b912361537c460fe42b.sdkstatcache -target arm64-apple-ios15.1-simulator -fmessage-length\=0 -fdiagnostics-show-note-include-stack -fmacro-backtrace-limit\=0 -fno-color-diagnostics -fmodules-prune-interval\=86400 -fmodules-prune-after\=345600 -fbuild-session-file\=/Users/karelbraborec/Library/Developer/Xcode/DerivedData/ModuleCache.noindex/Session.modulevalidation -fmodules-validate-once-per-build-session -Wnon-modular-include-in-framework-module -Werror\=non-modular-include-in-framework-module -Wno-trigraphs -Wno-missing-field-initializers -Wno-missing-prototypes -Werror\=return-type -Wdocumentation -Wunreachable-code -Wno-implicit-atomic-properties -Werror\=deprecated-objc-isa-usage -Wno-objc-interface-ivars -Werror\=objc-root-class -Wno-arc-repeated-use-of-weak -Wimplicit-retain-self -Wduplicate-method-match -Wno-missing-braces -Wparentheses -Wswitch -Wunused-function -Wno-unused-label -Wno-unused-parameter -Wunused-variable -Wunused-value -Wempty-body -Wuninitialized -Wconditional-uninitialized -Wno-unknown-pragmas -Wno-shadow -Wno-four-char-constants -Wno-conversion -Wconstant-conversion -Wint-conversion -Wbool-conversion -Wenum-conversion -Wno-float-conversion -Wnon-literal-null-conversion -Wobjc-literal-conversion -Wshorten-64-to-32 -Wpointer-sign -Wno-newline-eof -Wno-selector -Wno-strict-selector-match -Wundeclared-selector -Wdeprecated-implementations -Wno-implicit-fallthrough -isysroot /Applications/Xcode.app/Contents/Developer/Platforms/iPhoneSimulator.platform/Developer/SDKs/iPhoneSimulator26.5.sdk -fstrict-aliasing -Wprotocol -Wdeprecated-declarations -Wno-sign-conversion -Winfinite-recursion -Wcomma -Wblock-capture-autoreleasing -Wstrict-prototypes -Wno-semicolon-before-method-body -Wunguarded-availability -index-store-path /Users/karelbraborec/Library/Developer/Xcode/DerivedData/revmeter-hbcnswmlqmbpnlazhhkncgeowiss/Index.noindex/DataStore @/Users/karelbraborec/Library/Developer/Xcode/DerivedData/revmeter-hbcnswmlqmbpnlazhhkncgeowiss/Build/Intermediates.noindex/Pods.build/Debug-iphonesimulator/react-native-safe-area-context.build/Objects-normal/arm64/e6072d4f65d7061329687fe24e3d63a7-common-args.resp -DRCT_NEW_ARCH_ENABLED\=1 -include /Users/karelbraborec/rev-meter/ios/Pods/Target\ Support\ Files/react-native-safe-area-context/react-native-safe-area-context-prefix.pch -MMD -MT dependencies -MF /Users/karelbraborec/Library/Developer/Xcode/DerivedData/revmeter-hbcnswmlqmbpnlazhhkncgeowiss/Build/Intermediates.noindex/Pods.build/Debug-iphonesimulator/react-native-safe-area-context.build/Objects-normal/arm64/RNCSafeAreaProvider.d --serialize-diagnostics /Users/karelbraborec/Library/Developer/Xcode/DerivedData/revmeter-hbcnswmlqmbpnlazhhkncgeowiss/Build/Intermediates.noindex/Pods.build/Debug-iphonesimulator/react-native-safe-area-context.build/Objects-normal/arm64/RNCSafeAreaProvider.dia -c /Users/karelbraborec/rev-meter/node_modules/react-native-safe-area-context/ios/RNCSafeAreaProvider.m -o /Users/karelbraborec/Library/Developer/Xcode/DerivedData/revmeter-hbcnswmlqmbpnlazhhkncgeowiss/Build/Intermediates.noindex/Pods.build/Debug-iphonesimulator/react-native-safe-area-context.build/Objects-normal/arm64/RNCSafeAreaProvider.o -index-unit-output-path /Pods.build/Debug-iphonesimulator/react-native-safe-area-context.build/Objects-normal/arm64/RNCSafeAreaProvider.o

ScanDependencies /Users/karelbraborec/Library/Developer/Xcode/DerivedData/revmeter-hbcnswmlqmbpnlazhhkncgeowiss/Build/Intermediates.noindex/Pods.build/Debug-iphonesimulator/react-native-safe-area-context.build/Objects-normal/arm64/RNCOnInsetsChangeEvent.o /Users/karelbraborec/rev-meter/node_modules/react-native-safe-area-context/ios/RNCOnInsetsChangeEvent.m normal arm64 objective-c com.apple.compilers.llvm.clang.1_0.compiler (in target 'react-native-safe-area-context' from project 'Pods')
    cd /Users/karelbraborec/rev-meter/ios/Pods
    
    Using response file: /Users/karelbraborec/Library/Developer/Xcode/DerivedData/revmeter-hbcnswmlqmbpnlazhhkncgeowiss/Build/Intermediates.noindex/Pods.build/Debug-iphonesimulator/react-native-safe-area-context.build/Objects-normal/arm64/e6072d4f65d7061329687fe24e3d63a7-common-args.resp
    
    builtin-ScanDependencies -o /Users/karelbraborec/Library/Developer/Xcode/DerivedData/revmeter-hbcnswmlqmbpnlazhhkncgeowiss/Build/Intermediates.noindex/Pods.build/Debug-iphonesimulator/react-native-safe-area-context.build/Objects-normal/arm64/RNCOnInsetsChangeEvent.o.scan -- /Applications/Xcode.app/Contents/Developer/Toolchains/XcodeDefault.xctoolchain/usr/bin/clang -x objective-c -ivfsstatcache /Users/karelbraborec/Library/Developer/Xcode/DerivedData/SDKStatCaches.noindex/iphonesimulator26.5-23F81a-6cfe768891a92b912361537c460fe42b.sdkstatcache -target arm64-apple-ios15.1-simulator -fmessage-length\=0 -fdiagnostics-show-note-include-stack -fmacro-backtrace-limit\=0 -fno-color-diagnostics -fmodules-prune-interval\=86400 -fmodules-prune-after\=345600 -fbuild-session-file\=/Users/karelbraborec/Library/Developer/Xcode/DerivedData/ModuleCache.noindex/Session.modulevalidation -fmodules-validate-once-per-build-session -Wnon-modular-include-in-framework-module -Werror\=non-modular-include-in-framework-module -Wno-trigraphs -Wno-missing-field-initializers -Wno-missing-prototypes -Werror\=return-type -Wdocumentation -Wunreachable-code -Wno-implicit-atomic-properties -Werror\=deprecated-objc-isa-usage -Wno-objc-interface-ivars -Werror\=objc-root-class -Wno-arc-repeated-use-of-weak -Wimplicit-retain-self -Wduplicate-method-match -Wno-missing-braces -Wparentheses -Wswitch -Wunused-function -Wno-unused-label -Wno-unused-parameter -Wunused-variable -Wunused-value -Wempty-body -Wuninitialized -Wconditional-uninitialized -Wno-unknown-pragmas -Wno-shadow -Wno-four-char-constants -Wno-conversion -Wconstant-conversion -Wint-conversion -Wbool-conversion -Wenum-conversion -Wno-float-conversion -Wnon-literal-null-conversion -Wobjc-literal-conversion -Wshorten-64-to-32 -Wpointer-sign -Wno-newline-eof -Wno-selector -Wno-strict-selector-match -Wundeclared-selector -Wdeprecated-implementations -Wno-implicit-fallthrough -isysroot /Applications/Xcode.app/Contents/Developer/Platforms/iPhoneSimulator.platform/Developer/SDKs/iPhoneSimulator26.5.sdk -fstrict-aliasing -Wprotocol -Wdeprecated-declarations -Wno-sign-conversion -Winfinite-recursion -Wcomma -Wblock-capture-autoreleasing -Wstrict-prototypes -Wno-semicolon-before-method-body -Wunguarded-availability -index-store-path /Users/karelbraborec/Library/Developer/Xcode/DerivedData/revmeter-hbcnswmlqmbpnlazhhkncgeowiss/Index.noindex/DataStore @/Users/karelbraborec/Library/Developer/Xcode/DerivedData/revmeter-hbcnswmlqmbpnlazhhkncgeowiss/Build/Intermediates.noindex/Pods.build/Debug-iphonesimulator/react-native-safe-area-context.build/Objects-normal/arm64/e6072d4f65d7061329687fe24e3d63a7-common-args.resp -DRCT_NEW_ARCH_ENABLED\=1 -include /Users/karelbraborec/rev-meter/ios/Pods/Target\ Support\ Files/react-native-safe-area-context/react-native-safe-area-context-prefix.pch -MMD -MT dependencies -MF /Users/karelbraborec/Library/Developer/Xcode/DerivedData/revmeter-hbcnswmlqmbpnlazhhkncgeowiss/Build/Intermediates.noindex/Pods.build/Debug-iphonesimulator/react-native-safe-area-context.build/Objects-normal/arm64/RNCOnInsetsChangeEvent.d --serialize-diagnostics /Users/karelbraborec/Library/Developer/Xcode/DerivedData/revmeter-hbcnswmlqmbpnlazhhkncgeowiss/Build/Intermediates.noindex/Pods.build/Debug-iphonesimulator/react-native-safe-area-context.build/Objects-normal/arm64/RNCOnInsetsChangeEvent.dia -c /Users/karelbraborec/rev-meter/node_modules/react-native-safe-area-context/ios/RNCOnInsetsChangeEvent.m -o /Users/karelbraborec/Library/Developer/Xcode/DerivedData/revmeter-hbcnswmlqmbpnlazhhkncgeowiss/Build/Intermediates.noindex/Pods.build/Debug-iphonesimulator/react-native-safe-area-context.build/Objects-normal/arm64/RNCOnInsetsChangeEvent.o -index-unit-output-path /Pods.build/Debug-iphonesimulator/react-native-safe-area-context.build/Objects-normal/arm64/RNCOnInsetsChangeEvent.o

PhaseScriptExecution Copy\ generated\ compatibility\ header /Users/karelbraborec/Library/Developer/Xcode/DerivedData/revmeter-hbcnswmlqmbpnlazhhkncgeowiss/Build/Intermediates.noindex/Pods.build/Debug-iphonesimulator/ExpoLogBox.build/Script-46EB2E00017C50.sh (in target 'ExpoLogBox' from project 'Pods')
    cd /Users/karelbraborec/rev-meter/ios/Pods
    export ACTION\=build
    export AD_HOC_CODE_SIGNING_ALLOWED\=YES
    export ALLOW_BUILD_REQUEST_OVERRIDES\=NO
    export ALLOW_TARGET_PLATFORM_SPECIALIZATION\=NO
    export ALTERNATE_GROUP\=staff
    export ALTERNATE_MODE\=u+w,go-w,a+rX
    export ALTERNATE_OWNER\=karelbraborec
    export ALTERNATIVE_DISTRIBUTION_WEB\=NO
    export ALWAYS_EMBED_SWIFT_STANDARD_LIBRARIES\=NO
    export ALWAYS_SEARCH_USER_PATHS\=NO
    export ALWAYS_USE_SEPARATE_HEADERMAPS\=NO
    export APPLICATION_EXTENSION_API_ONLY\=NO
    export APPLY_RULES_IN_COPY_FILES\=NO
    export APPLY_RULES_IN_COPY_HEADERS\=NO
    export APP_SHORTCUTS_ENABLE_FLEXIBLE_MATCHING\=YES
    export ARCHS\=arm64\ x86_64
    export ARCHS_BASE\=arm64\ x86_64
    export ARCHS_STANDARD\=arm64\ x86_64
    export ARCHS_STANDARD_32_64_BIT\=arm64\ x86_64
    export ARCHS_STANDARD_64_BIT\=arm64\ x86_64
    export ARCHS_STANDARD_INCLUDING_64_BIT\=arm64\ x86_64
    export ARCHS_UNIVERSAL_IPHONE_OS\=arm64\ x86_64
    export AUTOMATICALLY_MERGE_DEPENDENCIES\=NO
    export AUTOMATION_APPLE_EVENTS\=NO
    export AVAILABLE_PLATFORMS\=android\ appletvos\ appletvsimulator\ driverkit\ freebsd\ iphoneos\ iphonesimulator\ linux\ macosx\ none\ openbsd\ qnx\ watchos\ watchsimulator\ webassembly\ xros\ xrsimulator
    export BUILD_ACTIVE_RESOURCES_ONLY\=NO
    export BUILD_COMPONENTS\=headers\ build
    export BUILD_DIR\=/Users/karelbraborec/Library/Developer/Xcode/DerivedData/revmeter-hbcnswmlqmbpnlazhhkncgeowiss/Build/Products
    export BUILD_LIBRARY_FOR_DISTRIBUTION\=NO
    export BUILD_ONLY_KNOWN_LOCALIZATIONS\=NO
    export BUILD_ROOT\=/Users/karelbraborec/Library/Developer/Xcode/DerivedData/revmeter-hbcnswmlqmbpnlazhhkncgeowiss/Build/Products
    export BUILD_STYLE\=
    export BUILD_VARIANTS\=normal
    export BUILT_PRODUCTS_DIR\=/Users/karelbraborec/Library/Developer/Xcode/DerivedData/revmeter-hbcnswmlqmbpnlazhhkncgeowiss/Build/Products/Debug-iphonesimulator/ExpoLogBox
    export BUNDLE_CONTENTS_FOLDER_PATH_deep\=Contents/
    export BUNDLE_EXECUTABLE_FOLDER_NAME_deep\=MacOS
    export BUNDLE_EXTENSIONS_FOLDER_PATH\=Extensions
    export BUNDLE_FORMAT\=shallow
    export BUNDLE_FRAMEWORKS_FOLDER_PATH\=Frameworks
    export BUNDLE_PLUGINS_FOLDER_PATH\=PlugIns
    export BUNDLE_PRIVATE_HEADERS_FOLDER_PATH\=PrivateHeaders
    export BUNDLE_PUBLIC_HEADERS_FOLDER_PATH\=Headers
    export CACHE_ROOT\=/var/folders/zn/6f_ddjd136v_cf62f8s84b0m0000gn/C/com.apple.DeveloperTools/26.6-17F113/Xcode
    export CCHROOT\=/var/folders/zn/6f_ddjd136v_cf62f8s84b0m0000gn/C/com.apple.DeveloperTools/26.6-17F113/Xcode
    export CHMOD\=/bin/chmod
    export CHOWN\=chown
    export CLANG_ANALYZER_LOCALIZABILITY_NONLOCALIZED\=YES
    export CLANG_ANALYZER_NONNULL\=YES
    export CLANG_ANALYZER_NUMBER_OBJECT_CONVERSION\=YES_AGGRESSIVE
    export CLANG_CACHE_FINE_GRAINED_OUTPUTS\=YES
    export CLANG_CXX_LANGUAGE_STANDARD\=c++20
    export CLANG_CXX_LIBRARY\=libc++
    export CLANG_ENABLE_EXPLICIT_MODULES\=YES
    export CLANG_ENABLE_MODULES\=YES
    export CLANG_ENABLE_MODULE_DEBUGGING\=NO
    export CLANG_ENABLE_OBJC_ARC\=YES
    export CLANG_ENABLE_OBJC_WEAK\=NO
    export CLANG_MODULES_BUILD_SESSION_FILE\=/Users/karelbraborec/Library/Developer/Xcode/DerivedData/ModuleCache.noindex/Session.modulevalidation
    export CLANG_WARN_BLOCK_CAPTURE_AUTORELEASING\=YES
    export CLANG_WARN_BOOL_CONVERSION\=YES
    export CLANG_WARN_COMMA\=YES
    export CLANG_WARN_CONSTANT_CONVERSION\=YES
    export CLANG_WARN_DEPRECATED_OBJC_IMPLEMENTATIONS\=YES
    export CLANG_WARN_DIRECT_OBJC_ISA_USAGE\=YES_ERROR
    export CLANG_WARN_DOCUMENTATION_COMMENTS\=YES
    export CLANG_WARN_EMPTY_BODY\=YES
    export CLANG_WARN_ENUM_CONVERSION\=YES
    export CLANG_WARN_INFINITE_RECURSION\=YES
    export CLANG_WARN_INT_CONVERSION\=YES
    export CLANG_WARN_NON_LITERAL_NULL_CONVERSION\=YES
    export CLANG_WARN_OBJC_IMPLICIT_RETAIN_SELF\=YES
    export CLANG_WARN_OBJC_LITERAL_CONVERSION\=YES
    export CLANG_WARN_OBJC_ROOT_CLASS\=YES_ERROR
    export CLANG_WARN_QUOTED_INCLUDE_IN_FRAMEWORK_HEADER\=NO
    export CLANG_WARN_RANGE_LOOP_ANALYSIS\=YES
    export CLANG_WARN_STRICT_PROTOTYPES\=YES
    export CLANG_WARN_SUSPICIOUS_MOVE\=YES
    export CLANG_WARN_UNGUARDED_AVAILABILITY\=YES_AGGRESSIVE
    export CLANG_WARN_UNREACHABLE_CODE\=YES
    export CLANG_WARN__DUPLICATE_METHOD_MATCH\=YES
    export CLASS_FILE_DIR\=/Users/karelbraborec/Library/Developer/Xcode/DerivedData/revmeter-hbcnswmlqmbpnlazhhkncgeowiss/Build/Intermediates.noindex/Pods.build/Debug-iphonesimulator/ExpoLogBox.build/JavaClasses
    export CLEAN_PRECOMPS\=YES
    export CLONE_HEADERS\=NO
    export CODESIGNING_FOLDER_PATH\=/Users/karelbraborec/Library/Developer/Xcode/DerivedData/revmeter-hbcnswmlqmbpnlazhhkncgeowiss/Build/Products/Debug-iphonesimulator/ExpoLogBox/libExpoLogBox.a
    export CODE_SIGNING_ALLOWED\=NO
    export CODE_SIGNING_REQUIRED\=YES
    export CODE_SIGN_CONTEXT_CLASS\=XCiPhoneSimulatorCodeSignContext
    export CODE_SIGN_IDENTITY\=-
    export CODE_SIGN_INJECT_BASE_ENTITLEMENTS\=YES
    export COLOR_DIAGNOSTICS\=NO
    export COMBINE_HIDPI_IMAGES\=NO
    export COMPILATION_CACHE_CAS_PATH\=/Users/karelbraborec/Library/Developer/Xcode/DerivedData/CompilationCache.noindex
    export COMPILATION_CACHE_KEEP_CAS_DIRECTORY\=YES
    export COMPILER_INDEX_STORE_ENABLE\=Default
    export COMPOSITE_SDK_DIRS\=/Users/karelbraborec/Library/Developer/Xcode/DerivedData/revmeter-hbcnswmlqmbpnlazhhkncgeowiss/Build/Intermediates.noindex/CompositeSDKs
    export COMPRESS_PNG_FILES\=YES
    export CONFIGURATION\=Debug
    export CONFIGURATION_BUILD_DIR\=/Users/karelbraborec/Library/Developer/Xcode/DerivedData/revmeter-hbcnswmlqmbpnlazhhkncgeowiss/Build/Products/Debug-iphonesimulator/ExpoLogBox
    export CONFIGURATION_TEMP_DIR\=/Users/karelbraborec/Library/Developer/Xcode/DerivedData/revmeter-hbcnswmlqmbpnlazhhkncgeowiss/Build/Intermediates.noindex/Pods.build/Debug-iphonesimulator
    export COPYING_PRESERVES_HFS_DATA\=NO
    export COPY_HEADERS_RUN_UNIFDEF\=NO
    export COPY_PHASE_STRIP\=NO
    export CORRESPONDING_DEVICE_PLATFORM_DIR\=/Applications/Xcode.app/Contents/Developer/Platforms/iPhoneOS.platform
    export CORRESPONDING_DEVICE_PLATFORM_NAME\=iphoneos
    export CORRESPONDING_DEVICE_SDK_DIR\=/Applications/Xcode.app/Contents/Developer/Platforms/iPhoneOS.platform/Developer/SDKs/iPhoneOS26.5.sdk
    export CORRESPONDING_DEVICE_SDK_NAME\=iphoneos26.5
    export CP\=/bin/cp
    export CREATE_INFOPLIST_SECTION_IN_BINARY\=NO
    export CURRENT_ARCH\=undefined_arch
    export CURRENT_VARIANT\=normal
    export DEAD_CODE_STRIPPING\=YES
    export DEBUGGING_SYMBOLS\=YES
    export DEBUG_INFORMATION_FORMAT\=dwarf
    export DEBUG_INFORMATION_VERSION\=compiler-default
    export DEFAULT_COMPILER\=com.apple.compilers.llvm.clang.1_0
    export DEFAULT_DEXT_INSTALL_PATH\=/System/Library/DriverExtensions
    export DEFAULT_KEXT_INSTALL_PATH\=/System/Library/Extensions
    export DEFINES_MODULE\=NO
    export DEPLOYMENT_LOCATION\=NO
    export DEPLOYMENT_POSTPROCESSING\=NO
    export DEPLOYMENT_TARGET_SETTING_NAME\=IPHONEOS_DEPLOYMENT_TARGET
    export DEPLOYMENT_TARGET_SUGGESTED_VALUES\=12.0\ 12.1\ 12.2\ 12.3\ 12.4\ 13.0\ 13.1\ 13.2\ 13.3\ 13.4\ 13.5\ 13.6\ 14.0\ 14.1\ 14.2\ 14.3\ 14.4\ 14.5\ 14.6\ 14.7\ 15.0\ 15.1\ 15.2\ 15.3\ 15.4\ 15.5\ 15.6\ 16.0\ 16.1\ 16.2\ 16.3\ 16.4\ 16.5\ 16.6\ 17.0\ 17.1\ 17.2\ 17.3\ 17.4\ 17.5\ 17.6\ 18.0\ 18.1\ 18.2\ 18.3\ 18.4\ 18.5\ 18.6\ 26.0\ 26.2\ 26.3\ 26.4\ 26.5
    export DERIVED_FILES_DIR\=/Users/karelbraborec/Library/Developer/Xcode/DerivedData/revmeter-hbcnswmlqmbpnlazhhkncgeowiss/Build/Intermediates.noindex/Pods.build/Debug-iphonesimulator/ExpoLogBox.build/DerivedSources
    export DERIVED_FILE_DIR\=/Users/karelbraborec/Library/Developer/Xcode/DerivedData/revmeter-hbcnswmlqmbpnlazhhkncgeowiss/Build/Intermediates.noindex/Pods.build/Debug-iphonesimulator/ExpoLogBox.build/DerivedSources
    export DERIVED_SOURCES_DIR\=/Users/karelbraborec/Library/Developer/Xcode/DerivedData/revmeter-hbcnswmlqmbpnlazhhkncgeowiss/Build/Intermediates.noindex/Pods.build/Debug-iphonesimulator/ExpoLogBox.build/DerivedSources
    export DEVELOPER_APPLICATIONS_DIR\=/Applications/Xcode.app/Contents/Developer/Applications
    export DEVELOPER_BIN_DIR\=/Applications/Xcode.app/Contents/Developer/usr/bin
    export DEVELOPER_DIR\=/Applications/Xcode.app/Contents/Developer
    export DEVELOPER_FRAMEWORKS_DIR\=/Applications/Xcode.app/Contents/Developer/Library/Frameworks
    export DEVELOPER_FRAMEWORKS_DIR_QUOTED\=/Applications/Xcode.app/Contents/Developer/Library/Frameworks
    export DEVELOPER_LIBRARY_DIR\=/Applications/Xcode.app/Contents/Developer/Library
    export DEVELOPER_SDK_DIR\=/Applications/Xcode.app/Contents/Developer/Platforms/MacOSX.platform/Developer/SDKs
    export DEVELOPER_TOOLS_DIR\=/Applications/Xcode.app/Contents/Developer/Tools
    export DEVELOPER_USR_DIR\=/Applications/Xcode.app/Contents/Developer/usr
    export DEVELOPMENT_LANGUAGE\=en
    export DIAGNOSE_MISSING_TARGET_DEPENDENCIES\=YES
    export DIFF\=/usr/bin/diff
    export DONT_GENERATE_INFOPLIST_FILE\=NO
    export DSTROOT\=/tmp/Pods.dst
    export DT_TOOLCHAIN_DIR\=/Applications/Xcode.app/Contents/Developer/Toolchains/XcodeDefault.xctoolchain
    export DUMP_DEPENDENCIES\=NO
    export DUMP_DEPENDENCIES_OUTPUT_PATH\=/Users/karelbraborec/Library/Developer/Xcode/DerivedData/revmeter-hbcnswmlqmbpnlazhhkncgeowiss/Build/Intermediates.noindex/Pods.build/Debug-iphonesimulator/ExpoLogBox.build/ExpoLogBox-BuildDependencyInfo.json
    export DWARF_DSYM_FILE_NAME\=libExpoLogBox.a.dSYM
    export DWARF_DSYM_FILE_SHOULD_ACCOMPANY_PRODUCT\=NO
    export DWARF_DSYM_FOLDER_PATH\=/Users/karelbraborec/Library/Developer/Xcode/DerivedData/revmeter-hbcnswmlqmbpnlazhhkncgeowiss/Build/Products/Debug-iphonesimulator/ExpoLogBox
    export DYNAMIC_LIBRARY_EXTENSION\=dylib
    export EAGER_COMPILATION_ALLOW_SCRIPTS\=NO
    export EAGER_LINKING\=NO
    export EFFECTIVE_PLATFORM_NAME\=-iphonesimulator
    export EFFECTIVE_SWIFT_VERSION\=5
    export EMBEDDED_CONTENT_CONTAINS_SWIFT\=NO
    export EMBED_ASSET_PACKS_IN_PRODUCT_BUNDLE\=NO
    export ENABLE_APP_SANDBOX\=NO
    export ENABLE_CODE_COVERAGE\=YES
    export ENABLE_COHORT_ARCHS\=NO
    export ENABLE_CPLUSPLUS_BOUNDS_SAFE_BUFFERS\=NO
    export ENABLE_C_BOUNDS_SAFETY\=NO
    export ENABLE_DEFAULT_HEADER_SEARCH_PATHS\=YES
    export ENABLE_DEFAULT_SEARCH_PATHS\=YES
    export ENABLE_ENHANCED_SECURITY\=NO
    export ENABLE_HARDENED_RUNTIME\=NO
    export ENABLE_HEADER_DEPENDENCIES\=YES
    export ENABLE_INCOMING_NETWORK_CONNECTIONS\=NO
    export ENABLE_MODULE_VERIFIER\=NO
    export ENABLE_ON_DEMAND_RESOURCES\=NO
    export ENABLE_OUTGOING_NETWORK_CONNECTIONS\=NO
    export ENABLE_POINTER_AUTHENTICATION\=NO
    export ENABLE_PREVIEWS\=NO
    export ENABLE_RESOURCE_ACCESS_AUDIO_INPUT\=NO
    export ENABLE_RESOURCE_ACCESS_BLUETOOTH\=NO
    export ENABLE_RESOURCE_ACCESS_CALENDARS\=NO
    export ENABLE_RESOURCE_ACCESS_CAMERA\=NO
    export ENABLE_RESOURCE_ACCESS_CONTACTS\=NO
    export ENABLE_RESOURCE_ACCESS_LOCATION\=NO
    export ENABLE_RESOURCE_ACCESS_PHOTO_LIBRARY\=NO
    export ENABLE_RESOURCE_ACCESS_PRINTING\=NO
    export ENABLE_RESOURCE_ACCESS_USB\=NO
    export ENABLE_SDK_IMPORTS\=NO
    export ENABLE_SECURITY_COMPILER_WARNINGS\=NO
    export ENABLE_STRICT_OBJC_MSGSEND\=YES
    export ENABLE_TESTABILITY\=YES
    export ENABLE_TESTING_SEARCH_PATHS\=NO
    export ENABLE_USER_SCRIPT_SANDBOXING\=NO
    export ENABLE_XOJIT_PREVIEWS\=YES
    export ENFORCE_VALID_ARCHS\=YES
    export ENTITLEMENTS_DESTINATION\=__entitlements
    export ENTITLEMENTS_REQUIRED\=YES
    export EXCLUDED_INSTALLSRC_SUBDIRECTORY_PATTERNS\=.DS_Store\ .svn\ .git\ .hg\ CVS
    export EXCLUDED_RECURSIVE_SEARCH_PATH_SUBDIRECTORIES\=\*.nib\ \*.lproj\ \*.framework\ \*.gch\ \*.xcode\*\ \*.xcassets\ \*.icon\ \(\*\)\ .DS_Store\ CVS\ .svn\ .git\ .hg\ \*.pbproj\ \*.pbxproj
    export EXECUTABLE_EXTENSION\=a
    export EXECUTABLE_NAME\=libExpoLogBox.a
    export EXECUTABLE_PATH\=libExpoLogBox.a
    export EXECUTABLE_PREFIX\=lib
    export EXECUTABLE_SUFFIX\=.a
    export FILE_LIST\=/Users/karelbraborec/Library/Developer/Xcode/DerivedData/revmeter-hbcnswmlqmbpnlazhhkncgeowiss/Build/Intermediates.noindex/Pods.build/Debug-iphonesimulator/ExpoLogBox.build/Objects/LinkFileList
    export FIXED_FILES_DIR\=/Users/karelbraborec/Library/Developer/Xcode/DerivedData/revmeter-hbcnswmlqmbpnlazhhkncgeowiss/Build/Intermediates.noindex/Pods.build/Debug-iphonesimulator/ExpoLogBox.build/FixedFiles
    export FRAMEWORK_FLAG_PREFIX\=-framework
    export FRAMEWORK_SEARCH_PATHS\=/Users/karelbraborec/Library/Developer/Xcode/DerivedData/revmeter-hbcnswmlqmbpnlazhhkncgeowiss/Build/Products/Debug-iphonesimulator/ExpoLogBox\ \ \"/Users/karelbraborec/rev-meter/ios/Pods/React-Core-prebuilt\"\ \"/Users/karelbraborec/rev-meter/ios/Pods/ReactNativeDependencies/framework/packages/react-native\"\ \"/Users/karelbraborec/rev-meter/ios/Pods/hermes-engine/destroot/Library/Frameworks/universal\"\ \"/Users/karelbraborec/Library/Developer/Xcode/DerivedData/revmeter-hbcnswmlqmbpnlazhhkncgeowiss/Build/Products/Debug-iphonesimulator/XCFrameworkIntermediates/React-Core-prebuilt\"\ \"/Users/karelbraborec/Library/Developer/Xcode/DerivedData/revmeter-hbcnswmlqmbpnlazhhkncgeowiss/Build/Products/Debug-iphonesimulator/XCFrameworkIntermediates/ReactNativeDependencies\"\ \"/Users/karelbraborec/Library/Developer/Xcode/DerivedData/revmeter-hbcnswmlqmbpnlazhhkncgeowiss/Build/Products/Debug-iphonesimulator/XCFrameworkIntermediates/hermes-engine/Pre-built\"
    export FRAMEWORK_VERSION\=A
    export FULL_PRODUCT_NAME\=libExpoLogBox.a
    export FUSE_BUILD_PHASES\=YES
    export FUSE_BUILD_SCRIPT_PHASES\=NO
    export GCC3_VERSION\=3.3
    export GCC_C_LANGUAGE_STANDARD\=gnu11
    export GCC_DYNAMIC_NO_PIC\=NO
    export GCC_NO_COMMON_BLOCKS\=YES
    export GCC_OBJC_LEGACY_DISPATCH\=YES
    export GCC_OPTIMIZATION_LEVEL\=0
    export GCC_PFE_FILE_C_DIALECTS\=c\ objective-c\ c++\ objective-c++
    export GCC_PREFIX_HEADER\=Target\ Support\ Files/ExpoLogBox/ExpoLogBox-prefix.pch
    export GCC_PREPROCESSOR_DEFINITIONS\=POD_CONFIGURATION_DEBUG\=1\ DEBUG\=1\ \ COCOAPODS\=1
    export GCC_TREAT_WARNINGS_AS_ERRORS\=NO
    export GCC_VERSION\=com.apple.compilers.llvm.clang.1_0
    export GCC_VERSION_IDENTIFIER\=com_apple_compilers_llvm_clang_1_0
    export GCC_WARN_64_TO_32_BIT_CONVERSION\=YES
    export GCC_WARN_ABOUT_RETURN_TYPE\=YES_ERROR
    export GCC_WARN_UNDECLARED_SELECTOR\=YES
    export GCC_WARN_UNINITIALIZED_AUTOS\=YES_AGGRESSIVE
    export GCC_WARN_UNUSED_FUNCTION\=YES
    export GCC_WARN_UNUSED_VARIABLE\=YES
    export GENERATED_MODULEMAP_DIR\=/Users/karelbraborec/Library/Developer/Xcode/DerivedData/revmeter-hbcnswmlqmbpnlazhhkncgeowiss/Build/Intermediates.noindex/GeneratedModuleMaps-iphonesimulator
    export GENERATE_INFOPLIST_FILE\=NO
    export GENERATE_INTERMEDIATE_TEXT_BASED_STUBS\=YES
    export GENERATE_PKGINFO_FILE\=NO
    export GENERATE_PRELINK_OBJECT_FILE\=NO
    export GENERATE_PROFILING_CODE\=NO
    export GENERATE_TEXT_BASED_STUBS\=NO
    export GID\=20
    export GROUP\=staff
    export HEADERMAP_INCLUDES_FLAT_ENTRIES_FOR_TARGET_BEING_BUILT\=YES
    export HEADERMAP_INCLUDES_FRAMEWORK_ENTRIES_FOR_ALL_PRODUCT_TYPES\=YES
    export HEADERMAP_INCLUDES_FRAMEWORK_ENTRIES_FOR_TARGETS_NOT_BEING_BUILT\=YES
    export HEADERMAP_INCLUDES_NONPUBLIC_NONPRIVATE_HEADERS\=YES
    export HEADERMAP_INCLUDES_PROJECT_HEADERS\=YES
    export HEADERMAP_USES_FRAMEWORK_PREFIX_ENTRIES\=YES
    export HEADERMAP_USES_VFS\=NO
    export HEADER_SEARCH_PATHS\=/Users/karelbraborec/Library/Developer/Xcode/DerivedData/revmeter-hbcnswmlqmbpnlazhhkncgeowiss/Build/Products/Debug-iphonesimulator/ExpoLogBox/include\ \ \"/Users/karelbraborec/rev-meter/ios/Pods/Headers/Public\"\ \"/Users/karelbraborec/rev-meter/ios/Pods/Headers/Public/React-Core\"\ \"/Users/karelbraborec/rev-meter/ios/Pods/Headers/Public/React-Core-prebuilt\"\ \"/Users/karelbraborec/rev-meter/ios/Pods/Headers/Public/React-callinvoker\"\ \"/Users/karelbraborec/rev-meter/ios/Pods/Headers/Public/React-cxxreact\"\ \"/Users/karelbraborec/rev-meter/ios/Pods/Headers/Public/React-debug\"\ \"/Users/karelbraborec/rev-meter/ios/Pods/Headers/Public/React-featureflags\"\ \"/Users/karelbraborec/rev-meter/ios/Pods/Headers/Public/React-hermes\"\ \"/Users/karelbraborec/rev-meter/ios/Pods/Headers/Public/React-jserrorhandler\"\ \"/Users/karelbraborec/rev-meter/ios/Pods/Headers/Public/React-jsi\"\ \"/Users/karelbraborec/rev-meter/ios/Pods/Headers/Public/React-jsiexecutor\"\ \"/Users/karelbraborec/rev-meter/ios/Pods/Headers/Public/React-jsinspector\"\ \"/Users/karelbraborec/rev-meter/ios/Pods/Headers/Public/React-jsinspectorcdp\"\ \"/Users/karelbraborec/rev-meter/ios/Pods/Headers/Public/React-jsinspectornetwork\"\ \"/Users/karelbraborec/rev-meter/ios/Pods/Headers/Public/React-jsinspectortracing\"\ \"/Users/karelbraborec/rev-meter/ios/Pods/Headers/Public/React-jsitooling\"\ \"/Users/karelbraborec/rev-meter/ios/Pods/Headers/Public/React-logger\"\ \"/Users/karelbraborec/rev-meter/ios/Pods/Headers/Public/React-oscompat\"\ \"/Users/karelbraborec/rev-meter/ios/Pods/Headers/Public/React-perflogger\"\ \"/Users/karelbraborec/rev-meter/ios/Pods/Headers/Public/React-performancetimeline\"\ \"/Users/karelbraborec/rev-meter/ios/Pods/Headers/Public/React-rendererconsistency\"\ \"/Users/karelbraborec/rev-meter/ios/Pods/Headers/Public/React-rendererdebug\"\ \"/Users/karelbraborec/rev-meter/ios/Pods/Headers/Public/React-runtimeexecutor\"\ \"/Users/karelbraborec/rev-meter/ios/Pods/Headers/Public/React-runtimescheduler\"\ \"/Users/karelbraborec/rev-meter/ios/Pods/Headers/Public/React-timing\"\ \"/Users/karelbraborec/rev-meter/ios/Pods/Headers/Public/React-utils\"\ \"/Users/karelbraborec/rev-meter/ios/Pods/Headers/Public/ReactCommon\"\ \"/Users/karelbraborec/rev-meter/ios/Pods/Headers/Public/ReactNativeDependencies\"\ \"/Users/karelbraborec/rev-meter/ios/Pods/Headers/Public/Yoga\"\ \"/Users/karelbraborec/rev-meter/ios/Pods/Headers/Public/hermes-engine\"\ \"/Users/karelbraborec/rev-meter/ios/Pods/ExpoModulesCore/ExpoModulesCore.xcframework/ios-arm64_x86_64-simulator/ExpoModulesCore.framework/Headers\"\ \"/Users/karelbraborec/rev-meter/ios/Pods/ExpoModulesCore/ExpoModulesCore.xcframework/ios-arm64/ExpoModulesCore.framework/Headers\"\ \"/Users/karelbraborec/rev-meter/ios/Pods/ExpoModulesCore/ExpoModulesCore.xcframework/ios-arm64_x86_64-simulator/ExpoModulesCore.framework/Headers\"\ \"/Users/karelbraborec/rev-meter/ios/Pods/ExpoModulesCore/ExpoModulesCore.xcframework/ios-arm64/ExpoModulesCore.framework/Headers\"
    export HOME\=/Users/karelbraborec
    export HOST_ARCH\=arm64
    export HOST_PLATFORM\=macosx
    export ICONV\=/usr/bin/iconv
    export IMPLICIT_DEPENDENCY_DOMAIN\=default
    export INDEX_STORE_COMPRESS\=NO
    export INDEX_STORE_ONLY_PROJECT_FILES\=NO
    export INFOPLIST_ENABLE_CFBUNDLEICONS_MERGE\=YES
    export INFOPLIST_EXPAND_BUILD_SETTINGS\=YES
    export INFOPLIST_OUTPUT_FORMAT\=binary
    export INFOPLIST_PREPROCESS\=NO
    export INLINE_PRIVATE_FRAMEWORKS\=NO
    export INSTALLAPI_IGNORE_SKIP_INSTALL\=YES
    export INSTALLHDRS_COPY_PHASE\=NO
    export INSTALLHDRS_SCRIPT_PHASE\=NO
    export INSTALL_DIR\=/tmp/Pods.dst/usr/local/lib
    export INSTALL_GROUP\=staff
    export INSTALL_MODE_FLAG\=u+w,go-w,a+rX
    export INSTALL_OWNER\=karelbraborec
    export INSTALL_PATH\=/usr/local/lib
    export INSTALL_ROOT\=/tmp/Pods.dst
    export IPHONEOS_DEPLOYMENT_TARGET\=16.4
    export IS_UNOPTIMIZED_BUILD\=YES
    export JAVAC_DEFAULT_FLAGS\=-J-Xms64m\ -J-XX:NewSize\=4M\ -J-Dfile.encoding\=UTF8
    export JAVA_APP_STUB\=/System/Library/Frameworks/JavaVM.framework/Resources/MacOS/JavaApplicationStub
    export JAVA_ARCHIVE_CLASSES\=YES
    export JAVA_ARCHIVE_TYPE\=JAR
    export JAVA_COMPILER\=/usr/bin/javac
    export JAVA_FRAMEWORK_RESOURCES_DIRS\=Resources
    export JAVA_JAR_FLAGS\=cv
    export JAVA_SOURCE_SUBDIR\=.
    export JAVA_USE_DEPENDENCIES\=YES
    export JAVA_ZIP_FLAGS\=-urg
    export JIKES_DEFAULT_FLAGS\=+E\ +OLDCSO
    export KEEP_PRIVATE_EXTERNS\=NO
    export LD_DEPENDENCY_INFO_FILE\=/Users/karelbraborec/Library/Developer/Xcode/DerivedData/revmeter-hbcnswmlqmbpnlazhhkncgeowiss/Build/Intermediates.noindex/Pods.build/Debug-iphonesimulator/ExpoLogBox.build/Objects-normal/undefined_arch/ExpoLogBox_dependency_info.dat
    export LD_EXPORT_SYMBOLS\=YES
    export LD_GENERATE_MAP_FILE\=NO
    export LD_MAP_FILE_PATH\=/Users/karelbraborec/Library/Developer/Xcode/DerivedData/revmeter-hbcnswmlqmbpnlazhhkncgeowiss/Build/Intermediates.noindex/Pods.build/Debug-iphonesimulator/ExpoLogBox.build/ExpoLogBox-LinkMap-normal-undefined_arch.txt
    export LD_NO_PIE\=NO
    export LD_QUOTE_LINKER_ARGUMENTS_FOR_COMPILER_DRIVER\=YES
    export LD_SHARED_CACHE_ELIGIBLE\=Automatic
    export LD_WARN_DUPLICATE_LIBRARIES\=NO
    export LD_WARN_UNUSED_DYLIBS\=NO
    export LEGACY_DEVELOPER_DIR\=/Applications/Xcode.app/Contents/PlugIns/Xcode3Core.ideplugin/Contents/SharedSupport/Developer
    export LEX\=lex
    export LIBRARY_DEXT_INSTALL_PATH\=/Library/DriverExtensions
    export LIBRARY_FLAG_NOSPACE\=YES
    export LIBRARY_FLAG_PREFIX\=-l
    export LIBRARY_KEXT_INSTALL_PATH\=/Library/Extensions
    export LIBRARY_SEARCH_PATHS\=/Users/karelbraborec/Library/Developer/Xcode/DerivedData/revmeter-hbcnswmlqmbpnlazhhkncgeowiss/Build/Products/Debug-iphonesimulator/ExpoLogBox\ 
    export LINKER_DISPLAYS_MANGLED_NAMES\=NO
    export LINK_FILE_LIST_normal_arm64\=/Users/karelbraborec/Library/Developer/Xcode/DerivedData/revmeter-hbcnswmlqmbpnlazhhkncgeowiss/Build/Intermediates.noindex/Pods.build/Debug-iphonesimulator/ExpoLogBox.build/Objects-normal/arm64/ExpoLogBox.LinkFileList
    export LINK_FILE_LIST_normal_x86_64\=/Users/karelbraborec/Library/Developer/Xcode/DerivedData/revmeter-hbcnswmlqmbpnlazhhkncgeowiss/Build/Intermediates.noindex/Pods.build/Debug-iphonesimulator/ExpoLogBox.build/Objects-normal/x86_64/ExpoLogBox.LinkFileList
    export LINK_OBJC_RUNTIME\=YES
    export LINK_WITH_STANDARD_LIBRARIES\=YES
    export LLVM_TARGET_TRIPLE_OS_VERSION\=ios16.4
    export LLVM_TARGET_TRIPLE_SUFFIX\=-simulator
    export LLVM_TARGET_TRIPLE_VENDOR\=apple
    export LM_AUX_CONST_METADATA_LIST_PATH_normal_arm64\=/Users/karelbraborec/Library/Developer/Xcode/DerivedData/revmeter-hbcnswmlqmbpnlazhhkncgeowiss/Build/Intermediates.noindex/Pods.build/Debug-iphonesimulator/ExpoLogBox.build/Objects-normal/arm64/ExpoLogBox.SwiftConstValuesFileList
    export LM_AUX_CONST_METADATA_LIST_PATH_normal_x86_64\=/Users/karelbraborec/Library/Developer/Xcode/DerivedData/revmeter-hbcnswmlqmbpnlazhhkncgeowiss/Build/Intermediates.noindex/Pods.build/Debug-iphonesimulator/ExpoLogBox.build/Objects-normal/x86_64/ExpoLogBox.SwiftConstValuesFileList
    export LOCALIZATION_EXPORT_SUPPORTED\=YES
    export LOCALIZATION_PREFERS_STRING_CATALOGS\=NO
    export LOCALIZED_STRING_CODE_COMMENTS\=NO
    export LOCALIZED_STRING_MACRO_NAMES\=NSLocalizedString\ CFCopyLocalizedString
    export LOCALIZED_STRING_SWIFTUI_SUPPORT\=YES
    export LOCAL_ADMIN_APPS_DIR\=/Applications/Utilities
    export LOCAL_APPS_DIR\=/Applications
    export LOCAL_DEVELOPER_DIR\=/Library/Developer
    export LOCAL_LIBRARY_DIR\=/Library
    export LOCROOT\=/Users/karelbraborec/rev-meter/ios/Pods
    export LOCSYMROOT\=/Users/karelbraborec/rev-meter/ios/Pods
    export MACH_O_TYPE\=staticlib
    export MAC_OS_X_PRODUCT_BUILD_VERSION\=25F84
    export MAC_OS_X_VERSION_ACTUAL\=260502
    export MAC_OS_X_VERSION_MAJOR\=260000
    export MAC_OS_X_VERSION_MINOR\=260500
    export MAKE_MERGEABLE\=NO
    export MERGEABLE_LIBRARY\=NO
    export MERGED_BINARY_TYPE\=none
    export MERGE_LINKED_LIBRARIES\=NO
    export METAL_LIBRARY_FILE_BASE\=default
    export METAL_LIBRARY_OUTPUT_DIR\=/Users/karelbraborec/Library/Developer/Xcode/DerivedData/revmeter-hbcnswmlqmbpnlazhhkncgeowiss/Build/Products/Debug-iphonesimulator/ExpoLogBox/
    export MODULEMAP_FILE\=Headers/Public/ExpoLogBox/ExpoLogBox.modulemap
    export MODULE_CACHE_DIR\=/Users/karelbraborec/Library/Developer/Xcode/DerivedData/ModuleCache.noindex
    export MTL_ENABLE_DEBUG_INFO\=INCLUDE_SOURCE
    export MTL_FAST_MATH\=YES
    export NATIVE_ARCH\=arm64
    export NATIVE_ARCH_32_BIT\=arm
    export NATIVE_ARCH_64_BIT\=arm64
    export NATIVE_ARCH_ACTUAL\=arm64
    export NO_COMMON\=YES
    export OBJC_ABI_VERSION\=2
    export OBJECT_FILE_DIR\=/Users/karelbraborec/Library/Developer/Xcode/DerivedData/revmeter-hbcnswmlqmbpnlazhhkncgeowiss/Build/Intermediates.noindex/Pods.build/Debug-iphonesimulator/ExpoLogBox.build/Objects
    export OBJECT_FILE_DIR_normal\=/Users/karelbraborec/Library/Developer/Xcode/DerivedData/revmeter-hbcnswmlqmbpnlazhhkncgeowiss/Build/Intermediates.noindex/Pods.build/Debug-iphonesimulator/ExpoLogBox.build/Objects-normal
    export OBJROOT\=/Users/karelbraborec/Library/Developer/Xcode/DerivedData/revmeter-hbcnswmlqmbpnlazhhkncgeowiss/Build/Intermediates.noindex
    export ONLY_ACTIVE_ARCH\=NO
    export OS\=MACOS
    export OSAC\=/usr/bin/osacompile
    export OTHER_CFLAGS\=\ -DRCT_REMOVE_LEGACY_ARCH\=1\ -ivfsoverlay\ \"/Users/karelbraborec/rev-meter/ios/Pods/React-Core-prebuilt/React-VFS.yaml\"
    export OTHER_CPLUSPLUSFLAGS\=\ -DRCT_REMOVE_LEGACY_ARCH\=1\ -ivfsoverlay\ \"/Users/karelbraborec/rev-meter/ios/Pods/React-Core-prebuilt/React-VFS.yaml\"\ -DRCT_REMOVE_LEGACY_ARCH\=1\ -ivfsoverlay\ \"/Users/karelbraborec/rev-meter/ios/Pods/React-Core-prebuilt/React-VFS.yaml\"
    export OTHER_SWIFT_FLAGS\=\ -D\ COCOAPODS\ -import-underlying-module\ -Xcc\ -fmodule-map-file\=\"/Users/karelbraborec/rev-meter/ios/Pods/Headers/Public/ExpoLogBox/ExpoLogBox.modulemap\"\ -Xcc\ -ivfsoverlay\ -Xcc\ \"/Users/karelbraborec/rev-meter/ios/Pods/React-Core-prebuilt/React-VFS.yaml\"\ -Xcc\ -Wno-incomplete-umbrella
    export PACKAGE_TYPE\=com.apple.package-type.static-library
    export PASCAL_STRINGS\=YES
    export PATH\=/Applications/Xcode.app/Contents/SharedFrameworks/SwiftBuild.framework/Versions/A/PlugIns/SWBBuildService.bundle/Contents/PlugIns/SWBUniversalPlatformPlugin.bundle/Contents/Frameworks/SWBUniversalPlatform.framework/Resources:/Applications/Xcode.app/Contents/Developer/Toolchains/XcodeDefault.xctoolchain/usr/bin:/Applications/Xcode.app/Contents/Developer/Toolchains/XcodeDefault.xctoolchain/usr/local/bin:/Applications/Xcode.app/Contents/Developer/Toolchains/XcodeDefault.xctoolchain/usr/libexec:/Applications/Xcode.app/Contents/Developer/Platforms/iPhoneSimulator.platform/usr/bin:/Applications/Xcode.app/Contents/Developer/Platforms/iPhoneSimulator.platform/usr/local/bin:/Applications/Xcode.app/Contents/Developer/Platforms/iPhoneSimulator.platform/Developer/usr/bin:/Applications/Xcode.app/Contents/Developer/Platforms/iPhoneSimulator.platform/Developer/usr/local/bin:/Applications/Xcode.app/Contents/Developer/usr/bin:/Applications/Xcode.app/Contents/Developer/usr/local/bin:/Users/karelbraborec/.gemini/antigravity-ide/bin:/usr/local/bin:/System/Cryptexes/App/usr/bin:/usr/bin:/bin:/usr/sbin:/sbin:/var/run/com.apple.security.cryptexd/codex.system/bootstrap/usr/local/bin:/var/run/com.apple.security.cryptexd/codex.system/bootstrap/usr/bin:/var/run/com.apple.security.cryptexd/codex.system/bootstrap/usr/appleinternal/bin:/pkg/env/global/bin:/Library/Apple/usr/bin:/opt/homebrew/bin
    export PATH_PREFIXES_EXCLUDED_FROM_HEADER_DEPENDENCIES\=/usr/include\ /usr/local/include\ /System/Library/Frameworks\ /System/Library/PrivateFrameworks\ /Applications/Xcode.app/Contents/Developer/Headers\ /Applications/Xcode.app/Contents/Developer/SDKs\ /Applications/Xcode.app/Contents/Developer/Platforms
    export PER_ARCH_MODULE_FILE_DIR\=/Users/karelbraborec/Library/Developer/Xcode/DerivedData/revmeter-hbcnswmlqmbpnlazhhkncgeowiss/Build/Intermediates.noindex/Pods.build/Debug-iphonesimulator/ExpoLogBox.build/Objects-normal/undefined_arch
    export PER_ARCH_OBJECT_FILE_DIR\=/Users/karelbraborec/Library/Developer/Xcode/DerivedData/revmeter-hbcnswmlqmbpnlazhhkncgeowiss/Build/Intermediates.noindex/Pods.build/Debug-iphonesimulator/ExpoLogBox.build/Objects-normal/undefined_arch
    export PER_VARIANT_OBJECT_FILE_DIR\=/Users/karelbraborec/Library/Developer/Xcode/DerivedData/revmeter-hbcnswmlqmbpnlazhhkncgeowiss/Build/Intermediates.noindex/Pods.build/Debug-iphonesimulator/ExpoLogBox.build/Objects-normal
    export PKGINFO_FILE_PATH\=/Users/karelbraborec/Library/Developer/Xcode/DerivedData/revmeter-hbcnswmlqmbpnlazhhkncgeowiss/Build/Intermediates.noindex/Pods.build/Debug-iphonesimulator/ExpoLogBox.build/PkgInfo
    export PLATFORM_DEVELOPER_APPLICATIONS_DIR\=/Applications/Xcode.app/Contents/Developer/Platforms/iPhoneSimulator.platform/Developer/Applications
    export PLATFORM_DEVELOPER_BIN_DIR\=/Applications/Xcode.app/Contents/Developer/Platforms/iPhoneSimulator.platform/Developer/usr/bin
    export PLATFORM_DEVELOPER_LIBRARY_DIR\=/Applications/Xcode.app/Contents/Developer/Platforms/iPhoneSimulator.platform/Developer/Library
    export PLATFORM_DEVELOPER_SDK_DIR\=/Applications/Xcode.app/Contents/Developer/Platforms/iPhoneSimulator.platform/Developer/SDKs
    export PLATFORM_DEVELOPER_TOOLS_DIR\=/Applications/Xcode.app/Contents/Developer/Platforms/iPhoneSimulator.platform/Developer/Tools
    export PLATFORM_DEVELOPER_USR_DIR\=/Applications/Xcode.app/Contents/Developer/Platforms/iPhoneSimulator.platform/Developer/usr
    export PLATFORM_DIR\=/Applications/Xcode.app/Contents/Developer/Platforms/iPhoneSimulator.platform
    export PLATFORM_DISPLAY_NAME\=iOS\ Simulator
    export PLATFORM_FAMILY_NAME\=iOS
    export PLATFORM_NAME\=iphonesimulator
    export PLATFORM_PREFERRED_ARCH\=x86_64
    export PLATFORM_PRODUCT_BUILD_VERSION\=23F81a
    export PLATFORM_REQUIRES_SWIFT_AUTOLINK_EXTRACT\=NO
    export PLATFORM_REQUIRES_SWIFT_MODULEWRAP\=NO
    export PLATFORM_USES_DSYMS\=YES
    export PLIST_FILE_OUTPUT_FORMAT\=binary
    export PODFILE_DIR\=/Users/karelbraborec/rev-meter/ios/Pods/..
    export PODS_BUILD_DIR\=/Users/karelbraborec/Library/Developer/Xcode/DerivedData/revmeter-hbcnswmlqmbpnlazhhkncgeowiss/Build/Products
    export PODS_CONFIGURATION_BUILD_DIR\=/Users/karelbraborec/Library/Developer/Xcode/DerivedData/revmeter-hbcnswmlqmbpnlazhhkncgeowiss/Build/Products/Debug-iphonesimulator
    export PODS_DEVELOPMENT_LANGUAGE\=en
    export PODS_ROOT\=/Users/karelbraborec/rev-meter/ios/Pods
    export PODS_TARGET_SRCROOT\=/Users/karelbraborec/rev-meter/ios/Pods/../../node_modules/@expo/log-box
    export PODS_XCFRAMEWORKS_BUILD_DIR\=/Users/karelbraborec/Library/Developer/Xcode/DerivedData/revmeter-hbcnswmlqmbpnlazhhkncgeowiss/Build/Products/Debug-iphonesimulator/XCFrameworkIntermediates
    export PRECOMPS_INCLUDE_HEADERS_FROM_BUILT_PRODUCTS_DIR\=YES
    export PRECOMP_DESTINATION_DIR\=/Users/karelbraborec/Library/Developer/Xcode/DerivedData/revmeter-hbcnswmlqmbpnlazhhkncgeowiss/Build/Intermediates.noindex/Pods.build/Debug-iphonesimulator/ExpoLogBox.build/PrefixHeaders
    export PROCESSED_INFOPLIST_PATH\=/Users/karelbraborec/Library/Developer/Xcode/DerivedData/revmeter-hbcnswmlqmbpnlazhhkncgeowiss/Build/Intermediates.noindex/Pods.build/Debug-iphonesimulator/ExpoLogBox.build/Objects-normal/undefined_arch/Processed-Info.plist
    export PRODUCT_BUNDLE_IDENTIFIER\=org.cocoapods.ExpoLogBox
    export PRODUCT_MODULE_NAME\=ExpoLogBox
    export PRODUCT_NAME\=ExpoLogBox
    export PRODUCT_SETTINGS_PATH\=
    export PRODUCT_TYPE\=com.apple.product-type.library.static
    export PROFILING_CODE\=NO
    export PROJECT\=Pods
    export PROJECT_DERIVED_FILE_DIR\=/Users/karelbraborec/Library/Developer/Xcode/DerivedData/revmeter-hbcnswmlqmbpnlazhhkncgeowiss/Build/Intermediates.noindex/Pods.build/DerivedSources
    export PROJECT_DIR\=/Users/karelbraborec/rev-meter/ios/Pods
    export PROJECT_FILE_PATH\=/Users/karelbraborec/rev-meter/ios/Pods/Pods.xcodeproj
    export PROJECT_GUID\=8699adb1dd336b26511df848a716bd42
    export PROJECT_NAME\=Pods
    export PROJECT_TEMP_DIR\=/Users/karelbraborec/Library/Developer/Xcode/DerivedData/revmeter-hbcnswmlqmbpnlazhhkncgeowiss/Build/Intermediates.noindex/Pods.build
    export PROJECT_TEMP_ROOT\=/Users/karelbraborec/Library/Developer/Xcode/DerivedData/revmeter-hbcnswmlqmbpnlazhhkncgeowiss/Build/Intermediates.noindex
    export REACT_NATIVE_PATH\=/Users/karelbraborec/rev-meter/ios/Pods/../../node_modules/react-native
    export RECOMMENDED_IPHONEOS_DEPLOYMENT_TARGET\=15.0
    export RECURSIVE_SEARCH_PATHS_FOLLOW_SYMLINKS\=YES
    export REMOVE_CVS_FROM_RESOURCES\=YES
    export REMOVE_GIT_FROM_RESOURCES\=YES
    export REMOVE_HEADERS_FROM_EMBEDDED_BUNDLES\=YES
    export REMOVE_HG_FROM_RESOURCES\=YES
    export REMOVE_STATIC_EXECUTABLES_FROM_EMBEDDED_BUNDLES\=YES
    export REMOVE_SVN_FROM_RESOURCES\=YES
    export RESCHEDULE_INDEPENDENT_HEADERS_PHASES\=YES
    export REZ_COLLECTOR_DIR\=/Users/karelbraborec/Library/Developer/Xcode/DerivedData/revmeter-hbcnswmlqmbpnlazhhkncgeowiss/Build/Intermediates.noindex/Pods.build/Debug-iphonesimulator/ExpoLogBox.build/ResourceManagerResources
    export REZ_EXECUTABLE\=YES
    export REZ_OBJECTS_DIR\=/Users/karelbraborec/Library/Developer/Xcode/DerivedData/revmeter-hbcnswmlqmbpnlazhhkncgeowiss/Build/Intermediates.noindex/Pods.build/Debug-iphonesimulator/ExpoLogBox.build/ResourceManagerResources/Objects
    export REZ_SEARCH_PATHS\=/Users/karelbraborec/Library/Developer/Xcode/DerivedData/revmeter-hbcnswmlqmbpnlazhhkncgeowiss/Build/Products/Debug-iphonesimulator/ExpoLogBox\ 
    export RPATH_ORIGIN\=@loader_path
    export RUNTIME_EXCEPTION_ALLOW_DYLD_ENVIRONMENT_VARIABLES\=NO
    export RUNTIME_EXCEPTION_ALLOW_JIT\=NO
    export RUNTIME_EXCEPTION_ALLOW_UNSIGNED_EXECUTABLE_MEMORY\=NO
    export RUNTIME_EXCEPTION_DEBUGGING_TOOL\=NO
    export RUNTIME_EXCEPTION_DISABLE_EXECUTABLE_PAGE_PROTECTION\=NO
    export RUNTIME_EXCEPTION_DISABLE_LIBRARY_VALIDATION\=NO
    export SCANNING_PCM_KEEP_CACHE_DIRECTORY\=YES
    export SCAN_ALL_SOURCE_FILES_FOR_INCLUDES\=NO
    export SCRIPT_INPUT_FILE_0\=/Users/karelbraborec/Library/Developer/Xcode/DerivedData/revmeter-hbcnswmlqmbpnlazhhkncgeowiss/Build/Intermediates.noindex/Pods.build/Debug-iphonesimulator/ExpoLogBox.build/DerivedSources/ExpoLogBox-Swift.h
    export SCRIPT_INPUT_FILE_1\=/Users/karelbraborec/rev-meter/ios/Pods/Headers/Public/ExpoLogBox/ExpoLogBox.modulemap
    export SCRIPT_INPUT_FILE_2\=/Users/karelbraborec/rev-meter/ios/Pods/Headers/Public/ExpoLogBox/ExpoLogBox-umbrella.h
    export SCRIPT_INPUT_FILE_COUNT\=3
    export SCRIPT_INPUT_FILE_LIST_COUNT\=0
    export SCRIPT_OUTPUT_FILE_0\=/Users/karelbraborec/Library/Developer/Xcode/DerivedData/revmeter-hbcnswmlqmbpnlazhhkncgeowiss/Build/Products/Debug-iphonesimulator/ExpoLogBox/ExpoLogBox.modulemap
    export SCRIPT_OUTPUT_FILE_1\=/Users/karelbraborec/Library/Developer/Xcode/DerivedData/revmeter-hbcnswmlqmbpnlazhhkncgeowiss/Build/Products/Debug-iphonesimulator/ExpoLogBox/ExpoLogBox-umbrella.h
    export SCRIPT_OUTPUT_FILE_2\=/Users/karelbraborec/Library/Developer/Xcode/DerivedData/revmeter-hbcnswmlqmbpnlazhhkncgeowiss/Build/Products/Debug-iphonesimulator/ExpoLogBox/Swift\ Compatibility\ Header/ExpoLogBox-Swift.h
    export SCRIPT_OUTPUT_FILE_COUNT\=3
    export SCRIPT_OUTPUT_FILE_LIST_COUNT\=0
    export SDKROOT\=/Applications/Xcode.app/Contents/Developer/Platforms/iPhoneSimulator.platform/Developer/SDKs/iPhoneSimulator26.5.sdk
    export SDK_DIR\=/Applications/Xcode.app/Contents/Developer/Platforms/iPhoneSimulator.platform/Developer/SDKs/iPhoneSimulator26.5.sdk
    export SDK_DIR_iphonesimulator\=/Applications/Xcode.app/Contents/Developer/Platforms/iPhoneSimulator.platform/Developer/SDKs/iPhoneSimulator26.5.sdk
    export SDK_DIR_iphonesimulator26_5\=/Applications/Xcode.app/Contents/Developer/Platforms/iPhoneSimulator.platform/Developer/SDKs/iPhoneSimulator26.5.sdk
    export SDK_NAME\=iphonesimulator26.5
    export SDK_NAMES\=iphonesimulator26.5
    export SDK_PRODUCT_BUILD_VERSION\=23F81a
    export SDK_STAT_CACHE_DIR\=/Users/karelbraborec/Library/Developer/Xcode/DerivedData
    export SDK_STAT_CACHE_ENABLE\=YES
    export SDK_STAT_CACHE_PATH\=/Users/karelbraborec/Library/Developer/Xcode/DerivedData/SDKStatCaches.noindex/iphonesimulator26.5-23F81a-6cfe768891a92b912361537c460fe42b.sdkstatcache
    export SDK_VERSION\=26.5
    export SDK_VERSION_ACTUAL\=260500
    export SDK_VERSION_MAJOR\=260000
    export SDK_VERSION_MINOR\=260500
    export SED\=/usr/bin/sed
    export SEPARATE_STRIP\=NO
    export SEPARATE_SYMBOL_EDIT\=NO
    export SET_DIR_MODE_OWNER_GROUP\=YES
    export SET_FILE_MODE_OWNER_GROUP\=NO
    export SHALLOW_BUNDLE\=NO
    export SHARED_DERIVED_FILE_DIR\=/Users/karelbraborec/Library/Developer/Xcode/DerivedData/revmeter-hbcnswmlqmbpnlazhhkncgeowiss/Build/Products/Debug-iphonesimulator/ExpoLogBox/DerivedSources
    export SHARED_PRECOMPS_DIR\=/Users/karelbraborec/Library/Developer/Xcode/DerivedData/revmeter-hbcnswmlqmbpnlazhhkncgeowiss/Build/Intermediates.noindex/PrecompiledHeaders
    export SKIP_INSTALL\=YES
    export SKIP_MERGEABLE_LIBRARY_BUNDLE_HOOK\=NO
    export SOURCE_ROOT\=/Users/karelbraborec/rev-meter/ios/Pods
    export SRCROOT\=/Users/karelbraborec/rev-meter/ios/Pods
    export STRINGSDATA_DIR\=/Users/karelbraborec/Library/Developer/Xcode/DerivedData/revmeter-hbcnswmlqmbpnlazhhkncgeowiss/Build/Intermediates.noindex/Pods.build/Debug-iphonesimulator/ExpoLogBox.build/Objects-normal/undefined_arch
    export STRINGSDATA_ROOT\=/Users/karelbraborec/Library/Developer/Xcode/DerivedData/revmeter-hbcnswmlqmbpnlazhhkncgeowiss/Build/Intermediates.noindex/Pods.build/Debug-iphonesimulator/ExpoLogBox.build
    export STRINGS_FILE_INFOPLIST_RENAME\=YES
    export STRINGS_FILE_OUTPUT_ENCODING\=binary
    export STRING_CATALOG_GENERATE_SYMBOLS\=NO
    export STRIP_BITCODE_FROM_COPIED_FILES\=NO
    export STRIP_INSTALLED_PRODUCT\=NO
    export STRIP_STYLE\=debugging
    export STRIP_SWIFT_SYMBOLS\=YES
    export SUPPORTED_DEVICE_FAMILIES\=1,2
    export SUPPORTED_PLATFORMS\=iphoneos\ iphonesimulator
    export SUPPORTS_TEXT_BASED_API\=NO
    export SUPPRESS_WARNINGS\=NO
    export SWIFT_ACTIVE_COMPILATION_CONDITIONS\=\ DEBUG\ 
    export SWIFT_EMIT_CONST_VALUE_PROTOCOLS\=AnyResolverProviding\ AppEntity\ AppEnum\ AppExtension\ AppIntent\ AppIntentsPackage\ AppShortcutProviding\ AppShortcutsProvider\ AppUnionValue\ AppUnionValueCasesProviding\ DynamicOptionsProvider\ EntityQuery\ ExtensionPointDefining\ IntentValueQuery\ Resolver\ TransientEntity\ _AssistantIntentsProvider\ _GenerativeFunctionExtractable\ _IntentValueRepresentable
    export SWIFT_EMIT_LOC_STRINGS\=NO
    export SWIFT_EMIT_MODULE_INTERFACE\=NO
    export SWIFT_ENABLE_EXPLICIT_MODULES\=NO
    export SWIFT_INSTALL_OBJC_HEADER\=YES
    export SWIFT_OPTIMIZATION_LEVEL\=-Onone
    export SWIFT_PLATFORM_TARGET_PREFIX\=ios
    export SWIFT_RESPONSE_FILE_PATH_normal_arm64\=/Users/karelbraborec/Library/Developer/Xcode/DerivedData/revmeter-hbcnswmlqmbpnlazhhkncgeowiss/Build/Intermediates.noindex/Pods.build/Debug-iphonesimulator/ExpoLogBox.build/Objects-normal/arm64/ExpoLogBox.SwiftFileList
    export SWIFT_RESPONSE_FILE_PATH_normal_x86_64\=/Users/karelbraborec/Library/Developer/Xcode/DerivedData/revmeter-hbcnswmlqmbpnlazhhkncgeowiss/Build/Intermediates.noindex/Pods.build/Debug-iphonesimulator/ExpoLogBox.build/Objects-normal/x86_64/ExpoLogBox.SwiftFileList
    export SWIFT_VERSION\=5.0
    export SYMROOT\=/Users/karelbraborec/Library/Developer/Xcode/DerivedData/revmeter-hbcnswmlqmbpnlazhhkncgeowiss/Build/Products
    export SYSTEM_ADMIN_APPS_DIR\=/Applications/Utilities
    export SYSTEM_APPS_DIR\=/Applications
    export SYSTEM_CORE_SERVICES_DIR\=/System/Library/CoreServices
    export SYSTEM_DEMOS_DIR\=/Applications/Extras
    export SYSTEM_DEVELOPER_APPS_DIR\=/Applications/Xcode.app/Contents/Developer/Applications
    export SYSTEM_DEVELOPER_BIN_DIR\=/Applications/Xcode.app/Contents/Developer/usr/bin
    export SYSTEM_DEVELOPER_DEMOS_DIR\=/Applications/Xcode.app/Contents/Developer/Applications/Utilities/Built\ Examples
    export SYSTEM_DEVELOPER_DIR\=/Applications/Xcode.app/Contents/Developer
    export SYSTEM_DEVELOPER_DOC_DIR\=/Applications/Xcode.app/Contents/Developer/ADC\ Reference\ Library
    export SYSTEM_DEVELOPER_GRAPHICS_TOOLS_DIR\=/Applications/Xcode.app/Contents/Developer/Applications/Graphics\ Tools
    export SYSTEM_DEVELOPER_JAVA_TOOLS_DIR\=/Applications/Xcode.app/Contents/Developer/Applications/Java\ Tools
    export SYSTEM_DEVELOPER_PERFORMANCE_TOOLS_DIR\=/Applications/Xcode.app/Contents/Developer/Applications/Performance\ Tools
    export SYSTEM_DEVELOPER_RELEASENOTES_DIR\=/Applications/Xcode.app/Contents/Developer/ADC\ Reference\ Library/releasenotes
    export SYSTEM_DEVELOPER_TOOLS\=/Applications/Xcode.app/Contents/Developer/Tools
    export SYSTEM_DEVELOPER_TOOLS_DOC_DIR\=/Applications/Xcode.app/Contents/Developer/ADC\ Reference\ Library/documentation/DeveloperTools
    export SYSTEM_DEVELOPER_TOOLS_RELEASENOTES_DIR\=/Applications/Xcode.app/Contents/Developer/ADC\ Reference\ Library/releasenotes/DeveloperTools
    export SYSTEM_DEVELOPER_USR_DIR\=/Applications/Xcode.app/Contents/Developer/usr
    export SYSTEM_DEVELOPER_UTILITIES_DIR\=/Applications/Xcode.app/Contents/Developer/Applications/Utilities
    export SYSTEM_DEXT_INSTALL_PATH\=/System/Library/DriverExtensions
    export SYSTEM_DOCUMENTATION_DIR\=/Library/Documentation
    export SYSTEM_KEXT_INSTALL_PATH\=/System/Library/Extensions
    export SYSTEM_LIBRARY_DIR\=/System/Library
    export TAPI_DEMANGLE\=YES
    export TAPI_ENABLE_PROJECT_HEADERS\=NO
    export TAPI_LANGUAGE\=objective-c
    export TAPI_LANGUAGE_STANDARD\=compiler-default
    export TAPI_USE_SRCROOT\=YES
    export TAPI_VERIFY_MODE\=Pedantic
    export TARGETED_DEVICE_FAMILY\=1,2
    export TARGETNAME\=ExpoLogBox
    export TARGET_BUILD_DIR\=/Users/karelbraborec/Library/Developer/Xcode/DerivedData/revmeter-hbcnswmlqmbpnlazhhkncgeowiss/Build/Products/Debug-iphonesimulator/ExpoLogBox
    export TARGET_NAME\=ExpoLogBox
    export TARGET_TEMP_DIR\=/Users/karelbraborec/Library/Developer/Xcode/DerivedData/revmeter-hbcnswmlqmbpnlazhhkncgeowiss/Build/Intermediates.noindex/Pods.build/Debug-iphonesimulator/ExpoLogBox.build
    export TEMP_DIR\=/Users/karelbraborec/Library/Developer/Xcode/DerivedData/revmeter-hbcnswmlqmbpnlazhhkncgeowiss/Build/Intermediates.noindex/Pods.build/Debug-iphonesimulator/ExpoLogBox.build
    export TEMP_FILES_DIR\=/Users/karelbraborec/Library/Developer/Xcode/DerivedData/revmeter-hbcnswmlqmbpnlazhhkncgeowiss/Build/Intermediates.noindex/Pods.build/Debug-iphonesimulator/ExpoLogBox.build
    export TEMP_FILE_DIR\=/Users/karelbraborec/Library/Developer/Xcode/DerivedData/revmeter-hbcnswmlqmbpnlazhhkncgeowiss/Build/Intermediates.noindex/Pods.build/Debug-iphonesimulator/ExpoLogBox.build
    export TEMP_ROOT\=/Users/karelbraborec/Library/Developer/Xcode/DerivedData/revmeter-hbcnswmlqmbpnlazhhkncgeowiss/Build/Intermediates.noindex
    export TEMP_SANDBOX_DIR\=/Users/karelbraborec/Library/Developer/Xcode/DerivedData/revmeter-hbcnswmlqmbpnlazhhkncgeowiss/Build/Intermediates.noindex/TemporaryTaskSandboxes
    export TEST_FRAMEWORK_SEARCH_PATHS\=\ /Applications/Xcode.app/Contents/Developer/Platforms/iPhoneSimulator.platform/Developer/Library/Frameworks\ /Applications/Xcode.app/Contents/Developer/Platforms/iPhoneSimulator.platform/Developer/SDKs/iPhoneSimulator26.5.sdk/Developer/Library/Frameworks
    export TEST_LIBRARY_SEARCH_PATHS\=\ /Applications/Xcode.app/Contents/Developer/Platforms/iPhoneSimulator.platform/Developer/usr/lib
    export TOOLCHAINS\=com.apple.dt.toolchain.XcodeDefault
    export TOOLCHAIN_DIR\=/Applications/Xcode.app/Contents/Developer/Toolchains/XcodeDefault.xctoolchain
    export TREAT_MISSING_BASELINES_AS_TEST_FAILURES\=NO
    export TREAT_MISSING_SCRIPT_PHASE_OUTPUTS_AS_ERRORS\=NO
    export UID\=501
    export UNINSTALLED_PRODUCTS_DIR\=/Users/karelbraborec/Library/Developer/Xcode/DerivedData/revmeter-hbcnswmlqmbpnlazhhkncgeowiss/Build/Intermediates.noindex/UninstalledProducts
    export UNSTRIPPED_PRODUCT\=NO
    export USER\=karelbraborec
    export USER_APPS_DIR\=/Users/karelbraborec/Applications
    export USER_LIBRARY_DIR\=/Users/karelbraborec/Library
    export USE_DYNAMIC_NO_PIC\=YES
    export USE_HEADERMAP\=YES
    export USE_HEADER_SYMLINKS\=NO
    export USE_HERMES\=true
    export USE_RECURSIVE_SCRIPT_INPUTS_IN_SCRIPT_PHASES\=YES
    export VALIDATE_DEVELOPMENT_ASSET_PATHS\=YES_ERROR
    export VALIDATE_PRODUCT\=NO
    export VALID_ARCHS\=arm64\ x86_64
    export VERBOSE_PBXCP\=NO
    export VERSION_INFO_BUILDER\=karelbraborec
    export VERSION_INFO_FILE\=ExpoLogBox_vers.c
    export VERSION_INFO_STRING\=\"@\(\#\)PROGRAM:ExpoLogBox\ \ PROJECT:Pods-\"
    export WORKSPACE_DIR\=/Users/karelbraborec/rev-meter/ios
    export WRAP_ASSET_PACKS_IN_SEPARATE_DIRECTORIES\=NO
    export XCODE_APP_SUPPORT_DIR\=/Applications/Xcode.app/Contents/Developer/Library/Xcode
    export XCODE_PRODUCT_BUILD_VERSION\=17F113
    export XCODE_VERSION_ACTUAL\=2660
    export XCODE_VERSION_MAJOR\=2600
    export XCODE_VERSION_MINOR\=2660
    export XPCSERVICES_FOLDER_PATH\=/XPCServices
    export YACC\=yacc
    export _DISCOVER_COMMAND_LINE_LINKER_INPUTS\=YES
    export _DISCOVER_COMMAND_LINE_LINKER_INPUTS_INCLUDE_WL\=YES
    export _LD_MULTIARCH\=YES
    export __DIAGNOSE_DEPRECATED_ARCHS\=YES
    export __ORIGINAL_SDK_DEFINED_LLVM_TARGET_TRIPLE_SYS\=ios
    export arch\=undefined_arch
    export variant\=normal
    /bin/sh -c /Users/karelbraborec/Library/Developer/Xcode/DerivedData/revmeter-hbcnswmlqmbpnlazhhkncgeowiss/Build/Intermediates.noindex/Pods.build/Debug-iphonesimulator/ExpoLogBox.build/Script-46EB2E00017C50.sh

PrecompileModule /Users/karelbraborec/Library/Developer/Xcode/DerivedData/revmeter-hbcnswmlqmbpnlazhhkncgeowiss/Build/Intermediates.noindex/ExplicitPrecompiledModules/Symbols-4G63AXBAITDX88HNT8MHLD00Q.scan
    cd /
    builtin-precompileModule /Users/karelbraborec/Library/Developer/Xcode/DerivedData/revmeter-hbcnswmlqmbpnlazhhkncgeowiss/Build/Intermediates.noindex/ExplicitPrecompiledModules/Symbols-4G63AXBAITDX88HNT8MHLD00Q.scan

PrecompileModule /Users/karelbraborec/Library/Developer/Xcode/DerivedData/revmeter-hbcnswmlqmbpnlazhhkncgeowiss/Build/Intermediates.noindex/ExplicitPrecompiledModules/FileProvider-9Z6V0CFKXUFDVB1WR8EPX984M.scan
    cd /
    builtin-precompileModule /Users/karelbraborec/Library/Developer/Xcode/DerivedData/revmeter-hbcnswmlqmbpnlazhhkncgeowiss/Build/Intermediates.noindex/ExplicitPrecompiledModules/FileProvider-9Z6V0CFKXUFDVB1WR8EPX984M.scan

PrecompileModule /Users/karelbraborec/Library/Developer/Xcode/DerivedData/revmeter-hbcnswmlqmbpnlazhhkncgeowiss/Build/Intermediates.noindex/ExplicitPrecompiledModules/IOSurface-7WPQFXY4UKZ8T0XXCRDEF4U5O.scan
    cd /
    builtin-precompileModule /Users/karelbraborec/Library/Developer/Xcode/DerivedData/revmeter-hbcnswmlqmbpnlazhhkncgeowiss/Build/Intermediates.noindex/ExplicitPrecompiledModules/IOSurface-7WPQFXY4UKZ8T0XXCRDEF4U5O.scan

PrecompileModule /Users/karelbraborec/Library/Developer/Xcode/DerivedData/revmeter-hbcnswmlqmbpnlazhhkncgeowiss/Build/Intermediates.noindex/ExplicitPrecompiledModules/OpenGLES-6LUBD11AUHR84HJNYV68TK8YK.scan
    cd /
    builtin-precompileModule /Users/karelbraborec/Library/Developer/Xcode/DerivedData/revmeter-hbcnswmlqmbpnlazhhkncgeowiss/Build/Intermediates.noindex/ExplicitPrecompiledModules/OpenGLES-6LUBD11AUHR84HJNYV68TK8YK.scan

PrecompileModule /Users/karelbraborec/Library/Developer/Xcode/DerivedData/revmeter-hbcnswmlqmbpnlazhhkncgeowiss/Build/Intermediates.noindex/ExplicitPrecompiledModules/UserNotifications-AUDDQGHBIXJN2QPYPHG3HFGD5.scan
    cd /
    builtin-precompileModule /Users/karelbraborec/Library/Developer/Xcode/DerivedData/revmeter-hbcnswmlqmbpnlazhhkncgeowiss/Build/Intermediates.noindex/ExplicitPrecompiledModules/UserNotifications-AUDDQGHBIXJN2QPYPHG3HFGD5.scan

PrecompileModule /Users/karelbraborec/Library/Developer/Xcode/DerivedData/revmeter-hbcnswmlqmbpnlazhhkncgeowiss/Build/Intermediates.noindex/ExplicitPrecompiledModules/UIUtilities-8SIQP1V160POHZ4IZP36K937B.scan
    cd /
    builtin-precompileModule /Users/karelbraborec/Library/Developer/Xcode/DerivedData/revmeter-hbcnswmlqmbpnlazhhkncgeowiss/Build/Intermediates.noindex/ExplicitPrecompiledModules/UIUtilities-8SIQP1V160POHZ4IZP36K937B.scan

PrecompileModule /Users/karelbraborec/Library/Developer/Xcode/DerivedData/revmeter-hbcnswmlqmbpnlazhhkncgeowiss/Build/Intermediates.noindex/ExplicitPrecompiledModules/Metal-1FKKU9CVWEPQE5ZLK9OA6HK25.scan
    cd /
    builtin-precompileModule /Users/karelbraborec/Library/Developer/Xcode/DerivedData/revmeter-hbcnswmlqmbpnlazhhkncgeowiss/Build/Intermediates.noindex/ExplicitPrecompiledModules/Metal-1FKKU9CVWEPQE5ZLK9OA6HK25.scan

CompileC /Users/karelbraborec/Library/Developer/Xcode/DerivedData/revmeter-hbcnswmlqmbpnlazhhkncgeowiss/Build/Intermediates.noindex/Pods.build/Debug-iphonesimulator/ReactAppDependencyProvider.build/Objects-normal/x86_64/RCTAppDependencyProvider.o /Users/karelbraborec/rev-meter/ios/build/generated/ios/ReactAppDependencyProvider/RCTAppDependencyProvider.mm normal x86_64 objective-c++ com.apple.compilers.llvm.clang.1_0.compiler (in target 'ReactAppDependencyProvider' from project 'Pods')
    cd /Users/karelbraborec/rev-meter/ios/Pods
    
    Using response file: /Users/karelbraborec/Library/Developer/Xcode/DerivedData/revmeter-hbcnswmlqmbpnlazhhkncgeowiss/Build/Intermediates.noindex/Pods.build/Debug-iphonesimulator/ReactAppDependencyProvider.build/Objects-normal/x86_64/af3fcb34312c57c0f52879cdce924b91-common-args.resp
    
    /Applications/Xcode.app/Contents/Developer/Toolchains/XcodeDefault.xctoolchain/usr/bin/clang -x objective-c++ -ivfsstatcache /Users/karelbraborec/Library/Developer/Xcode/DerivedData/SDKStatCaches.noindex/iphonesimulator26.5-23F81a-6cfe768891a92b912361537c460fe42b.sdkstatcache -target x86_64-apple-ios15.1-simulator -fmessage-length\=0 -fdiagnostics-show-note-include-stack -fmacro-backtrace-limit\=0 -fno-color-diagnostics -fmodules-prune-interval\=86400 -fmodules-prune-after\=345600 -fbuild-session-file\=/Users/karelbraborec/Library/Developer/Xcode/DerivedData/ModuleCache.noindex/Session.modulevalidation -fmodules-validate-once-per-build-session -Wnon-modular-include-in-framework-module -Werror\=non-modular-include-in-framework-module -Wno-trigraphs -Wno-missing-field-initializers -Wno-missing-prototypes -Werror\=return-type -Wdocumentation -Wunreachable-code -Wno-implicit-atomic-properties -Werror\=deprecated-objc-isa-usage -Wno-objc-interface-ivars -Werror\=objc-root-class -Wno-arc-repeated-use-of-weak -Wimplicit-retain-self -Wno-non-virtual-dtor -Wno-overloaded-virtual -Wno-exit-time-destructors -Wduplicate-method-match -Wno-missing-braces -Wparentheses -Wswitch -Wunused-function -Wno-unused-label -Wno-unused-parameter -Wunused-variable -Wunused-value -Wempty-body -Wuninitialized -Wconditional-uninitialized -Wno-unknown-pragmas -Wno-shadow -Wno-four-char-constants -Wno-conversion -Wconstant-conversion -Wint-conversion -Wbool-conversion -Wenum-conversion -Wno-float-conversion -Wnon-literal-null-conversion -Wobjc-literal-conversion -Wshorten-64-to-32 -Wno-newline-eof -Wno-selector -Wno-strict-selector-match -Wundeclared-selector -Wdeprecated-implementations -Wno-c++11-extensions -Wno-implicit-fallthrough -isysroot /Applications/Xcode.app/Contents/Developer/Platforms/iPhoneSimulator.platform/Developer/SDKs/iPhoneSimulator26.5.sdk -fstrict-aliasing -Wprotocol -Wdeprecated-declarations -Winvalid-offsetof -Wno-sign-conversion -Winfinite-recursion -Wmove -Wcomma -Wblock-capture-autoreleasing -Wstrict-prototypes -Wrange-loop-analysis -Wno-semicolon-before-method-body -Wunguarded-availability -index-store-path /Users/karelbraborec/Library/Developer/Xcode/DerivedData/revmeter-hbcnswmlqmbpnlazhhkncgeowiss/Index.noindex/DataStore @/Users/karelbraborec/Library/Developer/Xcode/DerivedData/revmeter-hbcnswmlqmbpnlazhhkncgeowiss/Build/Intermediates.noindex/Pods.build/Debug-iphonesimulator/ReactAppDependencyProvider.build/Objects-normal/x86_64/af3fcb34312c57c0f52879cdce924b91-common-args.resp -include /Users/karelbraborec/rev-meter/ios/Pods/Target\ Support\ Files/ReactAppDependencyProvider/ReactAppDependencyProvider-prefix.pch -MMD -MT dependencies -MF /Users/karelbraborec/Library/Developer/Xcode/DerivedData/revmeter-hbcnswmlqmbpnlazhhkncgeowiss/Build/Intermediates.noindex/Pods.build/Debug-iphonesimulator/ReactAppDependencyProvider.build/Objects-normal/x86_64/RCTAppDependencyProvider.d --serialize-diagnostics /Users/karelbraborec/Library/Developer/Xcode/DerivedData/revmeter-hbcnswmlqmbpnlazhhkncgeowiss/Build/Intermediates.noindex/Pods.build/Debug-iphonesimulator/ReactAppDependencyProvider.build/Objects-normal/x86_64/RCTAppDependencyProvider.dia -c /Users/karelbraborec/rev-meter/ios/build/generated/ios/ReactAppDependencyProvider/RCTAppDependencyProvider.mm -o /Users/karelbraborec/Library/Developer/Xcode/DerivedData/revmeter-hbcnswmlqmbpnlazhhkncgeowiss/Build/Intermediates.noindex/Pods.build/Debug-iphonesimulator/ReactAppDependencyProvider.build/Objects-normal/x86_64/RCTAppDependencyProvider.o -index-unit-output-path /Pods.build/Debug-iphonesimulator/ReactAppDependencyProvider.build/Objects-normal/x86_64/RCTAppDependencyProvider.o

CompileC /Users/karelbraborec/Library/Developer/Xcode/DerivedData/revmeter-hbcnswmlqmbpnlazhhkncgeowiss/Build/Intermediates.noindex/Pods.build/Debug-iphonesimulator/ReactAppDependencyProvider.build/Objects-normal/arm64/RCTAppDependencyProvider.o /Users/karelbraborec/rev-meter/ios/build/generated/ios/ReactAppDependencyProvider/RCTAppDependencyProvider.mm normal arm64 objective-c++ com.apple.compilers.llvm.clang.1_0.compiler (in target 'ReactAppDependencyProvider' from project 'Pods')
    cd /Users/karelbraborec/rev-meter/ios/Pods
    
    Using response file: /Users/karelbraborec/Library/Developer/Xcode/DerivedData/revmeter-hbcnswmlqmbpnlazhhkncgeowiss/Build/Intermediates.noindex/Pods.build/Debug-iphonesimulator/ReactAppDependencyProvider.build/Objects-normal/arm64/af3fcb34312c57c0f52879cdce924b91-common-args.resp
    
    /Applications/Xcode.app/Contents/Developer/Toolchains/XcodeDefault.xctoolchain/usr/bin/clang -x objective-c++ -ivfsstatcache /Users/karelbraborec/Library/Developer/Xcode/DerivedData/SDKStatCaches.noindex/iphonesimulator26.5-23F81a-6cfe768891a92b912361537c460fe42b.sdkstatcache -target arm64-apple-ios15.1-simulator -fmessage-length\=0 -fdiagnostics-show-note-include-stack -fmacro-backtrace-limit\=0 -fno-color-diagnostics -fmodules-prune-interval\=86400 -fmodules-prune-after\=345600 -fbuild-session-file\=/Users/karelbraborec/Library/Developer/Xcode/DerivedData/ModuleCache.noindex/Session.modulevalidation -fmodules-validate-once-per-build-session -Wnon-modular-include-in-framework-module -Werror\=non-modular-include-in-framework-module -Wno-trigraphs -Wno-missing-field-initializers -Wno-missing-prototypes -Werror\=return-type -Wdocumentation -Wunreachable-code -Wno-implicit-atomic-properties -Werror\=deprecated-objc-isa-usage -Wno-objc-interface-ivars -Werror\=objc-root-class -Wno-arc-repeated-use-of-weak -Wimplicit-retain-self -Wno-non-virtual-dtor -Wno-overloaded-virtual -Wno-exit-time-destructors -Wduplicate-method-match -Wno-missing-braces -Wparentheses -Wswitch -Wunused-function -Wno-unused-label -Wno-unused-parameter -Wunused-variable -Wunused-value -Wempty-body -Wuninitialized -Wconditional-uninitialized -Wno-unknown-pragmas -Wno-shadow -Wno-four-char-constants -Wno-conversion -Wconstant-conversion -Wint-conversion -Wbool-conversion -Wenum-conversion -Wno-float-conversion -Wnon-literal-null-conversion -Wobjc-literal-conversion -Wshorten-64-to-32 -Wno-newline-eof -Wno-selector -Wno-strict-selector-match -Wundeclared-selector -Wdeprecated-implementations -Wno-c++11-extensions -Wno-implicit-fallthrough -isysroot /Applications/Xcode.app/Contents/Developer/Platforms/iPhoneSimulator.platform/Developer/SDKs/iPhoneSimulator26.5.sdk -fstrict-aliasing -Wprotocol -Wdeprecated-declarations -Winvalid-offsetof -Wno-sign-conversion -Winfinite-recursion -Wmove -Wcomma -Wblock-capture-autoreleasing -Wstrict-prototypes -Wrange-loop-analysis -Wno-semicolon-before-method-body -Wunguarded-availability -index-store-path /Users/karelbraborec/Library/Developer/Xcode/DerivedData/revmeter-hbcnswmlqmbpnlazhhkncgeowiss/Index.noindex/DataStore @/Users/karelbraborec/Library/Developer/Xcode/DerivedData/revmeter-hbcnswmlqmbpnlazhhkncgeowiss/Build/Intermediates.noindex/Pods.build/Debug-iphonesimulator/ReactAppDependencyProvider.build/Objects-normal/arm64/af3fcb34312c57c0f52879cdce924b91-common-args.resp -include /Users/karelbraborec/rev-meter/ios/Pods/Target\ Support\ Files/ReactAppDependencyProvider/ReactAppDependencyProvider-prefix.pch -MMD -MT dependencies -MF /Users/karelbraborec/Library/Developer/Xcode/DerivedData/revmeter-hbcnswmlqmbpnlazhhkncgeowiss/Build/Intermediates.noindex/Pods.build/Debug-iphonesimulator/ReactAppDependencyProvider.build/Objects-normal/arm64/RCTAppDependencyProvider.d --serialize-diagnostics /Users/karelbraborec/Library/Developer/Xcode/DerivedData/revmeter-hbcnswmlqmbpnlazhhkncgeowiss/Build/Intermediates.noindex/Pods.build/Debug-iphonesimulator/ReactAppDependencyProvider.build/Objects-normal/arm64/RCTAppDependencyProvider.dia -c /Users/karelbraborec/rev-meter/ios/build/generated/ios/ReactAppDependencyProvider/RCTAppDependencyProvider.mm -o /Users/karelbraborec/Library/Developer/Xcode/DerivedData/revmeter-hbcnswmlqmbpnlazhhkncgeowiss/Build/Intermediates.noindex/Pods.build/Debug-iphonesimulator/ReactAppDependencyProvider.build/Objects-normal/arm64/RCTAppDependencyProvider.o -index-unit-output-path /Pods.build/Debug-iphonesimulator/ReactAppDependencyProvider.build/Objects-normal/arm64/RCTAppDependencyProvider.o

ScanDependencies /Users/karelbraborec/Library/Developer/Xcode/DerivedData/revmeter-hbcnswmlqmbpnlazhhkncgeowiss/Build/Intermediates.noindex/Pods.build/Debug-iphonesimulator/ReactAppDependencyProvider.build/Objects-normal/x86_64/ReactAppDependencyProvider-dummy.o /Users/karelbraborec/rev-meter/ios/Pods/Target\ Support\ Files/ReactAppDependencyProvider/ReactAppDependencyProvider-dummy.m normal x86_64 objective-c com.apple.compilers.llvm.clang.1_0.compiler (in target 'ReactAppDependencyProvider' from project 'Pods')
    cd /Users/karelbraborec/rev-meter/ios/Pods
    
    Using response file: /Users/karelbraborec/Library/Developer/Xcode/DerivedData/revmeter-hbcnswmlqmbpnlazhhkncgeowiss/Build/Intermediates.noindex/Pods.build/Debug-iphonesimulator/ReactAppDependencyProvider.build/Objects-normal/x86_64/e6072d4f65d7061329687fe24e3d63a7-common-args.resp
    
    builtin-ScanDependencies -o /Users/karelbraborec/Library/Developer/Xcode/DerivedData/revmeter-hbcnswmlqmbpnlazhhkncgeowiss/Build/Intermediates.noindex/Pods.build/Debug-iphonesimulator/ReactAppDependencyProvider.build/Objects-normal/x86_64/ReactAppDependencyProvider-dummy.o.scan -- /Applications/Xcode.app/Contents/Developer/Toolchains/XcodeDefault.xctoolchain/usr/bin/clang -x objective-c -ivfsstatcache /Users/karelbraborec/Library/Developer/Xcode/DerivedData/SDKStatCaches.noindex/iphonesimulator26.5-23F81a-6cfe768891a92b912361537c460fe42b.sdkstatcache -target x86_64-apple-ios15.1-simulator -fmessage-length\=0 -fdiagnostics-show-note-include-stack -fmacro-backtrace-limit\=0 -fno-color-diagnostics -fmodules-prune-interval\=86400 -fmodules-prune-after\=345600 -fbuild-session-file\=/Users/karelbraborec/Library/Developer/Xcode/DerivedData/ModuleCache.noindex/Session.modulevalidation -fmodules-validate-once-per-build-session -Wnon-modular-include-in-framework-module -Werror\=non-modular-include-in-framework-module -Wno-trigraphs -Wno-missing-field-initializers -Wno-missing-prototypes -Werror\=return-type -Wdocumentation -Wunreachable-code -Wno-implicit-atomic-properties -Werror\=deprecated-objc-isa-usage -Wno-objc-interface-ivars -Werror\=objc-root-class -Wno-arc-repeated-use-of-weak -Wimplicit-retain-self -Wduplicate-method-match -Wno-missing-braces -Wparentheses -Wswitch -Wunused-function -Wno-unused-label -Wno-unused-parameter -Wunused-variable -Wunused-value -Wempty-body -Wuninitialized -Wconditional-uninitialized -Wno-unknown-pragmas -Wno-shadow -Wno-four-char-constants -Wno-conversion -Wconstant-conversion -Wint-conversion -Wbool-conversion -Wenum-conversion -Wno-float-conversion -Wnon-literal-null-conversion -Wobjc-literal-conversion -Wshorten-64-to-32 -Wpointer-sign -Wno-newline-eof -Wno-selector -Wno-strict-selector-match -Wundeclared-selector -Wdeprecated-implementations -Wno-implicit-fallthrough -isysroot /Applications/Xcode.app/Contents/Developer/Platforms/iPhoneSimulator.platform/Developer/SDKs/iPhoneSimulator26.5.sdk -fstrict-aliasing -Wprotocol -Wdeprecated-declarations -Wno-sign-conversion -Winfinite-recursion -Wcomma -Wblock-capture-autoreleasing -Wstrict-prototypes -Wno-semicolon-before-method-body -Wunguarded-availability -index-store-path /Users/karelbraborec/Library/Developer/Xcode/DerivedData/revmeter-hbcnswmlqmbpnlazhhkncgeowiss/Index.noindex/DataStore @/Users/karelbraborec/Library/Developer/Xcode/DerivedData/revmeter-hbcnswmlqmbpnlazhhkncgeowiss/Build/Intermediates.noindex/Pods.build/Debug-iphonesimulator/ReactAppDependencyProvider.build/Objects-normal/x86_64/e6072d4f65d7061329687fe24e3d63a7-common-args.resp -include /Users/karelbraborec/rev-meter/ios/Pods/Target\ Support\ Files/ReactAppDependencyProvider/ReactAppDependencyProvider-prefix.pch -MMD -MT dependencies -MF /Users/karelbraborec/Library/Developer/Xcode/DerivedData/revmeter-hbcnswmlqmbpnlazhhkncgeowiss/Build/Intermediates.noindex/Pods.build/Debug-iphonesimulator/ReactAppDependencyProvider.build/Objects-normal/x86_64/ReactAppDependencyProvider-dummy.d --serialize-diagnostics /Users/karelbraborec/Library/Developer/Xcode/DerivedData/revmeter-hbcnswmlqmbpnlazhhkncgeowiss/Build/Intermediates.noindex/Pods.build/Debug-iphonesimulator/ReactAppDependencyProvider.build/Objects-normal/x86_64/ReactAppDependencyProvider-dummy.dia -c /Users/karelbraborec/rev-meter/ios/Pods/Target\ Support\ Files/ReactAppDependencyProvider/ReactAppDependencyProvider-dummy.m -o /Users/karelbraborec/Library/Developer/Xcode/DerivedData/revmeter-hbcnswmlqmbpnlazhhkncgeowiss/Build/Intermediates.noindex/Pods.build/Debug-iphonesimulator/ReactAppDependencyProvider.build/Objects-normal/x86_64/ReactAppDependencyProvider-dummy.o -index-unit-output-path /Pods.build/Debug-iphonesimulator/ReactAppDependencyProvider.build/Objects-normal/x86_64/ReactAppDependencyProvider-dummy.o

ScanDependencies /Users/karelbraborec/Library/Developer/Xcode/DerivedData/revmeter-hbcnswmlqmbpnlazhhkncgeowiss/Build/Intermediates.noindex/Pods.build/Debug-iphonesimulator/ReactAppDependencyProvider.build/Objects-normal/arm64/ReactAppDependencyProvider-dummy.o /Users/karelbraborec/rev-meter/ios/Pods/Target\ Support\ Files/ReactAppDependencyProvider/ReactAppDependencyProvider-dummy.m normal arm64 objective-c com.apple.compilers.llvm.clang.1_0.compiler (in target 'ReactAppDependencyProvider' from project 'Pods')
    cd /Users/karelbraborec/rev-meter/ios/Pods
    
    Using response file: /Users/karelbraborec/Library/Developer/Xcode/DerivedData/revmeter-hbcnswmlqmbpnlazhhkncgeowiss/Build/Intermediates.noindex/Pods.build/Debug-iphonesimulator/ReactAppDependencyProvider.build/Objects-normal/arm64/e6072d4f65d7061329687fe24e3d63a7-common-args.resp
    
    builtin-ScanDependencies -o /Users/karelbraborec/Library/Developer/Xcode/DerivedData/revmeter-hbcnswmlqmbpnlazhhkncgeowiss/Build/Intermediates.noindex/Pods.build/Debug-iphonesimulator/ReactAppDependencyProvider.build/Objects-normal/arm64/ReactAppDependencyProvider-dummy.o.scan -- /Applications/Xcode.app/Contents/Developer/Toolchains/XcodeDefault.xctoolchain/usr/bin/clang -x objective-c -ivfsstatcache /Users/karelbraborec/Library/Developer/Xcode/DerivedData/SDKStatCaches.noindex/iphonesimulator26.5-23F81a-6cfe768891a92b912361537c460fe42b.sdkstatcache -target arm64-apple-ios15.1-simulator -fmessage-length\=0 -fdiagnostics-show-note-include-stack -fmacro-backtrace-limit\=0 -fno-color-diagnostics -fmodules-prune-interval\=86400 -fmodules-prune-after\=345600 -fbuild-session-file\=/Users/karelbraborec/Library/Developer/Xcode/DerivedData/ModuleCache.noindex/Session.modulevalidation -fmodules-validate-once-per-build-session -Wnon-modular-include-in-framework-module -Werror\=non-modular-include-in-framework-module -Wno-trigraphs -Wno-missing-field-initializers -Wno-missing-prototypes -Werror\=return-type -Wdocumentation -Wunreachable-code -Wno-implicit-atomic-properties -Werror\=deprecated-objc-isa-usage -Wno-objc-interface-ivars -Werror\=objc-root-class -Wno-arc-repeated-use-of-weak -Wimplicit-retain-self -Wduplicate-method-match -Wno-missing-braces -Wparentheses -Wswitch -Wunused-function -Wno-unused-label -Wno-unused-parameter -Wunused-variable -Wunused-value -Wempty-body -Wuninitialized -Wconditional-uninitialized -Wno-unknown-pragmas -Wno-shadow -Wno-four-char-constants -Wno-conversion -Wconstant-conversion -Wint-conversion -Wbool-conversion -Wenum-conversion -Wno-float-conversion -Wnon-literal-null-conversion -Wobjc-literal-conversion -Wshorten-64-to-32 -Wpointer-sign -Wno-newline-eof -Wno-selector -Wno-strict-selector-match -Wundeclared-selector -Wdeprecated-implementations -Wno-implicit-fallthrough -isysroot /Applications/Xcode.app/Contents/Developer/Platforms/iPhoneSimulator.platform/Developer/SDKs/iPhoneSimulator26.5.sdk -fstrict-aliasing -Wprotocol -Wdeprecated-declarations -Wno-sign-conversion -Winfinite-recursion -Wcomma -Wblock-capture-autoreleasing -Wstrict-prototypes -Wno-semicolon-before-method-body -Wunguarded-availability -index-store-path /Users/karelbraborec/Library/Developer/Xcode/DerivedData/revmeter-hbcnswmlqmbpnlazhhkncgeowiss/Index.noindex/DataStore @/Users/karelbraborec/Library/Developer/Xcode/DerivedData/revmeter-hbcnswmlqmbpnlazhhkncgeowiss/Build/Intermediates.noindex/Pods.build/Debug-iphonesimulator/ReactAppDependencyProvider.build/Objects-normal/arm64/e6072d4f65d7061329687fe24e3d63a7-common-args.resp -include /Users/karelbraborec/rev-meter/ios/Pods/Target\ Support\ Files/ReactAppDependencyProvider/ReactAppDependencyProvider-prefix.pch -MMD -MT dependencies -MF /Users/karelbraborec/Library/Developer/Xcode/DerivedData/revmeter-hbcnswmlqmbpnlazhhkncgeowiss/Build/Intermediates.noindex/Pods.build/Debug-iphonesimulator/ReactAppDependencyProvider.build/Objects-normal/arm64/ReactAppDependencyProvider-dummy.d --serialize-diagnostics /Users/karelbraborec/Library/Developer/Xcode/DerivedData/revmeter-hbcnswmlqmbpnlazhhkncgeowiss/Build/Intermediates.noindex/Pods.build/Debug-iphonesimulator/ReactAppDependencyProvider.build/Objects-normal/arm64/ReactAppDependencyProvider-dummy.dia -c /Users/karelbraborec/rev-meter/ios/Pods/Target\ Support\ Files/ReactAppDependencyProvider/ReactAppDependencyProvider-dummy.m -o /Users/karelbraborec/Library/Developer/Xcode/DerivedData/revmeter-hbcnswmlqmbpnlazhhkncgeowiss/Build/Intermediates.noindex/Pods.build/Debug-iphonesimulator/ReactAppDependencyProvider.build/Objects-normal/arm64/ReactAppDependencyProvider-dummy.o -index-unit-output-path /Pods.build/Debug-iphonesimulator/ReactAppDependencyProvider.build/Objects-normal/arm64/ReactAppDependencyProvider-dummy.o

CompileC /Users/karelbraborec/Library/Developer/Xcode/DerivedData/revmeter-hbcnswmlqmbpnlazhhkncgeowiss/Build/Intermediates.noindex/Pods.build/Debug-iphonesimulator/ReactAppDependencyProvider.build/Objects-normal/x86_64/ReactAppDependencyProvider-dummy.o /Users/karelbraborec/rev-meter/ios/Pods/Target\ Support\ Files/ReactAppDependencyProvider/ReactAppDependencyProvider-dummy.m normal x86_64 objective-c com.apple.compilers.llvm.clang.1_0.compiler (in target 'ReactAppDependencyProvider' from project 'Pods')
    cd /Users/karelbraborec/rev-meter/ios/Pods
    
    Using response file: /Users/karelbraborec/Library/Developer/Xcode/DerivedData/revmeter-hbcnswmlqmbpnlazhhkncgeowiss/Build/Intermediates.noindex/Pods.build/Debug-iphonesimulator/ReactAppDependencyProvider.build/Objects-normal/x86_64/e6072d4f65d7061329687fe24e3d63a7-common-args.resp
    
    /Applications/Xcode.app/Contents/Developer/Toolchains/XcodeDefault.xctoolchain/usr/bin/clang -x objective-c -ivfsstatcache /Users/karelbraborec/Library/Developer/Xcode/DerivedData/SDKStatCaches.noindex/iphonesimulator26.5-23F81a-6cfe768891a92b912361537c460fe42b.sdkstatcache -target x86_64-apple-ios15.1-simulator -fmessage-length\=0 -fdiagnostics-show-note-include-stack -fmacro-backtrace-limit\=0 -fno-color-diagnostics -fmodules-prune-interval\=86400 -fmodules-prune-after\=345600 -fbuild-session-file\=/Users/karelbraborec/Library/Developer/Xcode/DerivedData/ModuleCache.noindex/Session.modulevalidation -fmodules-validate-once-per-build-session -Wnon-modular-include-in-framework-module -Werror\=non-modular-include-in-framework-module -Wno-trigraphs -Wno-missing-field-initializers -Wno-missing-prototypes -Werror\=return-type -Wdocumentation -Wunreachable-code -Wno-implicit-atomic-properties -Werror\=deprecated-objc-isa-usage -Wno-objc-interface-ivars -Werror\=objc-root-class -Wno-arc-repeated-use-of-weak -Wimplicit-retain-self -Wduplicate-method-match -Wno-missing-braces -Wparentheses -Wswitch -Wunused-function -Wno-unused-label -Wno-unused-parameter -Wunused-variable -Wunused-value -Wempty-body -Wuninitialized -Wconditional-uninitialized -Wno-unknown-pragmas -Wno-shadow -Wno-four-char-constants -Wno-conversion -Wconstant-conversion -Wint-conversion -Wbool-conversion -Wenum-conversion -Wno-float-conversion -Wnon-literal-null-conversion -Wobjc-literal-conversion -Wshorten-64-to-32 -Wpointer-sign -Wno-newline-eof -Wno-selector -Wno-strict-selector-match -Wundeclared-selector -Wdeprecated-implementations -Wno-implicit-fallthrough -isysroot /Applications/Xcode.app/Contents/Developer/Platforms/iPhoneSimulator.platform/Developer/SDKs/iPhoneSimulator26.5.sdk -fstrict-aliasing -Wprotocol -Wdeprecated-declarations -Wno-sign-conversion -Winfinite-recursion -Wcomma -Wblock-capture-autoreleasing -Wstrict-prototypes -Wno-semicolon-before-method-body -Wunguarded-availability -index-store-path /Users/karelbraborec/Library/Developer/Xcode/DerivedData/revmeter-hbcnswmlqmbpnlazhhkncgeowiss/Index.noindex/DataStore @/Users/karelbraborec/Library/Developer/Xcode/DerivedData/revmeter-hbcnswmlqmbpnlazhhkncgeowiss/Build/Intermediates.noindex/Pods.build/Debug-iphonesimulator/ReactAppDependencyProvider.build/Objects-normal/x86_64/e6072d4f65d7061329687fe24e3d63a7-common-args.resp -include /Users/karelbraborec/rev-meter/ios/Pods/Target\ Support\ Files/ReactAppDependencyProvider/ReactAppDependencyProvider-prefix.pch -MMD -MT dependencies -MF /Users/karelbraborec/Library/Developer/Xcode/DerivedData/revmeter-hbcnswmlqmbpnlazhhkncgeowiss/Build/Intermediates.noindex/Pods.build/Debug-iphonesimulator/ReactAppDependencyProvider.build/Objects-normal/x86_64/ReactAppDependencyProvider-dummy.d --serialize-diagnostics /Users/karelbraborec/Library/Developer/Xcode/DerivedData/revmeter-hbcnswmlqmbpnlazhhkncgeowiss/Build/Intermediates.noindex/Pods.build/Debug-iphonesimulator/ReactAppDependencyProvider.build/Objects-normal/x86_64/ReactAppDependencyProvider-dummy.dia -c /Users/karelbraborec/rev-meter/ios/Pods/Target\ Support\ Files/ReactAppDependencyProvider/ReactAppDependencyProvider-dummy.m -o /Users/karelbraborec/Library/Developer/Xcode/DerivedData/revmeter-hbcnswmlqmbpnlazhhkncgeowiss/Build/Intermediates.noindex/Pods.build/Debug-iphonesimulator/ReactAppDependencyProvider.build/Objects-normal/x86_64/ReactAppDependencyProvider-dummy.o -index-unit-output-path /Pods.build/Debug-iphonesimulator/ReactAppDependencyProvider.build/Objects-normal/x86_64/ReactAppDependencyProvider-dummy.o

PrecompileModule /Users/karelbraborec/Library/Developer/Xcode/DerivedData/revmeter-hbcnswmlqmbpnlazhhkncgeowiss/Build/Intermediates.noindex/ExplicitPrecompiledModules/CoreVideo-69PBSH0EESEJQWCUDE95J7IJ3.scan
    cd /
    builtin-precompileModule /Users/karelbraborec/Library/Developer/Xcode/DerivedData/revmeter-hbcnswmlqmbpnlazhhkncgeowiss/Build/Intermediates.noindex/ExplicitPrecompiledModules/CoreVideo-69PBSH0EESEJQWCUDE95J7IJ3.scan

CompileC /Users/karelbraborec/Library/Developer/Xcode/DerivedData/revmeter-hbcnswmlqmbpnlazhhkncgeowiss/Build/Intermediates.noindex/Pods.build/Debug-iphonesimulator/ReactAppDependencyProvider.build/Objects-normal/arm64/ReactAppDependencyProvider-dummy.o /Users/karelbraborec/rev-meter/ios/Pods/Target\ Support\ Files/ReactAppDependencyProvider/ReactAppDependencyProvider-dummy.m normal arm64 objective-c com.apple.compilers.llvm.clang.1_0.compiler (in target 'ReactAppDependencyProvider' from project 'Pods')
    cd /Users/karelbraborec/rev-meter/ios/Pods
    
    Using response file: /Users/karelbraborec/Library/Developer/Xcode/DerivedData/revmeter-hbcnswmlqmbpnlazhhkncgeowiss/Build/Intermediates.noindex/Pods.build/Debug-iphonesimulator/ReactAppDependencyProvider.build/Objects-normal/arm64/e6072d4f65d7061329687fe24e3d63a7-common-args.resp
    
    /Applications/Xcode.app/Contents/Developer/Toolchains/XcodeDefault.xctoolchain/usr/bin/clang -x objective-c -ivfsstatcache /Users/karelbraborec/Library/Developer/Xcode/DerivedData/SDKStatCaches.noindex/iphonesimulator26.5-23F81a-6cfe768891a92b912361537c460fe42b.sdkstatcache -target arm64-apple-ios15.1-simulator -fmessage-length\=0 -fdiagnostics-show-note-include-stack -fmacro-backtrace-limit\=0 -fno-color-diagnostics -fmodules-prune-interval\=86400 -fmodules-prune-after\=345600 -fbuild-session-file\=/Users/karelbraborec/Library/Developer/Xcode/DerivedData/ModuleCache.noindex/Session.modulevalidation -fmodules-validate-once-per-build-session -Wnon-modular-include-in-framework-module -Werror\=non-modular-include-in-framework-module -Wno-trigraphs -Wno-missing-field-initializers -Wno-missing-prototypes -Werror\=return-type -Wdocumentation -Wunreachable-code -Wno-implicit-atomic-properties -Werror\=deprecated-objc-isa-usage -Wno-objc-interface-ivars -Werror\=objc-root-class -Wno-arc-repeated-use-of-weak -Wimplicit-retain-self -Wduplicate-method-match -Wno-missing-braces -Wparentheses -Wswitch -Wunused-function -Wno-unused-label -Wno-unused-parameter -Wunused-variable -Wunused-value -Wempty-body -Wuninitialized -Wconditional-uninitialized -Wno-unknown-pragmas -Wno-shadow -Wno-four-char-constants -Wno-conversion -Wconstant-conversion -Wint-conversion -Wbool-conversion -Wenum-conversion -Wno-float-conversion -Wnon-literal-null-conversion -Wobjc-literal-conversion -Wshorten-64-to-32 -Wpointer-sign -Wno-newline-eof -Wno-selector -Wno-strict-selector-match -Wundeclared-selector -Wdeprecated-implementations -Wno-implicit-fallthrough -isysroot /Applications/Xcode.app/Contents/Developer/Platforms/iPhoneSimulator.platform/Developer/SDKs/iPhoneSimulator26.5.sdk -fstrict-aliasing -Wprotocol -Wdeprecated-declarations -Wno-sign-conversion -Winfinite-recursion -Wcomma -Wblock-capture-autoreleasing -Wstrict-prototypes -Wno-semicolon-before-method-body -Wunguarded-availability -index-store-path /Users/karelbraborec/Library/Developer/Xcode/DerivedData/revmeter-hbcnswmlqmbpnlazhhkncgeowiss/Index.noindex/DataStore @/Users/karelbraborec/Library/Developer/Xcode/DerivedData/revmeter-hbcnswmlqmbpnlazhhkncgeowiss/Build/Intermediates.noindex/Pods.build/Debug-iphonesimulator/ReactAppDependencyProvider.build/Objects-normal/arm64/e6072d4f65d7061329687fe24e3d63a7-common-args.resp -include /Users/karelbraborec/rev-meter/ios/Pods/Target\ Support\ Files/ReactAppDependencyProvider/ReactAppDependencyProvider-prefix.pch -MMD -MT dependencies -MF /Users/karelbraborec/Library/Developer/Xcode/DerivedData/revmeter-hbcnswmlqmbpnlazhhkncgeowiss/Build/Intermediates.noindex/Pods.build/Debug-iphonesimulator/ReactAppDependencyProvider.build/Objects-normal/arm64/ReactAppDependencyProvider-dummy.d --serialize-diagnostics /Users/karelbraborec/Library/Developer/Xcode/DerivedData/revmeter-hbcnswmlqmbpnlazhhkncgeowiss/Build/Intermediates.noindex/Pods.build/Debug-iphonesimulator/ReactAppDependencyProvider.build/Objects-normal/arm64/ReactAppDependencyProvider-dummy.dia -c /Users/karelbraborec/rev-meter/ios/Pods/Target\ Support\ Files/ReactAppDependencyProvider/ReactAppDependencyProvider-dummy.m -o /Users/karelbraborec/Library/Developer/Xcode/DerivedData/revmeter-hbcnswmlqmbpnlazhhkncgeowiss/Build/Intermediates.noindex/Pods.build/Debug-iphonesimulator/ReactAppDependencyProvider.build/Objects-normal/arm64/ReactAppDependencyProvider-dummy.o -index-unit-output-path /Pods.build/Debug-iphonesimulator/ReactAppDependencyProvider.build/Objects-normal/arm64/ReactAppDependencyProvider-dummy.o

PhaseScriptExecution [CP-User]\ [Expo]\ Resolve\ ExpoModulesCore\ dSYM\ source\ maps /Users/karelbraborec/Library/Developer/Xcode/DerivedData/revmeter-hbcnswmlqmbpnlazhhkncgeowiss/Build/Intermediates.noindex/Pods.build/Debug-iphonesimulator/ExpoModulesCore.build/Script-46EB2E0001F3D0.sh (in target 'ExpoModulesCore' from project 'Pods')
    cd /Users/karelbraborec/rev-meter/ios/Pods
    export ACTION\=build
    export AD_HOC_CODE_SIGNING_ALLOWED\=YES
    export ALLOW_BUILD_REQUEST_OVERRIDES\=NO
    export ALLOW_TARGET_PLATFORM_SPECIALIZATION\=NO
    export ALTERNATE_GROUP\=staff
    export ALTERNATE_MODE\=u+w,go-w,a+rX
    export ALTERNATE_OWNER\=karelbraborec
    export ALTERNATIVE_DISTRIBUTION_WEB\=NO
    export ALWAYS_EMBED_SWIFT_STANDARD_LIBRARIES\=NO
    export ALWAYS_SEARCH_USER_PATHS\=NO
    export ALWAYS_USE_SEPARATE_HEADERMAPS\=NO
    export APPLICATION_EXTENSION_API_ONLY\=NO
    export APPLY_RULES_IN_COPY_FILES\=NO
    export APPLY_RULES_IN_COPY_HEADERS\=NO
    export APP_SHORTCUTS_ENABLE_FLEXIBLE_MATCHING\=YES
    export ARCHS\=arm64\ x86_64
    export ARCHS_BASE\=arm64\ x86_64
    export ARCHS_STANDARD\=arm64\ x86_64
    export ARCHS_STANDARD_32_64_BIT\=arm64\ x86_64
    export ARCHS_STANDARD_64_BIT\=arm64\ x86_64
    export ARCHS_STANDARD_INCLUDING_64_BIT\=arm64\ x86_64
    export ARCHS_UNIVERSAL_IPHONE_OS\=arm64\ x86_64
    export ASSETCATALOG_COMPILER_APPICON_NAME\=AppIcon
    export ASSETCATALOG_COMPILER_GLOBAL_ACCENT_COLOR_NAME\=AccentColor
    export AUTOMATICALLY_MERGE_DEPENDENCIES\=NO
    export AUTOMATION_APPLE_EVENTS\=NO
    export AVAILABLE_PLATFORMS\=android\ appletvos\ appletvsimulator\ driverkit\ freebsd\ iphoneos\ iphonesimulator\ linux\ macosx\ none\ openbsd\ qnx\ watchos\ watchsimulator\ webassembly\ xros\ xrsimulator
    export BUILD_ACTIVE_RESOURCES_ONLY\=NO
    export BUILD_COMPONENTS\=headers\ build
    export BUILD_DIR\=/Users/karelbraborec/Library/Developer/Xcode/DerivedData/revmeter-hbcnswmlqmbpnlazhhkncgeowiss/Build/Products
    export BUILD_LIBRARY_FOR_DISTRIBUTION\=NO
    export BUILD_ONLY_KNOWN_LOCALIZATIONS\=NO
    export BUILD_ROOT\=/Users/karelbraborec/Library/Developer/Xcode/DerivedData/revmeter-hbcnswmlqmbpnlazhhkncgeowiss/Build/Products
    export BUILD_STYLE\=
    export BUILD_VARIANTS\=normal
    export BUILT_PRODUCTS_DIR\=/Users/karelbraborec/Library/Developer/Xcode/DerivedData/revmeter-hbcnswmlqmbpnlazhhkncgeowiss/Build/Products/Debug-iphonesimulator/ExpoModulesCore
    export BUNDLE_CONTENTS_FOLDER_PATH_deep\=Contents/
    export BUNDLE_EXECUTABLE_FOLDER_NAME_deep\=MacOS
    export BUNDLE_EXTENSIONS_FOLDER_PATH\=Extensions
    export BUNDLE_FORMAT\=shallow
    export BUNDLE_FRAMEWORKS_FOLDER_PATH\=Frameworks
    export BUNDLE_PLUGINS_FOLDER_PATH\=PlugIns
    export BUNDLE_PRIVATE_HEADERS_FOLDER_PATH\=PrivateHeaders
    export BUNDLE_PUBLIC_HEADERS_FOLDER_PATH\=Headers
    export CACHE_ROOT\=/var/folders/zn/6f_ddjd136v_cf62f8s84b0m0000gn/C/com.apple.DeveloperTools/26.6-17F113/Xcode
    export CCHROOT\=/var/folders/zn/6f_ddjd136v_cf62f8s84b0m0000gn/C/com.apple.DeveloperTools/26.6-17F113/Xcode
    export CHMOD\=/bin/chmod
    export CHOWN\=chown
    export CLANG_ANALYZER_LOCALIZABILITY_NONLOCALIZED\=YES
    export CLANG_ANALYZER_NONNULL\=YES
    export CLANG_ANALYZER_NUMBER_OBJECT_CONVERSION\=YES_AGGRESSIVE
    export CLANG_CACHE_FINE_GRAINED_OUTPUTS\=YES
    export CLANG_CXX_LANGUAGE_STANDARD\=c++20
    export CLANG_CXX_LIBRARY\=libc++
    export CLANG_ENABLE_EXPLICIT_MODULES\=YES
    export CLANG_ENABLE_MODULES\=YES
    export CLANG_ENABLE_OBJC_ARC\=YES
    export CLANG_ENABLE_OBJC_WEAK\=NO
    export CLANG_MODULES_BUILD_SESSION_FILE\=/Users/karelbraborec/Library/Developer/Xcode/DerivedData/ModuleCache.noindex/Session.modulevalidation
    export CLANG_WARN_BLOCK_CAPTURE_AUTORELEASING\=YES
    export CLANG_WARN_BOOL_CONVERSION\=YES
    export CLANG_WARN_COMMA\=YES
    export CLANG_WARN_CONSTANT_CONVERSION\=YES
    export CLANG_WARN_DEPRECATED_OBJC_IMPLEMENTATIONS\=YES
    export CLANG_WARN_DIRECT_OBJC_ISA_USAGE\=YES_ERROR
    export CLANG_WARN_DOCUMENTATION_COMMENTS\=YES
    export CLANG_WARN_EMPTY_BODY\=YES
    export CLANG_WARN_ENUM_CONVERSION\=YES
    export CLANG_WARN_INFINITE_RECURSION\=YES
    export CLANG_WARN_INT_CONVERSION\=YES
    export CLANG_WARN_NON_LITERAL_NULL_CONVERSION\=YES
    export CLANG_WARN_OBJC_IMPLICIT_RETAIN_SELF\=YES
    export CLANG_WARN_OBJC_LITERAL_CONVERSION\=YES
    export CLANG_WARN_OBJC_ROOT_CLASS\=YES_ERROR
    export CLANG_WARN_QUOTED_INCLUDE_IN_FRAMEWORK_HEADER\=NO
    export CLANG_WARN_RANGE_LOOP_ANALYSIS\=YES
    export CLANG_WARN_STRICT_PROTOTYPES\=YES
    export CLANG_WARN_SUSPICIOUS_MOVE\=YES
    export CLANG_WARN_UNGUARDED_AVAILABILITY\=YES_AGGRESSIVE
    export CLANG_WARN_UNREACHABLE_CODE\=YES
    export CLANG_WARN__DUPLICATE_METHOD_MATCH\=YES
    export CLASS_FILE_DIR\=/Users/karelbraborec/Library/Developer/Xcode/DerivedData/revmeter-hbcnswmlqmbpnlazhhkncgeowiss/Build/Intermediates.noindex/Pods.build/Debug-iphonesimulator/ExpoModulesCore.build/JavaClasses
    export CLEAN_PRECOMPS\=YES
    export CLONE_HEADERS\=NO
    export CODESIGNING_FOLDER_PATH\=/Users/karelbraborec/Library/Developer/Xcode/DerivedData/revmeter-hbcnswmlqmbpnlazhhkncgeowiss/Build/Products/Debug-iphonesimulator/ExpoModulesCore/
    export CODE_SIGNING_ALLOWED\=NO
    export CODE_SIGNING_REQUIRED\=YES
    export CODE_SIGN_CONTEXT_CLASS\=XCiPhoneSimulatorCodeSignContext
    export CODE_SIGN_IDENTITY\=-
    export CODE_SIGN_INJECT_BASE_ENTITLEMENTS\=YES
    export COLOR_DIAGNOSTICS\=NO
    export COMBINE_HIDPI_IMAGES\=NO
    export COMPILATION_CACHE_CAS_PATH\=/Users/karelbraborec/Library/Developer/Xcode/DerivedData/CompilationCache.noindex
    export COMPILATION_CACHE_KEEP_CAS_DIRECTORY\=YES
    export COMPILER_INDEX_STORE_ENABLE\=Default
    export COMPOSITE_SDK_DIRS\=/Users/karelbraborec/Library/Developer/Xcode/DerivedData/revmeter-hbcnswmlqmbpnlazhhkncgeowiss/Build/Intermediates.noindex/CompositeSDKs
    export COMPRESS_PNG_FILES\=YES
    export CONFIGURATION\=Debug
    export CONFIGURATION_BUILD_DIR\=/Users/karelbraborec/Library/Developer/Xcode/DerivedData/revmeter-hbcnswmlqmbpnlazhhkncgeowiss/Build/Products/Debug-iphonesimulator/ExpoModulesCore
    export CONFIGURATION_TEMP_DIR\=/Users/karelbraborec/Library/Developer/Xcode/DerivedData/revmeter-hbcnswmlqmbpnlazhhkncgeowiss/Build/Intermediates.noindex/Pods.build/Debug-iphonesimulator
    export COPYING_PRESERVES_HFS_DATA\=NO
    export COPY_HEADERS_RUN_UNIFDEF\=NO
    export COPY_PHASE_STRIP\=NO
    export CORRESPONDING_DEVICE_PLATFORM_DIR\=/Applications/Xcode.app/Contents/Developer/Platforms/iPhoneOS.platform
    export CORRESPONDING_DEVICE_PLATFORM_NAME\=iphoneos
    export CORRESPONDING_DEVICE_SDK_DIR\=/Applications/Xcode.app/Contents/Developer/Platforms/iPhoneOS.platform/Developer/SDKs/iPhoneOS26.5.sdk
    export CORRESPONDING_DEVICE_SDK_NAME\=iphoneos26.5
    export CP\=/bin/cp
    export CREATE_INFOPLIST_SECTION_IN_BINARY\=NO
    export CURRENT_ARCH\=undefined_arch
    export CURRENT_VARIANT\=normal
    export DEAD_CODE_STRIPPING\=YES
    export DEBUGGING_SYMBOLS\=YES
    export DEBUG_INFORMATION_FORMAT\=dwarf
    export DEBUG_INFORMATION_VERSION\=compiler-default
    export DEFAULT_COMPILER\=com.apple.compilers.llvm.clang.1_0
    export DEFAULT_DEXT_INSTALL_PATH\=/System/Library/DriverExtensions
    export DEFAULT_KEXT_INSTALL_PATH\=/System/Library/Extensions
    export DEFINES_MODULE\=YES
    export DEPLOYMENT_LOCATION\=NO
    export DEPLOYMENT_POSTPROCESSING\=NO
    export DEPLOYMENT_TARGET_SETTING_NAME\=IPHONEOS_DEPLOYMENT_TARGET
    export DEPLOYMENT_TARGET_SUGGESTED_VALUES\=12.0\ 12.1\ 12.2\ 12.3\ 12.4\ 13.0\ 13.1\ 13.2\ 13.3\ 13.4\ 13.5\ 13.6\ 14.0\ 14.1\ 14.2\ 14.3\ 14.4\ 14.5\ 14.6\ 14.7\ 15.0\ 15.1\ 15.2\ 15.3\ 15.4\ 15.5\ 15.6\ 16.0\ 16.1\ 16.2\ 16.3\ 16.4\ 16.5\ 16.6\ 17.0\ 17.1\ 17.2\ 17.3\ 17.4\ 17.5\ 17.6\ 18.0\ 18.1\ 18.2\ 18.3\ 18.4\ 18.5\ 18.6\ 26.0\ 26.2\ 26.3\ 26.4\ 26.5
    export DERIVED_FILES_DIR\=/Users/karelbraborec/Library/Developer/Xcode/DerivedData/revmeter-hbcnswmlqmbpnlazhhkncgeowiss/Build/Intermediates.noindex/Pods.build/Debug-iphonesimulator/ExpoModulesCore.build/DerivedSources
    export DERIVED_FILE_DIR\=/Users/karelbraborec/Library/Developer/Xcode/DerivedData/revmeter-hbcnswmlqmbpnlazhhkncgeowiss/Build/Intermediates.noindex/Pods.build/Debug-iphonesimulator/ExpoModulesCore.build/DerivedSources
    export DERIVED_SOURCES_DIR\=/Users/karelbraborec/Library/Developer/Xcode/DerivedData/revmeter-hbcnswmlqmbpnlazhhkncgeowiss/Build/Intermediates.noindex/Pods.build/Debug-iphonesimulator/ExpoModulesCore.build/DerivedSources
    export DEVELOPER_APPLICATIONS_DIR\=/Applications/Xcode.app/Contents/Developer/Applications
    export DEVELOPER_BIN_DIR\=/Applications/Xcode.app/Contents/Developer/usr/bin
    export DEVELOPER_DIR\=/Applications/Xcode.app/Contents/Developer
    export DEVELOPER_FRAMEWORKS_DIR\=/Applications/Xcode.app/Contents/Developer/Library/Frameworks
    export DEVELOPER_FRAMEWORKS_DIR_QUOTED\=/Applications/Xcode.app/Contents/Developer/Library/Frameworks
    export DEVELOPER_LIBRARY_DIR\=/Applications/Xcode.app/Contents/Developer/Library
    export DEVELOPER_SDK_DIR\=/Applications/Xcode.app/Contents/Developer/Platforms/MacOSX.platform/Developer/SDKs
    export DEVELOPER_TOOLS_DIR\=/Applications/Xcode.app/Contents/Developer/Tools
    export DEVELOPER_USR_DIR\=/Applications/Xcode.app/Contents/Developer/usr
    export DEVELOPMENT_LANGUAGE\=en
    export DIAGNOSE_MISSING_TARGET_DEPENDENCIES\=YES
    export DIFF\=/usr/bin/diff
    export DONT_GENERATE_INFOPLIST_FILE\=NO
    export DSTROOT\=/tmp/Pods.dst
    export DT_TOOLCHAIN_DIR\=/Applications/Xcode.app/Contents/Developer/Toolchains/XcodeDefault.xctoolchain
    export DUMP_DEPENDENCIES\=NO
    export DUMP_DEPENDENCIES_OUTPUT_PATH\=/Users/karelbraborec/Library/Developer/Xcode/DerivedData/revmeter-hbcnswmlqmbpnlazhhkncgeowiss/Build/Intermediates.noindex/Pods.build/Debug-iphonesimulator/ExpoModulesCore.build/ExpoModulesCore-BuildDependencyInfo.json
    export DWARF_DSYM_FILE_NAME\=.dSYM
    export DWARF_DSYM_FILE_SHOULD_ACCOMPANY_PRODUCT\=NO
    export DWARF_DSYM_FOLDER_PATH\=/Users/karelbraborec/Library/Developer/Xcode/DerivedData/revmeter-hbcnswmlqmbpnlazhhkncgeowiss/Build/Products/Debug-iphonesimulator/ExpoModulesCore
    export DYNAMIC_LIBRARY_EXTENSION\=dylib
    export EAGER_COMPILATION_ALLOW_SCRIPTS\=NO
    export EAGER_LINKING\=NO
    export EFFECTIVE_PLATFORM_NAME\=-iphonesimulator
    export EFFECTIVE_SWIFT_VERSION\=5
    export EMBEDDED_CONTENT_CONTAINS_SWIFT\=NO
    export EMBED_ASSET_PACKS_IN_PRODUCT_BUNDLE\=NO
    export ENABLE_APP_SANDBOX\=NO
    export ENABLE_CODE_COVERAGE\=YES
    export ENABLE_COHORT_ARCHS\=NO
    export ENABLE_CPLUSPLUS_BOUNDS_SAFE_BUFFERS\=NO
    export ENABLE_C_BOUNDS_SAFETY\=NO
    export ENABLE_DEFAULT_HEADER_SEARCH_PATHS\=YES
    export ENABLE_DEFAULT_SEARCH_PATHS\=YES
    export ENABLE_ENHANCED_SECURITY\=NO
    export ENABLE_HARDENED_RUNTIME\=NO
    export ENABLE_HEADER_DEPENDENCIES\=YES
    export ENABLE_INCOMING_NETWORK_CONNECTIONS\=NO
    export ENABLE_ON_DEMAND_RESOURCES\=NO
    export ENABLE_OUTGOING_NETWORK_CONNECTIONS\=NO
    export ENABLE_POINTER_AUTHENTICATION\=NO
    export ENABLE_PREVIEWS\=NO
    export ENABLE_RESOURCE_ACCESS_AUDIO_INPUT\=NO
    export ENABLE_RESOURCE_ACCESS_BLUETOOTH\=NO
    export ENABLE_RESOURCE_ACCESS_CALENDARS\=NO
    export ENABLE_RESOURCE_ACCESS_CAMERA\=NO
    export ENABLE_RESOURCE_ACCESS_CONTACTS\=NO
    export ENABLE_RESOURCE_ACCESS_LOCATION\=NO
    export ENABLE_RESOURCE_ACCESS_PHOTO_LIBRARY\=NO
    export ENABLE_RESOURCE_ACCESS_PRINTING\=NO
    export ENABLE_RESOURCE_ACCESS_USB\=NO
    export ENABLE_SDK_IMPORTS\=NO
    export ENABLE_SECURITY_COMPILER_WARNINGS\=NO
    export ENABLE_STRICT_OBJC_MSGSEND\=YES
    export ENABLE_TESTABILITY\=YES
    export ENABLE_TESTING_SEARCH_PATHS\=NO
    export ENABLE_USER_SCRIPT_SANDBOXING\=NO
    export ENABLE_XOJIT_PREVIEWS\=YES
    export ENFORCE_VALID_ARCHS\=YES
    export ENTITLEMENTS_DESTINATION\=__entitlements
    export ENTITLEMENTS_REQUIRED\=YES
    export EXCLUDED_INSTALLSRC_SUBDIRECTORY_PATTERNS\=.DS_Store\ .svn\ .git\ .hg\ CVS
    export EXCLUDED_RECURSIVE_SEARCH_PATH_SUBDIRECTORIES\=\*.nib\ \*.lproj\ \*.framework\ \*.gch\ \*.xcode\*\ \*.xcassets\ \*.icon\ \(\*\)\ .DS_Store\ CVS\ .svn\ .git\ .hg\ \*.pbproj\ \*.pbxproj
    export FILE_LIST\=/Users/karelbraborec/Library/Developer/Xcode/DerivedData/revmeter-hbcnswmlqmbpnlazhhkncgeowiss/Build/Intermediates.noindex/Pods.build/Debug-iphonesimulator/ExpoModulesCore.build/Objects/LinkFileList
    export FIXED_FILES_DIR\=/Users/karelbraborec/Library/Developer/Xcode/DerivedData/revmeter-hbcnswmlqmbpnlazhhkncgeowiss/Build/Intermediates.noindex/Pods.build/Debug-iphonesimulator/ExpoModulesCore.build/FixedFiles
    export FRAMEWORK_SEARCH_PATHS\=\ \"/Users/karelbraborec/rev-meter/ios/Pods/../../node_modules/expo-modules-jsi/apple/Products\"\ \"/Users/karelbraborec/rev-meter/ios/Pods/ExpoModulesCore\"\ \"/Users/karelbraborec/rev-meter/ios/Pods/React-Core-prebuilt\"\ \"/Users/karelbraborec/rev-meter/ios/Pods/ReactNativeDependencies/framework/packages/react-native\"\ \"/Users/karelbraborec/rev-meter/ios/Pods/hermes-engine/destroot/Library/Frameworks/universal\"\ \"/Users/karelbraborec/Library/Developer/Xcode/DerivedData/revmeter-hbcnswmlqmbpnlazhhkncgeowiss/Build/Products/Debug-iphonesimulator/XCFrameworkIntermediates/ExpoModulesCore\"\ \"/Users/karelbraborec/Library/Developer/Xcode/DerivedData/revmeter-hbcnswmlqmbpnlazhhkncgeowiss/Build/Products/Debug-iphonesimulator/XCFrameworkIntermediates/ExpoModulesJSI\"\ \"/Users/karelbraborec/Library/Developer/Xcode/DerivedData/revmeter-hbcnswmlqmbpnlazhhkncgeowiss/Build/Products/Debug-iphonesimulator/XCFrameworkIntermediates/React-Core-prebuilt\"\ \"/Users/karelbraborec/Library/Developer/Xcode/DerivedData/revmeter-hbcnswmlqmbpnlazhhkncgeowiss/Build/Products/Debug-iphonesimulator/XCFrameworkIntermediates/ReactNativeDependencies\"\ \"/Users/karelbraborec/Library/Developer/Xcode/DerivedData/revmeter-hbcnswmlqmbpnlazhhkncgeowiss/Build/Products/Debug-iphonesimulator/XCFrameworkIntermediates/hermes-engine/Pre-built\"
    export FRAMEWORK_VERSION\=A
    export FUSE_BUILD_PHASES\=YES
    export FUSE_BUILD_SCRIPT_PHASES\=NO
    export GCC3_VERSION\=3.3
    export GCC_C_LANGUAGE_STANDARD\=gnu11
    export GCC_DYNAMIC_NO_PIC\=NO
    export GCC_NO_COMMON_BLOCKS\=YES
    export GCC_OBJC_LEGACY_DISPATCH\=YES
    export GCC_OPTIMIZATION_LEVEL\=0
    export GCC_PFE_FILE_C_DIALECTS\=c\ objective-c\ c++\ objective-c++
    export GCC_PREPROCESSOR_DEFINITIONS\=POD_CONFIGURATION_DEBUG\=1\ DEBUG\=1\ \ COCOAPODS\=1\ POD_CONFIGURATION_DEBUG\=1\ DEBUG\=1\ \ EXPO_MODULES_CORE_VERSION\=57.0.11
    export GCC_TREAT_WARNINGS_AS_ERRORS\=NO
    export GCC_VERSION\=com.apple.compilers.llvm.clang.1_0
    export GCC_VERSION_IDENTIFIER\=com_apple_compilers_llvm_clang_1_0
    export GCC_WARN_64_TO_32_BIT_CONVERSION\=YES
    export GCC_WARN_ABOUT_RETURN_TYPE\=YES_ERROR
    export GCC_WARN_UNDECLARED_SELECTOR\=YES
    export GCC_WARN_UNINITIALIZED_AUTOS\=YES_AGGRESSIVE
    export GCC_WARN_UNUSED_FUNCTION\=YES
    export GCC_WARN_UNUSED_VARIABLE\=YES
    export GENERATED_MODULEMAP_DIR\=/Users/karelbraborec/Library/Developer/Xcode/DerivedData/revmeter-hbcnswmlqmbpnlazhhkncgeowiss/Build/Intermediates.noindex/GeneratedModuleMaps-iphonesimulator
    export GENERATE_INFOPLIST_FILE\=NO
    export GENERATE_INTERMEDIATE_TEXT_BASED_STUBS\=YES
    export GENERATE_PKGINFO_FILE\=NO
    export GENERATE_PRELINK_OBJECT_FILE\=NO
    export GENERATE_PROFILING_CODE\=NO
    export GENERATE_TEXT_BASED_STUBS\=NO
    export GID\=20
    export GROUP\=staff
    export HEADERMAP_INCLUDES_FLAT_ENTRIES_FOR_TARGET_BEING_BUILT\=YES
    export HEADERMAP_INCLUDES_FRAMEWORK_ENTRIES_FOR_ALL_PRODUCT_TYPES\=YES
    export HEADERMAP_INCLUDES_FRAMEWORK_ENTRIES_FOR_TARGETS_NOT_BEING_BUILT\=YES
    export HEADERMAP_INCLUDES_NONPUBLIC_NONPRIVATE_HEADERS\=YES
    export HEADERMAP_INCLUDES_PROJECT_HEADERS\=YES
    export HEADERMAP_USES_FRAMEWORK_PREFIX_ENTRIES\=YES
    export HEADERMAP_USES_VFS\=YES
    export HEADER_SEARCH_PATHS\=\ \"/Users/karelbraborec/rev-meter/ios/Pods/Headers/Public\"\ \"/Users/karelbraborec/rev-meter/ios/Pods/Headers/Public/FBLazyVector\"\ \"/Users/karelbraborec/rev-meter/ios/Pods/Headers/Public/RCTRequired\"\ \"/Users/karelbraborec/rev-meter/ios/Pods/Headers/Public/RCTSwiftUIWrapper\"\ \"/Users/karelbraborec/rev-meter/ios/Pods/Headers/Public/RCTTypeSafety\"\ \"/Users/karelbraborec/rev-meter/ios/Pods/Headers/Public/React-Core\"\ \"/Users/karelbraborec/rev-meter/ios/Pods/Headers/Public/React-Core-prebuilt\"\ \"/Users/karelbraborec/rev-meter/ios/Pods/Headers/Public/React-CoreModules\"\ \"/Users/karelbraborec/rev-meter/ios/Pods/Headers/Public/React-Fabric\"\ \"/Users/karelbraborec/rev-meter/ios/Pods/Headers/Public/React-FabricComponents\"\ \"/Users/karelbraborec/rev-meter/ios/Pods/Headers/Public/React-FabricImage\"\ \"/Users/karelbraborec/rev-meter/ios/Pods/Headers/Public/React-ImageManager\"\ \"/Users/karelbraborec/rev-meter/ios/Pods/Headers/Public/React-Mapbuffer\"\ \"/Users/karelbraborec/rev-meter/ios/Pods/Headers/Public/React-NativeModulesApple\"\ \"/Users/karelbraborec/rev-meter/ios/Pods/Headers/Public/React-RCTAnimation\"\ \"/Users/karelbraborec/rev-meter/ios/Pods/Headers/Public/React-RCTBlob\"\ \"/Users/karelbraborec/rev-meter/ios/Pods/Headers/Public/React-RCTFBReactNativeSpec\"\ \"/Users/karelbraborec/rev-meter/ios/Pods/Headers/Public/React-RCTFabric\"\ \"/Users/karelbraborec/rev-meter/ios/Pods/Headers/Public/React-RCTImage\"\ \"/Users/karelbraborec/rev-meter/ios/Pods/Headers/Public/React-RCTRuntime\"\ \"/Users/karelbraborec/rev-meter/ios/Pods/Headers/Public/React-RCTText\"\ \"/Users/karelbraborec/rev-meter/ios/Pods/Headers/Public/React-RuntimeApple\"\ \"/Users/karelbraborec/rev-meter/ios/Pods/Headers/Public/React-RuntimeCore\"\ \"/Users/karelbraborec/rev-meter/ios/Pods/Headers/Public/React-RuntimeHermes\"\ \"/Users/karelbraborec/rev-meter/ios/Pods/Headers/Public/React-callinvoker\"\ \"/Users/karelbraborec/rev-meter/ios/Pods/Headers/Public/React-cxxreact\"\ \"/Users/karelbraborec/rev-meter/ios/Pods/Headers/Public/React-debug\"\ \"/Users/karelbraborec/rev-meter/ios/Pods/Headers/Public/React-defaultsnativemodule\"\ \"/Users/karelbraborec/rev-meter/ios/Pods/Headers/Public/React-domnativemodule\"\ \"/Users/karelbraborec/rev-meter/ios/Pods/Headers/Public/React-featureflags\"\ \"/Users/karelbraborec/rev-meter/ios/Pods/Headers/Public/React-featureflagsnativemodule\"\ \"/Users/karelbraborec/rev-meter/ios/Pods/Headers/Public/React-graphics\"\ \"/Users/karelbraborec/rev-meter/ios/Pods/Headers/Public/React-hermes\"\ \"/Users/karelbraborec/rev-meter/ios/Pods/Headers/Public/React-idlecallbacksnativemodule\"\ \"/Users/karelbraborec/rev-meter/ios/Pods/Headers/Public/React-intersectionobservernativemodule\"\ \"/Users/karelbraborec/rev-meter/ios/Pods/Headers/Public/React-jserrorhandler\"\ \"/Users/karelbraborec/rev-meter/ios/Pods/Headers/Public/React-jsi\"\ \"/Users/karelbraborec/rev-meter/ios/Pods/Headers/Public/React-jsiexecutor\"\ \"/Users/karelbraborec/rev-meter/ios/Pods/Headers/Public/React-jsinspector\"\ \"/Users/karelbraborec/rev-meter/ios/Pods/Headers/Public/React-jsinspectorcdp\"\ \"/Users/karelbraborec/rev-meter/ios/Pods/Headers/Public/React-jsinspectornetwork\"\ \"/Users/karelbraborec/rev-meter/ios/Pods/Headers/Public/React-jsinspectortracing\"\ \"/Users/karelbraborec/rev-meter/ios/Pods/Headers/Public/React-jsitooling\"\ \"/Users/karelbraborec/rev-meter/ios/Pods/Headers/Public/React-logger\"\ \"/Users/karelbraborec/rev-meter/ios/Pods/Headers/Public/React-microtasksnativemodule\"\ \"/Users/karelbraborec/rev-meter/ios/Pods/Headers/Public/React-mutationobservernativemodule\"\ \"/Users/karelbraborec/rev-meter/ios/Pods/Headers/Public/React-networking\"\ \"/Users/karelbraborec/rev-meter/ios/Pods/Headers/Public/React-oscompat\"\ \"/Users/karelbraborec/rev-meter/ios/Pods/Headers/Public/React-perflogger\"\ \"/Users/karelbraborec/rev-meter/ios/Pods/Headers/Public/React-performancecdpmetrics\"\ \"/Users/karelbraborec/rev-meter/ios/Pods/Headers/Public/React-performancetimeline\"\ \"/Users/karelbraborec/rev-meter/ios/Pods/Headers/Public/React-rendererconsistency\"\ \"/Users/karelbraborec/rev-meter/ios/Pods/Headers/Public/React-renderercss\"\ \"/Users/karelbraborec/rev-meter/ios/Pods/Headers/Public/React-rendererdebug\"\ \"/Users/karelbraborec/rev-meter/ios/Pods/Headers/Public/React-runtimeexecutor\"\ \"/Users/karelbraborec/rev-meter/ios/Pods/Headers/Public/React-runtimescheduler\"\ \"/Users/karelbraborec/rev-meter/ios/Pods/Headers/Public/React-timing\"\ \"/Users/karelbraborec/rev-meter/ios/Pods/Headers/Public/React-utils\"\ \"/Users/karelbraborec/rev-meter/ios/Pods/Headers/Public/React-viewtransitionnativemodule\"\ \"/Users/karelbraborec/rev-meter/ios/Pods/Headers/Public/React-webperformancenativemodule\"\ \"/Users/karelbraborec/rev-meter/ios/Pods/Headers/Public/ReactCodegen\"\ \"/Users/karelbraborec/rev-meter/ios/Pods/Headers/Public/ReactCommon\"\ \"/Users/karelbraborec/rev-meter/ios/Pods/Headers/Public/ReactNativeDependencies\"\ \"/Users/karelbraborec/rev-meter/ios/Pods/Headers/Public/Yoga\"\ \"/Users/karelbraborec/rev-meter/ios/Pods/Headers/Public/hermes-engine\"\ \"/Users/karelbraborec/rev-meter/ios/Pods/React-jsinspector\"\ \"/Users/karelbraborec/rev-meter/ios/Pods/Headers/Private/Yoga\"\ \"/Users/karelbraborec/rev-meter/ios/Pods/ExpoModulesCore/ExpoModulesCore.xcframework/ios-arm64_x86_64-simulator/ExpoModulesCore.framework/Headers\"\ \"/Users/karelbraborec/rev-meter/ios/Pods/ExpoModulesCore/ExpoModulesCore.xcframework/ios-arm64/ExpoModulesCore.framework/Headers\"\ \"/Users/karelbraborec/rev-meter/ios/Pods/ExpoModulesCore/ExpoModulesCore.xcframework/ios-arm64_x86_64-simulator/ExpoModulesCore.framework/Headers\"\ \"/Users/karelbraborec/rev-meter/ios/Pods/ExpoModulesCore/ExpoModulesCore.xcframework/ios-arm64/ExpoModulesCore.framework/Headers\"
    export HOME\=/Users/karelbraborec
    export HOST_ARCH\=arm64
    export HOST_PLATFORM\=macosx
    export ICONV\=/usr/bin/iconv
    export IMPLICIT_DEPENDENCY_DOMAIN\=default
    export INDEX_STORE_COMPRESS\=NO
    export INDEX_STORE_ONLY_PROJECT_FILES\=NO
    export INFOPLIST_ENABLE_CFBUNDLEICONS_MERGE\=YES
    export INFOPLIST_EXPAND_BUILD_SETTINGS\=YES
    export INFOPLIST_OUTPUT_FORMAT\=binary
    export INFOPLIST_PREPROCESS\=NO
    export INLINE_PRIVATE_FRAMEWORKS\=NO
    export INSTALLAPI_IGNORE_SKIP_INSTALL\=YES
    export INSTALLHDRS_COPY_PHASE\=NO
    export INSTALLHDRS_SCRIPT_PHASE\=NO
    export INSTALL_DIR\=/tmp/Pods.dst
    export INSTALL_GROUP\=staff
    export INSTALL_MODE_FLAG\=u+w,go-w,a+rX
    export INSTALL_OWNER\=karelbraborec
    export INSTALL_ROOT\=/tmp/Pods.dst
    export IPHONEOS_DEPLOYMENT_TARGET\=16.4
    export IS_UNOPTIMIZED_BUILD\=YES
    export JAVAC_DEFAULT_FLAGS\=-J-Xms64m\ -J-XX:NewSize\=4M\ -J-Dfile.encoding\=UTF8
    export JAVA_APP_STUB\=/System/Library/Frameworks/JavaVM.framework/Resources/MacOS/JavaApplicationStub
    export JAVA_ARCHIVE_CLASSES\=YES
    export JAVA_ARCHIVE_TYPE\=JAR
    export JAVA_COMPILER\=/usr/bin/javac
    export JAVA_FRAMEWORK_RESOURCES_DIRS\=Resources
    export JAVA_JAR_FLAGS\=cv
    export JAVA_SOURCE_SUBDIR\=.
    export JAVA_USE_DEPENDENCIES\=YES
    export JAVA_ZIP_FLAGS\=-urg
    export JIKES_DEFAULT_FLAGS\=+E\ +OLDCSO
    export KEEP_PRIVATE_EXTERNS\=NO
    export LD_DEPENDENCY_INFO_FILE\=/Users/karelbraborec/Library/Developer/Xcode/DerivedData/revmeter-hbcnswmlqmbpnlazhhkncgeowiss/Build/Intermediates.noindex/Pods.build/Debug-iphonesimulator/ExpoModulesCore.build/Objects-normal/undefined_arch/ExpoModulesCore_dependency_info.dat
    export LD_EXPORT_SYMBOLS\=YES
    export LD_GENERATE_MAP_FILE\=NO
    export LD_MAP_FILE_PATH\=/Users/karelbraborec/Library/Developer/Xcode/DerivedData/revmeter-hbcnswmlqmbpnlazhhkncgeowiss/Build/Intermediates.noindex/Pods.build/Debug-iphonesimulator/ExpoModulesCore.build/ExpoModulesCore-LinkMap-normal-undefined_arch.txt
    export LD_NO_PIE\=NO
    export LD_QUOTE_LINKER_ARGUMENTS_FOR_COMPILER_DRIVER\=YES
    export LD_RUNPATH_SEARCH_PATHS\=\ @executable_path/Frameworks
    export LD_SHARED_CACHE_ELIGIBLE\=Automatic
    export LD_WARN_DUPLICATE_LIBRARIES\=NO
    export LD_WARN_UNUSED_DYLIBS\=NO
    export LEGACY_DEVELOPER_DIR\=/Applications/Xcode.app/Contents/PlugIns/Xcode3Core.ideplugin/Contents/SharedSupport/Developer
    export LEX\=lex
    export LIBRARY_DEXT_INSTALL_PATH\=/Library/DriverExtensions
    export LIBRARY_FLAG_NOSPACE\=YES
    export LIBRARY_KEXT_INSTALL_PATH\=/Library/Extensions
    export LINKER_DISPLAYS_MANGLED_NAMES\=NO
    export LINK_FILE_LIST_normal_arm64\=/Users/karelbraborec/Library/Developer/Xcode/DerivedData/revmeter-hbcnswmlqmbpnlazhhkncgeowiss/Build/Intermediates.noindex/Pods.build/Debug-iphonesimulator/ExpoModulesCore.build/Objects-normal/arm64/ExpoModulesCore.LinkFileList
    export LINK_FILE_LIST_normal_x86_64\=/Users/karelbraborec/Library/Developer/Xcode/DerivedData/revmeter-hbcnswmlqmbpnlazhhkncgeowiss/Build/Intermediates.noindex/Pods.build/Debug-iphonesimulator/ExpoModulesCore.build/Objects-normal/x86_64/ExpoModulesCore.LinkFileList
    export LINK_OBJC_RUNTIME\=YES
    export LINK_WITH_STANDARD_LIBRARIES\=YES
    export LLVM_TARGET_TRIPLE_OS_VERSION\=ios16.4
    export LLVM_TARGET_TRIPLE_SUFFIX\=-simulator
    export LLVM_TARGET_TRIPLE_VENDOR\=apple
    export LM_AUX_CONST_METADATA_LIST_PATH_normal_arm64\=/Users/karelbraborec/Library/Developer/Xcode/DerivedData/revmeter-hbcnswmlqmbpnlazhhkncgeowiss/Build/Intermediates.noindex/Pods.build/Debug-iphonesimulator/ExpoModulesCore.build/Objects-normal/arm64/ExpoModulesCore.SwiftConstValuesFileList
    export LM_AUX_CONST_METADATA_LIST_PATH_normal_x86_64\=/Users/karelbraborec/Library/Developer/Xcode/DerivedData/revmeter-hbcnswmlqmbpnlazhhkncgeowiss/Build/Intermediates.noindex/Pods.build/Debug-iphonesimulator/ExpoModulesCore.build/Objects-normal/x86_64/ExpoModulesCore.SwiftConstValuesFileList
    export LOCALIZATION_EXPORT_SUPPORTED\=YES
    export LOCALIZATION_PREFERS_STRING_CATALOGS\=NO
    export LOCALIZED_STRING_CODE_COMMENTS\=NO
    export LOCALIZED_STRING_MACRO_NAMES\=NSLocalizedString\ CFCopyLocalizedString
    export LOCALIZED_STRING_SWIFTUI_SUPPORT\=YES
    export LOCAL_ADMIN_APPS_DIR\=/Applications/Utilities
    export LOCAL_APPS_DIR\=/Applications
    export LOCAL_DEVELOPER_DIR\=/Library/Developer
    export LOCAL_LIBRARY_DIR\=/Library
    export LOCROOT\=/Users/karelbraborec/rev-meter/ios/Pods
    export LOCSYMROOT\=/Users/karelbraborec/rev-meter/ios/Pods
    export MAC_OS_X_PRODUCT_BUILD_VERSION\=25F84
    export MAC_OS_X_VERSION_ACTUAL\=260502
    export MAC_OS_X_VERSION_MAJOR\=260000
    export MAC_OS_X_VERSION_MINOR\=260500
    export MAKE_MERGEABLE\=NO
    export MERGEABLE_LIBRARY\=NO
    export MERGED_BINARY_TYPE\=none
    export MERGE_LINKED_LIBRARIES\=NO
    export METAL_LIBRARY_FILE_BASE\=default
    export METAL_LIBRARY_OUTPUT_DIR\=/Users/karelbraborec/Library/Developer/Xcode/DerivedData/revmeter-hbcnswmlqmbpnlazhhkncgeowiss/Build/Products/Debug-iphonesimulator/ExpoModulesCore/
    export MODULE_CACHE_DIR\=/Users/karelbraborec/Library/Developer/Xcode/DerivedData/ModuleCache.noindex
    export MTL_ENABLE_DEBUG_INFO\=INCLUDE_SOURCE
    export MTL_FAST_MATH\=YES
    export NATIVE_ARCH\=arm64
    export NATIVE_ARCH_32_BIT\=arm
    export NATIVE_ARCH_64_BIT\=arm64
    export NATIVE_ARCH_ACTUAL\=arm64
    export NO_COMMON\=YES
    export OBJC_ABI_VERSION\=2
    export OBJECT_FILE_DIR\=/Users/karelbraborec/Library/Developer/Xcode/DerivedData/revmeter-hbcnswmlqmbpnlazhhkncgeowiss/Build/Intermediates.noindex/Pods.build/Debug-iphonesimulator/ExpoModulesCore.build/Objects
    export OBJECT_FILE_DIR_normal\=/Users/karelbraborec/Library/Developer/Xcode/DerivedData/revmeter-hbcnswmlqmbpnlazhhkncgeowiss/Build/Intermediates.noindex/Pods.build/Debug-iphonesimulator/ExpoModulesCore.build/Objects-normal
    export OBJROOT\=/Users/karelbraborec/Library/Developer/Xcode/DerivedData/revmeter-hbcnswmlqmbpnlazhhkncgeowiss/Build/Intermediates.noindex
    export ONLY_ACTIVE_ARCH\=NO
    export OS\=MACOS
    export OSAC\=/usr/bin/osacompile
    export OTHER_CFLAGS\=\ -DRCT_REMOVE_LEGACY_ARCH\=1\ -fmodule-map-file\=\"/Users/karelbraborec/rev-meter/ios/Pods/Headers/Public/ReactCodegen/ReactCodegen.modulemap\"\ \ -DRCT_REMOVE_LEGACY_ARCH\=1\ -ivfsoverlay\ /Users/karelbraborec/rev-meter/ios/Pods/React-Core-prebuilt/React-VFS.yaml
    export OTHER_CPLUSPLUSFLAGS\=\ -DRCT_REMOVE_LEGACY_ARCH\=1\ -fmodule-map-file\=\"/Users/karelbraborec/rev-meter/ios/Pods/Headers/Public/ReactCodegen/ReactCodegen.modulemap\"\ \ -DRCT_REMOVE_LEGACY_ARCH\=1\ -ivfsoverlay\ /Users/karelbraborec/rev-meter/ios/Pods/React-Core-prebuilt/React-VFS.yaml\ -DRCT_REMOVE_LEGACY_ARCH\=1\ -DRCT_NEW_ARCH_ENABLED\=1\ \ -ivfsoverlay\ /Users/karelbraborec/rev-meter/ios/Pods/React-Core-prebuilt/React-VFS.yaml
    export OTHER_SWIFT_FLAGS\=\ -D\ COCOAPODS\ -Xcc\ -fmodule-map-file\=\"/Users/karelbraborec/rev-meter/ios/Pods/Headers/Public/ReactCodegen/ReactCodegen.modulemap\"\ -import-underlying-module\ -Xcc\ -fmodule-map-file\=\"/Users/karelbraborec/rev-meter/ios/Pods/\"\ \ -DRCT_NEW_ARCH_ENABLED\ -Xcc\ -ivfsoverlay\ -Xcc\ /Users/karelbraborec/rev-meter/ios/Pods/React-Core-prebuilt/React-VFS.yaml\ -Xfrontend\ -load-plugin-executable\ -Xfrontend\ \"/Users/karelbraborec/rev-meter/node_modules/@expo/expo-modules-macros-plugin/apple/ExpoModulesMacros-tool\#ExpoModulesMacros\"
    export PASCAL_STRINGS\=YES
    export PATH\=/Applications/Xcode.app/Contents/SharedFrameworks/SwiftBuild.framework/Versions/A/PlugIns/SWBBuildService.bundle/Contents/PlugIns/SWBUniversalPlatformPlugin.bundle/Contents/Frameworks/SWBUniversalPlatform.framework/Resources:/Applications/Xcode.app/Contents/Developer/Toolchains/XcodeDefault.xctoolchain/usr/bin:/Applications/Xcode.app/Contents/Developer/Toolchains/XcodeDefault.xctoolchain/usr/local/bin:/Applications/Xcode.app/Contents/Developer/Toolchains/XcodeDefault.xctoolchain/usr/libexec:/Applications/Xcode.app/Contents/Developer/Platforms/iPhoneSimulator.platform/usr/bin:/Applications/Xcode.app/Contents/Developer/Platforms/iPhoneSimulator.platform/usr/local/bin:/Applications/Xcode.app/Contents/Developer/Platforms/iPhoneSimulator.platform/Developer/usr/bin:/Applications/Xcode.app/Contents/Developer/Platforms/iPhoneSimulator.platform/Developer/usr/local/bin:/Applications/Xcode.app/Contents/Developer/usr/bin:/Applications/Xcode.app/Contents/Developer/usr/local/bin:/Users/karelbraborec/.gemini/antigravity-ide/bin:/usr/local/bin:/System/Cryptexes/App/usr/bin:/usr/bin:/bin:/usr/sbin:/sbin:/var/run/com.apple.security.cryptexd/codex.system/bootstrap/usr/local/bin:/var/run/com.apple.security.cryptexd/codex.system/bootstrap/usr/bin:/var/run/com.apple.security.cryptexd/codex.system/bootstrap/usr/appleinternal/bin:/pkg/env/global/bin:/Library/Apple/usr/bin:/opt/homebrew/bin
    export PATH_PREFIXES_EXCLUDED_FROM_HEADER_DEPENDENCIES\=/usr/include\ /usr/local/include\ /System/Library/Frameworks\ /System/Library/PrivateFrameworks\ /Applications/Xcode.app/Contents/Developer/Headers\ /Applications/Xcode.app/Contents/Developer/SDKs\ /Applications/Xcode.app/Contents/Developer/Platforms
    export PER_ARCH_MODULE_FILE_DIR\=/Users/karelbraborec/Library/Developer/Xcode/DerivedData/revmeter-hbcnswmlqmbpnlazhhkncgeowiss/Build/Intermediates.noindex/Pods.build/Debug-iphonesimulator/ExpoModulesCore.build/Objects-normal/undefined_arch
    export PER_ARCH_OBJECT_FILE_DIR\=/Users/karelbraborec/Library/Developer/Xcode/DerivedData/revmeter-hbcnswmlqmbpnlazhhkncgeowiss/Build/Intermediates.noindex/Pods.build/Debug-iphonesimulator/ExpoModulesCore.build/Objects-normal/undefined_arch
    export PER_VARIANT_OBJECT_FILE_DIR\=/Users/karelbraborec/Library/Developer/Xcode/DerivedData/revmeter-hbcnswmlqmbpnlazhhkncgeowiss/Build/Intermediates.noindex/Pods.build/Debug-iphonesimulator/ExpoModulesCore.build/Objects-normal
    export PKGINFO_FILE_PATH\=/Users/karelbraborec/Library/Developer/Xcode/DerivedData/revmeter-hbcnswmlqmbpnlazhhkncgeowiss/Build/Intermediates.noindex/Pods.build/Debug-iphonesimulator/ExpoModulesCore.build/PkgInfo
    export PLATFORM_DEVELOPER_APPLICATIONS_DIR\=/Applications/Xcode.app/Contents/Developer/Platforms/iPhoneSimulator.platform/Developer/Applications
    export PLATFORM_DEVELOPER_BIN_DIR\=/Applications/Xcode.app/Contents/Developer/Platforms/iPhoneSimulator.platform/Developer/usr/bin
    export PLATFORM_DEVELOPER_LIBRARY_DIR\=/Applications/Xcode.app/Contents/Developer/Platforms/iPhoneSimulator.platform/Developer/Library
    export PLATFORM_DEVELOPER_SDK_DIR\=/Applications/Xcode.app/Contents/Developer/Platforms/iPhoneSimulator.platform/Developer/SDKs
    export PLATFORM_DEVELOPER_TOOLS_DIR\=/Applications/Xcode.app/Contents/Developer/Platforms/iPhoneSimulator.platform/Developer/Tools
    export PLATFORM_DEVELOPER_USR_DIR\=/Applications/Xcode.app/Contents/Developer/Platforms/iPhoneSimulator.platform/Developer/usr
    export PLATFORM_DIR\=/Applications/Xcode.app/Contents/Developer/Platforms/iPhoneSimulator.platform
    export PLATFORM_DISPLAY_NAME\=iOS\ Simulator
    export PLATFORM_FAMILY_NAME\=iOS
    export PLATFORM_NAME\=iphonesimulator
    export PLATFORM_PREFERRED_ARCH\=x86_64
    export PLATFORM_PRODUCT_BUILD_VERSION\=23F81a
    export PLATFORM_REQUIRES_SWIFT_AUTOLINK_EXTRACT\=NO
    export PLATFORM_REQUIRES_SWIFT_MODULEWRAP\=NO
    export PLATFORM_USES_DSYMS\=YES
    export PLIST_FILE_OUTPUT_FORMAT\=binary
    export PODFILE_DIR\=/Users/karelbraborec/rev-meter/ios/Pods/..
    export PODS_BUILD_DIR\=/Users/karelbraborec/Library/Developer/Xcode/DerivedData/revmeter-hbcnswmlqmbpnlazhhkncgeowiss/Build/Products
    export PODS_CONFIGURATION_BUILD_DIR\=/Users/karelbraborec/Library/Developer/Xcode/DerivedData/revmeter-hbcnswmlqmbpnlazhhkncgeowiss/Build/Products/Debug-iphonesimulator
    export PODS_DEVELOPMENT_LANGUAGE\=en
    export PODS_ROOT\=/Users/karelbraborec/rev-meter/ios/Pods
    export PODS_TARGET_SRCROOT\=/Users/karelbraborec/rev-meter/ios/Pods/ExpoModulesCore
    export PODS_XCFRAMEWORKS_BUILD_DIR\=/Users/karelbraborec/Library/Developer/Xcode/DerivedData/revmeter-hbcnswmlqmbpnlazhhkncgeowiss/Build/Products/Debug-iphonesimulator/XCFrameworkIntermediates
    export PRECOMPS_INCLUDE_HEADERS_FROM_BUILT_PRODUCTS_DIR\=YES
    export PRECOMP_DESTINATION_DIR\=/Users/karelbraborec/Library/Developer/Xcode/DerivedData/revmeter-hbcnswmlqmbpnlazhhkncgeowiss/Build/Intermediates.noindex/Pods.build/Debug-iphonesimulator/ExpoModulesCore.build/PrefixHeaders
    export PROCESSED_INFOPLIST_PATH\=/Users/karelbraborec/Library/Developer/Xcode/DerivedData/revmeter-hbcnswmlqmbpnlazhhkncgeowiss/Build/Intermediates.noindex/Pods.build/Debug-iphonesimulator/ExpoModulesCore.build/Objects-normal/undefined_arch/Processed-Info.plist
    export PRODUCT_BUNDLE_IDENTIFIER\=org.cocoapods.ExpoModulesCore
    export PRODUCT_MODULE_NAME\=ExpoModulesCore
    export PRODUCT_NAME\=ExpoModulesCore
    export PRODUCT_SETTINGS_PATH\=
    export PROFILING_CODE\=NO
    export PROJECT\=Pods
    export PROJECT_DERIVED_FILE_DIR\=/Users/karelbraborec/Library/Developer/Xcode/DerivedData/revmeter-hbcnswmlqmbpnlazhhkncgeowiss/Build/Intermediates.noindex/Pods.build/DerivedSources
    export PROJECT_DIR\=/Users/karelbraborec/rev-meter/ios/Pods
    export PROJECT_FILE_PATH\=/Users/karelbraborec/rev-meter/ios/Pods/Pods.xcodeproj
    export PROJECT_GUID\=8699adb1dd336b26511df848a716bd42
    export PROJECT_NAME\=Pods
    export PROJECT_TEMP_DIR\=/Users/karelbraborec/Library/Developer/Xcode/DerivedData/revmeter-hbcnswmlqmbpnlazhhkncgeowiss/Build/Intermediates.noindex/Pods.build
    export PROJECT_TEMP_ROOT\=/Users/karelbraborec/Library/Developer/Xcode/DerivedData/revmeter-hbcnswmlqmbpnlazhhkncgeowiss/Build/Intermediates.noindex
    export REACT_NATIVE_PATH\=/Users/karelbraborec/rev-meter/ios/Pods/../../node_modules/react-native
    export RECOMMENDED_IPHONEOS_DEPLOYMENT_TARGET\=15.0
    export RECURSIVE_SEARCH_PATHS_FOLLOW_SYMLINKS\=YES
    export REMOVE_CVS_FROM_RESOURCES\=YES
    export REMOVE_GIT_FROM_RESOURCES\=YES
    export REMOVE_HEADERS_FROM_EMBEDDED_BUNDLES\=YES
    export REMOVE_HG_FROM_RESOURCES\=YES
    export REMOVE_STATIC_EXECUTABLES_FROM_EMBEDDED_BUNDLES\=YES
    export REMOVE_SVN_FROM_RESOURCES\=YES
    export RESCHEDULE_INDEPENDENT_HEADERS_PHASES\=YES
    export REZ_COLLECTOR_DIR\=/Users/karelbraborec/Library/Developer/Xcode/DerivedData/revmeter-hbcnswmlqmbpnlazhhkncgeowiss/Build/Intermediates.noindex/Pods.build/Debug-iphonesimulator/ExpoModulesCore.build/ResourceManagerResources
    export REZ_OBJECTS_DIR\=/Users/karelbraborec/Library/Developer/Xcode/DerivedData/revmeter-hbcnswmlqmbpnlazhhkncgeowiss/Build/Intermediates.noindex/Pods.build/Debug-iphonesimulator/ExpoModulesCore.build/ResourceManagerResources/Objects
    export RPATH_ORIGIN\=@loader_path
    export RUNTIME_EXCEPTION_ALLOW_DYLD_ENVIRONMENT_VARIABLES\=NO
    export RUNTIME_EXCEPTION_ALLOW_JIT\=NO
    export RUNTIME_EXCEPTION_ALLOW_UNSIGNED_EXECUTABLE_MEMORY\=NO
    export RUNTIME_EXCEPTION_DEBUGGING_TOOL\=NO
    export RUNTIME_EXCEPTION_DISABLE_EXECUTABLE_PAGE_PROTECTION\=NO
    export RUNTIME_EXCEPTION_DISABLE_LIBRARY_VALIDATION\=NO
    export SCANNING_PCM_KEEP_CACHE_DIRECTORY\=YES
    export SCAN_ALL_SOURCE_FILES_FOR_INCLUDES\=NO
    export SCRIPT_INPUT_FILE_0\=/Users/karelbraborec/rev-meter/node_modules/expo-modules-autolinking/scripts/ios/resolve-dsym-sourcemaps.js
    export SCRIPT_INPUT_FILE_COUNT\=1
    export SCRIPT_INPUT_FILE_LIST_COUNT\=0
    export SCRIPT_OUTPUT_FILE_0\=/Users/karelbraborec/Library/Developer/Xcode/DerivedData/revmeter-hbcnswmlqmbpnlazhhkncgeowiss/Build/Intermediates.noindex/Pods.build/Debug-iphonesimulator/ExpoModulesCore.build/DerivedSources/expo-dsym-resolve-ExpoModulesCore-Debug.stamp
    export SCRIPT_OUTPUT_FILE_COUNT\=1
    export SCRIPT_OUTPUT_FILE_LIST_COUNT\=0
    export SDKROOT\=/Applications/Xcode.app/Contents/Developer/Platforms/iPhoneSimulator.platform/Developer/SDKs/iPhoneSimulator26.5.sdk
    export SDK_DIR\=/Applications/Xcode.app/Contents/Developer/Platforms/iPhoneSimulator.platform/Developer/SDKs/iPhoneSimulator26.5.sdk
    export SDK_DIR_iphonesimulator\=/Applications/Xcode.app/Contents/Developer/Platforms/iPhoneSimulator.platform/Developer/SDKs/iPhoneSimulator26.5.sdk
    export SDK_DIR_iphonesimulator26_5\=/Applications/Xcode.app/Contents/Developer/Platforms/iPhoneSimulator.platform/Developer/SDKs/iPhoneSimulator26.5.sdk
    export SDK_NAME\=iphonesimulator26.5
    export SDK_NAMES\=iphonesimulator26.5
    export SDK_PRODUCT_BUILD_VERSION\=23F81a
    export SDK_STAT_CACHE_DIR\=/Users/karelbraborec/Library/Developer/Xcode/DerivedData
    export SDK_STAT_CACHE_ENABLE\=YES
    export SDK_STAT_CACHE_PATH\=/Users/karelbraborec/Library/Developer/Xcode/DerivedData/SDKStatCaches.noindex/iphonesimulator26.5-23F81a-6cfe768891a92b912361537c460fe42b.sdkstatcache
    export SDK_VERSION\=26.5
    export SDK_VERSION_ACTUAL\=260500
    export SDK_VERSION_MAJOR\=260000
    export SDK_VERSION_MINOR\=260500
    export SED\=/usr/bin/sed
    export SEPARATE_STRIP\=NO
    export SEPARATE_SYMBOL_EDIT\=NO
    export SET_DIR_MODE_OWNER_GROUP\=YES
    export SET_FILE_MODE_OWNER_GROUP\=NO
    export SHALLOW_BUNDLE\=NO
    export SHARED_DERIVED_FILE_DIR\=/Users/karelbraborec/Library/Developer/Xcode/DerivedData/revmeter-hbcnswmlqmbpnlazhhkncgeowiss/Build/Products/Debug-iphonesimulator/ExpoModulesCore/DerivedSources
    export SHARED_PRECOMPS_DIR\=/Users/karelbraborec/Library/Developer/Xcode/DerivedData/revmeter-hbcnswmlqmbpnlazhhkncgeowiss/Build/Intermediates.noindex/PrecompiledHeaders
    export SKIP_INSTALL\=YES
    export SKIP_MERGEABLE_LIBRARY_BUNDLE_HOOK\=NO
    export SOURCE_ROOT\=/Users/karelbraborec/rev-meter/ios/Pods
    export SRCROOT\=/Users/karelbraborec/rev-meter/ios/Pods
    export STRINGSDATA_DIR\=/Users/karelbraborec/Library/Developer/Xcode/DerivedData/revmeter-hbcnswmlqmbpnlazhhkncgeowiss/Build/Intermediates.noindex/Pods.build/Debug-iphonesimulator/ExpoModulesCore.build/Objects-normal/undefined_arch
    export STRINGSDATA_ROOT\=/Users/karelbraborec/Library/Developer/Xcode/DerivedData/revmeter-hbcnswmlqmbpnlazhhkncgeowiss/Build/Intermediates.noindex/Pods.build/Debug-iphonesimulator/ExpoModulesCore.build
    export STRINGS_FILE_INFOPLIST_RENAME\=YES
    export STRINGS_FILE_OUTPUT_ENCODING\=binary
    export STRING_CATALOG_GENERATE_SYMBOLS\=NO
    export STRIP_BITCODE_FROM_COPIED_FILES\=NO
    export STRIP_INSTALLED_PRODUCT\=NO
    export STRIP_STYLE\=all
    export STRIP_SWIFT_SYMBOLS\=YES
    export SUPPORTED_DEVICE_FAMILIES\=1,2
    export SUPPORTED_PLATFORMS\=iphoneos\ iphonesimulator
    export SUPPORTS_TEXT_BASED_API\=NO
    export SUPPRESS_WARNINGS\=NO
    export SWIFT_ACTIVE_COMPILATION_CONDITIONS\=\ DEBUG
    export SWIFT_COMPILATION_MODE\=wholemodule
    export SWIFT_EMIT_CONST_VALUE_PROTOCOLS\=AnyResolverProviding\ AppEntity\ AppEnum\ AppExtension\ AppIntent\ AppIntentsPackage\ AppShortcutProviding\ AppShortcutsProvider\ AppUnionValue\ AppUnionValueCasesProviding\ DynamicOptionsProvider\ EntityQuery\ ExtensionPointDefining\ IntentValueQuery\ Resolver\ TransientEntity\ _AssistantIntentsProvider\ _GenerativeFunctionExtractable\ _IntentValueRepresentable
    export SWIFT_EMIT_LOC_STRINGS\=NO
    export SWIFT_EMIT_MODULE_INTERFACE\=NO
    export SWIFT_ENABLE_EXPLICIT_MODULES\=NO
    export SWIFT_INCLUDE_PATHS\=\ \"/Users/karelbraborec/Library/Developer/Xcode/DerivedData/revmeter-hbcnswmlqmbpnlazhhkncgeowiss/Build/Products/Debug-iphonesimulator/ExpoModulesJSI\"
    export SWIFT_OPTIMIZATION_LEVEL\=-Onone
    export SWIFT_PLATFORM_TARGET_PREFIX\=ios
    export SWIFT_RESPONSE_FILE_PATH_normal_arm64\=/Users/karelbraborec/Library/Developer/Xcode/DerivedData/revmeter-hbcnswmlqmbpnlazhhkncgeowiss/Build/Intermediates.noindex/Pods.build/Debug-iphonesimulator/ExpoModulesCore.build/Objects-normal/arm64/ExpoModulesCore.SwiftFileList
    export SWIFT_RESPONSE_FILE_PATH_normal_x86_64\=/Users/karelbraborec/Library/Developer/Xcode/DerivedData/revmeter-hbcnswmlqmbpnlazhhkncgeowiss/Build/Intermediates.noindex/Pods.build/Debug-iphonesimulator/ExpoModulesCore.build/Objects-normal/x86_64/ExpoModulesCore.SwiftFileList
    export SWIFT_VERSION\=5.0
    export SYMROOT\=/Users/karelbraborec/Library/Developer/Xcode/DerivedData/revmeter-hbcnswmlqmbpnlazhhkncgeowiss/Build/Products
    export SYSTEM_ADMIN_APPS_DIR\=/Applications/Utilities
    export SYSTEM_APPS_DIR\=/Applications
    export SYSTEM_CORE_SERVICES_DIR\=/System/Library/CoreServices
    export SYSTEM_DEMOS_DIR\=/Applications/Extras
    export SYSTEM_DEVELOPER_APPS_DIR\=/Applications/Xcode.app/Contents/Developer/Applications
    export SYSTEM_DEVELOPER_BIN_DIR\=/Applications/Xcode.app/Contents/Developer/usr/bin
    export SYSTEM_DEVELOPER_DEMOS_DIR\=/Applications/Xcode.app/Contents/Developer/Applications/Utilities/Built\ Examples
    export SYSTEM_DEVELOPER_DIR\=/Applications/Xcode.app/Contents/Developer
    export SYSTEM_DEVELOPER_DOC_DIR\=/Applications/Xcode.app/Contents/Developer/ADC\ Reference\ Library
    export SYSTEM_DEVELOPER_GRAPHICS_TOOLS_DIR\=/Applications/Xcode.app/Contents/Developer/Applications/Graphics\ Tools
    export SYSTEM_DEVELOPER_JAVA_TOOLS_DIR\=/Applications/Xcode.app/Contents/Developer/Applications/Java\ Tools
    export SYSTEM_DEVELOPER_PERFORMANCE_TOOLS_DIR\=/Applications/Xcode.app/Contents/Developer/Applications/Performance\ Tools
    export SYSTEM_DEVELOPER_RELEASENOTES_DIR\=/Applications/Xcode.app/Contents/Developer/ADC\ Reference\ Library/releasenotes
    export SYSTEM_DEVELOPER_TOOLS\=/Applications/Xcode.app/Contents/Developer/Tools
    export SYSTEM_DEVELOPER_TOOLS_DOC_DIR\=/Applications/Xcode.app/Contents/Developer/ADC\ Reference\ Library/documentation/DeveloperTools
    export SYSTEM_DEVELOPER_TOOLS_RELEASENOTES_DIR\=/Applications/Xcode.app/Contents/Developer/ADC\ Reference\ Library/releasenotes/DeveloperTools
    export SYSTEM_DEVELOPER_USR_DIR\=/Applications/Xcode.app/Contents/Developer/usr
    export SYSTEM_DEVELOPER_UTILITIES_DIR\=/Applications/Xcode.app/Contents/Developer/Applications/Utilities
    export SYSTEM_DEXT_INSTALL_PATH\=/System/Library/DriverExtensions
    export SYSTEM_DOCUMENTATION_DIR\=/Library/Documentation
    export SYSTEM_KEXT_INSTALL_PATH\=/System/Library/Extensions
    export SYSTEM_LIBRARY_DIR\=/System/Library
    export TAPI_DEMANGLE\=YES
    export TAPI_ENABLE_PROJECT_HEADERS\=NO
    export TAPI_LANGUAGE\=objective-c
    export TAPI_LANGUAGE_STANDARD\=compiler-default
    export TAPI_USE_SRCROOT\=YES
    export TAPI_VERIFY_MODE\=Pedantic
    export TARGETED_DEVICE_FAMILY\=1,2
    export TARGETNAME\=ExpoModulesCore
    export TARGET_BUILD_DIR\=/Users/karelbraborec/Library/Developer/Xcode/DerivedData/revmeter-hbcnswmlqmbpnlazhhkncgeowiss/Build/Products/Debug-iphonesimulator/ExpoModulesCore
    export TARGET_NAME\=ExpoModulesCore
    export TARGET_TEMP_DIR\=/Users/karelbraborec/Library/Developer/Xcode/DerivedData/revmeter-hbcnswmlqmbpnlazhhkncgeowiss/Build/Intermediates.noindex/Pods.build/Debug-iphonesimulator/ExpoModulesCore.build
    export TEMP_DIR\=/Users/karelbraborec/Library/Developer/Xcode/DerivedData/revmeter-hbcnswmlqmbpnlazhhkncgeowiss/Build/Intermediates.noindex/Pods.build/Debug-iphonesimulator/ExpoModulesCore.build
    export TEMP_FILES_DIR\=/Users/karelbraborec/Library/Developer/Xcode/DerivedData/revmeter-hbcnswmlqmbpnlazhhkncgeowiss/Build/Intermediates.noindex/Pods.build/Debug-iphonesimulator/ExpoModulesCore.build
    export TEMP_FILE_DIR\=/Users/karelbraborec/Library/Developer/Xcode/DerivedData/revmeter-hbcnswmlqmbpnlazhhkncgeowiss/Build/Intermediates.noindex/Pods.build/Debug-iphonesimulator/ExpoModulesCore.build
    export TEMP_ROOT\=/Users/karelbraborec/Library/Developer/Xcode/DerivedData/revmeter-hbcnswmlqmbpnlazhhkncgeowiss/Build/Intermediates.noindex
    export TEMP_SANDBOX_DIR\=/Users/karelbraborec/Library/Developer/Xcode/DerivedData/revmeter-hbcnswmlqmbpnlazhhkncgeowiss/Build/Intermediates.noindex/TemporaryTaskSandboxes
    export TEST_FRAMEWORK_SEARCH_PATHS\=\ /Applications/Xcode.app/Contents/Developer/Platforms/iPhoneSimulator.platform/Developer/Library/Frameworks\ /Applications/Xcode.app/Contents/Developer/Platforms/iPhoneSimulator.platform/Developer/SDKs/iPhoneSimulator26.5.sdk/Developer/Library/Frameworks
    export TEST_LIBRARY_SEARCH_PATHS\=\ /Applications/Xcode.app/Contents/Developer/Platforms/iPhoneSimulator.platform/Developer/usr/lib
    export TOOLCHAINS\=com.apple.dt.toolchain.XcodeDefault
    export TOOLCHAIN_DIR\=/Applications/Xcode.app/Contents/Developer/Toolchains/XcodeDefault.xctoolchain
    export TREAT_MISSING_BASELINES_AS_TEST_FAILURES\=NO
    export TREAT_MISSING_SCRIPT_PHASE_OUTPUTS_AS_ERRORS\=NO
    export UID\=501
    export UNINSTALLED_PRODUCTS_DIR\=/Users/karelbraborec/Library/Developer/Xcode/DerivedData/revmeter-hbcnswmlqmbpnlazhhkncgeowiss/Build/Intermediates.noindex/UninstalledProducts
    export UNSTRIPPED_PRODUCT\=NO
    export USER\=karelbraborec
    export USER_APPS_DIR\=/Users/karelbraborec/Applications
    export USER_LIBRARY_DIR\=/Users/karelbraborec/Library
    export USE_DYNAMIC_NO_PIC\=YES
    export USE_HEADERMAP\=YES
    export USE_HEADER_SYMLINKS\=NO
    export USE_HERMES\=true
    export USE_RECURSIVE_SCRIPT_INPUTS_IN_SCRIPT_PHASES\=YES
    export VALIDATE_DEVELOPMENT_ASSET_PATHS\=YES_ERROR
    export VALIDATE_PRODUCT\=NO
    export VALID_ARCHS\=arm64\ x86_64
    export VERBOSE_PBXCP\=NO
    export VERSION_INFO_BUILDER\=karelbraborec
    export VERSION_INFO_FILE\=ExpoModulesCore_vers.c
    export VERSION_INFO_STRING\=\"@\(\#\)PROGRAM:ExpoModulesCore\ \ PROJECT:Pods-\"
    export WORKSPACE_DIR\=/Users/karelbraborec/rev-meter/ios
    export WRAP_ASSET_PACKS_IN_SEPARATE_DIRECTORIES\=NO
    export XCODE_APP_SUPPORT_DIR\=/Applications/Xcode.app/Contents/Developer/Library/Xcode
    export XCODE_PRODUCT_BUILD_VERSION\=17F113
    export XCODE_VERSION_ACTUAL\=2660
    export XCODE_VERSION_MAJOR\=2600
    export XCODE_VERSION_MINOR\=2660
    export XPCSERVICES_FOLDER_PATH\=/XPCServices
    export YACC\=yacc
    export _DISCOVER_COMMAND_LINE_LINKER_INPUTS\=YES
    export _DISCOVER_COMMAND_LINE_LINKER_INPUTS_INCLUDE_WL\=YES
    export _LD_MULTIARCH\=YES
    export __DIAGNOSE_DEPRECATED_ARCHS\=YES
    export __ORIGINAL_SDK_DEFINED_LLVM_TARGET_TRIPLE_SYS\=ios
    export arch\=undefined_arch
    export variant\=normal
    /bin/sh -c /Users/karelbraborec/Library/Developer/Xcode/DerivedData/revmeter-hbcnswmlqmbpnlazhhkncgeowiss/Build/Intermediates.noindex/Pods.build/Debug-iphonesimulator/ExpoModulesCore.build/Script-46EB2E0001F3D0.sh
Node found at: /usr/local/bin/node
[Expo dSYM] ExpoModulesCore: Wrote source path mappings for 1 UUID(s).
[Expo dSYM] ExpoModulesCore: Wrote source path mappings for 2 UUID(s).

PrecompileModule /Users/karelbraborec/Library/Developer/Xcode/DerivedData/revmeter-hbcnswmlqmbpnlazhhkncgeowiss/Build/Intermediates.noindex/ExplicitPrecompiledModules/CoreImage-E915OHSA8JH6GSB7C1MMTKMB.scan
    cd /
    builtin-precompileModule /Users/karelbraborec/Library/Developer/Xcode/DerivedData/revmeter-hbcnswmlqmbpnlazhhkncgeowiss/Build/Intermediates.noindex/ExplicitPrecompiledModules/CoreImage-E915OHSA8JH6GSB7C1MMTKMB.scan

PrecompileModule /Users/karelbraborec/Library/Developer/Xcode/DerivedData/revmeter-hbcnswmlqmbpnlazhhkncgeowiss/Build/Intermediates.noindex/ExplicitPrecompiledModules/QuartzCore-CUU5CT1XZW3NQ5NP35075XJBD.scan
    cd /
    builtin-precompileModule /Users/karelbraborec/Library/Developer/Xcode/DerivedData/revmeter-hbcnswmlqmbpnlazhhkncgeowiss/Build/Intermediates.noindex/ExplicitPrecompiledModules/QuartzCore-CUU5CT1XZW3NQ5NP35075XJBD.scan

CompileC /Users/karelbraborec/Library/Developer/Xcode/DerivedData/revmeter-hbcnswmlqmbpnlazhhkncgeowiss/Build/Intermediates.noindex/Pods.build/Debug-iphonesimulator/RNWorklets.build/Objects-normal/x86_64/WorkletsVersion.o /Users/karelbraborec/rev-meter/node_modules/react-native-worklets/Common/cpp/worklets/Tools/WorkletsVersion.cpp normal x86_64 c++ com.apple.compilers.llvm.clang.1_0.compiler (in target 'RNWorklets' from project 'Pods')
    cd /Users/karelbraborec/rev-meter/ios/Pods
    
    Using response file: /Users/karelbraborec/Library/Developer/Xcode/DerivedData/revmeter-hbcnswmlqmbpnlazhhkncgeowiss/Build/Intermediates.noindex/Pods.build/Debug-iphonesimulator/RNWorklets.build/Objects-normal/x86_64/82b82416624d2658e5098eb0a28c15c5-common-args.resp
    
    /Applications/Xcode.app/Contents/Developer/Toolchains/XcodeDefault.xctoolchain/usr/bin/clang -x c++ -ivfsstatcache /Users/karelbraborec/Library/Developer/Xcode/DerivedData/SDKStatCaches.noindex/iphonesimulator26.5-23F81a-6cfe768891a92b912361537c460fe42b.sdkstatcache -target x86_64-apple-ios15.1-simulator -fmessage-length\=0 -fdiagnostics-show-note-include-stack -fmacro-backtrace-limit\=0 -fno-color-diagnostics -fmodules-prune-interval\=86400 -fmodules-prune-after\=345600 -fbuild-session-file\=/Users/karelbraborec/Library/Developer/Xcode/DerivedData/ModuleCache.noindex/Session.modulevalidation -fmodules-validate-once-per-build-session -Wnon-modular-include-in-framework-module -Werror\=non-modular-include-in-framework-module -Wno-trigraphs -Wno-missing-field-initializers -Wno-missing-prototypes -Werror\=return-type -Wdocumentation -Wunreachable-code -Werror\=deprecated-objc-isa-usage -Werror\=objc-root-class -Wno-non-virtual-dtor -Wno-overloaded-virtual -Wno-exit-time-destructors -Wno-missing-braces -Wparentheses -Wswitch -Wunused-function -Wno-unused-label -Wno-unused-parameter -Wunused-variable -Wunused-value -Wempty-body -Wuninitialized -Wconditional-uninitialized -Wno-unknown-pragmas -Wno-shadow -Wno-four-char-constants -Wno-conversion -Wconstant-conversion -Wint-conversion -Wbool-conversion -Wenum-conversion -Wno-float-conversion -Wnon-literal-null-conversion -Wobjc-literal-conversion -Wshorten-64-to-32 -Wno-newline-eof -Wno-c++11-extensions -Wno-implicit-fallthrough -isysroot /Applications/Xcode.app/Contents/Developer/Platforms/iPhoneSimulator.platform/Developer/SDKs/iPhoneSimulator26.5.sdk -fstrict-aliasing -Wdeprecated-declarations -Winvalid-offsetof -Wno-sign-conversion -Winfinite-recursion -Wmove -Wcomma -Wblock-capture-autoreleasing -Wstrict-prototypes -Wrange-loop-analysis -Wno-semicolon-before-method-body -Wunguarded-availability -index-store-path /Users/karelbraborec/Library/Developer/Xcode/DerivedData/revmeter-hbcnswmlqmbpnlazhhkncgeowiss/Index.noindex/DataStore @/Users/karelbraborec/Library/Developer/Xcode/DerivedData/revmeter-hbcnswmlqmbpnlazhhkncgeowiss/Build/Intermediates.noindex/Pods.build/Debug-iphonesimulator/RNWorklets.build/Objects-normal/x86_64/82b82416624d2658e5098eb0a28c15c5-common-args.resp -DRCT_NEW_ARCH_ENABLED\=1 -include /Users/karelbraborec/rev-meter/ios/Pods/Target\ Support\ Files/RNWorklets/RNWorklets-prefix.pch -MMD -MT dependencies -MF /Users/karelbraborec/Library/Developer/Xcode/DerivedData/revmeter-hbcnswmlqmbpnlazhhkncgeowiss/Build/Intermediates.noindex/Pods.build/Debug-iphonesimulator/RNWorklets.build/Objects-normal/x86_64/WorkletsVersion.d --serialize-diagnostics /Users/karelbraborec/Library/Developer/Xcode/DerivedData/revmeter-hbcnswmlqmbpnlazhhkncgeowiss/Build/Intermediates.noindex/Pods.build/Debug-iphonesimulator/RNWorklets.build/Objects-normal/x86_64/WorkletsVersion.dia -c /Users/karelbraborec/rev-meter/node_modules/react-native-worklets/Common/cpp/worklets/Tools/WorkletsVersion.cpp -o /Users/karelbraborec/Library/Developer/Xcode/DerivedData/revmeter-hbcnswmlqmbpnlazhhkncgeowiss/Build/Intermediates.noindex/Pods.build/Debug-iphonesimulator/RNWorklets.build/Objects-normal/x86_64/WorkletsVersion.o -index-unit-output-path /Pods.build/Debug-iphonesimulator/RNWorklets.build/Objects-normal/x86_64/WorkletsVersion.o

CompileC /Users/karelbraborec/Library/Developer/Xcode/DerivedData/revmeter-hbcnswmlqmbpnlazhhkncgeowiss/Build/Intermediates.noindex/Pods.build/Debug-iphonesimulator/RNWorklets.build/Objects-normal/x86_64/WorkletsNetworking.o /Users/karelbraborec/rev-meter/node_modules/react-native-worklets/apple/worklets/apple/Networking/WorkletsNetworking.mm normal x86_64 objective-c++ com.apple.compilers.llvm.clang.1_0.compiler (in target 'RNWorklets' from project 'Pods')
    cd /Users/karelbraborec/rev-meter/ios/Pods
    
    Using response file: /Users/karelbraborec/Library/Developer/Xcode/DerivedData/revmeter-hbcnswmlqmbpnlazhhkncgeowiss/Build/Intermediates.noindex/Pods.build/Debug-iphonesimulator/RNWorklets.build/Objects-normal/x86_64/af3fcb34312c57c0f52879cdce924b91-common-args.resp
    
    /Applications/Xcode.app/Contents/Developer/Toolchains/XcodeDefault.xctoolchain/usr/bin/clang -x objective-c++ -ivfsstatcache /Users/karelbraborec/Library/Developer/Xcode/DerivedData/SDKStatCaches.noindex/iphonesimulator26.5-23F81a-6cfe768891a92b912361537c460fe42b.sdkstatcache -target x86_64-apple-ios15.1-simulator -fmessage-length\=0 -fdiagnostics-show-note-include-stack -fmacro-backtrace-limit\=0 -fno-color-diagnostics -fmodules-prune-interval\=86400 -fmodules-prune-after\=345600 -fbuild-session-file\=/Users/karelbraborec/Library/Developer/Xcode/DerivedData/ModuleCache.noindex/Session.modulevalidation -fmodules-validate-once-per-build-session -Wnon-modular-include-in-framework-module -Werror\=non-modular-include-in-framework-module -Wno-trigraphs -Wno-missing-field-initializers -Wno-missing-prototypes -Werror\=return-type -Wdocumentation -Wunreachable-code -Wno-implicit-atomic-properties -Werror\=deprecated-objc-isa-usage -Wno-objc-interface-ivars -Werror\=objc-root-class -Wno-arc-repeated-use-of-weak -Wimplicit-retain-self -Wno-non-virtual-dtor -Wno-overloaded-virtual -Wno-exit-time-destructors -Wduplicate-method-match -Wno-missing-braces -Wparentheses -Wswitch -Wunused-function -Wno-unused-label -Wno-unused-parameter -Wunused-variable -Wunused-value -Wempty-body -Wuninitialized -Wconditional-uninitialized -Wno-unknown-pragmas -Wno-shadow -Wno-four-char-constants -Wno-conversion -Wconstant-conversion -Wint-conversion -Wbool-conversion -Wenum-conversion -Wno-float-conversion -Wnon-literal-null-conversion -Wobjc-literal-conversion -Wshorten-64-to-32 -Wno-newline-eof -Wno-selector -Wno-strict-selector-match -Wundeclared-selector -Wdeprecated-implementations -Wno-c++11-extensions -Wno-implicit-fallthrough -isysroot /Applications/Xcode.app/Contents/Developer/Platforms/iPhoneSimulator.platform/Developer/SDKs/iPhoneSimulator26.5.sdk -fstrict-aliasing -Wprotocol -Wdeprecated-declarations -Winvalid-offsetof -Wno-sign-conversion -Winfinite-recursion -Wmove -Wcomma -Wblock-capture-autoreleasing -Wstrict-prototypes -Wrange-loop-analysis -Wno-semicolon-before-method-body -Wunguarded-availability -index-store-path /Users/karelbraborec/Library/Developer/Xcode/DerivedData/revmeter-hbcnswmlqmbpnlazhhkncgeowiss/Index.noindex/DataStore @/Users/karelbraborec/Library/Developer/Xcode/DerivedData/revmeter-hbcnswmlqmbpnlazhhkncgeowiss/Build/Intermediates.noindex/Pods.build/Debug-iphonesimulator/RNWorklets.build/Objects-normal/x86_64/af3fcb34312c57c0f52879cdce924b91-common-args.resp -DRCT_NEW_ARCH_ENABLED\=1 -include /Users/karelbraborec/rev-meter/ios/Pods/Target\ Support\ Files/RNWorklets/RNWorklets-prefix.pch -MMD -MT dependencies -MF /Users/karelbraborec/Library/Developer/Xcode/DerivedData/revmeter-hbcnswmlqmbpnlazhhkncgeowiss/Build/Intermediates.noindex/Pods.build/Debug-iphonesimulator/RNWorklets.build/Objects-normal/x86_64/WorkletsNetworking.d --serialize-diagnostics /Users/karelbraborec/Library/Developer/Xcode/DerivedData/revmeter-hbcnswmlqmbpnlazhhkncgeowiss/Build/Intermediates.noindex/Pods.build/Debug-iphonesimulator/RNWorklets.build/Objects-normal/x86_64/WorkletsNetworking.dia -c /Users/karelbraborec/rev-meter/node_modules/react-native-worklets/apple/worklets/apple/Networking/WorkletsNetworking.mm -o /Users/karelbraborec/Library/Developer/Xcode/DerivedData/revmeter-hbcnswmlqmbpnlazhhkncgeowiss/Build/Intermediates.noindex/Pods.build/Debug-iphonesimulator/RNWorklets.build/Objects-normal/x86_64/WorkletsNetworking.o -index-unit-output-path /Pods.build/Debug-iphonesimulator/RNWorklets.build/Objects-normal/x86_64/WorkletsNetworking.o

CompileC /Users/karelbraborec/Library/Developer/Xcode/DerivedData/revmeter-hbcnswmlqmbpnlazhhkncgeowiss/Build/Intermediates.noindex/Pods.build/Debug-iphonesimulator/RNWorklets.build/Objects-normal/x86_64/WorkletsModuleProxy.o /Users/karelbraborec/rev-meter/node_modules/react-native-worklets/Common/cpp/worklets/NativeModules/WorkletsModuleProxy.cpp normal x86_64 c++ com.apple.compilers.llvm.clang.1_0.compiler (in target 'RNWorklets' from project 'Pods')
    cd /Users/karelbraborec/rev-meter/ios/Pods
    
    Using response file: /Users/karelbraborec/Library/Developer/Xcode/DerivedData/revmeter-hbcnswmlqmbpnlazhhkncgeowiss/Build/Intermediates.noindex/Pods.build/Debug-iphonesimulator/RNWorklets.build/Objects-normal/x86_64/82b82416624d2658e5098eb0a28c15c5-common-args.resp
    
    /Applications/Xcode.app/Contents/Developer/Toolchains/XcodeDefault.xctoolchain/usr/bin/clang -x c++ -ivfsstatcache /Users/karelbraborec/Library/Developer/Xcode/DerivedData/SDKStatCaches.noindex/iphonesimulator26.5-23F81a-6cfe768891a92b912361537c460fe42b.sdkstatcache -target x86_64-apple-ios15.1-simulator -fmessage-length\=0 -fdiagnostics-show-note-include-stack -fmacro-backtrace-limit\=0 -fno-color-diagnostics -fmodules-prune-interval\=86400 -fmodules-prune-after\=345600 -fbuild-session-file\=/Users/karelbraborec/Library/Developer/Xcode/DerivedData/ModuleCache.noindex/Session.modulevalidation -fmodules-validate-once-per-build-session -Wnon-modular-include-in-framework-module -Werror\=non-modular-include-in-framework-module -Wno-trigraphs -Wno-missing-field-initializers -Wno-missing-prototypes -Werror\=return-type -Wdocumentation -Wunreachable-code -Werror\=deprecated-objc-isa-usage -Werror\=objc-root-class -Wno-non-virtual-dtor -Wno-overloaded-virtual -Wno-exit-time-destructors -Wno-missing-braces -Wparentheses -Wswitch -Wunused-function -Wno-unused-label -Wno-unused-parameter -Wunused-variable -Wunused-value -Wempty-body -Wuninitialized -Wconditional-uninitialized -Wno-unknown-pragmas -Wno-shadow -Wno-four-char-constants -Wno-conversion -Wconstant-conversion -Wint-conversion -Wbool-conversion -Wenum-conversion -Wno-float-conversion -Wnon-literal-null-conversion -Wobjc-literal-conversion -Wshorten-64-to-32 -Wno-newline-eof -Wno-c++11-extensions -Wno-implicit-fallthrough -isysroot /Applications/Xcode.app/Contents/Developer/Platforms/iPhoneSimulator.platform/Developer/SDKs/iPhoneSimulator26.5.sdk -fstrict-aliasing -Wdeprecated-declarations -Winvalid-offsetof -Wno-sign-conversion -Winfinite-recursion -Wmove -Wcomma -Wblock-capture-autoreleasing -Wstrict-prototypes -Wrange-loop-analysis -Wno-semicolon-before-method-body -Wunguarded-availability -index-store-path /Users/karelbraborec/Library/Developer/Xcode/DerivedData/revmeter-hbcnswmlqmbpnlazhhkncgeowiss/Index.noindex/DataStore @/Users/karelbraborec/Library/Developer/Xcode/DerivedData/revmeter-hbcnswmlqmbpnlazhhkncgeowiss/Build/Intermediates.noindex/Pods.build/Debug-iphonesimulator/RNWorklets.build/Objects-normal/x86_64/82b82416624d2658e5098eb0a28c15c5-common-args.resp -DRCT_NEW_ARCH_ENABLED\=1 -include /Users/karelbraborec/rev-meter/ios/Pods/Target\ Support\ Files/RNWorklets/RNWorklets-prefix.pch -MMD -MT dependencies -MF /Users/karelbraborec/Library/Developer/Xcode/DerivedData/revmeter-hbcnswmlqmbpnlazhhkncgeowiss/Build/Intermediates.noindex/Pods.build/Debug-iphonesimulator/RNWorklets.build/Objects-normal/x86_64/WorkletsModuleProxy.d --serialize-diagnostics /Users/karelbraborec/Library/Developer/Xcode/DerivedData/revmeter-hbcnswmlqmbpnlazhhkncgeowiss/Build/Intermediates.noindex/Pods.build/Debug-iphonesimulator/RNWorklets.build/Objects-normal/x86_64/WorkletsModuleProxy.dia -c /Users/karelbraborec/rev-meter/node_modules/react-native-worklets/Common/cpp/worklets/NativeModules/WorkletsModuleProxy.cpp -o /Users/karelbraborec/Library/Developer/Xcode/DerivedData/revmeter-hbcnswmlqmbpnlazhhkncgeowiss/Build/Intermediates.noindex/Pods.build/Debug-iphonesimulator/RNWorklets.build/Objects-normal/x86_64/WorkletsModuleProxy.o -index-unit-output-path /Pods.build/Debug-iphonesimulator/RNWorklets.build/Objects-normal/x86_64/WorkletsModuleProxy.o
In file included from /Users/karelbraborec/rev-meter/node_modules/react-native-worklets/Common/cpp/worklets/NativeModules/WorkletsModuleProxy.cpp:1:
In file included from /Users/karelbraborec/rev-meter/ios/Pods/Headers/Private/RNWorklets/worklets/NativeModules/JSIWorkletsModuleProxy.h:4:
In file included from /Users/karelbraborec/rev-meter/ios/Pods/Headers/Private/RNWorklets/worklets/SharedItems/MemoryManager.h:6:
/Users/karelbraborec/rev-meter/ios/Pods/Headers/Private/RNWorklets/worklets/WorkletRuntime/WorkletRuntime.h:181:8: warning: declaration is marked with '@deprecated' command but does not have a deprecation attribute [-Wdocumentation-deprecated-sync]
  181 |   /** @deprecated Use `schedule` instead. */
      |       ~^~~~~~~~~~~~~~~~~~~~~~~~~~~~~~~~~~
/Users/karelbraborec/rev-meter/ios/Pods/Headers/Private/RNWorklets/worklets/WorkletRuntime/WorkletRuntime.h:182:3: note: add a deprecation attribute to the declaration to silence this warning
  182 |   void runAsyncGuarded(const std::shared_ptr<SerializableWorklet> &worklet);
      |   ^
      |   __AVAILABILITY_INTERNAL_DEPRECATED 
/Users/karelbraborec/rev-meter/ios/Pods/Headers/Private/RNWorklets/worklets/WorkletRuntime/WorkletRuntime.h:184:8: warning: declaration is marked with '@deprecated' command but does not have a deprecation attribute [-Wdocumentation-deprecated-sync]
  184 |   /** @deprecated Use `runSyncSerialized` and extract to `jsi::Value` with
      |       ~^~~~~~~~~~~~~~~~~~~~~~~~~~~~~~~~~~~~~~~~~~~~~~~~~~~~~~~~~~~~~~~~~~~
  185 |    * `extractSerializableOrThrow` instead. */
      |    ~~~~~~~~~~~~~~~~~~~~~~~~~~~~~~~~~~~~~~~
/Users/karelbraborec/rev-meter/ios/Pods/Headers/Private/RNWorklets/worklets/WorkletRuntime/WorkletRuntime.h:186:3: note: add a deprecation attribute to the declaration to silence this warning
  186 |   jsi::Value executeSync(jsi::Runtime &rt, const jsi::Value &worklet) const;
      |   ^
      |   __AVAILABILITY_INTERNAL_DEPRECATED 
/Users/karelbraborec/rev-meter/ios/Pods/Headers/Private/RNWorklets/worklets/WorkletRuntime/WorkletRuntime.h:187:8: warning: declaration is marked with '@deprecated' command but does not have a deprecation attribute [-Wdocumentation-deprecated-sync]
  187 |   /** @deprecated Use `runSync` instead. */
      |       ~^~~~~~~~~~~~~~~~~~~~~~~~~~~~~~~~~
/Users/karelbraborec/rev-meter/ios/Pods/Headers/Private/RNWorklets/worklets/WorkletRuntime/WorkletRuntime.h:188:3: note: add a deprecation attribute to the declaration to silence this warning
  188 |   jsi::Value executeSync(std::function<jsi::Value(jsi::Runtime &)> &&job) const;
      |   ^
      |   __AVAILABILITY_INTERNAL_DEPRECATED 
/Users/karelbraborec/rev-meter/ios/Pods/Headers/Private/RNWorklets/worklets/WorkletRuntime/WorkletRuntime.h:189:8: warning: declaration is marked with '@deprecated' command but does not have a deprecation attribute [-Wdocumentation-deprecated-sync]
  189 |   /** @deprecated Use `runSync` instead. */
      |       ~^~~~~~~~~~~~~~~~~~~~~~~~~~~~~~~~~
/Users/karelbraborec/rev-meter/ios/Pods/Headers/Private/RNWorklets/worklets/WorkletRuntime/WorkletRuntime.h:190:3: note: add a deprecation attribute to the declaration to silence this warning
  190 |   jsi::Value executeSync(const std::function<jsi::Value(jsi::Runtime &)> &job) const;
      |   ^
      |   __AVAILABILITY_INTERNAL_DEPRECATED 
/Users/karelbraborec/rev-meter/ios/Pods/Headers/Private/RNWorklets/worklets/WorkletRuntime/WorkletRuntime.h:175:8: warning: declaration is marked with '@deprecated' command but does not have a deprecation attribute [-Wdocumentation-deprecated-sync]
  175 |   /** @deprecated Use `runSync` instead. */
      |       ~^~~~~~~~~~~~~~~~~~~~~~~~~~~~~~~~~
5 warnings generated.

CompileC /Users/karelbraborec/Library/Developer/Xcode/DerivedData/revmeter-hbcnswmlqmbpnlazhhkncgeowiss/Build/Intermediates.noindex/Pods.build/Debug-iphonesimulator/RNWorklets.build/Objects-normal/x86_64/WorkletsModule.o /Users/karelbraborec/rev-meter/node_modules/react-native-worklets/apple/worklets/apple/WorkletsModule.mm normal x86_64 objective-c++ com.apple.compilers.llvm.clang.1_0.compiler (in target 'RNWorklets' from project 'Pods')
    cd /Users/karelbraborec/rev-meter/ios/Pods
    
    Using response file: /Users/karelbraborec/Library/Developer/Xcode/DerivedData/revmeter-hbcnswmlqmbpnlazhhkncgeowiss/Build/Intermediates.noindex/Pods.build/Debug-iphonesimulator/RNWorklets.build/Objects-normal/x86_64/af3fcb34312c57c0f52879cdce924b91-common-args.resp
    
    /Applications/Xcode.app/Contents/Developer/Toolchains/XcodeDefault.xctoolchain/usr/bin/clang -x objective-c++ -ivfsstatcache /Users/karelbraborec/Library/Developer/Xcode/DerivedData/SDKStatCaches.noindex/iphonesimulator26.5-23F81a-6cfe768891a92b912361537c460fe42b.sdkstatcache -target x86_64-apple-ios15.1-simulator -fmessage-length\=0 -fdiagnostics-show-note-include-stack -fmacro-backtrace-limit\=0 -fno-color-diagnostics -fmodules-prune-interval\=86400 -fmodules-prune-after\=345600 -fbuild-session-file\=/Users/karelbraborec/Library/Developer/Xcode/DerivedData/ModuleCache.noindex/Session.modulevalidation -fmodules-validate-once-per-build-session -Wnon-modular-include-in-framework-module -Werror\=non-modular-include-in-framework-module -Wno-trigraphs -Wno-missing-field-initializers -Wno-missing-prototypes -Werror\=return-type -Wdocumentation -Wunreachable-code -Wno-implicit-atomic-properties -Werror\=deprecated-objc-isa-usage -Wno-objc-interface-ivars -Werror\=objc-root-class -Wno-arc-repeated-use-of-weak -Wimplicit-retain-self -Wno-non-virtual-dtor -Wno-overloaded-virtual -Wno-exit-time-destructors -Wduplicate-method-match -Wno-missing-braces -Wparentheses -Wswitch -Wunused-function -Wno-unused-label -Wno-unused-parameter -Wunused-variable -Wunused-value -Wempty-body -Wuninitialized -Wconditional-uninitialized -Wno-unknown-pragmas -Wno-shadow -Wno-four-char-constants -Wno-conversion -Wconstant-conversion -Wint-conversion -Wbool-conversion -Wenum-conversion -Wno-float-conversion -Wnon-literal-null-conversion -Wobjc-literal-conversion -Wshorten-64-to-32 -Wno-newline-eof -Wno-selector -Wno-strict-selector-match -Wundeclared-selector -Wdeprecated-implementations -Wno-c++11-extensions -Wno-implicit-fallthrough -isysroot /Applications/Xcode.app/Contents/Developer/Platforms/iPhoneSimulator.platform/Developer/SDKs/iPhoneSimulator26.5.sdk -fstrict-aliasing -Wprotocol -Wdeprecated-declarations -Winvalid-offsetof -Wno-sign-conversion -Winfinite-recursion -Wmove -Wcomma -Wblock-capture-autoreleasing -Wstrict-prototypes -Wrange-loop-analysis -Wno-semicolon-before-method-body -Wunguarded-availability -index-store-path /Users/karelbraborec/Library/Developer/Xcode/DerivedData/revmeter-hbcnswmlqmbpnlazhhkncgeowiss/Index.noindex/DataStore @/Users/karelbraborec/Library/Developer/Xcode/DerivedData/revmeter-hbcnswmlqmbpnlazhhkncgeowiss/Build/Intermediates.noindex/Pods.build/Debug-iphonesimulator/RNWorklets.build/Objects-normal/x86_64/af3fcb34312c57c0f52879cdce924b91-common-args.resp -DRCT_NEW_ARCH_ENABLED\=1 -include /Users/karelbraborec/rev-meter/ios/Pods/Target\ Support\ Files/RNWorklets/RNWorklets-prefix.pch -MMD -MT dependencies -MF /Users/karelbraborec/Library/Developer/Xcode/DerivedData/revmeter-hbcnswmlqmbpnlazhhkncgeowiss/Build/Intermediates.noindex/Pods.build/Debug-iphonesimulator/RNWorklets.build/Objects-normal/x86_64/WorkletsModule.d --serialize-diagnostics /Users/karelbraborec/Library/Developer/Xcode/DerivedData/revmeter-hbcnswmlqmbpnlazhhkncgeowiss/Build/Intermediates.noindex/Pods.build/Debug-iphonesimulator/RNWorklets.build/Objects-normal/x86_64/WorkletsModule.dia -c /Users/karelbraborec/rev-meter/node_modules/react-native-worklets/apple/worklets/apple/WorkletsModule.mm -o /Users/karelbraborec/Library/Developer/Xcode/DerivedData/revmeter-hbcnswmlqmbpnlazhhkncgeowiss/Build/Intermediates.noindex/Pods.build/Debug-iphonesimulator/RNWorklets.build/Objects-normal/x86_64/WorkletsModule.o -index-unit-output-path /Pods.build/Debug-iphonesimulator/RNWorklets.build/Objects-normal/x86_64/WorkletsModule.o
In file included from /Users/karelbraborec/rev-meter/node_modules/react-native-worklets/apple/worklets/apple/WorkletsModule.mm:1:
In file included from /Users/karelbraborec/rev-meter/ios/Pods/Headers/Private/RNWorklets/worklets/NativeModules/JSIWorkletsModuleProxy.h:4:
In file included from /Users/karelbraborec/rev-meter/ios/Pods/Headers/Private/RNWorklets/worklets/SharedItems/MemoryManager.h:6:
/Users/karelbraborec/rev-meter/ios/Pods/Headers/Private/RNWorklets/worklets/WorkletRuntime/WorkletRuntime.h:181:8: warning: declaration is marked with '@deprecated' command but does not have a deprecation attribute [-Wdocumentation-deprecated-sync]
  181 |   /** @deprecated Use `schedule` instead. */
      |       ~^~~~~~~~~~~~~~~~~~~~~~~~~~~~~~~~~~
/Users/karelbraborec/rev-meter/ios/Pods/Headers/Private/RNWorklets/worklets/WorkletRuntime/WorkletRuntime.h:182:3: note: add a deprecation attribute to the declaration to silence this warning
  182 |   void runAsyncGuarded(const std::shared_ptr<SerializableWorklet> &worklet);
      |   ^
      |   CA_DEPRECATED 
/Users/karelbraborec/rev-meter/ios/Pods/Headers/Private/RNWorklets/worklets/WorkletRuntime/WorkletRuntime.h:184:8: warning: declaration is marked with '@deprecated' command but does not have a deprecation attribute [-Wdocumentation-deprecated-sync]
  184 |   /** @deprecated Use `runSyncSerialized` and extract to `jsi::Value` with
      |       ~^~~~~~~~~~~~~~~~~~~~~~~~~~~~~~~~~~~~~~~~~~~~~~~~~~~~~~~~~~~~~~~~~~~
  185 |    * `extractSerializableOrThrow` instead. */
      |    ~~~~~~~~~~~~~~~~~~~~~~~~~~~~~~~~~~~~~~~
/Users/karelbraborec/rev-meter/ios/Pods/Headers/Private/RNWorklets/worklets/WorkletRuntime/WorkletRuntime.h:186:3: note: add a deprecation attribute to the declaration to silence this warning
  186 |   jsi::Value executeSync(jsi::Runtime &rt, const jsi::Value &worklet) const;
      |   ^
      |   CA_DEPRECATED 
/Users/karelbraborec/rev-meter/ios/Pods/Headers/Private/RNWorklets/worklets/WorkletRuntime/WorkletRuntime.h:187:8: warning: declaration is marked with '@deprecated' command but does not have a deprecation attribute [-Wdocumentation-deprecated-sync]
  187 |   /** @deprecated Use `runSync` instead. */
      |       ~^~~~~~~~~~~~~~~~~~~~~~~~~~~~~~~~~
/Users/karelbraborec/rev-meter/ios/Pods/Headers/Private/RNWorklets/worklets/WorkletRuntime/WorkletRuntime.h:188:3: note: add a deprecation attribute to the declaration to silence this warning
  188 |   jsi::Value executeSync(std::function<jsi::Value(jsi::Runtime &)> &&job) const;
      |   ^
      |   CA_DEPRECATED 
/Users/karelbraborec/rev-meter/ios/Pods/Headers/Private/RNWorklets/worklets/WorkletRuntime/WorkletRuntime.h:189:8: warning: declaration is marked with '@deprecated' command but does not have a deprecation attribute [-Wdocumentation-deprecated-sync]
  189 |   /** @deprecated Use `runSync` instead. */
      |       ~^~~~~~~~~~~~~~~~~~~~~~~~~~~~~~~~~
/Users/karelbraborec/rev-meter/ios/Pods/Headers/Private/RNWorklets/worklets/WorkletRuntime/WorkletRuntime.h:190:3: note: add a deprecation attribute to the declaration to silence this warning
  190 |   jsi::Value executeSync(const std::function<jsi::Value(jsi::Runtime &)> &job) const;
      |   ^
      |   CA_DEPRECATED 
/Users/karelbraborec/rev-meter/ios/Pods/Headers/Private/RNWorklets/worklets/WorkletRuntime/WorkletRuntime.h:175:8: warning: declaration is marked with '@deprecated' command but does not have a deprecation attribute [-Wdocumentation-deprecated-sync]
  175 |   /** @deprecated Use `runSync` instead. */
      |       ~^~~~~~~~~~~~~~~~~~~~~~~~~~~~~~~~~
5 warnings generated.

CompileC /Users/karelbraborec/Library/Developer/Xcode/DerivedData/revmeter-hbcnswmlqmbpnlazhhkncgeowiss/Build/Intermediates.noindex/Pods.build/Debug-iphonesimulator/RNWorklets.build/Objects-normal/x86_64/WorkletsJSIUtils.o /Users/karelbraborec/rev-meter/node_modules/react-native-worklets/Common/cpp/worklets/Tools/WorkletsJSIUtils.cpp normal x86_64 c++ com.apple.compilers.llvm.clang.1_0.compiler (in target 'RNWorklets' from project 'Pods')
    cd /Users/karelbraborec/rev-meter/ios/Pods
    
    Using response file: /Users/karelbraborec/Library/Developer/Xcode/DerivedData/revmeter-hbcnswmlqmbpnlazhhkncgeowiss/Build/Intermediates.noindex/Pods.build/Debug-iphonesimulator/RNWorklets.build/Objects-normal/x86_64/82b82416624d2658e5098eb0a28c15c5-common-args.resp
    
    /Applications/Xcode.app/Contents/Developer/Toolchains/XcodeDefault.xctoolchain/usr/bin/clang -x c++ -ivfsstatcache /Users/karelbraborec/Library/Developer/Xcode/DerivedData/SDKStatCaches.noindex/iphonesimulator26.5-23F81a-6cfe768891a92b912361537c460fe42b.sdkstatcache -target x86_64-apple-ios15.1-simulator -fmessage-length\=0 -fdiagnostics-show-note-include-stack -fmacro-backtrace-limit\=0 -fno-color-diagnostics -fmodules-prune-interval\=86400 -fmodules-prune-after\=345600 -fbuild-session-file\=/Users/karelbraborec/Library/Developer/Xcode/DerivedData/ModuleCache.noindex/Session.modulevalidation -fmodules-validate-once-per-build-session -Wnon-modular-include-in-framework-module -Werror\=non-modular-include-in-framework-module -Wno-trigraphs -Wno-missing-field-initializers -Wno-missing-prototypes -Werror\=return-type -Wdocumentation -Wunreachable-code -Werror\=deprecated-objc-isa-usage -Werror\=objc-root-class -Wno-non-virtual-dtor -Wno-overloaded-virtual -Wno-exit-time-destructors -Wno-missing-braces -Wparentheses -Wswitch -Wunused-function -Wno-unused-label -Wno-unused-parameter -Wunused-variable -Wunused-value -Wempty-body -Wuninitialized -Wconditional-uninitialized -Wno-unknown-pragmas -Wno-shadow -Wno-four-char-constants -Wno-conversion -Wconstant-conversion -Wint-conversion -Wbool-conversion -Wenum-conversion -Wno-float-conversion -Wnon-literal-null-conversion -Wobjc-literal-conversion -Wshorten-64-to-32 -Wno-newline-eof -Wno-c++11-extensions -Wno-implicit-fallthrough -isysroot /Applications/Xcode.app/Contents/Developer/Platforms/iPhoneSimulator.platform/Developer/SDKs/iPhoneSimulator26.5.sdk -fstrict-aliasing -Wdeprecated-declarations -Winvalid-offsetof -Wno-sign-conversion -Winfinite-recursion -Wmove -Wcomma -Wblock-capture-autoreleasing -Wstrict-prototypes -Wrange-loop-analysis -Wno-semicolon-before-method-body -Wunguarded-availability -index-store-path /Users/karelbraborec/Library/Developer/Xcode/DerivedData/revmeter-hbcnswmlqmbpnlazhhkncgeowiss/Index.noindex/DataStore @/Users/karelbraborec/Library/Developer/Xcode/DerivedData/revmeter-hbcnswmlqmbpnlazhhkncgeowiss/Build/Intermediates.noindex/Pods.build/Debug-iphonesimulator/RNWorklets.build/Objects-normal/x86_64/82b82416624d2658e5098eb0a28c15c5-common-args.resp -DRCT_NEW_ARCH_ENABLED\=1 -include /Users/karelbraborec/rev-meter/ios/Pods/Target\ Support\ Files/RNWorklets/RNWorklets-prefix.pch -MMD -MT dependencies -MF /Users/karelbraborec/Library/Developer/Xcode/DerivedData/revmeter-hbcnswmlqmbpnlazhhkncgeowiss/Build/Intermediates.noindex/Pods.build/Debug-iphonesimulator/RNWorklets.build/Objects-normal/x86_64/WorkletsJSIUtils.d --serialize-diagnostics /Users/karelbraborec/Library/Developer/Xcode/DerivedData/revmeter-hbcnswmlqmbpnlazhhkncgeowiss/Build/Intermediates.noindex/Pods.build/Debug-iphonesimulator/RNWorklets.build/Objects-normal/x86_64/WorkletsJSIUtils.dia -c /Users/karelbraborec/rev-meter/node_modules/react-native-worklets/Common/cpp/worklets/Tools/WorkletsJSIUtils.cpp -o /Users/karelbraborec/Library/Developer/Xcode/DerivedData/revmeter-hbcnswmlqmbpnlazhhkncgeowiss/Build/Intermediates.noindex/Pods.build/Debug-iphonesimulator/RNWorklets.build/Objects-normal/x86_64/WorkletsJSIUtils.o -index-unit-output-path /Pods.build/Debug-iphonesimulator/RNWorklets.build/Objects-normal/x86_64/WorkletsJSIUtils.o

CompileC /Users/karelbraborec/Library/Developer/Xcode/DerivedData/revmeter-hbcnswmlqmbpnlazhhkncgeowiss/Build/Intermediates.noindex/Pods.build/Debug-iphonesimulator/react-native-slider.build/Objects-normal/x86_64/RNCSlider.o /Users/karelbraborec/rev-meter/node_modules/@react-native-community/slider/ios/RNCSlider.m normal x86_64 objective-c com.apple.compilers.llvm.clang.1_0.compiler (in target 'react-native-slider' from project 'Pods')
    cd /Users/karelbraborec/rev-meter/ios/Pods
    
    Using response file: /Users/karelbraborec/Library/Developer/Xcode/DerivedData/revmeter-hbcnswmlqmbpnlazhhkncgeowiss/Build/Intermediates.noindex/Pods.build/Debug-iphonesimulator/react-native-slider.build/Objects-normal/x86_64/e6072d4f65d7061329687fe24e3d63a7-common-args.resp
    
    /Applications/Xcode.app/Contents/Developer/Toolchains/XcodeDefault.xctoolchain/usr/bin/clang -x objective-c -ivfsstatcache /Users/karelbraborec/Library/Developer/Xcode/DerivedData/SDKStatCaches.noindex/iphonesimulator26.5-23F81a-6cfe768891a92b912361537c460fe42b.sdkstatcache -target x86_64-apple-ios15.1-simulator -fmessage-length\=0 -fdiagnostics-show-note-include-stack -fmacro-backtrace-limit\=0 -fno-color-diagnostics -fmodules-prune-interval\=86400 -fmodules-prune-after\=345600 -fbuild-session-file\=/Users/karelbraborec/Library/Developer/Xcode/DerivedData/ModuleCache.noindex/Session.modulevalidation -fmodules-validate-once-per-build-session -Wnon-modular-include-in-framework-module -Werror\=non-modular-include-in-framework-module -Wno-trigraphs -Wno-missing-field-initializers -Wno-missing-prototypes -Werror\=return-type -Wdocumentation -Wunreachable-code -Wno-implicit-atomic-properties -Werror\=deprecated-objc-isa-usage -Wno-objc-interface-ivars -Werror\=objc-root-class -Wno-arc-repeated-use-of-weak -Wimplicit-retain-self -Wduplicate-method-match -Wno-missing-braces -Wparentheses -Wswitch -Wunused-function -Wno-unused-label -Wno-unused-parameter -Wunused-variable -Wunused-value -Wempty-body -Wuninitialized -Wconditional-uninitialized -Wno-unknown-pragmas -Wno-shadow -Wno-four-char-constants -Wno-conversion -Wconstant-conversion -Wint-conversion -Wbool-conversion -Wenum-conversion -Wno-float-conversion -Wnon-literal-null-conversion -Wobjc-literal-conversion -Wshorten-64-to-32 -Wpointer-sign -Wno-newline-eof -Wno-selector -Wno-strict-selector-match -Wundeclared-selector -Wdeprecated-implementations -Wno-implicit-fallthrough -isysroot /Applications/Xcode.app/Contents/Developer/Platforms/iPhoneSimulator.platform/Developer/SDKs/iPhoneSimulator26.5.sdk -fstrict-aliasing -Wprotocol -Wdeprecated-declarations -Wno-sign-conversion -Winfinite-recursion -Wcomma -Wblock-capture-autoreleasing -Wstrict-prototypes -Wno-semicolon-before-method-body -Wunguarded-availability -index-store-path /Users/karelbraborec/Library/Developer/Xcode/DerivedData/revmeter-hbcnswmlqmbpnlazhhkncgeowiss/Index.noindex/DataStore @/Users/karelbraborec/Library/Developer/Xcode/DerivedData/revmeter-hbcnswmlqmbpnlazhhkncgeowiss/Build/Intermediates.noindex/Pods.build/Debug-iphonesimulator/react-native-slider.build/Objects-normal/x86_64/e6072d4f65d7061329687fe24e3d63a7-common-args.resp -DRCT_NEW_ARCH_ENABLED\=1 -include /Users/karelbraborec/rev-meter/ios/Pods/Target\ Support\ Files/react-native-slider/react-native-slider-prefix.pch -MMD -MT dependencies -MF /Users/karelbraborec/Library/Developer/Xcode/DerivedData/revmeter-hbcnswmlqmbpnlazhhkncgeowiss/Build/Intermediates.noindex/Pods.build/Debug-iphonesimulator/react-native-slider.build/Objects-normal/x86_64/RNCSlider.d --serialize-diagnostics /Users/karelbraborec/Library/Developer/Xcode/DerivedData/revmeter-hbcnswmlqmbpnlazhhkncgeowiss/Build/Intermediates.noindex/Pods.build/Debug-iphonesimulator/react-native-slider.build/Objects-normal/x86_64/RNCSlider.dia -c /Users/karelbraborec/rev-meter/node_modules/@react-native-community/slider/ios/RNCSlider.m -o /Users/karelbraborec/Library/Developer/Xcode/DerivedData/revmeter-hbcnswmlqmbpnlazhhkncgeowiss/Build/Intermediates.noindex/Pods.build/Debug-iphonesimulator/react-native-slider.build/Objects-normal/x86_64/RNCSlider.o -index-unit-output-path /Pods.build/Debug-iphonesimulator/react-native-slider.build/Objects-normal/x86_64/RNCSlider.o

CompileC /Users/karelbraborec/Library/Developer/Xcode/DerivedData/revmeter-hbcnswmlqmbpnlazhhkncgeowiss/Build/Intermediates.noindex/Pods.build/Debug-iphonesimulator/react-native-safe-area-context.build/Objects-normal/x86_64/RNCSafeAreaViewMode.o /Users/karelbraborec/rev-meter/node_modules/react-native-safe-area-context/ios/RNCSafeAreaViewMode.m normal x86_64 objective-c com.apple.compilers.llvm.clang.1_0.compiler (in target 'react-native-safe-area-context' from project 'Pods')
    cd /Users/karelbraborec/rev-meter/ios/Pods
    
    Using response file: /Users/karelbraborec/Library/Developer/Xcode/DerivedData/revmeter-hbcnswmlqmbpnlazhhkncgeowiss/Build/Intermediates.noindex/Pods.build/Debug-iphonesimulator/react-native-safe-area-context.build/Objects-normal/x86_64/e6072d4f65d7061329687fe24e3d63a7-common-args.resp
    
    /Applications/Xcode.app/Contents/Developer/Toolchains/XcodeDefault.xctoolchain/usr/bin/clang -x objective-c -ivfsstatcache /Users/karelbraborec/Library/Developer/Xcode/DerivedData/SDKStatCaches.noindex/iphonesimulator26.5-23F81a-6cfe768891a92b912361537c460fe42b.sdkstatcache -target x86_64-apple-ios15.1-simulator -fmessage-length\=0 -fdiagnostics-show-note-include-stack -fmacro-backtrace-limit\=0 -fno-color-diagnostics -fmodules-prune-interval\=86400 -fmodules-prune-after\=345600 -fbuild-session-file\=/Users/karelbraborec/Library/Developer/Xcode/DerivedData/ModuleCache.noindex/Session.modulevalidation -fmodules-validate-once-per-build-session -Wnon-modular-include-in-framework-module -Werror\=non-modular-include-in-framework-module -Wno-trigraphs -Wno-missing-field-initializers -Wno-missing-prototypes -Werror\=return-type -Wdocumentation -Wunreachable-code -Wno-implicit-atomic-properties -Werror\=deprecated-objc-isa-usage -Wno-objc-interface-ivars -Werror\=objc-root-class -Wno-arc-repeated-use-of-weak -Wimplicit-retain-self -Wduplicate-method-match -Wno-missing-braces -Wparentheses -Wswitch -Wunused-function -Wno-unused-label -Wno-unused-parameter -Wunused-variable -Wunused-value -Wempty-body -Wuninitialized -Wconditional-uninitialized -Wno-unknown-pragmas -Wno-shadow -Wno-four-char-constants -Wno-conversion -Wconstant-conversion -Wint-conversion -Wbool-conversion -Wenum-conversion -Wno-float-conversion -Wnon-literal-null-conversion -Wobjc-literal-conversion -Wshorten-64-to-32 -Wpointer-sign -Wno-newline-eof -Wno-selector -Wno-strict-selector-match -Wundeclared-selector -Wdeprecated-implementations -Wno-implicit-fallthrough -isysroot /Applications/Xcode.app/Contents/Developer/Platforms/iPhoneSimulator.platform/Developer/SDKs/iPhoneSimulator26.5.sdk -fstrict-aliasing -Wprotocol -Wdeprecated-declarations -Wno-sign-conversion -Winfinite-recursion -Wcomma -Wblock-capture-autoreleasing -Wstrict-prototypes -Wno-semicolon-before-method-body -Wunguarded-availability -index-store-path /Users/karelbraborec/Library/Developer/Xcode/DerivedData/revmeter-hbcnswmlqmbpnlazhhkncgeowiss/Index.noindex/DataStore @/Users/karelbraborec/Library/Developer/Xcode/DerivedData/revmeter-hbcnswmlqmbpnlazhhkncgeowiss/Build/Intermediates.noindex/Pods.build/Debug-iphonesimulator/react-native-safe-area-context.build/Objects-normal/x86_64/e6072d4f65d7061329687fe24e3d63a7-common-args.resp -DRCT_NEW_ARCH_ENABLED\=1 -include /Users/karelbraborec/rev-meter/ios/Pods/Target\ Support\ Files/react-native-safe-area-context/react-native-safe-area-context-prefix.pch -MMD -MT dependencies -MF /Users/karelbraborec/Library/Developer/Xcode/DerivedData/revmeter-hbcnswmlqmbpnlazhhkncgeowiss/Build/Intermediates.noindex/Pods.build/Debug-iphonesimulator/react-native-safe-area-context.build/Objects-normal/x86_64/RNCSafeAreaViewMode.d --serialize-diagnostics /Users/karelbraborec/Library/Developer/Xcode/DerivedData/revmeter-hbcnswmlqmbpnlazhhkncgeowiss/Build/Intermediates.noindex/Pods.build/Debug-iphonesimulator/react-native-safe-area-context.build/Objects-normal/x86_64/RNCSafeAreaViewMode.dia -c /Users/karelbraborec/rev-meter/node_modules/react-native-safe-area-context/ios/RNCSafeAreaViewMode.m -o /Users/karelbraborec/Library/Developer/Xcode/DerivedData/revmeter-hbcnswmlqmbpnlazhhkncgeowiss/Build/Intermediates.noindex/Pods.build/Debug-iphonesimulator/react-native-safe-area-context.build/Objects-normal/x86_64/RNCSafeAreaViewMode.o -index-unit-output-path /Pods.build/Debug-iphonesimulator/react-native-safe-area-context.build/Objects-normal/x86_64/RNCSafeAreaViewMode.o

Libtool /Users/karelbraborec/Library/Developer/Xcode/DerivedData/revmeter-hbcnswmlqmbpnlazhhkncgeowiss/Build/Intermediates.noindex/Pods.build/Debug-iphonesimulator/react-native-slider.build/Objects-normal/x86_64/Binary/libreact-native-slider.a normal x86_64 (in target 'react-native-slider' from project 'Pods')
    cd /Users/karelbraborec/rev-meter/ios/Pods
    /Applications/Xcode.app/Contents/Developer/Toolchains/XcodeDefault.xctoolchain/usr/bin/libtool -static -arch_only x86_64 -D -syslibroot /Applications/Xcode.app/Contents/Developer/Platforms/iPhoneSimulator.platform/Developer/SDKs/iPhoneSimulator26.5.sdk -L/Users/karelbraborec/Library/Developer/Xcode/DerivedData/revmeter-hbcnswmlqmbpnlazhhkncgeowiss/Build/Products/Debug-iphonesimulator/react-native-slider -filelist /Users/karelbraborec/Library/Developer/Xcode/DerivedData/revmeter-hbcnswmlqmbpnlazhhkncgeowiss/Build/Intermediates.noindex/Pods.build/Debug-iphonesimulator/react-native-slider.build/Objects-normal/x86_64/react-native-slider.LinkFileList -dependency_info /Users/karelbraborec/Library/Developer/Xcode/DerivedData/revmeter-hbcnswmlqmbpnlazhhkncgeowiss/Build/Intermediates.noindex/Pods.build/Debug-iphonesimulator/react-native-slider.build/Objects-normal/x86_64/react-native-slider_libtool_dependency_info.dat -o /Users/karelbraborec/Library/Developer/Xcode/DerivedData/revmeter-hbcnswmlqmbpnlazhhkncgeowiss/Build/Intermediates.noindex/Pods.build/Debug-iphonesimulator/react-native-slider.build/Objects-normal/x86_64/Binary/libreact-native-slider.a
libtool: warning: 'RNCSliderMeasurementsManager.o' has no symbols

CompileC /Users/karelbraborec/Library/Developer/Xcode/DerivedData/revmeter-hbcnswmlqmbpnlazhhkncgeowiss/Build/Intermediates.noindex/Pods.build/Debug-iphonesimulator/react-native-safe-area-context.build/Objects-normal/x86_64/RNCSafeAreaViewManager.o /Users/karelbraborec/rev-meter/node_modules/react-native-safe-area-context/ios/RNCSafeAreaViewManager.m normal x86_64 objective-c com.apple.compilers.llvm.clang.1_0.compiler (in target 'react-native-safe-area-context' from project 'Pods')
    cd /Users/karelbraborec/rev-meter/ios/Pods
    
    Using response file: /Users/karelbraborec/Library/Developer/Xcode/DerivedData/revmeter-hbcnswmlqmbpnlazhhkncgeowiss/Build/Intermediates.noindex/Pods.build/Debug-iphonesimulator/react-native-safe-area-context.build/Objects-normal/x86_64/e6072d4f65d7061329687fe24e3d63a7-common-args.resp
    
    /Applications/Xcode.app/Contents/Developer/Toolchains/XcodeDefault.xctoolchain/usr/bin/clang -x objective-c -ivfsstatcache /Users/karelbraborec/Library/Developer/Xcode/DerivedData/SDKStatCaches.noindex/iphonesimulator26.5-23F81a-6cfe768891a92b912361537c460fe42b.sdkstatcache -target x86_64-apple-ios15.1-simulator -fmessage-length\=0 -fdiagnostics-show-note-include-stack -fmacro-backtrace-limit\=0 -fno-color-diagnostics -fmodules-prune-interval\=86400 -fmodules-prune-after\=345600 -fbuild-session-file\=/Users/karelbraborec/Library/Developer/Xcode/DerivedData/ModuleCache.noindex/Session.modulevalidation -fmodules-validate-once-per-build-session -Wnon-modular-include-in-framework-module -Werror\=non-modular-include-in-framework-module -Wno-trigraphs -Wno-missing-field-initializers -Wno-missing-prototypes -Werror\=return-type -Wdocumentation -Wunreachable-code -Wno-implicit-atomic-properties -Werror\=deprecated-objc-isa-usage -Wno-objc-interface-ivars -Werror\=objc-root-class -Wno-arc-repeated-use-of-weak -Wimplicit-retain-self -Wduplicate-method-match -Wno-missing-braces -Wparentheses -Wswitch -Wunused-function -Wno-unused-label -Wno-unused-parameter -Wunused-variable -Wunused-value -Wempty-body -Wuninitialized -Wconditional-uninitialized -Wno-unknown-pragmas -Wno-shadow -Wno-four-char-constants -Wno-conversion -Wconstant-conversion -Wint-conversion -Wbool-conversion -Wenum-conversion -Wno-float-conversion -Wnon-literal-null-conversion -Wobjc-literal-conversion -Wshorten-64-to-32 -Wpointer-sign -Wno-newline-eof -Wno-selector -Wno-strict-selector-match -Wundeclared-selector -Wdeprecated-implementations -Wno-implicit-fallthrough -isysroot /Applications/Xcode.app/Contents/Developer/Platforms/iPhoneSimulator.platform/Developer/SDKs/iPhoneSimulator26.5.sdk -fstrict-aliasing -Wprotocol -Wdeprecated-declarations -Wno-sign-conversion -Winfinite-recursion -Wcomma -Wblock-capture-autoreleasing -Wstrict-prototypes -Wno-semicolon-before-method-body -Wunguarded-availability -index-store-path /Users/karelbraborec/Library/Developer/Xcode/DerivedData/revmeter-hbcnswmlqmbpnlazhhkncgeowiss/Index.noindex/DataStore @/Users/karelbraborec/Library/Developer/Xcode/DerivedData/revmeter-hbcnswmlqmbpnlazhhkncgeowiss/Build/Intermediates.noindex/Pods.build/Debug-iphonesimulator/react-native-safe-area-context.build/Objects-normal/x86_64/e6072d4f65d7061329687fe24e3d63a7-common-args.resp -DRCT_NEW_ARCH_ENABLED\=1 -include /Users/karelbraborec/rev-meter/ios/Pods/Target\ Support\ Files/react-native-safe-area-context/react-native-safe-area-context-prefix.pch -MMD -MT dependencies -MF /Users/karelbraborec/Library/Developer/Xcode/DerivedData/revmeter-hbcnswmlqmbpnlazhhkncgeowiss/Build/Intermediates.noindex/Pods.build/Debug-iphonesimulator/react-native-safe-area-context.build/Objects-normal/x86_64/RNCSafeAreaViewManager.d --serialize-diagnostics /Users/karelbraborec/Library/Developer/Xcode/DerivedData/revmeter-hbcnswmlqmbpnlazhhkncgeowiss/Build/Intermediates.noindex/Pods.build/Debug-iphonesimulator/react-native-safe-area-context.build/Objects-normal/x86_64/RNCSafeAreaViewManager.dia -c /Users/karelbraborec/rev-meter/node_modules/react-native-safe-area-context/ios/RNCSafeAreaViewManager.m -o /Users/karelbraborec/Library/Developer/Xcode/DerivedData/revmeter-hbcnswmlqmbpnlazhhkncgeowiss/Build/Intermediates.noindex/Pods.build/Debug-iphonesimulator/react-native-safe-area-context.build/Objects-normal/x86_64/RNCSafeAreaViewManager.o -index-unit-output-path /Pods.build/Debug-iphonesimulator/react-native-safe-area-context.build/Objects-normal/x86_64/RNCSafeAreaViewManager.o

CompileC /Users/karelbraborec/Library/Developer/Xcode/DerivedData/revmeter-hbcnswmlqmbpnlazhhkncgeowiss/Build/Intermediates.noindex/Pods.build/Debug-iphonesimulator/react-native-safe-area-context.build/Objects-normal/x86_64/RNCSafeAreaViewLocalData.o /Users/karelbraborec/rev-meter/node_modules/react-native-safe-area-context/ios/RNCSafeAreaViewLocalData.m normal x86_64 objective-c com.apple.compilers.llvm.clang.1_0.compiler (in target 'react-native-safe-area-context' from project 'Pods')
    cd /Users/karelbraborec/rev-meter/ios/Pods
    
    Using response file: /Users/karelbraborec/Library/Developer/Xcode/DerivedData/revmeter-hbcnswmlqmbpnlazhhkncgeowiss/Build/Intermediates.noindex/Pods.build/Debug-iphonesimulator/react-native-safe-area-context.build/Objects-normal/x86_64/e6072d4f65d7061329687fe24e3d63a7-common-args.resp
    
    /Applications/Xcode.app/Contents/Developer/Toolchains/XcodeDefault.xctoolchain/usr/bin/clang -x objective-c -ivfsstatcache /Users/karelbraborec/Library/Developer/Xcode/DerivedData/SDKStatCaches.noindex/iphonesimulator26.5-23F81a-6cfe768891a92b912361537c460fe42b.sdkstatcache -target x86_64-apple-ios15.1-simulator -fmessage-length\=0 -fdiagnostics-show-note-include-stack -fmacro-backtrace-limit\=0 -fno-color-diagnostics -fmodules-prune-interval\=86400 -fmodules-prune-after\=345600 -fbuild-session-file\=/Users/karelbraborec/Library/Developer/Xcode/DerivedData/ModuleCache.noindex/Session.modulevalidation -fmodules-validate-once-per-build-session -Wnon-modular-include-in-framework-module -Werror\=non-modular-include-in-framework-module -Wno-trigraphs -Wno-missing-field-initializers -Wno-missing-prototypes -Werror\=return-type -Wdocumentation -Wunreachable-code -Wno-implicit-atomic-properties -Werror\=deprecated-objc-isa-usage -Wno-objc-interface-ivars -Werror\=objc-root-class -Wno-arc-repeated-use-of-weak -Wimplicit-retain-self -Wduplicate-method-match -Wno-missing-braces -Wparentheses -Wswitch -Wunused-function -Wno-unused-label -Wno-unused-parameter -Wunused-variable -Wunused-value -Wempty-body -Wuninitialized -Wconditional-uninitialized -Wno-unknown-pragmas -Wno-shadow -Wno-four-char-constants -Wno-conversion -Wconstant-conversion -Wint-conversion -Wbool-conversion -Wenum-conversion -Wno-float-conversion -Wnon-literal-null-conversion -Wobjc-literal-conversion -Wshorten-64-to-32 -Wpointer-sign -Wno-newline-eof -Wno-selector -Wno-strict-selector-match -Wundeclared-selector -Wdeprecated-implementations -Wno-implicit-fallthrough -isysroot /Applications/Xcode.app/Contents/Developer/Platforms/iPhoneSimulator.platform/Developer/SDKs/iPhoneSimulator26.5.sdk -fstrict-aliasing -Wprotocol -Wdeprecated-declarations -Wno-sign-conversion -Winfinite-recursion -Wcomma -Wblock-capture-autoreleasing -Wstrict-prototypes -Wno-semicolon-before-method-body -Wunguarded-availability -index-store-path /Users/karelbraborec/Library/Developer/Xcode/DerivedData/revmeter-hbcnswmlqmbpnlazhhkncgeowiss/Index.noindex/DataStore @/Users/karelbraborec/Library/Developer/Xcode/DerivedData/revmeter-hbcnswmlqmbpnlazhhkncgeowiss/Build/Intermediates.noindex/Pods.build/Debug-iphonesimulator/react-native-safe-area-context.build/Objects-normal/x86_64/e6072d4f65d7061329687fe24e3d63a7-common-args.resp -DRCT_NEW_ARCH_ENABLED\=1 -include /Users/karelbraborec/rev-meter/ios/Pods/Target\ Support\ Files/react-native-safe-area-context/react-native-safe-area-context-prefix.pch -MMD -MT dependencies -MF /Users/karelbraborec/Library/Developer/Xcode/DerivedData/revmeter-hbcnswmlqmbpnlazhhkncgeowiss/Build/Intermediates.noindex/Pods.build/Debug-iphonesimulator/react-native-safe-area-context.build/Objects-normal/x86_64/RNCSafeAreaViewLocalData.d --serialize-diagnostics /Users/karelbraborec/Library/Developer/Xcode/DerivedData/revmeter-hbcnswmlqmbpnlazhhkncgeowiss/Build/Intermediates.noindex/Pods.build/Debug-iphonesimulator/react-native-safe-area-context.build/Objects-normal/x86_64/RNCSafeAreaViewLocalData.dia -c /Users/karelbraborec/rev-meter/node_modules/react-native-safe-area-context/ios/RNCSafeAreaViewLocalData.m -o /Users/karelbraborec/Library/Developer/Xcode/DerivedData/revmeter-hbcnswmlqmbpnlazhhkncgeowiss/Build/Intermediates.noindex/Pods.build/Debug-iphonesimulator/react-native-safe-area-context.build/Objects-normal/x86_64/RNCSafeAreaViewLocalData.o -index-unit-output-path /Pods.build/Debug-iphonesimulator/react-native-safe-area-context.build/Objects-normal/x86_64/RNCSafeAreaViewLocalData.o

Libtool /Users/karelbraborec/Library/Developer/Xcode/DerivedData/revmeter-hbcnswmlqmbpnlazhhkncgeowiss/Build/Intermediates.noindex/Pods.build/Debug-iphonesimulator/ReactAppDependencyProvider.build/Objects-normal/x86_64/Binary/libReactAppDependencyProvider.a normal x86_64 (in target 'ReactAppDependencyProvider' from project 'Pods')
    cd /Users/karelbraborec/rev-meter/ios/Pods
    /Applications/Xcode.app/Contents/Developer/Toolchains/XcodeDefault.xctoolchain/usr/bin/libtool -static -arch_only x86_64 -D -syslibroot /Applications/Xcode.app/Contents/Developer/Platforms/iPhoneSimulator.platform/Developer/SDKs/iPhoneSimulator26.5.sdk -L/Users/karelbraborec/Library/Developer/Xcode/DerivedData/revmeter-hbcnswmlqmbpnlazhhkncgeowiss/Build/Products/Debug-iphonesimulator/ReactAppDependencyProvider -filelist /Users/karelbraborec/Library/Developer/Xcode/DerivedData/revmeter-hbcnswmlqmbpnlazhhkncgeowiss/Build/Intermediates.noindex/Pods.build/Debug-iphonesimulator/ReactAppDependencyProvider.build/Objects-normal/x86_64/ReactAppDependencyProvider.LinkFileList -dependency_info /Users/karelbraborec/Library/Developer/Xcode/DerivedData/revmeter-hbcnswmlqmbpnlazhhkncgeowiss/Build/Intermediates.noindex/Pods.build/Debug-iphonesimulator/ReactAppDependencyProvider.build/Objects-normal/x86_64/ReactAppDependencyProvider_libtool_dependency_info.dat -o /Users/karelbraborec/Library/Developer/Xcode/DerivedData/revmeter-hbcnswmlqmbpnlazhhkncgeowiss/Build/Intermediates.noindex/Pods.build/Debug-iphonesimulator/ReactAppDependencyProvider.build/Objects-normal/x86_64/Binary/libReactAppDependencyProvider.a

Libtool /Users/karelbraborec/Library/Developer/Xcode/DerivedData/revmeter-hbcnswmlqmbpnlazhhkncgeowiss/Build/Intermediates.noindex/Pods.build/Debug-iphonesimulator/ReactAppDependencyProvider.build/Objects-normal/arm64/Binary/libReactAppDependencyProvider.a normal arm64 (in target 'ReactAppDependencyProvider' from project 'Pods')
    cd /Users/karelbraborec/rev-meter/ios/Pods
    /Applications/Xcode.app/Contents/Developer/Toolchains/XcodeDefault.xctoolchain/usr/bin/libtool -static -arch_only arm64 -D -syslibroot /Applications/Xcode.app/Contents/Developer/Platforms/iPhoneSimulator.platform/Developer/SDKs/iPhoneSimulator26.5.sdk -L/Users/karelbraborec/Library/Developer/Xcode/DerivedData/revmeter-hbcnswmlqmbpnlazhhkncgeowiss/Build/Products/Debug-iphonesimulator/ReactAppDependencyProvider -filelist /Users/karelbraborec/Library/Developer/Xcode/DerivedData/revmeter-hbcnswmlqmbpnlazhhkncgeowiss/Build/Intermediates.noindex/Pods.build/Debug-iphonesimulator/ReactAppDependencyProvider.build/Objects-normal/arm64/ReactAppDependencyProvider.LinkFileList -dependency_info /Users/karelbraborec/Library/Developer/Xcode/DerivedData/revmeter-hbcnswmlqmbpnlazhhkncgeowiss/Build/Intermediates.noindex/Pods.build/Debug-iphonesimulator/ReactAppDependencyProvider.build/Objects-normal/arm64/ReactAppDependencyProvider_libtool_dependency_info.dat -o /Users/karelbraborec/Library/Developer/Xcode/DerivedData/revmeter-hbcnswmlqmbpnlazhhkncgeowiss/Build/Intermediates.noindex/Pods.build/Debug-iphonesimulator/ReactAppDependencyProvider.build/Objects-normal/arm64/Binary/libReactAppDependencyProvider.a

CompileC /Users/karelbraborec/Library/Developer/Xcode/DerivedData/revmeter-hbcnswmlqmbpnlazhhkncgeowiss/Build/Intermediates.noindex/Pods.build/Debug-iphonesimulator/react-native-safe-area-context.build/Objects-normal/x86_64/RNCSafeAreaViewEdges.o /Users/karelbraborec/rev-meter/node_modules/react-native-safe-area-context/ios/RNCSafeAreaViewEdges.m normal x86_64 objective-c com.apple.compilers.llvm.clang.1_0.compiler (in target 'react-native-safe-area-context' from project 'Pods')
    cd /Users/karelbraborec/rev-meter/ios/Pods
    
    Using response file: /Users/karelbraborec/Library/Developer/Xcode/DerivedData/revmeter-hbcnswmlqmbpnlazhhkncgeowiss/Build/Intermediates.noindex/Pods.build/Debug-iphonesimulator/react-native-safe-area-context.build/Objects-normal/x86_64/e6072d4f65d7061329687fe24e3d63a7-common-args.resp
    
    /Applications/Xcode.app/Contents/Developer/Toolchains/XcodeDefault.xctoolchain/usr/bin/clang -x objective-c -ivfsstatcache /Users/karelbraborec/Library/Developer/Xcode/DerivedData/SDKStatCaches.noindex/iphonesimulator26.5-23F81a-6cfe768891a92b912361537c460fe42b.sdkstatcache -target x86_64-apple-ios15.1-simulator -fmessage-length\=0 -fdiagnostics-show-note-include-stack -fmacro-backtrace-limit\=0 -fno-color-diagnostics -fmodules-prune-interval\=86400 -fmodules-prune-after\=345600 -fbuild-session-file\=/Users/karelbraborec/Library/Developer/Xcode/DerivedData/ModuleCache.noindex/Session.modulevalidation -fmodules-validate-once-per-build-session -Wnon-modular-include-in-framework-module -Werror\=non-modular-include-in-framework-module -Wno-trigraphs -Wno-missing-field-initializers -Wno-missing-prototypes -Werror\=return-type -Wdocumentation -Wunreachable-code -Wno-implicit-atomic-properties -Werror\=deprecated-objc-isa-usage -Wno-objc-interface-ivars -Werror\=objc-root-class -Wno-arc-repeated-use-of-weak -Wimplicit-retain-self -Wduplicate-method-match -Wno-missing-braces -Wparentheses -Wswitch -Wunused-function -Wno-unused-label -Wno-unused-parameter -Wunused-variable -Wunused-value -Wempty-body -Wuninitialized -Wconditional-uninitialized -Wno-unknown-pragmas -Wno-shadow -Wno-four-char-constants -Wno-conversion -Wconstant-conversion -Wint-conversion -Wbool-conversion -Wenum-conversion -Wno-float-conversion -Wnon-literal-null-conversion -Wobjc-literal-conversion -Wshorten-64-to-32 -Wpointer-sign -Wno-newline-eof -Wno-selector -Wno-strict-selector-match -Wundeclared-selector -Wdeprecated-implementations -Wno-implicit-fallthrough -isysroot /Applications/Xcode.app/Contents/Developer/Platforms/iPhoneSimulator.platform/Developer/SDKs/iPhoneSimulator26.5.sdk -fstrict-aliasing -Wprotocol -Wdeprecated-declarations -Wno-sign-conversion -Winfinite-recursion -Wcomma -Wblock-capture-autoreleasing -Wstrict-prototypes -Wno-semicolon-before-method-body -Wunguarded-availability -index-store-path /Users/karelbraborec/Library/Developer/Xcode/DerivedData/revmeter-hbcnswmlqmbpnlazhhkncgeowiss/Index.noindex/DataStore @/Users/karelbraborec/Library/Developer/Xcode/DerivedData/revmeter-hbcnswmlqmbpnlazhhkncgeowiss/Build/Intermediates.noindex/Pods.build/Debug-iphonesimulator/react-native-safe-area-context.build/Objects-normal/x86_64/e6072d4f65d7061329687fe24e3d63a7-common-args.resp -DRCT_NEW_ARCH_ENABLED\=1 -include /Users/karelbraborec/rev-meter/ios/Pods/Target\ Support\ Files/react-native-safe-area-context/react-native-safe-area-context-prefix.pch -MMD -MT dependencies -MF /Users/karelbraborec/Library/Developer/Xcode/DerivedData/revmeter-hbcnswmlqmbpnlazhhkncgeowiss/Build/Intermediates.noindex/Pods.build/Debug-iphonesimulator/react-native-safe-area-context.build/Objects-normal/x86_64/RNCSafeAreaViewEdges.d --serialize-diagnostics /Users/karelbraborec/Library/Developer/Xcode/DerivedData/revmeter-hbcnswmlqmbpnlazhhkncgeowiss/Build/Intermediates.noindex/Pods.build/Debug-iphonesimulator/react-native-safe-area-context.build/Objects-normal/x86_64/RNCSafeAreaViewEdges.dia -c /Users/karelbraborec/rev-meter/node_modules/react-native-safe-area-context/ios/RNCSafeAreaViewEdges.m -o /Users/karelbraborec/Library/Developer/Xcode/DerivedData/revmeter-hbcnswmlqmbpnlazhhkncgeowiss/Build/Intermediates.noindex/Pods.build/Debug-iphonesimulator/react-native-safe-area-context.build/Objects-normal/x86_64/RNCSafeAreaViewEdges.o -index-unit-output-path /Pods.build/Debug-iphonesimulator/react-native-safe-area-context.build/Objects-normal/x86_64/RNCSafeAreaViewEdges.o

CompileC /Users/karelbraborec/Library/Developer/Xcode/DerivedData/revmeter-hbcnswmlqmbpnlazhhkncgeowiss/Build/Intermediates.noindex/Pods.build/Debug-iphonesimulator/react-native-safe-area-context.build/Objects-normal/x86_64/RNCSafeAreaViewEdgeMode.o /Users/karelbraborec/rev-meter/node_modules/react-native-safe-area-context/ios/RNCSafeAreaViewEdgeMode.m normal x86_64 objective-c com.apple.compilers.llvm.clang.1_0.compiler (in target 'react-native-safe-area-context' from project 'Pods')
    cd /Users/karelbraborec/rev-meter/ios/Pods
    
    Using response file: /Users/karelbraborec/Library/Developer/Xcode/DerivedData/revmeter-hbcnswmlqmbpnlazhhkncgeowiss/Build/Intermediates.noindex/Pods.build/Debug-iphonesimulator/react-native-safe-area-context.build/Objects-normal/x86_64/e6072d4f65d7061329687fe24e3d63a7-common-args.resp
    
    /Applications/Xcode.app/Contents/Developer/Toolchains/XcodeDefault.xctoolchain/usr/bin/clang -x objective-c -ivfsstatcache /Users/karelbraborec/Library/Developer/Xcode/DerivedData/SDKStatCaches.noindex/iphonesimulator26.5-23F81a-6cfe768891a92b912361537c460fe42b.sdkstatcache -target x86_64-apple-ios15.1-simulator -fmessage-length\=0 -fdiagnostics-show-note-include-stack -fmacro-backtrace-limit\=0 -fno-color-diagnostics -fmodules-prune-interval\=86400 -fmodules-prune-after\=345600 -fbuild-session-file\=/Users/karelbraborec/Library/Developer/Xcode/DerivedData/ModuleCache.noindex/Session.modulevalidation -fmodules-validate-once-per-build-session -Wnon-modular-include-in-framework-module -Werror\=non-modular-include-in-framework-module -Wno-trigraphs -Wno-missing-field-initializers -Wno-missing-prototypes -Werror\=return-type -Wdocumentation -Wunreachable-code -Wno-implicit-atomic-properties -Werror\=deprecated-objc-isa-usage -Wno-objc-interface-ivars -Werror\=objc-root-class -Wno-arc-repeated-use-of-weak -Wimplicit-retain-self -Wduplicate-method-match -Wno-missing-braces -Wparentheses -Wswitch -Wunused-function -Wno-unused-label -Wno-unused-parameter -Wunused-variable -Wunused-value -Wempty-body -Wuninitialized -Wconditional-uninitialized -Wno-unknown-pragmas -Wno-shadow -Wno-four-char-constants -Wno-conversion -Wconstant-conversion -Wint-conversion -Wbool-conversion -Wenum-conversion -Wno-float-conversion -Wnon-literal-null-conversion -Wobjc-literal-conversion -Wshorten-64-to-32 -Wpointer-sign -Wno-newline-eof -Wno-selector -Wno-strict-selector-match -Wundeclared-selector -Wdeprecated-implementations -Wno-implicit-fallthrough -isysroot /Applications/Xcode.app/Contents/Developer/Platforms/iPhoneSimulator.platform/Developer/SDKs/iPhoneSimulator26.5.sdk -fstrict-aliasing -Wprotocol -Wdeprecated-declarations -Wno-sign-conversion -Winfinite-recursion -Wcomma -Wblock-capture-autoreleasing -Wstrict-prototypes -Wno-semicolon-before-method-body -Wunguarded-availability -index-store-path /Users/karelbraborec/Library/Developer/Xcode/DerivedData/revmeter-hbcnswmlqmbpnlazhhkncgeowiss/Index.noindex/DataStore @/Users/karelbraborec/Library/Developer/Xcode/DerivedData/revmeter-hbcnswmlqmbpnlazhhkncgeowiss/Build/Intermediates.noindex/Pods.build/Debug-iphonesimulator/react-native-safe-area-context.build/Objects-normal/x86_64/e6072d4f65d7061329687fe24e3d63a7-common-args.resp -DRCT_NEW_ARCH_ENABLED\=1 -include /Users/karelbraborec/rev-meter/ios/Pods/Target\ Support\ Files/react-native-safe-area-context/react-native-safe-area-context-prefix.pch -MMD -MT dependencies -MF /Users/karelbraborec/Library/Developer/Xcode/DerivedData/revmeter-hbcnswmlqmbpnlazhhkncgeowiss/Build/Intermediates.noindex/Pods.build/Debug-iphonesimulator/react-native-safe-area-context.build/Objects-normal/x86_64/RNCSafeAreaViewEdgeMode.d --serialize-diagnostics /Users/karelbraborec/Library/Developer/Xcode/DerivedData/revmeter-hbcnswmlqmbpnlazhhkncgeowiss/Build/Intermediates.noindex/Pods.build/Debug-iphonesimulator/react-native-safe-area-context.build/Objects-normal/x86_64/RNCSafeAreaViewEdgeMode.dia -c /Users/karelbraborec/rev-meter/node_modules/react-native-safe-area-context/ios/RNCSafeAreaViewEdgeMode.m -o /Users/karelbraborec/Library/Developer/Xcode/DerivedData/revmeter-hbcnswmlqmbpnlazhhkncgeowiss/Build/Intermediates.noindex/Pods.build/Debug-iphonesimulator/react-native-safe-area-context.build/Objects-normal/x86_64/RNCSafeAreaViewEdgeMode.o -index-unit-output-path /Pods.build/Debug-iphonesimulator/react-native-safe-area-context.build/Objects-normal/x86_64/RNCSafeAreaViewEdgeMode.o

CreateUniversalBinary /Users/karelbraborec/Library/Developer/Xcode/DerivedData/revmeter-hbcnswmlqmbpnlazhhkncgeowiss/Build/Products/Debug-iphonesimulator/ReactAppDependencyProvider/libReactAppDependencyProvider.a normal arm64\ x86_64 (in target 'ReactAppDependencyProvider' from project 'Pods')
    cd /Users/karelbraborec/rev-meter/ios/Pods
    /Applications/Xcode.app/Contents/Developer/Toolchains/XcodeDefault.xctoolchain/usr/bin/lipo -create /Users/karelbraborec/Library/Developer/Xcode/DerivedData/revmeter-hbcnswmlqmbpnlazhhkncgeowiss/Build/Intermediates.noindex/Pods.build/Debug-iphonesimulator/ReactAppDependencyProvider.build/Objects-normal/arm64/Binary/libReactAppDependencyProvider.a /Users/karelbraborec/Library/Developer/Xcode/DerivedData/revmeter-hbcnswmlqmbpnlazhhkncgeowiss/Build/Intermediates.noindex/Pods.build/Debug-iphonesimulator/ReactAppDependencyProvider.build/Objects-normal/x86_64/Binary/libReactAppDependencyProvider.a -output /Users/karelbraborec/Library/Developer/Xcode/DerivedData/revmeter-hbcnswmlqmbpnlazhhkncgeowiss/Build/Products/Debug-iphonesimulator/ReactAppDependencyProvider/libReactAppDependencyProvider.a

CompileC /Users/karelbraborec/Library/Developer/Xcode/DerivedData/revmeter-hbcnswmlqmbpnlazhhkncgeowiss/Build/Intermediates.noindex/Pods.build/Debug-iphonesimulator/react-native-safe-area-context.build/Objects-normal/x86_64/RNCSafeAreaView.o /Users/karelbraborec/rev-meter/node_modules/react-native-safe-area-context/ios/RNCSafeAreaView.m normal x86_64 objective-c com.apple.compilers.llvm.clang.1_0.compiler (in target 'react-native-safe-area-context' from project 'Pods')
    cd /Users/karelbraborec/rev-meter/ios/Pods
    
    Using response file: /Users/karelbraborec/Library/Developer/Xcode/DerivedData/revmeter-hbcnswmlqmbpnlazhhkncgeowiss/Build/Intermediates.noindex/Pods.build/Debug-iphonesimulator/react-native-safe-area-context.build/Objects-normal/x86_64/e6072d4f65d7061329687fe24e3d63a7-common-args.resp
    
    /Applications/Xcode.app/Contents/Developer/Toolchains/XcodeDefault.xctoolchain/usr/bin/clang -x objective-c -ivfsstatcache /Users/karelbraborec/Library/Developer/Xcode/DerivedData/SDKStatCaches.noindex/iphonesimulator26.5-23F81a-6cfe768891a92b912361537c460fe42b.sdkstatcache -target x86_64-apple-ios15.1-simulator -fmessage-length\=0 -fdiagnostics-show-note-include-stack -fmacro-backtrace-limit\=0 -fno-color-diagnostics -fmodules-prune-interval\=86400 -fmodules-prune-after\=345600 -fbuild-session-file\=/Users/karelbraborec/Library/Developer/Xcode/DerivedData/ModuleCache.noindex/Session.modulevalidation -fmodules-validate-once-per-build-session -Wnon-modular-include-in-framework-module -Werror\=non-modular-include-in-framework-module -Wno-trigraphs -Wno-missing-field-initializers -Wno-missing-prototypes -Werror\=return-type -Wdocumentation -Wunreachable-code -Wno-implicit-atomic-properties -Werror\=deprecated-objc-isa-usage -Wno-objc-interface-ivars -Werror\=objc-root-class -Wno-arc-repeated-use-of-weak -Wimplicit-retain-self -Wduplicate-method-match -Wno-missing-braces -Wparentheses -Wswitch -Wunused-function -Wno-unused-label -Wno-unused-parameter -Wunused-variable -Wunused-value -Wempty-body -Wuninitialized -Wconditional-uninitialized -Wno-unknown-pragmas -Wno-shadow -Wno-four-char-constants -Wno-conversion -Wconstant-conversion -Wint-conversion -Wbool-conversion -Wenum-conversion -Wno-float-conversion -Wnon-literal-null-conversion -Wobjc-literal-conversion -Wshorten-64-to-32 -Wpointer-sign -Wno-newline-eof -Wno-selector -Wno-strict-selector-match -Wundeclared-selector -Wdeprecated-implementations -Wno-implicit-fallthrough -isysroot /Applications/Xcode.app/Contents/Developer/Platforms/iPhoneSimulator.platform/Developer/SDKs/iPhoneSimulator26.5.sdk -fstrict-aliasing -Wprotocol -Wdeprecated-declarations -Wno-sign-conversion -Winfinite-recursion -Wcomma -Wblock-capture-autoreleasing -Wstrict-prototypes -Wno-semicolon-before-method-body -Wunguarded-availability -index-store-path /Users/karelbraborec/Library/Developer/Xcode/DerivedData/revmeter-hbcnswmlqmbpnlazhhkncgeowiss/Index.noindex/DataStore @/Users/karelbraborec/Library/Developer/Xcode/DerivedData/revmeter-hbcnswmlqmbpnlazhhkncgeowiss/Build/Intermediates.noindex/Pods.build/Debug-iphonesimulator/react-native-safe-area-context.build/Objects-normal/x86_64/e6072d4f65d7061329687fe24e3d63a7-common-args.resp -DRCT_NEW_ARCH_ENABLED\=1 -include /Users/karelbraborec/rev-meter/ios/Pods/Target\ Support\ Files/react-native-safe-area-context/react-native-safe-area-context-prefix.pch -MMD -MT dependencies -MF /Users/karelbraborec/Library/Developer/Xcode/DerivedData/revmeter-hbcnswmlqmbpnlazhhkncgeowiss/Build/Intermediates.noindex/Pods.build/Debug-iphonesimulator/react-native-safe-area-context.build/Objects-normal/x86_64/RNCSafeAreaView.d --serialize-diagnostics /Users/karelbraborec/Library/Developer/Xcode/DerivedData/revmeter-hbcnswmlqmbpnlazhhkncgeowiss/Build/Intermediates.noindex/Pods.build/Debug-iphonesimulator/react-native-safe-area-context.build/Objects-normal/x86_64/RNCSafeAreaView.dia -c /Users/karelbraborec/rev-meter/node_modules/react-native-safe-area-context/ios/RNCSafeAreaView.m -o /Users/karelbraborec/Library/Developer/Xcode/DerivedData/revmeter-hbcnswmlqmbpnlazhhkncgeowiss/Build/Intermediates.noindex/Pods.build/Debug-iphonesimulator/react-native-safe-area-context.build/Objects-normal/x86_64/RNCSafeAreaView.o -index-unit-output-path /Pods.build/Debug-iphonesimulator/react-native-safe-area-context.build/Objects-normal/x86_64/RNCSafeAreaView.o

CompileC /Users/karelbraborec/Library/Developer/Xcode/DerivedData/revmeter-hbcnswmlqmbpnlazhhkncgeowiss/Build/Intermediates.noindex/Pods.build/Debug-iphonesimulator/react-native-safe-area-context.build/Objects-normal/x86_64/RNCSafeAreaUtils.o /Users/karelbraborec/rev-meter/node_modules/react-native-safe-area-context/ios/RNCSafeAreaUtils.m normal x86_64 objective-c com.apple.compilers.llvm.clang.1_0.compiler (in target 'react-native-safe-area-context' from project 'Pods')
    cd /Users/karelbraborec/rev-meter/ios/Pods
    
    Using response file: /Users/karelbraborec/Library/Developer/Xcode/DerivedData/revmeter-hbcnswmlqmbpnlazhhkncgeowiss/Build/Intermediates.noindex/Pods.build/Debug-iphonesimulator/react-native-safe-area-context.build/Objects-normal/x86_64/e6072d4f65d7061329687fe24e3d63a7-common-args.resp
    
    /Applications/Xcode.app/Contents/Developer/Toolchains/XcodeDefault.xctoolchain/usr/bin/clang -x objective-c -ivfsstatcache /Users/karelbraborec/Library/Developer/Xcode/DerivedData/SDKStatCaches.noindex/iphonesimulator26.5-23F81a-6cfe768891a92b912361537c460fe42b.sdkstatcache -target x86_64-apple-ios15.1-simulator -fmessage-length\=0 -fdiagnostics-show-note-include-stack -fmacro-backtrace-limit\=0 -fno-color-diagnostics -fmodules-prune-interval\=86400 -fmodules-prune-after\=345600 -fbuild-session-file\=/Users/karelbraborec/Library/Developer/Xcode/DerivedData/ModuleCache.noindex/Session.modulevalidation -fmodules-validate-once-per-build-session -Wnon-modular-include-in-framework-module -Werror\=non-modular-include-in-framework-module -Wno-trigraphs -Wno-missing-field-initializers -Wno-missing-prototypes -Werror\=return-type -Wdocumentation -Wunreachable-code -Wno-implicit-atomic-properties -Werror\=deprecated-objc-isa-usage -Wno-objc-interface-ivars -Werror\=objc-root-class -Wno-arc-repeated-use-of-weak -Wimplicit-retain-self -Wduplicate-method-match -Wno-missing-braces -Wparentheses -Wswitch -Wunused-function -Wno-unused-label -Wno-unused-parameter -Wunused-variable -Wunused-value -Wempty-body -Wuninitialized -Wconditional-uninitialized -Wno-unknown-pragmas -Wno-shadow -Wno-four-char-constants -Wno-conversion -Wconstant-conversion -Wint-conversion -Wbool-conversion -Wenum-conversion -Wno-float-conversion -Wnon-literal-null-conversion -Wobjc-literal-conversion -Wshorten-64-to-32 -Wpointer-sign -Wno-newline-eof -Wno-selector -Wno-strict-selector-match -Wundeclared-selector -Wdeprecated-implementations -Wno-implicit-fallthrough -isysroot /Applications/Xcode.app/Contents/Developer/Platforms/iPhoneSimulator.platform/Developer/SDKs/iPhoneSimulator26.5.sdk -fstrict-aliasing -Wprotocol -Wdeprecated-declarations -Wno-sign-conversion -Winfinite-recursion -Wcomma -Wblock-capture-autoreleasing -Wstrict-prototypes -Wno-semicolon-before-method-body -Wunguarded-availability -index-store-path /Users/karelbraborec/Library/Developer/Xcode/DerivedData/revmeter-hbcnswmlqmbpnlazhhkncgeowiss/Index.noindex/DataStore @/Users/karelbraborec/Library/Developer/Xcode/DerivedData/revmeter-hbcnswmlqmbpnlazhhkncgeowiss/Build/Intermediates.noindex/Pods.build/Debug-iphonesimulator/react-native-safe-area-context.build/Objects-normal/x86_64/e6072d4f65d7061329687fe24e3d63a7-common-args.resp -DRCT_NEW_ARCH_ENABLED\=1 -include /Users/karelbraborec/rev-meter/ios/Pods/Target\ Support\ Files/react-native-safe-area-context/react-native-safe-area-context-prefix.pch -MMD -MT dependencies -MF /Users/karelbraborec/Library/Developer/Xcode/DerivedData/revmeter-hbcnswmlqmbpnlazhhkncgeowiss/Build/Intermediates.noindex/Pods.build/Debug-iphonesimulator/react-native-safe-area-context.build/Objects-normal/x86_64/RNCSafeAreaUtils.d --serialize-diagnostics /Users/karelbraborec/Library/Developer/Xcode/DerivedData/revmeter-hbcnswmlqmbpnlazhhkncgeowiss/Build/Intermediates.noindex/Pods.build/Debug-iphonesimulator/react-native-safe-area-context.build/Objects-normal/x86_64/RNCSafeAreaUtils.dia -c /Users/karelbraborec/rev-meter/node_modules/react-native-safe-area-context/ios/RNCSafeAreaUtils.m -o /Users/karelbraborec/Library/Developer/Xcode/DerivedData/revmeter-hbcnswmlqmbpnlazhhkncgeowiss/Build/Intermediates.noindex/Pods.build/Debug-iphonesimulator/react-native-safe-area-context.build/Objects-normal/x86_64/RNCSafeAreaUtils.o -index-unit-output-path /Pods.build/Debug-iphonesimulator/react-native-safe-area-context.build/Objects-normal/x86_64/RNCSafeAreaUtils.o

CompileC /Users/karelbraborec/Library/Developer/Xcode/DerivedData/revmeter-hbcnswmlqmbpnlazhhkncgeowiss/Build/Intermediates.noindex/Pods.build/Debug-iphonesimulator/react-native-safe-area-context.build/Objects-normal/x86_64/RNCSafeAreaShadowView.o /Users/karelbraborec/rev-meter/node_modules/react-native-safe-area-context/ios/RNCSafeAreaShadowView.m normal x86_64 objective-c com.apple.compilers.llvm.clang.1_0.compiler (in target 'react-native-safe-area-context' from project 'Pods')
    cd /Users/karelbraborec/rev-meter/ios/Pods
    
    Using response file: /Users/karelbraborec/Library/Developer/Xcode/DerivedData/revmeter-hbcnswmlqmbpnlazhhkncgeowiss/Build/Intermediates.noindex/Pods.build/Debug-iphonesimulator/react-native-safe-area-context.build/Objects-normal/x86_64/e6072d4f65d7061329687fe24e3d63a7-common-args.resp
    
    /Applications/Xcode.app/Contents/Developer/Toolchains/XcodeDefault.xctoolchain/usr/bin/clang -x objective-c -ivfsstatcache /Users/karelbraborec/Library/Developer/Xcode/DerivedData/SDKStatCaches.noindex/iphonesimulator26.5-23F81a-6cfe768891a92b912361537c460fe42b.sdkstatcache -target x86_64-apple-ios15.1-simulator -fmessage-length\=0 -fdiagnostics-show-note-include-stack -fmacro-backtrace-limit\=0 -fno-color-diagnostics -fmodules-prune-interval\=86400 -fmodules-prune-after\=345600 -fbuild-session-file\=/Users/karelbraborec/Library/Developer/Xcode/DerivedData/ModuleCache.noindex/Session.modulevalidation -fmodules-validate-once-per-build-session -Wnon-modular-include-in-framework-module -Werror\=non-modular-include-in-framework-module -Wno-trigraphs -Wno-missing-field-initializers -Wno-missing-prototypes -Werror\=return-type -Wdocumentation -Wunreachable-code -Wno-implicit-atomic-properties -Werror\=deprecated-objc-isa-usage -Wno-objc-interface-ivars -Werror\=objc-root-class -Wno-arc-repeated-use-of-weak -Wimplicit-retain-self -Wduplicate-method-match -Wno-missing-braces -Wparentheses -Wswitch -Wunused-function -Wno-unused-label -Wno-unused-parameter -Wunused-variable -Wunused-value -Wempty-body -Wuninitialized -Wconditional-uninitialized -Wno-unknown-pragmas -Wno-shadow -Wno-four-char-constants -Wno-conversion -Wconstant-conversion -Wint-conversion -Wbool-conversion -Wenum-conversion -Wno-float-conversion -Wnon-literal-null-conversion -Wobjc-literal-conversion -Wshorten-64-to-32 -Wpointer-sign -Wno-newline-eof -Wno-selector -Wno-strict-selector-match -Wundeclared-selector -Wdeprecated-implementations -Wno-implicit-fallthrough -isysroot /Applications/Xcode.app/Contents/Developer/Platforms/iPhoneSimulator.platform/Developer/SDKs/iPhoneSimulator26.5.sdk -fstrict-aliasing -Wprotocol -Wdeprecated-declarations -Wno-sign-conversion -Winfinite-recursion -Wcomma -Wblock-capture-autoreleasing -Wstrict-prototypes -Wno-semicolon-before-method-body -Wunguarded-availability -index-store-path /Users/karelbraborec/Library/Developer/Xcode/DerivedData/revmeter-hbcnswmlqmbpnlazhhkncgeowiss/Index.noindex/DataStore @/Users/karelbraborec/Library/Developer/Xcode/DerivedData/revmeter-hbcnswmlqmbpnlazhhkncgeowiss/Build/Intermediates.noindex/Pods.build/Debug-iphonesimulator/react-native-safe-area-context.build/Objects-normal/x86_64/e6072d4f65d7061329687fe24e3d63a7-common-args.resp -DRCT_NEW_ARCH_ENABLED\=1 -include /Users/karelbraborec/rev-meter/ios/Pods/Target\ Support\ Files/react-native-safe-area-context/react-native-safe-area-context-prefix.pch -MMD -MT dependencies -MF /Users/karelbraborec/Library/Developer/Xcode/DerivedData/revmeter-hbcnswmlqmbpnlazhhkncgeowiss/Build/Intermediates.noindex/Pods.build/Debug-iphonesimulator/react-native-safe-area-context.build/Objects-normal/x86_64/RNCSafeAreaShadowView.d --serialize-diagnostics /Users/karelbraborec/Library/Developer/Xcode/DerivedData/revmeter-hbcnswmlqmbpnlazhhkncgeowiss/Build/Intermediates.noindex/Pods.build/Debug-iphonesimulator/react-native-safe-area-context.build/Objects-normal/x86_64/RNCSafeAreaShadowView.dia -c /Users/karelbraborec/rev-meter/node_modules/react-native-safe-area-context/ios/RNCSafeAreaShadowView.m -o /Users/karelbraborec/Library/Developer/Xcode/DerivedData/revmeter-hbcnswmlqmbpnlazhhkncgeowiss/Build/Intermediates.noindex/Pods.build/Debug-iphonesimulator/react-native-safe-area-context.build/Objects-normal/x86_64/RNCSafeAreaShadowView.o -index-unit-output-path /Pods.build/Debug-iphonesimulator/react-native-safe-area-context.build/Objects-normal/x86_64/RNCSafeAreaShadowView.o

CompileC /Users/karelbraborec/Library/Developer/Xcode/DerivedData/revmeter-hbcnswmlqmbpnlazhhkncgeowiss/Build/Intermediates.noindex/Pods.build/Debug-iphonesimulator/react-native-safe-area-context.build/Objects-normal/x86_64/RNCSafeAreaProviderManager.o /Users/karelbraborec/rev-meter/node_modules/react-native-safe-area-context/ios/RNCSafeAreaProviderManager.m normal x86_64 objective-c com.apple.compilers.llvm.clang.1_0.compiler (in target 'react-native-safe-area-context' from project 'Pods')
    cd /Users/karelbraborec/rev-meter/ios/Pods
    
    Using response file: /Users/karelbraborec/Library/Developer/Xcode/DerivedData/revmeter-hbcnswmlqmbpnlazhhkncgeowiss/Build/Intermediates.noindex/Pods.build/Debug-iphonesimulator/react-native-safe-area-context.build/Objects-normal/x86_64/e6072d4f65d7061329687fe24e3d63a7-common-args.resp
    
    /Applications/Xcode.app/Contents/Developer/Toolchains/XcodeDefault.xctoolchain/usr/bin/clang -x objective-c -ivfsstatcache /Users/karelbraborec/Library/Developer/Xcode/DerivedData/SDKStatCaches.noindex/iphonesimulator26.5-23F81a-6cfe768891a92b912361537c460fe42b.sdkstatcache -target x86_64-apple-ios15.1-simulator -fmessage-length\=0 -fdiagnostics-show-note-include-stack -fmacro-backtrace-limit\=0 -fno-color-diagnostics -fmodules-prune-interval\=86400 -fmodules-prune-after\=345600 -fbuild-session-file\=/Users/karelbraborec/Library/Developer/Xcode/DerivedData/ModuleCache.noindex/Session.modulevalidation -fmodules-validate-once-per-build-session -Wnon-modular-include-in-framework-module -Werror\=non-modular-include-in-framework-module -Wno-trigraphs -Wno-missing-field-initializers -Wno-missing-prototypes -Werror\=return-type -Wdocumentation -Wunreachable-code -Wno-implicit-atomic-properties -Werror\=deprecated-objc-isa-usage -Wno-objc-interface-ivars -Werror\=objc-root-class -Wno-arc-repeated-use-of-weak -Wimplicit-retain-self -Wduplicate-method-match -Wno-missing-braces -Wparentheses -Wswitch -Wunused-function -Wno-unused-label -Wno-unused-parameter -Wunused-variable -Wunused-value -Wempty-body -Wuninitialized -Wconditional-uninitialized -Wno-unknown-pragmas -Wno-shadow -Wno-four-char-constants -Wno-conversion -Wconstant-conversion -Wint-conversion -Wbool-conversion -Wenum-conversion -Wno-float-conversion -Wnon-literal-null-conversion -Wobjc-literal-conversion -Wshorten-64-to-32 -Wpointer-sign -Wno-newline-eof -Wno-selector -Wno-strict-selector-match -Wundeclared-selector -Wdeprecated-implementations -Wno-implicit-fallthrough -isysroot /Applications/Xcode.app/Contents/Developer/Platforms/iPhoneSimulator.platform/Developer/SDKs/iPhoneSimulator26.5.sdk -fstrict-aliasing -Wprotocol -Wdeprecated-declarations -Wno-sign-conversion -Winfinite-recursion -Wcomma -Wblock-capture-autoreleasing -Wstrict-prototypes -Wno-semicolon-before-method-body -Wunguarded-availability -index-store-path /Users/karelbraborec/Library/Developer/Xcode/DerivedData/revmeter-hbcnswmlqmbpnlazhhkncgeowiss/Index.noindex/DataStore @/Users/karelbraborec/Library/Developer/Xcode/DerivedData/revmeter-hbcnswmlqmbpnlazhhkncgeowiss/Build/Intermediates.noindex/Pods.build/Debug-iphonesimulator/react-native-safe-area-context.build/Objects-normal/x86_64/e6072d4f65d7061329687fe24e3d63a7-common-args.resp -DRCT_NEW_ARCH_ENABLED\=1 -include /Users/karelbraborec/rev-meter/ios/Pods/Target\ Support\ Files/react-native-safe-area-context/react-native-safe-area-context-prefix.pch -MMD -MT dependencies -MF /Users/karelbraborec/Library/Developer/Xcode/DerivedData/revmeter-hbcnswmlqmbpnlazhhkncgeowiss/Build/Intermediates.noindex/Pods.build/Debug-iphonesimulator/react-native-safe-area-context.build/Objects-normal/x86_64/RNCSafeAreaProviderManager.d --serialize-diagnostics /Users/karelbraborec/Library/Developer/Xcode/DerivedData/revmeter-hbcnswmlqmbpnlazhhkncgeowiss/Build/Intermediates.noindex/Pods.build/Debug-iphonesimulator/react-native-safe-area-context.build/Objects-normal/x86_64/RNCSafeAreaProviderManager.dia -c /Users/karelbraborec/rev-meter/node_modules/react-native-safe-area-context/ios/RNCSafeAreaProviderManager.m -o /Users/karelbraborec/Library/Developer/Xcode/DerivedData/revmeter-hbcnswmlqmbpnlazhhkncgeowiss/Build/Intermediates.noindex/Pods.build/Debug-iphonesimulator/react-native-safe-area-context.build/Objects-normal/x86_64/RNCSafeAreaProviderManager.o -index-unit-output-path /Pods.build/Debug-iphonesimulator/react-native-safe-area-context.build/Objects-normal/x86_64/RNCSafeAreaProviderManager.o

CompileC /Users/karelbraborec/Library/Developer/Xcode/DerivedData/revmeter-hbcnswmlqmbpnlazhhkncgeowiss/Build/Intermediates.noindex/Pods.build/Debug-iphonesimulator/react-native-safe-area-context.build/Objects-normal/x86_64/RNCSafeAreaProvider.o /Users/karelbraborec/rev-meter/node_modules/react-native-safe-area-context/ios/RNCSafeAreaProvider.m normal x86_64 objective-c com.apple.compilers.llvm.clang.1_0.compiler (in target 'react-native-safe-area-context' from project 'Pods')
    cd /Users/karelbraborec/rev-meter/ios/Pods
    
    Using response file: /Users/karelbraborec/Library/Developer/Xcode/DerivedData/revmeter-hbcnswmlqmbpnlazhhkncgeowiss/Build/Intermediates.noindex/Pods.build/Debug-iphonesimulator/react-native-safe-area-context.build/Objects-normal/x86_64/e6072d4f65d7061329687fe24e3d63a7-common-args.resp
    
    /Applications/Xcode.app/Contents/Developer/Toolchains/XcodeDefault.xctoolchain/usr/bin/clang -x objective-c -ivfsstatcache /Users/karelbraborec/Library/Developer/Xcode/DerivedData/SDKStatCaches.noindex/iphonesimulator26.5-23F81a-6cfe768891a92b912361537c460fe42b.sdkstatcache -target x86_64-apple-ios15.1-simulator -fmessage-length\=0 -fdiagnostics-show-note-include-stack -fmacro-backtrace-limit\=0 -fno-color-diagnostics -fmodules-prune-interval\=86400 -fmodules-prune-after\=345600 -fbuild-session-file\=/Users/karelbraborec/Library/Developer/Xcode/DerivedData/ModuleCache.noindex/Session.modulevalidation -fmodules-validate-once-per-build-session -Wnon-modular-include-in-framework-module -Werror\=non-modular-include-in-framework-module -Wno-trigraphs -Wno-missing-field-initializers -Wno-missing-prototypes -Werror\=return-type -Wdocumentation -Wunreachable-code -Wno-implicit-atomic-properties -Werror\=deprecated-objc-isa-usage -Wno-objc-interface-ivars -Werror\=objc-root-class -Wno-arc-repeated-use-of-weak -Wimplicit-retain-self -Wduplicate-method-match -Wno-missing-braces -Wparentheses -Wswitch -Wunused-function -Wno-unused-label -Wno-unused-parameter -Wunused-variable -Wunused-value -Wempty-body -Wuninitialized -Wconditional-uninitialized -Wno-unknown-pragmas -Wno-shadow -Wno-four-char-constants -Wno-conversion -Wconstant-conversion -Wint-conversion -Wbool-conversion -Wenum-conversion -Wno-float-conversion -Wnon-literal-null-conversion -Wobjc-literal-conversion -Wshorten-64-to-32 -Wpointer-sign -Wno-newline-eof -Wno-selector -Wno-strict-selector-match -Wundeclared-selector -Wdeprecated-implementations -Wno-implicit-fallthrough -isysroot /Applications/Xcode.app/Contents/Developer/Platforms/iPhoneSimulator.platform/Developer/SDKs/iPhoneSimulator26.5.sdk -fstrict-aliasing -Wprotocol -Wdeprecated-declarations -Wno-sign-conversion -Winfinite-recursion -Wcomma -Wblock-capture-autoreleasing -Wstrict-prototypes -Wno-semicolon-before-method-body -Wunguarded-availability -index-store-path /Users/karelbraborec/Library/Developer/Xcode/DerivedData/revmeter-hbcnswmlqmbpnlazhhkncgeowiss/Index.noindex/DataStore @/Users/karelbraborec/Library/Developer/Xcode/DerivedData/revmeter-hbcnswmlqmbpnlazhhkncgeowiss/Build/Intermediates.noindex/Pods.build/Debug-iphonesimulator/react-native-safe-area-context.build/Objects-normal/x86_64/e6072d4f65d7061329687fe24e3d63a7-common-args.resp -DRCT_NEW_ARCH_ENABLED\=1 -include /Users/karelbraborec/rev-meter/ios/Pods/Target\ Support\ Files/react-native-safe-area-context/react-native-safe-area-context-prefix.pch -MMD -MT dependencies -MF /Users/karelbraborec/Library/Developer/Xcode/DerivedData/revmeter-hbcnswmlqmbpnlazhhkncgeowiss/Build/Intermediates.noindex/Pods.build/Debug-iphonesimulator/react-native-safe-area-context.build/Objects-normal/x86_64/RNCSafeAreaProvider.d --serialize-diagnostics /Users/karelbraborec/Library/Developer/Xcode/DerivedData/revmeter-hbcnswmlqmbpnlazhhkncgeowiss/Build/Intermediates.noindex/Pods.build/Debug-iphonesimulator/react-native-safe-area-context.build/Objects-normal/x86_64/RNCSafeAreaProvider.dia -c /Users/karelbraborec/rev-meter/node_modules/react-native-safe-area-context/ios/RNCSafeAreaProvider.m -o /Users/karelbraborec/Library/Developer/Xcode/DerivedData/revmeter-hbcnswmlqmbpnlazhhkncgeowiss/Build/Intermediates.noindex/Pods.build/Debug-iphonesimulator/react-native-safe-area-context.build/Objects-normal/x86_64/RNCSafeAreaProvider.o -index-unit-output-path /Pods.build/Debug-iphonesimulator/react-native-safe-area-context.build/Objects-normal/x86_64/RNCSafeAreaProvider.o

CompileC /Users/karelbraborec/Library/Developer/Xcode/DerivedData/revmeter-hbcnswmlqmbpnlazhhkncgeowiss/Build/Intermediates.noindex/Pods.build/Debug-iphonesimulator/react-native-safe-area-context.build/Objects-normal/x86_64/RNCOnInsetsChangeEvent.o /Users/karelbraborec/rev-meter/node_modules/react-native-safe-area-context/ios/RNCOnInsetsChangeEvent.m normal x86_64 objective-c com.apple.compilers.llvm.clang.1_0.compiler (in target 'react-native-safe-area-context' from project 'Pods')
    cd /Users/karelbraborec/rev-meter/ios/Pods
    
    Using response file: /Users/karelbraborec/Library/Developer/Xcode/DerivedData/revmeter-hbcnswmlqmbpnlazhhkncgeowiss/Build/Intermediates.noindex/Pods.build/Debug-iphonesimulator/react-native-safe-area-context.build/Objects-normal/x86_64/e6072d4f65d7061329687fe24e3d63a7-common-args.resp
    
    /Applications/Xcode.app/Contents/Developer/Toolchains/XcodeDefault.xctoolchain/usr/bin/clang -x objective-c -ivfsstatcache /Users/karelbraborec/Library/Developer/Xcode/DerivedData/SDKStatCaches.noindex/iphonesimulator26.5-23F81a-6cfe768891a92b912361537c460fe42b.sdkstatcache -target x86_64-apple-ios15.1-simulator -fmessage-length\=0 -fdiagnostics-show-note-include-stack -fmacro-backtrace-limit\=0 -fno-color-diagnostics -fmodules-prune-interval\=86400 -fmodules-prune-after\=345600 -fbuild-session-file\=/Users/karelbraborec/Library/Developer/Xcode/DerivedData/ModuleCache.noindex/Session.modulevalidation -fmodules-validate-once-per-build-session -Wnon-modular-include-in-framework-module -Werror\=non-modular-include-in-framework-module -Wno-trigraphs -Wno-missing-field-initializers -Wno-missing-prototypes -Werror\=return-type -Wdocumentation -Wunreachable-code -Wno-implicit-atomic-properties -Werror\=deprecated-objc-isa-usage -Wno-objc-interface-ivars -Werror\=objc-root-class -Wno-arc-repeated-use-of-weak -Wimplicit-retain-self -Wduplicate-method-match -Wno-missing-braces -Wparentheses -Wswitch -Wunused-function -Wno-unused-label -Wno-unused-parameter -Wunused-variable -Wunused-value -Wempty-body -Wuninitialized -Wconditional-uninitialized -Wno-unknown-pragmas -Wno-shadow -Wno-four-char-constants -Wno-conversion -Wconstant-conversion -Wint-conversion -Wbool-conversion -Wenum-conversion -Wno-float-conversion -Wnon-literal-null-conversion -Wobjc-literal-conversion -Wshorten-64-to-32 -Wpointer-sign -Wno-newline-eof -Wno-selector -Wno-strict-selector-match -Wundeclared-selector -Wdeprecated-implementations -Wno-implicit-fallthrough -isysroot /Applications/Xcode.app/Contents/Developer/Platforms/iPhoneSimulator.platform/Developer/SDKs/iPhoneSimulator26.5.sdk -fstrict-aliasing -Wprotocol -Wdeprecated-declarations -Wno-sign-conversion -Winfinite-recursion -Wcomma -Wblock-capture-autoreleasing -Wstrict-prototypes -Wno-semicolon-before-method-body -Wunguarded-availability -index-store-path /Users/karelbraborec/Library/Developer/Xcode/DerivedData/revmeter-hbcnswmlqmbpnlazhhkncgeowiss/Index.noindex/DataStore @/Users/karelbraborec/Library/Developer/Xcode/DerivedData/revmeter-hbcnswmlqmbpnlazhhkncgeowiss/Build/Intermediates.noindex/Pods.build/Debug-iphonesimulator/react-native-safe-area-context.build/Objects-normal/x86_64/e6072d4f65d7061329687fe24e3d63a7-common-args.resp -DRCT_NEW_ARCH_ENABLED\=1 -include /Users/karelbraborec/rev-meter/ios/Pods/Target\ Support\ Files/react-native-safe-area-context/react-native-safe-area-context-prefix.pch -MMD -MT dependencies -MF /Users/karelbraborec/Library/Developer/Xcode/DerivedData/revmeter-hbcnswmlqmbpnlazhhkncgeowiss/Build/Intermediates.noindex/Pods.build/Debug-iphonesimulator/react-native-safe-area-context.build/Objects-normal/x86_64/RNCOnInsetsChangeEvent.d --serialize-diagnostics /Users/karelbraborec/Library/Developer/Xcode/DerivedData/revmeter-hbcnswmlqmbpnlazhhkncgeowiss/Build/Intermediates.noindex/Pods.build/Debug-iphonesimulator/react-native-safe-area-context.build/Objects-normal/x86_64/RNCOnInsetsChangeEvent.dia -c /Users/karelbraborec/rev-meter/node_modules/react-native-safe-area-context/ios/RNCOnInsetsChangeEvent.m -o /Users/karelbraborec/Library/Developer/Xcode/DerivedData/revmeter-hbcnswmlqmbpnlazhhkncgeowiss/Build/Intermediates.noindex/Pods.build/Debug-iphonesimulator/react-native-safe-area-context.build/Objects-normal/x86_64/RNCOnInsetsChangeEvent.o -index-unit-output-path /Pods.build/Debug-iphonesimulator/react-native-safe-area-context.build/Objects-normal/x86_64/RNCOnInsetsChangeEvent.o

CompileC /Users/karelbraborec/Library/Developer/Xcode/DerivedData/revmeter-hbcnswmlqmbpnlazhhkncgeowiss/Build/Intermediates.noindex/Pods.build/Debug-iphonesimulator/RNWorklets.build/Objects-normal/x86_64/WorkletRuntimeRegistry.o /Users/karelbraborec/rev-meter/node_modules/react-native-worklets/Common/cpp/worklets/Registries/WorkletRuntimeRegistry.cpp normal x86_64 c++ com.apple.compilers.llvm.clang.1_0.compiler (in target 'RNWorklets' from project 'Pods')
    cd /Users/karelbraborec/rev-meter/ios/Pods
    
    Using response file: /Users/karelbraborec/Library/Developer/Xcode/DerivedData/revmeter-hbcnswmlqmbpnlazhhkncgeowiss/Build/Intermediates.noindex/Pods.build/Debug-iphonesimulator/RNWorklets.build/Objects-normal/x86_64/82b82416624d2658e5098eb0a28c15c5-common-args.resp
    
    /Applications/Xcode.app/Contents/Developer/Toolchains/XcodeDefault.xctoolchain/usr/bin/clang -x c++ -ivfsstatcache /Users/karelbraborec/Library/Developer/Xcode/DerivedData/SDKStatCaches.noindex/iphonesimulator26.5-23F81a-6cfe768891a92b912361537c460fe42b.sdkstatcache -target x86_64-apple-ios15.1-simulator -fmessage-length\=0 -fdiagnostics-show-note-include-stack -fmacro-backtrace-limit\=0 -fno-color-diagnostics -fmodules-prune-interval\=86400 -fmodules-prune-after\=345600 -fbuild-session-file\=/Users/karelbraborec/Library/Developer/Xcode/DerivedData/ModuleCache.noindex/Session.modulevalidation -fmodules-validate-once-per-build-session -Wnon-modular-include-in-framework-module -Werror\=non-modular-include-in-framework-module -Wno-trigraphs -Wno-missing-field-initializers -Wno-missing-prototypes -Werror\=return-type -Wdocumentation -Wunreachable-code -Werror\=deprecated-objc-isa-usage -Werror\=objc-root-class -Wno-non-virtual-dtor -Wno-overloaded-virtual -Wno-exit-time-destructors -Wno-missing-braces -Wparentheses -Wswitch -Wunused-function -Wno-unused-label -Wno-unused-parameter -Wunused-variable -Wunused-value -Wempty-body -Wuninitialized -Wconditional-uninitialized -Wno-unknown-pragmas -Wno-shadow -Wno-four-char-constants -Wno-conversion -Wconstant-conversion -Wint-conversion -Wbool-conversion -Wenum-conversion -Wno-float-conversion -Wnon-literal-null-conversion -Wobjc-literal-conversion -Wshorten-64-to-32 -Wno-newline-eof -Wno-c++11-extensions -Wno-implicit-fallthrough -isysroot /Applications/Xcode.app/Contents/Developer/Platforms/iPhoneSimulator.platform/Developer/SDKs/iPhoneSimulator26.5.sdk -fstrict-aliasing -Wdeprecated-declarations -Winvalid-offsetof -Wno-sign-conversion -Winfinite-recursion -Wmove -Wcomma -Wblock-capture-autoreleasing -Wstrict-prototypes -Wrange-loop-analysis -Wno-semicolon-before-method-body -Wunguarded-availability -index-store-path /Users/karelbraborec/Library/Developer/Xcode/DerivedData/revmeter-hbcnswmlqmbpnlazhhkncgeowiss/Index.noindex/DataStore @/Users/karelbraborec/Library/Developer/Xcode/DerivedData/revmeter-hbcnswmlqmbpnlazhhkncgeowiss/Build/Intermediates.noindex/Pods.build/Debug-iphonesimulator/RNWorklets.build/Objects-normal/x86_64/82b82416624d2658e5098eb0a28c15c5-common-args.resp -DRCT_NEW_ARCH_ENABLED\=1 -include /Users/karelbraborec/rev-meter/ios/Pods/Target\ Support\ Files/RNWorklets/RNWorklets-prefix.pch -MMD -MT dependencies -MF /Users/karelbraborec/Library/Developer/Xcode/DerivedData/revmeter-hbcnswmlqmbpnlazhhkncgeowiss/Build/Intermediates.noindex/Pods.build/Debug-iphonesimulator/RNWorklets.build/Objects-normal/x86_64/WorkletRuntimeRegistry.d --serialize-diagnostics /Users/karelbraborec/Library/Developer/Xcode/DerivedData/revmeter-hbcnswmlqmbpnlazhhkncgeowiss/Build/Intermediates.noindex/Pods.build/Debug-iphonesimulator/RNWorklets.build/Objects-normal/x86_64/WorkletRuntimeRegistry.dia -c /Users/karelbraborec/rev-meter/node_modules/react-native-worklets/Common/cpp/worklets/Registries/WorkletRuntimeRegistry.cpp -o /Users/karelbraborec/Library/Developer/Xcode/DerivedData/revmeter-hbcnswmlqmbpnlazhhkncgeowiss/Build/Intermediates.noindex/Pods.build/Debug-iphonesimulator/RNWorklets.build/Objects-normal/x86_64/WorkletRuntimeRegistry.o -index-unit-output-path /Pods.build/Debug-iphonesimulator/RNWorklets.build/Objects-normal/x86_64/WorkletRuntimeRegistry.o

CompileC /Users/karelbraborec/Library/Developer/Xcode/DerivedData/revmeter-hbcnswmlqmbpnlazhhkncgeowiss/Build/Intermediates.noindex/Pods.build/Debug-iphonesimulator/RNWorklets.build/Objects-normal/x86_64/WorkletRuntimeDecorator.o /Users/karelbraborec/rev-meter/node_modules/react-native-worklets/Common/cpp/worklets/WorkletRuntime/WorkletRuntimeDecorator.cpp normal x86_64 c++ com.apple.compilers.llvm.clang.1_0.compiler (in target 'RNWorklets' from project 'Pods')
    cd /Users/karelbraborec/rev-meter/ios/Pods
    
    Using response file: /Users/karelbraborec/Library/Developer/Xcode/DerivedData/revmeter-hbcnswmlqmbpnlazhhkncgeowiss/Build/Intermediates.noindex/Pods.build/Debug-iphonesimulator/RNWorklets.build/Objects-normal/x86_64/82b82416624d2658e5098eb0a28c15c5-common-args.resp
    
    /Applications/Xcode.app/Contents/Developer/Toolchains/XcodeDefault.xctoolchain/usr/bin/clang -x c++ -ivfsstatcache /Users/karelbraborec/Library/Developer/Xcode/DerivedData/SDKStatCaches.noindex/iphonesimulator26.5-23F81a-6cfe768891a92b912361537c460fe42b.sdkstatcache -target x86_64-apple-ios15.1-simulator -fmessage-length\=0 -fdiagnostics-show-note-include-stack -fmacro-backtrace-limit\=0 -fno-color-diagnostics -fmodules-prune-interval\=86400 -fmodules-prune-after\=345600 -fbuild-session-file\=/Users/karelbraborec/Library/Developer/Xcode/DerivedData/ModuleCache.noindex/Session.modulevalidation -fmodules-validate-once-per-build-session -Wnon-modular-include-in-framework-module -Werror\=non-modular-include-in-framework-module -Wno-trigraphs -Wno-missing-field-initializers -Wno-missing-prototypes -Werror\=return-type -Wdocumentation -Wunreachable-code -Werror\=deprecated-objc-isa-usage -Werror\=objc-root-class -Wno-non-virtual-dtor -Wno-overloaded-virtual -Wno-exit-time-destructors -Wno-missing-braces -Wparentheses -Wswitch -Wunused-function -Wno-unused-label -Wno-unused-parameter -Wunused-variable -Wunused-value -Wempty-body -Wuninitialized -Wconditional-uninitialized -Wno-unknown-pragmas -Wno-shadow -Wno-four-char-constants -Wno-conversion -Wconstant-conversion -Wint-conversion -Wbool-conversion -Wenum-conversion -Wno-float-conversion -Wnon-literal-null-conversion -Wobjc-literal-conversion -Wshorten-64-to-32 -Wno-newline-eof -Wno-c++11-extensions -Wno-implicit-fallthrough -isysroot /Applications/Xcode.app/Contents/Developer/Platforms/iPhoneSimulator.platform/Developer/SDKs/iPhoneSimulator26.5.sdk -fstrict-aliasing -Wdeprecated-declarations -Winvalid-offsetof -Wno-sign-conversion -Winfinite-recursion -Wmove -Wcomma -Wblock-capture-autoreleasing -Wstrict-prototypes -Wrange-loop-analysis -Wno-semicolon-before-method-body -Wunguarded-availability -index-store-path /Users/karelbraborec/Library/Developer/Xcode/DerivedData/revmeter-hbcnswmlqmbpnlazhhkncgeowiss/Index.noindex/DataStore @/Users/karelbraborec/Library/Developer/Xcode/DerivedData/revmeter-hbcnswmlqmbpnlazhhkncgeowiss/Build/Intermediates.noindex/Pods.build/Debug-iphonesimulator/RNWorklets.build/Objects-normal/x86_64/82b82416624d2658e5098eb0a28c15c5-common-args.resp -DRCT_NEW_ARCH_ENABLED\=1 -include /Users/karelbraborec/rev-meter/ios/Pods/Target\ Support\ Files/RNWorklets/RNWorklets-prefix.pch -MMD -MT dependencies -MF /Users/karelbraborec/Library/Developer/Xcode/DerivedData/revmeter-hbcnswmlqmbpnlazhhkncgeowiss/Build/Intermediates.noindex/Pods.build/Debug-iphonesimulator/RNWorklets.build/Objects-normal/x86_64/WorkletRuntimeDecorator.d --serialize-diagnostics /Users/karelbraborec/Library/Developer/Xcode/DerivedData/revmeter-hbcnswmlqmbpnlazhhkncgeowiss/Build/Intermediates.noindex/Pods.build/Debug-iphonesimulator/RNWorklets.build/Objects-normal/x86_64/WorkletRuntimeDecorator.dia -c /Users/karelbraborec/rev-meter/node_modules/react-native-worklets/Common/cpp/worklets/WorkletRuntime/WorkletRuntimeDecorator.cpp -o /Users/karelbraborec/Library/Developer/Xcode/DerivedData/revmeter-hbcnswmlqmbpnlazhhkncgeowiss/Build/Intermediates.noindex/Pods.build/Debug-iphonesimulator/RNWorklets.build/Objects-normal/x86_64/WorkletRuntimeDecorator.o -index-unit-output-path /Pods.build/Debug-iphonesimulator/RNWorklets.build/Objects-normal/x86_64/WorkletRuntimeDecorator.o
In file included from /Users/karelbraborec/rev-meter/node_modules/react-native-worklets/Common/cpp/worklets/WorkletRuntime/WorkletRuntimeDecorator.cpp:9:
/Users/karelbraborec/rev-meter/ios/Pods/Headers/Private/RNWorklets/worklets/WorkletRuntime/WorkletRuntime.h:181:8: warning: declaration is marked with '@deprecated' command but does not have a deprecation attribute [-Wdocumentation-deprecated-sync]
  181 |   /** @deprecated Use `schedule` instead. */
      |       ~^~~~~~~~~~~~~~~~~~~~~~~~~~~~~~~~~~
/Users/karelbraborec/rev-meter/ios/Pods/Headers/Private/RNWorklets/worklets/WorkletRuntime/WorkletRuntime.h:182:3: note: add a deprecation attribute to the declaration to silence this warning
  182 |   void runAsyncGuarded(const std::shared_ptr<SerializableWorklet> &worklet);
      |   ^
      |   __AVAILABILITY_INTERNAL_DEPRECATED 
/Users/karelbraborec/rev-meter/ios/Pods/Headers/Private/RNWorklets/worklets/WorkletRuntime/WorkletRuntime.h:184:8: warning: declaration is marked with '@deprecated' command but does not have a deprecation attribute [-Wdocumentation-deprecated-sync]
  184 |   /** @deprecated Use `runSyncSerialized` and extract to `jsi::Value` with
      |       ~^~~~~~~~~~~~~~~~~~~~~~~~~~~~~~~~~~~~~~~~~~~~~~~~~~~~~~~~~~~~~~~~~~~
  185 |    * `extractSerializableOrThrow` instead. */
      |    ~~~~~~~~~~~~~~~~~~~~~~~~~~~~~~~~~~~~~~~
/Users/karelbraborec/rev-meter/ios/Pods/Headers/Private/RNWorklets/worklets/WorkletRuntime/WorkletRuntime.h:186:3: note: add a deprecation attribute to the declaration to silence this warning
  186 |   jsi::Value executeSync(jsi::Runtime &rt, const jsi::Value &worklet) const;
      |   ^
      |   __AVAILABILITY_INTERNAL_DEPRECATED 
/Users/karelbraborec/rev-meter/ios/Pods/Headers/Private/RNWorklets/worklets/WorkletRuntime/WorkletRuntime.h:187:8: warning: declaration is marked with '@deprecated' command but does not have a deprecation attribute [-Wdocumentation-deprecated-sync]
  187 |   /** @deprecated Use `runSync` instead. */
      |       ~^~~~~~~~~~~~~~~~~~~~~~~~~~~~~~~~~
/Users/karelbraborec/rev-meter/ios/Pods/Headers/Private/RNWorklets/worklets/WorkletRuntime/WorkletRuntime.h:188:3: note: add a deprecation attribute to the declaration to silence this warning
  188 |   jsi::Value executeSync(std::function<jsi::Value(jsi::Runtime &)> &&job) const;
      |   ^
      |   __AVAILABILITY_INTERNAL_DEPRECATED 
/Users/karelbraborec/rev-meter/ios/Pods/Headers/Private/RNWorklets/worklets/WorkletRuntime/WorkletRuntime.h:189:8: warning: declaration is marked with '@deprecated' command but does not have a deprecation attribute [-Wdocumentation-deprecated-sync]
  189 |   /** @deprecated Use `runSync` instead. */
      |       ~^~~~~~~~~~~~~~~~~~~~~~~~~~~~~~~~~
/Users/karelbraborec/rev-meter/ios/Pods/Headers/Private/RNWorklets/worklets/WorkletRuntime/WorkletRuntime.h:190:3: note: add a deprecation attribute to the declaration to silence this warning
  190 |   jsi::Value executeSync(const std::function<jsi::Value(jsi::Runtime &)> &job) const;
      |   ^
      |   __AVAILABILITY_INTERNAL_DEPRECATED 
/Users/karelbraborec/rev-meter/ios/Pods/Headers/Private/RNWorklets/worklets/WorkletRuntime/WorkletRuntime.h:175:8: warning: declaration is marked with '@deprecated' command but does not have a deprecation attribute [-Wdocumentation-deprecated-sync]
  175 |   /** @deprecated Use `runSync` instead. */
      |       ~^~~~~~~~~~~~~~~~~~~~~~~~~~~~~~~~~
5 warnings generated.

CompileC /Users/karelbraborec/Library/Developer/Xcode/DerivedData/revmeter-hbcnswmlqmbpnlazhhkncgeowiss/Build/Intermediates.noindex/Pods.build/Debug-iphonesimulator/RNWorklets.build/Objects-normal/x86_64/WorkletRuntime.o /Users/karelbraborec/rev-meter/node_modules/react-native-worklets/Common/cpp/worklets/WorkletRuntime/WorkletRuntime.cpp normal x86_64 c++ com.apple.compilers.llvm.clang.1_0.compiler (in target 'RNWorklets' from project 'Pods')
    cd /Users/karelbraborec/rev-meter/ios/Pods
    
    Using response file: /Users/karelbraborec/Library/Developer/Xcode/DerivedData/revmeter-hbcnswmlqmbpnlazhhkncgeowiss/Build/Intermediates.noindex/Pods.build/Debug-iphonesimulator/RNWorklets.build/Objects-normal/x86_64/82b82416624d2658e5098eb0a28c15c5-common-args.resp
    
    /Applications/Xcode.app/Contents/Developer/Toolchains/XcodeDefault.xctoolchain/usr/bin/clang -x c++ -ivfsstatcache /Users/karelbraborec/Library/Developer/Xcode/DerivedData/SDKStatCaches.noindex/iphonesimulator26.5-23F81a-6cfe768891a92b912361537c460fe42b.sdkstatcache -target x86_64-apple-ios15.1-simulator -fmessage-length\=0 -fdiagnostics-show-note-include-stack -fmacro-backtrace-limit\=0 -fno-color-diagnostics -fmodules-prune-interval\=86400 -fmodules-prune-after\=345600 -fbuild-session-file\=/Users/karelbraborec/Library/Developer/Xcode/DerivedData/ModuleCache.noindex/Session.modulevalidation -fmodules-validate-once-per-build-session -Wnon-modular-include-in-framework-module -Werror\=non-modular-include-in-framework-module -Wno-trigraphs -Wno-missing-field-initializers -Wno-missing-prototypes -Werror\=return-type -Wdocumentation -Wunreachable-code -Werror\=deprecated-objc-isa-usage -Werror\=objc-root-class -Wno-non-virtual-dtor -Wno-overloaded-virtual -Wno-exit-time-destructors -Wno-missing-braces -Wparentheses -Wswitch -Wunused-function -Wno-unused-label -Wno-unused-parameter -Wunused-variable -Wunused-value -Wempty-body -Wuninitialized -Wconditional-uninitialized -Wno-unknown-pragmas -Wno-shadow -Wno-four-char-constants -Wno-conversion -Wconstant-conversion -Wint-conversion -Wbool-conversion -Wenum-conversion -Wno-float-conversion -Wnon-literal-null-conversion -Wobjc-literal-conversion -Wshorten-64-to-32 -Wno-newline-eof -Wno-c++11-extensions -Wno-implicit-fallthrough -isysroot /Applications/Xcode.app/Contents/Developer/Platforms/iPhoneSimulator.platform/Developer/SDKs/iPhoneSimulator26.5.sdk -fstrict-aliasing -Wdeprecated-declarations -Winvalid-offsetof -Wno-sign-conversion -Winfinite-recursion -Wmove -Wcomma -Wblock-capture-autoreleasing -Wstrict-prototypes -Wrange-loop-analysis -Wno-semicolon-before-method-body -Wunguarded-availability -index-store-path /Users/karelbraborec/Library/Developer/Xcode/DerivedData/revmeter-hbcnswmlqmbpnlazhhkncgeowiss/Index.noindex/DataStore @/Users/karelbraborec/Library/Developer/Xcode/DerivedData/revmeter-hbcnswmlqmbpnlazhhkncgeowiss/Build/Intermediates.noindex/Pods.build/Debug-iphonesimulator/RNWorklets.build/Objects-normal/x86_64/82b82416624d2658e5098eb0a28c15c5-common-args.resp -DRCT_NEW_ARCH_ENABLED\=1 -include /Users/karelbraborec/rev-meter/ios/Pods/Target\ Support\ Files/RNWorklets/RNWorklets-prefix.pch -MMD -MT dependencies -MF /Users/karelbraborec/Library/Developer/Xcode/DerivedData/revmeter-hbcnswmlqmbpnlazhhkncgeowiss/Build/Intermediates.noindex/Pods.build/Debug-iphonesimulator/RNWorklets.build/Objects-normal/x86_64/WorkletRuntime.d --serialize-diagnostics /Users/karelbraborec/Library/Developer/Xcode/DerivedData/revmeter-hbcnswmlqmbpnlazhhkncgeowiss/Build/Intermediates.noindex/Pods.build/Debug-iphonesimulator/RNWorklets.build/Objects-normal/x86_64/WorkletRuntime.dia -c /Users/karelbraborec/rev-meter/node_modules/react-native-worklets/Common/cpp/worklets/WorkletRuntime/WorkletRuntime.cpp -o /Users/karelbraborec/Library/Developer/Xcode/DerivedData/revmeter-hbcnswmlqmbpnlazhhkncgeowiss/Build/Intermediates.noindex/Pods.build/Debug-iphonesimulator/RNWorklets.build/Objects-normal/x86_64/WorkletRuntime.o -index-unit-output-path /Pods.build/Debug-iphonesimulator/RNWorklets.build/Objects-normal/x86_64/WorkletRuntime.o
In file included from /Users/karelbraborec/rev-meter/node_modules/react-native-worklets/Common/cpp/worklets/WorkletRuntime/WorkletRuntime.cpp:3:
In file included from /Users/karelbraborec/rev-meter/ios/Pods/Headers/Private/RNWorklets/worklets/NativeModules/JSIWorkletsModuleProxy.h:4:
In file included from /Users/karelbraborec/rev-meter/ios/Pods/Headers/Private/RNWorklets/worklets/SharedItems/MemoryManager.h:6:
/Users/karelbraborec/rev-meter/ios/Pods/Headers/Private/RNWorklets/worklets/WorkletRuntime/WorkletRuntime.h:181:8: warning: declaration is marked with '@deprecated' command but does not have a deprecation attribute [-Wdocumentation-deprecated-sync]
  181 |   /** @deprecated Use `schedule` instead. */
      |       ~^~~~~~~~~~~~~~~~~~~~~~~~~~~~~~~~~~
/Users/karelbraborec/rev-meter/ios/Pods/Headers/Private/RNWorklets/worklets/WorkletRuntime/WorkletRuntime.h:182:3: note: add a deprecation attribute to the declaration to silence this warning
  182 |   void runAsyncGuarded(const std::shared_ptr<SerializableWorklet> &worklet);
      |   ^
      |   __AVAILABILITY_INTERNAL_DEPRECATED 
/Users/karelbraborec/rev-meter/ios/Pods/Headers/Private/RNWorklets/worklets/WorkletRuntime/WorkletRuntime.h:184:8: warning: declaration is marked with '@deprecated' command but does not have a deprecation attribute [-Wdocumentation-deprecated-sync]
  184 |   /** @deprecated Use `runSyncSerialized` and extract to `jsi::Value` with
      |       ~^~~~~~~~~~~~~~~~~~~~~~~~~~~~~~~~~~~~~~~~~~~~~~~~~~~~~~~~~~~~~~~~~~~
  185 |    * `extractSerializableOrThrow` instead. */
      |    ~~~~~~~~~~~~~~~~~~~~~~~~~~~~~~~~~~~~~~~
/Users/karelbraborec/rev-meter/ios/Pods/Headers/Private/RNWorklets/worklets/WorkletRuntime/WorkletRuntime.h:186:3: note: add a deprecation attribute to the declaration to silence this warning
  186 |   jsi::Value executeSync(jsi::Runtime &rt, const jsi::Value &worklet) const;
      |   ^
      |   __AVAILABILITY_INTERNAL_DEPRECATED 
/Users/karelbraborec/rev-meter/ios/Pods/Headers/Private/RNWorklets/worklets/WorkletRuntime/WorkletRuntime.h:187:8: warning: declaration is marked with '@deprecated' command but does not have a deprecation attribute [-Wdocumentation-deprecated-sync]
  187 |   /** @deprecated Use `runSync` instead. */
      |       ~^~~~~~~~~~~~~~~~~~~~~~~~~~~~~~~~~
/Users/karelbraborec/rev-meter/ios/Pods/Headers/Private/RNWorklets/worklets/WorkletRuntime/WorkletRuntime.h:188:3: note: add a deprecation attribute to the declaration to silence this warning
  188 |   jsi::Value executeSync(std::function<jsi::Value(jsi::Runtime &)> &&job) const;
      |   ^
      |   __AVAILABILITY_INTERNAL_DEPRECATED 
/Users/karelbraborec/rev-meter/ios/Pods/Headers/Private/RNWorklets/worklets/WorkletRuntime/WorkletRuntime.h:189:8: warning: declaration is marked with '@deprecated' command but does not have a deprecation attribute [-Wdocumentation-deprecated-sync]
  189 |   /** @deprecated Use `runSync` instead. */
      |       ~^~~~~~~~~~~~~~~~~~~~~~~~~~~~~~~~~
/Users/karelbraborec/rev-meter/ios/Pods/Headers/Private/RNWorklets/worklets/WorkletRuntime/WorkletRuntime.h:190:3: note: add a deprecation attribute to the declaration to silence this warning
  190 |   jsi::Value executeSync(const std::function<jsi::Value(jsi::Runtime &)> &job) const;
      |   ^
      |   __AVAILABILITY_INTERNAL_DEPRECATED 
/Users/karelbraborec/rev-meter/ios/Pods/Headers/Private/RNWorklets/worklets/WorkletRuntime/WorkletRuntime.h:175:8: warning: declaration is marked with '@deprecated' command but does not have a deprecation attribute [-Wdocumentation-deprecated-sync]
  175 |   /** @deprecated Use `runSync` instead. */
      |       ~^~~~~~~~~~~~~~~~~~~~~~~~~~~~~~~~~
5 warnings generated.

CompileC /Users/karelbraborec/Library/Developer/Xcode/DerivedData/revmeter-hbcnswmlqmbpnlazhhkncgeowiss/Build/Intermediates.noindex/Pods.build/Debug-iphonesimulator/RNWorklets.build/Objects-normal/x86_64/WorkletHermesRuntime.o /Users/karelbraborec/rev-meter/node_modules/react-native-worklets/Common/cpp/worklets/WorkletRuntime/WorkletHermesRuntime.cpp normal x86_64 c++ com.apple.compilers.llvm.clang.1_0.compiler (in target 'RNWorklets' from project 'Pods')
    cd /Users/karelbraborec/rev-meter/ios/Pods
    
    Using response file: /Users/karelbraborec/Library/Developer/Xcode/DerivedData/revmeter-hbcnswmlqmbpnlazhhkncgeowiss/Build/Intermediates.noindex/Pods.build/Debug-iphonesimulator/RNWorklets.build/Objects-normal/x86_64/82b82416624d2658e5098eb0a28c15c5-common-args.resp
    
    /Applications/Xcode.app/Contents/Developer/Toolchains/XcodeDefault.xctoolchain/usr/bin/clang -x c++ -ivfsstatcache /Users/karelbraborec/Library/Developer/Xcode/DerivedData/SDKStatCaches.noindex/iphonesimulator26.5-23F81a-6cfe768891a92b912361537c460fe42b.sdkstatcache -target x86_64-apple-ios15.1-simulator -fmessage-length\=0 -fdiagnostics-show-note-include-stack -fmacro-backtrace-limit\=0 -fno-color-diagnostics -fmodules-prune-interval\=86400 -fmodules-prune-after\=345600 -fbuild-session-file\=/Users/karelbraborec/Library/Developer/Xcode/DerivedData/ModuleCache.noindex/Session.modulevalidation -fmodules-validate-once-per-build-session -Wnon-modular-include-in-framework-module -Werror\=non-modular-include-in-framework-module -Wno-trigraphs -Wno-missing-field-initializers -Wno-missing-prototypes -Werror\=return-type -Wdocumentation -Wunreachable-code -Werror\=deprecated-objc-isa-usage -Werror\=objc-root-class -Wno-non-virtual-dtor -Wno-overloaded-virtual -Wno-exit-time-destructors -Wno-missing-braces -Wparentheses -Wswitch -Wunused-function -Wno-unused-label -Wno-unused-parameter -Wunused-variable -Wunused-value -Wempty-body -Wuninitialized -Wconditional-uninitialized -Wno-unknown-pragmas -Wno-shadow -Wno-four-char-constants -Wno-conversion -Wconstant-conversion -Wint-conversion -Wbool-conversion -Wenum-conversion -Wno-float-conversion -Wnon-literal-null-conversion -Wobjc-literal-conversion -Wshorten-64-to-32 -Wno-newline-eof -Wno-c++11-extensions -Wno-implicit-fallthrough -isysroot /Applications/Xcode.app/Contents/Developer/Platforms/iPhoneSimulator.platform/Developer/SDKs/iPhoneSimulator26.5.sdk -fstrict-aliasing -Wdeprecated-declarations -Winvalid-offsetof -Wno-sign-conversion -Winfinite-recursion -Wmove -Wcomma -Wblock-capture-autoreleasing -Wstrict-prototypes -Wrange-loop-analysis -Wno-semicolon-before-method-body -Wunguarded-availability -index-store-path /Users/karelbraborec/Library/Developer/Xcode/DerivedData/revmeter-hbcnswmlqmbpnlazhhkncgeowiss/Index.noindex/DataStore @/Users/karelbraborec/Library/Developer/Xcode/DerivedData/revmeter-hbcnswmlqmbpnlazhhkncgeowiss/Build/Intermediates.noindex/Pods.build/Debug-iphonesimulator/RNWorklets.build/Objects-normal/x86_64/82b82416624d2658e5098eb0a28c15c5-common-args.resp -DRCT_NEW_ARCH_ENABLED\=1 -include /Users/karelbraborec/rev-meter/ios/Pods/Target\ Support\ Files/RNWorklets/RNWorklets-prefix.pch -MMD -MT dependencies -MF /Users/karelbraborec/Library/Developer/Xcode/DerivedData/revmeter-hbcnswmlqmbpnlazhhkncgeowiss/Build/Intermediates.noindex/Pods.build/Debug-iphonesimulator/RNWorklets.build/Objects-normal/x86_64/WorkletHermesRuntime.d --serialize-diagnostics /Users/karelbraborec/Library/Developer/Xcode/DerivedData/revmeter-hbcnswmlqmbpnlazhhkncgeowiss/Build/Intermediates.noindex/Pods.build/Debug-iphonesimulator/RNWorklets.build/Objects-normal/x86_64/WorkletHermesRuntime.dia -c /Users/karelbraborec/rev-meter/node_modules/react-native-worklets/Common/cpp/worklets/WorkletRuntime/WorkletHermesRuntime.cpp -o /Users/karelbraborec/Library/Developer/Xcode/DerivedData/revmeter-hbcnswmlqmbpnlazhhkncgeowiss/Build/Intermediates.noindex/Pods.build/Debug-iphonesimulator/RNWorklets.build/Objects-normal/x86_64/WorkletHermesRuntime.o -index-unit-output-path /Pods.build/Debug-iphonesimulator/RNWorklets.build/Objects-normal/x86_64/WorkletHermesRuntime.o

CompileC /Users/karelbraborec/Library/Developer/Xcode/DerivedData/revmeter-hbcnswmlqmbpnlazhhkncgeowiss/Build/Intermediates.noindex/Pods.build/Debug-iphonesimulator/RNWorklets.build/Objects-normal/x86_64/WorkletEventHandler.o /Users/karelbraborec/rev-meter/node_modules/react-native-worklets/Common/cpp/worklets/Tools/WorkletEventHandler.cpp normal x86_64 c++ com.apple.compilers.llvm.clang.1_0.compiler (in target 'RNWorklets' from project 'Pods')
    cd /Users/karelbraborec/rev-meter/ios/Pods
    
    Using response file: /Users/karelbraborec/Library/Developer/Xcode/DerivedData/revmeter-hbcnswmlqmbpnlazhhkncgeowiss/Build/Intermediates.noindex/Pods.build/Debug-iphonesimulator/RNWorklets.build/Objects-normal/x86_64/82b82416624d2658e5098eb0a28c15c5-common-args.resp
    
    /Applications/Xcode.app/Contents/Developer/Toolchains/XcodeDefault.xctoolchain/usr/bin/clang -x c++ -ivfsstatcache /Users/karelbraborec/Library/Developer/Xcode/DerivedData/SDKStatCaches.noindex/iphonesimulator26.5-23F81a-6cfe768891a92b912361537c460fe42b.sdkstatcache -target x86_64-apple-ios15.1-simulator -fmessage-length\=0 -fdiagnostics-show-note-include-stack -fmacro-backtrace-limit\=0 -fno-color-diagnostics -fmodules-prune-interval\=86400 -fmodules-prune-after\=345600 -fbuild-session-file\=/Users/karelbraborec/Library/Developer/Xcode/DerivedData/ModuleCache.noindex/Session.modulevalidation -fmodules-validate-once-per-build-session -Wnon-modular-include-in-framework-module -Werror\=non-modular-include-in-framework-module -Wno-trigraphs -Wno-missing-field-initializers -Wno-missing-prototypes -Werror\=return-type -Wdocumentation -Wunreachable-code -Werror\=deprecated-objc-isa-usage -Werror\=objc-root-class -Wno-non-virtual-dtor -Wno-overloaded-virtual -Wno-exit-time-destructors -Wno-missing-braces -Wparentheses -Wswitch -Wunused-function -Wno-unused-label -Wno-unused-parameter -Wunused-variable -Wunused-value -Wempty-body -Wuninitialized -Wconditional-uninitialized -Wno-unknown-pragmas -Wno-shadow -Wno-four-char-constants -Wno-conversion -Wconstant-conversion -Wint-conversion -Wbool-conversion -Wenum-conversion -Wno-float-conversion -Wnon-literal-null-conversion -Wobjc-literal-conversion -Wshorten-64-to-32 -Wno-newline-eof -Wno-c++11-extensions -Wno-implicit-fallthrough -isysroot /Applications/Xcode.app/Contents/Developer/Platforms/iPhoneSimulator.platform/Developer/SDKs/iPhoneSimulator26.5.sdk -fstrict-aliasing -Wdeprecated-declarations -Winvalid-offsetof -Wno-sign-conversion -Winfinite-recursion -Wmove -Wcomma -Wblock-capture-autoreleasing -Wstrict-prototypes -Wrange-loop-analysis -Wno-semicolon-before-method-body -Wunguarded-availability -index-store-path /Users/karelbraborec/Library/Developer/Xcode/DerivedData/revmeter-hbcnswmlqmbpnlazhhkncgeowiss/Index.noindex/DataStore @/Users/karelbraborec/Library/Developer/Xcode/DerivedData/revmeter-hbcnswmlqmbpnlazhhkncgeowiss/Build/Intermediates.noindex/Pods.build/Debug-iphonesimulator/RNWorklets.build/Objects-normal/x86_64/82b82416624d2658e5098eb0a28c15c5-common-args.resp -DRCT_NEW_ARCH_ENABLED\=1 -include /Users/karelbraborec/rev-meter/ios/Pods/Target\ Support\ Files/RNWorklets/RNWorklets-prefix.pch -MMD -MT dependencies -MF /Users/karelbraborec/Library/Developer/Xcode/DerivedData/revmeter-hbcnswmlqmbpnlazhhkncgeowiss/Build/Intermediates.noindex/Pods.build/Debug-iphonesimulator/RNWorklets.build/Objects-normal/x86_64/WorkletEventHandler.d --serialize-diagnostics /Users/karelbraborec/Library/Developer/Xcode/DerivedData/revmeter-hbcnswmlqmbpnlazhhkncgeowiss/Build/Intermediates.noindex/Pods.build/Debug-iphonesimulator/RNWorklets.build/Objects-normal/x86_64/WorkletEventHandler.dia -c /Users/karelbraborec/rev-meter/node_modules/react-native-worklets/Common/cpp/worklets/Tools/WorkletEventHandler.cpp -o /Users/karelbraborec/Library/Developer/Xcode/DerivedData/revmeter-hbcnswmlqmbpnlazhhkncgeowiss/Build/Intermediates.noindex/Pods.build/Debug-iphonesimulator/RNWorklets.build/Objects-normal/x86_64/WorkletEventHandler.o -index-unit-output-path /Pods.build/Debug-iphonesimulator/RNWorklets.build/Objects-normal/x86_64/WorkletEventHandler.o
In file included from /Users/karelbraborec/rev-meter/node_modules/react-native-worklets/Common/cpp/worklets/Tools/WorkletEventHandler.cpp:4:
In file included from /Users/karelbraborec/rev-meter/ios/Pods/Headers/Private/RNWorklets/worklets/Tools/WorkletEventHandler.h:7:
/Users/karelbraborec/rev-meter/ios/Pods/Headers/Private/RNWorklets/worklets/WorkletRuntime/WorkletRuntime.h:181:8: warning: declaration is marked with '@deprecated' command but does not have a deprecation attribute [-Wdocumentation-deprecated-sync]
  181 |   /** @deprecated Use `schedule` instead. */
      |       ~^~~~~~~~~~~~~~~~~~~~~~~~~~~~~~~~~~
/Users/karelbraborec/rev-meter/ios/Pods/Headers/Private/RNWorklets/worklets/WorkletRuntime/WorkletRuntime.h:182:3: note: add a deprecation attribute to the declaration to silence this warning
  182 |   void runAsyncGuarded(const std::shared_ptr<SerializableWorklet> &worklet);
      |   ^
      |   __AVAILABILITY_INTERNAL_DEPRECATED 
/Users/karelbraborec/rev-meter/ios/Pods/Headers/Private/RNWorklets/worklets/WorkletRuntime/WorkletRuntime.h:184:8: warning: declaration is marked with '@deprecated' command but does not have a deprecation attribute [-Wdocumentation-deprecated-sync]
  184 |   /** @deprecated Use `runSyncSerialized` and extract to `jsi::Value` with
      |       ~^~~~~~~~~~~~~~~~~~~~~~~~~~~~~~~~~~~~~~~~~~~~~~~~~~~~~~~~~~~~~~~~~~~
  185 |    * `extractSerializableOrThrow` instead. */
      |    ~~~~~~~~~~~~~~~~~~~~~~~~~~~~~~~~~~~~~~~
/Users/karelbraborec/rev-meter/ios/Pods/Headers/Private/RNWorklets/worklets/WorkletRuntime/WorkletRuntime.h:186:3: note: add a deprecation attribute to the declaration to silence this warning
  186 |   jsi::Value executeSync(jsi::Runtime &rt, const jsi::Value &worklet) const;
      |   ^
      |   __AVAILABILITY_INTERNAL_DEPRECATED 
/Users/karelbraborec/rev-meter/ios/Pods/Headers/Private/RNWorklets/worklets/WorkletRuntime/WorkletRuntime.h:187:8: warning: declaration is marked with '@deprecated' command but does not have a deprecation attribute [-Wdocumentation-deprecated-sync]
  187 |   /** @deprecated Use `runSync` instead. */
      |       ~^~~~~~~~~~~~~~~~~~~~~~~~~~~~~~~~~
/Users/karelbraborec/rev-meter/ios/Pods/Headers/Private/RNWorklets/worklets/WorkletRuntime/WorkletRuntime.h:188:3: note: add a deprecation attribute to the declaration to silence this warning
  188 |   jsi::Value executeSync(std::function<jsi::Value(jsi::Runtime &)> &&job) const;
      |   ^
      |   __AVAILABILITY_INTERNAL_DEPRECATED 
/Users/karelbraborec/rev-meter/ios/Pods/Headers/Private/RNWorklets/worklets/WorkletRuntime/WorkletRuntime.h:189:8: warning: declaration is marked with '@deprecated' command but does not have a deprecation attribute [-Wdocumentation-deprecated-sync]
  189 |   /** @deprecated Use `runSync` instead. */
      |       ~^~~~~~~~~~~~~~~~~~~~~~~~~~~~~~~~~
/Users/karelbraborec/rev-meter/ios/Pods/Headers/Private/RNWorklets/worklets/WorkletRuntime/WorkletRuntime.h:190:3: note: add a deprecation attribute to the declaration to silence this warning
  190 |   jsi::Value executeSync(const std::function<jsi::Value(jsi::Runtime &)> &job) const;
      |   ^
      |   __AVAILABILITY_INTERNAL_DEPRECATED 
/Users/karelbraborec/rev-meter/ios/Pods/Headers/Private/RNWorklets/worklets/WorkletRuntime/WorkletRuntime.h:175:8: warning: declaration is marked with '@deprecated' command but does not have a deprecation attribute [-Wdocumentation-deprecated-sync]
  175 |   /** @deprecated Use `runSync` instead. */
      |       ~^~~~~~~~~~~~~~~~~~~~~~~~~~~~~~~~~
5 warnings generated.

Libtool /Users/karelbraborec/Library/Developer/Xcode/DerivedData/revmeter-hbcnswmlqmbpnlazhhkncgeowiss/Build/Intermediates.noindex/Pods.build/Debug-iphonesimulator/react-native-safe-area-context.build/Objects-normal/x86_64/Binary/libreact-native-safe-area-context.a normal x86_64 (in target 'react-native-safe-area-context' from project 'Pods')
    cd /Users/karelbraborec/rev-meter/ios/Pods
    /Applications/Xcode.app/Contents/Developer/Toolchains/XcodeDefault.xctoolchain/usr/bin/libtool -static -arch_only x86_64 -D -syslibroot /Applications/Xcode.app/Contents/Developer/Platforms/iPhoneSimulator.platform/Developer/SDKs/iPhoneSimulator26.5.sdk -L/Users/karelbraborec/Library/Developer/Xcode/DerivedData/revmeter-hbcnswmlqmbpnlazhhkncgeowiss/Build/Products/Debug-iphonesimulator/react-native-safe-area-context -filelist /Users/karelbraborec/Library/Developer/Xcode/DerivedData/revmeter-hbcnswmlqmbpnlazhhkncgeowiss/Build/Intermediates.noindex/Pods.build/Debug-iphonesimulator/react-native-safe-area-context.build/Objects-normal/x86_64/react-native-safe-area-context.LinkFileList -dependency_info /Users/karelbraborec/Library/Developer/Xcode/DerivedData/revmeter-hbcnswmlqmbpnlazhhkncgeowiss/Build/Intermediates.noindex/Pods.build/Debug-iphonesimulator/react-native-safe-area-context.build/Objects-normal/x86_64/react-native-safe-area-context_libtool_dependency_info.dat -o /Users/karelbraborec/Library/Developer/Xcode/DerivedData/revmeter-hbcnswmlqmbpnlazhhkncgeowiss/Build/Intermediates.noindex/Pods.build/Debug-iphonesimulator/react-native-safe-area-context.build/Objects-normal/x86_64/Binary/libreact-native-safe-area-context.a

CompileC /Users/karelbraborec/Library/Developer/Xcode/DerivedData/revmeter-hbcnswmlqmbpnlazhhkncgeowiss/Build/Intermediates.noindex/Pods.build/Debug-iphonesimulator/RNWorklets.build/Objects-normal/x86_64/VersionUtils.o /Users/karelbraborec/rev-meter/node_modules/react-native-worklets/Common/cpp/worklets/Tools/VersionUtils.cpp normal x86_64 c++ com.apple.compilers.llvm.clang.1_0.compiler (in target 'RNWorklets' from project 'Pods')
    cd /Users/karelbraborec/rev-meter/ios/Pods
    
    Using response file: /Users/karelbraborec/Library/Developer/Xcode/DerivedData/revmeter-hbcnswmlqmbpnlazhhkncgeowiss/Build/Intermediates.noindex/Pods.build/Debug-iphonesimulator/RNWorklets.build/Objects-normal/x86_64/82b82416624d2658e5098eb0a28c15c5-common-args.resp
    
    /Applications/Xcode.app/Contents/Developer/Toolchains/XcodeDefault.xctoolchain/usr/bin/clang -x c++ -ivfsstatcache /Users/karelbraborec/Library/Developer/Xcode/DerivedData/SDKStatCaches.noindex/iphonesimulator26.5-23F81a-6cfe768891a92b912361537c460fe42b.sdkstatcache -target x86_64-apple-ios15.1-simulator -fmessage-length\=0 -fdiagnostics-show-note-include-stack -fmacro-backtrace-limit\=0 -fno-color-diagnostics -fmodules-prune-interval\=86400 -fmodules-prune-after\=345600 -fbuild-session-file\=/Users/karelbraborec/Library/Developer/Xcode/DerivedData/ModuleCache.noindex/Session.modulevalidation -fmodules-validate-once-per-build-session -Wnon-modular-include-in-framework-module -Werror\=non-modular-include-in-framework-module -Wno-trigraphs -Wno-missing-field-initializers -Wno-missing-prototypes -Werror\=return-type -Wdocumentation -Wunreachable-code -Werror\=deprecated-objc-isa-usage -Werror\=objc-root-class -Wno-non-virtual-dtor -Wno-overloaded-virtual -Wno-exit-time-destructors -Wno-missing-braces -Wparentheses -Wswitch -Wunused-function -Wno-unused-label -Wno-unused-parameter -Wunused-variable -Wunused-value -Wempty-body -Wuninitialized -Wconditional-uninitialized -Wno-unknown-pragmas -Wno-shadow -Wno-four-char-constants -Wno-conversion -Wconstant-conversion -Wint-conversion -Wbool-conversion -Wenum-conversion -Wno-float-conversion -Wnon-literal-null-conversion -Wobjc-literal-conversion -Wshorten-64-to-32 -Wno-newline-eof -Wno-c++11-extensions -Wno-implicit-fallthrough -isysroot /Applications/Xcode.app/Contents/Developer/Platforms/iPhoneSimulator.platform/Developer/SDKs/iPhoneSimulator26.5.sdk -fstrict-aliasing -Wdeprecated-declarations -Winvalid-offsetof -Wno-sign-conversion -Winfinite-recursion -Wmove -Wcomma -Wblock-capture-autoreleasing -Wstrict-prototypes -Wrange-loop-analysis -Wno-semicolon-before-method-body -Wunguarded-availability -index-store-path /Users/karelbraborec/Library/Developer/Xcode/DerivedData/revmeter-hbcnswmlqmbpnlazhhkncgeowiss/Index.noindex/DataStore @/Users/karelbraborec/Library/Developer/Xcode/DerivedData/revmeter-hbcnswmlqmbpnlazhhkncgeowiss/Build/Intermediates.noindex/Pods.build/Debug-iphonesimulator/RNWorklets.build/Objects-normal/x86_64/82b82416624d2658e5098eb0a28c15c5-common-args.resp -DRCT_NEW_ARCH_ENABLED\=1 -include /Users/karelbraborec/rev-meter/ios/Pods/Target\ Support\ Files/RNWorklets/RNWorklets-prefix.pch -MMD -MT dependencies -MF /Users/karelbraborec/Library/Developer/Xcode/DerivedData/revmeter-hbcnswmlqmbpnlazhhkncgeowiss/Build/Intermediates.noindex/Pods.build/Debug-iphonesimulator/RNWorklets.build/Objects-normal/x86_64/VersionUtils.d --serialize-diagnostics /Users/karelbraborec/Library/Developer/Xcode/DerivedData/revmeter-hbcnswmlqmbpnlazhhkncgeowiss/Build/Intermediates.noindex/Pods.build/Debug-iphonesimulator/RNWorklets.build/Objects-normal/x86_64/VersionUtils.dia -c /Users/karelbraborec/rev-meter/node_modules/react-native-worklets/Common/cpp/worklets/Tools/VersionUtils.cpp -o /Users/karelbraborec/Library/Developer/Xcode/DerivedData/revmeter-hbcnswmlqmbpnlazhhkncgeowiss/Build/Intermediates.noindex/Pods.build/Debug-iphonesimulator/RNWorklets.build/Objects-normal/x86_64/VersionUtils.o -index-unit-output-path /Pods.build/Debug-iphonesimulator/RNWorklets.build/Objects-normal/x86_64/VersionUtils.o

CompileC /Users/karelbraborec/Library/Developer/Xcode/DerivedData/revmeter-hbcnswmlqmbpnlazhhkncgeowiss/Build/Intermediates.noindex/Pods.build/Debug-iphonesimulator/RNWorklets.build/Objects-normal/x86_64/UIScheduler.o /Users/karelbraborec/rev-meter/node_modules/react-native-worklets/Common/cpp/worklets/Tools/UIScheduler.cpp normal x86_64 c++ com.apple.compilers.llvm.clang.1_0.compiler (in target 'RNWorklets' from project 'Pods')
    cd /Users/karelbraborec/rev-meter/ios/Pods
    
    Using response file: /Users/karelbraborec/Library/Developer/Xcode/DerivedData/revmeter-hbcnswmlqmbpnlazhhkncgeowiss/Build/Intermediates.noindex/Pods.build/Debug-iphonesimulator/RNWorklets.build/Objects-normal/x86_64/82b82416624d2658e5098eb0a28c15c5-common-args.resp
    
    /Applications/Xcode.app/Contents/Developer/Toolchains/XcodeDefault.xctoolchain/usr/bin/clang -x c++ -ivfsstatcache /Users/karelbraborec/Library/Developer/Xcode/DerivedData/SDKStatCaches.noindex/iphonesimulator26.5-23F81a-6cfe768891a92b912361537c460fe42b.sdkstatcache -target x86_64-apple-ios15.1-simulator -fmessage-length\=0 -fdiagnostics-show-note-include-stack -fmacro-backtrace-limit\=0 -fno-color-diagnostics -fmodules-prune-interval\=86400 -fmodules-prune-after\=345600 -fbuild-session-file\=/Users/karelbraborec/Library/Developer/Xcode/DerivedData/ModuleCache.noindex/Session.modulevalidation -fmodules-validate-once-per-build-session -Wnon-modular-include-in-framework-module -Werror\=non-modular-include-in-framework-module -Wno-trigraphs -Wno-missing-field-initializers -Wno-missing-prototypes -Werror\=return-type -Wdocumentation -Wunreachable-code -Werror\=deprecated-objc-isa-usage -Werror\=objc-root-class -Wno-non-virtual-dtor -Wno-overloaded-virtual -Wno-exit-time-destructors -Wno-missing-braces -Wparentheses -Wswitch -Wunused-function -Wno-unused-label -Wno-unused-parameter -Wunused-variable -Wunused-value -Wempty-body -Wuninitialized -Wconditional-uninitialized -Wno-unknown-pragmas -Wno-shadow -Wno-four-char-constants -Wno-conversion -Wconstant-conversion -Wint-conversion -Wbool-conversion -Wenum-conversion -Wno-float-conversion -Wnon-literal-null-conversion -Wobjc-literal-conversion -Wshorten-64-to-32 -Wno-newline-eof -Wno-c++11-extensions -Wno-implicit-fallthrough -isysroot /Applications/Xcode.app/Contents/Developer/Platforms/iPhoneSimulator.platform/Developer/SDKs/iPhoneSimulator26.5.sdk -fstrict-aliasing -Wdeprecated-declarations -Winvalid-offsetof -Wno-sign-conversion -Winfinite-recursion -Wmove -Wcomma -Wblock-capture-autoreleasing -Wstrict-prototypes -Wrange-loop-analysis -Wno-semicolon-before-method-body -Wunguarded-availability -index-store-path /Users/karelbraborec/Library/Developer/Xcode/DerivedData/revmeter-hbcnswmlqmbpnlazhhkncgeowiss/Index.noindex/DataStore @/Users/karelbraborec/Library/Developer/Xcode/DerivedData/revmeter-hbcnswmlqmbpnlazhhkncgeowiss/Build/Intermediates.noindex/Pods.build/Debug-iphonesimulator/RNWorklets.build/Objects-normal/x86_64/82b82416624d2658e5098eb0a28c15c5-common-args.resp -DRCT_NEW_ARCH_ENABLED\=1 -include /Users/karelbraborec/rev-meter/ios/Pods/Target\ Support\ Files/RNWorklets/RNWorklets-prefix.pch -MMD -MT dependencies -MF /Users/karelbraborec/Library/Developer/Xcode/DerivedData/revmeter-hbcnswmlqmbpnlazhhkncgeowiss/Build/Intermediates.noindex/Pods.build/Debug-iphonesimulator/RNWorklets.build/Objects-normal/x86_64/UIScheduler.d --serialize-diagnostics /Users/karelbraborec/Library/Developer/Xcode/DerivedData/revmeter-hbcnswmlqmbpnlazhhkncgeowiss/Build/Intermediates.noindex/Pods.build/Debug-iphonesimulator/RNWorklets.build/Objects-normal/x86_64/UIScheduler.dia -c /Users/karelbraborec/rev-meter/node_modules/react-native-worklets/Common/cpp/worklets/Tools/UIScheduler.cpp -o /Users/karelbraborec/Library/Developer/Xcode/DerivedData/revmeter-hbcnswmlqmbpnlazhhkncgeowiss/Build/Intermediates.noindex/Pods.build/Debug-iphonesimulator/RNWorklets.build/Objects-normal/x86_64/UIScheduler.o -index-unit-output-path /Pods.build/Debug-iphonesimulator/RNWorklets.build/Objects-normal/x86_64/UIScheduler.o

CompileC /Users/karelbraborec/Library/Developer/Xcode/DerivedData/revmeter-hbcnswmlqmbpnlazhhkncgeowiss/Build/Intermediates.noindex/Pods.build/Debug-iphonesimulator/RNWorklets.build/Objects-normal/x86_64/UIRuntimeDecorator.o /Users/karelbraborec/rev-meter/node_modules/react-native-worklets/Common/cpp/worklets/WorkletRuntime/UIRuntimeDecorator.cpp normal x86_64 c++ com.apple.compilers.llvm.clang.1_0.compiler (in target 'RNWorklets' from project 'Pods')
    cd /Users/karelbraborec/rev-meter/ios/Pods
    
    Using response file: /Users/karelbraborec/Library/Developer/Xcode/DerivedData/revmeter-hbcnswmlqmbpnlazhhkncgeowiss/Build/Intermediates.noindex/Pods.build/Debug-iphonesimulator/RNWorklets.build/Objects-normal/x86_64/82b82416624d2658e5098eb0a28c15c5-common-args.resp
    
    /Applications/Xcode.app/Contents/Developer/Toolchains/XcodeDefault.xctoolchain/usr/bin/clang -x c++ -ivfsstatcache /Users/karelbraborec/Library/Developer/Xcode/DerivedData/SDKStatCaches.noindex/iphonesimulator26.5-23F81a-6cfe768891a92b912361537c460fe42b.sdkstatcache -target x86_64-apple-ios15.1-simulator -fmessage-length\=0 -fdiagnostics-show-note-include-stack -fmacro-backtrace-limit\=0 -fno-color-diagnostics -fmodules-prune-interval\=86400 -fmodules-prune-after\=345600 -fbuild-session-file\=/Users/karelbraborec/Library/Developer/Xcode/DerivedData/ModuleCache.noindex/Session.modulevalidation -fmodules-validate-once-per-build-session -Wnon-modular-include-in-framework-module -Werror\=non-modular-include-in-framework-module -Wno-trigraphs -Wno-missing-field-initializers -Wno-missing-prototypes -Werror\=return-type -Wdocumentation -Wunreachable-code -Werror\=deprecated-objc-isa-usage -Werror\=objc-root-class -Wno-non-virtual-dtor -Wno-overloaded-virtual -Wno-exit-time-destructors -Wno-missing-braces -Wparentheses -Wswitch -Wunused-function -Wno-unused-label -Wno-unused-parameter -Wunused-variable -Wunused-value -Wempty-body -Wuninitialized -Wconditional-uninitialized -Wno-unknown-pragmas -Wno-shadow -Wno-four-char-constants -Wno-conversion -Wconstant-conversion -Wint-conversion -Wbool-conversion -Wenum-conversion -Wno-float-conversion -Wnon-literal-null-conversion -Wobjc-literal-conversion -Wshorten-64-to-32 -Wno-newline-eof -Wno-c++11-extensions -Wno-implicit-fallthrough -isysroot /Applications/Xcode.app/Contents/Developer/Platforms/iPhoneSimulator.platform/Developer/SDKs/iPhoneSimulator26.5.sdk -fstrict-aliasing -Wdeprecated-declarations -Winvalid-offsetof -Wno-sign-conversion -Winfinite-recursion -Wmove -Wcomma -Wblock-capture-autoreleasing -Wstrict-prototypes -Wrange-loop-analysis -Wno-semicolon-before-method-body -Wunguarded-availability -index-store-path /Users/karelbraborec/Library/Developer/Xcode/DerivedData/revmeter-hbcnswmlqmbpnlazhhkncgeowiss/Index.noindex/DataStore @/Users/karelbraborec/Library/Developer/Xcode/DerivedData/revmeter-hbcnswmlqmbpnlazhhkncgeowiss/Build/Intermediates.noindex/Pods.build/Debug-iphonesimulator/RNWorklets.build/Objects-normal/x86_64/82b82416624d2658e5098eb0a28c15c5-common-args.resp -DRCT_NEW_ARCH_ENABLED\=1 -include /Users/karelbraborec/rev-meter/ios/Pods/Target\ Support\ Files/RNWorklets/RNWorklets-prefix.pch -MMD -MT dependencies -MF /Users/karelbraborec/Library/Developer/Xcode/DerivedData/revmeter-hbcnswmlqmbpnlazhhkncgeowiss/Build/Intermediates.noindex/Pods.build/Debug-iphonesimulator/RNWorklets.build/Objects-normal/x86_64/UIRuntimeDecorator.d --serialize-diagnostics /Users/karelbraborec/Library/Developer/Xcode/DerivedData/revmeter-hbcnswmlqmbpnlazhhkncgeowiss/Build/Intermediates.noindex/Pods.build/Debug-iphonesimulator/RNWorklets.build/Objects-normal/x86_64/UIRuntimeDecorator.dia -c /Users/karelbraborec/rev-meter/node_modules/react-native-worklets/Common/cpp/worklets/WorkletRuntime/UIRuntimeDecorator.cpp -o /Users/karelbraborec/Library/Developer/Xcode/DerivedData/revmeter-hbcnswmlqmbpnlazhhkncgeowiss/Build/Intermediates.noindex/Pods.build/Debug-iphonesimulator/RNWorklets.build/Objects-normal/x86_64/UIRuntimeDecorator.o -index-unit-output-path /Pods.build/Debug-iphonesimulator/RNWorklets.build/Objects-normal/x86_64/UIRuntimeDecorator.o

CompileC /Users/karelbraborec/Library/Developer/Xcode/DerivedData/revmeter-hbcnswmlqmbpnlazhhkncgeowiss/Build/Intermediates.noindex/Pods.build/Debug-iphonesimulator/RNWorklets.build/Objects-normal/x86_64/SynchronizableAccess.o /Users/karelbraborec/rev-meter/node_modules/react-native-worklets/Common/cpp/worklets/SharedItems/SynchronizableAccess.cpp normal x86_64 c++ com.apple.compilers.llvm.clang.1_0.compiler (in target 'RNWorklets' from project 'Pods')
    cd /Users/karelbraborec/rev-meter/ios/Pods
    
    Using response file: /Users/karelbraborec/Library/Developer/Xcode/DerivedData/revmeter-hbcnswmlqmbpnlazhhkncgeowiss/Build/Intermediates.noindex/Pods.build/Debug-iphonesimulator/RNWorklets.build/Objects-normal/x86_64/82b82416624d2658e5098eb0a28c15c5-common-args.resp
    
    /Applications/Xcode.app/Contents/Developer/Toolchains/XcodeDefault.xctoolchain/usr/bin/clang -x c++ -ivfsstatcache /Users/karelbraborec/Library/Developer/Xcode/DerivedData/SDKStatCaches.noindex/iphonesimulator26.5-23F81a-6cfe768891a92b912361537c460fe42b.sdkstatcache -target x86_64-apple-ios15.1-simulator -fmessage-length\=0 -fdiagnostics-show-note-include-stack -fmacro-backtrace-limit\=0 -fno-color-diagnostics -fmodules-prune-interval\=86400 -fmodules-prune-after\=345600 -fbuild-session-file\=/Users/karelbraborec/Library/Developer/Xcode/DerivedData/ModuleCache.noindex/Session.modulevalidation -fmodules-validate-once-per-build-session -Wnon-modular-include-in-framework-module -Werror\=non-modular-include-in-framework-module -Wno-trigraphs -Wno-missing-field-initializers -Wno-missing-prototypes -Werror\=return-type -Wdocumentation -Wunreachable-code -Werror\=deprecated-objc-isa-usage -Werror\=objc-root-class -Wno-non-virtual-dtor -Wno-overloaded-virtual -Wno-exit-time-destructors -Wno-missing-braces -Wparentheses -Wswitch -Wunused-function -Wno-unused-label -Wno-unused-parameter -Wunused-variable -Wunused-value -Wempty-body -Wuninitialized -Wconditional-uninitialized -Wno-unknown-pragmas -Wno-shadow -Wno-four-char-constants -Wno-conversion -Wconstant-conversion -Wint-conversion -Wbool-conversion -Wenum-conversion -Wno-float-conversion -Wnon-literal-null-conversion -Wobjc-literal-conversion -Wshorten-64-to-32 -Wno-newline-eof -Wno-c++11-extensions -Wno-implicit-fallthrough -isysroot /Applications/Xcode.app/Contents/Developer/Platforms/iPhoneSimulator.platform/Developer/SDKs/iPhoneSimulator26.5.sdk -fstrict-aliasing -Wdeprecated-declarations -Winvalid-offsetof -Wno-sign-conversion -Winfinite-recursion -Wmove -Wcomma -Wblock-capture-autoreleasing -Wstrict-prototypes -Wrange-loop-analysis -Wno-semicolon-before-method-body -Wunguarded-availability -index-store-path /Users/karelbraborec/Library/Developer/Xcode/DerivedData/revmeter-hbcnswmlqmbpnlazhhkncgeowiss/Index.noindex/DataStore @/Users/karelbraborec/Library/Developer/Xcode/DerivedData/revmeter-hbcnswmlqmbpnlazhhkncgeowiss/Build/Intermediates.noindex/Pods.build/Debug-iphonesimulator/RNWorklets.build/Objects-normal/x86_64/82b82416624d2658e5098eb0a28c15c5-common-args.resp -DRCT_NEW_ARCH_ENABLED\=1 -include /Users/karelbraborec/rev-meter/ios/Pods/Target\ Support\ Files/RNWorklets/RNWorklets-prefix.pch -MMD -MT dependencies -MF /Users/karelbraborec/Library/Developer/Xcode/DerivedData/revmeter-hbcnswmlqmbpnlazhhkncgeowiss/Build/Intermediates.noindex/Pods.build/Debug-iphonesimulator/RNWorklets.build/Objects-normal/x86_64/SynchronizableAccess.d --serialize-diagnostics /Users/karelbraborec/Library/Developer/Xcode/DerivedData/revmeter-hbcnswmlqmbpnlazhhkncgeowiss/Build/Intermediates.noindex/Pods.build/Debug-iphonesimulator/RNWorklets.build/Objects-normal/x86_64/SynchronizableAccess.dia -c /Users/karelbraborec/rev-meter/node_modules/react-native-worklets/Common/cpp/worklets/SharedItems/SynchronizableAccess.cpp -o /Users/karelbraborec/Library/Developer/Xcode/DerivedData/revmeter-hbcnswmlqmbpnlazhhkncgeowiss/Build/Intermediates.noindex/Pods.build/Debug-iphonesimulator/RNWorklets.build/Objects-normal/x86_64/SynchronizableAccess.o -index-unit-output-path /Pods.build/Debug-iphonesimulator/RNWorklets.build/Objects-normal/x86_64/SynchronizableAccess.o

CompileC /Users/karelbraborec/Library/Developer/Xcode/DerivedData/revmeter-hbcnswmlqmbpnlazhhkncgeowiss/Build/Intermediates.noindex/Pods.build/Debug-iphonesimulator/RNWorklets.build/Objects-normal/x86_64/Synchronizable.o /Users/karelbraborec/rev-meter/node_modules/react-native-worklets/Common/cpp/worklets/SharedItems/Synchronizable.cpp normal x86_64 c++ com.apple.compilers.llvm.clang.1_0.compiler (in target 'RNWorklets' from project 'Pods')
    cd /Users/karelbraborec/rev-meter/ios/Pods
    
    Using response file: /Users/karelbraborec/Library/Developer/Xcode/DerivedData/revmeter-hbcnswmlqmbpnlazhhkncgeowiss/Build/Intermediates.noindex/Pods.build/Debug-iphonesimulator/RNWorklets.build/Objects-normal/x86_64/82b82416624d2658e5098eb0a28c15c5-common-args.resp
    
    /Applications/Xcode.app/Contents/Developer/Toolchains/XcodeDefault.xctoolchain/usr/bin/clang -x c++ -ivfsstatcache /Users/karelbraborec/Library/Developer/Xcode/DerivedData/SDKStatCaches.noindex/iphonesimulator26.5-23F81a-6cfe768891a92b912361537c460fe42b.sdkstatcache -target x86_64-apple-ios15.1-simulator -fmessage-length\=0 -fdiagnostics-show-note-include-stack -fmacro-backtrace-limit\=0 -fno-color-diagnostics -fmodules-prune-interval\=86400 -fmodules-prune-after\=345600 -fbuild-session-file\=/Users/karelbraborec/Library/Developer/Xcode/DerivedData/ModuleCache.noindex/Session.modulevalidation -fmodules-validate-once-per-build-session -Wnon-modular-include-in-framework-module -Werror\=non-modular-include-in-framework-module -Wno-trigraphs -Wno-missing-field-initializers -Wno-missing-prototypes -Werror\=return-type -Wdocumentation -Wunreachable-code -Werror\=deprecated-objc-isa-usage -Werror\=objc-root-class -Wno-non-virtual-dtor -Wno-overloaded-virtual -Wno-exit-time-destructors -Wno-missing-braces -Wparentheses -Wswitch -Wunused-function -Wno-unused-label -Wno-unused-parameter -Wunused-variable -Wunused-value -Wempty-body -Wuninitialized -Wconditional-uninitialized -Wno-unknown-pragmas -Wno-shadow -Wno-four-char-constants -Wno-conversion -Wconstant-conversion -Wint-conversion -Wbool-conversion -Wenum-conversion -Wno-float-conversion -Wnon-literal-null-conversion -Wobjc-literal-conversion -Wshorten-64-to-32 -Wno-newline-eof -Wno-c++11-extensions -Wno-implicit-fallthrough -isysroot /Applications/Xcode.app/Contents/Developer/Platforms/iPhoneSimulator.platform/Developer/SDKs/iPhoneSimulator26.5.sdk -fstrict-aliasing -Wdeprecated-declarations -Winvalid-offsetof -Wno-sign-conversion -Winfinite-recursion -Wmove -Wcomma -Wblock-capture-autoreleasing -Wstrict-prototypes -Wrange-loop-analysis -Wno-semicolon-before-method-body -Wunguarded-availability -index-store-path /Users/karelbraborec/Library/Developer/Xcode/DerivedData/revmeter-hbcnswmlqmbpnlazhhkncgeowiss/Index.noindex/DataStore @/Users/karelbraborec/Library/Developer/Xcode/DerivedData/revmeter-hbcnswmlqmbpnlazhhkncgeowiss/Build/Intermediates.noindex/Pods.build/Debug-iphonesimulator/RNWorklets.build/Objects-normal/x86_64/82b82416624d2658e5098eb0a28c15c5-common-args.resp -DRCT_NEW_ARCH_ENABLED\=1 -include /Users/karelbraborec/rev-meter/ios/Pods/Target\ Support\ Files/RNWorklets/RNWorklets-prefix.pch -MMD -MT dependencies -MF /Users/karelbraborec/Library/Developer/Xcode/DerivedData/revmeter-hbcnswmlqmbpnlazhhkncgeowiss/Build/Intermediates.noindex/Pods.build/Debug-iphonesimulator/RNWorklets.build/Objects-normal/x86_64/Synchronizable.d --serialize-diagnostics /Users/karelbraborec/Library/Developer/Xcode/DerivedData/revmeter-hbcnswmlqmbpnlazhhkncgeowiss/Build/Intermediates.noindex/Pods.build/Debug-iphonesimulator/RNWorklets.build/Objects-normal/x86_64/Synchronizable.dia -c /Users/karelbraborec/rev-meter/node_modules/react-native-worklets/Common/cpp/worklets/SharedItems/Synchronizable.cpp -o /Users/karelbraborec/Library/Developer/Xcode/DerivedData/revmeter-hbcnswmlqmbpnlazhhkncgeowiss/Build/Intermediates.noindex/Pods.build/Debug-iphonesimulator/RNWorklets.build/Objects-normal/x86_64/Synchronizable.o -index-unit-output-path /Pods.build/Debug-iphonesimulator/RNWorklets.build/Objects-normal/x86_64/Synchronizable.o

CompileC /Users/karelbraborec/Library/Developer/Xcode/DerivedData/revmeter-hbcnswmlqmbpnlazhhkncgeowiss/Build/Intermediates.noindex/Pods.build/Debug-iphonesimulator/RNWorklets.build/Objects-normal/x86_64/StableApi.o /Users/karelbraborec/rev-meter/node_modules/react-native-worklets/Common/cpp/worklets/Compat/StableApi.cpp normal x86_64 c++ com.apple.compilers.llvm.clang.1_0.compiler (in target 'RNWorklets' from project 'Pods')
    cd /Users/karelbraborec/rev-meter/ios/Pods
    
    Using response file: /Users/karelbraborec/Library/Developer/Xcode/DerivedData/revmeter-hbcnswmlqmbpnlazhhkncgeowiss/Build/Intermediates.noindex/Pods.build/Debug-iphonesimulator/RNWorklets.build/Objects-normal/x86_64/82b82416624d2658e5098eb0a28c15c5-common-args.resp
    
    /Applications/Xcode.app/Contents/Developer/Toolchains/XcodeDefault.xctoolchain/usr/bin/clang -x c++ -ivfsstatcache /Users/karelbraborec/Library/Developer/Xcode/DerivedData/SDKStatCaches.noindex/iphonesimulator26.5-23F81a-6cfe768891a92b912361537c460fe42b.sdkstatcache -target x86_64-apple-ios15.1-simulator -fmessage-length\=0 -fdiagnostics-show-note-include-stack -fmacro-backtrace-limit\=0 -fno-color-diagnostics -fmodules-prune-interval\=86400 -fmodules-prune-after\=345600 -fbuild-session-file\=/Users/karelbraborec/Library/Developer/Xcode/DerivedData/ModuleCache.noindex/Session.modulevalidation -fmodules-validate-once-per-build-session -Wnon-modular-include-in-framework-module -Werror\=non-modular-include-in-framework-module -Wno-trigraphs -Wno-missing-field-initializers -Wno-missing-prototypes -Werror\=return-type -Wdocumentation -Wunreachable-code -Werror\=deprecated-objc-isa-usage -Werror\=objc-root-class -Wno-non-virtual-dtor -Wno-overloaded-virtual -Wno-exit-time-destructors -Wno-missing-braces -Wparentheses -Wswitch -Wunused-function -Wno-unused-label -Wno-unused-parameter -Wunused-variable -Wunused-value -Wempty-body -Wuninitialized -Wconditional-uninitialized -Wno-unknown-pragmas -Wno-shadow -Wno-four-char-constants -Wno-conversion -Wconstant-conversion -Wint-conversion -Wbool-conversion -Wenum-conversion -Wno-float-conversion -Wnon-literal-null-conversion -Wobjc-literal-conversion -Wshorten-64-to-32 -Wno-newline-eof -Wno-c++11-extensions -Wno-implicit-fallthrough -isysroot /Applications/Xcode.app/Contents/Developer/Platforms/iPhoneSimulator.platform/Developer/SDKs/iPhoneSimulator26.5.sdk -fstrict-aliasing -Wdeprecated-declarations -Winvalid-offsetof -Wno-sign-conversion -Winfinite-recursion -Wmove -Wcomma -Wblock-capture-autoreleasing -Wstrict-prototypes -Wrange-loop-analysis -Wno-semicolon-before-method-body -Wunguarded-availability -index-store-path /Users/karelbraborec/Library/Developer/Xcode/DerivedData/revmeter-hbcnswmlqmbpnlazhhkncgeowiss/Index.noindex/DataStore @/Users/karelbraborec/Library/Developer/Xcode/DerivedData/revmeter-hbcnswmlqmbpnlazhhkncgeowiss/Build/Intermediates.noindex/Pods.build/Debug-iphonesimulator/RNWorklets.build/Objects-normal/x86_64/82b82416624d2658e5098eb0a28c15c5-common-args.resp -DRCT_NEW_ARCH_ENABLED\=1 -include /Users/karelbraborec/rev-meter/ios/Pods/Target\ Support\ Files/RNWorklets/RNWorklets-prefix.pch -MMD -MT dependencies -MF /Users/karelbraborec/Library/Developer/Xcode/DerivedData/revmeter-hbcnswmlqmbpnlazhhkncgeowiss/Build/Intermediates.noindex/Pods.build/Debug-iphonesimulator/RNWorklets.build/Objects-normal/x86_64/StableApi.d --serialize-diagnostics /Users/karelbraborec/Library/Developer/Xcode/DerivedData/revmeter-hbcnswmlqmbpnlazhhkncgeowiss/Build/Intermediates.noindex/Pods.build/Debug-iphonesimulator/RNWorklets.build/Objects-normal/x86_64/StableApi.dia -c /Users/karelbraborec/rev-meter/node_modules/react-native-worklets/Common/cpp/worklets/Compat/StableApi.cpp -o /Users/karelbraborec/Library/Developer/Xcode/DerivedData/revmeter-hbcnswmlqmbpnlazhhkncgeowiss/Build/Intermediates.noindex/Pods.build/Debug-iphonesimulator/RNWorklets.build/Objects-normal/x86_64/StableApi.o -index-unit-output-path /Pods.build/Debug-iphonesimulator/RNWorklets.build/Objects-normal/x86_64/StableApi.o
In file included from /Users/karelbraborec/rev-meter/node_modules/react-native-worklets/Common/cpp/worklets/Compat/StableApi.cpp:2:
In file included from /Users/karelbraborec/rev-meter/ios/Pods/Headers/Private/RNWorklets/worklets/Compat/Holders.h:5:
/Users/karelbraborec/rev-meter/ios/Pods/Headers/Private/RNWorklets/worklets/WorkletRuntime/WorkletRuntime.h:181:8: warning: declaration is marked with '@deprecated' command but does not have a deprecation attribute [-Wdocumentation-deprecated-sync]
  181 |   /** @deprecated Use `schedule` instead. */
      |       ~^~~~~~~~~~~~~~~~~~~~~~~~~~~~~~~~~~
/Users/karelbraborec/rev-meter/ios/Pods/Headers/Private/RNWorklets/worklets/WorkletRuntime/WorkletRuntime.h:182:3: note: add a deprecation attribute to the declaration to silence this warning
  182 |   void runAsyncGuarded(const std::shared_ptr<SerializableWorklet> &worklet);
      |   ^
      |   __AVAILABILITY_INTERNAL_DEPRECATED 
/Users/karelbraborec/rev-meter/ios/Pods/Headers/Private/RNWorklets/worklets/WorkletRuntime/WorkletRuntime.h:184:8: warning: declaration is marked with '@deprecated' command but does not have a deprecation attribute [-Wdocumentation-deprecated-sync]
  184 |   /** @deprecated Use `runSyncSerialized` and extract to `jsi::Value` with
      |       ~^~~~~~~~~~~~~~~~~~~~~~~~~~~~~~~~~~~~~~~~~~~~~~~~~~~~~~~~~~~~~~~~~~~
  185 |    * `extractSerializableOrThrow` instead. */
      |    ~~~~~~~~~~~~~~~~~~~~~~~~~~~~~~~~~~~~~~~
/Users/karelbraborec/rev-meter/ios/Pods/Headers/Private/RNWorklets/worklets/WorkletRuntime/WorkletRuntime.h:186:3: note: add a deprecation attribute to the declaration to silence this warning
  186 |   jsi::Value executeSync(jsi::Runtime &rt, const jsi::Value &worklet) const;
      |   ^
      |   __AVAILABILITY_INTERNAL_DEPRECATED 
/Users/karelbraborec/rev-meter/ios/Pods/Headers/Private/RNWorklets/worklets/WorkletRuntime/WorkletRuntime.h:187:8: warning: declaration is marked with '@deprecated' command but does not have a deprecation attribute [-Wdocumentation-deprecated-sync]
  187 |   /** @deprecated Use `runSync` instead. */
      |       ~^~~~~~~~~~~~~~~~~~~~~~~~~~~~~~~~~
/Users/karelbraborec/rev-meter/ios/Pods/Headers/Private/RNWorklets/worklets/WorkletRuntime/WorkletRuntime.h:188:3: note: add a deprecation attribute to the declaration to silence this warning
  188 |   jsi::Value executeSync(std::function<jsi::Value(jsi::Runtime &)> &&job) const;
      |   ^
      |   __AVAILABILITY_INTERNAL_DEPRECATED 
/Users/karelbraborec/rev-meter/ios/Pods/Headers/Private/RNWorklets/worklets/WorkletRuntime/WorkletRuntime.h:189:8: warning: declaration is marked with '@deprecated' command but does not have a deprecation attribute [-Wdocumentation-deprecated-sync]
  189 |   /** @deprecated Use `runSync` instead. */
      |       ~^~~~~~~~~~~~~~~~~~~~~~~~~~~~~~~~~
/Users/karelbraborec/rev-meter/ios/Pods/Headers/Private/RNWorklets/worklets/WorkletRuntime/WorkletRuntime.h:190:3: note: add a deprecation attribute to the declaration to silence this warning
  190 |   jsi::Value executeSync(const std::function<jsi::Value(jsi::Runtime &)> &job) const;
      |   ^
      |   __AVAILABILITY_INTERNAL_DEPRECATED 
/Users/karelbraborec/rev-meter/ios/Pods/Headers/Private/RNWorklets/worklets/WorkletRuntime/WorkletRuntime.h:175:8: warning: declaration is marked with '@deprecated' command but does not have a deprecation attribute [-Wdocumentation-deprecated-sync]
  175 |   /** @deprecated Use `runSync` instead. */
      |       ~^~~~~~~~~~~~~~~~~~~~~~~~~~~~~~~~~
5 warnings generated.

CompileC /Users/karelbraborec/Library/Developer/Xcode/DerivedData/revmeter-hbcnswmlqmbpnlazhhkncgeowiss/Build/Intermediates.noindex/Pods.build/Debug-iphonesimulator/RNWorklets.build/Objects-normal/x86_64/SlowAnimations.o /Users/karelbraborec/rev-meter/node_modules/react-native-worklets/apple/worklets/apple/SlowAnimations.mm normal x86_64 objective-c++ com.apple.compilers.llvm.clang.1_0.compiler (in target 'RNWorklets' from project 'Pods')
    cd /Users/karelbraborec/rev-meter/ios/Pods
    
    Using response file: /Users/karelbraborec/Library/Developer/Xcode/DerivedData/revmeter-hbcnswmlqmbpnlazhhkncgeowiss/Build/Intermediates.noindex/Pods.build/Debug-iphonesimulator/RNWorklets.build/Objects-normal/x86_64/af3fcb34312c57c0f52879cdce924b91-common-args.resp
    
    /Applications/Xcode.app/Contents/Developer/Toolchains/XcodeDefault.xctoolchain/usr/bin/clang -x objective-c++ -ivfsstatcache /Users/karelbraborec/Library/Developer/Xcode/DerivedData/SDKStatCaches.noindex/iphonesimulator26.5-23F81a-6cfe768891a92b912361537c460fe42b.sdkstatcache -target x86_64-apple-ios15.1-simulator -fmessage-length\=0 -fdiagnostics-show-note-include-stack -fmacro-backtrace-limit\=0 -fno-color-diagnostics -fmodules-prune-interval\=86400 -fmodules-prune-after\=345600 -fbuild-session-file\=/Users/karelbraborec/Library/Developer/Xcode/DerivedData/ModuleCache.noindex/Session.modulevalidation -fmodules-validate-once-per-build-session -Wnon-modular-include-in-framework-module -Werror\=non-modular-include-in-framework-module -Wno-trigraphs -Wno-missing-field-initializers -Wno-missing-prototypes -Werror\=return-type -Wdocumentation -Wunreachable-code -Wno-implicit-atomic-properties -Werror\=deprecated-objc-isa-usage -Wno-objc-interface-ivars -Werror\=objc-root-class -Wno-arc-repeated-use-of-weak -Wimplicit-retain-self -Wno-non-virtual-dtor -Wno-overloaded-virtual -Wno-exit-time-destructors -Wduplicate-method-match -Wno-missing-braces -Wparentheses -Wswitch -Wunused-function -Wno-unused-label -Wno-unused-parameter -Wunused-variable -Wunused-value -Wempty-body -Wuninitialized -Wconditional-uninitialized -Wno-unknown-pragmas -Wno-shadow -Wno-four-char-constants -Wno-conversion -Wconstant-conversion -Wint-conversion -Wbool-conversion -Wenum-conversion -Wno-float-conversion -Wnon-literal-null-conversion -Wobjc-literal-conversion -Wshorten-64-to-32 -Wno-newline-eof -Wno-selector -Wno-strict-selector-match -Wundeclared-selector -Wdeprecated-implementations -Wno-c++11-extensions -Wno-implicit-fallthrough -isysroot /Applications/Xcode.app/Contents/Developer/Platforms/iPhoneSimulator.platform/Developer/SDKs/iPhoneSimulator26.5.sdk -fstrict-aliasing -Wprotocol -Wdeprecated-declarations -Winvalid-offsetof -Wno-sign-conversion -Winfinite-recursion -Wmove -Wcomma -Wblock-capture-autoreleasing -Wstrict-prototypes -Wrange-loop-analysis -Wno-semicolon-before-method-body -Wunguarded-availability -index-store-path /Users/karelbraborec/Library/Developer/Xcode/DerivedData/revmeter-hbcnswmlqmbpnlazhhkncgeowiss/Index.noindex/DataStore @/Users/karelbraborec/Library/Developer/Xcode/DerivedData/revmeter-hbcnswmlqmbpnlazhhkncgeowiss/Build/Intermediates.noindex/Pods.build/Debug-iphonesimulator/RNWorklets.build/Objects-normal/x86_64/af3fcb34312c57c0f52879cdce924b91-common-args.resp -DRCT_NEW_ARCH_ENABLED\=1 -include /Users/karelbraborec/rev-meter/ios/Pods/Target\ Support\ Files/RNWorklets/RNWorklets-prefix.pch -MMD -MT dependencies -MF /Users/karelbraborec/Library/Developer/Xcode/DerivedData/revmeter-hbcnswmlqmbpnlazhhkncgeowiss/Build/Intermediates.noindex/Pods.build/Debug-iphonesimulator/RNWorklets.build/Objects-normal/x86_64/SlowAnimations.d --serialize-diagnostics /Users/karelbraborec/Library/Developer/Xcode/DerivedData/revmeter-hbcnswmlqmbpnlazhhkncgeowiss/Build/Intermediates.noindex/Pods.build/Debug-iphonesimulator/RNWorklets.build/Objects-normal/x86_64/SlowAnimations.dia -c /Users/karelbraborec/rev-meter/node_modules/react-native-worklets/apple/worklets/apple/SlowAnimations.mm -o /Users/karelbraborec/Library/Developer/Xcode/DerivedData/revmeter-hbcnswmlqmbpnlazhhkncgeowiss/Build/Intermediates.noindex/Pods.build/Debug-iphonesimulator/RNWorklets.build/Objects-normal/x86_64/SlowAnimations.o -index-unit-output-path /Pods.build/Debug-iphonesimulator/RNWorklets.build/Objects-normal/x86_64/SlowAnimations.o

CompileC /Users/karelbraborec/Library/Developer/Xcode/DerivedData/revmeter-hbcnswmlqmbpnlazhhkncgeowiss/Build/Intermediates.noindex/Pods.build/Debug-iphonesimulator/RNWorklets.build/Objects-normal/x86_64/Shareable.o /Users/karelbraborec/rev-meter/node_modules/react-native-worklets/Common/cpp/worklets/SharedItems/Shareable.cpp normal x86_64 c++ com.apple.compilers.llvm.clang.1_0.compiler (in target 'RNWorklets' from project 'Pods')
    cd /Users/karelbraborec/rev-meter/ios/Pods
    
    Using response file: /Users/karelbraborec/Library/Developer/Xcode/DerivedData/revmeter-hbcnswmlqmbpnlazhhkncgeowiss/Build/Intermediates.noindex/Pods.build/Debug-iphonesimulator/RNWorklets.build/Objects-normal/x86_64/82b82416624d2658e5098eb0a28c15c5-common-args.resp
    
    /Applications/Xcode.app/Contents/Developer/Toolchains/XcodeDefault.xctoolchain/usr/bin/clang -x c++ -ivfsstatcache /Users/karelbraborec/Library/Developer/Xcode/DerivedData/SDKStatCaches.noindex/iphonesimulator26.5-23F81a-6cfe768891a92b912361537c460fe42b.sdkstatcache -target x86_64-apple-ios15.1-simulator -fmessage-length\=0 -fdiagnostics-show-note-include-stack -fmacro-backtrace-limit\=0 -fno-color-diagnostics -fmodules-prune-interval\=86400 -fmodules-prune-after\=345600 -fbuild-session-file\=/Users/karelbraborec/Library/Developer/Xcode/DerivedData/ModuleCache.noindex/Session.modulevalidation -fmodules-validate-once-per-build-session -Wnon-modular-include-in-framework-module -Werror\=non-modular-include-in-framework-module -Wno-trigraphs -Wno-missing-field-initializers -Wno-missing-prototypes -Werror\=return-type -Wdocumentation -Wunreachable-code -Werror\=deprecated-objc-isa-usage -Werror\=objc-root-class -Wno-non-virtual-dtor -Wno-overloaded-virtual -Wno-exit-time-destructors -Wno-missing-braces -Wparentheses -Wswitch -Wunused-function -Wno-unused-label -Wno-unused-parameter -Wunused-variable -Wunused-value -Wempty-body -Wuninitialized -Wconditional-uninitialized -Wno-unknown-pragmas -Wno-shadow -Wno-four-char-constants -Wno-conversion -Wconstant-conversion -Wint-conversion -Wbool-conversion -Wenum-conversion -Wno-float-conversion -Wnon-literal-null-conversion -Wobjc-literal-conversion -Wshorten-64-to-32 -Wno-newline-eof -Wno-c++11-extensions -Wno-implicit-fallthrough -isysroot /Applications/Xcode.app/Contents/Developer/Platforms/iPhoneSimulator.platform/Developer/SDKs/iPhoneSimulator26.5.sdk -fstrict-aliasing -Wdeprecated-declarations -Winvalid-offsetof -Wno-sign-conversion -Winfinite-recursion -Wmove -Wcomma -Wblock-capture-autoreleasing -Wstrict-prototypes -Wrange-loop-analysis -Wno-semicolon-before-method-body -Wunguarded-availability -index-store-path /Users/karelbraborec/Library/Developer/Xcode/DerivedData/revmeter-hbcnswmlqmbpnlazhhkncgeowiss/Index.noindex/DataStore @/Users/karelbraborec/Library/Developer/Xcode/DerivedData/revmeter-hbcnswmlqmbpnlazhhkncgeowiss/Build/Intermediates.noindex/Pods.build/Debug-iphonesimulator/RNWorklets.build/Objects-normal/x86_64/82b82416624d2658e5098eb0a28c15c5-common-args.resp -DRCT_NEW_ARCH_ENABLED\=1 -include /Users/karelbraborec/rev-meter/ios/Pods/Target\ Support\ Files/RNWorklets/RNWorklets-prefix.pch -MMD -MT dependencies -MF /Users/karelbraborec/Library/Developer/Xcode/DerivedData/revmeter-hbcnswmlqmbpnlazhhkncgeowiss/Build/Intermediates.noindex/Pods.build/Debug-iphonesimulator/RNWorklets.build/Objects-normal/x86_64/Shareable.d --serialize-diagnostics /Users/karelbraborec/Library/Developer/Xcode/DerivedData/revmeter-hbcnswmlqmbpnlazhhkncgeowiss/Build/Intermediates.noindex/Pods.build/Debug-iphonesimulator/RNWorklets.build/Objects-normal/x86_64/Shareable.dia -c /Users/karelbraborec/rev-meter/node_modules/react-native-worklets/Common/cpp/worklets/SharedItems/Shareable.cpp -o /Users/karelbraborec/Library/Developer/Xcode/DerivedData/revmeter-hbcnswmlqmbpnlazhhkncgeowiss/Build/Intermediates.noindex/Pods.build/Debug-iphonesimulator/RNWorklets.build/Objects-normal/x86_64/Shareable.o -index-unit-output-path /Pods.build/Debug-iphonesimulator/RNWorklets.build/Objects-normal/x86_64/Shareable.o
In file included from /Users/karelbraborec/rev-meter/node_modules/react-native-worklets/Common/cpp/worklets/SharedItems/Shareable.cpp:3:
In file included from /Users/karelbraborec/rev-meter/ios/Pods/Headers/Private/RNWorklets/worklets/SharedItems/Shareable.h:5:
/Users/karelbraborec/rev-meter/ios/Pods/Headers/Private/RNWorklets/worklets/WorkletRuntime/WorkletRuntime.h:181:8: warning: declaration is marked with '@deprecated' command but does not have a deprecation attribute [-Wdocumentation-deprecated-sync]
  181 |   /** @deprecated Use `schedule` instead. */
      |       ~^~~~~~~~~~~~~~~~~~~~~~~~~~~~~~~~~~
/Users/karelbraborec/rev-meter/ios/Pods/Headers/Private/RNWorklets/worklets/WorkletRuntime/WorkletRuntime.h:182:3: note: add a deprecation attribute to the declaration to silence this warning
  182 |   void runAsyncGuarded(const std::shared_ptr<SerializableWorklet> &worklet);
      |   ^
      |   __AVAILABILITY_INTERNAL_DEPRECATED 
/Users/karelbraborec/rev-meter/ios/Pods/Headers/Private/RNWorklets/worklets/WorkletRuntime/WorkletRuntime.h:184:8: warning: declaration is marked with '@deprecated' command but does not have a deprecation attribute [-Wdocumentation-deprecated-sync]
  184 |   /** @deprecated Use `runSyncSerialized` and extract to `jsi::Value` with
      |       ~^~~~~~~~~~~~~~~~~~~~~~~~~~~~~~~~~~~~~~~~~~~~~~~~~~~~~~~~~~~~~~~~~~~
  185 |    * `extractSerializableOrThrow` instead. */
      |    ~~~~~~~~~~~~~~~~~~~~~~~~~~~~~~~~~~~~~~~
/Users/karelbraborec/rev-meter/ios/Pods/Headers/Private/RNWorklets/worklets/WorkletRuntime/WorkletRuntime.h:186:3: note: add a deprecation attribute to the declaration to silence this warning
  186 |   jsi::Value executeSync(jsi::Runtime &rt, const jsi::Value &worklet) const;
      |   ^
      |   __AVAILABILITY_INTERNAL_DEPRECATED 
/Users/karelbraborec/rev-meter/ios/Pods/Headers/Private/RNWorklets/worklets/WorkletRuntime/WorkletRuntime.h:187:8: warning: declaration is marked with '@deprecated' command but does not have a deprecation attribute [-Wdocumentation-deprecated-sync]
  187 |   /** @deprecated Use `runSync` instead. */
      |       ~^~~~~~~~~~~~~~~~~~~~~~~~~~~~~~~~~
/Users/karelbraborec/rev-meter/ios/Pods/Headers/Private/RNWorklets/worklets/WorkletRuntime/WorkletRuntime.h:188:3: note: add a deprecation attribute to the declaration to silence this warning
  188 |   jsi::Value executeSync(std::function<jsi::Value(jsi::Runtime &)> &&job) const;
      |   ^
      |   __AVAILABILITY_INTERNAL_DEPRECATED 
/Users/karelbraborec/rev-meter/ios/Pods/Headers/Private/RNWorklets/worklets/WorkletRuntime/WorkletRuntime.h:189:8: warning: declaration is marked with '@deprecated' command but does not have a deprecation attribute [-Wdocumentation-deprecated-sync]
  189 |   /** @deprecated Use `runSync` instead. */
      |       ~^~~~~~~~~~~~~~~~~~~~~~~~~~~~~~~~~
/Users/karelbraborec/rev-meter/ios/Pods/Headers/Private/RNWorklets/worklets/WorkletRuntime/WorkletRuntime.h:190:3: note: add a deprecation attribute to the declaration to silence this warning
  190 |   jsi::Value executeSync(const std::function<jsi::Value(jsi::Runtime &)> &job) const;
      |   ^
      |   __AVAILABILITY_INTERNAL_DEPRECATED 
/Users/karelbraborec/rev-meter/ios/Pods/Headers/Private/RNWorklets/worklets/WorkletRuntime/WorkletRuntime.h:175:8: warning: declaration is marked with '@deprecated' command but does not have a deprecation attribute [-Wdocumentation-deprecated-sync]
  175 |   /** @deprecated Use `runSync` instead. */
      |       ~^~~~~~~~~~~~~~~~~~~~~~~~~~~~~~~~~
5 warnings generated.

CompileC /Users/karelbraborec/Library/Developer/Xcode/DerivedData/revmeter-hbcnswmlqmbpnlazhhkncgeowiss/Build/Intermediates.noindex/Pods.build/Debug-iphonesimulator/RNWorklets.build/Objects-normal/x86_64/SerializableRemoteFunction.o /Users/karelbraborec/rev-meter/node_modules/react-native-worklets/Common/cpp/worklets/SharedItems/SerializableRemoteFunction.cpp normal x86_64 c++ com.apple.compilers.llvm.clang.1_0.compiler (in target 'RNWorklets' from project 'Pods')
    cd /Users/karelbraborec/rev-meter/ios/Pods
    
    Using response file: /Users/karelbraborec/Library/Developer/Xcode/DerivedData/revmeter-hbcnswmlqmbpnlazhhkncgeowiss/Build/Intermediates.noindex/Pods.build/Debug-iphonesimulator/RNWorklets.build/Objects-normal/x86_64/82b82416624d2658e5098eb0a28c15c5-common-args.resp
    
    /Applications/Xcode.app/Contents/Developer/Toolchains/XcodeDefault.xctoolchain/usr/bin/clang -x c++ -ivfsstatcache /Users/karelbraborec/Library/Developer/Xcode/DerivedData/SDKStatCaches.noindex/iphonesimulator26.5-23F81a-6cfe768891a92b912361537c460fe42b.sdkstatcache -target x86_64-apple-ios15.1-simulator -fmessage-length\=0 -fdiagnostics-show-note-include-stack -fmacro-backtrace-limit\=0 -fno-color-diagnostics -fmodules-prune-interval\=86400 -fmodules-prune-after\=345600 -fbuild-session-file\=/Users/karelbraborec/Library/Developer/Xcode/DerivedData/ModuleCache.noindex/Session.modulevalidation -fmodules-validate-once-per-build-session -Wnon-modular-include-in-framework-module -Werror\=non-modular-include-in-framework-module -Wno-trigraphs -Wno-missing-field-initializers -Wno-missing-prototypes -Werror\=return-type -Wdocumentation -Wunreachable-code -Werror\=deprecated-objc-isa-usage -Werror\=objc-root-class -Wno-non-virtual-dtor -Wno-overloaded-virtual -Wno-exit-time-destructors -Wno-missing-braces -Wparentheses -Wswitch -Wunused-function -Wno-unused-label -Wno-unused-parameter -Wunused-variable -Wunused-value -Wempty-body -Wuninitialized -Wconditional-uninitialized -Wno-unknown-pragmas -Wno-shadow -Wno-four-char-constants -Wno-conversion -Wconstant-conversion -Wint-conversion -Wbool-conversion -Wenum-conversion -Wno-float-conversion -Wnon-literal-null-conversion -Wobjc-literal-conversion -Wshorten-64-to-32 -Wno-newline-eof -Wno-c++11-extensions -Wno-implicit-fallthrough -isysroot /Applications/Xcode.app/Contents/Developer/Platforms/iPhoneSimulator.platform/Developer/SDKs/iPhoneSimulator26.5.sdk -fstrict-aliasing -Wdeprecated-declarations -Winvalid-offsetof -Wno-sign-conversion -Winfinite-recursion -Wmove -Wcomma -Wblock-capture-autoreleasing -Wstrict-prototypes -Wrange-loop-analysis -Wno-semicolon-before-method-body -Wunguarded-availability -index-store-path /Users/karelbraborec/Library/Developer/Xcode/DerivedData/revmeter-hbcnswmlqmbpnlazhhkncgeowiss/Index.noindex/DataStore @/Users/karelbraborec/Library/Developer/Xcode/DerivedData/revmeter-hbcnswmlqmbpnlazhhkncgeowiss/Build/Intermediates.noindex/Pods.build/Debug-iphonesimulator/RNWorklets.build/Objects-normal/x86_64/82b82416624d2658e5098eb0a28c15c5-common-args.resp -DRCT_NEW_ARCH_ENABLED\=1 -include /Users/karelbraborec/rev-meter/ios/Pods/Target\ Support\ Files/RNWorklets/RNWorklets-prefix.pch -MMD -MT dependencies -MF /Users/karelbraborec/Library/Developer/Xcode/DerivedData/revmeter-hbcnswmlqmbpnlazhhkncgeowiss/Build/Intermediates.noindex/Pods.build/Debug-iphonesimulator/RNWorklets.build/Objects-normal/x86_64/SerializableRemoteFunction.d --serialize-diagnostics /Users/karelbraborec/Library/Developer/Xcode/DerivedData/revmeter-hbcnswmlqmbpnlazhhkncgeowiss/Build/Intermediates.noindex/Pods.build/Debug-iphonesimulator/RNWorklets.build/Objects-normal/x86_64/SerializableRemoteFunction.dia -c /Users/karelbraborec/rev-meter/node_modules/react-native-worklets/Common/cpp/worklets/SharedItems/SerializableRemoteFunction.cpp -o /Users/karelbraborec/Library/Developer/Xcode/DerivedData/revmeter-hbcnswmlqmbpnlazhhkncgeowiss/Build/Intermediates.noindex/Pods.build/Debug-iphonesimulator/RNWorklets.build/Objects-normal/x86_64/SerializableRemoteFunction.o -index-unit-output-path /Pods.build/Debug-iphonesimulator/RNWorklets.build/Objects-normal/x86_64/SerializableRemoteFunction.o
In file included from /Users/karelbraborec/rev-meter/node_modules/react-native-worklets/Common/cpp/worklets/SharedItems/SerializableRemoteFunction.cpp:5:
In file included from /Users/karelbraborec/rev-meter/ios/Pods/Headers/Private/RNWorklets/worklets/WorkletRuntime/RuntimeManager.h:6:
/Users/karelbraborec/rev-meter/ios/Pods/Headers/Private/RNWorklets/worklets/WorkletRuntime/WorkletRuntime.h:181:8: warning: declaration is marked with '@deprecated' command but does not have a deprecation attribute [-Wdocumentation-deprecated-sync]
  181 |   /** @deprecated Use `schedule` instead. */
      |       ~^~~~~~~~~~~~~~~~~~~~~~~~~~~~~~~~~~
/Users/karelbraborec/rev-meter/ios/Pods/Headers/Private/RNWorklets/worklets/WorkletRuntime/WorkletRuntime.h:182:3: note: add a deprecation attribute to the declaration to silence this warning
  182 |   void runAsyncGuarded(const std::shared_ptr<SerializableWorklet> &worklet);
      |   ^
      |   __AVAILABILITY_INTERNAL_DEPRECATED 
/Users/karelbraborec/rev-meter/ios/Pods/Headers/Private/RNWorklets/worklets/WorkletRuntime/WorkletRuntime.h:184:8: warning: declaration is marked with '@deprecated' command but does not have a deprecation attribute [-Wdocumentation-deprecated-sync]
  184 |   /** @deprecated Use `runSyncSerialized` and extract to `jsi::Value` with
      |       ~^~~~~~~~~~~~~~~~~~~~~~~~~~~~~~~~~~~~~~~~~~~~~~~~~~~~~~~~~~~~~~~~~~~
  185 |    * `extractSerializableOrThrow` instead. */
      |    ~~~~~~~~~~~~~~~~~~~~~~~~~~~~~~~~~~~~~~~
/Users/karelbraborec/rev-meter/ios/Pods/Headers/Private/RNWorklets/worklets/WorkletRuntime/WorkletRuntime.h:186:3: note: add a deprecation attribute to the declaration to silence this warning
  186 |   jsi::Value executeSync(jsi::Runtime &rt, const jsi::Value &worklet) const;
      |   ^
      |   __AVAILABILITY_INTERNAL_DEPRECATED 
/Users/karelbraborec/rev-meter/ios/Pods/Headers/Private/RNWorklets/worklets/WorkletRuntime/WorkletRuntime.h:187:8: warning: declaration is marked with '@deprecated' command but does not have a deprecation attribute [-Wdocumentation-deprecated-sync]
  187 |   /** @deprecated Use `runSync` instead. */
      |       ~^~~~~~~~~~~~~~~~~~~~~~~~~~~~~~~~~
/Users/karelbraborec/rev-meter/ios/Pods/Headers/Private/RNWorklets/worklets/WorkletRuntime/WorkletRuntime.h:188:3: note: add a deprecation attribute to the declaration to silence this warning
  188 |   jsi::Value executeSync(std::function<jsi::Value(jsi::Runtime &)> &&job) const;
      |   ^
      |   __AVAILABILITY_INTERNAL_DEPRECATED 
/Users/karelbraborec/rev-meter/ios/Pods/Headers/Private/RNWorklets/worklets/WorkletRuntime/WorkletRuntime.h:189:8: warning: declaration is marked with '@deprecated' command but does not have a deprecation attribute [-Wdocumentation-deprecated-sync]
  189 |   /** @deprecated Use `runSync` instead. */
      |       ~^~~~~~~~~~~~~~~~~~~~~~~~~~~~~~~~~
/Users/karelbraborec/rev-meter/ios/Pods/Headers/Private/RNWorklets/worklets/WorkletRuntime/WorkletRuntime.h:190:3: note: add a deprecation attribute to the declaration to silence this warning
  190 |   jsi::Value executeSync(const std::function<jsi::Value(jsi::Runtime &)> &job) const;
      |   ^
      |   __AVAILABILITY_INTERNAL_DEPRECATED 
/Users/karelbraborec/rev-meter/ios/Pods/Headers/Private/RNWorklets/worklets/WorkletRuntime/WorkletRuntime.h:175:8: warning: declaration is marked with '@deprecated' command but does not have a deprecation attribute [-Wdocumentation-deprecated-sync]
  175 |   /** @deprecated Use `runSync` instead. */
      |       ~^~~~~~~~~~~~~~~~~~~~~~~~~~~~~~~~~
5 warnings generated.

CompileC /Users/karelbraborec/Library/Developer/Xcode/DerivedData/revmeter-hbcnswmlqmbpnlazhhkncgeowiss/Build/Intermediates.noindex/Pods.build/Debug-iphonesimulator/RNWorklets.build/Objects-normal/x86_64/SerializableFactory.o /Users/karelbraborec/rev-meter/node_modules/react-native-worklets/Common/cpp/worklets/SharedItems/SerializableFactory.cpp normal x86_64 c++ com.apple.compilers.llvm.clang.1_0.compiler (in target 'RNWorklets' from project 'Pods')
    cd /Users/karelbraborec/rev-meter/ios/Pods
    
    Using response file: /Users/karelbraborec/Library/Developer/Xcode/DerivedData/revmeter-hbcnswmlqmbpnlazhhkncgeowiss/Build/Intermediates.noindex/Pods.build/Debug-iphonesimulator/RNWorklets.build/Objects-normal/x86_64/82b82416624d2658e5098eb0a28c15c5-common-args.resp
    
    /Applications/Xcode.app/Contents/Developer/Toolchains/XcodeDefault.xctoolchain/usr/bin/clang -x c++ -ivfsstatcache /Users/karelbraborec/Library/Developer/Xcode/DerivedData/SDKStatCaches.noindex/iphonesimulator26.5-23F81a-6cfe768891a92b912361537c460fe42b.sdkstatcache -target x86_64-apple-ios15.1-simulator -fmessage-length\=0 -fdiagnostics-show-note-include-stack -fmacro-backtrace-limit\=0 -fno-color-diagnostics -fmodules-prune-interval\=86400 -fmodules-prune-after\=345600 -fbuild-session-file\=/Users/karelbraborec/Library/Developer/Xcode/DerivedData/ModuleCache.noindex/Session.modulevalidation -fmodules-validate-once-per-build-session -Wnon-modular-include-in-framework-module -Werror\=non-modular-include-in-framework-module -Wno-trigraphs -Wno-missing-field-initializers -Wno-missing-prototypes -Werror\=return-type -Wdocumentation -Wunreachable-code -Werror\=deprecated-objc-isa-usage -Werror\=objc-root-class -Wno-non-virtual-dtor -Wno-overloaded-virtual -Wno-exit-time-destructors -Wno-missing-braces -Wparentheses -Wswitch -Wunused-function -Wno-unused-label -Wno-unused-parameter -Wunused-variable -Wunused-value -Wempty-body -Wuninitialized -Wconditional-uninitialized -Wno-unknown-pragmas -Wno-shadow -Wno-four-char-constants -Wno-conversion -Wconstant-conversion -Wint-conversion -Wbool-conversion -Wenum-conversion -Wno-float-conversion -Wnon-literal-null-conversion -Wobjc-literal-conversion -Wshorten-64-to-32 -Wno-newline-eof -Wno-c++11-extensions -Wno-implicit-fallthrough -isysroot /Applications/Xcode.app/Contents/Developer/Platforms/iPhoneSimulator.platform/Developer/SDKs/iPhoneSimulator26.5.sdk -fstrict-aliasing -Wdeprecated-declarations -Winvalid-offsetof -Wno-sign-conversion -Winfinite-recursion -Wmove -Wcomma -Wblock-capture-autoreleasing -Wstrict-prototypes -Wrange-loop-analysis -Wno-semicolon-before-method-body -Wunguarded-availability -index-store-path /Users/karelbraborec/Library/Developer/Xcode/DerivedData/revmeter-hbcnswmlqmbpnlazhhkncgeowiss/Index.noindex/DataStore @/Users/karelbraborec/Library/Developer/Xcode/DerivedData/revmeter-hbcnswmlqmbpnlazhhkncgeowiss/Build/Intermediates.noindex/Pods.build/Debug-iphonesimulator/RNWorklets.build/Objects-normal/x86_64/82b82416624d2658e5098eb0a28c15c5-common-args.resp -DRCT_NEW_ARCH_ENABLED\=1 -include /Users/karelbraborec/rev-meter/ios/Pods/Target\ Support\ Files/RNWorklets/RNWorklets-prefix.pch -MMD -MT dependencies -MF /Users/karelbraborec/Library/Developer/Xcode/DerivedData/revmeter-hbcnswmlqmbpnlazhhkncgeowiss/Build/Intermediates.noindex/Pods.build/Debug-iphonesimulator/RNWorklets.build/Objects-normal/x86_64/SerializableFactory.d --serialize-diagnostics /Users/karelbraborec/Library/Developer/Xcode/DerivedData/revmeter-hbcnswmlqmbpnlazhhkncgeowiss/Build/Intermediates.noindex/Pods.build/Debug-iphonesimulator/RNWorklets.build/Objects-normal/x86_64/SerializableFactory.dia -c /Users/karelbraborec/rev-meter/node_modules/react-native-worklets/Common/cpp/worklets/SharedItems/SerializableFactory.cpp -o /Users/karelbraborec/Library/Developer/Xcode/DerivedData/revmeter-hbcnswmlqmbpnlazhhkncgeowiss/Build/Intermediates.noindex/Pods.build/Debug-iphonesimulator/RNWorklets.build/Objects-normal/x86_64/SerializableFactory.o -index-unit-output-path /Pods.build/Debug-iphonesimulator/RNWorklets.build/Objects-normal/x86_64/SerializableFactory.o

CompileC /Users/karelbraborec/Library/Developer/Xcode/DerivedData/revmeter-hbcnswmlqmbpnlazhhkncgeowiss/Build/Intermediates.noindex/Pods.build/Debug-iphonesimulator/RNWorklets.build/Objects-normal/x86_64/Serializable.o /Users/karelbraborec/rev-meter/node_modules/react-native-worklets/Common/cpp/worklets/SharedItems/Serializable.cpp normal x86_64 c++ com.apple.compilers.llvm.clang.1_0.compiler (in target 'RNWorklets' from project 'Pods')
    cd /Users/karelbraborec/rev-meter/ios/Pods
    
    Using response file: /Users/karelbraborec/Library/Developer/Xcode/DerivedData/revmeter-hbcnswmlqmbpnlazhhkncgeowiss/Build/Intermediates.noindex/Pods.build/Debug-iphonesimulator/RNWorklets.build/Objects-normal/x86_64/82b82416624d2658e5098eb0a28c15c5-common-args.resp
    
    /Applications/Xcode.app/Contents/Developer/Toolchains/XcodeDefault.xctoolchain/usr/bin/clang -x c++ -ivfsstatcache /Users/karelbraborec/Library/Developer/Xcode/DerivedData/SDKStatCaches.noindex/iphonesimulator26.5-23F81a-6cfe768891a92b912361537c460fe42b.sdkstatcache -target x86_64-apple-ios15.1-simulator -fmessage-length\=0 -fdiagnostics-show-note-include-stack -fmacro-backtrace-limit\=0 -fno-color-diagnostics -fmodules-prune-interval\=86400 -fmodules-prune-after\=345600 -fbuild-session-file\=/Users/karelbraborec/Library/Developer/Xcode/DerivedData/ModuleCache.noindex/Session.modulevalidation -fmodules-validate-once-per-build-session -Wnon-modular-include-in-framework-module -Werror\=non-modular-include-in-framework-module -Wno-trigraphs -Wno-missing-field-initializers -Wno-missing-prototypes -Werror\=return-type -Wdocumentation -Wunreachable-code -Werror\=deprecated-objc-isa-usage -Werror\=objc-root-class -Wno-non-virtual-dtor -Wno-overloaded-virtual -Wno-exit-time-destructors -Wno-missing-braces -Wparentheses -Wswitch -Wunused-function -Wno-unused-label -Wno-unused-parameter -Wunused-variable -Wunused-value -Wempty-body -Wuninitialized -Wconditional-uninitialized -Wno-unknown-pragmas -Wno-shadow -Wno-four-char-constants -Wno-conversion -Wconstant-conversion -Wint-conversion -Wbool-conversion -Wenum-conversion -Wno-float-conversion -Wnon-literal-null-conversion -Wobjc-literal-conversion -Wshorten-64-to-32 -Wno-newline-eof -Wno-c++11-extensions -Wno-implicit-fallthrough -isysroot /Applications/Xcode.app/Contents/Developer/Platforms/iPhoneSimulator.platform/Developer/SDKs/iPhoneSimulator26.5.sdk -fstrict-aliasing -Wdeprecated-declarations -Winvalid-offsetof -Wno-sign-conversion -Winfinite-recursion -Wmove -Wcomma -Wblock-capture-autoreleasing -Wstrict-prototypes -Wrange-loop-analysis -Wno-semicolon-before-method-body -Wunguarded-availability -index-store-path /Users/karelbraborec/Library/Developer/Xcode/DerivedData/revmeter-hbcnswmlqmbpnlazhhkncgeowiss/Index.noindex/DataStore @/Users/karelbraborec/Library/Developer/Xcode/DerivedData/revmeter-hbcnswmlqmbpnlazhhkncgeowiss/Build/Intermediates.noindex/Pods.build/Debug-iphonesimulator/RNWorklets.build/Objects-normal/x86_64/82b82416624d2658e5098eb0a28c15c5-common-args.resp -DRCT_NEW_ARCH_ENABLED\=1 -include /Users/karelbraborec/rev-meter/ios/Pods/Target\ Support\ Files/RNWorklets/RNWorklets-prefix.pch -MMD -MT dependencies -MF /Users/karelbraborec/Library/Developer/Xcode/DerivedData/revmeter-hbcnswmlqmbpnlazhhkncgeowiss/Build/Intermediates.noindex/Pods.build/Debug-iphonesimulator/RNWorklets.build/Objects-normal/x86_64/Serializable.d --serialize-diagnostics /Users/karelbraborec/Library/Developer/Xcode/DerivedData/revmeter-hbcnswmlqmbpnlazhhkncgeowiss/Build/Intermediates.noindex/Pods.build/Debug-iphonesimulator/RNWorklets.build/Objects-normal/x86_64/Serializable.dia -c /Users/karelbraborec/rev-meter/node_modules/react-native-worklets/Common/cpp/worklets/SharedItems/Serializable.cpp -o /Users/karelbraborec/Library/Developer/Xcode/DerivedData/revmeter-hbcnswmlqmbpnlazhhkncgeowiss/Build/Intermediates.noindex/Pods.build/Debug-iphonesimulator/RNWorklets.build/Objects-normal/x86_64/Serializable.o -index-unit-output-path /Pods.build/Debug-iphonesimulator/RNWorklets.build/Objects-normal/x86_64/Serializable.o
In file included from /Users/karelbraborec/rev-meter/node_modules/react-native-worklets/Common/cpp/worklets/SharedItems/Serializable.cpp:6:
In file included from /Users/karelbraborec/rev-meter/ios/Pods/Headers/Private/RNWorklets/worklets/WorkletRuntime/RuntimeManager.h:6:
/Users/karelbraborec/rev-meter/ios/Pods/Headers/Private/RNWorklets/worklets/WorkletRuntime/WorkletRuntime.h:181:8: warning: declaration is marked with '@deprecated' command but does not have a deprecation attribute [-Wdocumentation-deprecated-sync]
  181 |   /** @deprecated Use `schedule` instead. */
      |       ~^~~~~~~~~~~~~~~~~~~~~~~~~~~~~~~~~~
/Users/karelbraborec/rev-meter/ios/Pods/Headers/Private/RNWorklets/worklets/WorkletRuntime/WorkletRuntime.h:182:3: note: add a deprecation attribute to the declaration to silence this warning
  182 |   void runAsyncGuarded(const std::shared_ptr<SerializableWorklet> &worklet);
      |   ^
      |   __AVAILABILITY_INTERNAL_DEPRECATED 
/Users/karelbraborec/rev-meter/ios/Pods/Headers/Private/RNWorklets/worklets/WorkletRuntime/WorkletRuntime.h:184:8: warning: declaration is marked with '@deprecated' command but does not have a deprecation attribute [-Wdocumentation-deprecated-sync]
  184 |   /** @deprecated Use `runSyncSerialized` and extract to `jsi::Value` with
      |       ~^~~~~~~~~~~~~~~~~~~~~~~~~~~~~~~~~~~~~~~~~~~~~~~~~~~~~~~~~~~~~~~~~~~
  185 |    * `extractSerializableOrThrow` instead. */
      |    ~~~~~~~~~~~~~~~~~~~~~~~~~~~~~~~~~~~~~~~
/Users/karelbraborec/rev-meter/ios/Pods/Headers/Private/RNWorklets/worklets/WorkletRuntime/WorkletRuntime.h:186:3: note: add a deprecation attribute to the declaration to silence this warning
  186 |   jsi::Value executeSync(jsi::Runtime &rt, const jsi::Value &worklet) const;
      |   ^
      |   __AVAILABILITY_INTERNAL_DEPRECATED 
/Users/karelbraborec/rev-meter/ios/Pods/Headers/Private/RNWorklets/worklets/WorkletRuntime/WorkletRuntime.h:187:8: warning: declaration is marked with '@deprecated' command but does not have a deprecation attribute [-Wdocumentation-deprecated-sync]
  187 |   /** @deprecated Use `runSync` instead. */
      |       ~^~~~~~~~~~~~~~~~~~~~~~~~~~~~~~~~~
/Users/karelbraborec/rev-meter/ios/Pods/Headers/Private/RNWorklets/worklets/WorkletRuntime/WorkletRuntime.h:188:3: note: add a deprecation attribute to the declaration to silence this warning
  188 |   jsi::Value executeSync(std::function<jsi::Value(jsi::Runtime &)> &&job) const;
      |   ^
      |   __AVAILABILITY_INTERNAL_DEPRECATED 
/Users/karelbraborec/rev-meter/ios/Pods/Headers/Private/RNWorklets/worklets/WorkletRuntime/WorkletRuntime.h:189:8: warning: declaration is marked with '@deprecated' command but does not have a deprecation attribute [-Wdocumentation-deprecated-sync]
  189 |   /** @deprecated Use `runSync` instead. */
      |       ~^~~~~~~~~~~~~~~~~~~~~~~~~~~~~~~~~
/Users/karelbraborec/rev-meter/ios/Pods/Headers/Private/RNWorklets/worklets/WorkletRuntime/WorkletRuntime.h:190:3: note: add a deprecation attribute to the declaration to silence this warning
  190 |   jsi::Value executeSync(const std::function<jsi::Value(jsi::Runtime &)> &job) const;
      |   ^
      |   __AVAILABILITY_INTERNAL_DEPRECATED 
/Users/karelbraborec/rev-meter/ios/Pods/Headers/Private/RNWorklets/worklets/WorkletRuntime/WorkletRuntime.h:175:8: warning: declaration is marked with '@deprecated' command but does not have a deprecation attribute [-Wdocumentation-deprecated-sync]
  175 |   /** @deprecated Use `runSync` instead. */
      |       ~^~~~~~~~~~~~~~~~~~~~~~~~~~~~~~~~~
5 warnings generated.

CompileC /Users/karelbraborec/Library/Developer/Xcode/DerivedData/revmeter-hbcnswmlqmbpnlazhhkncgeowiss/Build/Intermediates.noindex/Pods.build/Debug-iphonesimulator/RNWorklets.build/Objects-normal/x86_64/RuntimeManager.o /Users/karelbraborec/rev-meter/node_modules/react-native-worklets/Common/cpp/worklets/WorkletRuntime/RuntimeManager.cpp normal x86_64 c++ com.apple.compilers.llvm.clang.1_0.compiler (in target 'RNWorklets' from project 'Pods')
    cd /Users/karelbraborec/rev-meter/ios/Pods
    
    Using response file: /Users/karelbraborec/Library/Developer/Xcode/DerivedData/revmeter-hbcnswmlqmbpnlazhhkncgeowiss/Build/Intermediates.noindex/Pods.build/Debug-iphonesimulator/RNWorklets.build/Objects-normal/x86_64/82b82416624d2658e5098eb0a28c15c5-common-args.resp
    
    /Applications/Xcode.app/Contents/Developer/Toolchains/XcodeDefault.xctoolchain/usr/bin/clang -x c++ -ivfsstatcache /Users/karelbraborec/Library/Developer/Xcode/DerivedData/SDKStatCaches.noindex/iphonesimulator26.5-23F81a-6cfe768891a92b912361537c460fe42b.sdkstatcache -target x86_64-apple-ios15.1-simulator -fmessage-length\=0 -fdiagnostics-show-note-include-stack -fmacro-backtrace-limit\=0 -fno-color-diagnostics -fmodules-prune-interval\=86400 -fmodules-prune-after\=345600 -fbuild-session-file\=/Users/karelbraborec/Library/Developer/Xcode/DerivedData/ModuleCache.noindex/Session.modulevalidation -fmodules-validate-once-per-build-session -Wnon-modular-include-in-framework-module -Werror\=non-modular-include-in-framework-module -Wno-trigraphs -Wno-missing-field-initializers -Wno-missing-prototypes -Werror\=return-type -Wdocumentation -Wunreachable-code -Werror\=deprecated-objc-isa-usage -Werror\=objc-root-class -Wno-non-virtual-dtor -Wno-overloaded-virtual -Wno-exit-time-destructors -Wno-missing-braces -Wparentheses -Wswitch -Wunused-function -Wno-unused-label -Wno-unused-parameter -Wunused-variable -Wunused-value -Wempty-body -Wuninitialized -Wconditional-uninitialized -Wno-unknown-pragmas -Wno-shadow -Wno-four-char-constants -Wno-conversion -Wconstant-conversion -Wint-conversion -Wbool-conversion -Wenum-conversion -Wno-float-conversion -Wnon-literal-null-conversion -Wobjc-literal-conversion -Wshorten-64-to-32 -Wno-newline-eof -Wno-c++11-extensions -Wno-implicit-fallthrough -isysroot /Applications/Xcode.app/Contents/Developer/Platforms/iPhoneSimulator.platform/Developer/SDKs/iPhoneSimulator26.5.sdk -fstrict-aliasing -Wdeprecated-declarations -Winvalid-offsetof -Wno-sign-conversion -Winfinite-recursion -Wmove -Wcomma -Wblock-capture-autoreleasing -Wstrict-prototypes -Wrange-loop-analysis -Wno-semicolon-before-method-body -Wunguarded-availability -index-store-path /Users/karelbraborec/Library/Developer/Xcode/DerivedData/revmeter-hbcnswmlqmbpnlazhhkncgeowiss/Index.noindex/DataStore @/Users/karelbraborec/Library/Developer/Xcode/DerivedData/revmeter-hbcnswmlqmbpnlazhhkncgeowiss/Build/Intermediates.noindex/Pods.build/Debug-iphonesimulator/RNWorklets.build/Objects-normal/x86_64/82b82416624d2658e5098eb0a28c15c5-common-args.resp -DRCT_NEW_ARCH_ENABLED\=1 -include /Users/karelbraborec/rev-meter/ios/Pods/Target\ Support\ Files/RNWorklets/RNWorklets-prefix.pch -MMD -MT dependencies -MF /Users/karelbraborec/Library/Developer/Xcode/DerivedData/revmeter-hbcnswmlqmbpnlazhhkncgeowiss/Build/Intermediates.noindex/Pods.build/Debug-iphonesimulator/RNWorklets.build/Objects-normal/x86_64/RuntimeManager.d --serialize-diagnostics /Users/karelbraborec/Library/Developer/Xcode/DerivedData/revmeter-hbcnswmlqmbpnlazhhkncgeowiss/Build/Intermediates.noindex/Pods.build/Debug-iphonesimulator/RNWorklets.build/Objects-normal/x86_64/RuntimeManager.dia -c /Users/karelbraborec/rev-meter/node_modules/react-native-worklets/Common/cpp/worklets/WorkletRuntime/RuntimeManager.cpp -o /Users/karelbraborec/Library/Developer/Xcode/DerivedData/revmeter-hbcnswmlqmbpnlazhhkncgeowiss/Build/Intermediates.noindex/Pods.build/Debug-iphonesimulator/RNWorklets.build/Objects-normal/x86_64/RuntimeManager.o -index-unit-output-path /Pods.build/Debug-iphonesimulator/RNWorklets.build/Objects-normal/x86_64/RuntimeManager.o
In file included from /Users/karelbraborec/rev-meter/node_modules/react-native-worklets/Common/cpp/worklets/WorkletRuntime/RuntimeManager.cpp:1:
In file included from /Users/karelbraborec/rev-meter/ios/Pods/Headers/Private/RNWorklets/worklets/NativeModules/JSIWorkletsModuleProxy.h:4:
In file included from /Users/karelbraborec/rev-meter/ios/Pods/Headers/Private/RNWorklets/worklets/SharedItems/MemoryManager.h:6:
/Users/karelbraborec/rev-meter/ios/Pods/Headers/Private/RNWorklets/worklets/WorkletRuntime/WorkletRuntime.h:181:8: warning: declaration is marked with '@deprecated' command but does not have a deprecation attribute [-Wdocumentation-deprecated-sync]
  181 |   /** @deprecated Use `schedule` instead. */
      |       ~^~~~~~~~~~~~~~~~~~~~~~~~~~~~~~~~~~
/Users/karelbraborec/rev-meter/ios/Pods/Headers/Private/RNWorklets/worklets/WorkletRuntime/WorkletRuntime.h:182:3: note: add a deprecation attribute to the declaration to silence this warning
  182 |   void runAsyncGuarded(const std::shared_ptr<SerializableWorklet> &worklet);
      |   ^
      |   __AVAILABILITY_INTERNAL_DEPRECATED 
/Users/karelbraborec/rev-meter/ios/Pods/Headers/Private/RNWorklets/worklets/WorkletRuntime/WorkletRuntime.h:184:8: warning: declaration is marked with '@deprecated' command but does not have a deprecation attribute [-Wdocumentation-deprecated-sync]
  184 |   /** @deprecated Use `runSyncSerialized` and extract to `jsi::Value` with
      |       ~^~~~~~~~~~~~~~~~~~~~~~~~~~~~~~~~~~~~~~~~~~~~~~~~~~~~~~~~~~~~~~~~~~~
  185 |    * `extractSerializableOrThrow` instead. */
      |    ~~~~~~~~~~~~~~~~~~~~~~~~~~~~~~~~~~~~~~~
/Users/karelbraborec/rev-meter/ios/Pods/Headers/Private/RNWorklets/worklets/WorkletRuntime/WorkletRuntime.h:186:3: note: add a deprecation attribute to the declaration to silence this warning
  186 |   jsi::Value executeSync(jsi::Runtime &rt, const jsi::Value &worklet) const;
      |   ^
      |   __AVAILABILITY_INTERNAL_DEPRECATED 
/Users/karelbraborec/rev-meter/ios/Pods/Headers/Private/RNWorklets/worklets/WorkletRuntime/WorkletRuntime.h:187:8: warning: declaration is marked with '@deprecated' command but does not have a deprecation attribute [-Wdocumentation-deprecated-sync]
  187 |   /** @deprecated Use `runSync` instead. */
      |       ~^~~~~~~~~~~~~~~~~~~~~~~~~~~~~~~~~
/Users/karelbraborec/rev-meter/ios/Pods/Headers/Private/RNWorklets/worklets/WorkletRuntime/WorkletRuntime.h:188:3: note: add a deprecation attribute to the declaration to silence this warning
  188 |   jsi::Value executeSync(std::function<jsi::Value(jsi::Runtime &)> &&job) const;
      |   ^
      |   __AVAILABILITY_INTERNAL_DEPRECATED 
/Users/karelbraborec/rev-meter/ios/Pods/Headers/Private/RNWorklets/worklets/WorkletRuntime/WorkletRuntime.h:189:8: warning: declaration is marked with '@deprecated' command but does not have a deprecation attribute [-Wdocumentation-deprecated-sync]
  189 |   /** @deprecated Use `runSync` instead. */
      |       ~^~~~~~~~~~~~~~~~~~~~~~~~~~~~~~~~~
/Users/karelbraborec/rev-meter/ios/Pods/Headers/Private/RNWorklets/worklets/WorkletRuntime/WorkletRuntime.h:190:3: note: add a deprecation attribute to the declaration to silence this warning
  190 |   jsi::Value executeSync(const std::function<jsi::Value(jsi::Runtime &)> &job) const;
      |   ^
      |   __AVAILABILITY_INTERNAL_DEPRECATED 
/Users/karelbraborec/rev-meter/ios/Pods/Headers/Private/RNWorklets/worklets/WorkletRuntime/WorkletRuntime.h:175:8: warning: declaration is marked with '@deprecated' command but does not have a deprecation attribute [-Wdocumentation-deprecated-sync]
  175 |   /** @deprecated Use `runSync` instead. */
      |       ~^~~~~~~~~~~~~~~~~~~~~~~~~~~~~~~~~
5 warnings generated.

CompileC /Users/karelbraborec/Library/Developer/Xcode/DerivedData/revmeter-hbcnswmlqmbpnlazhhkncgeowiss/Build/Intermediates.noindex/Pods.build/Debug-iphonesimulator/RNWorklets.build/Objects-normal/x86_64/RNRuntimeWorkletDecorator.o /Users/karelbraborec/rev-meter/node_modules/react-native-worklets/Common/cpp/worklets/WorkletRuntime/RNRuntimeWorkletDecorator.cpp normal x86_64 c++ com.apple.compilers.llvm.clang.1_0.compiler (in target 'RNWorklets' from project 'Pods')
    cd /Users/karelbraborec/rev-meter/ios/Pods
    
    Using response file: /Users/karelbraborec/Library/Developer/Xcode/DerivedData/revmeter-hbcnswmlqmbpnlazhhkncgeowiss/Build/Intermediates.noindex/Pods.build/Debug-iphonesimulator/RNWorklets.build/Objects-normal/x86_64/82b82416624d2658e5098eb0a28c15c5-common-args.resp
    
    /Applications/Xcode.app/Contents/Developer/Toolchains/XcodeDefault.xctoolchain/usr/bin/clang -x c++ -ivfsstatcache /Users/karelbraborec/Library/Developer/Xcode/DerivedData/SDKStatCaches.noindex/iphonesimulator26.5-23F81a-6cfe768891a92b912361537c460fe42b.sdkstatcache -target x86_64-apple-ios15.1-simulator -fmessage-length\=0 -fdiagnostics-show-note-include-stack -fmacro-backtrace-limit\=0 -fno-color-diagnostics -fmodules-prune-interval\=86400 -fmodules-prune-after\=345600 -fbuild-session-file\=/Users/karelbraborec/Library/Developer/Xcode/DerivedData/ModuleCache.noindex/Session.modulevalidation -fmodules-validate-once-per-build-session -Wnon-modular-include-in-framework-module -Werror\=non-modular-include-in-framework-module -Wno-trigraphs -Wno-missing-field-initializers -Wno-missing-prototypes -Werror\=return-type -Wdocumentation -Wunreachable-code -Werror\=deprecated-objc-isa-usage -Werror\=objc-root-class -Wno-non-virtual-dtor -Wno-overloaded-virtual -Wno-exit-time-destructors -Wno-missing-braces -Wparentheses -Wswitch -Wunused-function -Wno-unused-label -Wno-unused-parameter -Wunused-variable -Wunused-value -Wempty-body -Wuninitialized -Wconditional-uninitialized -Wno-unknown-pragmas -Wno-shadow -Wno-four-char-constants -Wno-conversion -Wconstant-conversion -Wint-conversion -Wbool-conversion -Wenum-conversion -Wno-float-conversion -Wnon-literal-null-conversion -Wobjc-literal-conversion -Wshorten-64-to-32 -Wno-newline-eof -Wno-c++11-extensions -Wno-implicit-fallthrough -isysroot /Applications/Xcode.app/Contents/Developer/Platforms/iPhoneSimulator.platform/Developer/SDKs/iPhoneSimulator26.5.sdk -fstrict-aliasing -Wdeprecated-declarations -Winvalid-offsetof -Wno-sign-conversion -Winfinite-recursion -Wmove -Wcomma -Wblock-capture-autoreleasing -Wstrict-prototypes -Wrange-loop-analysis -Wno-semicolon-before-method-body -Wunguarded-availability -index-store-path /Users/karelbraborec/Library/Developer/Xcode/DerivedData/revmeter-hbcnswmlqmbpnlazhhkncgeowiss/Index.noindex/DataStore @/Users/karelbraborec/Library/Developer/Xcode/DerivedData/revmeter-hbcnswmlqmbpnlazhhkncgeowiss/Build/Intermediates.noindex/Pods.build/Debug-iphonesimulator/RNWorklets.build/Objects-normal/x86_64/82b82416624d2658e5098eb0a28c15c5-common-args.resp -DRCT_NEW_ARCH_ENABLED\=1 -include /Users/karelbraborec/rev-meter/ios/Pods/Target\ Support\ Files/RNWorklets/RNWorklets-prefix.pch -MMD -MT dependencies -MF /Users/karelbraborec/Library/Developer/Xcode/DerivedData/revmeter-hbcnswmlqmbpnlazhhkncgeowiss/Build/Intermediates.noindex/Pods.build/Debug-iphonesimulator/RNWorklets.build/Objects-normal/x86_64/RNRuntimeWorkletDecorator.d --serialize-diagnostics /Users/karelbraborec/Library/Developer/Xcode/DerivedData/revmeter-hbcnswmlqmbpnlazhhkncgeowiss/Build/Intermediates.noindex/Pods.build/Debug-iphonesimulator/RNWorklets.build/Objects-normal/x86_64/RNRuntimeWorkletDecorator.dia -c /Users/karelbraborec/rev-meter/node_modules/react-native-worklets/Common/cpp/worklets/WorkletRuntime/RNRuntimeWorkletDecorator.cpp -o /Users/karelbraborec/Library/Developer/Xcode/DerivedData/revmeter-hbcnswmlqmbpnlazhhkncgeowiss/Build/Intermediates.noindex/Pods.build/Debug-iphonesimulator/RNWorklets.build/Objects-normal/x86_64/RNRuntimeWorkletDecorator.o -index-unit-output-path /Pods.build/Debug-iphonesimulator/RNWorklets.build/Objects-normal/x86_64/RNRuntimeWorkletDecorator.o
In file included from /Users/karelbraborec/rev-meter/node_modules/react-native-worklets/Common/cpp/worklets/WorkletRuntime/RNRuntimeWorkletDecorator.cpp:4:
In file included from /Users/karelbraborec/rev-meter/ios/Pods/Headers/Private/RNWorklets/worklets/WorkletRuntime/RNRuntimeWorkletDecorator.h:4:
In file included from /Users/karelbraborec/rev-meter/ios/Pods/Headers/Private/RNWorklets/worklets/NativeModules/WorkletsModuleProxy.h:4:
In file included from /Users/karelbraborec/rev-meter/ios/Pods/Headers/Private/RNWorklets/worklets/AnimationFrameQueue/AnimationFrameBatchinator.h:6:
/Users/karelbraborec/rev-meter/ios/Pods/Headers/Private/RNWorklets/worklets/WorkletRuntime/WorkletRuntime.h:181:8: warning: declaration is marked with '@deprecated' command but does not have a deprecation attribute [-Wdocumentation-deprecated-sync]
  181 |   /** @deprecated Use `schedule` instead. */
      |       ~^~~~~~~~~~~~~~~~~~~~~~~~~~~~~~~~~~
/Users/karelbraborec/rev-meter/ios/Pods/Headers/Private/RNWorklets/worklets/WorkletRuntime/WorkletRuntime.h:182:3: note: add a deprecation attribute to the declaration to silence this warning
  182 |   void runAsyncGuarded(const std::shared_ptr<SerializableWorklet> &worklet);
      |   ^
      |   __AVAILABILITY_INTERNAL_DEPRECATED 
/Users/karelbraborec/rev-meter/ios/Pods/Headers/Private/RNWorklets/worklets/WorkletRuntime/WorkletRuntime.h:184:8: warning: declaration is marked with '@deprecated' command but does not have a deprecation attribute [-Wdocumentation-deprecated-sync]
  184 |   /** @deprecated Use `runSyncSerialized` and extract to `jsi::Value` with
      |       ~^~~~~~~~~~~~~~~~~~~~~~~~~~~~~~~~~~~~~~~~~~~~~~~~~~~~~~~~~~~~~~~~~~~
  185 |    * `extractSerializableOrThrow` instead. */
      |    ~~~~~~~~~~~~~~~~~~~~~~~~~~~~~~~~~~~~~~~
/Users/karelbraborec/rev-meter/ios/Pods/Headers/Private/RNWorklets/worklets/WorkletRuntime/WorkletRuntime.h:186:3: note: add a deprecation attribute to the declaration to silence this warning
  186 |   jsi::Value executeSync(jsi::Runtime &rt, const jsi::Value &worklet) const;
      |   ^
      |   __AVAILABILITY_INTERNAL_DEPRECATED 
/Users/karelbraborec/rev-meter/ios/Pods/Headers/Private/RNWorklets/worklets/WorkletRuntime/WorkletRuntime.h:187:8: warning: declaration is marked with '@deprecated' command but does not have a deprecation attribute [-Wdocumentation-deprecated-sync]
  187 |   /** @deprecated Use `runSync` instead. */
      |       ~^~~~~~~~~~~~~~~~~~~~~~~~~~~~~~~~~
/Users/karelbraborec/rev-meter/ios/Pods/Headers/Private/RNWorklets/worklets/WorkletRuntime/WorkletRuntime.h:188:3: note: add a deprecation attribute to the declaration to silence this warning
  188 |   jsi::Value executeSync(std::function<jsi::Value(jsi::Runtime &)> &&job) const;
      |   ^
      |   __AVAILABILITY_INTERNAL_DEPRECATED 
/Users/karelbraborec/rev-meter/ios/Pods/Headers/Private/RNWorklets/worklets/WorkletRuntime/WorkletRuntime.h:189:8: warning: declaration is marked with '@deprecated' command but does not have a deprecation attribute [-Wdocumentation-deprecated-sync]
  189 |   /** @deprecated Use `runSync` instead. */
      |       ~^~~~~~~~~~~~~~~~~~~~~~~~~~~~~~~~~
/Users/karelbraborec/rev-meter/ios/Pods/Headers/Private/RNWorklets/worklets/WorkletRuntime/WorkletRuntime.h:190:3: note: add a deprecation attribute to the declaration to silence this warning
  190 |   jsi::Value executeSync(const std::function<jsi::Value(jsi::Runtime &)> &job) const;
      |   ^
      |   __AVAILABILITY_INTERNAL_DEPRECATED 
/Users/karelbraborec/rev-meter/ios/Pods/Headers/Private/RNWorklets/worklets/WorkletRuntime/WorkletRuntime.h:175:8: warning: declaration is marked with '@deprecated' command but does not have a deprecation attribute [-Wdocumentation-deprecated-sync]
  175 |   /** @deprecated Use `runSync` instead. */
      |       ~^~~~~~~~~~~~~~~~~~~~~~~~~~~~~~~~~
5 warnings generated.

CompileC /Users/karelbraborec/Library/Developer/Xcode/DerivedData/revmeter-hbcnswmlqmbpnlazhhkncgeowiss/Build/Intermediates.noindex/Pods.build/Debug-iphonesimulator/RNWorklets.build/Objects-normal/x86_64/PlatformLogger.o /Users/karelbraborec/rev-meter/node_modules/react-native-worklets/apple/worklets/apple/PlatformLogger.mm normal x86_64 objective-c++ com.apple.compilers.llvm.clang.1_0.compiler (in target 'RNWorklets' from project 'Pods')
    cd /Users/karelbraborec/rev-meter/ios/Pods
    
    Using response file: /Users/karelbraborec/Library/Developer/Xcode/DerivedData/revmeter-hbcnswmlqmbpnlazhhkncgeowiss/Build/Intermediates.noindex/Pods.build/Debug-iphonesimulator/RNWorklets.build/Objects-normal/x86_64/af3fcb34312c57c0f52879cdce924b91-common-args.resp
    
    /Applications/Xcode.app/Contents/Developer/Toolchains/XcodeDefault.xctoolchain/usr/bin/clang -x objective-c++ -ivfsstatcache /Users/karelbraborec/Library/Developer/Xcode/DerivedData/SDKStatCaches.noindex/iphonesimulator26.5-23F81a-6cfe768891a92b912361537c460fe42b.sdkstatcache -target x86_64-apple-ios15.1-simulator -fmessage-length\=0 -fdiagnostics-show-note-include-stack -fmacro-backtrace-limit\=0 -fno-color-diagnostics -fmodules-prune-interval\=86400 -fmodules-prune-after\=345600 -fbuild-session-file\=/Users/karelbraborec/Library/Developer/Xcode/DerivedData/ModuleCache.noindex/Session.modulevalidation -fmodules-validate-once-per-build-session -Wnon-modular-include-in-framework-module -Werror\=non-modular-include-in-framework-module -Wno-trigraphs -Wno-missing-field-initializers -Wno-missing-prototypes -Werror\=return-type -Wdocumentation -Wunreachable-code -Wno-implicit-atomic-properties -Werror\=deprecated-objc-isa-usage -Wno-objc-interface-ivars -Werror\=objc-root-class -Wno-arc-repeated-use-of-weak -Wimplicit-retain-self -Wno-non-virtual-dtor -Wno-overloaded-virtual -Wno-exit-time-destructors -Wduplicate-method-match -Wno-missing-braces -Wparentheses -Wswitch -Wunused-function -Wno-unused-label -Wno-unused-parameter -Wunused-variable -Wunused-value -Wempty-body -Wuninitialized -Wconditional-uninitialized -Wno-unknown-pragmas -Wno-shadow -Wno-four-char-constants -Wno-conversion -Wconstant-conversion -Wint-conversion -Wbool-conversion -Wenum-conversion -Wno-float-conversion -Wnon-literal-null-conversion -Wobjc-literal-conversion -Wshorten-64-to-32 -Wno-newline-eof -Wno-selector -Wno-strict-selector-match -Wundeclared-selector -Wdeprecated-implementations -Wno-c++11-extensions -Wno-implicit-fallthrough -isysroot /Applications/Xcode.app/Contents/Developer/Platforms/iPhoneSimulator.platform/Developer/SDKs/iPhoneSimulator26.5.sdk -fstrict-aliasing -Wprotocol -Wdeprecated-declarations -Winvalid-offsetof -Wno-sign-conversion -Winfinite-recursion -Wmove -Wcomma -Wblock-capture-autoreleasing -Wstrict-prototypes -Wrange-loop-analysis -Wno-semicolon-before-method-body -Wunguarded-availability -index-store-path /Users/karelbraborec/Library/Developer/Xcode/DerivedData/revmeter-hbcnswmlqmbpnlazhhkncgeowiss/Index.noindex/DataStore @/Users/karelbraborec/Library/Developer/Xcode/DerivedData/revmeter-hbcnswmlqmbpnlazhhkncgeowiss/Build/Intermediates.noindex/Pods.build/Debug-iphonesimulator/RNWorklets.build/Objects-normal/x86_64/af3fcb34312c57c0f52879cdce924b91-common-args.resp -DRCT_NEW_ARCH_ENABLED\=1 -include /Users/karelbraborec/rev-meter/ios/Pods/Target\ Support\ Files/RNWorklets/RNWorklets-prefix.pch -MMD -MT dependencies -MF /Users/karelbraborec/Library/Developer/Xcode/DerivedData/revmeter-hbcnswmlqmbpnlazhhkncgeowiss/Build/Intermediates.noindex/Pods.build/Debug-iphonesimulator/RNWorklets.build/Objects-normal/x86_64/PlatformLogger.d --serialize-diagnostics /Users/karelbraborec/Library/Developer/Xcode/DerivedData/revmeter-hbcnswmlqmbpnlazhhkncgeowiss/Build/Intermediates.noindex/Pods.build/Debug-iphonesimulator/RNWorklets.build/Objects-normal/x86_64/PlatformLogger.dia -c /Users/karelbraborec/rev-meter/node_modules/react-native-worklets/apple/worklets/apple/PlatformLogger.mm -o /Users/karelbraborec/Library/Developer/Xcode/DerivedData/revmeter-hbcnswmlqmbpnlazhhkncgeowiss/Build/Intermediates.noindex/Pods.build/Debug-iphonesimulator/RNWorklets.build/Objects-normal/x86_64/PlatformLogger.o -index-unit-output-path /Pods.build/Debug-iphonesimulator/RNWorklets.build/Objects-normal/x86_64/PlatformLogger.o

CompileC /Users/karelbraborec/Library/Developer/Xcode/DerivedData/revmeter-hbcnswmlqmbpnlazhhkncgeowiss/Build/Intermediates.noindex/Pods.build/Debug-iphonesimulator/RNWorklets.build/Objects-normal/x86_64/MemoryManager.o /Users/karelbraborec/rev-meter/node_modules/react-native-worklets/Common/cpp/worklets/SharedItems/MemoryManager.cpp normal x86_64 c++ com.apple.compilers.llvm.clang.1_0.compiler (in target 'RNWorklets' from project 'Pods')
    cd /Users/karelbraborec/rev-meter/ios/Pods
    
    Using response file: /Users/karelbraborec/Library/Developer/Xcode/DerivedData/revmeter-hbcnswmlqmbpnlazhhkncgeowiss/Build/Intermediates.noindex/Pods.build/Debug-iphonesimulator/RNWorklets.build/Objects-normal/x86_64/82b82416624d2658e5098eb0a28c15c5-common-args.resp
    
    /Applications/Xcode.app/Contents/Developer/Toolchains/XcodeDefault.xctoolchain/usr/bin/clang -x c++ -ivfsstatcache /Users/karelbraborec/Library/Developer/Xcode/DerivedData/SDKStatCaches.noindex/iphonesimulator26.5-23F81a-6cfe768891a92b912361537c460fe42b.sdkstatcache -target x86_64-apple-ios15.1-simulator -fmessage-length\=0 -fdiagnostics-show-note-include-stack -fmacro-backtrace-limit\=0 -fno-color-diagnostics -fmodules-prune-interval\=86400 -fmodules-prune-after\=345600 -fbuild-session-file\=/Users/karelbraborec/Library/Developer/Xcode/DerivedData/ModuleCache.noindex/Session.modulevalidation -fmodules-validate-once-per-build-session -Wnon-modular-include-in-framework-module -Werror\=non-modular-include-in-framework-module -Wno-trigraphs -Wno-missing-field-initializers -Wno-missing-prototypes -Werror\=return-type -Wdocumentation -Wunreachable-code -Werror\=deprecated-objc-isa-usage -Werror\=objc-root-class -Wno-non-virtual-dtor -Wno-overloaded-virtual -Wno-exit-time-destructors -Wno-missing-braces -Wparentheses -Wswitch -Wunused-function -Wno-unused-label -Wno-unused-parameter -Wunused-variable -Wunused-value -Wempty-body -Wuninitialized -Wconditional-uninitialized -Wno-unknown-pragmas -Wno-shadow -Wno-four-char-constants -Wno-conversion -Wconstant-conversion -Wint-conversion -Wbool-conversion -Wenum-conversion -Wno-float-conversion -Wnon-literal-null-conversion -Wobjc-literal-conversion -Wshorten-64-to-32 -Wno-newline-eof -Wno-c++11-extensions -Wno-implicit-fallthrough -isysroot /Applications/Xcode.app/Contents/Developer/Platforms/iPhoneSimulator.platform/Developer/SDKs/iPhoneSimulator26.5.sdk -fstrict-aliasing -Wdeprecated-declarations -Winvalid-offsetof -Wno-sign-conversion -Winfinite-recursion -Wmove -Wcomma -Wblock-capture-autoreleasing -Wstrict-prototypes -Wrange-loop-analysis -Wno-semicolon-before-method-body -Wunguarded-availability -index-store-path /Users/karelbraborec/Library/Developer/Xcode/DerivedData/revmeter-hbcnswmlqmbpnlazhhkncgeowiss/Index.noindex/DataStore @/Users/karelbraborec/Library/Developer/Xcode/DerivedData/revmeter-hbcnswmlqmbpnlazhhkncgeowiss/Build/Intermediates.noindex/Pods.build/Debug-iphonesimulator/RNWorklets.build/Objects-normal/x86_64/82b82416624d2658e5098eb0a28c15c5-common-args.resp -DRCT_NEW_ARCH_ENABLED\=1 -include /Users/karelbraborec/rev-meter/ios/Pods/Target\ Support\ Files/RNWorklets/RNWorklets-prefix.pch -MMD -MT dependencies -MF /Users/karelbraborec/Library/Developer/Xcode/DerivedData/revmeter-hbcnswmlqmbpnlazhhkncgeowiss/Build/Intermediates.noindex/Pods.build/Debug-iphonesimulator/RNWorklets.build/Objects-normal/x86_64/MemoryManager.d --serialize-diagnostics /Users/karelbraborec/Library/Developer/Xcode/DerivedData/revmeter-hbcnswmlqmbpnlazhhkncgeowiss/Build/Intermediates.noindex/Pods.build/Debug-iphonesimulator/RNWorklets.build/Objects-normal/x86_64/MemoryManager.dia -c /Users/karelbraborec/rev-meter/node_modules/react-native-worklets/Common/cpp/worklets/SharedItems/MemoryManager.cpp -o /Users/karelbraborec/Library/Developer/Xcode/DerivedData/revmeter-hbcnswmlqmbpnlazhhkncgeowiss/Build/Intermediates.noindex/Pods.build/Debug-iphonesimulator/RNWorklets.build/Objects-normal/x86_64/MemoryManager.o -index-unit-output-path /Pods.build/Debug-iphonesimulator/RNWorklets.build/Objects-normal/x86_64/MemoryManager.o
In file included from /Users/karelbraborec/rev-meter/node_modules/react-native-worklets/Common/cpp/worklets/SharedItems/MemoryManager.cpp:3:
In file included from /Users/karelbraborec/rev-meter/ios/Pods/Headers/Private/RNWorklets/worklets/SharedItems/MemoryManager.h:6:
/Users/karelbraborec/rev-meter/ios/Pods/Headers/Private/RNWorklets/worklets/WorkletRuntime/WorkletRuntime.h:181:8: warning: declaration is marked with '@deprecated' command but does not have a deprecation attribute [-Wdocumentation-deprecated-sync]
  181 |   /** @deprecated Use `schedule` instead. */
      |       ~^~~~~~~~~~~~~~~~~~~~~~~~~~~~~~~~~~
/Users/karelbraborec/rev-meter/ios/Pods/Headers/Private/RNWorklets/worklets/WorkletRuntime/WorkletRuntime.h:182:3: note: add a deprecation attribute to the declaration to silence this warning
  182 |   void runAsyncGuarded(const std::shared_ptr<SerializableWorklet> &worklet);
      |   ^
      |   __AVAILABILITY_INTERNAL_DEPRECATED 
/Users/karelbraborec/rev-meter/ios/Pods/Headers/Private/RNWorklets/worklets/WorkletRuntime/WorkletRuntime.h:184:8: warning: declaration is marked with '@deprecated' command but does not have a deprecation attribute [-Wdocumentation-deprecated-sync]
  184 |   /** @deprecated Use `runSyncSerialized` and extract to `jsi::Value` with
      |       ~^~~~~~~~~~~~~~~~~~~~~~~~~~~~~~~~~~~~~~~~~~~~~~~~~~~~~~~~~~~~~~~~~~~
  185 |    * `extractSerializableOrThrow` instead. */
      |    ~~~~~~~~~~~~~~~~~~~~~~~~~~~~~~~~~~~~~~~
/Users/karelbraborec/rev-meter/ios/Pods/Headers/Private/RNWorklets/worklets/WorkletRuntime/WorkletRuntime.h:186:3: note: add a deprecation attribute to the declaration to silence this warning
  186 |   jsi::Value executeSync(jsi::Runtime &rt, const jsi::Value &worklet) const;
      |   ^
      |   __AVAILABILITY_INTERNAL_DEPRECATED 
/Users/karelbraborec/rev-meter/ios/Pods/Headers/Private/RNWorklets/worklets/WorkletRuntime/WorkletRuntime.h:187:8: warning: declaration is marked with '@deprecated' command but does not have a deprecation attribute [-Wdocumentation-deprecated-sync]
  187 |   /** @deprecated Use `runSync` instead. */
      |       ~^~~~~~~~~~~~~~~~~~~~~~~~~~~~~~~~~
/Users/karelbraborec/rev-meter/ios/Pods/Headers/Private/RNWorklets/worklets/WorkletRuntime/WorkletRuntime.h:188:3: note: add a deprecation attribute to the declaration to silence this warning
  188 |   jsi::Value executeSync(std::function<jsi::Value(jsi::Runtime &)> &&job) const;
      |   ^
      |   __AVAILABILITY_INTERNAL_DEPRECATED 
/Users/karelbraborec/rev-meter/ios/Pods/Headers/Private/RNWorklets/worklets/WorkletRuntime/WorkletRuntime.h:189:8: warning: declaration is marked with '@deprecated' command but does not have a deprecation attribute [-Wdocumentation-deprecated-sync]
  189 |   /** @deprecated Use `runSync` instead. */
      |       ~^~~~~~~~~~~~~~~~~~~~~~~~~~~~~~~~~
/Users/karelbraborec/rev-meter/ios/Pods/Headers/Private/RNWorklets/worklets/WorkletRuntime/WorkletRuntime.h:190:3: note: add a deprecation attribute to the declaration to silence this warning
  190 |   jsi::Value executeSync(const std::function<jsi::Value(jsi::Runtime &)> &job) const;
      |   ^
      |   __AVAILABILITY_INTERNAL_DEPRECATED 
/Users/karelbraborec/rev-meter/ios/Pods/Headers/Private/RNWorklets/worklets/WorkletRuntime/WorkletRuntime.h:175:8: warning: declaration is marked with '@deprecated' command but does not have a deprecation attribute [-Wdocumentation-deprecated-sync]
  175 |   /** @deprecated Use `runSync` instead. */
      |       ~^~~~~~~~~~~~~~~~~~~~~~~~~~~~~~~~~
5 warnings generated.

CompileC /Users/karelbraborec/Library/Developer/Xcode/DerivedData/revmeter-hbcnswmlqmbpnlazhhkncgeowiss/Build/Intermediates.noindex/Pods.build/Debug-iphonesimulator/RNWorklets.build/Objects-normal/x86_64/JSScheduler.o /Users/karelbraborec/rev-meter/node_modules/react-native-worklets/Common/cpp/worklets/Tools/JSScheduler.cpp normal x86_64 c++ com.apple.compilers.llvm.clang.1_0.compiler (in target 'RNWorklets' from project 'Pods')
    cd /Users/karelbraborec/rev-meter/ios/Pods
    
    Using response file: /Users/karelbraborec/Library/Developer/Xcode/DerivedData/revmeter-hbcnswmlqmbpnlazhhkncgeowiss/Build/Intermediates.noindex/Pods.build/Debug-iphonesimulator/RNWorklets.build/Objects-normal/x86_64/82b82416624d2658e5098eb0a28c15c5-common-args.resp
    
    /Applications/Xcode.app/Contents/Developer/Toolchains/XcodeDefault.xctoolchain/usr/bin/clang -x c++ -ivfsstatcache /Users/karelbraborec/Library/Developer/Xcode/DerivedData/SDKStatCaches.noindex/iphonesimulator26.5-23F81a-6cfe768891a92b912361537c460fe42b.sdkstatcache -target x86_64-apple-ios15.1-simulator -fmessage-length\=0 -fdiagnostics-show-note-include-stack -fmacro-backtrace-limit\=0 -fno-color-diagnostics -fmodules-prune-interval\=86400 -fmodules-prune-after\=345600 -fbuild-session-file\=/Users/karelbraborec/Library/Developer/Xcode/DerivedData/ModuleCache.noindex/Session.modulevalidation -fmodules-validate-once-per-build-session -Wnon-modular-include-in-framework-module -Werror\=non-modular-include-in-framework-module -Wno-trigraphs -Wno-missing-field-initializers -Wno-missing-prototypes -Werror\=return-type -Wdocumentation -Wunreachable-code -Werror\=deprecated-objc-isa-usage -Werror\=objc-root-class -Wno-non-virtual-dtor -Wno-overloaded-virtual -Wno-exit-time-destructors -Wno-missing-braces -Wparentheses -Wswitch -Wunused-function -Wno-unused-label -Wno-unused-parameter -Wunused-variable -Wunused-value -Wempty-body -Wuninitialized -Wconditional-uninitialized -Wno-unknown-pragmas -Wno-shadow -Wno-four-char-constants -Wno-conversion -Wconstant-conversion -Wint-conversion -Wbool-conversion -Wenum-conversion -Wno-float-conversion -Wnon-literal-null-conversion -Wobjc-literal-conversion -Wshorten-64-to-32 -Wno-newline-eof -Wno-c++11-extensions -Wno-implicit-fallthrough -isysroot /Applications/Xcode.app/Contents/Developer/Platforms/iPhoneSimulator.platform/Developer/SDKs/iPhoneSimulator26.5.sdk -fstrict-aliasing -Wdeprecated-declarations -Winvalid-offsetof -Wno-sign-conversion -Winfinite-recursion -Wmove -Wcomma -Wblock-capture-autoreleasing -Wstrict-prototypes -Wrange-loop-analysis -Wno-semicolon-before-method-body -Wunguarded-availability -index-store-path /Users/karelbraborec/Library/Developer/Xcode/DerivedData/revmeter-hbcnswmlqmbpnlazhhkncgeowiss/Index.noindex/DataStore @/Users/karelbraborec/Library/Developer/Xcode/DerivedData/revmeter-hbcnswmlqmbpnlazhhkncgeowiss/Build/Intermediates.noindex/Pods.build/Debug-iphonesimulator/RNWorklets.build/Objects-normal/x86_64/82b82416624d2658e5098eb0a28c15c5-common-args.resp -DRCT_NEW_ARCH_ENABLED\=1 -include /Users/karelbraborec/rev-meter/ios/Pods/Target\ Support\ Files/RNWorklets/RNWorklets-prefix.pch -MMD -MT dependencies -MF /Users/karelbraborec/Library/Developer/Xcode/DerivedData/revmeter-hbcnswmlqmbpnlazhhkncgeowiss/Build/Intermediates.noindex/Pods.build/Debug-iphonesimulator/RNWorklets.build/Objects-normal/x86_64/JSScheduler.d --serialize-diagnostics /Users/karelbraborec/Library/Developer/Xcode/DerivedData/revmeter-hbcnswmlqmbpnlazhhkncgeowiss/Build/Intermediates.noindex/Pods.build/Debug-iphonesimulator/RNWorklets.build/Objects-normal/x86_64/JSScheduler.dia -c /Users/karelbraborec/rev-meter/node_modules/react-native-worklets/Common/cpp/worklets/Tools/JSScheduler.cpp -o /Users/karelbraborec/Library/Developer/Xcode/DerivedData/revmeter-hbcnswmlqmbpnlazhhkncgeowiss/Build/Intermediates.noindex/Pods.build/Debug-iphonesimulator/RNWorklets.build/Objects-normal/x86_64/JSScheduler.o -index-unit-output-path /Pods.build/Debug-iphonesimulator/RNWorklets.build/Objects-normal/x86_64/JSScheduler.o

CompileC /Users/karelbraborec/Library/Developer/Xcode/DerivedData/revmeter-hbcnswmlqmbpnlazhhkncgeowiss/Build/Intermediates.noindex/Pods.build/Debug-iphonesimulator/RNWorklets.build/Objects-normal/x86_64/JSLogger.o /Users/karelbraborec/rev-meter/node_modules/react-native-worklets/Common/cpp/worklets/Tools/JSLogger.cpp normal x86_64 c++ com.apple.compilers.llvm.clang.1_0.compiler (in target 'RNWorklets' from project 'Pods')
    cd /Users/karelbraborec/rev-meter/ios/Pods
    
    Using response file: /Users/karelbraborec/Library/Developer/Xcode/DerivedData/revmeter-hbcnswmlqmbpnlazhhkncgeowiss/Build/Intermediates.noindex/Pods.build/Debug-iphonesimulator/RNWorklets.build/Objects-normal/x86_64/82b82416624d2658e5098eb0a28c15c5-common-args.resp
    
    /Applications/Xcode.app/Contents/Developer/Toolchains/XcodeDefault.xctoolchain/usr/bin/clang -x c++ -ivfsstatcache /Users/karelbraborec/Library/Developer/Xcode/DerivedData/SDKStatCaches.noindex/iphonesimulator26.5-23F81a-6cfe768891a92b912361537c460fe42b.sdkstatcache -target x86_64-apple-ios15.1-simulator -fmessage-length\=0 -fdiagnostics-show-note-include-stack -fmacro-backtrace-limit\=0 -fno-color-diagnostics -fmodules-prune-interval\=86400 -fmodules-prune-after\=345600 -fbuild-session-file\=/Users/karelbraborec/Library/Developer/Xcode/DerivedData/ModuleCache.noindex/Session.modulevalidation -fmodules-validate-once-per-build-session -Wnon-modular-include-in-framework-module -Werror\=non-modular-include-in-framework-module -Wno-trigraphs -Wno-missing-field-initializers -Wno-missing-prototypes -Werror\=return-type -Wdocumentation -Wunreachable-code -Werror\=deprecated-objc-isa-usage -Werror\=objc-root-class -Wno-non-virtual-dtor -Wno-overloaded-virtual -Wno-exit-time-destructors -Wno-missing-braces -Wparentheses -Wswitch -Wunused-function -Wno-unused-label -Wno-unused-parameter -Wunused-variable -Wunused-value -Wempty-body -Wuninitialized -Wconditional-uninitialized -Wno-unknown-pragmas -Wno-shadow -Wno-four-char-constants -Wno-conversion -Wconstant-conversion -Wint-conversion -Wbool-conversion -Wenum-conversion -Wno-float-conversion -Wnon-literal-null-conversion -Wobjc-literal-conversion -Wshorten-64-to-32 -Wno-newline-eof -Wno-c++11-extensions -Wno-implicit-fallthrough -isysroot /Applications/Xcode.app/Contents/Developer/Platforms/iPhoneSimulator.platform/Developer/SDKs/iPhoneSimulator26.5.sdk -fstrict-aliasing -Wdeprecated-declarations -Winvalid-offsetof -Wno-sign-conversion -Winfinite-recursion -Wmove -Wcomma -Wblock-capture-autoreleasing -Wstrict-prototypes -Wrange-loop-analysis -Wno-semicolon-before-method-body -Wunguarded-availability -index-store-path /Users/karelbraborec/Library/Developer/Xcode/DerivedData/revmeter-hbcnswmlqmbpnlazhhkncgeowiss/Index.noindex/DataStore @/Users/karelbraborec/Library/Developer/Xcode/DerivedData/revmeter-hbcnswmlqmbpnlazhhkncgeowiss/Build/Intermediates.noindex/Pods.build/Debug-iphonesimulator/RNWorklets.build/Objects-normal/x86_64/82b82416624d2658e5098eb0a28c15c5-common-args.resp -DRCT_NEW_ARCH_ENABLED\=1 -include /Users/karelbraborec/rev-meter/ios/Pods/Target\ Support\ Files/RNWorklets/RNWorklets-prefix.pch -MMD -MT dependencies -MF /Users/karelbraborec/Library/Developer/Xcode/DerivedData/revmeter-hbcnswmlqmbpnlazhhkncgeowiss/Build/Intermediates.noindex/Pods.build/Debug-iphonesimulator/RNWorklets.build/Objects-normal/x86_64/JSLogger.d --serialize-diagnostics /Users/karelbraborec/Library/Developer/Xcode/DerivedData/revmeter-hbcnswmlqmbpnlazhhkncgeowiss/Build/Intermediates.noindex/Pods.build/Debug-iphonesimulator/RNWorklets.build/Objects-normal/x86_64/JSLogger.dia -c /Users/karelbraborec/rev-meter/node_modules/react-native-worklets/Common/cpp/worklets/Tools/JSLogger.cpp -o /Users/karelbraborec/Library/Developer/Xcode/DerivedData/revmeter-hbcnswmlqmbpnlazhhkncgeowiss/Build/Intermediates.noindex/Pods.build/Debug-iphonesimulator/RNWorklets.build/Objects-normal/x86_64/JSLogger.o -index-unit-output-path /Pods.build/Debug-iphonesimulator/RNWorklets.build/Objects-normal/x86_64/JSLogger.o

CompileC /Users/karelbraborec/Library/Developer/Xcode/DerivedData/revmeter-hbcnswmlqmbpnlazhhkncgeowiss/Build/Intermediates.noindex/Pods.build/Debug-iphonesimulator/RNWorklets.build/Objects-normal/x86_64/JSIWorkletsModuleProxy.o /Users/karelbraborec/rev-meter/node_modules/react-native-worklets/Common/cpp/worklets/NativeModules/JSIWorkletsModuleProxy.cpp normal x86_64 c++ com.apple.compilers.llvm.clang.1_0.compiler (in target 'RNWorklets' from project 'Pods')
    cd /Users/karelbraborec/rev-meter/ios/Pods
    
    Using response file: /Users/karelbraborec/Library/Developer/Xcode/DerivedData/revmeter-hbcnswmlqmbpnlazhhkncgeowiss/Build/Intermediates.noindex/Pods.build/Debug-iphonesimulator/RNWorklets.build/Objects-normal/x86_64/82b82416624d2658e5098eb0a28c15c5-common-args.resp
    
    /Applications/Xcode.app/Contents/Developer/Toolchains/XcodeDefault.xctoolchain/usr/bin/clang -x c++ -ivfsstatcache /Users/karelbraborec/Library/Developer/Xcode/DerivedData/SDKStatCaches.noindex/iphonesimulator26.5-23F81a-6cfe768891a92b912361537c460fe42b.sdkstatcache -target x86_64-apple-ios15.1-simulator -fmessage-length\=0 -fdiagnostics-show-note-include-stack -fmacro-backtrace-limit\=0 -fno-color-diagnostics -fmodules-prune-interval\=86400 -fmodules-prune-after\=345600 -fbuild-session-file\=/Users/karelbraborec/Library/Developer/Xcode/DerivedData/ModuleCache.noindex/Session.modulevalidation -fmodules-validate-once-per-build-session -Wnon-modular-include-in-framework-module -Werror\=non-modular-include-in-framework-module -Wno-trigraphs -Wno-missing-field-initializers -Wno-missing-prototypes -Werror\=return-type -Wdocumentation -Wunreachable-code -Werror\=deprecated-objc-isa-usage -Werror\=objc-root-class -Wno-non-virtual-dtor -Wno-overloaded-virtual -Wno-exit-time-destructors -Wno-missing-braces -Wparentheses -Wswitch -Wunused-function -Wno-unused-label -Wno-unused-parameter -Wunused-variable -Wunused-value -Wempty-body -Wuninitialized -Wconditional-uninitialized -Wno-unknown-pragmas -Wno-shadow -Wno-four-char-constants -Wno-conversion -Wconstant-conversion -Wint-conversion -Wbool-conversion -Wenum-conversion -Wno-float-conversion -Wnon-literal-null-conversion -Wobjc-literal-conversion -Wshorten-64-to-32 -Wno-newline-eof -Wno-c++11-extensions -Wno-implicit-fallthrough -isysroot /Applications/Xcode.app/Contents/Developer/Platforms/iPhoneSimulator.platform/Developer/SDKs/iPhoneSimulator26.5.sdk -fstrict-aliasing -Wdeprecated-declarations -Winvalid-offsetof -Wno-sign-conversion -Winfinite-recursion -Wmove -Wcomma -Wblock-capture-autoreleasing -Wstrict-prototypes -Wrange-loop-analysis -Wno-semicolon-before-method-body -Wunguarded-availability -index-store-path /Users/karelbraborec/Library/Developer/Xcode/DerivedData/revmeter-hbcnswmlqmbpnlazhhkncgeowiss/Index.noindex/DataStore @/Users/karelbraborec/Library/Developer/Xcode/DerivedData/revmeter-hbcnswmlqmbpnlazhhkncgeowiss/Build/Intermediates.noindex/Pods.build/Debug-iphonesimulator/RNWorklets.build/Objects-normal/x86_64/82b82416624d2658e5098eb0a28c15c5-common-args.resp -DRCT_NEW_ARCH_ENABLED\=1 -include /Users/karelbraborec/rev-meter/ios/Pods/Target\ Support\ Files/RNWorklets/RNWorklets-prefix.pch -MMD -MT dependencies -MF /Users/karelbraborec/Library/Developer/Xcode/DerivedData/revmeter-hbcnswmlqmbpnlazhhkncgeowiss/Build/Intermediates.noindex/Pods.build/Debug-iphonesimulator/RNWorklets.build/Objects-normal/x86_64/JSIWorkletsModuleProxy.d --serialize-diagnostics /Users/karelbraborec/Library/Developer/Xcode/DerivedData/revmeter-hbcnswmlqmbpnlazhhkncgeowiss/Build/Intermediates.noindex/Pods.build/Debug-iphonesimulator/RNWorklets.build/Objects-normal/x86_64/JSIWorkletsModuleProxy.dia -c /Users/karelbraborec/rev-meter/node_modules/react-native-worklets/Common/cpp/worklets/NativeModules/JSIWorkletsModuleProxy.cpp -o /Users/karelbraborec/Library/Developer/Xcode/DerivedData/revmeter-hbcnswmlqmbpnlazhhkncgeowiss/Build/Intermediates.noindex/Pods.build/Debug-iphonesimulator/RNWorklets.build/Objects-normal/x86_64/JSIWorkletsModuleProxy.o -index-unit-output-path /Pods.build/Debug-iphonesimulator/RNWorklets.build/Objects-normal/x86_64/JSIWorkletsModuleProxy.o
In file included from /Users/karelbraborec/rev-meter/node_modules/react-native-worklets/Common/cpp/worklets/NativeModules/JSIWorkletsModuleProxy.cpp:3:
In file included from /Users/karelbraborec/rev-meter/ios/Pods/Headers/Private/RNWorklets/worklets/Compat/Holders.h:5:
/Users/karelbraborec/rev-meter/ios/Pods/Headers/Private/RNWorklets/worklets/WorkletRuntime/WorkletRuntime.h:181:8: warning: declaration is marked with '@deprecated' command but does not have a deprecation attribute [-Wdocumentation-deprecated-sync]
  181 |   /** @deprecated Use `schedule` instead. */
      |       ~^~~~~~~~~~~~~~~~~~~~~~~~~~~~~~~~~~
/Users/karelbraborec/rev-meter/ios/Pods/Headers/Private/RNWorklets/worklets/WorkletRuntime/WorkletRuntime.h:182:3: note: add a deprecation attribute to the declaration to silence this warning
  182 |   void runAsyncGuarded(const std::shared_ptr<SerializableWorklet> &worklet);
      |   ^
      |   __AVAILABILITY_INTERNAL_DEPRECATED 
/Users/karelbraborec/rev-meter/ios/Pods/Headers/Private/RNWorklets/worklets/WorkletRuntime/WorkletRuntime.h:184:8: warning: declaration is marked with '@deprecated' command but does not have a deprecation attribute [-Wdocumentation-deprecated-sync]
  184 |   /** @deprecated Use `runSyncSerialized` and extract to `jsi::Value` with
      |       ~^~~~~~~~~~~~~~~~~~~~~~~~~~~~~~~~~~~~~~~~~~~~~~~~~~~~~~~~~~~~~~~~~~~
  185 |    * `extractSerializableOrThrow` instead. */
      |    ~~~~~~~~~~~~~~~~~~~~~~~~~~~~~~~~~~~~~~~
/Users/karelbraborec/rev-meter/ios/Pods/Headers/Private/RNWorklets/worklets/WorkletRuntime/WorkletRuntime.h:186:3: note: add a deprecation attribute to the declaration to silence this warning
  186 |   jsi::Value executeSync(jsi::Runtime &rt, const jsi::Value &worklet) const;
      |   ^
      |   __AVAILABILITY_INTERNAL_DEPRECATED 
/Users/karelbraborec/rev-meter/ios/Pods/Headers/Private/RNWorklets/worklets/WorkletRuntime/WorkletRuntime.h:187:8: warning: declaration is marked with '@deprecated' command but does not have a deprecation attribute [-Wdocumentation-deprecated-sync]
  187 |   /** @deprecated Use `runSync` instead. */
      |       ~^~~~~~~~~~~~~~~~~~~~~~~~~~~~~~~~~
/Users/karelbraborec/rev-meter/ios/Pods/Headers/Private/RNWorklets/worklets/WorkletRuntime/WorkletRuntime.h:188:3: note: add a deprecation attribute to the declaration to silence this warning
  188 |   jsi::Value executeSync(std::function<jsi::Value(jsi::Runtime &)> &&job) const;
      |   ^
      |   __AVAILABILITY_INTERNAL_DEPRECATED 
/Users/karelbraborec/rev-meter/ios/Pods/Headers/Private/RNWorklets/worklets/WorkletRuntime/WorkletRuntime.h:189:8: warning: declaration is marked with '@deprecated' command but does not have a deprecation attribute [-Wdocumentation-deprecated-sync]
  189 |   /** @deprecated Use `runSync` instead. */
      |       ~^~~~~~~~~~~~~~~~~~~~~~~~~~~~~~~~~
/Users/karelbraborec/rev-meter/ios/Pods/Headers/Private/RNWorklets/worklets/WorkletRuntime/WorkletRuntime.h:190:3: note: add a deprecation attribute to the declaration to silence this warning
  190 |   jsi::Value executeSync(const std::function<jsi::Value(jsi::Runtime &)> &job) const;
      |   ^
      |   __AVAILABILITY_INTERNAL_DEPRECATED 
/Users/karelbraborec/rev-meter/ios/Pods/Headers/Private/RNWorklets/worklets/WorkletRuntime/WorkletRuntime.h:175:8: warning: declaration is marked with '@deprecated' command but does not have a deprecation attribute [-Wdocumentation-deprecated-sync]
  175 |   /** @deprecated Use `runSync` instead. */
      |       ~^~~~~~~~~~~~~~~~~~~~~~~~~~~~~~~~~
5 warnings generated.

CompileC /Users/karelbraborec/Library/Developer/Xcode/DerivedData/revmeter-hbcnswmlqmbpnlazhhkncgeowiss/Build/Intermediates.noindex/Pods.build/Debug-iphonesimulator/RNWorklets.build/Objects-normal/x86_64/JSISerializer.o /Users/karelbraborec/rev-meter/node_modules/react-native-worklets/Common/cpp/worklets/Tools/JSISerializer.cpp normal x86_64 c++ com.apple.compilers.llvm.clang.1_0.compiler (in target 'RNWorklets' from project 'Pods')
    cd /Users/karelbraborec/rev-meter/ios/Pods
    
    Using response file: /Users/karelbraborec/Library/Developer/Xcode/DerivedData/revmeter-hbcnswmlqmbpnlazhhkncgeowiss/Build/Intermediates.noindex/Pods.build/Debug-iphonesimulator/RNWorklets.build/Objects-normal/x86_64/82b82416624d2658e5098eb0a28c15c5-common-args.resp
    
    /Applications/Xcode.app/Contents/Developer/Toolchains/XcodeDefault.xctoolchain/usr/bin/clang -x c++ -ivfsstatcache /Users/karelbraborec/Library/Developer/Xcode/DerivedData/SDKStatCaches.noindex/iphonesimulator26.5-23F81a-6cfe768891a92b912361537c460fe42b.sdkstatcache -target x86_64-apple-ios15.1-simulator -fmessage-length\=0 -fdiagnostics-show-note-include-stack -fmacro-backtrace-limit\=0 -fno-color-diagnostics -fmodules-prune-interval\=86400 -fmodules-prune-after\=345600 -fbuild-session-file\=/Users/karelbraborec/Library/Developer/Xcode/DerivedData/ModuleCache.noindex/Session.modulevalidation -fmodules-validate-once-per-build-session -Wnon-modular-include-in-framework-module -Werror\=non-modular-include-in-framework-module -Wno-trigraphs -Wno-missing-field-initializers -Wno-missing-prototypes -Werror\=return-type -Wdocumentation -Wunreachable-code -Werror\=deprecated-objc-isa-usage -Werror\=objc-root-class -Wno-non-virtual-dtor -Wno-overloaded-virtual -Wno-exit-time-destructors -Wno-missing-braces -Wparentheses -Wswitch -Wunused-function -Wno-unused-label -Wno-unused-parameter -Wunused-variable -Wunused-value -Wempty-body -Wuninitialized -Wconditional-uninitialized -Wno-unknown-pragmas -Wno-shadow -Wno-four-char-constants -Wno-conversion -Wconstant-conversion -Wint-conversion -Wbool-conversion -Wenum-conversion -Wno-float-conversion -Wnon-literal-null-conversion -Wobjc-literal-conversion -Wshorten-64-to-32 -Wno-newline-eof -Wno-c++11-extensions -Wno-implicit-fallthrough -isysroot /Applications/Xcode.app/Contents/Developer/Platforms/iPhoneSimulator.platform/Developer/SDKs/iPhoneSimulator26.5.sdk -fstrict-aliasing -Wdeprecated-declarations -Winvalid-offsetof -Wno-sign-conversion -Winfinite-recursion -Wmove -Wcomma -Wblock-capture-autoreleasing -Wstrict-prototypes -Wrange-loop-analysis -Wno-semicolon-before-method-body -Wunguarded-availability -index-store-path /Users/karelbraborec/Library/Developer/Xcode/DerivedData/revmeter-hbcnswmlqmbpnlazhhkncgeowiss/Index.noindex/DataStore @/Users/karelbraborec/Library/Developer/Xcode/DerivedData/revmeter-hbcnswmlqmbpnlazhhkncgeowiss/Build/Intermediates.noindex/Pods.build/Debug-iphonesimulator/RNWorklets.build/Objects-normal/x86_64/82b82416624d2658e5098eb0a28c15c5-common-args.resp -DRCT_NEW_ARCH_ENABLED\=1 -include /Users/karelbraborec/rev-meter/ios/Pods/Target\ Support\ Files/RNWorklets/RNWorklets-prefix.pch -MMD -MT dependencies -MF /Users/karelbraborec/Library/Developer/Xcode/DerivedData/revmeter-hbcnswmlqmbpnlazhhkncgeowiss/Build/Intermediates.noindex/Pods.build/Debug-iphonesimulator/RNWorklets.build/Objects-normal/x86_64/JSISerializer.d --serialize-diagnostics /Users/karelbraborec/Library/Developer/Xcode/DerivedData/revmeter-hbcnswmlqmbpnlazhhkncgeowiss/Build/Intermediates.noindex/Pods.build/Debug-iphonesimulator/RNWorklets.build/Objects-normal/x86_64/JSISerializer.dia -c /Users/karelbraborec/rev-meter/node_modules/react-native-worklets/Common/cpp/worklets/Tools/JSISerializer.cpp -o /Users/karelbraborec/Library/Developer/Xcode/DerivedData/revmeter-hbcnswmlqmbpnlazhhkncgeowiss/Build/Intermediates.noindex/Pods.build/Debug-iphonesimulator/RNWorklets.build/Objects-normal/x86_64/JSISerializer.o -index-unit-output-path /Pods.build/Debug-iphonesimulator/RNWorklets.build/Objects-normal/x86_64/JSISerializer.o

CompileC /Users/karelbraborec/Library/Developer/Xcode/DerivedData/revmeter-hbcnswmlqmbpnlazhhkncgeowiss/Build/Intermediates.noindex/Pods.build/Debug-iphonesimulator/RNWorklets.build/Objects-normal/x86_64/IOSUIScheduler.o /Users/karelbraborec/rev-meter/node_modules/react-native-worklets/apple/worklets/apple/IOSUIScheduler.mm normal x86_64 objective-c++ com.apple.compilers.llvm.clang.1_0.compiler (in target 'RNWorklets' from project 'Pods')
    cd /Users/karelbraborec/rev-meter/ios/Pods
    
    Using response file: /Users/karelbraborec/Library/Developer/Xcode/DerivedData/revmeter-hbcnswmlqmbpnlazhhkncgeowiss/Build/Intermediates.noindex/Pods.build/Debug-iphonesimulator/RNWorklets.build/Objects-normal/x86_64/af3fcb34312c57c0f52879cdce924b91-common-args.resp
    
    /Applications/Xcode.app/Contents/Developer/Toolchains/XcodeDefault.xctoolchain/usr/bin/clang -x objective-c++ -ivfsstatcache /Users/karelbraborec/Library/Developer/Xcode/DerivedData/SDKStatCaches.noindex/iphonesimulator26.5-23F81a-6cfe768891a92b912361537c460fe42b.sdkstatcache -target x86_64-apple-ios15.1-simulator -fmessage-length\=0 -fdiagnostics-show-note-include-stack -fmacro-backtrace-limit\=0 -fno-color-diagnostics -fmodules-prune-interval\=86400 -fmodules-prune-after\=345600 -fbuild-session-file\=/Users/karelbraborec/Library/Developer/Xcode/DerivedData/ModuleCache.noindex/Session.modulevalidation -fmodules-validate-once-per-build-session -Wnon-modular-include-in-framework-module -Werror\=non-modular-include-in-framework-module -Wno-trigraphs -Wno-missing-field-initializers -Wno-missing-prototypes -Werror\=return-type -Wdocumentation -Wunreachable-code -Wno-implicit-atomic-properties -Werror\=deprecated-objc-isa-usage -Wno-objc-interface-ivars -Werror\=objc-root-class -Wno-arc-repeated-use-of-weak -Wimplicit-retain-self -Wno-non-virtual-dtor -Wno-overloaded-virtual -Wno-exit-time-destructors -Wduplicate-method-match -Wno-missing-braces -Wparentheses -Wswitch -Wunused-function -Wno-unused-label -Wno-unused-parameter -Wunused-variable -Wunused-value -Wempty-body -Wuninitialized -Wconditional-uninitialized -Wno-unknown-pragmas -Wno-shadow -Wno-four-char-constants -Wno-conversion -Wconstant-conversion -Wint-conversion -Wbool-conversion -Wenum-conversion -Wno-float-conversion -Wnon-literal-null-conversion -Wobjc-literal-conversion -Wshorten-64-to-32 -Wno-newline-eof -Wno-selector -Wno-strict-selector-match -Wundeclared-selector -Wdeprecated-implementations -Wno-c++11-extensions -Wno-implicit-fallthrough -isysroot /Applications/Xcode.app/Contents/Developer/Platforms/iPhoneSimulator.platform/Developer/SDKs/iPhoneSimulator26.5.sdk -fstrict-aliasing -Wprotocol -Wdeprecated-declarations -Winvalid-offsetof -Wno-sign-conversion -Winfinite-recursion -Wmove -Wcomma -Wblock-capture-autoreleasing -Wstrict-prototypes -Wrange-loop-analysis -Wno-semicolon-before-method-body -Wunguarded-availability -index-store-path /Users/karelbraborec/Library/Developer/Xcode/DerivedData/revmeter-hbcnswmlqmbpnlazhhkncgeowiss/Index.noindex/DataStore @/Users/karelbraborec/Library/Developer/Xcode/DerivedData/revmeter-hbcnswmlqmbpnlazhhkncgeowiss/Build/Intermediates.noindex/Pods.build/Debug-iphonesimulator/RNWorklets.build/Objects-normal/x86_64/af3fcb34312c57c0f52879cdce924b91-common-args.resp -DRCT_NEW_ARCH_ENABLED\=1 -include /Users/karelbraborec/rev-meter/ios/Pods/Target\ Support\ Files/RNWorklets/RNWorklets-prefix.pch -MMD -MT dependencies -MF /Users/karelbraborec/Library/Developer/Xcode/DerivedData/revmeter-hbcnswmlqmbpnlazhhkncgeowiss/Build/Intermediates.noindex/Pods.build/Debug-iphonesimulator/RNWorklets.build/Objects-normal/x86_64/IOSUIScheduler.d --serialize-diagnostics /Users/karelbraborec/Library/Developer/Xcode/DerivedData/revmeter-hbcnswmlqmbpnlazhhkncgeowiss/Build/Intermediates.noindex/Pods.build/Debug-iphonesimulator/RNWorklets.build/Objects-normal/x86_64/IOSUIScheduler.dia -c /Users/karelbraborec/rev-meter/node_modules/react-native-worklets/apple/worklets/apple/IOSUIScheduler.mm -o /Users/karelbraborec/Library/Developer/Xcode/DerivedData/revmeter-hbcnswmlqmbpnlazhhkncgeowiss/Build/Intermediates.noindex/Pods.build/Debug-iphonesimulator/RNWorklets.build/Objects-normal/x86_64/IOSUIScheduler.o -index-unit-output-path /Pods.build/Debug-iphonesimulator/RNWorklets.build/Objects-normal/x86_64/IOSUIScheduler.o

CompileC /Users/karelbraborec/Library/Developer/Xcode/DerivedData/revmeter-hbcnswmlqmbpnlazhhkncgeowiss/Build/Intermediates.noindex/Pods.build/Debug-iphonesimulator/RNWorklets.build/Objects-normal/x86_64/HermesProfiling.o /Users/karelbraborec/rev-meter/node_modules/react-native-worklets/Common/cpp/worklets/WorkletRuntime/HermesProfiling.cpp normal x86_64 c++ com.apple.compilers.llvm.clang.1_0.compiler (in target 'RNWorklets' from project 'Pods')
    cd /Users/karelbraborec/rev-meter/ios/Pods
    
    Using response file: /Users/karelbraborec/Library/Developer/Xcode/DerivedData/revmeter-hbcnswmlqmbpnlazhhkncgeowiss/Build/Intermediates.noindex/Pods.build/Debug-iphonesimulator/RNWorklets.build/Objects-normal/x86_64/82b82416624d2658e5098eb0a28c15c5-common-args.resp
    
    /Applications/Xcode.app/Contents/Developer/Toolchains/XcodeDefault.xctoolchain/usr/bin/clang -x c++ -ivfsstatcache /Users/karelbraborec/Library/Developer/Xcode/DerivedData/SDKStatCaches.noindex/iphonesimulator26.5-23F81a-6cfe768891a92b912361537c460fe42b.sdkstatcache -target x86_64-apple-ios15.1-simulator -fmessage-length\=0 -fdiagnostics-show-note-include-stack -fmacro-backtrace-limit\=0 -fno-color-diagnostics -fmodules-prune-interval\=86400 -fmodules-prune-after\=345600 -fbuild-session-file\=/Users/karelbraborec/Library/Developer/Xcode/DerivedData/ModuleCache.noindex/Session.modulevalidation -fmodules-validate-once-per-build-session -Wnon-modular-include-in-framework-module -Werror\=non-modular-include-in-framework-module -Wno-trigraphs -Wno-missing-field-initializers -Wno-missing-prototypes -Werror\=return-type -Wdocumentation -Wunreachable-code -Werror\=deprecated-objc-isa-usage -Werror\=objc-root-class -Wno-non-virtual-dtor -Wno-overloaded-virtual -Wno-exit-time-destructors -Wno-missing-braces -Wparentheses -Wswitch -Wunused-function -Wno-unused-label -Wno-unused-parameter -Wunused-variable -Wunused-value -Wempty-body -Wuninitialized -Wconditional-uninitialized -Wno-unknown-pragmas -Wno-shadow -Wno-four-char-constants -Wno-conversion -Wconstant-conversion -Wint-conversion -Wbool-conversion -Wenum-conversion -Wno-float-conversion -Wnon-literal-null-conversion -Wobjc-literal-conversion -Wshorten-64-to-32 -Wno-newline-eof -Wno-c++11-extensions -Wno-implicit-fallthrough -isysroot /Applications/Xcode.app/Contents/Developer/Platforms/iPhoneSimulator.platform/Developer/SDKs/iPhoneSimulator26.5.sdk -fstrict-aliasing -Wdeprecated-declarations -Winvalid-offsetof -Wno-sign-conversion -Winfinite-recursion -Wmove -Wcomma -Wblock-capture-autoreleasing -Wstrict-prototypes -Wrange-loop-analysis -Wno-semicolon-before-method-body -Wunguarded-availability -index-store-path /Users/karelbraborec/Library/Developer/Xcode/DerivedData/revmeter-hbcnswmlqmbpnlazhhkncgeowiss/Index.noindex/DataStore @/Users/karelbraborec/Library/Developer/Xcode/DerivedData/revmeter-hbcnswmlqmbpnlazhhkncgeowiss/Build/Intermediates.noindex/Pods.build/Debug-iphonesimulator/RNWorklets.build/Objects-normal/x86_64/82b82416624d2658e5098eb0a28c15c5-common-args.resp -DRCT_NEW_ARCH_ENABLED\=1 -include /Users/karelbraborec/rev-meter/ios/Pods/Target\ Support\ Files/RNWorklets/RNWorklets-prefix.pch -MMD -MT dependencies -MF /Users/karelbraborec/Library/Developer/Xcode/DerivedData/revmeter-hbcnswmlqmbpnlazhhkncgeowiss/Build/Intermediates.noindex/Pods.build/Debug-iphonesimulator/RNWorklets.build/Objects-normal/x86_64/HermesProfiling.d --serialize-diagnostics /Users/karelbraborec/Library/Developer/Xcode/DerivedData/revmeter-hbcnswmlqmbpnlazhhkncgeowiss/Build/Intermediates.noindex/Pods.build/Debug-iphonesimulator/RNWorklets.build/Objects-normal/x86_64/HermesProfiling.dia -c /Users/karelbraborec/rev-meter/node_modules/react-native-worklets/Common/cpp/worklets/WorkletRuntime/HermesProfiling.cpp -o /Users/karelbraborec/Library/Developer/Xcode/DerivedData/revmeter-hbcnswmlqmbpnlazhhkncgeowiss/Build/Intermediates.noindex/Pods.build/Debug-iphonesimulator/RNWorklets.build/Objects-normal/x86_64/HermesProfiling.o -index-unit-output-path /Pods.build/Debug-iphonesimulator/RNWorklets.build/Objects-normal/x86_64/HermesProfiling.o

CompileC /Users/karelbraborec/Library/Developer/Xcode/DerivedData/revmeter-hbcnswmlqmbpnlazhhkncgeowiss/Build/Intermediates.noindex/Pods.build/Debug-iphonesimulator/RNWorklets.build/Objects-normal/x86_64/FeatureFlags.o /Users/karelbraborec/rev-meter/node_modules/react-native-worklets/Common/cpp/worklets/Tools/FeatureFlags.cpp normal x86_64 c++ com.apple.compilers.llvm.clang.1_0.compiler (in target 'RNWorklets' from project 'Pods')
    cd /Users/karelbraborec/rev-meter/ios/Pods
    
    Using response file: /Users/karelbraborec/Library/Developer/Xcode/DerivedData/revmeter-hbcnswmlqmbpnlazhhkncgeowiss/Build/Intermediates.noindex/Pods.build/Debug-iphonesimulator/RNWorklets.build/Objects-normal/x86_64/82b82416624d2658e5098eb0a28c15c5-common-args.resp
    
    /Applications/Xcode.app/Contents/Developer/Toolchains/XcodeDefault.xctoolchain/usr/bin/clang -x c++ -ivfsstatcache /Users/karelbraborec/Library/Developer/Xcode/DerivedData/SDKStatCaches.noindex/iphonesimulator26.5-23F81a-6cfe768891a92b912361537c460fe42b.sdkstatcache -target x86_64-apple-ios15.1-simulator -fmessage-length\=0 -fdiagnostics-show-note-include-stack -fmacro-backtrace-limit\=0 -fno-color-diagnostics -fmodules-prune-interval\=86400 -fmodules-prune-after\=345600 -fbuild-session-file\=/Users/karelbraborec/Library/Developer/Xcode/DerivedData/ModuleCache.noindex/Session.modulevalidation -fmodules-validate-once-per-build-session -Wnon-modular-include-in-framework-module -Werror\=non-modular-include-in-framework-module -Wno-trigraphs -Wno-missing-field-initializers -Wno-missing-prototypes -Werror\=return-type -Wdocumentation -Wunreachable-code -Werror\=deprecated-objc-isa-usage -Werror\=objc-root-class -Wno-non-virtual-dtor -Wno-overloaded-virtual -Wno-exit-time-destructors -Wno-missing-braces -Wparentheses -Wswitch -Wunused-function -Wno-unused-label -Wno-unused-parameter -Wunused-variable -Wunused-value -Wempty-body -Wuninitialized -Wconditional-uninitialized -Wno-unknown-pragmas -Wno-shadow -Wno-four-char-constants -Wno-conversion -Wconstant-conversion -Wint-conversion -Wbool-conversion -Wenum-conversion -Wno-float-conversion -Wnon-literal-null-conversion -Wobjc-literal-conversion -Wshorten-64-to-32 -Wno-newline-eof -Wno-c++11-extensions -Wno-implicit-fallthrough -isysroot /Applications/Xcode.app/Contents/Developer/Platforms/iPhoneSimulator.platform/Developer/SDKs/iPhoneSimulator26.5.sdk -fstrict-aliasing -Wdeprecated-declarations -Winvalid-offsetof -Wno-sign-conversion -Winfinite-recursion -Wmove -Wcomma -Wblock-capture-autoreleasing -Wstrict-prototypes -Wrange-loop-analysis -Wno-semicolon-before-method-body -Wunguarded-availability -index-store-path /Users/karelbraborec/Library/Developer/Xcode/DerivedData/revmeter-hbcnswmlqmbpnlazhhkncgeowiss/Index.noindex/DataStore @/Users/karelbraborec/Library/Developer/Xcode/DerivedData/revmeter-hbcnswmlqmbpnlazhhkncgeowiss/Build/Intermediates.noindex/Pods.build/Debug-iphonesimulator/RNWorklets.build/Objects-normal/x86_64/82b82416624d2658e5098eb0a28c15c5-common-args.resp -DRCT_NEW_ARCH_ENABLED\=1 -include /Users/karelbraborec/rev-meter/ios/Pods/Target\ Support\ Files/RNWorklets/RNWorklets-prefix.pch -MMD -MT dependencies -MF /Users/karelbraborec/Library/Developer/Xcode/DerivedData/revmeter-hbcnswmlqmbpnlazhhkncgeowiss/Build/Intermediates.noindex/Pods.build/Debug-iphonesimulator/RNWorklets.build/Objects-normal/x86_64/FeatureFlags.d --serialize-diagnostics /Users/karelbraborec/Library/Developer/Xcode/DerivedData/revmeter-hbcnswmlqmbpnlazhhkncgeowiss/Build/Intermediates.noindex/Pods.build/Debug-iphonesimulator/RNWorklets.build/Objects-normal/x86_64/FeatureFlags.dia -c /Users/karelbraborec/rev-meter/node_modules/react-native-worklets/Common/cpp/worklets/Tools/FeatureFlags.cpp -o /Users/karelbraborec/Library/Developer/Xcode/DerivedData/revmeter-hbcnswmlqmbpnlazhhkncgeowiss/Build/Intermediates.noindex/Pods.build/Debug-iphonesimulator/RNWorklets.build/Objects-normal/x86_64/FeatureFlags.o -index-unit-output-path /Pods.build/Debug-iphonesimulator/RNWorklets.build/Objects-normal/x86_64/FeatureFlags.o

CompileC /Users/karelbraborec/Library/Developer/Xcode/DerivedData/revmeter-hbcnswmlqmbpnlazhhkncgeowiss/Build/Intermediates.noindex/Pods.build/Debug-iphonesimulator/RNWorklets.build/Objects-normal/x86_64/EventLoop.o /Users/karelbraborec/rev-meter/node_modules/react-native-worklets/Common/cpp/worklets/RunLoop/EventLoop.cpp normal x86_64 c++ com.apple.compilers.llvm.clang.1_0.compiler (in target 'RNWorklets' from project 'Pods')
    cd /Users/karelbraborec/rev-meter/ios/Pods
    
    Using response file: /Users/karelbraborec/Library/Developer/Xcode/DerivedData/revmeter-hbcnswmlqmbpnlazhhkncgeowiss/Build/Intermediates.noindex/Pods.build/Debug-iphonesimulator/RNWorklets.build/Objects-normal/x86_64/82b82416624d2658e5098eb0a28c15c5-common-args.resp
    
    /Applications/Xcode.app/Contents/Developer/Toolchains/XcodeDefault.xctoolchain/usr/bin/clang -x c++ -ivfsstatcache /Users/karelbraborec/Library/Developer/Xcode/DerivedData/SDKStatCaches.noindex/iphonesimulator26.5-23F81a-6cfe768891a92b912361537c460fe42b.sdkstatcache -target x86_64-apple-ios15.1-simulator -fmessage-length\=0 -fdiagnostics-show-note-include-stack -fmacro-backtrace-limit\=0 -fno-color-diagnostics -fmodules-prune-interval\=86400 -fmodules-prune-after\=345600 -fbuild-session-file\=/Users/karelbraborec/Library/Developer/Xcode/DerivedData/ModuleCache.noindex/Session.modulevalidation -fmodules-validate-once-per-build-session -Wnon-modular-include-in-framework-module -Werror\=non-modular-include-in-framework-module -Wno-trigraphs -Wno-missing-field-initializers -Wno-missing-prototypes -Werror\=return-type -Wdocumentation -Wunreachable-code -Werror\=deprecated-objc-isa-usage -Werror\=objc-root-class -Wno-non-virtual-dtor -Wno-overloaded-virtual -Wno-exit-time-destructors -Wno-missing-braces -Wparentheses -Wswitch -Wunused-function -Wno-unused-label -Wno-unused-parameter -Wunused-variable -Wunused-value -Wempty-body -Wuninitialized -Wconditional-uninitialized -Wno-unknown-pragmas -Wno-shadow -Wno-four-char-constants -Wno-conversion -Wconstant-conversion -Wint-conversion -Wbool-conversion -Wenum-conversion -Wno-float-conversion -Wnon-literal-null-conversion -Wobjc-literal-conversion -Wshorten-64-to-32 -Wno-newline-eof -Wno-c++11-extensions -Wno-implicit-fallthrough -isysroot /Applications/Xcode.app/Contents/Developer/Platforms/iPhoneSimulator.platform/Developer/SDKs/iPhoneSimulator26.5.sdk -fstrict-aliasing -Wdeprecated-declarations -Winvalid-offsetof -Wno-sign-conversion -Winfinite-recursion -Wmove -Wcomma -Wblock-capture-autoreleasing -Wstrict-prototypes -Wrange-loop-analysis -Wno-semicolon-before-method-body -Wunguarded-availability -index-store-path /Users/karelbraborec/Library/Developer/Xcode/DerivedData/revmeter-hbcnswmlqmbpnlazhhkncgeowiss/Index.noindex/DataStore @/Users/karelbraborec/Library/Developer/Xcode/DerivedData/revmeter-hbcnswmlqmbpnlazhhkncgeowiss/Build/Intermediates.noindex/Pods.build/Debug-iphonesimulator/RNWorklets.build/Objects-normal/x86_64/82b82416624d2658e5098eb0a28c15c5-common-args.resp -DRCT_NEW_ARCH_ENABLED\=1 -include /Users/karelbraborec/rev-meter/ios/Pods/Target\ Support\ Files/RNWorklets/RNWorklets-prefix.pch -MMD -MT dependencies -MF /Users/karelbraborec/Library/Developer/Xcode/DerivedData/revmeter-hbcnswmlqmbpnlazhhkncgeowiss/Build/Intermediates.noindex/Pods.build/Debug-iphonesimulator/RNWorklets.build/Objects-normal/x86_64/EventLoop.d --serialize-diagnostics /Users/karelbraborec/Library/Developer/Xcode/DerivedData/revmeter-hbcnswmlqmbpnlazhhkncgeowiss/Build/Intermediates.noindex/Pods.build/Debug-iphonesimulator/RNWorklets.build/Objects-normal/x86_64/EventLoop.dia -c /Users/karelbraborec/rev-meter/node_modules/react-native-worklets/Common/cpp/worklets/RunLoop/EventLoop.cpp -o /Users/karelbraborec/Library/Developer/Xcode/DerivedData/revmeter-hbcnswmlqmbpnlazhhkncgeowiss/Build/Intermediates.noindex/Pods.build/Debug-iphonesimulator/RNWorklets.build/Objects-normal/x86_64/EventLoop.o -index-unit-output-path /Pods.build/Debug-iphonesimulator/RNWorklets.build/Objects-normal/x86_64/EventLoop.o

CompileC /Users/karelbraborec/Library/Developer/Xcode/DerivedData/revmeter-hbcnswmlqmbpnlazhhkncgeowiss/Build/Intermediates.noindex/Pods.build/Debug-iphonesimulator/RNWorklets.build/Objects-normal/x86_64/EventHandlerRegistry.o /Users/karelbraborec/rev-meter/node_modules/react-native-worklets/Common/cpp/worklets/Registries/EventHandlerRegistry.cpp normal x86_64 c++ com.apple.compilers.llvm.clang.1_0.compiler (in target 'RNWorklets' from project 'Pods')
    cd /Users/karelbraborec/rev-meter/ios/Pods
    
    Using response file: /Users/karelbraborec/Library/Developer/Xcode/DerivedData/revmeter-hbcnswmlqmbpnlazhhkncgeowiss/Build/Intermediates.noindex/Pods.build/Debug-iphonesimulator/RNWorklets.build/Objects-normal/x86_64/82b82416624d2658e5098eb0a28c15c5-common-args.resp
    
    /Applications/Xcode.app/Contents/Developer/Toolchains/XcodeDefault.xctoolchain/usr/bin/clang -x c++ -ivfsstatcache /Users/karelbraborec/Library/Developer/Xcode/DerivedData/SDKStatCaches.noindex/iphonesimulator26.5-23F81a-6cfe768891a92b912361537c460fe42b.sdkstatcache -target x86_64-apple-ios15.1-simulator -fmessage-length\=0 -fdiagnostics-show-note-include-stack -fmacro-backtrace-limit\=0 -fno-color-diagnostics -fmodules-prune-interval\=86400 -fmodules-prune-after\=345600 -fbuild-session-file\=/Users/karelbraborec/Library/Developer/Xcode/DerivedData/ModuleCache.noindex/Session.modulevalidation -fmodules-validate-once-per-build-session -Wnon-modular-include-in-framework-module -Werror\=non-modular-include-in-framework-module -Wno-trigraphs -Wno-missing-field-initializers -Wno-missing-prototypes -Werror\=return-type -Wdocumentation -Wunreachable-code -Werror\=deprecated-objc-isa-usage -Werror\=objc-root-class -Wno-non-virtual-dtor -Wno-overloaded-virtual -Wno-exit-time-destructors -Wno-missing-braces -Wparentheses -Wswitch -Wunused-function -Wno-unused-label -Wno-unused-parameter -Wunused-variable -Wunused-value -Wempty-body -Wuninitialized -Wconditional-uninitialized -Wno-unknown-pragmas -Wno-shadow -Wno-four-char-constants -Wno-conversion -Wconstant-conversion -Wint-conversion -Wbool-conversion -Wenum-conversion -Wno-float-conversion -Wnon-literal-null-conversion -Wobjc-literal-conversion -Wshorten-64-to-32 -Wno-newline-eof -Wno-c++11-extensions -Wno-implicit-fallthrough -isysroot /Applications/Xcode.app/Contents/Developer/Platforms/iPhoneSimulator.platform/Developer/SDKs/iPhoneSimulator26.5.sdk -fstrict-aliasing -Wdeprecated-declarations -Winvalid-offsetof -Wno-sign-conversion -Winfinite-recursion -Wmove -Wcomma -Wblock-capture-autoreleasing -Wstrict-prototypes -Wrange-loop-analysis -Wno-semicolon-before-method-body -Wunguarded-availability -index-store-path /Users/karelbraborec/Library/Developer/Xcode/DerivedData/revmeter-hbcnswmlqmbpnlazhhkncgeowiss/Index.noindex/DataStore @/Users/karelbraborec/Library/Developer/Xcode/DerivedData/revmeter-hbcnswmlqmbpnlazhhkncgeowiss/Build/Intermediates.noindex/Pods.build/Debug-iphonesimulator/RNWorklets.build/Objects-normal/x86_64/82b82416624d2658e5098eb0a28c15c5-common-args.resp -DRCT_NEW_ARCH_ENABLED\=1 -include /Users/karelbraborec/rev-meter/ios/Pods/Target\ Support\ Files/RNWorklets/RNWorklets-prefix.pch -MMD -MT dependencies -MF /Users/karelbraborec/Library/Developer/Xcode/DerivedData/revmeter-hbcnswmlqmbpnlazhhkncgeowiss/Build/Intermediates.noindex/Pods.build/Debug-iphonesimulator/RNWorklets.build/Objects-normal/x86_64/EventHandlerRegistry.d --serialize-diagnostics /Users/karelbraborec/Library/Developer/Xcode/DerivedData/revmeter-hbcnswmlqmbpnlazhhkncgeowiss/Build/Intermediates.noindex/Pods.build/Debug-iphonesimulator/RNWorklets.build/Objects-normal/x86_64/EventHandlerRegistry.dia -c /Users/karelbraborec/rev-meter/node_modules/react-native-worklets/Common/cpp/worklets/Registries/EventHandlerRegistry.cpp -o /Users/karelbraborec/Library/Developer/Xcode/DerivedData/revmeter-hbcnswmlqmbpnlazhhkncgeowiss/Build/Intermediates.noindex/Pods.build/Debug-iphonesimulator/RNWorklets.build/Objects-normal/x86_64/EventHandlerRegistry.o -index-unit-output-path /Pods.build/Debug-iphonesimulator/RNWorklets.build/Objects-normal/x86_64/EventHandlerRegistry.o
In file included from /Users/karelbraborec/rev-meter/node_modules/react-native-worklets/Common/cpp/worklets/Registries/EventHandlerRegistry.cpp:4:
In file included from /Users/karelbraborec/rev-meter/ios/Pods/Headers/Private/RNWorklets/worklets/Registries/EventHandlerRegistry.h:6:
/Users/karelbraborec/rev-meter/ios/Pods/Headers/Private/RNWorklets/worklets/WorkletRuntime/WorkletRuntime.h:181:8: warning: declaration is marked with '@deprecated' command but does not have a deprecation attribute [-Wdocumentation-deprecated-sync]
  181 |   /** @deprecated Use `schedule` instead. */
      |       ~^~~~~~~~~~~~~~~~~~~~~~~~~~~~~~~~~~
/Users/karelbraborec/rev-meter/ios/Pods/Headers/Private/RNWorklets/worklets/WorkletRuntime/WorkletRuntime.h:182:3: note: add a deprecation attribute to the declaration to silence this warning
  182 |   void runAsyncGuarded(const std::shared_ptr<SerializableWorklet> &worklet);
      |   ^
      |   __AVAILABILITY_INTERNAL_DEPRECATED 
/Users/karelbraborec/rev-meter/ios/Pods/Headers/Private/RNWorklets/worklets/WorkletRuntime/WorkletRuntime.h:184:8: warning: declaration is marked with '@deprecated' command but does not have a deprecation attribute [-Wdocumentation-deprecated-sync]
  184 |   /** @deprecated Use `runSyncSerialized` and extract to `jsi::Value` with
      |       ~^~~~~~~~~~~~~~~~~~~~~~~~~~~~~~~~~~~~~~~~~~~~~~~~~~~~~~~~~~~~~~~~~~~
  185 |    * `extractSerializableOrThrow` instead. */
      |    ~~~~~~~~~~~~~~~~~~~~~~~~~~~~~~~~~~~~~~~
/Users/karelbraborec/rev-meter/ios/Pods/Headers/Private/RNWorklets/worklets/WorkletRuntime/WorkletRuntime.h:186:3: note: add a deprecation attribute to the declaration to silence this warning
  186 |   jsi::Value executeSync(jsi::Runtime &rt, const jsi::Value &worklet) const;
      |   ^
      |   __AVAILABILITY_INTERNAL_DEPRECATED 
/Users/karelbraborec/rev-meter/ios/Pods/Headers/Private/RNWorklets/worklets/WorkletRuntime/WorkletRuntime.h:187:8: warning: declaration is marked with '@deprecated' command but does not have a deprecation attribute [-Wdocumentation-deprecated-sync]
  187 |   /** @deprecated Use `runSync` instead. */
      |       ~^~~~~~~~~~~~~~~~~~~~~~~~~~~~~~~~~
/Users/karelbraborec/rev-meter/ios/Pods/Headers/Private/RNWorklets/worklets/WorkletRuntime/WorkletRuntime.h:188:3: note: add a deprecation attribute to the declaration to silence this warning
  188 |   jsi::Value executeSync(std::function<jsi::Value(jsi::Runtime &)> &&job) const;
      |   ^
      |   __AVAILABILITY_INTERNAL_DEPRECATED 
/Users/karelbraborec/rev-meter/ios/Pods/Headers/Private/RNWorklets/worklets/WorkletRuntime/WorkletRuntime.h:189:8: warning: declaration is marked with '@deprecated' command but does not have a deprecation attribute [-Wdocumentation-deprecated-sync]
  189 |   /** @deprecated Use `runSync` instead. */
      |       ~^~~~~~~~~~~~~~~~~~~~~~~~~~~~~~~~~
/Users/karelbraborec/rev-meter/ios/Pods/Headers/Private/RNWorklets/worklets/WorkletRuntime/WorkletRuntime.h:190:3: note: add a deprecation attribute to the declaration to silence this warning
  190 |   jsi::Value executeSync(const std::function<jsi::Value(jsi::Runtime &)> &job) const;
      |   ^
      |   __AVAILABILITY_INTERNAL_DEPRECATED 
/Users/karelbraborec/rev-meter/ios/Pods/Headers/Private/RNWorklets/worklets/WorkletRuntime/WorkletRuntime.h:175:8: warning: declaration is marked with '@deprecated' command but does not have a deprecation attribute [-Wdocumentation-deprecated-sync]
  175 |   /** @deprecated Use `runSync` instead. */
      |       ~^~~~~~~~~~~~~~~~~~~~~~~~~~~~~~~~~
5 warnings generated.

CompileC /Users/karelbraborec/Library/Developer/Xcode/DerivedData/revmeter-hbcnswmlqmbpnlazhhkncgeowiss/Build/Intermediates.noindex/Pods.build/Debug-iphonesimulator/RNWorklets.build/Objects-normal/x86_64/AsyncQueueImpl.o /Users/karelbraborec/rev-meter/node_modules/react-native-worklets/Common/cpp/worklets/RunLoop/AsyncQueueImpl.cpp normal x86_64 c++ com.apple.compilers.llvm.clang.1_0.compiler (in target 'RNWorklets' from project 'Pods')
    cd /Users/karelbraborec/rev-meter/ios/Pods
    
    Using response file: /Users/karelbraborec/Library/Developer/Xcode/DerivedData/revmeter-hbcnswmlqmbpnlazhhkncgeowiss/Build/Intermediates.noindex/Pods.build/Debug-iphonesimulator/RNWorklets.build/Objects-normal/x86_64/82b82416624d2658e5098eb0a28c15c5-common-args.resp
    
    /Applications/Xcode.app/Contents/Developer/Toolchains/XcodeDefault.xctoolchain/usr/bin/clang -x c++ -ivfsstatcache /Users/karelbraborec/Library/Developer/Xcode/DerivedData/SDKStatCaches.noindex/iphonesimulator26.5-23F81a-6cfe768891a92b912361537c460fe42b.sdkstatcache -target x86_64-apple-ios15.1-simulator -fmessage-length\=0 -fdiagnostics-show-note-include-stack -fmacro-backtrace-limit\=0 -fno-color-diagnostics -fmodules-prune-interval\=86400 -fmodules-prune-after\=345600 -fbuild-session-file\=/Users/karelbraborec/Library/Developer/Xcode/DerivedData/ModuleCache.noindex/Session.modulevalidation -fmodules-validate-once-per-build-session -Wnon-modular-include-in-framework-module -Werror\=non-modular-include-in-framework-module -Wno-trigraphs -Wno-missing-field-initializers -Wno-missing-prototypes -Werror\=return-type -Wdocumentation -Wunreachable-code -Werror\=deprecated-objc-isa-usage -Werror\=objc-root-class -Wno-non-virtual-dtor -Wno-overloaded-virtual -Wno-exit-time-destructors -Wno-missing-braces -Wparentheses -Wswitch -Wunused-function -Wno-unused-label -Wno-unused-parameter -Wunused-variable -Wunused-value -Wempty-body -Wuninitialized -Wconditional-uninitialized -Wno-unknown-pragmas -Wno-shadow -Wno-four-char-constants -Wno-conversion -Wconstant-conversion -Wint-conversion -Wbool-conversion -Wenum-conversion -Wno-float-conversion -Wnon-literal-null-conversion -Wobjc-literal-conversion -Wshorten-64-to-32 -Wno-newline-eof -Wno-c++11-extensions -Wno-implicit-fallthrough -isysroot /Applications/Xcode.app/Contents/Developer/Platforms/iPhoneSimulator.platform/Developer/SDKs/iPhoneSimulator26.5.sdk -fstrict-aliasing -Wdeprecated-declarations -Winvalid-offsetof -Wno-sign-conversion -Winfinite-recursion -Wmove -Wcomma -Wblock-capture-autoreleasing -Wstrict-prototypes -Wrange-loop-analysis -Wno-semicolon-before-method-body -Wunguarded-availability -index-store-path /Users/karelbraborec/Library/Developer/Xcode/DerivedData/revmeter-hbcnswmlqmbpnlazhhkncgeowiss/Index.noindex/DataStore @/Users/karelbraborec/Library/Developer/Xcode/DerivedData/revmeter-hbcnswmlqmbpnlazhhkncgeowiss/Build/Intermediates.noindex/Pods.build/Debug-iphonesimulator/RNWorklets.build/Objects-normal/x86_64/82b82416624d2658e5098eb0a28c15c5-common-args.resp -DRCT_NEW_ARCH_ENABLED\=1 -include /Users/karelbraborec/rev-meter/ios/Pods/Target\ Support\ Files/RNWorklets/RNWorklets-prefix.pch -MMD -MT dependencies -MF /Users/karelbraborec/Library/Developer/Xcode/DerivedData/revmeter-hbcnswmlqmbpnlazhhkncgeowiss/Build/Intermediates.noindex/Pods.build/Debug-iphonesimulator/RNWorklets.build/Objects-normal/x86_64/AsyncQueueImpl.d --serialize-diagnostics /Users/karelbraborec/Library/Developer/Xcode/DerivedData/revmeter-hbcnswmlqmbpnlazhhkncgeowiss/Build/Intermediates.noindex/Pods.build/Debug-iphonesimulator/RNWorklets.build/Objects-normal/x86_64/AsyncQueueImpl.dia -c /Users/karelbraborec/rev-meter/node_modules/react-native-worklets/Common/cpp/worklets/RunLoop/AsyncQueueImpl.cpp -o /Users/karelbraborec/Library/Developer/Xcode/DerivedData/revmeter-hbcnswmlqmbpnlazhhkncgeowiss/Build/Intermediates.noindex/Pods.build/Debug-iphonesimulator/RNWorklets.build/Objects-normal/x86_64/AsyncQueueImpl.o -index-unit-output-path /Pods.build/Debug-iphonesimulator/RNWorklets.build/Objects-normal/x86_64/AsyncQueueImpl.o

CompileC /Users/karelbraborec/Library/Developer/Xcode/DerivedData/revmeter-hbcnswmlqmbpnlazhhkncgeowiss/Build/Intermediates.noindex/Pods.build/Debug-iphonesimulator/RNWorklets.build/Objects-normal/x86_64/AnimationFrameQueue.o /Users/karelbraborec/rev-meter/node_modules/react-native-worklets/apple/worklets/apple/AnimationFrameQueue.mm normal x86_64 objective-c++ com.apple.compilers.llvm.clang.1_0.compiler (in target 'RNWorklets' from project 'Pods')
    cd /Users/karelbraborec/rev-meter/ios/Pods
    
    Using response file: /Users/karelbraborec/Library/Developer/Xcode/DerivedData/revmeter-hbcnswmlqmbpnlazhhkncgeowiss/Build/Intermediates.noindex/Pods.build/Debug-iphonesimulator/RNWorklets.build/Objects-normal/x86_64/af3fcb34312c57c0f52879cdce924b91-common-args.resp
    
    /Applications/Xcode.app/Contents/Developer/Toolchains/XcodeDefault.xctoolchain/usr/bin/clang -x objective-c++ -ivfsstatcache /Users/karelbraborec/Library/Developer/Xcode/DerivedData/SDKStatCaches.noindex/iphonesimulator26.5-23F81a-6cfe768891a92b912361537c460fe42b.sdkstatcache -target x86_64-apple-ios15.1-simulator -fmessage-length\=0 -fdiagnostics-show-note-include-stack -fmacro-backtrace-limit\=0 -fno-color-diagnostics -fmodules-prune-interval\=86400 -fmodules-prune-after\=345600 -fbuild-session-file\=/Users/karelbraborec/Library/Developer/Xcode/DerivedData/ModuleCache.noindex/Session.modulevalidation -fmodules-validate-once-per-build-session -Wnon-modular-include-in-framework-module -Werror\=non-modular-include-in-framework-module -Wno-trigraphs -Wno-missing-field-initializers -Wno-missing-prototypes -Werror\=return-type -Wdocumentation -Wunreachable-code -Wno-implicit-atomic-properties -Werror\=deprecated-objc-isa-usage -Wno-objc-interface-ivars -Werror\=objc-root-class -Wno-arc-repeated-use-of-weak -Wimplicit-retain-self -Wno-non-virtual-dtor -Wno-overloaded-virtual -Wno-exit-time-destructors -Wduplicate-method-match -Wno-missing-braces -Wparentheses -Wswitch -Wunused-function -Wno-unused-label -Wno-unused-parameter -Wunused-variable -Wunused-value -Wempty-body -Wuninitialized -Wconditional-uninitialized -Wno-unknown-pragmas -Wno-shadow -Wno-four-char-constants -Wno-conversion -Wconstant-conversion -Wint-conversion -Wbool-conversion -Wenum-conversion -Wno-float-conversion -Wnon-literal-null-conversion -Wobjc-literal-conversion -Wshorten-64-to-32 -Wno-newline-eof -Wno-selector -Wno-strict-selector-match -Wundeclared-selector -Wdeprecated-implementations -Wno-c++11-extensions -Wno-implicit-fallthrough -isysroot /Applications/Xcode.app/Contents/Developer/Platforms/iPhoneSimulator.platform/Developer/SDKs/iPhoneSimulator26.5.sdk -fstrict-aliasing -Wprotocol -Wdeprecated-declarations -Winvalid-offsetof -Wno-sign-conversion -Winfinite-recursion -Wmove -Wcomma -Wblock-capture-autoreleasing -Wstrict-prototypes -Wrange-loop-analysis -Wno-semicolon-before-method-body -Wunguarded-availability -index-store-path /Users/karelbraborec/Library/Developer/Xcode/DerivedData/revmeter-hbcnswmlqmbpnlazhhkncgeowiss/Index.noindex/DataStore @/Users/karelbraborec/Library/Developer/Xcode/DerivedData/revmeter-hbcnswmlqmbpnlazhhkncgeowiss/Build/Intermediates.noindex/Pods.build/Debug-iphonesimulator/RNWorklets.build/Objects-normal/x86_64/af3fcb34312c57c0f52879cdce924b91-common-args.resp -DRCT_NEW_ARCH_ENABLED\=1 -include /Users/karelbraborec/rev-meter/ios/Pods/Target\ Support\ Files/RNWorklets/RNWorklets-prefix.pch -MMD -MT dependencies -MF /Users/karelbraborec/Library/Developer/Xcode/DerivedData/revmeter-hbcnswmlqmbpnlazhhkncgeowiss/Build/Intermediates.noindex/Pods.build/Debug-iphonesimulator/RNWorklets.build/Objects-normal/x86_64/AnimationFrameQueue.d --serialize-diagnostics /Users/karelbraborec/Library/Developer/Xcode/DerivedData/revmeter-hbcnswmlqmbpnlazhhkncgeowiss/Build/Intermediates.noindex/Pods.build/Debug-iphonesimulator/RNWorklets.build/Objects-normal/x86_64/AnimationFrameQueue.dia -c /Users/karelbraborec/rev-meter/node_modules/react-native-worklets/apple/worklets/apple/AnimationFrameQueue.mm -o /Users/karelbraborec/Library/Developer/Xcode/DerivedData/revmeter-hbcnswmlqmbpnlazhhkncgeowiss/Build/Intermediates.noindex/Pods.build/Debug-iphonesimulator/RNWorklets.build/Objects-normal/x86_64/AnimationFrameQueue.o -index-unit-output-path /Pods.build/Debug-iphonesimulator/RNWorklets.build/Objects-normal/x86_64/AnimationFrameQueue.o

CompileC /Users/karelbraborec/Library/Developer/Xcode/DerivedData/revmeter-hbcnswmlqmbpnlazhhkncgeowiss/Build/Intermediates.noindex/Pods.build/Debug-iphonesimulator/RNWorklets.build/Objects-normal/x86_64/AnimationFrameBatchinator.o /Users/karelbraborec/rev-meter/node_modules/react-native-worklets/Common/cpp/worklets/AnimationFrameQueue/AnimationFrameBatchinator.cpp normal x86_64 c++ com.apple.compilers.llvm.clang.1_0.compiler (in target 'RNWorklets' from project 'Pods')
    cd /Users/karelbraborec/rev-meter/ios/Pods
    
    Using response file: /Users/karelbraborec/Library/Developer/Xcode/DerivedData/revmeter-hbcnswmlqmbpnlazhhkncgeowiss/Build/Intermediates.noindex/Pods.build/Debug-iphonesimulator/RNWorklets.build/Objects-normal/x86_64/82b82416624d2658e5098eb0a28c15c5-common-args.resp
    
    /Applications/Xcode.app/Contents/Developer/Toolchains/XcodeDefault.xctoolchain/usr/bin/clang -x c++ -ivfsstatcache /Users/karelbraborec/Library/Developer/Xcode/DerivedData/SDKStatCaches.noindex/iphonesimulator26.5-23F81a-6cfe768891a92b912361537c460fe42b.sdkstatcache -target x86_64-apple-ios15.1-simulator -fmessage-length\=0 -fdiagnostics-show-note-include-stack -fmacro-backtrace-limit\=0 -fno-color-diagnostics -fmodules-prune-interval\=86400 -fmodules-prune-after\=345600 -fbuild-session-file\=/Users/karelbraborec/Library/Developer/Xcode/DerivedData/ModuleCache.noindex/Session.modulevalidation -fmodules-validate-once-per-build-session -Wnon-modular-include-in-framework-module -Werror\=non-modular-include-in-framework-module -Wno-trigraphs -Wno-missing-field-initializers -Wno-missing-prototypes -Werror\=return-type -Wdocumentation -Wunreachable-code -Werror\=deprecated-objc-isa-usage -Werror\=objc-root-class -Wno-non-virtual-dtor -Wno-overloaded-virtual -Wno-exit-time-destructors -Wno-missing-braces -Wparentheses -Wswitch -Wunused-function -Wno-unused-label -Wno-unused-parameter -Wunused-variable -Wunused-value -Wempty-body -Wuninitialized -Wconditional-uninitialized -Wno-unknown-pragmas -Wno-shadow -Wno-four-char-constants -Wno-conversion -Wconstant-conversion -Wint-conversion -Wbool-conversion -Wenum-conversion -Wno-float-conversion -Wnon-literal-null-conversion -Wobjc-literal-conversion -Wshorten-64-to-32 -Wno-newline-eof -Wno-c++11-extensions -Wno-implicit-fallthrough -isysroot /Applications/Xcode.app/Contents/Developer/Platforms/iPhoneSimulator.platform/Developer/SDKs/iPhoneSimulator26.5.sdk -fstrict-aliasing -Wdeprecated-declarations -Winvalid-offsetof -Wno-sign-conversion -Winfinite-recursion -Wmove -Wcomma -Wblock-capture-autoreleasing -Wstrict-prototypes -Wrange-loop-analysis -Wno-semicolon-before-method-body -Wunguarded-availability -index-store-path /Users/karelbraborec/Library/Developer/Xcode/DerivedData/revmeter-hbcnswmlqmbpnlazhhkncgeowiss/Index.noindex/DataStore @/Users/karelbraborec/Library/Developer/Xcode/DerivedData/revmeter-hbcnswmlqmbpnlazhhkncgeowiss/Build/Intermediates.noindex/Pods.build/Debug-iphonesimulator/RNWorklets.build/Objects-normal/x86_64/82b82416624d2658e5098eb0a28c15c5-common-args.resp -DRCT_NEW_ARCH_ENABLED\=1 -include /Users/karelbraborec/rev-meter/ios/Pods/Target\ Support\ Files/RNWorklets/RNWorklets-prefix.pch -MMD -MT dependencies -MF /Users/karelbraborec/Library/Developer/Xcode/DerivedData/revmeter-hbcnswmlqmbpnlazhhkncgeowiss/Build/Intermediates.noindex/Pods.build/Debug-iphonesimulator/RNWorklets.build/Objects-normal/x86_64/AnimationFrameBatchinator.d --serialize-diagnostics /Users/karelbraborec/Library/Developer/Xcode/DerivedData/revmeter-hbcnswmlqmbpnlazhhkncgeowiss/Build/Intermediates.noindex/Pods.build/Debug-iphonesimulator/RNWorklets.build/Objects-normal/x86_64/AnimationFrameBatchinator.dia -c /Users/karelbraborec/rev-meter/node_modules/react-native-worklets/Common/cpp/worklets/AnimationFrameQueue/AnimationFrameBatchinator.cpp -o /Users/karelbraborec/Library/Developer/Xcode/DerivedData/revmeter-hbcnswmlqmbpnlazhhkncgeowiss/Build/Intermediates.noindex/Pods.build/Debug-iphonesimulator/RNWorklets.build/Objects-normal/x86_64/AnimationFrameBatchinator.o -index-unit-output-path /Pods.build/Debug-iphonesimulator/RNWorklets.build/Objects-normal/x86_64/AnimationFrameBatchinator.o
In file included from /Users/karelbraborec/rev-meter/node_modules/react-native-worklets/Common/cpp/worklets/AnimationFrameQueue/AnimationFrameBatchinator.cpp:2:
In file included from /Users/karelbraborec/rev-meter/ios/Pods/Headers/Private/RNWorklets/worklets/AnimationFrameQueue/AnimationFrameBatchinator.h:6:
/Users/karelbraborec/rev-meter/ios/Pods/Headers/Private/RNWorklets/worklets/WorkletRuntime/WorkletRuntime.h:181:8: warning: declaration is marked with '@deprecated' command but does not have a deprecation attribute [-Wdocumentation-deprecated-sync]
  181 |   /** @deprecated Use `schedule` instead. */
      |       ~^~~~~~~~~~~~~~~~~~~~~~~~~~~~~~~~~~
/Users/karelbraborec/rev-meter/ios/Pods/Headers/Private/RNWorklets/worklets/WorkletRuntime/WorkletRuntime.h:182:3: note: add a deprecation attribute to the declaration to silence this warning
  182 |   void runAsyncGuarded(const std::shared_ptr<SerializableWorklet> &worklet);
      |   ^
      |   __AVAILABILITY_INTERNAL_DEPRECATED 
/Users/karelbraborec/rev-meter/ios/Pods/Headers/Private/RNWorklets/worklets/WorkletRuntime/WorkletRuntime.h:184:8: warning: declaration is marked with '@deprecated' command but does not have a deprecation attribute [-Wdocumentation-deprecated-sync]
  184 |   /** @deprecated Use `runSyncSerialized` and extract to `jsi::Value` with
      |       ~^~~~~~~~~~~~~~~~~~~~~~~~~~~~~~~~~~~~~~~~~~~~~~~~~~~~~~~~~~~~~~~~~~~
  185 |    * `extractSerializableOrThrow` instead. */
      |    ~~~~~~~~~~~~~~~~~~~~~~~~~~~~~~~~~~~~~~~
/Users/karelbraborec/rev-meter/ios/Pods/Headers/Private/RNWorklets/worklets/WorkletRuntime/WorkletRuntime.h:186:3: note: add a deprecation attribute to the declaration to silence this warning
  186 |   jsi::Value executeSync(jsi::Runtime &rt, const jsi::Value &worklet) const;
      |   ^
      |   __AVAILABILITY_INTERNAL_DEPRECATED 
/Users/karelbraborec/rev-meter/ios/Pods/Headers/Private/RNWorklets/worklets/WorkletRuntime/WorkletRuntime.h:187:8: warning: declaration is marked with '@deprecated' command but does not have a deprecation attribute [-Wdocumentation-deprecated-sync]
  187 |   /** @deprecated Use `runSync` instead. */
      |       ~^~~~~~~~~~~~~~~~~~~~~~~~~~~~~~~~~
/Users/karelbraborec/rev-meter/ios/Pods/Headers/Private/RNWorklets/worklets/WorkletRuntime/WorkletRuntime.h:188:3: note: add a deprecation attribute to the declaration to silence this warning
  188 |   jsi::Value executeSync(std::function<jsi::Value(jsi::Runtime &)> &&job) const;
      |   ^
      |   __AVAILABILITY_INTERNAL_DEPRECATED 
/Users/karelbraborec/rev-meter/ios/Pods/Headers/Private/RNWorklets/worklets/WorkletRuntime/WorkletRuntime.h:189:8: warning: declaration is marked with '@deprecated' command but does not have a deprecation attribute [-Wdocumentation-deprecated-sync]
  189 |   /** @deprecated Use `runSync` instead. */
      |       ~^~~~~~~~~~~~~~~~~~~~~~~~~~~~~~~~~
/Users/karelbraborec/rev-meter/ios/Pods/Headers/Private/RNWorklets/worklets/WorkletRuntime/WorkletRuntime.h:190:3: note: add a deprecation attribute to the declaration to silence this warning
  190 |   jsi::Value executeSync(const std::function<jsi::Value(jsi::Runtime &)> &job) const;
      |   ^
      |   __AVAILABILITY_INTERNAL_DEPRECATED 
/Users/karelbraborec/rev-meter/ios/Pods/Headers/Private/RNWorklets/worklets/WorkletRuntime/WorkletRuntime.h:175:8: warning: declaration is marked with '@deprecated' command but does not have a deprecation attribute [-Wdocumentation-deprecated-sync]
  175 |   /** @deprecated Use `runSync` instead. */
      |       ~^~~~~~~~~~~~~~~~~~~~~~~~~~~~~~~~~
5 warnings generated.

CompileC /Users/karelbraborec/Library/Developer/Xcode/DerivedData/revmeter-hbcnswmlqmbpnlazhhkncgeowiss/Build/Intermediates.noindex/Pods.build/Debug-iphonesimulator/RNWorklets.build/Objects-normal/arm64/WorkletsVersion.o /Users/karelbraborec/rev-meter/node_modules/react-native-worklets/Common/cpp/worklets/Tools/WorkletsVersion.cpp normal arm64 c++ com.apple.compilers.llvm.clang.1_0.compiler (in target 'RNWorklets' from project 'Pods')
    cd /Users/karelbraborec/rev-meter/ios/Pods
    
    Using response file: /Users/karelbraborec/Library/Developer/Xcode/DerivedData/revmeter-hbcnswmlqmbpnlazhhkncgeowiss/Build/Intermediates.noindex/Pods.build/Debug-iphonesimulator/RNWorklets.build/Objects-normal/arm64/82b82416624d2658e5098eb0a28c15c5-common-args.resp
    
    /Applications/Xcode.app/Contents/Developer/Toolchains/XcodeDefault.xctoolchain/usr/bin/clang -x c++ -ivfsstatcache /Users/karelbraborec/Library/Developer/Xcode/DerivedData/SDKStatCaches.noindex/iphonesimulator26.5-23F81a-6cfe768891a92b912361537c460fe42b.sdkstatcache -target arm64-apple-ios15.1-simulator -fmessage-length\=0 -fdiagnostics-show-note-include-stack -fmacro-backtrace-limit\=0 -fno-color-diagnostics -fmodules-prune-interval\=86400 -fmodules-prune-after\=345600 -fbuild-session-file\=/Users/karelbraborec/Library/Developer/Xcode/DerivedData/ModuleCache.noindex/Session.modulevalidation -fmodules-validate-once-per-build-session -Wnon-modular-include-in-framework-module -Werror\=non-modular-include-in-framework-module -Wno-trigraphs -Wno-missing-field-initializers -Wno-missing-prototypes -Werror\=return-type -Wdocumentation -Wunreachable-code -Werror\=deprecated-objc-isa-usage -Werror\=objc-root-class -Wno-non-virtual-dtor -Wno-overloaded-virtual -Wno-exit-time-destructors -Wno-missing-braces -Wparentheses -Wswitch -Wunused-function -Wno-unused-label -Wno-unused-parameter -Wunused-variable -Wunused-value -Wempty-body -Wuninitialized -Wconditional-uninitialized -Wno-unknown-pragmas -Wno-shadow -Wno-four-char-constants -Wno-conversion -Wconstant-conversion -Wint-conversion -Wbool-conversion -Wenum-conversion -Wno-float-conversion -Wnon-literal-null-conversion -Wobjc-literal-conversion -Wshorten-64-to-32 -Wno-newline-eof -Wno-c++11-extensions -Wno-implicit-fallthrough -isysroot /Applications/Xcode.app/Contents/Developer/Platforms/iPhoneSimulator.platform/Developer/SDKs/iPhoneSimulator26.5.sdk -fstrict-aliasing -Wdeprecated-declarations -Winvalid-offsetof -Wno-sign-conversion -Winfinite-recursion -Wmove -Wcomma -Wblock-capture-autoreleasing -Wstrict-prototypes -Wrange-loop-analysis -Wno-semicolon-before-method-body -Wunguarded-availability -index-store-path /Users/karelbraborec/Library/Developer/Xcode/DerivedData/revmeter-hbcnswmlqmbpnlazhhkncgeowiss/Index.noindex/DataStore @/Users/karelbraborec/Library/Developer/Xcode/DerivedData/revmeter-hbcnswmlqmbpnlazhhkncgeowiss/Build/Intermediates.noindex/Pods.build/Debug-iphonesimulator/RNWorklets.build/Objects-normal/arm64/82b82416624d2658e5098eb0a28c15c5-common-args.resp -DRCT_NEW_ARCH_ENABLED\=1 -include /Users/karelbraborec/rev-meter/ios/Pods/Target\ Support\ Files/RNWorklets/RNWorklets-prefix.pch -MMD -MT dependencies -MF /Users/karelbraborec/Library/Developer/Xcode/DerivedData/revmeter-hbcnswmlqmbpnlazhhkncgeowiss/Build/Intermediates.noindex/Pods.build/Debug-iphonesimulator/RNWorklets.build/Objects-normal/arm64/WorkletsVersion.d --serialize-diagnostics /Users/karelbraborec/Library/Developer/Xcode/DerivedData/revmeter-hbcnswmlqmbpnlazhhkncgeowiss/Build/Intermediates.noindex/Pods.build/Debug-iphonesimulator/RNWorklets.build/Objects-normal/arm64/WorkletsVersion.dia -c /Users/karelbraborec/rev-meter/node_modules/react-native-worklets/Common/cpp/worklets/Tools/WorkletsVersion.cpp -o /Users/karelbraborec/Library/Developer/Xcode/DerivedData/revmeter-hbcnswmlqmbpnlazhhkncgeowiss/Build/Intermediates.noindex/Pods.build/Debug-iphonesimulator/RNWorklets.build/Objects-normal/arm64/WorkletsVersion.o -index-unit-output-path /Pods.build/Debug-iphonesimulator/RNWorklets.build/Objects-normal/arm64/WorkletsVersion.o

CompileC /Users/karelbraborec/Library/Developer/Xcode/DerivedData/revmeter-hbcnswmlqmbpnlazhhkncgeowiss/Build/Intermediates.noindex/Pods.build/Debug-iphonesimulator/RNWorklets.build/Objects-normal/arm64/WorkletsNetworking.o /Users/karelbraborec/rev-meter/node_modules/react-native-worklets/apple/worklets/apple/Networking/WorkletsNetworking.mm normal arm64 objective-c++ com.apple.compilers.llvm.clang.1_0.compiler (in target 'RNWorklets' from project 'Pods')
    cd /Users/karelbraborec/rev-meter/ios/Pods
    
    Using response file: /Users/karelbraborec/Library/Developer/Xcode/DerivedData/revmeter-hbcnswmlqmbpnlazhhkncgeowiss/Build/Intermediates.noindex/Pods.build/Debug-iphonesimulator/RNWorklets.build/Objects-normal/arm64/af3fcb34312c57c0f52879cdce924b91-common-args.resp
    
    /Applications/Xcode.app/Contents/Developer/Toolchains/XcodeDefault.xctoolchain/usr/bin/clang -x objective-c++ -ivfsstatcache /Users/karelbraborec/Library/Developer/Xcode/DerivedData/SDKStatCaches.noindex/iphonesimulator26.5-23F81a-6cfe768891a92b912361537c460fe42b.sdkstatcache -target arm64-apple-ios15.1-simulator -fmessage-length\=0 -fdiagnostics-show-note-include-stack -fmacro-backtrace-limit\=0 -fno-color-diagnostics -fmodules-prune-interval\=86400 -fmodules-prune-after\=345600 -fbuild-session-file\=/Users/karelbraborec/Library/Developer/Xcode/DerivedData/ModuleCache.noindex/Session.modulevalidation -fmodules-validate-once-per-build-session -Wnon-modular-include-in-framework-module -Werror\=non-modular-include-in-framework-module -Wno-trigraphs -Wno-missing-field-initializers -Wno-missing-prototypes -Werror\=return-type -Wdocumentation -Wunreachable-code -Wno-implicit-atomic-properties -Werror\=deprecated-objc-isa-usage -Wno-objc-interface-ivars -Werror\=objc-root-class -Wno-arc-repeated-use-of-weak -Wimplicit-retain-self -Wno-non-virtual-dtor -Wno-overloaded-virtual -Wno-exit-time-destructors -Wduplicate-method-match -Wno-missing-braces -Wparentheses -Wswitch -Wunused-function -Wno-unused-label -Wno-unused-parameter -Wunused-variable -Wunused-value -Wempty-body -Wuninitialized -Wconditional-uninitialized -Wno-unknown-pragmas -Wno-shadow -Wno-four-char-constants -Wno-conversion -Wconstant-conversion -Wint-conversion -Wbool-conversion -Wenum-conversion -Wno-float-conversion -Wnon-literal-null-conversion -Wobjc-literal-conversion -Wshorten-64-to-32 -Wno-newline-eof -Wno-selector -Wno-strict-selector-match -Wundeclared-selector -Wdeprecated-implementations -Wno-c++11-extensions -Wno-implicit-fallthrough -isysroot /Applications/Xcode.app/Contents/Developer/Platforms/iPhoneSimulator.platform/Developer/SDKs/iPhoneSimulator26.5.sdk -fstrict-aliasing -Wprotocol -Wdeprecated-declarations -Winvalid-offsetof -Wno-sign-conversion -Winfinite-recursion -Wmove -Wcomma -Wblock-capture-autoreleasing -Wstrict-prototypes -Wrange-loop-analysis -Wno-semicolon-before-method-body -Wunguarded-availability -index-store-path /Users/karelbraborec/Library/Developer/Xcode/DerivedData/revmeter-hbcnswmlqmbpnlazhhkncgeowiss/Index.noindex/DataStore @/Users/karelbraborec/Library/Developer/Xcode/DerivedData/revmeter-hbcnswmlqmbpnlazhhkncgeowiss/Build/Intermediates.noindex/Pods.build/Debug-iphonesimulator/RNWorklets.build/Objects-normal/arm64/af3fcb34312c57c0f52879cdce924b91-common-args.resp -DRCT_NEW_ARCH_ENABLED\=1 -include /Users/karelbraborec/rev-meter/ios/Pods/Target\ Support\ Files/RNWorklets/RNWorklets-prefix.pch -MMD -MT dependencies -MF /Users/karelbraborec/Library/Developer/Xcode/DerivedData/revmeter-hbcnswmlqmbpnlazhhkncgeowiss/Build/Intermediates.noindex/Pods.build/Debug-iphonesimulator/RNWorklets.build/Objects-normal/arm64/WorkletsNetworking.d --serialize-diagnostics /Users/karelbraborec/Library/Developer/Xcode/DerivedData/revmeter-hbcnswmlqmbpnlazhhkncgeowiss/Build/Intermediates.noindex/Pods.build/Debug-iphonesimulator/RNWorklets.build/Objects-normal/arm64/WorkletsNetworking.dia -c /Users/karelbraborec/rev-meter/node_modules/react-native-worklets/apple/worklets/apple/Networking/WorkletsNetworking.mm -o /Users/karelbraborec/Library/Developer/Xcode/DerivedData/revmeter-hbcnswmlqmbpnlazhhkncgeowiss/Build/Intermediates.noindex/Pods.build/Debug-iphonesimulator/RNWorklets.build/Objects-normal/arm64/WorkletsNetworking.o -index-unit-output-path /Pods.build/Debug-iphonesimulator/RNWorklets.build/Objects-normal/arm64/WorkletsNetworking.o

CompileC /Users/karelbraborec/Library/Developer/Xcode/DerivedData/revmeter-hbcnswmlqmbpnlazhhkncgeowiss/Build/Intermediates.noindex/Pods.build/Debug-iphonesimulator/RNWorklets.build/Objects-normal/arm64/WorkletsModuleProxy.o /Users/karelbraborec/rev-meter/node_modules/react-native-worklets/Common/cpp/worklets/NativeModules/WorkletsModuleProxy.cpp normal arm64 c++ com.apple.compilers.llvm.clang.1_0.compiler (in target 'RNWorklets' from project 'Pods')
    cd /Users/karelbraborec/rev-meter/ios/Pods
    
    Using response file: /Users/karelbraborec/Library/Developer/Xcode/DerivedData/revmeter-hbcnswmlqmbpnlazhhkncgeowiss/Build/Intermediates.noindex/Pods.build/Debug-iphonesimulator/RNWorklets.build/Objects-normal/arm64/82b82416624d2658e5098eb0a28c15c5-common-args.resp
    
    /Applications/Xcode.app/Contents/Developer/Toolchains/XcodeDefault.xctoolchain/usr/bin/clang -x c++ -ivfsstatcache /Users/karelbraborec/Library/Developer/Xcode/DerivedData/SDKStatCaches.noindex/iphonesimulator26.5-23F81a-6cfe768891a92b912361537c460fe42b.sdkstatcache -target arm64-apple-ios15.1-simulator -fmessage-length\=0 -fdiagnostics-show-note-include-stack -fmacro-backtrace-limit\=0 -fno-color-diagnostics -fmodules-prune-interval\=86400 -fmodules-prune-after\=345600 -fbuild-session-file\=/Users/karelbraborec/Library/Developer/Xcode/DerivedData/ModuleCache.noindex/Session.modulevalidation -fmodules-validate-once-per-build-session -Wnon-modular-include-in-framework-module -Werror\=non-modular-include-in-framework-module -Wno-trigraphs -Wno-missing-field-initializers -Wno-missing-prototypes -Werror\=return-type -Wdocumentation -Wunreachable-code -Werror\=deprecated-objc-isa-usage -Werror\=objc-root-class -Wno-non-virtual-dtor -Wno-overloaded-virtual -Wno-exit-time-destructors -Wno-missing-braces -Wparentheses -Wswitch -Wunused-function -Wno-unused-label -Wno-unused-parameter -Wunused-variable -Wunused-value -Wempty-body -Wuninitialized -Wconditional-uninitialized -Wno-unknown-pragmas -Wno-shadow -Wno-four-char-constants -Wno-conversion -Wconstant-conversion -Wint-conversion -Wbool-conversion -Wenum-conversion -Wno-float-conversion -Wnon-literal-null-conversion -Wobjc-literal-conversion -Wshorten-64-to-32 -Wno-newline-eof -Wno-c++11-extensions -Wno-implicit-fallthrough -isysroot /Applications/Xcode.app/Contents/Developer/Platforms/iPhoneSimulator.platform/Developer/SDKs/iPhoneSimulator26.5.sdk -fstrict-aliasing -Wdeprecated-declarations -Winvalid-offsetof -Wno-sign-conversion -Winfinite-recursion -Wmove -Wcomma -Wblock-capture-autoreleasing -Wstrict-prototypes -Wrange-loop-analysis -Wno-semicolon-before-method-body -Wunguarded-availability -index-store-path /Users/karelbraborec/Library/Developer/Xcode/DerivedData/revmeter-hbcnswmlqmbpnlazhhkncgeowiss/Index.noindex/DataStore @/Users/karelbraborec/Library/Developer/Xcode/DerivedData/revmeter-hbcnswmlqmbpnlazhhkncgeowiss/Build/Intermediates.noindex/Pods.build/Debug-iphonesimulator/RNWorklets.build/Objects-normal/arm64/82b82416624d2658e5098eb0a28c15c5-common-args.resp -DRCT_NEW_ARCH_ENABLED\=1 -include /Users/karelbraborec/rev-meter/ios/Pods/Target\ Support\ Files/RNWorklets/RNWorklets-prefix.pch -MMD -MT dependencies -MF /Users/karelbraborec/Library/Developer/Xcode/DerivedData/revmeter-hbcnswmlqmbpnlazhhkncgeowiss/Build/Intermediates.noindex/Pods.build/Debug-iphonesimulator/RNWorklets.build/Objects-normal/arm64/WorkletsModuleProxy.d --serialize-diagnostics /Users/karelbraborec/Library/Developer/Xcode/DerivedData/revmeter-hbcnswmlqmbpnlazhhkncgeowiss/Build/Intermediates.noindex/Pods.build/Debug-iphonesimulator/RNWorklets.build/Objects-normal/arm64/WorkletsModuleProxy.dia -c /Users/karelbraborec/rev-meter/node_modules/react-native-worklets/Common/cpp/worklets/NativeModules/WorkletsModuleProxy.cpp -o /Users/karelbraborec/Library/Developer/Xcode/DerivedData/revmeter-hbcnswmlqmbpnlazhhkncgeowiss/Build/Intermediates.noindex/Pods.build/Debug-iphonesimulator/RNWorklets.build/Objects-normal/arm64/WorkletsModuleProxy.o -index-unit-output-path /Pods.build/Debug-iphonesimulator/RNWorklets.build/Objects-normal/arm64/WorkletsModuleProxy.o
In file included from /Users/karelbraborec/rev-meter/node_modules/react-native-worklets/Common/cpp/worklets/NativeModules/WorkletsModuleProxy.cpp:1:
In file included from /Users/karelbraborec/rev-meter/ios/Pods/Headers/Private/RNWorklets/worklets/NativeModules/JSIWorkletsModuleProxy.h:4:
In file included from /Users/karelbraborec/rev-meter/ios/Pods/Headers/Private/RNWorklets/worklets/SharedItems/MemoryManager.h:6:
/Users/karelbraborec/rev-meter/ios/Pods/Headers/Private/RNWorklets/worklets/WorkletRuntime/WorkletRuntime.h:181:8: warning: declaration is marked with '@deprecated' command but does not have a deprecation attribute [-Wdocumentation-deprecated-sync]
  181 |   /** @deprecated Use `schedule` instead. */
      |       ~^~~~~~~~~~~~~~~~~~~~~~~~~~~~~~~~~~
/Users/karelbraborec/rev-meter/ios/Pods/Headers/Private/RNWorklets/worklets/WorkletRuntime/WorkletRuntime.h:182:3: note: add a deprecation attribute to the declaration to silence this warning
  182 |   void runAsyncGuarded(const std::shared_ptr<SerializableWorklet> &worklet);
      |   ^
      |   __AVAILABILITY_INTERNAL_DEPRECATED 
/Users/karelbraborec/rev-meter/ios/Pods/Headers/Private/RNWorklets/worklets/WorkletRuntime/WorkletRuntime.h:184:8: warning: declaration is marked with '@deprecated' command but does not have a deprecation attribute [-Wdocumentation-deprecated-sync]
  184 |   /** @deprecated Use `runSyncSerialized` and extract to `jsi::Value` with
      |       ~^~~~~~~~~~~~~~~~~~~~~~~~~~~~~~~~~~~~~~~~~~~~~~~~~~~~~~~~~~~~~~~~~~~
  185 |    * `extractSerializableOrThrow` instead. */
      |    ~~~~~~~~~~~~~~~~~~~~~~~~~~~~~~~~~~~~~~~
/Users/karelbraborec/rev-meter/ios/Pods/Headers/Private/RNWorklets/worklets/WorkletRuntime/WorkletRuntime.h:186:3: note: add a deprecation attribute to the declaration to silence this warning
  186 |   jsi::Value executeSync(jsi::Runtime &rt, const jsi::Value &worklet) const;
      |   ^
      |   __AVAILABILITY_INTERNAL_DEPRECATED 
/Users/karelbraborec/rev-meter/ios/Pods/Headers/Private/RNWorklets/worklets/WorkletRuntime/WorkletRuntime.h:187:8: warning: declaration is marked with '@deprecated' command but does not have a deprecation attribute [-Wdocumentation-deprecated-sync]
  187 |   /** @deprecated Use `runSync` instead. */
      |       ~^~~~~~~~~~~~~~~~~~~~~~~~~~~~~~~~~
/Users/karelbraborec/rev-meter/ios/Pods/Headers/Private/RNWorklets/worklets/WorkletRuntime/WorkletRuntime.h:188:3: note: add a deprecation attribute to the declaration to silence this warning
  188 |   jsi::Value executeSync(std::function<jsi::Value(jsi::Runtime &)> &&job) const;
      |   ^
      |   __AVAILABILITY_INTERNAL_DEPRECATED 
/Users/karelbraborec/rev-meter/ios/Pods/Headers/Private/RNWorklets/worklets/WorkletRuntime/WorkletRuntime.h:189:8: warning: declaration is marked with '@deprecated' command but does not have a deprecation attribute [-Wdocumentation-deprecated-sync]
  189 |   /** @deprecated Use `runSync` instead. */
      |       ~^~~~~~~~~~~~~~~~~~~~~~~~~~~~~~~~~
/Users/karelbraborec/rev-meter/ios/Pods/Headers/Private/RNWorklets/worklets/WorkletRuntime/WorkletRuntime.h:190:3: note: add a deprecation attribute to the declaration to silence this warning
  190 |   jsi::Value executeSync(const std::function<jsi::Value(jsi::Runtime &)> &job) const;
      |   ^
      |   __AVAILABILITY_INTERNAL_DEPRECATED 
/Users/karelbraborec/rev-meter/ios/Pods/Headers/Private/RNWorklets/worklets/WorkletRuntime/WorkletRuntime.h:175:8: warning: declaration is marked with '@deprecated' command but does not have a deprecation attribute [-Wdocumentation-deprecated-sync]
  175 |   /** @deprecated Use `runSync` instead. */
      |       ~^~~~~~~~~~~~~~~~~~~~~~~~~~~~~~~~~
5 warnings generated.

CompileC /Users/karelbraborec/Library/Developer/Xcode/DerivedData/revmeter-hbcnswmlqmbpnlazhhkncgeowiss/Build/Intermediates.noindex/Pods.build/Debug-iphonesimulator/RNWorklets.build/Objects-normal/arm64/WorkletsModule.o /Users/karelbraborec/rev-meter/node_modules/react-native-worklets/apple/worklets/apple/WorkletsModule.mm normal arm64 objective-c++ com.apple.compilers.llvm.clang.1_0.compiler (in target 'RNWorklets' from project 'Pods')
    cd /Users/karelbraborec/rev-meter/ios/Pods
    
    Using response file: /Users/karelbraborec/Library/Developer/Xcode/DerivedData/revmeter-hbcnswmlqmbpnlazhhkncgeowiss/Build/Intermediates.noindex/Pods.build/Debug-iphonesimulator/RNWorklets.build/Objects-normal/arm64/af3fcb34312c57c0f52879cdce924b91-common-args.resp
    
    /Applications/Xcode.app/Contents/Developer/Toolchains/XcodeDefault.xctoolchain/usr/bin/clang -x objective-c++ -ivfsstatcache /Users/karelbraborec/Library/Developer/Xcode/DerivedData/SDKStatCaches.noindex/iphonesimulator26.5-23F81a-6cfe768891a92b912361537c460fe42b.sdkstatcache -target arm64-apple-ios15.1-simulator -fmessage-length\=0 -fdiagnostics-show-note-include-stack -fmacro-backtrace-limit\=0 -fno-color-diagnostics -fmodules-prune-interval\=86400 -fmodules-prune-after\=345600 -fbuild-session-file\=/Users/karelbraborec/Library/Developer/Xcode/DerivedData/ModuleCache.noindex/Session.modulevalidation -fmodules-validate-once-per-build-session -Wnon-modular-include-in-framework-module -Werror\=non-modular-include-in-framework-module -Wno-trigraphs -Wno-missing-field-initializers -Wno-missing-prototypes -Werror\=return-type -Wdocumentation -Wunreachable-code -Wno-implicit-atomic-properties -Werror\=deprecated-objc-isa-usage -Wno-objc-interface-ivars -Werror\=objc-root-class -Wno-arc-repeated-use-of-weak -Wimplicit-retain-self -Wno-non-virtual-dtor -Wno-overloaded-virtual -Wno-exit-time-destructors -Wduplicate-method-match -Wno-missing-braces -Wparentheses -Wswitch -Wunused-function -Wno-unused-label -Wno-unused-parameter -Wunused-variable -Wunused-value -Wempty-body -Wuninitialized -Wconditional-uninitialized -Wno-unknown-pragmas -Wno-shadow -Wno-four-char-constants -Wno-conversion -Wconstant-conversion -Wint-conversion -Wbool-conversion -Wenum-conversion -Wno-float-conversion -Wnon-literal-null-conversion -Wobjc-literal-conversion -Wshorten-64-to-32 -Wno-newline-eof -Wno-selector -Wno-strict-selector-match -Wundeclared-selector -Wdeprecated-implementations -Wno-c++11-extensions -Wno-implicit-fallthrough -isysroot /Applications/Xcode.app/Contents/Developer/Platforms/iPhoneSimulator.platform/Developer/SDKs/iPhoneSimulator26.5.sdk -fstrict-aliasing -Wprotocol -Wdeprecated-declarations -Winvalid-offsetof -Wno-sign-conversion -Winfinite-recursion -Wmove -Wcomma -Wblock-capture-autoreleasing -Wstrict-prototypes -Wrange-loop-analysis -Wno-semicolon-before-method-body -Wunguarded-availability -index-store-path /Users/karelbraborec/Library/Developer/Xcode/DerivedData/revmeter-hbcnswmlqmbpnlazhhkncgeowiss/Index.noindex/DataStore @/Users/karelbraborec/Library/Developer/Xcode/DerivedData/revmeter-hbcnswmlqmbpnlazhhkncgeowiss/Build/Intermediates.noindex/Pods.build/Debug-iphonesimulator/RNWorklets.build/Objects-normal/arm64/af3fcb34312c57c0f52879cdce924b91-common-args.resp -DRCT_NEW_ARCH_ENABLED\=1 -include /Users/karelbraborec/rev-meter/ios/Pods/Target\ Support\ Files/RNWorklets/RNWorklets-prefix.pch -MMD -MT dependencies -MF /Users/karelbraborec/Library/Developer/Xcode/DerivedData/revmeter-hbcnswmlqmbpnlazhhkncgeowiss/Build/Intermediates.noindex/Pods.build/Debug-iphonesimulator/RNWorklets.build/Objects-normal/arm64/WorkletsModule.d --serialize-diagnostics /Users/karelbraborec/Library/Developer/Xcode/DerivedData/revmeter-hbcnswmlqmbpnlazhhkncgeowiss/Build/Intermediates.noindex/Pods.build/Debug-iphonesimulator/RNWorklets.build/Objects-normal/arm64/WorkletsModule.dia -c /Users/karelbraborec/rev-meter/node_modules/react-native-worklets/apple/worklets/apple/WorkletsModule.mm -o /Users/karelbraborec/Library/Developer/Xcode/DerivedData/revmeter-hbcnswmlqmbpnlazhhkncgeowiss/Build/Intermediates.noindex/Pods.build/Debug-iphonesimulator/RNWorklets.build/Objects-normal/arm64/WorkletsModule.o -index-unit-output-path /Pods.build/Debug-iphonesimulator/RNWorklets.build/Objects-normal/arm64/WorkletsModule.o
In file included from /Users/karelbraborec/rev-meter/node_modules/react-native-worklets/apple/worklets/apple/WorkletsModule.mm:1:
In file included from /Users/karelbraborec/rev-meter/ios/Pods/Headers/Private/RNWorklets/worklets/NativeModules/JSIWorkletsModuleProxy.h:4:
In file included from /Users/karelbraborec/rev-meter/ios/Pods/Headers/Private/RNWorklets/worklets/SharedItems/MemoryManager.h:6:
/Users/karelbraborec/rev-meter/ios/Pods/Headers/Private/RNWorklets/worklets/WorkletRuntime/WorkletRuntime.h:181:8: warning: declaration is marked with '@deprecated' command but does not have a deprecation attribute [-Wdocumentation-deprecated-sync]
  181 |   /** @deprecated Use `schedule` instead. */
      |       ~^~~~~~~~~~~~~~~~~~~~~~~~~~~~~~~~~~
/Users/karelbraborec/rev-meter/ios/Pods/Headers/Private/RNWorklets/worklets/WorkletRuntime/WorkletRuntime.h:182:3: note: add a deprecation attribute to the declaration to silence this warning
  182 |   void runAsyncGuarded(const std::shared_ptr<SerializableWorklet> &worklet);
      |   ^
      |   CA_DEPRECATED 
/Users/karelbraborec/rev-meter/ios/Pods/Headers/Private/RNWorklets/worklets/WorkletRuntime/WorkletRuntime.h:184:8: warning: declaration is marked with '@deprecated' command but does not have a deprecation attribute [-Wdocumentation-deprecated-sync]
  184 |   /** @deprecated Use `runSyncSerialized` and extract to `jsi::Value` with
      |       ~^~~~~~~~~~~~~~~~~~~~~~~~~~~~~~~~~~~~~~~~~~~~~~~~~~~~~~~~~~~~~~~~~~~
  185 |    * `extractSerializableOrThrow` instead. */
      |    ~~~~~~~~~~~~~~~~~~~~~~~~~~~~~~~~~~~~~~~
/Users/karelbraborec/rev-meter/ios/Pods/Headers/Private/RNWorklets/worklets/WorkletRuntime/WorkletRuntime.h:186:3: note: add a deprecation attribute to the declaration to silence this warning
  186 |   jsi::Value executeSync(jsi::Runtime &rt, const jsi::Value &worklet) const;
      |   ^
      |   CA_DEPRECATED 
/Users/karelbraborec/rev-meter/ios/Pods/Headers/Private/RNWorklets/worklets/WorkletRuntime/WorkletRuntime.h:187:8: warning: declaration is marked with '@deprecated' command but does not have a deprecation attribute [-Wdocumentation-deprecated-sync]
  187 |   /** @deprecated Use `runSync` instead. */
      |       ~^~~~~~~~~~~~~~~~~~~~~~~~~~~~~~~~~
/Users/karelbraborec/rev-meter/ios/Pods/Headers/Private/RNWorklets/worklets/WorkletRuntime/WorkletRuntime.h:188:3: note: add a deprecation attribute to the declaration to silence this warning
  188 |   jsi::Value executeSync(std::function<jsi::Value(jsi::Runtime &)> &&job) const;
      |   ^
      |   CA_DEPRECATED 
/Users/karelbraborec/rev-meter/ios/Pods/Headers/Private/RNWorklets/worklets/WorkletRuntime/WorkletRuntime.h:189:8: warning: declaration is marked with '@deprecated' command but does not have a deprecation attribute [-Wdocumentation-deprecated-sync]
  189 |   /** @deprecated Use `runSync` instead. */
      |       ~^~~~~~~~~~~~~~~~~~~~~~~~~~~~~~~~~
/Users/karelbraborec/rev-meter/ios/Pods/Headers/Private/RNWorklets/worklets/WorkletRuntime/WorkletRuntime.h:190:3: note: add a deprecation attribute to the declaration to silence this warning
  190 |   jsi::Value executeSync(const std::function<jsi::Value(jsi::Runtime &)> &job) const;
      |   ^
      |   CA_DEPRECATED 
/Users/karelbraborec/rev-meter/ios/Pods/Headers/Private/RNWorklets/worklets/WorkletRuntime/WorkletRuntime.h:175:8: warning: declaration is marked with '@deprecated' command but does not have a deprecation attribute [-Wdocumentation-deprecated-sync]
  175 |   /** @deprecated Use `runSync` instead. */
      |       ~^~~~~~~~~~~~~~~~~~~~~~~~~~~~~~~~~
5 warnings generated.

CompileC /Users/karelbraborec/Library/Developer/Xcode/DerivedData/revmeter-hbcnswmlqmbpnlazhhkncgeowiss/Build/Intermediates.noindex/Pods.build/Debug-iphonesimulator/RNWorklets.build/Objects-normal/arm64/WorkletsJSIUtils.o /Users/karelbraborec/rev-meter/node_modules/react-native-worklets/Common/cpp/worklets/Tools/WorkletsJSIUtils.cpp normal arm64 c++ com.apple.compilers.llvm.clang.1_0.compiler (in target 'RNWorklets' from project 'Pods')
    cd /Users/karelbraborec/rev-meter/ios/Pods
    
    Using response file: /Users/karelbraborec/Library/Developer/Xcode/DerivedData/revmeter-hbcnswmlqmbpnlazhhkncgeowiss/Build/Intermediates.noindex/Pods.build/Debug-iphonesimulator/RNWorklets.build/Objects-normal/arm64/82b82416624d2658e5098eb0a28c15c5-common-args.resp
    
    /Applications/Xcode.app/Contents/Developer/Toolchains/XcodeDefault.xctoolchain/usr/bin/clang -x c++ -ivfsstatcache /Users/karelbraborec/Library/Developer/Xcode/DerivedData/SDKStatCaches.noindex/iphonesimulator26.5-23F81a-6cfe768891a92b912361537c460fe42b.sdkstatcache -target arm64-apple-ios15.1-simulator -fmessage-length\=0 -fdiagnostics-show-note-include-stack -fmacro-backtrace-limit\=0 -fno-color-diagnostics -fmodules-prune-interval\=86400 -fmodules-prune-after\=345600 -fbuild-session-file\=/Users/karelbraborec/Library/Developer/Xcode/DerivedData/ModuleCache.noindex/Session.modulevalidation -fmodules-validate-once-per-build-session -Wnon-modular-include-in-framework-module -Werror\=non-modular-include-in-framework-module -Wno-trigraphs -Wno-missing-field-initializers -Wno-missing-prototypes -Werror\=return-type -Wdocumentation -Wunreachable-code -Werror\=deprecated-objc-isa-usage -Werror\=objc-root-class -Wno-non-virtual-dtor -Wno-overloaded-virtual -Wno-exit-time-destructors -Wno-missing-braces -Wparentheses -Wswitch -Wunused-function -Wno-unused-label -Wno-unused-parameter -Wunused-variable -Wunused-value -Wempty-body -Wuninitialized -Wconditional-uninitialized -Wno-unknown-pragmas -Wno-shadow -Wno-four-char-constants -Wno-conversion -Wconstant-conversion -Wint-conversion -Wbool-conversion -Wenum-conversion -Wno-float-conversion -Wnon-literal-null-conversion -Wobjc-literal-conversion -Wshorten-64-to-32 -Wno-newline-eof -Wno-c++11-extensions -Wno-implicit-fallthrough -isysroot /Applications/Xcode.app/Contents/Developer/Platforms/iPhoneSimulator.platform/Developer/SDKs/iPhoneSimulator26.5.sdk -fstrict-aliasing -Wdeprecated-declarations -Winvalid-offsetof -Wno-sign-conversion -Winfinite-recursion -Wmove -Wcomma -Wblock-capture-autoreleasing -Wstrict-prototypes -Wrange-loop-analysis -Wno-semicolon-before-method-body -Wunguarded-availability -index-store-path /Users/karelbraborec/Library/Developer/Xcode/DerivedData/revmeter-hbcnswmlqmbpnlazhhkncgeowiss/Index.noindex/DataStore @/Users/karelbraborec/Library/Developer/Xcode/DerivedData/revmeter-hbcnswmlqmbpnlazhhkncgeowiss/Build/Intermediates.noindex/Pods.build/Debug-iphonesimulator/RNWorklets.build/Objects-normal/arm64/82b82416624d2658e5098eb0a28c15c5-common-args.resp -DRCT_NEW_ARCH_ENABLED\=1 -include /Users/karelbraborec/rev-meter/ios/Pods/Target\ Support\ Files/RNWorklets/RNWorklets-prefix.pch -MMD -MT dependencies -MF /Users/karelbraborec/Library/Developer/Xcode/DerivedData/revmeter-hbcnswmlqmbpnlazhhkncgeowiss/Build/Intermediates.noindex/Pods.build/Debug-iphonesimulator/RNWorklets.build/Objects-normal/arm64/WorkletsJSIUtils.d --serialize-diagnostics /Users/karelbraborec/Library/Developer/Xcode/DerivedData/revmeter-hbcnswmlqmbpnlazhhkncgeowiss/Build/Intermediates.noindex/Pods.build/Debug-iphonesimulator/RNWorklets.build/Objects-normal/arm64/WorkletsJSIUtils.dia -c /Users/karelbraborec/rev-meter/node_modules/react-native-worklets/Common/cpp/worklets/Tools/WorkletsJSIUtils.cpp -o /Users/karelbraborec/Library/Developer/Xcode/DerivedData/revmeter-hbcnswmlqmbpnlazhhkncgeowiss/Build/Intermediates.noindex/Pods.build/Debug-iphonesimulator/RNWorklets.build/Objects-normal/arm64/WorkletsJSIUtils.o -index-unit-output-path /Pods.build/Debug-iphonesimulator/RNWorklets.build/Objects-normal/arm64/WorkletsJSIUtils.o

CompileC /Users/karelbraborec/Library/Developer/Xcode/DerivedData/revmeter-hbcnswmlqmbpnlazhhkncgeowiss/Build/Intermediates.noindex/Pods.build/Debug-iphonesimulator/RNWorklets.build/Objects-normal/arm64/WorkletRuntimeRegistry.o /Users/karelbraborec/rev-meter/node_modules/react-native-worklets/Common/cpp/worklets/Registries/WorkletRuntimeRegistry.cpp normal arm64 c++ com.apple.compilers.llvm.clang.1_0.compiler (in target 'RNWorklets' from project 'Pods')
    cd /Users/karelbraborec/rev-meter/ios/Pods
    
    Using response file: /Users/karelbraborec/Library/Developer/Xcode/DerivedData/revmeter-hbcnswmlqmbpnlazhhkncgeowiss/Build/Intermediates.noindex/Pods.build/Debug-iphonesimulator/RNWorklets.build/Objects-normal/arm64/82b82416624d2658e5098eb0a28c15c5-common-args.resp
    
    /Applications/Xcode.app/Contents/Developer/Toolchains/XcodeDefault.xctoolchain/usr/bin/clang -x c++ -ivfsstatcache /Users/karelbraborec/Library/Developer/Xcode/DerivedData/SDKStatCaches.noindex/iphonesimulator26.5-23F81a-6cfe768891a92b912361537c460fe42b.sdkstatcache -target arm64-apple-ios15.1-simulator -fmessage-length\=0 -fdiagnostics-show-note-include-stack -fmacro-backtrace-limit\=0 -fno-color-diagnostics -fmodules-prune-interval\=86400 -fmodules-prune-after\=345600 -fbuild-session-file\=/Users/karelbraborec/Library/Developer/Xcode/DerivedData/ModuleCache.noindex/Session.modulevalidation -fmodules-validate-once-per-build-session -Wnon-modular-include-in-framework-module -Werror\=non-modular-include-in-framework-module -Wno-trigraphs -Wno-missing-field-initializers -Wno-missing-prototypes -Werror\=return-type -Wdocumentation -Wunreachable-code -Werror\=deprecated-objc-isa-usage -Werror\=objc-root-class -Wno-non-virtual-dtor -Wno-overloaded-virtual -Wno-exit-time-destructors -Wno-missing-braces -Wparentheses -Wswitch -Wunused-function -Wno-unused-label -Wno-unused-parameter -Wunused-variable -Wunused-value -Wempty-body -Wuninitialized -Wconditional-uninitialized -Wno-unknown-pragmas -Wno-shadow -Wno-four-char-constants -Wno-conversion -Wconstant-conversion -Wint-conversion -Wbool-conversion -Wenum-conversion -Wno-float-conversion -Wnon-literal-null-conversion -Wobjc-literal-conversion -Wshorten-64-to-32 -Wno-newline-eof -Wno-c++11-extensions -Wno-implicit-fallthrough -isysroot /Applications/Xcode.app/Contents/Developer/Platforms/iPhoneSimulator.platform/Developer/SDKs/iPhoneSimulator26.5.sdk -fstrict-aliasing -Wdeprecated-declarations -Winvalid-offsetof -Wno-sign-conversion -Winfinite-recursion -Wmove -Wcomma -Wblock-capture-autoreleasing -Wstrict-prototypes -Wrange-loop-analysis -Wno-semicolon-before-method-body -Wunguarded-availability -index-store-path /Users/karelbraborec/Library/Developer/Xcode/DerivedData/revmeter-hbcnswmlqmbpnlazhhkncgeowiss/Index.noindex/DataStore @/Users/karelbraborec/Library/Developer/Xcode/DerivedData/revmeter-hbcnswmlqmbpnlazhhkncgeowiss/Build/Intermediates.noindex/Pods.build/Debug-iphonesimulator/RNWorklets.build/Objects-normal/arm64/82b82416624d2658e5098eb0a28c15c5-common-args.resp -DRCT_NEW_ARCH_ENABLED\=1 -include /Users/karelbraborec/rev-meter/ios/Pods/Target\ Support\ Files/RNWorklets/RNWorklets-prefix.pch -MMD -MT dependencies -MF /Users/karelbraborec/Library/Developer/Xcode/DerivedData/revmeter-hbcnswmlqmbpnlazhhkncgeowiss/Build/Intermediates.noindex/Pods.build/Debug-iphonesimulator/RNWorklets.build/Objects-normal/arm64/WorkletRuntimeRegistry.d --serialize-diagnostics /Users/karelbraborec/Library/Developer/Xcode/DerivedData/revmeter-hbcnswmlqmbpnlazhhkncgeowiss/Build/Intermediates.noindex/Pods.build/Debug-iphonesimulator/RNWorklets.build/Objects-normal/arm64/WorkletRuntimeRegistry.dia -c /Users/karelbraborec/rev-meter/node_modules/react-native-worklets/Common/cpp/worklets/Registries/WorkletRuntimeRegistry.cpp -o /Users/karelbraborec/Library/Developer/Xcode/DerivedData/revmeter-hbcnswmlqmbpnlazhhkncgeowiss/Build/Intermediates.noindex/Pods.build/Debug-iphonesimulator/RNWorklets.build/Objects-normal/arm64/WorkletRuntimeRegistry.o -index-unit-output-path /Pods.build/Debug-iphonesimulator/RNWorklets.build/Objects-normal/arm64/WorkletRuntimeRegistry.o

CompileC /Users/karelbraborec/Library/Developer/Xcode/DerivedData/revmeter-hbcnswmlqmbpnlazhhkncgeowiss/Build/Intermediates.noindex/Pods.build/Debug-iphonesimulator/RNWorklets.build/Objects-normal/arm64/WorkletRuntimeDecorator.o /Users/karelbraborec/rev-meter/node_modules/react-native-worklets/Common/cpp/worklets/WorkletRuntime/WorkletRuntimeDecorator.cpp normal arm64 c++ com.apple.compilers.llvm.clang.1_0.compiler (in target 'RNWorklets' from project 'Pods')
    cd /Users/karelbraborec/rev-meter/ios/Pods
    
    Using response file: /Users/karelbraborec/Library/Developer/Xcode/DerivedData/revmeter-hbcnswmlqmbpnlazhhkncgeowiss/Build/Intermediates.noindex/Pods.build/Debug-iphonesimulator/RNWorklets.build/Objects-normal/arm64/82b82416624d2658e5098eb0a28c15c5-common-args.resp
    
    /Applications/Xcode.app/Contents/Developer/Toolchains/XcodeDefault.xctoolchain/usr/bin/clang -x c++ -ivfsstatcache /Users/karelbraborec/Library/Developer/Xcode/DerivedData/SDKStatCaches.noindex/iphonesimulator26.5-23F81a-6cfe768891a92b912361537c460fe42b.sdkstatcache -target arm64-apple-ios15.1-simulator -fmessage-length\=0 -fdiagnostics-show-note-include-stack -fmacro-backtrace-limit\=0 -fno-color-diagnostics -fmodules-prune-interval\=86400 -fmodules-prune-after\=345600 -fbuild-session-file\=/Users/karelbraborec/Library/Developer/Xcode/DerivedData/ModuleCache.noindex/Session.modulevalidation -fmodules-validate-once-per-build-session -Wnon-modular-include-in-framework-module -Werror\=non-modular-include-in-framework-module -Wno-trigraphs -Wno-missing-field-initializers -Wno-missing-prototypes -Werror\=return-type -Wdocumentation -Wunreachable-code -Werror\=deprecated-objc-isa-usage -Werror\=objc-root-class -Wno-non-virtual-dtor -Wno-overloaded-virtual -Wno-exit-time-destructors -Wno-missing-braces -Wparentheses -Wswitch -Wunused-function -Wno-unused-label -Wno-unused-parameter -Wunused-variable -Wunused-value -Wempty-body -Wuninitialized -Wconditional-uninitialized -Wno-unknown-pragmas -Wno-shadow -Wno-four-char-constants -Wno-conversion -Wconstant-conversion -Wint-conversion -Wbool-conversion -Wenum-conversion -Wno-float-conversion -Wnon-literal-null-conversion -Wobjc-literal-conversion -Wshorten-64-to-32 -Wno-newline-eof -Wno-c++11-extensions -Wno-implicit-fallthrough -isysroot /Applications/Xcode.app/Contents/Developer/Platforms/iPhoneSimulator.platform/Developer/SDKs/iPhoneSimulator26.5.sdk -fstrict-aliasing -Wdeprecated-declarations -Winvalid-offsetof -Wno-sign-conversion -Winfinite-recursion -Wmove -Wcomma -Wblock-capture-autoreleasing -Wstrict-prototypes -Wrange-loop-analysis -Wno-semicolon-before-method-body -Wunguarded-availability -index-store-path /Users/karelbraborec/Library/Developer/Xcode/DerivedData/revmeter-hbcnswmlqmbpnlazhhkncgeowiss/Index.noindex/DataStore @/Users/karelbraborec/Library/Developer/Xcode/DerivedData/revmeter-hbcnswmlqmbpnlazhhkncgeowiss/Build/Intermediates.noindex/Pods.build/Debug-iphonesimulator/RNWorklets.build/Objects-normal/arm64/82b82416624d2658e5098eb0a28c15c5-common-args.resp -DRCT_NEW_ARCH_ENABLED\=1 -include /Users/karelbraborec/rev-meter/ios/Pods/Target\ Support\ Files/RNWorklets/RNWorklets-prefix.pch -MMD -MT dependencies -MF /Users/karelbraborec/Library/Developer/Xcode/DerivedData/revmeter-hbcnswmlqmbpnlazhhkncgeowiss/Build/Intermediates.noindex/Pods.build/Debug-iphonesimulator/RNWorklets.build/Objects-normal/arm64/WorkletRuntimeDecorator.d --serialize-diagnostics /Users/karelbraborec/Library/Developer/Xcode/DerivedData/revmeter-hbcnswmlqmbpnlazhhkncgeowiss/Build/Intermediates.noindex/Pods.build/Debug-iphonesimulator/RNWorklets.build/Objects-normal/arm64/WorkletRuntimeDecorator.dia -c /Users/karelbraborec/rev-meter/node_modules/react-native-worklets/Common/cpp/worklets/WorkletRuntime/WorkletRuntimeDecorator.cpp -o /Users/karelbraborec/Library/Developer/Xcode/DerivedData/revmeter-hbcnswmlqmbpnlazhhkncgeowiss/Build/Intermediates.noindex/Pods.build/Debug-iphonesimulator/RNWorklets.build/Objects-normal/arm64/WorkletRuntimeDecorator.o -index-unit-output-path /Pods.build/Debug-iphonesimulator/RNWorklets.build/Objects-normal/arm64/WorkletRuntimeDecorator.o
In file included from /Users/karelbraborec/rev-meter/node_modules/react-native-worklets/Common/cpp/worklets/WorkletRuntime/WorkletRuntimeDecorator.cpp:9:
/Users/karelbraborec/rev-meter/ios/Pods/Headers/Private/RNWorklets/worklets/WorkletRuntime/WorkletRuntime.h:181:8: warning: declaration is marked with '@deprecated' command but does not have a deprecation attribute [-Wdocumentation-deprecated-sync]
  181 |   /** @deprecated Use `schedule` instead. */
      |       ~^~~~~~~~~~~~~~~~~~~~~~~~~~~~~~~~~~
/Users/karelbraborec/rev-meter/ios/Pods/Headers/Private/RNWorklets/worklets/WorkletRuntime/WorkletRuntime.h:182:3: note: add a deprecation attribute to the declaration to silence this warning
  182 |   void runAsyncGuarded(const std::shared_ptr<SerializableWorklet> &worklet);
      |   ^
      |   __AVAILABILITY_INTERNAL_DEPRECATED 
/Users/karelbraborec/rev-meter/ios/Pods/Headers/Private/RNWorklets/worklets/WorkletRuntime/WorkletRuntime.h:184:8: warning: declaration is marked with '@deprecated' command but does not have a deprecation attribute [-Wdocumentation-deprecated-sync]
  184 |   /** @deprecated Use `runSyncSerialized` and extract to `jsi::Value` with
      |       ~^~~~~~~~~~~~~~~~~~~~~~~~~~~~~~~~~~~~~~~~~~~~~~~~~~~~~~~~~~~~~~~~~~~
  185 |    * `extractSerializableOrThrow` instead. */
      |    ~~~~~~~~~~~~~~~~~~~~~~~~~~~~~~~~~~~~~~~
/Users/karelbraborec/rev-meter/ios/Pods/Headers/Private/RNWorklets/worklets/WorkletRuntime/WorkletRuntime.h:186:3: note: add a deprecation attribute to the declaration to silence this warning
  186 |   jsi::Value executeSync(jsi::Runtime &rt, const jsi::Value &worklet) const;
      |   ^
      |   __AVAILABILITY_INTERNAL_DEPRECATED 
/Users/karelbraborec/rev-meter/ios/Pods/Headers/Private/RNWorklets/worklets/WorkletRuntime/WorkletRuntime.h:187:8: warning: declaration is marked with '@deprecated' command but does not have a deprecation attribute [-Wdocumentation-deprecated-sync]
  187 |   /** @deprecated Use `runSync` instead. */
      |       ~^~~~~~~~~~~~~~~~~~~~~~~~~~~~~~~~~
/Users/karelbraborec/rev-meter/ios/Pods/Headers/Private/RNWorklets/worklets/WorkletRuntime/WorkletRuntime.h:188:3: note: add a deprecation attribute to the declaration to silence this warning
  188 |   jsi::Value executeSync(std::function<jsi::Value(jsi::Runtime &)> &&job) const;
      |   ^
      |   __AVAILABILITY_INTERNAL_DEPRECATED 
/Users/karelbraborec/rev-meter/ios/Pods/Headers/Private/RNWorklets/worklets/WorkletRuntime/WorkletRuntime.h:189:8: warning: declaration is marked with '@deprecated' command but does not have a deprecation attribute [-Wdocumentation-deprecated-sync]
  189 |   /** @deprecated Use `runSync` instead. */
      |       ~^~~~~~~~~~~~~~~~~~~~~~~~~~~~~~~~~
/Users/karelbraborec/rev-meter/ios/Pods/Headers/Private/RNWorklets/worklets/WorkletRuntime/WorkletRuntime.h:190:3: note: add a deprecation attribute to the declaration to silence this warning
  190 |   jsi::Value executeSync(const std::function<jsi::Value(jsi::Runtime &)> &job) const;
      |   ^
      |   __AVAILABILITY_INTERNAL_DEPRECATED 
/Users/karelbraborec/rev-meter/ios/Pods/Headers/Private/RNWorklets/worklets/WorkletRuntime/WorkletRuntime.h:175:8: warning: declaration is marked with '@deprecated' command but does not have a deprecation attribute [-Wdocumentation-deprecated-sync]
  175 |   /** @deprecated Use `runSync` instead. */
      |       ~^~~~~~~~~~~~~~~~~~~~~~~~~~~~~~~~~
5 warnings generated.

CompileC /Users/karelbraborec/Library/Developer/Xcode/DerivedData/revmeter-hbcnswmlqmbpnlazhhkncgeowiss/Build/Intermediates.noindex/Pods.build/Debug-iphonesimulator/RNWorklets.build/Objects-normal/arm64/WorkletRuntime.o /Users/karelbraborec/rev-meter/node_modules/react-native-worklets/Common/cpp/worklets/WorkletRuntime/WorkletRuntime.cpp normal arm64 c++ com.apple.compilers.llvm.clang.1_0.compiler (in target 'RNWorklets' from project 'Pods')
    cd /Users/karelbraborec/rev-meter/ios/Pods
    
    Using response file: /Users/karelbraborec/Library/Developer/Xcode/DerivedData/revmeter-hbcnswmlqmbpnlazhhkncgeowiss/Build/Intermediates.noindex/Pods.build/Debug-iphonesimulator/RNWorklets.build/Objects-normal/arm64/82b82416624d2658e5098eb0a28c15c5-common-args.resp
    
    /Applications/Xcode.app/Contents/Developer/Toolchains/XcodeDefault.xctoolchain/usr/bin/clang -x c++ -ivfsstatcache /Users/karelbraborec/Library/Developer/Xcode/DerivedData/SDKStatCaches.noindex/iphonesimulator26.5-23F81a-6cfe768891a92b912361537c460fe42b.sdkstatcache -target arm64-apple-ios15.1-simulator -fmessage-length\=0 -fdiagnostics-show-note-include-stack -fmacro-backtrace-limit\=0 -fno-color-diagnostics -fmodules-prune-interval\=86400 -fmodules-prune-after\=345600 -fbuild-session-file\=/Users/karelbraborec/Library/Developer/Xcode/DerivedData/ModuleCache.noindex/Session.modulevalidation -fmodules-validate-once-per-build-session -Wnon-modular-include-in-framework-module -Werror\=non-modular-include-in-framework-module -Wno-trigraphs -Wno-missing-field-initializers -Wno-missing-prototypes -Werror\=return-type -Wdocumentation -Wunreachable-code -Werror\=deprecated-objc-isa-usage -Werror\=objc-root-class -Wno-non-virtual-dtor -Wno-overloaded-virtual -Wno-exit-time-destructors -Wno-missing-braces -Wparentheses -Wswitch -Wunused-function -Wno-unused-label -Wno-unused-parameter -Wunused-variable -Wunused-value -Wempty-body -Wuninitialized -Wconditional-uninitialized -Wno-unknown-pragmas -Wno-shadow -Wno-four-char-constants -Wno-conversion -Wconstant-conversion -Wint-conversion -Wbool-conversion -Wenum-conversion -Wno-float-conversion -Wnon-literal-null-conversion -Wobjc-literal-conversion -Wshorten-64-to-32 -Wno-newline-eof -Wno-c++11-extensions -Wno-implicit-fallthrough -isysroot /Applications/Xcode.app/Contents/Developer/Platforms/iPhoneSimulator.platform/Developer/SDKs/iPhoneSimulator26.5.sdk -fstrict-aliasing -Wdeprecated-declarations -Winvalid-offsetof -Wno-sign-conversion -Winfinite-recursion -Wmove -Wcomma -Wblock-capture-autoreleasing -Wstrict-prototypes -Wrange-loop-analysis -Wno-semicolon-before-method-body -Wunguarded-availability -index-store-path /Users/karelbraborec/Library/Developer/Xcode/DerivedData/revmeter-hbcnswmlqmbpnlazhhkncgeowiss/Index.noindex/DataStore @/Users/karelbraborec/Library/Developer/Xcode/DerivedData/revmeter-hbcnswmlqmbpnlazhhkncgeowiss/Build/Intermediates.noindex/Pods.build/Debug-iphonesimulator/RNWorklets.build/Objects-normal/arm64/82b82416624d2658e5098eb0a28c15c5-common-args.resp -DRCT_NEW_ARCH_ENABLED\=1 -include /Users/karelbraborec/rev-meter/ios/Pods/Target\ Support\ Files/RNWorklets/RNWorklets-prefix.pch -MMD -MT dependencies -MF /Users/karelbraborec/Library/Developer/Xcode/DerivedData/revmeter-hbcnswmlqmbpnlazhhkncgeowiss/Build/Intermediates.noindex/Pods.build/Debug-iphonesimulator/RNWorklets.build/Objects-normal/arm64/WorkletRuntime.d --serialize-diagnostics /Users/karelbraborec/Library/Developer/Xcode/DerivedData/revmeter-hbcnswmlqmbpnlazhhkncgeowiss/Build/Intermediates.noindex/Pods.build/Debug-iphonesimulator/RNWorklets.build/Objects-normal/arm64/WorkletRuntime.dia -c /Users/karelbraborec/rev-meter/node_modules/react-native-worklets/Common/cpp/worklets/WorkletRuntime/WorkletRuntime.cpp -o /Users/karelbraborec/Library/Developer/Xcode/DerivedData/revmeter-hbcnswmlqmbpnlazhhkncgeowiss/Build/Intermediates.noindex/Pods.build/Debug-iphonesimulator/RNWorklets.build/Objects-normal/arm64/WorkletRuntime.o -index-unit-output-path /Pods.build/Debug-iphonesimulator/RNWorklets.build/Objects-normal/arm64/WorkletRuntime.o
In file included from /Users/karelbraborec/rev-meter/node_modules/react-native-worklets/Common/cpp/worklets/WorkletRuntime/WorkletRuntime.cpp:3:
In file included from /Users/karelbraborec/rev-meter/ios/Pods/Headers/Private/RNWorklets/worklets/NativeModules/JSIWorkletsModuleProxy.h:4:
In file included from /Users/karelbraborec/rev-meter/ios/Pods/Headers/Private/RNWorklets/worklets/SharedItems/MemoryManager.h:6:
/Users/karelbraborec/rev-meter/ios/Pods/Headers/Private/RNWorklets/worklets/WorkletRuntime/WorkletRuntime.h:181:8: warning: declaration is marked with '@deprecated' command but does not have a deprecation attribute [-Wdocumentation-deprecated-sync]
  181 |   /** @deprecated Use `schedule` instead. */
      |       ~^~~~~~~~~~~~~~~~~~~~~~~~~~~~~~~~~~
/Users/karelbraborec/rev-meter/ios/Pods/Headers/Private/RNWorklets/worklets/WorkletRuntime/WorkletRuntime.h:182:3: note: add a deprecation attribute to the declaration to silence this warning
  182 |   void runAsyncGuarded(const std::shared_ptr<SerializableWorklet> &worklet);
      |   ^
      |   __AVAILABILITY_INTERNAL_DEPRECATED 
/Users/karelbraborec/rev-meter/ios/Pods/Headers/Private/RNWorklets/worklets/WorkletRuntime/WorkletRuntime.h:184:8: warning: declaration is marked with '@deprecated' command but does not have a deprecation attribute [-Wdocumentation-deprecated-sync]
  184 |   /** @deprecated Use `runSyncSerialized` and extract to `jsi::Value` with
      |       ~^~~~~~~~~~~~~~~~~~~~~~~~~~~~~~~~~~~~~~~~~~~~~~~~~~~~~~~~~~~~~~~~~~~
  185 |    * `extractSerializableOrThrow` instead. */
      |    ~~~~~~~~~~~~~~~~~~~~~~~~~~~~~~~~~~~~~~~
/Users/karelbraborec/rev-meter/ios/Pods/Headers/Private/RNWorklets/worklets/WorkletRuntime/WorkletRuntime.h:186:3: note: add a deprecation attribute to the declaration to silence this warning
  186 |   jsi::Value executeSync(jsi::Runtime &rt, const jsi::Value &worklet) const;
      |   ^
      |   __AVAILABILITY_INTERNAL_DEPRECATED 
/Users/karelbraborec/rev-meter/ios/Pods/Headers/Private/RNWorklets/worklets/WorkletRuntime/WorkletRuntime.h:187:8: warning: declaration is marked with '@deprecated' command but does not have a deprecation attribute [-Wdocumentation-deprecated-sync]
  187 |   /** @deprecated Use `runSync` instead. */
      |       ~^~~~~~~~~~~~~~~~~~~~~~~~~~~~~~~~~
/Users/karelbraborec/rev-meter/ios/Pods/Headers/Private/RNWorklets/worklets/WorkletRuntime/WorkletRuntime.h:188:3: note: add a deprecation attribute to the declaration to silence this warning
  188 |   jsi::Value executeSync(std::function<jsi::Value(jsi::Runtime &)> &&job) const;
      |   ^
      |   __AVAILABILITY_INTERNAL_DEPRECATED 
/Users/karelbraborec/rev-meter/ios/Pods/Headers/Private/RNWorklets/worklets/WorkletRuntime/WorkletRuntime.h:189:8: warning: declaration is marked with '@deprecated' command but does not have a deprecation attribute [-Wdocumentation-deprecated-sync]
  189 |   /** @deprecated Use `runSync` instead. */
      |       ~^~~~~~~~~~~~~~~~~~~~~~~~~~~~~~~~~
/Users/karelbraborec/rev-meter/ios/Pods/Headers/Private/RNWorklets/worklets/WorkletRuntime/WorkletRuntime.h:190:3: note: add a deprecation attribute to the declaration to silence this warning
  190 |   jsi::Value executeSync(const std::function<jsi::Value(jsi::Runtime &)> &job) const;
      |   ^
      |   __AVAILABILITY_INTERNAL_DEPRECATED 
/Users/karelbraborec/rev-meter/ios/Pods/Headers/Private/RNWorklets/worklets/WorkletRuntime/WorkletRuntime.h:175:8: warning: declaration is marked with '@deprecated' command but does not have a deprecation attribute [-Wdocumentation-deprecated-sync]
  175 |   /** @deprecated Use `runSync` instead. */
      |       ~^~~~~~~~~~~~~~~~~~~~~~~~~~~~~~~~~
5 warnings generated.

CompileC /Users/karelbraborec/Library/Developer/Xcode/DerivedData/revmeter-hbcnswmlqmbpnlazhhkncgeowiss/Build/Intermediates.noindex/Pods.build/Debug-iphonesimulator/RNWorklets.build/Objects-normal/arm64/WorkletHermesRuntime.o /Users/karelbraborec/rev-meter/node_modules/react-native-worklets/Common/cpp/worklets/WorkletRuntime/WorkletHermesRuntime.cpp normal arm64 c++ com.apple.compilers.llvm.clang.1_0.compiler (in target 'RNWorklets' from project 'Pods')
    cd /Users/karelbraborec/rev-meter/ios/Pods
    
    Using response file: /Users/karelbraborec/Library/Developer/Xcode/DerivedData/revmeter-hbcnswmlqmbpnlazhhkncgeowiss/Build/Intermediates.noindex/Pods.build/Debug-iphonesimulator/RNWorklets.build/Objects-normal/arm64/82b82416624d2658e5098eb0a28c15c5-common-args.resp
    
    /Applications/Xcode.app/Contents/Developer/Toolchains/XcodeDefault.xctoolchain/usr/bin/clang -x c++ -ivfsstatcache /Users/karelbraborec/Library/Developer/Xcode/DerivedData/SDKStatCaches.noindex/iphonesimulator26.5-23F81a-6cfe768891a92b912361537c460fe42b.sdkstatcache -target arm64-apple-ios15.1-simulator -fmessage-length\=0 -fdiagnostics-show-note-include-stack -fmacro-backtrace-limit\=0 -fno-color-diagnostics -fmodules-prune-interval\=86400 -fmodules-prune-after\=345600 -fbuild-session-file\=/Users/karelbraborec/Library/Developer/Xcode/DerivedData/ModuleCache.noindex/Session.modulevalidation -fmodules-validate-once-per-build-session -Wnon-modular-include-in-framework-module -Werror\=non-modular-include-in-framework-module -Wno-trigraphs -Wno-missing-field-initializers -Wno-missing-prototypes -Werror\=return-type -Wdocumentation -Wunreachable-code -Werror\=deprecated-objc-isa-usage -Werror\=objc-root-class -Wno-non-virtual-dtor -Wno-overloaded-virtual -Wno-exit-time-destructors -Wno-missing-braces -Wparentheses -Wswitch -Wunused-function -Wno-unused-label -Wno-unused-parameter -Wunused-variable -Wunused-value -Wempty-body -Wuninitialized -Wconditional-uninitialized -Wno-unknown-pragmas -Wno-shadow -Wno-four-char-constants -Wno-conversion -Wconstant-conversion -Wint-conversion -Wbool-conversion -Wenum-conversion -Wno-float-conversion -Wnon-literal-null-conversion -Wobjc-literal-conversion -Wshorten-64-to-32 -Wno-newline-eof -Wno-c++11-extensions -Wno-implicit-fallthrough -isysroot /Applications/Xcode.app/Contents/Developer/Platforms/iPhoneSimulator.platform/Developer/SDKs/iPhoneSimulator26.5.sdk -fstrict-aliasing -Wdeprecated-declarations -Winvalid-offsetof -Wno-sign-conversion -Winfinite-recursion -Wmove -Wcomma -Wblock-capture-autoreleasing -Wstrict-prototypes -Wrange-loop-analysis -Wno-semicolon-before-method-body -Wunguarded-availability -index-store-path /Users/karelbraborec/Library/Developer/Xcode/DerivedData/revmeter-hbcnswmlqmbpnlazhhkncgeowiss/Index.noindex/DataStore @/Users/karelbraborec/Library/Developer/Xcode/DerivedData/revmeter-hbcnswmlqmbpnlazhhkncgeowiss/Build/Intermediates.noindex/Pods.build/Debug-iphonesimulator/RNWorklets.build/Objects-normal/arm64/82b82416624d2658e5098eb0a28c15c5-common-args.resp -DRCT_NEW_ARCH_ENABLED\=1 -include /Users/karelbraborec/rev-meter/ios/Pods/Target\ Support\ Files/RNWorklets/RNWorklets-prefix.pch -MMD -MT dependencies -MF /Users/karelbraborec/Library/Developer/Xcode/DerivedData/revmeter-hbcnswmlqmbpnlazhhkncgeowiss/Build/Intermediates.noindex/Pods.build/Debug-iphonesimulator/RNWorklets.build/Objects-normal/arm64/WorkletHermesRuntime.d --serialize-diagnostics /Users/karelbraborec/Library/Developer/Xcode/DerivedData/revmeter-hbcnswmlqmbpnlazhhkncgeowiss/Build/Intermediates.noindex/Pods.build/Debug-iphonesimulator/RNWorklets.build/Objects-normal/arm64/WorkletHermesRuntime.dia -c /Users/karelbraborec/rev-meter/node_modules/react-native-worklets/Common/cpp/worklets/WorkletRuntime/WorkletHermesRuntime.cpp -o /Users/karelbraborec/Library/Developer/Xcode/DerivedData/revmeter-hbcnswmlqmbpnlazhhkncgeowiss/Build/Intermediates.noindex/Pods.build/Debug-iphonesimulator/RNWorklets.build/Objects-normal/arm64/WorkletHermesRuntime.o -index-unit-output-path /Pods.build/Debug-iphonesimulator/RNWorklets.build/Objects-normal/arm64/WorkletHermesRuntime.o

CompileC /Users/karelbraborec/Library/Developer/Xcode/DerivedData/revmeter-hbcnswmlqmbpnlazhhkncgeowiss/Build/Intermediates.noindex/Pods.build/Debug-iphonesimulator/RNWorklets.build/Objects-normal/arm64/WorkletEventHandler.o /Users/karelbraborec/rev-meter/node_modules/react-native-worklets/Common/cpp/worklets/Tools/WorkletEventHandler.cpp normal arm64 c++ com.apple.compilers.llvm.clang.1_0.compiler (in target 'RNWorklets' from project 'Pods')
    cd /Users/karelbraborec/rev-meter/ios/Pods
    
    Using response file: /Users/karelbraborec/Library/Developer/Xcode/DerivedData/revmeter-hbcnswmlqmbpnlazhhkncgeowiss/Build/Intermediates.noindex/Pods.build/Debug-iphonesimulator/RNWorklets.build/Objects-normal/arm64/82b82416624d2658e5098eb0a28c15c5-common-args.resp
    
    /Applications/Xcode.app/Contents/Developer/Toolchains/XcodeDefault.xctoolchain/usr/bin/clang -x c++ -ivfsstatcache /Users/karelbraborec/Library/Developer/Xcode/DerivedData/SDKStatCaches.noindex/iphonesimulator26.5-23F81a-6cfe768891a92b912361537c460fe42b.sdkstatcache -target arm64-apple-ios15.1-simulator -fmessage-length\=0 -fdiagnostics-show-note-include-stack -fmacro-backtrace-limit\=0 -fno-color-diagnostics -fmodules-prune-interval\=86400 -fmodules-prune-after\=345600 -fbuild-session-file\=/Users/karelbraborec/Library/Developer/Xcode/DerivedData/ModuleCache.noindex/Session.modulevalidation -fmodules-validate-once-per-build-session -Wnon-modular-include-in-framework-module -Werror\=non-modular-include-in-framework-module -Wno-trigraphs -Wno-missing-field-initializers -Wno-missing-prototypes -Werror\=return-type -Wdocumentation -Wunreachable-code -Werror\=deprecated-objc-isa-usage -Werror\=objc-root-class -Wno-non-virtual-dtor -Wno-overloaded-virtual -Wno-exit-time-destructors -Wno-missing-braces -Wparentheses -Wswitch -Wunused-function -Wno-unused-label -Wno-unused-parameter -Wunused-variable -Wunused-value -Wempty-body -Wuninitialized -Wconditional-uninitialized -Wno-unknown-pragmas -Wno-shadow -Wno-four-char-constants -Wno-conversion -Wconstant-conversion -Wint-conversion -Wbool-conversion -Wenum-conversion -Wno-float-conversion -Wnon-literal-null-conversion -Wobjc-literal-conversion -Wshorten-64-to-32 -Wno-newline-eof -Wno-c++11-extensions -Wno-implicit-fallthrough -isysroot /Applications/Xcode.app/Contents/Developer/Platforms/iPhoneSimulator.platform/Developer/SDKs/iPhoneSimulator26.5.sdk -fstrict-aliasing -Wdeprecated-declarations -Winvalid-offsetof -Wno-sign-conversion -Winfinite-recursion -Wmove -Wcomma -Wblock-capture-autoreleasing -Wstrict-prototypes -Wrange-loop-analysis -Wno-semicolon-before-method-body -Wunguarded-availability -index-store-path /Users/karelbraborec/Library/Developer/Xcode/DerivedData/revmeter-hbcnswmlqmbpnlazhhkncgeowiss/Index.noindex/DataStore @/Users/karelbraborec/Library/Developer/Xcode/DerivedData/revmeter-hbcnswmlqmbpnlazhhkncgeowiss/Build/Intermediates.noindex/Pods.build/Debug-iphonesimulator/RNWorklets.build/Objects-normal/arm64/82b82416624d2658e5098eb0a28c15c5-common-args.resp -DRCT_NEW_ARCH_ENABLED\=1 -include /Users/karelbraborec/rev-meter/ios/Pods/Target\ Support\ Files/RNWorklets/RNWorklets-prefix.pch -MMD -MT dependencies -MF /Users/karelbraborec/Library/Developer/Xcode/DerivedData/revmeter-hbcnswmlqmbpnlazhhkncgeowiss/Build/Intermediates.noindex/Pods.build/Debug-iphonesimulator/RNWorklets.build/Objects-normal/arm64/WorkletEventHandler.d --serialize-diagnostics /Users/karelbraborec/Library/Developer/Xcode/DerivedData/revmeter-hbcnswmlqmbpnlazhhkncgeowiss/Build/Intermediates.noindex/Pods.build/Debug-iphonesimulator/RNWorklets.build/Objects-normal/arm64/WorkletEventHandler.dia -c /Users/karelbraborec/rev-meter/node_modules/react-native-worklets/Common/cpp/worklets/Tools/WorkletEventHandler.cpp -o /Users/karelbraborec/Library/Developer/Xcode/DerivedData/revmeter-hbcnswmlqmbpnlazhhkncgeowiss/Build/Intermediates.noindex/Pods.build/Debug-iphonesimulator/RNWorklets.build/Objects-normal/arm64/WorkletEventHandler.o -index-unit-output-path /Pods.build/Debug-iphonesimulator/RNWorklets.build/Objects-normal/arm64/WorkletEventHandler.o
In file included from /Users/karelbraborec/rev-meter/node_modules/react-native-worklets/Common/cpp/worklets/Tools/WorkletEventHandler.cpp:4:
In file included from /Users/karelbraborec/rev-meter/ios/Pods/Headers/Private/RNWorklets/worklets/Tools/WorkletEventHandler.h:7:
/Users/karelbraborec/rev-meter/ios/Pods/Headers/Private/RNWorklets/worklets/WorkletRuntime/WorkletRuntime.h:181:8: warning: declaration is marked with '@deprecated' command but does not have a deprecation attribute [-Wdocumentation-deprecated-sync]
  181 |   /** @deprecated Use `schedule` instead. */
      |       ~^~~~~~~~~~~~~~~~~~~~~~~~~~~~~~~~~~
/Users/karelbraborec/rev-meter/ios/Pods/Headers/Private/RNWorklets/worklets/WorkletRuntime/WorkletRuntime.h:182:3: note: add a deprecation attribute to the declaration to silence this warning
  182 |   void runAsyncGuarded(const std::shared_ptr<SerializableWorklet> &worklet);
      |   ^
      |   __AVAILABILITY_INTERNAL_DEPRECATED 
/Users/karelbraborec/rev-meter/ios/Pods/Headers/Private/RNWorklets/worklets/WorkletRuntime/WorkletRuntime.h:184:8: warning: declaration is marked with '@deprecated' command but does not have a deprecation attribute [-Wdocumentation-deprecated-sync]
  184 |   /** @deprecated Use `runSyncSerialized` and extract to `jsi::Value` with
      |       ~^~~~~~~~~~~~~~~~~~~~~~~~~~~~~~~~~~~~~~~~~~~~~~~~~~~~~~~~~~~~~~~~~~~
  185 |    * `extractSerializableOrThrow` instead. */
      |    ~~~~~~~~~~~~~~~~~~~~~~~~~~~~~~~~~~~~~~~
/Users/karelbraborec/rev-meter/ios/Pods/Headers/Private/RNWorklets/worklets/WorkletRuntime/WorkletRuntime.h:186:3: note: add a deprecation attribute to the declaration to silence this warning
  186 |   jsi::Value executeSync(jsi::Runtime &rt, const jsi::Value &worklet) const;
      |   ^
      |   __AVAILABILITY_INTERNAL_DEPRECATED 
/Users/karelbraborec/rev-meter/ios/Pods/Headers/Private/RNWorklets/worklets/WorkletRuntime/WorkletRuntime.h:187:8: warning: declaration is marked with '@deprecated' command but does not have a deprecation attribute [-Wdocumentation-deprecated-sync]
  187 |   /** @deprecated Use `runSync` instead. */
      |       ~^~~~~~~~~~~~~~~~~~~~~~~~~~~~~~~~~
/Users/karelbraborec/rev-meter/ios/Pods/Headers/Private/RNWorklets/worklets/WorkletRuntime/WorkletRuntime.h:188:3: note: add a deprecation attribute to the declaration to silence this warning
  188 |   jsi::Value executeSync(std::function<jsi::Value(jsi::Runtime &)> &&job) const;
      |   ^
      |   __AVAILABILITY_INTERNAL_DEPRECATED 
/Users/karelbraborec/rev-meter/ios/Pods/Headers/Private/RNWorklets/worklets/WorkletRuntime/WorkletRuntime.h:189:8: warning: declaration is marked with '@deprecated' command but does not have a deprecation attribute [-Wdocumentation-deprecated-sync]
  189 |   /** @deprecated Use `runSync` instead. */
      |       ~^~~~~~~~~~~~~~~~~~~~~~~~~~~~~~~~~
/Users/karelbraborec/rev-meter/ios/Pods/Headers/Private/RNWorklets/worklets/WorkletRuntime/WorkletRuntime.h:190:3: note: add a deprecation attribute to the declaration to silence this warning
  190 |   jsi::Value executeSync(const std::function<jsi::Value(jsi::Runtime &)> &job) const;
      |   ^
      |   __AVAILABILITY_INTERNAL_DEPRECATED 
/Users/karelbraborec/rev-meter/ios/Pods/Headers/Private/RNWorklets/worklets/WorkletRuntime/WorkletRuntime.h:175:8: warning: declaration is marked with '@deprecated' command but does not have a deprecation attribute [-Wdocumentation-deprecated-sync]
  175 |   /** @deprecated Use `runSync` instead. */
      |       ~^~~~~~~~~~~~~~~~~~~~~~~~~~~~~~~~~
5 warnings generated.

CompileC /Users/karelbraborec/Library/Developer/Xcode/DerivedData/revmeter-hbcnswmlqmbpnlazhhkncgeowiss/Build/Intermediates.noindex/Pods.build/Debug-iphonesimulator/RNWorklets.build/Objects-normal/arm64/VersionUtils.o /Users/karelbraborec/rev-meter/node_modules/react-native-worklets/Common/cpp/worklets/Tools/VersionUtils.cpp normal arm64 c++ com.apple.compilers.llvm.clang.1_0.compiler (in target 'RNWorklets' from project 'Pods')
    cd /Users/karelbraborec/rev-meter/ios/Pods
    
    Using response file: /Users/karelbraborec/Library/Developer/Xcode/DerivedData/revmeter-hbcnswmlqmbpnlazhhkncgeowiss/Build/Intermediates.noindex/Pods.build/Debug-iphonesimulator/RNWorklets.build/Objects-normal/arm64/82b82416624d2658e5098eb0a28c15c5-common-args.resp
    
    /Applications/Xcode.app/Contents/Developer/Toolchains/XcodeDefault.xctoolchain/usr/bin/clang -x c++ -ivfsstatcache /Users/karelbraborec/Library/Developer/Xcode/DerivedData/SDKStatCaches.noindex/iphonesimulator26.5-23F81a-6cfe768891a92b912361537c460fe42b.sdkstatcache -target arm64-apple-ios15.1-simulator -fmessage-length\=0 -fdiagnostics-show-note-include-stack -fmacro-backtrace-limit\=0 -fno-color-diagnostics -fmodules-prune-interval\=86400 -fmodules-prune-after\=345600 -fbuild-session-file\=/Users/karelbraborec/Library/Developer/Xcode/DerivedData/ModuleCache.noindex/Session.modulevalidation -fmodules-validate-once-per-build-session -Wnon-modular-include-in-framework-module -Werror\=non-modular-include-in-framework-module -Wno-trigraphs -Wno-missing-field-initializers -Wno-missing-prototypes -Werror\=return-type -Wdocumentation -Wunreachable-code -Werror\=deprecated-objc-isa-usage -Werror\=objc-root-class -Wno-non-virtual-dtor -Wno-overloaded-virtual -Wno-exit-time-destructors -Wno-missing-braces -Wparentheses -Wswitch -Wunused-function -Wno-unused-label -Wno-unused-parameter -Wunused-variable -Wunused-value -Wempty-body -Wuninitialized -Wconditional-uninitialized -Wno-unknown-pragmas -Wno-shadow -Wno-four-char-constants -Wno-conversion -Wconstant-conversion -Wint-conversion -Wbool-conversion -Wenum-conversion -Wno-float-conversion -Wnon-literal-null-conversion -Wobjc-literal-conversion -Wshorten-64-to-32 -Wno-newline-eof -Wno-c++11-extensions -Wno-implicit-fallthrough -isysroot /Applications/Xcode.app/Contents/Developer/Platforms/iPhoneSimulator.platform/Developer/SDKs/iPhoneSimulator26.5.sdk -fstrict-aliasing -Wdeprecated-declarations -Winvalid-offsetof -Wno-sign-conversion -Winfinite-recursion -Wmove -Wcomma -Wblock-capture-autoreleasing -Wstrict-prototypes -Wrange-loop-analysis -Wno-semicolon-before-method-body -Wunguarded-availability -index-store-path /Users/karelbraborec/Library/Developer/Xcode/DerivedData/revmeter-hbcnswmlqmbpnlazhhkncgeowiss/Index.noindex/DataStore @/Users/karelbraborec/Library/Developer/Xcode/DerivedData/revmeter-hbcnswmlqmbpnlazhhkncgeowiss/Build/Intermediates.noindex/Pods.build/Debug-iphonesimulator/RNWorklets.build/Objects-normal/arm64/82b82416624d2658e5098eb0a28c15c5-common-args.resp -DRCT_NEW_ARCH_ENABLED\=1 -include /Users/karelbraborec/rev-meter/ios/Pods/Target\ Support\ Files/RNWorklets/RNWorklets-prefix.pch -MMD -MT dependencies -MF /Users/karelbraborec/Library/Developer/Xcode/DerivedData/revmeter-hbcnswmlqmbpnlazhhkncgeowiss/Build/Intermediates.noindex/Pods.build/Debug-iphonesimulator/RNWorklets.build/Objects-normal/arm64/VersionUtils.d --serialize-diagnostics /Users/karelbraborec/Library/Developer/Xcode/DerivedData/revmeter-hbcnswmlqmbpnlazhhkncgeowiss/Build/Intermediates.noindex/Pods.build/Debug-iphonesimulator/RNWorklets.build/Objects-normal/arm64/VersionUtils.dia -c /Users/karelbraborec/rev-meter/node_modules/react-native-worklets/Common/cpp/worklets/Tools/VersionUtils.cpp -o /Users/karelbraborec/Library/Developer/Xcode/DerivedData/revmeter-hbcnswmlqmbpnlazhhkncgeowiss/Build/Intermediates.noindex/Pods.build/Debug-iphonesimulator/RNWorklets.build/Objects-normal/arm64/VersionUtils.o -index-unit-output-path /Pods.build/Debug-iphonesimulator/RNWorklets.build/Objects-normal/arm64/VersionUtils.o

CompileC /Users/karelbraborec/Library/Developer/Xcode/DerivedData/revmeter-hbcnswmlqmbpnlazhhkncgeowiss/Build/Intermediates.noindex/Pods.build/Debug-iphonesimulator/RNWorklets.build/Objects-normal/arm64/UIScheduler.o /Users/karelbraborec/rev-meter/node_modules/react-native-worklets/Common/cpp/worklets/Tools/UIScheduler.cpp normal arm64 c++ com.apple.compilers.llvm.clang.1_0.compiler (in target 'RNWorklets' from project 'Pods')
    cd /Users/karelbraborec/rev-meter/ios/Pods
    
    Using response file: /Users/karelbraborec/Library/Developer/Xcode/DerivedData/revmeter-hbcnswmlqmbpnlazhhkncgeowiss/Build/Intermediates.noindex/Pods.build/Debug-iphonesimulator/RNWorklets.build/Objects-normal/arm64/82b82416624d2658e5098eb0a28c15c5-common-args.resp
    
    /Applications/Xcode.app/Contents/Developer/Toolchains/XcodeDefault.xctoolchain/usr/bin/clang -x c++ -ivfsstatcache /Users/karelbraborec/Library/Developer/Xcode/DerivedData/SDKStatCaches.noindex/iphonesimulator26.5-23F81a-6cfe768891a92b912361537c460fe42b.sdkstatcache -target arm64-apple-ios15.1-simulator -fmessage-length\=0 -fdiagnostics-show-note-include-stack -fmacro-backtrace-limit\=0 -fno-color-diagnostics -fmodules-prune-interval\=86400 -fmodules-prune-after\=345600 -fbuild-session-file\=/Users/karelbraborec/Library/Developer/Xcode/DerivedData/ModuleCache.noindex/Session.modulevalidation -fmodules-validate-once-per-build-session -Wnon-modular-include-in-framework-module -Werror\=non-modular-include-in-framework-module -Wno-trigraphs -Wno-missing-field-initializers -Wno-missing-prototypes -Werror\=return-type -Wdocumentation -Wunreachable-code -Werror\=deprecated-objc-isa-usage -Werror\=objc-root-class -Wno-non-virtual-dtor -Wno-overloaded-virtual -Wno-exit-time-destructors -Wno-missing-braces -Wparentheses -Wswitch -Wunused-function -Wno-unused-label -Wno-unused-parameter -Wunused-variable -Wunused-value -Wempty-body -Wuninitialized -Wconditional-uninitialized -Wno-unknown-pragmas -Wno-shadow -Wno-four-char-constants -Wno-conversion -Wconstant-conversion -Wint-conversion -Wbool-conversion -Wenum-conversion -Wno-float-conversion -Wnon-literal-null-conversion -Wobjc-literal-conversion -Wshorten-64-to-32 -Wno-newline-eof -Wno-c++11-extensions -Wno-implicit-fallthrough -isysroot /Applications/Xcode.app/Contents/Developer/Platforms/iPhoneSimulator.platform/Developer/SDKs/iPhoneSimulator26.5.sdk -fstrict-aliasing -Wdeprecated-declarations -Winvalid-offsetof -Wno-sign-conversion -Winfinite-recursion -Wmove -Wcomma -Wblock-capture-autoreleasing -Wstrict-prototypes -Wrange-loop-analysis -Wno-semicolon-before-method-body -Wunguarded-availability -index-store-path /Users/karelbraborec/Library/Developer/Xcode/DerivedData/revmeter-hbcnswmlqmbpnlazhhkncgeowiss/Index.noindex/DataStore @/Users/karelbraborec/Library/Developer/Xcode/DerivedData/revmeter-hbcnswmlqmbpnlazhhkncgeowiss/Build/Intermediates.noindex/Pods.build/Debug-iphonesimulator/RNWorklets.build/Objects-normal/arm64/82b82416624d2658e5098eb0a28c15c5-common-args.resp -DRCT_NEW_ARCH_ENABLED\=1 -include /Users/karelbraborec/rev-meter/ios/Pods/Target\ Support\ Files/RNWorklets/RNWorklets-prefix.pch -MMD -MT dependencies -MF /Users/karelbraborec/Library/Developer/Xcode/DerivedData/revmeter-hbcnswmlqmbpnlazhhkncgeowiss/Build/Intermediates.noindex/Pods.build/Debug-iphonesimulator/RNWorklets.build/Objects-normal/arm64/UIScheduler.d --serialize-diagnostics /Users/karelbraborec/Library/Developer/Xcode/DerivedData/revmeter-hbcnswmlqmbpnlazhhkncgeowiss/Build/Intermediates.noindex/Pods.build/Debug-iphonesimulator/RNWorklets.build/Objects-normal/arm64/UIScheduler.dia -c /Users/karelbraborec/rev-meter/node_modules/react-native-worklets/Common/cpp/worklets/Tools/UIScheduler.cpp -o /Users/karelbraborec/Library/Developer/Xcode/DerivedData/revmeter-hbcnswmlqmbpnlazhhkncgeowiss/Build/Intermediates.noindex/Pods.build/Debug-iphonesimulator/RNWorklets.build/Objects-normal/arm64/UIScheduler.o -index-unit-output-path /Pods.build/Debug-iphonesimulator/RNWorklets.build/Objects-normal/arm64/UIScheduler.o

CompileC /Users/karelbraborec/Library/Developer/Xcode/DerivedData/revmeter-hbcnswmlqmbpnlazhhkncgeowiss/Build/Intermediates.noindex/Pods.build/Debug-iphonesimulator/RNWorklets.build/Objects-normal/arm64/UIRuntimeDecorator.o /Users/karelbraborec/rev-meter/node_modules/react-native-worklets/Common/cpp/worklets/WorkletRuntime/UIRuntimeDecorator.cpp normal arm64 c++ com.apple.compilers.llvm.clang.1_0.compiler (in target 'RNWorklets' from project 'Pods')
    cd /Users/karelbraborec/rev-meter/ios/Pods
    
    Using response file: /Users/karelbraborec/Library/Developer/Xcode/DerivedData/revmeter-hbcnswmlqmbpnlazhhkncgeowiss/Build/Intermediates.noindex/Pods.build/Debug-iphonesimulator/RNWorklets.build/Objects-normal/arm64/82b82416624d2658e5098eb0a28c15c5-common-args.resp
    
    /Applications/Xcode.app/Contents/Developer/Toolchains/XcodeDefault.xctoolchain/usr/bin/clang -x c++ -ivfsstatcache /Users/karelbraborec/Library/Developer/Xcode/DerivedData/SDKStatCaches.noindex/iphonesimulator26.5-23F81a-6cfe768891a92b912361537c460fe42b.sdkstatcache -target arm64-apple-ios15.1-simulator -fmessage-length\=0 -fdiagnostics-show-note-include-stack -fmacro-backtrace-limit\=0 -fno-color-diagnostics -fmodules-prune-interval\=86400 -fmodules-prune-after\=345600 -fbuild-session-file\=/Users/karelbraborec/Library/Developer/Xcode/DerivedData/ModuleCache.noindex/Session.modulevalidation -fmodules-validate-once-per-build-session -Wnon-modular-include-in-framework-module -Werror\=non-modular-include-in-framework-module -Wno-trigraphs -Wno-missing-field-initializers -Wno-missing-prototypes -Werror\=return-type -Wdocumentation -Wunreachable-code -Werror\=deprecated-objc-isa-usage -Werror\=objc-root-class -Wno-non-virtual-dtor -Wno-overloaded-virtual -Wno-exit-time-destructors -Wno-missing-braces -Wparentheses -Wswitch -Wunused-function -Wno-unused-label -Wno-unused-parameter -Wunused-variable -Wunused-value -Wempty-body -Wuninitialized -Wconditional-uninitialized -Wno-unknown-pragmas -Wno-shadow -Wno-four-char-constants -Wno-conversion -Wconstant-conversion -Wint-conversion -Wbool-conversion -Wenum-conversion -Wno-float-conversion -Wnon-literal-null-conversion -Wobjc-literal-conversion -Wshorten-64-to-32 -Wno-newline-eof -Wno-c++11-extensions -Wno-implicit-fallthrough -isysroot /Applications/Xcode.app/Contents/Developer/Platforms/iPhoneSimulator.platform/Developer/SDKs/iPhoneSimulator26.5.sdk -fstrict-aliasing -Wdeprecated-declarations -Winvalid-offsetof -Wno-sign-conversion -Winfinite-recursion -Wmove -Wcomma -Wblock-capture-autoreleasing -Wstrict-prototypes -Wrange-loop-analysis -Wno-semicolon-before-method-body -Wunguarded-availability -index-store-path /Users/karelbraborec/Library/Developer/Xcode/DerivedData/revmeter-hbcnswmlqmbpnlazhhkncgeowiss/Index.noindex/DataStore @/Users/karelbraborec/Library/Developer/Xcode/DerivedData/revmeter-hbcnswmlqmbpnlazhhkncgeowiss/Build/Intermediates.noindex/Pods.build/Debug-iphonesimulator/RNWorklets.build/Objects-normal/arm64/82b82416624d2658e5098eb0a28c15c5-common-args.resp -DRCT_NEW_ARCH_ENABLED\=1 -include /Users/karelbraborec/rev-meter/ios/Pods/Target\ Support\ Files/RNWorklets/RNWorklets-prefix.pch -MMD -MT dependencies -MF /Users/karelbraborec/Library/Developer/Xcode/DerivedData/revmeter-hbcnswmlqmbpnlazhhkncgeowiss/Build/Intermediates.noindex/Pods.build/Debug-iphonesimulator/RNWorklets.build/Objects-normal/arm64/UIRuntimeDecorator.d --serialize-diagnostics /Users/karelbraborec/Library/Developer/Xcode/DerivedData/revmeter-hbcnswmlqmbpnlazhhkncgeowiss/Build/Intermediates.noindex/Pods.build/Debug-iphonesimulator/RNWorklets.build/Objects-normal/arm64/UIRuntimeDecorator.dia -c /Users/karelbraborec/rev-meter/node_modules/react-native-worklets/Common/cpp/worklets/WorkletRuntime/UIRuntimeDecorator.cpp -o /Users/karelbraborec/Library/Developer/Xcode/DerivedData/revmeter-hbcnswmlqmbpnlazhhkncgeowiss/Build/Intermediates.noindex/Pods.build/Debug-iphonesimulator/RNWorklets.build/Objects-normal/arm64/UIRuntimeDecorator.o -index-unit-output-path /Pods.build/Debug-iphonesimulator/RNWorklets.build/Objects-normal/arm64/UIRuntimeDecorator.o

CompileC /Users/karelbraborec/Library/Developer/Xcode/DerivedData/revmeter-hbcnswmlqmbpnlazhhkncgeowiss/Build/Intermediates.noindex/Pods.build/Debug-iphonesimulator/RNWorklets.build/Objects-normal/arm64/SynchronizableAccess.o /Users/karelbraborec/rev-meter/node_modules/react-native-worklets/Common/cpp/worklets/SharedItems/SynchronizableAccess.cpp normal arm64 c++ com.apple.compilers.llvm.clang.1_0.compiler (in target 'RNWorklets' from project 'Pods')
    cd /Users/karelbraborec/rev-meter/ios/Pods
    
    Using response file: /Users/karelbraborec/Library/Developer/Xcode/DerivedData/revmeter-hbcnswmlqmbpnlazhhkncgeowiss/Build/Intermediates.noindex/Pods.build/Debug-iphonesimulator/RNWorklets.build/Objects-normal/arm64/82b82416624d2658e5098eb0a28c15c5-common-args.resp
    
    /Applications/Xcode.app/Contents/Developer/Toolchains/XcodeDefault.xctoolchain/usr/bin/clang -x c++ -ivfsstatcache /Users/karelbraborec/Library/Developer/Xcode/DerivedData/SDKStatCaches.noindex/iphonesimulator26.5-23F81a-6cfe768891a92b912361537c460fe42b.sdkstatcache -target arm64-apple-ios15.1-simulator -fmessage-length\=0 -fdiagnostics-show-note-include-stack -fmacro-backtrace-limit\=0 -fno-color-diagnostics -fmodules-prune-interval\=86400 -fmodules-prune-after\=345600 -fbuild-session-file\=/Users/karelbraborec/Library/Developer/Xcode/DerivedData/ModuleCache.noindex/Session.modulevalidation -fmodules-validate-once-per-build-session -Wnon-modular-include-in-framework-module -Werror\=non-modular-include-in-framework-module -Wno-trigraphs -Wno-missing-field-initializers -Wno-missing-prototypes -Werror\=return-type -Wdocumentation -Wunreachable-code -Werror\=deprecated-objc-isa-usage -Werror\=objc-root-class -Wno-non-virtual-dtor -Wno-overloaded-virtual -Wno-exit-time-destructors -Wno-missing-braces -Wparentheses -Wswitch -Wunused-function -Wno-unused-label -Wno-unused-parameter -Wunused-variable -Wunused-value -Wempty-body -Wuninitialized -Wconditional-uninitialized -Wno-unknown-pragmas -Wno-shadow -Wno-four-char-constants -Wno-conversion -Wconstant-conversion -Wint-conversion -Wbool-conversion -Wenum-conversion -Wno-float-conversion -Wnon-literal-null-conversion -Wobjc-literal-conversion -Wshorten-64-to-32 -Wno-newline-eof -Wno-c++11-extensions -Wno-implicit-fallthrough -isysroot /Applications/Xcode.app/Contents/Developer/Platforms/iPhoneSimulator.platform/Developer/SDKs/iPhoneSimulator26.5.sdk -fstrict-aliasing -Wdeprecated-declarations -Winvalid-offsetof -Wno-sign-conversion -Winfinite-recursion -Wmove -Wcomma -Wblock-capture-autoreleasing -Wstrict-prototypes -Wrange-loop-analysis -Wno-semicolon-before-method-body -Wunguarded-availability -index-store-path /Users/karelbraborec/Library/Developer/Xcode/DerivedData/revmeter-hbcnswmlqmbpnlazhhkncgeowiss/Index.noindex/DataStore @/Users/karelbraborec/Library/Developer/Xcode/DerivedData/revmeter-hbcnswmlqmbpnlazhhkncgeowiss/Build/Intermediates.noindex/Pods.build/Debug-iphonesimulator/RNWorklets.build/Objects-normal/arm64/82b82416624d2658e5098eb0a28c15c5-common-args.resp -DRCT_NEW_ARCH_ENABLED\=1 -include /Users/karelbraborec/rev-meter/ios/Pods/Target\ Support\ Files/RNWorklets/RNWorklets-prefix.pch -MMD -MT dependencies -MF /Users/karelbraborec/Library/Developer/Xcode/DerivedData/revmeter-hbcnswmlqmbpnlazhhkncgeowiss/Build/Intermediates.noindex/Pods.build/Debug-iphonesimulator/RNWorklets.build/Objects-normal/arm64/SynchronizableAccess.d --serialize-diagnostics /Users/karelbraborec/Library/Developer/Xcode/DerivedData/revmeter-hbcnswmlqmbpnlazhhkncgeowiss/Build/Intermediates.noindex/Pods.build/Debug-iphonesimulator/RNWorklets.build/Objects-normal/arm64/SynchronizableAccess.dia -c /Users/karelbraborec/rev-meter/node_modules/react-native-worklets/Common/cpp/worklets/SharedItems/SynchronizableAccess.cpp -o /Users/karelbraborec/Library/Developer/Xcode/DerivedData/revmeter-hbcnswmlqmbpnlazhhkncgeowiss/Build/Intermediates.noindex/Pods.build/Debug-iphonesimulator/RNWorklets.build/Objects-normal/arm64/SynchronizableAccess.o -index-unit-output-path /Pods.build/Debug-iphonesimulator/RNWorklets.build/Objects-normal/arm64/SynchronizableAccess.o

CompileC /Users/karelbraborec/Library/Developer/Xcode/DerivedData/revmeter-hbcnswmlqmbpnlazhhkncgeowiss/Build/Intermediates.noindex/Pods.build/Debug-iphonesimulator/RNWorklets.build/Objects-normal/arm64/Synchronizable.o /Users/karelbraborec/rev-meter/node_modules/react-native-worklets/Common/cpp/worklets/SharedItems/Synchronizable.cpp normal arm64 c++ com.apple.compilers.llvm.clang.1_0.compiler (in target 'RNWorklets' from project 'Pods')
    cd /Users/karelbraborec/rev-meter/ios/Pods
    
    Using response file: /Users/karelbraborec/Library/Developer/Xcode/DerivedData/revmeter-hbcnswmlqmbpnlazhhkncgeowiss/Build/Intermediates.noindex/Pods.build/Debug-iphonesimulator/RNWorklets.build/Objects-normal/arm64/82b82416624d2658e5098eb0a28c15c5-common-args.resp
    
    /Applications/Xcode.app/Contents/Developer/Toolchains/XcodeDefault.xctoolchain/usr/bin/clang -x c++ -ivfsstatcache /Users/karelbraborec/Library/Developer/Xcode/DerivedData/SDKStatCaches.noindex/iphonesimulator26.5-23F81a-6cfe768891a92b912361537c460fe42b.sdkstatcache -target arm64-apple-ios15.1-simulator -fmessage-length\=0 -fdiagnostics-show-note-include-stack -fmacro-backtrace-limit\=0 -fno-color-diagnostics -fmodules-prune-interval\=86400 -fmodules-prune-after\=345600 -fbuild-session-file\=/Users/karelbraborec/Library/Developer/Xcode/DerivedData/ModuleCache.noindex/Session.modulevalidation -fmodules-validate-once-per-build-session -Wnon-modular-include-in-framework-module -Werror\=non-modular-include-in-framework-module -Wno-trigraphs -Wno-missing-field-initializers -Wno-missing-prototypes -Werror\=return-type -Wdocumentation -Wunreachable-code -Werror\=deprecated-objc-isa-usage -Werror\=objc-root-class -Wno-non-virtual-dtor -Wno-overloaded-virtual -Wno-exit-time-destructors -Wno-missing-braces -Wparentheses -Wswitch -Wunused-function -Wno-unused-label -Wno-unused-parameter -Wunused-variable -Wunused-value -Wempty-body -Wuninitialized -Wconditional-uninitialized -Wno-unknown-pragmas -Wno-shadow -Wno-four-char-constants -Wno-conversion -Wconstant-conversion -Wint-conversion -Wbool-conversion -Wenum-conversion -Wno-float-conversion -Wnon-literal-null-conversion -Wobjc-literal-conversion -Wshorten-64-to-32 -Wno-newline-eof -Wno-c++11-extensions -Wno-implicit-fallthrough -isysroot /Applications/Xcode.app/Contents/Developer/Platforms/iPhoneSimulator.platform/Developer/SDKs/iPhoneSimulator26.5.sdk -fstrict-aliasing -Wdeprecated-declarations -Winvalid-offsetof -Wno-sign-conversion -Winfinite-recursion -Wmove -Wcomma -Wblock-capture-autoreleasing -Wstrict-prototypes -Wrange-loop-analysis -Wno-semicolon-before-method-body -Wunguarded-availability -index-store-path /Users/karelbraborec/Library/Developer/Xcode/DerivedData/revmeter-hbcnswmlqmbpnlazhhkncgeowiss/Index.noindex/DataStore @/Users/karelbraborec/Library/Developer/Xcode/DerivedData/revmeter-hbcnswmlqmbpnlazhhkncgeowiss/Build/Intermediates.noindex/Pods.build/Debug-iphonesimulator/RNWorklets.build/Objects-normal/arm64/82b82416624d2658e5098eb0a28c15c5-common-args.resp -DRCT_NEW_ARCH_ENABLED\=1 -include /Users/karelbraborec/rev-meter/ios/Pods/Target\ Support\ Files/RNWorklets/RNWorklets-prefix.pch -MMD -MT dependencies -MF /Users/karelbraborec/Library/Developer/Xcode/DerivedData/revmeter-hbcnswmlqmbpnlazhhkncgeowiss/Build/Intermediates.noindex/Pods.build/Debug-iphonesimulator/RNWorklets.build/Objects-normal/arm64/Synchronizable.d --serialize-diagnostics /Users/karelbraborec/Library/Developer/Xcode/DerivedData/revmeter-hbcnswmlqmbpnlazhhkncgeowiss/Build/Intermediates.noindex/Pods.build/Debug-iphonesimulator/RNWorklets.build/Objects-normal/arm64/Synchronizable.dia -c /Users/karelbraborec/rev-meter/node_modules/react-native-worklets/Common/cpp/worklets/SharedItems/Synchronizable.cpp -o /Users/karelbraborec/Library/Developer/Xcode/DerivedData/revmeter-hbcnswmlqmbpnlazhhkncgeowiss/Build/Intermediates.noindex/Pods.build/Debug-iphonesimulator/RNWorklets.build/Objects-normal/arm64/Synchronizable.o -index-unit-output-path /Pods.build/Debug-iphonesimulator/RNWorklets.build/Objects-normal/arm64/Synchronizable.o

CompileC /Users/karelbraborec/Library/Developer/Xcode/DerivedData/revmeter-hbcnswmlqmbpnlazhhkncgeowiss/Build/Intermediates.noindex/Pods.build/Debug-iphonesimulator/RNWorklets.build/Objects-normal/arm64/StableApi.o /Users/karelbraborec/rev-meter/node_modules/react-native-worklets/Common/cpp/worklets/Compat/StableApi.cpp normal arm64 c++ com.apple.compilers.llvm.clang.1_0.compiler (in target 'RNWorklets' from project 'Pods')
    cd /Users/karelbraborec/rev-meter/ios/Pods
    
    Using response file: /Users/karelbraborec/Library/Developer/Xcode/DerivedData/revmeter-hbcnswmlqmbpnlazhhkncgeowiss/Build/Intermediates.noindex/Pods.build/Debug-iphonesimulator/RNWorklets.build/Objects-normal/arm64/82b82416624d2658e5098eb0a28c15c5-common-args.resp
    
    /Applications/Xcode.app/Contents/Developer/Toolchains/XcodeDefault.xctoolchain/usr/bin/clang -x c++ -ivfsstatcache /Users/karelbraborec/Library/Developer/Xcode/DerivedData/SDKStatCaches.noindex/iphonesimulator26.5-23F81a-6cfe768891a92b912361537c460fe42b.sdkstatcache -target arm64-apple-ios15.1-simulator -fmessage-length\=0 -fdiagnostics-show-note-include-stack -fmacro-backtrace-limit\=0 -fno-color-diagnostics -fmodules-prune-interval\=86400 -fmodules-prune-after\=345600 -fbuild-session-file\=/Users/karelbraborec/Library/Developer/Xcode/DerivedData/ModuleCache.noindex/Session.modulevalidation -fmodules-validate-once-per-build-session -Wnon-modular-include-in-framework-module -Werror\=non-modular-include-in-framework-module -Wno-trigraphs -Wno-missing-field-initializers -Wno-missing-prototypes -Werror\=return-type -Wdocumentation -Wunreachable-code -Werror\=deprecated-objc-isa-usage -Werror\=objc-root-class -Wno-non-virtual-dtor -Wno-overloaded-virtual -Wno-exit-time-destructors -Wno-missing-braces -Wparentheses -Wswitch -Wunused-function -Wno-unused-label -Wno-unused-parameter -Wunused-variable -Wunused-value -Wempty-body -Wuninitialized -Wconditional-uninitialized -Wno-unknown-pragmas -Wno-shadow -Wno-four-char-constants -Wno-conversion -Wconstant-conversion -Wint-conversion -Wbool-conversion -Wenum-conversion -Wno-float-conversion -Wnon-literal-null-conversion -Wobjc-literal-conversion -Wshorten-64-to-32 -Wno-newline-eof -Wno-c++11-extensions -Wno-implicit-fallthrough -isysroot /Applications/Xcode.app/Contents/Developer/Platforms/iPhoneSimulator.platform/Developer/SDKs/iPhoneSimulator26.5.sdk -fstrict-aliasing -Wdeprecated-declarations -Winvalid-offsetof -Wno-sign-conversion -Winfinite-recursion -Wmove -Wcomma -Wblock-capture-autoreleasing -Wstrict-prototypes -Wrange-loop-analysis -Wno-semicolon-before-method-body -Wunguarded-availability -index-store-path /Users/karelbraborec/Library/Developer/Xcode/DerivedData/revmeter-hbcnswmlqmbpnlazhhkncgeowiss/Index.noindex/DataStore @/Users/karelbraborec/Library/Developer/Xcode/DerivedData/revmeter-hbcnswmlqmbpnlazhhkncgeowiss/Build/Intermediates.noindex/Pods.build/Debug-iphonesimulator/RNWorklets.build/Objects-normal/arm64/82b82416624d2658e5098eb0a28c15c5-common-args.resp -DRCT_NEW_ARCH_ENABLED\=1 -include /Users/karelbraborec/rev-meter/ios/Pods/Target\ Support\ Files/RNWorklets/RNWorklets-prefix.pch -MMD -MT dependencies -MF /Users/karelbraborec/Library/Developer/Xcode/DerivedData/revmeter-hbcnswmlqmbpnlazhhkncgeowiss/Build/Intermediates.noindex/Pods.build/Debug-iphonesimulator/RNWorklets.build/Objects-normal/arm64/StableApi.d --serialize-diagnostics /Users/karelbraborec/Library/Developer/Xcode/DerivedData/revmeter-hbcnswmlqmbpnlazhhkncgeowiss/Build/Intermediates.noindex/Pods.build/Debug-iphonesimulator/RNWorklets.build/Objects-normal/arm64/StableApi.dia -c /Users/karelbraborec/rev-meter/node_modules/react-native-worklets/Common/cpp/worklets/Compat/StableApi.cpp -o /Users/karelbraborec/Library/Developer/Xcode/DerivedData/revmeter-hbcnswmlqmbpnlazhhkncgeowiss/Build/Intermediates.noindex/Pods.build/Debug-iphonesimulator/RNWorklets.build/Objects-normal/arm64/StableApi.o -index-unit-output-path /Pods.build/Debug-iphonesimulator/RNWorklets.build/Objects-normal/arm64/StableApi.o
In file included from /Users/karelbraborec/rev-meter/node_modules/react-native-worklets/Common/cpp/worklets/Compat/StableApi.cpp:2:
In file included from /Users/karelbraborec/rev-meter/ios/Pods/Headers/Private/RNWorklets/worklets/Compat/Holders.h:5:
/Users/karelbraborec/rev-meter/ios/Pods/Headers/Private/RNWorklets/worklets/WorkletRuntime/WorkletRuntime.h:181:8: warning: declaration is marked with '@deprecated' command but does not have a deprecation attribute [-Wdocumentation-deprecated-sync]
  181 |   /** @deprecated Use `schedule` instead. */
      |       ~^~~~~~~~~~~~~~~~~~~~~~~~~~~~~~~~~~
/Users/karelbraborec/rev-meter/ios/Pods/Headers/Private/RNWorklets/worklets/WorkletRuntime/WorkletRuntime.h:182:3: note: add a deprecation attribute to the declaration to silence this warning
  182 |   void runAsyncGuarded(const std::shared_ptr<SerializableWorklet> &worklet);
      |   ^
      |   __AVAILABILITY_INTERNAL_DEPRECATED 
/Users/karelbraborec/rev-meter/ios/Pods/Headers/Private/RNWorklets/worklets/WorkletRuntime/WorkletRuntime.h:184:8: warning: declaration is marked with '@deprecated' command but does not have a deprecation attribute [-Wdocumentation-deprecated-sync]
  184 |   /** @deprecated Use `runSyncSerialized` and extract to `jsi::Value` with
      |       ~^~~~~~~~~~~~~~~~~~~~~~~~~~~~~~~~~~~~~~~~~~~~~~~~~~~~~~~~~~~~~~~~~~~
  185 |    * `extractSerializableOrThrow` instead. */
      |    ~~~~~~~~~~~~~~~~~~~~~~~~~~~~~~~~~~~~~~~
/Users/karelbraborec/rev-meter/ios/Pods/Headers/Private/RNWorklets/worklets/WorkletRuntime/WorkletRuntime.h:186:3: note: add a deprecation attribute to the declaration to silence this warning
  186 |   jsi::Value executeSync(jsi::Runtime &rt, const jsi::Value &worklet) const;
      |   ^
      |   __AVAILABILITY_INTERNAL_DEPRECATED 
/Users/karelbraborec/rev-meter/ios/Pods/Headers/Private/RNWorklets/worklets/WorkletRuntime/WorkletRuntime.h:187:8: warning: declaration is marked with '@deprecated' command but does not have a deprecation attribute [-Wdocumentation-deprecated-sync]
  187 |   /** @deprecated Use `runSync` instead. */
      |       ~^~~~~~~~~~~~~~~~~~~~~~~~~~~~~~~~~
/Users/karelbraborec/rev-meter/ios/Pods/Headers/Private/RNWorklets/worklets/WorkletRuntime/WorkletRuntime.h:188:3: note: add a deprecation attribute to the declaration to silence this warning
  188 |   jsi::Value executeSync(std::function<jsi::Value(jsi::Runtime &)> &&job) const;
      |   ^
      |   __AVAILABILITY_INTERNAL_DEPRECATED 
/Users/karelbraborec/rev-meter/ios/Pods/Headers/Private/RNWorklets/worklets/WorkletRuntime/WorkletRuntime.h:189:8: warning: declaration is marked with '@deprecated' command but does not have a deprecation attribute [-Wdocumentation-deprecated-sync]
  189 |   /** @deprecated Use `runSync` instead. */
      |       ~^~~~~~~~~~~~~~~~~~~~~~~~~~~~~~~~~
/Users/karelbraborec/rev-meter/ios/Pods/Headers/Private/RNWorklets/worklets/WorkletRuntime/WorkletRuntime.h:190:3: note: add a deprecation attribute to the declaration to silence this warning
  190 |   jsi::Value executeSync(const std::function<jsi::Value(jsi::Runtime &)> &job) const;
      |   ^
      |   __AVAILABILITY_INTERNAL_DEPRECATED 
/Users/karelbraborec/rev-meter/ios/Pods/Headers/Private/RNWorklets/worklets/WorkletRuntime/WorkletRuntime.h:175:8: warning: declaration is marked with '@deprecated' command but does not have a deprecation attribute [-Wdocumentation-deprecated-sync]
  175 |   /** @deprecated Use `runSync` instead. */
      |       ~^~~~~~~~~~~~~~~~~~~~~~~~~~~~~~~~~
5 warnings generated.

CompileC /Users/karelbraborec/Library/Developer/Xcode/DerivedData/revmeter-hbcnswmlqmbpnlazhhkncgeowiss/Build/Intermediates.noindex/Pods.build/Debug-iphonesimulator/RNWorklets.build/Objects-normal/arm64/SlowAnimations.o /Users/karelbraborec/rev-meter/node_modules/react-native-worklets/apple/worklets/apple/SlowAnimations.mm normal arm64 objective-c++ com.apple.compilers.llvm.clang.1_0.compiler (in target 'RNWorklets' from project 'Pods')
    cd /Users/karelbraborec/rev-meter/ios/Pods
    
    Using response file: /Users/karelbraborec/Library/Developer/Xcode/DerivedData/revmeter-hbcnswmlqmbpnlazhhkncgeowiss/Build/Intermediates.noindex/Pods.build/Debug-iphonesimulator/RNWorklets.build/Objects-normal/arm64/af3fcb34312c57c0f52879cdce924b91-common-args.resp
    
    /Applications/Xcode.app/Contents/Developer/Toolchains/XcodeDefault.xctoolchain/usr/bin/clang -x objective-c++ -ivfsstatcache /Users/karelbraborec/Library/Developer/Xcode/DerivedData/SDKStatCaches.noindex/iphonesimulator26.5-23F81a-6cfe768891a92b912361537c460fe42b.sdkstatcache -target arm64-apple-ios15.1-simulator -fmessage-length\=0 -fdiagnostics-show-note-include-stack -fmacro-backtrace-limit\=0 -fno-color-diagnostics -fmodules-prune-interval\=86400 -fmodules-prune-after\=345600 -fbuild-session-file\=/Users/karelbraborec/Library/Developer/Xcode/DerivedData/ModuleCache.noindex/Session.modulevalidation -fmodules-validate-once-per-build-session -Wnon-modular-include-in-framework-module -Werror\=non-modular-include-in-framework-module -Wno-trigraphs -Wno-missing-field-initializers -Wno-missing-prototypes -Werror\=return-type -Wdocumentation -Wunreachable-code -Wno-implicit-atomic-properties -Werror\=deprecated-objc-isa-usage -Wno-objc-interface-ivars -Werror\=objc-root-class -Wno-arc-repeated-use-of-weak -Wimplicit-retain-self -Wno-non-virtual-dtor -Wno-overloaded-virtual -Wno-exit-time-destructors -Wduplicate-method-match -Wno-missing-braces -Wparentheses -Wswitch -Wunused-function -Wno-unused-label -Wno-unused-parameter -Wunused-variable -Wunused-value -Wempty-body -Wuninitialized -Wconditional-uninitialized -Wno-unknown-pragmas -Wno-shadow -Wno-four-char-constants -Wno-conversion -Wconstant-conversion -Wint-conversion -Wbool-conversion -Wenum-conversion -Wno-float-conversion -Wnon-literal-null-conversion -Wobjc-literal-conversion -Wshorten-64-to-32 -Wno-newline-eof -Wno-selector -Wno-strict-selector-match -Wundeclared-selector -Wdeprecated-implementations -Wno-c++11-extensions -Wno-implicit-fallthrough -isysroot /Applications/Xcode.app/Contents/Developer/Platforms/iPhoneSimulator.platform/Developer/SDKs/iPhoneSimulator26.5.sdk -fstrict-aliasing -Wprotocol -Wdeprecated-declarations -Winvalid-offsetof -Wno-sign-conversion -Winfinite-recursion -Wmove -Wcomma -Wblock-capture-autoreleasing -Wstrict-prototypes -Wrange-loop-analysis -Wno-semicolon-before-method-body -Wunguarded-availability -index-store-path /Users/karelbraborec/Library/Developer/Xcode/DerivedData/revmeter-hbcnswmlqmbpnlazhhkncgeowiss/Index.noindex/DataStore @/Users/karelbraborec/Library/Developer/Xcode/DerivedData/revmeter-hbcnswmlqmbpnlazhhkncgeowiss/Build/Intermediates.noindex/Pods.build/Debug-iphonesimulator/RNWorklets.build/Objects-normal/arm64/af3fcb34312c57c0f52879cdce924b91-common-args.resp -DRCT_NEW_ARCH_ENABLED\=1 -include /Users/karelbraborec/rev-meter/ios/Pods/Target\ Support\ Files/RNWorklets/RNWorklets-prefix.pch -MMD -MT dependencies -MF /Users/karelbraborec/Library/Developer/Xcode/DerivedData/revmeter-hbcnswmlqmbpnlazhhkncgeowiss/Build/Intermediates.noindex/Pods.build/Debug-iphonesimulator/RNWorklets.build/Objects-normal/arm64/SlowAnimations.d --serialize-diagnostics /Users/karelbraborec/Library/Developer/Xcode/DerivedData/revmeter-hbcnswmlqmbpnlazhhkncgeowiss/Build/Intermediates.noindex/Pods.build/Debug-iphonesimulator/RNWorklets.build/Objects-normal/arm64/SlowAnimations.dia -c /Users/karelbraborec/rev-meter/node_modules/react-native-worklets/apple/worklets/apple/SlowAnimations.mm -o /Users/karelbraborec/Library/Developer/Xcode/DerivedData/revmeter-hbcnswmlqmbpnlazhhkncgeowiss/Build/Intermediates.noindex/Pods.build/Debug-iphonesimulator/RNWorklets.build/Objects-normal/arm64/SlowAnimations.o -index-unit-output-path /Pods.build/Debug-iphonesimulator/RNWorklets.build/Objects-normal/arm64/SlowAnimations.o

CompileC /Users/karelbraborec/Library/Developer/Xcode/DerivedData/revmeter-hbcnswmlqmbpnlazhhkncgeowiss/Build/Intermediates.noindex/Pods.build/Debug-iphonesimulator/RNWorklets.build/Objects-normal/arm64/Shareable.o /Users/karelbraborec/rev-meter/node_modules/react-native-worklets/Common/cpp/worklets/SharedItems/Shareable.cpp normal arm64 c++ com.apple.compilers.llvm.clang.1_0.compiler (in target 'RNWorklets' from project 'Pods')
    cd /Users/karelbraborec/rev-meter/ios/Pods
    
    Using response file: /Users/karelbraborec/Library/Developer/Xcode/DerivedData/revmeter-hbcnswmlqmbpnlazhhkncgeowiss/Build/Intermediates.noindex/Pods.build/Debug-iphonesimulator/RNWorklets.build/Objects-normal/arm64/82b82416624d2658e5098eb0a28c15c5-common-args.resp
    
    /Applications/Xcode.app/Contents/Developer/Toolchains/XcodeDefault.xctoolchain/usr/bin/clang -x c++ -ivfsstatcache /Users/karelbraborec/Library/Developer/Xcode/DerivedData/SDKStatCaches.noindex/iphonesimulator26.5-23F81a-6cfe768891a92b912361537c460fe42b.sdkstatcache -target arm64-apple-ios15.1-simulator -fmessage-length\=0 -fdiagnostics-show-note-include-stack -fmacro-backtrace-limit\=0 -fno-color-diagnostics -fmodules-prune-interval\=86400 -fmodules-prune-after\=345600 -fbuild-session-file\=/Users/karelbraborec/Library/Developer/Xcode/DerivedData/ModuleCache.noindex/Session.modulevalidation -fmodules-validate-once-per-build-session -Wnon-modular-include-in-framework-module -Werror\=non-modular-include-in-framework-module -Wno-trigraphs -Wno-missing-field-initializers -Wno-missing-prototypes -Werror\=return-type -Wdocumentation -Wunreachable-code -Werror\=deprecated-objc-isa-usage -Werror\=objc-root-class -Wno-non-virtual-dtor -Wno-overloaded-virtual -Wno-exit-time-destructors -Wno-missing-braces -Wparentheses -Wswitch -Wunused-function -Wno-unused-label -Wno-unused-parameter -Wunused-variable -Wunused-value -Wempty-body -Wuninitialized -Wconditional-uninitialized -Wno-unknown-pragmas -Wno-shadow -Wno-four-char-constants -Wno-conversion -Wconstant-conversion -Wint-conversion -Wbool-conversion -Wenum-conversion -Wno-float-conversion -Wnon-literal-null-conversion -Wobjc-literal-conversion -Wshorten-64-to-32 -Wno-newline-eof -Wno-c++11-extensions -Wno-implicit-fallthrough -isysroot /Applications/Xcode.app/Contents/Developer/Platforms/iPhoneSimulator.platform/Developer/SDKs/iPhoneSimulator26.5.sdk -fstrict-aliasing -Wdeprecated-declarations -Winvalid-offsetof -Wno-sign-conversion -Winfinite-recursion -Wmove -Wcomma -Wblock-capture-autoreleasing -Wstrict-prototypes -Wrange-loop-analysis -Wno-semicolon-before-method-body -Wunguarded-availability -index-store-path /Users/karelbraborec/Library/Developer/Xcode/DerivedData/revmeter-hbcnswmlqmbpnlazhhkncgeowiss/Index.noindex/DataStore @/Users/karelbraborec/Library/Developer/Xcode/DerivedData/revmeter-hbcnswmlqmbpnlazhhkncgeowiss/Build/Intermediates.noindex/Pods.build/Debug-iphonesimulator/RNWorklets.build/Objects-normal/arm64/82b82416624d2658e5098eb0a28c15c5-common-args.resp -DRCT_NEW_ARCH_ENABLED\=1 -include /Users/karelbraborec/rev-meter/ios/Pods/Target\ Support\ Files/RNWorklets/RNWorklets-prefix.pch -MMD -MT dependencies -MF /Users/karelbraborec/Library/Developer/Xcode/DerivedData/revmeter-hbcnswmlqmbpnlazhhkncgeowiss/Build/Intermediates.noindex/Pods.build/Debug-iphonesimulator/RNWorklets.build/Objects-normal/arm64/Shareable.d --serialize-diagnostics /Users/karelbraborec/Library/Developer/Xcode/DerivedData/revmeter-hbcnswmlqmbpnlazhhkncgeowiss/Build/Intermediates.noindex/Pods.build/Debug-iphonesimulator/RNWorklets.build/Objects-normal/arm64/Shareable.dia -c /Users/karelbraborec/rev-meter/node_modules/react-native-worklets/Common/cpp/worklets/SharedItems/Shareable.cpp -o /Users/karelbraborec/Library/Developer/Xcode/DerivedData/revmeter-hbcnswmlqmbpnlazhhkncgeowiss/Build/Intermediates.noindex/Pods.build/Debug-iphonesimulator/RNWorklets.build/Objects-normal/arm64/Shareable.o -index-unit-output-path /Pods.build/Debug-iphonesimulator/RNWorklets.build/Objects-normal/arm64/Shareable.o
In file included from /Users/karelbraborec/rev-meter/node_modules/react-native-worklets/Common/cpp/worklets/SharedItems/Shareable.cpp:3:
In file included from /Users/karelbraborec/rev-meter/ios/Pods/Headers/Private/RNWorklets/worklets/SharedItems/Shareable.h:5:
/Users/karelbraborec/rev-meter/ios/Pods/Headers/Private/RNWorklets/worklets/WorkletRuntime/WorkletRuntime.h:181:8: warning: declaration is marked with '@deprecated' command but does not have a deprecation attribute [-Wdocumentation-deprecated-sync]
  181 |   /** @deprecated Use `schedule` instead. */
      |       ~^~~~~~~~~~~~~~~~~~~~~~~~~~~~~~~~~~
/Users/karelbraborec/rev-meter/ios/Pods/Headers/Private/RNWorklets/worklets/WorkletRuntime/WorkletRuntime.h:182:3: note: add a deprecation attribute to the declaration to silence this warning
  182 |   void runAsyncGuarded(const std::shared_ptr<SerializableWorklet> &worklet);
      |   ^
      |   __AVAILABILITY_INTERNAL_DEPRECATED 
/Users/karelbraborec/rev-meter/ios/Pods/Headers/Private/RNWorklets/worklets/WorkletRuntime/WorkletRuntime.h:184:8: warning: declaration is marked with '@deprecated' command but does not have a deprecation attribute [-Wdocumentation-deprecated-sync]
  184 |   /** @deprecated Use `runSyncSerialized` and extract to `jsi::Value` with
      |       ~^~~~~~~~~~~~~~~~~~~~~~~~~~~~~~~~~~~~~~~~~~~~~~~~~~~~~~~~~~~~~~~~~~~
  185 |    * `extractSerializableOrThrow` instead. */
      |    ~~~~~~~~~~~~~~~~~~~~~~~~~~~~~~~~~~~~~~~
/Users/karelbraborec/rev-meter/ios/Pods/Headers/Private/RNWorklets/worklets/WorkletRuntime/WorkletRuntime.h:186:3: note: add a deprecation attribute to the declaration to silence this warning
  186 |   jsi::Value executeSync(jsi::Runtime &rt, const jsi::Value &worklet) const;
      |   ^
      |   __AVAILABILITY_INTERNAL_DEPRECATED 
/Users/karelbraborec/rev-meter/ios/Pods/Headers/Private/RNWorklets/worklets/WorkletRuntime/WorkletRuntime.h:187:8: warning: declaration is marked with '@deprecated' command but does not have a deprecation attribute [-Wdocumentation-deprecated-sync]
  187 |   /** @deprecated Use `runSync` instead. */
      |       ~^~~~~~~~~~~~~~~~~~~~~~~~~~~~~~~~~
/Users/karelbraborec/rev-meter/ios/Pods/Headers/Private/RNWorklets/worklets/WorkletRuntime/WorkletRuntime.h:188:3: note: add a deprecation attribute to the declaration to silence this warning
  188 |   jsi::Value executeSync(std::function<jsi::Value(jsi::Runtime &)> &&job) const;
      |   ^
      |   __AVAILABILITY_INTERNAL_DEPRECATED 
/Users/karelbraborec/rev-meter/ios/Pods/Headers/Private/RNWorklets/worklets/WorkletRuntime/WorkletRuntime.h:189:8: warning: declaration is marked with '@deprecated' command but does not have a deprecation attribute [-Wdocumentation-deprecated-sync]
  189 |   /** @deprecated Use `runSync` instead. */
      |       ~^~~~~~~~~~~~~~~~~~~~~~~~~~~~~~~~~
/Users/karelbraborec/rev-meter/ios/Pods/Headers/Private/RNWorklets/worklets/WorkletRuntime/WorkletRuntime.h:190:3: note: add a deprecation attribute to the declaration to silence this warning
  190 |   jsi::Value executeSync(const std::function<jsi::Value(jsi::Runtime &)> &job) const;
      |   ^
      |   __AVAILABILITY_INTERNAL_DEPRECATED 
/Users/karelbraborec/rev-meter/ios/Pods/Headers/Private/RNWorklets/worklets/WorkletRuntime/WorkletRuntime.h:175:8: warning: declaration is marked with '@deprecated' command but does not have a deprecation attribute [-Wdocumentation-deprecated-sync]
  175 |   /** @deprecated Use `runSync` instead. */
      |       ~^~~~~~~~~~~~~~~~~~~~~~~~~~~~~~~~~
5 warnings generated.

CompileC /Users/karelbraborec/Library/Developer/Xcode/DerivedData/revmeter-hbcnswmlqmbpnlazhhkncgeowiss/Build/Intermediates.noindex/Pods.build/Debug-iphonesimulator/RNWorklets.build/Objects-normal/arm64/SerializableRemoteFunction.o /Users/karelbraborec/rev-meter/node_modules/react-native-worklets/Common/cpp/worklets/SharedItems/SerializableRemoteFunction.cpp normal arm64 c++ com.apple.compilers.llvm.clang.1_0.compiler (in target 'RNWorklets' from project 'Pods')
    cd /Users/karelbraborec/rev-meter/ios/Pods
    
    Using response file: /Users/karelbraborec/Library/Developer/Xcode/DerivedData/revmeter-hbcnswmlqmbpnlazhhkncgeowiss/Build/Intermediates.noindex/Pods.build/Debug-iphonesimulator/RNWorklets.build/Objects-normal/arm64/82b82416624d2658e5098eb0a28c15c5-common-args.resp
    
    /Applications/Xcode.app/Contents/Developer/Toolchains/XcodeDefault.xctoolchain/usr/bin/clang -x c++ -ivfsstatcache /Users/karelbraborec/Library/Developer/Xcode/DerivedData/SDKStatCaches.noindex/iphonesimulator26.5-23F81a-6cfe768891a92b912361537c460fe42b.sdkstatcache -target arm64-apple-ios15.1-simulator -fmessage-length\=0 -fdiagnostics-show-note-include-stack -fmacro-backtrace-limit\=0 -fno-color-diagnostics -fmodules-prune-interval\=86400 -fmodules-prune-after\=345600 -fbuild-session-file\=/Users/karelbraborec/Library/Developer/Xcode/DerivedData/ModuleCache.noindex/Session.modulevalidation -fmodules-validate-once-per-build-session -Wnon-modular-include-in-framework-module -Werror\=non-modular-include-in-framework-module -Wno-trigraphs -Wno-missing-field-initializers -Wno-missing-prototypes -Werror\=return-type -Wdocumentation -Wunreachable-code -Werror\=deprecated-objc-isa-usage -Werror\=objc-root-class -Wno-non-virtual-dtor -Wno-overloaded-virtual -Wno-exit-time-destructors -Wno-missing-braces -Wparentheses -Wswitch -Wunused-function -Wno-unused-label -Wno-unused-parameter -Wunused-variable -Wunused-value -Wempty-body -Wuninitialized -Wconditional-uninitialized -Wno-unknown-pragmas -Wno-shadow -Wno-four-char-constants -Wno-conversion -Wconstant-conversion -Wint-conversion -Wbool-conversion -Wenum-conversion -Wno-float-conversion -Wnon-literal-null-conversion -Wobjc-literal-conversion -Wshorten-64-to-32 -Wno-newline-eof -Wno-c++11-extensions -Wno-implicit-fallthrough -isysroot /Applications/Xcode.app/Contents/Developer/Platforms/iPhoneSimulator.platform/Developer/SDKs/iPhoneSimulator26.5.sdk -fstrict-aliasing -Wdeprecated-declarations -Winvalid-offsetof -Wno-sign-conversion -Winfinite-recursion -Wmove -Wcomma -Wblock-capture-autoreleasing -Wstrict-prototypes -Wrange-loop-analysis -Wno-semicolon-before-method-body -Wunguarded-availability -index-store-path /Users/karelbraborec/Library/Developer/Xcode/DerivedData/revmeter-hbcnswmlqmbpnlazhhkncgeowiss/Index.noindex/DataStore @/Users/karelbraborec/Library/Developer/Xcode/DerivedData/revmeter-hbcnswmlqmbpnlazhhkncgeowiss/Build/Intermediates.noindex/Pods.build/Debug-iphonesimulator/RNWorklets.build/Objects-normal/arm64/82b82416624d2658e5098eb0a28c15c5-common-args.resp -DRCT_NEW_ARCH_ENABLED\=1 -include /Users/karelbraborec/rev-meter/ios/Pods/Target\ Support\ Files/RNWorklets/RNWorklets-prefix.pch -MMD -MT dependencies -MF /Users/karelbraborec/Library/Developer/Xcode/DerivedData/revmeter-hbcnswmlqmbpnlazhhkncgeowiss/Build/Intermediates.noindex/Pods.build/Debug-iphonesimulator/RNWorklets.build/Objects-normal/arm64/SerializableRemoteFunction.d --serialize-diagnostics /Users/karelbraborec/Library/Developer/Xcode/DerivedData/revmeter-hbcnswmlqmbpnlazhhkncgeowiss/Build/Intermediates.noindex/Pods.build/Debug-iphonesimulator/RNWorklets.build/Objects-normal/arm64/SerializableRemoteFunction.dia -c /Users/karelbraborec/rev-meter/node_modules/react-native-worklets/Common/cpp/worklets/SharedItems/SerializableRemoteFunction.cpp -o /Users/karelbraborec/Library/Developer/Xcode/DerivedData/revmeter-hbcnswmlqmbpnlazhhkncgeowiss/Build/Intermediates.noindex/Pods.build/Debug-iphonesimulator/RNWorklets.build/Objects-normal/arm64/SerializableRemoteFunction.o -index-unit-output-path /Pods.build/Debug-iphonesimulator/RNWorklets.build/Objects-normal/arm64/SerializableRemoteFunction.o
In file included from /Users/karelbraborec/rev-meter/node_modules/react-native-worklets/Common/cpp/worklets/SharedItems/SerializableRemoteFunction.cpp:5:
In file included from /Users/karelbraborec/rev-meter/ios/Pods/Headers/Private/RNWorklets/worklets/WorkletRuntime/RuntimeManager.h:6:
/Users/karelbraborec/rev-meter/ios/Pods/Headers/Private/RNWorklets/worklets/WorkletRuntime/WorkletRuntime.h:181:8: warning: declaration is marked with '@deprecated' command but does not have a deprecation attribute [-Wdocumentation-deprecated-sync]
  181 |   /** @deprecated Use `schedule` instead. */
      |       ~^~~~~~~~~~~~~~~~~~~~~~~~~~~~~~~~~~
/Users/karelbraborec/rev-meter/ios/Pods/Headers/Private/RNWorklets/worklets/WorkletRuntime/WorkletRuntime.h:182:3: note: add a deprecation attribute to the declaration to silence this warning
  182 |   void runAsyncGuarded(const std::shared_ptr<SerializableWorklet> &worklet);
      |   ^
      |   __AVAILABILITY_INTERNAL_DEPRECATED 
/Users/karelbraborec/rev-meter/ios/Pods/Headers/Private/RNWorklets/worklets/WorkletRuntime/WorkletRuntime.h:184:8: warning: declaration is marked with '@deprecated' command but does not have a deprecation attribute [-Wdocumentation-deprecated-sync]
  184 |   /** @deprecated Use `runSyncSerialized` and extract to `jsi::Value` with
      |       ~^~~~~~~~~~~~~~~~~~~~~~~~~~~~~~~~~~~~~~~~~~~~~~~~~~~~~~~~~~~~~~~~~~~
  185 |    * `extractSerializableOrThrow` instead. */
      |    ~~~~~~~~~~~~~~~~~~~~~~~~~~~~~~~~~~~~~~~
/Users/karelbraborec/rev-meter/ios/Pods/Headers/Private/RNWorklets/worklets/WorkletRuntime/WorkletRuntime.h:186:3: note: add a deprecation attribute to the declaration to silence this warning
  186 |   jsi::Value executeSync(jsi::Runtime &rt, const jsi::Value &worklet) const;
      |   ^
      |   __AVAILABILITY_INTERNAL_DEPRECATED 
/Users/karelbraborec/rev-meter/ios/Pods/Headers/Private/RNWorklets/worklets/WorkletRuntime/WorkletRuntime.h:187:8: warning: declaration is marked with '@deprecated' command but does not have a deprecation attribute [-Wdocumentation-deprecated-sync]
  187 |   /** @deprecated Use `runSync` instead. */
      |       ~^~~~~~~~~~~~~~~~~~~~~~~~~~~~~~~~~
/Users/karelbraborec/rev-meter/ios/Pods/Headers/Private/RNWorklets/worklets/WorkletRuntime/WorkletRuntime.h:188:3: note: add a deprecation attribute to the declaration to silence this warning
  188 |   jsi::Value executeSync(std::function<jsi::Value(jsi::Runtime &)> &&job) const;
      |   ^
      |   __AVAILABILITY_INTERNAL_DEPRECATED 
/Users/karelbraborec/rev-meter/ios/Pods/Headers/Private/RNWorklets/worklets/WorkletRuntime/WorkletRuntime.h:189:8: warning: declaration is marked with '@deprecated' command but does not have a deprecation attribute [-Wdocumentation-deprecated-sync]
  189 |   /** @deprecated Use `runSync` instead. */
      |       ~^~~~~~~~~~~~~~~~~~~~~~~~~~~~~~~~~
/Users/karelbraborec/rev-meter/ios/Pods/Headers/Private/RNWorklets/worklets/WorkletRuntime/WorkletRuntime.h:190:3: note: add a deprecation attribute to the declaration to silence this warning
  190 |   jsi::Value executeSync(const std::function<jsi::Value(jsi::Runtime &)> &job) const;
      |   ^
      |   __AVAILABILITY_INTERNAL_DEPRECATED 
/Users/karelbraborec/rev-meter/ios/Pods/Headers/Private/RNWorklets/worklets/WorkletRuntime/WorkletRuntime.h:175:8: warning: declaration is marked with '@deprecated' command but does not have a deprecation attribute [-Wdocumentation-deprecated-sync]
  175 |   /** @deprecated Use `runSync` instead. */
      |       ~^~~~~~~~~~~~~~~~~~~~~~~~~~~~~~~~~
5 warnings generated.

CompileC /Users/karelbraborec/Library/Developer/Xcode/DerivedData/revmeter-hbcnswmlqmbpnlazhhkncgeowiss/Build/Intermediates.noindex/Pods.build/Debug-iphonesimulator/RNWorklets.build/Objects-normal/arm64/SerializableFactory.o /Users/karelbraborec/rev-meter/node_modules/react-native-worklets/Common/cpp/worklets/SharedItems/SerializableFactory.cpp normal arm64 c++ com.apple.compilers.llvm.clang.1_0.compiler (in target 'RNWorklets' from project 'Pods')
    cd /Users/karelbraborec/rev-meter/ios/Pods
    
    Using response file: /Users/karelbraborec/Library/Developer/Xcode/DerivedData/revmeter-hbcnswmlqmbpnlazhhkncgeowiss/Build/Intermediates.noindex/Pods.build/Debug-iphonesimulator/RNWorklets.build/Objects-normal/arm64/82b82416624d2658e5098eb0a28c15c5-common-args.resp
    
    /Applications/Xcode.app/Contents/Developer/Toolchains/XcodeDefault.xctoolchain/usr/bin/clang -x c++ -ivfsstatcache /Users/karelbraborec/Library/Developer/Xcode/DerivedData/SDKStatCaches.noindex/iphonesimulator26.5-23F81a-6cfe768891a92b912361537c460fe42b.sdkstatcache -target arm64-apple-ios15.1-simulator -fmessage-length\=0 -fdiagnostics-show-note-include-stack -fmacro-backtrace-limit\=0 -fno-color-diagnostics -fmodules-prune-interval\=86400 -fmodules-prune-after\=345600 -fbuild-session-file\=/Users/karelbraborec/Library/Developer/Xcode/DerivedData/ModuleCache.noindex/Session.modulevalidation -fmodules-validate-once-per-build-session -Wnon-modular-include-in-framework-module -Werror\=non-modular-include-in-framework-module -Wno-trigraphs -Wno-missing-field-initializers -Wno-missing-prototypes -Werror\=return-type -Wdocumentation -Wunreachable-code -Werror\=deprecated-objc-isa-usage -Werror\=objc-root-class -Wno-non-virtual-dtor -Wno-overloaded-virtual -Wno-exit-time-destructors -Wno-missing-braces -Wparentheses -Wswitch -Wunused-function -Wno-unused-label -Wno-unused-parameter -Wunused-variable -Wunused-value -Wempty-body -Wuninitialized -Wconditional-uninitialized -Wno-unknown-pragmas -Wno-shadow -Wno-four-char-constants -Wno-conversion -Wconstant-conversion -Wint-conversion -Wbool-conversion -Wenum-conversion -Wno-float-conversion -Wnon-literal-null-conversion -Wobjc-literal-conversion -Wshorten-64-to-32 -Wno-newline-eof -Wno-c++11-extensions -Wno-implicit-fallthrough -isysroot /Applications/Xcode.app/Contents/Developer/Platforms/iPhoneSimulator.platform/Developer/SDKs/iPhoneSimulator26.5.sdk -fstrict-aliasing -Wdeprecated-declarations -Winvalid-offsetof -Wno-sign-conversion -Winfinite-recursion -Wmove -Wcomma -Wblock-capture-autoreleasing -Wstrict-prototypes -Wrange-loop-analysis -Wno-semicolon-before-method-body -Wunguarded-availability -index-store-path /Users/karelbraborec/Library/Developer/Xcode/DerivedData/revmeter-hbcnswmlqmbpnlazhhkncgeowiss/Index.noindex/DataStore @/Users/karelbraborec/Library/Developer/Xcode/DerivedData/revmeter-hbcnswmlqmbpnlazhhkncgeowiss/Build/Intermediates.noindex/Pods.build/Debug-iphonesimulator/RNWorklets.build/Objects-normal/arm64/82b82416624d2658e5098eb0a28c15c5-common-args.resp -DRCT_NEW_ARCH_ENABLED\=1 -include /Users/karelbraborec/rev-meter/ios/Pods/Target\ Support\ Files/RNWorklets/RNWorklets-prefix.pch -MMD -MT dependencies -MF /Users/karelbraborec/Library/Developer/Xcode/DerivedData/revmeter-hbcnswmlqmbpnlazhhkncgeowiss/Build/Intermediates.noindex/Pods.build/Debug-iphonesimulator/RNWorklets.build/Objects-normal/arm64/SerializableFactory.d --serialize-diagnostics /Users/karelbraborec/Library/Developer/Xcode/DerivedData/revmeter-hbcnswmlqmbpnlazhhkncgeowiss/Build/Intermediates.noindex/Pods.build/Debug-iphonesimulator/RNWorklets.build/Objects-normal/arm64/SerializableFactory.dia -c /Users/karelbraborec/rev-meter/node_modules/react-native-worklets/Common/cpp/worklets/SharedItems/SerializableFactory.cpp -o /Users/karelbraborec/Library/Developer/Xcode/DerivedData/revmeter-hbcnswmlqmbpnlazhhkncgeowiss/Build/Intermediates.noindex/Pods.build/Debug-iphonesimulator/RNWorklets.build/Objects-normal/arm64/SerializableFactory.o -index-unit-output-path /Pods.build/Debug-iphonesimulator/RNWorklets.build/Objects-normal/arm64/SerializableFactory.o

CompileC /Users/karelbraborec/Library/Developer/Xcode/DerivedData/revmeter-hbcnswmlqmbpnlazhhkncgeowiss/Build/Intermediates.noindex/Pods.build/Debug-iphonesimulator/RNWorklets.build/Objects-normal/arm64/Serializable.o /Users/karelbraborec/rev-meter/node_modules/react-native-worklets/Common/cpp/worklets/SharedItems/Serializable.cpp normal arm64 c++ com.apple.compilers.llvm.clang.1_0.compiler (in target 'RNWorklets' from project 'Pods')
    cd /Users/karelbraborec/rev-meter/ios/Pods
    
    Using response file: /Users/karelbraborec/Library/Developer/Xcode/DerivedData/revmeter-hbcnswmlqmbpnlazhhkncgeowiss/Build/Intermediates.noindex/Pods.build/Debug-iphonesimulator/RNWorklets.build/Objects-normal/arm64/82b82416624d2658e5098eb0a28c15c5-common-args.resp
    
    /Applications/Xcode.app/Contents/Developer/Toolchains/XcodeDefault.xctoolchain/usr/bin/clang -x c++ -ivfsstatcache /Users/karelbraborec/Library/Developer/Xcode/DerivedData/SDKStatCaches.noindex/iphonesimulator26.5-23F81a-6cfe768891a92b912361537c460fe42b.sdkstatcache -target arm64-apple-ios15.1-simulator -fmessage-length\=0 -fdiagnostics-show-note-include-stack -fmacro-backtrace-limit\=0 -fno-color-diagnostics -fmodules-prune-interval\=86400 -fmodules-prune-after\=345600 -fbuild-session-file\=/Users/karelbraborec/Library/Developer/Xcode/DerivedData/ModuleCache.noindex/Session.modulevalidation -fmodules-validate-once-per-build-session -Wnon-modular-include-in-framework-module -Werror\=non-modular-include-in-framework-module -Wno-trigraphs -Wno-missing-field-initializers -Wno-missing-prototypes -Werror\=return-type -Wdocumentation -Wunreachable-code -Werror\=deprecated-objc-isa-usage -Werror\=objc-root-class -Wno-non-virtual-dtor -Wno-overloaded-virtual -Wno-exit-time-destructors -Wno-missing-braces -Wparentheses -Wswitch -Wunused-function -Wno-unused-label -Wno-unused-parameter -Wunused-variable -Wunused-value -Wempty-body -Wuninitialized -Wconditional-uninitialized -Wno-unknown-pragmas -Wno-shadow -Wno-four-char-constants -Wno-conversion -Wconstant-conversion -Wint-conversion -Wbool-conversion -Wenum-conversion -Wno-float-conversion -Wnon-literal-null-conversion -Wobjc-literal-conversion -Wshorten-64-to-32 -Wno-newline-eof -Wno-c++11-extensions -Wno-implicit-fallthrough -isysroot /Applications/Xcode.app/Contents/Developer/Platforms/iPhoneSimulator.platform/Developer/SDKs/iPhoneSimulator26.5.sdk -fstrict-aliasing -Wdeprecated-declarations -Winvalid-offsetof -Wno-sign-conversion -Winfinite-recursion -Wmove -Wcomma -Wblock-capture-autoreleasing -Wstrict-prototypes -Wrange-loop-analysis -Wno-semicolon-before-method-body -Wunguarded-availability -index-store-path /Users/karelbraborec/Library/Developer/Xcode/DerivedData/revmeter-hbcnswmlqmbpnlazhhkncgeowiss/Index.noindex/DataStore @/Users/karelbraborec/Library/Developer/Xcode/DerivedData/revmeter-hbcnswmlqmbpnlazhhkncgeowiss/Build/Intermediates.noindex/Pods.build/Debug-iphonesimulator/RNWorklets.build/Objects-normal/arm64/82b82416624d2658e5098eb0a28c15c5-common-args.resp -DRCT_NEW_ARCH_ENABLED\=1 -include /Users/karelbraborec/rev-meter/ios/Pods/Target\ Support\ Files/RNWorklets/RNWorklets-prefix.pch -MMD -MT dependencies -MF /Users/karelbraborec/Library/Developer/Xcode/DerivedData/revmeter-hbcnswmlqmbpnlazhhkncgeowiss/Build/Intermediates.noindex/Pods.build/Debug-iphonesimulator/RNWorklets.build/Objects-normal/arm64/Serializable.d --serialize-diagnostics /Users/karelbraborec/Library/Developer/Xcode/DerivedData/revmeter-hbcnswmlqmbpnlazhhkncgeowiss/Build/Intermediates.noindex/Pods.build/Debug-iphonesimulator/RNWorklets.build/Objects-normal/arm64/Serializable.dia -c /Users/karelbraborec/rev-meter/node_modules/react-native-worklets/Common/cpp/worklets/SharedItems/Serializable.cpp -o /Users/karelbraborec/Library/Developer/Xcode/DerivedData/revmeter-hbcnswmlqmbpnlazhhkncgeowiss/Build/Intermediates.noindex/Pods.build/Debug-iphonesimulator/RNWorklets.build/Objects-normal/arm64/Serializable.o -index-unit-output-path /Pods.build/Debug-iphonesimulator/RNWorklets.build/Objects-normal/arm64/Serializable.o
In file included from /Users/karelbraborec/rev-meter/node_modules/react-native-worklets/Common/cpp/worklets/SharedItems/Serializable.cpp:6:
In file included from /Users/karelbraborec/rev-meter/ios/Pods/Headers/Private/RNWorklets/worklets/WorkletRuntime/RuntimeManager.h:6:
/Users/karelbraborec/rev-meter/ios/Pods/Headers/Private/RNWorklets/worklets/WorkletRuntime/WorkletRuntime.h:181:8: warning: declaration is marked with '@deprecated' command but does not have a deprecation attribute [-Wdocumentation-deprecated-sync]
  181 |   /** @deprecated Use `schedule` instead. */
      |       ~^~~~~~~~~~~~~~~~~~~~~~~~~~~~~~~~~~
/Users/karelbraborec/rev-meter/ios/Pods/Headers/Private/RNWorklets/worklets/WorkletRuntime/WorkletRuntime.h:182:3: note: add a deprecation attribute to the declaration to silence this warning
  182 |   void runAsyncGuarded(const std::shared_ptr<SerializableWorklet> &worklet);
      |   ^
      |   __AVAILABILITY_INTERNAL_DEPRECATED 
/Users/karelbraborec/rev-meter/ios/Pods/Headers/Private/RNWorklets/worklets/WorkletRuntime/WorkletRuntime.h:184:8: warning: declaration is marked with '@deprecated' command but does not have a deprecation attribute [-Wdocumentation-deprecated-sync]
  184 |   /** @deprecated Use `runSyncSerialized` and extract to `jsi::Value` with
      |       ~^~~~~~~~~~~~~~~~~~~~~~~~~~~~~~~~~~~~~~~~~~~~~~~~~~~~~~~~~~~~~~~~~~~
  185 |    * `extractSerializableOrThrow` instead. */
      |    ~~~~~~~~~~~~~~~~~~~~~~~~~~~~~~~~~~~~~~~
/Users/karelbraborec/rev-meter/ios/Pods/Headers/Private/RNWorklets/worklets/WorkletRuntime/WorkletRuntime.h:186:3: note: add a deprecation attribute to the declaration to silence this warning
  186 |   jsi::Value executeSync(jsi::Runtime &rt, const jsi::Value &worklet) const;
      |   ^
      |   __AVAILABILITY_INTERNAL_DEPRECATED 
/Users/karelbraborec/rev-meter/ios/Pods/Headers/Private/RNWorklets/worklets/WorkletRuntime/WorkletRuntime.h:187:8: warning: declaration is marked with '@deprecated' command but does not have a deprecation attribute [-Wdocumentation-deprecated-sync]
  187 |   /** @deprecated Use `runSync` instead. */
      |       ~^~~~~~~~~~~~~~~~~~~~~~~~~~~~~~~~~
/Users/karelbraborec/rev-meter/ios/Pods/Headers/Private/RNWorklets/worklets/WorkletRuntime/WorkletRuntime.h:188:3: note: add a deprecation attribute to the declaration to silence this warning
  188 |   jsi::Value executeSync(std::function<jsi::Value(jsi::Runtime &)> &&job) const;
      |   ^
      |   __AVAILABILITY_INTERNAL_DEPRECATED 
/Users/karelbraborec/rev-meter/ios/Pods/Headers/Private/RNWorklets/worklets/WorkletRuntime/WorkletRuntime.h:189:8: warning: declaration is marked with '@deprecated' command but does not have a deprecation attribute [-Wdocumentation-deprecated-sync]
  189 |   /** @deprecated Use `runSync` instead. */
      |       ~^~~~~~~~~~~~~~~~~~~~~~~~~~~~~~~~~
/Users/karelbraborec/rev-meter/ios/Pods/Headers/Private/RNWorklets/worklets/WorkletRuntime/WorkletRuntime.h:190:3: note: add a deprecation attribute to the declaration to silence this warning
  190 |   jsi::Value executeSync(const std::function<jsi::Value(jsi::Runtime &)> &job) const;
      |   ^
      |   __AVAILABILITY_INTERNAL_DEPRECATED 
/Users/karelbraborec/rev-meter/ios/Pods/Headers/Private/RNWorklets/worklets/WorkletRuntime/WorkletRuntime.h:175:8: warning: declaration is marked with '@deprecated' command but does not have a deprecation attribute [-Wdocumentation-deprecated-sync]
  175 |   /** @deprecated Use `runSync` instead. */
      |       ~^~~~~~~~~~~~~~~~~~~~~~~~~~~~~~~~~
5 warnings generated.

CompileC /Users/karelbraborec/Library/Developer/Xcode/DerivedData/revmeter-hbcnswmlqmbpnlazhhkncgeowiss/Build/Intermediates.noindex/Pods.build/Debug-iphonesimulator/RNWorklets.build/Objects-normal/arm64/RuntimeManager.o /Users/karelbraborec/rev-meter/node_modules/react-native-worklets/Common/cpp/worklets/WorkletRuntime/RuntimeManager.cpp normal arm64 c++ com.apple.compilers.llvm.clang.1_0.compiler (in target 'RNWorklets' from project 'Pods')
    cd /Users/karelbraborec/rev-meter/ios/Pods
    
    Using response file: /Users/karelbraborec/Library/Developer/Xcode/DerivedData/revmeter-hbcnswmlqmbpnlazhhkncgeowiss/Build/Intermediates.noindex/Pods.build/Debug-iphonesimulator/RNWorklets.build/Objects-normal/arm64/82b82416624d2658e5098eb0a28c15c5-common-args.resp
    
    /Applications/Xcode.app/Contents/Developer/Toolchains/XcodeDefault.xctoolchain/usr/bin/clang -x c++ -ivfsstatcache /Users/karelbraborec/Library/Developer/Xcode/DerivedData/SDKStatCaches.noindex/iphonesimulator26.5-23F81a-6cfe768891a92b912361537c460fe42b.sdkstatcache -target arm64-apple-ios15.1-simulator -fmessage-length\=0 -fdiagnostics-show-note-include-stack -fmacro-backtrace-limit\=0 -fno-color-diagnostics -fmodules-prune-interval\=86400 -fmodules-prune-after\=345600 -fbuild-session-file\=/Users/karelbraborec/Library/Developer/Xcode/DerivedData/ModuleCache.noindex/Session.modulevalidation -fmodules-validate-once-per-build-session -Wnon-modular-include-in-framework-module -Werror\=non-modular-include-in-framework-module -Wno-trigraphs -Wno-missing-field-initializers -Wno-missing-prototypes -Werror\=return-type -Wdocumentation -Wunreachable-code -Werror\=deprecated-objc-isa-usage -Werror\=objc-root-class -Wno-non-virtual-dtor -Wno-overloaded-virtual -Wno-exit-time-destructors -Wno-missing-braces -Wparentheses -Wswitch -Wunused-function -Wno-unused-label -Wno-unused-parameter -Wunused-variable -Wunused-value -Wempty-body -Wuninitialized -Wconditional-uninitialized -Wno-unknown-pragmas -Wno-shadow -Wno-four-char-constants -Wno-conversion -Wconstant-conversion -Wint-conversion -Wbool-conversion -Wenum-conversion -Wno-float-conversion -Wnon-literal-null-conversion -Wobjc-literal-conversion -Wshorten-64-to-32 -Wno-newline-eof -Wno-c++11-extensions -Wno-implicit-fallthrough -isysroot /Applications/Xcode.app/Contents/Developer/Platforms/iPhoneSimulator.platform/Developer/SDKs/iPhoneSimulator26.5.sdk -fstrict-aliasing -Wdeprecated-declarations -Winvalid-offsetof -Wno-sign-conversion -Winfinite-recursion -Wmove -Wcomma -Wblock-capture-autoreleasing -Wstrict-prototypes -Wrange-loop-analysis -Wno-semicolon-before-method-body -Wunguarded-availability -index-store-path /Users/karelbraborec/Library/Developer/Xcode/DerivedData/revmeter-hbcnswmlqmbpnlazhhkncgeowiss/Index.noindex/DataStore @/Users/karelbraborec/Library/Developer/Xcode/DerivedData/revmeter-hbcnswmlqmbpnlazhhkncgeowiss/Build/Intermediates.noindex/Pods.build/Debug-iphonesimulator/RNWorklets.build/Objects-normal/arm64/82b82416624d2658e5098eb0a28c15c5-common-args.resp -DRCT_NEW_ARCH_ENABLED\=1 -include /Users/karelbraborec/rev-meter/ios/Pods/Target\ Support\ Files/RNWorklets/RNWorklets-prefix.pch -MMD -MT dependencies -MF /Users/karelbraborec/Library/Developer/Xcode/DerivedData/revmeter-hbcnswmlqmbpnlazhhkncgeowiss/Build/Intermediates.noindex/Pods.build/Debug-iphonesimulator/RNWorklets.build/Objects-normal/arm64/RuntimeManager.d --serialize-diagnostics /Users/karelbraborec/Library/Developer/Xcode/DerivedData/revmeter-hbcnswmlqmbpnlazhhkncgeowiss/Build/Intermediates.noindex/Pods.build/Debug-iphonesimulator/RNWorklets.build/Objects-normal/arm64/RuntimeManager.dia -c /Users/karelbraborec/rev-meter/node_modules/react-native-worklets/Common/cpp/worklets/WorkletRuntime/RuntimeManager.cpp -o /Users/karelbraborec/Library/Developer/Xcode/DerivedData/revmeter-hbcnswmlqmbpnlazhhkncgeowiss/Build/Intermediates.noindex/Pods.build/Debug-iphonesimulator/RNWorklets.build/Objects-normal/arm64/RuntimeManager.o -index-unit-output-path /Pods.build/Debug-iphonesimulator/RNWorklets.build/Objects-normal/arm64/RuntimeManager.o
In file included from /Users/karelbraborec/rev-meter/node_modules/react-native-worklets/Common/cpp/worklets/WorkletRuntime/RuntimeManager.cpp:1:
In file included from /Users/karelbraborec/rev-meter/ios/Pods/Headers/Private/RNWorklets/worklets/NativeModules/JSIWorkletsModuleProxy.h:4:
In file included from /Users/karelbraborec/rev-meter/ios/Pods/Headers/Private/RNWorklets/worklets/SharedItems/MemoryManager.h:6:
/Users/karelbraborec/rev-meter/ios/Pods/Headers/Private/RNWorklets/worklets/WorkletRuntime/WorkletRuntime.h:181:8: warning: declaration is marked with '@deprecated' command but does not have a deprecation attribute [-Wdocumentation-deprecated-sync]
  181 |   /** @deprecated Use `schedule` instead. */
      |       ~^~~~~~~~~~~~~~~~~~~~~~~~~~~~~~~~~~
/Users/karelbraborec/rev-meter/ios/Pods/Headers/Private/RNWorklets/worklets/WorkletRuntime/WorkletRuntime.h:182:3: note: add a deprecation attribute to the declaration to silence this warning
  182 |   void runAsyncGuarded(const std::shared_ptr<SerializableWorklet> &worklet);
      |   ^
      |   __AVAILABILITY_INTERNAL_DEPRECATED 
/Users/karelbraborec/rev-meter/ios/Pods/Headers/Private/RNWorklets/worklets/WorkletRuntime/WorkletRuntime.h:184:8: warning: declaration is marked with '@deprecated' command but does not have a deprecation attribute [-Wdocumentation-deprecated-sync]
  184 |   /** @deprecated Use `runSyncSerialized` and extract to `jsi::Value` with
      |       ~^~~~~~~~~~~~~~~~~~~~~~~~~~~~~~~~~~~~~~~~~~~~~~~~~~~~~~~~~~~~~~~~~~~
  185 |    * `extractSerializableOrThrow` instead. */
      |    ~~~~~~~~~~~~~~~~~~~~~~~~~~~~~~~~~~~~~~~
/Users/karelbraborec/rev-meter/ios/Pods/Headers/Private/RNWorklets/worklets/WorkletRuntime/WorkletRuntime.h:186:3: note: add a deprecation attribute to the declaration to silence this warning
  186 |   jsi::Value executeSync(jsi::Runtime &rt, const jsi::Value &worklet) const;
      |   ^
      |   __AVAILABILITY_INTERNAL_DEPRECATED 
/Users/karelbraborec/rev-meter/ios/Pods/Headers/Private/RNWorklets/worklets/WorkletRuntime/WorkletRuntime.h:187:8: warning: declaration is marked with '@deprecated' command but does not have a deprecation attribute [-Wdocumentation-deprecated-sync]
  187 |   /** @deprecated Use `runSync` instead. */
      |       ~^~~~~~~~~~~~~~~~~~~~~~~~~~~~~~~~~
/Users/karelbraborec/rev-meter/ios/Pods/Headers/Private/RNWorklets/worklets/WorkletRuntime/WorkletRuntime.h:188:3: note: add a deprecation attribute to the declaration to silence this warning
  188 |   jsi::Value executeSync(std::function<jsi::Value(jsi::Runtime &)> &&job) const;
      |   ^
      |   __AVAILABILITY_INTERNAL_DEPRECATED 
/Users/karelbraborec/rev-meter/ios/Pods/Headers/Private/RNWorklets/worklets/WorkletRuntime/WorkletRuntime.h:189:8: warning: declaration is marked with '@deprecated' command but does not have a deprecation attribute [-Wdocumentation-deprecated-sync]
  189 |   /** @deprecated Use `runSync` instead. */
      |       ~^~~~~~~~~~~~~~~~~~~~~~~~~~~~~~~~~
/Users/karelbraborec/rev-meter/ios/Pods/Headers/Private/RNWorklets/worklets/WorkletRuntime/WorkletRuntime.h:190:3: note: add a deprecation attribute to the declaration to silence this warning
  190 |   jsi::Value executeSync(const std::function<jsi::Value(jsi::Runtime &)> &job) const;
      |   ^
      |   __AVAILABILITY_INTERNAL_DEPRECATED 
/Users/karelbraborec/rev-meter/ios/Pods/Headers/Private/RNWorklets/worklets/WorkletRuntime/WorkletRuntime.h:175:8: warning: declaration is marked with '@deprecated' command but does not have a deprecation attribute [-Wdocumentation-deprecated-sync]
  175 |   /** @deprecated Use `runSync` instead. */
      |       ~^~~~~~~~~~~~~~~~~~~~~~~~~~~~~~~~~
5 warnings generated.

CompileC /Users/karelbraborec/Library/Developer/Xcode/DerivedData/revmeter-hbcnswmlqmbpnlazhhkncgeowiss/Build/Intermediates.noindex/Pods.build/Debug-iphonesimulator/RNWorklets.build/Objects-normal/arm64/RNRuntimeWorkletDecorator.o /Users/karelbraborec/rev-meter/node_modules/react-native-worklets/Common/cpp/worklets/WorkletRuntime/RNRuntimeWorkletDecorator.cpp normal arm64 c++ com.apple.compilers.llvm.clang.1_0.compiler (in target 'RNWorklets' from project 'Pods')
    cd /Users/karelbraborec/rev-meter/ios/Pods
    
    Using response file: /Users/karelbraborec/Library/Developer/Xcode/DerivedData/revmeter-hbcnswmlqmbpnlazhhkncgeowiss/Build/Intermediates.noindex/Pods.build/Debug-iphonesimulator/RNWorklets.build/Objects-normal/arm64/82b82416624d2658e5098eb0a28c15c5-common-args.resp
    
    /Applications/Xcode.app/Contents/Developer/Toolchains/XcodeDefault.xctoolchain/usr/bin/clang -x c++ -ivfsstatcache /Users/karelbraborec/Library/Developer/Xcode/DerivedData/SDKStatCaches.noindex/iphonesimulator26.5-23F81a-6cfe768891a92b912361537c460fe42b.sdkstatcache -target arm64-apple-ios15.1-simulator -fmessage-length\=0 -fdiagnostics-show-note-include-stack -fmacro-backtrace-limit\=0 -fno-color-diagnostics -fmodules-prune-interval\=86400 -fmodules-prune-after\=345600 -fbuild-session-file\=/Users/karelbraborec/Library/Developer/Xcode/DerivedData/ModuleCache.noindex/Session.modulevalidation -fmodules-validate-once-per-build-session -Wnon-modular-include-in-framework-module -Werror\=non-modular-include-in-framework-module -Wno-trigraphs -Wno-missing-field-initializers -Wno-missing-prototypes -Werror\=return-type -Wdocumentation -Wunreachable-code -Werror\=deprecated-objc-isa-usage -Werror\=objc-root-class -Wno-non-virtual-dtor -Wno-overloaded-virtual -Wno-exit-time-destructors -Wno-missing-braces -Wparentheses -Wswitch -Wunused-function -Wno-unused-label -Wno-unused-parameter -Wunused-variable -Wunused-value -Wempty-body -Wuninitialized -Wconditional-uninitialized -Wno-unknown-pragmas -Wno-shadow -Wno-four-char-constants -Wno-conversion -Wconstant-conversion -Wint-conversion -Wbool-conversion -Wenum-conversion -Wno-float-conversion -Wnon-literal-null-conversion -Wobjc-literal-conversion -Wshorten-64-to-32 -Wno-newline-eof -Wno-c++11-extensions -Wno-implicit-fallthrough -isysroot /Applications/Xcode.app/Contents/Developer/Platforms/iPhoneSimulator.platform/Developer/SDKs/iPhoneSimulator26.5.sdk -fstrict-aliasing -Wdeprecated-declarations -Winvalid-offsetof -Wno-sign-conversion -Winfinite-recursion -Wmove -Wcomma -Wblock-capture-autoreleasing -Wstrict-prototypes -Wrange-loop-analysis -Wno-semicolon-before-method-body -Wunguarded-availability -index-store-path /Users/karelbraborec/Library/Developer/Xcode/DerivedData/revmeter-hbcnswmlqmbpnlazhhkncgeowiss/Index.noindex/DataStore @/Users/karelbraborec/Library/Developer/Xcode/DerivedData/revmeter-hbcnswmlqmbpnlazhhkncgeowiss/Build/Intermediates.noindex/Pods.build/Debug-iphonesimulator/RNWorklets.build/Objects-normal/arm64/82b82416624d2658e5098eb0a28c15c5-common-args.resp -DRCT_NEW_ARCH_ENABLED\=1 -include /Users/karelbraborec/rev-meter/ios/Pods/Target\ Support\ Files/RNWorklets/RNWorklets-prefix.pch -MMD -MT dependencies -MF /Users/karelbraborec/Library/Developer/Xcode/DerivedData/revmeter-hbcnswmlqmbpnlazhhkncgeowiss/Build/Intermediates.noindex/Pods.build/Debug-iphonesimulator/RNWorklets.build/Objects-normal/arm64/RNRuntimeWorkletDecorator.d --serialize-diagnostics /Users/karelbraborec/Library/Developer/Xcode/DerivedData/revmeter-hbcnswmlqmbpnlazhhkncgeowiss/Build/Intermediates.noindex/Pods.build/Debug-iphonesimulator/RNWorklets.build/Objects-normal/arm64/RNRuntimeWorkletDecorator.dia -c /Users/karelbraborec/rev-meter/node_modules/react-native-worklets/Common/cpp/worklets/WorkletRuntime/RNRuntimeWorkletDecorator.cpp -o /Users/karelbraborec/Library/Developer/Xcode/DerivedData/revmeter-hbcnswmlqmbpnlazhhkncgeowiss/Build/Intermediates.noindex/Pods.build/Debug-iphonesimulator/RNWorklets.build/Objects-normal/arm64/RNRuntimeWorkletDecorator.o -index-unit-output-path /Pods.build/Debug-iphonesimulator/RNWorklets.build/Objects-normal/arm64/RNRuntimeWorkletDecorator.o
In file included from /Users/karelbraborec/rev-meter/node_modules/react-native-worklets/Common/cpp/worklets/WorkletRuntime/RNRuntimeWorkletDecorator.cpp:4:
In file included from /Users/karelbraborec/rev-meter/ios/Pods/Headers/Private/RNWorklets/worklets/WorkletRuntime/RNRuntimeWorkletDecorator.h:4:
In file included from /Users/karelbraborec/rev-meter/ios/Pods/Headers/Private/RNWorklets/worklets/NativeModules/WorkletsModuleProxy.h:4:
In file included from /Users/karelbraborec/rev-meter/ios/Pods/Headers/Private/RNWorklets/worklets/AnimationFrameQueue/AnimationFrameBatchinator.h:6:
/Users/karelbraborec/rev-meter/ios/Pods/Headers/Private/RNWorklets/worklets/WorkletRuntime/WorkletRuntime.h:181:8: warning: declaration is marked with '@deprecated' command but does not have a deprecation attribute [-Wdocumentation-deprecated-sync]
  181 |   /** @deprecated Use `schedule` instead. */
      |       ~^~~~~~~~~~~~~~~~~~~~~~~~~~~~~~~~~~
/Users/karelbraborec/rev-meter/ios/Pods/Headers/Private/RNWorklets/worklets/WorkletRuntime/WorkletRuntime.h:182:3: note: add a deprecation attribute to the declaration to silence this warning
  182 |   void runAsyncGuarded(const std::shared_ptr<SerializableWorklet> &worklet);
      |   ^
      |   __AVAILABILITY_INTERNAL_DEPRECATED 
/Users/karelbraborec/rev-meter/ios/Pods/Headers/Private/RNWorklets/worklets/WorkletRuntime/WorkletRuntime.h:184:8: warning: declaration is marked with '@deprecated' command but does not have a deprecation attribute [-Wdocumentation-deprecated-sync]
  184 |   /** @deprecated Use `runSyncSerialized` and extract to `jsi::Value` with
      |       ~^~~~~~~~~~~~~~~~~~~~~~~~~~~~~~~~~~~~~~~~~~~~~~~~~~~~~~~~~~~~~~~~~~~
  185 |    * `extractSerializableOrThrow` instead. */
      |    ~~~~~~~~~~~~~~~~~~~~~~~~~~~~~~~~~~~~~~~
/Users/karelbraborec/rev-meter/ios/Pods/Headers/Private/RNWorklets/worklets/WorkletRuntime/WorkletRuntime.h:186:3: note: add a deprecation attribute to the declaration to silence this warning
  186 |   jsi::Value executeSync(jsi::Runtime &rt, const jsi::Value &worklet) const;
      |   ^
      |   __AVAILABILITY_INTERNAL_DEPRECATED 
/Users/karelbraborec/rev-meter/ios/Pods/Headers/Private/RNWorklets/worklets/WorkletRuntime/WorkletRuntime.h:187:8: warning: declaration is marked with '@deprecated' command but does not have a deprecation attribute [-Wdocumentation-deprecated-sync]
  187 |   /** @deprecated Use `runSync` instead. */
      |       ~^~~~~~~~~~~~~~~~~~~~~~~~~~~~~~~~~
/Users/karelbraborec/rev-meter/ios/Pods/Headers/Private/RNWorklets/worklets/WorkletRuntime/WorkletRuntime.h:188:3: note: add a deprecation attribute to the declaration to silence this warning
  188 |   jsi::Value executeSync(std::function<jsi::Value(jsi::Runtime &)> &&job) const;
      |   ^
      |   __AVAILABILITY_INTERNAL_DEPRECATED 
/Users/karelbraborec/rev-meter/ios/Pods/Headers/Private/RNWorklets/worklets/WorkletRuntime/WorkletRuntime.h:189:8: warning: declaration is marked with '@deprecated' command but does not have a deprecation attribute [-Wdocumentation-deprecated-sync]
  189 |   /** @deprecated Use `runSync` instead. */
      |       ~^~~~~~~~~~~~~~~~~~~~~~~~~~~~~~~~~
/Users/karelbraborec/rev-meter/ios/Pods/Headers/Private/RNWorklets/worklets/WorkletRuntime/WorkletRuntime.h:190:3: note: add a deprecation attribute to the declaration to silence this warning
  190 |   jsi::Value executeSync(const std::function<jsi::Value(jsi::Runtime &)> &job) const;
      |   ^
      |   __AVAILABILITY_INTERNAL_DEPRECATED 
/Users/karelbraborec/rev-meter/ios/Pods/Headers/Private/RNWorklets/worklets/WorkletRuntime/WorkletRuntime.h:175:8: warning: declaration is marked with '@deprecated' command but does not have a deprecation attribute [-Wdocumentation-deprecated-sync]
  175 |   /** @deprecated Use `runSync` instead. */
      |       ~^~~~~~~~~~~~~~~~~~~~~~~~~~~~~~~~~
5 warnings generated.

CompileC /Users/karelbraborec/Library/Developer/Xcode/DerivedData/revmeter-hbcnswmlqmbpnlazhhkncgeowiss/Build/Intermediates.noindex/Pods.build/Debug-iphonesimulator/RNWorklets.build/Objects-normal/arm64/PlatformLogger.o /Users/karelbraborec/rev-meter/node_modules/react-native-worklets/apple/worklets/apple/PlatformLogger.mm normal arm64 objective-c++ com.apple.compilers.llvm.clang.1_0.compiler (in target 'RNWorklets' from project 'Pods')
    cd /Users/karelbraborec/rev-meter/ios/Pods
    
    Using response file: /Users/karelbraborec/Library/Developer/Xcode/DerivedData/revmeter-hbcnswmlqmbpnlazhhkncgeowiss/Build/Intermediates.noindex/Pods.build/Debug-iphonesimulator/RNWorklets.build/Objects-normal/arm64/af3fcb34312c57c0f52879cdce924b91-common-args.resp
    
    /Applications/Xcode.app/Contents/Developer/Toolchains/XcodeDefault.xctoolchain/usr/bin/clang -x objective-c++ -ivfsstatcache /Users/karelbraborec/Library/Developer/Xcode/DerivedData/SDKStatCaches.noindex/iphonesimulator26.5-23F81a-6cfe768891a92b912361537c460fe42b.sdkstatcache -target arm64-apple-ios15.1-simulator -fmessage-length\=0 -fdiagnostics-show-note-include-stack -fmacro-backtrace-limit\=0 -fno-color-diagnostics -fmodules-prune-interval\=86400 -fmodules-prune-after\=345600 -fbuild-session-file\=/Users/karelbraborec/Library/Developer/Xcode/DerivedData/ModuleCache.noindex/Session.modulevalidation -fmodules-validate-once-per-build-session -Wnon-modular-include-in-framework-module -Werror\=non-modular-include-in-framework-module -Wno-trigraphs -Wno-missing-field-initializers -Wno-missing-prototypes -Werror\=return-type -Wdocumentation -Wunreachable-code -Wno-implicit-atomic-properties -Werror\=deprecated-objc-isa-usage -Wno-objc-interface-ivars -Werror\=objc-root-class -Wno-arc-repeated-use-of-weak -Wimplicit-retain-self -Wno-non-virtual-dtor -Wno-overloaded-virtual -Wno-exit-time-destructors -Wduplicate-method-match -Wno-missing-braces -Wparentheses -Wswitch -Wunused-function -Wno-unused-label -Wno-unused-parameter -Wunused-variable -Wunused-value -Wempty-body -Wuninitialized -Wconditional-uninitialized -Wno-unknown-pragmas -Wno-shadow -Wno-four-char-constants -Wno-conversion -Wconstant-conversion -Wint-conversion -Wbool-conversion -Wenum-conversion -Wno-float-conversion -Wnon-literal-null-conversion -Wobjc-literal-conversion -Wshorten-64-to-32 -Wno-newline-eof -Wno-selector -Wno-strict-selector-match -Wundeclared-selector -Wdeprecated-implementations -Wno-c++11-extensions -Wno-implicit-fallthrough -isysroot /Applications/Xcode.app/Contents/Developer/Platforms/iPhoneSimulator.platform/Developer/SDKs/iPhoneSimulator26.5.sdk -fstrict-aliasing -Wprotocol -Wdeprecated-declarations -Winvalid-offsetof -Wno-sign-conversion -Winfinite-recursion -Wmove -Wcomma -Wblock-capture-autoreleasing -Wstrict-prototypes -Wrange-loop-analysis -Wno-semicolon-before-method-body -Wunguarded-availability -index-store-path /Users/karelbraborec/Library/Developer/Xcode/DerivedData/revmeter-hbcnswmlqmbpnlazhhkncgeowiss/Index.noindex/DataStore @/Users/karelbraborec/Library/Developer/Xcode/DerivedData/revmeter-hbcnswmlqmbpnlazhhkncgeowiss/Build/Intermediates.noindex/Pods.build/Debug-iphonesimulator/RNWorklets.build/Objects-normal/arm64/af3fcb34312c57c0f52879cdce924b91-common-args.resp -DRCT_NEW_ARCH_ENABLED\=1 -include /Users/karelbraborec/rev-meter/ios/Pods/Target\ Support\ Files/RNWorklets/RNWorklets-prefix.pch -MMD -MT dependencies -MF /Users/karelbraborec/Library/Developer/Xcode/DerivedData/revmeter-hbcnswmlqmbpnlazhhkncgeowiss/Build/Intermediates.noindex/Pods.build/Debug-iphonesimulator/RNWorklets.build/Objects-normal/arm64/PlatformLogger.d --serialize-diagnostics /Users/karelbraborec/Library/Developer/Xcode/DerivedData/revmeter-hbcnswmlqmbpnlazhhkncgeowiss/Build/Intermediates.noindex/Pods.build/Debug-iphonesimulator/RNWorklets.build/Objects-normal/arm64/PlatformLogger.dia -c /Users/karelbraborec/rev-meter/node_modules/react-native-worklets/apple/worklets/apple/PlatformLogger.mm -o /Users/karelbraborec/Library/Developer/Xcode/DerivedData/revmeter-hbcnswmlqmbpnlazhhkncgeowiss/Build/Intermediates.noindex/Pods.build/Debug-iphonesimulator/RNWorklets.build/Objects-normal/arm64/PlatformLogger.o -index-unit-output-path /Pods.build/Debug-iphonesimulator/RNWorklets.build/Objects-normal/arm64/PlatformLogger.o

CompileC /Users/karelbraborec/Library/Developer/Xcode/DerivedData/revmeter-hbcnswmlqmbpnlazhhkncgeowiss/Build/Intermediates.noindex/Pods.build/Debug-iphonesimulator/RNWorklets.build/Objects-normal/arm64/MemoryManager.o /Users/karelbraborec/rev-meter/node_modules/react-native-worklets/Common/cpp/worklets/SharedItems/MemoryManager.cpp normal arm64 c++ com.apple.compilers.llvm.clang.1_0.compiler (in target 'RNWorklets' from project 'Pods')
    cd /Users/karelbraborec/rev-meter/ios/Pods
    
    Using response file: /Users/karelbraborec/Library/Developer/Xcode/DerivedData/revmeter-hbcnswmlqmbpnlazhhkncgeowiss/Build/Intermediates.noindex/Pods.build/Debug-iphonesimulator/RNWorklets.build/Objects-normal/arm64/82b82416624d2658e5098eb0a28c15c5-common-args.resp
    
    /Applications/Xcode.app/Contents/Developer/Toolchains/XcodeDefault.xctoolchain/usr/bin/clang -x c++ -ivfsstatcache /Users/karelbraborec/Library/Developer/Xcode/DerivedData/SDKStatCaches.noindex/iphonesimulator26.5-23F81a-6cfe768891a92b912361537c460fe42b.sdkstatcache -target arm64-apple-ios15.1-simulator -fmessage-length\=0 -fdiagnostics-show-note-include-stack -fmacro-backtrace-limit\=0 -fno-color-diagnostics -fmodules-prune-interval\=86400 -fmodules-prune-after\=345600 -fbuild-session-file\=/Users/karelbraborec/Library/Developer/Xcode/DerivedData/ModuleCache.noindex/Session.modulevalidation -fmodules-validate-once-per-build-session -Wnon-modular-include-in-framework-module -Werror\=non-modular-include-in-framework-module -Wno-trigraphs -Wno-missing-field-initializers -Wno-missing-prototypes -Werror\=return-type -Wdocumentation -Wunreachable-code -Werror\=deprecated-objc-isa-usage -Werror\=objc-root-class -Wno-non-virtual-dtor -Wno-overloaded-virtual -Wno-exit-time-destructors -Wno-missing-braces -Wparentheses -Wswitch -Wunused-function -Wno-unused-label -Wno-unused-parameter -Wunused-variable -Wunused-value -Wempty-body -Wuninitialized -Wconditional-uninitialized -Wno-unknown-pragmas -Wno-shadow -Wno-four-char-constants -Wno-conversion -Wconstant-conversion -Wint-conversion -Wbool-conversion -Wenum-conversion -Wno-float-conversion -Wnon-literal-null-conversion -Wobjc-literal-conversion -Wshorten-64-to-32 -Wno-newline-eof -Wno-c++11-extensions -Wno-implicit-fallthrough -isysroot /Applications/Xcode.app/Contents/Developer/Platforms/iPhoneSimulator.platform/Developer/SDKs/iPhoneSimulator26.5.sdk -fstrict-aliasing -Wdeprecated-declarations -Winvalid-offsetof -Wno-sign-conversion -Winfinite-recursion -Wmove -Wcomma -Wblock-capture-autoreleasing -Wstrict-prototypes -Wrange-loop-analysis -Wno-semicolon-before-method-body -Wunguarded-availability -index-store-path /Users/karelbraborec/Library/Developer/Xcode/DerivedData/revmeter-hbcnswmlqmbpnlazhhkncgeowiss/Index.noindex/DataStore @/Users/karelbraborec/Library/Developer/Xcode/DerivedData/revmeter-hbcnswmlqmbpnlazhhkncgeowiss/Build/Intermediates.noindex/Pods.build/Debug-iphonesimulator/RNWorklets.build/Objects-normal/arm64/82b82416624d2658e5098eb0a28c15c5-common-args.resp -DRCT_NEW_ARCH_ENABLED\=1 -include /Users/karelbraborec/rev-meter/ios/Pods/Target\ Support\ Files/RNWorklets/RNWorklets-prefix.pch -MMD -MT dependencies -MF /Users/karelbraborec/Library/Developer/Xcode/DerivedData/revmeter-hbcnswmlqmbpnlazhhkncgeowiss/Build/Intermediates.noindex/Pods.build/Debug-iphonesimulator/RNWorklets.build/Objects-normal/arm64/MemoryManager.d --serialize-diagnostics /Users/karelbraborec/Library/Developer/Xcode/DerivedData/revmeter-hbcnswmlqmbpnlazhhkncgeowiss/Build/Intermediates.noindex/Pods.build/Debug-iphonesimulator/RNWorklets.build/Objects-normal/arm64/MemoryManager.dia -c /Users/karelbraborec/rev-meter/node_modules/react-native-worklets/Common/cpp/worklets/SharedItems/MemoryManager.cpp -o /Users/karelbraborec/Library/Developer/Xcode/DerivedData/revmeter-hbcnswmlqmbpnlazhhkncgeowiss/Build/Intermediates.noindex/Pods.build/Debug-iphonesimulator/RNWorklets.build/Objects-normal/arm64/MemoryManager.o -index-unit-output-path /Pods.build/Debug-iphonesimulator/RNWorklets.build/Objects-normal/arm64/MemoryManager.o
In file included from /Users/karelbraborec/rev-meter/node_modules/react-native-worklets/Common/cpp/worklets/SharedItems/MemoryManager.cpp:3:
In file included from /Users/karelbraborec/rev-meter/ios/Pods/Headers/Private/RNWorklets/worklets/SharedItems/MemoryManager.h:6:
/Users/karelbraborec/rev-meter/ios/Pods/Headers/Private/RNWorklets/worklets/WorkletRuntime/WorkletRuntime.h:181:8: warning: declaration is marked with '@deprecated' command but does not have a deprecation attribute [-Wdocumentation-deprecated-sync]
  181 |   /** @deprecated Use `schedule` instead. */
      |       ~^~~~~~~~~~~~~~~~~~~~~~~~~~~~~~~~~~
/Users/karelbraborec/rev-meter/ios/Pods/Headers/Private/RNWorklets/worklets/WorkletRuntime/WorkletRuntime.h:182:3: note: add a deprecation attribute to the declaration to silence this warning
  182 |   void runAsyncGuarded(const std::shared_ptr<SerializableWorklet> &worklet);
      |   ^
      |   __AVAILABILITY_INTERNAL_DEPRECATED 
/Users/karelbraborec/rev-meter/ios/Pods/Headers/Private/RNWorklets/worklets/WorkletRuntime/WorkletRuntime.h:184:8: warning: declaration is marked with '@deprecated' command but does not have a deprecation attribute [-Wdocumentation-deprecated-sync]
  184 |   /** @deprecated Use `runSyncSerialized` and extract to `jsi::Value` with
      |       ~^~~~~~~~~~~~~~~~~~~~~~~~~~~~~~~~~~~~~~~~~~~~~~~~~~~~~~~~~~~~~~~~~~~
  185 |    * `extractSerializableOrThrow` instead. */
      |    ~~~~~~~~~~~~~~~~~~~~~~~~~~~~~~~~~~~~~~~
/Users/karelbraborec/rev-meter/ios/Pods/Headers/Private/RNWorklets/worklets/WorkletRuntime/WorkletRuntime.h:186:3: note: add a deprecation attribute to the declaration to silence this warning
  186 |   jsi::Value executeSync(jsi::Runtime &rt, const jsi::Value &worklet) const;
      |   ^
      |   __AVAILABILITY_INTERNAL_DEPRECATED 
/Users/karelbraborec/rev-meter/ios/Pods/Headers/Private/RNWorklets/worklets/WorkletRuntime/WorkletRuntime.h:187:8: warning: declaration is marked with '@deprecated' command but does not have a deprecation attribute [-Wdocumentation-deprecated-sync]
  187 |   /** @deprecated Use `runSync` instead. */
      |       ~^~~~~~~~~~~~~~~~~~~~~~~~~~~~~~~~~
/Users/karelbraborec/rev-meter/ios/Pods/Headers/Private/RNWorklets/worklets/WorkletRuntime/WorkletRuntime.h:188:3: note: add a deprecation attribute to the declaration to silence this warning
  188 |   jsi::Value executeSync(std::function<jsi::Value(jsi::Runtime &)> &&job) const;
      |   ^
      |   __AVAILABILITY_INTERNAL_DEPRECATED 
/Users/karelbraborec/rev-meter/ios/Pods/Headers/Private/RNWorklets/worklets/WorkletRuntime/WorkletRuntime.h:189:8: warning: declaration is marked with '@deprecated' command but does not have a deprecation attribute [-Wdocumentation-deprecated-sync]
  189 |   /** @deprecated Use `runSync` instead. */
      |       ~^~~~~~~~~~~~~~~~~~~~~~~~~~~~~~~~~
/Users/karelbraborec/rev-meter/ios/Pods/Headers/Private/RNWorklets/worklets/WorkletRuntime/WorkletRuntime.h:190:3: note: add a deprecation attribute to the declaration to silence this warning
  190 |   jsi::Value executeSync(const std::function<jsi::Value(jsi::Runtime &)> &job) const;
      |   ^
      |   __AVAILABILITY_INTERNAL_DEPRECATED 
/Users/karelbraborec/rev-meter/ios/Pods/Headers/Private/RNWorklets/worklets/WorkletRuntime/WorkletRuntime.h:175:8: warning: declaration is marked with '@deprecated' command but does not have a deprecation attribute [-Wdocumentation-deprecated-sync]
  175 |   /** @deprecated Use `runSync` instead. */
      |       ~^~~~~~~~~~~~~~~~~~~~~~~~~~~~~~~~~
5 warnings generated.

CompileC /Users/karelbraborec/Library/Developer/Xcode/DerivedData/revmeter-hbcnswmlqmbpnlazhhkncgeowiss/Build/Intermediates.noindex/Pods.build/Debug-iphonesimulator/RNWorklets.build/Objects-normal/arm64/JSScheduler.o /Users/karelbraborec/rev-meter/node_modules/react-native-worklets/Common/cpp/worklets/Tools/JSScheduler.cpp normal arm64 c++ com.apple.compilers.llvm.clang.1_0.compiler (in target 'RNWorklets' from project 'Pods')
    cd /Users/karelbraborec/rev-meter/ios/Pods
    
    Using response file: /Users/karelbraborec/Library/Developer/Xcode/DerivedData/revmeter-hbcnswmlqmbpnlazhhkncgeowiss/Build/Intermediates.noindex/Pods.build/Debug-iphonesimulator/RNWorklets.build/Objects-normal/arm64/82b82416624d2658e5098eb0a28c15c5-common-args.resp
    
    /Applications/Xcode.app/Contents/Developer/Toolchains/XcodeDefault.xctoolchain/usr/bin/clang -x c++ -ivfsstatcache /Users/karelbraborec/Library/Developer/Xcode/DerivedData/SDKStatCaches.noindex/iphonesimulator26.5-23F81a-6cfe768891a92b912361537c460fe42b.sdkstatcache -target arm64-apple-ios15.1-simulator -fmessage-length\=0 -fdiagnostics-show-note-include-stack -fmacro-backtrace-limit\=0 -fno-color-diagnostics -fmodules-prune-interval\=86400 -fmodules-prune-after\=345600 -fbuild-session-file\=/Users/karelbraborec/Library/Developer/Xcode/DerivedData/ModuleCache.noindex/Session.modulevalidation -fmodules-validate-once-per-build-session -Wnon-modular-include-in-framework-module -Werror\=non-modular-include-in-framework-module -Wno-trigraphs -Wno-missing-field-initializers -Wno-missing-prototypes -Werror\=return-type -Wdocumentation -Wunreachable-code -Werror\=deprecated-objc-isa-usage -Werror\=objc-root-class -Wno-non-virtual-dtor -Wno-overloaded-virtual -Wno-exit-time-destructors -Wno-missing-braces -Wparentheses -Wswitch -Wunused-function -Wno-unused-label -Wno-unused-parameter -Wunused-variable -Wunused-value -Wempty-body -Wuninitialized -Wconditional-uninitialized -Wno-unknown-pragmas -Wno-shadow -Wno-four-char-constants -Wno-conversion -Wconstant-conversion -Wint-conversion -Wbool-conversion -Wenum-conversion -Wno-float-conversion -Wnon-literal-null-conversion -Wobjc-literal-conversion -Wshorten-64-to-32 -Wno-newline-eof -Wno-c++11-extensions -Wno-implicit-fallthrough -isysroot /Applications/Xcode.app/Contents/Developer/Platforms/iPhoneSimulator.platform/Developer/SDKs/iPhoneSimulator26.5.sdk -fstrict-aliasing -Wdeprecated-declarations -Winvalid-offsetof -Wno-sign-conversion -Winfinite-recursion -Wmove -Wcomma -Wblock-capture-autoreleasing -Wstrict-prototypes -Wrange-loop-analysis -Wno-semicolon-before-method-body -Wunguarded-availability -index-store-path /Users/karelbraborec/Library/Developer/Xcode/DerivedData/revmeter-hbcnswmlqmbpnlazhhkncgeowiss/Index.noindex/DataStore @/Users/karelbraborec/Library/Developer/Xcode/DerivedData/revmeter-hbcnswmlqmbpnlazhhkncgeowiss/Build/Intermediates.noindex/Pods.build/Debug-iphonesimulator/RNWorklets.build/Objects-normal/arm64/82b82416624d2658e5098eb0a28c15c5-common-args.resp -DRCT_NEW_ARCH_ENABLED\=1 -include /Users/karelbraborec/rev-meter/ios/Pods/Target\ Support\ Files/RNWorklets/RNWorklets-prefix.pch -MMD -MT dependencies -MF /Users/karelbraborec/Library/Developer/Xcode/DerivedData/revmeter-hbcnswmlqmbpnlazhhkncgeowiss/Build/Intermediates.noindex/Pods.build/Debug-iphonesimulator/RNWorklets.build/Objects-normal/arm64/JSScheduler.d --serialize-diagnostics /Users/karelbraborec/Library/Developer/Xcode/DerivedData/revmeter-hbcnswmlqmbpnlazhhkncgeowiss/Build/Intermediates.noindex/Pods.build/Debug-iphonesimulator/RNWorklets.build/Objects-normal/arm64/JSScheduler.dia -c /Users/karelbraborec/rev-meter/node_modules/react-native-worklets/Common/cpp/worklets/Tools/JSScheduler.cpp -o /Users/karelbraborec/Library/Developer/Xcode/DerivedData/revmeter-hbcnswmlqmbpnlazhhkncgeowiss/Build/Intermediates.noindex/Pods.build/Debug-iphonesimulator/RNWorklets.build/Objects-normal/arm64/JSScheduler.o -index-unit-output-path /Pods.build/Debug-iphonesimulator/RNWorklets.build/Objects-normal/arm64/JSScheduler.o

CompileC /Users/karelbraborec/Library/Developer/Xcode/DerivedData/revmeter-hbcnswmlqmbpnlazhhkncgeowiss/Build/Intermediates.noindex/Pods.build/Debug-iphonesimulator/RNWorklets.build/Objects-normal/arm64/JSLogger.o /Users/karelbraborec/rev-meter/node_modules/react-native-worklets/Common/cpp/worklets/Tools/JSLogger.cpp normal arm64 c++ com.apple.compilers.llvm.clang.1_0.compiler (in target 'RNWorklets' from project 'Pods')
    cd /Users/karelbraborec/rev-meter/ios/Pods
    
    Using response file: /Users/karelbraborec/Library/Developer/Xcode/DerivedData/revmeter-hbcnswmlqmbpnlazhhkncgeowiss/Build/Intermediates.noindex/Pods.build/Debug-iphonesimulator/RNWorklets.build/Objects-normal/arm64/82b82416624d2658e5098eb0a28c15c5-common-args.resp
    
    /Applications/Xcode.app/Contents/Developer/Toolchains/XcodeDefault.xctoolchain/usr/bin/clang -x c++ -ivfsstatcache /Users/karelbraborec/Library/Developer/Xcode/DerivedData/SDKStatCaches.noindex/iphonesimulator26.5-23F81a-6cfe768891a92b912361537c460fe42b.sdkstatcache -target arm64-apple-ios15.1-simulator -fmessage-length\=0 -fdiagnostics-show-note-include-stack -fmacro-backtrace-limit\=0 -fno-color-diagnostics -fmodules-prune-interval\=86400 -fmodules-prune-after\=345600 -fbuild-session-file\=/Users/karelbraborec/Library/Developer/Xcode/DerivedData/ModuleCache.noindex/Session.modulevalidation -fmodules-validate-once-per-build-session -Wnon-modular-include-in-framework-module -Werror\=non-modular-include-in-framework-module -Wno-trigraphs -Wno-missing-field-initializers -Wno-missing-prototypes -Werror\=return-type -Wdocumentation -Wunreachable-code -Werror\=deprecated-objc-isa-usage -Werror\=objc-root-class -Wno-non-virtual-dtor -Wno-overloaded-virtual -Wno-exit-time-destructors -Wno-missing-braces -Wparentheses -Wswitch -Wunused-function -Wno-unused-label -Wno-unused-parameter -Wunused-variable -Wunused-value -Wempty-body -Wuninitialized -Wconditional-uninitialized -Wno-unknown-pragmas -Wno-shadow -Wno-four-char-constants -Wno-conversion -Wconstant-conversion -Wint-conversion -Wbool-conversion -Wenum-conversion -Wno-float-conversion -Wnon-literal-null-conversion -Wobjc-literal-conversion -Wshorten-64-to-32 -Wno-newline-eof -Wno-c++11-extensions -Wno-implicit-fallthrough -isysroot /Applications/Xcode.app/Contents/Developer/Platforms/iPhoneSimulator.platform/Developer/SDKs/iPhoneSimulator26.5.sdk -fstrict-aliasing -Wdeprecated-declarations -Winvalid-offsetof -Wno-sign-conversion -Winfinite-recursion -Wmove -Wcomma -Wblock-capture-autoreleasing -Wstrict-prototypes -Wrange-loop-analysis -Wno-semicolon-before-method-body -Wunguarded-availability -index-store-path /Users/karelbraborec/Library/Developer/Xcode/DerivedData/revmeter-hbcnswmlqmbpnlazhhkncgeowiss/Index.noindex/DataStore @/Users/karelbraborec/Library/Developer/Xcode/DerivedData/revmeter-hbcnswmlqmbpnlazhhkncgeowiss/Build/Intermediates.noindex/Pods.build/Debug-iphonesimulator/RNWorklets.build/Objects-normal/arm64/82b82416624d2658e5098eb0a28c15c5-common-args.resp -DRCT_NEW_ARCH_ENABLED\=1 -include /Users/karelbraborec/rev-meter/ios/Pods/Target\ Support\ Files/RNWorklets/RNWorklets-prefix.pch -MMD -MT dependencies -MF /Users/karelbraborec/Library/Developer/Xcode/DerivedData/revmeter-hbcnswmlqmbpnlazhhkncgeowiss/Build/Intermediates.noindex/Pods.build/Debug-iphonesimulator/RNWorklets.build/Objects-normal/arm64/JSLogger.d --serialize-diagnostics /Users/karelbraborec/Library/Developer/Xcode/DerivedData/revmeter-hbcnswmlqmbpnlazhhkncgeowiss/Build/Intermediates.noindex/Pods.build/Debug-iphonesimulator/RNWorklets.build/Objects-normal/arm64/JSLogger.dia -c /Users/karelbraborec/rev-meter/node_modules/react-native-worklets/Common/cpp/worklets/Tools/JSLogger.cpp -o /Users/karelbraborec/Library/Developer/Xcode/DerivedData/revmeter-hbcnswmlqmbpnlazhhkncgeowiss/Build/Intermediates.noindex/Pods.build/Debug-iphonesimulator/RNWorklets.build/Objects-normal/arm64/JSLogger.o -index-unit-output-path /Pods.build/Debug-iphonesimulator/RNWorklets.build/Objects-normal/arm64/JSLogger.o

CompileC /Users/karelbraborec/Library/Developer/Xcode/DerivedData/revmeter-hbcnswmlqmbpnlazhhkncgeowiss/Build/Intermediates.noindex/Pods.build/Debug-iphonesimulator/RNWorklets.build/Objects-normal/arm64/JSIWorkletsModuleProxy.o /Users/karelbraborec/rev-meter/node_modules/react-native-worklets/Common/cpp/worklets/NativeModules/JSIWorkletsModuleProxy.cpp normal arm64 c++ com.apple.compilers.llvm.clang.1_0.compiler (in target 'RNWorklets' from project 'Pods')
    cd /Users/karelbraborec/rev-meter/ios/Pods
    
    Using response file: /Users/karelbraborec/Library/Developer/Xcode/DerivedData/revmeter-hbcnswmlqmbpnlazhhkncgeowiss/Build/Intermediates.noindex/Pods.build/Debug-iphonesimulator/RNWorklets.build/Objects-normal/arm64/82b82416624d2658e5098eb0a28c15c5-common-args.resp
    
    /Applications/Xcode.app/Contents/Developer/Toolchains/XcodeDefault.xctoolchain/usr/bin/clang -x c++ -ivfsstatcache /Users/karelbraborec/Library/Developer/Xcode/DerivedData/SDKStatCaches.noindex/iphonesimulator26.5-23F81a-6cfe768891a92b912361537c460fe42b.sdkstatcache -target arm64-apple-ios15.1-simulator -fmessage-length\=0 -fdiagnostics-show-note-include-stack -fmacro-backtrace-limit\=0 -fno-color-diagnostics -fmodules-prune-interval\=86400 -fmodules-prune-after\=345600 -fbuild-session-file\=/Users/karelbraborec/Library/Developer/Xcode/DerivedData/ModuleCache.noindex/Session.modulevalidation -fmodules-validate-once-per-build-session -Wnon-modular-include-in-framework-module -Werror\=non-modular-include-in-framework-module -Wno-trigraphs -Wno-missing-field-initializers -Wno-missing-prototypes -Werror\=return-type -Wdocumentation -Wunreachable-code -Werror\=deprecated-objc-isa-usage -Werror\=objc-root-class -Wno-non-virtual-dtor -Wno-overloaded-virtual -Wno-exit-time-destructors -Wno-missing-braces -Wparentheses -Wswitch -Wunused-function -Wno-unused-label -Wno-unused-parameter -Wunused-variable -Wunused-value -Wempty-body -Wuninitialized -Wconditional-uninitialized -Wno-unknown-pragmas -Wno-shadow -Wno-four-char-constants -Wno-conversion -Wconstant-conversion -Wint-conversion -Wbool-conversion -Wenum-conversion -Wno-float-conversion -Wnon-literal-null-conversion -Wobjc-literal-conversion -Wshorten-64-to-32 -Wno-newline-eof -Wno-c++11-extensions -Wno-implicit-fallthrough -isysroot /Applications/Xcode.app/Contents/Developer/Platforms/iPhoneSimulator.platform/Developer/SDKs/iPhoneSimulator26.5.sdk -fstrict-aliasing -Wdeprecated-declarations -Winvalid-offsetof -Wno-sign-conversion -Winfinite-recursion -Wmove -Wcomma -Wblock-capture-autoreleasing -Wstrict-prototypes -Wrange-loop-analysis -Wno-semicolon-before-method-body -Wunguarded-availability -index-store-path /Users/karelbraborec/Library/Developer/Xcode/DerivedData/revmeter-hbcnswmlqmbpnlazhhkncgeowiss/Index.noindex/DataStore @/Users/karelbraborec/Library/Developer/Xcode/DerivedData/revmeter-hbcnswmlqmbpnlazhhkncgeowiss/Build/Intermediates.noindex/Pods.build/Debug-iphonesimulator/RNWorklets.build/Objects-normal/arm64/82b82416624d2658e5098eb0a28c15c5-common-args.resp -DRCT_NEW_ARCH_ENABLED\=1 -include /Users/karelbraborec/rev-meter/ios/Pods/Target\ Support\ Files/RNWorklets/RNWorklets-prefix.pch -MMD -MT dependencies -MF /Users/karelbraborec/Library/Developer/Xcode/DerivedData/revmeter-hbcnswmlqmbpnlazhhkncgeowiss/Build/Intermediates.noindex/Pods.build/Debug-iphonesimulator/RNWorklets.build/Objects-normal/arm64/JSIWorkletsModuleProxy.d --serialize-diagnostics /Users/karelbraborec/Library/Developer/Xcode/DerivedData/revmeter-hbcnswmlqmbpnlazhhkncgeowiss/Build/Intermediates.noindex/Pods.build/Debug-iphonesimulator/RNWorklets.build/Objects-normal/arm64/JSIWorkletsModuleProxy.dia -c /Users/karelbraborec/rev-meter/node_modules/react-native-worklets/Common/cpp/worklets/NativeModules/JSIWorkletsModuleProxy.cpp -o /Users/karelbraborec/Library/Developer/Xcode/DerivedData/revmeter-hbcnswmlqmbpnlazhhkncgeowiss/Build/Intermediates.noindex/Pods.build/Debug-iphonesimulator/RNWorklets.build/Objects-normal/arm64/JSIWorkletsModuleProxy.o -index-unit-output-path /Pods.build/Debug-iphonesimulator/RNWorklets.build/Objects-normal/arm64/JSIWorkletsModuleProxy.o
In file included from /Users/karelbraborec/rev-meter/node_modules/react-native-worklets/Common/cpp/worklets/NativeModules/JSIWorkletsModuleProxy.cpp:3:
In file included from /Users/karelbraborec/rev-meter/ios/Pods/Headers/Private/RNWorklets/worklets/Compat/Holders.h:5:
/Users/karelbraborec/rev-meter/ios/Pods/Headers/Private/RNWorklets/worklets/WorkletRuntime/WorkletRuntime.h:181:8: warning: declaration is marked with '@deprecated' command but does not have a deprecation attribute [-Wdocumentation-deprecated-sync]
  181 |   /** @deprecated Use `schedule` instead. */
      |       ~^~~~~~~~~~~~~~~~~~~~~~~~~~~~~~~~~~
/Users/karelbraborec/rev-meter/ios/Pods/Headers/Private/RNWorklets/worklets/WorkletRuntime/WorkletRuntime.h:182:3: note: add a deprecation attribute to the declaration to silence this warning
  182 |   void runAsyncGuarded(const std::shared_ptr<SerializableWorklet> &worklet);
      |   ^
      |   __AVAILABILITY_INTERNAL_DEPRECATED 
/Users/karelbraborec/rev-meter/ios/Pods/Headers/Private/RNWorklets/worklets/WorkletRuntime/WorkletRuntime.h:184:8: warning: declaration is marked with '@deprecated' command but does not have a deprecation attribute [-Wdocumentation-deprecated-sync]
  184 |   /** @deprecated Use `runSyncSerialized` and extract to `jsi::Value` with
      |       ~^~~~~~~~~~~~~~~~~~~~~~~~~~~~~~~~~~~~~~~~~~~~~~~~~~~~~~~~~~~~~~~~~~~
  185 |    * `extractSerializableOrThrow` instead. */
      |    ~~~~~~~~~~~~~~~~~~~~~~~~~~~~~~~~~~~~~~~
/Users/karelbraborec/rev-meter/ios/Pods/Headers/Private/RNWorklets/worklets/WorkletRuntime/WorkletRuntime.h:186:3: note: add a deprecation attribute to the declaration to silence this warning
  186 |   jsi::Value executeSync(jsi::Runtime &rt, const jsi::Value &worklet) const;
      |   ^
      |   __AVAILABILITY_INTERNAL_DEPRECATED 
/Users/karelbraborec/rev-meter/ios/Pods/Headers/Private/RNWorklets/worklets/WorkletRuntime/WorkletRuntime.h:187:8: warning: declaration is marked with '@deprecated' command but does not have a deprecation attribute [-Wdocumentation-deprecated-sync]
  187 |   /** @deprecated Use `runSync` instead. */
      |       ~^~~~~~~~~~~~~~~~~~~~~~~~~~~~~~~~~
/Users/karelbraborec/rev-meter/ios/Pods/Headers/Private/RNWorklets/worklets/WorkletRuntime/WorkletRuntime.h:188:3: note: add a deprecation attribute to the declaration to silence this warning
  188 |   jsi::Value executeSync(std::function<jsi::Value(jsi::Runtime &)> &&job) const;
      |   ^
      |   __AVAILABILITY_INTERNAL_DEPRECATED 
/Users/karelbraborec/rev-meter/ios/Pods/Headers/Private/RNWorklets/worklets/WorkletRuntime/WorkletRuntime.h:189:8: warning: declaration is marked with '@deprecated' command but does not have a deprecation attribute [-Wdocumentation-deprecated-sync]
  189 |   /** @deprecated Use `runSync` instead. */
      |       ~^~~~~~~~~~~~~~~~~~~~~~~~~~~~~~~~~
/Users/karelbraborec/rev-meter/ios/Pods/Headers/Private/RNWorklets/worklets/WorkletRuntime/WorkletRuntime.h:190:3: note: add a deprecation attribute to the declaration to silence this warning
  190 |   jsi::Value executeSync(const std::function<jsi::Value(jsi::Runtime &)> &job) const;
      |   ^
      |   __AVAILABILITY_INTERNAL_DEPRECATED 
/Users/karelbraborec/rev-meter/ios/Pods/Headers/Private/RNWorklets/worklets/WorkletRuntime/WorkletRuntime.h:175:8: warning: declaration is marked with '@deprecated' command but does not have a deprecation attribute [-Wdocumentation-deprecated-sync]
  175 |   /** @deprecated Use `runSync` instead. */
      |       ~^~~~~~~~~~~~~~~~~~~~~~~~~~~~~~~~~
5 warnings generated.

CompileC /Users/karelbraborec/Library/Developer/Xcode/DerivedData/revmeter-hbcnswmlqmbpnlazhhkncgeowiss/Build/Intermediates.noindex/Pods.build/Debug-iphonesimulator/RNWorklets.build/Objects-normal/arm64/JSISerializer.o /Users/karelbraborec/rev-meter/node_modules/react-native-worklets/Common/cpp/worklets/Tools/JSISerializer.cpp normal arm64 c++ com.apple.compilers.llvm.clang.1_0.compiler (in target 'RNWorklets' from project 'Pods')
    cd /Users/karelbraborec/rev-meter/ios/Pods
    
    Using response file: /Users/karelbraborec/Library/Developer/Xcode/DerivedData/revmeter-hbcnswmlqmbpnlazhhkncgeowiss/Build/Intermediates.noindex/Pods.build/Debug-iphonesimulator/RNWorklets.build/Objects-normal/arm64/82b82416624d2658e5098eb0a28c15c5-common-args.resp
    
    /Applications/Xcode.app/Contents/Developer/Toolchains/XcodeDefault.xctoolchain/usr/bin/clang -x c++ -ivfsstatcache /Users/karelbraborec/Library/Developer/Xcode/DerivedData/SDKStatCaches.noindex/iphonesimulator26.5-23F81a-6cfe768891a92b912361537c460fe42b.sdkstatcache -target arm64-apple-ios15.1-simulator -fmessage-length\=0 -fdiagnostics-show-note-include-stack -fmacro-backtrace-limit\=0 -fno-color-diagnostics -fmodules-prune-interval\=86400 -fmodules-prune-after\=345600 -fbuild-session-file\=/Users/karelbraborec/Library/Developer/Xcode/DerivedData/ModuleCache.noindex/Session.modulevalidation -fmodules-validate-once-per-build-session -Wnon-modular-include-in-framework-module -Werror\=non-modular-include-in-framework-module -Wno-trigraphs -Wno-missing-field-initializers -Wno-missing-prototypes -Werror\=return-type -Wdocumentation -Wunreachable-code -Werror\=deprecated-objc-isa-usage -Werror\=objc-root-class -Wno-non-virtual-dtor -Wno-overloaded-virtual -Wno-exit-time-destructors -Wno-missing-braces -Wparentheses -Wswitch -Wunused-function -Wno-unused-label -Wno-unused-parameter -Wunused-variable -Wunused-value -Wempty-body -Wuninitialized -Wconditional-uninitialized -Wno-unknown-pragmas -Wno-shadow -Wno-four-char-constants -Wno-conversion -Wconstant-conversion -Wint-conversion -Wbool-conversion -Wenum-conversion -Wno-float-conversion -Wnon-literal-null-conversion -Wobjc-literal-conversion -Wshorten-64-to-32 -Wno-newline-eof -Wno-c++11-extensions -Wno-implicit-fallthrough -isysroot /Applications/Xcode.app/Contents/Developer/Platforms/iPhoneSimulator.platform/Developer/SDKs/iPhoneSimulator26.5.sdk -fstrict-aliasing -Wdeprecated-declarations -Winvalid-offsetof -Wno-sign-conversion -Winfinite-recursion -Wmove -Wcomma -Wblock-capture-autoreleasing -Wstrict-prototypes -Wrange-loop-analysis -Wno-semicolon-before-method-body -Wunguarded-availability -index-store-path /Users/karelbraborec/Library/Developer/Xcode/DerivedData/revmeter-hbcnswmlqmbpnlazhhkncgeowiss/Index.noindex/DataStore @/Users/karelbraborec/Library/Developer/Xcode/DerivedData/revmeter-hbcnswmlqmbpnlazhhkncgeowiss/Build/Intermediates.noindex/Pods.build/Debug-iphonesimulator/RNWorklets.build/Objects-normal/arm64/82b82416624d2658e5098eb0a28c15c5-common-args.resp -DRCT_NEW_ARCH_ENABLED\=1 -include /Users/karelbraborec/rev-meter/ios/Pods/Target\ Support\ Files/RNWorklets/RNWorklets-prefix.pch -MMD -MT dependencies -MF /Users/karelbraborec/Library/Developer/Xcode/DerivedData/revmeter-hbcnswmlqmbpnlazhhkncgeowiss/Build/Intermediates.noindex/Pods.build/Debug-iphonesimulator/RNWorklets.build/Objects-normal/arm64/JSISerializer.d --serialize-diagnostics /Users/karelbraborec/Library/Developer/Xcode/DerivedData/revmeter-hbcnswmlqmbpnlazhhkncgeowiss/Build/Intermediates.noindex/Pods.build/Debug-iphonesimulator/RNWorklets.build/Objects-normal/arm64/JSISerializer.dia -c /Users/karelbraborec/rev-meter/node_modules/react-native-worklets/Common/cpp/worklets/Tools/JSISerializer.cpp -o /Users/karelbraborec/Library/Developer/Xcode/DerivedData/revmeter-hbcnswmlqmbpnlazhhkncgeowiss/Build/Intermediates.noindex/Pods.build/Debug-iphonesimulator/RNWorklets.build/Objects-normal/arm64/JSISerializer.o -index-unit-output-path /Pods.build/Debug-iphonesimulator/RNWorklets.build/Objects-normal/arm64/JSISerializer.o

CompileC /Users/karelbraborec/Library/Developer/Xcode/DerivedData/revmeter-hbcnswmlqmbpnlazhhkncgeowiss/Build/Intermediates.noindex/Pods.build/Debug-iphonesimulator/RNWorklets.build/Objects-normal/arm64/IOSUIScheduler.o /Users/karelbraborec/rev-meter/node_modules/react-native-worklets/apple/worklets/apple/IOSUIScheduler.mm normal arm64 objective-c++ com.apple.compilers.llvm.clang.1_0.compiler (in target 'RNWorklets' from project 'Pods')
    cd /Users/karelbraborec/rev-meter/ios/Pods
    
    Using response file: /Users/karelbraborec/Library/Developer/Xcode/DerivedData/revmeter-hbcnswmlqmbpnlazhhkncgeowiss/Build/Intermediates.noindex/Pods.build/Debug-iphonesimulator/RNWorklets.build/Objects-normal/arm64/af3fcb34312c57c0f52879cdce924b91-common-args.resp
    
    /Applications/Xcode.app/Contents/Developer/Toolchains/XcodeDefault.xctoolchain/usr/bin/clang -x objective-c++ -ivfsstatcache /Users/karelbraborec/Library/Developer/Xcode/DerivedData/SDKStatCaches.noindex/iphonesimulator26.5-23F81a-6cfe768891a92b912361537c460fe42b.sdkstatcache -target arm64-apple-ios15.1-simulator -fmessage-length\=0 -fdiagnostics-show-note-include-stack -fmacro-backtrace-limit\=0 -fno-color-diagnostics -fmodules-prune-interval\=86400 -fmodules-prune-after\=345600 -fbuild-session-file\=/Users/karelbraborec/Library/Developer/Xcode/DerivedData/ModuleCache.noindex/Session.modulevalidation -fmodules-validate-once-per-build-session -Wnon-modular-include-in-framework-module -Werror\=non-modular-include-in-framework-module -Wno-trigraphs -Wno-missing-field-initializers -Wno-missing-prototypes -Werror\=return-type -Wdocumentation -Wunreachable-code -Wno-implicit-atomic-properties -Werror\=deprecated-objc-isa-usage -Wno-objc-interface-ivars -Werror\=objc-root-class -Wno-arc-repeated-use-of-weak -Wimplicit-retain-self -Wno-non-virtual-dtor -Wno-overloaded-virtual -Wno-exit-time-destructors -Wduplicate-method-match -Wno-missing-braces -Wparentheses -Wswitch -Wunused-function -Wno-unused-label -Wno-unused-parameter -Wunused-variable -Wunused-value -Wempty-body -Wuninitialized -Wconditional-uninitialized -Wno-unknown-pragmas -Wno-shadow -Wno-four-char-constants -Wno-conversion -Wconstant-conversion -Wint-conversion -Wbool-conversion -Wenum-conversion -Wno-float-conversion -Wnon-literal-null-conversion -Wobjc-literal-conversion -Wshorten-64-to-32 -Wno-newline-eof -Wno-selector -Wno-strict-selector-match -Wundeclared-selector -Wdeprecated-implementations -Wno-c++11-extensions -Wno-implicit-fallthrough -isysroot /Applications/Xcode.app/Contents/Developer/Platforms/iPhoneSimulator.platform/Developer/SDKs/iPhoneSimulator26.5.sdk -fstrict-aliasing -Wprotocol -Wdeprecated-declarations -Winvalid-offsetof -Wno-sign-conversion -Winfinite-recursion -Wmove -Wcomma -Wblock-capture-autoreleasing -Wstrict-prototypes -Wrange-loop-analysis -Wno-semicolon-before-method-body -Wunguarded-availability -index-store-path /Users/karelbraborec/Library/Developer/Xcode/DerivedData/revmeter-hbcnswmlqmbpnlazhhkncgeowiss/Index.noindex/DataStore @/Users/karelbraborec/Library/Developer/Xcode/DerivedData/revmeter-hbcnswmlqmbpnlazhhkncgeowiss/Build/Intermediates.noindex/Pods.build/Debug-iphonesimulator/RNWorklets.build/Objects-normal/arm64/af3fcb34312c57c0f52879cdce924b91-common-args.resp -DRCT_NEW_ARCH_ENABLED\=1 -include /Users/karelbraborec/rev-meter/ios/Pods/Target\ Support\ Files/RNWorklets/RNWorklets-prefix.pch -MMD -MT dependencies -MF /Users/karelbraborec/Library/Developer/Xcode/DerivedData/revmeter-hbcnswmlqmbpnlazhhkncgeowiss/Build/Intermediates.noindex/Pods.build/Debug-iphonesimulator/RNWorklets.build/Objects-normal/arm64/IOSUIScheduler.d --serialize-diagnostics /Users/karelbraborec/Library/Developer/Xcode/DerivedData/revmeter-hbcnswmlqmbpnlazhhkncgeowiss/Build/Intermediates.noindex/Pods.build/Debug-iphonesimulator/RNWorklets.build/Objects-normal/arm64/IOSUIScheduler.dia -c /Users/karelbraborec/rev-meter/node_modules/react-native-worklets/apple/worklets/apple/IOSUIScheduler.mm -o /Users/karelbraborec/Library/Developer/Xcode/DerivedData/revmeter-hbcnswmlqmbpnlazhhkncgeowiss/Build/Intermediates.noindex/Pods.build/Debug-iphonesimulator/RNWorklets.build/Objects-normal/arm64/IOSUIScheduler.o -index-unit-output-path /Pods.build/Debug-iphonesimulator/RNWorklets.build/Objects-normal/arm64/IOSUIScheduler.o

CompileC /Users/karelbraborec/Library/Developer/Xcode/DerivedData/revmeter-hbcnswmlqmbpnlazhhkncgeowiss/Build/Intermediates.noindex/Pods.build/Debug-iphonesimulator/RNWorklets.build/Objects-normal/arm64/HermesProfiling.o /Users/karelbraborec/rev-meter/node_modules/react-native-worklets/Common/cpp/worklets/WorkletRuntime/HermesProfiling.cpp normal arm64 c++ com.apple.compilers.llvm.clang.1_0.compiler (in target 'RNWorklets' from project 'Pods')
    cd /Users/karelbraborec/rev-meter/ios/Pods
    
    Using response file: /Users/karelbraborec/Library/Developer/Xcode/DerivedData/revmeter-hbcnswmlqmbpnlazhhkncgeowiss/Build/Intermediates.noindex/Pods.build/Debug-iphonesimulator/RNWorklets.build/Objects-normal/arm64/82b82416624d2658e5098eb0a28c15c5-common-args.resp
    
    /Applications/Xcode.app/Contents/Developer/Toolchains/XcodeDefault.xctoolchain/usr/bin/clang -x c++ -ivfsstatcache /Users/karelbraborec/Library/Developer/Xcode/DerivedData/SDKStatCaches.noindex/iphonesimulator26.5-23F81a-6cfe768891a92b912361537c460fe42b.sdkstatcache -target arm64-apple-ios15.1-simulator -fmessage-length\=0 -fdiagnostics-show-note-include-stack -fmacro-backtrace-limit\=0 -fno-color-diagnostics -fmodules-prune-interval\=86400 -fmodules-prune-after\=345600 -fbuild-session-file\=/Users/karelbraborec/Library/Developer/Xcode/DerivedData/ModuleCache.noindex/Session.modulevalidation -fmodules-validate-once-per-build-session -Wnon-modular-include-in-framework-module -Werror\=non-modular-include-in-framework-module -Wno-trigraphs -Wno-missing-field-initializers -Wno-missing-prototypes -Werror\=return-type -Wdocumentation -Wunreachable-code -Werror\=deprecated-objc-isa-usage -Werror\=objc-root-class -Wno-non-virtual-dtor -Wno-overloaded-virtual -Wno-exit-time-destructors -Wno-missing-braces -Wparentheses -Wswitch -Wunused-function -Wno-unused-label -Wno-unused-parameter -Wunused-variable -Wunused-value -Wempty-body -Wuninitialized -Wconditional-uninitialized -Wno-unknown-pragmas -Wno-shadow -Wno-four-char-constants -Wno-conversion -Wconstant-conversion -Wint-conversion -Wbool-conversion -Wenum-conversion -Wno-float-conversion -Wnon-literal-null-conversion -Wobjc-literal-conversion -Wshorten-64-to-32 -Wno-newline-eof -Wno-c++11-extensions -Wno-implicit-fallthrough -isysroot /Applications/Xcode.app/Contents/Developer/Platforms/iPhoneSimulator.platform/Developer/SDKs/iPhoneSimulator26.5.sdk -fstrict-aliasing -Wdeprecated-declarations -Winvalid-offsetof -Wno-sign-conversion -Winfinite-recursion -Wmove -Wcomma -Wblock-capture-autoreleasing -Wstrict-prototypes -Wrange-loop-analysis -Wno-semicolon-before-method-body -Wunguarded-availability -index-store-path /Users/karelbraborec/Library/Developer/Xcode/DerivedData/revmeter-hbcnswmlqmbpnlazhhkncgeowiss/Index.noindex/DataStore @/Users/karelbraborec/Library/Developer/Xcode/DerivedData/revmeter-hbcnswmlqmbpnlazhhkncgeowiss/Build/Intermediates.noindex/Pods.build/Debug-iphonesimulator/RNWorklets.build/Objects-normal/arm64/82b82416624d2658e5098eb0a28c15c5-common-args.resp -DRCT_NEW_ARCH_ENABLED\=1 -include /Users/karelbraborec/rev-meter/ios/Pods/Target\ Support\ Files/RNWorklets/RNWorklets-prefix.pch -MMD -MT dependencies -MF /Users/karelbraborec/Library/Developer/Xcode/DerivedData/revmeter-hbcnswmlqmbpnlazhhkncgeowiss/Build/Intermediates.noindex/Pods.build/Debug-iphonesimulator/RNWorklets.build/Objects-normal/arm64/HermesProfiling.d --serialize-diagnostics /Users/karelbraborec/Library/Developer/Xcode/DerivedData/revmeter-hbcnswmlqmbpnlazhhkncgeowiss/Build/Intermediates.noindex/Pods.build/Debug-iphonesimulator/RNWorklets.build/Objects-normal/arm64/HermesProfiling.dia -c /Users/karelbraborec/rev-meter/node_modules/react-native-worklets/Common/cpp/worklets/WorkletRuntime/HermesProfiling.cpp -o /Users/karelbraborec/Library/Developer/Xcode/DerivedData/revmeter-hbcnswmlqmbpnlazhhkncgeowiss/Build/Intermediates.noindex/Pods.build/Debug-iphonesimulator/RNWorklets.build/Objects-normal/arm64/HermesProfiling.o -index-unit-output-path /Pods.build/Debug-iphonesimulator/RNWorklets.build/Objects-normal/arm64/HermesProfiling.o

CompileC /Users/karelbraborec/Library/Developer/Xcode/DerivedData/revmeter-hbcnswmlqmbpnlazhhkncgeowiss/Build/Intermediates.noindex/Pods.build/Debug-iphonesimulator/RNWorklets.build/Objects-normal/arm64/FeatureFlags.o /Users/karelbraborec/rev-meter/node_modules/react-native-worklets/Common/cpp/worklets/Tools/FeatureFlags.cpp normal arm64 c++ com.apple.compilers.llvm.clang.1_0.compiler (in target 'RNWorklets' from project 'Pods')
    cd /Users/karelbraborec/rev-meter/ios/Pods
    
    Using response file: /Users/karelbraborec/Library/Developer/Xcode/DerivedData/revmeter-hbcnswmlqmbpnlazhhkncgeowiss/Build/Intermediates.noindex/Pods.build/Debug-iphonesimulator/RNWorklets.build/Objects-normal/arm64/82b82416624d2658e5098eb0a28c15c5-common-args.resp
    
    /Applications/Xcode.app/Contents/Developer/Toolchains/XcodeDefault.xctoolchain/usr/bin/clang -x c++ -ivfsstatcache /Users/karelbraborec/Library/Developer/Xcode/DerivedData/SDKStatCaches.noindex/iphonesimulator26.5-23F81a-6cfe768891a92b912361537c460fe42b.sdkstatcache -target arm64-apple-ios15.1-simulator -fmessage-length\=0 -fdiagnostics-show-note-include-stack -fmacro-backtrace-limit\=0 -fno-color-diagnostics -fmodules-prune-interval\=86400 -fmodules-prune-after\=345600 -fbuild-session-file\=/Users/karelbraborec/Library/Developer/Xcode/DerivedData/ModuleCache.noindex/Session.modulevalidation -fmodules-validate-once-per-build-session -Wnon-modular-include-in-framework-module -Werror\=non-modular-include-in-framework-module -Wno-trigraphs -Wno-missing-field-initializers -Wno-missing-prototypes -Werror\=return-type -Wdocumentation -Wunreachable-code -Werror\=deprecated-objc-isa-usage -Werror\=objc-root-class -Wno-non-virtual-dtor -Wno-overloaded-virtual -Wno-exit-time-destructors -Wno-missing-braces -Wparentheses -Wswitch -Wunused-function -Wno-unused-label -Wno-unused-parameter -Wunused-variable -Wunused-value -Wempty-body -Wuninitialized -Wconditional-uninitialized -Wno-unknown-pragmas -Wno-shadow -Wno-four-char-constants -Wno-conversion -Wconstant-conversion -Wint-conversion -Wbool-conversion -Wenum-conversion -Wno-float-conversion -Wnon-literal-null-conversion -Wobjc-literal-conversion -Wshorten-64-to-32 -Wno-newline-eof -Wno-c++11-extensions -Wno-implicit-fallthrough -isysroot /Applications/Xcode.app/Contents/Developer/Platforms/iPhoneSimulator.platform/Developer/SDKs/iPhoneSimulator26.5.sdk -fstrict-aliasing -Wdeprecated-declarations -Winvalid-offsetof -Wno-sign-conversion -Winfinite-recursion -Wmove -Wcomma -Wblock-capture-autoreleasing -Wstrict-prototypes -Wrange-loop-analysis -Wno-semicolon-before-method-body -Wunguarded-availability -index-store-path /Users/karelbraborec/Library/Developer/Xcode/DerivedData/revmeter-hbcnswmlqmbpnlazhhkncgeowiss/Index.noindex/DataStore @/Users/karelbraborec/Library/Developer/Xcode/DerivedData/revmeter-hbcnswmlqmbpnlazhhkncgeowiss/Build/Intermediates.noindex/Pods.build/Debug-iphonesimulator/RNWorklets.build/Objects-normal/arm64/82b82416624d2658e5098eb0a28c15c5-common-args.resp -DRCT_NEW_ARCH_ENABLED\=1 -include /Users/karelbraborec/rev-meter/ios/Pods/Target\ Support\ Files/RNWorklets/RNWorklets-prefix.pch -MMD -MT dependencies -MF /Users/karelbraborec/Library/Developer/Xcode/DerivedData/revmeter-hbcnswmlqmbpnlazhhkncgeowiss/Build/Intermediates.noindex/Pods.build/Debug-iphonesimulator/RNWorklets.build/Objects-normal/arm64/FeatureFlags.d --serialize-diagnostics /Users/karelbraborec/Library/Developer/Xcode/DerivedData/revmeter-hbcnswmlqmbpnlazhhkncgeowiss/Build/Intermediates.noindex/Pods.build/Debug-iphonesimulator/RNWorklets.build/Objects-normal/arm64/FeatureFlags.dia -c /Users/karelbraborec/rev-meter/node_modules/react-native-worklets/Common/cpp/worklets/Tools/FeatureFlags.cpp -o /Users/karelbraborec/Library/Developer/Xcode/DerivedData/revmeter-hbcnswmlqmbpnlazhhkncgeowiss/Build/Intermediates.noindex/Pods.build/Debug-iphonesimulator/RNWorklets.build/Objects-normal/arm64/FeatureFlags.o -index-unit-output-path /Pods.build/Debug-iphonesimulator/RNWorklets.build/Objects-normal/arm64/FeatureFlags.o

CompileC /Users/karelbraborec/Library/Developer/Xcode/DerivedData/revmeter-hbcnswmlqmbpnlazhhkncgeowiss/Build/Intermediates.noindex/Pods.build/Debug-iphonesimulator/RNWorklets.build/Objects-normal/arm64/EventLoop.o /Users/karelbraborec/rev-meter/node_modules/react-native-worklets/Common/cpp/worklets/RunLoop/EventLoop.cpp normal arm64 c++ com.apple.compilers.llvm.clang.1_0.compiler (in target 'RNWorklets' from project 'Pods')
    cd /Users/karelbraborec/rev-meter/ios/Pods
    
    Using response file: /Users/karelbraborec/Library/Developer/Xcode/DerivedData/revmeter-hbcnswmlqmbpnlazhhkncgeowiss/Build/Intermediates.noindex/Pods.build/Debug-iphonesimulator/RNWorklets.build/Objects-normal/arm64/82b82416624d2658e5098eb0a28c15c5-common-args.resp
    
    /Applications/Xcode.app/Contents/Developer/Toolchains/XcodeDefault.xctoolchain/usr/bin/clang -x c++ -ivfsstatcache /Users/karelbraborec/Library/Developer/Xcode/DerivedData/SDKStatCaches.noindex/iphonesimulator26.5-23F81a-6cfe768891a92b912361537c460fe42b.sdkstatcache -target arm64-apple-ios15.1-simulator -fmessage-length\=0 -fdiagnostics-show-note-include-stack -fmacro-backtrace-limit\=0 -fno-color-diagnostics -fmodules-prune-interval\=86400 -fmodules-prune-after\=345600 -fbuild-session-file\=/Users/karelbraborec/Library/Developer/Xcode/DerivedData/ModuleCache.noindex/Session.modulevalidation -fmodules-validate-once-per-build-session -Wnon-modular-include-in-framework-module -Werror\=non-modular-include-in-framework-module -Wno-trigraphs -Wno-missing-field-initializers -Wno-missing-prototypes -Werror\=return-type -Wdocumentation -Wunreachable-code -Werror\=deprecated-objc-isa-usage -Werror\=objc-root-class -Wno-non-virtual-dtor -Wno-overloaded-virtual -Wno-exit-time-destructors -Wno-missing-braces -Wparentheses -Wswitch -Wunused-function -Wno-unused-label -Wno-unused-parameter -Wunused-variable -Wunused-value -Wempty-body -Wuninitialized -Wconditional-uninitialized -Wno-unknown-pragmas -Wno-shadow -Wno-four-char-constants -Wno-conversion -Wconstant-conversion -Wint-conversion -Wbool-conversion -Wenum-conversion -Wno-float-conversion -Wnon-literal-null-conversion -Wobjc-literal-conversion -Wshorten-64-to-32 -Wno-newline-eof -Wno-c++11-extensions -Wno-implicit-fallthrough -isysroot /Applications/Xcode.app/Contents/Developer/Platforms/iPhoneSimulator.platform/Developer/SDKs/iPhoneSimulator26.5.sdk -fstrict-aliasing -Wdeprecated-declarations -Winvalid-offsetof -Wno-sign-conversion -Winfinite-recursion -Wmove -Wcomma -Wblock-capture-autoreleasing -Wstrict-prototypes -Wrange-loop-analysis -Wno-semicolon-before-method-body -Wunguarded-availability -index-store-path /Users/karelbraborec/Library/Developer/Xcode/DerivedData/revmeter-hbcnswmlqmbpnlazhhkncgeowiss/Index.noindex/DataStore @/Users/karelbraborec/Library/Developer/Xcode/DerivedData/revmeter-hbcnswmlqmbpnlazhhkncgeowiss/Build/Intermediates.noindex/Pods.build/Debug-iphonesimulator/RNWorklets.build/Objects-normal/arm64/82b82416624d2658e5098eb0a28c15c5-common-args.resp -DRCT_NEW_ARCH_ENABLED\=1 -include /Users/karelbraborec/rev-meter/ios/Pods/Target\ Support\ Files/RNWorklets/RNWorklets-prefix.pch -MMD -MT dependencies -MF /Users/karelbraborec/Library/Developer/Xcode/DerivedData/revmeter-hbcnswmlqmbpnlazhhkncgeowiss/Build/Intermediates.noindex/Pods.build/Debug-iphonesimulator/RNWorklets.build/Objects-normal/arm64/EventLoop.d --serialize-diagnostics /Users/karelbraborec/Library/Developer/Xcode/DerivedData/revmeter-hbcnswmlqmbpnlazhhkncgeowiss/Build/Intermediates.noindex/Pods.build/Debug-iphonesimulator/RNWorklets.build/Objects-normal/arm64/EventLoop.dia -c /Users/karelbraborec/rev-meter/node_modules/react-native-worklets/Common/cpp/worklets/RunLoop/EventLoop.cpp -o /Users/karelbraborec/Library/Developer/Xcode/DerivedData/revmeter-hbcnswmlqmbpnlazhhkncgeowiss/Build/Intermediates.noindex/Pods.build/Debug-iphonesimulator/RNWorklets.build/Objects-normal/arm64/EventLoop.o -index-unit-output-path /Pods.build/Debug-iphonesimulator/RNWorklets.build/Objects-normal/arm64/EventLoop.o

CompileC /Users/karelbraborec/Library/Developer/Xcode/DerivedData/revmeter-hbcnswmlqmbpnlazhhkncgeowiss/Build/Intermediates.noindex/Pods.build/Debug-iphonesimulator/RNWorklets.build/Objects-normal/arm64/EventHandlerRegistry.o /Users/karelbraborec/rev-meter/node_modules/react-native-worklets/Common/cpp/worklets/Registries/EventHandlerRegistry.cpp normal arm64 c++ com.apple.compilers.llvm.clang.1_0.compiler (in target 'RNWorklets' from project 'Pods')
    cd /Users/karelbraborec/rev-meter/ios/Pods
    
    Using response file: /Users/karelbraborec/Library/Developer/Xcode/DerivedData/revmeter-hbcnswmlqmbpnlazhhkncgeowiss/Build/Intermediates.noindex/Pods.build/Debug-iphonesimulator/RNWorklets.build/Objects-normal/arm64/82b82416624d2658e5098eb0a28c15c5-common-args.resp
    
    /Applications/Xcode.app/Contents/Developer/Toolchains/XcodeDefault.xctoolchain/usr/bin/clang -x c++ -ivfsstatcache /Users/karelbraborec/Library/Developer/Xcode/DerivedData/SDKStatCaches.noindex/iphonesimulator26.5-23F81a-6cfe768891a92b912361537c460fe42b.sdkstatcache -target arm64-apple-ios15.1-simulator -fmessage-length\=0 -fdiagnostics-show-note-include-stack -fmacro-backtrace-limit\=0 -fno-color-diagnostics -fmodules-prune-interval\=86400 -fmodules-prune-after\=345600 -fbuild-session-file\=/Users/karelbraborec/Library/Developer/Xcode/DerivedData/ModuleCache.noindex/Session.modulevalidation -fmodules-validate-once-per-build-session -Wnon-modular-include-in-framework-module -Werror\=non-modular-include-in-framework-module -Wno-trigraphs -Wno-missing-field-initializers -Wno-missing-prototypes -Werror\=return-type -Wdocumentation -Wunreachable-code -Werror\=deprecated-objc-isa-usage -Werror\=objc-root-class -Wno-non-virtual-dtor -Wno-overloaded-virtual -Wno-exit-time-destructors -Wno-missing-braces -Wparentheses -Wswitch -Wunused-function -Wno-unused-label -Wno-unused-parameter -Wunused-variable -Wunused-value -Wempty-body -Wuninitialized -Wconditional-uninitialized -Wno-unknown-pragmas -Wno-shadow -Wno-four-char-constants -Wno-conversion -Wconstant-conversion -Wint-conversion -Wbool-conversion -Wenum-conversion -Wno-float-conversion -Wnon-literal-null-conversion -Wobjc-literal-conversion -Wshorten-64-to-32 -Wno-newline-eof -Wno-c++11-extensions -Wno-implicit-fallthrough -isysroot /Applications/Xcode.app/Contents/Developer/Platforms/iPhoneSimulator.platform/Developer/SDKs/iPhoneSimulator26.5.sdk -fstrict-aliasing -Wdeprecated-declarations -Winvalid-offsetof -Wno-sign-conversion -Winfinite-recursion -Wmove -Wcomma -Wblock-capture-autoreleasing -Wstrict-prototypes -Wrange-loop-analysis -Wno-semicolon-before-method-body -Wunguarded-availability -index-store-path /Users/karelbraborec/Library/Developer/Xcode/DerivedData/revmeter-hbcnswmlqmbpnlazhhkncgeowiss/Index.noindex/DataStore @/Users/karelbraborec/Library/Developer/Xcode/DerivedData/revmeter-hbcnswmlqmbpnlazhhkncgeowiss/Build/Intermediates.noindex/Pods.build/Debug-iphonesimulator/RNWorklets.build/Objects-normal/arm64/82b82416624d2658e5098eb0a28c15c5-common-args.resp -DRCT_NEW_ARCH_ENABLED\=1 -include /Users/karelbraborec/rev-meter/ios/Pods/Target\ Support\ Files/RNWorklets/RNWorklets-prefix.pch -MMD -MT dependencies -MF /Users/karelbraborec/Library/Developer/Xcode/DerivedData/revmeter-hbcnswmlqmbpnlazhhkncgeowiss/Build/Intermediates.noindex/Pods.build/Debug-iphonesimulator/RNWorklets.build/Objects-normal/arm64/EventHandlerRegistry.d --serialize-diagnostics /Users/karelbraborec/Library/Developer/Xcode/DerivedData/revmeter-hbcnswmlqmbpnlazhhkncgeowiss/Build/Intermediates.noindex/Pods.build/Debug-iphonesimulator/RNWorklets.build/Objects-normal/arm64/EventHandlerRegistry.dia -c /Users/karelbraborec/rev-meter/node_modules/react-native-worklets/Common/cpp/worklets/Registries/EventHandlerRegistry.cpp -o /Users/karelbraborec/Library/Developer/Xcode/DerivedData/revmeter-hbcnswmlqmbpnlazhhkncgeowiss/Build/Intermediates.noindex/Pods.build/Debug-iphonesimulator/RNWorklets.build/Objects-normal/arm64/EventHandlerRegistry.o -index-unit-output-path /Pods.build/Debug-iphonesimulator/RNWorklets.build/Objects-normal/arm64/EventHandlerRegistry.o
In file included from /Users/karelbraborec/rev-meter/node_modules/react-native-worklets/Common/cpp/worklets/Registries/EventHandlerRegistry.cpp:4:
In file included from /Users/karelbraborec/rev-meter/ios/Pods/Headers/Private/RNWorklets/worklets/Registries/EventHandlerRegistry.h:6:
/Users/karelbraborec/rev-meter/ios/Pods/Headers/Private/RNWorklets/worklets/WorkletRuntime/WorkletRuntime.h:181:8: warning: declaration is marked with '@deprecated' command but does not have a deprecation attribute [-Wdocumentation-deprecated-sync]
  181 |   /** @deprecated Use `schedule` instead. */
      |       ~^~~~~~~~~~~~~~~~~~~~~~~~~~~~~~~~~~
/Users/karelbraborec/rev-meter/ios/Pods/Headers/Private/RNWorklets/worklets/WorkletRuntime/WorkletRuntime.h:182:3: note: add a deprecation attribute to the declaration to silence this warning
  182 |   void runAsyncGuarded(const std::shared_ptr<SerializableWorklet> &worklet);
      |   ^
      |   __AVAILABILITY_INTERNAL_DEPRECATED 
/Users/karelbraborec/rev-meter/ios/Pods/Headers/Private/RNWorklets/worklets/WorkletRuntime/WorkletRuntime.h:184:8: warning: declaration is marked with '@deprecated' command but does not have a deprecation attribute [-Wdocumentation-deprecated-sync]
  184 |   /** @deprecated Use `runSyncSerialized` and extract to `jsi::Value` with
      |       ~^~~~~~~~~~~~~~~~~~~~~~~~~~~~~~~~~~~~~~~~~~~~~~~~~~~~~~~~~~~~~~~~~~~
  185 |    * `extractSerializableOrThrow` instead. */
      |    ~~~~~~~~~~~~~~~~~~~~~~~~~~~~~~~~~~~~~~~
/Users/karelbraborec/rev-meter/ios/Pods/Headers/Private/RNWorklets/worklets/WorkletRuntime/WorkletRuntime.h:186:3: note: add a deprecation attribute to the declaration to silence this warning
  186 |   jsi::Value executeSync(jsi::Runtime &rt, const jsi::Value &worklet) const;
      |   ^
      |   __AVAILABILITY_INTERNAL_DEPRECATED 
/Users/karelbraborec/rev-meter/ios/Pods/Headers/Private/RNWorklets/worklets/WorkletRuntime/WorkletRuntime.h:187:8: warning: declaration is marked with '@deprecated' command but does not have a deprecation attribute [-Wdocumentation-deprecated-sync]
  187 |   /** @deprecated Use `runSync` instead. */
      |       ~^~~~~~~~~~~~~~~~~~~~~~~~~~~~~~~~~
/Users/karelbraborec/rev-meter/ios/Pods/Headers/Private/RNWorklets/worklets/WorkletRuntime/WorkletRuntime.h:188:3: note: add a deprecation attribute to the declaration to silence this warning
  188 |   jsi::Value executeSync(std::function<jsi::Value(jsi::Runtime &)> &&job) const;
      |   ^
      |   __AVAILABILITY_INTERNAL_DEPRECATED 
/Users/karelbraborec/rev-meter/ios/Pods/Headers/Private/RNWorklets/worklets/WorkletRuntime/WorkletRuntime.h:189:8: warning: declaration is marked with '@deprecated' command but does not have a deprecation attribute [-Wdocumentation-deprecated-sync]
  189 |   /** @deprecated Use `runSync` instead. */
      |       ~^~~~~~~~~~~~~~~~~~~~~~~~~~~~~~~~~
/Users/karelbraborec/rev-meter/ios/Pods/Headers/Private/RNWorklets/worklets/WorkletRuntime/WorkletRuntime.h:190:3: note: add a deprecation attribute to the declaration to silence this warning
  190 |   jsi::Value executeSync(const std::function<jsi::Value(jsi::Runtime &)> &job) const;
      |   ^
      |   __AVAILABILITY_INTERNAL_DEPRECATED 
/Users/karelbraborec/rev-meter/ios/Pods/Headers/Private/RNWorklets/worklets/WorkletRuntime/WorkletRuntime.h:175:8: warning: declaration is marked with '@deprecated' command but does not have a deprecation attribute [-Wdocumentation-deprecated-sync]
  175 |   /** @deprecated Use `runSync` instead. */
      |       ~^~~~~~~~~~~~~~~~~~~~~~~~~~~~~~~~~
5 warnings generated.

CompileC /Users/karelbraborec/Library/Developer/Xcode/DerivedData/revmeter-hbcnswmlqmbpnlazhhkncgeowiss/Build/Intermediates.noindex/Pods.build/Debug-iphonesimulator/RNWorklets.build/Objects-normal/arm64/AsyncQueueImpl.o /Users/karelbraborec/rev-meter/node_modules/react-native-worklets/Common/cpp/worklets/RunLoop/AsyncQueueImpl.cpp normal arm64 c++ com.apple.compilers.llvm.clang.1_0.compiler (in target 'RNWorklets' from project 'Pods')
    cd /Users/karelbraborec/rev-meter/ios/Pods
    
    Using response file: /Users/karelbraborec/Library/Developer/Xcode/DerivedData/revmeter-hbcnswmlqmbpnlazhhkncgeowiss/Build/Intermediates.noindex/Pods.build/Debug-iphonesimulator/RNWorklets.build/Objects-normal/arm64/82b82416624d2658e5098eb0a28c15c5-common-args.resp
    
    /Applications/Xcode.app/Contents/Developer/Toolchains/XcodeDefault.xctoolchain/usr/bin/clang -x c++ -ivfsstatcache /Users/karelbraborec/Library/Developer/Xcode/DerivedData/SDKStatCaches.noindex/iphonesimulator26.5-23F81a-6cfe768891a92b912361537c460fe42b.sdkstatcache -target arm64-apple-ios15.1-simulator -fmessage-length\=0 -fdiagnostics-show-note-include-stack -fmacro-backtrace-limit\=0 -fno-color-diagnostics -fmodules-prune-interval\=86400 -fmodules-prune-after\=345600 -fbuild-session-file\=/Users/karelbraborec/Library/Developer/Xcode/DerivedData/ModuleCache.noindex/Session.modulevalidation -fmodules-validate-once-per-build-session -Wnon-modular-include-in-framework-module -Werror\=non-modular-include-in-framework-module -Wno-trigraphs -Wno-missing-field-initializers -Wno-missing-prototypes -Werror\=return-type -Wdocumentation -Wunreachable-code -Werror\=deprecated-objc-isa-usage -Werror\=objc-root-class -Wno-non-virtual-dtor -Wno-overloaded-virtual -Wno-exit-time-destructors -Wno-missing-braces -Wparentheses -Wswitch -Wunused-function -Wno-unused-label -Wno-unused-parameter -Wunused-variable -Wunused-value -Wempty-body -Wuninitialized -Wconditional-uninitialized -Wno-unknown-pragmas -Wno-shadow -Wno-four-char-constants -Wno-conversion -Wconstant-conversion -Wint-conversion -Wbool-conversion -Wenum-conversion -Wno-float-conversion -Wnon-literal-null-conversion -Wobjc-literal-conversion -Wshorten-64-to-32 -Wno-newline-eof -Wno-c++11-extensions -Wno-implicit-fallthrough -isysroot /Applications/Xcode.app/Contents/Developer/Platforms/iPhoneSimulator.platform/Developer/SDKs/iPhoneSimulator26.5.sdk -fstrict-aliasing -Wdeprecated-declarations -Winvalid-offsetof -Wno-sign-conversion -Winfinite-recursion -Wmove -Wcomma -Wblock-capture-autoreleasing -Wstrict-prototypes -Wrange-loop-analysis -Wno-semicolon-before-method-body -Wunguarded-availability -index-store-path /Users/karelbraborec/Library/Developer/Xcode/DerivedData/revmeter-hbcnswmlqmbpnlazhhkncgeowiss/Index.noindex/DataStore @/Users/karelbraborec/Library/Developer/Xcode/DerivedData/revmeter-hbcnswmlqmbpnlazhhkncgeowiss/Build/Intermediates.noindex/Pods.build/Debug-iphonesimulator/RNWorklets.build/Objects-normal/arm64/82b82416624d2658e5098eb0a28c15c5-common-args.resp -DRCT_NEW_ARCH_ENABLED\=1 -include /Users/karelbraborec/rev-meter/ios/Pods/Target\ Support\ Files/RNWorklets/RNWorklets-prefix.pch -MMD -MT dependencies -MF /Users/karelbraborec/Library/Developer/Xcode/DerivedData/revmeter-hbcnswmlqmbpnlazhhkncgeowiss/Build/Intermediates.noindex/Pods.build/Debug-iphonesimulator/RNWorklets.build/Objects-normal/arm64/AsyncQueueImpl.d --serialize-diagnostics /Users/karelbraborec/Library/Developer/Xcode/DerivedData/revmeter-hbcnswmlqmbpnlazhhkncgeowiss/Build/Intermediates.noindex/Pods.build/Debug-iphonesimulator/RNWorklets.build/Objects-normal/arm64/AsyncQueueImpl.dia -c /Users/karelbraborec/rev-meter/node_modules/react-native-worklets/Common/cpp/worklets/RunLoop/AsyncQueueImpl.cpp -o /Users/karelbraborec/Library/Developer/Xcode/DerivedData/revmeter-hbcnswmlqmbpnlazhhkncgeowiss/Build/Intermediates.noindex/Pods.build/Debug-iphonesimulator/RNWorklets.build/Objects-normal/arm64/AsyncQueueImpl.o -index-unit-output-path /Pods.build/Debug-iphonesimulator/RNWorklets.build/Objects-normal/arm64/AsyncQueueImpl.o

CompileC /Users/karelbraborec/Library/Developer/Xcode/DerivedData/revmeter-hbcnswmlqmbpnlazhhkncgeowiss/Build/Intermediates.noindex/Pods.build/Debug-iphonesimulator/RNWorklets.build/Objects-normal/arm64/AnimationFrameQueue.o /Users/karelbraborec/rev-meter/node_modules/react-native-worklets/apple/worklets/apple/AnimationFrameQueue.mm normal arm64 objective-c++ com.apple.compilers.llvm.clang.1_0.compiler (in target 'RNWorklets' from project 'Pods')
    cd /Users/karelbraborec/rev-meter/ios/Pods
    
    Using response file: /Users/karelbraborec/Library/Developer/Xcode/DerivedData/revmeter-hbcnswmlqmbpnlazhhkncgeowiss/Build/Intermediates.noindex/Pods.build/Debug-iphonesimulator/RNWorklets.build/Objects-normal/arm64/af3fcb34312c57c0f52879cdce924b91-common-args.resp
    
    /Applications/Xcode.app/Contents/Developer/Toolchains/XcodeDefault.xctoolchain/usr/bin/clang -x objective-c++ -ivfsstatcache /Users/karelbraborec/Library/Developer/Xcode/DerivedData/SDKStatCaches.noindex/iphonesimulator26.5-23F81a-6cfe768891a92b912361537c460fe42b.sdkstatcache -target arm64-apple-ios15.1-simulator -fmessage-length\=0 -fdiagnostics-show-note-include-stack -fmacro-backtrace-limit\=0 -fno-color-diagnostics -fmodules-prune-interval\=86400 -fmodules-prune-after\=345600 -fbuild-session-file\=/Users/karelbraborec/Library/Developer/Xcode/DerivedData/ModuleCache.noindex/Session.modulevalidation -fmodules-validate-once-per-build-session -Wnon-modular-include-in-framework-module -Werror\=non-modular-include-in-framework-module -Wno-trigraphs -Wno-missing-field-initializers -Wno-missing-prototypes -Werror\=return-type -Wdocumentation -Wunreachable-code -Wno-implicit-atomic-properties -Werror\=deprecated-objc-isa-usage -Wno-objc-interface-ivars -Werror\=objc-root-class -Wno-arc-repeated-use-of-weak -Wimplicit-retain-self -Wno-non-virtual-dtor -Wno-overloaded-virtual -Wno-exit-time-destructors -Wduplicate-method-match -Wno-missing-braces -Wparentheses -Wswitch -Wunused-function -Wno-unused-label -Wno-unused-parameter -Wunused-variable -Wunused-value -Wempty-body -Wuninitialized -Wconditional-uninitialized -Wno-unknown-pragmas -Wno-shadow -Wno-four-char-constants -Wno-conversion -Wconstant-conversion -Wint-conversion -Wbool-conversion -Wenum-conversion -Wno-float-conversion -Wnon-literal-null-conversion -Wobjc-literal-conversion -Wshorten-64-to-32 -Wno-newline-eof -Wno-selector -Wno-strict-selector-match -Wundeclared-selector -Wdeprecated-implementations -Wno-c++11-extensions -Wno-implicit-fallthrough -isysroot /Applications/Xcode.app/Contents/Developer/Platforms/iPhoneSimulator.platform/Developer/SDKs/iPhoneSimulator26.5.sdk -fstrict-aliasing -Wprotocol -Wdeprecated-declarations -Winvalid-offsetof -Wno-sign-conversion -Winfinite-recursion -Wmove -Wcomma -Wblock-capture-autoreleasing -Wstrict-prototypes -Wrange-loop-analysis -Wno-semicolon-before-method-body -Wunguarded-availability -index-store-path /Users/karelbraborec/Library/Developer/Xcode/DerivedData/revmeter-hbcnswmlqmbpnlazhhkncgeowiss/Index.noindex/DataStore @/Users/karelbraborec/Library/Developer/Xcode/DerivedData/revmeter-hbcnswmlqmbpnlazhhkncgeowiss/Build/Intermediates.noindex/Pods.build/Debug-iphonesimulator/RNWorklets.build/Objects-normal/arm64/af3fcb34312c57c0f52879cdce924b91-common-args.resp -DRCT_NEW_ARCH_ENABLED\=1 -include /Users/karelbraborec/rev-meter/ios/Pods/Target\ Support\ Files/RNWorklets/RNWorklets-prefix.pch -MMD -MT dependencies -MF /Users/karelbraborec/Library/Developer/Xcode/DerivedData/revmeter-hbcnswmlqmbpnlazhhkncgeowiss/Build/Intermediates.noindex/Pods.build/Debug-iphonesimulator/RNWorklets.build/Objects-normal/arm64/AnimationFrameQueue.d --serialize-diagnostics /Users/karelbraborec/Library/Developer/Xcode/DerivedData/revmeter-hbcnswmlqmbpnlazhhkncgeowiss/Build/Intermediates.noindex/Pods.build/Debug-iphonesimulator/RNWorklets.build/Objects-normal/arm64/AnimationFrameQueue.dia -c /Users/karelbraborec/rev-meter/node_modules/react-native-worklets/apple/worklets/apple/AnimationFrameQueue.mm -o /Users/karelbraborec/Library/Developer/Xcode/DerivedData/revmeter-hbcnswmlqmbpnlazhhkncgeowiss/Build/Intermediates.noindex/Pods.build/Debug-iphonesimulator/RNWorklets.build/Objects-normal/arm64/AnimationFrameQueue.o -index-unit-output-path /Pods.build/Debug-iphonesimulator/RNWorklets.build/Objects-normal/arm64/AnimationFrameQueue.o

CompileC /Users/karelbraborec/Library/Developer/Xcode/DerivedData/revmeter-hbcnswmlqmbpnlazhhkncgeowiss/Build/Intermediates.noindex/Pods.build/Debug-iphonesimulator/RNWorklets.build/Objects-normal/arm64/AnimationFrameBatchinator.o /Users/karelbraborec/rev-meter/node_modules/react-native-worklets/Common/cpp/worklets/AnimationFrameQueue/AnimationFrameBatchinator.cpp normal arm64 c++ com.apple.compilers.llvm.clang.1_0.compiler (in target 'RNWorklets' from project 'Pods')
    cd /Users/karelbraborec/rev-meter/ios/Pods
    
    Using response file: /Users/karelbraborec/Library/Developer/Xcode/DerivedData/revmeter-hbcnswmlqmbpnlazhhkncgeowiss/Build/Intermediates.noindex/Pods.build/Debug-iphonesimulator/RNWorklets.build/Objects-normal/arm64/82b82416624d2658e5098eb0a28c15c5-common-args.resp
    
    /Applications/Xcode.app/Contents/Developer/Toolchains/XcodeDefault.xctoolchain/usr/bin/clang -x c++ -ivfsstatcache /Users/karelbraborec/Library/Developer/Xcode/DerivedData/SDKStatCaches.noindex/iphonesimulator26.5-23F81a-6cfe768891a92b912361537c460fe42b.sdkstatcache -target arm64-apple-ios15.1-simulator -fmessage-length\=0 -fdiagnostics-show-note-include-stack -fmacro-backtrace-limit\=0 -fno-color-diagnostics -fmodules-prune-interval\=86400 -fmodules-prune-after\=345600 -fbuild-session-file\=/Users/karelbraborec/Library/Developer/Xcode/DerivedData/ModuleCache.noindex/Session.modulevalidation -fmodules-validate-once-per-build-session -Wnon-modular-include-in-framework-module -Werror\=non-modular-include-in-framework-module -Wno-trigraphs -Wno-missing-field-initializers -Wno-missing-prototypes -Werror\=return-type -Wdocumentation -Wunreachable-code -Werror\=deprecated-objc-isa-usage -Werror\=objc-root-class -Wno-non-virtual-dtor -Wno-overloaded-virtual -Wno-exit-time-destructors -Wno-missing-braces -Wparentheses -Wswitch -Wunused-function -Wno-unused-label -Wno-unused-parameter -Wunused-variable -Wunused-value -Wempty-body -Wuninitialized -Wconditional-uninitialized -Wno-unknown-pragmas -Wno-shadow -Wno-four-char-constants -Wno-conversion -Wconstant-conversion -Wint-conversion -Wbool-conversion -Wenum-conversion -Wno-float-conversion -Wnon-literal-null-conversion -Wobjc-literal-conversion -Wshorten-64-to-32 -Wno-newline-eof -Wno-c++11-extensions -Wno-implicit-fallthrough -isysroot /Applications/Xcode.app/Contents/Developer/Platforms/iPhoneSimulator.platform/Developer/SDKs/iPhoneSimulator26.5.sdk -fstrict-aliasing -Wdeprecated-declarations -Winvalid-offsetof -Wno-sign-conversion -Winfinite-recursion -Wmove -Wcomma -Wblock-capture-autoreleasing -Wstrict-prototypes -Wrange-loop-analysis -Wno-semicolon-before-method-body -Wunguarded-availability -index-store-path /Users/karelbraborec/Library/Developer/Xcode/DerivedData/revmeter-hbcnswmlqmbpnlazhhkncgeowiss/Index.noindex/DataStore @/Users/karelbraborec/Library/Developer/Xcode/DerivedData/revmeter-hbcnswmlqmbpnlazhhkncgeowiss/Build/Intermediates.noindex/Pods.build/Debug-iphonesimulator/RNWorklets.build/Objects-normal/arm64/82b82416624d2658e5098eb0a28c15c5-common-args.resp -DRCT_NEW_ARCH_ENABLED\=1 -include /Users/karelbraborec/rev-meter/ios/Pods/Target\ Support\ Files/RNWorklets/RNWorklets-prefix.pch -MMD -MT dependencies -MF /Users/karelbraborec/Library/Developer/Xcode/DerivedData/revmeter-hbcnswmlqmbpnlazhhkncgeowiss/Build/Intermediates.noindex/Pods.build/Debug-iphonesimulator/RNWorklets.build/Objects-normal/arm64/AnimationFrameBatchinator.d --serialize-diagnostics /Users/karelbraborec/Library/Developer/Xcode/DerivedData/revmeter-hbcnswmlqmbpnlazhhkncgeowiss/Build/Intermediates.noindex/Pods.build/Debug-iphonesimulator/RNWorklets.build/Objects-normal/arm64/AnimationFrameBatchinator.dia -c /Users/karelbraborec/rev-meter/node_modules/react-native-worklets/Common/cpp/worklets/AnimationFrameQueue/AnimationFrameBatchinator.cpp -o /Users/karelbraborec/Library/Developer/Xcode/DerivedData/revmeter-hbcnswmlqmbpnlazhhkncgeowiss/Build/Intermediates.noindex/Pods.build/Debug-iphonesimulator/RNWorklets.build/Objects-normal/arm64/AnimationFrameBatchinator.o -index-unit-output-path /Pods.build/Debug-iphonesimulator/RNWorklets.build/Objects-normal/arm64/AnimationFrameBatchinator.o
In file included from /Users/karelbraborec/rev-meter/node_modules/react-native-worklets/Common/cpp/worklets/AnimationFrameQueue/AnimationFrameBatchinator.cpp:2:
In file included from /Users/karelbraborec/rev-meter/ios/Pods/Headers/Private/RNWorklets/worklets/AnimationFrameQueue/AnimationFrameBatchinator.h:6:
/Users/karelbraborec/rev-meter/ios/Pods/Headers/Private/RNWorklets/worklets/WorkletRuntime/WorkletRuntime.h:181:8: warning: declaration is marked with '@deprecated' command but does not have a deprecation attribute [-Wdocumentation-deprecated-sync]
  181 |   /** @deprecated Use `schedule` instead. */
      |       ~^~~~~~~~~~~~~~~~~~~~~~~~~~~~~~~~~~
/Users/karelbraborec/rev-meter/ios/Pods/Headers/Private/RNWorklets/worklets/WorkletRuntime/WorkletRuntime.h:182:3: note: add a deprecation attribute to the declaration to silence this warning
  182 |   void runAsyncGuarded(const std::shared_ptr<SerializableWorklet> &worklet);
      |   ^
      |   __AVAILABILITY_INTERNAL_DEPRECATED 
/Users/karelbraborec/rev-meter/ios/Pods/Headers/Private/RNWorklets/worklets/WorkletRuntime/WorkletRuntime.h:184:8: warning: declaration is marked with '@deprecated' command but does not have a deprecation attribute [-Wdocumentation-deprecated-sync]
  184 |   /** @deprecated Use `runSyncSerialized` and extract to `jsi::Value` with
      |       ~^~~~~~~~~~~~~~~~~~~~~~~~~~~~~~~~~~~~~~~~~~~~~~~~~~~~~~~~~~~~~~~~~~~
  185 |    * `extractSerializableOrThrow` instead. */
      |    ~~~~~~~~~~~~~~~~~~~~~~~~~~~~~~~~~~~~~~~
/Users/karelbraborec/rev-meter/ios/Pods/Headers/Private/RNWorklets/worklets/WorkletRuntime/WorkletRuntime.h:186:3: note: add a deprecation attribute to the declaration to silence this warning
  186 |   jsi::Value executeSync(jsi::Runtime &rt, const jsi::Value &worklet) const;
      |   ^
      |   __AVAILABILITY_INTERNAL_DEPRECATED 
/Users/karelbraborec/rev-meter/ios/Pods/Headers/Private/RNWorklets/worklets/WorkletRuntime/WorkletRuntime.h:187:8: warning: declaration is marked with '@deprecated' command but does not have a deprecation attribute [-Wdocumentation-deprecated-sync]
  187 |   /** @deprecated Use `runSync` instead. */
      |       ~^~~~~~~~~~~~~~~~~~~~~~~~~~~~~~~~~
/Users/karelbraborec/rev-meter/ios/Pods/Headers/Private/RNWorklets/worklets/WorkletRuntime/WorkletRuntime.h:188:3: note: add a deprecation attribute to the declaration to silence this warning
  188 |   jsi::Value executeSync(std::function<jsi::Value(jsi::Runtime &)> &&job) const;
      |   ^
      |   __AVAILABILITY_INTERNAL_DEPRECATED 
/Users/karelbraborec/rev-meter/ios/Pods/Headers/Private/RNWorklets/worklets/WorkletRuntime/WorkletRuntime.h:189:8: warning: declaration is marked with '@deprecated' command but does not have a deprecation attribute [-Wdocumentation-deprecated-sync]
  189 |   /** @deprecated Use `runSync` instead. */
      |       ~^~~~~~~~~~~~~~~~~~~~~~~~~~~~~~~~~
/Users/karelbraborec/rev-meter/ios/Pods/Headers/Private/RNWorklets/worklets/WorkletRuntime/WorkletRuntime.h:190:3: note: add a deprecation attribute to the declaration to silence this warning
  190 |   jsi::Value executeSync(const std::function<jsi::Value(jsi::Runtime &)> &job) const;
      |   ^
      |   __AVAILABILITY_INTERNAL_DEPRECATED 
/Users/karelbraborec/rev-meter/ios/Pods/Headers/Private/RNWorklets/worklets/WorkletRuntime/WorkletRuntime.h:175:8: warning: declaration is marked with '@deprecated' command but does not have a deprecation attribute [-Wdocumentation-deprecated-sync]
  175 |   /** @deprecated Use `runSync` instead. */
      |       ~^~~~~~~~~~~~~~~~~~~~~~~~~~~~~~~~~
5 warnings generated.

PrecompileModule /Users/karelbraborec/Library/Developer/Xcode/DerivedData/revmeter-hbcnswmlqmbpnlazhhkncgeowiss/Build/Intermediates.noindex/ExplicitPrecompiledModules/UIKit-4TZ09E8ZETVRA16494UR3EYRH.scan
    cd /
    builtin-precompileModule /Users/karelbraborec/Library/Developer/Xcode/DerivedData/revmeter-hbcnswmlqmbpnlazhhkncgeowiss/Build/Intermediates.noindex/ExplicitPrecompiledModules/UIKit-4TZ09E8ZETVRA16494UR3EYRH.scan

ScanDependencies /Users/karelbraborec/Library/Developer/Xcode/DerivedData/revmeter-hbcnswmlqmbpnlazhhkncgeowiss/Build/Intermediates.noindex/Pods.build/Debug-iphonesimulator/RNWorklets.build/Objects-normal/x86_64/RNWorklets-dummy.o /Users/karelbraborec/rev-meter/ios/Pods/Target\ Support\ Files/RNWorklets/RNWorklets-dummy.m normal x86_64 objective-c com.apple.compilers.llvm.clang.1_0.compiler (in target 'RNWorklets' from project 'Pods')
    cd /Users/karelbraborec/rev-meter/ios/Pods
    
    Using response file: /Users/karelbraborec/Library/Developer/Xcode/DerivedData/revmeter-hbcnswmlqmbpnlazhhkncgeowiss/Build/Intermediates.noindex/Pods.build/Debug-iphonesimulator/RNWorklets.build/Objects-normal/x86_64/e6072d4f65d7061329687fe24e3d63a7-common-args.resp
    
    builtin-ScanDependencies -o /Users/karelbraborec/Library/Developer/Xcode/DerivedData/revmeter-hbcnswmlqmbpnlazhhkncgeowiss/Build/Intermediates.noindex/Pods.build/Debug-iphonesimulator/RNWorklets.build/Objects-normal/x86_64/RNWorklets-dummy.o.scan -- /Applications/Xcode.app/Contents/Developer/Toolchains/XcodeDefault.xctoolchain/usr/bin/clang -x objective-c -ivfsstatcache /Users/karelbraborec/Library/Developer/Xcode/DerivedData/SDKStatCaches.noindex/iphonesimulator26.5-23F81a-6cfe768891a92b912361537c460fe42b.sdkstatcache -target x86_64-apple-ios15.1-simulator -fmessage-length\=0 -fdiagnostics-show-note-include-stack -fmacro-backtrace-limit\=0 -fno-color-diagnostics -fmodules-prune-interval\=86400 -fmodules-prune-after\=345600 -fbuild-session-file\=/Users/karelbraborec/Library/Developer/Xcode/DerivedData/ModuleCache.noindex/Session.modulevalidation -fmodules-validate-once-per-build-session -Wnon-modular-include-in-framework-module -Werror\=non-modular-include-in-framework-module -Wno-trigraphs -Wno-missing-field-initializers -Wno-missing-prototypes -Werror\=return-type -Wdocumentation -Wunreachable-code -Wno-implicit-atomic-properties -Werror\=deprecated-objc-isa-usage -Wno-objc-interface-ivars -Werror\=objc-root-class -Wno-arc-repeated-use-of-weak -Wimplicit-retain-self -Wduplicate-method-match -Wno-missing-braces -Wparentheses -Wswitch -Wunused-function -Wno-unused-label -Wno-unused-parameter -Wunused-variable -Wunused-value -Wempty-body -Wuninitialized -Wconditional-uninitialized -Wno-unknown-pragmas -Wno-shadow -Wno-four-char-constants -Wno-conversion -Wconstant-conversion -Wint-conversion -Wbool-conversion -Wenum-conversion -Wno-float-conversion -Wnon-literal-null-conversion -Wobjc-literal-conversion -Wshorten-64-to-32 -Wpointer-sign -Wno-newline-eof -Wno-selector -Wno-strict-selector-match -Wundeclared-selector -Wdeprecated-implementations -Wno-implicit-fallthrough -isysroot /Applications/Xcode.app/Contents/Developer/Platforms/iPhoneSimulator.platform/Developer/SDKs/iPhoneSimulator26.5.sdk -fstrict-aliasing -Wprotocol -Wdeprecated-declarations -Wno-sign-conversion -Winfinite-recursion -Wcomma -Wblock-capture-autoreleasing -Wstrict-prototypes -Wno-semicolon-before-method-body -Wunguarded-availability -index-store-path /Users/karelbraborec/Library/Developer/Xcode/DerivedData/revmeter-hbcnswmlqmbpnlazhhkncgeowiss/Index.noindex/DataStore @/Users/karelbraborec/Library/Developer/Xcode/DerivedData/revmeter-hbcnswmlqmbpnlazhhkncgeowiss/Build/Intermediates.noindex/Pods.build/Debug-iphonesimulator/RNWorklets.build/Objects-normal/x86_64/e6072d4f65d7061329687fe24e3d63a7-common-args.resp -include /Users/karelbraborec/rev-meter/ios/Pods/Target\ Support\ Files/RNWorklets/RNWorklets-prefix.pch -MMD -MT dependencies -MF /Users/karelbraborec/Library/Developer/Xcode/DerivedData/revmeter-hbcnswmlqmbpnlazhhkncgeowiss/Build/Intermediates.noindex/Pods.build/Debug-iphonesimulator/RNWorklets.build/Objects-normal/x86_64/RNWorklets-dummy.d --serialize-diagnostics /Users/karelbraborec/Library/Developer/Xcode/DerivedData/revmeter-hbcnswmlqmbpnlazhhkncgeowiss/Build/Intermediates.noindex/Pods.build/Debug-iphonesimulator/RNWorklets.build/Objects-normal/x86_64/RNWorklets-dummy.dia -c /Users/karelbraborec/rev-meter/ios/Pods/Target\ Support\ Files/RNWorklets/RNWorklets-dummy.m -o /Users/karelbraborec/Library/Developer/Xcode/DerivedData/revmeter-hbcnswmlqmbpnlazhhkncgeowiss/Build/Intermediates.noindex/Pods.build/Debug-iphonesimulator/RNWorklets.build/Objects-normal/x86_64/RNWorklets-dummy.o -index-unit-output-path /Pods.build/Debug-iphonesimulator/RNWorklets.build/Objects-normal/x86_64/RNWorklets-dummy.o

ScanDependencies /Users/karelbraborec/Library/Developer/Xcode/DerivedData/revmeter-hbcnswmlqmbpnlazhhkncgeowiss/Build/Intermediates.noindex/Pods.build/Debug-iphonesimulator/RNWorklets.build/Objects-normal/arm64/RNWorklets-dummy.o /Users/karelbraborec/rev-meter/ios/Pods/Target\ Support\ Files/RNWorklets/RNWorklets-dummy.m normal arm64 objective-c com.apple.compilers.llvm.clang.1_0.compiler (in target 'RNWorklets' from project 'Pods')
    cd /Users/karelbraborec/rev-meter/ios/Pods
    
    Using response file: /Users/karelbraborec/Library/Developer/Xcode/DerivedData/revmeter-hbcnswmlqmbpnlazhhkncgeowiss/Build/Intermediates.noindex/Pods.build/Debug-iphonesimulator/RNWorklets.build/Objects-normal/arm64/e6072d4f65d7061329687fe24e3d63a7-common-args.resp
    
    builtin-ScanDependencies -o /Users/karelbraborec/Library/Developer/Xcode/DerivedData/revmeter-hbcnswmlqmbpnlazhhkncgeowiss/Build/Intermediates.noindex/Pods.build/Debug-iphonesimulator/RNWorklets.build/Objects-normal/arm64/RNWorklets-dummy.o.scan -- /Applications/Xcode.app/Contents/Developer/Toolchains/XcodeDefault.xctoolchain/usr/bin/clang -x objective-c -ivfsstatcache /Users/karelbraborec/Library/Developer/Xcode/DerivedData/SDKStatCaches.noindex/iphonesimulator26.5-23F81a-6cfe768891a92b912361537c460fe42b.sdkstatcache -target arm64-apple-ios15.1-simulator -fmessage-length\=0 -fdiagnostics-show-note-include-stack -fmacro-backtrace-limit\=0 -fno-color-diagnostics -fmodules-prune-interval\=86400 -fmodules-prune-after\=345600 -fbuild-session-file\=/Users/karelbraborec/Library/Developer/Xcode/DerivedData/ModuleCache.noindex/Session.modulevalidation -fmodules-validate-once-per-build-session -Wnon-modular-include-in-framework-module -Werror\=non-modular-include-in-framework-module -Wno-trigraphs -Wno-missing-field-initializers -Wno-missing-prototypes -Werror\=return-type -Wdocumentation -Wunreachable-code -Wno-implicit-atomic-properties -Werror\=deprecated-objc-isa-usage -Wno-objc-interface-ivars -Werror\=objc-root-class -Wno-arc-repeated-use-of-weak -Wimplicit-retain-self -Wduplicate-method-match -Wno-missing-braces -Wparentheses -Wswitch -Wunused-function -Wno-unused-label -Wno-unused-parameter -Wunused-variable -Wunused-value -Wempty-body -Wuninitialized -Wconditional-uninitialized -Wno-unknown-pragmas -Wno-shadow -Wno-four-char-constants -Wno-conversion -Wconstant-conversion -Wint-conversion -Wbool-conversion -Wenum-conversion -Wno-float-conversion -Wnon-literal-null-conversion -Wobjc-literal-conversion -Wshorten-64-to-32 -Wpointer-sign -Wno-newline-eof -Wno-selector -Wno-strict-selector-match -Wundeclared-selector -Wdeprecated-implementations -Wno-implicit-fallthrough -isysroot /Applications/Xcode.app/Contents/Developer/Platforms/iPhoneSimulator.platform/Developer/SDKs/iPhoneSimulator26.5.sdk -fstrict-aliasing -Wprotocol -Wdeprecated-declarations -Wno-sign-conversion -Winfinite-recursion -Wcomma -Wblock-capture-autoreleasing -Wstrict-prototypes -Wno-semicolon-before-method-body -Wunguarded-availability -index-store-path /Users/karelbraborec/Library/Developer/Xcode/DerivedData/revmeter-hbcnswmlqmbpnlazhhkncgeowiss/Index.noindex/DataStore @/Users/karelbraborec/Library/Developer/Xcode/DerivedData/revmeter-hbcnswmlqmbpnlazhhkncgeowiss/Build/Intermediates.noindex/Pods.build/Debug-iphonesimulator/RNWorklets.build/Objects-normal/arm64/e6072d4f65d7061329687fe24e3d63a7-common-args.resp -include /Users/karelbraborec/rev-meter/ios/Pods/Target\ Support\ Files/RNWorklets/RNWorklets-prefix.pch -MMD -MT dependencies -MF /Users/karelbraborec/Library/Developer/Xcode/DerivedData/revmeter-hbcnswmlqmbpnlazhhkncgeowiss/Build/Intermediates.noindex/Pods.build/Debug-iphonesimulator/RNWorklets.build/Objects-normal/arm64/RNWorklets-dummy.d --serialize-diagnostics /Users/karelbraborec/Library/Developer/Xcode/DerivedData/revmeter-hbcnswmlqmbpnlazhhkncgeowiss/Build/Intermediates.noindex/Pods.build/Debug-iphonesimulator/RNWorklets.build/Objects-normal/arm64/RNWorklets-dummy.dia -c /Users/karelbraborec/rev-meter/ios/Pods/Target\ Support\ Files/RNWorklets/RNWorklets-dummy.m -o /Users/karelbraborec/Library/Developer/Xcode/DerivedData/revmeter-hbcnswmlqmbpnlazhhkncgeowiss/Build/Intermediates.noindex/Pods.build/Debug-iphonesimulator/RNWorklets.build/Objects-normal/arm64/RNWorklets-dummy.o -index-unit-output-path /Pods.build/Debug-iphonesimulator/RNWorklets.build/Objects-normal/arm64/RNWorklets-dummy.o

PrecompileModule /Users/karelbraborec/Library/Developer/Xcode/DerivedData/revmeter-hbcnswmlqmbpnlazhhkncgeowiss/Build/Intermediates.noindex/ExplicitPrecompiledModules/ptrauth-5FVG98HQF8RXGD3HNEKKRZOGQ.scan
    cd /
    builtin-precompileModule /Users/karelbraborec/Library/Developer/Xcode/DerivedData/revmeter-hbcnswmlqmbpnlazhhkncgeowiss/Build/Intermediates.noindex/ExplicitPrecompiledModules/ptrauth-5FVG98HQF8RXGD3HNEKKRZOGQ.scan

PrecompileModule /Users/karelbraborec/Library/Developer/Xcode/DerivedData/revmeter-hbcnswmlqmbpnlazhhkncgeowiss/Build/Intermediates.noindex/ExplicitPrecompiledModules/_AvailabilityInternal-7UHYIS463IBODSSKRPZYBDA0P.scan
    cd /
    builtin-precompileModule /Users/karelbraborec/Library/Developer/Xcode/DerivedData/revmeter-hbcnswmlqmbpnlazhhkncgeowiss/Build/Intermediates.noindex/ExplicitPrecompiledModules/_AvailabilityInternal-7UHYIS463IBODSSKRPZYBDA0P.scan

CompileC /Users/karelbraborec/Library/Developer/Xcode/DerivedData/revmeter-hbcnswmlqmbpnlazhhkncgeowiss/Build/Intermediates.noindex/Pods.build/Debug-iphonesimulator/react-native-slider.build/Objects-normal/arm64/RNCSlider.o /Users/karelbraborec/rev-meter/node_modules/@react-native-community/slider/ios/RNCSlider.m normal arm64 objective-c com.apple.compilers.llvm.clang.1_0.compiler (in target 'react-native-slider' from project 'Pods')
    cd /Users/karelbraborec/rev-meter/ios/Pods
    
    Using response file: /Users/karelbraborec/Library/Developer/Xcode/DerivedData/revmeter-hbcnswmlqmbpnlazhhkncgeowiss/Build/Intermediates.noindex/Pods.build/Debug-iphonesimulator/react-native-slider.build/Objects-normal/arm64/e6072d4f65d7061329687fe24e3d63a7-common-args.resp
    
    /Applications/Xcode.app/Contents/Developer/Toolchains/XcodeDefault.xctoolchain/usr/bin/clang -x objective-c -ivfsstatcache /Users/karelbraborec/Library/Developer/Xcode/DerivedData/SDKStatCaches.noindex/iphonesimulator26.5-23F81a-6cfe768891a92b912361537c460fe42b.sdkstatcache -target arm64-apple-ios15.1-simulator -fmessage-length\=0 -fdiagnostics-show-note-include-stack -fmacro-backtrace-limit\=0 -fno-color-diagnostics -fmodules-prune-interval\=86400 -fmodules-prune-after\=345600 -fbuild-session-file\=/Users/karelbraborec/Library/Developer/Xcode/DerivedData/ModuleCache.noindex/Session.modulevalidation -fmodules-validate-once-per-build-session -Wnon-modular-include-in-framework-module -Werror\=non-modular-include-in-framework-module -Wno-trigraphs -Wno-missing-field-initializers -Wno-missing-prototypes -Werror\=return-type -Wdocumentation -Wunreachable-code -Wno-implicit-atomic-properties -Werror\=deprecated-objc-isa-usage -Wno-objc-interface-ivars -Werror\=objc-root-class -Wno-arc-repeated-use-of-weak -Wimplicit-retain-self -Wduplicate-method-match -Wno-missing-braces -Wparentheses -Wswitch -Wunused-function -Wno-unused-label -Wno-unused-parameter -Wunused-variable -Wunused-value -Wempty-body -Wuninitialized -Wconditional-uninitialized -Wno-unknown-pragmas -Wno-shadow -Wno-four-char-constants -Wno-conversion -Wconstant-conversion -Wint-conversion -Wbool-conversion -Wenum-conversion -Wno-float-conversion -Wnon-literal-null-conversion -Wobjc-literal-conversion -Wshorten-64-to-32 -Wpointer-sign -Wno-newline-eof -Wno-selector -Wno-strict-selector-match -Wundeclared-selector -Wdeprecated-implementations -Wno-implicit-fallthrough -isysroot /Applications/Xcode.app/Contents/Developer/Platforms/iPhoneSimulator.platform/Developer/SDKs/iPhoneSimulator26.5.sdk -fstrict-aliasing -Wprotocol -Wdeprecated-declarations -Wno-sign-conversion -Winfinite-recursion -Wcomma -Wblock-capture-autoreleasing -Wstrict-prototypes -Wno-semicolon-before-method-body -Wunguarded-availability -index-store-path /Users/karelbraborec/Library/Developer/Xcode/DerivedData/revmeter-hbcnswmlqmbpnlazhhkncgeowiss/Index.noindex/DataStore @/Users/karelbraborec/Library/Developer/Xcode/DerivedData/revmeter-hbcnswmlqmbpnlazhhkncgeowiss/Build/Intermediates.noindex/Pods.build/Debug-iphonesimulator/react-native-slider.build/Objects-normal/arm64/e6072d4f65d7061329687fe24e3d63a7-common-args.resp -DRCT_NEW_ARCH_ENABLED\=1 -include /Users/karelbraborec/rev-meter/ios/Pods/Target\ Support\ Files/react-native-slider/react-native-slider-prefix.pch -MMD -MT dependencies -MF /Users/karelbraborec/Library/Developer/Xcode/DerivedData/revmeter-hbcnswmlqmbpnlazhhkncgeowiss/Build/Intermediates.noindex/Pods.build/Debug-iphonesimulator/react-native-slider.build/Objects-normal/arm64/RNCSlider.d --serialize-diagnostics /Users/karelbraborec/Library/Developer/Xcode/DerivedData/revmeter-hbcnswmlqmbpnlazhhkncgeowiss/Build/Intermediates.noindex/Pods.build/Debug-iphonesimulator/react-native-slider.build/Objects-normal/arm64/RNCSlider.dia -c /Users/karelbraborec/rev-meter/node_modules/@react-native-community/slider/ios/RNCSlider.m -o /Users/karelbraborec/Library/Developer/Xcode/DerivedData/revmeter-hbcnswmlqmbpnlazhhkncgeowiss/Build/Intermediates.noindex/Pods.build/Debug-iphonesimulator/react-native-slider.build/Objects-normal/arm64/RNCSlider.o -index-unit-output-path /Pods.build/Debug-iphonesimulator/react-native-slider.build/Objects-normal/arm64/RNCSlider.o

CompileC /Users/karelbraborec/Library/Developer/Xcode/DerivedData/revmeter-hbcnswmlqmbpnlazhhkncgeowiss/Build/Intermediates.noindex/Pods.build/Debug-iphonesimulator/react-native-safe-area-context.build/Objects-normal/arm64/RNCSafeAreaViewMode.o /Users/karelbraborec/rev-meter/node_modules/react-native-safe-area-context/ios/RNCSafeAreaViewMode.m normal arm64 objective-c com.apple.compilers.llvm.clang.1_0.compiler (in target 'react-native-safe-area-context' from project 'Pods')
    cd /Users/karelbraborec/rev-meter/ios/Pods
    
    Using response file: /Users/karelbraborec/Library/Developer/Xcode/DerivedData/revmeter-hbcnswmlqmbpnlazhhkncgeowiss/Build/Intermediates.noindex/Pods.build/Debug-iphonesimulator/react-native-safe-area-context.build/Objects-normal/arm64/e6072d4f65d7061329687fe24e3d63a7-common-args.resp
    
    /Applications/Xcode.app/Contents/Developer/Toolchains/XcodeDefault.xctoolchain/usr/bin/clang -x objective-c -ivfsstatcache /Users/karelbraborec/Library/Developer/Xcode/DerivedData/SDKStatCaches.noindex/iphonesimulator26.5-23F81a-6cfe768891a92b912361537c460fe42b.sdkstatcache -target arm64-apple-ios15.1-simulator -fmessage-length\=0 -fdiagnostics-show-note-include-stack -fmacro-backtrace-limit\=0 -fno-color-diagnostics -fmodules-prune-interval\=86400 -fmodules-prune-after\=345600 -fbuild-session-file\=/Users/karelbraborec/Library/Developer/Xcode/DerivedData/ModuleCache.noindex/Session.modulevalidation -fmodules-validate-once-per-build-session -Wnon-modular-include-in-framework-module -Werror\=non-modular-include-in-framework-module -Wno-trigraphs -Wno-missing-field-initializers -Wno-missing-prototypes -Werror\=return-type -Wdocumentation -Wunreachable-code -Wno-implicit-atomic-properties -Werror\=deprecated-objc-isa-usage -Wno-objc-interface-ivars -Werror\=objc-root-class -Wno-arc-repeated-use-of-weak -Wimplicit-retain-self -Wduplicate-method-match -Wno-missing-braces -Wparentheses -Wswitch -Wunused-function -Wno-unused-label -Wno-unused-parameter -Wunused-variable -Wunused-value -Wempty-body -Wuninitialized -Wconditional-uninitialized -Wno-unknown-pragmas -Wno-shadow -Wno-four-char-constants -Wno-conversion -Wconstant-conversion -Wint-conversion -Wbool-conversion -Wenum-conversion -Wno-float-conversion -Wnon-literal-null-conversion -Wobjc-literal-conversion -Wshorten-64-to-32 -Wpointer-sign -Wno-newline-eof -Wno-selector -Wno-strict-selector-match -Wundeclared-selector -Wdeprecated-implementations -Wno-implicit-fallthrough -isysroot /Applications/Xcode.app/Contents/Developer/Platforms/iPhoneSimulator.platform/Developer/SDKs/iPhoneSimulator26.5.sdk -fstrict-aliasing -Wprotocol -Wdeprecated-declarations -Wno-sign-conversion -Winfinite-recursion -Wcomma -Wblock-capture-autoreleasing -Wstrict-prototypes -Wno-semicolon-before-method-body -Wunguarded-availability -index-store-path /Users/karelbraborec/Library/Developer/Xcode/DerivedData/revmeter-hbcnswmlqmbpnlazhhkncgeowiss/Index.noindex/DataStore @/Users/karelbraborec/Library/Developer/Xcode/DerivedData/revmeter-hbcnswmlqmbpnlazhhkncgeowiss/Build/Intermediates.noindex/Pods.build/Debug-iphonesimulator/react-native-safe-area-context.build/Objects-normal/arm64/e6072d4f65d7061329687fe24e3d63a7-common-args.resp -DRCT_NEW_ARCH_ENABLED\=1 -include /Users/karelbraborec/rev-meter/ios/Pods/Target\ Support\ Files/react-native-safe-area-context/react-native-safe-area-context-prefix.pch -MMD -MT dependencies -MF /Users/karelbraborec/Library/Developer/Xcode/DerivedData/revmeter-hbcnswmlqmbpnlazhhkncgeowiss/Build/Intermediates.noindex/Pods.build/Debug-iphonesimulator/react-native-safe-area-context.build/Objects-normal/arm64/RNCSafeAreaViewMode.d --serialize-diagnostics /Users/karelbraborec/Library/Developer/Xcode/DerivedData/revmeter-hbcnswmlqmbpnlazhhkncgeowiss/Build/Intermediates.noindex/Pods.build/Debug-iphonesimulator/react-native-safe-area-context.build/Objects-normal/arm64/RNCSafeAreaViewMode.dia -c /Users/karelbraborec/rev-meter/node_modules/react-native-safe-area-context/ios/RNCSafeAreaViewMode.m -o /Users/karelbraborec/Library/Developer/Xcode/DerivedData/revmeter-hbcnswmlqmbpnlazhhkncgeowiss/Build/Intermediates.noindex/Pods.build/Debug-iphonesimulator/react-native-safe-area-context.build/Objects-normal/arm64/RNCSafeAreaViewMode.o -index-unit-output-path /Pods.build/Debug-iphonesimulator/react-native-safe-area-context.build/Objects-normal/arm64/RNCSafeAreaViewMode.o

CompileC /Users/karelbraborec/Library/Developer/Xcode/DerivedData/revmeter-hbcnswmlqmbpnlazhhkncgeowiss/Build/Intermediates.noindex/Pods.build/Debug-iphonesimulator/react-native-safe-area-context.build/Objects-normal/arm64/RNCSafeAreaViewManager.o /Users/karelbraborec/rev-meter/node_modules/react-native-safe-area-context/ios/RNCSafeAreaViewManager.m normal arm64 objective-c com.apple.compilers.llvm.clang.1_0.compiler (in target 'react-native-safe-area-context' from project 'Pods')
    cd /Users/karelbraborec/rev-meter/ios/Pods
    
    Using response file: /Users/karelbraborec/Library/Developer/Xcode/DerivedData/revmeter-hbcnswmlqmbpnlazhhkncgeowiss/Build/Intermediates.noindex/Pods.build/Debug-iphonesimulator/react-native-safe-area-context.build/Objects-normal/arm64/e6072d4f65d7061329687fe24e3d63a7-common-args.resp
    
    /Applications/Xcode.app/Contents/Developer/Toolchains/XcodeDefault.xctoolchain/usr/bin/clang -x objective-c -ivfsstatcache /Users/karelbraborec/Library/Developer/Xcode/DerivedData/SDKStatCaches.noindex/iphonesimulator26.5-23F81a-6cfe768891a92b912361537c460fe42b.sdkstatcache -target arm64-apple-ios15.1-simulator -fmessage-length\=0 -fdiagnostics-show-note-include-stack -fmacro-backtrace-limit\=0 -fno-color-diagnostics -fmodules-prune-interval\=86400 -fmodules-prune-after\=345600 -fbuild-session-file\=/Users/karelbraborec/Library/Developer/Xcode/DerivedData/ModuleCache.noindex/Session.modulevalidation -fmodules-validate-once-per-build-session -Wnon-modular-include-in-framework-module -Werror\=non-modular-include-in-framework-module -Wno-trigraphs -Wno-missing-field-initializers -Wno-missing-prototypes -Werror\=return-type -Wdocumentation -Wunreachable-code -Wno-implicit-atomic-properties -Werror\=deprecated-objc-isa-usage -Wno-objc-interface-ivars -Werror\=objc-root-class -Wno-arc-repeated-use-of-weak -Wimplicit-retain-self -Wduplicate-method-match -Wno-missing-braces -Wparentheses -Wswitch -Wunused-function -Wno-unused-label -Wno-unused-parameter -Wunused-variable -Wunused-value -Wempty-body -Wuninitialized -Wconditional-uninitialized -Wno-unknown-pragmas -Wno-shadow -Wno-four-char-constants -Wno-conversion -Wconstant-conversion -Wint-conversion -Wbool-conversion -Wenum-conversion -Wno-float-conversion -Wnon-literal-null-conversion -Wobjc-literal-conversion -Wshorten-64-to-32 -Wpointer-sign -Wno-newline-eof -Wno-selector -Wno-strict-selector-match -Wundeclared-selector -Wdeprecated-implementations -Wno-implicit-fallthrough -isysroot /Applications/Xcode.app/Contents/Developer/Platforms/iPhoneSimulator.platform/Developer/SDKs/iPhoneSimulator26.5.sdk -fstrict-aliasing -Wprotocol -Wdeprecated-declarations -Wno-sign-conversion -Winfinite-recursion -Wcomma -Wblock-capture-autoreleasing -Wstrict-prototypes -Wno-semicolon-before-method-body -Wunguarded-availability -index-store-path /Users/karelbraborec/Library/Developer/Xcode/DerivedData/revmeter-hbcnswmlqmbpnlazhhkncgeowiss/Index.noindex/DataStore @/Users/karelbraborec/Library/Developer/Xcode/DerivedData/revmeter-hbcnswmlqmbpnlazhhkncgeowiss/Build/Intermediates.noindex/Pods.build/Debug-iphonesimulator/react-native-safe-area-context.build/Objects-normal/arm64/e6072d4f65d7061329687fe24e3d63a7-common-args.resp -DRCT_NEW_ARCH_ENABLED\=1 -include /Users/karelbraborec/rev-meter/ios/Pods/Target\ Support\ Files/react-native-safe-area-context/react-native-safe-area-context-prefix.pch -MMD -MT dependencies -MF /Users/karelbraborec/Library/Developer/Xcode/DerivedData/revmeter-hbcnswmlqmbpnlazhhkncgeowiss/Build/Intermediates.noindex/Pods.build/Debug-iphonesimulator/react-native-safe-area-context.build/Objects-normal/arm64/RNCSafeAreaViewManager.d --serialize-diagnostics /Users/karelbraborec/Library/Developer/Xcode/DerivedData/revmeter-hbcnswmlqmbpnlazhhkncgeowiss/Build/Intermediates.noindex/Pods.build/Debug-iphonesimulator/react-native-safe-area-context.build/Objects-normal/arm64/RNCSafeAreaViewManager.dia -c /Users/karelbraborec/rev-meter/node_modules/react-native-safe-area-context/ios/RNCSafeAreaViewManager.m -o /Users/karelbraborec/Library/Developer/Xcode/DerivedData/revmeter-hbcnswmlqmbpnlazhhkncgeowiss/Build/Intermediates.noindex/Pods.build/Debug-iphonesimulator/react-native-safe-area-context.build/Objects-normal/arm64/RNCSafeAreaViewManager.o -index-unit-output-path /Pods.build/Debug-iphonesimulator/react-native-safe-area-context.build/Objects-normal/arm64/RNCSafeAreaViewManager.o

CompileC /Users/karelbraborec/Library/Developer/Xcode/DerivedData/revmeter-hbcnswmlqmbpnlazhhkncgeowiss/Build/Intermediates.noindex/Pods.build/Debug-iphonesimulator/react-native-safe-area-context.build/Objects-normal/arm64/RNCSafeAreaViewLocalData.o /Users/karelbraborec/rev-meter/node_modules/react-native-safe-area-context/ios/RNCSafeAreaViewLocalData.m normal arm64 objective-c com.apple.compilers.llvm.clang.1_0.compiler (in target 'react-native-safe-area-context' from project 'Pods')
    cd /Users/karelbraborec/rev-meter/ios/Pods
    
    Using response file: /Users/karelbraborec/Library/Developer/Xcode/DerivedData/revmeter-hbcnswmlqmbpnlazhhkncgeowiss/Build/Intermediates.noindex/Pods.build/Debug-iphonesimulator/react-native-safe-area-context.build/Objects-normal/arm64/e6072d4f65d7061329687fe24e3d63a7-common-args.resp
    
    /Applications/Xcode.app/Contents/Developer/Toolchains/XcodeDefault.xctoolchain/usr/bin/clang -x objective-c -ivfsstatcache /Users/karelbraborec/Library/Developer/Xcode/DerivedData/SDKStatCaches.noindex/iphonesimulator26.5-23F81a-6cfe768891a92b912361537c460fe42b.sdkstatcache -target arm64-apple-ios15.1-simulator -fmessage-length\=0 -fdiagnostics-show-note-include-stack -fmacro-backtrace-limit\=0 -fno-color-diagnostics -fmodules-prune-interval\=86400 -fmodules-prune-after\=345600 -fbuild-session-file\=/Users/karelbraborec/Library/Developer/Xcode/DerivedData/ModuleCache.noindex/Session.modulevalidation -fmodules-validate-once-per-build-session -Wnon-modular-include-in-framework-module -Werror\=non-modular-include-in-framework-module -Wno-trigraphs -Wno-missing-field-initializers -Wno-missing-prototypes -Werror\=return-type -Wdocumentation -Wunreachable-code -Wno-implicit-atomic-properties -Werror\=deprecated-objc-isa-usage -Wno-objc-interface-ivars -Werror\=objc-root-class -Wno-arc-repeated-use-of-weak -Wimplicit-retain-self -Wduplicate-method-match -Wno-missing-braces -Wparentheses -Wswitch -Wunused-function -Wno-unused-label -Wno-unused-parameter -Wunused-variable -Wunused-value -Wempty-body -Wuninitialized -Wconditional-uninitialized -Wno-unknown-pragmas -Wno-shadow -Wno-four-char-constants -Wno-conversion -Wconstant-conversion -Wint-conversion -Wbool-conversion -Wenum-conversion -Wno-float-conversion -Wnon-literal-null-conversion -Wobjc-literal-conversion -Wshorten-64-to-32 -Wpointer-sign -Wno-newline-eof -Wno-selector -Wno-strict-selector-match -Wundeclared-selector -Wdeprecated-implementations -Wno-implicit-fallthrough -isysroot /Applications/Xcode.app/Contents/Developer/Platforms/iPhoneSimulator.platform/Developer/SDKs/iPhoneSimulator26.5.sdk -fstrict-aliasing -Wprotocol -Wdeprecated-declarations -Wno-sign-conversion -Winfinite-recursion -Wcomma -Wblock-capture-autoreleasing -Wstrict-prototypes -Wno-semicolon-before-method-body -Wunguarded-availability -index-store-path /Users/karelbraborec/Library/Developer/Xcode/DerivedData/revmeter-hbcnswmlqmbpnlazhhkncgeowiss/Index.noindex/DataStore @/Users/karelbraborec/Library/Developer/Xcode/DerivedData/revmeter-hbcnswmlqmbpnlazhhkncgeowiss/Build/Intermediates.noindex/Pods.build/Debug-iphonesimulator/react-native-safe-area-context.build/Objects-normal/arm64/e6072d4f65d7061329687fe24e3d63a7-common-args.resp -DRCT_NEW_ARCH_ENABLED\=1 -include /Users/karelbraborec/rev-meter/ios/Pods/Target\ Support\ Files/react-native-safe-area-context/react-native-safe-area-context-prefix.pch -MMD -MT dependencies -MF /Users/karelbraborec/Library/Developer/Xcode/DerivedData/revmeter-hbcnswmlqmbpnlazhhkncgeowiss/Build/Intermediates.noindex/Pods.build/Debug-iphonesimulator/react-native-safe-area-context.build/Objects-normal/arm64/RNCSafeAreaViewLocalData.d --serialize-diagnostics /Users/karelbraborec/Library/Developer/Xcode/DerivedData/revmeter-hbcnswmlqmbpnlazhhkncgeowiss/Build/Intermediates.noindex/Pods.build/Debug-iphonesimulator/react-native-safe-area-context.build/Objects-normal/arm64/RNCSafeAreaViewLocalData.dia -c /Users/karelbraborec/rev-meter/node_modules/react-native-safe-area-context/ios/RNCSafeAreaViewLocalData.m -o /Users/karelbraborec/Library/Developer/Xcode/DerivedData/revmeter-hbcnswmlqmbpnlazhhkncgeowiss/Build/Intermediates.noindex/Pods.build/Debug-iphonesimulator/react-native-safe-area-context.build/Objects-normal/arm64/RNCSafeAreaViewLocalData.o -index-unit-output-path /Pods.build/Debug-iphonesimulator/react-native-safe-area-context.build/Objects-normal/arm64/RNCSafeAreaViewLocalData.o

Libtool /Users/karelbraborec/Library/Developer/Xcode/DerivedData/revmeter-hbcnswmlqmbpnlazhhkncgeowiss/Build/Intermediates.noindex/Pods.build/Debug-iphonesimulator/react-native-slider.build/Objects-normal/arm64/Binary/libreact-native-slider.a normal arm64 (in target 'react-native-slider' from project 'Pods')
    cd /Users/karelbraborec/rev-meter/ios/Pods
    /Applications/Xcode.app/Contents/Developer/Toolchains/XcodeDefault.xctoolchain/usr/bin/libtool -static -arch_only arm64 -D -syslibroot /Applications/Xcode.app/Contents/Developer/Platforms/iPhoneSimulator.platform/Developer/SDKs/iPhoneSimulator26.5.sdk -L/Users/karelbraborec/Library/Developer/Xcode/DerivedData/revmeter-hbcnswmlqmbpnlazhhkncgeowiss/Build/Products/Debug-iphonesimulator/react-native-slider -filelist /Users/karelbraborec/Library/Developer/Xcode/DerivedData/revmeter-hbcnswmlqmbpnlazhhkncgeowiss/Build/Intermediates.noindex/Pods.build/Debug-iphonesimulator/react-native-slider.build/Objects-normal/arm64/react-native-slider.LinkFileList -dependency_info /Users/karelbraborec/Library/Developer/Xcode/DerivedData/revmeter-hbcnswmlqmbpnlazhhkncgeowiss/Build/Intermediates.noindex/Pods.build/Debug-iphonesimulator/react-native-slider.build/Objects-normal/arm64/react-native-slider_libtool_dependency_info.dat -o /Users/karelbraborec/Library/Developer/Xcode/DerivedData/revmeter-hbcnswmlqmbpnlazhhkncgeowiss/Build/Intermediates.noindex/Pods.build/Debug-iphonesimulator/react-native-slider.build/Objects-normal/arm64/Binary/libreact-native-slider.a
libtool: warning: 'RNCSliderMeasurementsManager.o' has no symbols

CompileC /Users/karelbraborec/Library/Developer/Xcode/DerivedData/revmeter-hbcnswmlqmbpnlazhhkncgeowiss/Build/Intermediates.noindex/Pods.build/Debug-iphonesimulator/react-native-safe-area-context.build/Objects-normal/arm64/RNCSafeAreaViewEdges.o /Users/karelbraborec/rev-meter/node_modules/react-native-safe-area-context/ios/RNCSafeAreaViewEdges.m normal arm64 objective-c com.apple.compilers.llvm.clang.1_0.compiler (in target 'react-native-safe-area-context' from project 'Pods')
    cd /Users/karelbraborec/rev-meter/ios/Pods
    
    Using response file: /Users/karelbraborec/Library/Developer/Xcode/DerivedData/revmeter-hbcnswmlqmbpnlazhhkncgeowiss/Build/Intermediates.noindex/Pods.build/Debug-iphonesimulator/react-native-safe-area-context.build/Objects-normal/arm64/e6072d4f65d7061329687fe24e3d63a7-common-args.resp
    
    /Applications/Xcode.app/Contents/Developer/Toolchains/XcodeDefault.xctoolchain/usr/bin/clang -x objective-c -ivfsstatcache /Users/karelbraborec/Library/Developer/Xcode/DerivedData/SDKStatCaches.noindex/iphonesimulator26.5-23F81a-6cfe768891a92b912361537c460fe42b.sdkstatcache -target arm64-apple-ios15.1-simulator -fmessage-length\=0 -fdiagnostics-show-note-include-stack -fmacro-backtrace-limit\=0 -fno-color-diagnostics -fmodules-prune-interval\=86400 -fmodules-prune-after\=345600 -fbuild-session-file\=/Users/karelbraborec/Library/Developer/Xcode/DerivedData/ModuleCache.noindex/Session.modulevalidation -fmodules-validate-once-per-build-session -Wnon-modular-include-in-framework-module -Werror\=non-modular-include-in-framework-module -Wno-trigraphs -Wno-missing-field-initializers -Wno-missing-prototypes -Werror\=return-type -Wdocumentation -Wunreachable-code -Wno-implicit-atomic-properties -Werror\=deprecated-objc-isa-usage -Wno-objc-interface-ivars -Werror\=objc-root-class -Wno-arc-repeated-use-of-weak -Wimplicit-retain-self -Wduplicate-method-match -Wno-missing-braces -Wparentheses -Wswitch -Wunused-function -Wno-unused-label -Wno-unused-parameter -Wunused-variable -Wunused-value -Wempty-body -Wuninitialized -Wconditional-uninitialized -Wno-unknown-pragmas -Wno-shadow -Wno-four-char-constants -Wno-conversion -Wconstant-conversion -Wint-conversion -Wbool-conversion -Wenum-conversion -Wno-float-conversion -Wnon-literal-null-conversion -Wobjc-literal-conversion -Wshorten-64-to-32 -Wpointer-sign -Wno-newline-eof -Wno-selector -Wno-strict-selector-match -Wundeclared-selector -Wdeprecated-implementations -Wno-implicit-fallthrough -isysroot /Applications/Xcode.app/Contents/Developer/Platforms/iPhoneSimulator.platform/Developer/SDKs/iPhoneSimulator26.5.sdk -fstrict-aliasing -Wprotocol -Wdeprecated-declarations -Wno-sign-conversion -Winfinite-recursion -Wcomma -Wblock-capture-autoreleasing -Wstrict-prototypes -Wno-semicolon-before-method-body -Wunguarded-availability -index-store-path /Users/karelbraborec/Library/Developer/Xcode/DerivedData/revmeter-hbcnswmlqmbpnlazhhkncgeowiss/Index.noindex/DataStore @/Users/karelbraborec/Library/Developer/Xcode/DerivedData/revmeter-hbcnswmlqmbpnlazhhkncgeowiss/Build/Intermediates.noindex/Pods.build/Debug-iphonesimulator/react-native-safe-area-context.build/Objects-normal/arm64/e6072d4f65d7061329687fe24e3d63a7-common-args.resp -DRCT_NEW_ARCH_ENABLED\=1 -include /Users/karelbraborec/rev-meter/ios/Pods/Target\ Support\ Files/react-native-safe-area-context/react-native-safe-area-context-prefix.pch -MMD -MT dependencies -MF /Users/karelbraborec/Library/Developer/Xcode/DerivedData/revmeter-hbcnswmlqmbpnlazhhkncgeowiss/Build/Intermediates.noindex/Pods.build/Debug-iphonesimulator/react-native-safe-area-context.build/Objects-normal/arm64/RNCSafeAreaViewEdges.d --serialize-diagnostics /Users/karelbraborec/Library/Developer/Xcode/DerivedData/revmeter-hbcnswmlqmbpnlazhhkncgeowiss/Build/Intermediates.noindex/Pods.build/Debug-iphonesimulator/react-native-safe-area-context.build/Objects-normal/arm64/RNCSafeAreaViewEdges.dia -c /Users/karelbraborec/rev-meter/node_modules/react-native-safe-area-context/ios/RNCSafeAreaViewEdges.m -o /Users/karelbraborec/Library/Developer/Xcode/DerivedData/revmeter-hbcnswmlqmbpnlazhhkncgeowiss/Build/Intermediates.noindex/Pods.build/Debug-iphonesimulator/react-native-safe-area-context.build/Objects-normal/arm64/RNCSafeAreaViewEdges.o -index-unit-output-path /Pods.build/Debug-iphonesimulator/react-native-safe-area-context.build/Objects-normal/arm64/RNCSafeAreaViewEdges.o

CompileC /Users/karelbraborec/Library/Developer/Xcode/DerivedData/revmeter-hbcnswmlqmbpnlazhhkncgeowiss/Build/Intermediates.noindex/Pods.build/Debug-iphonesimulator/react-native-safe-area-context.build/Objects-normal/arm64/RNCSafeAreaViewEdgeMode.o /Users/karelbraborec/rev-meter/node_modules/react-native-safe-area-context/ios/RNCSafeAreaViewEdgeMode.m normal arm64 objective-c com.apple.compilers.llvm.clang.1_0.compiler (in target 'react-native-safe-area-context' from project 'Pods')
    cd /Users/karelbraborec/rev-meter/ios/Pods
    
    Using response file: /Users/karelbraborec/Library/Developer/Xcode/DerivedData/revmeter-hbcnswmlqmbpnlazhhkncgeowiss/Build/Intermediates.noindex/Pods.build/Debug-iphonesimulator/react-native-safe-area-context.build/Objects-normal/arm64/e6072d4f65d7061329687fe24e3d63a7-common-args.resp
    
    /Applications/Xcode.app/Contents/Developer/Toolchains/XcodeDefault.xctoolchain/usr/bin/clang -x objective-c -ivfsstatcache /Users/karelbraborec/Library/Developer/Xcode/DerivedData/SDKStatCaches.noindex/iphonesimulator26.5-23F81a-6cfe768891a92b912361537c460fe42b.sdkstatcache -target arm64-apple-ios15.1-simulator -fmessage-length\=0 -fdiagnostics-show-note-include-stack -fmacro-backtrace-limit\=0 -fno-color-diagnostics -fmodules-prune-interval\=86400 -fmodules-prune-after\=345600 -fbuild-session-file\=/Users/karelbraborec/Library/Developer/Xcode/DerivedData/ModuleCache.noindex/Session.modulevalidation -fmodules-validate-once-per-build-session -Wnon-modular-include-in-framework-module -Werror\=non-modular-include-in-framework-module -Wno-trigraphs -Wno-missing-field-initializers -Wno-missing-prototypes -Werror\=return-type -Wdocumentation -Wunreachable-code -Wno-implicit-atomic-properties -Werror\=deprecated-objc-isa-usage -Wno-objc-interface-ivars -Werror\=objc-root-class -Wno-arc-repeated-use-of-weak -Wimplicit-retain-self -Wduplicate-method-match -Wno-missing-braces -Wparentheses -Wswitch -Wunused-function -Wno-unused-label -Wno-unused-parameter -Wunused-variable -Wunused-value -Wempty-body -Wuninitialized -Wconditional-uninitialized -Wno-unknown-pragmas -Wno-shadow -Wno-four-char-constants -Wno-conversion -Wconstant-conversion -Wint-conversion -Wbool-conversion -Wenum-conversion -Wno-float-conversion -Wnon-literal-null-conversion -Wobjc-literal-conversion -Wshorten-64-to-32 -Wpointer-sign -Wno-newline-eof -Wno-selector -Wno-strict-selector-match -Wundeclared-selector -Wdeprecated-implementations -Wno-implicit-fallthrough -isysroot /Applications/Xcode.app/Contents/Developer/Platforms/iPhoneSimulator.platform/Developer/SDKs/iPhoneSimulator26.5.sdk -fstrict-aliasing -Wprotocol -Wdeprecated-declarations -Wno-sign-conversion -Winfinite-recursion -Wcomma -Wblock-capture-autoreleasing -Wstrict-prototypes -Wno-semicolon-before-method-body -Wunguarded-availability -index-store-path /Users/karelbraborec/Library/Developer/Xcode/DerivedData/revmeter-hbcnswmlqmbpnlazhhkncgeowiss/Index.noindex/DataStore @/Users/karelbraborec/Library/Developer/Xcode/DerivedData/revmeter-hbcnswmlqmbpnlazhhkncgeowiss/Build/Intermediates.noindex/Pods.build/Debug-iphonesimulator/react-native-safe-area-context.build/Objects-normal/arm64/e6072d4f65d7061329687fe24e3d63a7-common-args.resp -DRCT_NEW_ARCH_ENABLED\=1 -include /Users/karelbraborec/rev-meter/ios/Pods/Target\ Support\ Files/react-native-safe-area-context/react-native-safe-area-context-prefix.pch -MMD -MT dependencies -MF /Users/karelbraborec/Library/Developer/Xcode/DerivedData/revmeter-hbcnswmlqmbpnlazhhkncgeowiss/Build/Intermediates.noindex/Pods.build/Debug-iphonesimulator/react-native-safe-area-context.build/Objects-normal/arm64/RNCSafeAreaViewEdgeMode.d --serialize-diagnostics /Users/karelbraborec/Library/Developer/Xcode/DerivedData/revmeter-hbcnswmlqmbpnlazhhkncgeowiss/Build/Intermediates.noindex/Pods.build/Debug-iphonesimulator/react-native-safe-area-context.build/Objects-normal/arm64/RNCSafeAreaViewEdgeMode.dia -c /Users/karelbraborec/rev-meter/node_modules/react-native-safe-area-context/ios/RNCSafeAreaViewEdgeMode.m -o /Users/karelbraborec/Library/Developer/Xcode/DerivedData/revmeter-hbcnswmlqmbpnlazhhkncgeowiss/Build/Intermediates.noindex/Pods.build/Debug-iphonesimulator/react-native-safe-area-context.build/Objects-normal/arm64/RNCSafeAreaViewEdgeMode.o -index-unit-output-path /Pods.build/Debug-iphonesimulator/react-native-safe-area-context.build/Objects-normal/arm64/RNCSafeAreaViewEdgeMode.o

CreateUniversalBinary /Users/karelbraborec/Library/Developer/Xcode/DerivedData/revmeter-hbcnswmlqmbpnlazhhkncgeowiss/Build/Products/Debug-iphonesimulator/react-native-slider/libreact-native-slider.a normal arm64\ x86_64 (in target 'react-native-slider' from project 'Pods')
    cd /Users/karelbraborec/rev-meter/ios/Pods
    /Applications/Xcode.app/Contents/Developer/Toolchains/XcodeDefault.xctoolchain/usr/bin/lipo -create /Users/karelbraborec/Library/Developer/Xcode/DerivedData/revmeter-hbcnswmlqmbpnlazhhkncgeowiss/Build/Intermediates.noindex/Pods.build/Debug-iphonesimulator/react-native-slider.build/Objects-normal/arm64/Binary/libreact-native-slider.a /Users/karelbraborec/Library/Developer/Xcode/DerivedData/revmeter-hbcnswmlqmbpnlazhhkncgeowiss/Build/Intermediates.noindex/Pods.build/Debug-iphonesimulator/react-native-slider.build/Objects-normal/x86_64/Binary/libreact-native-slider.a -output /Users/karelbraborec/Library/Developer/Xcode/DerivedData/revmeter-hbcnswmlqmbpnlazhhkncgeowiss/Build/Products/Debug-iphonesimulator/react-native-slider/libreact-native-slider.a

CompileC /Users/karelbraborec/Library/Developer/Xcode/DerivedData/revmeter-hbcnswmlqmbpnlazhhkncgeowiss/Build/Intermediates.noindex/Pods.build/Debug-iphonesimulator/react-native-safe-area-context.build/Objects-normal/arm64/RNCSafeAreaView.o /Users/karelbraborec/rev-meter/node_modules/react-native-safe-area-context/ios/RNCSafeAreaView.m normal arm64 objective-c com.apple.compilers.llvm.clang.1_0.compiler (in target 'react-native-safe-area-context' from project 'Pods')
    cd /Users/karelbraborec/rev-meter/ios/Pods
    
    Using response file: /Users/karelbraborec/Library/Developer/Xcode/DerivedData/revmeter-hbcnswmlqmbpnlazhhkncgeowiss/Build/Intermediates.noindex/Pods.build/Debug-iphonesimulator/react-native-safe-area-context.build/Objects-normal/arm64/e6072d4f65d7061329687fe24e3d63a7-common-args.resp
    
    /Applications/Xcode.app/Contents/Developer/Toolchains/XcodeDefault.xctoolchain/usr/bin/clang -x objective-c -ivfsstatcache /Users/karelbraborec/Library/Developer/Xcode/DerivedData/SDKStatCaches.noindex/iphonesimulator26.5-23F81a-6cfe768891a92b912361537c460fe42b.sdkstatcache -target arm64-apple-ios15.1-simulator -fmessage-length\=0 -fdiagnostics-show-note-include-stack -fmacro-backtrace-limit\=0 -fno-color-diagnostics -fmodules-prune-interval\=86400 -fmodules-prune-after\=345600 -fbuild-session-file\=/Users/karelbraborec/Library/Developer/Xcode/DerivedData/ModuleCache.noindex/Session.modulevalidation -fmodules-validate-once-per-build-session -Wnon-modular-include-in-framework-module -Werror\=non-modular-include-in-framework-module -Wno-trigraphs -Wno-missing-field-initializers -Wno-missing-prototypes -Werror\=return-type -Wdocumentation -Wunreachable-code -Wno-implicit-atomic-properties -Werror\=deprecated-objc-isa-usage -Wno-objc-interface-ivars -Werror\=objc-root-class -Wno-arc-repeated-use-of-weak -Wimplicit-retain-self -Wduplicate-method-match -Wno-missing-braces -Wparentheses -Wswitch -Wunused-function -Wno-unused-label -Wno-unused-parameter -Wunused-variable -Wunused-value -Wempty-body -Wuninitialized -Wconditional-uninitialized -Wno-unknown-pragmas -Wno-shadow -Wno-four-char-constants -Wno-conversion -Wconstant-conversion -Wint-conversion -Wbool-conversion -Wenum-conversion -Wno-float-conversion -Wnon-literal-null-conversion -Wobjc-literal-conversion -Wshorten-64-to-32 -Wpointer-sign -Wno-newline-eof -Wno-selector -Wno-strict-selector-match -Wundeclared-selector -Wdeprecated-implementations -Wno-implicit-fallthrough -isysroot /Applications/Xcode.app/Contents/Developer/Platforms/iPhoneSimulator.platform/Developer/SDKs/iPhoneSimulator26.5.sdk -fstrict-aliasing -Wprotocol -Wdeprecated-declarations -Wno-sign-conversion -Winfinite-recursion -Wcomma -Wblock-capture-autoreleasing -Wstrict-prototypes -Wno-semicolon-before-method-body -Wunguarded-availability -index-store-path /Users/karelbraborec/Library/Developer/Xcode/DerivedData/revmeter-hbcnswmlqmbpnlazhhkncgeowiss/Index.noindex/DataStore @/Users/karelbraborec/Library/Developer/Xcode/DerivedData/revmeter-hbcnswmlqmbpnlazhhkncgeowiss/Build/Intermediates.noindex/Pods.build/Debug-iphonesimulator/react-native-safe-area-context.build/Objects-normal/arm64/e6072d4f65d7061329687fe24e3d63a7-common-args.resp -DRCT_NEW_ARCH_ENABLED\=1 -include /Users/karelbraborec/rev-meter/ios/Pods/Target\ Support\ Files/react-native-safe-area-context/react-native-safe-area-context-prefix.pch -MMD -MT dependencies -MF /Users/karelbraborec/Library/Developer/Xcode/DerivedData/revmeter-hbcnswmlqmbpnlazhhkncgeowiss/Build/Intermediates.noindex/Pods.build/Debug-iphonesimulator/react-native-safe-area-context.build/Objects-normal/arm64/RNCSafeAreaView.d --serialize-diagnostics /Users/karelbraborec/Library/Developer/Xcode/DerivedData/revmeter-hbcnswmlqmbpnlazhhkncgeowiss/Build/Intermediates.noindex/Pods.build/Debug-iphonesimulator/react-native-safe-area-context.build/Objects-normal/arm64/RNCSafeAreaView.dia -c /Users/karelbraborec/rev-meter/node_modules/react-native-safe-area-context/ios/RNCSafeAreaView.m -o /Users/karelbraborec/Library/Developer/Xcode/DerivedData/revmeter-hbcnswmlqmbpnlazhhkncgeowiss/Build/Intermediates.noindex/Pods.build/Debug-iphonesimulator/react-native-safe-area-context.build/Objects-normal/arm64/RNCSafeAreaView.o -index-unit-output-path /Pods.build/Debug-iphonesimulator/react-native-safe-area-context.build/Objects-normal/arm64/RNCSafeAreaView.o

CompileC /Users/karelbraborec/Library/Developer/Xcode/DerivedData/revmeter-hbcnswmlqmbpnlazhhkncgeowiss/Build/Intermediates.noindex/Pods.build/Debug-iphonesimulator/react-native-safe-area-context.build/Objects-normal/arm64/RNCSafeAreaUtils.o /Users/karelbraborec/rev-meter/node_modules/react-native-safe-area-context/ios/RNCSafeAreaUtils.m normal arm64 objective-c com.apple.compilers.llvm.clang.1_0.compiler (in target 'react-native-safe-area-context' from project 'Pods')
    cd /Users/karelbraborec/rev-meter/ios/Pods
    
    Using response file: /Users/karelbraborec/Library/Developer/Xcode/DerivedData/revmeter-hbcnswmlqmbpnlazhhkncgeowiss/Build/Intermediates.noindex/Pods.build/Debug-iphonesimulator/react-native-safe-area-context.build/Objects-normal/arm64/e6072d4f65d7061329687fe24e3d63a7-common-args.resp
    
    /Applications/Xcode.app/Contents/Developer/Toolchains/XcodeDefault.xctoolchain/usr/bin/clang -x objective-c -ivfsstatcache /Users/karelbraborec/Library/Developer/Xcode/DerivedData/SDKStatCaches.noindex/iphonesimulator26.5-23F81a-6cfe768891a92b912361537c460fe42b.sdkstatcache -target arm64-apple-ios15.1-simulator -fmessage-length\=0 -fdiagnostics-show-note-include-stack -fmacro-backtrace-limit\=0 -fno-color-diagnostics -fmodules-prune-interval\=86400 -fmodules-prune-after\=345600 -fbuild-session-file\=/Users/karelbraborec/Library/Developer/Xcode/DerivedData/ModuleCache.noindex/Session.modulevalidation -fmodules-validate-once-per-build-session -Wnon-modular-include-in-framework-module -Werror\=non-modular-include-in-framework-module -Wno-trigraphs -Wno-missing-field-initializers -Wno-missing-prototypes -Werror\=return-type -Wdocumentation -Wunreachable-code -Wno-implicit-atomic-properties -Werror\=deprecated-objc-isa-usage -Wno-objc-interface-ivars -Werror\=objc-root-class -Wno-arc-repeated-use-of-weak -Wimplicit-retain-self -Wduplicate-method-match -Wno-missing-braces -Wparentheses -Wswitch -Wunused-function -Wno-unused-label -Wno-unused-parameter -Wunused-variable -Wunused-value -Wempty-body -Wuninitialized -Wconditional-uninitialized -Wno-unknown-pragmas -Wno-shadow -Wno-four-char-constants -Wno-conversion -Wconstant-conversion -Wint-conversion -Wbool-conversion -Wenum-conversion -Wno-float-conversion -Wnon-literal-null-conversion -Wobjc-literal-conversion -Wshorten-64-to-32 -Wpointer-sign -Wno-newline-eof -Wno-selector -Wno-strict-selector-match -Wundeclared-selector -Wdeprecated-implementations -Wno-implicit-fallthrough -isysroot /Applications/Xcode.app/Contents/Developer/Platforms/iPhoneSimulator.platform/Developer/SDKs/iPhoneSimulator26.5.sdk -fstrict-aliasing -Wprotocol -Wdeprecated-declarations -Wno-sign-conversion -Winfinite-recursion -Wcomma -Wblock-capture-autoreleasing -Wstrict-prototypes -Wno-semicolon-before-method-body -Wunguarded-availability -index-store-path /Users/karelbraborec/Library/Developer/Xcode/DerivedData/revmeter-hbcnswmlqmbpnlazhhkncgeowiss/Index.noindex/DataStore @/Users/karelbraborec/Library/Developer/Xcode/DerivedData/revmeter-hbcnswmlqmbpnlazhhkncgeowiss/Build/Intermediates.noindex/Pods.build/Debug-iphonesimulator/react-native-safe-area-context.build/Objects-normal/arm64/e6072d4f65d7061329687fe24e3d63a7-common-args.resp -DRCT_NEW_ARCH_ENABLED\=1 -include /Users/karelbraborec/rev-meter/ios/Pods/Target\ Support\ Files/react-native-safe-area-context/react-native-safe-area-context-prefix.pch -MMD -MT dependencies -MF /Users/karelbraborec/Library/Developer/Xcode/DerivedData/revmeter-hbcnswmlqmbpnlazhhkncgeowiss/Build/Intermediates.noindex/Pods.build/Debug-iphonesimulator/react-native-safe-area-context.build/Objects-normal/arm64/RNCSafeAreaUtils.d --serialize-diagnostics /Users/karelbraborec/Library/Developer/Xcode/DerivedData/revmeter-hbcnswmlqmbpnlazhhkncgeowiss/Build/Intermediates.noindex/Pods.build/Debug-iphonesimulator/react-native-safe-area-context.build/Objects-normal/arm64/RNCSafeAreaUtils.dia -c /Users/karelbraborec/rev-meter/node_modules/react-native-safe-area-context/ios/RNCSafeAreaUtils.m -o /Users/karelbraborec/Library/Developer/Xcode/DerivedData/revmeter-hbcnswmlqmbpnlazhhkncgeowiss/Build/Intermediates.noindex/Pods.build/Debug-iphonesimulator/react-native-safe-area-context.build/Objects-normal/arm64/RNCSafeAreaUtils.o -index-unit-output-path /Pods.build/Debug-iphonesimulator/react-native-safe-area-context.build/Objects-normal/arm64/RNCSafeAreaUtils.o

CompileC /Users/karelbraborec/Library/Developer/Xcode/DerivedData/revmeter-hbcnswmlqmbpnlazhhkncgeowiss/Build/Intermediates.noindex/Pods.build/Debug-iphonesimulator/react-native-safe-area-context.build/Objects-normal/arm64/RNCSafeAreaShadowView.o /Users/karelbraborec/rev-meter/node_modules/react-native-safe-area-context/ios/RNCSafeAreaShadowView.m normal arm64 objective-c com.apple.compilers.llvm.clang.1_0.compiler (in target 'react-native-safe-area-context' from project 'Pods')
    cd /Users/karelbraborec/rev-meter/ios/Pods
    
    Using response file: /Users/karelbraborec/Library/Developer/Xcode/DerivedData/revmeter-hbcnswmlqmbpnlazhhkncgeowiss/Build/Intermediates.noindex/Pods.build/Debug-iphonesimulator/react-native-safe-area-context.build/Objects-normal/arm64/e6072d4f65d7061329687fe24e3d63a7-common-args.resp
    
    /Applications/Xcode.app/Contents/Developer/Toolchains/XcodeDefault.xctoolchain/usr/bin/clang -x objective-c -ivfsstatcache /Users/karelbraborec/Library/Developer/Xcode/DerivedData/SDKStatCaches.noindex/iphonesimulator26.5-23F81a-6cfe768891a92b912361537c460fe42b.sdkstatcache -target arm64-apple-ios15.1-simulator -fmessage-length\=0 -fdiagnostics-show-note-include-stack -fmacro-backtrace-limit\=0 -fno-color-diagnostics -fmodules-prune-interval\=86400 -fmodules-prune-after\=345600 -fbuild-session-file\=/Users/karelbraborec/Library/Developer/Xcode/DerivedData/ModuleCache.noindex/Session.modulevalidation -fmodules-validate-once-per-build-session -Wnon-modular-include-in-framework-module -Werror\=non-modular-include-in-framework-module -Wno-trigraphs -Wno-missing-field-initializers -Wno-missing-prototypes -Werror\=return-type -Wdocumentation -Wunreachable-code -Wno-implicit-atomic-properties -Werror\=deprecated-objc-isa-usage -Wno-objc-interface-ivars -Werror\=objc-root-class -Wno-arc-repeated-use-of-weak -Wimplicit-retain-self -Wduplicate-method-match -Wno-missing-braces -Wparentheses -Wswitch -Wunused-function -Wno-unused-label -Wno-unused-parameter -Wunused-variable -Wunused-value -Wempty-body -Wuninitialized -Wconditional-uninitialized -Wno-unknown-pragmas -Wno-shadow -Wno-four-char-constants -Wno-conversion -Wconstant-conversion -Wint-conversion -Wbool-conversion -Wenum-conversion -Wno-float-conversion -Wnon-literal-null-conversion -Wobjc-literal-conversion -Wshorten-64-to-32 -Wpointer-sign -Wno-newline-eof -Wno-selector -Wno-strict-selector-match -Wundeclared-selector -Wdeprecated-implementations -Wno-implicit-fallthrough -isysroot /Applications/Xcode.app/Contents/Developer/Platforms/iPhoneSimulator.platform/Developer/SDKs/iPhoneSimulator26.5.sdk -fstrict-aliasing -Wprotocol -Wdeprecated-declarations -Wno-sign-conversion -Winfinite-recursion -Wcomma -Wblock-capture-autoreleasing -Wstrict-prototypes -Wno-semicolon-before-method-body -Wunguarded-availability -index-store-path /Users/karelbraborec/Library/Developer/Xcode/DerivedData/revmeter-hbcnswmlqmbpnlazhhkncgeowiss/Index.noindex/DataStore @/Users/karelbraborec/Library/Developer/Xcode/DerivedData/revmeter-hbcnswmlqmbpnlazhhkncgeowiss/Build/Intermediates.noindex/Pods.build/Debug-iphonesimulator/react-native-safe-area-context.build/Objects-normal/arm64/e6072d4f65d7061329687fe24e3d63a7-common-args.resp -DRCT_NEW_ARCH_ENABLED\=1 -include /Users/karelbraborec/rev-meter/ios/Pods/Target\ Support\ Files/react-native-safe-area-context/react-native-safe-area-context-prefix.pch -MMD -MT dependencies -MF /Users/karelbraborec/Library/Developer/Xcode/DerivedData/revmeter-hbcnswmlqmbpnlazhhkncgeowiss/Build/Intermediates.noindex/Pods.build/Debug-iphonesimulator/react-native-safe-area-context.build/Objects-normal/arm64/RNCSafeAreaShadowView.d --serialize-diagnostics /Users/karelbraborec/Library/Developer/Xcode/DerivedData/revmeter-hbcnswmlqmbpnlazhhkncgeowiss/Build/Intermediates.noindex/Pods.build/Debug-iphonesimulator/react-native-safe-area-context.build/Objects-normal/arm64/RNCSafeAreaShadowView.dia -c /Users/karelbraborec/rev-meter/node_modules/react-native-safe-area-context/ios/RNCSafeAreaShadowView.m -o /Users/karelbraborec/Library/Developer/Xcode/DerivedData/revmeter-hbcnswmlqmbpnlazhhkncgeowiss/Build/Intermediates.noindex/Pods.build/Debug-iphonesimulator/react-native-safe-area-context.build/Objects-normal/arm64/RNCSafeAreaShadowView.o -index-unit-output-path /Pods.build/Debug-iphonesimulator/react-native-safe-area-context.build/Objects-normal/arm64/RNCSafeAreaShadowView.o

CompileC /Users/karelbraborec/Library/Developer/Xcode/DerivedData/revmeter-hbcnswmlqmbpnlazhhkncgeowiss/Build/Intermediates.noindex/Pods.build/Debug-iphonesimulator/react-native-safe-area-context.build/Objects-normal/arm64/RNCSafeAreaProviderManager.o /Users/karelbraborec/rev-meter/node_modules/react-native-safe-area-context/ios/RNCSafeAreaProviderManager.m normal arm64 objective-c com.apple.compilers.llvm.clang.1_0.compiler (in target 'react-native-safe-area-context' from project 'Pods')
    cd /Users/karelbraborec/rev-meter/ios/Pods
    
    Using response file: /Users/karelbraborec/Library/Developer/Xcode/DerivedData/revmeter-hbcnswmlqmbpnlazhhkncgeowiss/Build/Intermediates.noindex/Pods.build/Debug-iphonesimulator/react-native-safe-area-context.build/Objects-normal/arm64/e6072d4f65d7061329687fe24e3d63a7-common-args.resp
    
    /Applications/Xcode.app/Contents/Developer/Toolchains/XcodeDefault.xctoolchain/usr/bin/clang -x objective-c -ivfsstatcache /Users/karelbraborec/Library/Developer/Xcode/DerivedData/SDKStatCaches.noindex/iphonesimulator26.5-23F81a-6cfe768891a92b912361537c460fe42b.sdkstatcache -target arm64-apple-ios15.1-simulator -fmessage-length\=0 -fdiagnostics-show-note-include-stack -fmacro-backtrace-limit\=0 -fno-color-diagnostics -fmodules-prune-interval\=86400 -fmodules-prune-after\=345600 -fbuild-session-file\=/Users/karelbraborec/Library/Developer/Xcode/DerivedData/ModuleCache.noindex/Session.modulevalidation -fmodules-validate-once-per-build-session -Wnon-modular-include-in-framework-module -Werror\=non-modular-include-in-framework-module -Wno-trigraphs -Wno-missing-field-initializers -Wno-missing-prototypes -Werror\=return-type -Wdocumentation -Wunreachable-code -Wno-implicit-atomic-properties -Werror\=deprecated-objc-isa-usage -Wno-objc-interface-ivars -Werror\=objc-root-class -Wno-arc-repeated-use-of-weak -Wimplicit-retain-self -Wduplicate-method-match -Wno-missing-braces -Wparentheses -Wswitch -Wunused-function -Wno-unused-label -Wno-unused-parameter -Wunused-variable -Wunused-value -Wempty-body -Wuninitialized -Wconditional-uninitialized -Wno-unknown-pragmas -Wno-shadow -Wno-four-char-constants -Wno-conversion -Wconstant-conversion -Wint-conversion -Wbool-conversion -Wenum-conversion -Wno-float-conversion -Wnon-literal-null-conversion -Wobjc-literal-conversion -Wshorten-64-to-32 -Wpointer-sign -Wno-newline-eof -Wno-selector -Wno-strict-selector-match -Wundeclared-selector -Wdeprecated-implementations -Wno-implicit-fallthrough -isysroot /Applications/Xcode.app/Contents/Developer/Platforms/iPhoneSimulator.platform/Developer/SDKs/iPhoneSimulator26.5.sdk -fstrict-aliasing -Wprotocol -Wdeprecated-declarations -Wno-sign-conversion -Winfinite-recursion -Wcomma -Wblock-capture-autoreleasing -Wstrict-prototypes -Wno-semicolon-before-method-body -Wunguarded-availability -index-store-path /Users/karelbraborec/Library/Developer/Xcode/DerivedData/revmeter-hbcnswmlqmbpnlazhhkncgeowiss/Index.noindex/DataStore @/Users/karelbraborec/Library/Developer/Xcode/DerivedData/revmeter-hbcnswmlqmbpnlazhhkncgeowiss/Build/Intermediates.noindex/Pods.build/Debug-iphonesimulator/react-native-safe-area-context.build/Objects-normal/arm64/e6072d4f65d7061329687fe24e3d63a7-common-args.resp -DRCT_NEW_ARCH_ENABLED\=1 -include /Users/karelbraborec/rev-meter/ios/Pods/Target\ Support\ Files/react-native-safe-area-context/react-native-safe-area-context-prefix.pch -MMD -MT dependencies -MF /Users/karelbraborec/Library/Developer/Xcode/DerivedData/revmeter-hbcnswmlqmbpnlazhhkncgeowiss/Build/Intermediates.noindex/Pods.build/Debug-iphonesimulator/react-native-safe-area-context.build/Objects-normal/arm64/RNCSafeAreaProviderManager.d --serialize-diagnostics /Users/karelbraborec/Library/Developer/Xcode/DerivedData/revmeter-hbcnswmlqmbpnlazhhkncgeowiss/Build/Intermediates.noindex/Pods.build/Debug-iphonesimulator/react-native-safe-area-context.build/Objects-normal/arm64/RNCSafeAreaProviderManager.dia -c /Users/karelbraborec/rev-meter/node_modules/react-native-safe-area-context/ios/RNCSafeAreaProviderManager.m -o /Users/karelbraborec/Library/Developer/Xcode/DerivedData/revmeter-hbcnswmlqmbpnlazhhkncgeowiss/Build/Intermediates.noindex/Pods.build/Debug-iphonesimulator/react-native-safe-area-context.build/Objects-normal/arm64/RNCSafeAreaProviderManager.o -index-unit-output-path /Pods.build/Debug-iphonesimulator/react-native-safe-area-context.build/Objects-normal/arm64/RNCSafeAreaProviderManager.o

CompileC /Users/karelbraborec/Library/Developer/Xcode/DerivedData/revmeter-hbcnswmlqmbpnlazhhkncgeowiss/Build/Intermediates.noindex/Pods.build/Debug-iphonesimulator/react-native-safe-area-context.build/Objects-normal/arm64/RNCSafeAreaProvider.o /Users/karelbraborec/rev-meter/node_modules/react-native-safe-area-context/ios/RNCSafeAreaProvider.m normal arm64 objective-c com.apple.compilers.llvm.clang.1_0.compiler (in target 'react-native-safe-area-context' from project 'Pods')
    cd /Users/karelbraborec/rev-meter/ios/Pods
    
    Using response file: /Users/karelbraborec/Library/Developer/Xcode/DerivedData/revmeter-hbcnswmlqmbpnlazhhkncgeowiss/Build/Intermediates.noindex/Pods.build/Debug-iphonesimulator/react-native-safe-area-context.build/Objects-normal/arm64/e6072d4f65d7061329687fe24e3d63a7-common-args.resp
    
    /Applications/Xcode.app/Contents/Developer/Toolchains/XcodeDefault.xctoolchain/usr/bin/clang -x objective-c -ivfsstatcache /Users/karelbraborec/Library/Developer/Xcode/DerivedData/SDKStatCaches.noindex/iphonesimulator26.5-23F81a-6cfe768891a92b912361537c460fe42b.sdkstatcache -target arm64-apple-ios15.1-simulator -fmessage-length\=0 -fdiagnostics-show-note-include-stack -fmacro-backtrace-limit\=0 -fno-color-diagnostics -fmodules-prune-interval\=86400 -fmodules-prune-after\=345600 -fbuild-session-file\=/Users/karelbraborec/Library/Developer/Xcode/DerivedData/ModuleCache.noindex/Session.modulevalidation -fmodules-validate-once-per-build-session -Wnon-modular-include-in-framework-module -Werror\=non-modular-include-in-framework-module -Wno-trigraphs -Wno-missing-field-initializers -Wno-missing-prototypes -Werror\=return-type -Wdocumentation -Wunreachable-code -Wno-implicit-atomic-properties -Werror\=deprecated-objc-isa-usage -Wno-objc-interface-ivars -Werror\=objc-root-class -Wno-arc-repeated-use-of-weak -Wimplicit-retain-self -Wduplicate-method-match -Wno-missing-braces -Wparentheses -Wswitch -Wunused-function -Wno-unused-label -Wno-unused-parameter -Wunused-variable -Wunused-value -Wempty-body -Wuninitialized -Wconditional-uninitialized -Wno-unknown-pragmas -Wno-shadow -Wno-four-char-constants -Wno-conversion -Wconstant-conversion -Wint-conversion -Wbool-conversion -Wenum-conversion -Wno-float-conversion -Wnon-literal-null-conversion -Wobjc-literal-conversion -Wshorten-64-to-32 -Wpointer-sign -Wno-newline-eof -Wno-selector -Wno-strict-selector-match -Wundeclared-selector -Wdeprecated-implementations -Wno-implicit-fallthrough -isysroot /Applications/Xcode.app/Contents/Developer/Platforms/iPhoneSimulator.platform/Developer/SDKs/iPhoneSimulator26.5.sdk -fstrict-aliasing -Wprotocol -Wdeprecated-declarations -Wno-sign-conversion -Winfinite-recursion -Wcomma -Wblock-capture-autoreleasing -Wstrict-prototypes -Wno-semicolon-before-method-body -Wunguarded-availability -index-store-path /Users/karelbraborec/Library/Developer/Xcode/DerivedData/revmeter-hbcnswmlqmbpnlazhhkncgeowiss/Index.noindex/DataStore @/Users/karelbraborec/Library/Developer/Xcode/DerivedData/revmeter-hbcnswmlqmbpnlazhhkncgeowiss/Build/Intermediates.noindex/Pods.build/Debug-iphonesimulator/react-native-safe-area-context.build/Objects-normal/arm64/e6072d4f65d7061329687fe24e3d63a7-common-args.resp -DRCT_NEW_ARCH_ENABLED\=1 -include /Users/karelbraborec/rev-meter/ios/Pods/Target\ Support\ Files/react-native-safe-area-context/react-native-safe-area-context-prefix.pch -MMD -MT dependencies -MF /Users/karelbraborec/Library/Developer/Xcode/DerivedData/revmeter-hbcnswmlqmbpnlazhhkncgeowiss/Build/Intermediates.noindex/Pods.build/Debug-iphonesimulator/react-native-safe-area-context.build/Objects-normal/arm64/RNCSafeAreaProvider.d --serialize-diagnostics /Users/karelbraborec/Library/Developer/Xcode/DerivedData/revmeter-hbcnswmlqmbpnlazhhkncgeowiss/Build/Intermediates.noindex/Pods.build/Debug-iphonesimulator/react-native-safe-area-context.build/Objects-normal/arm64/RNCSafeAreaProvider.dia -c /Users/karelbraborec/rev-meter/node_modules/react-native-safe-area-context/ios/RNCSafeAreaProvider.m -o /Users/karelbraborec/Library/Developer/Xcode/DerivedData/revmeter-hbcnswmlqmbpnlazhhkncgeowiss/Build/Intermediates.noindex/Pods.build/Debug-iphonesimulator/react-native-safe-area-context.build/Objects-normal/arm64/RNCSafeAreaProvider.o -index-unit-output-path /Pods.build/Debug-iphonesimulator/react-native-safe-area-context.build/Objects-normal/arm64/RNCSafeAreaProvider.o

CompileC /Users/karelbraborec/Library/Developer/Xcode/DerivedData/revmeter-hbcnswmlqmbpnlazhhkncgeowiss/Build/Intermediates.noindex/Pods.build/Debug-iphonesimulator/react-native-safe-area-context.build/Objects-normal/arm64/RNCOnInsetsChangeEvent.o /Users/karelbraborec/rev-meter/node_modules/react-native-safe-area-context/ios/RNCOnInsetsChangeEvent.m normal arm64 objective-c com.apple.compilers.llvm.clang.1_0.compiler (in target 'react-native-safe-area-context' from project 'Pods')
    cd /Users/karelbraborec/rev-meter/ios/Pods
    
    Using response file: /Users/karelbraborec/Library/Developer/Xcode/DerivedData/revmeter-hbcnswmlqmbpnlazhhkncgeowiss/Build/Intermediates.noindex/Pods.build/Debug-iphonesimulator/react-native-safe-area-context.build/Objects-normal/arm64/e6072d4f65d7061329687fe24e3d63a7-common-args.resp
    
    /Applications/Xcode.app/Contents/Developer/Toolchains/XcodeDefault.xctoolchain/usr/bin/clang -x objective-c -ivfsstatcache /Users/karelbraborec/Library/Developer/Xcode/DerivedData/SDKStatCaches.noindex/iphonesimulator26.5-23F81a-6cfe768891a92b912361537c460fe42b.sdkstatcache -target arm64-apple-ios15.1-simulator -fmessage-length\=0 -fdiagnostics-show-note-include-stack -fmacro-backtrace-limit\=0 -fno-color-diagnostics -fmodules-prune-interval\=86400 -fmodules-prune-after\=345600 -fbuild-session-file\=/Users/karelbraborec/Library/Developer/Xcode/DerivedData/ModuleCache.noindex/Session.modulevalidation -fmodules-validate-once-per-build-session -Wnon-modular-include-in-framework-module -Werror\=non-modular-include-in-framework-module -Wno-trigraphs -Wno-missing-field-initializers -Wno-missing-prototypes -Werror\=return-type -Wdocumentation -Wunreachable-code -Wno-implicit-atomic-properties -Werror\=deprecated-objc-isa-usage -Wno-objc-interface-ivars -Werror\=objc-root-class -Wno-arc-repeated-use-of-weak -Wimplicit-retain-self -Wduplicate-method-match -Wno-missing-braces -Wparentheses -Wswitch -Wunused-function -Wno-unused-label -Wno-unused-parameter -Wunused-variable -Wunused-value -Wempty-body -Wuninitialized -Wconditional-uninitialized -Wno-unknown-pragmas -Wno-shadow -Wno-four-char-constants -Wno-conversion -Wconstant-conversion -Wint-conversion -Wbool-conversion -Wenum-conversion -Wno-float-conversion -Wnon-literal-null-conversion -Wobjc-literal-conversion -Wshorten-64-to-32 -Wpointer-sign -Wno-newline-eof -Wno-selector -Wno-strict-selector-match -Wundeclared-selector -Wdeprecated-implementations -Wno-implicit-fallthrough -isysroot /Applications/Xcode.app/Contents/Developer/Platforms/iPhoneSimulator.platform/Developer/SDKs/iPhoneSimulator26.5.sdk -fstrict-aliasing -Wprotocol -Wdeprecated-declarations -Wno-sign-conversion -Winfinite-recursion -Wcomma -Wblock-capture-autoreleasing -Wstrict-prototypes -Wno-semicolon-before-method-body -Wunguarded-availability -index-store-path /Users/karelbraborec/Library/Developer/Xcode/DerivedData/revmeter-hbcnswmlqmbpnlazhhkncgeowiss/Index.noindex/DataStore @/Users/karelbraborec/Library/Developer/Xcode/DerivedData/revmeter-hbcnswmlqmbpnlazhhkncgeowiss/Build/Intermediates.noindex/Pods.build/Debug-iphonesimulator/react-native-safe-area-context.build/Objects-normal/arm64/e6072d4f65d7061329687fe24e3d63a7-common-args.resp -DRCT_NEW_ARCH_ENABLED\=1 -include /Users/karelbraborec/rev-meter/ios/Pods/Target\ Support\ Files/react-native-safe-area-context/react-native-safe-area-context-prefix.pch -MMD -MT dependencies -MF /Users/karelbraborec/Library/Developer/Xcode/DerivedData/revmeter-hbcnswmlqmbpnlazhhkncgeowiss/Build/Intermediates.noindex/Pods.build/Debug-iphonesimulator/react-native-safe-area-context.build/Objects-normal/arm64/RNCOnInsetsChangeEvent.d --serialize-diagnostics /Users/karelbraborec/Library/Developer/Xcode/DerivedData/revmeter-hbcnswmlqmbpnlazhhkncgeowiss/Build/Intermediates.noindex/Pods.build/Debug-iphonesimulator/react-native-safe-area-context.build/Objects-normal/arm64/RNCOnInsetsChangeEvent.dia -c /Users/karelbraborec/rev-meter/node_modules/react-native-safe-area-context/ios/RNCOnInsetsChangeEvent.m -o /Users/karelbraborec/Library/Developer/Xcode/DerivedData/revmeter-hbcnswmlqmbpnlazhhkncgeowiss/Build/Intermediates.noindex/Pods.build/Debug-iphonesimulator/react-native-safe-area-context.build/Objects-normal/arm64/RNCOnInsetsChangeEvent.o -index-unit-output-path /Pods.build/Debug-iphonesimulator/react-native-safe-area-context.build/Objects-normal/arm64/RNCOnInsetsChangeEvent.o

PrecompileModule /Users/karelbraborec/Library/Developer/Xcode/DerivedData/revmeter-hbcnswmlqmbpnlazhhkncgeowiss/Build/Intermediates.noindex/ExplicitPrecompiledModules/ptrauth-8153N5RDGO8909RM5025L9B9F.scan
    cd /
    builtin-precompileModule /Users/karelbraborec/Library/Developer/Xcode/DerivedData/revmeter-hbcnswmlqmbpnlazhhkncgeowiss/Build/Intermediates.noindex/ExplicitPrecompiledModules/ptrauth-8153N5RDGO8909RM5025L9B9F.scan

PrecompileModule /Users/karelbraborec/Library/Developer/Xcode/DerivedData/revmeter-hbcnswmlqmbpnlazhhkncgeowiss/Build/Intermediates.noindex/ExplicitPrecompiledModules/_Builtin_stdbool-6F58MXLQSYDAQ31XBXZNRKJS4.scan
    cd /
    builtin-precompileModule /Users/karelbraborec/Library/Developer/Xcode/DerivedData/revmeter-hbcnswmlqmbpnlazhhkncgeowiss/Build/Intermediates.noindex/ExplicitPrecompiledModules/_Builtin_stdbool-6F58MXLQSYDAQ31XBXZNRKJS4.scan

PrecompileModule /Users/karelbraborec/Library/Developer/Xcode/DerivedData/revmeter-hbcnswmlqmbpnlazhhkncgeowiss/Build/Intermediates.noindex/ExplicitPrecompiledModules/_Builtin_float-A4H0D4IHPU0ULQRMUM7MTA7X2.scan
    cd /
    builtin-precompileModule /Users/karelbraborec/Library/Developer/Xcode/DerivedData/revmeter-hbcnswmlqmbpnlazhhkncgeowiss/Build/Intermediates.noindex/ExplicitPrecompiledModules/_Builtin_float-A4H0D4IHPU0ULQRMUM7MTA7X2.scan

PrecompileModule /Users/karelbraborec/Library/Developer/Xcode/DerivedData/revmeter-hbcnswmlqmbpnlazhhkncgeowiss/Build/Intermediates.noindex/ExplicitPrecompiledModules/_Builtin_stddef-ZXJVASL2H72UFTFUWU7TZIZ2.scan
    cd /
    builtin-precompileModule /Users/karelbraborec/Library/Developer/Xcode/DerivedData/revmeter-hbcnswmlqmbpnlazhhkncgeowiss/Build/Intermediates.noindex/ExplicitPrecompiledModules/_Builtin_stddef-ZXJVASL2H72UFTFUWU7TZIZ2.scan

PrecompileModule /Users/karelbraborec/Library/Developer/Xcode/DerivedData/revmeter-hbcnswmlqmbpnlazhhkncgeowiss/Build/Intermediates.noindex/ExplicitPrecompiledModules/_Builtin_stdarg-7HZV9DUZHIXF03SVYQZUDCWH8.scan
    cd /
    builtin-precompileModule /Users/karelbraborec/Library/Developer/Xcode/DerivedData/revmeter-hbcnswmlqmbpnlazhhkncgeowiss/Build/Intermediates.noindex/ExplicitPrecompiledModules/_Builtin_stdarg-7HZV9DUZHIXF03SVYQZUDCWH8.scan

PrecompileModule /Users/karelbraborec/Library/Developer/Xcode/DerivedData/revmeter-hbcnswmlqmbpnlazhhkncgeowiss/Build/Intermediates.noindex/ExplicitPrecompiledModules/ptrcheck-BS16GVH9QH84CAJ6V9PZO8S40.scan
    cd /
    builtin-precompileModule /Users/karelbraborec/Library/Developer/Xcode/DerivedData/revmeter-hbcnswmlqmbpnlazhhkncgeowiss/Build/Intermediates.noindex/ExplicitPrecompiledModules/ptrcheck-BS16GVH9QH84CAJ6V9PZO8S40.scan

PrecompileModule /Users/karelbraborec/Library/Developer/Xcode/DerivedData/revmeter-hbcnswmlqmbpnlazhhkncgeowiss/Build/Intermediates.noindex/ExplicitPrecompiledModules/ptrcheck-RFLW5AP6V9HGPJOTSOL0Z9CT.scan
    cd /
    builtin-precompileModule /Users/karelbraborec/Library/Developer/Xcode/DerivedData/revmeter-hbcnswmlqmbpnlazhhkncgeowiss/Build/Intermediates.noindex/ExplicitPrecompiledModules/ptrcheck-RFLW5AP6V9HGPJOTSOL0Z9CT.scan

PrecompileModule /Users/karelbraborec/Library/Developer/Xcode/DerivedData/revmeter-hbcnswmlqmbpnlazhhkncgeowiss/Build/Intermediates.noindex/ExplicitPrecompiledModules/_Builtin_stdbool-3OQUYGWGGWIPTZURBRNXEIDWM.scan
    cd /
    builtin-precompileModule /Users/karelbraborec/Library/Developer/Xcode/DerivedData/revmeter-hbcnswmlqmbpnlazhhkncgeowiss/Build/Intermediates.noindex/ExplicitPrecompiledModules/_Builtin_stdbool-3OQUYGWGGWIPTZURBRNXEIDWM.scan

PrecompileModule /Users/karelbraborec/Library/Developer/Xcode/DerivedData/revmeter-hbcnswmlqmbpnlazhhkncgeowiss/Build/Intermediates.noindex/ExplicitPrecompiledModules/_Builtin_stddef-3DU8E4SV024AOU8UPUPRN3W90.scan
    cd /
    builtin-precompileModule /Users/karelbraborec/Library/Developer/Xcode/DerivedData/revmeter-hbcnswmlqmbpnlazhhkncgeowiss/Build/Intermediates.noindex/ExplicitPrecompiledModules/_Builtin_stddef-3DU8E4SV024AOU8UPUPRN3W90.scan

PrecompileModule /Users/karelbraborec/Library/Developer/Xcode/DerivedData/revmeter-hbcnswmlqmbpnlazhhkncgeowiss/Build/Intermediates.noindex/ExplicitPrecompiledModules/_DarwinFoundation1-76UVUBM5LOCJRN9X7AD1WMVWF.scan
    cd /
    builtin-precompileModule /Users/karelbraborec/Library/Developer/Xcode/DerivedData/revmeter-hbcnswmlqmbpnlazhhkncgeowiss/Build/Intermediates.noindex/ExplicitPrecompiledModules/_DarwinFoundation1-76UVUBM5LOCJRN9X7AD1WMVWF.scan

PrecompileModule /Users/karelbraborec/Library/Developer/Xcode/DerivedData/revmeter-hbcnswmlqmbpnlazhhkncgeowiss/Build/Intermediates.noindex/ExplicitPrecompiledModules/_AvailabilityInternal-3BY274R6A1TRWX9XEJLLF159Z.scan
    cd /
    builtin-precompileModule /Users/karelbraborec/Library/Developer/Xcode/DerivedData/revmeter-hbcnswmlqmbpnlazhhkncgeowiss/Build/Intermediates.noindex/ExplicitPrecompiledModules/_AvailabilityInternal-3BY274R6A1TRWX9XEJLLF159Z.scan

PrecompileModule /Users/karelbraborec/Library/Developer/Xcode/DerivedData/revmeter-hbcnswmlqmbpnlazhhkncgeowiss/Build/Intermediates.noindex/ExplicitPrecompiledModules/_Builtin_float-KBAJP7LS5PMRQAXGYHGQMKDI.scan
    cd /
    builtin-precompileModule /Users/karelbraborec/Library/Developer/Xcode/DerivedData/revmeter-hbcnswmlqmbpnlazhhkncgeowiss/Build/Intermediates.noindex/ExplicitPrecompiledModules/_Builtin_float-KBAJP7LS5PMRQAXGYHGQMKDI.scan

Libtool /Users/karelbraborec/Library/Developer/Xcode/DerivedData/revmeter-hbcnswmlqmbpnlazhhkncgeowiss/Build/Intermediates.noindex/Pods.build/Debug-iphonesimulator/react-native-safe-area-context.build/Objects-normal/arm64/Binary/libreact-native-safe-area-context.a normal arm64 (in target 'react-native-safe-area-context' from project 'Pods')
    cd /Users/karelbraborec/rev-meter/ios/Pods
    /Applications/Xcode.app/Contents/Developer/Toolchains/XcodeDefault.xctoolchain/usr/bin/libtool -static -arch_only arm64 -D -syslibroot /Applications/Xcode.app/Contents/Developer/Platforms/iPhoneSimulator.platform/Developer/SDKs/iPhoneSimulator26.5.sdk -L/Users/karelbraborec/Library/Developer/Xcode/DerivedData/revmeter-hbcnswmlqmbpnlazhhkncgeowiss/Build/Products/Debug-iphonesimulator/react-native-safe-area-context -filelist /Users/karelbraborec/Library/Developer/Xcode/DerivedData/revmeter-hbcnswmlqmbpnlazhhkncgeowiss/Build/Intermediates.noindex/Pods.build/Debug-iphonesimulator/react-native-safe-area-context.build/Objects-normal/arm64/react-native-safe-area-context.LinkFileList -dependency_info /Users/karelbraborec/Library/Developer/Xcode/DerivedData/revmeter-hbcnswmlqmbpnlazhhkncgeowiss/Build/Intermediates.noindex/Pods.build/Debug-iphonesimulator/react-native-safe-area-context.build/Objects-normal/arm64/react-native-safe-area-context_libtool_dependency_info.dat -o /Users/karelbraborec/Library/Developer/Xcode/DerivedData/revmeter-hbcnswmlqmbpnlazhhkncgeowiss/Build/Intermediates.noindex/Pods.build/Debug-iphonesimulator/react-native-safe-area-context.build/Objects-normal/arm64/Binary/libreact-native-safe-area-context.a

PrecompileModule /Users/karelbraborec/Library/Developer/Xcode/DerivedData/revmeter-hbcnswmlqmbpnlazhhkncgeowiss/Build/Intermediates.noindex/ExplicitPrecompiledModules/_Builtin_stdarg-9S2P5B4XF0D52RKE4KS6Q230Q.scan
    cd /
    builtin-precompileModule /Users/karelbraborec/Library/Developer/Xcode/DerivedData/revmeter-hbcnswmlqmbpnlazhhkncgeowiss/Build/Intermediates.noindex/ExplicitPrecompiledModules/_Builtin_stdarg-9S2P5B4XF0D52RKE4KS6Q230Q.scan

ExtractAppIntentsMetadata (in target 'ExpoLogBox' from project 'Pods')
    cd /Users/karelbraborec/rev-meter/ios/Pods
    /Applications/Xcode.app/Contents/Developer/Toolchains/XcodeDefault.xctoolchain/usr/bin/appintentsmetadataprocessor --toolchain-dir /Applications/Xcode.app/Contents/Developer/Toolchains/XcodeDefault.xctoolchain --module-name ExpoLogBox --sdk-root /Applications/Xcode.app/Contents/Developer/Platforms/iPhoneSimulator.platform/Developer/SDKs/iPhoneSimulator26.5.sdk --xcode-version 17F113 --platform-family iOS --deployment-target 16.4 --bundle-identifier org.cocoapods.ExpoLogBox --output /Users/karelbraborec/Library/Developer/Xcode/DerivedData/revmeter-hbcnswmlqmbpnlazhhkncgeowiss/Build/Products/Debug-iphonesimulator/ExpoLogBox/ExpoLogBox.appintents --target-triple arm64-apple-ios16.4-simulator --target-triple x86_64-apple-ios16.4-simulator --binary-file /Users/karelbraborec/Library/Developer/Xcode/DerivedData/revmeter-hbcnswmlqmbpnlazhhkncgeowiss/Build/Products/Debug-iphonesimulator/ExpoLogBox/libExpoLogBox.a --dependency-file /Users/karelbraborec/Library/Developer/Xcode/DerivedData/revmeter-hbcnswmlqmbpnlazhhkncgeowiss/Build/Intermediates.noindex/Pods.build/Debug-iphonesimulator/ExpoLogBox.build/Objects-normal/arm64/ExpoLogBox_libtool_dependency_info.dat --dependency-file /Users/karelbraborec/Library/Developer/Xcode/DerivedData/revmeter-hbcnswmlqmbpnlazhhkncgeowiss/Build/Intermediates.noindex/Pods.build/Debug-iphonesimulator/ExpoLogBox.build/Objects-normal/x86_64/ExpoLogBox_libtool_dependency_info.dat --stringsdata-file /Users/karelbraborec/Library/Developer/Xcode/DerivedData/revmeter-hbcnswmlqmbpnlazhhkncgeowiss/Build/Intermediates.noindex/Pods.build/Debug-iphonesimulator/ExpoLogBox.build/Objects-normal/arm64/ExtractedAppShortcutsMetadata.stringsdata --stringsdata-file /Users/karelbraborec/Library/Developer/Xcode/DerivedData/revmeter-hbcnswmlqmbpnlazhhkncgeowiss/Build/Intermediates.noindex/Pods.build/Debug-iphonesimulator/ExpoLogBox.build/Objects-normal/x86_64/ExtractedAppShortcutsMetadata.stringsdata --source-file-list /Users/karelbraborec/Library/Developer/Xcode/DerivedData/revmeter-hbcnswmlqmbpnlazhhkncgeowiss/Build/Intermediates.noindex/Pods.build/Debug-iphonesimulator/ExpoLogBox.build/Objects-normal/arm64/ExpoLogBox.SwiftFileList --source-file-list /Users/karelbraborec/Library/Developer/Xcode/DerivedData/revmeter-hbcnswmlqmbpnlazhhkncgeowiss/Build/Intermediates.noindex/Pods.build/Debug-iphonesimulator/ExpoLogBox.build/Objects-normal/x86_64/ExpoLogBox.SwiftFileList --metadata-file-list /Users/karelbraborec/Library/Developer/Xcode/DerivedData/revmeter-hbcnswmlqmbpnlazhhkncgeowiss/Build/Intermediates.noindex/Pods.build/Debug-iphonesimulator/ExpoLogBox.build/ExpoLogBox.DependencyMetadataFileList --static-metadata-file-list /Users/karelbraborec/Library/Developer/Xcode/DerivedData/revmeter-hbcnswmlqmbpnlazhhkncgeowiss/Build/Intermediates.noindex/Pods.build/Debug-iphonesimulator/ExpoLogBox.build/ExpoLogBox.DependencyStaticMetadataFileList --swift-const-vals-list /Users/karelbraborec/Library/Developer/Xcode/DerivedData/revmeter-hbcnswmlqmbpnlazhhkncgeowiss/Build/Intermediates.noindex/Pods.build/Debug-iphonesimulator/ExpoLogBox.build/Objects-normal/arm64/ExpoLogBox.SwiftConstValuesFileList --swift-const-vals-list /Users/karelbraborec/Library/Developer/Xcode/DerivedData/revmeter-hbcnswmlqmbpnlazhhkncgeowiss/Build/Intermediates.noindex/Pods.build/Debug-iphonesimulator/ExpoLogBox.build/Objects-normal/x86_64/ExpoLogBox.SwiftConstValuesFileList --force --compile-time-extraction --deployment-aware-processing --validate-assistant-intents --no-app-shortcuts-localization
2026-08-19 12:49:07.750 appintentsmetadataprocessor[84076:6771322] Starting appintentsmetadataprocessor export
2026-08-19 12:49:07.772 appintentsmetadataprocessor[84076:6771322] Extracted no relevant App Intents symbols, skipping writing output

CreateUniversalBinary /Users/karelbraborec/Library/Developer/Xcode/DerivedData/revmeter-hbcnswmlqmbpnlazhhkncgeowiss/Build/Products/Debug-iphonesimulator/react-native-safe-area-context/libreact-native-safe-area-context.a normal arm64\ x86_64 (in target 'react-native-safe-area-context' from project 'Pods')
    cd /Users/karelbraborec/rev-meter/ios/Pods
    /Applications/Xcode.app/Contents/Developer/Toolchains/XcodeDefault.xctoolchain/usr/bin/lipo -create /Users/karelbraborec/Library/Developer/Xcode/DerivedData/revmeter-hbcnswmlqmbpnlazhhkncgeowiss/Build/Intermediates.noindex/Pods.build/Debug-iphonesimulator/react-native-safe-area-context.build/Objects-normal/arm64/Binary/libreact-native-safe-area-context.a /Users/karelbraborec/Library/Developer/Xcode/DerivedData/revmeter-hbcnswmlqmbpnlazhhkncgeowiss/Build/Intermediates.noindex/Pods.build/Debug-iphonesimulator/react-native-safe-area-context.build/Objects-normal/x86_64/Binary/libreact-native-safe-area-context.a -output /Users/karelbraborec/Library/Developer/Xcode/DerivedData/revmeter-hbcnswmlqmbpnlazhhkncgeowiss/Build/Products/Debug-iphonesimulator/react-native-safe-area-context/libreact-native-safe-area-context.a

SwiftDriver RNScreens normal x86_64 com.apple.xcode.tools.swift.compiler (in target 'RNScreens' from project 'Pods')
    cd /Users/karelbraborec/rev-meter/ios/Pods
    builtin-SwiftDriver -- /Applications/Xcode.app/Contents/Developer/Toolchains/XcodeDefault.xctoolchain/usr/bin/swiftc -module-name RNScreens -Onone @/Users/karelbraborec/Library/Developer/Xcode/DerivedData/revmeter-hbcnswmlqmbpnlazhhkncgeowiss/Build/Intermediates.noindex/Pods.build/Debug-iphonesimulator/RNScreens.build/Objects-normal/x86_64/RNScreens.SwiftFileList -DDEBUG -D COCOAPODS -Xcc -fmodule-map-file\=/Users/karelbraborec/rev-meter/ios/Pods/Headers/Public/ReactCodegen/ReactCodegen.modulemap -import-underlying-module -Xcc -fmodule-map-file\=/Users/karelbraborec/rev-meter/ios/Pods/Headers/Public/RNScreens/RNScreens.modulemap -DRCT_NEW_ARCH_ENABLED -Xcc -ivfsoverlay -Xcc /Users/karelbraborec/rev-meter/ios/Pods/React-Core-prebuilt/React-VFS.yaml -enable-bare-slash-regex -enable-experimental-feature DebugDescriptionMacro -sdk /Applications/Xcode.app/Contents/Developer/Platforms/iPhoneSimulator.platform/Developer/SDKs/iPhoneSimulator26.5.sdk -target x86_64-apple-ios15.1-simulator -g -module-cache-path /Users/karelbraborec/Library/Developer/Xcode/DerivedData/ModuleCache.noindex -Xfrontend -serialize-debugging-options -enable-testing -index-store-path /Users/karelbraborec/Library/Developer/Xcode/DerivedData/revmeter-hbcnswmlqmbpnlazhhkncgeowiss/Index.noindex/DataStore -Xcc -D_LIBCPP_HARDENING_MODE\=_LIBCPP_HARDENING_MODE_DEBUG -swift-version 5 -I /Users/karelbraborec/Library/Developer/Xcode/DerivedData/revmeter-hbcnswmlqmbpnlazhhkncgeowiss/Build/Products/Debug-iphonesimulator/RNScreens -F /Users/karelbraborec/Library/Developer/Xcode/DerivedData/revmeter-hbcnswmlqmbpnlazhhkncgeowiss/Build/Products/Debug-iphonesimulator/RNScreens -F /Users/karelbraborec/rev-meter/ios/Pods/React-Core-prebuilt -F /Users/karelbraborec/rev-meter/ios/Pods/ReactNativeDependencies/framework/packages/react-native -F /Users/karelbraborec/rev-meter/ios/Pods/hermes-engine/destroot/Library/Frameworks/universal -F /Users/karelbraborec/Library/Developer/Xcode/DerivedData/revmeter-hbcnswmlqmbpnlazhhkncgeowiss/Build/Products/Debug-iphonesimulator/XCFrameworkIntermediates/React-Core-prebuilt -F /Users/karelbraborec/Library/Developer/Xcode/DerivedData/revmeter-hbcnswmlqmbpnlazhhkncgeowiss/Build/Products/Debug-iphonesimulator/XCFrameworkIntermediates/ReactNativeDependencies -F /Users/karelbraborec/Library/Developer/Xcode/DerivedData/revmeter-hbcnswmlqmbpnlazhhkncgeowiss/Build/Products/Debug-iphonesimulator/XCFrameworkIntermediates/hermes-engine/Pre-built -c -j10 -enable-batch-mode -incremental -Xcc -ivfsstatcache -Xcc /Users/karelbraborec/Library/Developer/Xcode/DerivedData/SDKStatCaches.noindex/iphonesimulator26.5-23F81a-6cfe768891a92b912361537c460fe42b.sdkstatcache -output-file-map /Users/karelbraborec/Library/Developer/Xcode/DerivedData/revmeter-hbcnswmlqmbpnlazhhkncgeowiss/Build/Intermediates.noindex/Pods.build/Debug-iphonesimulator/RNScreens.build/Objects-normal/x86_64/RNScreens-OutputFileMap.json -use-frontend-parseable-output -save-temps -no-color-diagnostics -serialize-diagnostics -emit-dependencies -emit-module -emit-module-path /Users/karelbraborec/Library/Developer/Xcode/DerivedData/revmeter-hbcnswmlqmbpnlazhhkncgeowiss/Build/Intermediates.noindex/Pods.build/Debug-iphonesimulator/RNScreens.build/Objects-normal/x86_64/RNScreens.swiftmodule -validate-clang-modules-once -clang-build-session-file /Users/karelbraborec/Library/Developer/Xcode/DerivedData/ModuleCache.noindex/Session.modulevalidation -Xcc -I/Users/karelbraborec/Library/Developer/Xcode/DerivedData/revmeter-hbcnswmlqmbpnlazhhkncgeowiss/Build/Intermediates.noindex/Pods.build/Debug-iphonesimulator/RNScreens.build/swift-overrides.hmap -emit-const-values -Xfrontend -const-gather-protocols-file -Xfrontend /Users/karelbraborec/Library/Developer/Xcode/DerivedData/revmeter-hbcnswmlqmbpnlazhhkncgeowiss/Build/Intermediates.noindex/Pods.build/Debug-iphonesimulator/RNScreens.build/Objects-normal/x86_64/RNScreens_const_extract_protocols.json -Xcc -iquote -Xcc /Users/karelbraborec/Library/Developer/Xcode/DerivedData/revmeter-hbcnswmlqmbpnlazhhkncgeowiss/Build/Intermediates.noindex/Pods.build/Debug-iphonesimulator/RNScreens.build/RNScreens-generated-files.hmap -Xcc -I/Users/karelbraborec/Library/Developer/Xcode/DerivedData/revmeter-hbcnswmlqmbpnlazhhkncgeowiss/Build/Intermediates.noindex/Pods.build/Debug-iphonesimulator/RNScreens.build/RNScreens-own-target-headers.hmap -Xcc -I/Users/karelbraborec/Library/Developer/Xcode/DerivedData/revmeter-hbcnswmlqmbpnlazhhkncgeowiss/Build/Intermediates.noindex/Pods.build/Debug-iphonesimulator/RNScreens.build/RNScreens-all-non-framework-target-headers.hmap -Xcc -ivfsoverlay -Xcc /Users/karelbraborec/Library/Developer/Xcode/DerivedData/revmeter-hbcnswmlqmbpnlazhhkncgeowiss/Build/Intermediates.noindex/Pods.build/Debug-iphonesimulator/Pods-8699adb1dd336b26511df848a716bd42-VFS-iphonesimulator/all-product-headers.yaml -Xcc -iquote -Xcc /Users/karelbraborec/Library/Developer/Xcode/DerivedData/revmeter-hbcnswmlqmbpnlazhhkncgeowiss/Build/Intermediates.noindex/Pods.build/Debug-iphonesimulator/RNScreens.build/RNScreens-project-headers.hmap -Xcc -I/Users/karelbraborec/Library/Developer/Xcode/DerivedData/revmeter-hbcnswmlqmbpnlazhhkncgeowiss/Build/Products/Debug-iphonesimulator/RNScreens/include -Xcc -I/Users/karelbraborec/rev-meter/ios/Pods/Headers/Private -Xcc -I/Users/karelbraborec/rev-meter/ios/Pods/Headers/Private/RNScreens -Xcc -I/Users/karelbraborec/rev-meter/ios/Pods/Headers/Public -Xcc -I/Users/karelbraborec/rev-meter/ios/Pods/Headers/Public/FBLazyVector -Xcc -I/Users/karelbraborec/rev-meter/ios/Pods/Headers/Public/RCTRequired -Xcc -I/Users/karelbraborec/rev-meter/ios/Pods/Headers/Public/RCTSwiftUIWrapper -Xcc -I/Users/karelbraborec/rev-meter/ios/Pods/Headers/Public/RCTTypeSafety -Xcc -I/Users/karelbraborec/rev-meter/ios/Pods/Headers/Public/RNScreens -Xcc -I/Users/karelbraborec/rev-meter/ios/Pods/Headers/Public/React-Core -Xcc -I/Users/karelbraborec/rev-meter/ios/Pods/Headers/Public/React-Core-prebuilt -Xcc -I/Users/karelbraborec/rev-meter/ios/Pods/Headers/Public/React-CoreModules -Xcc -I/Users/karelbraborec/rev-meter/ios/Pods/Headers/Public/React-Fabric -Xcc -I/Users/karelbraborec/rev-meter/ios/Pods/Headers/Public/React-FabricComponents -Xcc -I/Users/karelbraborec/rev-meter/ios/Pods/Headers/Public/React-FabricImage -Xcc -I/Users/karelbraborec/rev-meter/ios/Pods/Headers/Public/React-ImageManager -Xcc -I/Users/karelbraborec/rev-meter/ios/Pods/Headers/Public/React-Mapbuffer -Xcc -I/Users/karelbraborec/rev-meter/ios/Pods/Headers/Public/React-NativeModulesApple -Xcc -I/Users/karelbraborec/rev-meter/ios/Pods/Headers/Public/React-RCTAnimation -Xcc -I/Users/karelbraborec/rev-meter/ios/Pods/Headers/Public/React-RCTBlob -Xcc -I/Users/karelbraborec/rev-meter/ios/Pods/Headers/Public/React-RCTFBReactNativeSpec -Xcc -I/Users/karelbraborec/rev-meter/ios/Pods/Headers/Public/React-RCTFabric -Xcc -I/Users/karelbraborec/rev-meter/ios/Pods/Headers/Public/React-RCTImage -Xcc -I/Users/karelbraborec/rev-meter/ios/Pods/Headers/Public/React-RCTRuntime -Xcc -I/Users/karelbraborec/rev-meter/ios/Pods/Headers/Public/React-RCTText -Xcc -I/Users/karelbraborec/rev-meter/ios/Pods/Headers/Public/React-RuntimeApple -Xcc -I/Users/karelbraborec/rev-meter/ios/Pods/Headers/Public/React-RuntimeCore -Xcc -I/Users/karelbraborec/rev-meter/ios/Pods/Headers/Public/React-RuntimeHermes -Xcc -I/Users/karelbraborec/rev-meter/ios/Pods/Headers/Public/React-callinvoker -Xcc -I/Users/karelbraborec/rev-meter/ios/Pods/Headers/Public/React-cxxreact -Xcc -I/Users/karelbraborec/rev-meter/ios/Pods/Headers/Public/React-debug -Xcc -I/Users/karelbraborec/rev-meter/ios/Pods/Headers/Public/React-defaultsnativemodule -Xcc -I/Users/karelbraborec/rev-meter/ios/Pods/Headers/Public/React-domnativemodule -Xcc -I/Users/karelbraborec/rev-meter/ios/Pods/Headers/Public/React-featureflags -Xcc -I/Users/karelbraborec/rev-meter/ios/Pods/Headers/Public/React-featureflagsnativemodule -Xcc -I/Users/karelbraborec/rev-meter/ios/Pods/Headers/Public/React-graphics -Xcc -I/Users/karelbraborec/rev-meter/ios/Pods/Headers/Public/React-hermes -Xcc -I/Users/karelbraborec/rev-meter/ios/Pods/Headers/Public/React-idlecallbacksnativemodule -Xcc -I/Users/karelbraborec/rev-meter/ios/Pods/Headers/Public/React-intersectionobservernativemodule -Xcc -I/Users/karelbraborec/rev-meter/ios/Pods/Headers/Public/React-jserrorhandler -Xcc -I/Users/karelbraborec/rev-meter/ios/Pods/Headers/Public/React-jsi -Xcc -I/Users/karelbraborec/rev-meter/ios/Pods/Headers/Public/React-jsiexecutor -Xcc -I/Users/karelbraborec/rev-meter/ios/Pods/Headers/Public/React-jsinspector -Xcc -I/Users/karelbraborec/rev-meter/ios/Pods/Headers/Public/React-jsinspectorcdp -Xcc -I/Users/karelbraborec/rev-meter/ios/Pods/Headers/Public/React-jsinspectornetwork -Xcc -I/Users/karelbraborec/rev-meter/ios/Pods/Headers/Public/React-jsinspectortracing -Xcc -I/Users/karelbraborec/rev-meter/ios/Pods/Headers/Public/React-jsitooling -Xcc -I/Users/karelbraborec/rev-meter/ios/Pods/Headers/Public/React-logger -Xcc -I/Users/karelbraborec/rev-meter/ios/Pods/Headers/Public/React-microtasksnativemodule -Xcc -I/Users/karelbraborec/rev-meter/ios/Pods/Headers/Public/React-mutationobservernativemodule -Xcc -I/Users/karelbraborec/rev-meter/ios/Pods/Headers/Public/React-networking -Xcc -I/Users/karelbraborec/rev-meter/ios/Pods/Headers/Public/React-oscompat -Xcc -I/Users/karelbraborec/rev-meter/ios/Pods/Headers/Public/React-perflogger -Xcc -I/Users/karelbraborec/rev-meter/ios/Pods/Headers/Public/React-performancecdpmetrics -Xcc -I/Users/karelbraborec/rev-meter/ios/Pods/Headers/Public/React-performancetimeline -Xcc -I/Users/karelbraborec/rev-meter/ios/Pods/Headers/Public/React-rendererconsistency -Xcc -I/Users/karelbraborec/rev-meter/ios/Pods/Headers/Public/React-renderercss -Xcc -I/Users/karelbraborec/rev-meter/ios/Pods/Headers/Public/React-rendererdebug -Xcc -I/Users/karelbraborec/rev-meter/ios/Pods/Headers/Public/React-runtimeexecutor -Xcc -I/Users/karelbraborec/rev-meter/ios/Pods/Headers/Public/React-runtimescheduler -Xcc -I/Users/karelbraborec/rev-meter/ios/Pods/Headers/Public/React-timing -Xcc -I/Users/karelbraborec/rev-meter/ios/Pods/Headers/Public/React-utils -Xcc -I/Users/karelbraborec/rev-meter/ios/Pods/Headers/Public/React-viewtransitionnativemodule -Xcc -I/Users/karelbraborec/rev-meter/ios/Pods/Headers/Public/React-webperformancenativemodule -Xcc -I/Users/karelbraborec/rev-meter/ios/Pods/Headers/Public/ReactCodegen -Xcc -I/Users/karelbraborec/rev-meter/ios/Pods/Headers/Public/ReactCommon -Xcc -I/Users/karelbraborec/rev-meter/ios/Pods/Headers/Public/ReactNativeDependencies -Xcc -I/Users/karelbraborec/rev-meter/ios/Pods/Headers/Public/Yoga -Xcc -I/Users/karelbraborec/rev-meter/ios/Pods/Headers/Public/hermes-engine -Xcc -I/Users/karelbraborec/rev-meter/ios/Pods/Headers/Private/Yoga -Xcc -I/Users/karelbraborec/rev-meter/ios/Pods/Headers/Private/Yoga -Xcc -I/Users/karelbraborec/rev-meter/node_modules/react-native-screens/common/cpp -Xcc -I/Users/karelbraborec/rev-meter/ios/Pods/ExpoModulesCore/ExpoModulesCore.xcframework/ios-arm64_x86_64-simulator/ExpoModulesCore.framework/Headers -Xcc -I/Users/karelbraborec/rev-meter/ios/Pods/ExpoModulesCore/ExpoModulesCore.xcframework/ios-arm64/ExpoModulesCore.framework/Headers -Xcc -I/Users/karelbraborec/rev-meter/ios/Pods/ExpoModulesCore/ExpoModulesCore.xcframework/ios-arm64_x86_64-simulator/ExpoModulesCore.framework/Headers -Xcc -I/Users/karelbraborec/rev-meter/ios/Pods/ExpoModulesCore/ExpoModulesCore.xcframework/ios-arm64/ExpoModulesCore.framework/Headers -Xcc -I/Users/karelbraborec/Library/Developer/Xcode/DerivedData/revmeter-hbcnswmlqmbpnlazhhkncgeowiss/Build/Intermediates.noindex/Pods.build/Debug-iphonesimulator/RNScreens.build/DerivedSources-normal/x86_64 -Xcc -I/Users/karelbraborec/Library/Developer/Xcode/DerivedData/revmeter-hbcnswmlqmbpnlazhhkncgeowiss/Build/Intermediates.noindex/Pods.build/Debug-iphonesimulator/RNScreens.build/DerivedSources/x86_64 -Xcc -I/Users/karelbraborec/Library/Developer/Xcode/DerivedData/revmeter-hbcnswmlqmbpnlazhhkncgeowiss/Build/Intermediates.noindex/Pods.build/Debug-iphonesimulator/RNScreens.build/DerivedSources -Xcc -DPOD_CONFIGURATION_DEBUG\=1 -Xcc -DDEBUG\=1 -Xcc -DCOCOAPODS\=1 -emit-objc-header -emit-objc-header-path /Users/karelbraborec/Library/Developer/Xcode/DerivedData/revmeter-hbcnswmlqmbpnlazhhkncgeowiss/Build/Intermediates.noindex/Pods.build/Debug-iphonesimulator/RNScreens.build/Objects-normal/x86_64/RNScreens-Swift.h -working-directory /Users/karelbraborec/rev-meter/ios/Pods -experimental-emit-module-separately -disable-cmo

SwiftDriver RNScreens normal arm64 com.apple.xcode.tools.swift.compiler (in target 'RNScreens' from project 'Pods')
    cd /Users/karelbraborec/rev-meter/ios/Pods
    builtin-SwiftDriver -- /Applications/Xcode.app/Contents/Developer/Toolchains/XcodeDefault.xctoolchain/usr/bin/swiftc -module-name RNScreens -Onone @/Users/karelbraborec/Library/Developer/Xcode/DerivedData/revmeter-hbcnswmlqmbpnlazhhkncgeowiss/Build/Intermediates.noindex/Pods.build/Debug-iphonesimulator/RNScreens.build/Objects-normal/arm64/RNScreens.SwiftFileList -DDEBUG -D COCOAPODS -Xcc -fmodule-map-file\=/Users/karelbraborec/rev-meter/ios/Pods/Headers/Public/ReactCodegen/ReactCodegen.modulemap -import-underlying-module -Xcc -fmodule-map-file\=/Users/karelbraborec/rev-meter/ios/Pods/Headers/Public/RNScreens/RNScreens.modulemap -DRCT_NEW_ARCH_ENABLED -Xcc -ivfsoverlay -Xcc /Users/karelbraborec/rev-meter/ios/Pods/React-Core-prebuilt/React-VFS.yaml -enable-bare-slash-regex -enable-experimental-feature DebugDescriptionMacro -sdk /Applications/Xcode.app/Contents/Developer/Platforms/iPhoneSimulator.platform/Developer/SDKs/iPhoneSimulator26.5.sdk -target arm64-apple-ios15.1-simulator -g -module-cache-path /Users/karelbraborec/Library/Developer/Xcode/DerivedData/ModuleCache.noindex -Xfrontend -serialize-debugging-options -enable-testing -index-store-path /Users/karelbraborec/Library/Developer/Xcode/DerivedData/revmeter-hbcnswmlqmbpnlazhhkncgeowiss/Index.noindex/DataStore -Xcc -D_LIBCPP_HARDENING_MODE\=_LIBCPP_HARDENING_MODE_DEBUG -swift-version 5 -I /Users/karelbraborec/Library/Developer/Xcode/DerivedData/revmeter-hbcnswmlqmbpnlazhhkncgeowiss/Build/Products/Debug-iphonesimulator/RNScreens -F /Users/karelbraborec/Library/Developer/Xcode/DerivedData/revmeter-hbcnswmlqmbpnlazhhkncgeowiss/Build/Products/Debug-iphonesimulator/RNScreens -F /Users/karelbraborec/rev-meter/ios/Pods/React-Core-prebuilt -F /Users/karelbraborec/rev-meter/ios/Pods/ReactNativeDependencies/framework/packages/react-native -F /Users/karelbraborec/rev-meter/ios/Pods/hermes-engine/destroot/Library/Frameworks/universal -F /Users/karelbraborec/Library/Developer/Xcode/DerivedData/revmeter-hbcnswmlqmbpnlazhhkncgeowiss/Build/Products/Debug-iphonesimulator/XCFrameworkIntermediates/React-Core-prebuilt -F /Users/karelbraborec/Library/Developer/Xcode/DerivedData/revmeter-hbcnswmlqmbpnlazhhkncgeowiss/Build/Products/Debug-iphonesimulator/XCFrameworkIntermediates/ReactNativeDependencies -F /Users/karelbraborec/Library/Developer/Xcode/DerivedData/revmeter-hbcnswmlqmbpnlazhhkncgeowiss/Build/Products/Debug-iphonesimulator/XCFrameworkIntermediates/hermes-engine/Pre-built -c -j10 -enable-batch-mode -incremental -Xcc -ivfsstatcache -Xcc /Users/karelbraborec/Library/Developer/Xcode/DerivedData/SDKStatCaches.noindex/iphonesimulator26.5-23F81a-6cfe768891a92b912361537c460fe42b.sdkstatcache -output-file-map /Users/karelbraborec/Library/Developer/Xcode/DerivedData/revmeter-hbcnswmlqmbpnlazhhkncgeowiss/Build/Intermediates.noindex/Pods.build/Debug-iphonesimulator/RNScreens.build/Objects-normal/arm64/RNScreens-OutputFileMap.json -use-frontend-parseable-output -save-temps -no-color-diagnostics -serialize-diagnostics -emit-dependencies -emit-module -emit-module-path /Users/karelbraborec/Library/Developer/Xcode/DerivedData/revmeter-hbcnswmlqmbpnlazhhkncgeowiss/Build/Intermediates.noindex/Pods.build/Debug-iphonesimulator/RNScreens.build/Objects-normal/arm64/RNScreens.swiftmodule -validate-clang-modules-once -clang-build-session-file /Users/karelbraborec/Library/Developer/Xcode/DerivedData/ModuleCache.noindex/Session.modulevalidation -Xcc -I/Users/karelbraborec/Library/Developer/Xcode/DerivedData/revmeter-hbcnswmlqmbpnlazhhkncgeowiss/Build/Intermediates.noindex/Pods.build/Debug-iphonesimulator/RNScreens.build/swift-overrides.hmap -emit-const-values -Xfrontend -const-gather-protocols-file -Xfrontend /Users/karelbraborec/Library/Developer/Xcode/DerivedData/revmeter-hbcnswmlqmbpnlazhhkncgeowiss/Build/Intermediates.noindex/Pods.build/Debug-iphonesimulator/RNScreens.build/Objects-normal/arm64/RNScreens_const_extract_protocols.json -Xcc -iquote -Xcc /Users/karelbraborec/Library/Developer/Xcode/DerivedData/revmeter-hbcnswmlqmbpnlazhhkncgeowiss/Build/Intermediates.noindex/Pods.build/Debug-iphonesimulator/RNScreens.build/RNScreens-generated-files.hmap -Xcc -I/Users/karelbraborec/Library/Developer/Xcode/DerivedData/revmeter-hbcnswmlqmbpnlazhhkncgeowiss/Build/Intermediates.noindex/Pods.build/Debug-iphonesimulator/RNScreens.build/RNScreens-own-target-headers.hmap -Xcc -I/Users/karelbraborec/Library/Developer/Xcode/DerivedData/revmeter-hbcnswmlqmbpnlazhhkncgeowiss/Build/Intermediates.noindex/Pods.build/Debug-iphonesimulator/RNScreens.build/RNScreens-all-non-framework-target-headers.hmap -Xcc -ivfsoverlay -Xcc /Users/karelbraborec/Library/Developer/Xcode/DerivedData/revmeter-hbcnswmlqmbpnlazhhkncgeowiss/Build/Intermediates.noindex/Pods.build/Debug-iphonesimulator/Pods-8699adb1dd336b26511df848a716bd42-VFS-iphonesimulator/all-product-headers.yaml -Xcc -iquote -Xcc /Users/karelbraborec/Library/Developer/Xcode/DerivedData/revmeter-hbcnswmlqmbpnlazhhkncgeowiss/Build/Intermediates.noindex/Pods.build/Debug-iphonesimulator/RNScreens.build/RNScreens-project-headers.hmap -Xcc -I/Users/karelbraborec/Library/Developer/Xcode/DerivedData/revmeter-hbcnswmlqmbpnlazhhkncgeowiss/Build/Products/Debug-iphonesimulator/RNScreens/include -Xcc -I/Users/karelbraborec/rev-meter/ios/Pods/Headers/Private -Xcc -I/Users/karelbraborec/rev-meter/ios/Pods/Headers/Private/RNScreens -Xcc -I/Users/karelbraborec/rev-meter/ios/Pods/Headers/Public -Xcc -I/Users/karelbraborec/rev-meter/ios/Pods/Headers/Public/FBLazyVector -Xcc -I/Users/karelbraborec/rev-meter/ios/Pods/Headers/Public/RCTRequired -Xcc -I/Users/karelbraborec/rev-meter/ios/Pods/Headers/Public/RCTSwiftUIWrapper -Xcc -I/Users/karelbraborec/rev-meter/ios/Pods/Headers/Public/RCTTypeSafety -Xcc -I/Users/karelbraborec/rev-meter/ios/Pods/Headers/Public/RNScreens -Xcc -I/Users/karelbraborec/rev-meter/ios/Pods/Headers/Public/React-Core -Xcc -I/Users/karelbraborec/rev-meter/ios/Pods/Headers/Public/React-Core-prebuilt -Xcc -I/Users/karelbraborec/rev-meter/ios/Pods/Headers/Public/React-CoreModules -Xcc -I/Users/karelbraborec/rev-meter/ios/Pods/Headers/Public/React-Fabric -Xcc -I/Users/karelbraborec/rev-meter/ios/Pods/Headers/Public/React-FabricComponents -Xcc -I/Users/karelbraborec/rev-meter/ios/Pods/Headers/Public/React-FabricImage -Xcc -I/Users/karelbraborec/rev-meter/ios/Pods/Headers/Public/React-ImageManager -Xcc -I/Users/karelbraborec/rev-meter/ios/Pods/Headers/Public/React-Mapbuffer -Xcc -I/Users/karelbraborec/rev-meter/ios/Pods/Headers/Public/React-NativeModulesApple -Xcc -I/Users/karelbraborec/rev-meter/ios/Pods/Headers/Public/React-RCTAnimation -Xcc -I/Users/karelbraborec/rev-meter/ios/Pods/Headers/Public/React-RCTBlob -Xcc -I/Users/karelbraborec/rev-meter/ios/Pods/Headers/Public/React-RCTFBReactNativeSpec -Xcc -I/Users/karelbraborec/rev-meter/ios/Pods/Headers/Public/React-RCTFabric -Xcc -I/Users/karelbraborec/rev-meter/ios/Pods/Headers/Public/React-RCTImage -Xcc -I/Users/karelbraborec/rev-meter/ios/Pods/Headers/Public/React-RCTRuntime -Xcc -I/Users/karelbraborec/rev-meter/ios/Pods/Headers/Public/React-RCTText -Xcc -I/Users/karelbraborec/rev-meter/ios/Pods/Headers/Public/React-RuntimeApple -Xcc -I/Users/karelbraborec/rev-meter/ios/Pods/Headers/Public/React-RuntimeCore -Xcc -I/Users/karelbraborec/rev-meter/ios/Pods/Headers/Public/React-RuntimeHermes -Xcc -I/Users/karelbraborec/rev-meter/ios/Pods/Headers/Public/React-callinvoker -Xcc -I/Users/karelbraborec/rev-meter/ios/Pods/Headers/Public/React-cxxreact -Xcc -I/Users/karelbraborec/rev-meter/ios/Pods/Headers/Public/React-debug -Xcc -I/Users/karelbraborec/rev-meter/ios/Pods/Headers/Public/React-defaultsnativemodule -Xcc -I/Users/karelbraborec/rev-meter/ios/Pods/Headers/Public/React-domnativemodule -Xcc -I/Users/karelbraborec/rev-meter/ios/Pods/Headers/Public/React-featureflags -Xcc -I/Users/karelbraborec/rev-meter/ios/Pods/Headers/Public/React-featureflagsnativemodule -Xcc -I/Users/karelbraborec/rev-meter/ios/Pods/Headers/Public/React-graphics -Xcc -I/Users/karelbraborec/rev-meter/ios/Pods/Headers/Public/React-hermes -Xcc -I/Users/karelbraborec/rev-meter/ios/Pods/Headers/Public/React-idlecallbacksnativemodule -Xcc -I/Users/karelbraborec/rev-meter/ios/Pods/Headers/Public/React-intersectionobservernativemodule -Xcc -I/Users/karelbraborec/rev-meter/ios/Pods/Headers/Public/React-jserrorhandler -Xcc -I/Users/karelbraborec/rev-meter/ios/Pods/Headers/Public/React-jsi -Xcc -I/Users/karelbraborec/rev-meter/ios/Pods/Headers/Public/React-jsiexecutor -Xcc -I/Users/karelbraborec/rev-meter/ios/Pods/Headers/Public/React-jsinspector -Xcc -I/Users/karelbraborec/rev-meter/ios/Pods/Headers/Public/React-jsinspectorcdp -Xcc -I/Users/karelbraborec/rev-meter/ios/Pods/Headers/Public/React-jsinspectornetwork -Xcc -I/Users/karelbraborec/rev-meter/ios/Pods/Headers/Public/React-jsinspectortracing -Xcc -I/Users/karelbraborec/rev-meter/ios/Pods/Headers/Public/React-jsitooling -Xcc -I/Users/karelbraborec/rev-meter/ios/Pods/Headers/Public/React-logger -Xcc -I/Users/karelbraborec/rev-meter/ios/Pods/Headers/Public/React-microtasksnativemodule -Xcc -I/Users/karelbraborec/rev-meter/ios/Pods/Headers/Public/React-mutationobservernativemodule -Xcc -I/Users/karelbraborec/rev-meter/ios/Pods/Headers/Public/React-networking -Xcc -I/Users/karelbraborec/rev-meter/ios/Pods/Headers/Public/React-oscompat -Xcc -I/Users/karelbraborec/rev-meter/ios/Pods/Headers/Public/React-perflogger -Xcc -I/Users/karelbraborec/rev-meter/ios/Pods/Headers/Public/React-performancecdpmetrics -Xcc -I/Users/karelbraborec/rev-meter/ios/Pods/Headers/Public/React-performancetimeline -Xcc -I/Users/karelbraborec/rev-meter/ios/Pods/Headers/Public/React-rendererconsistency -Xcc -I/Users/karelbraborec/rev-meter/ios/Pods/Headers/Public/React-renderercss -Xcc -I/Users/karelbraborec/rev-meter/ios/Pods/Headers/Public/React-rendererdebug -Xcc -I/Users/karelbraborec/rev-meter/ios/Pods/Headers/Public/React-runtimeexecutor -Xcc -I/Users/karelbraborec/rev-meter/ios/Pods/Headers/Public/React-runtimescheduler -Xcc -I/Users/karelbraborec/rev-meter/ios/Pods/Headers/Public/React-timing -Xcc -I/Users/karelbraborec/rev-meter/ios/Pods/Headers/Public/React-utils -Xcc -I/Users/karelbraborec/rev-meter/ios/Pods/Headers/Public/React-viewtransitionnativemodule -Xcc -I/Users/karelbraborec/rev-meter/ios/Pods/Headers/Public/React-webperformancenativemodule -Xcc -I/Users/karelbraborec/rev-meter/ios/Pods/Headers/Public/ReactCodegen -Xcc -I/Users/karelbraborec/rev-meter/ios/Pods/Headers/Public/ReactCommon -Xcc -I/Users/karelbraborec/rev-meter/ios/Pods/Headers/Public/ReactNativeDependencies -Xcc -I/Users/karelbraborec/rev-meter/ios/Pods/Headers/Public/Yoga -Xcc -I/Users/karelbraborec/rev-meter/ios/Pods/Headers/Public/hermes-engine -Xcc -I/Users/karelbraborec/rev-meter/ios/Pods/Headers/Private/Yoga -Xcc -I/Users/karelbraborec/rev-meter/ios/Pods/Headers/Private/Yoga -Xcc -I/Users/karelbraborec/rev-meter/node_modules/react-native-screens/common/cpp -Xcc -I/Users/karelbraborec/rev-meter/ios/Pods/ExpoModulesCore/ExpoModulesCore.xcframework/ios-arm64_x86_64-simulator/ExpoModulesCore.framework/Headers -Xcc -I/Users/karelbraborec/rev-meter/ios/Pods/ExpoModulesCore/ExpoModulesCore.xcframework/ios-arm64/ExpoModulesCore.framework/Headers -Xcc -I/Users/karelbraborec/rev-meter/ios/Pods/ExpoModulesCore/ExpoModulesCore.xcframework/ios-arm64_x86_64-simulator/ExpoModulesCore.framework/Headers -Xcc -I/Users/karelbraborec/rev-meter/ios/Pods/ExpoModulesCore/ExpoModulesCore.xcframework/ios-arm64/ExpoModulesCore.framework/Headers -Xcc -I/Users/karelbraborec/Library/Developer/Xcode/DerivedData/revmeter-hbcnswmlqmbpnlazhhkncgeowiss/Build/Intermediates.noindex/Pods.build/Debug-iphonesimulator/RNScreens.build/DerivedSources-normal/arm64 -Xcc -I/Users/karelbraborec/Library/Developer/Xcode/DerivedData/revmeter-hbcnswmlqmbpnlazhhkncgeowiss/Build/Intermediates.noindex/Pods.build/Debug-iphonesimulator/RNScreens.build/DerivedSources/arm64 -Xcc -I/Users/karelbraborec/Library/Developer/Xcode/DerivedData/revmeter-hbcnswmlqmbpnlazhhkncgeowiss/Build/Intermediates.noindex/Pods.build/Debug-iphonesimulator/RNScreens.build/DerivedSources -Xcc -DPOD_CONFIGURATION_DEBUG\=1 -Xcc -DDEBUG\=1 -Xcc -DCOCOAPODS\=1 -emit-objc-header -emit-objc-header-path /Users/karelbraborec/Library/Developer/Xcode/DerivedData/revmeter-hbcnswmlqmbpnlazhhkncgeowiss/Build/Intermediates.noindex/Pods.build/Debug-iphonesimulator/RNScreens.build/Objects-normal/arm64/RNScreens-Swift.h -working-directory /Users/karelbraborec/rev-meter/ios/Pods -experimental-emit-module-separately -disable-cmo

PhaseScriptExecution [CP-User]\ [Expo]\ Switch\ ExpoModulesCore\ XCFramework\ for\ build\ configuration /Users/karelbraborec/Library/Developer/Xcode/DerivedData/revmeter-hbcnswmlqmbpnlazhhkncgeowiss/Build/Intermediates.noindex/Pods.build/Debug-iphonesimulator/ExpoModulesCore.build/Script-46EB2E0001F3C0.sh (in target 'ExpoModulesCore' from project 'Pods')
    cd /Users/karelbraborec/rev-meter/ios/Pods
    export ACTION\=build
    export AD_HOC_CODE_SIGNING_ALLOWED\=YES
    export ALLOW_BUILD_REQUEST_OVERRIDES\=NO
    export ALLOW_TARGET_PLATFORM_SPECIALIZATION\=NO
    export ALTERNATE_GROUP\=staff
    export ALTERNATE_MODE\=u+w,go-w,a+rX
    export ALTERNATE_OWNER\=karelbraborec
    export ALTERNATIVE_DISTRIBUTION_WEB\=NO
    export ALWAYS_EMBED_SWIFT_STANDARD_LIBRARIES\=NO
    export ALWAYS_SEARCH_USER_PATHS\=NO
    export ALWAYS_USE_SEPARATE_HEADERMAPS\=NO
    export APPLICATION_EXTENSION_API_ONLY\=NO
    export APPLY_RULES_IN_COPY_FILES\=NO
    export APPLY_RULES_IN_COPY_HEADERS\=NO
    export APP_SHORTCUTS_ENABLE_FLEXIBLE_MATCHING\=YES
    export ARCHS\=arm64\ x86_64
    export ARCHS_BASE\=arm64\ x86_64
    export ARCHS_STANDARD\=arm64\ x86_64
    export ARCHS_STANDARD_32_64_BIT\=arm64\ x86_64
    export ARCHS_STANDARD_64_BIT\=arm64\ x86_64
    export ARCHS_STANDARD_INCLUDING_64_BIT\=arm64\ x86_64
    export ARCHS_UNIVERSAL_IPHONE_OS\=arm64\ x86_64
    export ASSETCATALOG_COMPILER_APPICON_NAME\=AppIcon
    export ASSETCATALOG_COMPILER_GLOBAL_ACCENT_COLOR_NAME\=AccentColor
    export AUTOMATICALLY_MERGE_DEPENDENCIES\=NO
    export AUTOMATION_APPLE_EVENTS\=NO
    export AVAILABLE_PLATFORMS\=android\ appletvos\ appletvsimulator\ driverkit\ freebsd\ iphoneos\ iphonesimulator\ linux\ macosx\ none\ openbsd\ qnx\ watchos\ watchsimulator\ webassembly\ xros\ xrsimulator
    export BUILD_ACTIVE_RESOURCES_ONLY\=NO
    export BUILD_COMPONENTS\=headers\ build
    export BUILD_DIR\=/Users/karelbraborec/Library/Developer/Xcode/DerivedData/revmeter-hbcnswmlqmbpnlazhhkncgeowiss/Build/Products
    export BUILD_LIBRARY_FOR_DISTRIBUTION\=NO
    export BUILD_ONLY_KNOWN_LOCALIZATIONS\=NO
    export BUILD_ROOT\=/Users/karelbraborec/Library/Developer/Xcode/DerivedData/revmeter-hbcnswmlqmbpnlazhhkncgeowiss/Build/Products
    export BUILD_STYLE\=
    export BUILD_VARIANTS\=normal
    export BUILT_PRODUCTS_DIR\=/Users/karelbraborec/Library/Developer/Xcode/DerivedData/revmeter-hbcnswmlqmbpnlazhhkncgeowiss/Build/Products/Debug-iphonesimulator/ExpoModulesCore
    export BUNDLE_CONTENTS_FOLDER_PATH_deep\=Contents/
    export BUNDLE_EXECUTABLE_FOLDER_NAME_deep\=MacOS
    export BUNDLE_EXTENSIONS_FOLDER_PATH\=Extensions
    export BUNDLE_FORMAT\=shallow
    export BUNDLE_FRAMEWORKS_FOLDER_PATH\=Frameworks
    export BUNDLE_PLUGINS_FOLDER_PATH\=PlugIns
    export BUNDLE_PRIVATE_HEADERS_FOLDER_PATH\=PrivateHeaders
    export BUNDLE_PUBLIC_HEADERS_FOLDER_PATH\=Headers
    export CACHE_ROOT\=/var/folders/zn/6f_ddjd136v_cf62f8s84b0m0000gn/C/com.apple.DeveloperTools/26.6-17F113/Xcode
    export CCHROOT\=/var/folders/zn/6f_ddjd136v_cf62f8s84b0m0000gn/C/com.apple.DeveloperTools/26.6-17F113/Xcode
    export CHMOD\=/bin/chmod
    export CHOWN\=chown
    export CLANG_ANALYZER_LOCALIZABILITY_NONLOCALIZED\=YES
    export CLANG_ANALYZER_NONNULL\=YES
    export CLANG_ANALYZER_NUMBER_OBJECT_CONVERSION\=YES_AGGRESSIVE
    export CLANG_CACHE_FINE_GRAINED_OUTPUTS\=YES
    export CLANG_CXX_LANGUAGE_STANDARD\=c++20
    export CLANG_CXX_LIBRARY\=libc++
    export CLANG_ENABLE_EXPLICIT_MODULES\=YES
    export CLANG_ENABLE_MODULES\=YES
    export CLANG_ENABLE_OBJC_ARC\=YES
    export CLANG_ENABLE_OBJC_WEAK\=NO
    export CLANG_MODULES_BUILD_SESSION_FILE\=/Users/karelbraborec/Library/Developer/Xcode/DerivedData/ModuleCache.noindex/Session.modulevalidation
    export CLANG_WARN_BLOCK_CAPTURE_AUTORELEASING\=YES
    export CLANG_WARN_BOOL_CONVERSION\=YES
    export CLANG_WARN_COMMA\=YES
    export CLANG_WARN_CONSTANT_CONVERSION\=YES
    export CLANG_WARN_DEPRECATED_OBJC_IMPLEMENTATIONS\=YES
    export CLANG_WARN_DIRECT_OBJC_ISA_USAGE\=YES_ERROR
    export CLANG_WARN_DOCUMENTATION_COMMENTS\=YES
    export CLANG_WARN_EMPTY_BODY\=YES
    export CLANG_WARN_ENUM_CONVERSION\=YES
    export CLANG_WARN_INFINITE_RECURSION\=YES
    export CLANG_WARN_INT_CONVERSION\=YES
    export CLANG_WARN_NON_LITERAL_NULL_CONVERSION\=YES
    export CLANG_WARN_OBJC_IMPLICIT_RETAIN_SELF\=YES
    export CLANG_WARN_OBJC_LITERAL_CONVERSION\=YES
    export CLANG_WARN_OBJC_ROOT_CLASS\=YES_ERROR
    export CLANG_WARN_QUOTED_INCLUDE_IN_FRAMEWORK_HEADER\=NO
    export CLANG_WARN_RANGE_LOOP_ANALYSIS\=YES
    export CLANG_WARN_STRICT_PROTOTYPES\=YES
    export CLANG_WARN_SUSPICIOUS_MOVE\=YES
    export CLANG_WARN_UNGUARDED_AVAILABILITY\=YES_AGGRESSIVE
    export CLANG_WARN_UNREACHABLE_CODE\=YES
    export CLANG_WARN__DUPLICATE_METHOD_MATCH\=YES
    export CLASS_FILE_DIR\=/Users/karelbraborec/Library/Developer/Xcode/DerivedData/revmeter-hbcnswmlqmbpnlazhhkncgeowiss/Build/Intermediates.noindex/Pods.build/Debug-iphonesimulator/ExpoModulesCore.build/JavaClasses
    export CLEAN_PRECOMPS\=YES
    export CLONE_HEADERS\=NO
    export CODESIGNING_FOLDER_PATH\=/Users/karelbraborec/Library/Developer/Xcode/DerivedData/revmeter-hbcnswmlqmbpnlazhhkncgeowiss/Build/Products/Debug-iphonesimulator/ExpoModulesCore/
    export CODE_SIGNING_ALLOWED\=NO
    export CODE_SIGNING_REQUIRED\=YES
    export CODE_SIGN_CONTEXT_CLASS\=XCiPhoneSimulatorCodeSignContext
    export CODE_SIGN_IDENTITY\=-
    export CODE_SIGN_INJECT_BASE_ENTITLEMENTS\=YES
    export COLOR_DIAGNOSTICS\=NO
    export COMBINE_HIDPI_IMAGES\=NO
    export COMPILATION_CACHE_CAS_PATH\=/Users/karelbraborec/Library/Developer/Xcode/DerivedData/CompilationCache.noindex
    export COMPILATION_CACHE_KEEP_CAS_DIRECTORY\=YES
    export COMPILER_INDEX_STORE_ENABLE\=Default
    export COMPOSITE_SDK_DIRS\=/Users/karelbraborec/Library/Developer/Xcode/DerivedData/revmeter-hbcnswmlqmbpnlazhhkncgeowiss/Build/Intermediates.noindex/CompositeSDKs
    export COMPRESS_PNG_FILES\=YES
    export CONFIGURATION\=Debug
    export CONFIGURATION_BUILD_DIR\=/Users/karelbraborec/Library/Developer/Xcode/DerivedData/revmeter-hbcnswmlqmbpnlazhhkncgeowiss/Build/Products/Debug-iphonesimulator/ExpoModulesCore
    export CONFIGURATION_TEMP_DIR\=/Users/karelbraborec/Library/Developer/Xcode/DerivedData/revmeter-hbcnswmlqmbpnlazhhkncgeowiss/Build/Intermediates.noindex/Pods.build/Debug-iphonesimulator
    export COPYING_PRESERVES_HFS_DATA\=NO
    export COPY_HEADERS_RUN_UNIFDEF\=NO
    export COPY_PHASE_STRIP\=NO
    export CORRESPONDING_DEVICE_PLATFORM_DIR\=/Applications/Xcode.app/Contents/Developer/Platforms/iPhoneOS.platform
    export CORRESPONDING_DEVICE_PLATFORM_NAME\=iphoneos
    export CORRESPONDING_DEVICE_SDK_DIR\=/Applications/Xcode.app/Contents/Developer/Platforms/iPhoneOS.platform/Developer/SDKs/iPhoneOS26.5.sdk
    export CORRESPONDING_DEVICE_SDK_NAME\=iphoneos26.5
    export CP\=/bin/cp
    export CREATE_INFOPLIST_SECTION_IN_BINARY\=NO
    export CURRENT_ARCH\=undefined_arch
    export CURRENT_VARIANT\=normal
    export DEAD_CODE_STRIPPING\=YES
    export DEBUGGING_SYMBOLS\=YES
    export DEBUG_INFORMATION_FORMAT\=dwarf
    export DEBUG_INFORMATION_VERSION\=compiler-default
    export DEFAULT_COMPILER\=com.apple.compilers.llvm.clang.1_0
    export DEFAULT_DEXT_INSTALL_PATH\=/System/Library/DriverExtensions
    export DEFAULT_KEXT_INSTALL_PATH\=/System/Library/Extensions
    export DEFINES_MODULE\=YES
    export DEPLOYMENT_LOCATION\=NO
    export DEPLOYMENT_POSTPROCESSING\=NO
    export DEPLOYMENT_TARGET_SETTING_NAME\=IPHONEOS_DEPLOYMENT_TARGET
    export DEPLOYMENT_TARGET_SUGGESTED_VALUES\=12.0\ 12.1\ 12.2\ 12.3\ 12.4\ 13.0\ 13.1\ 13.2\ 13.3\ 13.4\ 13.5\ 13.6\ 14.0\ 14.1\ 14.2\ 14.3\ 14.4\ 14.5\ 14.6\ 14.7\ 15.0\ 15.1\ 15.2\ 15.3\ 15.4\ 15.5\ 15.6\ 16.0\ 16.1\ 16.2\ 16.3\ 16.4\ 16.5\ 16.6\ 17.0\ 17.1\ 17.2\ 17.3\ 17.4\ 17.5\ 17.6\ 18.0\ 18.1\ 18.2\ 18.3\ 18.4\ 18.5\ 18.6\ 26.0\ 26.2\ 26.3\ 26.4\ 26.5
    export DERIVED_FILES_DIR\=/Users/karelbraborec/Library/Developer/Xcode/DerivedData/revmeter-hbcnswmlqmbpnlazhhkncgeowiss/Build/Intermediates.noindex/Pods.build/Debug-iphonesimulator/ExpoModulesCore.build/DerivedSources
    export DERIVED_FILE_DIR\=/Users/karelbraborec/Library/Developer/Xcode/DerivedData/revmeter-hbcnswmlqmbpnlazhhkncgeowiss/Build/Intermediates.noindex/Pods.build/Debug-iphonesimulator/ExpoModulesCore.build/DerivedSources
    export DERIVED_SOURCES_DIR\=/Users/karelbraborec/Library/Developer/Xcode/DerivedData/revmeter-hbcnswmlqmbpnlazhhkncgeowiss/Build/Intermediates.noindex/Pods.build/Debug-iphonesimulator/ExpoModulesCore.build/DerivedSources
    export DEVELOPER_APPLICATIONS_DIR\=/Applications/Xcode.app/Contents/Developer/Applications
    export DEVELOPER_BIN_DIR\=/Applications/Xcode.app/Contents/Developer/usr/bin
    export DEVELOPER_DIR\=/Applications/Xcode.app/Contents/Developer
    export DEVELOPER_FRAMEWORKS_DIR\=/Applications/Xcode.app/Contents/Developer/Library/Frameworks
    export DEVELOPER_FRAMEWORKS_DIR_QUOTED\=/Applications/Xcode.app/Contents/Developer/Library/Frameworks
    export DEVELOPER_LIBRARY_DIR\=/Applications/Xcode.app/Contents/Developer/Library
    export DEVELOPER_SDK_DIR\=/Applications/Xcode.app/Contents/Developer/Platforms/MacOSX.platform/Developer/SDKs
    export DEVELOPER_TOOLS_DIR\=/Applications/Xcode.app/Contents/Developer/Tools
    export DEVELOPER_USR_DIR\=/Applications/Xcode.app/Contents/Developer/usr
    export DEVELOPMENT_LANGUAGE\=en
    export DIAGNOSE_MISSING_TARGET_DEPENDENCIES\=YES
    export DIFF\=/usr/bin/diff
    export DONT_GENERATE_INFOPLIST_FILE\=NO
    export DSTROOT\=/tmp/Pods.dst
    export DT_TOOLCHAIN_DIR\=/Applications/Xcode.app/Contents/Developer/Toolchains/XcodeDefault.xctoolchain
    export DUMP_DEPENDENCIES\=NO
    export DUMP_DEPENDENCIES_OUTPUT_PATH\=/Users/karelbraborec/Library/Developer/Xcode/DerivedData/revmeter-hbcnswmlqmbpnlazhhkncgeowiss/Build/Intermediates.noindex/Pods.build/Debug-iphonesimulator/ExpoModulesCore.build/ExpoModulesCore-BuildDependencyInfo.json
    export DWARF_DSYM_FILE_NAME\=.dSYM
    export DWARF_DSYM_FILE_SHOULD_ACCOMPANY_PRODUCT\=NO
    export DWARF_DSYM_FOLDER_PATH\=/Users/karelbraborec/Library/Developer/Xcode/DerivedData/revmeter-hbcnswmlqmbpnlazhhkncgeowiss/Build/Products/Debug-iphonesimulator/ExpoModulesCore
    export DYNAMIC_LIBRARY_EXTENSION\=dylib
    export EAGER_COMPILATION_ALLOW_SCRIPTS\=NO
    export EAGER_LINKING\=NO
    export EFFECTIVE_PLATFORM_NAME\=-iphonesimulator
    export EFFECTIVE_SWIFT_VERSION\=5
    export EMBEDDED_CONTENT_CONTAINS_SWIFT\=NO
    export EMBED_ASSET_PACKS_IN_PRODUCT_BUNDLE\=NO
    export ENABLE_APP_SANDBOX\=NO
    export ENABLE_CODE_COVERAGE\=YES
    export ENABLE_COHORT_ARCHS\=NO
    export ENABLE_CPLUSPLUS_BOUNDS_SAFE_BUFFERS\=NO
    export ENABLE_C_BOUNDS_SAFETY\=NO
    export ENABLE_DEFAULT_HEADER_SEARCH_PATHS\=YES
    export ENABLE_DEFAULT_SEARCH_PATHS\=YES
    export ENABLE_ENHANCED_SECURITY\=NO
    export ENABLE_HARDENED_RUNTIME\=NO
    export ENABLE_HEADER_DEPENDENCIES\=YES
    export ENABLE_INCOMING_NETWORK_CONNECTIONS\=NO
    export ENABLE_ON_DEMAND_RESOURCES\=NO
    export ENABLE_OUTGOING_NETWORK_CONNECTIONS\=NO
    export ENABLE_POINTER_AUTHENTICATION\=NO
    export ENABLE_PREVIEWS\=NO
    export ENABLE_RESOURCE_ACCESS_AUDIO_INPUT\=NO
    export ENABLE_RESOURCE_ACCESS_BLUETOOTH\=NO
    export ENABLE_RESOURCE_ACCESS_CALENDARS\=NO
    export ENABLE_RESOURCE_ACCESS_CAMERA\=NO
    export ENABLE_RESOURCE_ACCESS_CONTACTS\=NO
    export ENABLE_RESOURCE_ACCESS_LOCATION\=NO
    export ENABLE_RESOURCE_ACCESS_PHOTO_LIBRARY\=NO
    export ENABLE_RESOURCE_ACCESS_PRINTING\=NO
    export ENABLE_RESOURCE_ACCESS_USB\=NO
    export ENABLE_SDK_IMPORTS\=NO
    export ENABLE_SECURITY_COMPILER_WARNINGS\=NO
    export ENABLE_STRICT_OBJC_MSGSEND\=YES
    export ENABLE_TESTABILITY\=YES
    export ENABLE_TESTING_SEARCH_PATHS\=NO
    export ENABLE_USER_SCRIPT_SANDBOXING\=NO
    export ENABLE_XOJIT_PREVIEWS\=YES
    export ENFORCE_VALID_ARCHS\=YES
    export ENTITLEMENTS_DESTINATION\=__entitlements
    export ENTITLEMENTS_REQUIRED\=YES
    export EXCLUDED_INSTALLSRC_SUBDIRECTORY_PATTERNS\=.DS_Store\ .svn\ .git\ .hg\ CVS
    export EXCLUDED_RECURSIVE_SEARCH_PATH_SUBDIRECTORIES\=\*.nib\ \*.lproj\ \*.framework\ \*.gch\ \*.xcode\*\ \*.xcassets\ \*.icon\ \(\*\)\ .DS_Store\ CVS\ .svn\ .git\ .hg\ \*.pbproj\ \*.pbxproj
    export FILE_LIST\=/Users/karelbraborec/Library/Developer/Xcode/DerivedData/revmeter-hbcnswmlqmbpnlazhhkncgeowiss/Build/Intermediates.noindex/Pods.build/Debug-iphonesimulator/ExpoModulesCore.build/Objects/LinkFileList
    export FIXED_FILES_DIR\=/Users/karelbraborec/Library/Developer/Xcode/DerivedData/revmeter-hbcnswmlqmbpnlazhhkncgeowiss/Build/Intermediates.noindex/Pods.build/Debug-iphonesimulator/ExpoModulesCore.build/FixedFiles
    export FRAMEWORK_SEARCH_PATHS\=\ \"/Users/karelbraborec/rev-meter/ios/Pods/../../node_modules/expo-modules-jsi/apple/Products\"\ \"/Users/karelbraborec/rev-meter/ios/Pods/ExpoModulesCore\"\ \"/Users/karelbraborec/rev-meter/ios/Pods/React-Core-prebuilt\"\ \"/Users/karelbraborec/rev-meter/ios/Pods/ReactNativeDependencies/framework/packages/react-native\"\ \"/Users/karelbraborec/rev-meter/ios/Pods/hermes-engine/destroot/Library/Frameworks/universal\"\ \"/Users/karelbraborec/Library/Developer/Xcode/DerivedData/revmeter-hbcnswmlqmbpnlazhhkncgeowiss/Build/Products/Debug-iphonesimulator/XCFrameworkIntermediates/ExpoModulesCore\"\ \"/Users/karelbraborec/Library/Developer/Xcode/DerivedData/revmeter-hbcnswmlqmbpnlazhhkncgeowiss/Build/Products/Debug-iphonesimulator/XCFrameworkIntermediates/ExpoModulesJSI\"\ \"/Users/karelbraborec/Library/Developer/Xcode/DerivedData/revmeter-hbcnswmlqmbpnlazhhkncgeowiss/Build/Products/Debug-iphonesimulator/XCFrameworkIntermediates/React-Core-prebuilt\"\ \"/Users/karelbraborec/Library/Developer/Xcode/DerivedData/revmeter-hbcnswmlqmbpnlazhhkncgeowiss/Build/Products/Debug-iphonesimulator/XCFrameworkIntermediates/ReactNativeDependencies\"\ \"/Users/karelbraborec/Library/Developer/Xcode/DerivedData/revmeter-hbcnswmlqmbpnlazhhkncgeowiss/Build/Products/Debug-iphonesimulator/XCFrameworkIntermediates/hermes-engine/Pre-built\"
    export FRAMEWORK_VERSION\=A
    export FUSE_BUILD_PHASES\=YES
    export FUSE_BUILD_SCRIPT_PHASES\=NO
    export GCC3_VERSION\=3.3
    export GCC_C_LANGUAGE_STANDARD\=gnu11
    export GCC_DYNAMIC_NO_PIC\=NO
    export GCC_NO_COMMON_BLOCKS\=YES
    export GCC_OBJC_LEGACY_DISPATCH\=YES
    export GCC_OPTIMIZATION_LEVEL\=0
    export GCC_PFE_FILE_C_DIALECTS\=c\ objective-c\ c++\ objective-c++
    export GCC_PREPROCESSOR_DEFINITIONS\=POD_CONFIGURATION_DEBUG\=1\ DEBUG\=1\ \ COCOAPODS\=1\ POD_CONFIGURATION_DEBUG\=1\ DEBUG\=1\ \ EXPO_MODULES_CORE_VERSION\=57.0.11
    export GCC_TREAT_WARNINGS_AS_ERRORS\=NO
    export GCC_VERSION\=com.apple.compilers.llvm.clang.1_0
    export GCC_VERSION_IDENTIFIER\=com_apple_compilers_llvm_clang_1_0
    export GCC_WARN_64_TO_32_BIT_CONVERSION\=YES
    export GCC_WARN_ABOUT_RETURN_TYPE\=YES_ERROR
    export GCC_WARN_UNDECLARED_SELECTOR\=YES
    export GCC_WARN_UNINITIALIZED_AUTOS\=YES_AGGRESSIVE
    export GCC_WARN_UNUSED_FUNCTION\=YES
    export GCC_WARN_UNUSED_VARIABLE\=YES
    export GENERATED_MODULEMAP_DIR\=/Users/karelbraborec/Library/Developer/Xcode/DerivedData/revmeter-hbcnswmlqmbpnlazhhkncgeowiss/Build/Intermediates.noindex/GeneratedModuleMaps-iphonesimulator
    export GENERATE_INFOPLIST_FILE\=NO
    export GENERATE_INTERMEDIATE_TEXT_BASED_STUBS\=YES
    export GENERATE_PKGINFO_FILE\=NO
    export GENERATE_PRELINK_OBJECT_FILE\=NO
    export GENERATE_PROFILING_CODE\=NO
    export GENERATE_TEXT_BASED_STUBS\=NO
    export GID\=20
    export GROUP\=staff
    export HEADERMAP_INCLUDES_FLAT_ENTRIES_FOR_TARGET_BEING_BUILT\=YES
    export HEADERMAP_INCLUDES_FRAMEWORK_ENTRIES_FOR_ALL_PRODUCT_TYPES\=YES
    export HEADERMAP_INCLUDES_FRAMEWORK_ENTRIES_FOR_TARGETS_NOT_BEING_BUILT\=YES
    export HEADERMAP_INCLUDES_NONPUBLIC_NONPRIVATE_HEADERS\=YES
    export HEADERMAP_INCLUDES_PROJECT_HEADERS\=YES
    export HEADERMAP_USES_FRAMEWORK_PREFIX_ENTRIES\=YES
    export HEADERMAP_USES_VFS\=YES
    export HEADER_SEARCH_PATHS\=\ \"/Users/karelbraborec/rev-meter/ios/Pods/Headers/Public\"\ \"/Users/karelbraborec/rev-meter/ios/Pods/Headers/Public/FBLazyVector\"\ \"/Users/karelbraborec/rev-meter/ios/Pods/Headers/Public/RCTRequired\"\ \"/Users/karelbraborec/rev-meter/ios/Pods/Headers/Public/RCTSwiftUIWrapper\"\ \"/Users/karelbraborec/rev-meter/ios/Pods/Headers/Public/RCTTypeSafety\"\ \"/Users/karelbraborec/rev-meter/ios/Pods/Headers/Public/React-Core\"\ \"/Users/karelbraborec/rev-meter/ios/Pods/Headers/Public/React-Core-prebuilt\"\ \"/Users/karelbraborec/rev-meter/ios/Pods/Headers/Public/React-CoreModules\"\ \"/Users/karelbraborec/rev-meter/ios/Pods/Headers/Public/React-Fabric\"\ \"/Users/karelbraborec/rev-meter/ios/Pods/Headers/Public/React-FabricComponents\"\ \"/Users/karelbraborec/rev-meter/ios/Pods/Headers/Public/React-FabricImage\"\ \"/Users/karelbraborec/rev-meter/ios/Pods/Headers/Public/React-ImageManager\"\ \"/Users/karelbraborec/rev-meter/ios/Pods/Headers/Public/React-Mapbuffer\"\ \"/Users/karelbraborec/rev-meter/ios/Pods/Headers/Public/React-NativeModulesApple\"\ \"/Users/karelbraborec/rev-meter/ios/Pods/Headers/Public/React-RCTAnimation\"\ \"/Users/karelbraborec/rev-meter/ios/Pods/Headers/Public/React-RCTBlob\"\ \"/Users/karelbraborec/rev-meter/ios/Pods/Headers/Public/React-RCTFBReactNativeSpec\"\ \"/Users/karelbraborec/rev-meter/ios/Pods/Headers/Public/React-RCTFabric\"\ \"/Users/karelbraborec/rev-meter/ios/Pods/Headers/Public/React-RCTImage\"\ \"/Users/karelbraborec/rev-meter/ios/Pods/Headers/Public/React-RCTRuntime\"\ \"/Users/karelbraborec/rev-meter/ios/Pods/Headers/Public/React-RCTText\"\ \"/Users/karelbraborec/rev-meter/ios/Pods/Headers/Public/React-RuntimeApple\"\ \"/Users/karelbraborec/rev-meter/ios/Pods/Headers/Public/React-RuntimeCore\"\ \"/Users/karelbraborec/rev-meter/ios/Pods/Headers/Public/React-RuntimeHermes\"\ \"/Users/karelbraborec/rev-meter/ios/Pods/Headers/Public/React-callinvoker\"\ \"/Users/karelbraborec/rev-meter/ios/Pods/Headers/Public/React-cxxreact\"\ \"/Users/karelbraborec/rev-meter/ios/Pods/Headers/Public/React-debug\"\ \"/Users/karelbraborec/rev-meter/ios/Pods/Headers/Public/React-defaultsnativemodule\"\ \"/Users/karelbraborec/rev-meter/ios/Pods/Headers/Public/React-domnativemodule\"\ \"/Users/karelbraborec/rev-meter/ios/Pods/Headers/Public/React-featureflags\"\ \"/Users/karelbraborec/rev-meter/ios/Pods/Headers/Public/React-featureflagsnativemodule\"\ \"/Users/karelbraborec/rev-meter/ios/Pods/Headers/Public/React-graphics\"\ \"/Users/karelbraborec/rev-meter/ios/Pods/Headers/Public/React-hermes\"\ \"/Users/karelbraborec/rev-meter/ios/Pods/Headers/Public/React-idlecallbacksnativemodule\"\ \"/Users/karelbraborec/rev-meter/ios/Pods/Headers/Public/React-intersectionobservernativemodule\"\ \"/Users/karelbraborec/rev-meter/ios/Pods/Headers/Public/React-jserrorhandler\"\ \"/Users/karelbraborec/rev-meter/ios/Pods/Headers/Public/React-jsi\"\ \"/Users/karelbraborec/rev-meter/ios/Pods/Headers/Public/React-jsiexecutor\"\ \"/Users/karelbraborec/rev-meter/ios/Pods/Headers/Public/React-jsinspector\"\ \"/Users/karelbraborec/rev-meter/ios/Pods/Headers/Public/React-jsinspectorcdp\"\ \"/Users/karelbraborec/rev-meter/ios/Pods/Headers/Public/React-jsinspectornetwork\"\ \"/Users/karelbraborec/rev-meter/ios/Pods/Headers/Public/React-jsinspectortracing\"\ \"/Users/karelbraborec/rev-meter/ios/Pods/Headers/Public/React-jsitooling\"\ \"/Users/karelbraborec/rev-meter/ios/Pods/Headers/Public/React-logger\"\ \"/Users/karelbraborec/rev-meter/ios/Pods/Headers/Public/React-microtasksnativemodule\"\ \"/Users/karelbraborec/rev-meter/ios/Pods/Headers/Public/React-mutationobservernativemodule\"\ \"/Users/karelbraborec/rev-meter/ios/Pods/Headers/Public/React-networking\"\ \"/Users/karelbraborec/rev-meter/ios/Pods/Headers/Public/React-oscompat\"\ \"/Users/karelbraborec/rev-meter/ios/Pods/Headers/Public/React-perflogger\"\ \"/Users/karelbraborec/rev-meter/ios/Pods/Headers/Public/React-performancecdpmetrics\"\ \"/Users/karelbraborec/rev-meter/ios/Pods/Headers/Public/React-performancetimeline\"\ \"/Users/karelbraborec/rev-meter/ios/Pods/Headers/Public/React-rendererconsistency\"\ \"/Users/karelbraborec/rev-meter/ios/Pods/Headers/Public/React-renderercss\"\ \"/Users/karelbraborec/rev-meter/ios/Pods/Headers/Public/React-rendererdebug\"\ \"/Users/karelbraborec/rev-meter/ios/Pods/Headers/Public/React-runtimeexecutor\"\ \"/Users/karelbraborec/rev-meter/ios/Pods/Headers/Public/React-runtimescheduler\"\ \"/Users/karelbraborec/rev-meter/ios/Pods/Headers/Public/React-timing\"\ \"/Users/karelbraborec/rev-meter/ios/Pods/Headers/Public/React-utils\"\ \"/Users/karelbraborec/rev-meter/ios/Pods/Headers/Public/React-viewtransitionnativemodule\"\ \"/Users/karelbraborec/rev-meter/ios/Pods/Headers/Public/React-webperformancenativemodule\"\ \"/Users/karelbraborec/rev-meter/ios/Pods/Headers/Public/ReactCodegen\"\ \"/Users/karelbraborec/rev-meter/ios/Pods/Headers/Public/ReactCommon\"\ \"/Users/karelbraborec/rev-meter/ios/Pods/Headers/Public/ReactNativeDependencies\"\ \"/Users/karelbraborec/rev-meter/ios/Pods/Headers/Public/Yoga\"\ \"/Users/karelbraborec/rev-meter/ios/Pods/Headers/Public/hermes-engine\"\ \"/Users/karelbraborec/rev-meter/ios/Pods/React-jsinspector\"\ \"/Users/karelbraborec/rev-meter/ios/Pods/Headers/Private/Yoga\"\ \"/Users/karelbraborec/rev-meter/ios/Pods/ExpoModulesCore/ExpoModulesCore.xcframework/ios-arm64_x86_64-simulator/ExpoModulesCore.framework/Headers\"\ \"/Users/karelbraborec/rev-meter/ios/Pods/ExpoModulesCore/ExpoModulesCore.xcframework/ios-arm64/ExpoModulesCore.framework/Headers\"\ \"/Users/karelbraborec/rev-meter/ios/Pods/ExpoModulesCore/ExpoModulesCore.xcframework/ios-arm64_x86_64-simulator/ExpoModulesCore.framework/Headers\"\ \"/Users/karelbraborec/rev-meter/ios/Pods/ExpoModulesCore/ExpoModulesCore.xcframework/ios-arm64/ExpoModulesCore.framework/Headers\"
    export HOME\=/Users/karelbraborec
    export HOST_ARCH\=arm64
    export HOST_PLATFORM\=macosx
    export ICONV\=/usr/bin/iconv
    export IMPLICIT_DEPENDENCY_DOMAIN\=default
    export INDEX_STORE_COMPRESS\=NO
    export INDEX_STORE_ONLY_PROJECT_FILES\=NO
    export INFOPLIST_ENABLE_CFBUNDLEICONS_MERGE\=YES
    export INFOPLIST_EXPAND_BUILD_SETTINGS\=YES
    export INFOPLIST_OUTPUT_FORMAT\=binary
    export INFOPLIST_PREPROCESS\=NO
    export INLINE_PRIVATE_FRAMEWORKS\=NO
    export INSTALLAPI_IGNORE_SKIP_INSTALL\=YES
    export INSTALLHDRS_COPY_PHASE\=NO
    export INSTALLHDRS_SCRIPT_PHASE\=NO
    export INSTALL_DIR\=/tmp/Pods.dst
    export INSTALL_GROUP\=staff
    export INSTALL_MODE_FLAG\=u+w,go-w,a+rX
    export INSTALL_OWNER\=karelbraborec
    export INSTALL_ROOT\=/tmp/Pods.dst
    export IPHONEOS_DEPLOYMENT_TARGET\=16.4
    export IS_UNOPTIMIZED_BUILD\=YES
    export JAVAC_DEFAULT_FLAGS\=-J-Xms64m\ -J-XX:NewSize\=4M\ -J-Dfile.encoding\=UTF8
    export JAVA_APP_STUB\=/System/Library/Frameworks/JavaVM.framework/Resources/MacOS/JavaApplicationStub
    export JAVA_ARCHIVE_CLASSES\=YES
    export JAVA_ARCHIVE_TYPE\=JAR
    export JAVA_COMPILER\=/usr/bin/javac
    export JAVA_FRAMEWORK_RESOURCES_DIRS\=Resources
    export JAVA_JAR_FLAGS\=cv
    export JAVA_SOURCE_SUBDIR\=.
    export JAVA_USE_DEPENDENCIES\=YES
    export JAVA_ZIP_FLAGS\=-urg
    export JIKES_DEFAULT_FLAGS\=+E\ +OLDCSO
    export KEEP_PRIVATE_EXTERNS\=NO
    export LD_DEPENDENCY_INFO_FILE\=/Users/karelbraborec/Library/Developer/Xcode/DerivedData/revmeter-hbcnswmlqmbpnlazhhkncgeowiss/Build/Intermediates.noindex/Pods.build/Debug-iphonesimulator/ExpoModulesCore.build/Objects-normal/undefined_arch/ExpoModulesCore_dependency_info.dat
    export LD_EXPORT_SYMBOLS\=YES
    export LD_GENERATE_MAP_FILE\=NO
    export LD_MAP_FILE_PATH\=/Users/karelbraborec/Library/Developer/Xcode/DerivedData/revmeter-hbcnswmlqmbpnlazhhkncgeowiss/Build/Intermediates.noindex/Pods.build/Debug-iphonesimulator/ExpoModulesCore.build/ExpoModulesCore-LinkMap-normal-undefined_arch.txt
    export LD_NO_PIE\=NO
    export LD_QUOTE_LINKER_ARGUMENTS_FOR_COMPILER_DRIVER\=YES
    export LD_RUNPATH_SEARCH_PATHS\=\ @executable_path/Frameworks
    export LD_SHARED_CACHE_ELIGIBLE\=Automatic
    export LD_WARN_DUPLICATE_LIBRARIES\=NO
    export LD_WARN_UNUSED_DYLIBS\=NO
    export LEGACY_DEVELOPER_DIR\=/Applications/Xcode.app/Contents/PlugIns/Xcode3Core.ideplugin/Contents/SharedSupport/Developer
    export LEX\=lex
    export LIBRARY_DEXT_INSTALL_PATH\=/Library/DriverExtensions
    export LIBRARY_FLAG_NOSPACE\=YES
    export LIBRARY_KEXT_INSTALL_PATH\=/Library/Extensions
    export LINKER_DISPLAYS_MANGLED_NAMES\=NO
    export LINK_FILE_LIST_normal_arm64\=/Users/karelbraborec/Library/Developer/Xcode/DerivedData/revmeter-hbcnswmlqmbpnlazhhkncgeowiss/Build/Intermediates.noindex/Pods.build/Debug-iphonesimulator/ExpoModulesCore.build/Objects-normal/arm64/ExpoModulesCore.LinkFileList
    export LINK_FILE_LIST_normal_x86_64\=/Users/karelbraborec/Library/Developer/Xcode/DerivedData/revmeter-hbcnswmlqmbpnlazhhkncgeowiss/Build/Intermediates.noindex/Pods.build/Debug-iphonesimulator/ExpoModulesCore.build/Objects-normal/x86_64/ExpoModulesCore.LinkFileList
    export LINK_OBJC_RUNTIME\=YES
    export LINK_WITH_STANDARD_LIBRARIES\=YES
    export LLVM_TARGET_TRIPLE_OS_VERSION\=ios16.4
    export LLVM_TARGET_TRIPLE_SUFFIX\=-simulator
    export LLVM_TARGET_TRIPLE_VENDOR\=apple
    export LM_AUX_CONST_METADATA_LIST_PATH_normal_arm64\=/Users/karelbraborec/Library/Developer/Xcode/DerivedData/revmeter-hbcnswmlqmbpnlazhhkncgeowiss/Build/Intermediates.noindex/Pods.build/Debug-iphonesimulator/ExpoModulesCore.build/Objects-normal/arm64/ExpoModulesCore.SwiftConstValuesFileList
    export LM_AUX_CONST_METADATA_LIST_PATH_normal_x86_64\=/Users/karelbraborec/Library/Developer/Xcode/DerivedData/revmeter-hbcnswmlqmbpnlazhhkncgeowiss/Build/Intermediates.noindex/Pods.build/Debug-iphonesimulator/ExpoModulesCore.build/Objects-normal/x86_64/ExpoModulesCore.SwiftConstValuesFileList
    export LOCALIZATION_EXPORT_SUPPORTED\=YES
    export LOCALIZATION_PREFERS_STRING_CATALOGS\=NO
    export LOCALIZED_STRING_CODE_COMMENTS\=NO
    export LOCALIZED_STRING_MACRO_NAMES\=NSLocalizedString\ CFCopyLocalizedString
    export LOCALIZED_STRING_SWIFTUI_SUPPORT\=YES
    export LOCAL_ADMIN_APPS_DIR\=/Applications/Utilities
    export LOCAL_APPS_DIR\=/Applications
    export LOCAL_DEVELOPER_DIR\=/Library/Developer
    export LOCAL_LIBRARY_DIR\=/Library
    export LOCROOT\=/Users/karelbraborec/rev-meter/ios/Pods
    export LOCSYMROOT\=/Users/karelbraborec/rev-meter/ios/Pods
    export MAC_OS_X_PRODUCT_BUILD_VERSION\=25F84
    export MAC_OS_X_VERSION_ACTUAL\=260502
    export MAC_OS_X_VERSION_MAJOR\=260000
    export MAC_OS_X_VERSION_MINOR\=260500
    export MAKE_MERGEABLE\=NO
    export MERGEABLE_LIBRARY\=NO
    export MERGED_BINARY_TYPE\=none
    export MERGE_LINKED_LIBRARIES\=NO
    export METAL_LIBRARY_FILE_BASE\=default
    export METAL_LIBRARY_OUTPUT_DIR\=/Users/karelbraborec/Library/Developer/Xcode/DerivedData/revmeter-hbcnswmlqmbpnlazhhkncgeowiss/Build/Products/Debug-iphonesimulator/ExpoModulesCore/
    export MODULE_CACHE_DIR\=/Users/karelbraborec/Library/Developer/Xcode/DerivedData/ModuleCache.noindex
    export MTL_ENABLE_DEBUG_INFO\=INCLUDE_SOURCE
    export MTL_FAST_MATH\=YES
    export NATIVE_ARCH\=arm64
    export NATIVE_ARCH_32_BIT\=arm
    export NATIVE_ARCH_64_BIT\=arm64
    export NATIVE_ARCH_ACTUAL\=arm64
    export NO_COMMON\=YES
    export OBJC_ABI_VERSION\=2
    export OBJECT_FILE_DIR\=/Users/karelbraborec/Library/Developer/Xcode/DerivedData/revmeter-hbcnswmlqmbpnlazhhkncgeowiss/Build/Intermediates.noindex/Pods.build/Debug-iphonesimulator/ExpoModulesCore.build/Objects
    export OBJECT_FILE_DIR_normal\=/Users/karelbraborec/Library/Developer/Xcode/DerivedData/revmeter-hbcnswmlqmbpnlazhhkncgeowiss/Build/Intermediates.noindex/Pods.build/Debug-iphonesimulator/ExpoModulesCore.build/Objects-normal
    export OBJROOT\=/Users/karelbraborec/Library/Developer/Xcode/DerivedData/revmeter-hbcnswmlqmbpnlazhhkncgeowiss/Build/Intermediates.noindex
    export ONLY_ACTIVE_ARCH\=NO
    export OS\=MACOS
    export OSAC\=/usr/bin/osacompile
    export OTHER_CFLAGS\=\ -DRCT_REMOVE_LEGACY_ARCH\=1\ -fmodule-map-file\=\"/Users/karelbraborec/rev-meter/ios/Pods/Headers/Public/ReactCodegen/ReactCodegen.modulemap\"\ \ -DRCT_REMOVE_LEGACY_ARCH\=1\ -ivfsoverlay\ /Users/karelbraborec/rev-meter/ios/Pods/React-Core-prebuilt/React-VFS.yaml
    export OTHER_CPLUSPLUSFLAGS\=\ -DRCT_REMOVE_LEGACY_ARCH\=1\ -fmodule-map-file\=\"/Users/karelbraborec/rev-meter/ios/Pods/Headers/Public/ReactCodegen/ReactCodegen.modulemap\"\ \ -DRCT_REMOVE_LEGACY_ARCH\=1\ -ivfsoverlay\ /Users/karelbraborec/rev-meter/ios/Pods/React-Core-prebuilt/React-VFS.yaml\ -DRCT_REMOVE_LEGACY_ARCH\=1\ -DRCT_NEW_ARCH_ENABLED\=1\ \ -ivfsoverlay\ /Users/karelbraborec/rev-meter/ios/Pods/React-Core-prebuilt/React-VFS.yaml
    export OTHER_SWIFT_FLAGS\=\ -D\ COCOAPODS\ -Xcc\ -fmodule-map-file\=\"/Users/karelbraborec/rev-meter/ios/Pods/Headers/Public/ReactCodegen/ReactCodegen.modulemap\"\ -import-underlying-module\ -Xcc\ -fmodule-map-file\=\"/Users/karelbraborec/rev-meter/ios/Pods/\"\ \ -DRCT_NEW_ARCH_ENABLED\ -Xcc\ -ivfsoverlay\ -Xcc\ /Users/karelbraborec/rev-meter/ios/Pods/React-Core-prebuilt/React-VFS.yaml\ -Xfrontend\ -load-plugin-executable\ -Xfrontend\ \"/Users/karelbraborec/rev-meter/node_modules/@expo/expo-modules-macros-plugin/apple/ExpoModulesMacros-tool\#ExpoModulesMacros\"
    export PASCAL_STRINGS\=YES
    export PATH\=/Applications/Xcode.app/Contents/SharedFrameworks/SwiftBuild.framework/Versions/A/PlugIns/SWBBuildService.bundle/Contents/PlugIns/SWBUniversalPlatformPlugin.bundle/Contents/Frameworks/SWBUniversalPlatform.framework/Resources:/Applications/Xcode.app/Contents/Developer/Toolchains/XcodeDefault.xctoolchain/usr/bin:/Applications/Xcode.app/Contents/Developer/Toolchains/XcodeDefault.xctoolchain/usr/local/bin:/Applications/Xcode.app/Contents/Developer/Toolchains/XcodeDefault.xctoolchain/usr/libexec:/Applications/Xcode.app/Contents/Developer/Platforms/iPhoneSimulator.platform/usr/bin:/Applications/Xcode.app/Contents/Developer/Platforms/iPhoneSimulator.platform/usr/local/bin:/Applications/Xcode.app/Contents/Developer/Platforms/iPhoneSimulator.platform/Developer/usr/bin:/Applications/Xcode.app/Contents/Developer/Platforms/iPhoneSimulator.platform/Developer/usr/local/bin:/Applications/Xcode.app/Contents/Developer/usr/bin:/Applications/Xcode.app/Contents/Developer/usr/local/bin:/Users/karelbraborec/.gemini/antigravity-ide/bin:/usr/local/bin:/System/Cryptexes/App/usr/bin:/usr/bin:/bin:/usr/sbin:/sbin:/var/run/com.apple.security.cryptexd/codex.system/bootstrap/usr/local/bin:/var/run/com.apple.security.cryptexd/codex.system/bootstrap/usr/bin:/var/run/com.apple.security.cryptexd/codex.system/bootstrap/usr/appleinternal/bin:/pkg/env/global/bin:/Library/Apple/usr/bin:/opt/homebrew/bin
    export PATH_PREFIXES_EXCLUDED_FROM_HEADER_DEPENDENCIES\=/usr/include\ /usr/local/include\ /System/Library/Frameworks\ /System/Library/PrivateFrameworks\ /Applications/Xcode.app/Contents/Developer/Headers\ /Applications/Xcode.app/Contents/Developer/SDKs\ /Applications/Xcode.app/Contents/Developer/Platforms
    export PER_ARCH_MODULE_FILE_DIR\=/Users/karelbraborec/Library/Developer/Xcode/DerivedData/revmeter-hbcnswmlqmbpnlazhhkncgeowiss/Build/Intermediates.noindex/Pods.build/Debug-iphonesimulator/ExpoModulesCore.build/Objects-normal/undefined_arch
    export PER_ARCH_OBJECT_FILE_DIR\=/Users/karelbraborec/Library/Developer/Xcode/DerivedData/revmeter-hbcnswmlqmbpnlazhhkncgeowiss/Build/Intermediates.noindex/Pods.build/Debug-iphonesimulator/ExpoModulesCore.build/Objects-normal/undefined_arch
    export PER_VARIANT_OBJECT_FILE_DIR\=/Users/karelbraborec/Library/Developer/Xcode/DerivedData/revmeter-hbcnswmlqmbpnlazhhkncgeowiss/Build/Intermediates.noindex/Pods.build/Debug-iphonesimulator/ExpoModulesCore.build/Objects-normal
    export PKGINFO_FILE_PATH\=/Users/karelbraborec/Library/Developer/Xcode/DerivedData/revmeter-hbcnswmlqmbpnlazhhkncgeowiss/Build/Intermediates.noindex/Pods.build/Debug-iphonesimulator/ExpoModulesCore.build/PkgInfo
    export PLATFORM_DEVELOPER_APPLICATIONS_DIR\=/Applications/Xcode.app/Contents/Developer/Platforms/iPhoneSimulator.platform/Developer/Applications
    export PLATFORM_DEVELOPER_BIN_DIR\=/Applications/Xcode.app/Contents/Developer/Platforms/iPhoneSimulator.platform/Developer/usr/bin
    export PLATFORM_DEVELOPER_LIBRARY_DIR\=/Applications/Xcode.app/Contents/Developer/Platforms/iPhoneSimulator.platform/Developer/Library
    export PLATFORM_DEVELOPER_SDK_DIR\=/Applications/Xcode.app/Contents/Developer/Platforms/iPhoneSimulator.platform/Developer/SDKs
    export PLATFORM_DEVELOPER_TOOLS_DIR\=/Applications/Xcode.app/Contents/Developer/Platforms/iPhoneSimulator.platform/Developer/Tools
    export PLATFORM_DEVELOPER_USR_DIR\=/Applications/Xcode.app/Contents/Developer/Platforms/iPhoneSimulator.platform/Developer/usr
    export PLATFORM_DIR\=/Applications/Xcode.app/Contents/Developer/Platforms/iPhoneSimulator.platform
    export PLATFORM_DISPLAY_NAME\=iOS\ Simulator
    export PLATFORM_FAMILY_NAME\=iOS
    export PLATFORM_NAME\=iphonesimulator
    export PLATFORM_PREFERRED_ARCH\=x86_64
    export PLATFORM_PRODUCT_BUILD_VERSION\=23F81a
    export PLATFORM_REQUIRES_SWIFT_AUTOLINK_EXTRACT\=NO
    export PLATFORM_REQUIRES_SWIFT_MODULEWRAP\=NO
    export PLATFORM_USES_DSYMS\=YES
    export PLIST_FILE_OUTPUT_FORMAT\=binary
    export PODFILE_DIR\=/Users/karelbraborec/rev-meter/ios/Pods/..
    export PODS_BUILD_DIR\=/Users/karelbraborec/Library/Developer/Xcode/DerivedData/revmeter-hbcnswmlqmbpnlazhhkncgeowiss/Build/Products
    export PODS_CONFIGURATION_BUILD_DIR\=/Users/karelbraborec/Library/Developer/Xcode/DerivedData/revmeter-hbcnswmlqmbpnlazhhkncgeowiss/Build/Products/Debug-iphonesimulator
    export PODS_DEVELOPMENT_LANGUAGE\=en
    export PODS_ROOT\=/Users/karelbraborec/rev-meter/ios/Pods
    export PODS_TARGET_SRCROOT\=/Users/karelbraborec/rev-meter/ios/Pods/ExpoModulesCore
    export PODS_XCFRAMEWORKS_BUILD_DIR\=/Users/karelbraborec/Library/Developer/Xcode/DerivedData/revmeter-hbcnswmlqmbpnlazhhkncgeowiss/Build/Products/Debug-iphonesimulator/XCFrameworkIntermediates
    export PRECOMPS_INCLUDE_HEADERS_FROM_BUILT_PRODUCTS_DIR\=YES
    export PRECOMP_DESTINATION_DIR\=/Users/karelbraborec/Library/Developer/Xcode/DerivedData/revmeter-hbcnswmlqmbpnlazhhkncgeowiss/Build/Intermediates.noindex/Pods.build/Debug-iphonesimulator/ExpoModulesCore.build/PrefixHeaders
    export PROCESSED_INFOPLIST_PATH\=/Users/karelbraborec/Library/Developer/Xcode/DerivedData/revmeter-hbcnswmlqmbpnlazhhkncgeowiss/Build/Intermediates.noindex/Pods.build/Debug-iphonesimulator/ExpoModulesCore.build/Objects-normal/undefined_arch/Processed-Info.plist
    export PRODUCT_BUNDLE_IDENTIFIER\=org.cocoapods.ExpoModulesCore
    export PRODUCT_MODULE_NAME\=ExpoModulesCore
    export PRODUCT_NAME\=ExpoModulesCore
    export PRODUCT_SETTINGS_PATH\=
    export PROFILING_CODE\=NO
    export PROJECT\=Pods
    export PROJECT_DERIVED_FILE_DIR\=/Users/karelbraborec/Library/Developer/Xcode/DerivedData/revmeter-hbcnswmlqmbpnlazhhkncgeowiss/Build/Intermediates.noindex/Pods.build/DerivedSources
    export PROJECT_DIR\=/Users/karelbraborec/rev-meter/ios/Pods
    export PROJECT_FILE_PATH\=/Users/karelbraborec/rev-meter/ios/Pods/Pods.xcodeproj
    export PROJECT_GUID\=8699adb1dd336b26511df848a716bd42
    export PROJECT_NAME\=Pods
    export PROJECT_TEMP_DIR\=/Users/karelbraborec/Library/Developer/Xcode/DerivedData/revmeter-hbcnswmlqmbpnlazhhkncgeowiss/Build/Intermediates.noindex/Pods.build
    export PROJECT_TEMP_ROOT\=/Users/karelbraborec/Library/Developer/Xcode/DerivedData/revmeter-hbcnswmlqmbpnlazhhkncgeowiss/Build/Intermediates.noindex
    export REACT_NATIVE_PATH\=/Users/karelbraborec/rev-meter/ios/Pods/../../node_modules/react-native
    export RECOMMENDED_IPHONEOS_DEPLOYMENT_TARGET\=15.0
    export RECURSIVE_SEARCH_PATHS_FOLLOW_SYMLINKS\=YES
    export REMOVE_CVS_FROM_RESOURCES\=YES
    export REMOVE_GIT_FROM_RESOURCES\=YES
    export REMOVE_HEADERS_FROM_EMBEDDED_BUNDLES\=YES
    export REMOVE_HG_FROM_RESOURCES\=YES
    export REMOVE_STATIC_EXECUTABLES_FROM_EMBEDDED_BUNDLES\=YES
    export REMOVE_SVN_FROM_RESOURCES\=YES
    export RESCHEDULE_INDEPENDENT_HEADERS_PHASES\=YES
    export REZ_COLLECTOR_DIR\=/Users/karelbraborec/Library/Developer/Xcode/DerivedData/revmeter-hbcnswmlqmbpnlazhhkncgeowiss/Build/Intermediates.noindex/Pods.build/Debug-iphonesimulator/ExpoModulesCore.build/ResourceManagerResources
    export REZ_OBJECTS_DIR\=/Users/karelbraborec/Library/Developer/Xcode/DerivedData/revmeter-hbcnswmlqmbpnlazhhkncgeowiss/Build/Intermediates.noindex/Pods.build/Debug-iphonesimulator/ExpoModulesCore.build/ResourceManagerResources/Objects
    export RPATH_ORIGIN\=@loader_path
    export RUNTIME_EXCEPTION_ALLOW_DYLD_ENVIRONMENT_VARIABLES\=NO
    export RUNTIME_EXCEPTION_ALLOW_JIT\=NO
    export RUNTIME_EXCEPTION_ALLOW_UNSIGNED_EXECUTABLE_MEMORY\=NO
    export RUNTIME_EXCEPTION_DEBUGGING_TOOL\=NO
    export RUNTIME_EXCEPTION_DISABLE_EXECUTABLE_PAGE_PROTECTION\=NO
    export RUNTIME_EXCEPTION_DISABLE_LIBRARY_VALIDATION\=NO
    export SCANNING_PCM_KEEP_CACHE_DIRECTORY\=YES
    export SCAN_ALL_SOURCE_FILES_FOR_INCLUDES\=NO
    export SCRIPT_INPUT_FILE_0\=/Users/karelbraborec/rev-meter/node_modules/expo-modules-autolinking/scripts/ios/replace-xcframework.js
    export SCRIPT_INPUT_FILE_COUNT\=1
    export SCRIPT_INPUT_FILE_LIST_COUNT\=0
    export SCRIPT_OUTPUT_FILE_COUNT\=0
    export SCRIPT_OUTPUT_FILE_LIST_COUNT\=0
    export SDKROOT\=/Applications/Xcode.app/Contents/Developer/Platforms/iPhoneSimulator.platform/Developer/SDKs/iPhoneSimulator26.5.sdk
    export SDK_DIR\=/Applications/Xcode.app/Contents/Developer/Platforms/iPhoneSimulator.platform/Developer/SDKs/iPhoneSimulator26.5.sdk
    export SDK_DIR_iphonesimulator\=/Applications/Xcode.app/Contents/Developer/Platforms/iPhoneSimulator.platform/Developer/SDKs/iPhoneSimulator26.5.sdk
    export SDK_DIR_iphonesimulator26_5\=/Applications/Xcode.app/Contents/Developer/Platforms/iPhoneSimulator.platform/Developer/SDKs/iPhoneSimulator26.5.sdk
    export SDK_NAME\=iphonesimulator26.5
    export SDK_NAMES\=iphonesimulator26.5
    export SDK_PRODUCT_BUILD_VERSION\=23F81a
    export SDK_STAT_CACHE_DIR\=/Users/karelbraborec/Library/Developer/Xcode/DerivedData
    export SDK_STAT_CACHE_ENABLE\=YES
    export SDK_STAT_CACHE_PATH\=/Users/karelbraborec/Library/Developer/Xcode/DerivedData/SDKStatCaches.noindex/iphonesimulator26.5-23F81a-6cfe768891a92b912361537c460fe42b.sdkstatcache
    export SDK_VERSION\=26.5
    export SDK_VERSION_ACTUAL\=260500
    export SDK_VERSION_MAJOR\=260000
    export SDK_VERSION_MINOR\=260500
    export SED\=/usr/bin/sed
    export SEPARATE_STRIP\=NO
    export SEPARATE_SYMBOL_EDIT\=NO
    export SET_DIR_MODE_OWNER_GROUP\=YES
    export SET_FILE_MODE_OWNER_GROUP\=NO
    export SHALLOW_BUNDLE\=NO
    export SHARED_DERIVED_FILE_DIR\=/Users/karelbraborec/Library/Developer/Xcode/DerivedData/revmeter-hbcnswmlqmbpnlazhhkncgeowiss/Build/Products/Debug-iphonesimulator/ExpoModulesCore/DerivedSources
    export SHARED_PRECOMPS_DIR\=/Users/karelbraborec/Library/Developer/Xcode/DerivedData/revmeter-hbcnswmlqmbpnlazhhkncgeowiss/Build/Intermediates.noindex/PrecompiledHeaders
    export SKIP_INSTALL\=YES
    export SKIP_MERGEABLE_LIBRARY_BUNDLE_HOOK\=NO
    export SOURCE_ROOT\=/Users/karelbraborec/rev-meter/ios/Pods
    export SRCROOT\=/Users/karelbraborec/rev-meter/ios/Pods
    export STRINGSDATA_DIR\=/Users/karelbraborec/Library/Developer/Xcode/DerivedData/revmeter-hbcnswmlqmbpnlazhhkncgeowiss/Build/Intermediates.noindex/Pods.build/Debug-iphonesimulator/ExpoModulesCore.build/Objects-normal/undefined_arch
    export STRINGSDATA_ROOT\=/Users/karelbraborec/Library/Developer/Xcode/DerivedData/revmeter-hbcnswmlqmbpnlazhhkncgeowiss/Build/Intermediates.noindex/Pods.build/Debug-iphonesimulator/ExpoModulesCore.build
    export STRINGS_FILE_INFOPLIST_RENAME\=YES
    export STRINGS_FILE_OUTPUT_ENCODING\=binary
    export STRING_CATALOG_GENERATE_SYMBOLS\=NO
    export STRIP_BITCODE_FROM_COPIED_FILES\=NO
    export STRIP_INSTALLED_PRODUCT\=NO
    export STRIP_STYLE\=all
    export STRIP_SWIFT_SYMBOLS\=YES
    export SUPPORTED_DEVICE_FAMILIES\=1,2
    export SUPPORTED_PLATFORMS\=iphoneos\ iphonesimulator
    export SUPPORTS_TEXT_BASED_API\=NO
    export SUPPRESS_WARNINGS\=NO
    export SWIFT_ACTIVE_COMPILATION_CONDITIONS\=\ DEBUG
    export SWIFT_COMPILATION_MODE\=wholemodule
    export SWIFT_EMIT_CONST_VALUE_PROTOCOLS\=AnyResolverProviding\ AppEntity\ AppEnum\ AppExtension\ AppIntent\ AppIntentsPackage\ AppShortcutProviding\ AppShortcutsProvider\ AppUnionValue\ AppUnionValueCasesProviding\ DynamicOptionsProvider\ EntityQuery\ ExtensionPointDefining\ IntentValueQuery\ Resolver\ TransientEntity\ _AssistantIntentsProvider\ _GenerativeFunctionExtractable\ _IntentValueRepresentable
    export SWIFT_EMIT_LOC_STRINGS\=NO
    export SWIFT_EMIT_MODULE_INTERFACE\=NO
    export SWIFT_ENABLE_EXPLICIT_MODULES\=NO
    export SWIFT_INCLUDE_PATHS\=\ \"/Users/karelbraborec/Library/Developer/Xcode/DerivedData/revmeter-hbcnswmlqmbpnlazhhkncgeowiss/Build/Products/Debug-iphonesimulator/ExpoModulesJSI\"
    export SWIFT_OPTIMIZATION_LEVEL\=-Onone
    export SWIFT_PLATFORM_TARGET_PREFIX\=ios
    export SWIFT_RESPONSE_FILE_PATH_normal_arm64\=/Users/karelbraborec/Library/Developer/Xcode/DerivedData/revmeter-hbcnswmlqmbpnlazhhkncgeowiss/Build/Intermediates.noindex/Pods.build/Debug-iphonesimulator/ExpoModulesCore.build/Objects-normal/arm64/ExpoModulesCore.SwiftFileList
    export SWIFT_RESPONSE_FILE_PATH_normal_x86_64\=/Users/karelbraborec/Library/Developer/Xcode/DerivedData/revmeter-hbcnswmlqmbpnlazhhkncgeowiss/Build/Intermediates.noindex/Pods.build/Debug-iphonesimulator/ExpoModulesCore.build/Objects-normal/x86_64/ExpoModulesCore.SwiftFileList
    export SWIFT_VERSION\=5.0
    export SYMROOT\=/Users/karelbraborec/Library/Developer/Xcode/DerivedData/revmeter-hbcnswmlqmbpnlazhhkncgeowiss/Build/Products
    export SYSTEM_ADMIN_APPS_DIR\=/Applications/Utilities
    export SYSTEM_APPS_DIR\=/Applications
    export SYSTEM_CORE_SERVICES_DIR\=/System/Library/CoreServices
    export SYSTEM_DEMOS_DIR\=/Applications/Extras
    export SYSTEM_DEVELOPER_APPS_DIR\=/Applications/Xcode.app/Contents/Developer/Applications
    export SYSTEM_DEVELOPER_BIN_DIR\=/Applications/Xcode.app/Contents/Developer/usr/bin
    export SYSTEM_DEVELOPER_DEMOS_DIR\=/Applications/Xcode.app/Contents/Developer/Applications/Utilities/Built\ Examples
    export SYSTEM_DEVELOPER_DIR\=/Applications/Xcode.app/Contents/Developer
    export SYSTEM_DEVELOPER_DOC_DIR\=/Applications/Xcode.app/Contents/Developer/ADC\ Reference\ Library
    export SYSTEM_DEVELOPER_GRAPHICS_TOOLS_DIR\=/Applications/Xcode.app/Contents/Developer/Applications/Graphics\ Tools
    export SYSTEM_DEVELOPER_JAVA_TOOLS_DIR\=/Applications/Xcode.app/Contents/Developer/Applications/Java\ Tools
    export SYSTEM_DEVELOPER_PERFORMANCE_TOOLS_DIR\=/Applications/Xcode.app/Contents/Developer/Applications/Performance\ Tools
    export SYSTEM_DEVELOPER_RELEASENOTES_DIR\=/Applications/Xcode.app/Contents/Developer/ADC\ Reference\ Library/releasenotes
    export SYSTEM_DEVELOPER_TOOLS\=/Applications/Xcode.app/Contents/Developer/Tools
    export SYSTEM_DEVELOPER_TOOLS_DOC_DIR\=/Applications/Xcode.app/Contents/Developer/ADC\ Reference\ Library/documentation/DeveloperTools
    export SYSTEM_DEVELOPER_TOOLS_RELEASENOTES_DIR\=/Applications/Xcode.app/Contents/Developer/ADC\ Reference\ Library/releasenotes/DeveloperTools
    export SYSTEM_DEVELOPER_USR_DIR\=/Applications/Xcode.app/Contents/Developer/usr
    export SYSTEM_DEVELOPER_UTILITIES_DIR\=/Applications/Xcode.app/Contents/Developer/Applications/Utilities
    export SYSTEM_DEXT_INSTALL_PATH\=/System/Library/DriverExtensions
    export SYSTEM_DOCUMENTATION_DIR\=/Library/Documentation
    export SYSTEM_KEXT_INSTALL_PATH\=/System/Library/Extensions
    export SYSTEM_LIBRARY_DIR\=/System/Library
    export TAPI_DEMANGLE\=YES
    export TAPI_ENABLE_PROJECT_HEADERS\=NO
    export TAPI_LANGUAGE\=objective-c
    export TAPI_LANGUAGE_STANDARD\=compiler-default
    export TAPI_USE_SRCROOT\=YES
    export TAPI_VERIFY_MODE\=Pedantic
    export TARGETED_DEVICE_FAMILY\=1,2
    export TARGETNAME\=ExpoModulesCore
    export TARGET_BUILD_DIR\=/Users/karelbraborec/Library/Developer/Xcode/DerivedData/revmeter-hbcnswmlqmbpnlazhhkncgeowiss/Build/Products/Debug-iphonesimulator/ExpoModulesCore
    export TARGET_NAME\=ExpoModulesCore
    export TARGET_TEMP_DIR\=/Users/karelbraborec/Library/Developer/Xcode/DerivedData/revmeter-hbcnswmlqmbpnlazhhkncgeowiss/Build/Intermediates.noindex/Pods.build/Debug-iphonesimulator/ExpoModulesCore.build
    export TEMP_DIR\=/Users/karelbraborec/Library/Developer/Xcode/DerivedData/revmeter-hbcnswmlqmbpnlazhhkncgeowiss/Build/Intermediates.noindex/Pods.build/Debug-iphonesimulator/ExpoModulesCore.build
    export TEMP_FILES_DIR\=/Users/karelbraborec/Library/Developer/Xcode/DerivedData/revmeter-hbcnswmlqmbpnlazhhkncgeowiss/Build/Intermediates.noindex/Pods.build/Debug-iphonesimulator/ExpoModulesCore.build
    export TEMP_FILE_DIR\=/Users/karelbraborec/Library/Developer/Xcode/DerivedData/revmeter-hbcnswmlqmbpnlazhhkncgeowiss/Build/Intermediates.noindex/Pods.build/Debug-iphonesimulator/ExpoModulesCore.build
    export TEMP_ROOT\=/Users/karelbraborec/Library/Developer/Xcode/DerivedData/revmeter-hbcnswmlqmbpnlazhhkncgeowiss/Build/Intermediates.noindex
    export TEMP_SANDBOX_DIR\=/Users/karelbraborec/Library/Developer/Xcode/DerivedData/revmeter-hbcnswmlqmbpnlazhhkncgeowiss/Build/Intermediates.noindex/TemporaryTaskSandboxes
    export TEST_FRAMEWORK_SEARCH_PATHS\=\ /Applications/Xcode.app/Contents/Developer/Platforms/iPhoneSimulator.platform/Developer/Library/Frameworks\ /Applications/Xcode.app/Contents/Developer/Platforms/iPhoneSimulator.platform/Developer/SDKs/iPhoneSimulator26.5.sdk/Developer/Library/Frameworks
    export TEST_LIBRARY_SEARCH_PATHS\=\ /Applications/Xcode.app/Contents/Developer/Platforms/iPhoneSimulator.platform/Developer/usr/lib
    export TOOLCHAINS\=com.apple.dt.toolchain.XcodeDefault
    export TOOLCHAIN_DIR\=/Applications/Xcode.app/Contents/Developer/Toolchains/XcodeDefault.xctoolchain
    export TREAT_MISSING_BASELINES_AS_TEST_FAILURES\=NO
    export TREAT_MISSING_SCRIPT_PHASE_OUTPUTS_AS_ERRORS\=NO
    export UID\=501
    export UNINSTALLED_PRODUCTS_DIR\=/Users/karelbraborec/Library/Developer/Xcode/DerivedData/revmeter-hbcnswmlqmbpnlazhhkncgeowiss/Build/Intermediates.noindex/UninstalledProducts
    export UNSTRIPPED_PRODUCT\=NO
    export USER\=karelbraborec
    export USER_APPS_DIR\=/Users/karelbraborec/Applications
    export USER_LIBRARY_DIR\=/Users/karelbraborec/Library
    export USE_DYNAMIC_NO_PIC\=YES
    export USE_HEADERMAP\=YES
    export USE_HEADER_SYMLINKS\=NO
    export USE_HERMES\=true
    export USE_RECURSIVE_SCRIPT_INPUTS_IN_SCRIPT_PHASES\=YES
    export VALIDATE_DEVELOPMENT_ASSET_PATHS\=YES_ERROR
    export VALIDATE_PRODUCT\=NO
    export VALID_ARCHS\=arm64\ x86_64
    export VERBOSE_PBXCP\=NO
    export VERSION_INFO_BUILDER\=karelbraborec
    export VERSION_INFO_FILE\=ExpoModulesCore_vers.c
    export VERSION_INFO_STRING\=\"@\(\#\)PROGRAM:ExpoModulesCore\ \ PROJECT:Pods-\"
    export WORKSPACE_DIR\=/Users/karelbraborec/rev-meter/ios
    export WRAP_ASSET_PACKS_IN_SEPARATE_DIRECTORIES\=NO
    export XCODE_APP_SUPPORT_DIR\=/Applications/Xcode.app/Contents/Developer/Library/Xcode
    export XCODE_PRODUCT_BUILD_VERSION\=17F113
    export XCODE_VERSION_ACTUAL\=2660
    export XCODE_VERSION_MAJOR\=2600
    export XCODE_VERSION_MINOR\=2660
    export XPCSERVICES_FOLDER_PATH\=/XPCServices
    export YACC\=yacc
    export _DISCOVER_COMMAND_LINE_LINKER_INPUTS\=YES
    export _DISCOVER_COMMAND_LINE_LINKER_INPUTS_INCLUDE_WL\=YES
    export _LD_MULTIARCH\=YES
    export __DIAGNOSE_DEPRECATED_ARCHS\=YES
    export __ORIGINAL_SDK_DEFINED_LLVM_TARGET_TRIPLE_SYS\=ios
    export arch\=undefined_arch
    export variant\=normal
    /bin/sh -c /Users/karelbraborec/Library/Developer/Xcode/DerivedData/revmeter-hbcnswmlqmbpnlazhhkncgeowiss/Build/Intermediates.noindex/Pods.build/Debug-iphonesimulator/ExpoModulesCore.build/Script-46EB2E0001F3C0.sh

PrecompileModule /Users/karelbraborec/Library/Developer/Xcode/DerivedData/revmeter-hbcnswmlqmbpnlazhhkncgeowiss/Build/Intermediates.noindex/ExplicitPrecompiledModules/_DarwinFoundation2-6ORR3FGI1ELAK8YL5HMZ37AXT.scan
    cd /
    builtin-precompileModule /Users/karelbraborec/Library/Developer/Xcode/DerivedData/revmeter-hbcnswmlqmbpnlazhhkncgeowiss/Build/Intermediates.noindex/ExplicitPrecompiledModules/_DarwinFoundation2-6ORR3FGI1ELAK8YL5HMZ37AXT.scan

PrecompileModule /Users/karelbraborec/Library/Developer/Xcode/DerivedData/revmeter-hbcnswmlqmbpnlazhhkncgeowiss/Build/Intermediates.noindex/ExplicitPrecompiledModules/_Builtin_limits-7AQDCQ5CXHAZGH7134YQC7VCJ.scan
    cd /
    builtin-precompileModule /Users/karelbraborec/Library/Developer/Xcode/DerivedData/revmeter-hbcnswmlqmbpnlazhhkncgeowiss/Build/Intermediates.noindex/ExplicitPrecompiledModules/_Builtin_limits-7AQDCQ5CXHAZGH7134YQC7VCJ.scan

PrecompileModule /Users/karelbraborec/Library/Developer/Xcode/DerivedData/revmeter-hbcnswmlqmbpnlazhhkncgeowiss/Build/Intermediates.noindex/ExplicitPrecompiledModules/_DarwinFoundation1-78IQMGM6WTTEXWHHZLW9GRLJW.scan
    cd /
    builtin-precompileModule /Users/karelbraborec/Library/Developer/Xcode/DerivedData/revmeter-hbcnswmlqmbpnlazhhkncgeowiss/Build/Intermediates.noindex/ExplicitPrecompiledModules/_DarwinFoundation1-78IQMGM6WTTEXWHHZLW9GRLJW.scan

SwiftEmitModule normal x86_64 Emitting\ module\ for\ RNScreens (in target 'RNScreens' from project 'Pods')
EmitSwiftModule normal x86_64 (in target 'RNScreens' from project 'Pods')
    cd /Users/karelbraborec/rev-meter/ios/Pods
    

SwiftEmitModule normal arm64 Emitting\ module\ for\ RNScreens (in target 'RNScreens' from project 'Pods')

EmitSwiftModule normal arm64 (in target 'RNScreens' from project 'Pods')
    cd /Users/karelbraborec/rev-meter/ios/Pods
    

SwiftCompile normal arm64 Compiling\ RNSSplitHostController.swift /Users/karelbraborec/rev-meter/node_modules/react-native-screens/ios/gamma/split/RNSSplitHostController.swift (in target 'RNScreens' from project 'Pods')
SwiftCompile normal arm64 /Users/karelbraborec/rev-meter/node_modules/react-native-screens/ios/gamma/split/RNSSplitHostController.swift (in target 'RNScreens' from project 'Pods')
    cd /Users/karelbraborec/rev-meter/ios/Pods
    

SwiftCompile normal arm64 Compiling\ RNSSplitAppearanceCoordinator.swift /Users/karelbraborec/rev-meter/node_modules/react-native-screens/ios/gamma/split/RNSSplitAppearanceCoordinator.swift (in target 'RNScreens' from project 'Pods')

SwiftCompile normal arm64 /Users/karelbraborec/rev-meter/node_modules/react-native-screens/ios/gamma/split/RNSSplitAppearanceCoordinator.swift (in target 'RNScreens' from project 'Pods')
    cd /Users/karelbraborec/rev-meter/ios/Pods
    

PrecompileModule /Users/karelbraborec/Library/Developer/Xcode/DerivedData/revmeter-hbcnswmlqmbpnlazhhkncgeowiss/Build/Intermediates.noindex/ExplicitPrecompiledModules/_Builtin_stdint-613OF6SPVUUAX2USD0MJ7KUJD.scan
    cd /
    builtin-precompileModule /Users/karelbraborec/Library/Developer/Xcode/DerivedData/revmeter-hbcnswmlqmbpnlazhhkncgeowiss/Build/Intermediates.noindex/ExplicitPrecompiledModules/_Builtin_stdint-613OF6SPVUUAX2USD0MJ7KUJD.scan

PrecompileModule /Users/karelbraborec/Library/Developer/Xcode/DerivedData/revmeter-hbcnswmlqmbpnlazhhkncgeowiss/Build/Intermediates.noindex/ExplicitPrecompiledModules/_Builtin_limits-AMP91SD94LKR2TXZPYU0YPLR3.scan
    cd /
    builtin-precompileModule /Users/karelbraborec/Library/Developer/Xcode/DerivedData/revmeter-hbcnswmlqmbpnlazhhkncgeowiss/Build/Intermediates.noindex/ExplicitPrecompiledModules/_Builtin_limits-AMP91SD94LKR2TXZPYU0YPLR3.scan

PrecompileModule /Users/karelbraborec/Library/Developer/Xcode/DerivedData/revmeter-hbcnswmlqmbpnlazhhkncgeowiss/Build/Intermediates.noindex/ExplicitPrecompiledModules/_DarwinFoundation3-3DOBCCDL1WB0TE0ECDJBD3PP2.scan
    cd /
    builtin-precompileModule /Users/karelbraborec/Library/Developer/Xcode/DerivedData/revmeter-hbcnswmlqmbpnlazhhkncgeowiss/Build/Intermediates.noindex/ExplicitPrecompiledModules/_DarwinFoundation3-3DOBCCDL1WB0TE0ECDJBD3PP2.scan

PrecompileModule /Users/karelbraborec/Library/Developer/Xcode/DerivedData/revmeter-hbcnswmlqmbpnlazhhkncgeowiss/Build/Intermediates.noindex/ExplicitPrecompiledModules/_DarwinFoundation2-9IM5YTQ9MN3M66WNKMQMUCRZ0.scan
    cd /
    builtin-precompileModule /Users/karelbraborec/Library/Developer/Xcode/DerivedData/revmeter-hbcnswmlqmbpnlazhhkncgeowiss/Build/Intermediates.noindex/ExplicitPrecompiledModules/_DarwinFoundation2-9IM5YTQ9MN3M66WNKMQMUCRZ0.scan

SwiftCompile normal x86_64 Compiling\ RNSSplitAppearanceCoordinator.swift /Users/karelbraborec/rev-meter/node_modules/react-native-screens/ios/gamma/split/RNSSplitAppearanceCoordinator.swift (in target 'RNScreens' from project 'Pods')

SwiftCompile normal x86_64 /Users/karelbraborec/rev-meter/node_modules/react-native-screens/ios/gamma/split/RNSSplitAppearanceCoordinator.swift (in target 'RNScreens' from project 'Pods')
    cd /Users/karelbraborec/rev-meter/ios/Pods
    

PrecompileModule /Users/karelbraborec/Library/Developer/Xcode/DerivedData/revmeter-hbcnswmlqmbpnlazhhkncgeowiss/Build/Intermediates.noindex/ExplicitPrecompiledModules/_Builtin_inttypes-7S8QHYB3B4JKM9LM9Q8AW0LLM.scan
    cd /
    builtin-precompileModule /Users/karelbraborec/Library/Developer/Xcode/DerivedData/revmeter-hbcnswmlqmbpnlazhhkncgeowiss/Build/Intermediates.noindex/ExplicitPrecompiledModules/_Builtin_inttypes-7S8QHYB3B4JKM9LM9Q8AW0LLM.scan

SwiftCompile normal arm64 Compiling\ RNSSplitScreenController.swift /Users/karelbraborec/rev-meter/node_modules/react-native-screens/ios/gamma/split/RNSSplitScreenController.swift (in target 'RNScreens' from project 'Pods')

SwiftCompile normal arm64 /Users/karelbraborec/rev-meter/node_modules/react-native-screens/ios/gamma/split/RNSSplitScreenController.swift (in target 'RNScreens' from project 'Pods')
    cd /Users/karelbraborec/rev-meter/ios/Pods
    

SwiftCompile normal arm64 Compiling\ RNSOrientationProviding.swift /Users/karelbraborec/rev-meter/node_modules/react-native-screens/ios/gamma/orientation/RNSOrientationProviding.swift (in target 'RNScreens' from project 'Pods')

SwiftCompile normal arm64 /Users/karelbraborec/rev-meter/node_modules/react-native-screens/ios/gamma/orientation/RNSOrientationProviding.swift (in target 'RNScreens' from project 'Pods')
    cd /Users/karelbraborec/rev-meter/ios/Pods
    

PrecompileModule /Users/karelbraborec/Library/Developer/Xcode/DerivedData/revmeter-hbcnswmlqmbpnlazhhkncgeowiss/Build/Intermediates.noindex/ExplicitPrecompiledModules/Darwin-5ROILY6R8EGDRAB8L489I47SU.scan
    cd /
    builtin-precompileModule /Users/karelbraborec/Library/Developer/Xcode/DerivedData/revmeter-hbcnswmlqmbpnlazhhkncgeowiss/Build/Intermediates.noindex/ExplicitPrecompiledModules/Darwin-5ROILY6R8EGDRAB8L489I47SU.scan

PrecompileModule /Users/karelbraborec/Library/Developer/Xcode/DerivedData/revmeter-hbcnswmlqmbpnlazhhkncgeowiss/Build/Intermediates.noindex/ExplicitPrecompiledModules/_Builtin_stdint-AP2GMVJRV6NDOWRYMH6ZXPCL.scan
    cd /
    builtin-precompileModule /Users/karelbraborec/Library/Developer/Xcode/DerivedData/revmeter-hbcnswmlqmbpnlazhhkncgeowiss/Build/Intermediates.noindex/ExplicitPrecompiledModules/_Builtin_stdint-AP2GMVJRV6NDOWRYMH6ZXPCL.scan

PrecompileModule /Users/karelbraborec/Library/Developer/Xcode/DerivedData/revmeter-hbcnswmlqmbpnlazhhkncgeowiss/Build/Intermediates.noindex/ExplicitPrecompiledModules/ObjectiveC-2O15ULFAHE2WBUV646PA3W707.scan
    cd /
    builtin-precompileModule /Users/karelbraborec/Library/Developer/Xcode/DerivedData/revmeter-hbcnswmlqmbpnlazhhkncgeowiss/Build/Intermediates.noindex/ExplicitPrecompiledModules/ObjectiveC-2O15ULFAHE2WBUV646PA3W707.scan

SwiftDriverJobDiscovery normal arm64 Compiling RNSOrientationProviding.swift (in target 'RNScreens' from project 'Pods')

SwiftCompile normal arm64 Compiling\ RNSSplitAppearanceApplicator.swift /Users/karelbraborec/rev-meter/node_modules/react-native-screens/ios/gamma/split/RNSSplitAppearanceApplicator.swift (in target 'RNScreens' from project 'Pods')

SwiftCompile normal arm64 /Users/karelbraborec/rev-meter/node_modules/react-native-screens/ios/gamma/split/RNSSplitAppearanceApplicator.swift (in target 'RNScreens' from project 'Pods')
    cd /Users/karelbraborec/rev-meter/ios/Pods
    
/Users/karelbraborec/rev-meter/node_modules/react-native-screens/ios/gamma/split/RNSSplitAppearanceApplicator.swift:31:17: warning: value 'self' was defined but never used; consider replacing with boolean test
      guard let self = self
            ~~~~^~~~~~~
                            != nil

PrecompileModule /Users/karelbraborec/Library/Developer/Xcode/DerivedData/revmeter-hbcnswmlqmbpnlazhhkncgeowiss/Build/Intermediates.noindex/ExplicitPrecompiledModules/_DarwinFoundation3-6GL7QHBM8L0IBN4YZFIBP1T5L.scan
    cd /
    builtin-precompileModule /Users/karelbraborec/Library/Developer/Xcode/DerivedData/revmeter-hbcnswmlqmbpnlazhhkncgeowiss/Build/Intermediates.noindex/ExplicitPrecompiledModules/_DarwinFoundation3-6GL7QHBM8L0IBN4YZFIBP1T5L.scan

PrecompileModule /Users/karelbraborec/Library/Developer/Xcode/DerivedData/revmeter-hbcnswmlqmbpnlazhhkncgeowiss/Build/Intermediates.noindex/ExplicitPrecompiledModules/os_object-UJS86IFWEC9Z0OJMXIUY9Q5.scan
    cd /
    builtin-precompileModule /Users/karelbraborec/Library/Developer/Xcode/DerivedData/revmeter-hbcnswmlqmbpnlazhhkncgeowiss/Build/Intermediates.noindex/ExplicitPrecompiledModules/os_object-UJS86IFWEC9Z0OJMXIUY9Q5.scan

SwiftDriverJobDiscovery normal arm64 Compiling RNSSplitAppearanceCoordinator.swift (in target 'RNScreens' from project 'Pods')

SwiftCompile normal x86_64 Compiling\ RNSSplitNavigationController.swift /Users/karelbraborec/rev-meter/node_modules/react-native-screens/ios/gamma/split/RNSSplitNavigationController.swift (in target 'RNScreens' from project 'Pods')

SwiftCompile normal x86_64 /Users/karelbraborec/rev-meter/node_modules/react-native-screens/ios/gamma/split/RNSSplitNavigationController.swift (in target 'RNScreens' from project 'Pods')
    cd /Users/karelbraborec/rev-meter/ios/Pods
    

SwiftCompile normal x86_64 Compiling\ RNSSplitScreenController.swift /Users/karelbraborec/rev-meter/node_modules/react-native-screens/ios/gamma/split/RNSSplitScreenController.swift (in target 'RNScreens' from project 'Pods')

SwiftCompile normal x86_64 /Users/karelbraborec/rev-meter/node_modules/react-native-screens/ios/gamma/split/RNSSplitScreenController.swift (in target 'RNScreens' from project 'Pods')
    cd /Users/karelbraborec/rev-meter/ios/Pods
    

SwiftDriverJobDiscovery normal x86_64 Compiling RNSSplitAppearanceCoordinator.swift (in target 'RNScreens' from project 'Pods')

SwiftCompile normal x86_64 Compiling\ RNSOrientationSwift.swift /Users/karelbraborec/rev-meter/node_modules/react-native-screens/ios/gamma/orientation/RNSOrientationSwift.swift (in target 'RNScreens' from project 'Pods')

SwiftCompile normal x86_64 /Users/karelbraborec/rev-meter/node_modules/react-native-screens/ios/gamma/orientation/RNSOrientationSwift.swift (in target 'RNScreens' from project 'Pods')
    cd /Users/karelbraborec/rev-meter/ios/Pods
    

PrecompileModule /Users/karelbraborec/Library/Developer/Xcode/DerivedData/revmeter-hbcnswmlqmbpnlazhhkncgeowiss/Build/Intermediates.noindex/ExplicitPrecompiledModules/os_workgroup-50JTTCW3S0YJOVVFFFAZM8M71.scan
    cd /
    builtin-precompileModule /Users/karelbraborec/Library/Developer/Xcode/DerivedData/revmeter-hbcnswmlqmbpnlazhhkncgeowiss/Build/Intermediates.noindex/ExplicitPrecompiledModules/os_workgroup-50JTTCW3S0YJOVVFFFAZM8M71.scan

PrecompileModule /Users/karelbraborec/Library/Developer/Xcode/DerivedData/revmeter-hbcnswmlqmbpnlazhhkncgeowiss/Build/Intermediates.noindex/ExplicitPrecompiledModules/_Builtin_inttypes-AU32G2KF8DK8VN58VLADRP938.scan
    cd /
    builtin-precompileModule /Users/karelbraborec/Library/Developer/Xcode/DerivedData/revmeter-hbcnswmlqmbpnlazhhkncgeowiss/Build/Intermediates.noindex/ExplicitPrecompiledModules/_Builtin_inttypes-AU32G2KF8DK8VN58VLADRP938.scan

PrecompileModule /Users/karelbraborec/Library/Developer/Xcode/DerivedData/revmeter-hbcnswmlqmbpnlazhhkncgeowiss/Build/Intermediates.noindex/ExplicitPrecompiledModules/Dispatch-2TN4DORNUG4CQYAKD6F5JEGG9.scan
    cd /
    builtin-precompileModule /Users/karelbraborec/Library/Developer/Xcode/DerivedData/revmeter-hbcnswmlqmbpnlazhhkncgeowiss/Build/Intermediates.noindex/ExplicitPrecompiledModules/Dispatch-2TN4DORNUG4CQYAKD6F5JEGG9.scan

SwiftCompile normal x86_64 Compiling\ RNSOrientationProviding.swift /Users/karelbraborec/rev-meter/node_modules/react-native-screens/ios/gamma/orientation/RNSOrientationProviding.swift (in target 'RNScreens' from project 'Pods')

SwiftCompile normal x86_64 /Users/karelbraborec/rev-meter/node_modules/react-native-screens/ios/gamma/orientation/RNSOrientationProviding.swift (in target 'RNScreens' from project 'Pods')
    cd /Users/karelbraborec/rev-meter/ios/Pods
    

PrecompileModule /Users/karelbraborec/Library/Developer/Xcode/DerivedData/revmeter-hbcnswmlqmbpnlazhhkncgeowiss/Build/Intermediates.noindex/ExplicitPrecompiledModules/Darwin-75608PIYQISEP2Y6GUZ4RJUSG.scan
    cd /
    builtin-precompileModule /Users/karelbraborec/Library/Developer/Xcode/DerivedData/revmeter-hbcnswmlqmbpnlazhhkncgeowiss/Build/Intermediates.noindex/ExplicitPrecompiledModules/Darwin-75608PIYQISEP2Y6GUZ4RJUSG.scan

SwiftDriverJobDiscovery normal arm64 Emitting module for RNScreens (in target 'RNScreens' from project 'Pods')

SwiftDriver\ Compilation\ Requirements RNScreens normal arm64 com.apple.xcode.tools.swift.compiler (in target 'RNScreens' from project 'Pods')
    cd /Users/karelbraborec/rev-meter/ios/Pods
    builtin-Swift-Compilation-Requirements -- /Applications/Xcode.app/Contents/Developer/Toolchains/XcodeDefault.xctoolchain/usr/bin/swiftc -module-name RNScreens -Onone @/Users/karelbraborec/Library/Developer/Xcode/DerivedData/revmeter-hbcnswmlqmbpnlazhhkncgeowiss/Build/Intermediates.noindex/Pods.build/Debug-iphonesimulator/RNScreens.build/Objects-normal/arm64/RNScreens.SwiftFileList -DDEBUG -D COCOAPODS -Xcc -fmodule-map-file\=/Users/karelbraborec/rev-meter/ios/Pods/Headers/Public/ReactCodegen/ReactCodegen.modulemap -import-underlying-module -Xcc -fmodule-map-file\=/Users/karelbraborec/rev-meter/ios/Pods/Headers/Public/RNScreens/RNScreens.modulemap -DRCT_NEW_ARCH_ENABLED -Xcc -ivfsoverlay -Xcc /Users/karelbraborec/rev-meter/ios/Pods/React-Core-prebuilt/React-VFS.yaml -enable-bare-slash-regex -enable-experimental-feature DebugDescriptionMacro -sdk /Applications/Xcode.app/Contents/Developer/Platforms/iPhoneSimulator.platform/Developer/SDKs/iPhoneSimulator26.5.sdk -target arm64-apple-ios15.1-simulator -g -module-cache-path /Users/karelbraborec/Library/Developer/Xcode/DerivedData/ModuleCache.noindex -Xfrontend -serialize-debugging-options -enable-testing -index-store-path /Users/karelbraborec/Library/Developer/Xcode/DerivedData/revmeter-hbcnswmlqmbpnlazhhkncgeowiss/Index.noindex/DataStore -Xcc -D_LIBCPP_HARDENING_MODE\=_LIBCPP_HARDENING_MODE_DEBUG -swift-version 5 -I /Users/karelbraborec/Library/Developer/Xcode/DerivedData/revmeter-hbcnswmlqmbpnlazhhkncgeowiss/Build/Products/Debug-iphonesimulator/RNScreens -F /Users/karelbraborec/Library/Developer/Xcode/DerivedData/revmeter-hbcnswmlqmbpnlazhhkncgeowiss/Build/Products/Debug-iphonesimulator/RNScreens -F /Users/karelbraborec/rev-meter/ios/Pods/React-Core-prebuilt -F /Users/karelbraborec/rev-meter/ios/Pods/ReactNativeDependencies/framework/packages/react-native -F /Users/karelbraborec/rev-meter/ios/Pods/hermes-engine/destroot/Library/Frameworks/universal -F /Users/karelbraborec/Library/Developer/Xcode/DerivedData/revmeter-hbcnswmlqmbpnlazhhkncgeowiss/Build/Products/Debug-iphonesimulator/XCFrameworkIntermediates/React-Core-prebuilt -F /Users/karelbraborec/Library/Developer/Xcode/DerivedData/revmeter-hbcnswmlqmbpnlazhhkncgeowiss/Build/Products/Debug-iphonesimulator/XCFrameworkIntermediates/ReactNativeDependencies -F /Users/karelbraborec/Library/Developer/Xcode/DerivedData/revmeter-hbcnswmlqmbpnlazhhkncgeowiss/Build/Products/Debug-iphonesimulator/XCFrameworkIntermediates/hermes-engine/Pre-built -c -j10 -enable-batch-mode -incremental -Xcc -ivfsstatcache -Xcc /Users/karelbraborec/Library/Developer/Xcode/DerivedData/SDKStatCaches.noindex/iphonesimulator26.5-23F81a-6cfe768891a92b912361537c460fe42b.sdkstatcache -output-file-map /Users/karelbraborec/Library/Developer/Xcode/DerivedData/revmeter-hbcnswmlqmbpnlazhhkncgeowiss/Build/Intermediates.noindex/Pods.build/Debug-iphonesimulator/RNScreens.build/Objects-normal/arm64/RNScreens-OutputFileMap.json -use-frontend-parseable-output -save-temps -no-color-diagnostics -serialize-diagnostics -emit-dependencies -emit-module -emit-module-path /Users/karelbraborec/Library/Developer/Xcode/DerivedData/revmeter-hbcnswmlqmbpnlazhhkncgeowiss/Build/Intermediates.noindex/Pods.build/Debug-iphonesimulator/RNScreens.build/Objects-normal/arm64/RNScreens.swiftmodule -validate-clang-modules-once -clang-build-session-file /Users/karelbraborec/Library/Developer/Xcode/DerivedData/ModuleCache.noindex/Session.modulevalidation -Xcc -I/Users/karelbraborec/Library/Developer/Xcode/DerivedData/revmeter-hbcnswmlqmbpnlazhhkncgeowiss/Build/Intermediates.noindex/Pods.build/Debug-iphonesimulator/RNScreens.build/swift-overrides.hmap -emit-const-values -Xfrontend -const-gather-protocols-file -Xfrontend /Users/karelbraborec/Library/Developer/Xcode/DerivedData/revmeter-hbcnswmlqmbpnlazhhkncgeowiss/Build/Intermediates.noindex/Pods.build/Debug-iphonesimulator/RNScreens.build/Objects-normal/arm64/RNScreens_const_extract_protocols.json -Xcc -iquote -Xcc /Users/karelbraborec/Library/Developer/Xcode/DerivedData/revmeter-hbcnswmlqmbpnlazhhkncgeowiss/Build/Intermediates.noindex/Pods.build/Debug-iphonesimulator/RNScreens.build/RNScreens-generated-files.hmap -Xcc -I/Users/karelbraborec/Library/Developer/Xcode/DerivedData/revmeter-hbcnswmlqmbpnlazhhkncgeowiss/Build/Intermediates.noindex/Pods.build/Debug-iphonesimulator/RNScreens.build/RNScreens-own-target-headers.hmap -Xcc -I/Users/karelbraborec/Library/Developer/Xcode/DerivedData/revmeter-hbcnswmlqmbpnlazhhkncgeowiss/Build/Intermediates.noindex/Pods.build/Debug-iphonesimulator/RNScreens.build/RNScreens-all-non-framework-target-headers.hmap -Xcc -ivfsoverlay -Xcc /Users/karelbraborec/Library/Developer/Xcode/DerivedData/revmeter-hbcnswmlqmbpnlazhhkncgeowiss/Build/Intermediates.noindex/Pods.build/Debug-iphonesimulator/Pods-8699adb1dd336b26511df848a716bd42-VFS-iphonesimulator/all-product-headers.yaml -Xcc -iquote -Xcc /Users/karelbraborec/Library/Developer/Xcode/DerivedData/revmeter-hbcnswmlqmbpnlazhhkncgeowiss/Build/Intermediates.noindex/Pods.build/Debug-iphonesimulator/RNScreens.build/RNScreens-project-headers.hmap -Xcc -I/Users/karelbraborec/Library/Developer/Xcode/DerivedData/revmeter-hbcnswmlqmbpnlazhhkncgeowiss/Build/Products/Debug-iphonesimulator/RNScreens/include -Xcc -I/Users/karelbraborec/rev-meter/ios/Pods/Headers/Private -Xcc -I/Users/karelbraborec/rev-meter/ios/Pods/Headers/Private/RNScreens -Xcc -I/Users/karelbraborec/rev-meter/ios/Pods/Headers/Public -Xcc -I/Users/karelbraborec/rev-meter/ios/Pods/Headers/Public/FBLazyVector -Xcc -I/Users/karelbraborec/rev-meter/ios/Pods/Headers/Public/RCTRequired -Xcc -I/Users/karelbraborec/rev-meter/ios/Pods/Headers/Public/RCTSwiftUIWrapper -Xcc -I/Users/karelbraborec/rev-meter/ios/Pods/Headers/Public/RCTTypeSafety -Xcc -I/Users/karelbraborec/rev-meter/ios/Pods/Headers/Public/RNScreens -Xcc -I/Users/karelbraborec/rev-meter/ios/Pods/Headers/Public/React-Core -Xcc -I/Users/karelbraborec/rev-meter/ios/Pods/Headers/Public/React-Core-prebuilt -Xcc -I/Users/karelbraborec/rev-meter/ios/Pods/Headers/Public/React-CoreModules -Xcc -I/Users/karelbraborec/rev-meter/ios/Pods/Headers/Public/React-Fabric -Xcc -I/Users/karelbraborec/rev-meter/ios/Pods/Headers/Public/React-FabricComponents -Xcc -I/Users/karelbraborec/rev-meter/ios/Pods/Headers/Public/React-FabricImage -Xcc -I/Users/karelbraborec/rev-meter/ios/Pods/Headers/Public/React-ImageManager -Xcc -I/Users/karelbraborec/rev-meter/ios/Pods/Headers/Public/React-Mapbuffer -Xcc -I/Users/karelbraborec/rev-meter/ios/Pods/Headers/Public/React-NativeModulesApple -Xcc -I/Users/karelbraborec/rev-meter/ios/Pods/Headers/Public/React-RCTAnimation -Xcc -I/Users/karelbraborec/rev-meter/ios/Pods/Headers/Public/React-RCTBlob -Xcc -I/Users/karelbraborec/rev-meter/ios/Pods/Headers/Public/React-RCTFBReactNativeSpec -Xcc -I/Users/karelbraborec/rev-meter/ios/Pods/Headers/Public/React-RCTFabric -Xcc -I/Users/karelbraborec/rev-meter/ios/Pods/Headers/Public/React-RCTImage -Xcc -I/Users/karelbraborec/rev-meter/ios/Pods/Headers/Public/React-RCTRuntime -Xcc -I/Users/karelbraborec/rev-meter/ios/Pods/Headers/Public/React-RCTText -Xcc -I/Users/karelbraborec/rev-meter/ios/Pods/Headers/Public/React-RuntimeApple -Xcc -I/Users/karelbraborec/rev-meter/ios/Pods/Headers/Public/React-RuntimeCore -Xcc -I/Users/karelbraborec/rev-meter/ios/Pods/Headers/Public/React-RuntimeHermes -Xcc -I/Users/karelbraborec/rev-meter/ios/Pods/Headers/Public/React-callinvoker -Xcc -I/Users/karelbraborec/rev-meter/ios/Pods/Headers/Public/React-cxxreact -Xcc -I/Users/karelbraborec/rev-meter/ios/Pods/Headers/Public/React-debug -Xcc -I/Users/karelbraborec/rev-meter/ios/Pods/Headers/Public/React-defaultsnativemodule -Xcc -I/Users/karelbraborec/rev-meter/ios/Pods/Headers/Public/React-domnativemodule -Xcc -I/Users/karelbraborec/rev-meter/ios/Pods/Headers/Public/React-featureflags -Xcc -I/Users/karelbraborec/rev-meter/ios/Pods/Headers/Public/React-featureflagsnativemodule -Xcc -I/Users/karelbraborec/rev-meter/ios/Pods/Headers/Public/React-graphics -Xcc -I/Users/karelbraborec/rev-meter/ios/Pods/Headers/Public/React-hermes -Xcc -I/Users/karelbraborec/rev-meter/ios/Pods/Headers/Public/React-idlecallbacksnativemodule -Xcc -I/Users/karelbraborec/rev-meter/ios/Pods/Headers/Public/React-intersectionobservernativemodule -Xcc -I/Users/karelbraborec/rev-meter/ios/Pods/Headers/Public/React-jserrorhandler -Xcc -I/Users/karelbraborec/rev-meter/ios/Pods/Headers/Public/React-jsi -Xcc -I/Users/karelbraborec/rev-meter/ios/Pods/Headers/Public/React-jsiexecutor -Xcc -I/Users/karelbraborec/rev-meter/ios/Pods/Headers/Public/React-jsinspector -Xcc -I/Users/karelbraborec/rev-meter/ios/Pods/Headers/Public/React-jsinspectorcdp -Xcc -I/Users/karelbraborec/rev-meter/ios/Pods/Headers/Public/React-jsinspectornetwork -Xcc -I/Users/karelbraborec/rev-meter/ios/Pods/Headers/Public/React-jsinspectortracing -Xcc -I/Users/karelbraborec/rev-meter/ios/Pods/Headers/Public/React-jsitooling -Xcc -I/Users/karelbraborec/rev-meter/ios/Pods/Headers/Public/React-logger -Xcc -I/Users/karelbraborec/rev-meter/ios/Pods/Headers/Public/React-microtasksnativemodule -Xcc -I/Users/karelbraborec/rev-meter/ios/Pods/Headers/Public/React-mutationobservernativemodule -Xcc -I/Users/karelbraborec/rev-meter/ios/Pods/Headers/Public/React-networking -Xcc -I/Users/karelbraborec/rev-meter/ios/Pods/Headers/Public/React-oscompat -Xcc -I/Users/karelbraborec/rev-meter/ios/Pods/Headers/Public/React-perflogger -Xcc -I/Users/karelbraborec/rev-meter/ios/Pods/Headers/Public/React-performancecdpmetrics -Xcc -I/Users/karelbraborec/rev-meter/ios/Pods/Headers/Public/React-performancetimeline -Xcc -I/Users/karelbraborec/rev-meter/ios/Pods/Headers/Public/React-rendererconsistency -Xcc -I/Users/karelbraborec/rev-meter/ios/Pods/Headers/Public/React-renderercss -Xcc -I/Users/karelbraborec/rev-meter/ios/Pods/Headers/Public/React-rendererdebug -Xcc -I/Users/karelbraborec/rev-meter/ios/Pods/Headers/Public/React-runtimeexecutor -Xcc -I/Users/karelbraborec/rev-meter/ios/Pods/Headers/Public/React-runtimescheduler -Xcc -I/Users/karelbraborec/rev-meter/ios/Pods/Headers/Public/React-timing -Xcc -I/Users/karelbraborec/rev-meter/ios/Pods/Headers/Public/React-utils -Xcc -I/Users/karelbraborec/rev-meter/ios/Pods/Headers/Public/React-viewtransitionnativemodule -Xcc -I/Users/karelbraborec/rev-meter/ios/Pods/Headers/Public/React-webperformancenativemodule -Xcc -I/Users/karelbraborec/rev-meter/ios/Pods/Headers/Public/ReactCodegen -Xcc -I/Users/karelbraborec/rev-meter/ios/Pods/Headers/Public/ReactCommon -Xcc -I/Users/karelbraborec/rev-meter/ios/Pods/Headers/Public/ReactNativeDependencies -Xcc -I/Users/karelbraborec/rev-meter/ios/Pods/Headers/Public/Yoga -Xcc -I/Users/karelbraborec/rev-meter/ios/Pods/Headers/Public/hermes-engine -Xcc -I/Users/karelbraborec/rev-meter/ios/Pods/Headers/Private/Yoga -Xcc -I/Users/karelbraborec/rev-meter/ios/Pods/Headers/Private/Yoga -Xcc -I/Users/karelbraborec/rev-meter/node_modules/react-native-screens/common/cpp -Xcc -I/Users/karelbraborec/rev-meter/ios/Pods/ExpoModulesCore/ExpoModulesCore.xcframework/ios-arm64_x86_64-simulator/ExpoModulesCore.framework/Headers -Xcc -I/Users/karelbraborec/rev-meter/ios/Pods/ExpoModulesCore/ExpoModulesCore.xcframework/ios-arm64/ExpoModulesCore.framework/Headers -Xcc -I/Users/karelbraborec/rev-meter/ios/Pods/ExpoModulesCore/ExpoModulesCore.xcframework/ios-arm64_x86_64-simulator/ExpoModulesCore.framework/Headers -Xcc -I/Users/karelbraborec/rev-meter/ios/Pods/ExpoModulesCore/ExpoModulesCore.xcframework/ios-arm64/ExpoModulesCore.framework/Headers -Xcc -I/Users/karelbraborec/Library/Developer/Xcode/DerivedData/revmeter-hbcnswmlqmbpnlazhhkncgeowiss/Build/Intermediates.noindex/Pods.build/Debug-iphonesimulator/RNScreens.build/DerivedSources-normal/arm64 -Xcc -I/Users/karelbraborec/Library/Developer/Xcode/DerivedData/revmeter-hbcnswmlqmbpnlazhhkncgeowiss/Build/Intermediates.noindex/Pods.build/Debug-iphonesimulator/RNScreens.build/DerivedSources/arm64 -Xcc -I/Users/karelbraborec/Library/Developer/Xcode/DerivedData/revmeter-hbcnswmlqmbpnlazhhkncgeowiss/Build/Intermediates.noindex/Pods.build/Debug-iphonesimulator/RNScreens.build/DerivedSources -Xcc -DPOD_CONFIGURATION_DEBUG\=1 -Xcc -DDEBUG\=1 -Xcc -DCOCOAPODS\=1 -emit-objc-header -emit-objc-header-path /Users/karelbraborec/Library/Developer/Xcode/DerivedData/revmeter-hbcnswmlqmbpnlazhhkncgeowiss/Build/Intermediates.noindex/Pods.build/Debug-iphonesimulator/RNScreens.build/Objects-normal/arm64/RNScreens-Swift.h -working-directory /Users/karelbraborec/rev-meter/ios/Pods -experimental-emit-module-separately -disable-cmo

SwiftDriverJobDiscovery normal arm64 Compiling RNSSplitScreenController.swift (in target 'RNScreens' from project 'Pods')

SwiftCompile normal arm64 Compiling\ RNSSplitAppearanceUpdateFlags.swift /Users/karelbraborec/rev-meter/node_modules/react-native-screens/ios/gamma/split/RNSSplitAppearanceUpdateFlags.swift (in target 'RNScreens' from project 'Pods')
SwiftCompile normal arm64 /Users/karelbraborec/rev-meter/node_modules/react-native-screens/ios/gamma/split/RNSSplitAppearanceUpdateFlags.swift (in target 'RNScreens' from project 'Pods')
    cd /Users/karelbraborec/rev-meter/ios/Pods
    

SwiftCompile normal x86_64 Compiling\ RNSSplitHostController.swift /Users/karelbraborec/rev-meter/node_modules/react-native-screens/ios/gamma/split/RNSSplitHostController.swift (in target 'RNScreens' from project 'Pods')
SwiftCompile normal x86_64 /Users/karelbraborec/rev-meter/node_modules/react-native-screens/ios/gamma/split/RNSSplitHostController.swift (in target 'RNScreens' from project 'Pods')
    cd /Users/karelbraborec/rev-meter/ios/Pods
    

Copy /Users/karelbraborec/Library/Developer/Xcode/DerivedData/revmeter-hbcnswmlqmbpnlazhhkncgeowiss/Build/Products/Debug-iphonesimulator/RNScreens/RNScreens.swiftmodule/arm64-apple-ios-simulator.swiftmodule /Users/karelbraborec/Library/Developer/Xcode/DerivedData/revmeter-hbcnswmlqmbpnlazhhkncgeowiss/Build/Intermediates.noindex/Pods.build/Debug-iphonesimulator/RNScreens.build/Objects-normal/arm64/RNScreens.swiftmodule (in target 'RNScreens' from project 'Pods')
    cd /Users/karelbraborec/rev-meter/ios/Pods
    builtin-copy -exclude .DS_Store -exclude CVS -exclude .svn -exclude .git -exclude .hg -resolve-src-symlinks -rename /Users/karelbraborec/Library/Developer/Xcode/DerivedData/revmeter-hbcnswmlqmbpnlazhhkncgeowiss/Build/Intermediates.noindex/Pods.build/Debug-iphonesimulator/RNScreens.build/Objects-normal/arm64/RNScreens.swiftmodule /Users/karelbraborec/Library/Developer/Xcode/DerivedData/revmeter-hbcnswmlqmbpnlazhhkncgeowiss/Build/Products/Debug-iphonesimulator/RNScreens/RNScreens.swiftmodule/arm64-apple-ios-simulator.swiftmodule

SwiftDriverJobDiscovery normal x86_64 Emitting module for RNScreens (in target 'RNScreens' from project 'Pods')

SwiftDriver\ Compilation\ Requirements RNScreens normal x86_64 com.apple.xcode.tools.swift.compiler (in target 'RNScreens' from project 'Pods')
    cd /Users/karelbraborec/rev-meter/ios/Pods
    builtin-Swift-Compilation-Requirements -- /Applications/Xcode.app/Contents/Developer/Toolchains/XcodeDefault.xctoolchain/usr/bin/swiftc -module-name RNScreens -Onone @/Users/karelbraborec/Library/Developer/Xcode/DerivedData/revmeter-hbcnswmlqmbpnlazhhkncgeowiss/Build/Intermediates.noindex/Pods.build/Debug-iphonesimulator/RNScreens.build/Objects-normal/x86_64/RNScreens.SwiftFileList -DDEBUG -D COCOAPODS -Xcc -fmodule-map-file\=/Users/karelbraborec/rev-meter/ios/Pods/Headers/Public/ReactCodegen/ReactCodegen.modulemap -import-underlying-module -Xcc -fmodule-map-file\=/Users/karelbraborec/rev-meter/ios/Pods/Headers/Public/RNScreens/RNScreens.modulemap -DRCT_NEW_ARCH_ENABLED -Xcc -ivfsoverlay -Xcc /Users/karelbraborec/rev-meter/ios/Pods/React-Core-prebuilt/React-VFS.yaml -enable-bare-slash-regex -enable-experimental-feature DebugDescriptionMacro -sdk /Applications/Xcode.app/Contents/Developer/Platforms/iPhoneSimulator.platform/Developer/SDKs/iPhoneSimulator26.5.sdk -target x86_64-apple-ios15.1-simulator -g -module-cache-path /Users/karelbraborec/Library/Developer/Xcode/DerivedData/ModuleCache.noindex -Xfrontend -serialize-debugging-options -enable-testing -index-store-path /Users/karelbraborec/Library/Developer/Xcode/DerivedData/revmeter-hbcnswmlqmbpnlazhhkncgeowiss/Index.noindex/DataStore -Xcc -D_LIBCPP_HARDENING_MODE\=_LIBCPP_HARDENING_MODE_DEBUG -swift-version 5 -I /Users/karelbraborec/Library/Developer/Xcode/DerivedData/revmeter-hbcnswmlqmbpnlazhhkncgeowiss/Build/Products/Debug-iphonesimulator/RNScreens -F /Users/karelbraborec/Library/Developer/Xcode/DerivedData/revmeter-hbcnswmlqmbpnlazhhkncgeowiss/Build/Products/Debug-iphonesimulator/RNScreens -F /Users/karelbraborec/rev-meter/ios/Pods/React-Core-prebuilt -F /Users/karelbraborec/rev-meter/ios/Pods/ReactNativeDependencies/framework/packages/react-native -F /Users/karelbraborec/rev-meter/ios/Pods/hermes-engine/destroot/Library/Frameworks/universal -F /Users/karelbraborec/Library/Developer/Xcode/DerivedData/revmeter-hbcnswmlqmbpnlazhhkncgeowiss/Build/Products/Debug-iphonesimulator/XCFrameworkIntermediates/React-Core-prebuilt -F /Users/karelbraborec/Library/Developer/Xcode/DerivedData/revmeter-hbcnswmlqmbpnlazhhkncgeowiss/Build/Products/Debug-iphonesimulator/XCFrameworkIntermediates/ReactNativeDependencies -F /Users/karelbraborec/Library/Developer/Xcode/DerivedData/revmeter-hbcnswmlqmbpnlazhhkncgeowiss/Build/Products/Debug-iphonesimulator/XCFrameworkIntermediates/hermes-engine/Pre-built -c -j10 -enable-batch-mode -incremental -Xcc -ivfsstatcache -Xcc /Users/karelbraborec/Library/Developer/Xcode/DerivedData/SDKStatCaches.noindex/iphonesimulator26.5-23F81a-6cfe768891a92b912361537c460fe42b.sdkstatcache -output-file-map /Users/karelbraborec/Library/Developer/Xcode/DerivedData/revmeter-hbcnswmlqmbpnlazhhkncgeowiss/Build/Intermediates.noindex/Pods.build/Debug-iphonesimulator/RNScreens.build/Objects-normal/x86_64/RNScreens-OutputFileMap.json -use-frontend-parseable-output -save-temps -no-color-diagnostics -serialize-diagnostics -emit-dependencies -emit-module -emit-module-path /Users/karelbraborec/Library/Developer/Xcode/DerivedData/revmeter-hbcnswmlqmbpnlazhhkncgeowiss/Build/Intermediates.noindex/Pods.build/Debug-iphonesimulator/RNScreens.build/Objects-normal/x86_64/RNScreens.swiftmodule -validate-clang-modules-once -clang-build-session-file /Users/karelbraborec/Library/Developer/Xcode/DerivedData/ModuleCache.noindex/Session.modulevalidation -Xcc -I/Users/karelbraborec/Library/Developer/Xcode/DerivedData/revmeter-hbcnswmlqmbpnlazhhkncgeowiss/Build/Intermediates.noindex/Pods.build/Debug-iphonesimulator/RNScreens.build/swift-overrides.hmap -emit-const-values -Xfrontend -const-gather-protocols-file -Xfrontend /Users/karelbraborec/Library/Developer/Xcode/DerivedData/revmeter-hbcnswmlqmbpnlazhhkncgeowiss/Build/Intermediates.noindex/Pods.build/Debug-iphonesimulator/RNScreens.build/Objects-normal/x86_64/RNScreens_const_extract_protocols.json -Xcc -iquote -Xcc /Users/karelbraborec/Library/Developer/Xcode/DerivedData/revmeter-hbcnswmlqmbpnlazhhkncgeowiss/Build/Intermediates.noindex/Pods.build/Debug-iphonesimulator/RNScreens.build/RNScreens-generated-files.hmap -Xcc -I/Users/karelbraborec/Library/Developer/Xcode/DerivedData/revmeter-hbcnswmlqmbpnlazhhkncgeowiss/Build/Intermediates.noindex/Pods.build/Debug-iphonesimulator/RNScreens.build/RNScreens-own-target-headers.hmap -Xcc -I/Users/karelbraborec/Library/Developer/Xcode/DerivedData/revmeter-hbcnswmlqmbpnlazhhkncgeowiss/Build/Intermediates.noindex/Pods.build/Debug-iphonesimulator/RNScreens.build/RNScreens-all-non-framework-target-headers.hmap -Xcc -ivfsoverlay -Xcc /Users/karelbraborec/Library/Developer/Xcode/DerivedData/revmeter-hbcnswmlqmbpnlazhhkncgeowiss/Build/Intermediates.noindex/Pods.build/Debug-iphonesimulator/Pods-8699adb1dd336b26511df848a716bd42-VFS-iphonesimulator/all-product-headers.yaml -Xcc -iquote -Xcc /Users/karelbraborec/Library/Developer/Xcode/DerivedData/revmeter-hbcnswmlqmbpnlazhhkncgeowiss/Build/Intermediates.noindex/Pods.build/Debug-iphonesimulator/RNScreens.build/RNScreens-project-headers.hmap -Xcc -I/Users/karelbraborec/Library/Developer/Xcode/DerivedData/revmeter-hbcnswmlqmbpnlazhhkncgeowiss/Build/Products/Debug-iphonesimulator/RNScreens/include -Xcc -I/Users/karelbraborec/rev-meter/ios/Pods/Headers/Private -Xcc -I/Users/karelbraborec/rev-meter/ios/Pods/Headers/Private/RNScreens -Xcc -I/Users/karelbraborec/rev-meter/ios/Pods/Headers/Public -Xcc -I/Users/karelbraborec/rev-meter/ios/Pods/Headers/Public/FBLazyVector -Xcc -I/Users/karelbraborec/rev-meter/ios/Pods/Headers/Public/RCTRequired -Xcc -I/Users/karelbraborec/rev-meter/ios/Pods/Headers/Public/RCTSwiftUIWrapper -Xcc -I/Users/karelbraborec/rev-meter/ios/Pods/Headers/Public/RCTTypeSafety -Xcc -I/Users/karelbraborec/rev-meter/ios/Pods/Headers/Public/RNScreens -Xcc -I/Users/karelbraborec/rev-meter/ios/Pods/Headers/Public/React-Core -Xcc -I/Users/karelbraborec/rev-meter/ios/Pods/Headers/Public/React-Core-prebuilt -Xcc -I/Users/karelbraborec/rev-meter/ios/Pods/Headers/Public/React-CoreModules -Xcc -I/Users/karelbraborec/rev-meter/ios/Pods/Headers/Public/React-Fabric -Xcc -I/Users/karelbraborec/rev-meter/ios/Pods/Headers/Public/React-FabricComponents -Xcc -I/Users/karelbraborec/rev-meter/ios/Pods/Headers/Public/React-FabricImage -Xcc -I/Users/karelbraborec/rev-meter/ios/Pods/Headers/Public/React-ImageManager -Xcc -I/Users/karelbraborec/rev-meter/ios/Pods/Headers/Public/React-Mapbuffer -Xcc -I/Users/karelbraborec/rev-meter/ios/Pods/Headers/Public/React-NativeModulesApple -Xcc -I/Users/karelbraborec/rev-meter/ios/Pods/Headers/Public/React-RCTAnimation -Xcc -I/Users/karelbraborec/rev-meter/ios/Pods/Headers/Public/React-RCTBlob -Xcc -I/Users/karelbraborec/rev-meter/ios/Pods/Headers/Public/React-RCTFBReactNativeSpec -Xcc -I/Users/karelbraborec/rev-meter/ios/Pods/Headers/Public/React-RCTFabric -Xcc -I/Users/karelbraborec/rev-meter/ios/Pods/Headers/Public/React-RCTImage -Xcc -I/Users/karelbraborec/rev-meter/ios/Pods/Headers/Public/React-RCTRuntime -Xcc -I/Users/karelbraborec/rev-meter/ios/Pods/Headers/Public/React-RCTText -Xcc -I/Users/karelbraborec/rev-meter/ios/Pods/Headers/Public/React-RuntimeApple -Xcc -I/Users/karelbraborec/rev-meter/ios/Pods/Headers/Public/React-RuntimeCore -Xcc -I/Users/karelbraborec/rev-meter/ios/Pods/Headers/Public/React-RuntimeHermes -Xcc -I/Users/karelbraborec/rev-meter/ios/Pods/Headers/Public/React-callinvoker -Xcc -I/Users/karelbraborec/rev-meter/ios/Pods/Headers/Public/React-cxxreact -Xcc -I/Users/karelbraborec/rev-meter/ios/Pods/Headers/Public/React-debug -Xcc -I/Users/karelbraborec/rev-meter/ios/Pods/Headers/Public/React-defaultsnativemodule -Xcc -I/Users/karelbraborec/rev-meter/ios/Pods/Headers/Public/React-domnativemodule -Xcc -I/Users/karelbraborec/rev-meter/ios/Pods/Headers/Public/React-featureflags -Xcc -I/Users/karelbraborec/rev-meter/ios/Pods/Headers/Public/React-featureflagsnativemodule -Xcc -I/Users/karelbraborec/rev-meter/ios/Pods/Headers/Public/React-graphics -Xcc -I/Users/karelbraborec/rev-meter/ios/Pods/Headers/Public/React-hermes -Xcc -I/Users/karelbraborec/rev-meter/ios/Pods/Headers/Public/React-idlecallbacksnativemodule -Xcc -I/Users/karelbraborec/rev-meter/ios/Pods/Headers/Public/React-intersectionobservernativemodule -Xcc -I/Users/karelbraborec/rev-meter/ios/Pods/Headers/Public/React-jserrorhandler -Xcc -I/Users/karelbraborec/rev-meter/ios/Pods/Headers/Public/React-jsi -Xcc -I/Users/karelbraborec/rev-meter/ios/Pods/Headers/Public/React-jsiexecutor -Xcc -I/Users/karelbraborec/rev-meter/ios/Pods/Headers/Public/React-jsinspector -Xcc -I/Users/karelbraborec/rev-meter/ios/Pods/Headers/Public/React-jsinspectorcdp -Xcc -I/Users/karelbraborec/rev-meter/ios/Pods/Headers/Public/React-jsinspectornetwork -Xcc -I/Users/karelbraborec/rev-meter/ios/Pods/Headers/Public/React-jsinspectortracing -Xcc -I/Users/karelbraborec/rev-meter/ios/Pods/Headers/Public/React-jsitooling -Xcc -I/Users/karelbraborec/rev-meter/ios/Pods/Headers/Public/React-logger -Xcc -I/Users/karelbraborec/rev-meter/ios/Pods/Headers/Public/React-microtasksnativemodule -Xcc -I/Users/karelbraborec/rev-meter/ios/Pods/Headers/Public/React-mutationobservernativemodule -Xcc -I/Users/karelbraborec/rev-meter/ios/Pods/Headers/Public/React-networking -Xcc -I/Users/karelbraborec/rev-meter/ios/Pods/Headers/Public/React-oscompat -Xcc -I/Users/karelbraborec/rev-meter/ios/Pods/Headers/Public/React-perflogger -Xcc -I/Users/karelbraborec/rev-meter/ios/Pods/Headers/Public/React-performancecdpmetrics -Xcc -I/Users/karelbraborec/rev-meter/ios/Pods/Headers/Public/React-performancetimeline -Xcc -I/Users/karelbraborec/rev-meter/ios/Pods/Headers/Public/React-rendererconsistency -Xcc -I/Users/karelbraborec/rev-meter/ios/Pods/Headers/Public/React-renderercss -Xcc -I/Users/karelbraborec/rev-meter/ios/Pods/Headers/Public/React-rendererdebug -Xcc -I/Users/karelbraborec/rev-meter/ios/Pods/Headers/Public/React-runtimeexecutor -Xcc -I/Users/karelbraborec/rev-meter/ios/Pods/Headers/Public/React-runtimescheduler -Xcc -I/Users/karelbraborec/rev-meter/ios/Pods/Headers/Public/React-timing -Xcc -I/Users/karelbraborec/rev-meter/ios/Pods/Headers/Public/React-utils -Xcc -I/Users/karelbraborec/rev-meter/ios/Pods/Headers/Public/React-viewtransitionnativemodule -Xcc -I/Users/karelbraborec/rev-meter/ios/Pods/Headers/Public/React-webperformancenativemodule -Xcc -I/Users/karelbraborec/rev-meter/ios/Pods/Headers/Public/ReactCodegen -Xcc -I/Users/karelbraborec/rev-meter/ios/Pods/Headers/Public/ReactCommon -Xcc -I/Users/karelbraborec/rev-meter/ios/Pods/Headers/Public/ReactNativeDependencies -Xcc -I/Users/karelbraborec/rev-meter/ios/Pods/Headers/Public/Yoga -Xcc -I/Users/karelbraborec/rev-meter/ios/Pods/Headers/Public/hermes-engine -Xcc -I/Users/karelbraborec/rev-meter/ios/Pods/Headers/Private/Yoga -Xcc -I/Users/karelbraborec/rev-meter/ios/Pods/Headers/Private/Yoga -Xcc -I/Users/karelbraborec/rev-meter/node_modules/react-native-screens/common/cpp -Xcc -I/Users/karelbraborec/rev-meter/ios/Pods/ExpoModulesCore/ExpoModulesCore.xcframework/ios-arm64_x86_64-simulator/ExpoModulesCore.framework/Headers -Xcc -I/Users/karelbraborec/rev-meter/ios/Pods/ExpoModulesCore/ExpoModulesCore.xcframework/ios-arm64/ExpoModulesCore.framework/Headers -Xcc -I/Users/karelbraborec/rev-meter/ios/Pods/ExpoModulesCore/ExpoModulesCore.xcframework/ios-arm64_x86_64-simulator/ExpoModulesCore.framework/Headers -Xcc -I/Users/karelbraborec/rev-meter/ios/Pods/ExpoModulesCore/ExpoModulesCore.xcframework/ios-arm64/ExpoModulesCore.framework/Headers -Xcc -I/Users/karelbraborec/Library/Developer/Xcode/DerivedData/revmeter-hbcnswmlqmbpnlazhhkncgeowiss/Build/Intermediates.noindex/Pods.build/Debug-iphonesimulator/RNScreens.build/DerivedSources-normal/x86_64 -Xcc -I/Users/karelbraborec/Library/Developer/Xcode/DerivedData/revmeter-hbcnswmlqmbpnlazhhkncgeowiss/Build/Intermediates.noindex/Pods.build/Debug-iphonesimulator/RNScreens.build/DerivedSources/x86_64 -Xcc -I/Users/karelbraborec/Library/Developer/Xcode/DerivedData/revmeter-hbcnswmlqmbpnlazhhkncgeowiss/Build/Intermediates.noindex/Pods.build/Debug-iphonesimulator/RNScreens.build/DerivedSources -Xcc -DPOD_CONFIGURATION_DEBUG\=1 -Xcc -DDEBUG\=1 -Xcc -DCOCOAPODS\=1 -emit-objc-header -emit-objc-header-path /Users/karelbraborec/Library/Developer/Xcode/DerivedData/revmeter-hbcnswmlqmbpnlazhhkncgeowiss/Build/Intermediates.noindex/Pods.build/Debug-iphonesimulator/RNScreens.build/Objects-normal/x86_64/RNScreens-Swift.h -working-directory /Users/karelbraborec/rev-meter/ios/Pods -experimental-emit-module-separately -disable-cmo

Copy /Users/karelbraborec/Library/Developer/Xcode/DerivedData/revmeter-hbcnswmlqmbpnlazhhkncgeowiss/Build/Products/Debug-iphonesimulator/RNScreens/RNScreens.swiftmodule/arm64-apple-ios-simulator.swiftdoc /Users/karelbraborec/Library/Developer/Xcode/DerivedData/revmeter-hbcnswmlqmbpnlazhhkncgeowiss/Build/Intermediates.noindex/Pods.build/Debug-iphonesimulator/RNScreens.build/Objects-normal/arm64/RNScreens.swiftdoc (in target 'RNScreens' from project 'Pods')
    cd /Users/karelbraborec/rev-meter/ios/Pods
    builtin-copy -exclude .DS_Store -exclude CVS -exclude .svn -exclude .git -exclude .hg -resolve-src-symlinks -rename /Users/karelbraborec/Library/Developer/Xcode/DerivedData/revmeter-hbcnswmlqmbpnlazhhkncgeowiss/Build/Intermediates.noindex/Pods.build/Debug-iphonesimulator/RNScreens.build/Objects-normal/arm64/RNScreens.swiftdoc /Users/karelbraborec/Library/Developer/Xcode/DerivedData/revmeter-hbcnswmlqmbpnlazhhkncgeowiss/Build/Products/Debug-iphonesimulator/RNScreens/RNScreens.swiftmodule/arm64-apple-ios-simulator.swiftdoc

SwiftMergeGeneratedHeaders /Users/karelbraborec/Library/Developer/Xcode/DerivedData/revmeter-hbcnswmlqmbpnlazhhkncgeowiss/Build/Intermediates.noindex/Pods.build/Debug-iphonesimulator/RNScreens.build/DerivedSources/RNScreens-Swift.h /Users/karelbraborec/Library/Developer/Xcode/DerivedData/revmeter-hbcnswmlqmbpnlazhhkncgeowiss/Build/Intermediates.noindex/Pods.build/Debug-iphonesimulator/RNScreens.build/Objects-normal/arm64/RNScreens-Swift.h /Users/karelbraborec/Library/Developer/Xcode/DerivedData/revmeter-hbcnswmlqmbpnlazhhkncgeowiss/Build/Intermediates.noindex/Pods.build/Debug-iphonesimulator/RNScreens.build/Objects-normal/x86_64/RNScreens-Swift.h (in target 'RNScreens' from project 'Pods')
    cd /Users/karelbraborec/rev-meter/ios/Pods
    builtin-swiftHeaderTool -arch arm64 /Users/karelbraborec/Library/Developer/Xcode/DerivedData/revmeter-hbcnswmlqmbpnlazhhkncgeowiss/Build/Intermediates.noindex/Pods.build/Debug-iphonesimulator/RNScreens.build/Objects-normal/arm64/RNScreens-Swift.h -arch x86_64 /Users/karelbraborec/Library/Developer/Xcode/DerivedData/revmeter-hbcnswmlqmbpnlazhhkncgeowiss/Build/Intermediates.noindex/Pods.build/Debug-iphonesimulator/RNScreens.build/Objects-normal/x86_64/RNScreens-Swift.h -o /Users/karelbraborec/Library/Developer/Xcode/DerivedData/revmeter-hbcnswmlqmbpnlazhhkncgeowiss/Build/Intermediates.noindex/Pods.build/Debug-iphonesimulator/RNScreens.build/DerivedSources/RNScreens-Swift.h

Copy /Users/karelbraborec/Library/Developer/Xcode/DerivedData/revmeter-hbcnswmlqmbpnlazhhkncgeowiss/Build/Products/Debug-iphonesimulator/RNScreens/RNScreens.swiftmodule/x86_64-apple-ios-simulator.swiftmodule /Users/karelbraborec/Library/Developer/Xcode/DerivedData/revmeter-hbcnswmlqmbpnlazhhkncgeowiss/Build/Intermediates.noindex/Pods.build/Debug-iphonesimulator/RNScreens.build/Objects-normal/x86_64/RNScreens.swiftmodule (in target 'RNScreens' from project 'Pods')
    cd /Users/karelbraborec/rev-meter/ios/Pods
    builtin-copy -exclude .DS_Store -exclude CVS -exclude .svn -exclude .git -exclude .hg -resolve-src-symlinks -rename /Users/karelbraborec/Library/Developer/Xcode/DerivedData/revmeter-hbcnswmlqmbpnlazhhkncgeowiss/Build/Intermediates.noindex/Pods.build/Debug-iphonesimulator/RNScreens.build/Objects-normal/x86_64/RNScreens.swiftmodule /Users/karelbraborec/Library/Developer/Xcode/DerivedData/revmeter-hbcnswmlqmbpnlazhhkncgeowiss/Build/Products/Debug-iphonesimulator/RNScreens/RNScreens.swiftmodule/x86_64-apple-ios-simulator.swiftmodule

Copy /Users/karelbraborec/Library/Developer/Xcode/DerivedData/revmeter-hbcnswmlqmbpnlazhhkncgeowiss/Build/Products/Debug-iphonesimulator/RNScreens/RNScreens.swiftmodule/x86_64-apple-ios-simulator.swiftdoc /Users/karelbraborec/Library/Developer/Xcode/DerivedData/revmeter-hbcnswmlqmbpnlazhhkncgeowiss/Build/Intermediates.noindex/Pods.build/Debug-iphonesimulator/RNScreens.build/Objects-normal/x86_64/RNScreens.swiftdoc (in target 'RNScreens' from project 'Pods')
    cd /Users/karelbraborec/rev-meter/ios/Pods
    builtin-copy -exclude .DS_Store -exclude CVS -exclude .svn -exclude .git -exclude .hg -resolve-src-symlinks -rename /Users/karelbraborec/Library/Developer/Xcode/DerivedData/revmeter-hbcnswmlqmbpnlazhhkncgeowiss/Build/Intermediates.noindex/Pods.build/Debug-iphonesimulator/RNScreens.build/Objects-normal/x86_64/RNScreens.swiftdoc /Users/karelbraborec/Library/Developer/Xcode/DerivedData/revmeter-hbcnswmlqmbpnlazhhkncgeowiss/Build/Products/Debug-iphonesimulator/RNScreens/RNScreens.swiftmodule/x86_64-apple-ios-simulator.swiftdoc

Copy /Users/karelbraborec/Library/Developer/Xcode/DerivedData/revmeter-hbcnswmlqmbpnlazhhkncgeowiss/Build/Products/Debug-iphonesimulator/RNScreens/RNScreens.swiftmodule/x86_64-apple-ios-simulator.abi.json /Users/karelbraborec/Library/Developer/Xcode/DerivedData/revmeter-hbcnswmlqmbpnlazhhkncgeowiss/Build/Intermediates.noindex/Pods.build/Debug-iphonesimulator/RNScreens.build/Objects-normal/x86_64/RNScreens.abi.json (in target 'RNScreens' from project 'Pods')
    cd /Users/karelbraborec/rev-meter/ios/Pods
    builtin-copy -exclude .DS_Store -exclude CVS -exclude .svn -exclude .git -exclude .hg -resolve-src-symlinks -rename /Users/karelbraborec/Library/Developer/Xcode/DerivedData/revmeter-hbcnswmlqmbpnlazhhkncgeowiss/Build/Intermediates.noindex/Pods.build/Debug-iphonesimulator/RNScreens.build/Objects-normal/x86_64/RNScreens.abi.json /Users/karelbraborec/Library/Developer/Xcode/DerivedData/revmeter-hbcnswmlqmbpnlazhhkncgeowiss/Build/Products/Debug-iphonesimulator/RNScreens/RNScreens.swiftmodule/x86_64-apple-ios-simulator.abi.json

Copy /Users/karelbraborec/Library/Developer/Xcode/DerivedData/revmeter-hbcnswmlqmbpnlazhhkncgeowiss/Build/Products/Debug-iphonesimulator/RNScreens/RNScreens.swiftmodule/arm64-apple-ios-simulator.abi.json /Users/karelbraborec/Library/Developer/Xcode/DerivedData/revmeter-hbcnswmlqmbpnlazhhkncgeowiss/Build/Intermediates.noindex/Pods.build/Debug-iphonesimulator/RNScreens.build/Objects-normal/arm64/RNScreens.abi.json (in target 'RNScreens' from project 'Pods')
    cd /Users/karelbraborec/rev-meter/ios/Pods
    builtin-copy -exclude .DS_Store -exclude CVS -exclude .svn -exclude .git -exclude .hg -resolve-src-symlinks -rename /Users/karelbraborec/Library/Developer/Xcode/DerivedData/revmeter-hbcnswmlqmbpnlazhhkncgeowiss/Build/Intermediates.noindex/Pods.build/Debug-iphonesimulator/RNScreens.build/Objects-normal/arm64/RNScreens.abi.json /Users/karelbraborec/Library/Developer/Xcode/DerivedData/revmeter-hbcnswmlqmbpnlazhhkncgeowiss/Build/Products/Debug-iphonesimulator/RNScreens/RNScreens.swiftmodule/arm64-apple-ios-simulator.abi.json

Copy /Users/karelbraborec/Library/Developer/Xcode/DerivedData/revmeter-hbcnswmlqmbpnlazhhkncgeowiss/Build/Products/Debug-iphonesimulator/RNScreens/RNScreens.swiftmodule/Project/x86_64-apple-ios-simulator.swiftsourceinfo /Users/karelbraborec/Library/Developer/Xcode/DerivedData/revmeter-hbcnswmlqmbpnlazhhkncgeowiss/Build/Intermediates.noindex/Pods.build/Debug-iphonesimulator/RNScreens.build/Objects-normal/x86_64/RNScreens.swiftsourceinfo (in target 'RNScreens' from project 'Pods')
    cd /Users/karelbraborec/rev-meter/ios/Pods
    builtin-copy -exclude .DS_Store -exclude CVS -exclude .svn -exclude .git -exclude .hg -resolve-src-symlinks -rename /Users/karelbraborec/Library/Developer/Xcode/DerivedData/revmeter-hbcnswmlqmbpnlazhhkncgeowiss/Build/Intermediates.noindex/Pods.build/Debug-iphonesimulator/RNScreens.build/Objects-normal/x86_64/RNScreens.swiftsourceinfo /Users/karelbraborec/Library/Developer/Xcode/DerivedData/revmeter-hbcnswmlqmbpnlazhhkncgeowiss/Build/Products/Debug-iphonesimulator/RNScreens/RNScreens.swiftmodule/Project/x86_64-apple-ios-simulator.swiftsourceinfo

Copy /Users/karelbraborec/Library/Developer/Xcode/DerivedData/revmeter-hbcnswmlqmbpnlazhhkncgeowiss/Build/Products/Debug-iphonesimulator/RNScreens/RNScreens.swiftmodule/Project/arm64-apple-ios-simulator.swiftsourceinfo /Users/karelbraborec/Library/Developer/Xcode/DerivedData/revmeter-hbcnswmlqmbpnlazhhkncgeowiss/Build/Intermediates.noindex/Pods.build/Debug-iphonesimulator/RNScreens.build/Objects-normal/arm64/RNScreens.swiftsourceinfo (in target 'RNScreens' from project 'Pods')
    cd /Users/karelbraborec/rev-meter/ios/Pods
    builtin-copy -exclude .DS_Store -exclude CVS -exclude .svn -exclude .git -exclude .hg -resolve-src-symlinks -rename /Users/karelbraborec/Library/Developer/Xcode/DerivedData/revmeter-hbcnswmlqmbpnlazhhkncgeowiss/Build/Intermediates.noindex/Pods.build/Debug-iphonesimulator/RNScreens.build/Objects-normal/arm64/RNScreens.swiftsourceinfo /Users/karelbraborec/Library/Developer/Xcode/DerivedData/revmeter-hbcnswmlqmbpnlazhhkncgeowiss/Build/Products/Debug-iphonesimulator/RNScreens/RNScreens.swiftmodule/Project/arm64-apple-ios-simulator.swiftsourceinfo

PrecompileModule /Users/karelbraborec/Library/Developer/Xcode/DerivedData/revmeter-hbcnswmlqmbpnlazhhkncgeowiss/Build/Intermediates.noindex/ExplicitPrecompiledModules/XPC-1SQ21696P3A99SR3FUWB485H5.scan
    cd /
    builtin-precompileModule /Users/karelbraborec/Library/Developer/Xcode/DerivedData/revmeter-hbcnswmlqmbpnlazhhkncgeowiss/Build/Intermediates.noindex/ExplicitPrecompiledModules/XPC-1SQ21696P3A99SR3FUWB485H5.scan

PrecompileModule /Users/karelbraborec/Library/Developer/Xcode/DerivedData/revmeter-hbcnswmlqmbpnlazhhkncgeowiss/Build/Intermediates.noindex/ExplicitPrecompiledModules/CoreFoundation-12RLPI5D98DVBOXZW6VQ3H5VN.scan
    cd /
    builtin-precompileModule /Users/karelbraborec/Library/Developer/Xcode/DerivedData/revmeter-hbcnswmlqmbpnlazhhkncgeowiss/Build/Intermediates.noindex/ExplicitPrecompiledModules/CoreFoundation-12RLPI5D98DVBOXZW6VQ3H5VN.scan

SwiftDriverJobDiscovery normal x86_64 Compiling RNSOrientationProviding.swift (in target 'RNScreens' from project 'Pods')

SwiftCompile normal arm64 Compiling\ ReactMountingTransactionObserving.swift /Users/karelbraborec/rev-meter/node_modules/react-native-screens/ios/gamma/ReactMountingTransactionObserving.swift (in target 'RNScreens' from project 'Pods')

SwiftCompile normal arm64 /Users/karelbraborec/rev-meter/node_modules/react-native-screens/ios/gamma/ReactMountingTransactionObserving.swift (in target 'RNScreens' from project 'Pods')
    cd /Users/karelbraborec/rev-meter/ios/Pods
    

SwiftDriverJobDiscovery normal arm64 Compiling RNSSplitAppearanceApplicator.swift (in target 'RNScreens' from project 'Pods')

SwiftCompile normal x86_64 Compiling\ ReactMountingTransactionObserving.swift /Users/karelbraborec/rev-meter/node_modules/react-native-screens/ios/gamma/ReactMountingTransactionObserving.swift (in target 'RNScreens' from project 'Pods')

SwiftCompile normal x86_64 /Users/karelbraborec/rev-meter/node_modules/react-native-screens/ios/gamma/ReactMountingTransactionObserving.swift (in target 'RNScreens' from project 'Pods')
    cd /Users/karelbraborec/rev-meter/ios/Pods
    

SwiftCompile normal x86_64 Compiling\ RNSSplitAppearanceApplicator.swift /Users/karelbraborec/rev-meter/node_modules/react-native-screens/ios/gamma/split/RNSSplitAppearanceApplicator.swift (in target 'RNScreens' from project 'Pods')

SwiftCompile normal x86_64 /Users/karelbraborec/rev-meter/node_modules/react-native-screens/ios/gamma/split/RNSSplitAppearanceApplicator.swift (in target 'RNScreens' from project 'Pods')
    cd /Users/karelbraborec/rev-meter/ios/Pods
    
/Users/karelbraborec/rev-meter/node_modules/react-native-screens/ios/gamma/split/RNSSplitAppearanceApplicator.swift:31:17: warning: value 'self' was defined but never used; consider replacing with boolean test
      guard let self = self
            ~~~~^~~~~~~
                            != nil

SwiftDriverJobDiscovery normal x86_64 Compiling RNSOrientationSwift.swift (in target 'RNScreens' from project 'Pods')

SwiftCompile normal arm64 Compiling\ RNSSplitNavigationController.swift /Users/karelbraborec/rev-meter/node_modules/react-native-screens/ios/gamma/split/RNSSplitNavigationController.swift (in target 'RNScreens' from project 'Pods')

SwiftCompile normal arm64 /Users/karelbraborec/rev-meter/node_modules/react-native-screens/ios/gamma/split/RNSSplitNavigationController.swift (in target 'RNScreens' from project 'Pods')
    cd /Users/karelbraborec/rev-meter/ios/Pods
    

SwiftDriverJobDiscovery normal x86_64 Compiling RNSSplitNavigationController.swift (in target 'RNScreens' from project 'Pods')

SwiftCompile normal x86_64 Compiling\ RNSSplitAppearanceUpdateFlags.swift /Users/karelbraborec/rev-meter/node_modules/react-native-screens/ios/gamma/split/RNSSplitAppearanceUpdateFlags.swift (in target 'RNScreens' from project 'Pods')

SwiftCompile normal x86_64 /Users/karelbraborec/rev-meter/node_modules/react-native-screens/ios/gamma/split/RNSSplitAppearanceUpdateFlags.swift (in target 'RNScreens' from project 'Pods')
    cd /Users/karelbraborec/rev-meter/ios/Pods
    

SwiftDriverJobDiscovery normal x86_64 Compiling RNSSplitScreenController.swift (in target 'RNScreens' from project 'Pods')

SwiftCompile normal arm64 Compiling\ RNSOrientationSwift.swift /Users/karelbraborec/rev-meter/node_modules/react-native-screens/ios/gamma/orientation/RNSOrientationSwift.swift (in target 'RNScreens' from project 'Pods')

SwiftCompile normal arm64 /Users/karelbraborec/rev-meter/node_modules/react-native-screens/ios/gamma/orientation/RNSOrientationSwift.swift (in target 'RNScreens' from project 'Pods')
    cd /Users/karelbraborec/rev-meter/ios/Pods
    

SwiftDriverJobDiscovery normal arm64 Compiling RNSSplitHostController.swift (in target 'RNScreens' from project 'Pods')

SwiftCompile normal arm64 Compiling\ RNSLog.swift /Users/karelbraborec/rev-meter/node_modules/react-native-screens/ios/utils/RNSLog.swift (in target 'RNScreens' from project 'Pods')

SwiftCompile normal arm64 /Users/karelbraborec/rev-meter/node_modules/react-native-screens/ios/utils/RNSLog.swift (in target 'RNScreens' from project 'Pods')
    cd /Users/karelbraborec/rev-meter/ios/Pods
    

PrecompileModule /Users/karelbraborec/Library/Developer/Xcode/DerivedData/revmeter-hbcnswmlqmbpnlazhhkncgeowiss/Build/Intermediates.noindex/ExplicitPrecompiledModules/ObjectiveC-5T72PIWAKFXAQ10MS5XXNHZL6.scan
    cd /
    builtin-precompileModule /Users/karelbraborec/Library/Developer/Xcode/DerivedData/revmeter-hbcnswmlqmbpnlazhhkncgeowiss/Build/Intermediates.noindex/ExplicitPrecompiledModules/ObjectiveC-5T72PIWAKFXAQ10MS5XXNHZL6.scan

PrecompileModule /Users/karelbraborec/Library/Developer/Xcode/DerivedData/revmeter-hbcnswmlqmbpnlazhhkncgeowiss/Build/Intermediates.noindex/ExplicitPrecompiledModules/CoreGraphics-1JZTFP47MTA512V6RLZVTF1NI.scan
    cd /
    builtin-precompileModule /Users/karelbraborec/Library/Developer/Xcode/DerivedData/revmeter-hbcnswmlqmbpnlazhhkncgeowiss/Build/Intermediates.noindex/ExplicitPrecompiledModules/CoreGraphics-1JZTFP47MTA512V6RLZVTF1NI.scan

PrecompileModule /Users/karelbraborec/Library/Developer/Xcode/DerivedData/revmeter-hbcnswmlqmbpnlazhhkncgeowiss/Build/Intermediates.noindex/ExplicitPrecompiledModules/os_object-65PURKUZY0ESEXLZ1OQQ4MZII.scan
    cd /
    builtin-precompileModule /Users/karelbraborec/Library/Developer/Xcode/DerivedData/revmeter-hbcnswmlqmbpnlazhhkncgeowiss/Build/Intermediates.noindex/ExplicitPrecompiledModules/os_object-65PURKUZY0ESEXLZ1OQQ4MZII.scan

SwiftDriverJobDiscovery normal arm64 Compiling RNSSplitAppearanceUpdateFlags.swift (in target 'RNScreens' from project 'Pods')

PrecompileModule /Users/karelbraborec/Library/Developer/Xcode/DerivedData/revmeter-hbcnswmlqmbpnlazhhkncgeowiss/Build/Intermediates.noindex/ExplicitPrecompiledModules/CFNetwork-8SBLLJ7U6R3NJGX00MZ0U85M2.scan
    cd /
    builtin-precompileModule /Users/karelbraborec/Library/Developer/Xcode/DerivedData/revmeter-hbcnswmlqmbpnlazhhkncgeowiss/Build/Intermediates.noindex/ExplicitPrecompiledModules/CFNetwork-8SBLLJ7U6R3NJGX00MZ0U85M2.scan

PrecompileModule /Users/karelbraborec/Library/Developer/Xcode/DerivedData/revmeter-hbcnswmlqmbpnlazhhkncgeowiss/Build/Intermediates.noindex/ExplicitPrecompiledModules/Security-9M8FIRCTNB8E67G73XZ460R59.scan
    cd /
    builtin-precompileModule /Users/karelbraborec/Library/Developer/Xcode/DerivedData/revmeter-hbcnswmlqmbpnlazhhkncgeowiss/Build/Intermediates.noindex/ExplicitPrecompiledModules/Security-9M8FIRCTNB8E67G73XZ460R59.scan

SwiftDriverJobDiscovery normal x86_64 Compiling ReactMountingTransactionObserving.swift (in target 'RNScreens' from project 'Pods')

SwiftDriverJobDiscovery normal arm64 Compiling ReactMountingTransactionObserving.swift (in target 'RNScreens' from project 'Pods')

SwiftCompile normal x86_64 Compiling\ RNSLog.swift /Users/karelbraborec/rev-meter/node_modules/react-native-screens/ios/utils/RNSLog.swift (in target 'RNScreens' from project 'Pods')
SwiftCompile normal x86_64 /Users/karelbraborec/rev-meter/node_modules/react-native-screens/ios/utils/RNSLog.swift (in target 'RNScreens' from project 'Pods')
    cd /Users/karelbraborec/rev-meter/ios/Pods
    

PrecompileModule /Users/karelbraborec/Library/Developer/Xcode/DerivedData/revmeter-hbcnswmlqmbpnlazhhkncgeowiss/Build/Intermediates.noindex/ExplicitPrecompiledModules/os_workgroup-C5ZQP5VPHC80W9BXR8RDUMRMJ.scan
    cd /
    builtin-precompileModule /Users/karelbraborec/Library/Developer/Xcode/DerivedData/revmeter-hbcnswmlqmbpnlazhhkncgeowiss/Build/Intermediates.noindex/ExplicitPrecompiledModules/os_workgroup-C5ZQP5VPHC80W9BXR8RDUMRMJ.scan

PrecompileModule /Users/karelbraborec/Library/Developer/Xcode/DerivedData/revmeter-hbcnswmlqmbpnlazhhkncgeowiss/Build/Intermediates.noindex/ExplicitPrecompiledModules/ImageIO-395RS4T72YHK07NIN9OHCIYXU.scan
    cd /
    builtin-precompileModule /Users/karelbraborec/Library/Developer/Xcode/DerivedData/revmeter-hbcnswmlqmbpnlazhhkncgeowiss/Build/Intermediates.noindex/ExplicitPrecompiledModules/ImageIO-395RS4T72YHK07NIN9OHCIYXU.scan

SwiftDriverJobDiscovery normal arm64 Compiling RNSLog.swift (in target 'RNScreens' from project 'Pods')

PrecompileModule /Users/karelbraborec/Library/Developer/Xcode/DerivedData/revmeter-hbcnswmlqmbpnlazhhkncgeowiss/Build/Intermediates.noindex/ExplicitPrecompiledModules/CoreText-1QBH0X2NGKK0KUYY6AVWJRJ5N.scan
    cd /
    builtin-precompileModule /Users/karelbraborec/Library/Developer/Xcode/DerivedData/revmeter-hbcnswmlqmbpnlazhhkncgeowiss/Build/Intermediates.noindex/ExplicitPrecompiledModules/CoreText-1QBH0X2NGKK0KUYY6AVWJRJ5N.scan

PrecompileModule /Users/karelbraborec/Library/Developer/Xcode/DerivedData/revmeter-hbcnswmlqmbpnlazhhkncgeowiss/Build/Intermediates.noindex/ExplicitPrecompiledModules/Foundation-406PPTTNRCBI50PPP40JBBQBO.scan
    cd /
    builtin-precompileModule /Users/karelbraborec/Library/Developer/Xcode/DerivedData/revmeter-hbcnswmlqmbpnlazhhkncgeowiss/Build/Intermediates.noindex/ExplicitPrecompiledModules/Foundation-406PPTTNRCBI50PPP40JBBQBO.scan

PrecompileModule /Users/karelbraborec/Library/Developer/Xcode/DerivedData/revmeter-hbcnswmlqmbpnlazhhkncgeowiss/Build/Intermediates.noindex/ExplicitPrecompiledModules/Dispatch-F43X9FA8HHLCQ5F7910SPXIS5.scan
    cd /
    builtin-precompileModule /Users/karelbraborec/Library/Developer/Xcode/DerivedData/revmeter-hbcnswmlqmbpnlazhhkncgeowiss/Build/Intermediates.noindex/ExplicitPrecompiledModules/Dispatch-F43X9FA8HHLCQ5F7910SPXIS5.scan

SwiftDriverJobDiscovery normal arm64 Compiling RNSOrientationSwift.swift (in target 'RNScreens' from project 'Pods')

CompileC /Users/karelbraborec/Library/Developer/Xcode/DerivedData/revmeter-hbcnswmlqmbpnlazhhkncgeowiss/Build/Intermediates.noindex/Pods.build/Debug-iphonesimulator/RNScreens.build/Objects-normal/x86_64/UIWindow+RNScreens.o /Users/karelbraborec/rev-meter/node_modules/react-native-screens/ios/UIWindow+RNScreens.mm normal x86_64 objective-c++ com.apple.compilers.llvm.clang.1_0.compiler (in target 'RNScreens' from project 'Pods')
    cd /Users/karelbraborec/rev-meter/ios/Pods
    
    Using response file: /Users/karelbraborec/Library/Developer/Xcode/DerivedData/revmeter-hbcnswmlqmbpnlazhhkncgeowiss/Build/Intermediates.noindex/Pods.build/Debug-iphonesimulator/RNScreens.build/Objects-normal/x86_64/af3fcb34312c57c0f52879cdce924b91-common-args.resp
    
    /Applications/Xcode.app/Contents/Developer/Toolchains/XcodeDefault.xctoolchain/usr/bin/clang -x objective-c++ -ivfsstatcache /Users/karelbraborec/Library/Developer/Xcode/DerivedData/SDKStatCaches.noindex/iphonesimulator26.5-23F81a-6cfe768891a92b912361537c460fe42b.sdkstatcache -target x86_64-apple-ios15.1-simulator -fmessage-length\=0 -fdiagnostics-show-note-include-stack -fmacro-backtrace-limit\=0 -fno-color-diagnostics -fmodules-prune-interval\=86400 -fmodules-prune-after\=345600 -fbuild-session-file\=/Users/karelbraborec/Library/Developer/Xcode/DerivedData/ModuleCache.noindex/Session.modulevalidation -fmodules-validate-once-per-build-session -Wnon-modular-include-in-framework-module -Werror\=non-modular-include-in-framework-module -Wno-trigraphs -Wno-missing-field-initializers -Wno-missing-prototypes -Werror\=return-type -Wdocumentation -Wunreachable-code -Wno-implicit-atomic-properties -Werror\=deprecated-objc-isa-usage -Wno-objc-interface-ivars -Werror\=objc-root-class -Wno-arc-repeated-use-of-weak -Wimplicit-retain-self -Wno-non-virtual-dtor -Wno-overloaded-virtual -Wno-exit-time-destructors -Wduplicate-method-match -Wno-missing-braces -Wparentheses -Wswitch -Wunused-function -Wno-unused-label -Wno-unused-parameter -Wunused-variable -Wunused-value -Wempty-body -Wuninitialized -Wconditional-uninitialized -Wno-unknown-pragmas -Wno-shadow -Wno-four-char-constants -Wno-conversion -Wconstant-conversion -Wint-conversion -Wbool-conversion -Wenum-conversion -Wno-float-conversion -Wnon-literal-null-conversion -Wobjc-literal-conversion -Wshorten-64-to-32 -Wno-newline-eof -Wno-selector -Wno-strict-selector-match -Wundeclared-selector -Wdeprecated-implementations -Wno-c++11-extensions -Wno-implicit-fallthrough -isysroot /Applications/Xcode.app/Contents/Developer/Platforms/iPhoneSimulator.platform/Developer/SDKs/iPhoneSimulator26.5.sdk -fstrict-aliasing -Wprotocol -Wdeprecated-declarations -Winvalid-offsetof -Wno-sign-conversion -Winfinite-recursion -Wmove -Wcomma -Wblock-capture-autoreleasing -Wstrict-prototypes -Wrange-loop-analysis -Wno-semicolon-before-method-body -Wunguarded-availability -index-store-path /Users/karelbraborec/Library/Developer/Xcode/DerivedData/revmeter-hbcnswmlqmbpnlazhhkncgeowiss/Index.noindex/DataStore @/Users/karelbraborec/Library/Developer/Xcode/DerivedData/revmeter-hbcnswmlqmbpnlazhhkncgeowiss/Build/Intermediates.noindex/Pods.build/Debug-iphonesimulator/RNScreens.build/Objects-normal/x86_64/af3fcb34312c57c0f52879cdce924b91-common-args.resp -DRCT_NEW_ARCH_ENABLED\=1 -include /Users/karelbraborec/rev-meter/ios/Pods/Target\ Support\ Files/RNScreens/RNScreens-prefix.pch -MMD -MT dependencies -MF /Users/karelbraborec/Library/Developer/Xcode/DerivedData/revmeter-hbcnswmlqmbpnlazhhkncgeowiss/Build/Intermediates.noindex/Pods.build/Debug-iphonesimulator/RNScreens.build/Objects-normal/x86_64/UIWindow+RNScreens.d --serialize-diagnostics /Users/karelbraborec/Library/Developer/Xcode/DerivedData/revmeter-hbcnswmlqmbpnlazhhkncgeowiss/Build/Intermediates.noindex/Pods.build/Debug-iphonesimulator/RNScreens.build/Objects-normal/x86_64/UIWindow+RNScreens.dia -c /Users/karelbraborec/rev-meter/node_modules/react-native-screens/ios/UIWindow+RNScreens.mm -o /Users/karelbraborec/Library/Developer/Xcode/DerivedData/revmeter-hbcnswmlqmbpnlazhhkncgeowiss/Build/Intermediates.noindex/Pods.build/Debug-iphonesimulator/RNScreens.build/Objects-normal/x86_64/UIWindow+RNScreens.o -index-unit-output-path /Pods.build/Debug-iphonesimulator/RNScreens.build/Objects-normal/x86_64/UIWindow+RNScreens.o

PhaseScriptExecution [CP]\ Copy\ XCFrameworks /Users/karelbraborec/Library/Developer/Xcode/DerivedData/revmeter-hbcnswmlqmbpnlazhhkncgeowiss/Build/Intermediates.noindex/Pods.build/Debug-iphonesimulator/ExpoModulesCore.build/Script-46EB2E0001F3B0.sh (in target 'ExpoModulesCore' from project 'Pods')
    cd /Users/karelbraborec/rev-meter/ios/Pods
    /bin/sh -c /Users/karelbraborec/Library/Developer/Xcode/DerivedData/revmeter-hbcnswmlqmbpnlazhhkncgeowiss/Build/Intermediates.noindex/Pods.build/Debug-iphonesimulator/ExpoModulesCore.build/Script-46EB2E0001F3B0.sh
Selected xcframework slice ios-arm64_x86_64-simulator
rsync --delete -av --filter P .*.?????? --links --filter "- CVS/" --filter "- .svn/" --filter "- .git/" --filter "- .hg/" "/Users/karelbraborec/rev-meter/ios/Pods/ExpoModulesCore/ExpoModulesCore.xcframework/ios-arm64_x86_64-simulator/*" "/Users/karelbraborec/Library/Developer/Xcode/DerivedData/revmeter-hbcnswmlqmbpnlazhhkncgeowiss/Build/Products/Debug-iphonesimulator/XCFrameworkIntermediates/ExpoModulesCore"
Transfer starting: 111 files
ExpoModulesCore.framework/
ExpoModulesCore.framework/ExpoModulesCore
ExpoModulesCore.framework/Info.plist
ExpoModulesCore.framework/Headers/
ExpoModulesCore.framework/Headers/BridgelessJSCallInvoker.h
ExpoModulesCore.framework/Headers/CoreModuleHelper.h
ExpoModulesCore.framework/Headers/EXAccelerometerInterface.h
ExpoModulesCore.framework/Headers/EXAppContextProtocol.h
ExpoModulesCore.framework/Headers/EXAppDefines.h
ExpoModulesCore.framework/Headers/EXAppLifecycleListener.h
ExpoModulesCore.framework/Headers/EXAppLifecycleService.h
ExpoModulesCore.framework/Headers/EXBarometerInterface.h
ExpoModulesCore.framework/Headers/EXCameraInterface.h
ExpoModulesCore.framework/Headers/EXConstantsInterface.h
ExpoModulesCore.framework/Headers/EXDefines.h
ExpoModulesCore.framework/Headers/EXDeviceMotionInterface.h
ExpoModulesCore.framework/Headers/EXExportedModule.h
ExpoModulesCore.framework/Headers/EXFaceDetectorManagerInterface.h
ExpoModulesCore.framework/Headers/EXFaceDetectorManagerProviderInterface.h
ExpoModulesCore.framework/Headers/EXFilePermissionModuleInterface.h
ExpoModulesCore.framework/Headers/EXFileSystemInterface.h
ExpoModulesCore.framework/Headers/EXGyroscopeInterface.h
ExpoModulesCore.framework/Headers/EXHostWrapper.h
ExpoModulesCore.framework/Headers/EXImageLoader.h
ExpoModulesCore.framework/Headers/EXImageLoaderInterface.h
ExpoModulesCore.framework/Headers/EXInternalModule.h
ExpoModulesCore.framework/Headers/EXJSIConversions.h
ExpoModulesCore.framework/Headers/EXJSIInstaller.h
ExpoModulesCore.framework/Headers/EXJSUtils.h
ExpoModulesCore.framework/Headers/EXJavaScriptContextProvider.h
ExpoModulesCore.framework/Headers/EXMagnetometerInterface.h
ExpoModulesCore.framework/Headers/EXMagnetometerUncalibratedInterface.h
ExpoModulesCore.framework/Headers/EXModuleRegistry.h
ExpoModulesCore.framework/Headers/EXModuleRegistryAdapter.h
ExpoModulesCore.framework/Headers/EXModuleRegistryConsumer.h
ExpoModulesCore.framework/Headers/EXModuleRegistryDelegate.h
ExpoModulesCore.framework/Headers/EXModuleRegistryHolderReactModule.h
ExpoModulesCore.framework/Headers/EXModuleRegistryProvider.h
ExpoModulesCore.framework/Headers/EXOptimizedFunctionUtils.h
ExpoModulesCore.framework/Headers/EXPermissionsInterface.h
ExpoModulesCore.framework/Headers/EXPermissionsMethodsDelegate.h
ExpoModulesCore.framework/Headers/EXPermissionsService.h
ExpoModulesCore.framework/Headers/EXReactDelegateProtocol.h
ExpoModulesCore.framework/Headers/EXReactDelegateWrapper.h
ExpoModulesCore.framework/Headers/EXReactNativeAdapter.h
ExpoModulesCore.framework/Headers/EXReactNativeUserNotificationCenterProxy.h
ExpoModulesCore.framework/Headers/EXReactSchedulerDispatch.h
ExpoModulesCore.framework/Headers/EXSharedObjectUtils.h
ExpoModulesCore.framework/Headers/EXSingletonModule.h
ExpoModulesCore.framework/Headers/EXTaskConsumerInterface.h
ExpoModulesCore.framework/Headers/EXTaskInterface.h
ExpoModulesCore.framework/Headers/EXTaskLaunchReason.h
ExpoModulesCore.framework/Headers/EXTaskManagerInterface.h
ExpoModulesCore.framework/Headers/EXTaskServiceInterface.h
ExpoModulesCore.framework/Headers/EXUIManager.h
ExpoModulesCore.framework/Headers/EXUserNotificationCenterProxyInterface.h
ExpoModulesCore.framework/Headers/EXUtilities.h
ExpoModulesCore.framework/Headers/EXUtilitiesInterface.h
ExpoModulesCore.framework/Headers/EventEmitter.h
ExpoModulesCore.framework/Headers/ExpoFabricViewObjC.h
ExpoModulesCore.framework/Headers/ExpoModulesCore-Swift.h
ExpoModulesCore.framework/Headers/ExpoModulesCore.h
ExpoModulesCore.framework/Headers/ExpoModulesCore_umbrella.h
ExpoModulesCore.framework/Headers/ExpoViewComponentDescriptor.h
ExpoModulesCore.framework/Headers/ExpoViewEventEmitter.h
ExpoModulesCore.framework/Headers/ExpoViewProps.h
ExpoModulesCore.framework/Headers/ExpoViewShadowNode.h
ExpoModulesCore.framework/Headers/ExpoViewState.h
ExpoModulesCore.framework/Headers/JSIUtils.h
ExpoModulesCore.framework/Headers/LazyObject.h
ExpoModulesCore.framework/Headers/MemoryBuffer.h
ExpoModulesCore.framework/Headers/NativeModule.h
ExpoModulesCore.framework/Headers/ObjectDeallocator.h
ExpoModulesCore.framework/Headers/Platform.h
ExpoModulesCore.framework/Headers/SharedObject.h
ExpoModulesCore.framework/Headers/SharedRef.h
ExpoModulesCore.framework/Headers/Swift.h
ExpoModulesCore.framework/Headers/SwiftUIViewProps.h
ExpoModulesCore.framework/Headers/SwiftUIVirtualViewObjC.h
ExpoModulesCore.framework/Headers/SwiftUIVirtualViewObjCDev.h
ExpoModulesCore.framework/Headers/TestingSyncJSCallInvoker.h
ExpoModulesCore.framework/Headers/TypedArray.h
ExpoModulesCore.framework/Modules/
ExpoModulesCore.framework/Modules/module.modulemap
ExpoModulesCore.framework/Modules/ExpoModulesCore.swiftmodule/
ExpoModulesCore.framework/Modules/ExpoModulesCore.swiftmodule/arm64-apple-ios-simulator.abi.json
ExpoModulesCore.framework/Modules/ExpoModulesCore.swiftmodule/arm64-apple-ios-simulator.package.swiftinterface
ExpoModulesCore.framework/Modules/ExpoModulesCore.swiftmodule/arm64-apple-ios-simulator.private.swiftinterface
ExpoModulesCore.framework/Modules/ExpoModulesCore.swiftmodule/arm64-apple-ios-simulator.swiftdoc
ExpoModulesCore.framework/Modules/ExpoModulesCore.swiftmodule/arm64-apple-ios-simulator.swiftinterface
ExpoModulesCore.framework/Modules/ExpoModulesCore.swiftmodule/x86_64-apple-ios-simulator.abi.json
ExpoModulesCore.framework/Modules/ExpoModulesCore.swiftmodule/x86_64-apple-ios-simulator.package.swiftinterface
ExpoModulesCore.framework/Modules/ExpoModulesCore.swiftmodule/x86_64-apple-ios-simulator.private.swiftinterface
ExpoModulesCore.framework/Modules/ExpoModulesCore.swiftmodule/x86_64-apple-ios-simulator.swiftdoc
ExpoModulesCore.framework/Modules/ExpoModulesCore.swiftmodule/x86_64-apple-ios-simulator.swiftinterface
ExpoModulesCore.framework/_CodeSignature/
ExpoModulesCore.framework/_CodeSignature/CodeResources
dSYMs/
dSYMs/ExpoModulesCore.framework.dSYM/
dSYMs/ExpoModulesCore.framework.dSYM/Contents/
dSYMs/ExpoModulesCore.framework.dSYM/Contents/Info.plist
dSYMs/ExpoModulesCore.framework.dSYM/Contents/Resources/
dSYMs/ExpoModulesCore.framework.dSYM/Contents/Resources/067658E7-3D6E-32B7-ACB8-0507FBAD483E.plist
dSYMs/ExpoModulesCore.framework.dSYM/Contents/Resources/C75CD7F5-B6DE-314E-B1AE-0097B1F66754.plist
dSYMs/ExpoModulesCore.framework.dSYM/Contents/Resources/DWARF/
dSYMs/ExpoModulesCore.framework.dSYM/Contents/Resources/DWARF/ExpoModulesCore
dSYMs/ExpoModulesCore.framework.dSYM/Contents/Resources/Relocations/
dSYMs/ExpoModulesCore.framework.dSYM/Contents/Resources/Relocations/aarch64/
dSYMs/ExpoModulesCore.framework.dSYM/Contents/Resources/Relocations/aarch64/ExpoModulesCore.yml
dSYMs/ExpoModulesCore.framework.dSYM/Contents/Resources/Relocations/x86_64/
dSYMs/ExpoModulesCore.framework.dSYM/Contents/Resources/Relocations/x86_64/ExpoModulesCore.yml

sent 51328734 bytes  received 2254 bytes  55788488 bytes/sec
total size is 51308360  speedup is 1.00
Copied /Users/karelbraborec/rev-meter/ios/Pods/ExpoModulesCore/ExpoModulesCore.xcframework/ios-arm64_x86_64-simulator to /Users/karelbraborec/Library/Developer/Xcode/DerivedData/revmeter-hbcnswmlqmbpnlazhhkncgeowiss/Build/Products/Debug-iphonesimulator/XCFrameworkIntermediates/ExpoModulesCore

CompileC /Users/karelbraborec/Library/Developer/Xcode/DerivedData/revmeter-hbcnswmlqmbpnlazhhkncgeowiss/Build/Intermediates.noindex/Pods.build/Debug-iphonesimulator/RNScreens.build/Objects-normal/x86_64/UIViewController+RNScreens.o /Users/karelbraborec/rev-meter/node_modules/react-native-screens/ios/UIViewController+RNScreens.mm normal x86_64 objective-c++ com.apple.compilers.llvm.clang.1_0.compiler (in target 'RNScreens' from project 'Pods')
    cd /Users/karelbraborec/rev-meter/ios/Pods
    
    Using response file: /Users/karelbraborec/Library/Developer/Xcode/DerivedData/revmeter-hbcnswmlqmbpnlazhhkncgeowiss/Build/Intermediates.noindex/Pods.build/Debug-iphonesimulator/RNScreens.build/Objects-normal/x86_64/af3fcb34312c57c0f52879cdce924b91-common-args.resp
    
    /Applications/Xcode.app/Contents/Developer/Toolchains/XcodeDefault.xctoolchain/usr/bin/clang -x objective-c++ -ivfsstatcache /Users/karelbraborec/Library/Developer/Xcode/DerivedData/SDKStatCaches.noindex/iphonesimulator26.5-23F81a-6cfe768891a92b912361537c460fe42b.sdkstatcache -target x86_64-apple-ios15.1-simulator -fmessage-length\=0 -fdiagnostics-show-note-include-stack -fmacro-backtrace-limit\=0 -fno-color-diagnostics -fmodules-prune-interval\=86400 -fmodules-prune-after\=345600 -fbuild-session-file\=/Users/karelbraborec/Library/Developer/Xcode/DerivedData/ModuleCache.noindex/Session.modulevalidation -fmodules-validate-once-per-build-session -Wnon-modular-include-in-framework-module -Werror\=non-modular-include-in-framework-module -Wno-trigraphs -Wno-missing-field-initializers -Wno-missing-prototypes -Werror\=return-type -Wdocumentation -Wunreachable-code -Wno-implicit-atomic-properties -Werror\=deprecated-objc-isa-usage -Wno-objc-interface-ivars -Werror\=objc-root-class -Wno-arc-repeated-use-of-weak -Wimplicit-retain-self -Wno-non-virtual-dtor -Wno-overloaded-virtual -Wno-exit-time-destructors -Wduplicate-method-match -Wno-missing-braces -Wparentheses -Wswitch -Wunused-function -Wno-unused-label -Wno-unused-parameter -Wunused-variable -Wunused-value -Wempty-body -Wuninitialized -Wconditional-uninitialized -Wno-unknown-pragmas -Wno-shadow -Wno-four-char-constants -Wno-conversion -Wconstant-conversion -Wint-conversion -Wbool-conversion -Wenum-conversion -Wno-float-conversion -Wnon-literal-null-conversion -Wobjc-literal-conversion -Wshorten-64-to-32 -Wno-newline-eof -Wno-selector -Wno-strict-selector-match -Wundeclared-selector -Wdeprecated-implementations -Wno-c++11-extensions -Wno-implicit-fallthrough -isysroot /Applications/Xcode.app/Contents/Developer/Platforms/iPhoneSimulator.platform/Developer/SDKs/iPhoneSimulator26.5.sdk -fstrict-aliasing -Wprotocol -Wdeprecated-declarations -Winvalid-offsetof -Wno-sign-conversion -Winfinite-recursion -Wmove -Wcomma -Wblock-capture-autoreleasing -Wstrict-prototypes -Wrange-loop-analysis -Wno-semicolon-before-method-body -Wunguarded-availability -index-store-path /Users/karelbraborec/Library/Developer/Xcode/DerivedData/revmeter-hbcnswmlqmbpnlazhhkncgeowiss/Index.noindex/DataStore @/Users/karelbraborec/Library/Developer/Xcode/DerivedData/revmeter-hbcnswmlqmbpnlazhhkncgeowiss/Build/Intermediates.noindex/Pods.build/Debug-iphonesimulator/RNScreens.build/Objects-normal/x86_64/af3fcb34312c57c0f52879cdce924b91-common-args.resp -DRCT_NEW_ARCH_ENABLED\=1 -include /Users/karelbraborec/rev-meter/ios/Pods/Target\ Support\ Files/RNScreens/RNScreens-prefix.pch -MMD -MT dependencies -MF /Users/karelbraborec/Library/Developer/Xcode/DerivedData/revmeter-hbcnswmlqmbpnlazhhkncgeowiss/Build/Intermediates.noindex/Pods.build/Debug-iphonesimulator/RNScreens.build/Objects-normal/x86_64/UIViewController+RNScreens.d --serialize-diagnostics /Users/karelbraborec/Library/Developer/Xcode/DerivedData/revmeter-hbcnswmlqmbpnlazhhkncgeowiss/Build/Intermediates.noindex/Pods.build/Debug-iphonesimulator/RNScreens.build/Objects-normal/x86_64/UIViewController+RNScreens.dia -c /Users/karelbraborec/rev-meter/node_modules/react-native-screens/ios/UIViewController+RNScreens.mm -o /Users/karelbraborec/Library/Developer/Xcode/DerivedData/revmeter-hbcnswmlqmbpnlazhhkncgeowiss/Build/Intermediates.noindex/Pods.build/Debug-iphonesimulator/RNScreens.build/Objects-normal/x86_64/UIViewController+RNScreens.o -index-unit-output-path /Pods.build/Debug-iphonesimulator/RNScreens.build/Objects-normal/x86_64/UIViewController+RNScreens.o

CompileC /Users/karelbraborec/Library/Developer/Xcode/DerivedData/revmeter-hbcnswmlqmbpnlazhhkncgeowiss/Build/Intermediates.noindex/Pods.build/Debug-iphonesimulator/RNScreens.build/Objects-normal/x86_64/UIView+RNSUtility.o /Users/karelbraborec/rev-meter/node_modules/react-native-screens/ios/utils/UIView+RNSUtility.mm normal x86_64 objective-c++ com.apple.compilers.llvm.clang.1_0.compiler (in target 'RNScreens' from project 'Pods')
    cd /Users/karelbraborec/rev-meter/ios/Pods
    
    Using response file: /Users/karelbraborec/Library/Developer/Xcode/DerivedData/revmeter-hbcnswmlqmbpnlazhhkncgeowiss/Build/Intermediates.noindex/Pods.build/Debug-iphonesimulator/RNScreens.build/Objects-normal/x86_64/af3fcb34312c57c0f52879cdce924b91-common-args.resp
    
    /Applications/Xcode.app/Contents/Developer/Toolchains/XcodeDefault.xctoolchain/usr/bin/clang -x objective-c++ -ivfsstatcache /Users/karelbraborec/Library/Developer/Xcode/DerivedData/SDKStatCaches.noindex/iphonesimulator26.5-23F81a-6cfe768891a92b912361537c460fe42b.sdkstatcache -target x86_64-apple-ios15.1-simulator -fmessage-length\=0 -fdiagnostics-show-note-include-stack -fmacro-backtrace-limit\=0 -fno-color-diagnostics -fmodules-prune-interval\=86400 -fmodules-prune-after\=345600 -fbuild-session-file\=/Users/karelbraborec/Library/Developer/Xcode/DerivedData/ModuleCache.noindex/Session.modulevalidation -fmodules-validate-once-per-build-session -Wnon-modular-include-in-framework-module -Werror\=non-modular-include-in-framework-module -Wno-trigraphs -Wno-missing-field-initializers -Wno-missing-prototypes -Werror\=return-type -Wdocumentation -Wunreachable-code -Wno-implicit-atomic-properties -Werror\=deprecated-objc-isa-usage -Wno-objc-interface-ivars -Werror\=objc-root-class -Wno-arc-repeated-use-of-weak -Wimplicit-retain-self -Wno-non-virtual-dtor -Wno-overloaded-virtual -Wno-exit-time-destructors -Wduplicate-method-match -Wno-missing-braces -Wparentheses -Wswitch -Wunused-function -Wno-unused-label -Wno-unused-parameter -Wunused-variable -Wunused-value -Wempty-body -Wuninitialized -Wconditional-uninitialized -Wno-unknown-pragmas -Wno-shadow -Wno-four-char-constants -Wno-conversion -Wconstant-conversion -Wint-conversion -Wbool-conversion -Wenum-conversion -Wno-float-conversion -Wnon-literal-null-conversion -Wobjc-literal-conversion -Wshorten-64-to-32 -Wno-newline-eof -Wno-selector -Wno-strict-selector-match -Wundeclared-selector -Wdeprecated-implementations -Wno-c++11-extensions -Wno-implicit-fallthrough -isysroot /Applications/Xcode.app/Contents/Developer/Platforms/iPhoneSimulator.platform/Developer/SDKs/iPhoneSimulator26.5.sdk -fstrict-aliasing -Wprotocol -Wdeprecated-declarations -Winvalid-offsetof -Wno-sign-conversion -Winfinite-recursion -Wmove -Wcomma -Wblock-capture-autoreleasing -Wstrict-prototypes -Wrange-loop-analysis -Wno-semicolon-before-method-body -Wunguarded-availability -index-store-path /Users/karelbraborec/Library/Developer/Xcode/DerivedData/revmeter-hbcnswmlqmbpnlazhhkncgeowiss/Index.noindex/DataStore @/Users/karelbraborec/Library/Developer/Xcode/DerivedData/revmeter-hbcnswmlqmbpnlazhhkncgeowiss/Build/Intermediates.noindex/Pods.build/Debug-iphonesimulator/RNScreens.build/Objects-normal/x86_64/af3fcb34312c57c0f52879cdce924b91-common-args.resp -DRCT_NEW_ARCH_ENABLED\=1 -include /Users/karelbraborec/rev-meter/ios/Pods/Target\ Support\ Files/RNScreens/RNScreens-prefix.pch -MMD -MT dependencies -MF /Users/karelbraborec/Library/Developer/Xcode/DerivedData/revmeter-hbcnswmlqmbpnlazhhkncgeowiss/Build/Intermediates.noindex/Pods.build/Debug-iphonesimulator/RNScreens.build/Objects-normal/x86_64/UIView+RNSUtility.d --serialize-diagnostics /Users/karelbraborec/Library/Developer/Xcode/DerivedData/revmeter-hbcnswmlqmbpnlazhhkncgeowiss/Build/Intermediates.noindex/Pods.build/Debug-iphonesimulator/RNScreens.build/Objects-normal/x86_64/UIView+RNSUtility.dia -c /Users/karelbraborec/rev-meter/node_modules/react-native-screens/ios/utils/UIView+RNSUtility.mm -o /Users/karelbraborec/Library/Developer/Xcode/DerivedData/revmeter-hbcnswmlqmbpnlazhhkncgeowiss/Build/Intermediates.noindex/Pods.build/Debug-iphonesimulator/RNScreens.build/Objects-normal/x86_64/UIView+RNSUtility.o -index-unit-output-path /Pods.build/Debug-iphonesimulator/RNScreens.build/Objects-normal/x86_64/UIView+RNSUtility.o

SwiftDriverJobDiscovery normal x86_64 Compiling RNSSplitAppearanceUpdateFlags.swift (in target 'RNScreens' from project 'Pods')

CompileC /Users/karelbraborec/Library/Developer/Xcode/DerivedData/revmeter-hbcnswmlqmbpnlazhhkncgeowiss/Build/Intermediates.noindex/Pods.build/Debug-iphonesimulator/RNScreens.build/Objects-normal/x86_64/UIScrollView+RNScreens.o /Users/karelbraborec/rev-meter/node_modules/react-native-screens/ios/UIScrollView+RNScreens.mm normal x86_64 objective-c++ com.apple.compilers.llvm.clang.1_0.compiler (in target 'RNScreens' from project 'Pods')
    cd /Users/karelbraborec/rev-meter/ios/Pods
    
    Using response file: /Users/karelbraborec/Library/Developer/Xcode/DerivedData/revmeter-hbcnswmlqmbpnlazhhkncgeowiss/Build/Intermediates.noindex/Pods.build/Debug-iphonesimulator/RNScreens.build/Objects-normal/x86_64/af3fcb34312c57c0f52879cdce924b91-common-args.resp
    
    /Applications/Xcode.app/Contents/Developer/Toolchains/XcodeDefault.xctoolchain/usr/bin/clang -x objective-c++ -ivfsstatcache /Users/karelbraborec/Library/Developer/Xcode/DerivedData/SDKStatCaches.noindex/iphonesimulator26.5-23F81a-6cfe768891a92b912361537c460fe42b.sdkstatcache -target x86_64-apple-ios15.1-simulator -fmessage-length\=0 -fdiagnostics-show-note-include-stack -fmacro-backtrace-limit\=0 -fno-color-diagnostics -fmodules-prune-interval\=86400 -fmodules-prune-after\=345600 -fbuild-session-file\=/Users/karelbraborec/Library/Developer/Xcode/DerivedData/ModuleCache.noindex/Session.modulevalidation -fmodules-validate-once-per-build-session -Wnon-modular-include-in-framework-module -Werror\=non-modular-include-in-framework-module -Wno-trigraphs -Wno-missing-field-initializers -Wno-missing-prototypes -Werror\=return-type -Wdocumentation -Wunreachable-code -Wno-implicit-atomic-properties -Werror\=deprecated-objc-isa-usage -Wno-objc-interface-ivars -Werror\=objc-root-class -Wno-arc-repeated-use-of-weak -Wimplicit-retain-self -Wno-non-virtual-dtor -Wno-overloaded-virtual -Wno-exit-time-destructors -Wduplicate-method-match -Wno-missing-braces -Wparentheses -Wswitch -Wunused-function -Wno-unused-label -Wno-unused-parameter -Wunused-variable -Wunused-value -Wempty-body -Wuninitialized -Wconditional-uninitialized -Wno-unknown-pragmas -Wno-shadow -Wno-four-char-constants -Wno-conversion -Wconstant-conversion -Wint-conversion -Wbool-conversion -Wenum-conversion -Wno-float-conversion -Wnon-literal-null-conversion -Wobjc-literal-conversion -Wshorten-64-to-32 -Wno-newline-eof -Wno-selector -Wno-strict-selector-match -Wundeclared-selector -Wdeprecated-implementations -Wno-c++11-extensions -Wno-implicit-fallthrough -isysroot /Applications/Xcode.app/Contents/Developer/Platforms/iPhoneSimulator.platform/Developer/SDKs/iPhoneSimulator26.5.sdk -fstrict-aliasing -Wprotocol -Wdeprecated-declarations -Winvalid-offsetof -Wno-sign-conversion -Winfinite-recursion -Wmove -Wcomma -Wblock-capture-autoreleasing -Wstrict-prototypes -Wrange-loop-analysis -Wno-semicolon-before-method-body -Wunguarded-availability -index-store-path /Users/karelbraborec/Library/Developer/Xcode/DerivedData/revmeter-hbcnswmlqmbpnlazhhkncgeowiss/Index.noindex/DataStore @/Users/karelbraborec/Library/Developer/Xcode/DerivedData/revmeter-hbcnswmlqmbpnlazhhkncgeowiss/Build/Intermediates.noindex/Pods.build/Debug-iphonesimulator/RNScreens.build/Objects-normal/x86_64/af3fcb34312c57c0f52879cdce924b91-common-args.resp -DRCT_NEW_ARCH_ENABLED\=1 -include /Users/karelbraborec/rev-meter/ios/Pods/Target\ Support\ Files/RNScreens/RNScreens-prefix.pch -MMD -MT dependencies -MF /Users/karelbraborec/Library/Developer/Xcode/DerivedData/revmeter-hbcnswmlqmbpnlazhhkncgeowiss/Build/Intermediates.noindex/Pods.build/Debug-iphonesimulator/RNScreens.build/Objects-normal/x86_64/UIScrollView+RNScreens.d --serialize-diagnostics /Users/karelbraborec/Library/Developer/Xcode/DerivedData/revmeter-hbcnswmlqmbpnlazhhkncgeowiss/Build/Intermediates.noindex/Pods.build/Debug-iphonesimulator/RNScreens.build/Objects-normal/x86_64/UIScrollView+RNScreens.dia -c /Users/karelbraborec/rev-meter/node_modules/react-native-screens/ios/UIScrollView+RNScreens.mm -o /Users/karelbraborec/Library/Developer/Xcode/DerivedData/revmeter-hbcnswmlqmbpnlazhhkncgeowiss/Build/Intermediates.noindex/Pods.build/Debug-iphonesimulator/RNScreens.build/Objects-normal/x86_64/UIScrollView+RNScreens.o -index-unit-output-path /Pods.build/Debug-iphonesimulator/RNScreens.build/Objects-normal/x86_64/UIScrollView+RNScreens.o

CompileC /Users/karelbraborec/Library/Developer/Xcode/DerivedData/revmeter-hbcnswmlqmbpnlazhhkncgeowiss/Build/Intermediates.noindex/Pods.build/Debug-iphonesimulator/RNScreens.build/Objects-normal/x86_64/UINavigationBar+RNSUtility.o /Users/karelbraborec/rev-meter/node_modules/react-native-screens/ios/utils/UINavigationBar+RNSUtility.mm normal x86_64 objective-c++ com.apple.compilers.llvm.clang.1_0.compiler (in target 'RNScreens' from project 'Pods')
    cd /Users/karelbraborec/rev-meter/ios/Pods
    
    Using response file: /Users/karelbraborec/Library/Developer/Xcode/DerivedData/revmeter-hbcnswmlqmbpnlazhhkncgeowiss/Build/Intermediates.noindex/Pods.build/Debug-iphonesimulator/RNScreens.build/Objects-normal/x86_64/af3fcb34312c57c0f52879cdce924b91-common-args.resp
    
    /Applications/Xcode.app/Contents/Developer/Toolchains/XcodeDefault.xctoolchain/usr/bin/clang -x objective-c++ -ivfsstatcache /Users/karelbraborec/Library/Developer/Xcode/DerivedData/SDKStatCaches.noindex/iphonesimulator26.5-23F81a-6cfe768891a92b912361537c460fe42b.sdkstatcache -target x86_64-apple-ios15.1-simulator -fmessage-length\=0 -fdiagnostics-show-note-include-stack -fmacro-backtrace-limit\=0 -fno-color-diagnostics -fmodules-prune-interval\=86400 -fmodules-prune-after\=345600 -fbuild-session-file\=/Users/karelbraborec/Library/Developer/Xcode/DerivedData/ModuleCache.noindex/Session.modulevalidation -fmodules-validate-once-per-build-session -Wnon-modular-include-in-framework-module -Werror\=non-modular-include-in-framework-module -Wno-trigraphs -Wno-missing-field-initializers -Wno-missing-prototypes -Werror\=return-type -Wdocumentation -Wunreachable-code -Wno-implicit-atomic-properties -Werror\=deprecated-objc-isa-usage -Wno-objc-interface-ivars -Werror\=objc-root-class -Wno-arc-repeated-use-of-weak -Wimplicit-retain-self -Wno-non-virtual-dtor -Wno-overloaded-virtual -Wno-exit-time-destructors -Wduplicate-method-match -Wno-missing-braces -Wparentheses -Wswitch -Wunused-function -Wno-unused-label -Wno-unused-parameter -Wunused-variable -Wunused-value -Wempty-body -Wuninitialized -Wconditional-uninitialized -Wno-unknown-pragmas -Wno-shadow -Wno-four-char-constants -Wno-conversion -Wconstant-conversion -Wint-conversion -Wbool-conversion -Wenum-conversion -Wno-float-conversion -Wnon-literal-null-conversion -Wobjc-literal-conversion -Wshorten-64-to-32 -Wno-newline-eof -Wno-selector -Wno-strict-selector-match -Wundeclared-selector -Wdeprecated-implementations -Wno-c++11-extensions -Wno-implicit-fallthrough -isysroot /Applications/Xcode.app/Contents/Developer/Platforms/iPhoneSimulator.platform/Developer/SDKs/iPhoneSimulator26.5.sdk -fstrict-aliasing -Wprotocol -Wdeprecated-declarations -Winvalid-offsetof -Wno-sign-conversion -Winfinite-recursion -Wmove -Wcomma -Wblock-capture-autoreleasing -Wstrict-prototypes -Wrange-loop-analysis -Wno-semicolon-before-method-body -Wunguarded-availability -index-store-path /Users/karelbraborec/Library/Developer/Xcode/DerivedData/revmeter-hbcnswmlqmbpnlazhhkncgeowiss/Index.noindex/DataStore @/Users/karelbraborec/Library/Developer/Xcode/DerivedData/revmeter-hbcnswmlqmbpnlazhhkncgeowiss/Build/Intermediates.noindex/Pods.build/Debug-iphonesimulator/RNScreens.build/Objects-normal/x86_64/af3fcb34312c57c0f52879cdce924b91-common-args.resp -DRCT_NEW_ARCH_ENABLED\=1 -include /Users/karelbraborec/rev-meter/ios/Pods/Target\ Support\ Files/RNScreens/RNScreens-prefix.pch -MMD -MT dependencies -MF /Users/karelbraborec/Library/Developer/Xcode/DerivedData/revmeter-hbcnswmlqmbpnlazhhkncgeowiss/Build/Intermediates.noindex/Pods.build/Debug-iphonesimulator/RNScreens.build/Objects-normal/x86_64/UINavigationBar+RNSUtility.d --serialize-diagnostics /Users/karelbraborec/Library/Developer/Xcode/DerivedData/revmeter-hbcnswmlqmbpnlazhhkncgeowiss/Build/Intermediates.noindex/Pods.build/Debug-iphonesimulator/RNScreens.build/Objects-normal/x86_64/UINavigationBar+RNSUtility.dia -c /Users/karelbraborec/rev-meter/node_modules/react-native-screens/ios/utils/UINavigationBar+RNSUtility.mm -o /Users/karelbraborec/Library/Developer/Xcode/DerivedData/revmeter-hbcnswmlqmbpnlazhhkncgeowiss/Build/Intermediates.noindex/Pods.build/Debug-iphonesimulator/RNScreens.build/Objects-normal/x86_64/UINavigationBar+RNSUtility.o -index-unit-output-path /Pods.build/Debug-iphonesimulator/RNScreens.build/Objects-normal/x86_64/UINavigationBar+RNSUtility.o

SwiftDriverJobDiscovery normal arm64 Compiling RNSSplitNavigationController.swift (in target 'RNScreens' from project 'Pods')

SwiftDriverJobDiscovery normal x86_64 Compiling RNSSplitAppearanceApplicator.swift (in target 'RNScreens' from project 'Pods')

CompileC /Users/karelbraborec/Library/Developer/Xcode/DerivedData/revmeter-hbcnswmlqmbpnlazhhkncgeowiss/Build/Intermediates.noindex/Pods.build/Debug-iphonesimulator/RNScreens.build/Objects-normal/x86_64/RNScreensTurboModule.o /Users/karelbraborec/rev-meter/node_modules/react-native-screens/cpp/RNScreensTurboModule.cpp normal x86_64 c++ com.apple.compilers.llvm.clang.1_0.compiler (in target 'RNScreens' from project 'Pods')
    cd /Users/karelbraborec/rev-meter/ios/Pods
    
    Using response file: /Users/karelbraborec/Library/Developer/Xcode/DerivedData/revmeter-hbcnswmlqmbpnlazhhkncgeowiss/Build/Intermediates.noindex/Pods.build/Debug-iphonesimulator/RNScreens.build/Objects-normal/x86_64/82b82416624d2658e5098eb0a28c15c5-common-args.resp
    
    /Applications/Xcode.app/Contents/Developer/Toolchains/XcodeDefault.xctoolchain/usr/bin/clang -x c++ -ivfsstatcache /Users/karelbraborec/Library/Developer/Xcode/DerivedData/SDKStatCaches.noindex/iphonesimulator26.5-23F81a-6cfe768891a92b912361537c460fe42b.sdkstatcache -target x86_64-apple-ios15.1-simulator -fmessage-length\=0 -fdiagnostics-show-note-include-stack -fmacro-backtrace-limit\=0 -fno-color-diagnostics -fmodules-prune-interval\=86400 -fmodules-prune-after\=345600 -fbuild-session-file\=/Users/karelbraborec/Library/Developer/Xcode/DerivedData/ModuleCache.noindex/Session.modulevalidation -fmodules-validate-once-per-build-session -Wnon-modular-include-in-framework-module -Werror\=non-modular-include-in-framework-module -Wno-trigraphs -Wno-missing-field-initializers -Wno-missing-prototypes -Werror\=return-type -Wdocumentation -Wunreachable-code -Werror\=deprecated-objc-isa-usage -Werror\=objc-root-class -Wno-non-virtual-dtor -Wno-overloaded-virtual -Wno-exit-time-destructors -Wno-missing-braces -Wparentheses -Wswitch -Wunused-function -Wno-unused-label -Wno-unused-parameter -Wunused-variable -Wunused-value -Wempty-body -Wuninitialized -Wconditional-uninitialized -Wno-unknown-pragmas -Wno-shadow -Wno-four-char-constants -Wno-conversion -Wconstant-conversion -Wint-conversion -Wbool-conversion -Wenum-conversion -Wno-float-conversion -Wnon-literal-null-conversion -Wobjc-literal-conversion -Wshorten-64-to-32 -Wno-newline-eof -Wno-c++11-extensions -Wno-implicit-fallthrough -isysroot /Applications/Xcode.app/Contents/Developer/Platforms/iPhoneSimulator.platform/Developer/SDKs/iPhoneSimulator26.5.sdk -fstrict-aliasing -Wdeprecated-declarations -Winvalid-offsetof -Wno-sign-conversion -Winfinite-recursion -Wmove -Wcomma -Wblock-capture-autoreleasing -Wstrict-prototypes -Wrange-loop-analysis -Wno-semicolon-before-method-body -Wunguarded-availability -index-store-path /Users/karelbraborec/Library/Developer/Xcode/DerivedData/revmeter-hbcnswmlqmbpnlazhhkncgeowiss/Index.noindex/DataStore @/Users/karelbraborec/Library/Developer/Xcode/DerivedData/revmeter-hbcnswmlqmbpnlazhhkncgeowiss/Build/Intermediates.noindex/Pods.build/Debug-iphonesimulator/RNScreens.build/Objects-normal/x86_64/82b82416624d2658e5098eb0a28c15c5-common-args.resp -DRCT_NEW_ARCH_ENABLED\=1 -include /Users/karelbraborec/rev-meter/ios/Pods/Target\ Support\ Files/RNScreens/RNScreens-prefix.pch -MMD -MT dependencies -MF /Users/karelbraborec/Library/Developer/Xcode/DerivedData/revmeter-hbcnswmlqmbpnlazhhkncgeowiss/Build/Intermediates.noindex/Pods.build/Debug-iphonesimulator/RNScreens.build/Objects-normal/x86_64/RNScreensTurboModule.d --serialize-diagnostics /Users/karelbraborec/Library/Developer/Xcode/DerivedData/revmeter-hbcnswmlqmbpnlazhhkncgeowiss/Build/Intermediates.noindex/Pods.build/Debug-iphonesimulator/RNScreens.build/Objects-normal/x86_64/RNScreensTurboModule.dia -c /Users/karelbraborec/rev-meter/node_modules/react-native-screens/cpp/RNScreensTurboModule.cpp -o /Users/karelbraborec/Library/Developer/Xcode/DerivedData/revmeter-hbcnswmlqmbpnlazhhkncgeowiss/Build/Intermediates.noindex/Pods.build/Debug-iphonesimulator/RNScreens.build/Objects-normal/x86_64/RNScreensTurboModule.o -index-unit-output-path /Pods.build/Debug-iphonesimulator/RNScreens.build/Objects-normal/x86_64/RNScreensTurboModule.o

CompileC /Users/karelbraborec/Library/Developer/Xcode/DerivedData/revmeter-hbcnswmlqmbpnlazhhkncgeowiss/Build/Intermediates.noindex/Pods.build/Debug-iphonesimulator/RNScreens.build/Objects-normal/x86_64/RNSTabsScreenViewController.o /Users/karelbraborec/rev-meter/node_modules/react-native-screens/ios/tabs/screen/RNSTabsScreenViewController.mm normal x86_64 objective-c++ com.apple.compilers.llvm.clang.1_0.compiler (in target 'RNScreens' from project 'Pods')
    cd /Users/karelbraborec/rev-meter/ios/Pods
    
    Using response file: /Users/karelbraborec/Library/Developer/Xcode/DerivedData/revmeter-hbcnswmlqmbpnlazhhkncgeowiss/Build/Intermediates.noindex/Pods.build/Debug-iphonesimulator/RNScreens.build/Objects-normal/x86_64/af3fcb34312c57c0f52879cdce924b91-common-args.resp
    
    /Applications/Xcode.app/Contents/Developer/Toolchains/XcodeDefault.xctoolchain/usr/bin/clang -x objective-c++ -ivfsstatcache /Users/karelbraborec/Library/Developer/Xcode/DerivedData/SDKStatCaches.noindex/iphonesimulator26.5-23F81a-6cfe768891a92b912361537c460fe42b.sdkstatcache -target x86_64-apple-ios15.1-simulator -fmessage-length\=0 -fdiagnostics-show-note-include-stack -fmacro-backtrace-limit\=0 -fno-color-diagnostics -fmodules-prune-interval\=86400 -fmodules-prune-after\=345600 -fbuild-session-file\=/Users/karelbraborec/Library/Developer/Xcode/DerivedData/ModuleCache.noindex/Session.modulevalidation -fmodules-validate-once-per-build-session -Wnon-modular-include-in-framework-module -Werror\=non-modular-include-in-framework-module -Wno-trigraphs -Wno-missing-field-initializers -Wno-missing-prototypes -Werror\=return-type -Wdocumentation -Wunreachable-code -Wno-implicit-atomic-properties -Werror\=deprecated-objc-isa-usage -Wno-objc-interface-ivars -Werror\=objc-root-class -Wno-arc-repeated-use-of-weak -Wimplicit-retain-self -Wno-non-virtual-dtor -Wno-overloaded-virtual -Wno-exit-time-destructors -Wduplicate-method-match -Wno-missing-braces -Wparentheses -Wswitch -Wunused-function -Wno-unused-label -Wno-unused-parameter -Wunused-variable -Wunused-value -Wempty-body -Wuninitialized -Wconditional-uninitialized -Wno-unknown-pragmas -Wno-shadow -Wno-four-char-constants -Wno-conversion -Wconstant-conversion -Wint-conversion -Wbool-conversion -Wenum-conversion -Wno-float-conversion -Wnon-literal-null-conversion -Wobjc-literal-conversion -Wshorten-64-to-32 -Wno-newline-eof -Wno-selector -Wno-strict-selector-match -Wundeclared-selector -Wdeprecated-implementations -Wno-c++11-extensions -Wno-implicit-fallthrough -isysroot /Applications/Xcode.app/Contents/Developer/Platforms/iPhoneSimulator.platform/Developer/SDKs/iPhoneSimulator26.5.sdk -fstrict-aliasing -Wprotocol -Wdeprecated-declarations -Winvalid-offsetof -Wno-sign-conversion -Winfinite-recursion -Wmove -Wcomma -Wblock-capture-autoreleasing -Wstrict-prototypes -Wrange-loop-analysis -Wno-semicolon-before-method-body -Wunguarded-availability -index-store-path /Users/karelbraborec/Library/Developer/Xcode/DerivedData/revmeter-hbcnswmlqmbpnlazhhkncgeowiss/Index.noindex/DataStore @/Users/karelbraborec/Library/Developer/Xcode/DerivedData/revmeter-hbcnswmlqmbpnlazhhkncgeowiss/Build/Intermediates.noindex/Pods.build/Debug-iphonesimulator/RNScreens.build/Objects-normal/x86_64/af3fcb34312c57c0f52879cdce924b91-common-args.resp -DRCT_NEW_ARCH_ENABLED\=1 -include /Users/karelbraborec/rev-meter/ios/Pods/Target\ Support\ Files/RNScreens/RNScreens-prefix.pch -MMD -MT dependencies -MF /Users/karelbraborec/Library/Developer/Xcode/DerivedData/revmeter-hbcnswmlqmbpnlazhhkncgeowiss/Build/Intermediates.noindex/Pods.build/Debug-iphonesimulator/RNScreens.build/Objects-normal/x86_64/RNSTabsScreenViewController.d --serialize-diagnostics /Users/karelbraborec/Library/Developer/Xcode/DerivedData/revmeter-hbcnswmlqmbpnlazhhkncgeowiss/Build/Intermediates.noindex/Pods.build/Debug-iphonesimulator/RNScreens.build/Objects-normal/x86_64/RNSTabsScreenViewController.dia -c /Users/karelbraborec/rev-meter/node_modules/react-native-screens/ios/tabs/screen/RNSTabsScreenViewController.mm -o /Users/karelbraborec/Library/Developer/Xcode/DerivedData/revmeter-hbcnswmlqmbpnlazhhkncgeowiss/Build/Intermediates.noindex/Pods.build/Debug-iphonesimulator/RNScreens.build/Objects-normal/x86_64/RNSTabsScreenViewController.o -index-unit-output-path /Pods.build/Debug-iphonesimulator/RNScreens.build/Objects-normal/x86_64/RNSTabsScreenViewController.o

SwiftDriverJobDiscovery normal x86_64 Compiling RNSSplitHostController.swift (in target 'RNScreens' from project 'Pods')

SwiftDriverJobDiscovery normal x86_64 Compiling RNSLog.swift (in target 'RNScreens' from project 'Pods')

CompileC /Users/karelbraborec/Library/Developer/Xcode/DerivedData/revmeter-hbcnswmlqmbpnlazhhkncgeowiss/Build/Intermediates.noindex/Pods.build/Debug-iphonesimulator/RNScreens.build/Objects-normal/x86_64/RNSTabsScreenEventEmitter.o /Users/karelbraborec/rev-meter/node_modules/react-native-screens/ios/tabs/screen/RNSTabsScreenEventEmitter.mm normal x86_64 objective-c++ com.apple.compilers.llvm.clang.1_0.compiler (in target 'RNScreens' from project 'Pods')
    cd /Users/karelbraborec/rev-meter/ios/Pods
    
    Using response file: /Users/karelbraborec/Library/Developer/Xcode/DerivedData/revmeter-hbcnswmlqmbpnlazhhkncgeowiss/Build/Intermediates.noindex/Pods.build/Debug-iphonesimulator/RNScreens.build/Objects-normal/x86_64/af3fcb34312c57c0f52879cdce924b91-common-args.resp
    
    /Applications/Xcode.app/Contents/Developer/Toolchains/XcodeDefault.xctoolchain/usr/bin/clang -x objective-c++ -ivfsstatcache /Users/karelbraborec/Library/Developer/Xcode/DerivedData/SDKStatCaches.noindex/iphonesimulator26.5-23F81a-6cfe768891a92b912361537c460fe42b.sdkstatcache -target x86_64-apple-ios15.1-simulator -fmessage-length\=0 -fdiagnostics-show-note-include-stack -fmacro-backtrace-limit\=0 -fno-color-diagnostics -fmodules-prune-interval\=86400 -fmodules-prune-after\=345600 -fbuild-session-file\=/Users/karelbraborec/Library/Developer/Xcode/DerivedData/ModuleCache.noindex/Session.modulevalidation -fmodules-validate-once-per-build-session -Wnon-modular-include-in-framework-module -Werror\=non-modular-include-in-framework-module -Wno-trigraphs -Wno-missing-field-initializers -Wno-missing-prototypes -Werror\=return-type -Wdocumentation -Wunreachable-code -Wno-implicit-atomic-properties -Werror\=deprecated-objc-isa-usage -Wno-objc-interface-ivars -Werror\=objc-root-class -Wno-arc-repeated-use-of-weak -Wimplicit-retain-self -Wno-non-virtual-dtor -Wno-overloaded-virtual -Wno-exit-time-destructors -Wduplicate-method-match -Wno-missing-braces -Wparentheses -Wswitch -Wunused-function -Wno-unused-label -Wno-unused-parameter -Wunused-variable -Wunused-value -Wempty-body -Wuninitialized -Wconditional-uninitialized -Wno-unknown-pragmas -Wno-shadow -Wno-four-char-constants -Wno-conversion -Wconstant-conversion -Wint-conversion -Wbool-conversion -Wenum-conversion -Wno-float-conversion -Wnon-literal-null-conversion -Wobjc-literal-conversion -Wshorten-64-to-32 -Wno-newline-eof -Wno-selector -Wno-strict-selector-match -Wundeclared-selector -Wdeprecated-implementations -Wno-c++11-extensions -Wno-implicit-fallthrough -isysroot /Applications/Xcode.app/Contents/Developer/Platforms/iPhoneSimulator.platform/Developer/SDKs/iPhoneSimulator26.5.sdk -fstrict-aliasing -Wprotocol -Wdeprecated-declarations -Winvalid-offsetof -Wno-sign-conversion -Winfinite-recursion -Wmove -Wcomma -Wblock-capture-autoreleasing -Wstrict-prototypes -Wrange-loop-analysis -Wno-semicolon-before-method-body -Wunguarded-availability -index-store-path /Users/karelbraborec/Library/Developer/Xcode/DerivedData/revmeter-hbcnswmlqmbpnlazhhkncgeowiss/Index.noindex/DataStore @/Users/karelbraborec/Library/Developer/Xcode/DerivedData/revmeter-hbcnswmlqmbpnlazhhkncgeowiss/Build/Intermediates.noindex/Pods.build/Debug-iphonesimulator/RNScreens.build/Objects-normal/x86_64/af3fcb34312c57c0f52879cdce924b91-common-args.resp -DRCT_NEW_ARCH_ENABLED\=1 -include /Users/karelbraborec/rev-meter/ios/Pods/Target\ Support\ Files/RNScreens/RNScreens-prefix.pch -MMD -MT dependencies -MF /Users/karelbraborec/Library/Developer/Xcode/DerivedData/revmeter-hbcnswmlqmbpnlazhhkncgeowiss/Build/Intermediates.noindex/Pods.build/Debug-iphonesimulator/RNScreens.build/Objects-normal/x86_64/RNSTabsScreenEventEmitter.d --serialize-diagnostics /Users/karelbraborec/Library/Developer/Xcode/DerivedData/revmeter-hbcnswmlqmbpnlazhhkncgeowiss/Build/Intermediates.noindex/Pods.build/Debug-iphonesimulator/RNScreens.build/Objects-normal/x86_64/RNSTabsScreenEventEmitter.dia -c /Users/karelbraborec/rev-meter/node_modules/react-native-screens/ios/tabs/screen/RNSTabsScreenEventEmitter.mm -o /Users/karelbraborec/Library/Developer/Xcode/DerivedData/revmeter-hbcnswmlqmbpnlazhhkncgeowiss/Build/Intermediates.noindex/Pods.build/Debug-iphonesimulator/RNScreens.build/Objects-normal/x86_64/RNSTabsScreenEventEmitter.o -index-unit-output-path /Pods.build/Debug-iphonesimulator/RNScreens.build/Objects-normal/x86_64/RNSTabsScreenEventEmitter.o

CompileC /Users/karelbraborec/Library/Developer/Xcode/DerivedData/revmeter-hbcnswmlqmbpnlazhhkncgeowiss/Build/Intermediates.noindex/Pods.build/Debug-iphonesimulator/RNScreens.build/Objects-normal/x86_64/RNSTabsScreenComponentView.o /Users/karelbraborec/rev-meter/node_modules/react-native-screens/ios/tabs/screen/RNSTabsScreenComponentView.mm normal x86_64 objective-c++ com.apple.compilers.llvm.clang.1_0.compiler (in target 'RNScreens' from project 'Pods')
    cd /Users/karelbraborec/rev-meter/ios/Pods
    
    Using response file: /Users/karelbraborec/Library/Developer/Xcode/DerivedData/revmeter-hbcnswmlqmbpnlazhhkncgeowiss/Build/Intermediates.noindex/Pods.build/Debug-iphonesimulator/RNScreens.build/Objects-normal/x86_64/af3fcb34312c57c0f52879cdce924b91-common-args.resp
    
    /Applications/Xcode.app/Contents/Developer/Toolchains/XcodeDefault.xctoolchain/usr/bin/clang -x objective-c++ -ivfsstatcache /Users/karelbraborec/Library/Developer/Xcode/DerivedData/SDKStatCaches.noindex/iphonesimulator26.5-23F81a-6cfe768891a92b912361537c460fe42b.sdkstatcache -target x86_64-apple-ios15.1-simulator -fmessage-length\=0 -fdiagnostics-show-note-include-stack -fmacro-backtrace-limit\=0 -fno-color-diagnostics -fmodules-prune-interval\=86400 -fmodules-prune-after\=345600 -fbuild-session-file\=/Users/karelbraborec/Library/Developer/Xcode/DerivedData/ModuleCache.noindex/Session.modulevalidation -fmodules-validate-once-per-build-session -Wnon-modular-include-in-framework-module -Werror\=non-modular-include-in-framework-module -Wno-trigraphs -Wno-missing-field-initializers -Wno-missing-prototypes -Werror\=return-type -Wdocumentation -Wunreachable-code -Wno-implicit-atomic-properties -Werror\=deprecated-objc-isa-usage -Wno-objc-interface-ivars -Werror\=objc-root-class -Wno-arc-repeated-use-of-weak -Wimplicit-retain-self -Wno-non-virtual-dtor -Wno-overloaded-virtual -Wno-exit-time-destructors -Wduplicate-method-match -Wno-missing-braces -Wparentheses -Wswitch -Wunused-function -Wno-unused-label -Wno-unused-parameter -Wunused-variable -Wunused-value -Wempty-body -Wuninitialized -Wconditional-uninitialized -Wno-unknown-pragmas -Wno-shadow -Wno-four-char-constants -Wno-conversion -Wconstant-conversion -Wint-conversion -Wbool-conversion -Wenum-conversion -Wno-float-conversion -Wnon-literal-null-conversion -Wobjc-literal-conversion -Wshorten-64-to-32 -Wno-newline-eof -Wno-selector -Wno-strict-selector-match -Wundeclared-selector -Wdeprecated-implementations -Wno-c++11-extensions -Wno-implicit-fallthrough -isysroot /Applications/Xcode.app/Contents/Developer/Platforms/iPhoneSimulator.platform/Developer/SDKs/iPhoneSimulator26.5.sdk -fstrict-aliasing -Wprotocol -Wdeprecated-declarations -Winvalid-offsetof -Wno-sign-conversion -Winfinite-recursion -Wmove -Wcomma -Wblock-capture-autoreleasing -Wstrict-prototypes -Wrange-loop-analysis -Wno-semicolon-before-method-body -Wunguarded-availability -index-store-path /Users/karelbraborec/Library/Developer/Xcode/DerivedData/revmeter-hbcnswmlqmbpnlazhhkncgeowiss/Index.noindex/DataStore @/Users/karelbraborec/Library/Developer/Xcode/DerivedData/revmeter-hbcnswmlqmbpnlazhhkncgeowiss/Build/Intermediates.noindex/Pods.build/Debug-iphonesimulator/RNScreens.build/Objects-normal/x86_64/af3fcb34312c57c0f52879cdce924b91-common-args.resp -DRCT_NEW_ARCH_ENABLED\=1 -include /Users/karelbraborec/rev-meter/ios/Pods/Target\ Support\ Files/RNScreens/RNScreens-prefix.pch -MMD -MT dependencies -MF /Users/karelbraborec/Library/Developer/Xcode/DerivedData/revmeter-hbcnswmlqmbpnlazhhkncgeowiss/Build/Intermediates.noindex/Pods.build/Debug-iphonesimulator/RNScreens.build/Objects-normal/x86_64/RNSTabsScreenComponentView.d --serialize-diagnostics /Users/karelbraborec/Library/Developer/Xcode/DerivedData/revmeter-hbcnswmlqmbpnlazhhkncgeowiss/Build/Intermediates.noindex/Pods.build/Debug-iphonesimulator/RNScreens.build/Objects-normal/x86_64/RNSTabsScreenComponentView.dia -c /Users/karelbraborec/rev-meter/node_modules/react-native-screens/ios/tabs/screen/RNSTabsScreenComponentView.mm -o /Users/karelbraborec/Library/Developer/Xcode/DerivedData/revmeter-hbcnswmlqmbpnlazhhkncgeowiss/Build/Intermediates.noindex/Pods.build/Debug-iphonesimulator/RNScreens.build/Objects-normal/x86_64/RNSTabsScreenComponentView.o -index-unit-output-path /Pods.build/Debug-iphonesimulator/RNScreens.build/Objects-normal/x86_64/RNSTabsScreenComponentView.o

CompileC /Users/karelbraborec/Library/Developer/Xcode/DerivedData/revmeter-hbcnswmlqmbpnlazhhkncgeowiss/Build/Intermediates.noindex/Pods.build/Debug-iphonesimulator/RNScreens.build/Objects-normal/x86_64/RNSTabsNavigationStateObserverRegistry.o /Users/karelbraborec/rev-meter/node_modules/react-native-screens/ios/tabs/host/RNSTabsNavigationStateObserverRegistry.mm normal x86_64 objective-c++ com.apple.compilers.llvm.clang.1_0.compiler (in target 'RNScreens' from project 'Pods')
    cd /Users/karelbraborec/rev-meter/ios/Pods
    
    Using response file: /Users/karelbraborec/Library/Developer/Xcode/DerivedData/revmeter-hbcnswmlqmbpnlazhhkncgeowiss/Build/Intermediates.noindex/Pods.build/Debug-iphonesimulator/RNScreens.build/Objects-normal/x86_64/af3fcb34312c57c0f52879cdce924b91-common-args.resp
    
    /Applications/Xcode.app/Contents/Developer/Toolchains/XcodeDefault.xctoolchain/usr/bin/clang -x objective-c++ -ivfsstatcache /Users/karelbraborec/Library/Developer/Xcode/DerivedData/SDKStatCaches.noindex/iphonesimulator26.5-23F81a-6cfe768891a92b912361537c460fe42b.sdkstatcache -target x86_64-apple-ios15.1-simulator -fmessage-length\=0 -fdiagnostics-show-note-include-stack -fmacro-backtrace-limit\=0 -fno-color-diagnostics -fmodules-prune-interval\=86400 -fmodules-prune-after\=345600 -fbuild-session-file\=/Users/karelbraborec/Library/Developer/Xcode/DerivedData/ModuleCache.noindex/Session.modulevalidation -fmodules-validate-once-per-build-session -Wnon-modular-include-in-framework-module -Werror\=non-modular-include-in-framework-module -Wno-trigraphs -Wno-missing-field-initializers -Wno-missing-prototypes -Werror\=return-type -Wdocumentation -Wunreachable-code -Wno-implicit-atomic-properties -Werror\=deprecated-objc-isa-usage -Wno-objc-interface-ivars -Werror\=objc-root-class -Wno-arc-repeated-use-of-weak -Wimplicit-retain-self -Wno-non-virtual-dtor -Wno-overloaded-virtual -Wno-exit-time-destructors -Wduplicate-method-match -Wno-missing-braces -Wparentheses -Wswitch -Wunused-function -Wno-unused-label -Wno-unused-parameter -Wunused-variable -Wunused-value -Wempty-body -Wuninitialized -Wconditional-uninitialized -Wno-unknown-pragmas -Wno-shadow -Wno-four-char-constants -Wno-conversion -Wconstant-conversion -Wint-conversion -Wbool-conversion -Wenum-conversion -Wno-float-conversion -Wnon-literal-null-conversion -Wobjc-literal-conversion -Wshorten-64-to-32 -Wno-newline-eof -Wno-selector -Wno-strict-selector-match -Wundeclared-selector -Wdeprecated-implementations -Wno-c++11-extensions -Wno-implicit-fallthrough -isysroot /Applications/Xcode.app/Contents/Developer/Platforms/iPhoneSimulator.platform/Developer/SDKs/iPhoneSimulator26.5.sdk -fstrict-aliasing -Wprotocol -Wdeprecated-declarations -Winvalid-offsetof -Wno-sign-conversion -Winfinite-recursion -Wmove -Wcomma -Wblock-capture-autoreleasing -Wstrict-prototypes -Wrange-loop-analysis -Wno-semicolon-before-method-body -Wunguarded-availability -index-store-path /Users/karelbraborec/Library/Developer/Xcode/DerivedData/revmeter-hbcnswmlqmbpnlazhhkncgeowiss/Index.noindex/DataStore @/Users/karelbraborec/Library/Developer/Xcode/DerivedData/revmeter-hbcnswmlqmbpnlazhhkncgeowiss/Build/Intermediates.noindex/Pods.build/Debug-iphonesimulator/RNScreens.build/Objects-normal/x86_64/af3fcb34312c57c0f52879cdce924b91-common-args.resp -DRCT_NEW_ARCH_ENABLED\=1 -include /Users/karelbraborec/rev-meter/ios/Pods/Target\ Support\ Files/RNScreens/RNScreens-prefix.pch -MMD -MT dependencies -MF /Users/karelbraborec/Library/Developer/Xcode/DerivedData/revmeter-hbcnswmlqmbpnlazhhkncgeowiss/Build/Intermediates.noindex/Pods.build/Debug-iphonesimulator/RNScreens.build/Objects-normal/x86_64/RNSTabsNavigationStateObserverRegistry.d --serialize-diagnostics /Users/karelbraborec/Library/Developer/Xcode/DerivedData/revmeter-hbcnswmlqmbpnlazhhkncgeowiss/Build/Intermediates.noindex/Pods.build/Debug-iphonesimulator/RNScreens.build/Objects-normal/x86_64/RNSTabsNavigationStateObserverRegistry.dia -c /Users/karelbraborec/rev-meter/node_modules/react-native-screens/ios/tabs/host/RNSTabsNavigationStateObserverRegistry.mm -o /Users/karelbraborec/Library/Developer/Xcode/DerivedData/revmeter-hbcnswmlqmbpnlazhhkncgeowiss/Build/Intermediates.noindex/Pods.build/Debug-iphonesimulator/RNScreens.build/Objects-normal/x86_64/RNSTabsNavigationStateObserverRegistry.o -index-unit-output-path /Pods.build/Debug-iphonesimulator/RNScreens.build/Objects-normal/x86_64/RNSTabsNavigationStateObserverRegistry.o

CompileC /Users/karelbraborec/Library/Developer/Xcode/DerivedData/revmeter-hbcnswmlqmbpnlazhhkncgeowiss/Build/Intermediates.noindex/Pods.build/Debug-iphonesimulator/RNScreens.build/Objects-normal/x86_64/RNSTabsNavigationState.o /Users/karelbraborec/rev-meter/node_modules/react-native-screens/ios/tabs/host/RNSTabsNavigationState.mm normal x86_64 objective-c++ com.apple.compilers.llvm.clang.1_0.compiler (in target 'RNScreens' from project 'Pods')
    cd /Users/karelbraborec/rev-meter/ios/Pods
    
    Using response file: /Users/karelbraborec/Library/Developer/Xcode/DerivedData/revmeter-hbcnswmlqmbpnlazhhkncgeowiss/Build/Intermediates.noindex/Pods.build/Debug-iphonesimulator/RNScreens.build/Objects-normal/x86_64/af3fcb34312c57c0f52879cdce924b91-common-args.resp
    
    /Applications/Xcode.app/Contents/Developer/Toolchains/XcodeDefault.xctoolchain/usr/bin/clang -x objective-c++ -ivfsstatcache /Users/karelbraborec/Library/Developer/Xcode/DerivedData/SDKStatCaches.noindex/iphonesimulator26.5-23F81a-6cfe768891a92b912361537c460fe42b.sdkstatcache -target x86_64-apple-ios15.1-simulator -fmessage-length\=0 -fdiagnostics-show-note-include-stack -fmacro-backtrace-limit\=0 -fno-color-diagnostics -fmodules-prune-interval\=86400 -fmodules-prune-after\=345600 -fbuild-session-file\=/Users/karelbraborec/Library/Developer/Xcode/DerivedData/ModuleCache.noindex/Session.modulevalidation -fmodules-validate-once-per-build-session -Wnon-modular-include-in-framework-module -Werror\=non-modular-include-in-framework-module -Wno-trigraphs -Wno-missing-field-initializers -Wno-missing-prototypes -Werror\=return-type -Wdocumentation -Wunreachable-code -Wno-implicit-atomic-properties -Werror\=deprecated-objc-isa-usage -Wno-objc-interface-ivars -Werror\=objc-root-class -Wno-arc-repeated-use-of-weak -Wimplicit-retain-self -Wno-non-virtual-dtor -Wno-overloaded-virtual -Wno-exit-time-destructors -Wduplicate-method-match -Wno-missing-braces -Wparentheses -Wswitch -Wunused-function -Wno-unused-label -Wno-unused-parameter -Wunused-variable -Wunused-value -Wempty-body -Wuninitialized -Wconditional-uninitialized -Wno-unknown-pragmas -Wno-shadow -Wno-four-char-constants -Wno-conversion -Wconstant-conversion -Wint-conversion -Wbool-conversion -Wenum-conversion -Wno-float-conversion -Wnon-literal-null-conversion -Wobjc-literal-conversion -Wshorten-64-to-32 -Wno-newline-eof -Wno-selector -Wno-strict-selector-match -Wundeclared-selector -Wdeprecated-implementations -Wno-c++11-extensions -Wno-implicit-fallthrough -isysroot /Applications/Xcode.app/Contents/Developer/Platforms/iPhoneSimulator.platform/Developer/SDKs/iPhoneSimulator26.5.sdk -fstrict-aliasing -Wprotocol -Wdeprecated-declarations -Winvalid-offsetof -Wno-sign-conversion -Winfinite-recursion -Wmove -Wcomma -Wblock-capture-autoreleasing -Wstrict-prototypes -Wrange-loop-analysis -Wno-semicolon-before-method-body -Wunguarded-availability -index-store-path /Users/karelbraborec/Library/Developer/Xcode/DerivedData/revmeter-hbcnswmlqmbpnlazhhkncgeowiss/Index.noindex/DataStore @/Users/karelbraborec/Library/Developer/Xcode/DerivedData/revmeter-hbcnswmlqmbpnlazhhkncgeowiss/Build/Intermediates.noindex/Pods.build/Debug-iphonesimulator/RNScreens.build/Objects-normal/x86_64/af3fcb34312c57c0f52879cdce924b91-common-args.resp -DRCT_NEW_ARCH_ENABLED\=1 -include /Users/karelbraborec/rev-meter/ios/Pods/Target\ Support\ Files/RNScreens/RNScreens-prefix.pch -MMD -MT dependencies -MF /Users/karelbraborec/Library/Developer/Xcode/DerivedData/revmeter-hbcnswmlqmbpnlazhhkncgeowiss/Build/Intermediates.noindex/Pods.build/Debug-iphonesimulator/RNScreens.build/Objects-normal/x86_64/RNSTabsNavigationState.d --serialize-diagnostics /Users/karelbraborec/Library/Developer/Xcode/DerivedData/revmeter-hbcnswmlqmbpnlazhhkncgeowiss/Build/Intermediates.noindex/Pods.build/Debug-iphonesimulator/RNScreens.build/Objects-normal/x86_64/RNSTabsNavigationState.dia -c /Users/karelbraborec/rev-meter/node_modules/react-native-screens/ios/tabs/host/RNSTabsNavigationState.mm -o /Users/karelbraborec/Library/Developer/Xcode/DerivedData/revmeter-hbcnswmlqmbpnlazhhkncgeowiss/Build/Intermediates.noindex/Pods.build/Debug-iphonesimulator/RNScreens.build/Objects-normal/x86_64/RNSTabsNavigationState.o -index-unit-output-path /Pods.build/Debug-iphonesimulator/RNScreens.build/Objects-normal/x86_64/RNSTabsNavigationState.o

CompileC /Users/karelbraborec/Library/Developer/Xcode/DerivedData/revmeter-hbcnswmlqmbpnlazhhkncgeowiss/Build/Intermediates.noindex/Pods.build/Debug-iphonesimulator/RNScreens.build/Objects-normal/x86_64/RNSTabsHostState.o /Users/karelbraborec/rev-meter/node_modules/react-native-screens/common/cpp/react/renderer/components/rnscreens/RNSTabsHostState.cpp normal x86_64 c++ com.apple.compilers.llvm.clang.1_0.compiler (in target 'RNScreens' from project 'Pods')
    cd /Users/karelbraborec/rev-meter/ios/Pods
    
    Using response file: /Users/karelbraborec/Library/Developer/Xcode/DerivedData/revmeter-hbcnswmlqmbpnlazhhkncgeowiss/Build/Intermediates.noindex/Pods.build/Debug-iphonesimulator/RNScreens.build/Objects-normal/x86_64/82b82416624d2658e5098eb0a28c15c5-common-args.resp
    
    /Applications/Xcode.app/Contents/Developer/Toolchains/XcodeDefault.xctoolchain/usr/bin/clang -x c++ -ivfsstatcache /Users/karelbraborec/Library/Developer/Xcode/DerivedData/SDKStatCaches.noindex/iphonesimulator26.5-23F81a-6cfe768891a92b912361537c460fe42b.sdkstatcache -target x86_64-apple-ios15.1-simulator -fmessage-length\=0 -fdiagnostics-show-note-include-stack -fmacro-backtrace-limit\=0 -fno-color-diagnostics -fmodules-prune-interval\=86400 -fmodules-prune-after\=345600 -fbuild-session-file\=/Users/karelbraborec/Library/Developer/Xcode/DerivedData/ModuleCache.noindex/Session.modulevalidation -fmodules-validate-once-per-build-session -Wnon-modular-include-in-framework-module -Werror\=non-modular-include-in-framework-module -Wno-trigraphs -Wno-missing-field-initializers -Wno-missing-prototypes -Werror\=return-type -Wdocumentation -Wunreachable-code -Werror\=deprecated-objc-isa-usage -Werror\=objc-root-class -Wno-non-virtual-dtor -Wno-overloaded-virtual -Wno-exit-time-destructors -Wno-missing-braces -Wparentheses -Wswitch -Wunused-function -Wno-unused-label -Wno-unused-parameter -Wunused-variable -Wunused-value -Wempty-body -Wuninitialized -Wconditional-uninitialized -Wno-unknown-pragmas -Wno-shadow -Wno-four-char-constants -Wno-conversion -Wconstant-conversion -Wint-conversion -Wbool-conversion -Wenum-conversion -Wno-float-conversion -Wnon-literal-null-conversion -Wobjc-literal-conversion -Wshorten-64-to-32 -Wno-newline-eof -Wno-c++11-extensions -Wno-implicit-fallthrough -isysroot /Applications/Xcode.app/Contents/Developer/Platforms/iPhoneSimulator.platform/Developer/SDKs/iPhoneSimulator26.5.sdk -fstrict-aliasing -Wdeprecated-declarations -Winvalid-offsetof -Wno-sign-conversion -Winfinite-recursion -Wmove -Wcomma -Wblock-capture-autoreleasing -Wstrict-prototypes -Wrange-loop-analysis -Wno-semicolon-before-method-body -Wunguarded-availability -index-store-path /Users/karelbraborec/Library/Developer/Xcode/DerivedData/revmeter-hbcnswmlqmbpnlazhhkncgeowiss/Index.noindex/DataStore @/Users/karelbraborec/Library/Developer/Xcode/DerivedData/revmeter-hbcnswmlqmbpnlazhhkncgeowiss/Build/Intermediates.noindex/Pods.build/Debug-iphonesimulator/RNScreens.build/Objects-normal/x86_64/82b82416624d2658e5098eb0a28c15c5-common-args.resp -DRCT_NEW_ARCH_ENABLED\=1 -include /Users/karelbraborec/rev-meter/ios/Pods/Target\ Support\ Files/RNScreens/RNScreens-prefix.pch -MMD -MT dependencies -MF /Users/karelbraborec/Library/Developer/Xcode/DerivedData/revmeter-hbcnswmlqmbpnlazhhkncgeowiss/Build/Intermediates.noindex/Pods.build/Debug-iphonesimulator/RNScreens.build/Objects-normal/x86_64/RNSTabsHostState.d --serialize-diagnostics /Users/karelbraborec/Library/Developer/Xcode/DerivedData/revmeter-hbcnswmlqmbpnlazhhkncgeowiss/Build/Intermediates.noindex/Pods.build/Debug-iphonesimulator/RNScreens.build/Objects-normal/x86_64/RNSTabsHostState.dia -c /Users/karelbraborec/rev-meter/node_modules/react-native-screens/common/cpp/react/renderer/components/rnscreens/RNSTabsHostState.cpp -o /Users/karelbraborec/Library/Developer/Xcode/DerivedData/revmeter-hbcnswmlqmbpnlazhhkncgeowiss/Build/Intermediates.noindex/Pods.build/Debug-iphonesimulator/RNScreens.build/Objects-normal/x86_64/RNSTabsHostState.o -index-unit-output-path /Pods.build/Debug-iphonesimulator/RNScreens.build/Objects-normal/x86_64/RNSTabsHostState.o

CompileC /Users/karelbraborec/Library/Developer/Xcode/DerivedData/revmeter-hbcnswmlqmbpnlazhhkncgeowiss/Build/Intermediates.noindex/Pods.build/Debug-iphonesimulator/RNScreens.build/Objects-normal/x86_64/RNSTabsHostShadowNode.o /Users/karelbraborec/rev-meter/node_modules/react-native-screens/common/cpp/react/renderer/components/rnscreens/RNSTabsHostShadowNode.cpp normal x86_64 c++ com.apple.compilers.llvm.clang.1_0.compiler (in target 'RNScreens' from project 'Pods')
    cd /Users/karelbraborec/rev-meter/ios/Pods
    
    Using response file: /Users/karelbraborec/Library/Developer/Xcode/DerivedData/revmeter-hbcnswmlqmbpnlazhhkncgeowiss/Build/Intermediates.noindex/Pods.build/Debug-iphonesimulator/RNScreens.build/Objects-normal/x86_64/82b82416624d2658e5098eb0a28c15c5-common-args.resp
    
    /Applications/Xcode.app/Contents/Developer/Toolchains/XcodeDefault.xctoolchain/usr/bin/clang -x c++ -ivfsstatcache /Users/karelbraborec/Library/Developer/Xcode/DerivedData/SDKStatCaches.noindex/iphonesimulator26.5-23F81a-6cfe768891a92b912361537c460fe42b.sdkstatcache -target x86_64-apple-ios15.1-simulator -fmessage-length\=0 -fdiagnostics-show-note-include-stack -fmacro-backtrace-limit\=0 -fno-color-diagnostics -fmodules-prune-interval\=86400 -fmodules-prune-after\=345600 -fbuild-session-file\=/Users/karelbraborec/Library/Developer/Xcode/DerivedData/ModuleCache.noindex/Session.modulevalidation -fmodules-validate-once-per-build-session -Wnon-modular-include-in-framework-module -Werror\=non-modular-include-in-framework-module -Wno-trigraphs -Wno-missing-field-initializers -Wno-missing-prototypes -Werror\=return-type -Wdocumentation -Wunreachable-code -Werror\=deprecated-objc-isa-usage -Werror\=objc-root-class -Wno-non-virtual-dtor -Wno-overloaded-virtual -Wno-exit-time-destructors -Wno-missing-braces -Wparentheses -Wswitch -Wunused-function -Wno-unused-label -Wno-unused-parameter -Wunused-variable -Wunused-value -Wempty-body -Wuninitialized -Wconditional-uninitialized -Wno-unknown-pragmas -Wno-shadow -Wno-four-char-constants -Wno-conversion -Wconstant-conversion -Wint-conversion -Wbool-conversion -Wenum-conversion -Wno-float-conversion -Wnon-literal-null-conversion -Wobjc-literal-conversion -Wshorten-64-to-32 -Wno-newline-eof -Wno-c++11-extensions -Wno-implicit-fallthrough -isysroot /Applications/Xcode.app/Contents/Developer/Platforms/iPhoneSimulator.platform/Developer/SDKs/iPhoneSimulator26.5.sdk -fstrict-aliasing -Wdeprecated-declarations -Winvalid-offsetof -Wno-sign-conversion -Winfinite-recursion -Wmove -Wcomma -Wblock-capture-autoreleasing -Wstrict-prototypes -Wrange-loop-analysis -Wno-semicolon-before-method-body -Wunguarded-availability -index-store-path /Users/karelbraborec/Library/Developer/Xcode/DerivedData/revmeter-hbcnswmlqmbpnlazhhkncgeowiss/Index.noindex/DataStore @/Users/karelbraborec/Library/Developer/Xcode/DerivedData/revmeter-hbcnswmlqmbpnlazhhkncgeowiss/Build/Intermediates.noindex/Pods.build/Debug-iphonesimulator/RNScreens.build/Objects-normal/x86_64/82b82416624d2658e5098eb0a28c15c5-common-args.resp -DRCT_NEW_ARCH_ENABLED\=1 -include /Users/karelbraborec/rev-meter/ios/Pods/Target\ Support\ Files/RNScreens/RNScreens-prefix.pch -MMD -MT dependencies -MF /Users/karelbraborec/Library/Developer/Xcode/DerivedData/revmeter-hbcnswmlqmbpnlazhhkncgeowiss/Build/Intermediates.noindex/Pods.build/Debug-iphonesimulator/RNScreens.build/Objects-normal/x86_64/RNSTabsHostShadowNode.d --serialize-diagnostics /Users/karelbraborec/Library/Developer/Xcode/DerivedData/revmeter-hbcnswmlqmbpnlazhhkncgeowiss/Build/Intermediates.noindex/Pods.build/Debug-iphonesimulator/RNScreens.build/Objects-normal/x86_64/RNSTabsHostShadowNode.dia -c /Users/karelbraborec/rev-meter/node_modules/react-native-screens/common/cpp/react/renderer/components/rnscreens/RNSTabsHostShadowNode.cpp -o /Users/karelbraborec/Library/Developer/Xcode/DerivedData/revmeter-hbcnswmlqmbpnlazhhkncgeowiss/Build/Intermediates.noindex/Pods.build/Debug-iphonesimulator/RNScreens.build/Objects-normal/x86_64/RNSTabsHostShadowNode.o -index-unit-output-path /Pods.build/Debug-iphonesimulator/RNScreens.build/Objects-normal/x86_64/RNSTabsHostShadowNode.o

CompileC /Users/karelbraborec/Library/Developer/Xcode/DerivedData/revmeter-hbcnswmlqmbpnlazhhkncgeowiss/Build/Intermediates.noindex/Pods.build/Debug-iphonesimulator/RNScreens.build/Objects-normal/x86_64/RNSTabsHostEventEmitter.o /Users/karelbraborec/rev-meter/node_modules/react-native-screens/ios/tabs/host/RNSTabsHostEventEmitter.mm normal x86_64 objective-c++ com.apple.compilers.llvm.clang.1_0.compiler (in target 'RNScreens' from project 'Pods')
    cd /Users/karelbraborec/rev-meter/ios/Pods
    
    Using response file: /Users/karelbraborec/Library/Developer/Xcode/DerivedData/revmeter-hbcnswmlqmbpnlazhhkncgeowiss/Build/Intermediates.noindex/Pods.build/Debug-iphonesimulator/RNScreens.build/Objects-normal/x86_64/af3fcb34312c57c0f52879cdce924b91-common-args.resp
    
    /Applications/Xcode.app/Contents/Developer/Toolchains/XcodeDefault.xctoolchain/usr/bin/clang -x objective-c++ -ivfsstatcache /Users/karelbraborec/Library/Developer/Xcode/DerivedData/SDKStatCaches.noindex/iphonesimulator26.5-23F81a-6cfe768891a92b912361537c460fe42b.sdkstatcache -target x86_64-apple-ios15.1-simulator -fmessage-length\=0 -fdiagnostics-show-note-include-stack -fmacro-backtrace-limit\=0 -fno-color-diagnostics -fmodules-prune-interval\=86400 -fmodules-prune-after\=345600 -fbuild-session-file\=/Users/karelbraborec/Library/Developer/Xcode/DerivedData/ModuleCache.noindex/Session.modulevalidation -fmodules-validate-once-per-build-session -Wnon-modular-include-in-framework-module -Werror\=non-modular-include-in-framework-module -Wno-trigraphs -Wno-missing-field-initializers -Wno-missing-prototypes -Werror\=return-type -Wdocumentation -Wunreachable-code -Wno-implicit-atomic-properties -Werror\=deprecated-objc-isa-usage -Wno-objc-interface-ivars -Werror\=objc-root-class -Wno-arc-repeated-use-of-weak -Wimplicit-retain-self -Wno-non-virtual-dtor -Wno-overloaded-virtual -Wno-exit-time-destructors -Wduplicate-method-match -Wno-missing-braces -Wparentheses -Wswitch -Wunused-function -Wno-unused-label -Wno-unused-parameter -Wunused-variable -Wunused-value -Wempty-body -Wuninitialized -Wconditional-uninitialized -Wno-unknown-pragmas -Wno-shadow -Wno-four-char-constants -Wno-conversion -Wconstant-conversion -Wint-conversion -Wbool-conversion -Wenum-conversion -Wno-float-conversion -Wnon-literal-null-conversion -Wobjc-literal-conversion -Wshorten-64-to-32 -Wno-newline-eof -Wno-selector -Wno-strict-selector-match -Wundeclared-selector -Wdeprecated-implementations -Wno-c++11-extensions -Wno-implicit-fallthrough -isysroot /Applications/Xcode.app/Contents/Developer/Platforms/iPhoneSimulator.platform/Developer/SDKs/iPhoneSimulator26.5.sdk -fstrict-aliasing -Wprotocol -Wdeprecated-declarations -Winvalid-offsetof -Wno-sign-conversion -Winfinite-recursion -Wmove -Wcomma -Wblock-capture-autoreleasing -Wstrict-prototypes -Wrange-loop-analysis -Wno-semicolon-before-method-body -Wunguarded-availability -index-store-path /Users/karelbraborec/Library/Developer/Xcode/DerivedData/revmeter-hbcnswmlqmbpnlazhhkncgeowiss/Index.noindex/DataStore @/Users/karelbraborec/Library/Developer/Xcode/DerivedData/revmeter-hbcnswmlqmbpnlazhhkncgeowiss/Build/Intermediates.noindex/Pods.build/Debug-iphonesimulator/RNScreens.build/Objects-normal/x86_64/af3fcb34312c57c0f52879cdce924b91-common-args.resp -DRCT_NEW_ARCH_ENABLED\=1 -include /Users/karelbraborec/rev-meter/ios/Pods/Target\ Support\ Files/RNScreens/RNScreens-prefix.pch -MMD -MT dependencies -MF /Users/karelbraborec/Library/Developer/Xcode/DerivedData/revmeter-hbcnswmlqmbpnlazhhkncgeowiss/Build/Intermediates.noindex/Pods.build/Debug-iphonesimulator/RNScreens.build/Objects-normal/x86_64/RNSTabsHostEventEmitter.d --serialize-diagnostics /Users/karelbraborec/Library/Developer/Xcode/DerivedData/revmeter-hbcnswmlqmbpnlazhhkncgeowiss/Build/Intermediates.noindex/Pods.build/Debug-iphonesimulator/RNScreens.build/Objects-normal/x86_64/RNSTabsHostEventEmitter.dia -c /Users/karelbraborec/rev-meter/node_modules/react-native-screens/ios/tabs/host/RNSTabsHostEventEmitter.mm -o /Users/karelbraborec/Library/Developer/Xcode/DerivedData/revmeter-hbcnswmlqmbpnlazhhkncgeowiss/Build/Intermediates.noindex/Pods.build/Debug-iphonesimulator/RNScreens.build/Objects-normal/x86_64/RNSTabsHostEventEmitter.o -index-unit-output-path /Pods.build/Debug-iphonesimulator/RNScreens.build/Objects-normal/x86_64/RNSTabsHostEventEmitter.o

CompileC /Users/karelbraborec/Library/Developer/Xcode/DerivedData/revmeter-hbcnswmlqmbpnlazhhkncgeowiss/Build/Intermediates.noindex/Pods.build/Debug-iphonesimulator/RNScreens.build/Objects-normal/x86_64/RNSTabsHostComponentView.o /Users/karelbraborec/rev-meter/node_modules/react-native-screens/ios/tabs/host/RNSTabsHostComponentView.mm normal x86_64 objective-c++ com.apple.compilers.llvm.clang.1_0.compiler (in target 'RNScreens' from project 'Pods')
    cd /Users/karelbraborec/rev-meter/ios/Pods
    
    Using response file: /Users/karelbraborec/Library/Developer/Xcode/DerivedData/revmeter-hbcnswmlqmbpnlazhhkncgeowiss/Build/Intermediates.noindex/Pods.build/Debug-iphonesimulator/RNScreens.build/Objects-normal/x86_64/af3fcb34312c57c0f52879cdce924b91-common-args.resp
    
    /Applications/Xcode.app/Contents/Developer/Toolchains/XcodeDefault.xctoolchain/usr/bin/clang -x objective-c++ -ivfsstatcache /Users/karelbraborec/Library/Developer/Xcode/DerivedData/SDKStatCaches.noindex/iphonesimulator26.5-23F81a-6cfe768891a92b912361537c460fe42b.sdkstatcache -target x86_64-apple-ios15.1-simulator -fmessage-length\=0 -fdiagnostics-show-note-include-stack -fmacro-backtrace-limit\=0 -fno-color-diagnostics -fmodules-prune-interval\=86400 -fmodules-prune-after\=345600 -fbuild-session-file\=/Users/karelbraborec/Library/Developer/Xcode/DerivedData/ModuleCache.noindex/Session.modulevalidation -fmodules-validate-once-per-build-session -Wnon-modular-include-in-framework-module -Werror\=non-modular-include-in-framework-module -Wno-trigraphs -Wno-missing-field-initializers -Wno-missing-prototypes -Werror\=return-type -Wdocumentation -Wunreachable-code -Wno-implicit-atomic-properties -Werror\=deprecated-objc-isa-usage -Wno-objc-interface-ivars -Werror\=objc-root-class -Wno-arc-repeated-use-of-weak -Wimplicit-retain-self -Wno-non-virtual-dtor -Wno-overloaded-virtual -Wno-exit-time-destructors -Wduplicate-method-match -Wno-missing-braces -Wparentheses -Wswitch -Wunused-function -Wno-unused-label -Wno-unused-parameter -Wunused-variable -Wunused-value -Wempty-body -Wuninitialized -Wconditional-uninitialized -Wno-unknown-pragmas -Wno-shadow -Wno-four-char-constants -Wno-conversion -Wconstant-conversion -Wint-conversion -Wbool-conversion -Wenum-conversion -Wno-float-conversion -Wnon-literal-null-conversion -Wobjc-literal-conversion -Wshorten-64-to-32 -Wno-newline-eof -Wno-selector -Wno-strict-selector-match -Wundeclared-selector -Wdeprecated-implementations -Wno-c++11-extensions -Wno-implicit-fallthrough -isysroot /Applications/Xcode.app/Contents/Developer/Platforms/iPhoneSimulator.platform/Developer/SDKs/iPhoneSimulator26.5.sdk -fstrict-aliasing -Wprotocol -Wdeprecated-declarations -Winvalid-offsetof -Wno-sign-conversion -Winfinite-recursion -Wmove -Wcomma -Wblock-capture-autoreleasing -Wstrict-prototypes -Wrange-loop-analysis -Wno-semicolon-before-method-body -Wunguarded-availability -index-store-path /Users/karelbraborec/Library/Developer/Xcode/DerivedData/revmeter-hbcnswmlqmbpnlazhhkncgeowiss/Index.noindex/DataStore @/Users/karelbraborec/Library/Developer/Xcode/DerivedData/revmeter-hbcnswmlqmbpnlazhhkncgeowiss/Build/Intermediates.noindex/Pods.build/Debug-iphonesimulator/RNScreens.build/Objects-normal/x86_64/af3fcb34312c57c0f52879cdce924b91-common-args.resp -DRCT_NEW_ARCH_ENABLED\=1 -include /Users/karelbraborec/rev-meter/ios/Pods/Target\ Support\ Files/RNScreens/RNScreens-prefix.pch -MMD -MT dependencies -MF /Users/karelbraborec/Library/Developer/Xcode/DerivedData/revmeter-hbcnswmlqmbpnlazhhkncgeowiss/Build/Intermediates.noindex/Pods.build/Debug-iphonesimulator/RNScreens.build/Objects-normal/x86_64/RNSTabsHostComponentView.d --serialize-diagnostics /Users/karelbraborec/Library/Developer/Xcode/DerivedData/revmeter-hbcnswmlqmbpnlazhhkncgeowiss/Build/Intermediates.noindex/Pods.build/Debug-iphonesimulator/RNScreens.build/Objects-normal/x86_64/RNSTabsHostComponentView.dia -c /Users/karelbraborec/rev-meter/node_modules/react-native-screens/ios/tabs/host/RNSTabsHostComponentView.mm -o /Users/karelbraborec/Library/Developer/Xcode/DerivedData/revmeter-hbcnswmlqmbpnlazhhkncgeowiss/Build/Intermediates.noindex/Pods.build/Debug-iphonesimulator/RNScreens.build/Objects-normal/x86_64/RNSTabsHostComponentView.o -index-unit-output-path /Pods.build/Debug-iphonesimulator/RNScreens.build/Objects-normal/x86_64/RNSTabsHostComponentView.o
In file included from /Users/karelbraborec/rev-meter/node_modules/react-native-screens/ios/tabs/host/RNSTabsHostComponentView.mm:5:
In file included from /Users/karelbraborec/rev-meter/ios/Pods/Headers/Public/React-RCTFabric/React/RCTMountingTransactionObserving.h:10:
In file included from /Users/karelbraborec/rev-meter/ios/Pods/Headers/Public/React-Fabric/react/renderer/mounting/MountingTransaction.h:10:
/Users/karelbraborec/rev-meter/ios/Pods/Headers/Public/React-Fabric/react/renderer/mounting/ShadowViewMutation.h:46:7: warning: declaration is marked with '@deprecated' command but does not have a deprecation attribute [-Wdocumentation-deprecated-sync]
   46 |    * @deprecated Pass parentTag instead of parentShadowView.
      |      ~^~~~~~~~~~~~~~~~~~~~~~~~~~~~~~~~~~~~~~~~~~~~~~~~~~~~~~
/Users/karelbraborec/rev-meter/ios/Pods/Headers/Public/React-Fabric/react/renderer/mounting/ShadowViewMutation.h:48:3: note: add a deprecation attribute to the declaration to silence this warning
   48 |   static ShadowViewMutation InsertMutation(const ShadowView &parentShadowView, ShadowView childShadowView, int index)
      |   ^
      |   FMT_DEPRECATED 
/Users/karelbraborec/rev-meter/ios/Pods/Headers/Public/React-Fabric/react/renderer/mounting/ShadowViewMutation.h:60:7: warning: declaration is marked with '@deprecated' command but does not have a deprecation attribute [-Wdocumentation-deprecated-sync]
   60 |    * @deprecated Pass parentTag instead of parentShadowView.
      |      ~^~~~~~~~~~~~~~~~~~~~~~~~~~~~~~~~~~~~~~~~~~~~~~~~~~~~~~
/Users/karelbraborec/rev-meter/ios/Pods/Headers/Public/React-Fabric/react/renderer/mounting/ShadowViewMutation.h:62:3: note: add a deprecation attribute to the declaration to silence this warning
   62 |   static ShadowViewMutation RemoveMutation(const ShadowView &parentShadowView, ShadowView childShadowView, int index)
      |   ^
      |   FMT_DEPRECATED 
/Users/karelbraborec/rev-meter/ios/Pods/Headers/Public/React-Fabric/react/renderer/mounting/ShadowViewMutation.h:74:7: warning: declaration is marked with '@deprecated' command but does not have a deprecation attribute [-Wdocumentation-deprecated-sync]
   74 |    * @deprecated Pass parentTag instead of parentShadowView.
      |      ~^~~~~~~~~~~~~~~~~~~~~~~~~~~~~~~~~~~~~~~~~~~~~~~~~~~~~~
/Users/karelbraborec/rev-meter/ios/Pods/Headers/Public/React-Fabric/react/renderer/mounting/ShadowViewMutation.h:76:3: note: add a deprecation attribute to the declaration to silence this warning
   76 |   static ShadowViewMutation
      |   ^
      |   FMT_DEPRECATED 
3 warnings generated.

CompileC /Users/karelbraborec/Library/Developer/Xcode/DerivedData/revmeter-hbcnswmlqmbpnlazhhkncgeowiss/Build/Intermediates.noindex/Pods.build/Debug-iphonesimulator/RNScreens.build/Objects-normal/x86_64/RNSTabsHostComponentView+RNSImageLoader.o /Users/karelbraborec/rev-meter/node_modules/react-native-screens/ios/tabs/extensions/RNSTabsHostComponentView+RNSImageLoader.mm normal x86_64 objective-c++ com.apple.compilers.llvm.clang.1_0.compiler (in target 'RNScreens' from project 'Pods')
    cd /Users/karelbraborec/rev-meter/ios/Pods
    
    Using response file: /Users/karelbraborec/Library/Developer/Xcode/DerivedData/revmeter-hbcnswmlqmbpnlazhhkncgeowiss/Build/Intermediates.noindex/Pods.build/Debug-iphonesimulator/RNScreens.build/Objects-normal/x86_64/af3fcb34312c57c0f52879cdce924b91-common-args.resp
    
    /Applications/Xcode.app/Contents/Developer/Toolchains/XcodeDefault.xctoolchain/usr/bin/clang -x objective-c++ -ivfsstatcache /Users/karelbraborec/Library/Developer/Xcode/DerivedData/SDKStatCaches.noindex/iphonesimulator26.5-23F81a-6cfe768891a92b912361537c460fe42b.sdkstatcache -target x86_64-apple-ios15.1-simulator -fmessage-length\=0 -fdiagnostics-show-note-include-stack -fmacro-backtrace-limit\=0 -fno-color-diagnostics -fmodules-prune-interval\=86400 -fmodules-prune-after\=345600 -fbuild-session-file\=/Users/karelbraborec/Library/Developer/Xcode/DerivedData/ModuleCache.noindex/Session.modulevalidation -fmodules-validate-once-per-build-session -Wnon-modular-include-in-framework-module -Werror\=non-modular-include-in-framework-module -Wno-trigraphs -Wno-missing-field-initializers -Wno-missing-prototypes -Werror\=return-type -Wdocumentation -Wunreachable-code -Wno-implicit-atomic-properties -Werror\=deprecated-objc-isa-usage -Wno-objc-interface-ivars -Werror\=objc-root-class -Wno-arc-repeated-use-of-weak -Wimplicit-retain-self -Wno-non-virtual-dtor -Wno-overloaded-virtual -Wno-exit-time-destructors -Wduplicate-method-match -Wno-missing-braces -Wparentheses -Wswitch -Wunused-function -Wno-unused-label -Wno-unused-parameter -Wunused-variable -Wunused-value -Wempty-body -Wuninitialized -Wconditional-uninitialized -Wno-unknown-pragmas -Wno-shadow -Wno-four-char-constants -Wno-conversion -Wconstant-conversion -Wint-conversion -Wbool-conversion -Wenum-conversion -Wno-float-conversion -Wnon-literal-null-conversion -Wobjc-literal-conversion -Wshorten-64-to-32 -Wno-newline-eof -Wno-selector -Wno-strict-selector-match -Wundeclared-selector -Wdeprecated-implementations -Wno-c++11-extensions -Wno-implicit-fallthrough -isysroot /Applications/Xcode.app/Contents/Developer/Platforms/iPhoneSimulator.platform/Developer/SDKs/iPhoneSimulator26.5.sdk -fstrict-aliasing -Wprotocol -Wdeprecated-declarations -Winvalid-offsetof -Wno-sign-conversion -Winfinite-recursion -Wmove -Wcomma -Wblock-capture-autoreleasing -Wstrict-prototypes -Wrange-loop-analysis -Wno-semicolon-before-method-body -Wunguarded-availability -index-store-path /Users/karelbraborec/Library/Developer/Xcode/DerivedData/revmeter-hbcnswmlqmbpnlazhhkncgeowiss/Index.noindex/DataStore @/Users/karelbraborec/Library/Developer/Xcode/DerivedData/revmeter-hbcnswmlqmbpnlazhhkncgeowiss/Build/Intermediates.noindex/Pods.build/Debug-iphonesimulator/RNScreens.build/Objects-normal/x86_64/af3fcb34312c57c0f52879cdce924b91-common-args.resp -DRCT_NEW_ARCH_ENABLED\=1 -include /Users/karelbraborec/rev-meter/ios/Pods/Target\ Support\ Files/RNScreens/RNScreens-prefix.pch -MMD -MT dependencies -MF /Users/karelbraborec/Library/Developer/Xcode/DerivedData/revmeter-hbcnswmlqmbpnlazhhkncgeowiss/Build/Intermediates.noindex/Pods.build/Debug-iphonesimulator/RNScreens.build/Objects-normal/x86_64/RNSTabsHostComponentView+RNSImageLoader.d --serialize-diagnostics /Users/karelbraborec/Library/Developer/Xcode/DerivedData/revmeter-hbcnswmlqmbpnlazhhkncgeowiss/Build/Intermediates.noindex/Pods.build/Debug-iphonesimulator/RNScreens.build/Objects-normal/x86_64/RNSTabsHostComponentView+RNSImageLoader.dia -c /Users/karelbraborec/rev-meter/node_modules/react-native-screens/ios/tabs/extensions/RNSTabsHostComponentView+RNSImageLoader.mm -o /Users/karelbraborec/Library/Developer/Xcode/DerivedData/revmeter-hbcnswmlqmbpnlazhhkncgeowiss/Build/Intermediates.noindex/Pods.build/Debug-iphonesimulator/RNScreens.build/Objects-normal/x86_64/RNSTabsHostComponentView+RNSImageLoader.o -index-unit-output-path /Pods.build/Debug-iphonesimulator/RNScreens.build/Objects-normal/x86_64/RNSTabsHostComponentView+RNSImageLoader.o

CompileC /Users/karelbraborec/Library/Developer/Xcode/DerivedData/revmeter-hbcnswmlqmbpnlazhhkncgeowiss/Build/Intermediates.noindex/Pods.build/Debug-iphonesimulator/RNScreens.build/Objects-normal/x86_64/RNSTabsBottomAccessoryShadowStateProxy.o /Users/karelbraborec/rev-meter/node_modules/react-native-screens/ios/tabs/bottom-accessory/RNSTabsBottomAccessoryShadowStateProxy.mm normal x86_64 objective-c++ com.apple.compilers.llvm.clang.1_0.compiler (in target 'RNScreens' from project 'Pods')
    cd /Users/karelbraborec/rev-meter/ios/Pods
    
    Using response file: /Users/karelbraborec/Library/Developer/Xcode/DerivedData/revmeter-hbcnswmlqmbpnlazhhkncgeowiss/Build/Intermediates.noindex/Pods.build/Debug-iphonesimulator/RNScreens.build/Objects-normal/x86_64/af3fcb34312c57c0f52879cdce924b91-common-args.resp
    
    /Applications/Xcode.app/Contents/Developer/Toolchains/XcodeDefault.xctoolchain/usr/bin/clang -x objective-c++ -ivfsstatcache /Users/karelbraborec/Library/Developer/Xcode/DerivedData/SDKStatCaches.noindex/iphonesimulator26.5-23F81a-6cfe768891a92b912361537c460fe42b.sdkstatcache -target x86_64-apple-ios15.1-simulator -fmessage-length\=0 -fdiagnostics-show-note-include-stack -fmacro-backtrace-limit\=0 -fno-color-diagnostics -fmodules-prune-interval\=86400 -fmodules-prune-after\=345600 -fbuild-session-file\=/Users/karelbraborec/Library/Developer/Xcode/DerivedData/ModuleCache.noindex/Session.modulevalidation -fmodules-validate-once-per-build-session -Wnon-modular-include-in-framework-module -Werror\=non-modular-include-in-framework-module -Wno-trigraphs -Wno-missing-field-initializers -Wno-missing-prototypes -Werror\=return-type -Wdocumentation -Wunreachable-code -Wno-implicit-atomic-properties -Werror\=deprecated-objc-isa-usage -Wno-objc-interface-ivars -Werror\=objc-root-class -Wno-arc-repeated-use-of-weak -Wimplicit-retain-self -Wno-non-virtual-dtor -Wno-overloaded-virtual -Wno-exit-time-destructors -Wduplicate-method-match -Wno-missing-braces -Wparentheses -Wswitch -Wunused-function -Wno-unused-label -Wno-unused-parameter -Wunused-variable -Wunused-value -Wempty-body -Wuninitialized -Wconditional-uninitialized -Wno-unknown-pragmas -Wno-shadow -Wno-four-char-constants -Wno-conversion -Wconstant-conversion -Wint-conversion -Wbool-conversion -Wenum-conversion -Wno-float-conversion -Wnon-literal-null-conversion -Wobjc-literal-conversion -Wshorten-64-to-32 -Wno-newline-eof -Wno-selector -Wno-strict-selector-match -Wundeclared-selector -Wdeprecated-implementations -Wno-c++11-extensions -Wno-implicit-fallthrough -isysroot /Applications/Xcode.app/Contents/Developer/Platforms/iPhoneSimulator.platform/Developer/SDKs/iPhoneSimulator26.5.sdk -fstrict-aliasing -Wprotocol -Wdeprecated-declarations -Winvalid-offsetof -Wno-sign-conversion -Winfinite-recursion -Wmove -Wcomma -Wblock-capture-autoreleasing -Wstrict-prototypes -Wrange-loop-analysis -Wno-semicolon-before-method-body -Wunguarded-availability -index-store-path /Users/karelbraborec/Library/Developer/Xcode/DerivedData/revmeter-hbcnswmlqmbpnlazhhkncgeowiss/Index.noindex/DataStore @/Users/karelbraborec/Library/Developer/Xcode/DerivedData/revmeter-hbcnswmlqmbpnlazhhkncgeowiss/Build/Intermediates.noindex/Pods.build/Debug-iphonesimulator/RNScreens.build/Objects-normal/x86_64/af3fcb34312c57c0f52879cdce924b91-common-args.resp -DRCT_NEW_ARCH_ENABLED\=1 -include /Users/karelbraborec/rev-meter/ios/Pods/Target\ Support\ Files/RNScreens/RNScreens-prefix.pch -MMD -MT dependencies -MF /Users/karelbraborec/Library/Developer/Xcode/DerivedData/revmeter-hbcnswmlqmbpnlazhhkncgeowiss/Build/Intermediates.noindex/Pods.build/Debug-iphonesimulator/RNScreens.build/Objects-normal/x86_64/RNSTabsBottomAccessoryShadowStateProxy.d --serialize-diagnostics /Users/karelbraborec/Library/Developer/Xcode/DerivedData/revmeter-hbcnswmlqmbpnlazhhkncgeowiss/Build/Intermediates.noindex/Pods.build/Debug-iphonesimulator/RNScreens.build/Objects-normal/x86_64/RNSTabsBottomAccessoryShadowStateProxy.dia -c /Users/karelbraborec/rev-meter/node_modules/react-native-screens/ios/tabs/bottom-accessory/RNSTabsBottomAccessoryShadowStateProxy.mm -o /Users/karelbraborec/Library/Developer/Xcode/DerivedData/revmeter-hbcnswmlqmbpnlazhhkncgeowiss/Build/Intermediates.noindex/Pods.build/Debug-iphonesimulator/RNScreens.build/Objects-normal/x86_64/RNSTabsBottomAccessoryShadowStateProxy.o -index-unit-output-path /Pods.build/Debug-iphonesimulator/RNScreens.build/Objects-normal/x86_64/RNSTabsBottomAccessoryShadowStateProxy.o

CompileC /Users/karelbraborec/Library/Developer/Xcode/DerivedData/revmeter-hbcnswmlqmbpnlazhhkncgeowiss/Build/Intermediates.noindex/Pods.build/Debug-iphonesimulator/RNScreens.build/Objects-normal/x86_64/RNSTabsBottomAccessoryShadowNode.o /Users/karelbraborec/rev-meter/node_modules/react-native-screens/common/cpp/react/renderer/components/rnscreens/RNSTabsBottomAccessoryShadowNode.cpp normal x86_64 c++ com.apple.compilers.llvm.clang.1_0.compiler (in target 'RNScreens' from project 'Pods')
    cd /Users/karelbraborec/rev-meter/ios/Pods
    
    Using response file: /Users/karelbraborec/Library/Developer/Xcode/DerivedData/revmeter-hbcnswmlqmbpnlazhhkncgeowiss/Build/Intermediates.noindex/Pods.build/Debug-iphonesimulator/RNScreens.build/Objects-normal/x86_64/82b82416624d2658e5098eb0a28c15c5-common-args.resp
    
    /Applications/Xcode.app/Contents/Developer/Toolchains/XcodeDefault.xctoolchain/usr/bin/clang -x c++ -ivfsstatcache /Users/karelbraborec/Library/Developer/Xcode/DerivedData/SDKStatCaches.noindex/iphonesimulator26.5-23F81a-6cfe768891a92b912361537c460fe42b.sdkstatcache -target x86_64-apple-ios15.1-simulator -fmessage-length\=0 -fdiagnostics-show-note-include-stack -fmacro-backtrace-limit\=0 -fno-color-diagnostics -fmodules-prune-interval\=86400 -fmodules-prune-after\=345600 -fbuild-session-file\=/Users/karelbraborec/Library/Developer/Xcode/DerivedData/ModuleCache.noindex/Session.modulevalidation -fmodules-validate-once-per-build-session -Wnon-modular-include-in-framework-module -Werror\=non-modular-include-in-framework-module -Wno-trigraphs -Wno-missing-field-initializers -Wno-missing-prototypes -Werror\=return-type -Wdocumentation -Wunreachable-code -Werror\=deprecated-objc-isa-usage -Werror\=objc-root-class -Wno-non-virtual-dtor -Wno-overloaded-virtual -Wno-exit-time-destructors -Wno-missing-braces -Wparentheses -Wswitch -Wunused-function -Wno-unused-label -Wno-unused-parameter -Wunused-variable -Wunused-value -Wempty-body -Wuninitialized -Wconditional-uninitialized -Wno-unknown-pragmas -Wno-shadow -Wno-four-char-constants -Wno-conversion -Wconstant-conversion -Wint-conversion -Wbool-conversion -Wenum-conversion -Wno-float-conversion -Wnon-literal-null-conversion -Wobjc-literal-conversion -Wshorten-64-to-32 -Wno-newline-eof -Wno-c++11-extensions -Wno-implicit-fallthrough -isysroot /Applications/Xcode.app/Contents/Developer/Platforms/iPhoneSimulator.platform/Developer/SDKs/iPhoneSimulator26.5.sdk -fstrict-aliasing -Wdeprecated-declarations -Winvalid-offsetof -Wno-sign-conversion -Winfinite-recursion -Wmove -Wcomma -Wblock-capture-autoreleasing -Wstrict-prototypes -Wrange-loop-analysis -Wno-semicolon-before-method-body -Wunguarded-availability -index-store-path /Users/karelbraborec/Library/Developer/Xcode/DerivedData/revmeter-hbcnswmlqmbpnlazhhkncgeowiss/Index.noindex/DataStore @/Users/karelbraborec/Library/Developer/Xcode/DerivedData/revmeter-hbcnswmlqmbpnlazhhkncgeowiss/Build/Intermediates.noindex/Pods.build/Debug-iphonesimulator/RNScreens.build/Objects-normal/x86_64/82b82416624d2658e5098eb0a28c15c5-common-args.resp -DRCT_NEW_ARCH_ENABLED\=1 -include /Users/karelbraborec/rev-meter/ios/Pods/Target\ Support\ Files/RNScreens/RNScreens-prefix.pch -MMD -MT dependencies -MF /Users/karelbraborec/Library/Developer/Xcode/DerivedData/revmeter-hbcnswmlqmbpnlazhhkncgeowiss/Build/Intermediates.noindex/Pods.build/Debug-iphonesimulator/RNScreens.build/Objects-normal/x86_64/RNSTabsBottomAccessoryShadowNode.d --serialize-diagnostics /Users/karelbraborec/Library/Developer/Xcode/DerivedData/revmeter-hbcnswmlqmbpnlazhhkncgeowiss/Build/Intermediates.noindex/Pods.build/Debug-iphonesimulator/RNScreens.build/Objects-normal/x86_64/RNSTabsBottomAccessoryShadowNode.dia -c /Users/karelbraborec/rev-meter/node_modules/react-native-screens/common/cpp/react/renderer/components/rnscreens/RNSTabsBottomAccessoryShadowNode.cpp -o /Users/karelbraborec/Library/Developer/Xcode/DerivedData/revmeter-hbcnswmlqmbpnlazhhkncgeowiss/Build/Intermediates.noindex/Pods.build/Debug-iphonesimulator/RNScreens.build/Objects-normal/x86_64/RNSTabsBottomAccessoryShadowNode.o -index-unit-output-path /Pods.build/Debug-iphonesimulator/RNScreens.build/Objects-normal/x86_64/RNSTabsBottomAccessoryShadowNode.o

CompileC /Users/karelbraborec/Library/Developer/Xcode/DerivedData/revmeter-hbcnswmlqmbpnlazhhkncgeowiss/Build/Intermediates.noindex/Pods.build/Debug-iphonesimulator/RNScreens.build/Objects-normal/x86_64/RNSTabsBottomAccessoryHelper.o /Users/karelbraborec/rev-meter/node_modules/react-native-screens/ios/tabs/bottom-accessory/RNSTabsBottomAccessoryHelper.mm normal x86_64 objective-c++ com.apple.compilers.llvm.clang.1_0.compiler (in target 'RNScreens' from project 'Pods')
    cd /Users/karelbraborec/rev-meter/ios/Pods
    
    Using response file: /Users/karelbraborec/Library/Developer/Xcode/DerivedData/revmeter-hbcnswmlqmbpnlazhhkncgeowiss/Build/Intermediates.noindex/Pods.build/Debug-iphonesimulator/RNScreens.build/Objects-normal/x86_64/af3fcb34312c57c0f52879cdce924b91-common-args.resp
    
    /Applications/Xcode.app/Contents/Developer/Toolchains/XcodeDefault.xctoolchain/usr/bin/clang -x objective-c++ -ivfsstatcache /Users/karelbraborec/Library/Developer/Xcode/DerivedData/SDKStatCaches.noindex/iphonesimulator26.5-23F81a-6cfe768891a92b912361537c460fe42b.sdkstatcache -target x86_64-apple-ios15.1-simulator -fmessage-length\=0 -fdiagnostics-show-note-include-stack -fmacro-backtrace-limit\=0 -fno-color-diagnostics -fmodules-prune-interval\=86400 -fmodules-prune-after\=345600 -fbuild-session-file\=/Users/karelbraborec/Library/Developer/Xcode/DerivedData/ModuleCache.noindex/Session.modulevalidation -fmodules-validate-once-per-build-session -Wnon-modular-include-in-framework-module -Werror\=non-modular-include-in-framework-module -Wno-trigraphs -Wno-missing-field-initializers -Wno-missing-prototypes -Werror\=return-type -Wdocumentation -Wunreachable-code -Wno-implicit-atomic-properties -Werror\=deprecated-objc-isa-usage -Wno-objc-interface-ivars -Werror\=objc-root-class -Wno-arc-repeated-use-of-weak -Wimplicit-retain-self -Wno-non-virtual-dtor -Wno-overloaded-virtual -Wno-exit-time-destructors -Wduplicate-method-match -Wno-missing-braces -Wparentheses -Wswitch -Wunused-function -Wno-unused-label -Wno-unused-parameter -Wunused-variable -Wunused-value -Wempty-body -Wuninitialized -Wconditional-uninitialized -Wno-unknown-pragmas -Wno-shadow -Wno-four-char-constants -Wno-conversion -Wconstant-conversion -Wint-conversion -Wbool-conversion -Wenum-conversion -Wno-float-conversion -Wnon-literal-null-conversion -Wobjc-literal-conversion -Wshorten-64-to-32 -Wno-newline-eof -Wno-selector -Wno-strict-selector-match -Wundeclared-selector -Wdeprecated-implementations -Wno-c++11-extensions -Wno-implicit-fallthrough -isysroot /Applications/Xcode.app/Contents/Developer/Platforms/iPhoneSimulator.platform/Developer/SDKs/iPhoneSimulator26.5.sdk -fstrict-aliasing -Wprotocol -Wdeprecated-declarations -Winvalid-offsetof -Wno-sign-conversion -Winfinite-recursion -Wmove -Wcomma -Wblock-capture-autoreleasing -Wstrict-prototypes -Wrange-loop-analysis -Wno-semicolon-before-method-body -Wunguarded-availability -index-store-path /Users/karelbraborec/Library/Developer/Xcode/DerivedData/revmeter-hbcnswmlqmbpnlazhhkncgeowiss/Index.noindex/DataStore @/Users/karelbraborec/Library/Developer/Xcode/DerivedData/revmeter-hbcnswmlqmbpnlazhhkncgeowiss/Build/Intermediates.noindex/Pods.build/Debug-iphonesimulator/RNScreens.build/Objects-normal/x86_64/af3fcb34312c57c0f52879cdce924b91-common-args.resp -DRCT_NEW_ARCH_ENABLED\=1 -include /Users/karelbraborec/rev-meter/ios/Pods/Target\ Support\ Files/RNScreens/RNScreens-prefix.pch -MMD -MT dependencies -MF /Users/karelbraborec/Library/Developer/Xcode/DerivedData/revmeter-hbcnswmlqmbpnlazhhkncgeowiss/Build/Intermediates.noindex/Pods.build/Debug-iphonesimulator/RNScreens.build/Objects-normal/x86_64/RNSTabsBottomAccessoryHelper.d --serialize-diagnostics /Users/karelbraborec/Library/Developer/Xcode/DerivedData/revmeter-hbcnswmlqmbpnlazhhkncgeowiss/Build/Intermediates.noindex/Pods.build/Debug-iphonesimulator/RNScreens.build/Objects-normal/x86_64/RNSTabsBottomAccessoryHelper.dia -c /Users/karelbraborec/rev-meter/node_modules/react-native-screens/ios/tabs/bottom-accessory/RNSTabsBottomAccessoryHelper.mm -o /Users/karelbraborec/Library/Developer/Xcode/DerivedData/revmeter-hbcnswmlqmbpnlazhhkncgeowiss/Build/Intermediates.noindex/Pods.build/Debug-iphonesimulator/RNScreens.build/Objects-normal/x86_64/RNSTabsBottomAccessoryHelper.o -index-unit-output-path /Pods.build/Debug-iphonesimulator/RNScreens.build/Objects-normal/x86_64/RNSTabsBottomAccessoryHelper.o

CompileC /Users/karelbraborec/Library/Developer/Xcode/DerivedData/revmeter-hbcnswmlqmbpnlazhhkncgeowiss/Build/Intermediates.noindex/Pods.build/Debug-iphonesimulator/RNScreens.build/Objects-normal/x86_64/RNSTabsBottomAccessoryEventEmitter.o /Users/karelbraborec/rev-meter/node_modules/react-native-screens/ios/tabs/bottom-accessory/RNSTabsBottomAccessoryEventEmitter.mm normal x86_64 objective-c++ com.apple.compilers.llvm.clang.1_0.compiler (in target 'RNScreens' from project 'Pods')
    cd /Users/karelbraborec/rev-meter/ios/Pods
    
    Using response file: /Users/karelbraborec/Library/Developer/Xcode/DerivedData/revmeter-hbcnswmlqmbpnlazhhkncgeowiss/Build/Intermediates.noindex/Pods.build/Debug-iphonesimulator/RNScreens.build/Objects-normal/x86_64/af3fcb34312c57c0f52879cdce924b91-common-args.resp
    
    /Applications/Xcode.app/Contents/Developer/Toolchains/XcodeDefault.xctoolchain/usr/bin/clang -x objective-c++ -ivfsstatcache /Users/karelbraborec/Library/Developer/Xcode/DerivedData/SDKStatCaches.noindex/iphonesimulator26.5-23F81a-6cfe768891a92b912361537c460fe42b.sdkstatcache -target x86_64-apple-ios15.1-simulator -fmessage-length\=0 -fdiagnostics-show-note-include-stack -fmacro-backtrace-limit\=0 -fno-color-diagnostics -fmodules-prune-interval\=86400 -fmodules-prune-after\=345600 -fbuild-session-file\=/Users/karelbraborec/Library/Developer/Xcode/DerivedData/ModuleCache.noindex/Session.modulevalidation -fmodules-validate-once-per-build-session -Wnon-modular-include-in-framework-module -Werror\=non-modular-include-in-framework-module -Wno-trigraphs -Wno-missing-field-initializers -Wno-missing-prototypes -Werror\=return-type -Wdocumentation -Wunreachable-code -Wno-implicit-atomic-properties -Werror\=deprecated-objc-isa-usage -Wno-objc-interface-ivars -Werror\=objc-root-class -Wno-arc-repeated-use-of-weak -Wimplicit-retain-self -Wno-non-virtual-dtor -Wno-overloaded-virtual -Wno-exit-time-destructors -Wduplicate-method-match -Wno-missing-braces -Wparentheses -Wswitch -Wunused-function -Wno-unused-label -Wno-unused-parameter -Wunused-variable -Wunused-value -Wempty-body -Wuninitialized -Wconditional-uninitialized -Wno-unknown-pragmas -Wno-shadow -Wno-four-char-constants -Wno-conversion -Wconstant-conversion -Wint-conversion -Wbool-conversion -Wenum-conversion -Wno-float-conversion -Wnon-literal-null-conversion -Wobjc-literal-conversion -Wshorten-64-to-32 -Wno-newline-eof -Wno-selector -Wno-strict-selector-match -Wundeclared-selector -Wdeprecated-implementations -Wno-c++11-extensions -Wno-implicit-fallthrough -isysroot /Applications/Xcode.app/Contents/Developer/Platforms/iPhoneSimulator.platform/Developer/SDKs/iPhoneSimulator26.5.sdk -fstrict-aliasing -Wprotocol -Wdeprecated-declarations -Winvalid-offsetof -Wno-sign-conversion -Winfinite-recursion -Wmove -Wcomma -Wblock-capture-autoreleasing -Wstrict-prototypes -Wrange-loop-analysis -Wno-semicolon-before-method-body -Wunguarded-availability -index-store-path /Users/karelbraborec/Library/Developer/Xcode/DerivedData/revmeter-hbcnswmlqmbpnlazhhkncgeowiss/Index.noindex/DataStore @/Users/karelbraborec/Library/Developer/Xcode/DerivedData/revmeter-hbcnswmlqmbpnlazhhkncgeowiss/Build/Intermediates.noindex/Pods.build/Debug-iphonesimulator/RNScreens.build/Objects-normal/x86_64/af3fcb34312c57c0f52879cdce924b91-common-args.resp -DRCT_NEW_ARCH_ENABLED\=1 -include /Users/karelbraborec/rev-meter/ios/Pods/Target\ Support\ Files/RNScreens/RNScreens-prefix.pch -MMD -MT dependencies -MF /Users/karelbraborec/Library/Developer/Xcode/DerivedData/revmeter-hbcnswmlqmbpnlazhhkncgeowiss/Build/Intermediates.noindex/Pods.build/Debug-iphonesimulator/RNScreens.build/Objects-normal/x86_64/RNSTabsBottomAccessoryEventEmitter.d --serialize-diagnostics /Users/karelbraborec/Library/Developer/Xcode/DerivedData/revmeter-hbcnswmlqmbpnlazhhkncgeowiss/Build/Intermediates.noindex/Pods.build/Debug-iphonesimulator/RNScreens.build/Objects-normal/x86_64/RNSTabsBottomAccessoryEventEmitter.dia -c /Users/karelbraborec/rev-meter/node_modules/react-native-screens/ios/tabs/bottom-accessory/RNSTabsBottomAccessoryEventEmitter.mm -o /Users/karelbraborec/Library/Developer/Xcode/DerivedData/revmeter-hbcnswmlqmbpnlazhhkncgeowiss/Build/Intermediates.noindex/Pods.build/Debug-iphonesimulator/RNScreens.build/Objects-normal/x86_64/RNSTabsBottomAccessoryEventEmitter.o -index-unit-output-path /Pods.build/Debug-iphonesimulator/RNScreens.build/Objects-normal/x86_64/RNSTabsBottomAccessoryEventEmitter.o

CompileC /Users/karelbraborec/Library/Developer/Xcode/DerivedData/revmeter-hbcnswmlqmbpnlazhhkncgeowiss/Build/Intermediates.noindex/Pods.build/Debug-iphonesimulator/RNScreens.build/Objects-normal/x86_64/RNSTabsBottomAccessoryContentComponentView.o /Users/karelbraborec/rev-meter/node_modules/react-native-screens/ios/tabs/bottom-accessory/RNSTabsBottomAccessoryContentComponentView.mm normal x86_64 objective-c++ com.apple.compilers.llvm.clang.1_0.compiler (in target 'RNScreens' from project 'Pods')
    cd /Users/karelbraborec/rev-meter/ios/Pods
    
    Using response file: /Users/karelbraborec/Library/Developer/Xcode/DerivedData/revmeter-hbcnswmlqmbpnlazhhkncgeowiss/Build/Intermediates.noindex/Pods.build/Debug-iphonesimulator/RNScreens.build/Objects-normal/x86_64/af3fcb34312c57c0f52879cdce924b91-common-args.resp
    
    /Applications/Xcode.app/Contents/Developer/Toolchains/XcodeDefault.xctoolchain/usr/bin/clang -x objective-c++ -ivfsstatcache /Users/karelbraborec/Library/Developer/Xcode/DerivedData/SDKStatCaches.noindex/iphonesimulator26.5-23F81a-6cfe768891a92b912361537c460fe42b.sdkstatcache -target x86_64-apple-ios15.1-simulator -fmessage-length\=0 -fdiagnostics-show-note-include-stack -fmacro-backtrace-limit\=0 -fno-color-diagnostics -fmodules-prune-interval\=86400 -fmodules-prune-after\=345600 -fbuild-session-file\=/Users/karelbraborec/Library/Developer/Xcode/DerivedData/ModuleCache.noindex/Session.modulevalidation -fmodules-validate-once-per-build-session -Wnon-modular-include-in-framework-module -Werror\=non-modular-include-in-framework-module -Wno-trigraphs -Wno-missing-field-initializers -Wno-missing-prototypes -Werror\=return-type -Wdocumentation -Wunreachable-code -Wno-implicit-atomic-properties -Werror\=deprecated-objc-isa-usage -Wno-objc-interface-ivars -Werror\=objc-root-class -Wno-arc-repeated-use-of-weak -Wimplicit-retain-self -Wno-non-virtual-dtor -Wno-overloaded-virtual -Wno-exit-time-destructors -Wduplicate-method-match -Wno-missing-braces -Wparentheses -Wswitch -Wunused-function -Wno-unused-label -Wno-unused-parameter -Wunused-variable -Wunused-value -Wempty-body -Wuninitialized -Wconditional-uninitialized -Wno-unknown-pragmas -Wno-shadow -Wno-four-char-constants -Wno-conversion -Wconstant-conversion -Wint-conversion -Wbool-conversion -Wenum-conversion -Wno-float-conversion -Wnon-literal-null-conversion -Wobjc-literal-conversion -Wshorten-64-to-32 -Wno-newline-eof -Wno-selector -Wno-strict-selector-match -Wundeclared-selector -Wdeprecated-implementations -Wno-c++11-extensions -Wno-implicit-fallthrough -isysroot /Applications/Xcode.app/Contents/Developer/Platforms/iPhoneSimulator.platform/Developer/SDKs/iPhoneSimulator26.5.sdk -fstrict-aliasing -Wprotocol -Wdeprecated-declarations -Winvalid-offsetof -Wno-sign-conversion -Winfinite-recursion -Wmove -Wcomma -Wblock-capture-autoreleasing -Wstrict-prototypes -Wrange-loop-analysis -Wno-semicolon-before-method-body -Wunguarded-availability -index-store-path /Users/karelbraborec/Library/Developer/Xcode/DerivedData/revmeter-hbcnswmlqmbpnlazhhkncgeowiss/Index.noindex/DataStore @/Users/karelbraborec/Library/Developer/Xcode/DerivedData/revmeter-hbcnswmlqmbpnlazhhkncgeowiss/Build/Intermediates.noindex/Pods.build/Debug-iphonesimulator/RNScreens.build/Objects-normal/x86_64/af3fcb34312c57c0f52879cdce924b91-common-args.resp -DRCT_NEW_ARCH_ENABLED\=1 -include /Users/karelbraborec/rev-meter/ios/Pods/Target\ Support\ Files/RNScreens/RNScreens-prefix.pch -MMD -MT dependencies -MF /Users/karelbraborec/Library/Developer/Xcode/DerivedData/revmeter-hbcnswmlqmbpnlazhhkncgeowiss/Build/Intermediates.noindex/Pods.build/Debug-iphonesimulator/RNScreens.build/Objects-normal/x86_64/RNSTabsBottomAccessoryContentComponentView.d --serialize-diagnostics /Users/karelbraborec/Library/Developer/Xcode/DerivedData/revmeter-hbcnswmlqmbpnlazhhkncgeowiss/Build/Intermediates.noindex/Pods.build/Debug-iphonesimulator/RNScreens.build/Objects-normal/x86_64/RNSTabsBottomAccessoryContentComponentView.dia -c /Users/karelbraborec/rev-meter/node_modules/react-native-screens/ios/tabs/bottom-accessory/RNSTabsBottomAccessoryContentComponentView.mm -o /Users/karelbraborec/Library/Developer/Xcode/DerivedData/revmeter-hbcnswmlqmbpnlazhhkncgeowiss/Build/Intermediates.noindex/Pods.build/Debug-iphonesimulator/RNScreens.build/Objects-normal/x86_64/RNSTabsBottomAccessoryContentComponentView.o -index-unit-output-path /Pods.build/Debug-iphonesimulator/RNScreens.build/Objects-normal/x86_64/RNSTabsBottomAccessoryContentComponentView.o

CompileC /Users/karelbraborec/Library/Developer/Xcode/DerivedData/revmeter-hbcnswmlqmbpnlazhhkncgeowiss/Build/Intermediates.noindex/Pods.build/Debug-iphonesimulator/RNScreens.build/Objects-normal/x86_64/RNSTabsBottomAccessoryComponentView.o /Users/karelbraborec/rev-meter/node_modules/react-native-screens/ios/tabs/bottom-accessory/RNSTabsBottomAccessoryComponentView.mm normal x86_64 objective-c++ com.apple.compilers.llvm.clang.1_0.compiler (in target 'RNScreens' from project 'Pods')
    cd /Users/karelbraborec/rev-meter/ios/Pods
    
    Using response file: /Users/karelbraborec/Library/Developer/Xcode/DerivedData/revmeter-hbcnswmlqmbpnlazhhkncgeowiss/Build/Intermediates.noindex/Pods.build/Debug-iphonesimulator/RNScreens.build/Objects-normal/x86_64/af3fcb34312c57c0f52879cdce924b91-common-args.resp
    
    /Applications/Xcode.app/Contents/Developer/Toolchains/XcodeDefault.xctoolchain/usr/bin/clang -x objective-c++ -ivfsstatcache /Users/karelbraborec/Library/Developer/Xcode/DerivedData/SDKStatCaches.noindex/iphonesimulator26.5-23F81a-6cfe768891a92b912361537c460fe42b.sdkstatcache -target x86_64-apple-ios15.1-simulator -fmessage-length\=0 -fdiagnostics-show-note-include-stack -fmacro-backtrace-limit\=0 -fno-color-diagnostics -fmodules-prune-interval\=86400 -fmodules-prune-after\=345600 -fbuild-session-file\=/Users/karelbraborec/Library/Developer/Xcode/DerivedData/ModuleCache.noindex/Session.modulevalidation -fmodules-validate-once-per-build-session -Wnon-modular-include-in-framework-module -Werror\=non-modular-include-in-framework-module -Wno-trigraphs -Wno-missing-field-initializers -Wno-missing-prototypes -Werror\=return-type -Wdocumentation -Wunreachable-code -Wno-implicit-atomic-properties -Werror\=deprecated-objc-isa-usage -Wno-objc-interface-ivars -Werror\=objc-root-class -Wno-arc-repeated-use-of-weak -Wimplicit-retain-self -Wno-non-virtual-dtor -Wno-overloaded-virtual -Wno-exit-time-destructors -Wduplicate-method-match -Wno-missing-braces -Wparentheses -Wswitch -Wunused-function -Wno-unused-label -Wno-unused-parameter -Wunused-variable -Wunused-value -Wempty-body -Wuninitialized -Wconditional-uninitialized -Wno-unknown-pragmas -Wno-shadow -Wno-four-char-constants -Wno-conversion -Wconstant-conversion -Wint-conversion -Wbool-conversion -Wenum-conversion -Wno-float-conversion -Wnon-literal-null-conversion -Wobjc-literal-conversion -Wshorten-64-to-32 -Wno-newline-eof -Wno-selector -Wno-strict-selector-match -Wundeclared-selector -Wdeprecated-implementations -Wno-c++11-extensions -Wno-implicit-fallthrough -isysroot /Applications/Xcode.app/Contents/Developer/Platforms/iPhoneSimulator.platform/Developer/SDKs/iPhoneSimulator26.5.sdk -fstrict-aliasing -Wprotocol -Wdeprecated-declarations -Winvalid-offsetof -Wno-sign-conversion -Winfinite-recursion -Wmove -Wcomma -Wblock-capture-autoreleasing -Wstrict-prototypes -Wrange-loop-analysis -Wno-semicolon-before-method-body -Wunguarded-availability -index-store-path /Users/karelbraborec/Library/Developer/Xcode/DerivedData/revmeter-hbcnswmlqmbpnlazhhkncgeowiss/Index.noindex/DataStore @/Users/karelbraborec/Library/Developer/Xcode/DerivedData/revmeter-hbcnswmlqmbpnlazhhkncgeowiss/Build/Intermediates.noindex/Pods.build/Debug-iphonesimulator/RNScreens.build/Objects-normal/x86_64/af3fcb34312c57c0f52879cdce924b91-common-args.resp -DRCT_NEW_ARCH_ENABLED\=1 -include /Users/karelbraborec/rev-meter/ios/Pods/Target\ Support\ Files/RNScreens/RNScreens-prefix.pch -MMD -MT dependencies -MF /Users/karelbraborec/Library/Developer/Xcode/DerivedData/revmeter-hbcnswmlqmbpnlazhhkncgeowiss/Build/Intermediates.noindex/Pods.build/Debug-iphonesimulator/RNScreens.build/Objects-normal/x86_64/RNSTabsBottomAccessoryComponentView.d --serialize-diagnostics /Users/karelbraborec/Library/Developer/Xcode/DerivedData/revmeter-hbcnswmlqmbpnlazhhkncgeowiss/Build/Intermediates.noindex/Pods.build/Debug-iphonesimulator/RNScreens.build/Objects-normal/x86_64/RNSTabsBottomAccessoryComponentView.dia -c /Users/karelbraborec/rev-meter/node_modules/react-native-screens/ios/tabs/bottom-accessory/RNSTabsBottomAccessoryComponentView.mm -o /Users/karelbraborec/Library/Developer/Xcode/DerivedData/revmeter-hbcnswmlqmbpnlazhhkncgeowiss/Build/Intermediates.noindex/Pods.build/Debug-iphonesimulator/RNScreens.build/Objects-normal/x86_64/RNSTabsBottomAccessoryComponentView.o -index-unit-output-path /Pods.build/Debug-iphonesimulator/RNScreens.build/Objects-normal/x86_64/RNSTabsBottomAccessoryComponentView.o

CompileC /Users/karelbraborec/Library/Developer/Xcode/DerivedData/revmeter-hbcnswmlqmbpnlazhhkncgeowiss/Build/Intermediates.noindex/Pods.build/Debug-iphonesimulator/RNScreens.build/Objects-normal/x86_64/RNSTabBarController.o /Users/karelbraborec/rev-meter/node_modules/react-native-screens/ios/tabs/host/RNSTabBarController.mm normal x86_64 objective-c++ com.apple.compilers.llvm.clang.1_0.compiler (in target 'RNScreens' from project 'Pods')
    cd /Users/karelbraborec/rev-meter/ios/Pods
    
    Using response file: /Users/karelbraborec/Library/Developer/Xcode/DerivedData/revmeter-hbcnswmlqmbpnlazhhkncgeowiss/Build/Intermediates.noindex/Pods.build/Debug-iphonesimulator/RNScreens.build/Objects-normal/x86_64/af3fcb34312c57c0f52879cdce924b91-common-args.resp
    
    /Applications/Xcode.app/Contents/Developer/Toolchains/XcodeDefault.xctoolchain/usr/bin/clang -x objective-c++ -ivfsstatcache /Users/karelbraborec/Library/Developer/Xcode/DerivedData/SDKStatCaches.noindex/iphonesimulator26.5-23F81a-6cfe768891a92b912361537c460fe42b.sdkstatcache -target x86_64-apple-ios15.1-simulator -fmessage-length\=0 -fdiagnostics-show-note-include-stack -fmacro-backtrace-limit\=0 -fno-color-diagnostics -fmodules-prune-interval\=86400 -fmodules-prune-after\=345600 -fbuild-session-file\=/Users/karelbraborec/Library/Developer/Xcode/DerivedData/ModuleCache.noindex/Session.modulevalidation -fmodules-validate-once-per-build-session -Wnon-modular-include-in-framework-module -Werror\=non-modular-include-in-framework-module -Wno-trigraphs -Wno-missing-field-initializers -Wno-missing-prototypes -Werror\=return-type -Wdocumentation -Wunreachable-code -Wno-implicit-atomic-properties -Werror\=deprecated-objc-isa-usage -Wno-objc-interface-ivars -Werror\=objc-root-class -Wno-arc-repeated-use-of-weak -Wimplicit-retain-self -Wno-non-virtual-dtor -Wno-overloaded-virtual -Wno-exit-time-destructors -Wduplicate-method-match -Wno-missing-braces -Wparentheses -Wswitch -Wunused-function -Wno-unused-label -Wno-unused-parameter -Wunused-variable -Wunused-value -Wempty-body -Wuninitialized -Wconditional-uninitialized -Wno-unknown-pragmas -Wno-shadow -Wno-four-char-constants -Wno-conversion -Wconstant-conversion -Wint-conversion -Wbool-conversion -Wenum-conversion -Wno-float-conversion -Wnon-literal-null-conversion -Wobjc-literal-conversion -Wshorten-64-to-32 -Wno-newline-eof -Wno-selector -Wno-strict-selector-match -Wundeclared-selector -Wdeprecated-implementations -Wno-c++11-extensions -Wno-implicit-fallthrough -isysroot /Applications/Xcode.app/Contents/Developer/Platforms/iPhoneSimulator.platform/Developer/SDKs/iPhoneSimulator26.5.sdk -fstrict-aliasing -Wprotocol -Wdeprecated-declarations -Winvalid-offsetof -Wno-sign-conversion -Winfinite-recursion -Wmove -Wcomma -Wblock-capture-autoreleasing -Wstrict-prototypes -Wrange-loop-analysis -Wno-semicolon-before-method-body -Wunguarded-availability -index-store-path /Users/karelbraborec/Library/Developer/Xcode/DerivedData/revmeter-hbcnswmlqmbpnlazhhkncgeowiss/Index.noindex/DataStore @/Users/karelbraborec/Library/Developer/Xcode/DerivedData/revmeter-hbcnswmlqmbpnlazhhkncgeowiss/Build/Intermediates.noindex/Pods.build/Debug-iphonesimulator/RNScreens.build/Objects-normal/x86_64/af3fcb34312c57c0f52879cdce924b91-common-args.resp -DRCT_NEW_ARCH_ENABLED\=1 -include /Users/karelbraborec/rev-meter/ios/Pods/Target\ Support\ Files/RNScreens/RNScreens-prefix.pch -MMD -MT dependencies -MF /Users/karelbraborec/Library/Developer/Xcode/DerivedData/revmeter-hbcnswmlqmbpnlazhhkncgeowiss/Build/Intermediates.noindex/Pods.build/Debug-iphonesimulator/RNScreens.build/Objects-normal/x86_64/RNSTabBarController.d --serialize-diagnostics /Users/karelbraborec/Library/Developer/Xcode/DerivedData/revmeter-hbcnswmlqmbpnlazhhkncgeowiss/Build/Intermediates.noindex/Pods.build/Debug-iphonesimulator/RNScreens.build/Objects-normal/x86_64/RNSTabBarController.dia -c /Users/karelbraborec/rev-meter/node_modules/react-native-screens/ios/tabs/host/RNSTabBarController.mm -o /Users/karelbraborec/Library/Developer/Xcode/DerivedData/revmeter-hbcnswmlqmbpnlazhhkncgeowiss/Build/Intermediates.noindex/Pods.build/Debug-iphonesimulator/RNScreens.build/Objects-normal/x86_64/RNSTabBarController.o -index-unit-output-path /Pods.build/Debug-iphonesimulator/RNScreens.build/Objects-normal/x86_64/RNSTabBarController.o

CompileC /Users/karelbraborec/Library/Developer/Xcode/DerivedData/revmeter-hbcnswmlqmbpnlazhhkncgeowiss/Build/Intermediates.noindex/Pods.build/Debug-iphonesimulator/RNScreens.build/Objects-normal/x86_64/RNSTabBarAppearanceCoordinator.o /Users/karelbraborec/rev-meter/node_modules/react-native-screens/ios/tabs/RNSTabBarAppearanceCoordinator.mm normal x86_64 objective-c++ com.apple.compilers.llvm.clang.1_0.compiler (in target 'RNScreens' from project 'Pods')
    cd /Users/karelbraborec/rev-meter/ios/Pods
    
    Using response file: /Users/karelbraborec/Library/Developer/Xcode/DerivedData/revmeter-hbcnswmlqmbpnlazhhkncgeowiss/Build/Intermediates.noindex/Pods.build/Debug-iphonesimulator/RNScreens.build/Objects-normal/x86_64/af3fcb34312c57c0f52879cdce924b91-common-args.resp
    
    /Applications/Xcode.app/Contents/Developer/Toolchains/XcodeDefault.xctoolchain/usr/bin/clang -x objective-c++ -ivfsstatcache /Users/karelbraborec/Library/Developer/Xcode/DerivedData/SDKStatCaches.noindex/iphonesimulator26.5-23F81a-6cfe768891a92b912361537c460fe42b.sdkstatcache -target x86_64-apple-ios15.1-simulator -fmessage-length\=0 -fdiagnostics-show-note-include-stack -fmacro-backtrace-limit\=0 -fno-color-diagnostics -fmodules-prune-interval\=86400 -fmodules-prune-after\=345600 -fbuild-session-file\=/Users/karelbraborec/Library/Developer/Xcode/DerivedData/ModuleCache.noindex/Session.modulevalidation -fmodules-validate-once-per-build-session -Wnon-modular-include-in-framework-module -Werror\=non-modular-include-in-framework-module -Wno-trigraphs -Wno-missing-field-initializers -Wno-missing-prototypes -Werror\=return-type -Wdocumentation -Wunreachable-code -Wno-implicit-atomic-properties -Werror\=deprecated-objc-isa-usage -Wno-objc-interface-ivars -Werror\=objc-root-class -Wno-arc-repeated-use-of-weak -Wimplicit-retain-self -Wno-non-virtual-dtor -Wno-overloaded-virtual -Wno-exit-time-destructors -Wduplicate-method-match -Wno-missing-braces -Wparentheses -Wswitch -Wunused-function -Wno-unused-label -Wno-unused-parameter -Wunused-variable -Wunused-value -Wempty-body -Wuninitialized -Wconditional-uninitialized -Wno-unknown-pragmas -Wno-shadow -Wno-four-char-constants -Wno-conversion -Wconstant-conversion -Wint-conversion -Wbool-conversion -Wenum-conversion -Wno-float-conversion -Wnon-literal-null-conversion -Wobjc-literal-conversion -Wshorten-64-to-32 -Wno-newline-eof -Wno-selector -Wno-strict-selector-match -Wundeclared-selector -Wdeprecated-implementations -Wno-c++11-extensions -Wno-implicit-fallthrough -isysroot /Applications/Xcode.app/Contents/Developer/Platforms/iPhoneSimulator.platform/Developer/SDKs/iPhoneSimulator26.5.sdk -fstrict-aliasing -Wprotocol -Wdeprecated-declarations -Winvalid-offsetof -Wno-sign-conversion -Winfinite-recursion -Wmove -Wcomma -Wblock-capture-autoreleasing -Wstrict-prototypes -Wrange-loop-analysis -Wno-semicolon-before-method-body -Wunguarded-availability -index-store-path /Users/karelbraborec/Library/Developer/Xcode/DerivedData/revmeter-hbcnswmlqmbpnlazhhkncgeowiss/Index.noindex/DataStore @/Users/karelbraborec/Library/Developer/Xcode/DerivedData/revmeter-hbcnswmlqmbpnlazhhkncgeowiss/Build/Intermediates.noindex/Pods.build/Debug-iphonesimulator/RNScreens.build/Objects-normal/x86_64/af3fcb34312c57c0f52879cdce924b91-common-args.resp -DRCT_NEW_ARCH_ENABLED\=1 -include /Users/karelbraborec/rev-meter/ios/Pods/Target\ Support\ Files/RNScreens/RNScreens-prefix.pch -MMD -MT dependencies -MF /Users/karelbraborec/Library/Developer/Xcode/DerivedData/revmeter-hbcnswmlqmbpnlazhhkncgeowiss/Build/Intermediates.noindex/Pods.build/Debug-iphonesimulator/RNScreens.build/Objects-normal/x86_64/RNSTabBarAppearanceCoordinator.d --serialize-diagnostics /Users/karelbraborec/Library/Developer/Xcode/DerivedData/revmeter-hbcnswmlqmbpnlazhhkncgeowiss/Build/Intermediates.noindex/Pods.build/Debug-iphonesimulator/RNScreens.build/Objects-normal/x86_64/RNSTabBarAppearanceCoordinator.dia -c /Users/karelbraborec/rev-meter/node_modules/react-native-screens/ios/tabs/RNSTabBarAppearanceCoordinator.mm -o /Users/karelbraborec/Library/Developer/Xcode/DerivedData/revmeter-hbcnswmlqmbpnlazhhkncgeowiss/Build/Intermediates.noindex/Pods.build/Debug-iphonesimulator/RNScreens.build/Objects-normal/x86_64/RNSTabBarAppearanceCoordinator.o -index-unit-output-path /Pods.build/Debug-iphonesimulator/RNScreens.build/Objects-normal/x86_64/RNSTabBarAppearanceCoordinator.o

CompileC /Users/karelbraborec/Library/Developer/Xcode/DerivedData/revmeter-hbcnswmlqmbpnlazhhkncgeowiss/Build/Intermediates.noindex/Pods.build/Debug-iphonesimulator/RNScreens.build/Objects-normal/x86_64/RNSStackScreenState.o /Users/karelbraborec/rev-meter/node_modules/react-native-screens/common/cpp/react/renderer/components/rnscreens/RNSStackScreenState.cpp normal x86_64 c++ com.apple.compilers.llvm.clang.1_0.compiler (in target 'RNScreens' from project 'Pods')
    cd /Users/karelbraborec/rev-meter/ios/Pods
    
    Using response file: /Users/karelbraborec/Library/Developer/Xcode/DerivedData/revmeter-hbcnswmlqmbpnlazhhkncgeowiss/Build/Intermediates.noindex/Pods.build/Debug-iphonesimulator/RNScreens.build/Objects-normal/x86_64/82b82416624d2658e5098eb0a28c15c5-common-args.resp
    
    /Applications/Xcode.app/Contents/Developer/Toolchains/XcodeDefault.xctoolchain/usr/bin/clang -x c++ -ivfsstatcache /Users/karelbraborec/Library/Developer/Xcode/DerivedData/SDKStatCaches.noindex/iphonesimulator26.5-23F81a-6cfe768891a92b912361537c460fe42b.sdkstatcache -target x86_64-apple-ios15.1-simulator -fmessage-length\=0 -fdiagnostics-show-note-include-stack -fmacro-backtrace-limit\=0 -fno-color-diagnostics -fmodules-prune-interval\=86400 -fmodules-prune-after\=345600 -fbuild-session-file\=/Users/karelbraborec/Library/Developer/Xcode/DerivedData/ModuleCache.noindex/Session.modulevalidation -fmodules-validate-once-per-build-session -Wnon-modular-include-in-framework-module -Werror\=non-modular-include-in-framework-module -Wno-trigraphs -Wno-missing-field-initializers -Wno-missing-prototypes -Werror\=return-type -Wdocumentation -Wunreachable-code -Werror\=deprecated-objc-isa-usage -Werror\=objc-root-class -Wno-non-virtual-dtor -Wno-overloaded-virtual -Wno-exit-time-destructors -Wno-missing-braces -Wparentheses -Wswitch -Wunused-function -Wno-unused-label -Wno-unused-parameter -Wunused-variable -Wunused-value -Wempty-body -Wuninitialized -Wconditional-uninitialized -Wno-unknown-pragmas -Wno-shadow -Wno-four-char-constants -Wno-conversion -Wconstant-conversion -Wint-conversion -Wbool-conversion -Wenum-conversion -Wno-float-conversion -Wnon-literal-null-conversion -Wobjc-literal-conversion -Wshorten-64-to-32 -Wno-newline-eof -Wno-c++11-extensions -Wno-implicit-fallthrough -isysroot /Applications/Xcode.app/Contents/Developer/Platforms/iPhoneSimulator.platform/Developer/SDKs/iPhoneSimulator26.5.sdk -fstrict-aliasing -Wdeprecated-declarations -Winvalid-offsetof -Wno-sign-conversion -Winfinite-recursion -Wmove -Wcomma -Wblock-capture-autoreleasing -Wstrict-prototypes -Wrange-loop-analysis -Wno-semicolon-before-method-body -Wunguarded-availability -index-store-path /Users/karelbraborec/Library/Developer/Xcode/DerivedData/revmeter-hbcnswmlqmbpnlazhhkncgeowiss/Index.noindex/DataStore @/Users/karelbraborec/Library/Developer/Xcode/DerivedData/revmeter-hbcnswmlqmbpnlazhhkncgeowiss/Build/Intermediates.noindex/Pods.build/Debug-iphonesimulator/RNScreens.build/Objects-normal/x86_64/82b82416624d2658e5098eb0a28c15c5-common-args.resp -DRCT_NEW_ARCH_ENABLED\=1 -include /Users/karelbraborec/rev-meter/ios/Pods/Target\ Support\ Files/RNScreens/RNScreens-prefix.pch -MMD -MT dependencies -MF /Users/karelbraborec/Library/Developer/Xcode/DerivedData/revmeter-hbcnswmlqmbpnlazhhkncgeowiss/Build/Intermediates.noindex/Pods.build/Debug-iphonesimulator/RNScreens.build/Objects-normal/x86_64/RNSStackScreenState.d --serialize-diagnostics /Users/karelbraborec/Library/Developer/Xcode/DerivedData/revmeter-hbcnswmlqmbpnlazhhkncgeowiss/Build/Intermediates.noindex/Pods.build/Debug-iphonesimulator/RNScreens.build/Objects-normal/x86_64/RNSStackScreenState.dia -c /Users/karelbraborec/rev-meter/node_modules/react-native-screens/common/cpp/react/renderer/components/rnscreens/RNSStackScreenState.cpp -o /Users/karelbraborec/Library/Developer/Xcode/DerivedData/revmeter-hbcnswmlqmbpnlazhhkncgeowiss/Build/Intermediates.noindex/Pods.build/Debug-iphonesimulator/RNScreens.build/Objects-normal/x86_64/RNSStackScreenState.o -index-unit-output-path /Pods.build/Debug-iphonesimulator/RNScreens.build/Objects-normal/x86_64/RNSStackScreenState.o

CompileC /Users/karelbraborec/Library/Developer/Xcode/DerivedData/revmeter-hbcnswmlqmbpnlazhhkncgeowiss/Build/Intermediates.noindex/Pods.build/Debug-iphonesimulator/RNScreens.build/Objects-normal/x86_64/RNSStackScreenShadowNode.o /Users/karelbraborec/rev-meter/node_modules/react-native-screens/common/cpp/react/renderer/components/rnscreens/RNSStackScreenShadowNode.cpp normal x86_64 c++ com.apple.compilers.llvm.clang.1_0.compiler (in target 'RNScreens' from project 'Pods')
    cd /Users/karelbraborec/rev-meter/ios/Pods
    
    Using response file: /Users/karelbraborec/Library/Developer/Xcode/DerivedData/revmeter-hbcnswmlqmbpnlazhhkncgeowiss/Build/Intermediates.noindex/Pods.build/Debug-iphonesimulator/RNScreens.build/Objects-normal/x86_64/82b82416624d2658e5098eb0a28c15c5-common-args.resp
    
    /Applications/Xcode.app/Contents/Developer/Toolchains/XcodeDefault.xctoolchain/usr/bin/clang -x c++ -ivfsstatcache /Users/karelbraborec/Library/Developer/Xcode/DerivedData/SDKStatCaches.noindex/iphonesimulator26.5-23F81a-6cfe768891a92b912361537c460fe42b.sdkstatcache -target x86_64-apple-ios15.1-simulator -fmessage-length\=0 -fdiagnostics-show-note-include-stack -fmacro-backtrace-limit\=0 -fno-color-diagnostics -fmodules-prune-interval\=86400 -fmodules-prune-after\=345600 -fbuild-session-file\=/Users/karelbraborec/Library/Developer/Xcode/DerivedData/ModuleCache.noindex/Session.modulevalidation -fmodules-validate-once-per-build-session -Wnon-modular-include-in-framework-module -Werror\=non-modular-include-in-framework-module -Wno-trigraphs -Wno-missing-field-initializers -Wno-missing-prototypes -Werror\=return-type -Wdocumentation -Wunreachable-code -Werror\=deprecated-objc-isa-usage -Werror\=objc-root-class -Wno-non-virtual-dtor -Wno-overloaded-virtual -Wno-exit-time-destructors -Wno-missing-braces -Wparentheses -Wswitch -Wunused-function -Wno-unused-label -Wno-unused-parameter -Wunused-variable -Wunused-value -Wempty-body -Wuninitialized -Wconditional-uninitialized -Wno-unknown-pragmas -Wno-shadow -Wno-four-char-constants -Wno-conversion -Wconstant-conversion -Wint-conversion -Wbool-conversion -Wenum-conversion -Wno-float-conversion -Wnon-literal-null-conversion -Wobjc-literal-conversion -Wshorten-64-to-32 -Wno-newline-eof -Wno-c++11-extensions -Wno-implicit-fallthrough -isysroot /Applications/Xcode.app/Contents/Developer/Platforms/iPhoneSimulator.platform/Developer/SDKs/iPhoneSimulator26.5.sdk -fstrict-aliasing -Wdeprecated-declarations -Winvalid-offsetof -Wno-sign-conversion -Winfinite-recursion -Wmove -Wcomma -Wblock-capture-autoreleasing -Wstrict-prototypes -Wrange-loop-analysis -Wno-semicolon-before-method-body -Wunguarded-availability -index-store-path /Users/karelbraborec/Library/Developer/Xcode/DerivedData/revmeter-hbcnswmlqmbpnlazhhkncgeowiss/Index.noindex/DataStore @/Users/karelbraborec/Library/Developer/Xcode/DerivedData/revmeter-hbcnswmlqmbpnlazhhkncgeowiss/Build/Intermediates.noindex/Pods.build/Debug-iphonesimulator/RNScreens.build/Objects-normal/x86_64/82b82416624d2658e5098eb0a28c15c5-common-args.resp -DRCT_NEW_ARCH_ENABLED\=1 -include /Users/karelbraborec/rev-meter/ios/Pods/Target\ Support\ Files/RNScreens/RNScreens-prefix.pch -MMD -MT dependencies -MF /Users/karelbraborec/Library/Developer/Xcode/DerivedData/revmeter-hbcnswmlqmbpnlazhhkncgeowiss/Build/Intermediates.noindex/Pods.build/Debug-iphonesimulator/RNScreens.build/Objects-normal/x86_64/RNSStackScreenShadowNode.d --serialize-diagnostics /Users/karelbraborec/Library/Developer/Xcode/DerivedData/revmeter-hbcnswmlqmbpnlazhhkncgeowiss/Build/Intermediates.noindex/Pods.build/Debug-iphonesimulator/RNScreens.build/Objects-normal/x86_64/RNSStackScreenShadowNode.dia -c /Users/karelbraborec/rev-meter/node_modules/react-native-screens/common/cpp/react/renderer/components/rnscreens/RNSStackScreenShadowNode.cpp -o /Users/karelbraborec/Library/Developer/Xcode/DerivedData/revmeter-hbcnswmlqmbpnlazhhkncgeowiss/Build/Intermediates.noindex/Pods.build/Debug-iphonesimulator/RNScreens.build/Objects-normal/x86_64/RNSStackScreenShadowNode.o -index-unit-output-path /Pods.build/Debug-iphonesimulator/RNScreens.build/Objects-normal/x86_64/RNSStackScreenShadowNode.o

CompileC /Users/karelbraborec/Library/Developer/Xcode/DerivedData/revmeter-hbcnswmlqmbpnlazhhkncgeowiss/Build/Intermediates.noindex/Pods.build/Debug-iphonesimulator/RNScreens.build/Objects-normal/x86_64/RNSStackScreenHeaderCoordinator.o /Users/karelbraborec/rev-meter/node_modules/react-native-screens/ios/gamma/stack/screen/RNSStackScreenHeaderCoordinator.mm normal x86_64 objective-c++ com.apple.compilers.llvm.clang.1_0.compiler (in target 'RNScreens' from project 'Pods')
    cd /Users/karelbraborec/rev-meter/ios/Pods
    
    Using response file: /Users/karelbraborec/Library/Developer/Xcode/DerivedData/revmeter-hbcnswmlqmbpnlazhhkncgeowiss/Build/Intermediates.noindex/Pods.build/Debug-iphonesimulator/RNScreens.build/Objects-normal/x86_64/af3fcb34312c57c0f52879cdce924b91-common-args.resp
    
    /Applications/Xcode.app/Contents/Developer/Toolchains/XcodeDefault.xctoolchain/usr/bin/clang -x objective-c++ -ivfsstatcache /Users/karelbraborec/Library/Developer/Xcode/DerivedData/SDKStatCaches.noindex/iphonesimulator26.5-23F81a-6cfe768891a92b912361537c460fe42b.sdkstatcache -target x86_64-apple-ios15.1-simulator -fmessage-length\=0 -fdiagnostics-show-note-include-stack -fmacro-backtrace-limit\=0 -fno-color-diagnostics -fmodules-prune-interval\=86400 -fmodules-prune-after\=345600 -fbuild-session-file\=/Users/karelbraborec/Library/Developer/Xcode/DerivedData/ModuleCache.noindex/Session.modulevalidation -fmodules-validate-once-per-build-session -Wnon-modular-include-in-framework-module -Werror\=non-modular-include-in-framework-module -Wno-trigraphs -Wno-missing-field-initializers -Wno-missing-prototypes -Werror\=return-type -Wdocumentation -Wunreachable-code -Wno-implicit-atomic-properties -Werror\=deprecated-objc-isa-usage -Wno-objc-interface-ivars -Werror\=objc-root-class -Wno-arc-repeated-use-of-weak -Wimplicit-retain-self -Wno-non-virtual-dtor -Wno-overloaded-virtual -Wno-exit-time-destructors -Wduplicate-method-match -Wno-missing-braces -Wparentheses -Wswitch -Wunused-function -Wno-unused-label -Wno-unused-parameter -Wunused-variable -Wunused-value -Wempty-body -Wuninitialized -Wconditional-uninitialized -Wno-unknown-pragmas -Wno-shadow -Wno-four-char-constants -Wno-conversion -Wconstant-conversion -Wint-conversion -Wbool-conversion -Wenum-conversion -Wno-float-conversion -Wnon-literal-null-conversion -Wobjc-literal-conversion -Wshorten-64-to-32 -Wno-newline-eof -Wno-selector -Wno-strict-selector-match -Wundeclared-selector -Wdeprecated-implementations -Wno-c++11-extensions -Wno-implicit-fallthrough -isysroot /Applications/Xcode.app/Contents/Developer/Platforms/iPhoneSimulator.platform/Developer/SDKs/iPhoneSimulator26.5.sdk -fstrict-aliasing -Wprotocol -Wdeprecated-declarations -Winvalid-offsetof -Wno-sign-conversion -Winfinite-recursion -Wmove -Wcomma -Wblock-capture-autoreleasing -Wstrict-prototypes -Wrange-loop-analysis -Wno-semicolon-before-method-body -Wunguarded-availability -index-store-path /Users/karelbraborec/Library/Developer/Xcode/DerivedData/revmeter-hbcnswmlqmbpnlazhhkncgeowiss/Index.noindex/DataStore @/Users/karelbraborec/Library/Developer/Xcode/DerivedData/revmeter-hbcnswmlqmbpnlazhhkncgeowiss/Build/Intermediates.noindex/Pods.build/Debug-iphonesimulator/RNScreens.build/Objects-normal/x86_64/af3fcb34312c57c0f52879cdce924b91-common-args.resp -DRCT_NEW_ARCH_ENABLED\=1 -include /Users/karelbraborec/rev-meter/ios/Pods/Target\ Support\ Files/RNScreens/RNScreens-prefix.pch -MMD -MT dependencies -MF /Users/karelbraborec/Library/Developer/Xcode/DerivedData/revmeter-hbcnswmlqmbpnlazhhkncgeowiss/Build/Intermediates.noindex/Pods.build/Debug-iphonesimulator/RNScreens.build/Objects-normal/x86_64/RNSStackScreenHeaderCoordinator.d --serialize-diagnostics /Users/karelbraborec/Library/Developer/Xcode/DerivedData/revmeter-hbcnswmlqmbpnlazhhkncgeowiss/Build/Intermediates.noindex/Pods.build/Debug-iphonesimulator/RNScreens.build/Objects-normal/x86_64/RNSStackScreenHeaderCoordinator.dia -c /Users/karelbraborec/rev-meter/node_modules/react-native-screens/ios/gamma/stack/screen/RNSStackScreenHeaderCoordinator.mm -o /Users/karelbraborec/Library/Developer/Xcode/DerivedData/revmeter-hbcnswmlqmbpnlazhhkncgeowiss/Build/Intermediates.noindex/Pods.build/Debug-iphonesimulator/RNScreens.build/Objects-normal/x86_64/RNSStackScreenHeaderCoordinator.o -index-unit-output-path /Pods.build/Debug-iphonesimulator/RNScreens.build/Objects-normal/x86_64/RNSStackScreenHeaderCoordinator.o

CompileC /Users/karelbraborec/Library/Developer/Xcode/DerivedData/revmeter-hbcnswmlqmbpnlazhhkncgeowiss/Build/Intermediates.noindex/Pods.build/Debug-iphonesimulator/RNScreens.build/Objects-normal/x86_64/RNSStackScreenController.o /Users/karelbraborec/rev-meter/node_modules/react-native-screens/ios/gamma/stack/screen/RNSStackScreenController.mm normal x86_64 objective-c++ com.apple.compilers.llvm.clang.1_0.compiler (in target 'RNScreens' from project 'Pods')
    cd /Users/karelbraborec/rev-meter/ios/Pods
    
    Using response file: /Users/karelbraborec/Library/Developer/Xcode/DerivedData/revmeter-hbcnswmlqmbpnlazhhkncgeowiss/Build/Intermediates.noindex/Pods.build/Debug-iphonesimulator/RNScreens.build/Objects-normal/x86_64/af3fcb34312c57c0f52879cdce924b91-common-args.resp
    
    /Applications/Xcode.app/Contents/Developer/Toolchains/XcodeDefault.xctoolchain/usr/bin/clang -x objective-c++ -ivfsstatcache /Users/karelbraborec/Library/Developer/Xcode/DerivedData/SDKStatCaches.noindex/iphonesimulator26.5-23F81a-6cfe768891a92b912361537c460fe42b.sdkstatcache -target x86_64-apple-ios15.1-simulator -fmessage-length\=0 -fdiagnostics-show-note-include-stack -fmacro-backtrace-limit\=0 -fno-color-diagnostics -fmodules-prune-interval\=86400 -fmodules-prune-after\=345600 -fbuild-session-file\=/Users/karelbraborec/Library/Developer/Xcode/DerivedData/ModuleCache.noindex/Session.modulevalidation -fmodules-validate-once-per-build-session -Wnon-modular-include-in-framework-module -Werror\=non-modular-include-in-framework-module -Wno-trigraphs -Wno-missing-field-initializers -Wno-missing-prototypes -Werror\=return-type -Wdocumentation -Wunreachable-code -Wno-implicit-atomic-properties -Werror\=deprecated-objc-isa-usage -Wno-objc-interface-ivars -Werror\=objc-root-class -Wno-arc-repeated-use-of-weak -Wimplicit-retain-self -Wno-non-virtual-dtor -Wno-overloaded-virtual -Wno-exit-time-destructors -Wduplicate-method-match -Wno-missing-braces -Wparentheses -Wswitch -Wunused-function -Wno-unused-label -Wno-unused-parameter -Wunused-variable -Wunused-value -Wempty-body -Wuninitialized -Wconditional-uninitialized -Wno-unknown-pragmas -Wno-shadow -Wno-four-char-constants -Wno-conversion -Wconstant-conversion -Wint-conversion -Wbool-conversion -Wenum-conversion -Wno-float-conversion -Wnon-literal-null-conversion -Wobjc-literal-conversion -Wshorten-64-to-32 -Wno-newline-eof -Wno-selector -Wno-strict-selector-match -Wundeclared-selector -Wdeprecated-implementations -Wno-c++11-extensions -Wno-implicit-fallthrough -isysroot /Applications/Xcode.app/Contents/Developer/Platforms/iPhoneSimulator.platform/Developer/SDKs/iPhoneSimulator26.5.sdk -fstrict-aliasing -Wprotocol -Wdeprecated-declarations -Winvalid-offsetof -Wno-sign-conversion -Winfinite-recursion -Wmove -Wcomma -Wblock-capture-autoreleasing -Wstrict-prototypes -Wrange-loop-analysis -Wno-semicolon-before-method-body -Wunguarded-availability -index-store-path /Users/karelbraborec/Library/Developer/Xcode/DerivedData/revmeter-hbcnswmlqmbpnlazhhkncgeowiss/Index.noindex/DataStore @/Users/karelbraborec/Library/Developer/Xcode/DerivedData/revmeter-hbcnswmlqmbpnlazhhkncgeowiss/Build/Intermediates.noindex/Pods.build/Debug-iphonesimulator/RNScreens.build/Objects-normal/x86_64/af3fcb34312c57c0f52879cdce924b91-common-args.resp -DRCT_NEW_ARCH_ENABLED\=1 -include /Users/karelbraborec/rev-meter/ios/Pods/Target\ Support\ Files/RNScreens/RNScreens-prefix.pch -MMD -MT dependencies -MF /Users/karelbraborec/Library/Developer/Xcode/DerivedData/revmeter-hbcnswmlqmbpnlazhhkncgeowiss/Build/Intermediates.noindex/Pods.build/Debug-iphonesimulator/RNScreens.build/Objects-normal/x86_64/RNSStackScreenController.d --serialize-diagnostics /Users/karelbraborec/Library/Developer/Xcode/DerivedData/revmeter-hbcnswmlqmbpnlazhhkncgeowiss/Build/Intermediates.noindex/Pods.build/Debug-iphonesimulator/RNScreens.build/Objects-normal/x86_64/RNSStackScreenController.dia -c /Users/karelbraborec/rev-meter/node_modules/react-native-screens/ios/gamma/stack/screen/RNSStackScreenController.mm -o /Users/karelbraborec/Library/Developer/Xcode/DerivedData/revmeter-hbcnswmlqmbpnlazhhkncgeowiss/Build/Intermediates.noindex/Pods.build/Debug-iphonesimulator/RNScreens.build/Objects-normal/x86_64/RNSStackScreenController.o -index-unit-output-path /Pods.build/Debug-iphonesimulator/RNScreens.build/Objects-normal/x86_64/RNSStackScreenController.o

CompileC /Users/karelbraborec/Library/Developer/Xcode/DerivedData/revmeter-hbcnswmlqmbpnlazhhkncgeowiss/Build/Intermediates.noindex/Pods.build/Debug-iphonesimulator/RNScreens.build/Objects-normal/x86_64/RNSStackScreenComponentViewManager.o /Users/karelbraborec/rev-meter/node_modules/react-native-screens/ios/gamma/stack/screen/RNSStackScreenComponentViewManager.mm normal x86_64 objective-c++ com.apple.compilers.llvm.clang.1_0.compiler (in target 'RNScreens' from project 'Pods')
    cd /Users/karelbraborec/rev-meter/ios/Pods
    
    Using response file: /Users/karelbraborec/Library/Developer/Xcode/DerivedData/revmeter-hbcnswmlqmbpnlazhhkncgeowiss/Build/Intermediates.noindex/Pods.build/Debug-iphonesimulator/RNScreens.build/Objects-normal/x86_64/af3fcb34312c57c0f52879cdce924b91-common-args.resp
    
    /Applications/Xcode.app/Contents/Developer/Toolchains/XcodeDefault.xctoolchain/usr/bin/clang -x objective-c++ -ivfsstatcache /Users/karelbraborec/Library/Developer/Xcode/DerivedData/SDKStatCaches.noindex/iphonesimulator26.5-23F81a-6cfe768891a92b912361537c460fe42b.sdkstatcache -target x86_64-apple-ios15.1-simulator -fmessage-length\=0 -fdiagnostics-show-note-include-stack -fmacro-backtrace-limit\=0 -fno-color-diagnostics -fmodules-prune-interval\=86400 -fmodules-prune-after\=345600 -fbuild-session-file\=/Users/karelbraborec/Library/Developer/Xcode/DerivedData/ModuleCache.noindex/Session.modulevalidation -fmodules-validate-once-per-build-session -Wnon-modular-include-in-framework-module -Werror\=non-modular-include-in-framework-module -Wno-trigraphs -Wno-missing-field-initializers -Wno-missing-prototypes -Werror\=return-type -Wdocumentation -Wunreachable-code -Wno-implicit-atomic-properties -Werror\=deprecated-objc-isa-usage -Wno-objc-interface-ivars -Werror\=objc-root-class -Wno-arc-repeated-use-of-weak -Wimplicit-retain-self -Wno-non-virtual-dtor -Wno-overloaded-virtual -Wno-exit-time-destructors -Wduplicate-method-match -Wno-missing-braces -Wparentheses -Wswitch -Wunused-function -Wno-unused-label -Wno-unused-parameter -Wunused-variable -Wunused-value -Wempty-body -Wuninitialized -Wconditional-uninitialized -Wno-unknown-pragmas -Wno-shadow -Wno-four-char-constants -Wno-conversion -Wconstant-conversion -Wint-conversion -Wbool-conversion -Wenum-conversion -Wno-float-conversion -Wnon-literal-null-conversion -Wobjc-literal-conversion -Wshorten-64-to-32 -Wno-newline-eof -Wno-selector -Wno-strict-selector-match -Wundeclared-selector -Wdeprecated-implementations -Wno-c++11-extensions -Wno-implicit-fallthrough -isysroot /Applications/Xcode.app/Contents/Developer/Platforms/iPhoneSimulator.platform/Developer/SDKs/iPhoneSimulator26.5.sdk -fstrict-aliasing -Wprotocol -Wdeprecated-declarations -Winvalid-offsetof -Wno-sign-conversion -Winfinite-recursion -Wmove -Wcomma -Wblock-capture-autoreleasing -Wstrict-prototypes -Wrange-loop-analysis -Wno-semicolon-before-method-body -Wunguarded-availability -index-store-path /Users/karelbraborec/Library/Developer/Xcode/DerivedData/revmeter-hbcnswmlqmbpnlazhhkncgeowiss/Index.noindex/DataStore @/Users/karelbraborec/Library/Developer/Xcode/DerivedData/revmeter-hbcnswmlqmbpnlazhhkncgeowiss/Build/Intermediates.noindex/Pods.build/Debug-iphonesimulator/RNScreens.build/Objects-normal/x86_64/af3fcb34312c57c0f52879cdce924b91-common-args.resp -DRCT_NEW_ARCH_ENABLED\=1 -include /Users/karelbraborec/rev-meter/ios/Pods/Target\ Support\ Files/RNScreens/RNScreens-prefix.pch -MMD -MT dependencies -MF /Users/karelbraborec/Library/Developer/Xcode/DerivedData/revmeter-hbcnswmlqmbpnlazhhkncgeowiss/Build/Intermediates.noindex/Pods.build/Debug-iphonesimulator/RNScreens.build/Objects-normal/x86_64/RNSStackScreenComponentViewManager.d --serialize-diagnostics /Users/karelbraborec/Library/Developer/Xcode/DerivedData/revmeter-hbcnswmlqmbpnlazhhkncgeowiss/Build/Intermediates.noindex/Pods.build/Debug-iphonesimulator/RNScreens.build/Objects-normal/x86_64/RNSStackScreenComponentViewManager.dia -c /Users/karelbraborec/rev-meter/node_modules/react-native-screens/ios/gamma/stack/screen/RNSStackScreenComponentViewManager.mm -o /Users/karelbraborec/Library/Developer/Xcode/DerivedData/revmeter-hbcnswmlqmbpnlazhhkncgeowiss/Build/Intermediates.noindex/Pods.build/Debug-iphonesimulator/RNScreens.build/Objects-normal/x86_64/RNSStackScreenComponentViewManager.o -index-unit-output-path /Pods.build/Debug-iphonesimulator/RNScreens.build/Objects-normal/x86_64/RNSStackScreenComponentViewManager.o

CompileC /Users/karelbraborec/Library/Developer/Xcode/DerivedData/revmeter-hbcnswmlqmbpnlazhhkncgeowiss/Build/Intermediates.noindex/Pods.build/Debug-iphonesimulator/RNScreens.build/Objects-normal/x86_64/RNSStackScreenComponentView.o /Users/karelbraborec/rev-meter/node_modules/react-native-screens/ios/gamma/stack/screen/RNSStackScreenComponentView.mm normal x86_64 objective-c++ com.apple.compilers.llvm.clang.1_0.compiler (in target 'RNScreens' from project 'Pods')
    cd /Users/karelbraborec/rev-meter/ios/Pods
    
    Using response file: /Users/karelbraborec/Library/Developer/Xcode/DerivedData/revmeter-hbcnswmlqmbpnlazhhkncgeowiss/Build/Intermediates.noindex/Pods.build/Debug-iphonesimulator/RNScreens.build/Objects-normal/x86_64/af3fcb34312c57c0f52879cdce924b91-common-args.resp
    
    /Applications/Xcode.app/Contents/Developer/Toolchains/XcodeDefault.xctoolchain/usr/bin/clang -x objective-c++ -ivfsstatcache /Users/karelbraborec/Library/Developer/Xcode/DerivedData/SDKStatCaches.noindex/iphonesimulator26.5-23F81a-6cfe768891a92b912361537c460fe42b.sdkstatcache -target x86_64-apple-ios15.1-simulator -fmessage-length\=0 -fdiagnostics-show-note-include-stack -fmacro-backtrace-limit\=0 -fno-color-diagnostics -fmodules-prune-interval\=86400 -fmodules-prune-after\=345600 -fbuild-session-file\=/Users/karelbraborec/Library/Developer/Xcode/DerivedData/ModuleCache.noindex/Session.modulevalidation -fmodules-validate-once-per-build-session -Wnon-modular-include-in-framework-module -Werror\=non-modular-include-in-framework-module -Wno-trigraphs -Wno-missing-field-initializers -Wno-missing-prototypes -Werror\=return-type -Wdocumentation -Wunreachable-code -Wno-implicit-atomic-properties -Werror\=deprecated-objc-isa-usage -Wno-objc-interface-ivars -Werror\=objc-root-class -Wno-arc-repeated-use-of-weak -Wimplicit-retain-self -Wno-non-virtual-dtor -Wno-overloaded-virtual -Wno-exit-time-destructors -Wduplicate-method-match -Wno-missing-braces -Wparentheses -Wswitch -Wunused-function -Wno-unused-label -Wno-unused-parameter -Wunused-variable -Wunused-value -Wempty-body -Wuninitialized -Wconditional-uninitialized -Wno-unknown-pragmas -Wno-shadow -Wno-four-char-constants -Wno-conversion -Wconstant-conversion -Wint-conversion -Wbool-conversion -Wenum-conversion -Wno-float-conversion -Wnon-literal-null-conversion -Wobjc-literal-conversion -Wshorten-64-to-32 -Wno-newline-eof -Wno-selector -Wno-strict-selector-match -Wundeclared-selector -Wdeprecated-implementations -Wno-c++11-extensions -Wno-implicit-fallthrough -isysroot /Applications/Xcode.app/Contents/Developer/Platforms/iPhoneSimulator.platform/Developer/SDKs/iPhoneSimulator26.5.sdk -fstrict-aliasing -Wprotocol -Wdeprecated-declarations -Winvalid-offsetof -Wno-sign-conversion -Winfinite-recursion -Wmove -Wcomma -Wblock-capture-autoreleasing -Wstrict-prototypes -Wrange-loop-analysis -Wno-semicolon-before-method-body -Wunguarded-availability -index-store-path /Users/karelbraborec/Library/Developer/Xcode/DerivedData/revmeter-hbcnswmlqmbpnlazhhkncgeowiss/Index.noindex/DataStore @/Users/karelbraborec/Library/Developer/Xcode/DerivedData/revmeter-hbcnswmlqmbpnlazhhkncgeowiss/Build/Intermediates.noindex/Pods.build/Debug-iphonesimulator/RNScreens.build/Objects-normal/x86_64/af3fcb34312c57c0f52879cdce924b91-common-args.resp -DRCT_NEW_ARCH_ENABLED\=1 -include /Users/karelbraborec/rev-meter/ios/Pods/Target\ Support\ Files/RNScreens/RNScreens-prefix.pch -MMD -MT dependencies -MF /Users/karelbraborec/Library/Developer/Xcode/DerivedData/revmeter-hbcnswmlqmbpnlazhhkncgeowiss/Build/Intermediates.noindex/Pods.build/Debug-iphonesimulator/RNScreens.build/Objects-normal/x86_64/RNSStackScreenComponentView.d --serialize-diagnostics /Users/karelbraborec/Library/Developer/Xcode/DerivedData/revmeter-hbcnswmlqmbpnlazhhkncgeowiss/Build/Intermediates.noindex/Pods.build/Debug-iphonesimulator/RNScreens.build/Objects-normal/x86_64/RNSStackScreenComponentView.dia -c /Users/karelbraborec/rev-meter/node_modules/react-native-screens/ios/gamma/stack/screen/RNSStackScreenComponentView.mm -o /Users/karelbraborec/Library/Developer/Xcode/DerivedData/revmeter-hbcnswmlqmbpnlazhhkncgeowiss/Build/Intermediates.noindex/Pods.build/Debug-iphonesimulator/RNScreens.build/Objects-normal/x86_64/RNSStackScreenComponentView.o -index-unit-output-path /Pods.build/Debug-iphonesimulator/RNScreens.build/Objects-normal/x86_64/RNSStackScreenComponentView.o
In file included from /Users/karelbraborec/rev-meter/node_modules/react-native-screens/ios/gamma/stack/screen/RNSStackScreenComponentView.mm:3:
In file included from /Users/karelbraborec/rev-meter/ios/Pods/Headers/Public/React-RCTFabric/React/RCTMountingTransactionObserving.h:10:
In file included from /Users/karelbraborec/rev-meter/ios/Pods/Headers/Public/React-Fabric/react/renderer/mounting/MountingTransaction.h:10:
/Users/karelbraborec/rev-meter/ios/Pods/Headers/Public/React-Fabric/react/renderer/mounting/ShadowViewMutation.h:46:7: warning: declaration is marked with '@deprecated' command but does not have a deprecation attribute [-Wdocumentation-deprecated-sync]
   46 |    * @deprecated Pass parentTag instead of parentShadowView.
      |      ~^~~~~~~~~~~~~~~~~~~~~~~~~~~~~~~~~~~~~~~~~~~~~~~~~~~~~~
/Users/karelbraborec/rev-meter/ios/Pods/Headers/Public/React-Fabric/react/renderer/mounting/ShadowViewMutation.h:48:3: note: add a deprecation attribute to the declaration to silence this warning
   48 |   static ShadowViewMutation InsertMutation(const ShadowView &parentShadowView, ShadowView childShadowView, int index)
      |   ^
      |   FMT_DEPRECATED 
/Users/karelbraborec/rev-meter/ios/Pods/Headers/Public/React-Fabric/react/renderer/mounting/ShadowViewMutation.h:60:7: warning: declaration is marked with '@deprecated' command but does not have a deprecation attribute [-Wdocumentation-deprecated-sync]
   60 |    * @deprecated Pass parentTag instead of parentShadowView.
      |      ~^~~~~~~~~~~~~~~~~~~~~~~~~~~~~~~~~~~~~~~~~~~~~~~~~~~~~~
/Users/karelbraborec/rev-meter/ios/Pods/Headers/Public/React-Fabric/react/renderer/mounting/ShadowViewMutation.h:62:3: note: add a deprecation attribute to the declaration to silence this warning
   62 |   static ShadowViewMutation RemoveMutation(const ShadowView &parentShadowView, ShadowView childShadowView, int index)
      |   ^
      |   FMT_DEPRECATED 
/Users/karelbraborec/rev-meter/ios/Pods/Headers/Public/React-Fabric/react/renderer/mounting/ShadowViewMutation.h:74:7: warning: declaration is marked with '@deprecated' command but does not have a deprecation attribute [-Wdocumentation-deprecated-sync]
   74 |    * @deprecated Pass parentTag instead of parentShadowView.
      |      ~^~~~~~~~~~~~~~~~~~~~~~~~~~~~~~~~~~~~~~~~~~~~~~~~~~~~~~
/Users/karelbraborec/rev-meter/ios/Pods/Headers/Public/React-Fabric/react/renderer/mounting/ShadowViewMutation.h:76:3: note: add a deprecation attribute to the declaration to silence this warning
   76 |   static ShadowViewMutation
      |   ^
      |   FMT_DEPRECATED 
3 warnings generated.

CompileC /Users/karelbraborec/Library/Developer/Xcode/DerivedData/revmeter-hbcnswmlqmbpnlazhhkncgeowiss/Build/Intermediates.noindex/Pods.build/Debug-iphonesimulator/RNScreens.build/Objects-normal/x86_64/RNSStackScreenComponentEventEmitter.o /Users/karelbraborec/rev-meter/node_modules/react-native-screens/ios/gamma/stack/screen/RNSStackScreenComponentEventEmitter.mm normal x86_64 objective-c++ com.apple.compilers.llvm.clang.1_0.compiler (in target 'RNScreens' from project 'Pods')
    cd /Users/karelbraborec/rev-meter/ios/Pods
    
    Using response file: /Users/karelbraborec/Library/Developer/Xcode/DerivedData/revmeter-hbcnswmlqmbpnlazhhkncgeowiss/Build/Intermediates.noindex/Pods.build/Debug-iphonesimulator/RNScreens.build/Objects-normal/x86_64/af3fcb34312c57c0f52879cdce924b91-common-args.resp
    
    /Applications/Xcode.app/Contents/Developer/Toolchains/XcodeDefault.xctoolchain/usr/bin/clang -x objective-c++ -ivfsstatcache /Users/karelbraborec/Library/Developer/Xcode/DerivedData/SDKStatCaches.noindex/iphonesimulator26.5-23F81a-6cfe768891a92b912361537c460fe42b.sdkstatcache -target x86_64-apple-ios15.1-simulator -fmessage-length\=0 -fdiagnostics-show-note-include-stack -fmacro-backtrace-limit\=0 -fno-color-diagnostics -fmodules-prune-interval\=86400 -fmodules-prune-after\=345600 -fbuild-session-file\=/Users/karelbraborec/Library/Developer/Xcode/DerivedData/ModuleCache.noindex/Session.modulevalidation -fmodules-validate-once-per-build-session -Wnon-modular-include-in-framework-module -Werror\=non-modular-include-in-framework-module -Wno-trigraphs -Wno-missing-field-initializers -Wno-missing-prototypes -Werror\=return-type -Wdocumentation -Wunreachable-code -Wno-implicit-atomic-properties -Werror\=deprecated-objc-isa-usage -Wno-objc-interface-ivars -Werror\=objc-root-class -Wno-arc-repeated-use-of-weak -Wimplicit-retain-self -Wno-non-virtual-dtor -Wno-overloaded-virtual -Wno-exit-time-destructors -Wduplicate-method-match -Wno-missing-braces -Wparentheses -Wswitch -Wunused-function -Wno-unused-label -Wno-unused-parameter -Wunused-variable -Wunused-value -Wempty-body -Wuninitialized -Wconditional-uninitialized -Wno-unknown-pragmas -Wno-shadow -Wno-four-char-constants -Wno-conversion -Wconstant-conversion -Wint-conversion -Wbool-conversion -Wenum-conversion -Wno-float-conversion -Wnon-literal-null-conversion -Wobjc-literal-conversion -Wshorten-64-to-32 -Wno-newline-eof -Wno-selector -Wno-strict-selector-match -Wundeclared-selector -Wdeprecated-implementations -Wno-c++11-extensions -Wno-implicit-fallthrough -isysroot /Applications/Xcode.app/Contents/Developer/Platforms/iPhoneSimulator.platform/Developer/SDKs/iPhoneSimulator26.5.sdk -fstrict-aliasing -Wprotocol -Wdeprecated-declarations -Winvalid-offsetof -Wno-sign-conversion -Winfinite-recursion -Wmove -Wcomma -Wblock-capture-autoreleasing -Wstrict-prototypes -Wrange-loop-analysis -Wno-semicolon-before-method-body -Wunguarded-availability -index-store-path /Users/karelbraborec/Library/Developer/Xcode/DerivedData/revmeter-hbcnswmlqmbpnlazhhkncgeowiss/Index.noindex/DataStore @/Users/karelbraborec/Library/Developer/Xcode/DerivedData/revmeter-hbcnswmlqmbpnlazhhkncgeowiss/Build/Intermediates.noindex/Pods.build/Debug-iphonesimulator/RNScreens.build/Objects-normal/x86_64/af3fcb34312c57c0f52879cdce924b91-common-args.resp -DRCT_NEW_ARCH_ENABLED\=1 -include /Users/karelbraborec/rev-meter/ios/Pods/Target\ Support\ Files/RNScreens/RNScreens-prefix.pch -MMD -MT dependencies -MF /Users/karelbraborec/Library/Developer/Xcode/DerivedData/revmeter-hbcnswmlqmbpnlazhhkncgeowiss/Build/Intermediates.noindex/Pods.build/Debug-iphonesimulator/RNScreens.build/Objects-normal/x86_64/RNSStackScreenComponentEventEmitter.d --serialize-diagnostics /Users/karelbraborec/Library/Developer/Xcode/DerivedData/revmeter-hbcnswmlqmbpnlazhhkncgeowiss/Build/Intermediates.noindex/Pods.build/Debug-iphonesimulator/RNScreens.build/Objects-normal/x86_64/RNSStackScreenComponentEventEmitter.dia -c /Users/karelbraborec/rev-meter/node_modules/react-native-screens/ios/gamma/stack/screen/RNSStackScreenComponentEventEmitter.mm -o /Users/karelbraborec/Library/Developer/Xcode/DerivedData/revmeter-hbcnswmlqmbpnlazhhkncgeowiss/Build/Intermediates.noindex/Pods.build/Debug-iphonesimulator/RNScreens.build/Objects-normal/x86_64/RNSStackScreenComponentEventEmitter.o -index-unit-output-path /Pods.build/Debug-iphonesimulator/RNScreens.build/Objects-normal/x86_64/RNSStackScreenComponentEventEmitter.o

CompileC /Users/karelbraborec/Library/Developer/Xcode/DerivedData/revmeter-hbcnswmlqmbpnlazhhkncgeowiss/Build/Intermediates.noindex/Pods.build/Debug-iphonesimulator/RNScreens.build/Objects-normal/x86_64/RNSStackOperationCoordinator.o /Users/karelbraborec/rev-meter/node_modules/react-native-screens/ios/gamma/stack/host/RNSStackOperationCoordinator.mm normal x86_64 objective-c++ com.apple.compilers.llvm.clang.1_0.compiler (in target 'RNScreens' from project 'Pods')
    cd /Users/karelbraborec/rev-meter/ios/Pods
    
    Using response file: /Users/karelbraborec/Library/Developer/Xcode/DerivedData/revmeter-hbcnswmlqmbpnlazhhkncgeowiss/Build/Intermediates.noindex/Pods.build/Debug-iphonesimulator/RNScreens.build/Objects-normal/x86_64/af3fcb34312c57c0f52879cdce924b91-common-args.resp
    
    /Applications/Xcode.app/Contents/Developer/Toolchains/XcodeDefault.xctoolchain/usr/bin/clang -x objective-c++ -ivfsstatcache /Users/karelbraborec/Library/Developer/Xcode/DerivedData/SDKStatCaches.noindex/iphonesimulator26.5-23F81a-6cfe768891a92b912361537c460fe42b.sdkstatcache -target x86_64-apple-ios15.1-simulator -fmessage-length\=0 -fdiagnostics-show-note-include-stack -fmacro-backtrace-limit\=0 -fno-color-diagnostics -fmodules-prune-interval\=86400 -fmodules-prune-after\=345600 -fbuild-session-file\=/Users/karelbraborec/Library/Developer/Xcode/DerivedData/ModuleCache.noindex/Session.modulevalidation -fmodules-validate-once-per-build-session -Wnon-modular-include-in-framework-module -Werror\=non-modular-include-in-framework-module -Wno-trigraphs -Wno-missing-field-initializers -Wno-missing-prototypes -Werror\=return-type -Wdocumentation -Wunreachable-code -Wno-implicit-atomic-properties -Werror\=deprecated-objc-isa-usage -Wno-objc-interface-ivars -Werror\=objc-root-class -Wno-arc-repeated-use-of-weak -Wimplicit-retain-self -Wno-non-virtual-dtor -Wno-overloaded-virtual -Wno-exit-time-destructors -Wduplicate-method-match -Wno-missing-braces -Wparentheses -Wswitch -Wunused-function -Wno-unused-label -Wno-unused-parameter -Wunused-variable -Wunused-value -Wempty-body -Wuninitialized -Wconditional-uninitialized -Wno-unknown-pragmas -Wno-shadow -Wno-four-char-constants -Wno-conversion -Wconstant-conversion -Wint-conversion -Wbool-conversion -Wenum-conversion -Wno-float-conversion -Wnon-literal-null-conversion -Wobjc-literal-conversion -Wshorten-64-to-32 -Wno-newline-eof -Wno-selector -Wno-strict-selector-match -Wundeclared-selector -Wdeprecated-implementations -Wno-c++11-extensions -Wno-implicit-fallthrough -isysroot /Applications/Xcode.app/Contents/Developer/Platforms/iPhoneSimulator.platform/Developer/SDKs/iPhoneSimulator26.5.sdk -fstrict-aliasing -Wprotocol -Wdeprecated-declarations -Winvalid-offsetof -Wno-sign-conversion -Winfinite-recursion -Wmove -Wcomma -Wblock-capture-autoreleasing -Wstrict-prototypes -Wrange-loop-analysis -Wno-semicolon-before-method-body -Wunguarded-availability -index-store-path /Users/karelbraborec/Library/Developer/Xcode/DerivedData/revmeter-hbcnswmlqmbpnlazhhkncgeowiss/Index.noindex/DataStore @/Users/karelbraborec/Library/Developer/Xcode/DerivedData/revmeter-hbcnswmlqmbpnlazhhkncgeowiss/Build/Intermediates.noindex/Pods.build/Debug-iphonesimulator/RNScreens.build/Objects-normal/x86_64/af3fcb34312c57c0f52879cdce924b91-common-args.resp -DRCT_NEW_ARCH_ENABLED\=1 -include /Users/karelbraborec/rev-meter/ios/Pods/Target\ Support\ Files/RNScreens/RNScreens-prefix.pch -MMD -MT dependencies -MF /Users/karelbraborec/Library/Developer/Xcode/DerivedData/revmeter-hbcnswmlqmbpnlazhhkncgeowiss/Build/Intermediates.noindex/Pods.build/Debug-iphonesimulator/RNScreens.build/Objects-normal/x86_64/RNSStackOperationCoordinator.d --serialize-diagnostics /Users/karelbraborec/Library/Developer/Xcode/DerivedData/revmeter-hbcnswmlqmbpnlazhhkncgeowiss/Build/Intermediates.noindex/Pods.build/Debug-iphonesimulator/RNScreens.build/Objects-normal/x86_64/RNSStackOperationCoordinator.dia -c /Users/karelbraborec/rev-meter/node_modules/react-native-screens/ios/gamma/stack/host/RNSStackOperationCoordinator.mm -o /Users/karelbraborec/Library/Developer/Xcode/DerivedData/revmeter-hbcnswmlqmbpnlazhhkncgeowiss/Build/Intermediates.noindex/Pods.build/Debug-iphonesimulator/RNScreens.build/Objects-normal/x86_64/RNSStackOperationCoordinator.o -index-unit-output-path /Pods.build/Debug-iphonesimulator/RNScreens.build/Objects-normal/x86_64/RNSStackOperationCoordinator.o

CompileC /Users/karelbraborec/Library/Developer/Xcode/DerivedData/revmeter-hbcnswmlqmbpnlazhhkncgeowiss/Build/Intermediates.noindex/Pods.build/Debug-iphonesimulator/RNScreens.build/Objects-normal/x86_64/RNSStackOperation.o /Users/karelbraborec/rev-meter/node_modules/react-native-screens/ios/gamma/stack/host/RNSStackOperation.mm normal x86_64 objective-c++ com.apple.compilers.llvm.clang.1_0.compiler (in target 'RNScreens' from project 'Pods')
    cd /Users/karelbraborec/rev-meter/ios/Pods
    
    Using response file: /Users/karelbraborec/Library/Developer/Xcode/DerivedData/revmeter-hbcnswmlqmbpnlazhhkncgeowiss/Build/Intermediates.noindex/Pods.build/Debug-iphonesimulator/RNScreens.build/Objects-normal/x86_64/af3fcb34312c57c0f52879cdce924b91-common-args.resp
    
    /Applications/Xcode.app/Contents/Developer/Toolchains/XcodeDefault.xctoolchain/usr/bin/clang -x objective-c++ -ivfsstatcache /Users/karelbraborec/Library/Developer/Xcode/DerivedData/SDKStatCaches.noindex/iphonesimulator26.5-23F81a-6cfe768891a92b912361537c460fe42b.sdkstatcache -target x86_64-apple-ios15.1-simulator -fmessage-length\=0 -fdiagnostics-show-note-include-stack -fmacro-backtrace-limit\=0 -fno-color-diagnostics -fmodules-prune-interval\=86400 -fmodules-prune-after\=345600 -fbuild-session-file\=/Users/karelbraborec/Library/Developer/Xcode/DerivedData/ModuleCache.noindex/Session.modulevalidation -fmodules-validate-once-per-build-session -Wnon-modular-include-in-framework-module -Werror\=non-modular-include-in-framework-module -Wno-trigraphs -Wno-missing-field-initializers -Wno-missing-prototypes -Werror\=return-type -Wdocumentation -Wunreachable-code -Wno-implicit-atomic-properties -Werror\=deprecated-objc-isa-usage -Wno-objc-interface-ivars -Werror\=objc-root-class -Wno-arc-repeated-use-of-weak -Wimplicit-retain-self -Wno-non-virtual-dtor -Wno-overloaded-virtual -Wno-exit-time-destructors -Wduplicate-method-match -Wno-missing-braces -Wparentheses -Wswitch -Wunused-function -Wno-unused-label -Wno-unused-parameter -Wunused-variable -Wunused-value -Wempty-body -Wuninitialized -Wconditional-uninitialized -Wno-unknown-pragmas -Wno-shadow -Wno-four-char-constants -Wno-conversion -Wconstant-conversion -Wint-conversion -Wbool-conversion -Wenum-conversion -Wno-float-conversion -Wnon-literal-null-conversion -Wobjc-literal-conversion -Wshorten-64-to-32 -Wno-newline-eof -Wno-selector -Wno-strict-selector-match -Wundeclared-selector -Wdeprecated-implementations -Wno-c++11-extensions -Wno-implicit-fallthrough -isysroot /Applications/Xcode.app/Contents/Developer/Platforms/iPhoneSimulator.platform/Developer/SDKs/iPhoneSimulator26.5.sdk -fstrict-aliasing -Wprotocol -Wdeprecated-declarations -Winvalid-offsetof -Wno-sign-conversion -Winfinite-recursion -Wmove -Wcomma -Wblock-capture-autoreleasing -Wstrict-prototypes -Wrange-loop-analysis -Wno-semicolon-before-method-body -Wunguarded-availability -index-store-path /Users/karelbraborec/Library/Developer/Xcode/DerivedData/revmeter-hbcnswmlqmbpnlazhhkncgeowiss/Index.noindex/DataStore @/Users/karelbraborec/Library/Developer/Xcode/DerivedData/revmeter-hbcnswmlqmbpnlazhhkncgeowiss/Build/Intermediates.noindex/Pods.build/Debug-iphonesimulator/RNScreens.build/Objects-normal/x86_64/af3fcb34312c57c0f52879cdce924b91-common-args.resp -DRCT_NEW_ARCH_ENABLED\=1 -include /Users/karelbraborec/rev-meter/ios/Pods/Target\ Support\ Files/RNScreens/RNScreens-prefix.pch -MMD -MT dependencies -MF /Users/karelbraborec/Library/Developer/Xcode/DerivedData/revmeter-hbcnswmlqmbpnlazhhkncgeowiss/Build/Intermediates.noindex/Pods.build/Debug-iphonesimulator/RNScreens.build/Objects-normal/x86_64/RNSStackOperation.d --serialize-diagnostics /Users/karelbraborec/Library/Developer/Xcode/DerivedData/revmeter-hbcnswmlqmbpnlazhhkncgeowiss/Build/Intermediates.noindex/Pods.build/Debug-iphonesimulator/RNScreens.build/Objects-normal/x86_64/RNSStackOperation.dia -c /Users/karelbraborec/rev-meter/node_modules/react-native-screens/ios/gamma/stack/host/RNSStackOperation.mm -o /Users/karelbraborec/Library/Developer/Xcode/DerivedData/revmeter-hbcnswmlqmbpnlazhhkncgeowiss/Build/Intermediates.noindex/Pods.build/Debug-iphonesimulator/RNScreens.build/Objects-normal/x86_64/RNSStackOperation.o -index-unit-output-path /Pods.build/Debug-iphonesimulator/RNScreens.build/Objects-normal/x86_64/RNSStackOperation.o
In file included from /Users/karelbraborec/rev-meter/node_modules/react-native-screens/ios/gamma/stack/host/RNSStackOperation.mm:1:
/Users/karelbraborec/rev-meter/node_modules/react-native-screens/ios/gamma/stack/host/RNSStackOperation.h:21:70: warning: auto property synthesis will not synthesize property 'stackScreen'; it will be implemented by its superclass, use @dynamic to acknowledge intention [-Wobjc-property-synthesis]
   21 | @property (nonatomic, strong, readonly) RNSStackScreenComponentView *stackScreen;
      |                                                                      ^
/Users/karelbraborec/rev-meter/node_modules/react-native-screens/ios/gamma/stack/host/RNSStackOperation.h:9:70: note: property declared here
    9 | @property (nonatomic, strong, readonly) RNSStackScreenComponentView *stackScreen;
      |                                                                      ^
/Users/karelbraborec/rev-meter/node_modules/react-native-screens/ios/gamma/stack/host/RNSStackOperation.mm:20:17: note: detected while default synthesizing properties in class implementation
   20 | @implementation RNSPopOperation
      |                 ^
1 warning generated.

CompileC /Users/karelbraborec/Library/Developer/Xcode/DerivedData/revmeter-hbcnswmlqmbpnlazhhkncgeowiss/Build/Intermediates.noindex/Pods.build/Debug-iphonesimulator/RNScreens.build/Objects-normal/x86_64/RNSStackNavigationController.o /Users/karelbraborec/rev-meter/node_modules/react-native-screens/ios/gamma/stack/host/RNSStackNavigationController.mm normal x86_64 objective-c++ com.apple.compilers.llvm.clang.1_0.compiler (in target 'RNScreens' from project 'Pods')
    cd /Users/karelbraborec/rev-meter/ios/Pods
    
    Using response file: /Users/karelbraborec/Library/Developer/Xcode/DerivedData/revmeter-hbcnswmlqmbpnlazhhkncgeowiss/Build/Intermediates.noindex/Pods.build/Debug-iphonesimulator/RNScreens.build/Objects-normal/x86_64/af3fcb34312c57c0f52879cdce924b91-common-args.resp
    
    /Applications/Xcode.app/Contents/Developer/Toolchains/XcodeDefault.xctoolchain/usr/bin/clang -x objective-c++ -ivfsstatcache /Users/karelbraborec/Library/Developer/Xcode/DerivedData/SDKStatCaches.noindex/iphonesimulator26.5-23F81a-6cfe768891a92b912361537c460fe42b.sdkstatcache -target x86_64-apple-ios15.1-simulator -fmessage-length\=0 -fdiagnostics-show-note-include-stack -fmacro-backtrace-limit\=0 -fno-color-diagnostics -fmodules-prune-interval\=86400 -fmodules-prune-after\=345600 -fbuild-session-file\=/Users/karelbraborec/Library/Developer/Xcode/DerivedData/ModuleCache.noindex/Session.modulevalidation -fmodules-validate-once-per-build-session -Wnon-modular-include-in-framework-module -Werror\=non-modular-include-in-framework-module -Wno-trigraphs -Wno-missing-field-initializers -Wno-missing-prototypes -Werror\=return-type -Wdocumentation -Wunreachable-code -Wno-implicit-atomic-properties -Werror\=deprecated-objc-isa-usage -Wno-objc-interface-ivars -Werror\=objc-root-class -Wno-arc-repeated-use-of-weak -Wimplicit-retain-self -Wno-non-virtual-dtor -Wno-overloaded-virtual -Wno-exit-time-destructors -Wduplicate-method-match -Wno-missing-braces -Wparentheses -Wswitch -Wunused-function -Wno-unused-label -Wno-unused-parameter -Wunused-variable -Wunused-value -Wempty-body -Wuninitialized -Wconditional-uninitialized -Wno-unknown-pragmas -Wno-shadow -Wno-four-char-constants -Wno-conversion -Wconstant-conversion -Wint-conversion -Wbool-conversion -Wenum-conversion -Wno-float-conversion -Wnon-literal-null-conversion -Wobjc-literal-conversion -Wshorten-64-to-32 -Wno-newline-eof -Wno-selector -Wno-strict-selector-match -Wundeclared-selector -Wdeprecated-implementations -Wno-c++11-extensions -Wno-implicit-fallthrough -isysroot /Applications/Xcode.app/Contents/Developer/Platforms/iPhoneSimulator.platform/Developer/SDKs/iPhoneSimulator26.5.sdk -fstrict-aliasing -Wprotocol -Wdeprecated-declarations -Winvalid-offsetof -Wno-sign-conversion -Winfinite-recursion -Wmove -Wcomma -Wblock-capture-autoreleasing -Wstrict-prototypes -Wrange-loop-analysis -Wno-semicolon-before-method-body -Wunguarded-availability -index-store-path /Users/karelbraborec/Library/Developer/Xcode/DerivedData/revmeter-hbcnswmlqmbpnlazhhkncgeowiss/Index.noindex/DataStore @/Users/karelbraborec/Library/Developer/Xcode/DerivedData/revmeter-hbcnswmlqmbpnlazhhkncgeowiss/Build/Intermediates.noindex/Pods.build/Debug-iphonesimulator/RNScreens.build/Objects-normal/x86_64/af3fcb34312c57c0f52879cdce924b91-common-args.resp -DRCT_NEW_ARCH_ENABLED\=1 -include /Users/karelbraborec/rev-meter/ios/Pods/Target\ Support\ Files/RNScreens/RNScreens-prefix.pch -MMD -MT dependencies -MF /Users/karelbraborec/Library/Developer/Xcode/DerivedData/revmeter-hbcnswmlqmbpnlazhhkncgeowiss/Build/Intermediates.noindex/Pods.build/Debug-iphonesimulator/RNScreens.build/Objects-normal/x86_64/RNSStackNavigationController.d --serialize-diagnostics /Users/karelbraborec/Library/Developer/Xcode/DerivedData/revmeter-hbcnswmlqmbpnlazhhkncgeowiss/Build/Intermediates.noindex/Pods.build/Debug-iphonesimulator/RNScreens.build/Objects-normal/x86_64/RNSStackNavigationController.dia -c /Users/karelbraborec/rev-meter/node_modules/react-native-screens/ios/gamma/stack/host/RNSStackNavigationController.mm -o /Users/karelbraborec/Library/Developer/Xcode/DerivedData/revmeter-hbcnswmlqmbpnlazhhkncgeowiss/Build/Intermediates.noindex/Pods.build/Debug-iphonesimulator/RNScreens.build/Objects-normal/x86_64/RNSStackNavigationController.o -index-unit-output-path /Pods.build/Debug-iphonesimulator/RNScreens.build/Objects-normal/x86_64/RNSStackNavigationController.o
/Users/karelbraborec/rev-meter/node_modules/react-native-screens/ios/gamma/stack/host/RNSStackNavigationController.mm:130:26: warning: unused variable 'viewController' [-Wunused-variable]
  130 |   for (UIViewController *viewController in self.viewControllers) {
      |                          ^~~~~~~~~~~~~~
1 warning generated.

CompileC /Users/karelbraborec/Library/Developer/Xcode/DerivedData/revmeter-hbcnswmlqmbpnlazhhkncgeowiss/Build/Intermediates.noindex/Pods.build/Debug-iphonesimulator/RNScreens.build/Objects-normal/x86_64/RNSStackNavigationBarCoordinator.o /Users/karelbraborec/rev-meter/node_modules/react-native-screens/ios/gamma/stack/host/RNSStackNavigationBarCoordinator.mm normal x86_64 objective-c++ com.apple.compilers.llvm.clang.1_0.compiler (in target 'RNScreens' from project 'Pods')
    cd /Users/karelbraborec/rev-meter/ios/Pods
    
    Using response file: /Users/karelbraborec/Library/Developer/Xcode/DerivedData/revmeter-hbcnswmlqmbpnlazhhkncgeowiss/Build/Intermediates.noindex/Pods.build/Debug-iphonesimulator/RNScreens.build/Objects-normal/x86_64/af3fcb34312c57c0f52879cdce924b91-common-args.resp
    
    /Applications/Xcode.app/Contents/Developer/Toolchains/XcodeDefault.xctoolchain/usr/bin/clang -x objective-c++ -ivfsstatcache /Users/karelbraborec/Library/Developer/Xcode/DerivedData/SDKStatCaches.noindex/iphonesimulator26.5-23F81a-6cfe768891a92b912361537c460fe42b.sdkstatcache -target x86_64-apple-ios15.1-simulator -fmessage-length\=0 -fdiagnostics-show-note-include-stack -fmacro-backtrace-limit\=0 -fno-color-diagnostics -fmodules-prune-interval\=86400 -fmodules-prune-after\=345600 -fbuild-session-file\=/Users/karelbraborec/Library/Developer/Xcode/DerivedData/ModuleCache.noindex/Session.modulevalidation -fmodules-validate-once-per-build-session -Wnon-modular-include-in-framework-module -Werror\=non-modular-include-in-framework-module -Wno-trigraphs -Wno-missing-field-initializers -Wno-missing-prototypes -Werror\=return-type -Wdocumentation -Wunreachable-code -Wno-implicit-atomic-properties -Werror\=deprecated-objc-isa-usage -Wno-objc-interface-ivars -Werror\=objc-root-class -Wno-arc-repeated-use-of-weak -Wimplicit-retain-self -Wno-non-virtual-dtor -Wno-overloaded-virtual -Wno-exit-time-destructors -Wduplicate-method-match -Wno-missing-braces -Wparentheses -Wswitch -Wunused-function -Wno-unused-label -Wno-unused-parameter -Wunused-variable -Wunused-value -Wempty-body -Wuninitialized -Wconditional-uninitialized -Wno-unknown-pragmas -Wno-shadow -Wno-four-char-constants -Wno-conversion -Wconstant-conversion -Wint-conversion -Wbool-conversion -Wenum-conversion -Wno-float-conversion -Wnon-literal-null-conversion -Wobjc-literal-conversion -Wshorten-64-to-32 -Wno-newline-eof -Wno-selector -Wno-strict-selector-match -Wundeclared-selector -Wdeprecated-implementations -Wno-c++11-extensions -Wno-implicit-fallthrough -isysroot /Applications/Xcode.app/Contents/Developer/Platforms/iPhoneSimulator.platform/Developer/SDKs/iPhoneSimulator26.5.sdk -fstrict-aliasing -Wprotocol -Wdeprecated-declarations -Winvalid-offsetof -Wno-sign-conversion -Winfinite-recursion -Wmove -Wcomma -Wblock-capture-autoreleasing -Wstrict-prototypes -Wrange-loop-analysis -Wno-semicolon-before-method-body -Wunguarded-availability -index-store-path /Users/karelbraborec/Library/Developer/Xcode/DerivedData/revmeter-hbcnswmlqmbpnlazhhkncgeowiss/Index.noindex/DataStore @/Users/karelbraborec/Library/Developer/Xcode/DerivedData/revmeter-hbcnswmlqmbpnlazhhkncgeowiss/Build/Intermediates.noindex/Pods.build/Debug-iphonesimulator/RNScreens.build/Objects-normal/x86_64/af3fcb34312c57c0f52879cdce924b91-common-args.resp -DRCT_NEW_ARCH_ENABLED\=1 -include /Users/karelbraborec/rev-meter/ios/Pods/Target\ Support\ Files/RNScreens/RNScreens-prefix.pch -MMD -MT dependencies -MF /Users/karelbraborec/Library/Developer/Xcode/DerivedData/revmeter-hbcnswmlqmbpnlazhhkncgeowiss/Build/Intermediates.noindex/Pods.build/Debug-iphonesimulator/RNScreens.build/Objects-normal/x86_64/RNSStackNavigationBarCoordinator.d --serialize-diagnostics /Users/karelbraborec/Library/Developer/Xcode/DerivedData/revmeter-hbcnswmlqmbpnlazhhkncgeowiss/Build/Intermediates.noindex/Pods.build/Debug-iphonesimulator/RNScreens.build/Objects-normal/x86_64/RNSStackNavigationBarCoordinator.dia -c /Users/karelbraborec/rev-meter/node_modules/react-native-screens/ios/gamma/stack/host/RNSStackNavigationBarCoordinator.mm -o /Users/karelbraborec/Library/Developer/Xcode/DerivedData/revmeter-hbcnswmlqmbpnlazhhkncgeowiss/Build/Intermediates.noindex/Pods.build/Debug-iphonesimulator/RNScreens.build/Objects-normal/x86_64/RNSStackNavigationBarCoordinator.o -index-unit-output-path /Pods.build/Debug-iphonesimulator/RNScreens.build/Objects-normal/x86_64/RNSStackNavigationBarCoordinator.o

CompileC /Users/karelbraborec/Library/Developer/Xcode/DerivedData/revmeter-hbcnswmlqmbpnlazhhkncgeowiss/Build/Intermediates.noindex/Pods.build/Debug-iphonesimulator/RNScreens.build/Objects-normal/x86_64/RNSStackHostComponentViewManager.o /Users/karelbraborec/rev-meter/node_modules/react-native-screens/ios/gamma/stack/host/RNSStackHostComponentViewManager.mm normal x86_64 objective-c++ com.apple.compilers.llvm.clang.1_0.compiler (in target 'RNScreens' from project 'Pods')
    cd /Users/karelbraborec/rev-meter/ios/Pods
    
    Using response file: /Users/karelbraborec/Library/Developer/Xcode/DerivedData/revmeter-hbcnswmlqmbpnlazhhkncgeowiss/Build/Intermediates.noindex/Pods.build/Debug-iphonesimulator/RNScreens.build/Objects-normal/x86_64/af3fcb34312c57c0f52879cdce924b91-common-args.resp
    
    /Applications/Xcode.app/Contents/Developer/Toolchains/XcodeDefault.xctoolchain/usr/bin/clang -x objective-c++ -ivfsstatcache /Users/karelbraborec/Library/Developer/Xcode/DerivedData/SDKStatCaches.noindex/iphonesimulator26.5-23F81a-6cfe768891a92b912361537c460fe42b.sdkstatcache -target x86_64-apple-ios15.1-simulator -fmessage-length\=0 -fdiagnostics-show-note-include-stack -fmacro-backtrace-limit\=0 -fno-color-diagnostics -fmodules-prune-interval\=86400 -fmodules-prune-after\=345600 -fbuild-session-file\=/Users/karelbraborec/Library/Developer/Xcode/DerivedData/ModuleCache.noindex/Session.modulevalidation -fmodules-validate-once-per-build-session -Wnon-modular-include-in-framework-module -Werror\=non-modular-include-in-framework-module -Wno-trigraphs -Wno-missing-field-initializers -Wno-missing-prototypes -Werror\=return-type -Wdocumentation -Wunreachable-code -Wno-implicit-atomic-properties -Werror\=deprecated-objc-isa-usage -Wno-objc-interface-ivars -Werror\=objc-root-class -Wno-arc-repeated-use-of-weak -Wimplicit-retain-self -Wno-non-virtual-dtor -Wno-overloaded-virtual -Wno-exit-time-destructors -Wduplicate-method-match -Wno-missing-braces -Wparentheses -Wswitch -Wunused-function -Wno-unused-label -Wno-unused-parameter -Wunused-variable -Wunused-value -Wempty-body -Wuninitialized -Wconditional-uninitialized -Wno-unknown-pragmas -Wno-shadow -Wno-four-char-constants -Wno-conversion -Wconstant-conversion -Wint-conversion -Wbool-conversion -Wenum-conversion -Wno-float-conversion -Wnon-literal-null-conversion -Wobjc-literal-conversion -Wshorten-64-to-32 -Wno-newline-eof -Wno-selector -Wno-strict-selector-match -Wundeclared-selector -Wdeprecated-implementations -Wno-c++11-extensions -Wno-implicit-fallthrough -isysroot /Applications/Xcode.app/Contents/Developer/Platforms/iPhoneSimulator.platform/Developer/SDKs/iPhoneSimulator26.5.sdk -fstrict-aliasing -Wprotocol -Wdeprecated-declarations -Winvalid-offsetof -Wno-sign-conversion -Winfinite-recursion -Wmove -Wcomma -Wblock-capture-autoreleasing -Wstrict-prototypes -Wrange-loop-analysis -Wno-semicolon-before-method-body -Wunguarded-availability -index-store-path /Users/karelbraborec/Library/Developer/Xcode/DerivedData/revmeter-hbcnswmlqmbpnlazhhkncgeowiss/Index.noindex/DataStore @/Users/karelbraborec/Library/Developer/Xcode/DerivedData/revmeter-hbcnswmlqmbpnlazhhkncgeowiss/Build/Intermediates.noindex/Pods.build/Debug-iphonesimulator/RNScreens.build/Objects-normal/x86_64/af3fcb34312c57c0f52879cdce924b91-common-args.resp -DRCT_NEW_ARCH_ENABLED\=1 -include /Users/karelbraborec/rev-meter/ios/Pods/Target\ Support\ Files/RNScreens/RNScreens-prefix.pch -MMD -MT dependencies -MF /Users/karelbraborec/Library/Developer/Xcode/DerivedData/revmeter-hbcnswmlqmbpnlazhhkncgeowiss/Build/Intermediates.noindex/Pods.build/Debug-iphonesimulator/RNScreens.build/Objects-normal/x86_64/RNSStackHostComponentViewManager.d --serialize-diagnostics /Users/karelbraborec/Library/Developer/Xcode/DerivedData/revmeter-hbcnswmlqmbpnlazhhkncgeowiss/Build/Intermediates.noindex/Pods.build/Debug-iphonesimulator/RNScreens.build/Objects-normal/x86_64/RNSStackHostComponentViewManager.dia -c /Users/karelbraborec/rev-meter/node_modules/react-native-screens/ios/gamma/stack/host/RNSStackHostComponentViewManager.mm -o /Users/karelbraborec/Library/Developer/Xcode/DerivedData/revmeter-hbcnswmlqmbpnlazhhkncgeowiss/Build/Intermediates.noindex/Pods.build/Debug-iphonesimulator/RNScreens.build/Objects-normal/x86_64/RNSStackHostComponentViewManager.o -index-unit-output-path /Pods.build/Debug-iphonesimulator/RNScreens.build/Objects-normal/x86_64/RNSStackHostComponentViewManager.o

CompileC /Users/karelbraborec/Library/Developer/Xcode/DerivedData/revmeter-hbcnswmlqmbpnlazhhkncgeowiss/Build/Intermediates.noindex/Pods.build/Debug-iphonesimulator/RNScreens.build/Objects-normal/x86_64/RNSStackHostComponentView.o /Users/karelbraborec/rev-meter/node_modules/react-native-screens/ios/gamma/stack/host/RNSStackHostComponentView.mm normal x86_64 objective-c++ com.apple.compilers.llvm.clang.1_0.compiler (in target 'RNScreens' from project 'Pods')
    cd /Users/karelbraborec/rev-meter/ios/Pods
    
    Using response file: /Users/karelbraborec/Library/Developer/Xcode/DerivedData/revmeter-hbcnswmlqmbpnlazhhkncgeowiss/Build/Intermediates.noindex/Pods.build/Debug-iphonesimulator/RNScreens.build/Objects-normal/x86_64/af3fcb34312c57c0f52879cdce924b91-common-args.resp
    
    /Applications/Xcode.app/Contents/Developer/Toolchains/XcodeDefault.xctoolchain/usr/bin/clang -x objective-c++ -ivfsstatcache /Users/karelbraborec/Library/Developer/Xcode/DerivedData/SDKStatCaches.noindex/iphonesimulator26.5-23F81a-6cfe768891a92b912361537c460fe42b.sdkstatcache -target x86_64-apple-ios15.1-simulator -fmessage-length\=0 -fdiagnostics-show-note-include-stack -fmacro-backtrace-limit\=0 -fno-color-diagnostics -fmodules-prune-interval\=86400 -fmodules-prune-after\=345600 -fbuild-session-file\=/Users/karelbraborec/Library/Developer/Xcode/DerivedData/ModuleCache.noindex/Session.modulevalidation -fmodules-validate-once-per-build-session -Wnon-modular-include-in-framework-module -Werror\=non-modular-include-in-framework-module -Wno-trigraphs -Wno-missing-field-initializers -Wno-missing-prototypes -Werror\=return-type -Wdocumentation -Wunreachable-code -Wno-implicit-atomic-properties -Werror\=deprecated-objc-isa-usage -Wno-objc-interface-ivars -Werror\=objc-root-class -Wno-arc-repeated-use-of-weak -Wimplicit-retain-self -Wno-non-virtual-dtor -Wno-overloaded-virtual -Wno-exit-time-destructors -Wduplicate-method-match -Wno-missing-braces -Wparentheses -Wswitch -Wunused-function -Wno-unused-label -Wno-unused-parameter -Wunused-variable -Wunused-value -Wempty-body -Wuninitialized -Wconditional-uninitialized -Wno-unknown-pragmas -Wno-shadow -Wno-four-char-constants -Wno-conversion -Wconstant-conversion -Wint-conversion -Wbool-conversion -Wenum-conversion -Wno-float-conversion -Wnon-literal-null-conversion -Wobjc-literal-conversion -Wshorten-64-to-32 -Wno-newline-eof -Wno-selector -Wno-strict-selector-match -Wundeclared-selector -Wdeprecated-implementations -Wno-c++11-extensions -Wno-implicit-fallthrough -isysroot /Applications/Xcode.app/Contents/Developer/Platforms/iPhoneSimulator.platform/Developer/SDKs/iPhoneSimulator26.5.sdk -fstrict-aliasing -Wprotocol -Wdeprecated-declarations -Winvalid-offsetof -Wno-sign-conversion -Winfinite-recursion -Wmove -Wcomma -Wblock-capture-autoreleasing -Wstrict-prototypes -Wrange-loop-analysis -Wno-semicolon-before-method-body -Wunguarded-availability -index-store-path /Users/karelbraborec/Library/Developer/Xcode/DerivedData/revmeter-hbcnswmlqmbpnlazhhkncgeowiss/Index.noindex/DataStore @/Users/karelbraborec/Library/Developer/Xcode/DerivedData/revmeter-hbcnswmlqmbpnlazhhkncgeowiss/Build/Intermediates.noindex/Pods.build/Debug-iphonesimulator/RNScreens.build/Objects-normal/x86_64/af3fcb34312c57c0f52879cdce924b91-common-args.resp -DRCT_NEW_ARCH_ENABLED\=1 -include /Users/karelbraborec/rev-meter/ios/Pods/Target\ Support\ Files/RNScreens/RNScreens-prefix.pch -MMD -MT dependencies -MF /Users/karelbraborec/Library/Developer/Xcode/DerivedData/revmeter-hbcnswmlqmbpnlazhhkncgeowiss/Build/Intermediates.noindex/Pods.build/Debug-iphonesimulator/RNScreens.build/Objects-normal/x86_64/RNSStackHostComponentView.d --serialize-diagnostics /Users/karelbraborec/Library/Developer/Xcode/DerivedData/revmeter-hbcnswmlqmbpnlazhhkncgeowiss/Build/Intermediates.noindex/Pods.build/Debug-iphonesimulator/RNScreens.build/Objects-normal/x86_64/RNSStackHostComponentView.dia -c /Users/karelbraborec/rev-meter/node_modules/react-native-screens/ios/gamma/stack/host/RNSStackHostComponentView.mm -o /Users/karelbraborec/Library/Developer/Xcode/DerivedData/revmeter-hbcnswmlqmbpnlazhhkncgeowiss/Build/Intermediates.noindex/Pods.build/Debug-iphonesimulator/RNScreens.build/Objects-normal/x86_64/RNSStackHostComponentView.o -index-unit-output-path /Pods.build/Debug-iphonesimulator/RNScreens.build/Objects-normal/x86_64/RNSStackHostComponentView.o
In file included from /Users/karelbraborec/rev-meter/node_modules/react-native-screens/ios/gamma/stack/host/RNSStackHostComponentView.mm:4:
In file included from /Users/karelbraborec/rev-meter/ios/Pods/Headers/Public/React-RCTFabric/React/RCTMountingTransactionObserving.h:10:
In file included from /Users/karelbraborec/rev-meter/ios/Pods/Headers/Public/React-Fabric/react/renderer/mounting/MountingTransaction.h:10:
/Users/karelbraborec/rev-meter/ios/Pods/Headers/Public/React-Fabric/react/renderer/mounting/ShadowViewMutation.h:46:7: warning: declaration is marked with '@deprecated' command but does not have a deprecation attribute [-Wdocumentation-deprecated-sync]
   46 |    * @deprecated Pass parentTag instead of parentShadowView.
      |      ~^~~~~~~~~~~~~~~~~~~~~~~~~~~~~~~~~~~~~~~~~~~~~~~~~~~~~~
/Users/karelbraborec/rev-meter/ios/Pods/Headers/Public/React-Fabric/react/renderer/mounting/ShadowViewMutation.h:48:3: note: add a deprecation attribute to the declaration to silence this warning
   48 |   static ShadowViewMutation InsertMutation(const ShadowView &parentShadowView, ShadowView childShadowView, int index)
      |   ^
      |   FMT_DEPRECATED 
/Users/karelbraborec/rev-meter/ios/Pods/Headers/Public/React-Fabric/react/renderer/mounting/ShadowViewMutation.h:60:7: warning: declaration is marked with '@deprecated' command but does not have a deprecation attribute [-Wdocumentation-deprecated-sync]
   60 |    * @deprecated Pass parentTag instead of parentShadowView.
      |      ~^~~~~~~~~~~~~~~~~~~~~~~~~~~~~~~~~~~~~~~~~~~~~~~~~~~~~~
/Users/karelbraborec/rev-meter/ios/Pods/Headers/Public/React-Fabric/react/renderer/mounting/ShadowViewMutation.h:62:3: note: add a deprecation attribute to the declaration to silence this warning
   62 |   static ShadowViewMutation RemoveMutation(const ShadowView &parentShadowView, ShadowView childShadowView, int index)
      |   ^
      |   FMT_DEPRECATED 
/Users/karelbraborec/rev-meter/ios/Pods/Headers/Public/React-Fabric/react/renderer/mounting/ShadowViewMutation.h:74:7: warning: declaration is marked with '@deprecated' command but does not have a deprecation attribute [-Wdocumentation-deprecated-sync]
   74 |    * @deprecated Pass parentTag instead of parentShadowView.
      |      ~^~~~~~~~~~~~~~~~~~~~~~~~~~~~~~~~~~~~~~~~~~~~~~~~~~~~~~
/Users/karelbraborec/rev-meter/ios/Pods/Headers/Public/React-Fabric/react/renderer/mounting/ShadowViewMutation.h:76:3: note: add a deprecation attribute to the declaration to silence this warning
   76 |   static ShadowViewMutation
      |   ^
      |   FMT_DEPRECATED 
3 warnings generated.

CompileC /Users/karelbraborec/Library/Developer/Xcode/DerivedData/revmeter-hbcnswmlqmbpnlazhhkncgeowiss/Build/Intermediates.noindex/Pods.build/Debug-iphonesimulator/RNScreens.build/Objects-normal/x86_64/RNSStackHeaderSubviewState.o /Users/karelbraborec/rev-meter/node_modules/react-native-screens/common/cpp/react/renderer/components/rnscreens/RNSStackHeaderSubviewState.cpp normal x86_64 c++ com.apple.compilers.llvm.clang.1_0.compiler (in target 'RNScreens' from project 'Pods')
    cd /Users/karelbraborec/rev-meter/ios/Pods
    
    Using response file: /Users/karelbraborec/Library/Developer/Xcode/DerivedData/revmeter-hbcnswmlqmbpnlazhhkncgeowiss/Build/Intermediates.noindex/Pods.build/Debug-iphonesimulator/RNScreens.build/Objects-normal/x86_64/82b82416624d2658e5098eb0a28c15c5-common-args.resp
    
    /Applications/Xcode.app/Contents/Developer/Toolchains/XcodeDefault.xctoolchain/usr/bin/clang -x c++ -ivfsstatcache /Users/karelbraborec/Library/Developer/Xcode/DerivedData/SDKStatCaches.noindex/iphonesimulator26.5-23F81a-6cfe768891a92b912361537c460fe42b.sdkstatcache -target x86_64-apple-ios15.1-simulator -fmessage-length\=0 -fdiagnostics-show-note-include-stack -fmacro-backtrace-limit\=0 -fno-color-diagnostics -fmodules-prune-interval\=86400 -fmodules-prune-after\=345600 -fbuild-session-file\=/Users/karelbraborec/Library/Developer/Xcode/DerivedData/ModuleCache.noindex/Session.modulevalidation -fmodules-validate-once-per-build-session -Wnon-modular-include-in-framework-module -Werror\=non-modular-include-in-framework-module -Wno-trigraphs -Wno-missing-field-initializers -Wno-missing-prototypes -Werror\=return-type -Wdocumentation -Wunreachable-code -Werror\=deprecated-objc-isa-usage -Werror\=objc-root-class -Wno-non-virtual-dtor -Wno-overloaded-virtual -Wno-exit-time-destructors -Wno-missing-braces -Wparentheses -Wswitch -Wunused-function -Wno-unused-label -Wno-unused-parameter -Wunused-variable -Wunused-value -Wempty-body -Wuninitialized -Wconditional-uninitialized -Wno-unknown-pragmas -Wno-shadow -Wno-four-char-constants -Wno-conversion -Wconstant-conversion -Wint-conversion -Wbool-conversion -Wenum-conversion -Wno-float-conversion -Wnon-literal-null-conversion -Wobjc-literal-conversion -Wshorten-64-to-32 -Wno-newline-eof -Wno-c++11-extensions -Wno-implicit-fallthrough -isysroot /Applications/Xcode.app/Contents/Developer/Platforms/iPhoneSimulator.platform/Developer/SDKs/iPhoneSimulator26.5.sdk -fstrict-aliasing -Wdeprecated-declarations -Winvalid-offsetof -Wno-sign-conversion -Winfinite-recursion -Wmove -Wcomma -Wblock-capture-autoreleasing -Wstrict-prototypes -Wrange-loop-analysis -Wno-semicolon-before-method-body -Wunguarded-availability -index-store-path /Users/karelbraborec/Library/Developer/Xcode/DerivedData/revmeter-hbcnswmlqmbpnlazhhkncgeowiss/Index.noindex/DataStore @/Users/karelbraborec/Library/Developer/Xcode/DerivedData/revmeter-hbcnswmlqmbpnlazhhkncgeowiss/Build/Intermediates.noindex/Pods.build/Debug-iphonesimulator/RNScreens.build/Objects-normal/x86_64/82b82416624d2658e5098eb0a28c15c5-common-args.resp -DRCT_NEW_ARCH_ENABLED\=1 -include /Users/karelbraborec/rev-meter/ios/Pods/Target\ Support\ Files/RNScreens/RNScreens-prefix.pch -MMD -MT dependencies -MF /Users/karelbraborec/Library/Developer/Xcode/DerivedData/revmeter-hbcnswmlqmbpnlazhhkncgeowiss/Build/Intermediates.noindex/Pods.build/Debug-iphonesimulator/RNScreens.build/Objects-normal/x86_64/RNSStackHeaderSubviewState.d --serialize-diagnostics /Users/karelbraborec/Library/Developer/Xcode/DerivedData/revmeter-hbcnswmlqmbpnlazhhkncgeowiss/Build/Intermediates.noindex/Pods.build/Debug-iphonesimulator/RNScreens.build/Objects-normal/x86_64/RNSStackHeaderSubviewState.dia -c /Users/karelbraborec/rev-meter/node_modules/react-native-screens/common/cpp/react/renderer/components/rnscreens/RNSStackHeaderSubviewState.cpp -o /Users/karelbraborec/Library/Developer/Xcode/DerivedData/revmeter-hbcnswmlqmbpnlazhhkncgeowiss/Build/Intermediates.noindex/Pods.build/Debug-iphonesimulator/RNScreens.build/Objects-normal/x86_64/RNSStackHeaderSubviewState.o -index-unit-output-path /Pods.build/Debug-iphonesimulator/RNScreens.build/Objects-normal/x86_64/RNSStackHeaderSubviewState.o

CompileC /Users/karelbraborec/Library/Developer/Xcode/DerivedData/revmeter-hbcnswmlqmbpnlazhhkncgeowiss/Build/Intermediates.noindex/Pods.build/Debug-iphonesimulator/RNScreens.build/Objects-normal/x86_64/RNSStackHeaderSubviewShadowNode.o /Users/karelbraborec/rev-meter/node_modules/react-native-screens/common/cpp/react/renderer/components/rnscreens/RNSStackHeaderSubviewShadowNode.cpp normal x86_64 c++ com.apple.compilers.llvm.clang.1_0.compiler (in target 'RNScreens' from project 'Pods')
    cd /Users/karelbraborec/rev-meter/ios/Pods
    
    Using response file: /Users/karelbraborec/Library/Developer/Xcode/DerivedData/revmeter-hbcnswmlqmbpnlazhhkncgeowiss/Build/Intermediates.noindex/Pods.build/Debug-iphonesimulator/RNScreens.build/Objects-normal/x86_64/82b82416624d2658e5098eb0a28c15c5-common-args.resp
    
    /Applications/Xcode.app/Contents/Developer/Toolchains/XcodeDefault.xctoolchain/usr/bin/clang -x c++ -ivfsstatcache /Users/karelbraborec/Library/Developer/Xcode/DerivedData/SDKStatCaches.noindex/iphonesimulator26.5-23F81a-6cfe768891a92b912361537c460fe42b.sdkstatcache -target x86_64-apple-ios15.1-simulator -fmessage-length\=0 -fdiagnostics-show-note-include-stack -fmacro-backtrace-limit\=0 -fno-color-diagnostics -fmodules-prune-interval\=86400 -fmodules-prune-after\=345600 -fbuild-session-file\=/Users/karelbraborec/Library/Developer/Xcode/DerivedData/ModuleCache.noindex/Session.modulevalidation -fmodules-validate-once-per-build-session -Wnon-modular-include-in-framework-module -Werror\=non-modular-include-in-framework-module -Wno-trigraphs -Wno-missing-field-initializers -Wno-missing-prototypes -Werror\=return-type -Wdocumentation -Wunreachable-code -Werror\=deprecated-objc-isa-usage -Werror\=objc-root-class -Wno-non-virtual-dtor -Wno-overloaded-virtual -Wno-exit-time-destructors -Wno-missing-braces -Wparentheses -Wswitch -Wunused-function -Wno-unused-label -Wno-unused-parameter -Wunused-variable -Wunused-value -Wempty-body -Wuninitialized -Wconditional-uninitialized -Wno-unknown-pragmas -Wno-shadow -Wno-four-char-constants -Wno-conversion -Wconstant-conversion -Wint-conversion -Wbool-conversion -Wenum-conversion -Wno-float-conversion -Wnon-literal-null-conversion -Wobjc-literal-conversion -Wshorten-64-to-32 -Wno-newline-eof -Wno-c++11-extensions -Wno-implicit-fallthrough -isysroot /Applications/Xcode.app/Contents/Developer/Platforms/iPhoneSimulator.platform/Developer/SDKs/iPhoneSimulator26.5.sdk -fstrict-aliasing -Wdeprecated-declarations -Winvalid-offsetof -Wno-sign-conversion -Winfinite-recursion -Wmove -Wcomma -Wblock-capture-autoreleasing -Wstrict-prototypes -Wrange-loop-analysis -Wno-semicolon-before-method-body -Wunguarded-availability -index-store-path /Users/karelbraborec/Library/Developer/Xcode/DerivedData/revmeter-hbcnswmlqmbpnlazhhkncgeowiss/Index.noindex/DataStore @/Users/karelbraborec/Library/Developer/Xcode/DerivedData/revmeter-hbcnswmlqmbpnlazhhkncgeowiss/Build/Intermediates.noindex/Pods.build/Debug-iphonesimulator/RNScreens.build/Objects-normal/x86_64/82b82416624d2658e5098eb0a28c15c5-common-args.resp -DRCT_NEW_ARCH_ENABLED\=1 -include /Users/karelbraborec/rev-meter/ios/Pods/Target\ Support\ Files/RNScreens/RNScreens-prefix.pch -MMD -MT dependencies -MF /Users/karelbraborec/Library/Developer/Xcode/DerivedData/revmeter-hbcnswmlqmbpnlazhhkncgeowiss/Build/Intermediates.noindex/Pods.build/Debug-iphonesimulator/RNScreens.build/Objects-normal/x86_64/RNSStackHeaderSubviewShadowNode.d --serialize-diagnostics /Users/karelbraborec/Library/Developer/Xcode/DerivedData/revmeter-hbcnswmlqmbpnlazhhkncgeowiss/Build/Intermediates.noindex/Pods.build/Debug-iphonesimulator/RNScreens.build/Objects-normal/x86_64/RNSStackHeaderSubviewShadowNode.dia -c /Users/karelbraborec/rev-meter/node_modules/react-native-screens/common/cpp/react/renderer/components/rnscreens/RNSStackHeaderSubviewShadowNode.cpp -o /Users/karelbraborec/Library/Developer/Xcode/DerivedData/revmeter-hbcnswmlqmbpnlazhhkncgeowiss/Build/Intermediates.noindex/Pods.build/Debug-iphonesimulator/RNScreens.build/Objects-normal/x86_64/RNSStackHeaderSubviewShadowNode.o -index-unit-output-path /Pods.build/Debug-iphonesimulator/RNScreens.build/Objects-normal/x86_64/RNSStackHeaderSubviewShadowNode.o

CompileC /Users/karelbraborec/Library/Developer/Xcode/DerivedData/revmeter-hbcnswmlqmbpnlazhhkncgeowiss/Build/Intermediates.noindex/Pods.build/Debug-iphonesimulator/RNScreens.build/Objects-normal/x86_64/RNSStackHeaderMenuTrackerRegistry.o /Users/karelbraborec/rev-meter/node_modules/react-native-screens/ios/gamma/stack/header/RNSStackHeaderMenuTrackerRegistry.mm normal x86_64 objective-c++ com.apple.compilers.llvm.clang.1_0.compiler (in target 'RNScreens' from project 'Pods')
    cd /Users/karelbraborec/rev-meter/ios/Pods
    
    Using response file: /Users/karelbraborec/Library/Developer/Xcode/DerivedData/revmeter-hbcnswmlqmbpnlazhhkncgeowiss/Build/Intermediates.noindex/Pods.build/Debug-iphonesimulator/RNScreens.build/Objects-normal/x86_64/af3fcb34312c57c0f52879cdce924b91-common-args.resp
    
    /Applications/Xcode.app/Contents/Developer/Toolchains/XcodeDefault.xctoolchain/usr/bin/clang -x objective-c++ -ivfsstatcache /Users/karelbraborec/Library/Developer/Xcode/DerivedData/SDKStatCaches.noindex/iphonesimulator26.5-23F81a-6cfe768891a92b912361537c460fe42b.sdkstatcache -target x86_64-apple-ios15.1-simulator -fmessage-length\=0 -fdiagnostics-show-note-include-stack -fmacro-backtrace-limit\=0 -fno-color-diagnostics -fmodules-prune-interval\=86400 -fmodules-prune-after\=345600 -fbuild-session-file\=/Users/karelbraborec/Library/Developer/Xcode/DerivedData/ModuleCache.noindex/Session.modulevalidation -fmodules-validate-once-per-build-session -Wnon-modular-include-in-framework-module -Werror\=non-modular-include-in-framework-module -Wno-trigraphs -Wno-missing-field-initializers -Wno-missing-prototypes -Werror\=return-type -Wdocumentation -Wunreachable-code -Wno-implicit-atomic-properties -Werror\=deprecated-objc-isa-usage -Wno-objc-interface-ivars -Werror\=objc-root-class -Wno-arc-repeated-use-of-weak -Wimplicit-retain-self -Wno-non-virtual-dtor -Wno-overloaded-virtual -Wno-exit-time-destructors -Wduplicate-method-match -Wno-missing-braces -Wparentheses -Wswitch -Wunused-function -Wno-unused-label -Wno-unused-parameter -Wunused-variable -Wunused-value -Wempty-body -Wuninitialized -Wconditional-uninitialized -Wno-unknown-pragmas -Wno-shadow -Wno-four-char-constants -Wno-conversion -Wconstant-conversion -Wint-conversion -Wbool-conversion -Wenum-conversion -Wno-float-conversion -Wnon-literal-null-conversion -Wobjc-literal-conversion -Wshorten-64-to-32 -Wno-newline-eof -Wno-selector -Wno-strict-selector-match -Wundeclared-selector -Wdeprecated-implementations -Wno-c++11-extensions -Wno-implicit-fallthrough -isysroot /Applications/Xcode.app/Contents/Developer/Platforms/iPhoneSimulator.platform/Developer/SDKs/iPhoneSimulator26.5.sdk -fstrict-aliasing -Wprotocol -Wdeprecated-declarations -Winvalid-offsetof -Wno-sign-conversion -Winfinite-recursion -Wmove -Wcomma -Wblock-capture-autoreleasing -Wstrict-prototypes -Wrange-loop-analysis -Wno-semicolon-before-method-body -Wunguarded-availability -index-store-path /Users/karelbraborec/Library/Developer/Xcode/DerivedData/revmeter-hbcnswmlqmbpnlazhhkncgeowiss/Index.noindex/DataStore @/Users/karelbraborec/Library/Developer/Xcode/DerivedData/revmeter-hbcnswmlqmbpnlazhhkncgeowiss/Build/Intermediates.noindex/Pods.build/Debug-iphonesimulator/RNScreens.build/Objects-normal/x86_64/af3fcb34312c57c0f52879cdce924b91-common-args.resp -DRCT_NEW_ARCH_ENABLED\=1 -include /Users/karelbraborec/rev-meter/ios/Pods/Target\ Support\ Files/RNScreens/RNScreens-prefix.pch -MMD -MT dependencies -MF /Users/karelbraborec/Library/Developer/Xcode/DerivedData/revmeter-hbcnswmlqmbpnlazhhkncgeowiss/Build/Intermediates.noindex/Pods.build/Debug-iphonesimulator/RNScreens.build/Objects-normal/x86_64/RNSStackHeaderMenuTrackerRegistry.d --serialize-diagnostics /Users/karelbraborec/Library/Developer/Xcode/DerivedData/revmeter-hbcnswmlqmbpnlazhhkncgeowiss/Build/Intermediates.noindex/Pods.build/Debug-iphonesimulator/RNScreens.build/Objects-normal/x86_64/RNSStackHeaderMenuTrackerRegistry.dia -c /Users/karelbraborec/rev-meter/node_modules/react-native-screens/ios/gamma/stack/header/RNSStackHeaderMenuTrackerRegistry.mm -o /Users/karelbraborec/Library/Developer/Xcode/DerivedData/revmeter-hbcnswmlqmbpnlazhhkncgeowiss/Build/Intermediates.noindex/Pods.build/Debug-iphonesimulator/RNScreens.build/Objects-normal/x86_64/RNSStackHeaderMenuTrackerRegistry.o -index-unit-output-path /Pods.build/Debug-iphonesimulator/RNScreens.build/Objects-normal/x86_64/RNSStackHeaderMenuTrackerRegistry.o

CompileC /Users/karelbraborec/Library/Developer/Xcode/DerivedData/revmeter-hbcnswmlqmbpnlazhhkncgeowiss/Build/Intermediates.noindex/Pods.build/Debug-iphonesimulator/RNScreens.build/Objects-normal/x86_64/RNSStackHeaderMenuToggleStateTracker.o /Users/karelbraborec/rev-meter/node_modules/react-native-screens/ios/gamma/stack/header/RNSStackHeaderMenuToggleStateTracker.mm normal x86_64 objective-c++ com.apple.compilers.llvm.clang.1_0.compiler (in target 'RNScreens' from project 'Pods')
    cd /Users/karelbraborec/rev-meter/ios/Pods
    
    Using response file: /Users/karelbraborec/Library/Developer/Xcode/DerivedData/revmeter-hbcnswmlqmbpnlazhhkncgeowiss/Build/Intermediates.noindex/Pods.build/Debug-iphonesimulator/RNScreens.build/Objects-normal/x86_64/af3fcb34312c57c0f52879cdce924b91-common-args.resp
    
    /Applications/Xcode.app/Contents/Developer/Toolchains/XcodeDefault.xctoolchain/usr/bin/clang -x objective-c++ -ivfsstatcache /Users/karelbraborec/Library/Developer/Xcode/DerivedData/SDKStatCaches.noindex/iphonesimulator26.5-23F81a-6cfe768891a92b912361537c460fe42b.sdkstatcache -target x86_64-apple-ios15.1-simulator -fmessage-length\=0 -fdiagnostics-show-note-include-stack -fmacro-backtrace-limit\=0 -fno-color-diagnostics -fmodules-prune-interval\=86400 -fmodules-prune-after\=345600 -fbuild-session-file\=/Users/karelbraborec/Library/Developer/Xcode/DerivedData/ModuleCache.noindex/Session.modulevalidation -fmodules-validate-once-per-build-session -Wnon-modular-include-in-framework-module -Werror\=non-modular-include-in-framework-module -Wno-trigraphs -Wno-missing-field-initializers -Wno-missing-prototypes -Werror\=return-type -Wdocumentation -Wunreachable-code -Wno-implicit-atomic-properties -Werror\=deprecated-objc-isa-usage -Wno-objc-interface-ivars -Werror\=objc-root-class -Wno-arc-repeated-use-of-weak -Wimplicit-retain-self -Wno-non-virtual-dtor -Wno-overloaded-virtual -Wno-exit-time-destructors -Wduplicate-method-match -Wno-missing-braces -Wparentheses -Wswitch -Wunused-function -Wno-unused-label -Wno-unused-parameter -Wunused-variable -Wunused-value -Wempty-body -Wuninitialized -Wconditional-uninitialized -Wno-unknown-pragmas -Wno-shadow -Wno-four-char-constants -Wno-conversion -Wconstant-conversion -Wint-conversion -Wbool-conversion -Wenum-conversion -Wno-float-conversion -Wnon-literal-null-conversion -Wobjc-literal-conversion -Wshorten-64-to-32 -Wno-newline-eof -Wno-selector -Wno-strict-selector-match -Wundeclared-selector -Wdeprecated-implementations -Wno-c++11-extensions -Wno-implicit-fallthrough -isysroot /Applications/Xcode.app/Contents/Developer/Platforms/iPhoneSimulator.platform/Developer/SDKs/iPhoneSimulator26.5.sdk -fstrict-aliasing -Wprotocol -Wdeprecated-declarations -Winvalid-offsetof -Wno-sign-conversion -Winfinite-recursion -Wmove -Wcomma -Wblock-capture-autoreleasing -Wstrict-prototypes -Wrange-loop-analysis -Wno-semicolon-before-method-body -Wunguarded-availability -index-store-path /Users/karelbraborec/Library/Developer/Xcode/DerivedData/revmeter-hbcnswmlqmbpnlazhhkncgeowiss/Index.noindex/DataStore @/Users/karelbraborec/Library/Developer/Xcode/DerivedData/revmeter-hbcnswmlqmbpnlazhhkncgeowiss/Build/Intermediates.noindex/Pods.build/Debug-iphonesimulator/RNScreens.build/Objects-normal/x86_64/af3fcb34312c57c0f52879cdce924b91-common-args.resp -DRCT_NEW_ARCH_ENABLED\=1 -include /Users/karelbraborec/rev-meter/ios/Pods/Target\ Support\ Files/RNScreens/RNScreens-prefix.pch -MMD -MT dependencies -MF /Users/karelbraborec/Library/Developer/Xcode/DerivedData/revmeter-hbcnswmlqmbpnlazhhkncgeowiss/Build/Intermediates.noindex/Pods.build/Debug-iphonesimulator/RNScreens.build/Objects-normal/x86_64/RNSStackHeaderMenuToggleStateTracker.d --serialize-diagnostics /Users/karelbraborec/Library/Developer/Xcode/DerivedData/revmeter-hbcnswmlqmbpnlazhhkncgeowiss/Build/Intermediates.noindex/Pods.build/Debug-iphonesimulator/RNScreens.build/Objects-normal/x86_64/RNSStackHeaderMenuToggleStateTracker.dia -c /Users/karelbraborec/rev-meter/node_modules/react-native-screens/ios/gamma/stack/header/RNSStackHeaderMenuToggleStateTracker.mm -o /Users/karelbraborec/Library/Developer/Xcode/DerivedData/revmeter-hbcnswmlqmbpnlazhhkncgeowiss/Build/Intermediates.noindex/Pods.build/Debug-iphonesimulator/RNScreens.build/Objects-normal/x86_64/RNSStackHeaderMenuToggleStateTracker.o -index-unit-output-path /Pods.build/Debug-iphonesimulator/RNScreens.build/Objects-normal/x86_64/RNSStackHeaderMenuToggleStateTracker.o

CompileC /Users/karelbraborec/Library/Developer/Xcode/DerivedData/revmeter-hbcnswmlqmbpnlazhhkncgeowiss/Build/Intermediates.noindex/Pods.build/Debug-iphonesimulator/RNScreens.build/Objects-normal/x86_64/RNSStackHeaderMenuMapper.o /Users/karelbraborec/rev-meter/node_modules/react-native-screens/ios/gamma/stack/header/RNSStackHeaderMenuMapper.mm normal x86_64 objective-c++ com.apple.compilers.llvm.clang.1_0.compiler (in target 'RNScreens' from project 'Pods')
    cd /Users/karelbraborec/rev-meter/ios/Pods
    
    Using response file: /Users/karelbraborec/Library/Developer/Xcode/DerivedData/revmeter-hbcnswmlqmbpnlazhhkncgeowiss/Build/Intermediates.noindex/Pods.build/Debug-iphonesimulator/RNScreens.build/Objects-normal/x86_64/af3fcb34312c57c0f52879cdce924b91-common-args.resp
    
    /Applications/Xcode.app/Contents/Developer/Toolchains/XcodeDefault.xctoolchain/usr/bin/clang -x objective-c++ -ivfsstatcache /Users/karelbraborec/Library/Developer/Xcode/DerivedData/SDKStatCaches.noindex/iphonesimulator26.5-23F81a-6cfe768891a92b912361537c460fe42b.sdkstatcache -target x86_64-apple-ios15.1-simulator -fmessage-length\=0 -fdiagnostics-show-note-include-stack -fmacro-backtrace-limit\=0 -fno-color-diagnostics -fmodules-prune-interval\=86400 -fmodules-prune-after\=345600 -fbuild-session-file\=/Users/karelbraborec/Library/Developer/Xcode/DerivedData/ModuleCache.noindex/Session.modulevalidation -fmodules-validate-once-per-build-session -Wnon-modular-include-in-framework-module -Werror\=non-modular-include-in-framework-module -Wno-trigraphs -Wno-missing-field-initializers -Wno-missing-prototypes -Werror\=return-type -Wdocumentation -Wunreachable-code -Wno-implicit-atomic-properties -Werror\=deprecated-objc-isa-usage -Wno-objc-interface-ivars -Werror\=objc-root-class -Wno-arc-repeated-use-of-weak -Wimplicit-retain-self -Wno-non-virtual-dtor -Wno-overloaded-virtual -Wno-exit-time-destructors -Wduplicate-method-match -Wno-missing-braces -Wparentheses -Wswitch -Wunused-function -Wno-unused-label -Wno-unused-parameter -Wunused-variable -Wunused-value -Wempty-body -Wuninitialized -Wconditional-uninitialized -Wno-unknown-pragmas -Wno-shadow -Wno-four-char-constants -Wno-conversion -Wconstant-conversion -Wint-conversion -Wbool-conversion -Wenum-conversion -Wno-float-conversion -Wnon-literal-null-conversion -Wobjc-literal-conversion -Wshorten-64-to-32 -Wno-newline-eof -Wno-selector -Wno-strict-selector-match -Wundeclared-selector -Wdeprecated-implementations -Wno-c++11-extensions -Wno-implicit-fallthrough -isysroot /Applications/Xcode.app/Contents/Developer/Platforms/iPhoneSimulator.platform/Developer/SDKs/iPhoneSimulator26.5.sdk -fstrict-aliasing -Wprotocol -Wdeprecated-declarations -Winvalid-offsetof -Wno-sign-conversion -Winfinite-recursion -Wmove -Wcomma -Wblock-capture-autoreleasing -Wstrict-prototypes -Wrange-loop-analysis -Wno-semicolon-before-method-body -Wunguarded-availability -index-store-path /Users/karelbraborec/Library/Developer/Xcode/DerivedData/revmeter-hbcnswmlqmbpnlazhhkncgeowiss/Index.noindex/DataStore @/Users/karelbraborec/Library/Developer/Xcode/DerivedData/revmeter-hbcnswmlqmbpnlazhhkncgeowiss/Build/Intermediates.noindex/Pods.build/Debug-iphonesimulator/RNScreens.build/Objects-normal/x86_64/af3fcb34312c57c0f52879cdce924b91-common-args.resp -DRCT_NEW_ARCH_ENABLED\=1 -include /Users/karelbraborec/rev-meter/ios/Pods/Target\ Support\ Files/RNScreens/RNScreens-prefix.pch -MMD -MT dependencies -MF /Users/karelbraborec/Library/Developer/Xcode/DerivedData/revmeter-hbcnswmlqmbpnlazhhkncgeowiss/Build/Intermediates.noindex/Pods.build/Debug-iphonesimulator/RNScreens.build/Objects-normal/x86_64/RNSStackHeaderMenuMapper.d --serialize-diagnostics /Users/karelbraborec/Library/Developer/Xcode/DerivedData/revmeter-hbcnswmlqmbpnlazhhkncgeowiss/Build/Intermediates.noindex/Pods.build/Debug-iphonesimulator/RNScreens.build/Objects-normal/x86_64/RNSStackHeaderMenuMapper.dia -c /Users/karelbraborec/rev-meter/node_modules/react-native-screens/ios/gamma/stack/header/RNSStackHeaderMenuMapper.mm -o /Users/karelbraborec/Library/Developer/Xcode/DerivedData/revmeter-hbcnswmlqmbpnlazhhkncgeowiss/Build/Intermediates.noindex/Pods.build/Debug-iphonesimulator/RNScreens.build/Objects-normal/x86_64/RNSStackHeaderMenuMapper.o -index-unit-output-path /Pods.build/Debug-iphonesimulator/RNScreens.build/Objects-normal/x86_64/RNSStackHeaderMenuMapper.o

CompileC /Users/karelbraborec/Library/Developer/Xcode/DerivedData/revmeter-hbcnswmlqmbpnlazhhkncgeowiss/Build/Intermediates.noindex/Pods.build/Debug-iphonesimulator/RNScreens.build/Objects-normal/x86_64/RNSStackHeaderMenuData.o /Users/karelbraborec/rev-meter/node_modules/react-native-screens/ios/gamma/stack/header/RNSStackHeaderMenuData.mm normal x86_64 objective-c++ com.apple.compilers.llvm.clang.1_0.compiler (in target 'RNScreens' from project 'Pods')
    cd /Users/karelbraborec/rev-meter/ios/Pods
    
    Using response file: /Users/karelbraborec/Library/Developer/Xcode/DerivedData/revmeter-hbcnswmlqmbpnlazhhkncgeowiss/Build/Intermediates.noindex/Pods.build/Debug-iphonesimulator/RNScreens.build/Objects-normal/x86_64/af3fcb34312c57c0f52879cdce924b91-common-args.resp
    
    /Applications/Xcode.app/Contents/Developer/Toolchains/XcodeDefault.xctoolchain/usr/bin/clang -x objective-c++ -ivfsstatcache /Users/karelbraborec/Library/Developer/Xcode/DerivedData/SDKStatCaches.noindex/iphonesimulator26.5-23F81a-6cfe768891a92b912361537c460fe42b.sdkstatcache -target x86_64-apple-ios15.1-simulator -fmessage-length\=0 -fdiagnostics-show-note-include-stack -fmacro-backtrace-limit\=0 -fno-color-diagnostics -fmodules-prune-interval\=86400 -fmodules-prune-after\=345600 -fbuild-session-file\=/Users/karelbraborec/Library/Developer/Xcode/DerivedData/ModuleCache.noindex/Session.modulevalidation -fmodules-validate-once-per-build-session -Wnon-modular-include-in-framework-module -Werror\=non-modular-include-in-framework-module -Wno-trigraphs -Wno-missing-field-initializers -Wno-missing-prototypes -Werror\=return-type -Wdocumentation -Wunreachable-code -Wno-implicit-atomic-properties -Werror\=deprecated-objc-isa-usage -Wno-objc-interface-ivars -Werror\=objc-root-class -Wno-arc-repeated-use-of-weak -Wimplicit-retain-self -Wno-non-virtual-dtor -Wno-overloaded-virtual -Wno-exit-time-destructors -Wduplicate-method-match -Wno-missing-braces -Wparentheses -Wswitch -Wunused-function -Wno-unused-label -Wno-unused-parameter -Wunused-variable -Wunused-value -Wempty-body -Wuninitialized -Wconditional-uninitialized -Wno-unknown-pragmas -Wno-shadow -Wno-four-char-constants -Wno-conversion -Wconstant-conversion -Wint-conversion -Wbool-conversion -Wenum-conversion -Wno-float-conversion -Wnon-literal-null-conversion -Wobjc-literal-conversion -Wshorten-64-to-32 -Wno-newline-eof -Wno-selector -Wno-strict-selector-match -Wundeclared-selector -Wdeprecated-implementations -Wno-c++11-extensions -Wno-implicit-fallthrough -isysroot /Applications/Xcode.app/Contents/Developer/Platforms/iPhoneSimulator.platform/Developer/SDKs/iPhoneSimulator26.5.sdk -fstrict-aliasing -Wprotocol -Wdeprecated-declarations -Winvalid-offsetof -Wno-sign-conversion -Winfinite-recursion -Wmove -Wcomma -Wblock-capture-autoreleasing -Wstrict-prototypes -Wrange-loop-analysis -Wno-semicolon-before-method-body -Wunguarded-availability -index-store-path /Users/karelbraborec/Library/Developer/Xcode/DerivedData/revmeter-hbcnswmlqmbpnlazhhkncgeowiss/Index.noindex/DataStore @/Users/karelbraborec/Library/Developer/Xcode/DerivedData/revmeter-hbcnswmlqmbpnlazhhkncgeowiss/Build/Intermediates.noindex/Pods.build/Debug-iphonesimulator/RNScreens.build/Objects-normal/x86_64/af3fcb34312c57c0f52879cdce924b91-common-args.resp -DRCT_NEW_ARCH_ENABLED\=1 -include /Users/karelbraborec/rev-meter/ios/Pods/Target\ Support\ Files/RNScreens/RNScreens-prefix.pch -MMD -MT dependencies -MF /Users/karelbraborec/Library/Developer/Xcode/DerivedData/revmeter-hbcnswmlqmbpnlazhhkncgeowiss/Build/Intermediates.noindex/Pods.build/Debug-iphonesimulator/RNScreens.build/Objects-normal/x86_64/RNSStackHeaderMenuData.d --serialize-diagnostics /Users/karelbraborec/Library/Developer/Xcode/DerivedData/revmeter-hbcnswmlqmbpnlazhhkncgeowiss/Build/Intermediates.noindex/Pods.build/Debug-iphonesimulator/RNScreens.build/Objects-normal/x86_64/RNSStackHeaderMenuData.dia -c /Users/karelbraborec/rev-meter/node_modules/react-native-screens/ios/gamma/stack/header/RNSStackHeaderMenuData.mm -o /Users/karelbraborec/Library/Developer/Xcode/DerivedData/revmeter-hbcnswmlqmbpnlazhhkncgeowiss/Build/Intermediates.noindex/Pods.build/Debug-iphonesimulator/RNScreens.build/Objects-normal/x86_64/RNSStackHeaderMenuData.o -index-unit-output-path /Pods.build/Debug-iphonesimulator/RNScreens.build/Objects-normal/x86_64/RNSStackHeaderMenuData.o

CompileC /Users/karelbraborec/Library/Developer/Xcode/DerivedData/revmeter-hbcnswmlqmbpnlazhhkncgeowiss/Build/Intermediates.noindex/Pods.build/Debug-iphonesimulator/RNScreens.build/Objects-normal/x86_64/RNSStackHeaderMenuCoordinator.o /Users/karelbraborec/rev-meter/node_modules/react-native-screens/ios/gamma/stack/header/RNSStackHeaderMenuCoordinator.mm normal x86_64 objective-c++ com.apple.compilers.llvm.clang.1_0.compiler (in target 'RNScreens' from project 'Pods')
    cd /Users/karelbraborec/rev-meter/ios/Pods
    
    Using response file: /Users/karelbraborec/Library/Developer/Xcode/DerivedData/revmeter-hbcnswmlqmbpnlazhhkncgeowiss/Build/Intermediates.noindex/Pods.build/Debug-iphonesimulator/RNScreens.build/Objects-normal/x86_64/af3fcb34312c57c0f52879cdce924b91-common-args.resp
    
    /Applications/Xcode.app/Contents/Developer/Toolchains/XcodeDefault.xctoolchain/usr/bin/clang -x objective-c++ -ivfsstatcache /Users/karelbraborec/Library/Developer/Xcode/DerivedData/SDKStatCaches.noindex/iphonesimulator26.5-23F81a-6cfe768891a92b912361537c460fe42b.sdkstatcache -target x86_64-apple-ios15.1-simulator -fmessage-length\=0 -fdiagnostics-show-note-include-stack -fmacro-backtrace-limit\=0 -fno-color-diagnostics -fmodules-prune-interval\=86400 -fmodules-prune-after\=345600 -fbuild-session-file\=/Users/karelbraborec/Library/Developer/Xcode/DerivedData/ModuleCache.noindex/Session.modulevalidation -fmodules-validate-once-per-build-session -Wnon-modular-include-in-framework-module -Werror\=non-modular-include-in-framework-module -Wno-trigraphs -Wno-missing-field-initializers -Wno-missing-prototypes -Werror\=return-type -Wdocumentation -Wunreachable-code -Wno-implicit-atomic-properties -Werror\=deprecated-objc-isa-usage -Wno-objc-interface-ivars -Werror\=objc-root-class -Wno-arc-repeated-use-of-weak -Wimplicit-retain-self -Wno-non-virtual-dtor -Wno-overloaded-virtual -Wno-exit-time-destructors -Wduplicate-method-match -Wno-missing-braces -Wparentheses -Wswitch -Wunused-function -Wno-unused-label -Wno-unused-parameter -Wunused-variable -Wunused-value -Wempty-body -Wuninitialized -Wconditional-uninitialized -Wno-unknown-pragmas -Wno-shadow -Wno-four-char-constants -Wno-conversion -Wconstant-conversion -Wint-conversion -Wbool-conversion -Wenum-conversion -Wno-float-conversion -Wnon-literal-null-conversion -Wobjc-literal-conversion -Wshorten-64-to-32 -Wno-newline-eof -Wno-selector -Wno-strict-selector-match -Wundeclared-selector -Wdeprecated-implementations -Wno-c++11-extensions -Wno-implicit-fallthrough -isysroot /Applications/Xcode.app/Contents/Developer/Platforms/iPhoneSimulator.platform/Developer/SDKs/iPhoneSimulator26.5.sdk -fstrict-aliasing -Wprotocol -Wdeprecated-declarations -Winvalid-offsetof -Wno-sign-conversion -Winfinite-recursion -Wmove -Wcomma -Wblock-capture-autoreleasing -Wstrict-prototypes -Wrange-loop-analysis -Wno-semicolon-before-method-body -Wunguarded-availability -index-store-path /Users/karelbraborec/Library/Developer/Xcode/DerivedData/revmeter-hbcnswmlqmbpnlazhhkncgeowiss/Index.noindex/DataStore @/Users/karelbraborec/Library/Developer/Xcode/DerivedData/revmeter-hbcnswmlqmbpnlazhhkncgeowiss/Build/Intermediates.noindex/Pods.build/Debug-iphonesimulator/RNScreens.build/Objects-normal/x86_64/af3fcb34312c57c0f52879cdce924b91-common-args.resp -DRCT_NEW_ARCH_ENABLED\=1 -include /Users/karelbraborec/rev-meter/ios/Pods/Target\ Support\ Files/RNScreens/RNScreens-prefix.pch -MMD -MT dependencies -MF /Users/karelbraborec/Library/Developer/Xcode/DerivedData/revmeter-hbcnswmlqmbpnlazhhkncgeowiss/Build/Intermediates.noindex/Pods.build/Debug-iphonesimulator/RNScreens.build/Objects-normal/x86_64/RNSStackHeaderMenuCoordinator.d --serialize-diagnostics /Users/karelbraborec/Library/Developer/Xcode/DerivedData/revmeter-hbcnswmlqmbpnlazhhkncgeowiss/Build/Intermediates.noindex/Pods.build/Debug-iphonesimulator/RNScreens.build/Objects-normal/x86_64/RNSStackHeaderMenuCoordinator.dia -c /Users/karelbraborec/rev-meter/node_modules/react-native-screens/ios/gamma/stack/header/RNSStackHeaderMenuCoordinator.mm -o /Users/karelbraborec/Library/Developer/Xcode/DerivedData/revmeter-hbcnswmlqmbpnlazhhkncgeowiss/Build/Intermediates.noindex/Pods.build/Debug-iphonesimulator/RNScreens.build/Objects-normal/x86_64/RNSStackHeaderMenuCoordinator.o -index-unit-output-path /Pods.build/Debug-iphonesimulator/RNScreens.build/Objects-normal/x86_64/RNSStackHeaderMenuCoordinator.o

CompileC /Users/karelbraborec/Library/Developer/Xcode/DerivedData/revmeter-hbcnswmlqmbpnlazhhkncgeowiss/Build/Intermediates.noindex/Pods.build/Debug-iphonesimulator/RNScreens.build/Objects-normal/x86_64/RNSStackHeaderItemWrapperView.o /Users/karelbraborec/rev-meter/node_modules/react-native-screens/ios/gamma/stack/header/RNSStackHeaderItemWrapperView.mm normal x86_64 objective-c++ com.apple.compilers.llvm.clang.1_0.compiler (in target 'RNScreens' from project 'Pods')
    cd /Users/karelbraborec/rev-meter/ios/Pods
    
    Using response file: /Users/karelbraborec/Library/Developer/Xcode/DerivedData/revmeter-hbcnswmlqmbpnlazhhkncgeowiss/Build/Intermediates.noindex/Pods.build/Debug-iphonesimulator/RNScreens.build/Objects-normal/x86_64/af3fcb34312c57c0f52879cdce924b91-common-args.resp
    
    /Applications/Xcode.app/Contents/Developer/Toolchains/XcodeDefault.xctoolchain/usr/bin/clang -x objective-c++ -ivfsstatcache /Users/karelbraborec/Library/Developer/Xcode/DerivedData/SDKStatCaches.noindex/iphonesimulator26.5-23F81a-6cfe768891a92b912361537c460fe42b.sdkstatcache -target x86_64-apple-ios15.1-simulator -fmessage-length\=0 -fdiagnostics-show-note-include-stack -fmacro-backtrace-limit\=0 -fno-color-diagnostics -fmodules-prune-interval\=86400 -fmodules-prune-after\=345600 -fbuild-session-file\=/Users/karelbraborec/Library/Developer/Xcode/DerivedData/ModuleCache.noindex/Session.modulevalidation -fmodules-validate-once-per-build-session -Wnon-modular-include-in-framework-module -Werror\=non-modular-include-in-framework-module -Wno-trigraphs -Wno-missing-field-initializers -Wno-missing-prototypes -Werror\=return-type -Wdocumentation -Wunreachable-code -Wno-implicit-atomic-properties -Werror\=deprecated-objc-isa-usage -Wno-objc-interface-ivars -Werror\=objc-root-class -Wno-arc-repeated-use-of-weak -Wimplicit-retain-self -Wno-non-virtual-dtor -Wno-overloaded-virtual -Wno-exit-time-destructors -Wduplicate-method-match -Wno-missing-braces -Wparentheses -Wswitch -Wunused-function -Wno-unused-label -Wno-unused-parameter -Wunused-variable -Wunused-value -Wempty-body -Wuninitialized -Wconditional-uninitialized -Wno-unknown-pragmas -Wno-shadow -Wno-four-char-constants -Wno-conversion -Wconstant-conversion -Wint-conversion -Wbool-conversion -Wenum-conversion -Wno-float-conversion -Wnon-literal-null-conversion -Wobjc-literal-conversion -Wshorten-64-to-32 -Wno-newline-eof -Wno-selector -Wno-strict-selector-match -Wundeclared-selector -Wdeprecated-implementations -Wno-c++11-extensions -Wno-implicit-fallthrough -isysroot /Applications/Xcode.app/Contents/Developer/Platforms/iPhoneSimulator.platform/Developer/SDKs/iPhoneSimulator26.5.sdk -fstrict-aliasing -Wprotocol -Wdeprecated-declarations -Winvalid-offsetof -Wno-sign-conversion -Winfinite-recursion -Wmove -Wcomma -Wblock-capture-autoreleasing -Wstrict-prototypes -Wrange-loop-analysis -Wno-semicolon-before-method-body -Wunguarded-availability -index-store-path /Users/karelbraborec/Library/Developer/Xcode/DerivedData/revmeter-hbcnswmlqmbpnlazhhkncgeowiss/Index.noindex/DataStore @/Users/karelbraborec/Library/Developer/Xcode/DerivedData/revmeter-hbcnswmlqmbpnlazhhkncgeowiss/Build/Intermediates.noindex/Pods.build/Debug-iphonesimulator/RNScreens.build/Objects-normal/x86_64/af3fcb34312c57c0f52879cdce924b91-common-args.resp -DRCT_NEW_ARCH_ENABLED\=1 -include /Users/karelbraborec/rev-meter/ios/Pods/Target\ Support\ Files/RNScreens/RNScreens-prefix.pch -MMD -MT dependencies -MF /Users/karelbraborec/Library/Developer/Xcode/DerivedData/revmeter-hbcnswmlqmbpnlazhhkncgeowiss/Build/Intermediates.noindex/Pods.build/Debug-iphonesimulator/RNScreens.build/Objects-normal/x86_64/RNSStackHeaderItemWrapperView.d --serialize-diagnostics /Users/karelbraborec/Library/Developer/Xcode/DerivedData/revmeter-hbcnswmlqmbpnlazhhkncgeowiss/Build/Intermediates.noindex/Pods.build/Debug-iphonesimulator/RNScreens.build/Objects-normal/x86_64/RNSStackHeaderItemWrapperView.dia -c /Users/karelbraborec/rev-meter/node_modules/react-native-screens/ios/gamma/stack/header/RNSStackHeaderItemWrapperView.mm -o /Users/karelbraborec/Library/Developer/Xcode/DerivedData/revmeter-hbcnswmlqmbpnlazhhkncgeowiss/Build/Intermediates.noindex/Pods.build/Debug-iphonesimulator/RNScreens.build/Objects-normal/x86_64/RNSStackHeaderItemWrapperView.o -index-unit-output-path /Pods.build/Debug-iphonesimulator/RNScreens.build/Objects-normal/x86_64/RNSStackHeaderItemWrapperView.o

CompileC /Users/karelbraborec/Library/Developer/Xcode/DerivedData/revmeter-hbcnswmlqmbpnlazhhkncgeowiss/Build/Intermediates.noindex/Pods.build/Debug-iphonesimulator/RNScreens.build/Objects-normal/x86_64/RNSStackHeaderItemState.o /Users/karelbraborec/rev-meter/node_modules/react-native-screens/common/cpp/react/renderer/components/rnscreens/RNSStackHeaderItemState.cpp normal x86_64 c++ com.apple.compilers.llvm.clang.1_0.compiler (in target 'RNScreens' from project 'Pods')
    cd /Users/karelbraborec/rev-meter/ios/Pods
    
    Using response file: /Users/karelbraborec/Library/Developer/Xcode/DerivedData/revmeter-hbcnswmlqmbpnlazhhkncgeowiss/Build/Intermediates.noindex/Pods.build/Debug-iphonesimulator/RNScreens.build/Objects-normal/x86_64/82b82416624d2658e5098eb0a28c15c5-common-args.resp
    
    /Applications/Xcode.app/Contents/Developer/Toolchains/XcodeDefault.xctoolchain/usr/bin/clang -x c++ -ivfsstatcache /Users/karelbraborec/Library/Developer/Xcode/DerivedData/SDKStatCaches.noindex/iphonesimulator26.5-23F81a-6cfe768891a92b912361537c460fe42b.sdkstatcache -target x86_64-apple-ios15.1-simulator -fmessage-length\=0 -fdiagnostics-show-note-include-stack -fmacro-backtrace-limit\=0 -fno-color-diagnostics -fmodules-prune-interval\=86400 -fmodules-prune-after\=345600 -fbuild-session-file\=/Users/karelbraborec/Library/Developer/Xcode/DerivedData/ModuleCache.noindex/Session.modulevalidation -fmodules-validate-once-per-build-session -Wnon-modular-include-in-framework-module -Werror\=non-modular-include-in-framework-module -Wno-trigraphs -Wno-missing-field-initializers -Wno-missing-prototypes -Werror\=return-type -Wdocumentation -Wunreachable-code -Werror\=deprecated-objc-isa-usage -Werror\=objc-root-class -Wno-non-virtual-dtor -Wno-overloaded-virtual -Wno-exit-time-destructors -Wno-missing-braces -Wparentheses -Wswitch -Wunused-function -Wno-unused-label -Wno-unused-parameter -Wunused-variable -Wunused-value -Wempty-body -Wuninitialized -Wconditional-uninitialized -Wno-unknown-pragmas -Wno-shadow -Wno-four-char-constants -Wno-conversion -Wconstant-conversion -Wint-conversion -Wbool-conversion -Wenum-conversion -Wno-float-conversion -Wnon-literal-null-conversion -Wobjc-literal-conversion -Wshorten-64-to-32 -Wno-newline-eof -Wno-c++11-extensions -Wno-implicit-fallthrough -isysroot /Applications/Xcode.app/Contents/Developer/Platforms/iPhoneSimulator.platform/Developer/SDKs/iPhoneSimulator26.5.sdk -fstrict-aliasing -Wdeprecated-declarations -Winvalid-offsetof -Wno-sign-conversion -Winfinite-recursion -Wmove -Wcomma -Wblock-capture-autoreleasing -Wstrict-prototypes -Wrange-loop-analysis -Wno-semicolon-before-method-body -Wunguarded-availability -index-store-path /Users/karelbraborec/Library/Developer/Xcode/DerivedData/revmeter-hbcnswmlqmbpnlazhhkncgeowiss/Index.noindex/DataStore @/Users/karelbraborec/Library/Developer/Xcode/DerivedData/revmeter-hbcnswmlqmbpnlazhhkncgeowiss/Build/Intermediates.noindex/Pods.build/Debug-iphonesimulator/RNScreens.build/Objects-normal/x86_64/82b82416624d2658e5098eb0a28c15c5-common-args.resp -DRCT_NEW_ARCH_ENABLED\=1 -include /Users/karelbraborec/rev-meter/ios/Pods/Target\ Support\ Files/RNScreens/RNScreens-prefix.pch -MMD -MT dependencies -MF /Users/karelbraborec/Library/Developer/Xcode/DerivedData/revmeter-hbcnswmlqmbpnlazhhkncgeowiss/Build/Intermediates.noindex/Pods.build/Debug-iphonesimulator/RNScreens.build/Objects-normal/x86_64/RNSStackHeaderItemState.d --serialize-diagnostics /Users/karelbraborec/Library/Developer/Xcode/DerivedData/revmeter-hbcnswmlqmbpnlazhhkncgeowiss/Build/Intermediates.noindex/Pods.build/Debug-iphonesimulator/RNScreens.build/Objects-normal/x86_64/RNSStackHeaderItemState.dia -c /Users/karelbraborec/rev-meter/node_modules/react-native-screens/common/cpp/react/renderer/components/rnscreens/RNSStackHeaderItemState.cpp -o /Users/karelbraborec/Library/Developer/Xcode/DerivedData/revmeter-hbcnswmlqmbpnlazhhkncgeowiss/Build/Intermediates.noindex/Pods.build/Debug-iphonesimulator/RNScreens.build/Objects-normal/x86_64/RNSStackHeaderItemState.o -index-unit-output-path /Pods.build/Debug-iphonesimulator/RNScreens.build/Objects-normal/x86_64/RNSStackHeaderItemState.o

CompileC /Users/karelbraborec/Library/Developer/Xcode/DerivedData/revmeter-hbcnswmlqmbpnlazhhkncgeowiss/Build/Intermediates.noindex/Pods.build/Debug-iphonesimulator/RNScreens.build/Objects-normal/x86_64/RNSStackHeaderItemSpacerComponentView.o /Users/karelbraborec/rev-meter/node_modules/react-native-screens/ios/gamma/stack/header/RNSStackHeaderItemSpacerComponentView.mm normal x86_64 objective-c++ com.apple.compilers.llvm.clang.1_0.compiler (in target 'RNScreens' from project 'Pods')
    cd /Users/karelbraborec/rev-meter/ios/Pods
    
    Using response file: /Users/karelbraborec/Library/Developer/Xcode/DerivedData/revmeter-hbcnswmlqmbpnlazhhkncgeowiss/Build/Intermediates.noindex/Pods.build/Debug-iphonesimulator/RNScreens.build/Objects-normal/x86_64/af3fcb34312c57c0f52879cdce924b91-common-args.resp
    
    /Applications/Xcode.app/Contents/Developer/Toolchains/XcodeDefault.xctoolchain/usr/bin/clang -x objective-c++ -ivfsstatcache /Users/karelbraborec/Library/Developer/Xcode/DerivedData/SDKStatCaches.noindex/iphonesimulator26.5-23F81a-6cfe768891a92b912361537c460fe42b.sdkstatcache -target x86_64-apple-ios15.1-simulator -fmessage-length\=0 -fdiagnostics-show-note-include-stack -fmacro-backtrace-limit\=0 -fno-color-diagnostics -fmodules-prune-interval\=86400 -fmodules-prune-after\=345600 -fbuild-session-file\=/Users/karelbraborec/Library/Developer/Xcode/DerivedData/ModuleCache.noindex/Session.modulevalidation -fmodules-validate-once-per-build-session -Wnon-modular-include-in-framework-module -Werror\=non-modular-include-in-framework-module -Wno-trigraphs -Wno-missing-field-initializers -Wno-missing-prototypes -Werror\=return-type -Wdocumentation -Wunreachable-code -Wno-implicit-atomic-properties -Werror\=deprecated-objc-isa-usage -Wno-objc-interface-ivars -Werror\=objc-root-class -Wno-arc-repeated-use-of-weak -Wimplicit-retain-self -Wno-non-virtual-dtor -Wno-overloaded-virtual -Wno-exit-time-destructors -Wduplicate-method-match -Wno-missing-braces -Wparentheses -Wswitch -Wunused-function -Wno-unused-label -Wno-unused-parameter -Wunused-variable -Wunused-value -Wempty-body -Wuninitialized -Wconditional-uninitialized -Wno-unknown-pragmas -Wno-shadow -Wno-four-char-constants -Wno-conversion -Wconstant-conversion -Wint-conversion -Wbool-conversion -Wenum-conversion -Wno-float-conversion -Wnon-literal-null-conversion -Wobjc-literal-conversion -Wshorten-64-to-32 -Wno-newline-eof -Wno-selector -Wno-strict-selector-match -Wundeclared-selector -Wdeprecated-implementations -Wno-c++11-extensions -Wno-implicit-fallthrough -isysroot /Applications/Xcode.app/Contents/Developer/Platforms/iPhoneSimulator.platform/Developer/SDKs/iPhoneSimulator26.5.sdk -fstrict-aliasing -Wprotocol -Wdeprecated-declarations -Winvalid-offsetof -Wno-sign-conversion -Winfinite-recursion -Wmove -Wcomma -Wblock-capture-autoreleasing -Wstrict-prototypes -Wrange-loop-analysis -Wno-semicolon-before-method-body -Wunguarded-availability -index-store-path /Users/karelbraborec/Library/Developer/Xcode/DerivedData/revmeter-hbcnswmlqmbpnlazhhkncgeowiss/Index.noindex/DataStore @/Users/karelbraborec/Library/Developer/Xcode/DerivedData/revmeter-hbcnswmlqmbpnlazhhkncgeowiss/Build/Intermediates.noindex/Pods.build/Debug-iphonesimulator/RNScreens.build/Objects-normal/x86_64/af3fcb34312c57c0f52879cdce924b91-common-args.resp -DRCT_NEW_ARCH_ENABLED\=1 -include /Users/karelbraborec/rev-meter/ios/Pods/Target\ Support\ Files/RNScreens/RNScreens-prefix.pch -MMD -MT dependencies -MF /Users/karelbraborec/Library/Developer/Xcode/DerivedData/revmeter-hbcnswmlqmbpnlazhhkncgeowiss/Build/Intermediates.noindex/Pods.build/Debug-iphonesimulator/RNScreens.build/Objects-normal/x86_64/RNSStackHeaderItemSpacerComponentView.d --serialize-diagnostics /Users/karelbraborec/Library/Developer/Xcode/DerivedData/revmeter-hbcnswmlqmbpnlazhhkncgeowiss/Build/Intermediates.noindex/Pods.build/Debug-iphonesimulator/RNScreens.build/Objects-normal/x86_64/RNSStackHeaderItemSpacerComponentView.dia -c /Users/karelbraborec/rev-meter/node_modules/react-native-screens/ios/gamma/stack/header/RNSStackHeaderItemSpacerComponentView.mm -o /Users/karelbraborec/Library/Developer/Xcode/DerivedData/revmeter-hbcnswmlqmbpnlazhhkncgeowiss/Build/Intermediates.noindex/Pods.build/Debug-iphonesimulator/RNScreens.build/Objects-normal/x86_64/RNSStackHeaderItemSpacerComponentView.o -index-unit-output-path /Pods.build/Debug-iphonesimulator/RNScreens.build/Objects-normal/x86_64/RNSStackHeaderItemSpacerComponentView.o

CompileC /Users/karelbraborec/Library/Developer/Xcode/DerivedData/revmeter-hbcnswmlqmbpnlazhhkncgeowiss/Build/Intermediates.noindex/Pods.build/Debug-iphonesimulator/RNScreens.build/Objects-normal/x86_64/RNSStackHeaderItemShadowStateProxy.o /Users/karelbraborec/rev-meter/node_modules/react-native-screens/ios/gamma/stack/header/RNSStackHeaderItemShadowStateProxy.mm normal x86_64 objective-c++ com.apple.compilers.llvm.clang.1_0.compiler (in target 'RNScreens' from project 'Pods')
    cd /Users/karelbraborec/rev-meter/ios/Pods
    
    Using response file: /Users/karelbraborec/Library/Developer/Xcode/DerivedData/revmeter-hbcnswmlqmbpnlazhhkncgeowiss/Build/Intermediates.noindex/Pods.build/Debug-iphonesimulator/RNScreens.build/Objects-normal/x86_64/af3fcb34312c57c0f52879cdce924b91-common-args.resp
    
    /Applications/Xcode.app/Contents/Developer/Toolchains/XcodeDefault.xctoolchain/usr/bin/clang -x objective-c++ -ivfsstatcache /Users/karelbraborec/Library/Developer/Xcode/DerivedData/SDKStatCaches.noindex/iphonesimulator26.5-23F81a-6cfe768891a92b912361537c460fe42b.sdkstatcache -target x86_64-apple-ios15.1-simulator -fmessage-length\=0 -fdiagnostics-show-note-include-stack -fmacro-backtrace-limit\=0 -fno-color-diagnostics -fmodules-prune-interval\=86400 -fmodules-prune-after\=345600 -fbuild-session-file\=/Users/karelbraborec/Library/Developer/Xcode/DerivedData/ModuleCache.noindex/Session.modulevalidation -fmodules-validate-once-per-build-session -Wnon-modular-include-in-framework-module -Werror\=non-modular-include-in-framework-module -Wno-trigraphs -Wno-missing-field-initializers -Wno-missing-prototypes -Werror\=return-type -Wdocumentation -Wunreachable-code -Wno-implicit-atomic-properties -Werror\=deprecated-objc-isa-usage -Wno-objc-interface-ivars -Werror\=objc-root-class -Wno-arc-repeated-use-of-weak -Wimplicit-retain-self -Wno-non-virtual-dtor -Wno-overloaded-virtual -Wno-exit-time-destructors -Wduplicate-method-match -Wno-missing-braces -Wparentheses -Wswitch -Wunused-function -Wno-unused-label -Wno-unused-parameter -Wunused-variable -Wunused-value -Wempty-body -Wuninitialized -Wconditional-uninitialized -Wno-unknown-pragmas -Wno-shadow -Wno-four-char-constants -Wno-conversion -Wconstant-conversion -Wint-conversion -Wbool-conversion -Wenum-conversion -Wno-float-conversion -Wnon-literal-null-conversion -Wobjc-literal-conversion -Wshorten-64-to-32 -Wno-newline-eof -Wno-selector -Wno-strict-selector-match -Wundeclared-selector -Wdeprecated-implementations -Wno-c++11-extensions -Wno-implicit-fallthrough -isysroot /Applications/Xcode.app/Contents/Developer/Platforms/iPhoneSimulator.platform/Developer/SDKs/iPhoneSimulator26.5.sdk -fstrict-aliasing -Wprotocol -Wdeprecated-declarations -Winvalid-offsetof -Wno-sign-conversion -Winfinite-recursion -Wmove -Wcomma -Wblock-capture-autoreleasing -Wstrict-prototypes -Wrange-loop-analysis -Wno-semicolon-before-method-body -Wunguarded-availability -index-store-path /Users/karelbraborec/Library/Developer/Xcode/DerivedData/revmeter-hbcnswmlqmbpnlazhhkncgeowiss/Index.noindex/DataStore @/Users/karelbraborec/Library/Developer/Xcode/DerivedData/revmeter-hbcnswmlqmbpnlazhhkncgeowiss/Build/Intermediates.noindex/Pods.build/Debug-iphonesimulator/RNScreens.build/Objects-normal/x86_64/af3fcb34312c57c0f52879cdce924b91-common-args.resp -DRCT_NEW_ARCH_ENABLED\=1 -include /Users/karelbraborec/rev-meter/ios/Pods/Target\ Support\ Files/RNScreens/RNScreens-prefix.pch -MMD -MT dependencies -MF /Users/karelbraborec/Library/Developer/Xcode/DerivedData/revmeter-hbcnswmlqmbpnlazhhkncgeowiss/Build/Intermediates.noindex/Pods.build/Debug-iphonesimulator/RNScreens.build/Objects-normal/x86_64/RNSStackHeaderItemShadowStateProxy.d --serialize-diagnostics /Users/karelbraborec/Library/Developer/Xcode/DerivedData/revmeter-hbcnswmlqmbpnlazhhkncgeowiss/Build/Intermediates.noindex/Pods.build/Debug-iphonesimulator/RNScreens.build/Objects-normal/x86_64/RNSStackHeaderItemShadowStateProxy.dia -c /Users/karelbraborec/rev-meter/node_modules/react-native-screens/ios/gamma/stack/header/RNSStackHeaderItemShadowStateProxy.mm -o /Users/karelbraborec/Library/Developer/Xcode/DerivedData/revmeter-hbcnswmlqmbpnlazhhkncgeowiss/Build/Intermediates.noindex/Pods.build/Debug-iphonesimulator/RNScreens.build/Objects-normal/x86_64/RNSStackHeaderItemShadowStateProxy.o -index-unit-output-path /Pods.build/Debug-iphonesimulator/RNScreens.build/Objects-normal/x86_64/RNSStackHeaderItemShadowStateProxy.o

CompileC /Users/karelbraborec/Library/Developer/Xcode/DerivedData/revmeter-hbcnswmlqmbpnlazhhkncgeowiss/Build/Intermediates.noindex/Pods.build/Debug-iphonesimulator/RNScreens.build/Objects-normal/x86_64/RNSStackHeaderItemShadowNode.o /Users/karelbraborec/rev-meter/node_modules/react-native-screens/common/cpp/react/renderer/components/rnscreens/RNSStackHeaderItemShadowNode.cpp normal x86_64 c++ com.apple.compilers.llvm.clang.1_0.compiler (in target 'RNScreens' from project 'Pods')
    cd /Users/karelbraborec/rev-meter/ios/Pods
    
    Using response file: /Users/karelbraborec/Library/Developer/Xcode/DerivedData/revmeter-hbcnswmlqmbpnlazhhkncgeowiss/Build/Intermediates.noindex/Pods.build/Debug-iphonesimulator/RNScreens.build/Objects-normal/x86_64/82b82416624d2658e5098eb0a28c15c5-common-args.resp
    
    /Applications/Xcode.app/Contents/Developer/Toolchains/XcodeDefault.xctoolchain/usr/bin/clang -x c++ -ivfsstatcache /Users/karelbraborec/Library/Developer/Xcode/DerivedData/SDKStatCaches.noindex/iphonesimulator26.5-23F81a-6cfe768891a92b912361537c460fe42b.sdkstatcache -target x86_64-apple-ios15.1-simulator -fmessage-length\=0 -fdiagnostics-show-note-include-stack -fmacro-backtrace-limit\=0 -fno-color-diagnostics -fmodules-prune-interval\=86400 -fmodules-prune-after\=345600 -fbuild-session-file\=/Users/karelbraborec/Library/Developer/Xcode/DerivedData/ModuleCache.noindex/Session.modulevalidation -fmodules-validate-once-per-build-session -Wnon-modular-include-in-framework-module -Werror\=non-modular-include-in-framework-module -Wno-trigraphs -Wno-missing-field-initializers -Wno-missing-prototypes -Werror\=return-type -Wdocumentation -Wunreachable-code -Werror\=deprecated-objc-isa-usage -Werror\=objc-root-class -Wno-non-virtual-dtor -Wno-overloaded-virtual -Wno-exit-time-destructors -Wno-missing-braces -Wparentheses -Wswitch -Wunused-function -Wno-unused-label -Wno-unused-parameter -Wunused-variable -Wunused-value -Wempty-body -Wuninitialized -Wconditional-uninitialized -Wno-unknown-pragmas -Wno-shadow -Wno-four-char-constants -Wno-conversion -Wconstant-conversion -Wint-conversion -Wbool-conversion -Wenum-conversion -Wno-float-conversion -Wnon-literal-null-conversion -Wobjc-literal-conversion -Wshorten-64-to-32 -Wno-newline-eof -Wno-c++11-extensions -Wno-implicit-fallthrough -isysroot /Applications/Xcode.app/Contents/Developer/Platforms/iPhoneSimulator.platform/Developer/SDKs/iPhoneSimulator26.5.sdk -fstrict-aliasing -Wdeprecated-declarations -Winvalid-offsetof -Wno-sign-conversion -Winfinite-recursion -Wmove -Wcomma -Wblock-capture-autoreleasing -Wstrict-prototypes -Wrange-loop-analysis -Wno-semicolon-before-method-body -Wunguarded-availability -index-store-path /Users/karelbraborec/Library/Developer/Xcode/DerivedData/revmeter-hbcnswmlqmbpnlazhhkncgeowiss/Index.noindex/DataStore @/Users/karelbraborec/Library/Developer/Xcode/DerivedData/revmeter-hbcnswmlqmbpnlazhhkncgeowiss/Build/Intermediates.noindex/Pods.build/Debug-iphonesimulator/RNScreens.build/Objects-normal/x86_64/82b82416624d2658e5098eb0a28c15c5-common-args.resp -DRCT_NEW_ARCH_ENABLED\=1 -include /Users/karelbraborec/rev-meter/ios/Pods/Target\ Support\ Files/RNScreens/RNScreens-prefix.pch -MMD -MT dependencies -MF /Users/karelbraborec/Library/Developer/Xcode/DerivedData/revmeter-hbcnswmlqmbpnlazhhkncgeowiss/Build/Intermediates.noindex/Pods.build/Debug-iphonesimulator/RNScreens.build/Objects-normal/x86_64/RNSStackHeaderItemShadowNode.d --serialize-diagnostics /Users/karelbraborec/Library/Developer/Xcode/DerivedData/revmeter-hbcnswmlqmbpnlazhhkncgeowiss/Build/Intermediates.noindex/Pods.build/Debug-iphonesimulator/RNScreens.build/Objects-normal/x86_64/RNSStackHeaderItemShadowNode.dia -c /Users/karelbraborec/rev-meter/node_modules/react-native-screens/common/cpp/react/renderer/components/rnscreens/RNSStackHeaderItemShadowNode.cpp -o /Users/karelbraborec/Library/Developer/Xcode/DerivedData/revmeter-hbcnswmlqmbpnlazhhkncgeowiss/Build/Intermediates.noindex/Pods.build/Debug-iphonesimulator/RNScreens.build/Objects-normal/x86_64/RNSStackHeaderItemShadowNode.o -index-unit-output-path /Pods.build/Debug-iphonesimulator/RNScreens.build/Objects-normal/x86_64/RNSStackHeaderItemShadowNode.o

CompileC /Users/karelbraborec/Library/Developer/Xcode/DerivedData/revmeter-hbcnswmlqmbpnlazhhkncgeowiss/Build/Intermediates.noindex/Pods.build/Debug-iphonesimulator/RNScreens.build/Objects-normal/x86_64/RNSStackHeaderItemEventEmitter.o /Users/karelbraborec/rev-meter/node_modules/react-native-screens/ios/gamma/stack/header/RNSStackHeaderItemEventEmitter.mm normal x86_64 objective-c++ com.apple.compilers.llvm.clang.1_0.compiler (in target 'RNScreens' from project 'Pods')
    cd /Users/karelbraborec/rev-meter/ios/Pods
    
    Using response file: /Users/karelbraborec/Library/Developer/Xcode/DerivedData/revmeter-hbcnswmlqmbpnlazhhkncgeowiss/Build/Intermediates.noindex/Pods.build/Debug-iphonesimulator/RNScreens.build/Objects-normal/x86_64/af3fcb34312c57c0f52879cdce924b91-common-args.resp
    
    /Applications/Xcode.app/Contents/Developer/Toolchains/XcodeDefault.xctoolchain/usr/bin/clang -x objective-c++ -ivfsstatcache /Users/karelbraborec/Library/Developer/Xcode/DerivedData/SDKStatCaches.noindex/iphonesimulator26.5-23F81a-6cfe768891a92b912361537c460fe42b.sdkstatcache -target x86_64-apple-ios15.1-simulator -fmessage-length\=0 -fdiagnostics-show-note-include-stack -fmacro-backtrace-limit\=0 -fno-color-diagnostics -fmodules-prune-interval\=86400 -fmodules-prune-after\=345600 -fbuild-session-file\=/Users/karelbraborec/Library/Developer/Xcode/DerivedData/ModuleCache.noindex/Session.modulevalidation -fmodules-validate-once-per-build-session -Wnon-modular-include-in-framework-module -Werror\=non-modular-include-in-framework-module -Wno-trigraphs -Wno-missing-field-initializers -Wno-missing-prototypes -Werror\=return-type -Wdocumentation -Wunreachable-code -Wno-implicit-atomic-properties -Werror\=deprecated-objc-isa-usage -Wno-objc-interface-ivars -Werror\=objc-root-class -Wno-arc-repeated-use-of-weak -Wimplicit-retain-self -Wno-non-virtual-dtor -Wno-overloaded-virtual -Wno-exit-time-destructors -Wduplicate-method-match -Wno-missing-braces -Wparentheses -Wswitch -Wunused-function -Wno-unused-label -Wno-unused-parameter -Wunused-variable -Wunused-value -Wempty-body -Wuninitialized -Wconditional-uninitialized -Wno-unknown-pragmas -Wno-shadow -Wno-four-char-constants -Wno-conversion -Wconstant-conversion -Wint-conversion -Wbool-conversion -Wenum-conversion -Wno-float-conversion -Wnon-literal-null-conversion -Wobjc-literal-conversion -Wshorten-64-to-32 -Wno-newline-eof -Wno-selector -Wno-strict-selector-match -Wundeclared-selector -Wdeprecated-implementations -Wno-c++11-extensions -Wno-implicit-fallthrough -isysroot /Applications/Xcode.app/Contents/Developer/Platforms/iPhoneSimulator.platform/Developer/SDKs/iPhoneSimulator26.5.sdk -fstrict-aliasing -Wprotocol -Wdeprecated-declarations -Winvalid-offsetof -Wno-sign-conversion -Winfinite-recursion -Wmove -Wcomma -Wblock-capture-autoreleasing -Wstrict-prototypes -Wrange-loop-analysis -Wno-semicolon-before-method-body -Wunguarded-availability -index-store-path /Users/karelbraborec/Library/Developer/Xcode/DerivedData/revmeter-hbcnswmlqmbpnlazhhkncgeowiss/Index.noindex/DataStore @/Users/karelbraborec/Library/Developer/Xcode/DerivedData/revmeter-hbcnswmlqmbpnlazhhkncgeowiss/Build/Intermediates.noindex/Pods.build/Debug-iphonesimulator/RNScreens.build/Objects-normal/x86_64/af3fcb34312c57c0f52879cdce924b91-common-args.resp -DRCT_NEW_ARCH_ENABLED\=1 -include /Users/karelbraborec/rev-meter/ios/Pods/Target\ Support\ Files/RNScreens/RNScreens-prefix.pch -MMD -MT dependencies -MF /Users/karelbraborec/Library/Developer/Xcode/DerivedData/revmeter-hbcnswmlqmbpnlazhhkncgeowiss/Build/Intermediates.noindex/Pods.build/Debug-iphonesimulator/RNScreens.build/Objects-normal/x86_64/RNSStackHeaderItemEventEmitter.d --serialize-diagnostics /Users/karelbraborec/Library/Developer/Xcode/DerivedData/revmeter-hbcnswmlqmbpnlazhhkncgeowiss/Build/Intermediates.noindex/Pods.build/Debug-iphonesimulator/RNScreens.build/Objects-normal/x86_64/RNSStackHeaderItemEventEmitter.dia -c /Users/karelbraborec/rev-meter/node_modules/react-native-screens/ios/gamma/stack/header/RNSStackHeaderItemEventEmitter.mm -o /Users/karelbraborec/Library/Developer/Xcode/DerivedData/revmeter-hbcnswmlqmbpnlazhhkncgeowiss/Build/Intermediates.noindex/Pods.build/Debug-iphonesimulator/RNScreens.build/Objects-normal/x86_64/RNSStackHeaderItemEventEmitter.o -index-unit-output-path /Pods.build/Debug-iphonesimulator/RNScreens.build/Objects-normal/x86_64/RNSStackHeaderItemEventEmitter.o

CompileC /Users/karelbraborec/Library/Developer/Xcode/DerivedData/revmeter-hbcnswmlqmbpnlazhhkncgeowiss/Build/Intermediates.noindex/Pods.build/Debug-iphonesimulator/RNScreens.build/Objects-normal/x86_64/RNSStackHeaderItemComponentView.o /Users/karelbraborec/rev-meter/node_modules/react-native-screens/ios/gamma/stack/header/RNSStackHeaderItemComponentView.mm normal x86_64 objective-c++ com.apple.compilers.llvm.clang.1_0.compiler (in target 'RNScreens' from project 'Pods')
    cd /Users/karelbraborec/rev-meter/ios/Pods
    
    Using response file: /Users/karelbraborec/Library/Developer/Xcode/DerivedData/revmeter-hbcnswmlqmbpnlazhhkncgeowiss/Build/Intermediates.noindex/Pods.build/Debug-iphonesimulator/RNScreens.build/Objects-normal/x86_64/af3fcb34312c57c0f52879cdce924b91-common-args.resp
    
    /Applications/Xcode.app/Contents/Developer/Toolchains/XcodeDefault.xctoolchain/usr/bin/clang -x objective-c++ -ivfsstatcache /Users/karelbraborec/Library/Developer/Xcode/DerivedData/SDKStatCaches.noindex/iphonesimulator26.5-23F81a-6cfe768891a92b912361537c460fe42b.sdkstatcache -target x86_64-apple-ios15.1-simulator -fmessage-length\=0 -fdiagnostics-show-note-include-stack -fmacro-backtrace-limit\=0 -fno-color-diagnostics -fmodules-prune-interval\=86400 -fmodules-prune-after\=345600 -fbuild-session-file\=/Users/karelbraborec/Library/Developer/Xcode/DerivedData/ModuleCache.noindex/Session.modulevalidation -fmodules-validate-once-per-build-session -Wnon-modular-include-in-framework-module -Werror\=non-modular-include-in-framework-module -Wno-trigraphs -Wno-missing-field-initializers -Wno-missing-prototypes -Werror\=return-type -Wdocumentation -Wunreachable-code -Wno-implicit-atomic-properties -Werror\=deprecated-objc-isa-usage -Wno-objc-interface-ivars -Werror\=objc-root-class -Wno-arc-repeated-use-of-weak -Wimplicit-retain-self -Wno-non-virtual-dtor -Wno-overloaded-virtual -Wno-exit-time-destructors -Wduplicate-method-match -Wno-missing-braces -Wparentheses -Wswitch -Wunused-function -Wno-unused-label -Wno-unused-parameter -Wunused-variable -Wunused-value -Wempty-body -Wuninitialized -Wconditional-uninitialized -Wno-unknown-pragmas -Wno-shadow -Wno-four-char-constants -Wno-conversion -Wconstant-conversion -Wint-conversion -Wbool-conversion -Wenum-conversion -Wno-float-conversion -Wnon-literal-null-conversion -Wobjc-literal-conversion -Wshorten-64-to-32 -Wno-newline-eof -Wno-selector -Wno-strict-selector-match -Wundeclared-selector -Wdeprecated-implementations -Wno-c++11-extensions -Wno-implicit-fallthrough -isysroot /Applications/Xcode.app/Contents/Developer/Platforms/iPhoneSimulator.platform/Developer/SDKs/iPhoneSimulator26.5.sdk -fstrict-aliasing -Wprotocol -Wdeprecated-declarations -Winvalid-offsetof -Wno-sign-conversion -Winfinite-recursion -Wmove -Wcomma -Wblock-capture-autoreleasing -Wstrict-prototypes -Wrange-loop-analysis -Wno-semicolon-before-method-body -Wunguarded-availability -index-store-path /Users/karelbraborec/Library/Developer/Xcode/DerivedData/revmeter-hbcnswmlqmbpnlazhhkncgeowiss/Index.noindex/DataStore @/Users/karelbraborec/Library/Developer/Xcode/DerivedData/revmeter-hbcnswmlqmbpnlazhhkncgeowiss/Build/Intermediates.noindex/Pods.build/Debug-iphonesimulator/RNScreens.build/Objects-normal/x86_64/af3fcb34312c57c0f52879cdce924b91-common-args.resp -DRCT_NEW_ARCH_ENABLED\=1 -include /Users/karelbraborec/rev-meter/ios/Pods/Target\ Support\ Files/RNScreens/RNScreens-prefix.pch -MMD -MT dependencies -MF /Users/karelbraborec/Library/Developer/Xcode/DerivedData/revmeter-hbcnswmlqmbpnlazhhkncgeowiss/Build/Intermediates.noindex/Pods.build/Debug-iphonesimulator/RNScreens.build/Objects-normal/x86_64/RNSStackHeaderItemComponentView.d --serialize-diagnostics /Users/karelbraborec/Library/Developer/Xcode/DerivedData/revmeter-hbcnswmlqmbpnlazhhkncgeowiss/Build/Intermediates.noindex/Pods.build/Debug-iphonesimulator/RNScreens.build/Objects-normal/x86_64/RNSStackHeaderItemComponentView.dia -c /Users/karelbraborec/rev-meter/node_modules/react-native-screens/ios/gamma/stack/header/RNSStackHeaderItemComponentView.mm -o /Users/karelbraborec/Library/Developer/Xcode/DerivedData/revmeter-hbcnswmlqmbpnlazhhkncgeowiss/Build/Intermediates.noindex/Pods.build/Debug-iphonesimulator/RNScreens.build/Objects-normal/x86_64/RNSStackHeaderItemComponentView.o -index-unit-output-path /Pods.build/Debug-iphonesimulator/RNScreens.build/Objects-normal/x86_64/RNSStackHeaderItemComponentView.o

CompileC /Users/karelbraborec/Library/Developer/Xcode/DerivedData/revmeter-hbcnswmlqmbpnlazhhkncgeowiss/Build/Intermediates.noindex/Pods.build/Debug-iphonesimulator/RNScreens.build/Objects-normal/x86_64/RNSStackHeaderContentFactory.o /Users/karelbraborec/rev-meter/node_modules/react-native-screens/ios/gamma/stack/header/RNSStackHeaderContentFactory.mm normal x86_64 objective-c++ com.apple.compilers.llvm.clang.1_0.compiler (in target 'RNScreens' from project 'Pods')
    cd /Users/karelbraborec/rev-meter/ios/Pods
    
    Using response file: /Users/karelbraborec/Library/Developer/Xcode/DerivedData/revmeter-hbcnswmlqmbpnlazhhkncgeowiss/Build/Intermediates.noindex/Pods.build/Debug-iphonesimulator/RNScreens.build/Objects-normal/x86_64/af3fcb34312c57c0f52879cdce924b91-common-args.resp
    
    /Applications/Xcode.app/Contents/Developer/Toolchains/XcodeDefault.xctoolchain/usr/bin/clang -x objective-c++ -ivfsstatcache /Users/karelbraborec/Library/Developer/Xcode/DerivedData/SDKStatCaches.noindex/iphonesimulator26.5-23F81a-6cfe768891a92b912361537c460fe42b.sdkstatcache -target x86_64-apple-ios15.1-simulator -fmessage-length\=0 -fdiagnostics-show-note-include-stack -fmacro-backtrace-limit\=0 -fno-color-diagnostics -fmodules-prune-interval\=86400 -fmodules-prune-after\=345600 -fbuild-session-file\=/Users/karelbraborec/Library/Developer/Xcode/DerivedData/ModuleCache.noindex/Session.modulevalidation -fmodules-validate-once-per-build-session -Wnon-modular-include-in-framework-module -Werror\=non-modular-include-in-framework-module -Wno-trigraphs -Wno-missing-field-initializers -Wno-missing-prototypes -Werror\=return-type -Wdocumentation -Wunreachable-code -Wno-implicit-atomic-properties -Werror\=deprecated-objc-isa-usage -Wno-objc-interface-ivars -Werror\=objc-root-class -Wno-arc-repeated-use-of-weak -Wimplicit-retain-self -Wno-non-virtual-dtor -Wno-overloaded-virtual -Wno-exit-time-destructors -Wduplicate-method-match -Wno-missing-braces -Wparentheses -Wswitch -Wunused-function -Wno-unused-label -Wno-unused-parameter -Wunused-variable -Wunused-value -Wempty-body -Wuninitialized -Wconditional-uninitialized -Wno-unknown-pragmas -Wno-shadow -Wno-four-char-constants -Wno-conversion -Wconstant-conversion -Wint-conversion -Wbool-conversion -Wenum-conversion -Wno-float-conversion -Wnon-literal-null-conversion -Wobjc-literal-conversion -Wshorten-64-to-32 -Wno-newline-eof -Wno-selector -Wno-strict-selector-match -Wundeclared-selector -Wdeprecated-implementations -Wno-c++11-extensions -Wno-implicit-fallthrough -isysroot /Applications/Xcode.app/Contents/Developer/Platforms/iPhoneSimulator.platform/Developer/SDKs/iPhoneSimulator26.5.sdk -fstrict-aliasing -Wprotocol -Wdeprecated-declarations -Winvalid-offsetof -Wno-sign-conversion -Winfinite-recursion -Wmove -Wcomma -Wblock-capture-autoreleasing -Wstrict-prototypes -Wrange-loop-analysis -Wno-semicolon-before-method-body -Wunguarded-availability -index-store-path /Users/karelbraborec/Library/Developer/Xcode/DerivedData/revmeter-hbcnswmlqmbpnlazhhkncgeowiss/Index.noindex/DataStore @/Users/karelbraborec/Library/Developer/Xcode/DerivedData/revmeter-hbcnswmlqmbpnlazhhkncgeowiss/Build/Intermediates.noindex/Pods.build/Debug-iphonesimulator/RNScreens.build/Objects-normal/x86_64/af3fcb34312c57c0f52879cdce924b91-common-args.resp -DRCT_NEW_ARCH_ENABLED\=1 -include /Users/karelbraborec/rev-meter/ios/Pods/Target\ Support\ Files/RNScreens/RNScreens-prefix.pch -MMD -MT dependencies -MF /Users/karelbraborec/Library/Developer/Xcode/DerivedData/revmeter-hbcnswmlqmbpnlazhhkncgeowiss/Build/Intermediates.noindex/Pods.build/Debug-iphonesimulator/RNScreens.build/Objects-normal/x86_64/RNSStackHeaderContentFactory.d --serialize-diagnostics /Users/karelbraborec/Library/Developer/Xcode/DerivedData/revmeter-hbcnswmlqmbpnlazhhkncgeowiss/Build/Intermediates.noindex/Pods.build/Debug-iphonesimulator/RNScreens.build/Objects-normal/x86_64/RNSStackHeaderContentFactory.dia -c /Users/karelbraborec/rev-meter/node_modules/react-native-screens/ios/gamma/stack/header/RNSStackHeaderContentFactory.mm -o /Users/karelbraborec/Library/Developer/Xcode/DerivedData/revmeter-hbcnswmlqmbpnlazhhkncgeowiss/Build/Intermediates.noindex/Pods.build/Debug-iphonesimulator/RNScreens.build/Objects-normal/x86_64/RNSStackHeaderContentFactory.o -index-unit-output-path /Pods.build/Debug-iphonesimulator/RNScreens.build/Objects-normal/x86_64/RNSStackHeaderContentFactory.o

CompileC /Users/karelbraborec/Library/Developer/Xcode/DerivedData/revmeter-hbcnswmlqmbpnlazhhkncgeowiss/Build/Intermediates.noindex/Pods.build/Debug-iphonesimulator/RNScreens.build/Objects-normal/x86_64/RNSStackHeaderConfigState.o /Users/karelbraborec/rev-meter/node_modules/react-native-screens/common/cpp/react/renderer/components/rnscreens/RNSStackHeaderConfigState.cpp normal x86_64 c++ com.apple.compilers.llvm.clang.1_0.compiler (in target 'RNScreens' from project 'Pods')
    cd /Users/karelbraborec/rev-meter/ios/Pods
    
    Using response file: /Users/karelbraborec/Library/Developer/Xcode/DerivedData/revmeter-hbcnswmlqmbpnlazhhkncgeowiss/Build/Intermediates.noindex/Pods.build/Debug-iphonesimulator/RNScreens.build/Objects-normal/x86_64/82b82416624d2658e5098eb0a28c15c5-common-args.resp
    
    /Applications/Xcode.app/Contents/Developer/Toolchains/XcodeDefault.xctoolchain/usr/bin/clang -x c++ -ivfsstatcache /Users/karelbraborec/Library/Developer/Xcode/DerivedData/SDKStatCaches.noindex/iphonesimulator26.5-23F81a-6cfe768891a92b912361537c460fe42b.sdkstatcache -target x86_64-apple-ios15.1-simulator -fmessage-length\=0 -fdiagnostics-show-note-include-stack -fmacro-backtrace-limit\=0 -fno-color-diagnostics -fmodules-prune-interval\=86400 -fmodules-prune-after\=345600 -fbuild-session-file\=/Users/karelbraborec/Library/Developer/Xcode/DerivedData/ModuleCache.noindex/Session.modulevalidation -fmodules-validate-once-per-build-session -Wnon-modular-include-in-framework-module -Werror\=non-modular-include-in-framework-module -Wno-trigraphs -Wno-missing-field-initializers -Wno-missing-prototypes -Werror\=return-type -Wdocumentation -Wunreachable-code -Werror\=deprecated-objc-isa-usage -Werror\=objc-root-class -Wno-non-virtual-dtor -Wno-overloaded-virtual -Wno-exit-time-destructors -Wno-missing-braces -Wparentheses -Wswitch -Wunused-function -Wno-unused-label -Wno-unused-parameter -Wunused-variable -Wunused-value -Wempty-body -Wuninitialized -Wconditional-uninitialized -Wno-unknown-pragmas -Wno-shadow -Wno-four-char-constants -Wno-conversion -Wconstant-conversion -Wint-conversion -Wbool-conversion -Wenum-conversion -Wno-float-conversion -Wnon-literal-null-conversion -Wobjc-literal-conversion -Wshorten-64-to-32 -Wno-newline-eof -Wno-c++11-extensions -Wno-implicit-fallthrough -isysroot /Applications/Xcode.app/Contents/Developer/Platforms/iPhoneSimulator.platform/Developer/SDKs/iPhoneSimulator26.5.sdk -fstrict-aliasing -Wdeprecated-declarations -Winvalid-offsetof -Wno-sign-conversion -Winfinite-recursion -Wmove -Wcomma -Wblock-capture-autoreleasing -Wstrict-prototypes -Wrange-loop-analysis -Wno-semicolon-before-method-body -Wunguarded-availability -index-store-path /Users/karelbraborec/Library/Developer/Xcode/DerivedData/revmeter-hbcnswmlqmbpnlazhhkncgeowiss/Index.noindex/DataStore @/Users/karelbraborec/Library/Developer/Xcode/DerivedData/revmeter-hbcnswmlqmbpnlazhhkncgeowiss/Build/Intermediates.noindex/Pods.build/Debug-iphonesimulator/RNScreens.build/Objects-normal/x86_64/82b82416624d2658e5098eb0a28c15c5-common-args.resp -DRCT_NEW_ARCH_ENABLED\=1 -include /Users/karelbraborec/rev-meter/ios/Pods/Target\ Support\ Files/RNScreens/RNScreens-prefix.pch -MMD -MT dependencies -MF /Users/karelbraborec/Library/Developer/Xcode/DerivedData/revmeter-hbcnswmlqmbpnlazhhkncgeowiss/Build/Intermediates.noindex/Pods.build/Debug-iphonesimulator/RNScreens.build/Objects-normal/x86_64/RNSStackHeaderConfigState.d --serialize-diagnostics /Users/karelbraborec/Library/Developer/Xcode/DerivedData/revmeter-hbcnswmlqmbpnlazhhkncgeowiss/Build/Intermediates.noindex/Pods.build/Debug-iphonesimulator/RNScreens.build/Objects-normal/x86_64/RNSStackHeaderConfigState.dia -c /Users/karelbraborec/rev-meter/node_modules/react-native-screens/common/cpp/react/renderer/components/rnscreens/RNSStackHeaderConfigState.cpp -o /Users/karelbraborec/Library/Developer/Xcode/DerivedData/revmeter-hbcnswmlqmbpnlazhhkncgeowiss/Build/Intermediates.noindex/Pods.build/Debug-iphonesimulator/RNScreens.build/Objects-normal/x86_64/RNSStackHeaderConfigState.o -index-unit-output-path /Pods.build/Debug-iphonesimulator/RNScreens.build/Objects-normal/x86_64/RNSStackHeaderConfigState.o

CompileC /Users/karelbraborec/Library/Developer/Xcode/DerivedData/revmeter-hbcnswmlqmbpnlazhhkncgeowiss/Build/Intermediates.noindex/Pods.build/Debug-iphonesimulator/RNScreens.build/Objects-normal/x86_64/RNSStackHeaderConfigShadowStateProxy.o /Users/karelbraborec/rev-meter/node_modules/react-native-screens/ios/gamma/stack/header/RNSStackHeaderConfigShadowStateProxy.mm normal x86_64 objective-c++ com.apple.compilers.llvm.clang.1_0.compiler (in target 'RNScreens' from project 'Pods')
    cd /Users/karelbraborec/rev-meter/ios/Pods
    
    Using response file: /Users/karelbraborec/Library/Developer/Xcode/DerivedData/revmeter-hbcnswmlqmbpnlazhhkncgeowiss/Build/Intermediates.noindex/Pods.build/Debug-iphonesimulator/RNScreens.build/Objects-normal/x86_64/af3fcb34312c57c0f52879cdce924b91-common-args.resp
    
    /Applications/Xcode.app/Contents/Developer/Toolchains/XcodeDefault.xctoolchain/usr/bin/clang -x objective-c++ -ivfsstatcache /Users/karelbraborec/Library/Developer/Xcode/DerivedData/SDKStatCaches.noindex/iphonesimulator26.5-23F81a-6cfe768891a92b912361537c460fe42b.sdkstatcache -target x86_64-apple-ios15.1-simulator -fmessage-length\=0 -fdiagnostics-show-note-include-stack -fmacro-backtrace-limit\=0 -fno-color-diagnostics -fmodules-prune-interval\=86400 -fmodules-prune-after\=345600 -fbuild-session-file\=/Users/karelbraborec/Library/Developer/Xcode/DerivedData/ModuleCache.noindex/Session.modulevalidation -fmodules-validate-once-per-build-session -Wnon-modular-include-in-framework-module -Werror\=non-modular-include-in-framework-module -Wno-trigraphs -Wno-missing-field-initializers -Wno-missing-prototypes -Werror\=return-type -Wdocumentation -Wunreachable-code -Wno-implicit-atomic-properties -Werror\=deprecated-objc-isa-usage -Wno-objc-interface-ivars -Werror\=objc-root-class -Wno-arc-repeated-use-of-weak -Wimplicit-retain-self -Wno-non-virtual-dtor -Wno-overloaded-virtual -Wno-exit-time-destructors -Wduplicate-method-match -Wno-missing-braces -Wparentheses -Wswitch -Wunused-function -Wno-unused-label -Wno-unused-parameter -Wunused-variable -Wunused-value -Wempty-body -Wuninitialized -Wconditional-uninitialized -Wno-unknown-pragmas -Wno-shadow -Wno-four-char-constants -Wno-conversion -Wconstant-conversion -Wint-conversion -Wbool-conversion -Wenum-conversion -Wno-float-conversion -Wnon-literal-null-conversion -Wobjc-literal-conversion -Wshorten-64-to-32 -Wno-newline-eof -Wno-selector -Wno-strict-selector-match -Wundeclared-selector -Wdeprecated-implementations -Wno-c++11-extensions -Wno-implicit-fallthrough -isysroot /Applications/Xcode.app/Contents/Developer/Platforms/iPhoneSimulator.platform/Developer/SDKs/iPhoneSimulator26.5.sdk -fstrict-aliasing -Wprotocol -Wdeprecated-declarations -Winvalid-offsetof -Wno-sign-conversion -Winfinite-recursion -Wmove -Wcomma -Wblock-capture-autoreleasing -Wstrict-prototypes -Wrange-loop-analysis -Wno-semicolon-before-method-body -Wunguarded-availability -index-store-path /Users/karelbraborec/Library/Developer/Xcode/DerivedData/revmeter-hbcnswmlqmbpnlazhhkncgeowiss/Index.noindex/DataStore @/Users/karelbraborec/Library/Developer/Xcode/DerivedData/revmeter-hbcnswmlqmbpnlazhhkncgeowiss/Build/Intermediates.noindex/Pods.build/Debug-iphonesimulator/RNScreens.build/Objects-normal/x86_64/af3fcb34312c57c0f52879cdce924b91-common-args.resp -DRCT_NEW_ARCH_ENABLED\=1 -include /Users/karelbraborec/rev-meter/ios/Pods/Target\ Support\ Files/RNScreens/RNScreens-prefix.pch -MMD -MT dependencies -MF /Users/karelbraborec/Library/Developer/Xcode/DerivedData/revmeter-hbcnswmlqmbpnlazhhkncgeowiss/Build/Intermediates.noindex/Pods.build/Debug-iphonesimulator/RNScreens.build/Objects-normal/x86_64/RNSStackHeaderConfigShadowStateProxy.d --serialize-diagnostics /Users/karelbraborec/Library/Developer/Xcode/DerivedData/revmeter-hbcnswmlqmbpnlazhhkncgeowiss/Build/Intermediates.noindex/Pods.build/Debug-iphonesimulator/RNScreens.build/Objects-normal/x86_64/RNSStackHeaderConfigShadowStateProxy.dia -c /Users/karelbraborec/rev-meter/node_modules/react-native-screens/ios/gamma/stack/header/RNSStackHeaderConfigShadowStateProxy.mm -o /Users/karelbraborec/Library/Developer/Xcode/DerivedData/revmeter-hbcnswmlqmbpnlazhhkncgeowiss/Build/Intermediates.noindex/Pods.build/Debug-iphonesimulator/RNScreens.build/Objects-normal/x86_64/RNSStackHeaderConfigShadowStateProxy.o -index-unit-output-path /Pods.build/Debug-iphonesimulator/RNScreens.build/Objects-normal/x86_64/RNSStackHeaderConfigShadowStateProxy.o

CompileC /Users/karelbraborec/Library/Developer/Xcode/DerivedData/revmeter-hbcnswmlqmbpnlazhhkncgeowiss/Build/Intermediates.noindex/Pods.build/Debug-iphonesimulator/RNScreens.build/Objects-normal/x86_64/RNSStackHeaderConfigShadowNode.o /Users/karelbraborec/rev-meter/node_modules/react-native-screens/common/cpp/react/renderer/components/rnscreens/RNSStackHeaderConfigShadowNode.cpp normal x86_64 c++ com.apple.compilers.llvm.clang.1_0.compiler (in target 'RNScreens' from project 'Pods')
    cd /Users/karelbraborec/rev-meter/ios/Pods
    
    Using response file: /Users/karelbraborec/Library/Developer/Xcode/DerivedData/revmeter-hbcnswmlqmbpnlazhhkncgeowiss/Build/Intermediates.noindex/Pods.build/Debug-iphonesimulator/RNScreens.build/Objects-normal/x86_64/82b82416624d2658e5098eb0a28c15c5-common-args.resp
    
    /Applications/Xcode.app/Contents/Developer/Toolchains/XcodeDefault.xctoolchain/usr/bin/clang -x c++ -ivfsstatcache /Users/karelbraborec/Library/Developer/Xcode/DerivedData/SDKStatCaches.noindex/iphonesimulator26.5-23F81a-6cfe768891a92b912361537c460fe42b.sdkstatcache -target x86_64-apple-ios15.1-simulator -fmessage-length\=0 -fdiagnostics-show-note-include-stack -fmacro-backtrace-limit\=0 -fno-color-diagnostics -fmodules-prune-interval\=86400 -fmodules-prune-after\=345600 -fbuild-session-file\=/Users/karelbraborec/Library/Developer/Xcode/DerivedData/ModuleCache.noindex/Session.modulevalidation -fmodules-validate-once-per-build-session -Wnon-modular-include-in-framework-module -Werror\=non-modular-include-in-framework-module -Wno-trigraphs -Wno-missing-field-initializers -Wno-missing-prototypes -Werror\=return-type -Wdocumentation -Wunreachable-code -Werror\=deprecated-objc-isa-usage -Werror\=objc-root-class -Wno-non-virtual-dtor -Wno-overloaded-virtual -Wno-exit-time-destructors -Wno-missing-braces -Wparentheses -Wswitch -Wunused-function -Wno-unused-label -Wno-unused-parameter -Wunused-variable -Wunused-value -Wempty-body -Wuninitialized -Wconditional-uninitialized -Wno-unknown-pragmas -Wno-shadow -Wno-four-char-constants -Wno-conversion -Wconstant-conversion -Wint-conversion -Wbool-conversion -Wenum-conversion -Wno-float-conversion -Wnon-literal-null-conversion -Wobjc-literal-conversion -Wshorten-64-to-32 -Wno-newline-eof -Wno-c++11-extensions -Wno-implicit-fallthrough -isysroot /Applications/Xcode.app/Contents/Developer/Platforms/iPhoneSimulator.platform/Developer/SDKs/iPhoneSimulator26.5.sdk -fstrict-aliasing -Wdeprecated-declarations -Winvalid-offsetof -Wno-sign-conversion -Winfinite-recursion -Wmove -Wcomma -Wblock-capture-autoreleasing -Wstrict-prototypes -Wrange-loop-analysis -Wno-semicolon-before-method-body -Wunguarded-availability -index-store-path /Users/karelbraborec/Library/Developer/Xcode/DerivedData/revmeter-hbcnswmlqmbpnlazhhkncgeowiss/Index.noindex/DataStore @/Users/karelbraborec/Library/Developer/Xcode/DerivedData/revmeter-hbcnswmlqmbpnlazhhkncgeowiss/Build/Intermediates.noindex/Pods.build/Debug-iphonesimulator/RNScreens.build/Objects-normal/x86_64/82b82416624d2658e5098eb0a28c15c5-common-args.resp -DRCT_NEW_ARCH_ENABLED\=1 -include /Users/karelbraborec/rev-meter/ios/Pods/Target\ Support\ Files/RNScreens/RNScreens-prefix.pch -MMD -MT dependencies -MF /Users/karelbraborec/Library/Developer/Xcode/DerivedData/revmeter-hbcnswmlqmbpnlazhhkncgeowiss/Build/Intermediates.noindex/Pods.build/Debug-iphonesimulator/RNScreens.build/Objects-normal/x86_64/RNSStackHeaderConfigShadowNode.d --serialize-diagnostics /Users/karelbraborec/Library/Developer/Xcode/DerivedData/revmeter-hbcnswmlqmbpnlazhhkncgeowiss/Build/Intermediates.noindex/Pods.build/Debug-iphonesimulator/RNScreens.build/Objects-normal/x86_64/RNSStackHeaderConfigShadowNode.dia -c /Users/karelbraborec/rev-meter/node_modules/react-native-screens/common/cpp/react/renderer/components/rnscreens/RNSStackHeaderConfigShadowNode.cpp -o /Users/karelbraborec/Library/Developer/Xcode/DerivedData/revmeter-hbcnswmlqmbpnlazhhkncgeowiss/Build/Intermediates.noindex/Pods.build/Debug-iphonesimulator/RNScreens.build/Objects-normal/x86_64/RNSStackHeaderConfigShadowNode.o -index-unit-output-path /Pods.build/Debug-iphonesimulator/RNScreens.build/Objects-normal/x86_64/RNSStackHeaderConfigShadowNode.o

CompileC /Users/karelbraborec/Library/Developer/Xcode/DerivedData/revmeter-hbcnswmlqmbpnlazhhkncgeowiss/Build/Intermediates.noindex/Pods.build/Debug-iphonesimulator/RNScreens.build/Objects-normal/x86_64/RNSStackHeaderConfigEventEmitter.o /Users/karelbraborec/rev-meter/node_modules/react-native-screens/ios/gamma/stack/header/RNSStackHeaderConfigEventEmitter.mm normal x86_64 objective-c++ com.apple.compilers.llvm.clang.1_0.compiler (in target 'RNScreens' from project 'Pods')
    cd /Users/karelbraborec/rev-meter/ios/Pods
    
    Using response file: /Users/karelbraborec/Library/Developer/Xcode/DerivedData/revmeter-hbcnswmlqmbpnlazhhkncgeowiss/Build/Intermediates.noindex/Pods.build/Debug-iphonesimulator/RNScreens.build/Objects-normal/x86_64/af3fcb34312c57c0f52879cdce924b91-common-args.resp
    
    /Applications/Xcode.app/Contents/Developer/Toolchains/XcodeDefault.xctoolchain/usr/bin/clang -x objective-c++ -ivfsstatcache /Users/karelbraborec/Library/Developer/Xcode/DerivedData/SDKStatCaches.noindex/iphonesimulator26.5-23F81a-6cfe768891a92b912361537c460fe42b.sdkstatcache -target x86_64-apple-ios15.1-simulator -fmessage-length\=0 -fdiagnostics-show-note-include-stack -fmacro-backtrace-limit\=0 -fno-color-diagnostics -fmodules-prune-interval\=86400 -fmodules-prune-after\=345600 -fbuild-session-file\=/Users/karelbraborec/Library/Developer/Xcode/DerivedData/ModuleCache.noindex/Session.modulevalidation -fmodules-validate-once-per-build-session -Wnon-modular-include-in-framework-module -Werror\=non-modular-include-in-framework-module -Wno-trigraphs -Wno-missing-field-initializers -Wno-missing-prototypes -Werror\=return-type -Wdocumentation -Wunreachable-code -Wno-implicit-atomic-properties -Werror\=deprecated-objc-isa-usage -Wno-objc-interface-ivars -Werror\=objc-root-class -Wno-arc-repeated-use-of-weak -Wimplicit-retain-self -Wno-non-virtual-dtor -Wno-overloaded-virtual -Wno-exit-time-destructors -Wduplicate-method-match -Wno-missing-braces -Wparentheses -Wswitch -Wunused-function -Wno-unused-label -Wno-unused-parameter -Wunused-variable -Wunused-value -Wempty-body -Wuninitialized -Wconditional-uninitialized -Wno-unknown-pragmas -Wno-shadow -Wno-four-char-constants -Wno-conversion -Wconstant-conversion -Wint-conversion -Wbool-conversion -Wenum-conversion -Wno-float-conversion -Wnon-literal-null-conversion -Wobjc-literal-conversion -Wshorten-64-to-32 -Wno-newline-eof -Wno-selector -Wno-strict-selector-match -Wundeclared-selector -Wdeprecated-implementations -Wno-c++11-extensions -Wno-implicit-fallthrough -isysroot /Applications/Xcode.app/Contents/Developer/Platforms/iPhoneSimulator.platform/Developer/SDKs/iPhoneSimulator26.5.sdk -fstrict-aliasing -Wprotocol -Wdeprecated-declarations -Winvalid-offsetof -Wno-sign-conversion -Winfinite-recursion -Wmove -Wcomma -Wblock-capture-autoreleasing -Wstrict-prototypes -Wrange-loop-analysis -Wno-semicolon-before-method-body -Wunguarded-availability -index-store-path /Users/karelbraborec/Library/Developer/Xcode/DerivedData/revmeter-hbcnswmlqmbpnlazhhkncgeowiss/Index.noindex/DataStore @/Users/karelbraborec/Library/Developer/Xcode/DerivedData/revmeter-hbcnswmlqmbpnlazhhkncgeowiss/Build/Intermediates.noindex/Pods.build/Debug-iphonesimulator/RNScreens.build/Objects-normal/x86_64/af3fcb34312c57c0f52879cdce924b91-common-args.resp -DRCT_NEW_ARCH_ENABLED\=1 -include /Users/karelbraborec/rev-meter/ios/Pods/Target\ Support\ Files/RNScreens/RNScreens-prefix.pch -MMD -MT dependencies -MF /Users/karelbraborec/Library/Developer/Xcode/DerivedData/revmeter-hbcnswmlqmbpnlazhhkncgeowiss/Build/Intermediates.noindex/Pods.build/Debug-iphonesimulator/RNScreens.build/Objects-normal/x86_64/RNSStackHeaderConfigEventEmitter.d --serialize-diagnostics /Users/karelbraborec/Library/Developer/Xcode/DerivedData/revmeter-hbcnswmlqmbpnlazhhkncgeowiss/Build/Intermediates.noindex/Pods.build/Debug-iphonesimulator/RNScreens.build/Objects-normal/x86_64/RNSStackHeaderConfigEventEmitter.dia -c /Users/karelbraborec/rev-meter/node_modules/react-native-screens/ios/gamma/stack/header/RNSStackHeaderConfigEventEmitter.mm -o /Users/karelbraborec/Library/Developer/Xcode/DerivedData/revmeter-hbcnswmlqmbpnlazhhkncgeowiss/Build/Intermediates.noindex/Pods.build/Debug-iphonesimulator/RNScreens.build/Objects-normal/x86_64/RNSStackHeaderConfigEventEmitter.o -index-unit-output-path /Pods.build/Debug-iphonesimulator/RNScreens.build/Objects-normal/x86_64/RNSStackHeaderConfigEventEmitter.o

CompileC /Users/karelbraborec/Library/Developer/Xcode/DerivedData/revmeter-hbcnswmlqmbpnlazhhkncgeowiss/Build/Intermediates.noindex/Pods.build/Debug-iphonesimulator/RNScreens.build/Objects-normal/x86_64/RNSStackHeaderConfigComponentView.o /Users/karelbraborec/rev-meter/node_modules/react-native-screens/ios/gamma/stack/header/RNSStackHeaderConfigComponentView.mm normal x86_64 objective-c++ com.apple.compilers.llvm.clang.1_0.compiler (in target 'RNScreens' from project 'Pods')
    cd /Users/karelbraborec/rev-meter/ios/Pods
    
    Using response file: /Users/karelbraborec/Library/Developer/Xcode/DerivedData/revmeter-hbcnswmlqmbpnlazhhkncgeowiss/Build/Intermediates.noindex/Pods.build/Debug-iphonesimulator/RNScreens.build/Objects-normal/x86_64/af3fcb34312c57c0f52879cdce924b91-common-args.resp
    
    /Applications/Xcode.app/Contents/Developer/Toolchains/XcodeDefault.xctoolchain/usr/bin/clang -x objective-c++ -ivfsstatcache /Users/karelbraborec/Library/Developer/Xcode/DerivedData/SDKStatCaches.noindex/iphonesimulator26.5-23F81a-6cfe768891a92b912361537c460fe42b.sdkstatcache -target x86_64-apple-ios15.1-simulator -fmessage-length\=0 -fdiagnostics-show-note-include-stack -fmacro-backtrace-limit\=0 -fno-color-diagnostics -fmodules-prune-interval\=86400 -fmodules-prune-after\=345600 -fbuild-session-file\=/Users/karelbraborec/Library/Developer/Xcode/DerivedData/ModuleCache.noindex/Session.modulevalidation -fmodules-validate-once-per-build-session -Wnon-modular-include-in-framework-module -Werror\=non-modular-include-in-framework-module -Wno-trigraphs -Wno-missing-field-initializers -Wno-missing-prototypes -Werror\=return-type -Wdocumentation -Wunreachable-code -Wno-implicit-atomic-properties -Werror\=deprecated-objc-isa-usage -Wno-objc-interface-ivars -Werror\=objc-root-class -Wno-arc-repeated-use-of-weak -Wimplicit-retain-self -Wno-non-virtual-dtor -Wno-overloaded-virtual -Wno-exit-time-destructors -Wduplicate-method-match -Wno-missing-braces -Wparentheses -Wswitch -Wunused-function -Wno-unused-label -Wno-unused-parameter -Wunused-variable -Wunused-value -Wempty-body -Wuninitialized -Wconditional-uninitialized -Wno-unknown-pragmas -Wno-shadow -Wno-four-char-constants -Wno-conversion -Wconstant-conversion -Wint-conversion -Wbool-conversion -Wenum-conversion -Wno-float-conversion -Wnon-literal-null-conversion -Wobjc-literal-conversion -Wshorten-64-to-32 -Wno-newline-eof -Wno-selector -Wno-strict-selector-match -Wundeclared-selector -Wdeprecated-implementations -Wno-c++11-extensions -Wno-implicit-fallthrough -isysroot /Applications/Xcode.app/Contents/Developer/Platforms/iPhoneSimulator.platform/Developer/SDKs/iPhoneSimulator26.5.sdk -fstrict-aliasing -Wprotocol -Wdeprecated-declarations -Winvalid-offsetof -Wno-sign-conversion -Winfinite-recursion -Wmove -Wcomma -Wblock-capture-autoreleasing -Wstrict-prototypes -Wrange-loop-analysis -Wno-semicolon-before-method-body -Wunguarded-availability -index-store-path /Users/karelbraborec/Library/Developer/Xcode/DerivedData/revmeter-hbcnswmlqmbpnlazhhkncgeowiss/Index.noindex/DataStore @/Users/karelbraborec/Library/Developer/Xcode/DerivedData/revmeter-hbcnswmlqmbpnlazhhkncgeowiss/Build/Intermediates.noindex/Pods.build/Debug-iphonesimulator/RNScreens.build/Objects-normal/x86_64/af3fcb34312c57c0f52879cdce924b91-common-args.resp -DRCT_NEW_ARCH_ENABLED\=1 -include /Users/karelbraborec/rev-meter/ios/Pods/Target\ Support\ Files/RNScreens/RNScreens-prefix.pch -MMD -MT dependencies -MF /Users/karelbraborec/Library/Developer/Xcode/DerivedData/revmeter-hbcnswmlqmbpnlazhhkncgeowiss/Build/Intermediates.noindex/Pods.build/Debug-iphonesimulator/RNScreens.build/Objects-normal/x86_64/RNSStackHeaderConfigComponentView.d --serialize-diagnostics /Users/karelbraborec/Library/Developer/Xcode/DerivedData/revmeter-hbcnswmlqmbpnlazhhkncgeowiss/Build/Intermediates.noindex/Pods.build/Debug-iphonesimulator/RNScreens.build/Objects-normal/x86_64/RNSStackHeaderConfigComponentView.dia -c /Users/karelbraborec/rev-meter/node_modules/react-native-screens/ios/gamma/stack/header/RNSStackHeaderConfigComponentView.mm -o /Users/karelbraborec/Library/Developer/Xcode/DerivedData/revmeter-hbcnswmlqmbpnlazhhkncgeowiss/Build/Intermediates.noindex/Pods.build/Debug-iphonesimulator/RNScreens.build/Objects-normal/x86_64/RNSStackHeaderConfigComponentView.o -index-unit-output-path /Pods.build/Debug-iphonesimulator/RNScreens.build/Objects-normal/x86_64/RNSStackHeaderConfigComponentView.o

CompileC /Users/karelbraborec/Library/Developer/Xcode/DerivedData/revmeter-hbcnswmlqmbpnlazhhkncgeowiss/Build/Intermediates.noindex/Pods.build/Debug-iphonesimulator/RNScreens.build/Objects-normal/x86_64/RNSSplitScreenShadowStateProxy.o /Users/karelbraborec/rev-meter/node_modules/react-native-screens/ios/gamma/split/RNSSplitScreenShadowStateProxy.mm normal x86_64 objective-c++ com.apple.compilers.llvm.clang.1_0.compiler (in target 'RNScreens' from project 'Pods')
    cd /Users/karelbraborec/rev-meter/ios/Pods
    
    Using response file: /Users/karelbraborec/Library/Developer/Xcode/DerivedData/revmeter-hbcnswmlqmbpnlazhhkncgeowiss/Build/Intermediates.noindex/Pods.build/Debug-iphonesimulator/RNScreens.build/Objects-normal/x86_64/af3fcb34312c57c0f52879cdce924b91-common-args.resp
    
    /Applications/Xcode.app/Contents/Developer/Toolchains/XcodeDefault.xctoolchain/usr/bin/clang -x objective-c++ -ivfsstatcache /Users/karelbraborec/Library/Developer/Xcode/DerivedData/SDKStatCaches.noindex/iphonesimulator26.5-23F81a-6cfe768891a92b912361537c460fe42b.sdkstatcache -target x86_64-apple-ios15.1-simulator -fmessage-length\=0 -fdiagnostics-show-note-include-stack -fmacro-backtrace-limit\=0 -fno-color-diagnostics -fmodules-prune-interval\=86400 -fmodules-prune-after\=345600 -fbuild-session-file\=/Users/karelbraborec/Library/Developer/Xcode/DerivedData/ModuleCache.noindex/Session.modulevalidation -fmodules-validate-once-per-build-session -Wnon-modular-include-in-framework-module -Werror\=non-modular-include-in-framework-module -Wno-trigraphs -Wno-missing-field-initializers -Wno-missing-prototypes -Werror\=return-type -Wdocumentation -Wunreachable-code -Wno-implicit-atomic-properties -Werror\=deprecated-objc-isa-usage -Wno-objc-interface-ivars -Werror\=objc-root-class -Wno-arc-repeated-use-of-weak -Wimplicit-retain-self -Wno-non-virtual-dtor -Wno-overloaded-virtual -Wno-exit-time-destructors -Wduplicate-method-match -Wno-missing-braces -Wparentheses -Wswitch -Wunused-function -Wno-unused-label -Wno-unused-parameter -Wunused-variable -Wunused-value -Wempty-body -Wuninitialized -Wconditional-uninitialized -Wno-unknown-pragmas -Wno-shadow -Wno-four-char-constants -Wno-conversion -Wconstant-conversion -Wint-conversion -Wbool-conversion -Wenum-conversion -Wno-float-conversion -Wnon-literal-null-conversion -Wobjc-literal-conversion -Wshorten-64-to-32 -Wno-newline-eof -Wno-selector -Wno-strict-selector-match -Wundeclared-selector -Wdeprecated-implementations -Wno-c++11-extensions -Wno-implicit-fallthrough -isysroot /Applications/Xcode.app/Contents/Developer/Platforms/iPhoneSimulator.platform/Developer/SDKs/iPhoneSimulator26.5.sdk -fstrict-aliasing -Wprotocol -Wdeprecated-declarations -Winvalid-offsetof -Wno-sign-conversion -Winfinite-recursion -Wmove -Wcomma -Wblock-capture-autoreleasing -Wstrict-prototypes -Wrange-loop-analysis -Wno-semicolon-before-method-body -Wunguarded-availability -index-store-path /Users/karelbraborec/Library/Developer/Xcode/DerivedData/revmeter-hbcnswmlqmbpnlazhhkncgeowiss/Index.noindex/DataStore @/Users/karelbraborec/Library/Developer/Xcode/DerivedData/revmeter-hbcnswmlqmbpnlazhhkncgeowiss/Build/Intermediates.noindex/Pods.build/Debug-iphonesimulator/RNScreens.build/Objects-normal/x86_64/af3fcb34312c57c0f52879cdce924b91-common-args.resp -DRCT_NEW_ARCH_ENABLED\=1 -include /Users/karelbraborec/rev-meter/ios/Pods/Target\ Support\ Files/RNScreens/RNScreens-prefix.pch -MMD -MT dependencies -MF /Users/karelbraborec/Library/Developer/Xcode/DerivedData/revmeter-hbcnswmlqmbpnlazhhkncgeowiss/Build/Intermediates.noindex/Pods.build/Debug-iphonesimulator/RNScreens.build/Objects-normal/x86_64/RNSSplitScreenShadowStateProxy.d --serialize-diagnostics /Users/karelbraborec/Library/Developer/Xcode/DerivedData/revmeter-hbcnswmlqmbpnlazhhkncgeowiss/Build/Intermediates.noindex/Pods.build/Debug-iphonesimulator/RNScreens.build/Objects-normal/x86_64/RNSSplitScreenShadowStateProxy.dia -c /Users/karelbraborec/rev-meter/node_modules/react-native-screens/ios/gamma/split/RNSSplitScreenShadowStateProxy.mm -o /Users/karelbraborec/Library/Developer/Xcode/DerivedData/revmeter-hbcnswmlqmbpnlazhhkncgeowiss/Build/Intermediates.noindex/Pods.build/Debug-iphonesimulator/RNScreens.build/Objects-normal/x86_64/RNSSplitScreenShadowStateProxy.o -index-unit-output-path /Pods.build/Debug-iphonesimulator/RNScreens.build/Objects-normal/x86_64/RNSSplitScreenShadowStateProxy.o

CompileC /Users/karelbraborec/Library/Developer/Xcode/DerivedData/revmeter-hbcnswmlqmbpnlazhhkncgeowiss/Build/Intermediates.noindex/Pods.build/Debug-iphonesimulator/RNScreens.build/Objects-normal/x86_64/RNSSplitScreenShadowNode.o /Users/karelbraborec/rev-meter/node_modules/react-native-screens/common/cpp/react/renderer/components/rnscreens/RNSSplitScreenShadowNode.cpp normal x86_64 c++ com.apple.compilers.llvm.clang.1_0.compiler (in target 'RNScreens' from project 'Pods')
    cd /Users/karelbraborec/rev-meter/ios/Pods
    
    Using response file: /Users/karelbraborec/Library/Developer/Xcode/DerivedData/revmeter-hbcnswmlqmbpnlazhhkncgeowiss/Build/Intermediates.noindex/Pods.build/Debug-iphonesimulator/RNScreens.build/Objects-normal/x86_64/82b82416624d2658e5098eb0a28c15c5-common-args.resp
    
    /Applications/Xcode.app/Contents/Developer/Toolchains/XcodeDefault.xctoolchain/usr/bin/clang -x c++ -ivfsstatcache /Users/karelbraborec/Library/Developer/Xcode/DerivedData/SDKStatCaches.noindex/iphonesimulator26.5-23F81a-6cfe768891a92b912361537c460fe42b.sdkstatcache -target x86_64-apple-ios15.1-simulator -fmessage-length\=0 -fdiagnostics-show-note-include-stack -fmacro-backtrace-limit\=0 -fno-color-diagnostics -fmodules-prune-interval\=86400 -fmodules-prune-after\=345600 -fbuild-session-file\=/Users/karelbraborec/Library/Developer/Xcode/DerivedData/ModuleCache.noindex/Session.modulevalidation -fmodules-validate-once-per-build-session -Wnon-modular-include-in-framework-module -Werror\=non-modular-include-in-framework-module -Wno-trigraphs -Wno-missing-field-initializers -Wno-missing-prototypes -Werror\=return-type -Wdocumentation -Wunreachable-code -Werror\=deprecated-objc-isa-usage -Werror\=objc-root-class -Wno-non-virtual-dtor -Wno-overloaded-virtual -Wno-exit-time-destructors -Wno-missing-braces -Wparentheses -Wswitch -Wunused-function -Wno-unused-label -Wno-unused-parameter -Wunused-variable -Wunused-value -Wempty-body -Wuninitialized -Wconditional-uninitialized -Wno-unknown-pragmas -Wno-shadow -Wno-four-char-constants -Wno-conversion -Wconstant-conversion -Wint-conversion -Wbool-conversion -Wenum-conversion -Wno-float-conversion -Wnon-literal-null-conversion -Wobjc-literal-conversion -Wshorten-64-to-32 -Wno-newline-eof -Wno-c++11-extensions -Wno-implicit-fallthrough -isysroot /Applications/Xcode.app/Contents/Developer/Platforms/iPhoneSimulator.platform/Developer/SDKs/iPhoneSimulator26.5.sdk -fstrict-aliasing -Wdeprecated-declarations -Winvalid-offsetof -Wno-sign-conversion -Winfinite-recursion -Wmove -Wcomma -Wblock-capture-autoreleasing -Wstrict-prototypes -Wrange-loop-analysis -Wno-semicolon-before-method-body -Wunguarded-availability -index-store-path /Users/karelbraborec/Library/Developer/Xcode/DerivedData/revmeter-hbcnswmlqmbpnlazhhkncgeowiss/Index.noindex/DataStore @/Users/karelbraborec/Library/Developer/Xcode/DerivedData/revmeter-hbcnswmlqmbpnlazhhkncgeowiss/Build/Intermediates.noindex/Pods.build/Debug-iphonesimulator/RNScreens.build/Objects-normal/x86_64/82b82416624d2658e5098eb0a28c15c5-common-args.resp -DRCT_NEW_ARCH_ENABLED\=1 -include /Users/karelbraborec/rev-meter/ios/Pods/Target\ Support\ Files/RNScreens/RNScreens-prefix.pch -MMD -MT dependencies -MF /Users/karelbraborec/Library/Developer/Xcode/DerivedData/revmeter-hbcnswmlqmbpnlazhhkncgeowiss/Build/Intermediates.noindex/Pods.build/Debug-iphonesimulator/RNScreens.build/Objects-normal/x86_64/RNSSplitScreenShadowNode.d --serialize-diagnostics /Users/karelbraborec/Library/Developer/Xcode/DerivedData/revmeter-hbcnswmlqmbpnlazhhkncgeowiss/Build/Intermediates.noindex/Pods.build/Debug-iphonesimulator/RNScreens.build/Objects-normal/x86_64/RNSSplitScreenShadowNode.dia -c /Users/karelbraborec/rev-meter/node_modules/react-native-screens/common/cpp/react/renderer/components/rnscreens/RNSSplitScreenShadowNode.cpp -o /Users/karelbraborec/Library/Developer/Xcode/DerivedData/revmeter-hbcnswmlqmbpnlazhhkncgeowiss/Build/Intermediates.noindex/Pods.build/Debug-iphonesimulator/RNScreens.build/Objects-normal/x86_64/RNSSplitScreenShadowNode.o -index-unit-output-path /Pods.build/Debug-iphonesimulator/RNScreens.build/Objects-normal/x86_64/RNSSplitScreenShadowNode.o

CompileC /Users/karelbraborec/Library/Developer/Xcode/DerivedData/revmeter-hbcnswmlqmbpnlazhhkncgeowiss/Build/Intermediates.noindex/Pods.build/Debug-iphonesimulator/RNScreens.build/Objects-normal/x86_64/RNSSplitScreenComponentViewManager.o /Users/karelbraborec/rev-meter/node_modules/react-native-screens/ios/gamma/split/RNSSplitScreenComponentViewManager.mm normal x86_64 objective-c++ com.apple.compilers.llvm.clang.1_0.compiler (in target 'RNScreens' from project 'Pods')
    cd /Users/karelbraborec/rev-meter/ios/Pods
    
    Using response file: /Users/karelbraborec/Library/Developer/Xcode/DerivedData/revmeter-hbcnswmlqmbpnlazhhkncgeowiss/Build/Intermediates.noindex/Pods.build/Debug-iphonesimulator/RNScreens.build/Objects-normal/x86_64/af3fcb34312c57c0f52879cdce924b91-common-args.resp
    
    /Applications/Xcode.app/Contents/Developer/Toolchains/XcodeDefault.xctoolchain/usr/bin/clang -x objective-c++ -ivfsstatcache /Users/karelbraborec/Library/Developer/Xcode/DerivedData/SDKStatCaches.noindex/iphonesimulator26.5-23F81a-6cfe768891a92b912361537c460fe42b.sdkstatcache -target x86_64-apple-ios15.1-simulator -fmessage-length\=0 -fdiagnostics-show-note-include-stack -fmacro-backtrace-limit\=0 -fno-color-diagnostics -fmodules-prune-interval\=86400 -fmodules-prune-after\=345600 -fbuild-session-file\=/Users/karelbraborec/Library/Developer/Xcode/DerivedData/ModuleCache.noindex/Session.modulevalidation -fmodules-validate-once-per-build-session -Wnon-modular-include-in-framework-module -Werror\=non-modular-include-in-framework-module -Wno-trigraphs -Wno-missing-field-initializers -Wno-missing-prototypes -Werror\=return-type -Wdocumentation -Wunreachable-code -Wno-implicit-atomic-properties -Werror\=deprecated-objc-isa-usage -Wno-objc-interface-ivars -Werror\=objc-root-class -Wno-arc-repeated-use-of-weak -Wimplicit-retain-self -Wno-non-virtual-dtor -Wno-overloaded-virtual -Wno-exit-time-destructors -Wduplicate-method-match -Wno-missing-braces -Wparentheses -Wswitch -Wunused-function -Wno-unused-label -Wno-unused-parameter -Wunused-variable -Wunused-value -Wempty-body -Wuninitialized -Wconditional-uninitialized -Wno-unknown-pragmas -Wno-shadow -Wno-four-char-constants -Wno-conversion -Wconstant-conversion -Wint-conversion -Wbool-conversion -Wenum-conversion -Wno-float-conversion -Wnon-literal-null-conversion -Wobjc-literal-conversion -Wshorten-64-to-32 -Wno-newline-eof -Wno-selector -Wno-strict-selector-match -Wundeclared-selector -Wdeprecated-implementations -Wno-c++11-extensions -Wno-implicit-fallthrough -isysroot /Applications/Xcode.app/Contents/Developer/Platforms/iPhoneSimulator.platform/Developer/SDKs/iPhoneSimulator26.5.sdk -fstrict-aliasing -Wprotocol -Wdeprecated-declarations -Winvalid-offsetof -Wno-sign-conversion -Winfinite-recursion -Wmove -Wcomma -Wblock-capture-autoreleasing -Wstrict-prototypes -Wrange-loop-analysis -Wno-semicolon-before-method-body -Wunguarded-availability -index-store-path /Users/karelbraborec/Library/Developer/Xcode/DerivedData/revmeter-hbcnswmlqmbpnlazhhkncgeowiss/Index.noindex/DataStore @/Users/karelbraborec/Library/Developer/Xcode/DerivedData/revmeter-hbcnswmlqmbpnlazhhkncgeowiss/Build/Intermediates.noindex/Pods.build/Debug-iphonesimulator/RNScreens.build/Objects-normal/x86_64/af3fcb34312c57c0f52879cdce924b91-common-args.resp -DRCT_NEW_ARCH_ENABLED\=1 -include /Users/karelbraborec/rev-meter/ios/Pods/Target\ Support\ Files/RNScreens/RNScreens-prefix.pch -MMD -MT dependencies -MF /Users/karelbraborec/Library/Developer/Xcode/DerivedData/revmeter-hbcnswmlqmbpnlazhhkncgeowiss/Build/Intermediates.noindex/Pods.build/Debug-iphonesimulator/RNScreens.build/Objects-normal/x86_64/RNSSplitScreenComponentViewManager.d --serialize-diagnostics /Users/karelbraborec/Library/Developer/Xcode/DerivedData/revmeter-hbcnswmlqmbpnlazhhkncgeowiss/Build/Intermediates.noindex/Pods.build/Debug-iphonesimulator/RNScreens.build/Objects-normal/x86_64/RNSSplitScreenComponentViewManager.dia -c /Users/karelbraborec/rev-meter/node_modules/react-native-screens/ios/gamma/split/RNSSplitScreenComponentViewManager.mm -o /Users/karelbraborec/Library/Developer/Xcode/DerivedData/revmeter-hbcnswmlqmbpnlazhhkncgeowiss/Build/Intermediates.noindex/Pods.build/Debug-iphonesimulator/RNScreens.build/Objects-normal/x86_64/RNSSplitScreenComponentViewManager.o -index-unit-output-path /Pods.build/Debug-iphonesimulator/RNScreens.build/Objects-normal/x86_64/RNSSplitScreenComponentViewManager.o

CompileC /Users/karelbraborec/Library/Developer/Xcode/DerivedData/revmeter-hbcnswmlqmbpnlazhhkncgeowiss/Build/Intermediates.noindex/Pods.build/Debug-iphonesimulator/RNScreens.build/Objects-normal/x86_64/RNSSplitScreenComponentView.o /Users/karelbraborec/rev-meter/node_modules/react-native-screens/ios/gamma/split/RNSSplitScreenComponentView.mm normal x86_64 objective-c++ com.apple.compilers.llvm.clang.1_0.compiler (in target 'RNScreens' from project 'Pods')
    cd /Users/karelbraborec/rev-meter/ios/Pods
    
    Using response file: /Users/karelbraborec/Library/Developer/Xcode/DerivedData/revmeter-hbcnswmlqmbpnlazhhkncgeowiss/Build/Intermediates.noindex/Pods.build/Debug-iphonesimulator/RNScreens.build/Objects-normal/x86_64/af3fcb34312c57c0f52879cdce924b91-common-args.resp
    
    /Applications/Xcode.app/Contents/Developer/Toolchains/XcodeDefault.xctoolchain/usr/bin/clang -x objective-c++ -ivfsstatcache /Users/karelbraborec/Library/Developer/Xcode/DerivedData/SDKStatCaches.noindex/iphonesimulator26.5-23F81a-6cfe768891a92b912361537c460fe42b.sdkstatcache -target x86_64-apple-ios15.1-simulator -fmessage-length\=0 -fdiagnostics-show-note-include-stack -fmacro-backtrace-limit\=0 -fno-color-diagnostics -fmodules-prune-interval\=86400 -fmodules-prune-after\=345600 -fbuild-session-file\=/Users/karelbraborec/Library/Developer/Xcode/DerivedData/ModuleCache.noindex/Session.modulevalidation -fmodules-validate-once-per-build-session -Wnon-modular-include-in-framework-module -Werror\=non-modular-include-in-framework-module -Wno-trigraphs -Wno-missing-field-initializers -Wno-missing-prototypes -Werror\=return-type -Wdocumentation -Wunreachable-code -Wno-implicit-atomic-properties -Werror\=deprecated-objc-isa-usage -Wno-objc-interface-ivars -Werror\=objc-root-class -Wno-arc-repeated-use-of-weak -Wimplicit-retain-self -Wno-non-virtual-dtor -Wno-overloaded-virtual -Wno-exit-time-destructors -Wduplicate-method-match -Wno-missing-braces -Wparentheses -Wswitch -Wunused-function -Wno-unused-label -Wno-unused-parameter -Wunused-variable -Wunused-value -Wempty-body -Wuninitialized -Wconditional-uninitialized -Wno-unknown-pragmas -Wno-shadow -Wno-four-char-constants -Wno-conversion -Wconstant-conversion -Wint-conversion -Wbool-conversion -Wenum-conversion -Wno-float-conversion -Wnon-literal-null-conversion -Wobjc-literal-conversion -Wshorten-64-to-32 -Wno-newline-eof -Wno-selector -Wno-strict-selector-match -Wundeclared-selector -Wdeprecated-implementations -Wno-c++11-extensions -Wno-implicit-fallthrough -isysroot /Applications/Xcode.app/Contents/Developer/Platforms/iPhoneSimulator.platform/Developer/SDKs/iPhoneSimulator26.5.sdk -fstrict-aliasing -Wprotocol -Wdeprecated-declarations -Winvalid-offsetof -Wno-sign-conversion -Winfinite-recursion -Wmove -Wcomma -Wblock-capture-autoreleasing -Wstrict-prototypes -Wrange-loop-analysis -Wno-semicolon-before-method-body -Wunguarded-availability -index-store-path /Users/karelbraborec/Library/Developer/Xcode/DerivedData/revmeter-hbcnswmlqmbpnlazhhkncgeowiss/Index.noindex/DataStore @/Users/karelbraborec/Library/Developer/Xcode/DerivedData/revmeter-hbcnswmlqmbpnlazhhkncgeowiss/Build/Intermediates.noindex/Pods.build/Debug-iphonesimulator/RNScreens.build/Objects-normal/x86_64/af3fcb34312c57c0f52879cdce924b91-common-args.resp -DRCT_NEW_ARCH_ENABLED\=1 -include /Users/karelbraborec/rev-meter/ios/Pods/Target\ Support\ Files/RNScreens/RNScreens-prefix.pch -MMD -MT dependencies -MF /Users/karelbraborec/Library/Developer/Xcode/DerivedData/revmeter-hbcnswmlqmbpnlazhhkncgeowiss/Build/Intermediates.noindex/Pods.build/Debug-iphonesimulator/RNScreens.build/Objects-normal/x86_64/RNSSplitScreenComponentView.d --serialize-diagnostics /Users/karelbraborec/Library/Developer/Xcode/DerivedData/revmeter-hbcnswmlqmbpnlazhhkncgeowiss/Build/Intermediates.noindex/Pods.build/Debug-iphonesimulator/RNScreens.build/Objects-normal/x86_64/RNSSplitScreenComponentView.dia -c /Users/karelbraborec/rev-meter/node_modules/react-native-screens/ios/gamma/split/RNSSplitScreenComponentView.mm -o /Users/karelbraborec/Library/Developer/Xcode/DerivedData/revmeter-hbcnswmlqmbpnlazhhkncgeowiss/Build/Intermediates.noindex/Pods.build/Debug-iphonesimulator/RNScreens.build/Objects-normal/x86_64/RNSSplitScreenComponentView.o -index-unit-output-path /Pods.build/Debug-iphonesimulator/RNScreens.build/Objects-normal/x86_64/RNSSplitScreenComponentView.o

CompileC /Users/karelbraborec/Library/Developer/Xcode/DerivedData/revmeter-hbcnswmlqmbpnlazhhkncgeowiss/Build/Intermediates.noindex/Pods.build/Debug-iphonesimulator/RNScreens.build/Objects-normal/x86_64/RNSSplitScreenComponentEventEmitter.o /Users/karelbraborec/rev-meter/node_modules/react-native-screens/ios/gamma/split/RNSSplitScreenComponentEventEmitter.mm normal x86_64 objective-c++ com.apple.compilers.llvm.clang.1_0.compiler (in target 'RNScreens' from project 'Pods')
    cd /Users/karelbraborec/rev-meter/ios/Pods
    
    Using response file: /Users/karelbraborec/Library/Developer/Xcode/DerivedData/revmeter-hbcnswmlqmbpnlazhhkncgeowiss/Build/Intermediates.noindex/Pods.build/Debug-iphonesimulator/RNScreens.build/Objects-normal/x86_64/af3fcb34312c57c0f52879cdce924b91-common-args.resp
    
    /Applications/Xcode.app/Contents/Developer/Toolchains/XcodeDefault.xctoolchain/usr/bin/clang -x objective-c++ -ivfsstatcache /Users/karelbraborec/Library/Developer/Xcode/DerivedData/SDKStatCaches.noindex/iphonesimulator26.5-23F81a-6cfe768891a92b912361537c460fe42b.sdkstatcache -target x86_64-apple-ios15.1-simulator -fmessage-length\=0 -fdiagnostics-show-note-include-stack -fmacro-backtrace-limit\=0 -fno-color-diagnostics -fmodules-prune-interval\=86400 -fmodules-prune-after\=345600 -fbuild-session-file\=/Users/karelbraborec/Library/Developer/Xcode/DerivedData/ModuleCache.noindex/Session.modulevalidation -fmodules-validate-once-per-build-session -Wnon-modular-include-in-framework-module -Werror\=non-modular-include-in-framework-module -Wno-trigraphs -Wno-missing-field-initializers -Wno-missing-prototypes -Werror\=return-type -Wdocumentation -Wunreachable-code -Wno-implicit-atomic-properties -Werror\=deprecated-objc-isa-usage -Wno-objc-interface-ivars -Werror\=objc-root-class -Wno-arc-repeated-use-of-weak -Wimplicit-retain-self -Wno-non-virtual-dtor -Wno-overloaded-virtual -Wno-exit-time-destructors -Wduplicate-method-match -Wno-missing-braces -Wparentheses -Wswitch -Wunused-function -Wno-unused-label -Wno-unused-parameter -Wunused-variable -Wunused-value -Wempty-body -Wuninitialized -Wconditional-uninitialized -Wno-unknown-pragmas -Wno-shadow -Wno-four-char-constants -Wno-conversion -Wconstant-conversion -Wint-conversion -Wbool-conversion -Wenum-conversion -Wno-float-conversion -Wnon-literal-null-conversion -Wobjc-literal-conversion -Wshorten-64-to-32 -Wno-newline-eof -Wno-selector -Wno-strict-selector-match -Wundeclared-selector -Wdeprecated-implementations -Wno-c++11-extensions -Wno-implicit-fallthrough -isysroot /Applications/Xcode.app/Contents/Developer/Platforms/iPhoneSimulator.platform/Developer/SDKs/iPhoneSimulator26.5.sdk -fstrict-aliasing -Wprotocol -Wdeprecated-declarations -Winvalid-offsetof -Wno-sign-conversion -Winfinite-recursion -Wmove -Wcomma -Wblock-capture-autoreleasing -Wstrict-prototypes -Wrange-loop-analysis -Wno-semicolon-before-method-body -Wunguarded-availability -index-store-path /Users/karelbraborec/Library/Developer/Xcode/DerivedData/revmeter-hbcnswmlqmbpnlazhhkncgeowiss/Index.noindex/DataStore @/Users/karelbraborec/Library/Developer/Xcode/DerivedData/revmeter-hbcnswmlqmbpnlazhhkncgeowiss/Build/Intermediates.noindex/Pods.build/Debug-iphonesimulator/RNScreens.build/Objects-normal/x86_64/af3fcb34312c57c0f52879cdce924b91-common-args.resp -DRCT_NEW_ARCH_ENABLED\=1 -include /Users/karelbraborec/rev-meter/ios/Pods/Target\ Support\ Files/RNScreens/RNScreens-prefix.pch -MMD -MT dependencies -MF /Users/karelbraborec/Library/Developer/Xcode/DerivedData/revmeter-hbcnswmlqmbpnlazhhkncgeowiss/Build/Intermediates.noindex/Pods.build/Debug-iphonesimulator/RNScreens.build/Objects-normal/x86_64/RNSSplitScreenComponentEventEmitter.d --serialize-diagnostics /Users/karelbraborec/Library/Developer/Xcode/DerivedData/revmeter-hbcnswmlqmbpnlazhhkncgeowiss/Build/Intermediates.noindex/Pods.build/Debug-iphonesimulator/RNScreens.build/Objects-normal/x86_64/RNSSplitScreenComponentEventEmitter.dia -c /Users/karelbraborec/rev-meter/node_modules/react-native-screens/ios/gamma/split/RNSSplitScreenComponentEventEmitter.mm -o /Users/karelbraborec/Library/Developer/Xcode/DerivedData/revmeter-hbcnswmlqmbpnlazhhkncgeowiss/Build/Intermediates.noindex/Pods.build/Debug-iphonesimulator/RNScreens.build/Objects-normal/x86_64/RNSSplitScreenComponentEventEmitter.o -index-unit-output-path /Pods.build/Debug-iphonesimulator/RNScreens.build/Objects-normal/x86_64/RNSSplitScreenComponentEventEmitter.o

CompileC /Users/karelbraborec/Library/Developer/Xcode/DerivedData/revmeter-hbcnswmlqmbpnlazhhkncgeowiss/Build/Intermediates.noindex/Pods.build/Debug-iphonesimulator/RNScreens.build/Objects-normal/x86_64/RNSSplitHostComponentViewManager.o /Users/karelbraborec/rev-meter/node_modules/react-native-screens/ios/gamma/split/RNSSplitHostComponentViewManager.mm normal x86_64 objective-c++ com.apple.compilers.llvm.clang.1_0.compiler (in target 'RNScreens' from project 'Pods')
    cd /Users/karelbraborec/rev-meter/ios/Pods
    
    Using response file: /Users/karelbraborec/Library/Developer/Xcode/DerivedData/revmeter-hbcnswmlqmbpnlazhhkncgeowiss/Build/Intermediates.noindex/Pods.build/Debug-iphonesimulator/RNScreens.build/Objects-normal/x86_64/af3fcb34312c57c0f52879cdce924b91-common-args.resp
    
    /Applications/Xcode.app/Contents/Developer/Toolchains/XcodeDefault.xctoolchain/usr/bin/clang -x objective-c++ -ivfsstatcache /Users/karelbraborec/Library/Developer/Xcode/DerivedData/SDKStatCaches.noindex/iphonesimulator26.5-23F81a-6cfe768891a92b912361537c460fe42b.sdkstatcache -target x86_64-apple-ios15.1-simulator -fmessage-length\=0 -fdiagnostics-show-note-include-stack -fmacro-backtrace-limit\=0 -fno-color-diagnostics -fmodules-prune-interval\=86400 -fmodules-prune-after\=345600 -fbuild-session-file\=/Users/karelbraborec/Library/Developer/Xcode/DerivedData/ModuleCache.noindex/Session.modulevalidation -fmodules-validate-once-per-build-session -Wnon-modular-include-in-framework-module -Werror\=non-modular-include-in-framework-module -Wno-trigraphs -Wno-missing-field-initializers -Wno-missing-prototypes -Werror\=return-type -Wdocumentation -Wunreachable-code -Wno-implicit-atomic-properties -Werror\=deprecated-objc-isa-usage -Wno-objc-interface-ivars -Werror\=objc-root-class -Wno-arc-repeated-use-of-weak -Wimplicit-retain-self -Wno-non-virtual-dtor -Wno-overloaded-virtual -Wno-exit-time-destructors -Wduplicate-method-match -Wno-missing-braces -Wparentheses -Wswitch -Wunused-function -Wno-unused-label -Wno-unused-parameter -Wunused-variable -Wunused-value -Wempty-body -Wuninitialized -Wconditional-uninitialized -Wno-unknown-pragmas -Wno-shadow -Wno-four-char-constants -Wno-conversion -Wconstant-conversion -Wint-conversion -Wbool-conversion -Wenum-conversion -Wno-float-conversion -Wnon-literal-null-conversion -Wobjc-literal-conversion -Wshorten-64-to-32 -Wno-newline-eof -Wno-selector -Wno-strict-selector-match -Wundeclared-selector -Wdeprecated-implementations -Wno-c++11-extensions -Wno-implicit-fallthrough -isysroot /Applications/Xcode.app/Contents/Developer/Platforms/iPhoneSimulator.platform/Developer/SDKs/iPhoneSimulator26.5.sdk -fstrict-aliasing -Wprotocol -Wdeprecated-declarations -Winvalid-offsetof -Wno-sign-conversion -Winfinite-recursion -Wmove -Wcomma -Wblock-capture-autoreleasing -Wstrict-prototypes -Wrange-loop-analysis -Wno-semicolon-before-method-body -Wunguarded-availability -index-store-path /Users/karelbraborec/Library/Developer/Xcode/DerivedData/revmeter-hbcnswmlqmbpnlazhhkncgeowiss/Index.noindex/DataStore @/Users/karelbraborec/Library/Developer/Xcode/DerivedData/revmeter-hbcnswmlqmbpnlazhhkncgeowiss/Build/Intermediates.noindex/Pods.build/Debug-iphonesimulator/RNScreens.build/Objects-normal/x86_64/af3fcb34312c57c0f52879cdce924b91-common-args.resp -DRCT_NEW_ARCH_ENABLED\=1 -include /Users/karelbraborec/rev-meter/ios/Pods/Target\ Support\ Files/RNScreens/RNScreens-prefix.pch -MMD -MT dependencies -MF /Users/karelbraborec/Library/Developer/Xcode/DerivedData/revmeter-hbcnswmlqmbpnlazhhkncgeowiss/Build/Intermediates.noindex/Pods.build/Debug-iphonesimulator/RNScreens.build/Objects-normal/x86_64/RNSSplitHostComponentViewManager.d --serialize-diagnostics /Users/karelbraborec/Library/Developer/Xcode/DerivedData/revmeter-hbcnswmlqmbpnlazhhkncgeowiss/Build/Intermediates.noindex/Pods.build/Debug-iphonesimulator/RNScreens.build/Objects-normal/x86_64/RNSSplitHostComponentViewManager.dia -c /Users/karelbraborec/rev-meter/node_modules/react-native-screens/ios/gamma/split/RNSSplitHostComponentViewManager.mm -o /Users/karelbraborec/Library/Developer/Xcode/DerivedData/revmeter-hbcnswmlqmbpnlazhhkncgeowiss/Build/Intermediates.noindex/Pods.build/Debug-iphonesimulator/RNScreens.build/Objects-normal/x86_64/RNSSplitHostComponentViewManager.o -index-unit-output-path /Pods.build/Debug-iphonesimulator/RNScreens.build/Objects-normal/x86_64/RNSSplitHostComponentViewManager.o

CompileC /Users/karelbraborec/Library/Developer/Xcode/DerivedData/revmeter-hbcnswmlqmbpnlazhhkncgeowiss/Build/Intermediates.noindex/Pods.build/Debug-iphonesimulator/RNScreens.build/Objects-normal/x86_64/RNSSplitHostComponentView.o /Users/karelbraborec/rev-meter/node_modules/react-native-screens/ios/gamma/split/RNSSplitHostComponentView.mm normal x86_64 objective-c++ com.apple.compilers.llvm.clang.1_0.compiler (in target 'RNScreens' from project 'Pods')
    cd /Users/karelbraborec/rev-meter/ios/Pods
    
    Using response file: /Users/karelbraborec/Library/Developer/Xcode/DerivedData/revmeter-hbcnswmlqmbpnlazhhkncgeowiss/Build/Intermediates.noindex/Pods.build/Debug-iphonesimulator/RNScreens.build/Objects-normal/x86_64/af3fcb34312c57c0f52879cdce924b91-common-args.resp
    
    /Applications/Xcode.app/Contents/Developer/Toolchains/XcodeDefault.xctoolchain/usr/bin/clang -x objective-c++ -ivfsstatcache /Users/karelbraborec/Library/Developer/Xcode/DerivedData/SDKStatCaches.noindex/iphonesimulator26.5-23F81a-6cfe768891a92b912361537c460fe42b.sdkstatcache -target x86_64-apple-ios15.1-simulator -fmessage-length\=0 -fdiagnostics-show-note-include-stack -fmacro-backtrace-limit\=0 -fno-color-diagnostics -fmodules-prune-interval\=86400 -fmodules-prune-after\=345600 -fbuild-session-file\=/Users/karelbraborec/Library/Developer/Xcode/DerivedData/ModuleCache.noindex/Session.modulevalidation -fmodules-validate-once-per-build-session -Wnon-modular-include-in-framework-module -Werror\=non-modular-include-in-framework-module -Wno-trigraphs -Wno-missing-field-initializers -Wno-missing-prototypes -Werror\=return-type -Wdocumentation -Wunreachable-code -Wno-implicit-atomic-properties -Werror\=deprecated-objc-isa-usage -Wno-objc-interface-ivars -Werror\=objc-root-class -Wno-arc-repeated-use-of-weak -Wimplicit-retain-self -Wno-non-virtual-dtor -Wno-overloaded-virtual -Wno-exit-time-destructors -Wduplicate-method-match -Wno-missing-braces -Wparentheses -Wswitch -Wunused-function -Wno-unused-label -Wno-unused-parameter -Wunused-variable -Wunused-value -Wempty-body -Wuninitialized -Wconditional-uninitialized -Wno-unknown-pragmas -Wno-shadow -Wno-four-char-constants -Wno-conversion -Wconstant-conversion -Wint-conversion -Wbool-conversion -Wenum-conversion -Wno-float-conversion -Wnon-literal-null-conversion -Wobjc-literal-conversion -Wshorten-64-to-32 -Wno-newline-eof -Wno-selector -Wno-strict-selector-match -Wundeclared-selector -Wdeprecated-implementations -Wno-c++11-extensions -Wno-implicit-fallthrough -isysroot /Applications/Xcode.app/Contents/Developer/Platforms/iPhoneSimulator.platform/Developer/SDKs/iPhoneSimulator26.5.sdk -fstrict-aliasing -Wprotocol -Wdeprecated-declarations -Winvalid-offsetof -Wno-sign-conversion -Winfinite-recursion -Wmove -Wcomma -Wblock-capture-autoreleasing -Wstrict-prototypes -Wrange-loop-analysis -Wno-semicolon-before-method-body -Wunguarded-availability -index-store-path /Users/karelbraborec/Library/Developer/Xcode/DerivedData/revmeter-hbcnswmlqmbpnlazhhkncgeowiss/Index.noindex/DataStore @/Users/karelbraborec/Library/Developer/Xcode/DerivedData/revmeter-hbcnswmlqmbpnlazhhkncgeowiss/Build/Intermediates.noindex/Pods.build/Debug-iphonesimulator/RNScreens.build/Objects-normal/x86_64/af3fcb34312c57c0f52879cdce924b91-common-args.resp -DRCT_NEW_ARCH_ENABLED\=1 -include /Users/karelbraborec/rev-meter/ios/Pods/Target\ Support\ Files/RNScreens/RNScreens-prefix.pch -MMD -MT dependencies -MF /Users/karelbraborec/Library/Developer/Xcode/DerivedData/revmeter-hbcnswmlqmbpnlazhhkncgeowiss/Build/Intermediates.noindex/Pods.build/Debug-iphonesimulator/RNScreens.build/Objects-normal/x86_64/RNSSplitHostComponentView.d --serialize-diagnostics /Users/karelbraborec/Library/Developer/Xcode/DerivedData/revmeter-hbcnswmlqmbpnlazhhkncgeowiss/Build/Intermediates.noindex/Pods.build/Debug-iphonesimulator/RNScreens.build/Objects-normal/x86_64/RNSSplitHostComponentView.dia -c /Users/karelbraborec/rev-meter/node_modules/react-native-screens/ios/gamma/split/RNSSplitHostComponentView.mm -o /Users/karelbraborec/Library/Developer/Xcode/DerivedData/revmeter-hbcnswmlqmbpnlazhhkncgeowiss/Build/Intermediates.noindex/Pods.build/Debug-iphonesimulator/RNScreens.build/Objects-normal/x86_64/RNSSplitHostComponentView.o -index-unit-output-path /Pods.build/Debug-iphonesimulator/RNScreens.build/Objects-normal/x86_64/RNSSplitHostComponentView.o
In file included from /Users/karelbraborec/rev-meter/node_modules/react-native-screens/ios/gamma/split/RNSSplitHostComponentView.mm:3:
In file included from /Users/karelbraborec/rev-meter/ios/Pods/Headers/Public/React-RCTFabric/React/RCTMountingTransactionObserving.h:10:
In file included from /Users/karelbraborec/rev-meter/ios/Pods/Headers/Public/React-Fabric/react/renderer/mounting/MountingTransaction.h:10:
/Users/karelbraborec/rev-meter/ios/Pods/Headers/Public/React-Fabric/react/renderer/mounting/ShadowViewMutation.h:46:7: warning: declaration is marked with '@deprecated' command but does not have a deprecation attribute [-Wdocumentation-deprecated-sync]
   46 |    * @deprecated Pass parentTag instead of parentShadowView.
      |      ~^~~~~~~~~~~~~~~~~~~~~~~~~~~~~~~~~~~~~~~~~~~~~~~~~~~~~~
/Users/karelbraborec/rev-meter/ios/Pods/Headers/Public/React-Fabric/react/renderer/mounting/ShadowViewMutation.h:48:3: note: add a deprecation attribute to the declaration to silence this warning
   48 |   static ShadowViewMutation InsertMutation(const ShadowView &parentShadowView, ShadowView childShadowView, int index)
      |   ^
      |   FMT_DEPRECATED 
/Users/karelbraborec/rev-meter/ios/Pods/Headers/Public/React-Fabric/react/renderer/mounting/ShadowViewMutation.h:60:7: warning: declaration is marked with '@deprecated' command but does not have a deprecation attribute [-Wdocumentation-deprecated-sync]
   60 |    * @deprecated Pass parentTag instead of parentShadowView.
      |      ~^~~~~~~~~~~~~~~~~~~~~~~~~~~~~~~~~~~~~~~~~~~~~~~~~~~~~~
/Users/karelbraborec/rev-meter/ios/Pods/Headers/Public/React-Fabric/react/renderer/mounting/ShadowViewMutation.h:62:3: note: add a deprecation attribute to the declaration to silence this warning
   62 |   static ShadowViewMutation RemoveMutation(const ShadowView &parentShadowView, ShadowView childShadowView, int index)
      |   ^
      |   FMT_DEPRECATED 
/Users/karelbraborec/rev-meter/ios/Pods/Headers/Public/React-Fabric/react/renderer/mounting/ShadowViewMutation.h:74:7: warning: declaration is marked with '@deprecated' command but does not have a deprecation attribute [-Wdocumentation-deprecated-sync]
   74 |    * @deprecated Pass parentTag instead of parentShadowView.
      |      ~^~~~~~~~~~~~~~~~~~~~~~~~~~~~~~~~~~~~~~~~~~~~~~~~~~~~~~
/Users/karelbraborec/rev-meter/ios/Pods/Headers/Public/React-Fabric/react/renderer/mounting/ShadowViewMutation.h:76:3: note: add a deprecation attribute to the declaration to silence this warning
   76 |   static ShadowViewMutation
      |   ^
      |   FMT_DEPRECATED 
3 warnings generated.

CompileC /Users/karelbraborec/Library/Developer/Xcode/DerivedData/revmeter-hbcnswmlqmbpnlazhhkncgeowiss/Build/Intermediates.noindex/Pods.build/Debug-iphonesimulator/RNScreens.build/Objects-normal/x86_64/RNSSplitHostComponentEventEmitter.o /Users/karelbraborec/rev-meter/node_modules/react-native-screens/ios/gamma/split/RNSSplitHostComponentEventEmitter.mm normal x86_64 objective-c++ com.apple.compilers.llvm.clang.1_0.compiler (in target 'RNScreens' from project 'Pods')
    cd /Users/karelbraborec/rev-meter/ios/Pods
    
    Using response file: /Users/karelbraborec/Library/Developer/Xcode/DerivedData/revmeter-hbcnswmlqmbpnlazhhkncgeowiss/Build/Intermediates.noindex/Pods.build/Debug-iphonesimulator/RNScreens.build/Objects-normal/x86_64/af3fcb34312c57c0f52879cdce924b91-common-args.resp
    
    /Applications/Xcode.app/Contents/Developer/Toolchains/XcodeDefault.xctoolchain/usr/bin/clang -x objective-c++ -ivfsstatcache /Users/karelbraborec/Library/Developer/Xcode/DerivedData/SDKStatCaches.noindex/iphonesimulator26.5-23F81a-6cfe768891a92b912361537c460fe42b.sdkstatcache -target x86_64-apple-ios15.1-simulator -fmessage-length\=0 -fdiagnostics-show-note-include-stack -fmacro-backtrace-limit\=0 -fno-color-diagnostics -fmodules-prune-interval\=86400 -fmodules-prune-after\=345600 -fbuild-session-file\=/Users/karelbraborec/Library/Developer/Xcode/DerivedData/ModuleCache.noindex/Session.modulevalidation -fmodules-validate-once-per-build-session -Wnon-modular-include-in-framework-module -Werror\=non-modular-include-in-framework-module -Wno-trigraphs -Wno-missing-field-initializers -Wno-missing-prototypes -Werror\=return-type -Wdocumentation -Wunreachable-code -Wno-implicit-atomic-properties -Werror\=deprecated-objc-isa-usage -Wno-objc-interface-ivars -Werror\=objc-root-class -Wno-arc-repeated-use-of-weak -Wimplicit-retain-self -Wno-non-virtual-dtor -Wno-overloaded-virtual -Wno-exit-time-destructors -Wduplicate-method-match -Wno-missing-braces -Wparentheses -Wswitch -Wunused-function -Wno-unused-label -Wno-unused-parameter -Wunused-variable -Wunused-value -Wempty-body -Wuninitialized -Wconditional-uninitialized -Wno-unknown-pragmas -Wno-shadow -Wno-four-char-constants -Wno-conversion -Wconstant-conversion -Wint-conversion -Wbool-conversion -Wenum-conversion -Wno-float-conversion -Wnon-literal-null-conversion -Wobjc-literal-conversion -Wshorten-64-to-32 -Wno-newline-eof -Wno-selector -Wno-strict-selector-match -Wundeclared-selector -Wdeprecated-implementations -Wno-c++11-extensions -Wno-implicit-fallthrough -isysroot /Applications/Xcode.app/Contents/Developer/Platforms/iPhoneSimulator.platform/Developer/SDKs/iPhoneSimulator26.5.sdk -fstrict-aliasing -Wprotocol -Wdeprecated-declarations -Winvalid-offsetof -Wno-sign-conversion -Winfinite-recursion -Wmove -Wcomma -Wblock-capture-autoreleasing -Wstrict-prototypes -Wrange-loop-analysis -Wno-semicolon-before-method-body -Wunguarded-availability -index-store-path /Users/karelbraborec/Library/Developer/Xcode/DerivedData/revmeter-hbcnswmlqmbpnlazhhkncgeowiss/Index.noindex/DataStore @/Users/karelbraborec/Library/Developer/Xcode/DerivedData/revmeter-hbcnswmlqmbpnlazhhkncgeowiss/Build/Intermediates.noindex/Pods.build/Debug-iphonesimulator/RNScreens.build/Objects-normal/x86_64/af3fcb34312c57c0f52879cdce924b91-common-args.resp -DRCT_NEW_ARCH_ENABLED\=1 -include /Users/karelbraborec/rev-meter/ios/Pods/Target\ Support\ Files/RNScreens/RNScreens-prefix.pch -MMD -MT dependencies -MF /Users/karelbraborec/Library/Developer/Xcode/DerivedData/revmeter-hbcnswmlqmbpnlazhhkncgeowiss/Build/Intermediates.noindex/Pods.build/Debug-iphonesimulator/RNScreens.build/Objects-normal/x86_64/RNSSplitHostComponentEventEmitter.d --serialize-diagnostics /Users/karelbraborec/Library/Developer/Xcode/DerivedData/revmeter-hbcnswmlqmbpnlazhhkncgeowiss/Build/Intermediates.noindex/Pods.build/Debug-iphonesimulator/RNScreens.build/Objects-normal/x86_64/RNSSplitHostComponentEventEmitter.dia -c /Users/karelbraborec/rev-meter/node_modules/react-native-screens/ios/gamma/split/RNSSplitHostComponentEventEmitter.mm -o /Users/karelbraborec/Library/Developer/Xcode/DerivedData/revmeter-hbcnswmlqmbpnlazhhkncgeowiss/Build/Intermediates.noindex/Pods.build/Debug-iphonesimulator/RNScreens.build/Objects-normal/x86_64/RNSSplitHostComponentEventEmitter.o -index-unit-output-path /Pods.build/Debug-iphonesimulator/RNScreens.build/Objects-normal/x86_64/RNSSplitHostComponentEventEmitter.o

CompileC /Users/karelbraborec/Library/Developer/Xcode/DerivedData/revmeter-hbcnswmlqmbpnlazhhkncgeowiss/Build/Intermediates.noindex/Pods.build/Debug-iphonesimulator/RNScreens.build/Objects-normal/x86_64/RNSSearchBar.o /Users/karelbraborec/rev-meter/node_modules/react-native-screens/ios/RNSSearchBar.mm normal x86_64 objective-c++ com.apple.compilers.llvm.clang.1_0.compiler (in target 'RNScreens' from project 'Pods')
    cd /Users/karelbraborec/rev-meter/ios/Pods
    
    Using response file: /Users/karelbraborec/Library/Developer/Xcode/DerivedData/revmeter-hbcnswmlqmbpnlazhhkncgeowiss/Build/Intermediates.noindex/Pods.build/Debug-iphonesimulator/RNScreens.build/Objects-normal/x86_64/af3fcb34312c57c0f52879cdce924b91-common-args.resp
    
    /Applications/Xcode.app/Contents/Developer/Toolchains/XcodeDefault.xctoolchain/usr/bin/clang -x objective-c++ -ivfsstatcache /Users/karelbraborec/Library/Developer/Xcode/DerivedData/SDKStatCaches.noindex/iphonesimulator26.5-23F81a-6cfe768891a92b912361537c460fe42b.sdkstatcache -target x86_64-apple-ios15.1-simulator -fmessage-length\=0 -fdiagnostics-show-note-include-stack -fmacro-backtrace-limit\=0 -fno-color-diagnostics -fmodules-prune-interval\=86400 -fmodules-prune-after\=345600 -fbuild-session-file\=/Users/karelbraborec/Library/Developer/Xcode/DerivedData/ModuleCache.noindex/Session.modulevalidation -fmodules-validate-once-per-build-session -Wnon-modular-include-in-framework-module -Werror\=non-modular-include-in-framework-module -Wno-trigraphs -Wno-missing-field-initializers -Wno-missing-prototypes -Werror\=return-type -Wdocumentation -Wunreachable-code -Wno-implicit-atomic-properties -Werror\=deprecated-objc-isa-usage -Wno-objc-interface-ivars -Werror\=objc-root-class -Wno-arc-repeated-use-of-weak -Wimplicit-retain-self -Wno-non-virtual-dtor -Wno-overloaded-virtual -Wno-exit-time-destructors -Wduplicate-method-match -Wno-missing-braces -Wparentheses -Wswitch -Wunused-function -Wno-unused-label -Wno-unused-parameter -Wunused-variable -Wunused-value -Wempty-body -Wuninitialized -Wconditional-uninitialized -Wno-unknown-pragmas -Wno-shadow -Wno-four-char-constants -Wno-conversion -Wconstant-conversion -Wint-conversion -Wbool-conversion -Wenum-conversion -Wno-float-conversion -Wnon-literal-null-conversion -Wobjc-literal-conversion -Wshorten-64-to-32 -Wno-newline-eof -Wno-selector -Wno-strict-selector-match -Wundeclared-selector -Wdeprecated-implementations -Wno-c++11-extensions -Wno-implicit-fallthrough -isysroot /Applications/Xcode.app/Contents/Developer/Platforms/iPhoneSimulator.platform/Developer/SDKs/iPhoneSimulator26.5.sdk -fstrict-aliasing -Wprotocol -Wdeprecated-declarations -Winvalid-offsetof -Wno-sign-conversion -Winfinite-recursion -Wmove -Wcomma -Wblock-capture-autoreleasing -Wstrict-prototypes -Wrange-loop-analysis -Wno-semicolon-before-method-body -Wunguarded-availability -index-store-path /Users/karelbraborec/Library/Developer/Xcode/DerivedData/revmeter-hbcnswmlqmbpnlazhhkncgeowiss/Index.noindex/DataStore @/Users/karelbraborec/Library/Developer/Xcode/DerivedData/revmeter-hbcnswmlqmbpnlazhhkncgeowiss/Build/Intermediates.noindex/Pods.build/Debug-iphonesimulator/RNScreens.build/Objects-normal/x86_64/af3fcb34312c57c0f52879cdce924b91-common-args.resp -DRCT_NEW_ARCH_ENABLED\=1 -include /Users/karelbraborec/rev-meter/ios/Pods/Target\ Support\ Files/RNScreens/RNScreens-prefix.pch -MMD -MT dependencies -MF /Users/karelbraborec/Library/Developer/Xcode/DerivedData/revmeter-hbcnswmlqmbpnlazhhkncgeowiss/Build/Intermediates.noindex/Pods.build/Debug-iphonesimulator/RNScreens.build/Objects-normal/x86_64/RNSSearchBar.d --serialize-diagnostics /Users/karelbraborec/Library/Developer/Xcode/DerivedData/revmeter-hbcnswmlqmbpnlazhhkncgeowiss/Build/Intermediates.noindex/Pods.build/Debug-iphonesimulator/RNScreens.build/Objects-normal/x86_64/RNSSearchBar.dia -c /Users/karelbraborec/rev-meter/node_modules/react-native-screens/ios/RNSSearchBar.mm -o /Users/karelbraborec/Library/Developer/Xcode/DerivedData/revmeter-hbcnswmlqmbpnlazhhkncgeowiss/Build/Intermediates.noindex/Pods.build/Debug-iphonesimulator/RNScreens.build/Objects-normal/x86_64/RNSSearchBar.o -index-unit-output-path /Pods.build/Debug-iphonesimulator/RNScreens.build/Objects-normal/x86_64/RNSSearchBar.o

CompileC /Users/karelbraborec/Library/Developer/Xcode/DerivedData/revmeter-hbcnswmlqmbpnlazhhkncgeowiss/Build/Intermediates.noindex/Pods.build/Debug-iphonesimulator/RNScreens.build/Objects-normal/x86_64/RNSScrollViewMarkerComponentView.o /Users/karelbraborec/rev-meter/node_modules/react-native-screens/ios/gamma/scroll-view-marker/RNSScrollViewMarkerComponentView.mm normal x86_64 objective-c++ com.apple.compilers.llvm.clang.1_0.compiler (in target 'RNScreens' from project 'Pods')
    cd /Users/karelbraborec/rev-meter/ios/Pods
    
    Using response file: /Users/karelbraborec/Library/Developer/Xcode/DerivedData/revmeter-hbcnswmlqmbpnlazhhkncgeowiss/Build/Intermediates.noindex/Pods.build/Debug-iphonesimulator/RNScreens.build/Objects-normal/x86_64/af3fcb34312c57c0f52879cdce924b91-common-args.resp
    
    /Applications/Xcode.app/Contents/Developer/Toolchains/XcodeDefault.xctoolchain/usr/bin/clang -x objective-c++ -ivfsstatcache /Users/karelbraborec/Library/Developer/Xcode/DerivedData/SDKStatCaches.noindex/iphonesimulator26.5-23F81a-6cfe768891a92b912361537c460fe42b.sdkstatcache -target x86_64-apple-ios15.1-simulator -fmessage-length\=0 -fdiagnostics-show-note-include-stack -fmacro-backtrace-limit\=0 -fno-color-diagnostics -fmodules-prune-interval\=86400 -fmodules-prune-after\=345600 -fbuild-session-file\=/Users/karelbraborec/Library/Developer/Xcode/DerivedData/ModuleCache.noindex/Session.modulevalidation -fmodules-validate-once-per-build-session -Wnon-modular-include-in-framework-module -Werror\=non-modular-include-in-framework-module -Wno-trigraphs -Wno-missing-field-initializers -Wno-missing-prototypes -Werror\=return-type -Wdocumentation -Wunreachable-code -Wno-implicit-atomic-properties -Werror\=deprecated-objc-isa-usage -Wno-objc-interface-ivars -Werror\=objc-root-class -Wno-arc-repeated-use-of-weak -Wimplicit-retain-self -Wno-non-virtual-dtor -Wno-overloaded-virtual -Wno-exit-time-destructors -Wduplicate-method-match -Wno-missing-braces -Wparentheses -Wswitch -Wunused-function -Wno-unused-label -Wno-unused-parameter -Wunused-variable -Wunused-value -Wempty-body -Wuninitialized -Wconditional-uninitialized -Wno-unknown-pragmas -Wno-shadow -Wno-four-char-constants -Wno-conversion -Wconstant-conversion -Wint-conversion -Wbool-conversion -Wenum-conversion -Wno-float-conversion -Wnon-literal-null-conversion -Wobjc-literal-conversion -Wshorten-64-to-32 -Wno-newline-eof -Wno-selector -Wno-strict-selector-match -Wundeclared-selector -Wdeprecated-implementations -Wno-c++11-extensions -Wno-implicit-fallthrough -isysroot /Applications/Xcode.app/Contents/Developer/Platforms/iPhoneSimulator.platform/Developer/SDKs/iPhoneSimulator26.5.sdk -fstrict-aliasing -Wprotocol -Wdeprecated-declarations -Winvalid-offsetof -Wno-sign-conversion -Winfinite-recursion -Wmove -Wcomma -Wblock-capture-autoreleasing -Wstrict-prototypes -Wrange-loop-analysis -Wno-semicolon-before-method-body -Wunguarded-availability -index-store-path /Users/karelbraborec/Library/Developer/Xcode/DerivedData/revmeter-hbcnswmlqmbpnlazhhkncgeowiss/Index.noindex/DataStore @/Users/karelbraborec/Library/Developer/Xcode/DerivedData/revmeter-hbcnswmlqmbpnlazhhkncgeowiss/Build/Intermediates.noindex/Pods.build/Debug-iphonesimulator/RNScreens.build/Objects-normal/x86_64/af3fcb34312c57c0f52879cdce924b91-common-args.resp -DRCT_NEW_ARCH_ENABLED\=1 -include /Users/karelbraborec/rev-meter/ios/Pods/Target\ Support\ Files/RNScreens/RNScreens-prefix.pch -MMD -MT dependencies -MF /Users/karelbraborec/Library/Developer/Xcode/DerivedData/revmeter-hbcnswmlqmbpnlazhhkncgeowiss/Build/Intermediates.noindex/Pods.build/Debug-iphonesimulator/RNScreens.build/Objects-normal/x86_64/RNSScrollViewMarkerComponentView.d --serialize-diagnostics /Users/karelbraborec/Library/Developer/Xcode/DerivedData/revmeter-hbcnswmlqmbpnlazhhkncgeowiss/Build/Intermediates.noindex/Pods.build/Debug-iphonesimulator/RNScreens.build/Objects-normal/x86_64/RNSScrollViewMarkerComponentView.dia -c /Users/karelbraborec/rev-meter/node_modules/react-native-screens/ios/gamma/scroll-view-marker/RNSScrollViewMarkerComponentView.mm -o /Users/karelbraborec/Library/Developer/Xcode/DerivedData/revmeter-hbcnswmlqmbpnlazhhkncgeowiss/Build/Intermediates.noindex/Pods.build/Debug-iphonesimulator/RNScreens.build/Objects-normal/x86_64/RNSScrollViewMarkerComponentView.o -index-unit-output-path /Pods.build/Debug-iphonesimulator/RNScreens.build/Objects-normal/x86_64/RNSScrollViewMarkerComponentView.o
In file included from /Users/karelbraborec/rev-meter/node_modules/react-native-screens/ios/gamma/scroll-view-marker/RNSScrollViewMarkerComponentView.mm:7:
In file included from /Users/karelbraborec/rev-meter/ios/Pods/Headers/Public/React-RCTFabric/React/RCTMountingTransactionObserving.h:10:
In file included from /Users/karelbraborec/rev-meter/ios/Pods/Headers/Public/React-Fabric/react/renderer/mounting/MountingTransaction.h:10:
/Users/karelbraborec/rev-meter/ios/Pods/Headers/Public/React-Fabric/react/renderer/mounting/ShadowViewMutation.h:46:7: warning: declaration is marked with '@deprecated' command but does not have a deprecation attribute [-Wdocumentation-deprecated-sync]
   46 |    * @deprecated Pass parentTag instead of parentShadowView.
      |      ~^~~~~~~~~~~~~~~~~~~~~~~~~~~~~~~~~~~~~~~~~~~~~~~~~~~~~~
/Users/karelbraborec/rev-meter/ios/Pods/Headers/Public/React-Fabric/react/renderer/mounting/ShadowViewMutation.h:48:3: note: add a deprecation attribute to the declaration to silence this warning
   48 |   static ShadowViewMutation InsertMutation(const ShadowView &parentShadowView, ShadowView childShadowView, int index)
      |   ^
      |   FMT_DEPRECATED 
/Users/karelbraborec/rev-meter/ios/Pods/Headers/Public/React-Fabric/react/renderer/mounting/ShadowViewMutation.h:60:7: warning: declaration is marked with '@deprecated' command but does not have a deprecation attribute [-Wdocumentation-deprecated-sync]
   60 |    * @deprecated Pass parentTag instead of parentShadowView.
      |      ~^~~~~~~~~~~~~~~~~~~~~~~~~~~~~~~~~~~~~~~~~~~~~~~~~~~~~~
/Users/karelbraborec/rev-meter/ios/Pods/Headers/Public/React-Fabric/react/renderer/mounting/ShadowViewMutation.h:62:3: note: add a deprecation attribute to the declaration to silence this warning
   62 |   static ShadowViewMutation RemoveMutation(const ShadowView &parentShadowView, ShadowView childShadowView, int index)
      |   ^
      |   FMT_DEPRECATED 
/Users/karelbraborec/rev-meter/ios/Pods/Headers/Public/React-Fabric/react/renderer/mounting/ShadowViewMutation.h:74:7: warning: declaration is marked with '@deprecated' command but does not have a deprecation attribute [-Wdocumentation-deprecated-sync]
   74 |    * @deprecated Pass parentTag instead of parentShadowView.
      |      ~^~~~~~~~~~~~~~~~~~~~~~~~~~~~~~~~~~~~~~~~~~~~~~~~~~~~~~
/Users/karelbraborec/rev-meter/ios/Pods/Headers/Public/React-Fabric/react/renderer/mounting/ShadowViewMutation.h:76:3: note: add a deprecation attribute to the declaration to silence this warning
   76 |   static ShadowViewMutation
      |   ^
      |   FMT_DEPRECATED 
3 warnings generated.

CompileC /Users/karelbraborec/Library/Developer/Xcode/DerivedData/revmeter-hbcnswmlqmbpnlazhhkncgeowiss/Build/Intermediates.noindex/Pods.build/Debug-iphonesimulator/RNScreens.build/Objects-normal/x86_64/RNSScrollViewHelper.o /Users/karelbraborec/rev-meter/node_modules/react-native-screens/ios/helpers/scroll-view/RNSScrollViewHelper.mm normal x86_64 objective-c++ com.apple.compilers.llvm.clang.1_0.compiler (in target 'RNScreens' from project 'Pods')
    cd /Users/karelbraborec/rev-meter/ios/Pods
    
    Using response file: /Users/karelbraborec/Library/Developer/Xcode/DerivedData/revmeter-hbcnswmlqmbpnlazhhkncgeowiss/Build/Intermediates.noindex/Pods.build/Debug-iphonesimulator/RNScreens.build/Objects-normal/x86_64/af3fcb34312c57c0f52879cdce924b91-common-args.resp
    
    /Applications/Xcode.app/Contents/Developer/Toolchains/XcodeDefault.xctoolchain/usr/bin/clang -x objective-c++ -ivfsstatcache /Users/karelbraborec/Library/Developer/Xcode/DerivedData/SDKStatCaches.noindex/iphonesimulator26.5-23F81a-6cfe768891a92b912361537c460fe42b.sdkstatcache -target x86_64-apple-ios15.1-simulator -fmessage-length\=0 -fdiagnostics-show-note-include-stack -fmacro-backtrace-limit\=0 -fno-color-diagnostics -fmodules-prune-interval\=86400 -fmodules-prune-after\=345600 -fbuild-session-file\=/Users/karelbraborec/Library/Developer/Xcode/DerivedData/ModuleCache.noindex/Session.modulevalidation -fmodules-validate-once-per-build-session -Wnon-modular-include-in-framework-module -Werror\=non-modular-include-in-framework-module -Wno-trigraphs -Wno-missing-field-initializers -Wno-missing-prototypes -Werror\=return-type -Wdocumentation -Wunreachable-code -Wno-implicit-atomic-properties -Werror\=deprecated-objc-isa-usage -Wno-objc-interface-ivars -Werror\=objc-root-class -Wno-arc-repeated-use-of-weak -Wimplicit-retain-self -Wno-non-virtual-dtor -Wno-overloaded-virtual -Wno-exit-time-destructors -Wduplicate-method-match -Wno-missing-braces -Wparentheses -Wswitch -Wunused-function -Wno-unused-label -Wno-unused-parameter -Wunused-variable -Wunused-value -Wempty-body -Wuninitialized -Wconditional-uninitialized -Wno-unknown-pragmas -Wno-shadow -Wno-four-char-constants -Wno-conversion -Wconstant-conversion -Wint-conversion -Wbool-conversion -Wenum-conversion -Wno-float-conversion -Wnon-literal-null-conversion -Wobjc-literal-conversion -Wshorten-64-to-32 -Wno-newline-eof -Wno-selector -Wno-strict-selector-match -Wundeclared-selector -Wdeprecated-implementations -Wno-c++11-extensions -Wno-implicit-fallthrough -isysroot /Applications/Xcode.app/Contents/Developer/Platforms/iPhoneSimulator.platform/Developer/SDKs/iPhoneSimulator26.5.sdk -fstrict-aliasing -Wprotocol -Wdeprecated-declarations -Winvalid-offsetof -Wno-sign-conversion -Winfinite-recursion -Wmove -Wcomma -Wblock-capture-autoreleasing -Wstrict-prototypes -Wrange-loop-analysis -Wno-semicolon-before-method-body -Wunguarded-availability -index-store-path /Users/karelbraborec/Library/Developer/Xcode/DerivedData/revmeter-hbcnswmlqmbpnlazhhkncgeowiss/Index.noindex/DataStore @/Users/karelbraborec/Library/Developer/Xcode/DerivedData/revmeter-hbcnswmlqmbpnlazhhkncgeowiss/Build/Intermediates.noindex/Pods.build/Debug-iphonesimulator/RNScreens.build/Objects-normal/x86_64/af3fcb34312c57c0f52879cdce924b91-common-args.resp -DRCT_NEW_ARCH_ENABLED\=1 -include /Users/karelbraborec/rev-meter/ios/Pods/Target\ Support\ Files/RNScreens/RNScreens-prefix.pch -MMD -MT dependencies -MF /Users/karelbraborec/Library/Developer/Xcode/DerivedData/revmeter-hbcnswmlqmbpnlazhhkncgeowiss/Build/Intermediates.noindex/Pods.build/Debug-iphonesimulator/RNScreens.build/Objects-normal/x86_64/RNSScrollViewHelper.d --serialize-diagnostics /Users/karelbraborec/Library/Developer/Xcode/DerivedData/revmeter-hbcnswmlqmbpnlazhhkncgeowiss/Build/Intermediates.noindex/Pods.build/Debug-iphonesimulator/RNScreens.build/Objects-normal/x86_64/RNSScrollViewHelper.dia -c /Users/karelbraborec/rev-meter/node_modules/react-native-screens/ios/helpers/scroll-view/RNSScrollViewHelper.mm -o /Users/karelbraborec/Library/Developer/Xcode/DerivedData/revmeter-hbcnswmlqmbpnlazhhkncgeowiss/Build/Intermediates.noindex/Pods.build/Debug-iphonesimulator/RNScreens.build/Objects-normal/x86_64/RNSScrollViewHelper.o -index-unit-output-path /Pods.build/Debug-iphonesimulator/RNScreens.build/Objects-normal/x86_64/RNSScrollViewHelper.o

CompileC /Users/karelbraborec/Library/Developer/Xcode/DerivedData/revmeter-hbcnswmlqmbpnlazhhkncgeowiss/Build/Intermediates.noindex/Pods.build/Debug-iphonesimulator/RNScreens.build/Objects-normal/x86_64/RNSScrollViewFinder.o /Users/karelbraborec/rev-meter/node_modules/react-native-screens/ios/helpers/scroll-view/RNSScrollViewFinder.mm normal x86_64 objective-c++ com.apple.compilers.llvm.clang.1_0.compiler (in target 'RNScreens' from project 'Pods')
    cd /Users/karelbraborec/rev-meter/ios/Pods
    
    Using response file: /Users/karelbraborec/Library/Developer/Xcode/DerivedData/revmeter-hbcnswmlqmbpnlazhhkncgeowiss/Build/Intermediates.noindex/Pods.build/Debug-iphonesimulator/RNScreens.build/Objects-normal/x86_64/af3fcb34312c57c0f52879cdce924b91-common-args.resp
    
    /Applications/Xcode.app/Contents/Developer/Toolchains/XcodeDefault.xctoolchain/usr/bin/clang -x objective-c++ -ivfsstatcache /Users/karelbraborec/Library/Developer/Xcode/DerivedData/SDKStatCaches.noindex/iphonesimulator26.5-23F81a-6cfe768891a92b912361537c460fe42b.sdkstatcache -target x86_64-apple-ios15.1-simulator -fmessage-length\=0 -fdiagnostics-show-note-include-stack -fmacro-backtrace-limit\=0 -fno-color-diagnostics -fmodules-prune-interval\=86400 -fmodules-prune-after\=345600 -fbuild-session-file\=/Users/karelbraborec/Library/Developer/Xcode/DerivedData/ModuleCache.noindex/Session.modulevalidation -fmodules-validate-once-per-build-session -Wnon-modular-include-in-framework-module -Werror\=non-modular-include-in-framework-module -Wno-trigraphs -Wno-missing-field-initializers -Wno-missing-prototypes -Werror\=return-type -Wdocumentation -Wunreachable-code -Wno-implicit-atomic-properties -Werror\=deprecated-objc-isa-usage -Wno-objc-interface-ivars -Werror\=objc-root-class -Wno-arc-repeated-use-of-weak -Wimplicit-retain-self -Wno-non-virtual-dtor -Wno-overloaded-virtual -Wno-exit-time-destructors -Wduplicate-method-match -Wno-missing-braces -Wparentheses -Wswitch -Wunused-function -Wno-unused-label -Wno-unused-parameter -Wunused-variable -Wunused-value -Wempty-body -Wuninitialized -Wconditional-uninitialized -Wno-unknown-pragmas -Wno-shadow -Wno-four-char-constants -Wno-conversion -Wconstant-conversion -Wint-conversion -Wbool-conversion -Wenum-conversion -Wno-float-conversion -Wnon-literal-null-conversion -Wobjc-literal-conversion -Wshorten-64-to-32 -Wno-newline-eof -Wno-selector -Wno-strict-selector-match -Wundeclared-selector -Wdeprecated-implementations -Wno-c++11-extensions -Wno-implicit-fallthrough -isysroot /Applications/Xcode.app/Contents/Developer/Platforms/iPhoneSimulator.platform/Developer/SDKs/iPhoneSimulator26.5.sdk -fstrict-aliasing -Wprotocol -Wdeprecated-declarations -Winvalid-offsetof -Wno-sign-conversion -Winfinite-recursion -Wmove -Wcomma -Wblock-capture-autoreleasing -Wstrict-prototypes -Wrange-loop-analysis -Wno-semicolon-before-method-body -Wunguarded-availability -index-store-path /Users/karelbraborec/Library/Developer/Xcode/DerivedData/revmeter-hbcnswmlqmbpnlazhhkncgeowiss/Index.noindex/DataStore @/Users/karelbraborec/Library/Developer/Xcode/DerivedData/revmeter-hbcnswmlqmbpnlazhhkncgeowiss/Build/Intermediates.noindex/Pods.build/Debug-iphonesimulator/RNScreens.build/Objects-normal/x86_64/af3fcb34312c57c0f52879cdce924b91-common-args.resp -DRCT_NEW_ARCH_ENABLED\=1 -include /Users/karelbraborec/rev-meter/ios/Pods/Target\ Support\ Files/RNScreens/RNScreens-prefix.pch -MMD -MT dependencies -MF /Users/karelbraborec/Library/Developer/Xcode/DerivedData/revmeter-hbcnswmlqmbpnlazhhkncgeowiss/Build/Intermediates.noindex/Pods.build/Debug-iphonesimulator/RNScreens.build/Objects-normal/x86_64/RNSScrollViewFinder.d --serialize-diagnostics /Users/karelbraborec/Library/Developer/Xcode/DerivedData/revmeter-hbcnswmlqmbpnlazhhkncgeowiss/Build/Intermediates.noindex/Pods.build/Debug-iphonesimulator/RNScreens.build/Objects-normal/x86_64/RNSScrollViewFinder.dia -c /Users/karelbraborec/rev-meter/node_modules/react-native-screens/ios/helpers/scroll-view/RNSScrollViewFinder.mm -o /Users/karelbraborec/Library/Developer/Xcode/DerivedData/revmeter-hbcnswmlqmbpnlazhhkncgeowiss/Build/Intermediates.noindex/Pods.build/Debug-iphonesimulator/RNScreens.build/Objects-normal/x86_64/RNSScrollViewFinder.o -index-unit-output-path /Pods.build/Debug-iphonesimulator/RNScreens.build/Objects-normal/x86_64/RNSScrollViewFinder.o

CompileC /Users/karelbraborec/Library/Developer/Xcode/DerivedData/revmeter-hbcnswmlqmbpnlazhhkncgeowiss/Build/Intermediates.noindex/Pods.build/Debug-iphonesimulator/RNScreens.build/Objects-normal/x86_64/RNSScrollEdgeEffectApplicator.o /Users/karelbraborec/rev-meter/node_modules/react-native-screens/ios/helpers/scroll-view/RNSScrollEdgeEffectApplicator.mm normal x86_64 objective-c++ com.apple.compilers.llvm.clang.1_0.compiler (in target 'RNScreens' from project 'Pods')
    cd /Users/karelbraborec/rev-meter/ios/Pods
    
    Using response file: /Users/karelbraborec/Library/Developer/Xcode/DerivedData/revmeter-hbcnswmlqmbpnlazhhkncgeowiss/Build/Intermediates.noindex/Pods.build/Debug-iphonesimulator/RNScreens.build/Objects-normal/x86_64/af3fcb34312c57c0f52879cdce924b91-common-args.resp
    
    /Applications/Xcode.app/Contents/Developer/Toolchains/XcodeDefault.xctoolchain/usr/bin/clang -x objective-c++ -ivfsstatcache /Users/karelbraborec/Library/Developer/Xcode/DerivedData/SDKStatCaches.noindex/iphonesimulator26.5-23F81a-6cfe768891a92b912361537c460fe42b.sdkstatcache -target x86_64-apple-ios15.1-simulator -fmessage-length\=0 -fdiagnostics-show-note-include-stack -fmacro-backtrace-limit\=0 -fno-color-diagnostics -fmodules-prune-interval\=86400 -fmodules-prune-after\=345600 -fbuild-session-file\=/Users/karelbraborec/Library/Developer/Xcode/DerivedData/ModuleCache.noindex/Session.modulevalidation -fmodules-validate-once-per-build-session -Wnon-modular-include-in-framework-module -Werror\=non-modular-include-in-framework-module -Wno-trigraphs -Wno-missing-field-initializers -Wno-missing-prototypes -Werror\=return-type -Wdocumentation -Wunreachable-code -Wno-implicit-atomic-properties -Werror\=deprecated-objc-isa-usage -Wno-objc-interface-ivars -Werror\=objc-root-class -Wno-arc-repeated-use-of-weak -Wimplicit-retain-self -Wno-non-virtual-dtor -Wno-overloaded-virtual -Wno-exit-time-destructors -Wduplicate-method-match -Wno-missing-braces -Wparentheses -Wswitch -Wunused-function -Wno-unused-label -Wno-unused-parameter -Wunused-variable -Wunused-value -Wempty-body -Wuninitialized -Wconditional-uninitialized -Wno-unknown-pragmas -Wno-shadow -Wno-four-char-constants -Wno-conversion -Wconstant-conversion -Wint-conversion -Wbool-conversion -Wenum-conversion -Wno-float-conversion -Wnon-literal-null-conversion -Wobjc-literal-conversion -Wshorten-64-to-32 -Wno-newline-eof -Wno-selector -Wno-strict-selector-match -Wundeclared-selector -Wdeprecated-implementations -Wno-c++11-extensions -Wno-implicit-fallthrough -isysroot /Applications/Xcode.app/Contents/Developer/Platforms/iPhoneSimulator.platform/Developer/SDKs/iPhoneSimulator26.5.sdk -fstrict-aliasing -Wprotocol -Wdeprecated-declarations -Winvalid-offsetof -Wno-sign-conversion -Winfinite-recursion -Wmove -Wcomma -Wblock-capture-autoreleasing -Wstrict-prototypes -Wrange-loop-analysis -Wno-semicolon-before-method-body -Wunguarded-availability -index-store-path /Users/karelbraborec/Library/Developer/Xcode/DerivedData/revmeter-hbcnswmlqmbpnlazhhkncgeowiss/Index.noindex/DataStore @/Users/karelbraborec/Library/Developer/Xcode/DerivedData/revmeter-hbcnswmlqmbpnlazhhkncgeowiss/Build/Intermediates.noindex/Pods.build/Debug-iphonesimulator/RNScreens.build/Objects-normal/x86_64/af3fcb34312c57c0f52879cdce924b91-common-args.resp -DRCT_NEW_ARCH_ENABLED\=1 -include /Users/karelbraborec/rev-meter/ios/Pods/Target\ Support\ Files/RNScreens/RNScreens-prefix.pch -MMD -MT dependencies -MF /Users/karelbraborec/Library/Developer/Xcode/DerivedData/revmeter-hbcnswmlqmbpnlazhhkncgeowiss/Build/Intermediates.noindex/Pods.build/Debug-iphonesimulator/RNScreens.build/Objects-normal/x86_64/RNSScrollEdgeEffectApplicator.d --serialize-diagnostics /Users/karelbraborec/Library/Developer/Xcode/DerivedData/revmeter-hbcnswmlqmbpnlazhhkncgeowiss/Build/Intermediates.noindex/Pods.build/Debug-iphonesimulator/RNScreens.build/Objects-normal/x86_64/RNSScrollEdgeEffectApplicator.dia -c /Users/karelbraborec/rev-meter/node_modules/react-native-screens/ios/helpers/scroll-view/RNSScrollEdgeEffectApplicator.mm -o /Users/karelbraborec/Library/Developer/Xcode/DerivedData/revmeter-hbcnswmlqmbpnlazhhkncgeowiss/Build/Intermediates.noindex/Pods.build/Debug-iphonesimulator/RNScreens.build/Objects-normal/x86_64/RNSScrollEdgeEffectApplicator.o -index-unit-output-path /Pods.build/Debug-iphonesimulator/RNScreens.build/Objects-normal/x86_64/RNSScrollEdgeEffectApplicator.o

CompileC /Users/karelbraborec/Library/Developer/Xcode/DerivedData/revmeter-hbcnswmlqmbpnlazhhkncgeowiss/Build/Intermediates.noindex/Pods.build/Debug-iphonesimulator/RNScreens.build/Objects-normal/x86_64/RNSScreenWindowTraits.o /Users/karelbraborec/rev-meter/node_modules/react-native-screens/ios/RNSScreenWindowTraits.mm normal x86_64 objective-c++ com.apple.compilers.llvm.clang.1_0.compiler (in target 'RNScreens' from project 'Pods')
    cd /Users/karelbraborec/rev-meter/ios/Pods
    
    Using response file: /Users/karelbraborec/Library/Developer/Xcode/DerivedData/revmeter-hbcnswmlqmbpnlazhhkncgeowiss/Build/Intermediates.noindex/Pods.build/Debug-iphonesimulator/RNScreens.build/Objects-normal/x86_64/af3fcb34312c57c0f52879cdce924b91-common-args.resp
    
    /Applications/Xcode.app/Contents/Developer/Toolchains/XcodeDefault.xctoolchain/usr/bin/clang -x objective-c++ -ivfsstatcache /Users/karelbraborec/Library/Developer/Xcode/DerivedData/SDKStatCaches.noindex/iphonesimulator26.5-23F81a-6cfe768891a92b912361537c460fe42b.sdkstatcache -target x86_64-apple-ios15.1-simulator -fmessage-length\=0 -fdiagnostics-show-note-include-stack -fmacro-backtrace-limit\=0 -fno-color-diagnostics -fmodules-prune-interval\=86400 -fmodules-prune-after\=345600 -fbuild-session-file\=/Users/karelbraborec/Library/Developer/Xcode/DerivedData/ModuleCache.noindex/Session.modulevalidation -fmodules-validate-once-per-build-session -Wnon-modular-include-in-framework-module -Werror\=non-modular-include-in-framework-module -Wno-trigraphs -Wno-missing-field-initializers -Wno-missing-prototypes -Werror\=return-type -Wdocumentation -Wunreachable-code -Wno-implicit-atomic-properties -Werror\=deprecated-objc-isa-usage -Wno-objc-interface-ivars -Werror\=objc-root-class -Wno-arc-repeated-use-of-weak -Wimplicit-retain-self -Wno-non-virtual-dtor -Wno-overloaded-virtual -Wno-exit-time-destructors -Wduplicate-method-match -Wno-missing-braces -Wparentheses -Wswitch -Wunused-function -Wno-unused-label -Wno-unused-parameter -Wunused-variable -Wunused-value -Wempty-body -Wuninitialized -Wconditional-uninitialized -Wno-unknown-pragmas -Wno-shadow -Wno-four-char-constants -Wno-conversion -Wconstant-conversion -Wint-conversion -Wbool-conversion -Wenum-conversion -Wno-float-conversion -Wnon-literal-null-conversion -Wobjc-literal-conversion -Wshorten-64-to-32 -Wno-newline-eof -Wno-selector -Wno-strict-selector-match -Wundeclared-selector -Wdeprecated-implementations -Wno-c++11-extensions -Wno-implicit-fallthrough -isysroot /Applications/Xcode.app/Contents/Developer/Platforms/iPhoneSimulator.platform/Developer/SDKs/iPhoneSimulator26.5.sdk -fstrict-aliasing -Wprotocol -Wdeprecated-declarations -Winvalid-offsetof -Wno-sign-conversion -Winfinite-recursion -Wmove -Wcomma -Wblock-capture-autoreleasing -Wstrict-prototypes -Wrange-loop-analysis -Wno-semicolon-before-method-body -Wunguarded-availability -index-store-path /Users/karelbraborec/Library/Developer/Xcode/DerivedData/revmeter-hbcnswmlqmbpnlazhhkncgeowiss/Index.noindex/DataStore @/Users/karelbraborec/Library/Developer/Xcode/DerivedData/revmeter-hbcnswmlqmbpnlazhhkncgeowiss/Build/Intermediates.noindex/Pods.build/Debug-iphonesimulator/RNScreens.build/Objects-normal/x86_64/af3fcb34312c57c0f52879cdce924b91-common-args.resp -DRCT_NEW_ARCH_ENABLED\=1 -include /Users/karelbraborec/rev-meter/ios/Pods/Target\ Support\ Files/RNScreens/RNScreens-prefix.pch -MMD -MT dependencies -MF /Users/karelbraborec/Library/Developer/Xcode/DerivedData/revmeter-hbcnswmlqmbpnlazhhkncgeowiss/Build/Intermediates.noindex/Pods.build/Debug-iphonesimulator/RNScreens.build/Objects-normal/x86_64/RNSScreenWindowTraits.d --serialize-diagnostics /Users/karelbraborec/Library/Developer/Xcode/DerivedData/revmeter-hbcnswmlqmbpnlazhhkncgeowiss/Build/Intermediates.noindex/Pods.build/Debug-iphonesimulator/RNScreens.build/Objects-normal/x86_64/RNSScreenWindowTraits.dia -c /Users/karelbraborec/rev-meter/node_modules/react-native-screens/ios/RNSScreenWindowTraits.mm -o /Users/karelbraborec/Library/Developer/Xcode/DerivedData/revmeter-hbcnswmlqmbpnlazhhkncgeowiss/Build/Intermediates.noindex/Pods.build/Debug-iphonesimulator/RNScreens.build/Objects-normal/x86_64/RNSScreenWindowTraits.o -index-unit-output-path /Pods.build/Debug-iphonesimulator/RNScreens.build/Objects-normal/x86_64/RNSScreenWindowTraits.o
/Users/karelbraborec/rev-meter/node_modules/react-native-screens/ios/RNSScreenWindowTraits.mm:157:77: warning: 'keyWindow' is deprecated: first deprecated in iOS 13.0 - Should not be used for applications that support multiple scenes as it returns a key window across all connected scenes [-Wdeprecated-declarations]
  157 |         UIViewController *topController = [UIApplication sharedApplication].keyWindow.rootViewController;
      |                                                                             ^
In file included from <built-in>:1:
In file included from /Users/karelbraborec/rev-meter/ios/Pods/Target Support Files/RNScreens/RNScreens-prefix.pch:2:
In file included from /Applications/Xcode.app/Contents/Developer/Platforms/iPhoneSimulator.platform/Developer/SDKs/iPhoneSimulator26.5.sdk/System/Library/Frameworks/UIKit.framework/Headers/UIKit.h:9:
In file included from /Applications/Xcode.app/Contents/Developer/Platforms/iPhoneSimulator.platform/Developer/SDKs/iPhoneSimulator26.5.sdk/System/Library/Frameworks/UIKit.framework/Headers/UIKitCore.h:34:
In file included from /Applications/Xcode.app/Contents/Developer/Platforms/iPhoneSimulator.platform/Developer/SDKs/iPhoneSimulator26.5.sdk/System/Library/Frameworks/UIKit.framework/Headers/UIAccessibility.h:20:
In file included from /Applications/Xcode.app/Contents/Developer/Platforms/iPhoneSimulator.platform/Developer/SDKs/iPhoneSimulator26.5.sdk/System/Library/Frameworks/UIKit.framework/Headers/UIAccessibilityElement.h:12:
In file included from /Applications/Xcode.app/Contents/Developer/Platforms/iPhoneSimulator.platform/Developer/SDKs/iPhoneSimulator26.5.sdk/System/Library/Frameworks/UIKit.framework/Headers/UIAccessibilityIdentification.h:13:
In file included from /Applications/Xcode.app/Contents/Developer/Platforms/iPhoneSimulator.platform/Developer/SDKs/iPhoneSimulator26.5.sdk/System/Library/Frameworks/UIKit.framework/Headers/UIAlertController.h:9:
In file included from /Applications/Xcode.app/Contents/Developer/Platforms/iPhoneSimulator.platform/Developer/SDKs/iPhoneSimulator26.5.sdk/System/Library/Frameworks/UIKit.framework/Headers/UIViewController.h:12:
/Applications/Xcode.app/Contents/Developer/Platforms/iPhoneSimulator.platform/Developer/SDKs/iPhoneSimulator26.5.sdk/System/Library/Frameworks/UIKit.framework/Headers/UIApplication.h:108:51: note: 'keyWindow' has been explicitly marked deprecated here
  108 | @property(nullable, nonatomic,readonly) UIWindow *keyWindow API_DEPRECATED("Should not be used for applications that support multiple scenes as it returns a key window across all connected scenes", ios(2.0, 13.0)) API_UNAVAILABLE(visionos, watchos);
      |                                                   ^
1 warning generated.

CompileC /Users/karelbraborec/Library/Developer/Xcode/DerivedData/revmeter-hbcnswmlqmbpnlazhhkncgeowiss/Build/Intermediates.noindex/Pods.build/Debug-iphonesimulator/RNScreens.build/Objects-normal/x86_64/RNSScreenViewEvent.o /Users/karelbraborec/rev-meter/node_modules/react-native-screens/ios/events/RNSScreenViewEvent.mm normal x86_64 objective-c++ com.apple.compilers.llvm.clang.1_0.compiler (in target 'RNScreens' from project 'Pods')
    cd /Users/karelbraborec/rev-meter/ios/Pods
    
    Using response file: /Users/karelbraborec/Library/Developer/Xcode/DerivedData/revmeter-hbcnswmlqmbpnlazhhkncgeowiss/Build/Intermediates.noindex/Pods.build/Debug-iphonesimulator/RNScreens.build/Objects-normal/x86_64/af3fcb34312c57c0f52879cdce924b91-common-args.resp
    
    /Applications/Xcode.app/Contents/Developer/Toolchains/XcodeDefault.xctoolchain/usr/bin/clang -x objective-c++ -ivfsstatcache /Users/karelbraborec/Library/Developer/Xcode/DerivedData/SDKStatCaches.noindex/iphonesimulator26.5-23F81a-6cfe768891a92b912361537c460fe42b.sdkstatcache -target x86_64-apple-ios15.1-simulator -fmessage-length\=0 -fdiagnostics-show-note-include-stack -fmacro-backtrace-limit\=0 -fno-color-diagnostics -fmodules-prune-interval\=86400 -fmodules-prune-after\=345600 -fbuild-session-file\=/Users/karelbraborec/Library/Developer/Xcode/DerivedData/ModuleCache.noindex/Session.modulevalidation -fmodules-validate-once-per-build-session -Wnon-modular-include-in-framework-module -Werror\=non-modular-include-in-framework-module -Wno-trigraphs -Wno-missing-field-initializers -Wno-missing-prototypes -Werror\=return-type -Wdocumentation -Wunreachable-code -Wno-implicit-atomic-properties -Werror\=deprecated-objc-isa-usage -Wno-objc-interface-ivars -Werror\=objc-root-class -Wno-arc-repeated-use-of-weak -Wimplicit-retain-self -Wno-non-virtual-dtor -Wno-overloaded-virtual -Wno-exit-time-destructors -Wduplicate-method-match -Wno-missing-braces -Wparentheses -Wswitch -Wunused-function -Wno-unused-label -Wno-unused-parameter -Wunused-variable -Wunused-value -Wempty-body -Wuninitialized -Wconditional-uninitialized -Wno-unknown-pragmas -Wno-shadow -Wno-four-char-constants -Wno-conversion -Wconstant-conversion -Wint-conversion -Wbool-conversion -Wenum-conversion -Wno-float-conversion -Wnon-literal-null-conversion -Wobjc-literal-conversion -Wshorten-64-to-32 -Wno-newline-eof -Wno-selector -Wno-strict-selector-match -Wundeclared-selector -Wdeprecated-implementations -Wno-c++11-extensions -Wno-implicit-fallthrough -isysroot /Applications/Xcode.app/Contents/Developer/Platforms/iPhoneSimulator.platform/Developer/SDKs/iPhoneSimulator26.5.sdk -fstrict-aliasing -Wprotocol -Wdeprecated-declarations -Winvalid-offsetof -Wno-sign-conversion -Winfinite-recursion -Wmove -Wcomma -Wblock-capture-autoreleasing -Wstrict-prototypes -Wrange-loop-analysis -Wno-semicolon-before-method-body -Wunguarded-availability -index-store-path /Users/karelbraborec/Library/Developer/Xcode/DerivedData/revmeter-hbcnswmlqmbpnlazhhkncgeowiss/Index.noindex/DataStore @/Users/karelbraborec/Library/Developer/Xcode/DerivedData/revmeter-hbcnswmlqmbpnlazhhkncgeowiss/Build/Intermediates.noindex/Pods.build/Debug-iphonesimulator/RNScreens.build/Objects-normal/x86_64/af3fcb34312c57c0f52879cdce924b91-common-args.resp -DRCT_NEW_ARCH_ENABLED\=1 -include /Users/karelbraborec/rev-meter/ios/Pods/Target\ Support\ Files/RNScreens/RNScreens-prefix.pch -MMD -MT dependencies -MF /Users/karelbraborec/Library/Developer/Xcode/DerivedData/revmeter-hbcnswmlqmbpnlazhhkncgeowiss/Build/Intermediates.noindex/Pods.build/Debug-iphonesimulator/RNScreens.build/Objects-normal/x86_64/RNSScreenViewEvent.d --serialize-diagnostics /Users/karelbraborec/Library/Developer/Xcode/DerivedData/revmeter-hbcnswmlqmbpnlazhhkncgeowiss/Build/Intermediates.noindex/Pods.build/Debug-iphonesimulator/RNScreens.build/Objects-normal/x86_64/RNSScreenViewEvent.dia -c /Users/karelbraborec/rev-meter/node_modules/react-native-screens/ios/events/RNSScreenViewEvent.mm -o /Users/karelbraborec/Library/Developer/Xcode/DerivedData/revmeter-hbcnswmlqmbpnlazhhkncgeowiss/Build/Intermediates.noindex/Pods.build/Debug-iphonesimulator/RNScreens.build/Objects-normal/x86_64/RNSScreenViewEvent.o -index-unit-output-path /Pods.build/Debug-iphonesimulator/RNScreens.build/Objects-normal/x86_64/RNSScreenViewEvent.o

CompileC /Users/karelbraborec/Library/Developer/Xcode/DerivedData/revmeter-hbcnswmlqmbpnlazhhkncgeowiss/Build/Intermediates.noindex/Pods.build/Debug-iphonesimulator/RNScreens.build/Objects-normal/x86_64/RNSScreenState.o /Users/karelbraborec/rev-meter/node_modules/react-native-screens/common/cpp/react/renderer/components/rnscreens/RNSScreenState.cpp normal x86_64 c++ com.apple.compilers.llvm.clang.1_0.compiler (in target 'RNScreens' from project 'Pods')
    cd /Users/karelbraborec/rev-meter/ios/Pods
    
    Using response file: /Users/karelbraborec/Library/Developer/Xcode/DerivedData/revmeter-hbcnswmlqmbpnlazhhkncgeowiss/Build/Intermediates.noindex/Pods.build/Debug-iphonesimulator/RNScreens.build/Objects-normal/x86_64/82b82416624d2658e5098eb0a28c15c5-common-args.resp
    
    /Applications/Xcode.app/Contents/Developer/Toolchains/XcodeDefault.xctoolchain/usr/bin/clang -x c++ -ivfsstatcache /Users/karelbraborec/Library/Developer/Xcode/DerivedData/SDKStatCaches.noindex/iphonesimulator26.5-23F81a-6cfe768891a92b912361537c460fe42b.sdkstatcache -target x86_64-apple-ios15.1-simulator -fmessage-length\=0 -fdiagnostics-show-note-include-stack -fmacro-backtrace-limit\=0 -fno-color-diagnostics -fmodules-prune-interval\=86400 -fmodules-prune-after\=345600 -fbuild-session-file\=/Users/karelbraborec/Library/Developer/Xcode/DerivedData/ModuleCache.noindex/Session.modulevalidation -fmodules-validate-once-per-build-session -Wnon-modular-include-in-framework-module -Werror\=non-modular-include-in-framework-module -Wno-trigraphs -Wno-missing-field-initializers -Wno-missing-prototypes -Werror\=return-type -Wdocumentation -Wunreachable-code -Werror\=deprecated-objc-isa-usage -Werror\=objc-root-class -Wno-non-virtual-dtor -Wno-overloaded-virtual -Wno-exit-time-destructors -Wno-missing-braces -Wparentheses -Wswitch -Wunused-function -Wno-unused-label -Wno-unused-parameter -Wunused-variable -Wunused-value -Wempty-body -Wuninitialized -Wconditional-uninitialized -Wno-unknown-pragmas -Wno-shadow -Wno-four-char-constants -Wno-conversion -Wconstant-conversion -Wint-conversion -Wbool-conversion -Wenum-conversion -Wno-float-conversion -Wnon-literal-null-conversion -Wobjc-literal-conversion -Wshorten-64-to-32 -Wno-newline-eof -Wno-c++11-extensions -Wno-implicit-fallthrough -isysroot /Applications/Xcode.app/Contents/Developer/Platforms/iPhoneSimulator.platform/Developer/SDKs/iPhoneSimulator26.5.sdk -fstrict-aliasing -Wdeprecated-declarations -Winvalid-offsetof -Wno-sign-conversion -Winfinite-recursion -Wmove -Wcomma -Wblock-capture-autoreleasing -Wstrict-prototypes -Wrange-loop-analysis -Wno-semicolon-before-method-body -Wunguarded-availability -index-store-path /Users/karelbraborec/Library/Developer/Xcode/DerivedData/revmeter-hbcnswmlqmbpnlazhhkncgeowiss/Index.noindex/DataStore @/Users/karelbraborec/Library/Developer/Xcode/DerivedData/revmeter-hbcnswmlqmbpnlazhhkncgeowiss/Build/Intermediates.noindex/Pods.build/Debug-iphonesimulator/RNScreens.build/Objects-normal/x86_64/82b82416624d2658e5098eb0a28c15c5-common-args.resp -DRCT_NEW_ARCH_ENABLED\=1 -include /Users/karelbraborec/rev-meter/ios/Pods/Target\ Support\ Files/RNScreens/RNScreens-prefix.pch -MMD -MT dependencies -MF /Users/karelbraborec/Library/Developer/Xcode/DerivedData/revmeter-hbcnswmlqmbpnlazhhkncgeowiss/Build/Intermediates.noindex/Pods.build/Debug-iphonesimulator/RNScreens.build/Objects-normal/x86_64/RNSScreenState.d --serialize-diagnostics /Users/karelbraborec/Library/Developer/Xcode/DerivedData/revmeter-hbcnswmlqmbpnlazhhkncgeowiss/Build/Intermediates.noindex/Pods.build/Debug-iphonesimulator/RNScreens.build/Objects-normal/x86_64/RNSScreenState.dia -c /Users/karelbraborec/rev-meter/node_modules/react-native-screens/common/cpp/react/renderer/components/rnscreens/RNSScreenState.cpp -o /Users/karelbraborec/Library/Developer/Xcode/DerivedData/revmeter-hbcnswmlqmbpnlazhhkncgeowiss/Build/Intermediates.noindex/Pods.build/Debug-iphonesimulator/RNScreens.build/Objects-normal/x86_64/RNSScreenState.o -index-unit-output-path /Pods.build/Debug-iphonesimulator/RNScreens.build/Objects-normal/x86_64/RNSScreenState.o

CompileC /Users/karelbraborec/Library/Developer/Xcode/DerivedData/revmeter-hbcnswmlqmbpnlazhhkncgeowiss/Build/Intermediates.noindex/Pods.build/Debug-iphonesimulator/RNScreens.build/Objects-normal/x86_64/RNSScreenStackHeaderSubviewState.o /Users/karelbraborec/rev-meter/node_modules/react-native-screens/common/cpp/react/renderer/components/rnscreens/RNSScreenStackHeaderSubviewState.cpp normal x86_64 c++ com.apple.compilers.llvm.clang.1_0.compiler (in target 'RNScreens' from project 'Pods')
    cd /Users/karelbraborec/rev-meter/ios/Pods
    
    Using response file: /Users/karelbraborec/Library/Developer/Xcode/DerivedData/revmeter-hbcnswmlqmbpnlazhhkncgeowiss/Build/Intermediates.noindex/Pods.build/Debug-iphonesimulator/RNScreens.build/Objects-normal/x86_64/82b82416624d2658e5098eb0a28c15c5-common-args.resp
    
    /Applications/Xcode.app/Contents/Developer/Toolchains/XcodeDefault.xctoolchain/usr/bin/clang -x c++ -ivfsstatcache /Users/karelbraborec/Library/Developer/Xcode/DerivedData/SDKStatCaches.noindex/iphonesimulator26.5-23F81a-6cfe768891a92b912361537c460fe42b.sdkstatcache -target x86_64-apple-ios15.1-simulator -fmessage-length\=0 -fdiagnostics-show-note-include-stack -fmacro-backtrace-limit\=0 -fno-color-diagnostics -fmodules-prune-interval\=86400 -fmodules-prune-after\=345600 -fbuild-session-file\=/Users/karelbraborec/Library/Developer/Xcode/DerivedData/ModuleCache.noindex/Session.modulevalidation -fmodules-validate-once-per-build-session -Wnon-modular-include-in-framework-module -Werror\=non-modular-include-in-framework-module -Wno-trigraphs -Wno-missing-field-initializers -Wno-missing-prototypes -Werror\=return-type -Wdocumentation -Wunreachable-code -Werror\=deprecated-objc-isa-usage -Werror\=objc-root-class -Wno-non-virtual-dtor -Wno-overloaded-virtual -Wno-exit-time-destructors -Wno-missing-braces -Wparentheses -Wswitch -Wunused-function -Wno-unused-label -Wno-unused-parameter -Wunused-variable -Wunused-value -Wempty-body -Wuninitialized -Wconditional-uninitialized -Wno-unknown-pragmas -Wno-shadow -Wno-four-char-constants -Wno-conversion -Wconstant-conversion -Wint-conversion -Wbool-conversion -Wenum-conversion -Wno-float-conversion -Wnon-literal-null-conversion -Wobjc-literal-conversion -Wshorten-64-to-32 -Wno-newline-eof -Wno-c++11-extensions -Wno-implicit-fallthrough -isysroot /Applications/Xcode.app/Contents/Developer/Platforms/iPhoneSimulator.platform/Developer/SDKs/iPhoneSimulator26.5.sdk -fstrict-aliasing -Wdeprecated-declarations -Winvalid-offsetof -Wno-sign-conversion -Winfinite-recursion -Wmove -Wcomma -Wblock-capture-autoreleasing -Wstrict-prototypes -Wrange-loop-analysis -Wno-semicolon-before-method-body -Wunguarded-availability -index-store-path /Users/karelbraborec/Library/Developer/Xcode/DerivedData/revmeter-hbcnswmlqmbpnlazhhkncgeowiss/Index.noindex/DataStore @/Users/karelbraborec/Library/Developer/Xcode/DerivedData/revmeter-hbcnswmlqmbpnlazhhkncgeowiss/Build/Intermediates.noindex/Pods.build/Debug-iphonesimulator/RNScreens.build/Objects-normal/x86_64/82b82416624d2658e5098eb0a28c15c5-common-args.resp -DRCT_NEW_ARCH_ENABLED\=1 -include /Users/karelbraborec/rev-meter/ios/Pods/Target\ Support\ Files/RNScreens/RNScreens-prefix.pch -MMD -MT dependencies -MF /Users/karelbraborec/Library/Developer/Xcode/DerivedData/revmeter-hbcnswmlqmbpnlazhhkncgeowiss/Build/Intermediates.noindex/Pods.build/Debug-iphonesimulator/RNScreens.build/Objects-normal/x86_64/RNSScreenStackHeaderSubviewState.d --serialize-diagnostics /Users/karelbraborec/Library/Developer/Xcode/DerivedData/revmeter-hbcnswmlqmbpnlazhhkncgeowiss/Build/Intermediates.noindex/Pods.build/Debug-iphonesimulator/RNScreens.build/Objects-normal/x86_64/RNSScreenStackHeaderSubviewState.dia -c /Users/karelbraborec/rev-meter/node_modules/react-native-screens/common/cpp/react/renderer/components/rnscreens/RNSScreenStackHeaderSubviewState.cpp -o /Users/karelbraborec/Library/Developer/Xcode/DerivedData/revmeter-hbcnswmlqmbpnlazhhkncgeowiss/Build/Intermediates.noindex/Pods.build/Debug-iphonesimulator/RNScreens.build/Objects-normal/x86_64/RNSScreenStackHeaderSubviewState.o -index-unit-output-path /Pods.build/Debug-iphonesimulator/RNScreens.build/Objects-normal/x86_64/RNSScreenStackHeaderSubviewState.o

CompileC /Users/karelbraborec/Library/Developer/Xcode/DerivedData/revmeter-hbcnswmlqmbpnlazhhkncgeowiss/Build/Intermediates.noindex/Pods.build/Debug-iphonesimulator/RNScreens.build/Objects-normal/x86_64/RNSScreenStackHeaderSubviewShadowNode.o /Users/karelbraborec/rev-meter/node_modules/react-native-screens/common/cpp/react/renderer/components/rnscreens/RNSScreenStackHeaderSubviewShadowNode.cpp normal x86_64 c++ com.apple.compilers.llvm.clang.1_0.compiler (in target 'RNScreens' from project 'Pods')
    cd /Users/karelbraborec/rev-meter/ios/Pods
    
    Using response file: /Users/karelbraborec/Library/Developer/Xcode/DerivedData/revmeter-hbcnswmlqmbpnlazhhkncgeowiss/Build/Intermediates.noindex/Pods.build/Debug-iphonesimulator/RNScreens.build/Objects-normal/x86_64/82b82416624d2658e5098eb0a28c15c5-common-args.resp
    
    /Applications/Xcode.app/Contents/Developer/Toolchains/XcodeDefault.xctoolchain/usr/bin/clang -x c++ -ivfsstatcache /Users/karelbraborec/Library/Developer/Xcode/DerivedData/SDKStatCaches.noindex/iphonesimulator26.5-23F81a-6cfe768891a92b912361537c460fe42b.sdkstatcache -target x86_64-apple-ios15.1-simulator -fmessage-length\=0 -fdiagnostics-show-note-include-stack -fmacro-backtrace-limit\=0 -fno-color-diagnostics -fmodules-prune-interval\=86400 -fmodules-prune-after\=345600 -fbuild-session-file\=/Users/karelbraborec/Library/Developer/Xcode/DerivedData/ModuleCache.noindex/Session.modulevalidation -fmodules-validate-once-per-build-session -Wnon-modular-include-in-framework-module -Werror\=non-modular-include-in-framework-module -Wno-trigraphs -Wno-missing-field-initializers -Wno-missing-prototypes -Werror\=return-type -Wdocumentation -Wunreachable-code -Werror\=deprecated-objc-isa-usage -Werror\=objc-root-class -Wno-non-virtual-dtor -Wno-overloaded-virtual -Wno-exit-time-destructors -Wno-missing-braces -Wparentheses -Wswitch -Wunused-function -Wno-unused-label -Wno-unused-parameter -Wunused-variable -Wunused-value -Wempty-body -Wuninitialized -Wconditional-uninitialized -Wno-unknown-pragmas -Wno-shadow -Wno-four-char-constants -Wno-conversion -Wconstant-conversion -Wint-conversion -Wbool-conversion -Wenum-conversion -Wno-float-conversion -Wnon-literal-null-conversion -Wobjc-literal-conversion -Wshorten-64-to-32 -Wno-newline-eof -Wno-c++11-extensions -Wno-implicit-fallthrough -isysroot /Applications/Xcode.app/Contents/Developer/Platforms/iPhoneSimulator.platform/Developer/SDKs/iPhoneSimulator26.5.sdk -fstrict-aliasing -Wdeprecated-declarations -Winvalid-offsetof -Wno-sign-conversion -Winfinite-recursion -Wmove -Wcomma -Wblock-capture-autoreleasing -Wstrict-prototypes -Wrange-loop-analysis -Wno-semicolon-before-method-body -Wunguarded-availability -index-store-path /Users/karelbraborec/Library/Developer/Xcode/DerivedData/revmeter-hbcnswmlqmbpnlazhhkncgeowiss/Index.noindex/DataStore @/Users/karelbraborec/Library/Developer/Xcode/DerivedData/revmeter-hbcnswmlqmbpnlazhhkncgeowiss/Build/Intermediates.noindex/Pods.build/Debug-iphonesimulator/RNScreens.build/Objects-normal/x86_64/82b82416624d2658e5098eb0a28c15c5-common-args.resp -DRCT_NEW_ARCH_ENABLED\=1 -include /Users/karelbraborec/rev-meter/ios/Pods/Target\ Support\ Files/RNScreens/RNScreens-prefix.pch -MMD -MT dependencies -MF /Users/karelbraborec/Library/Developer/Xcode/DerivedData/revmeter-hbcnswmlqmbpnlazhhkncgeowiss/Build/Intermediates.noindex/Pods.build/Debug-iphonesimulator/RNScreens.build/Objects-normal/x86_64/RNSScreenStackHeaderSubviewShadowNode.d --serialize-diagnostics /Users/karelbraborec/Library/Developer/Xcode/DerivedData/revmeter-hbcnswmlqmbpnlazhhkncgeowiss/Build/Intermediates.noindex/Pods.build/Debug-iphonesimulator/RNScreens.build/Objects-normal/x86_64/RNSScreenStackHeaderSubviewShadowNode.dia -c /Users/karelbraborec/rev-meter/node_modules/react-native-screens/common/cpp/react/renderer/components/rnscreens/RNSScreenStackHeaderSubviewShadowNode.cpp -o /Users/karelbraborec/Library/Developer/Xcode/DerivedData/revmeter-hbcnswmlqmbpnlazhhkncgeowiss/Build/Intermediates.noindex/Pods.build/Debug-iphonesimulator/RNScreens.build/Objects-normal/x86_64/RNSScreenStackHeaderSubviewShadowNode.o -index-unit-output-path /Pods.build/Debug-iphonesimulator/RNScreens.build/Objects-normal/x86_64/RNSScreenStackHeaderSubviewShadowNode.o

CompileC /Users/karelbraborec/Library/Developer/Xcode/DerivedData/revmeter-hbcnswmlqmbpnlazhhkncgeowiss/Build/Intermediates.noindex/Pods.build/Debug-iphonesimulator/RNScreens.build/Objects-normal/x86_64/RNSScreenStackHeaderSubview.o /Users/karelbraborec/rev-meter/node_modules/react-native-screens/ios/RNSScreenStackHeaderSubview.mm normal x86_64 objective-c++ com.apple.compilers.llvm.clang.1_0.compiler (in target 'RNScreens' from project 'Pods')
    cd /Users/karelbraborec/rev-meter/ios/Pods
    
    Using response file: /Users/karelbraborec/Library/Developer/Xcode/DerivedData/revmeter-hbcnswmlqmbpnlazhhkncgeowiss/Build/Intermediates.noindex/Pods.build/Debug-iphonesimulator/RNScreens.build/Objects-normal/x86_64/af3fcb34312c57c0f52879cdce924b91-common-args.resp
    
    /Applications/Xcode.app/Contents/Developer/Toolchains/XcodeDefault.xctoolchain/usr/bin/clang -x objective-c++ -ivfsstatcache /Users/karelbraborec/Library/Developer/Xcode/DerivedData/SDKStatCaches.noindex/iphonesimulator26.5-23F81a-6cfe768891a92b912361537c460fe42b.sdkstatcache -target x86_64-apple-ios15.1-simulator -fmessage-length\=0 -fdiagnostics-show-note-include-stack -fmacro-backtrace-limit\=0 -fno-color-diagnostics -fmodules-prune-interval\=86400 -fmodules-prune-after\=345600 -fbuild-session-file\=/Users/karelbraborec/Library/Developer/Xcode/DerivedData/ModuleCache.noindex/Session.modulevalidation -fmodules-validate-once-per-build-session -Wnon-modular-include-in-framework-module -Werror\=non-modular-include-in-framework-module -Wno-trigraphs -Wno-missing-field-initializers -Wno-missing-prototypes -Werror\=return-type -Wdocumentation -Wunreachable-code -Wno-implicit-atomic-properties -Werror\=deprecated-objc-isa-usage -Wno-objc-interface-ivars -Werror\=objc-root-class -Wno-arc-repeated-use-of-weak -Wimplicit-retain-self -Wno-non-virtual-dtor -Wno-overloaded-virtual -Wno-exit-time-destructors -Wduplicate-method-match -Wno-missing-braces -Wparentheses -Wswitch -Wunused-function -Wno-unused-label -Wno-unused-parameter -Wunused-variable -Wunused-value -Wempty-body -Wuninitialized -Wconditional-uninitialized -Wno-unknown-pragmas -Wno-shadow -Wno-four-char-constants -Wno-conversion -Wconstant-conversion -Wint-conversion -Wbool-conversion -Wenum-conversion -Wno-float-conversion -Wnon-literal-null-conversion -Wobjc-literal-conversion -Wshorten-64-to-32 -Wno-newline-eof -Wno-selector -Wno-strict-selector-match -Wundeclared-selector -Wdeprecated-implementations -Wno-c++11-extensions -Wno-implicit-fallthrough -isysroot /Applications/Xcode.app/Contents/Developer/Platforms/iPhoneSimulator.platform/Developer/SDKs/iPhoneSimulator26.5.sdk -fstrict-aliasing -Wprotocol -Wdeprecated-declarations -Winvalid-offsetof -Wno-sign-conversion -Winfinite-recursion -Wmove -Wcomma -Wblock-capture-autoreleasing -Wstrict-prototypes -Wrange-loop-analysis -Wno-semicolon-before-method-body -Wunguarded-availability -index-store-path /Users/karelbraborec/Library/Developer/Xcode/DerivedData/revmeter-hbcnswmlqmbpnlazhhkncgeowiss/Index.noindex/DataStore @/Users/karelbraborec/Library/Developer/Xcode/DerivedData/revmeter-hbcnswmlqmbpnlazhhkncgeowiss/Build/Intermediates.noindex/Pods.build/Debug-iphonesimulator/RNScreens.build/Objects-normal/x86_64/af3fcb34312c57c0f52879cdce924b91-common-args.resp -DRCT_NEW_ARCH_ENABLED\=1 -include /Users/karelbraborec/rev-meter/ios/Pods/Target\ Support\ Files/RNScreens/RNScreens-prefix.pch -MMD -MT dependencies -MF /Users/karelbraborec/Library/Developer/Xcode/DerivedData/revmeter-hbcnswmlqmbpnlazhhkncgeowiss/Build/Intermediates.noindex/Pods.build/Debug-iphonesimulator/RNScreens.build/Objects-normal/x86_64/RNSScreenStackHeaderSubview.d --serialize-diagnostics /Users/karelbraborec/Library/Developer/Xcode/DerivedData/revmeter-hbcnswmlqmbpnlazhhkncgeowiss/Build/Intermediates.noindex/Pods.build/Debug-iphonesimulator/RNScreens.build/Objects-normal/x86_64/RNSScreenStackHeaderSubview.dia -c /Users/karelbraborec/rev-meter/node_modules/react-native-screens/ios/RNSScreenStackHeaderSubview.mm -o /Users/karelbraborec/Library/Developer/Xcode/DerivedData/revmeter-hbcnswmlqmbpnlazhhkncgeowiss/Build/Intermediates.noindex/Pods.build/Debug-iphonesimulator/RNScreens.build/Objects-normal/x86_64/RNSScreenStackHeaderSubview.o -index-unit-output-path /Pods.build/Debug-iphonesimulator/RNScreens.build/Objects-normal/x86_64/RNSScreenStackHeaderSubview.o

CompileC /Users/karelbraborec/Library/Developer/Xcode/DerivedData/revmeter-hbcnswmlqmbpnlazhhkncgeowiss/Build/Intermediates.noindex/Pods.build/Debug-iphonesimulator/RNScreens.build/Objects-normal/x86_64/RNSScreenStackHeaderConfigState.o /Users/karelbraborec/rev-meter/node_modules/react-native-screens/common/cpp/react/renderer/components/rnscreens/RNSScreenStackHeaderConfigState.cpp normal x86_64 c++ com.apple.compilers.llvm.clang.1_0.compiler (in target 'RNScreens' from project 'Pods')
    cd /Users/karelbraborec/rev-meter/ios/Pods
    
    Using response file: /Users/karelbraborec/Library/Developer/Xcode/DerivedData/revmeter-hbcnswmlqmbpnlazhhkncgeowiss/Build/Intermediates.noindex/Pods.build/Debug-iphonesimulator/RNScreens.build/Objects-normal/x86_64/82b82416624d2658e5098eb0a28c15c5-common-args.resp
    
    /Applications/Xcode.app/Contents/Developer/Toolchains/XcodeDefault.xctoolchain/usr/bin/clang -x c++ -ivfsstatcache /Users/karelbraborec/Library/Developer/Xcode/DerivedData/SDKStatCaches.noindex/iphonesimulator26.5-23F81a-6cfe768891a92b912361537c460fe42b.sdkstatcache -target x86_64-apple-ios15.1-simulator -fmessage-length\=0 -fdiagnostics-show-note-include-stack -fmacro-backtrace-limit\=0 -fno-color-diagnostics -fmodules-prune-interval\=86400 -fmodules-prune-after\=345600 -fbuild-session-file\=/Users/karelbraborec/Library/Developer/Xcode/DerivedData/ModuleCache.noindex/Session.modulevalidation -fmodules-validate-once-per-build-session -Wnon-modular-include-in-framework-module -Werror\=non-modular-include-in-framework-module -Wno-trigraphs -Wno-missing-field-initializers -Wno-missing-prototypes -Werror\=return-type -Wdocumentation -Wunreachable-code -Werror\=deprecated-objc-isa-usage -Werror\=objc-root-class -Wno-non-virtual-dtor -Wno-overloaded-virtual -Wno-exit-time-destructors -Wno-missing-braces -Wparentheses -Wswitch -Wunused-function -Wno-unused-label -Wno-unused-parameter -Wunused-variable -Wunused-value -Wempty-body -Wuninitialized -Wconditional-uninitialized -Wno-unknown-pragmas -Wno-shadow -Wno-four-char-constants -Wno-conversion -Wconstant-conversion -Wint-conversion -Wbool-conversion -Wenum-conversion -Wno-float-conversion -Wnon-literal-null-conversion -Wobjc-literal-conversion -Wshorten-64-to-32 -Wno-newline-eof -Wno-c++11-extensions -Wno-implicit-fallthrough -isysroot /Applications/Xcode.app/Contents/Developer/Platforms/iPhoneSimulator.platform/Developer/SDKs/iPhoneSimulator26.5.sdk -fstrict-aliasing -Wdeprecated-declarations -Winvalid-offsetof -Wno-sign-conversion -Winfinite-recursion -Wmove -Wcomma -Wblock-capture-autoreleasing -Wstrict-prototypes -Wrange-loop-analysis -Wno-semicolon-before-method-body -Wunguarded-availability -index-store-path /Users/karelbraborec/Library/Developer/Xcode/DerivedData/revmeter-hbcnswmlqmbpnlazhhkncgeowiss/Index.noindex/DataStore @/Users/karelbraborec/Library/Developer/Xcode/DerivedData/revmeter-hbcnswmlqmbpnlazhhkncgeowiss/Build/Intermediates.noindex/Pods.build/Debug-iphonesimulator/RNScreens.build/Objects-normal/x86_64/82b82416624d2658e5098eb0a28c15c5-common-args.resp -DRCT_NEW_ARCH_ENABLED\=1 -include /Users/karelbraborec/rev-meter/ios/Pods/Target\ Support\ Files/RNScreens/RNScreens-prefix.pch -MMD -MT dependencies -MF /Users/karelbraborec/Library/Developer/Xcode/DerivedData/revmeter-hbcnswmlqmbpnlazhhkncgeowiss/Build/Intermediates.noindex/Pods.build/Debug-iphonesimulator/RNScreens.build/Objects-normal/x86_64/RNSScreenStackHeaderConfigState.d --serialize-diagnostics /Users/karelbraborec/Library/Developer/Xcode/DerivedData/revmeter-hbcnswmlqmbpnlazhhkncgeowiss/Build/Intermediates.noindex/Pods.build/Debug-iphonesimulator/RNScreens.build/Objects-normal/x86_64/RNSScreenStackHeaderConfigState.dia -c /Users/karelbraborec/rev-meter/node_modules/react-native-screens/common/cpp/react/renderer/components/rnscreens/RNSScreenStackHeaderConfigState.cpp -o /Users/karelbraborec/Library/Developer/Xcode/DerivedData/revmeter-hbcnswmlqmbpnlazhhkncgeowiss/Build/Intermediates.noindex/Pods.build/Debug-iphonesimulator/RNScreens.build/Objects-normal/x86_64/RNSScreenStackHeaderConfigState.o -index-unit-output-path /Pods.build/Debug-iphonesimulator/RNScreens.build/Objects-normal/x86_64/RNSScreenStackHeaderConfigState.o

CompileC /Users/karelbraborec/Library/Developer/Xcode/DerivedData/revmeter-hbcnswmlqmbpnlazhhkncgeowiss/Build/Intermediates.noindex/Pods.build/Debug-iphonesimulator/RNScreens.build/Objects-normal/x86_64/RNSScreenStackHeaderConfigShadowNode.o /Users/karelbraborec/rev-meter/node_modules/react-native-screens/common/cpp/react/renderer/components/rnscreens/RNSScreenStackHeaderConfigShadowNode.cpp normal x86_64 c++ com.apple.compilers.llvm.clang.1_0.compiler (in target 'RNScreens' from project 'Pods')
    cd /Users/karelbraborec/rev-meter/ios/Pods
    
    Using response file: /Users/karelbraborec/Library/Developer/Xcode/DerivedData/revmeter-hbcnswmlqmbpnlazhhkncgeowiss/Build/Intermediates.noindex/Pods.build/Debug-iphonesimulator/RNScreens.build/Objects-normal/x86_64/82b82416624d2658e5098eb0a28c15c5-common-args.resp
    
    /Applications/Xcode.app/Contents/Developer/Toolchains/XcodeDefault.xctoolchain/usr/bin/clang -x c++ -ivfsstatcache /Users/karelbraborec/Library/Developer/Xcode/DerivedData/SDKStatCaches.noindex/iphonesimulator26.5-23F81a-6cfe768891a92b912361537c460fe42b.sdkstatcache -target x86_64-apple-ios15.1-simulator -fmessage-length\=0 -fdiagnostics-show-note-include-stack -fmacro-backtrace-limit\=0 -fno-color-diagnostics -fmodules-prune-interval\=86400 -fmodules-prune-after\=345600 -fbuild-session-file\=/Users/karelbraborec/Library/Developer/Xcode/DerivedData/ModuleCache.noindex/Session.modulevalidation -fmodules-validate-once-per-build-session -Wnon-modular-include-in-framework-module -Werror\=non-modular-include-in-framework-module -Wno-trigraphs -Wno-missing-field-initializers -Wno-missing-prototypes -Werror\=return-type -Wdocumentation -Wunreachable-code -Werror\=deprecated-objc-isa-usage -Werror\=objc-root-class -Wno-non-virtual-dtor -Wno-overloaded-virtual -Wno-exit-time-destructors -Wno-missing-braces -Wparentheses -Wswitch -Wunused-function -Wno-unused-label -Wno-unused-parameter -Wunused-variable -Wunused-value -Wempty-body -Wuninitialized -Wconditional-uninitialized -Wno-unknown-pragmas -Wno-shadow -Wno-four-char-constants -Wno-conversion -Wconstant-conversion -Wint-conversion -Wbool-conversion -Wenum-conversion -Wno-float-conversion -Wnon-literal-null-conversion -Wobjc-literal-conversion -Wshorten-64-to-32 -Wno-newline-eof -Wno-c++11-extensions -Wno-implicit-fallthrough -isysroot /Applications/Xcode.app/Contents/Developer/Platforms/iPhoneSimulator.platform/Developer/SDKs/iPhoneSimulator26.5.sdk -fstrict-aliasing -Wdeprecated-declarations -Winvalid-offsetof -Wno-sign-conversion -Winfinite-recursion -Wmove -Wcomma -Wblock-capture-autoreleasing -Wstrict-prototypes -Wrange-loop-analysis -Wno-semicolon-before-method-body -Wunguarded-availability -index-store-path /Users/karelbraborec/Library/Developer/Xcode/DerivedData/revmeter-hbcnswmlqmbpnlazhhkncgeowiss/Index.noindex/DataStore @/Users/karelbraborec/Library/Developer/Xcode/DerivedData/revmeter-hbcnswmlqmbpnlazhhkncgeowiss/Build/Intermediates.noindex/Pods.build/Debug-iphonesimulator/RNScreens.build/Objects-normal/x86_64/82b82416624d2658e5098eb0a28c15c5-common-args.resp -DRCT_NEW_ARCH_ENABLED\=1 -include /Users/karelbraborec/rev-meter/ios/Pods/Target\ Support\ Files/RNScreens/RNScreens-prefix.pch -MMD -MT dependencies -MF /Users/karelbraborec/Library/Developer/Xcode/DerivedData/revmeter-hbcnswmlqmbpnlazhhkncgeowiss/Build/Intermediates.noindex/Pods.build/Debug-iphonesimulator/RNScreens.build/Objects-normal/x86_64/RNSScreenStackHeaderConfigShadowNode.d --serialize-diagnostics /Users/karelbraborec/Library/Developer/Xcode/DerivedData/revmeter-hbcnswmlqmbpnlazhhkncgeowiss/Build/Intermediates.noindex/Pods.build/Debug-iphonesimulator/RNScreens.build/Objects-normal/x86_64/RNSScreenStackHeaderConfigShadowNode.dia -c /Users/karelbraborec/rev-meter/node_modules/react-native-screens/common/cpp/react/renderer/components/rnscreens/RNSScreenStackHeaderConfigShadowNode.cpp -o /Users/karelbraborec/Library/Developer/Xcode/DerivedData/revmeter-hbcnswmlqmbpnlazhhkncgeowiss/Build/Intermediates.noindex/Pods.build/Debug-iphonesimulator/RNScreens.build/Objects-normal/x86_64/RNSScreenStackHeaderConfigShadowNode.o -index-unit-output-path /Pods.build/Debug-iphonesimulator/RNScreens.build/Objects-normal/x86_64/RNSScreenStackHeaderConfigShadowNode.o

CompileC /Users/karelbraborec/Library/Developer/Xcode/DerivedData/revmeter-hbcnswmlqmbpnlazhhkncgeowiss/Build/Intermediates.noindex/Pods.build/Debug-iphonesimulator/RNScreens.build/Objects-normal/x86_64/RNSScreenStackHeaderConfig.o /Users/karelbraborec/rev-meter/node_modules/react-native-screens/ios/RNSScreenStackHeaderConfig.mm normal x86_64 objective-c++ com.apple.compilers.llvm.clang.1_0.compiler (in target 'RNScreens' from project 'Pods')
    cd /Users/karelbraborec/rev-meter/ios/Pods
    
    Using response file: /Users/karelbraborec/Library/Developer/Xcode/DerivedData/revmeter-hbcnswmlqmbpnlazhhkncgeowiss/Build/Intermediates.noindex/Pods.build/Debug-iphonesimulator/RNScreens.build/Objects-normal/x86_64/af3fcb34312c57c0f52879cdce924b91-common-args.resp
    
    /Applications/Xcode.app/Contents/Developer/Toolchains/XcodeDefault.xctoolchain/usr/bin/clang -x objective-c++ -ivfsstatcache /Users/karelbraborec/Library/Developer/Xcode/DerivedData/SDKStatCaches.noindex/iphonesimulator26.5-23F81a-6cfe768891a92b912361537c460fe42b.sdkstatcache -target x86_64-apple-ios15.1-simulator -fmessage-length\=0 -fdiagnostics-show-note-include-stack -fmacro-backtrace-limit\=0 -fno-color-diagnostics -fmodules-prune-interval\=86400 -fmodules-prune-after\=345600 -fbuild-session-file\=/Users/karelbraborec/Library/Developer/Xcode/DerivedData/ModuleCache.noindex/Session.modulevalidation -fmodules-validate-once-per-build-session -Wnon-modular-include-in-framework-module -Werror\=non-modular-include-in-framework-module -Wno-trigraphs -Wno-missing-field-initializers -Wno-missing-prototypes -Werror\=return-type -Wdocumentation -Wunreachable-code -Wno-implicit-atomic-properties -Werror\=deprecated-objc-isa-usage -Wno-objc-interface-ivars -Werror\=objc-root-class -Wno-arc-repeated-use-of-weak -Wimplicit-retain-self -Wno-non-virtual-dtor -Wno-overloaded-virtual -Wno-exit-time-destructors -Wduplicate-method-match -Wno-missing-braces -Wparentheses -Wswitch -Wunused-function -Wno-unused-label -Wno-unused-parameter -Wunused-variable -Wunused-value -Wempty-body -Wuninitialized -Wconditional-uninitialized -Wno-unknown-pragmas -Wno-shadow -Wno-four-char-constants -Wno-conversion -Wconstant-conversion -Wint-conversion -Wbool-conversion -Wenum-conversion -Wno-float-conversion -Wnon-literal-null-conversion -Wobjc-literal-conversion -Wshorten-64-to-32 -Wno-newline-eof -Wno-selector -Wno-strict-selector-match -Wundeclared-selector -Wdeprecated-implementations -Wno-c++11-extensions -Wno-implicit-fallthrough -isysroot /Applications/Xcode.app/Contents/Developer/Platforms/iPhoneSimulator.platform/Developer/SDKs/iPhoneSimulator26.5.sdk -fstrict-aliasing -Wprotocol -Wdeprecated-declarations -Winvalid-offsetof -Wno-sign-conversion -Winfinite-recursion -Wmove -Wcomma -Wblock-capture-autoreleasing -Wstrict-prototypes -Wrange-loop-analysis -Wno-semicolon-before-method-body -Wunguarded-availability -index-store-path /Users/karelbraborec/Library/Developer/Xcode/DerivedData/revmeter-hbcnswmlqmbpnlazhhkncgeowiss/Index.noindex/DataStore @/Users/karelbraborec/Library/Developer/Xcode/DerivedData/revmeter-hbcnswmlqmbpnlazhhkncgeowiss/Build/Intermediates.noindex/Pods.build/Debug-iphonesimulator/RNScreens.build/Objects-normal/x86_64/af3fcb34312c57c0f52879cdce924b91-common-args.resp -DRCT_NEW_ARCH_ENABLED\=1 -include /Users/karelbraborec/rev-meter/ios/Pods/Target\ Support\ Files/RNScreens/RNScreens-prefix.pch -MMD -MT dependencies -MF /Users/karelbraborec/Library/Developer/Xcode/DerivedData/revmeter-hbcnswmlqmbpnlazhhkncgeowiss/Build/Intermediates.noindex/Pods.build/Debug-iphonesimulator/RNScreens.build/Objects-normal/x86_64/RNSScreenStackHeaderConfig.d --serialize-diagnostics /Users/karelbraborec/Library/Developer/Xcode/DerivedData/revmeter-hbcnswmlqmbpnlazhhkncgeowiss/Build/Intermediates.noindex/Pods.build/Debug-iphonesimulator/RNScreens.build/Objects-normal/x86_64/RNSScreenStackHeaderConfig.dia -c /Users/karelbraborec/rev-meter/node_modules/react-native-screens/ios/RNSScreenStackHeaderConfig.mm -o /Users/karelbraborec/Library/Developer/Xcode/DerivedData/revmeter-hbcnswmlqmbpnlazhhkncgeowiss/Build/Intermediates.noindex/Pods.build/Debug-iphonesimulator/RNScreens.build/Objects-normal/x86_64/RNSScreenStackHeaderConfig.o -index-unit-output-path /Pods.build/Debug-iphonesimulator/RNScreens.build/Objects-normal/x86_64/RNSScreenStackHeaderConfig.o
In file included from /Users/karelbraborec/rev-meter/node_modules/react-native-screens/ios/RNSScreenStackHeaderConfig.mm:8:
In file included from /Users/karelbraborec/rev-meter/ios/Pods/Headers/Public/React-RCTFabric/React/RCTMountingTransactionObserving.h:10:
In file included from /Users/karelbraborec/rev-meter/ios/Pods/Headers/Public/React-Fabric/react/renderer/mounting/MountingTransaction.h:10:
/Users/karelbraborec/rev-meter/ios/Pods/Headers/Public/React-Fabric/react/renderer/mounting/ShadowViewMutation.h:46:7: warning: declaration is marked with '@deprecated' command but does not have a deprecation attribute [-Wdocumentation-deprecated-sync]
   46 |    * @deprecated Pass parentTag instead of parentShadowView.
      |      ~^~~~~~~~~~~~~~~~~~~~~~~~~~~~~~~~~~~~~~~~~~~~~~~~~~~~~~
/Users/karelbraborec/rev-meter/ios/Pods/Headers/Public/React-Fabric/react/renderer/mounting/ShadowViewMutation.h:48:3: note: add a deprecation attribute to the declaration to silence this warning
   48 |   static ShadowViewMutation InsertMutation(const ShadowView &parentShadowView, ShadowView childShadowView, int index)
      |   ^
      |   FMT_DEPRECATED 
/Users/karelbraborec/rev-meter/ios/Pods/Headers/Public/React-Fabric/react/renderer/mounting/ShadowViewMutation.h:60:7: warning: declaration is marked with '@deprecated' command but does not have a deprecation attribute [-Wdocumentation-deprecated-sync]
   60 |    * @deprecated Pass parentTag instead of parentShadowView.
      |      ~^~~~~~~~~~~~~~~~~~~~~~~~~~~~~~~~~~~~~~~~~~~~~~~~~~~~~~
/Users/karelbraborec/rev-meter/ios/Pods/Headers/Public/React-Fabric/react/renderer/mounting/ShadowViewMutation.h:62:3: note: add a deprecation attribute to the declaration to silence this warning
   62 |   static ShadowViewMutation RemoveMutation(const ShadowView &parentShadowView, ShadowView childShadowView, int index)
      |   ^
      |   FMT_DEPRECATED 
/Users/karelbraborec/rev-meter/ios/Pods/Headers/Public/React-Fabric/react/renderer/mounting/ShadowViewMutation.h:74:7: warning: declaration is marked with '@deprecated' command but does not have a deprecation attribute [-Wdocumentation-deprecated-sync]
   74 |    * @deprecated Pass parentTag instead of parentShadowView.
      |      ~^~~~~~~~~~~~~~~~~~~~~~~~~~~~~~~~~~~~~~~~~~~~~~~~~~~~~~
/Users/karelbraborec/rev-meter/ios/Pods/Headers/Public/React-Fabric/react/renderer/mounting/ShadowViewMutation.h:76:3: note: add a deprecation attribute to the declaration to silence this warning
   76 |   static ShadowViewMutation
      |   ^
      |   FMT_DEPRECATED 
3 warnings generated.

CompileC /Users/karelbraborec/Library/Developer/Xcode/DerivedData/revmeter-hbcnswmlqmbpnlazhhkncgeowiss/Build/Intermediates.noindex/Pods.build/Debug-iphonesimulator/RNScreens.build/Objects-normal/x86_64/RNSScreenStackAnimator.o /Users/karelbraborec/rev-meter/node_modules/react-native-screens/ios/RNSScreenStackAnimator.mm normal x86_64 objective-c++ com.apple.compilers.llvm.clang.1_0.compiler (in target 'RNScreens' from project 'Pods')
    cd /Users/karelbraborec/rev-meter/ios/Pods
    
    Using response file: /Users/karelbraborec/Library/Developer/Xcode/DerivedData/revmeter-hbcnswmlqmbpnlazhhkncgeowiss/Build/Intermediates.noindex/Pods.build/Debug-iphonesimulator/RNScreens.build/Objects-normal/x86_64/af3fcb34312c57c0f52879cdce924b91-common-args.resp
    
    /Applications/Xcode.app/Contents/Developer/Toolchains/XcodeDefault.xctoolchain/usr/bin/clang -x objective-c++ -ivfsstatcache /Users/karelbraborec/Library/Developer/Xcode/DerivedData/SDKStatCaches.noindex/iphonesimulator26.5-23F81a-6cfe768891a92b912361537c460fe42b.sdkstatcache -target x86_64-apple-ios15.1-simulator -fmessage-length\=0 -fdiagnostics-show-note-include-stack -fmacro-backtrace-limit\=0 -fno-color-diagnostics -fmodules-prune-interval\=86400 -fmodules-prune-after\=345600 -fbuild-session-file\=/Users/karelbraborec/Library/Developer/Xcode/DerivedData/ModuleCache.noindex/Session.modulevalidation -fmodules-validate-once-per-build-session -Wnon-modular-include-in-framework-module -Werror\=non-modular-include-in-framework-module -Wno-trigraphs -Wno-missing-field-initializers -Wno-missing-prototypes -Werror\=return-type -Wdocumentation -Wunreachable-code -Wno-implicit-atomic-properties -Werror\=deprecated-objc-isa-usage -Wno-objc-interface-ivars -Werror\=objc-root-class -Wno-arc-repeated-use-of-weak -Wimplicit-retain-self -Wno-non-virtual-dtor -Wno-overloaded-virtual -Wno-exit-time-destructors -Wduplicate-method-match -Wno-missing-braces -Wparentheses -Wswitch -Wunused-function -Wno-unused-label -Wno-unused-parameter -Wunused-variable -Wunused-value -Wempty-body -Wuninitialized -Wconditional-uninitialized -Wno-unknown-pragmas -Wno-shadow -Wno-four-char-constants -Wno-conversion -Wconstant-conversion -Wint-conversion -Wbool-conversion -Wenum-conversion -Wno-float-conversion -Wnon-literal-null-conversion -Wobjc-literal-conversion -Wshorten-64-to-32 -Wno-newline-eof -Wno-selector -Wno-strict-selector-match -Wundeclared-selector -Wdeprecated-implementations -Wno-c++11-extensions -Wno-implicit-fallthrough -isysroot /Applications/Xcode.app/Contents/Developer/Platforms/iPhoneSimulator.platform/Developer/SDKs/iPhoneSimulator26.5.sdk -fstrict-aliasing -Wprotocol -Wdeprecated-declarations -Winvalid-offsetof -Wno-sign-conversion -Winfinite-recursion -Wmove -Wcomma -Wblock-capture-autoreleasing -Wstrict-prototypes -Wrange-loop-analysis -Wno-semicolon-before-method-body -Wunguarded-availability -index-store-path /Users/karelbraborec/Library/Developer/Xcode/DerivedData/revmeter-hbcnswmlqmbpnlazhhkncgeowiss/Index.noindex/DataStore @/Users/karelbraborec/Library/Developer/Xcode/DerivedData/revmeter-hbcnswmlqmbpnlazhhkncgeowiss/Build/Intermediates.noindex/Pods.build/Debug-iphonesimulator/RNScreens.build/Objects-normal/x86_64/af3fcb34312c57c0f52879cdce924b91-common-args.resp -DRCT_NEW_ARCH_ENABLED\=1 -include /Users/karelbraborec/rev-meter/ios/Pods/Target\ Support\ Files/RNScreens/RNScreens-prefix.pch -MMD -MT dependencies -MF /Users/karelbraborec/Library/Developer/Xcode/DerivedData/revmeter-hbcnswmlqmbpnlazhhkncgeowiss/Build/Intermediates.noindex/Pods.build/Debug-iphonesimulator/RNScreens.build/Objects-normal/x86_64/RNSScreenStackAnimator.d --serialize-diagnostics /Users/karelbraborec/Library/Developer/Xcode/DerivedData/revmeter-hbcnswmlqmbpnlazhhkncgeowiss/Build/Intermediates.noindex/Pods.build/Debug-iphonesimulator/RNScreens.build/Objects-normal/x86_64/RNSScreenStackAnimator.dia -c /Users/karelbraborec/rev-meter/node_modules/react-native-screens/ios/RNSScreenStackAnimator.mm -o /Users/karelbraborec/Library/Developer/Xcode/DerivedData/revmeter-hbcnswmlqmbpnlazhhkncgeowiss/Build/Intermediates.noindex/Pods.build/Debug-iphonesimulator/RNScreens.build/Objects-normal/x86_64/RNSScreenStackAnimator.o -index-unit-output-path /Pods.build/Debug-iphonesimulator/RNScreens.build/Objects-normal/x86_64/RNSScreenStackAnimator.o

CompileC /Users/karelbraborec/Library/Developer/Xcode/DerivedData/revmeter-hbcnswmlqmbpnlazhhkncgeowiss/Build/Intermediates.noindex/Pods.build/Debug-iphonesimulator/RNScreens.build/Objects-normal/x86_64/RNSScreenStack.o /Users/karelbraborec/rev-meter/node_modules/react-native-screens/ios/RNSScreenStack.mm normal x86_64 objective-c++ com.apple.compilers.llvm.clang.1_0.compiler (in target 'RNScreens' from project 'Pods')
    cd /Users/karelbraborec/rev-meter/ios/Pods
    
    Using response file: /Users/karelbraborec/Library/Developer/Xcode/DerivedData/revmeter-hbcnswmlqmbpnlazhhkncgeowiss/Build/Intermediates.noindex/Pods.build/Debug-iphonesimulator/RNScreens.build/Objects-normal/x86_64/af3fcb34312c57c0f52879cdce924b91-common-args.resp
    
    /Applications/Xcode.app/Contents/Developer/Toolchains/XcodeDefault.xctoolchain/usr/bin/clang -x objective-c++ -ivfsstatcache /Users/karelbraborec/Library/Developer/Xcode/DerivedData/SDKStatCaches.noindex/iphonesimulator26.5-23F81a-6cfe768891a92b912361537c460fe42b.sdkstatcache -target x86_64-apple-ios15.1-simulator -fmessage-length\=0 -fdiagnostics-show-note-include-stack -fmacro-backtrace-limit\=0 -fno-color-diagnostics -fmodules-prune-interval\=86400 -fmodules-prune-after\=345600 -fbuild-session-file\=/Users/karelbraborec/Library/Developer/Xcode/DerivedData/ModuleCache.noindex/Session.modulevalidation -fmodules-validate-once-per-build-session -Wnon-modular-include-in-framework-module -Werror\=non-modular-include-in-framework-module -Wno-trigraphs -Wno-missing-field-initializers -Wno-missing-prototypes -Werror\=return-type -Wdocumentation -Wunreachable-code -Wno-implicit-atomic-properties -Werror\=deprecated-objc-isa-usage -Wno-objc-interface-ivars -Werror\=objc-root-class -Wno-arc-repeated-use-of-weak -Wimplicit-retain-self -Wno-non-virtual-dtor -Wno-overloaded-virtual -Wno-exit-time-destructors -Wduplicate-method-match -Wno-missing-braces -Wparentheses -Wswitch -Wunused-function -Wno-unused-label -Wno-unused-parameter -Wunused-variable -Wunused-value -Wempty-body -Wuninitialized -Wconditional-uninitialized -Wno-unknown-pragmas -Wno-shadow -Wno-four-char-constants -Wno-conversion -Wconstant-conversion -Wint-conversion -Wbool-conversion -Wenum-conversion -Wno-float-conversion -Wnon-literal-null-conversion -Wobjc-literal-conversion -Wshorten-64-to-32 -Wno-newline-eof -Wno-selector -Wno-strict-selector-match -Wundeclared-selector -Wdeprecated-implementations -Wno-c++11-extensions -Wno-implicit-fallthrough -isysroot /Applications/Xcode.app/Contents/Developer/Platforms/iPhoneSimulator.platform/Developer/SDKs/iPhoneSimulator26.5.sdk -fstrict-aliasing -Wprotocol -Wdeprecated-declarations -Winvalid-offsetof -Wno-sign-conversion -Winfinite-recursion -Wmove -Wcomma -Wblock-capture-autoreleasing -Wstrict-prototypes -Wrange-loop-analysis -Wno-semicolon-before-method-body -Wunguarded-availability -index-store-path /Users/karelbraborec/Library/Developer/Xcode/DerivedData/revmeter-hbcnswmlqmbpnlazhhkncgeowiss/Index.noindex/DataStore @/Users/karelbraborec/Library/Developer/Xcode/DerivedData/revmeter-hbcnswmlqmbpnlazhhkncgeowiss/Build/Intermediates.noindex/Pods.build/Debug-iphonesimulator/RNScreens.build/Objects-normal/x86_64/af3fcb34312c57c0f52879cdce924b91-common-args.resp -DRCT_NEW_ARCH_ENABLED\=1 -include /Users/karelbraborec/rev-meter/ios/Pods/Target\ Support\ Files/RNScreens/RNScreens-prefix.pch -MMD -MT dependencies -MF /Users/karelbraborec/Library/Developer/Xcode/DerivedData/revmeter-hbcnswmlqmbpnlazhhkncgeowiss/Build/Intermediates.noindex/Pods.build/Debug-iphonesimulator/RNScreens.build/Objects-normal/x86_64/RNSScreenStack.d --serialize-diagnostics /Users/karelbraborec/Library/Developer/Xcode/DerivedData/revmeter-hbcnswmlqmbpnlazhhkncgeowiss/Build/Intermediates.noindex/Pods.build/Debug-iphonesimulator/RNScreens.build/Objects-normal/x86_64/RNSScreenStack.dia -c /Users/karelbraborec/rev-meter/node_modules/react-native-screens/ios/RNSScreenStack.mm -o /Users/karelbraborec/Library/Developer/Xcode/DerivedData/revmeter-hbcnswmlqmbpnlazhhkncgeowiss/Build/Intermediates.noindex/Pods.build/Debug-iphonesimulator/RNScreens.build/Objects-normal/x86_64/RNSScreenStack.o -index-unit-output-path /Pods.build/Debug-iphonesimulator/RNScreens.build/Objects-normal/x86_64/RNSScreenStack.o
In file included from /Users/karelbraborec/rev-meter/node_modules/react-native-screens/ios/RNSScreenStack.mm:5:
In file included from /Users/karelbraborec/rev-meter/ios/Pods/Headers/Public/React-RCTFabric/React/RCTMountingTransactionObserving.h:10:
In file included from /Users/karelbraborec/rev-meter/ios/Pods/Headers/Public/React-Fabric/react/renderer/mounting/MountingTransaction.h:10:
/Users/karelbraborec/rev-meter/ios/Pods/Headers/Public/React-Fabric/react/renderer/mounting/ShadowViewMutation.h:46:7: warning: declaration is marked with '@deprecated' command but does not have a deprecation attribute [-Wdocumentation-deprecated-sync]
   46 |    * @deprecated Pass parentTag instead of parentShadowView.
      |      ~^~~~~~~~~~~~~~~~~~~~~~~~~~~~~~~~~~~~~~~~~~~~~~~~~~~~~~
/Users/karelbraborec/rev-meter/ios/Pods/Headers/Public/React-Fabric/react/renderer/mounting/ShadowViewMutation.h:48:3: note: add a deprecation attribute to the declaration to silence this warning
   48 |   static ShadowViewMutation InsertMutation(const ShadowView &parentShadowView, ShadowView childShadowView, int index)
      |   ^
      |   FMT_DEPRECATED 
/Users/karelbraborec/rev-meter/ios/Pods/Headers/Public/React-Fabric/react/renderer/mounting/ShadowViewMutation.h:60:7: warning: declaration is marked with '@deprecated' command but does not have a deprecation attribute [-Wdocumentation-deprecated-sync]
   60 |    * @deprecated Pass parentTag instead of parentShadowView.
      |      ~^~~~~~~~~~~~~~~~~~~~~~~~~~~~~~~~~~~~~~~~~~~~~~~~~~~~~~
/Users/karelbraborec/rev-meter/ios/Pods/Headers/Public/React-Fabric/react/renderer/mounting/ShadowViewMutation.h:62:3: note: add a deprecation attribute to the declaration to silence this warning
   62 |   static ShadowViewMutation RemoveMutation(const ShadowView &parentShadowView, ShadowView childShadowView, int index)
      |   ^
      |   FMT_DEPRECATED 
/Users/karelbraborec/rev-meter/ios/Pods/Headers/Public/React-Fabric/react/renderer/mounting/ShadowViewMutation.h:74:7: warning: declaration is marked with '@deprecated' command but does not have a deprecation attribute [-Wdocumentation-deprecated-sync]
   74 |    * @deprecated Pass parentTag instead of parentShadowView.
      |      ~^~~~~~~~~~~~~~~~~~~~~~~~~~~~~~~~~~~~~~~~~~~~~~~~~~~~~~
/Users/karelbraborec/rev-meter/ios/Pods/Headers/Public/React-Fabric/react/renderer/mounting/ShadowViewMutation.h:76:3: note: add a deprecation attribute to the declaration to silence this warning
   76 |   static ShadowViewMutation
      |   ^
      |   FMT_DEPRECATED 
3 warnings generated.

CompileC /Users/karelbraborec/Library/Developer/Xcode/DerivedData/revmeter-hbcnswmlqmbpnlazhhkncgeowiss/Build/Intermediates.noindex/Pods.build/Debug-iphonesimulator/RNScreens.build/Objects-normal/x86_64/RNSScreenShadowNodeCommitHook.o /Users/karelbraborec/rev-meter/node_modules/react-native-screens/common/cpp/react/renderer/components/rnscreens/RNSScreenShadowNodeCommitHook.cpp normal x86_64 c++ com.apple.compilers.llvm.clang.1_0.compiler (in target 'RNScreens' from project 'Pods')
    cd /Users/karelbraborec/rev-meter/ios/Pods
    
    Using response file: /Users/karelbraborec/Library/Developer/Xcode/DerivedData/revmeter-hbcnswmlqmbpnlazhhkncgeowiss/Build/Intermediates.noindex/Pods.build/Debug-iphonesimulator/RNScreens.build/Objects-normal/x86_64/82b82416624d2658e5098eb0a28c15c5-common-args.resp
    
    /Applications/Xcode.app/Contents/Developer/Toolchains/XcodeDefault.xctoolchain/usr/bin/clang -x c++ -ivfsstatcache /Users/karelbraborec/Library/Developer/Xcode/DerivedData/SDKStatCaches.noindex/iphonesimulator26.5-23F81a-6cfe768891a92b912361537c460fe42b.sdkstatcache -target x86_64-apple-ios15.1-simulator -fmessage-length\=0 -fdiagnostics-show-note-include-stack -fmacro-backtrace-limit\=0 -fno-color-diagnostics -fmodules-prune-interval\=86400 -fmodules-prune-after\=345600 -fbuild-session-file\=/Users/karelbraborec/Library/Developer/Xcode/DerivedData/ModuleCache.noindex/Session.modulevalidation -fmodules-validate-once-per-build-session -Wnon-modular-include-in-framework-module -Werror\=non-modular-include-in-framework-module -Wno-trigraphs -Wno-missing-field-initializers -Wno-missing-prototypes -Werror\=return-type -Wdocumentation -Wunreachable-code -Werror\=deprecated-objc-isa-usage -Werror\=objc-root-class -Wno-non-virtual-dtor -Wno-overloaded-virtual -Wno-exit-time-destructors -Wno-missing-braces -Wparentheses -Wswitch -Wunused-function -Wno-unused-label -Wno-unused-parameter -Wunused-variable -Wunused-value -Wempty-body -Wuninitialized -Wconditional-uninitialized -Wno-unknown-pragmas -Wno-shadow -Wno-four-char-constants -Wno-conversion -Wconstant-conversion -Wint-conversion -Wbool-conversion -Wenum-conversion -Wno-float-conversion -Wnon-literal-null-conversion -Wobjc-literal-conversion -Wshorten-64-to-32 -Wno-newline-eof -Wno-c++11-extensions -Wno-implicit-fallthrough -isysroot /Applications/Xcode.app/Contents/Developer/Platforms/iPhoneSimulator.platform/Developer/SDKs/iPhoneSimulator26.5.sdk -fstrict-aliasing -Wdeprecated-declarations -Winvalid-offsetof -Wno-sign-conversion -Winfinite-recursion -Wmove -Wcomma -Wblock-capture-autoreleasing -Wstrict-prototypes -Wrange-loop-analysis -Wno-semicolon-before-method-body -Wunguarded-availability -index-store-path /Users/karelbraborec/Library/Developer/Xcode/DerivedData/revmeter-hbcnswmlqmbpnlazhhkncgeowiss/Index.noindex/DataStore @/Users/karelbraborec/Library/Developer/Xcode/DerivedData/revmeter-hbcnswmlqmbpnlazhhkncgeowiss/Build/Intermediates.noindex/Pods.build/Debug-iphonesimulator/RNScreens.build/Objects-normal/x86_64/82b82416624d2658e5098eb0a28c15c5-common-args.resp -DRCT_NEW_ARCH_ENABLED\=1 -include /Users/karelbraborec/rev-meter/ios/Pods/Target\ Support\ Files/RNScreens/RNScreens-prefix.pch -MMD -MT dependencies -MF /Users/karelbraborec/Library/Developer/Xcode/DerivedData/revmeter-hbcnswmlqmbpnlazhhkncgeowiss/Build/Intermediates.noindex/Pods.build/Debug-iphonesimulator/RNScreens.build/Objects-normal/x86_64/RNSScreenShadowNodeCommitHook.d --serialize-diagnostics /Users/karelbraborec/Library/Developer/Xcode/DerivedData/revmeter-hbcnswmlqmbpnlazhhkncgeowiss/Build/Intermediates.noindex/Pods.build/Debug-iphonesimulator/RNScreens.build/Objects-normal/x86_64/RNSScreenShadowNodeCommitHook.dia -c /Users/karelbraborec/rev-meter/node_modules/react-native-screens/common/cpp/react/renderer/components/rnscreens/RNSScreenShadowNodeCommitHook.cpp -o /Users/karelbraborec/Library/Developer/Xcode/DerivedData/revmeter-hbcnswmlqmbpnlazhhkncgeowiss/Build/Intermediates.noindex/Pods.build/Debug-iphonesimulator/RNScreens.build/Objects-normal/x86_64/RNSScreenShadowNodeCommitHook.o -index-unit-output-path /Pods.build/Debug-iphonesimulator/RNScreens.build/Objects-normal/x86_64/RNSScreenShadowNodeCommitHook.o

CompileC /Users/karelbraborec/Library/Developer/Xcode/DerivedData/revmeter-hbcnswmlqmbpnlazhhkncgeowiss/Build/Intermediates.noindex/Pods.build/Debug-iphonesimulator/RNScreens.build/Objects-normal/x86_64/RNSScreenShadowNode.o /Users/karelbraborec/rev-meter/node_modules/react-native-screens/common/cpp/react/renderer/components/rnscreens/RNSScreenShadowNode.cpp normal x86_64 c++ com.apple.compilers.llvm.clang.1_0.compiler (in target 'RNScreens' from project 'Pods')
    cd /Users/karelbraborec/rev-meter/ios/Pods
    
    Using response file: /Users/karelbraborec/Library/Developer/Xcode/DerivedData/revmeter-hbcnswmlqmbpnlazhhkncgeowiss/Build/Intermediates.noindex/Pods.build/Debug-iphonesimulator/RNScreens.build/Objects-normal/x86_64/82b82416624d2658e5098eb0a28c15c5-common-args.resp
    
    /Applications/Xcode.app/Contents/Developer/Toolchains/XcodeDefault.xctoolchain/usr/bin/clang -x c++ -ivfsstatcache /Users/karelbraborec/Library/Developer/Xcode/DerivedData/SDKStatCaches.noindex/iphonesimulator26.5-23F81a-6cfe768891a92b912361537c460fe42b.sdkstatcache -target x86_64-apple-ios15.1-simulator -fmessage-length\=0 -fdiagnostics-show-note-include-stack -fmacro-backtrace-limit\=0 -fno-color-diagnostics -fmodules-prune-interval\=86400 -fmodules-prune-after\=345600 -fbuild-session-file\=/Users/karelbraborec/Library/Developer/Xcode/DerivedData/ModuleCache.noindex/Session.modulevalidation -fmodules-validate-once-per-build-session -Wnon-modular-include-in-framework-module -Werror\=non-modular-include-in-framework-module -Wno-trigraphs -Wno-missing-field-initializers -Wno-missing-prototypes -Werror\=return-type -Wdocumentation -Wunreachable-code -Werror\=deprecated-objc-isa-usage -Werror\=objc-root-class -Wno-non-virtual-dtor -Wno-overloaded-virtual -Wno-exit-time-destructors -Wno-missing-braces -Wparentheses -Wswitch -Wunused-function -Wno-unused-label -Wno-unused-parameter -Wunused-variable -Wunused-value -Wempty-body -Wuninitialized -Wconditional-uninitialized -Wno-unknown-pragmas -Wno-shadow -Wno-four-char-constants -Wno-conversion -Wconstant-conversion -Wint-conversion -Wbool-conversion -Wenum-conversion -Wno-float-conversion -Wnon-literal-null-conversion -Wobjc-literal-conversion -Wshorten-64-to-32 -Wno-newline-eof -Wno-c++11-extensions -Wno-implicit-fallthrough -isysroot /Applications/Xcode.app/Contents/Developer/Platforms/iPhoneSimulator.platform/Developer/SDKs/iPhoneSimulator26.5.sdk -fstrict-aliasing -Wdeprecated-declarations -Winvalid-offsetof -Wno-sign-conversion -Winfinite-recursion -Wmove -Wcomma -Wblock-capture-autoreleasing -Wstrict-prototypes -Wrange-loop-analysis -Wno-semicolon-before-method-body -Wunguarded-availability -index-store-path /Users/karelbraborec/Library/Developer/Xcode/DerivedData/revmeter-hbcnswmlqmbpnlazhhkncgeowiss/Index.noindex/DataStore @/Users/karelbraborec/Library/Developer/Xcode/DerivedData/revmeter-hbcnswmlqmbpnlazhhkncgeowiss/Build/Intermediates.noindex/Pods.build/Debug-iphonesimulator/RNScreens.build/Objects-normal/x86_64/82b82416624d2658e5098eb0a28c15c5-common-args.resp -DRCT_NEW_ARCH_ENABLED\=1 -include /Users/karelbraborec/rev-meter/ios/Pods/Target\ Support\ Files/RNScreens/RNScreens-prefix.pch -MMD -MT dependencies -MF /Users/karelbraborec/Library/Developer/Xcode/DerivedData/revmeter-hbcnswmlqmbpnlazhhkncgeowiss/Build/Intermediates.noindex/Pods.build/Debug-iphonesimulator/RNScreens.build/Objects-normal/x86_64/RNSScreenShadowNode.d --serialize-diagnostics /Users/karelbraborec/Library/Developer/Xcode/DerivedData/revmeter-hbcnswmlqmbpnlazhhkncgeowiss/Build/Intermediates.noindex/Pods.build/Debug-iphonesimulator/RNScreens.build/Objects-normal/x86_64/RNSScreenShadowNode.dia -c /Users/karelbraborec/rev-meter/node_modules/react-native-screens/common/cpp/react/renderer/components/rnscreens/RNSScreenShadowNode.cpp -o /Users/karelbraborec/Library/Developer/Xcode/DerivedData/revmeter-hbcnswmlqmbpnlazhhkncgeowiss/Build/Intermediates.noindex/Pods.build/Debug-iphonesimulator/RNScreens.build/Objects-normal/x86_64/RNSScreenShadowNode.o -index-unit-output-path /Pods.build/Debug-iphonesimulator/RNScreens.build/Objects-normal/x86_64/RNSScreenShadowNode.o

CompileC /Users/karelbraborec/Library/Developer/Xcode/DerivedData/revmeter-hbcnswmlqmbpnlazhhkncgeowiss/Build/Intermediates.noindex/Pods.build/Debug-iphonesimulator/RNScreens.build/Objects-normal/x86_64/RNSScreenRemovalListener.o /Users/karelbraborec/rev-meter/node_modules/react-native-screens/cpp/RNSScreenRemovalListener.cpp normal x86_64 c++ com.apple.compilers.llvm.clang.1_0.compiler (in target 'RNScreens' from project 'Pods')
    cd /Users/karelbraborec/rev-meter/ios/Pods
    
    Using response file: /Users/karelbraborec/Library/Developer/Xcode/DerivedData/revmeter-hbcnswmlqmbpnlazhhkncgeowiss/Build/Intermediates.noindex/Pods.build/Debug-iphonesimulator/RNScreens.build/Objects-normal/x86_64/82b82416624d2658e5098eb0a28c15c5-common-args.resp
    
    /Applications/Xcode.app/Contents/Developer/Toolchains/XcodeDefault.xctoolchain/usr/bin/clang -x c++ -ivfsstatcache /Users/karelbraborec/Library/Developer/Xcode/DerivedData/SDKStatCaches.noindex/iphonesimulator26.5-23F81a-6cfe768891a92b912361537c460fe42b.sdkstatcache -target x86_64-apple-ios15.1-simulator -fmessage-length\=0 -fdiagnostics-show-note-include-stack -fmacro-backtrace-limit\=0 -fno-color-diagnostics -fmodules-prune-interval\=86400 -fmodules-prune-after\=345600 -fbuild-session-file\=/Users/karelbraborec/Library/Developer/Xcode/DerivedData/ModuleCache.noindex/Session.modulevalidation -fmodules-validate-once-per-build-session -Wnon-modular-include-in-framework-module -Werror\=non-modular-include-in-framework-module -Wno-trigraphs -Wno-missing-field-initializers -Wno-missing-prototypes -Werror\=return-type -Wdocumentation -Wunreachable-code -Werror\=deprecated-objc-isa-usage -Werror\=objc-root-class -Wno-non-virtual-dtor -Wno-overloaded-virtual -Wno-exit-time-destructors -Wno-missing-braces -Wparentheses -Wswitch -Wunused-function -Wno-unused-label -Wno-unused-parameter -Wunused-variable -Wunused-value -Wempty-body -Wuninitialized -Wconditional-uninitialized -Wno-unknown-pragmas -Wno-shadow -Wno-four-char-constants -Wno-conversion -Wconstant-conversion -Wint-conversion -Wbool-conversion -Wenum-conversion -Wno-float-conversion -Wnon-literal-null-conversion -Wobjc-literal-conversion -Wshorten-64-to-32 -Wno-newline-eof -Wno-c++11-extensions -Wno-implicit-fallthrough -isysroot /Applications/Xcode.app/Contents/Developer/Platforms/iPhoneSimulator.platform/Developer/SDKs/iPhoneSimulator26.5.sdk -fstrict-aliasing -Wdeprecated-declarations -Winvalid-offsetof -Wno-sign-conversion -Winfinite-recursion -Wmove -Wcomma -Wblock-capture-autoreleasing -Wstrict-prototypes -Wrange-loop-analysis -Wno-semicolon-before-method-body -Wunguarded-availability -index-store-path /Users/karelbraborec/Library/Developer/Xcode/DerivedData/revmeter-hbcnswmlqmbpnlazhhkncgeowiss/Index.noindex/DataStore @/Users/karelbraborec/Library/Developer/Xcode/DerivedData/revmeter-hbcnswmlqmbpnlazhhkncgeowiss/Build/Intermediates.noindex/Pods.build/Debug-iphonesimulator/RNScreens.build/Objects-normal/x86_64/82b82416624d2658e5098eb0a28c15c5-common-args.resp -DRCT_NEW_ARCH_ENABLED\=1 -include /Users/karelbraborec/rev-meter/ios/Pods/Target\ Support\ Files/RNScreens/RNScreens-prefix.pch -MMD -MT dependencies -MF /Users/karelbraborec/Library/Developer/Xcode/DerivedData/revmeter-hbcnswmlqmbpnlazhhkncgeowiss/Build/Intermediates.noindex/Pods.build/Debug-iphonesimulator/RNScreens.build/Objects-normal/x86_64/RNSScreenRemovalListener.d --serialize-diagnostics /Users/karelbraborec/Library/Developer/Xcode/DerivedData/revmeter-hbcnswmlqmbpnlazhhkncgeowiss/Build/Intermediates.noindex/Pods.build/Debug-iphonesimulator/RNScreens.build/Objects-normal/x86_64/RNSScreenRemovalListener.dia -c /Users/karelbraborec/rev-meter/node_modules/react-native-screens/cpp/RNSScreenRemovalListener.cpp -o /Users/karelbraborec/Library/Developer/Xcode/DerivedData/revmeter-hbcnswmlqmbpnlazhhkncgeowiss/Build/Intermediates.noindex/Pods.build/Debug-iphonesimulator/RNScreens.build/Objects-normal/x86_64/RNSScreenRemovalListener.o -index-unit-output-path /Pods.build/Debug-iphonesimulator/RNScreens.build/Objects-normal/x86_64/RNSScreenRemovalListener.o
In file included from /Users/karelbraborec/rev-meter/node_modules/react-native-screens/cpp/RNSScreenRemovalListener.cpp:1:
In file included from /Users/karelbraborec/rev-meter/node_modules/react-native-screens/cpp/RNSScreenRemovalListener.h:4:
In file included from /Users/karelbraborec/rev-meter/ios/Pods/Headers/Public/React-Fabric/react/renderer/mounting/MountingOverrideDelegate.h:8:
In file included from /Users/karelbraborec/rev-meter/ios/Pods/Headers/Public/React-Fabric/react/renderer/mounting/MountingTransaction.h:10:
/Users/karelbraborec/rev-meter/ios/Pods/Headers/Public/React-Fabric/react/renderer/mounting/ShadowViewMutation.h:46:7: warning: declaration is marked with '@deprecated' command but does not have a deprecation attribute [-Wdocumentation-deprecated-sync]
   46 |    * @deprecated Pass parentTag instead of parentShadowView.
      |      ~^~~~~~~~~~~~~~~~~~~~~~~~~~~~~~~~~~~~~~~~~~~~~~~~~~~~~~
/Users/karelbraborec/rev-meter/ios/Pods/Headers/Public/React-Fabric/react/renderer/mounting/ShadowViewMutation.h:48:3: note: add a deprecation attribute to the declaration to silence this warning
   48 |   static ShadowViewMutation InsertMutation(const ShadowView &parentShadowView, ShadowView childShadowView, int index)
      |   ^
      |   FMT_DEPRECATED 
/Users/karelbraborec/rev-meter/ios/Pods/Headers/Public/React-Fabric/react/renderer/mounting/ShadowViewMutation.h:60:7: warning: declaration is marked with '@deprecated' command but does not have a deprecation attribute [-Wdocumentation-deprecated-sync]
   60 |    * @deprecated Pass parentTag instead of parentShadowView.
      |      ~^~~~~~~~~~~~~~~~~~~~~~~~~~~~~~~~~~~~~~~~~~~~~~~~~~~~~~
/Users/karelbraborec/rev-meter/ios/Pods/Headers/Public/React-Fabric/react/renderer/mounting/ShadowViewMutation.h:62:3: note: add a deprecation attribute to the declaration to silence this warning
   62 |   static ShadowViewMutation RemoveMutation(const ShadowView &parentShadowView, ShadowView childShadowView, int index)
      |   ^
      |   FMT_DEPRECATED 
/Users/karelbraborec/rev-meter/ios/Pods/Headers/Public/React-Fabric/react/renderer/mounting/ShadowViewMutation.h:74:7: warning: declaration is marked with '@deprecated' command but does not have a deprecation attribute [-Wdocumentation-deprecated-sync]
   74 |    * @deprecated Pass parentTag instead of parentShadowView.
      |      ~^~~~~~~~~~~~~~~~~~~~~~~~~~~~~~~~~~~~~~~~~~~~~~~~~~~~~~
/Users/karelbraborec/rev-meter/ios/Pods/Headers/Public/React-Fabric/react/renderer/mounting/ShadowViewMutation.h:76:3: note: add a deprecation attribute to the declaration to silence this warning
   76 |   static ShadowViewMutation
      |   ^
      |   FMT_DEPRECATED 
3 warnings generated.

CompileC /Users/karelbraborec/Library/Developer/Xcode/DerivedData/revmeter-hbcnswmlqmbpnlazhhkncgeowiss/Build/Intermediates.noindex/Pods.build/Debug-iphonesimulator/RNScreens.build/Objects-normal/x86_64/RNSScreenNavigationContainer.o /Users/karelbraborec/rev-meter/node_modules/react-native-screens/ios/RNSScreenNavigationContainer.mm normal x86_64 objective-c++ com.apple.compilers.llvm.clang.1_0.compiler (in target 'RNScreens' from project 'Pods')
    cd /Users/karelbraborec/rev-meter/ios/Pods
    
    Using response file: /Users/karelbraborec/Library/Developer/Xcode/DerivedData/revmeter-hbcnswmlqmbpnlazhhkncgeowiss/Build/Intermediates.noindex/Pods.build/Debug-iphonesimulator/RNScreens.build/Objects-normal/x86_64/af3fcb34312c57c0f52879cdce924b91-common-args.resp
    
    /Applications/Xcode.app/Contents/Developer/Toolchains/XcodeDefault.xctoolchain/usr/bin/clang -x objective-c++ -ivfsstatcache /Users/karelbraborec/Library/Developer/Xcode/DerivedData/SDKStatCaches.noindex/iphonesimulator26.5-23F81a-6cfe768891a92b912361537c460fe42b.sdkstatcache -target x86_64-apple-ios15.1-simulator -fmessage-length\=0 -fdiagnostics-show-note-include-stack -fmacro-backtrace-limit\=0 -fno-color-diagnostics -fmodules-prune-interval\=86400 -fmodules-prune-after\=345600 -fbuild-session-file\=/Users/karelbraborec/Library/Developer/Xcode/DerivedData/ModuleCache.noindex/Session.modulevalidation -fmodules-validate-once-per-build-session -Wnon-modular-include-in-framework-module -Werror\=non-modular-include-in-framework-module -Wno-trigraphs -Wno-missing-field-initializers -Wno-missing-prototypes -Werror\=return-type -Wdocumentation -Wunreachable-code -Wno-implicit-atomic-properties -Werror\=deprecated-objc-isa-usage -Wno-objc-interface-ivars -Werror\=objc-root-class -Wno-arc-repeated-use-of-weak -Wimplicit-retain-self -Wno-non-virtual-dtor -Wno-overloaded-virtual -Wno-exit-time-destructors -Wduplicate-method-match -Wno-missing-braces -Wparentheses -Wswitch -Wunused-function -Wno-unused-label -Wno-unused-parameter -Wunused-variable -Wunused-value -Wempty-body -Wuninitialized -Wconditional-uninitialized -Wno-unknown-pragmas -Wno-shadow -Wno-four-char-constants -Wno-conversion -Wconstant-conversion -Wint-conversion -Wbool-conversion -Wenum-conversion -Wno-float-conversion -Wnon-literal-null-conversion -Wobjc-literal-conversion -Wshorten-64-to-32 -Wno-newline-eof -Wno-selector -Wno-strict-selector-match -Wundeclared-selector -Wdeprecated-implementations -Wno-c++11-extensions -Wno-implicit-fallthrough -isysroot /Applications/Xcode.app/Contents/Developer/Platforms/iPhoneSimulator.platform/Developer/SDKs/iPhoneSimulator26.5.sdk -fstrict-aliasing -Wprotocol -Wdeprecated-declarations -Winvalid-offsetof -Wno-sign-conversion -Winfinite-recursion -Wmove -Wcomma -Wblock-capture-autoreleasing -Wstrict-prototypes -Wrange-loop-analysis -Wno-semicolon-before-method-body -Wunguarded-availability -index-store-path /Users/karelbraborec/Library/Developer/Xcode/DerivedData/revmeter-hbcnswmlqmbpnlazhhkncgeowiss/Index.noindex/DataStore @/Users/karelbraborec/Library/Developer/Xcode/DerivedData/revmeter-hbcnswmlqmbpnlazhhkncgeowiss/Build/Intermediates.noindex/Pods.build/Debug-iphonesimulator/RNScreens.build/Objects-normal/x86_64/af3fcb34312c57c0f52879cdce924b91-common-args.resp -DRCT_NEW_ARCH_ENABLED\=1 -include /Users/karelbraborec/rev-meter/ios/Pods/Target\ Support\ Files/RNScreens/RNScreens-prefix.pch -MMD -MT dependencies -MF /Users/karelbraborec/Library/Developer/Xcode/DerivedData/revmeter-hbcnswmlqmbpnlazhhkncgeowiss/Build/Intermediates.noindex/Pods.build/Debug-iphonesimulator/RNScreens.build/Objects-normal/x86_64/RNSScreenNavigationContainer.d --serialize-diagnostics /Users/karelbraborec/Library/Developer/Xcode/DerivedData/revmeter-hbcnswmlqmbpnlazhhkncgeowiss/Build/Intermediates.noindex/Pods.build/Debug-iphonesimulator/RNScreens.build/Objects-normal/x86_64/RNSScreenNavigationContainer.dia -c /Users/karelbraborec/rev-meter/node_modules/react-native-screens/ios/RNSScreenNavigationContainer.mm -o /Users/karelbraborec/Library/Developer/Xcode/DerivedData/revmeter-hbcnswmlqmbpnlazhhkncgeowiss/Build/Intermediates.noindex/Pods.build/Debug-iphonesimulator/RNScreens.build/Objects-normal/x86_64/RNSScreenNavigationContainer.o -index-unit-output-path /Pods.build/Debug-iphonesimulator/RNScreens.build/Objects-normal/x86_64/RNSScreenNavigationContainer.o

CompileC /Users/karelbraborec/Library/Developer/Xcode/DerivedData/revmeter-hbcnswmlqmbpnlazhhkncgeowiss/Build/Intermediates.noindex/Pods.build/Debug-iphonesimulator/RNScreens.build/Objects-normal/x86_64/RNSScreenFooter.o /Users/karelbraborec/rev-meter/node_modules/react-native-screens/ios/RNSScreenFooter.mm normal x86_64 objective-c++ com.apple.compilers.llvm.clang.1_0.compiler (in target 'RNScreens' from project 'Pods')
    cd /Users/karelbraborec/rev-meter/ios/Pods
    
    Using response file: /Users/karelbraborec/Library/Developer/Xcode/DerivedData/revmeter-hbcnswmlqmbpnlazhhkncgeowiss/Build/Intermediates.noindex/Pods.build/Debug-iphonesimulator/RNScreens.build/Objects-normal/x86_64/af3fcb34312c57c0f52879cdce924b91-common-args.resp
    
    /Applications/Xcode.app/Contents/Developer/Toolchains/XcodeDefault.xctoolchain/usr/bin/clang -x objective-c++ -ivfsstatcache /Users/karelbraborec/Library/Developer/Xcode/DerivedData/SDKStatCaches.noindex/iphonesimulator26.5-23F81a-6cfe768891a92b912361537c460fe42b.sdkstatcache -target x86_64-apple-ios15.1-simulator -fmessage-length\=0 -fdiagnostics-show-note-include-stack -fmacro-backtrace-limit\=0 -fno-color-diagnostics -fmodules-prune-interval\=86400 -fmodules-prune-after\=345600 -fbuild-session-file\=/Users/karelbraborec/Library/Developer/Xcode/DerivedData/ModuleCache.noindex/Session.modulevalidation -fmodules-validate-once-per-build-session -Wnon-modular-include-in-framework-module -Werror\=non-modular-include-in-framework-module -Wno-trigraphs -Wno-missing-field-initializers -Wno-missing-prototypes -Werror\=return-type -Wdocumentation -Wunreachable-code -Wno-implicit-atomic-properties -Werror\=deprecated-objc-isa-usage -Wno-objc-interface-ivars -Werror\=objc-root-class -Wno-arc-repeated-use-of-weak -Wimplicit-retain-self -Wno-non-virtual-dtor -Wno-overloaded-virtual -Wno-exit-time-destructors -Wduplicate-method-match -Wno-missing-braces -Wparentheses -Wswitch -Wunused-function -Wno-unused-label -Wno-unused-parameter -Wunused-variable -Wunused-value -Wempty-body -Wuninitialized -Wconditional-uninitialized -Wno-unknown-pragmas -Wno-shadow -Wno-four-char-constants -Wno-conversion -Wconstant-conversion -Wint-conversion -Wbool-conversion -Wenum-conversion -Wno-float-conversion -Wnon-literal-null-conversion -Wobjc-literal-conversion -Wshorten-64-to-32 -Wno-newline-eof -Wno-selector -Wno-strict-selector-match -Wundeclared-selector -Wdeprecated-implementations -Wno-c++11-extensions -Wno-implicit-fallthrough -isysroot /Applications/Xcode.app/Contents/Developer/Platforms/iPhoneSimulator.platform/Developer/SDKs/iPhoneSimulator26.5.sdk -fstrict-aliasing -Wprotocol -Wdeprecated-declarations -Winvalid-offsetof -Wno-sign-conversion -Winfinite-recursion -Wmove -Wcomma -Wblock-capture-autoreleasing -Wstrict-prototypes -Wrange-loop-analysis -Wno-semicolon-before-method-body -Wunguarded-availability -index-store-path /Users/karelbraborec/Library/Developer/Xcode/DerivedData/revmeter-hbcnswmlqmbpnlazhhkncgeowiss/Index.noindex/DataStore @/Users/karelbraborec/Library/Developer/Xcode/DerivedData/revmeter-hbcnswmlqmbpnlazhhkncgeowiss/Build/Intermediates.noindex/Pods.build/Debug-iphonesimulator/RNScreens.build/Objects-normal/x86_64/af3fcb34312c57c0f52879cdce924b91-common-args.resp -DRCT_NEW_ARCH_ENABLED\=1 -include /Users/karelbraborec/rev-meter/ios/Pods/Target\ Support\ Files/RNScreens/RNScreens-prefix.pch -MMD -MT dependencies -MF /Users/karelbraborec/Library/Developer/Xcode/DerivedData/revmeter-hbcnswmlqmbpnlazhhkncgeowiss/Build/Intermediates.noindex/Pods.build/Debug-iphonesimulator/RNScreens.build/Objects-normal/x86_64/RNSScreenFooter.d --serialize-diagnostics /Users/karelbraborec/Library/Developer/Xcode/DerivedData/revmeter-hbcnswmlqmbpnlazhhkncgeowiss/Build/Intermediates.noindex/Pods.build/Debug-iphonesimulator/RNScreens.build/Objects-normal/x86_64/RNSScreenFooter.dia -c /Users/karelbraborec/rev-meter/node_modules/react-native-screens/ios/RNSScreenFooter.mm -o /Users/karelbraborec/Library/Developer/Xcode/DerivedData/revmeter-hbcnswmlqmbpnlazhhkncgeowiss/Build/Intermediates.noindex/Pods.build/Debug-iphonesimulator/RNScreens.build/Objects-normal/x86_64/RNSScreenFooter.o -index-unit-output-path /Pods.build/Debug-iphonesimulator/RNScreens.build/Objects-normal/x86_64/RNSScreenFooter.o

CompileC /Users/karelbraborec/Library/Developer/Xcode/DerivedData/revmeter-hbcnswmlqmbpnlazhhkncgeowiss/Build/Intermediates.noindex/Pods.build/Debug-iphonesimulator/RNScreens.build/Objects-normal/x86_64/RNSScreenContentWrapper.o /Users/karelbraborec/rev-meter/node_modules/react-native-screens/ios/RNSScreenContentWrapper.mm normal x86_64 objective-c++ com.apple.compilers.llvm.clang.1_0.compiler (in target 'RNScreens' from project 'Pods')
    cd /Users/karelbraborec/rev-meter/ios/Pods
    
    Using response file: /Users/karelbraborec/Library/Developer/Xcode/DerivedData/revmeter-hbcnswmlqmbpnlazhhkncgeowiss/Build/Intermediates.noindex/Pods.build/Debug-iphonesimulator/RNScreens.build/Objects-normal/x86_64/af3fcb34312c57c0f52879cdce924b91-common-args.resp
    
    /Applications/Xcode.app/Contents/Developer/Toolchains/XcodeDefault.xctoolchain/usr/bin/clang -x objective-c++ -ivfsstatcache /Users/karelbraborec/Library/Developer/Xcode/DerivedData/SDKStatCaches.noindex/iphonesimulator26.5-23F81a-6cfe768891a92b912361537c460fe42b.sdkstatcache -target x86_64-apple-ios15.1-simulator -fmessage-length\=0 -fdiagnostics-show-note-include-stack -fmacro-backtrace-limit\=0 -fno-color-diagnostics -fmodules-prune-interval\=86400 -fmodules-prune-after\=345600 -fbuild-session-file\=/Users/karelbraborec/Library/Developer/Xcode/DerivedData/ModuleCache.noindex/Session.modulevalidation -fmodules-validate-once-per-build-session -Wnon-modular-include-in-framework-module -Werror\=non-modular-include-in-framework-module -Wno-trigraphs -Wno-missing-field-initializers -Wno-missing-prototypes -Werror\=return-type -Wdocumentation -Wunreachable-code -Wno-implicit-atomic-properties -Werror\=deprecated-objc-isa-usage -Wno-objc-interface-ivars -Werror\=objc-root-class -Wno-arc-repeated-use-of-weak -Wimplicit-retain-self -Wno-non-virtual-dtor -Wno-overloaded-virtual -Wno-exit-time-destructors -Wduplicate-method-match -Wno-missing-braces -Wparentheses -Wswitch -Wunused-function -Wno-unused-label -Wno-unused-parameter -Wunused-variable -Wunused-value -Wempty-body -Wuninitialized -Wconditional-uninitialized -Wno-unknown-pragmas -Wno-shadow -Wno-four-char-constants -Wno-conversion -Wconstant-conversion -Wint-conversion -Wbool-conversion -Wenum-conversion -Wno-float-conversion -Wnon-literal-null-conversion -Wobjc-literal-conversion -Wshorten-64-to-32 -Wno-newline-eof -Wno-selector -Wno-strict-selector-match -Wundeclared-selector -Wdeprecated-implementations -Wno-c++11-extensions -Wno-implicit-fallthrough -isysroot /Applications/Xcode.app/Contents/Developer/Platforms/iPhoneSimulator.platform/Developer/SDKs/iPhoneSimulator26.5.sdk -fstrict-aliasing -Wprotocol -Wdeprecated-declarations -Winvalid-offsetof -Wno-sign-conversion -Winfinite-recursion -Wmove -Wcomma -Wblock-capture-autoreleasing -Wstrict-prototypes -Wrange-loop-analysis -Wno-semicolon-before-method-body -Wunguarded-availability -index-store-path /Users/karelbraborec/Library/Developer/Xcode/DerivedData/revmeter-hbcnswmlqmbpnlazhhkncgeowiss/Index.noindex/DataStore @/Users/karelbraborec/Library/Developer/Xcode/DerivedData/revmeter-hbcnswmlqmbpnlazhhkncgeowiss/Build/Intermediates.noindex/Pods.build/Debug-iphonesimulator/RNScreens.build/Objects-normal/x86_64/af3fcb34312c57c0f52879cdce924b91-common-args.resp -DRCT_NEW_ARCH_ENABLED\=1 -include /Users/karelbraborec/rev-meter/ios/Pods/Target\ Support\ Files/RNScreens/RNScreens-prefix.pch -MMD -MT dependencies -MF /Users/karelbraborec/Library/Developer/Xcode/DerivedData/revmeter-hbcnswmlqmbpnlazhhkncgeowiss/Build/Intermediates.noindex/Pods.build/Debug-iphonesimulator/RNScreens.build/Objects-normal/x86_64/RNSScreenContentWrapper.d --serialize-diagnostics /Users/karelbraborec/Library/Developer/Xcode/DerivedData/revmeter-hbcnswmlqmbpnlazhhkncgeowiss/Build/Intermediates.noindex/Pods.build/Debug-iphonesimulator/RNScreens.build/Objects-normal/x86_64/RNSScreenContentWrapper.dia -c /Users/karelbraborec/rev-meter/node_modules/react-native-screens/ios/RNSScreenContentWrapper.mm -o /Users/karelbraborec/Library/Developer/Xcode/DerivedData/revmeter-hbcnswmlqmbpnlazhhkncgeowiss/Build/Intermediates.noindex/Pods.build/Debug-iphonesimulator/RNScreens.build/Objects-normal/x86_64/RNSScreenContentWrapper.o -index-unit-output-path /Pods.build/Debug-iphonesimulator/RNScreens.build/Objects-normal/x86_64/RNSScreenContentWrapper.o
In file included from /Users/karelbraborec/rev-meter/node_modules/react-native-screens/ios/RNSScreenContentWrapper.mm:4:
In file included from /Users/karelbraborec/rev-meter/ios/Pods/Headers/Public/React-RCTFabric/React/RCTScrollViewComponentView.h:12:
In file included from /Users/karelbraborec/rev-meter/ios/Pods/Headers/Public/React-RCTFabric/React/RCTMountingTransactionObserving.h:10:
In file included from /Users/karelbraborec/rev-meter/ios/Pods/Headers/Public/React-Fabric/react/renderer/mounting/MountingTransaction.h:10:
/Users/karelbraborec/rev-meter/ios/Pods/Headers/Public/React-Fabric/react/renderer/mounting/ShadowViewMutation.h:46:7: warning: declaration is marked with '@deprecated' command but does not have a deprecation attribute [-Wdocumentation-deprecated-sync]
   46 |    * @deprecated Pass parentTag instead of parentShadowView.
      |      ~^~~~~~~~~~~~~~~~~~~~~~~~~~~~~~~~~~~~~~~~~~~~~~~~~~~~~~
/Users/karelbraborec/rev-meter/ios/Pods/Headers/Public/React-Fabric/react/renderer/mounting/ShadowViewMutation.h:48:3: note: add a deprecation attribute to the declaration to silence this warning
   48 |   static ShadowViewMutation InsertMutation(const ShadowView &parentShadowView, ShadowView childShadowView, int index)
      |   ^
      |   FMT_DEPRECATED 
/Users/karelbraborec/rev-meter/ios/Pods/Headers/Public/React-Fabric/react/renderer/mounting/ShadowViewMutation.h:60:7: warning: declaration is marked with '@deprecated' command but does not have a deprecation attribute [-Wdocumentation-deprecated-sync]
   60 |    * @deprecated Pass parentTag instead of parentShadowView.
      |      ~^~~~~~~~~~~~~~~~~~~~~~~~~~~~~~~~~~~~~~~~~~~~~~~~~~~~~~
/Users/karelbraborec/rev-meter/ios/Pods/Headers/Public/React-Fabric/react/renderer/mounting/ShadowViewMutation.h:62:3: note: add a deprecation attribute to the declaration to silence this warning
   62 |   static ShadowViewMutation RemoveMutation(const ShadowView &parentShadowView, ShadowView childShadowView, int index)
      |   ^
      |   FMT_DEPRECATED 
/Users/karelbraborec/rev-meter/ios/Pods/Headers/Public/React-Fabric/react/renderer/mounting/ShadowViewMutation.h:74:7: warning: declaration is marked with '@deprecated' command but does not have a deprecation attribute [-Wdocumentation-deprecated-sync]
   74 |    * @deprecated Pass parentTag instead of parentShadowView.
      |      ~^~~~~~~~~~~~~~~~~~~~~~~~~~~~~~~~~~~~~~~~~~~~~~~~~~~~~~
/Users/karelbraborec/rev-meter/ios/Pods/Headers/Public/React-Fabric/react/renderer/mounting/ShadowViewMutation.h:76:3: note: add a deprecation attribute to the declaration to silence this warning
   76 |   static ShadowViewMutation
      |   ^
      |   FMT_DEPRECATED 
3 warnings generated.

CompileC /Users/karelbraborec/Library/Developer/Xcode/DerivedData/revmeter-hbcnswmlqmbpnlazhhkncgeowiss/Build/Intermediates.noindex/Pods.build/Debug-iphonesimulator/RNScreens.build/Objects-normal/x86_64/RNSScreenContainer.o /Users/karelbraborec/rev-meter/node_modules/react-native-screens/ios/RNSScreenContainer.mm normal x86_64 objective-c++ com.apple.compilers.llvm.clang.1_0.compiler (in target 'RNScreens' from project 'Pods')
    cd /Users/karelbraborec/rev-meter/ios/Pods
    
    Using response file: /Users/karelbraborec/Library/Developer/Xcode/DerivedData/revmeter-hbcnswmlqmbpnlazhhkncgeowiss/Build/Intermediates.noindex/Pods.build/Debug-iphonesimulator/RNScreens.build/Objects-normal/x86_64/af3fcb34312c57c0f52879cdce924b91-common-args.resp
    
    /Applications/Xcode.app/Contents/Developer/Toolchains/XcodeDefault.xctoolchain/usr/bin/clang -x objective-c++ -ivfsstatcache /Users/karelbraborec/Library/Developer/Xcode/DerivedData/SDKStatCaches.noindex/iphonesimulator26.5-23F81a-6cfe768891a92b912361537c460fe42b.sdkstatcache -target x86_64-apple-ios15.1-simulator -fmessage-length\=0 -fdiagnostics-show-note-include-stack -fmacro-backtrace-limit\=0 -fno-color-diagnostics -fmodules-prune-interval\=86400 -fmodules-prune-after\=345600 -fbuild-session-file\=/Users/karelbraborec/Library/Developer/Xcode/DerivedData/ModuleCache.noindex/Session.modulevalidation -fmodules-validate-once-per-build-session -Wnon-modular-include-in-framework-module -Werror\=non-modular-include-in-framework-module -Wno-trigraphs -Wno-missing-field-initializers -Wno-missing-prototypes -Werror\=return-type -Wdocumentation -Wunreachable-code -Wno-implicit-atomic-properties -Werror\=deprecated-objc-isa-usage -Wno-objc-interface-ivars -Werror\=objc-root-class -Wno-arc-repeated-use-of-weak -Wimplicit-retain-self -Wno-non-virtual-dtor -Wno-overloaded-virtual -Wno-exit-time-destructors -Wduplicate-method-match -Wno-missing-braces -Wparentheses -Wswitch -Wunused-function -Wno-unused-label -Wno-unused-parameter -Wunused-variable -Wunused-value -Wempty-body -Wuninitialized -Wconditional-uninitialized -Wno-unknown-pragmas -Wno-shadow -Wno-four-char-constants -Wno-conversion -Wconstant-conversion -Wint-conversion -Wbool-conversion -Wenum-conversion -Wno-float-conversion -Wnon-literal-null-conversion -Wobjc-literal-conversion -Wshorten-64-to-32 -Wno-newline-eof -Wno-selector -Wno-strict-selector-match -Wundeclared-selector -Wdeprecated-implementations -Wno-c++11-extensions -Wno-implicit-fallthrough -isysroot /Applications/Xcode.app/Contents/Developer/Platforms/iPhoneSimulator.platform/Developer/SDKs/iPhoneSimulator26.5.sdk -fstrict-aliasing -Wprotocol -Wdeprecated-declarations -Winvalid-offsetof -Wno-sign-conversion -Winfinite-recursion -Wmove -Wcomma -Wblock-capture-autoreleasing -Wstrict-prototypes -Wrange-loop-analysis -Wno-semicolon-before-method-body -Wunguarded-availability -index-store-path /Users/karelbraborec/Library/Developer/Xcode/DerivedData/revmeter-hbcnswmlqmbpnlazhhkncgeowiss/Index.noindex/DataStore @/Users/karelbraborec/Library/Developer/Xcode/DerivedData/revmeter-hbcnswmlqmbpnlazhhkncgeowiss/Build/Intermediates.noindex/Pods.build/Debug-iphonesimulator/RNScreens.build/Objects-normal/x86_64/af3fcb34312c57c0f52879cdce924b91-common-args.resp -DRCT_NEW_ARCH_ENABLED\=1 -include /Users/karelbraborec/rev-meter/ios/Pods/Target\ Support\ Files/RNScreens/RNScreens-prefix.pch -MMD -MT dependencies -MF /Users/karelbraborec/Library/Developer/Xcode/DerivedData/revmeter-hbcnswmlqmbpnlazhhkncgeowiss/Build/Intermediates.noindex/Pods.build/Debug-iphonesimulator/RNScreens.build/Objects-normal/x86_64/RNSScreenContainer.d --serialize-diagnostics /Users/karelbraborec/Library/Developer/Xcode/DerivedData/revmeter-hbcnswmlqmbpnlazhhkncgeowiss/Build/Intermediates.noindex/Pods.build/Debug-iphonesimulator/RNScreens.build/Objects-normal/x86_64/RNSScreenContainer.dia -c /Users/karelbraborec/rev-meter/node_modules/react-native-screens/ios/RNSScreenContainer.mm -o /Users/karelbraborec/Library/Developer/Xcode/DerivedData/revmeter-hbcnswmlqmbpnlazhhkncgeowiss/Build/Intermediates.noindex/Pods.build/Debug-iphonesimulator/RNScreens.build/Objects-normal/x86_64/RNSScreenContainer.o -index-unit-output-path /Pods.build/Debug-iphonesimulator/RNScreens.build/Objects-normal/x86_64/RNSScreenContainer.o

CompileC /Users/karelbraborec/Library/Developer/Xcode/DerivedData/revmeter-hbcnswmlqmbpnlazhhkncgeowiss/Build/Intermediates.noindex/Pods.build/Debug-iphonesimulator/RNScreens.build/Objects-normal/x86_64/RNSScreen.o /Users/karelbraborec/rev-meter/node_modules/react-native-screens/ios/RNSScreen.mm normal x86_64 objective-c++ com.apple.compilers.llvm.clang.1_0.compiler (in target 'RNScreens' from project 'Pods')
    cd /Users/karelbraborec/rev-meter/ios/Pods
    
    Using response file: /Users/karelbraborec/Library/Developer/Xcode/DerivedData/revmeter-hbcnswmlqmbpnlazhhkncgeowiss/Build/Intermediates.noindex/Pods.build/Debug-iphonesimulator/RNScreens.build/Objects-normal/x86_64/af3fcb34312c57c0f52879cdce924b91-common-args.resp
    
    /Applications/Xcode.app/Contents/Developer/Toolchains/XcodeDefault.xctoolchain/usr/bin/clang -x objective-c++ -ivfsstatcache /Users/karelbraborec/Library/Developer/Xcode/DerivedData/SDKStatCaches.noindex/iphonesimulator26.5-23F81a-6cfe768891a92b912361537c460fe42b.sdkstatcache -target x86_64-apple-ios15.1-simulator -fmessage-length\=0 -fdiagnostics-show-note-include-stack -fmacro-backtrace-limit\=0 -fno-color-diagnostics -fmodules-prune-interval\=86400 -fmodules-prune-after\=345600 -fbuild-session-file\=/Users/karelbraborec/Library/Developer/Xcode/DerivedData/ModuleCache.noindex/Session.modulevalidation -fmodules-validate-once-per-build-session -Wnon-modular-include-in-framework-module -Werror\=non-modular-include-in-framework-module -Wno-trigraphs -Wno-missing-field-initializers -Wno-missing-prototypes -Werror\=return-type -Wdocumentation -Wunreachable-code -Wno-implicit-atomic-properties -Werror\=deprecated-objc-isa-usage -Wno-objc-interface-ivars -Werror\=objc-root-class -Wno-arc-repeated-use-of-weak -Wimplicit-retain-self -Wno-non-virtual-dtor -Wno-overloaded-virtual -Wno-exit-time-destructors -Wduplicate-method-match -Wno-missing-braces -Wparentheses -Wswitch -Wunused-function -Wno-unused-label -Wno-unused-parameter -Wunused-variable -Wunused-value -Wempty-body -Wuninitialized -Wconditional-uninitialized -Wno-unknown-pragmas -Wno-shadow -Wno-four-char-constants -Wno-conversion -Wconstant-conversion -Wint-conversion -Wbool-conversion -Wenum-conversion -Wno-float-conversion -Wnon-literal-null-conversion -Wobjc-literal-conversion -Wshorten-64-to-32 -Wno-newline-eof -Wno-selector -Wno-strict-selector-match -Wundeclared-selector -Wdeprecated-implementations -Wno-c++11-extensions -Wno-implicit-fallthrough -isysroot /Applications/Xcode.app/Contents/Developer/Platforms/iPhoneSimulator.platform/Developer/SDKs/iPhoneSimulator26.5.sdk -fstrict-aliasing -Wprotocol -Wdeprecated-declarations -Winvalid-offsetof -Wno-sign-conversion -Winfinite-recursion -Wmove -Wcomma -Wblock-capture-autoreleasing -Wstrict-prototypes -Wrange-loop-analysis -Wno-semicolon-before-method-body -Wunguarded-availability -index-store-path /Users/karelbraborec/Library/Developer/Xcode/DerivedData/revmeter-hbcnswmlqmbpnlazhhkncgeowiss/Index.noindex/DataStore @/Users/karelbraborec/Library/Developer/Xcode/DerivedData/revmeter-hbcnswmlqmbpnlazhhkncgeowiss/Build/Intermediates.noindex/Pods.build/Debug-iphonesimulator/RNScreens.build/Objects-normal/x86_64/af3fcb34312c57c0f52879cdce924b91-common-args.resp -DRCT_NEW_ARCH_ENABLED\=1 -include /Users/karelbraborec/rev-meter/ios/Pods/Target\ Support\ Files/RNScreens/RNScreens-prefix.pch -MMD -MT dependencies -MF /Users/karelbraborec/Library/Developer/Xcode/DerivedData/revmeter-hbcnswmlqmbpnlazhhkncgeowiss/Build/Intermediates.noindex/Pods.build/Debug-iphonesimulator/RNScreens.build/Objects-normal/x86_64/RNSScreen.d --serialize-diagnostics /Users/karelbraborec/Library/Developer/Xcode/DerivedData/revmeter-hbcnswmlqmbpnlazhhkncgeowiss/Build/Intermediates.noindex/Pods.build/Debug-iphonesimulator/RNScreens.build/Objects-normal/x86_64/RNSScreen.dia -c /Users/karelbraborec/rev-meter/node_modules/react-native-screens/ios/RNSScreen.mm -o /Users/karelbraborec/Library/Developer/Xcode/DerivedData/revmeter-hbcnswmlqmbpnlazhhkncgeowiss/Build/Intermediates.noindex/Pods.build/Debug-iphonesimulator/RNScreens.build/Objects-normal/x86_64/RNSScreen.o -index-unit-output-path /Pods.build/Debug-iphonesimulator/RNScreens.build/Objects-normal/x86_64/RNSScreen.o
In file included from /Users/karelbraborec/rev-meter/node_modules/react-native-screens/ios/RNSScreen.mm:12:
In file included from /Users/karelbraborec/rev-meter/ios/Pods/Headers/Public/React-RCTFabric/React/RCTScrollViewComponentView.h:12:
In file included from /Users/karelbraborec/rev-meter/ios/Pods/Headers/Public/React-RCTFabric/React/RCTMountingTransactionObserving.h:10:
In file included from /Users/karelbraborec/rev-meter/ios/Pods/Headers/Public/React-Fabric/react/renderer/mounting/MountingTransaction.h:10:
/Users/karelbraborec/rev-meter/ios/Pods/Headers/Public/React-Fabric/react/renderer/mounting/ShadowViewMutation.h:46:7: warning: declaration is marked with '@deprecated' command but does not have a deprecation attribute [-Wdocumentation-deprecated-sync]
   46 |    * @deprecated Pass parentTag instead of parentShadowView.
      |      ~^~~~~~~~~~~~~~~~~~~~~~~~~~~~~~~~~~~~~~~~~~~~~~~~~~~~~~
/Users/karelbraborec/rev-meter/ios/Pods/Headers/Public/React-Fabric/react/renderer/mounting/ShadowViewMutation.h:48:3: note: add a deprecation attribute to the declaration to silence this warning
   48 |   static ShadowViewMutation InsertMutation(const ShadowView &parentShadowView, ShadowView childShadowView, int index)
      |   ^
      |   FMT_DEPRECATED 
/Users/karelbraborec/rev-meter/ios/Pods/Headers/Public/React-Fabric/react/renderer/mounting/ShadowViewMutation.h:60:7: warning: declaration is marked with '@deprecated' command but does not have a deprecation attribute [-Wdocumentation-deprecated-sync]
   60 |    * @deprecated Pass parentTag instead of parentShadowView.
      |      ~^~~~~~~~~~~~~~~~~~~~~~~~~~~~~~~~~~~~~~~~~~~~~~~~~~~~~~
/Users/karelbraborec/rev-meter/ios/Pods/Headers/Public/React-Fabric/react/renderer/mounting/ShadowViewMutation.h:62:3: note: add a deprecation attribute to the declaration to silence this warning
   62 |   static ShadowViewMutation RemoveMutation(const ShadowView &parentShadowView, ShadowView childShadowView, int index)
      |   ^
      |   FMT_DEPRECATED 
/Users/karelbraborec/rev-meter/ios/Pods/Headers/Public/React-Fabric/react/renderer/mounting/ShadowViewMutation.h:74:7: warning: declaration is marked with '@deprecated' command but does not have a deprecation attribute [-Wdocumentation-deprecated-sync]
   74 |    * @deprecated Pass parentTag instead of parentShadowView.
      |      ~^~~~~~~~~~~~~~~~~~~~~~~~~~~~~~~~~~~~~~~~~~~~~~~~~~~~~~
/Users/karelbraborec/rev-meter/ios/Pods/Headers/Public/React-Fabric/react/renderer/mounting/ShadowViewMutation.h:76:3: note: add a deprecation attribute to the declaration to silence this warning
   76 |   static ShadowViewMutation
      |   ^
      |   FMT_DEPRECATED 
/Users/karelbraborec/rev-meter/node_modules/react-native-screens/ios/RNSScreen.mm:1585:69: warning: 'statusBarFrame' is deprecated: first deprecated in iOS 13.0 - Use the statusBarManager property of the window scene instead. [-Wdeprecated-declarations]
 1585 |   CGSize fallbackStatusBarSize = [[UIApplication sharedApplication] statusBarFrame].size;
      |                                                                     ^
In file included from <built-in>:1:
In file included from /Users/karelbraborec/rev-meter/ios/Pods/Target Support Files/RNScreens/RNScreens-prefix.pch:2:
In file included from /Applications/Xcode.app/Contents/Developer/Platforms/iPhoneSimulator.platform/Developer/SDKs/iPhoneSimulator26.5.sdk/System/Library/Frameworks/UIKit.framework/Headers/UIKit.h:9:
In file included from /Applications/Xcode.app/Contents/Developer/Platforms/iPhoneSimulator.platform/Developer/SDKs/iPhoneSimulator26.5.sdk/System/Library/Frameworks/UIKit.framework/Headers/UIKitCore.h:34:
In file included from /Applications/Xcode.app/Contents/Developer/Platforms/iPhoneSimulator.platform/Developer/SDKs/iPhoneSimulator26.5.sdk/System/Library/Frameworks/UIKit.framework/Headers/UIAccessibility.h:20:
In file included from /Applications/Xcode.app/Contents/Developer/Platforms/iPhoneSimulator.platform/Developer/SDKs/iPhoneSimulator26.5.sdk/System/Library/Frameworks/UIKit.framework/Headers/UIAccessibilityElement.h:12:
In file included from /Applications/Xcode.app/Contents/Developer/Platforms/iPhoneSimulator.platform/Developer/SDKs/iPhoneSimulator26.5.sdk/System/Library/Frameworks/UIKit.framework/Headers/UIAccessibilityIdentification.h:13:
In file included from /Applications/Xcode.app/Contents/Developer/Platforms/iPhoneSimulator.platform/Developer/SDKs/iPhoneSimulator26.5.sdk/System/Library/Frameworks/UIKit.framework/Headers/UIAlertController.h:9:
In file included from /Applications/Xcode.app/Contents/Developer/Platforms/iPhoneSimulator.platform/Developer/SDKs/iPhoneSimulator26.5.sdk/System/Library/Frameworks/UIKit.framework/Headers/UIViewController.h:12:
/Applications/Xcode.app/Contents/Developer/Platforms/iPhoneSimulator.platform/Developer/SDKs/iPhoneSimulator26.5.sdk/System/Library/Frameworks/UIKit.framework/Headers/UIApplication.h:131:38: note: property 'statusBarFrame' is declared deprecated here
  131 | @property(nonatomic,readonly) CGRect statusBarFrame API_DEPRECATED("Use the statusBarManager property of the window scene instead.", ios(2.0, 13.0)) API_UNAVAILABLE(tvos) API_UNAVAILABLE(visionos, watchos); // returns CGRectZero if the status bar is hidden
      |                                      ^
/Applications/Xcode.app/Contents/Developer/Platforms/iPhoneSimulator.platform/Developer/SDKs/iPhoneSimulator26.5.sdk/System/Library/Frameworks/UIKit.framework/Headers/UIApplication.h:131:38: note: 'statusBarFrame' has been explicitly marked deprecated here
4 warnings generated.

CompileC /Users/karelbraborec/Library/Developer/Xcode/DerivedData/revmeter-hbcnswmlqmbpnlazhhkncgeowiss/Build/Intermediates.noindex/Pods.build/Debug-iphonesimulator/RNScreens.build/Objects-normal/x86_64/RNSSafeAreaViewState.o /Users/karelbraborec/rev-meter/node_modules/react-native-screens/common/cpp/react/renderer/components/rnscreens/RNSSafeAreaViewState.cpp normal x86_64 c++ com.apple.compilers.llvm.clang.1_0.compiler (in target 'RNScreens' from project 'Pods')
    cd /Users/karelbraborec/rev-meter/ios/Pods
    
    Using response file: /Users/karelbraborec/Library/Developer/Xcode/DerivedData/revmeter-hbcnswmlqmbpnlazhhkncgeowiss/Build/Intermediates.noindex/Pods.build/Debug-iphonesimulator/RNScreens.build/Objects-normal/x86_64/82b82416624d2658e5098eb0a28c15c5-common-args.resp
    
    /Applications/Xcode.app/Contents/Developer/Toolchains/XcodeDefault.xctoolchain/usr/bin/clang -x c++ -ivfsstatcache /Users/karelbraborec/Library/Developer/Xcode/DerivedData/SDKStatCaches.noindex/iphonesimulator26.5-23F81a-6cfe768891a92b912361537c460fe42b.sdkstatcache -target x86_64-apple-ios15.1-simulator -fmessage-length\=0 -fdiagnostics-show-note-include-stack -fmacro-backtrace-limit\=0 -fno-color-diagnostics -fmodules-prune-interval\=86400 -fmodules-prune-after\=345600 -fbuild-session-file\=/Users/karelbraborec/Library/Developer/Xcode/DerivedData/ModuleCache.noindex/Session.modulevalidation -fmodules-validate-once-per-build-session -Wnon-modular-include-in-framework-module -Werror\=non-modular-include-in-framework-module -Wno-trigraphs -Wno-missing-field-initializers -Wno-missing-prototypes -Werror\=return-type -Wdocumentation -Wunreachable-code -Werror\=deprecated-objc-isa-usage -Werror\=objc-root-class -Wno-non-virtual-dtor -Wno-overloaded-virtual -Wno-exit-time-destructors -Wno-missing-braces -Wparentheses -Wswitch -Wunused-function -Wno-unused-label -Wno-unused-parameter -Wunused-variable -Wunused-value -Wempty-body -Wuninitialized -Wconditional-uninitialized -Wno-unknown-pragmas -Wno-shadow -Wno-four-char-constants -Wno-conversion -Wconstant-conversion -Wint-conversion -Wbool-conversion -Wenum-conversion -Wno-float-conversion -Wnon-literal-null-conversion -Wobjc-literal-conversion -Wshorten-64-to-32 -Wno-newline-eof -Wno-c++11-extensions -Wno-implicit-fallthrough -isysroot /Applications/Xcode.app/Contents/Developer/Platforms/iPhoneSimulator.platform/Developer/SDKs/iPhoneSimulator26.5.sdk -fstrict-aliasing -Wdeprecated-declarations -Winvalid-offsetof -Wno-sign-conversion -Winfinite-recursion -Wmove -Wcomma -Wblock-capture-autoreleasing -Wstrict-prototypes -Wrange-loop-analysis -Wno-semicolon-before-method-body -Wunguarded-availability -index-store-path /Users/karelbraborec/Library/Developer/Xcode/DerivedData/revmeter-hbcnswmlqmbpnlazhhkncgeowiss/Index.noindex/DataStore @/Users/karelbraborec/Library/Developer/Xcode/DerivedData/revmeter-hbcnswmlqmbpnlazhhkncgeowiss/Build/Intermediates.noindex/Pods.build/Debug-iphonesimulator/RNScreens.build/Objects-normal/x86_64/82b82416624d2658e5098eb0a28c15c5-common-args.resp -DRCT_NEW_ARCH_ENABLED\=1 -include /Users/karelbraborec/rev-meter/ios/Pods/Target\ Support\ Files/RNScreens/RNScreens-prefix.pch -MMD -MT dependencies -MF /Users/karelbraborec/Library/Developer/Xcode/DerivedData/revmeter-hbcnswmlqmbpnlazhhkncgeowiss/Build/Intermediates.noindex/Pods.build/Debug-iphonesimulator/RNScreens.build/Objects-normal/x86_64/RNSSafeAreaViewState.d --serialize-diagnostics /Users/karelbraborec/Library/Developer/Xcode/DerivedData/revmeter-hbcnswmlqmbpnlazhhkncgeowiss/Build/Intermediates.noindex/Pods.build/Debug-iphonesimulator/RNScreens.build/Objects-normal/x86_64/RNSSafeAreaViewState.dia -c /Users/karelbraborec/rev-meter/node_modules/react-native-screens/common/cpp/react/renderer/components/rnscreens/RNSSafeAreaViewState.cpp -o /Users/karelbraborec/Library/Developer/Xcode/DerivedData/revmeter-hbcnswmlqmbpnlazhhkncgeowiss/Build/Intermediates.noindex/Pods.build/Debug-iphonesimulator/RNScreens.build/Objects-normal/x86_64/RNSSafeAreaViewState.o -index-unit-output-path /Pods.build/Debug-iphonesimulator/RNScreens.build/Objects-normal/x86_64/RNSSafeAreaViewState.o

CompileC /Users/karelbraborec/Library/Developer/Xcode/DerivedData/revmeter-hbcnswmlqmbpnlazhhkncgeowiss/Build/Intermediates.noindex/Pods.build/Debug-iphonesimulator/RNScreens.build/Objects-normal/x86_64/RNSSafeAreaViewShadowNode.o /Users/karelbraborec/rev-meter/node_modules/react-native-screens/common/cpp/react/renderer/components/rnscreens/RNSSafeAreaViewShadowNode.cpp normal x86_64 c++ com.apple.compilers.llvm.clang.1_0.compiler (in target 'RNScreens' from project 'Pods')
    cd /Users/karelbraborec/rev-meter/ios/Pods
    
    Using response file: /Users/karelbraborec/Library/Developer/Xcode/DerivedData/revmeter-hbcnswmlqmbpnlazhhkncgeowiss/Build/Intermediates.noindex/Pods.build/Debug-iphonesimulator/RNScreens.build/Objects-normal/x86_64/82b82416624d2658e5098eb0a28c15c5-common-args.resp
    
    /Applications/Xcode.app/Contents/Developer/Toolchains/XcodeDefault.xctoolchain/usr/bin/clang -x c++ -ivfsstatcache /Users/karelbraborec/Library/Developer/Xcode/DerivedData/SDKStatCaches.noindex/iphonesimulator26.5-23F81a-6cfe768891a92b912361537c460fe42b.sdkstatcache -target x86_64-apple-ios15.1-simulator -fmessage-length\=0 -fdiagnostics-show-note-include-stack -fmacro-backtrace-limit\=0 -fno-color-diagnostics -fmodules-prune-interval\=86400 -fmodules-prune-after\=345600 -fbuild-session-file\=/Users/karelbraborec/Library/Developer/Xcode/DerivedData/ModuleCache.noindex/Session.modulevalidation -fmodules-validate-once-per-build-session -Wnon-modular-include-in-framework-module -Werror\=non-modular-include-in-framework-module -Wno-trigraphs -Wno-missing-field-initializers -Wno-missing-prototypes -Werror\=return-type -Wdocumentation -Wunreachable-code -Werror\=deprecated-objc-isa-usage -Werror\=objc-root-class -Wno-non-virtual-dtor -Wno-overloaded-virtual -Wno-exit-time-destructors -Wno-missing-braces -Wparentheses -Wswitch -Wunused-function -Wno-unused-label -Wno-unused-parameter -Wunused-variable -Wunused-value -Wempty-body -Wuninitialized -Wconditional-uninitialized -Wno-unknown-pragmas -Wno-shadow -Wno-four-char-constants -Wno-conversion -Wconstant-conversion -Wint-conversion -Wbool-conversion -Wenum-conversion -Wno-float-conversion -Wnon-literal-null-conversion -Wobjc-literal-conversion -Wshorten-64-to-32 -Wno-newline-eof -Wno-c++11-extensions -Wno-implicit-fallthrough -isysroot /Applications/Xcode.app/Contents/Developer/Platforms/iPhoneSimulator.platform/Developer/SDKs/iPhoneSimulator26.5.sdk -fstrict-aliasing -Wdeprecated-declarations -Winvalid-offsetof -Wno-sign-conversion -Winfinite-recursion -Wmove -Wcomma -Wblock-capture-autoreleasing -Wstrict-prototypes -Wrange-loop-analysis -Wno-semicolon-before-method-body -Wunguarded-availability -index-store-path /Users/karelbraborec/Library/Developer/Xcode/DerivedData/revmeter-hbcnswmlqmbpnlazhhkncgeowiss/Index.noindex/DataStore @/Users/karelbraborec/Library/Developer/Xcode/DerivedData/revmeter-hbcnswmlqmbpnlazhhkncgeowiss/Build/Intermediates.noindex/Pods.build/Debug-iphonesimulator/RNScreens.build/Objects-normal/x86_64/82b82416624d2658e5098eb0a28c15c5-common-args.resp -DRCT_NEW_ARCH_ENABLED\=1 -include /Users/karelbraborec/rev-meter/ios/Pods/Target\ Support\ Files/RNScreens/RNScreens-prefix.pch -MMD -MT dependencies -MF /Users/karelbraborec/Library/Developer/Xcode/DerivedData/revmeter-hbcnswmlqmbpnlazhhkncgeowiss/Build/Intermediates.noindex/Pods.build/Debug-iphonesimulator/RNScreens.build/Objects-normal/x86_64/RNSSafeAreaViewShadowNode.d --serialize-diagnostics /Users/karelbraborec/Library/Developer/Xcode/DerivedData/revmeter-hbcnswmlqmbpnlazhhkncgeowiss/Build/Intermediates.noindex/Pods.build/Debug-iphonesimulator/RNScreens.build/Objects-normal/x86_64/RNSSafeAreaViewShadowNode.dia -c /Users/karelbraborec/rev-meter/node_modules/react-native-screens/common/cpp/react/renderer/components/rnscreens/RNSSafeAreaViewShadowNode.cpp -o /Users/karelbraborec/Library/Developer/Xcode/DerivedData/revmeter-hbcnswmlqmbpnlazhhkncgeowiss/Build/Intermediates.noindex/Pods.build/Debug-iphonesimulator/RNScreens.build/Objects-normal/x86_64/RNSSafeAreaViewShadowNode.o -index-unit-output-path /Pods.build/Debug-iphonesimulator/RNScreens.build/Objects-normal/x86_64/RNSSafeAreaViewShadowNode.o

CompileC /Users/karelbraborec/Library/Developer/Xcode/DerivedData/revmeter-hbcnswmlqmbpnlazhhkncgeowiss/Build/Intermediates.noindex/Pods.build/Debug-iphonesimulator/RNScreens.build/Objects-normal/x86_64/RNSSafeAreaViewComponentView.o /Users/karelbraborec/rev-meter/node_modules/react-native-screens/ios/safe-area/RNSSafeAreaViewComponentView.mm normal x86_64 objective-c++ com.apple.compilers.llvm.clang.1_0.compiler (in target 'RNScreens' from project 'Pods')
    cd /Users/karelbraborec/rev-meter/ios/Pods
    
    Using response file: /Users/karelbraborec/Library/Developer/Xcode/DerivedData/revmeter-hbcnswmlqmbpnlazhhkncgeowiss/Build/Intermediates.noindex/Pods.build/Debug-iphonesimulator/RNScreens.build/Objects-normal/x86_64/af3fcb34312c57c0f52879cdce924b91-common-args.resp
    
    /Applications/Xcode.app/Contents/Developer/Toolchains/XcodeDefault.xctoolchain/usr/bin/clang -x objective-c++ -ivfsstatcache /Users/karelbraborec/Library/Developer/Xcode/DerivedData/SDKStatCaches.noindex/iphonesimulator26.5-23F81a-6cfe768891a92b912361537c460fe42b.sdkstatcache -target x86_64-apple-ios15.1-simulator -fmessage-length\=0 -fdiagnostics-show-note-include-stack -fmacro-backtrace-limit\=0 -fno-color-diagnostics -fmodules-prune-interval\=86400 -fmodules-prune-after\=345600 -fbuild-session-file\=/Users/karelbraborec/Library/Developer/Xcode/DerivedData/ModuleCache.noindex/Session.modulevalidation -fmodules-validate-once-per-build-session -Wnon-modular-include-in-framework-module -Werror\=non-modular-include-in-framework-module -Wno-trigraphs -Wno-missing-field-initializers -Wno-missing-prototypes -Werror\=return-type -Wdocumentation -Wunreachable-code -Wno-implicit-atomic-properties -Werror\=deprecated-objc-isa-usage -Wno-objc-interface-ivars -Werror\=objc-root-class -Wno-arc-repeated-use-of-weak -Wimplicit-retain-self -Wno-non-virtual-dtor -Wno-overloaded-virtual -Wno-exit-time-destructors -Wduplicate-method-match -Wno-missing-braces -Wparentheses -Wswitch -Wunused-function -Wno-unused-label -Wno-unused-parameter -Wunused-variable -Wunused-value -Wempty-body -Wuninitialized -Wconditional-uninitialized -Wno-unknown-pragmas -Wno-shadow -Wno-four-char-constants -Wno-conversion -Wconstant-conversion -Wint-conversion -Wbool-conversion -Wenum-conversion -Wno-float-conversion -Wnon-literal-null-conversion -Wobjc-literal-conversion -Wshorten-64-to-32 -Wno-newline-eof -Wno-selector -Wno-strict-selector-match -Wundeclared-selector -Wdeprecated-implementations -Wno-c++11-extensions -Wno-implicit-fallthrough -isysroot /Applications/Xcode.app/Contents/Developer/Platforms/iPhoneSimulator.platform/Developer/SDKs/iPhoneSimulator26.5.sdk -fstrict-aliasing -Wprotocol -Wdeprecated-declarations -Winvalid-offsetof -Wno-sign-conversion -Winfinite-recursion -Wmove -Wcomma -Wblock-capture-autoreleasing -Wstrict-prototypes -Wrange-loop-analysis -Wno-semicolon-before-method-body -Wunguarded-availability -index-store-path /Users/karelbraborec/Library/Developer/Xcode/DerivedData/revmeter-hbcnswmlqmbpnlazhhkncgeowiss/Index.noindex/DataStore @/Users/karelbraborec/Library/Developer/Xcode/DerivedData/revmeter-hbcnswmlqmbpnlazhhkncgeowiss/Build/Intermediates.noindex/Pods.build/Debug-iphonesimulator/RNScreens.build/Objects-normal/x86_64/af3fcb34312c57c0f52879cdce924b91-common-args.resp -DRCT_NEW_ARCH_ENABLED\=1 -include /Users/karelbraborec/rev-meter/ios/Pods/Target\ Support\ Files/RNScreens/RNScreens-prefix.pch -MMD -MT dependencies -MF /Users/karelbraborec/Library/Developer/Xcode/DerivedData/revmeter-hbcnswmlqmbpnlazhhkncgeowiss/Build/Intermediates.noindex/Pods.build/Debug-iphonesimulator/RNScreens.build/Objects-normal/x86_64/RNSSafeAreaViewComponentView.d --serialize-diagnostics /Users/karelbraborec/Library/Developer/Xcode/DerivedData/revmeter-hbcnswmlqmbpnlazhhkncgeowiss/Build/Intermediates.noindex/Pods.build/Debug-iphonesimulator/RNScreens.build/Objects-normal/x86_64/RNSSafeAreaViewComponentView.dia -c /Users/karelbraborec/rev-meter/node_modules/react-native-screens/ios/safe-area/RNSSafeAreaViewComponentView.mm -o /Users/karelbraborec/Library/Developer/Xcode/DerivedData/revmeter-hbcnswmlqmbpnlazhhkncgeowiss/Build/Intermediates.noindex/Pods.build/Debug-iphonesimulator/RNScreens.build/Objects-normal/x86_64/RNSSafeAreaViewComponentView.o -index-unit-output-path /Pods.build/Debug-iphonesimulator/RNScreens.build/Objects-normal/x86_64/RNSSafeAreaViewComponentView.o

CompileC /Users/karelbraborec/Library/Developer/Xcode/DerivedData/revmeter-hbcnswmlqmbpnlazhhkncgeowiss/Build/Intermediates.noindex/Pods.build/Debug-iphonesimulator/RNScreens.build/Objects-normal/x86_64/RNSReactBaseView.o /Users/karelbraborec/rev-meter/node_modules/react-native-screens/ios/bridging/RNSReactBaseView.mm normal x86_64 objective-c++ com.apple.compilers.llvm.clang.1_0.compiler (in target 'RNScreens' from project 'Pods')
    cd /Users/karelbraborec/rev-meter/ios/Pods
    
    Using response file: /Users/karelbraborec/Library/Developer/Xcode/DerivedData/revmeter-hbcnswmlqmbpnlazhhkncgeowiss/Build/Intermediates.noindex/Pods.build/Debug-iphonesimulator/RNScreens.build/Objects-normal/x86_64/af3fcb34312c57c0f52879cdce924b91-common-args.resp
    
    /Applications/Xcode.app/Contents/Developer/Toolchains/XcodeDefault.xctoolchain/usr/bin/clang -x objective-c++ -ivfsstatcache /Users/karelbraborec/Library/Developer/Xcode/DerivedData/SDKStatCaches.noindex/iphonesimulator26.5-23F81a-6cfe768891a92b912361537c460fe42b.sdkstatcache -target x86_64-apple-ios15.1-simulator -fmessage-length\=0 -fdiagnostics-show-note-include-stack -fmacro-backtrace-limit\=0 -fno-color-diagnostics -fmodules-prune-interval\=86400 -fmodules-prune-after\=345600 -fbuild-session-file\=/Users/karelbraborec/Library/Developer/Xcode/DerivedData/ModuleCache.noindex/Session.modulevalidation -fmodules-validate-once-per-build-session -Wnon-modular-include-in-framework-module -Werror\=non-modular-include-in-framework-module -Wno-trigraphs -Wno-missing-field-initializers -Wno-missing-prototypes -Werror\=return-type -Wdocumentation -Wunreachable-code -Wno-implicit-atomic-properties -Werror\=deprecated-objc-isa-usage -Wno-objc-interface-ivars -Werror\=objc-root-class -Wno-arc-repeated-use-of-weak -Wimplicit-retain-self -Wno-non-virtual-dtor -Wno-overloaded-virtual -Wno-exit-time-destructors -Wduplicate-method-match -Wno-missing-braces -Wparentheses -Wswitch -Wunused-function -Wno-unused-label -Wno-unused-parameter -Wunused-variable -Wunused-value -Wempty-body -Wuninitialized -Wconditional-uninitialized -Wno-unknown-pragmas -Wno-shadow -Wno-four-char-constants -Wno-conversion -Wconstant-conversion -Wint-conversion -Wbool-conversion -Wenum-conversion -Wno-float-conversion -Wnon-literal-null-conversion -Wobjc-literal-conversion -Wshorten-64-to-32 -Wno-newline-eof -Wno-selector -Wno-strict-selector-match -Wundeclared-selector -Wdeprecated-implementations -Wno-c++11-extensions -Wno-implicit-fallthrough -isysroot /Applications/Xcode.app/Contents/Developer/Platforms/iPhoneSimulator.platform/Developer/SDKs/iPhoneSimulator26.5.sdk -fstrict-aliasing -Wprotocol -Wdeprecated-declarations -Winvalid-offsetof -Wno-sign-conversion -Winfinite-recursion -Wmove -Wcomma -Wblock-capture-autoreleasing -Wstrict-prototypes -Wrange-loop-analysis -Wno-semicolon-before-method-body -Wunguarded-availability -index-store-path /Users/karelbraborec/Library/Developer/Xcode/DerivedData/revmeter-hbcnswmlqmbpnlazhhkncgeowiss/Index.noindex/DataStore @/Users/karelbraborec/Library/Developer/Xcode/DerivedData/revmeter-hbcnswmlqmbpnlazhhkncgeowiss/Build/Intermediates.noindex/Pods.build/Debug-iphonesimulator/RNScreens.build/Objects-normal/x86_64/af3fcb34312c57c0f52879cdce924b91-common-args.resp -DRCT_NEW_ARCH_ENABLED\=1 -include /Users/karelbraborec/rev-meter/ios/Pods/Target\ Support\ Files/RNScreens/RNScreens-prefix.pch -MMD -MT dependencies -MF /Users/karelbraborec/Library/Developer/Xcode/DerivedData/revmeter-hbcnswmlqmbpnlazhhkncgeowiss/Build/Intermediates.noindex/Pods.build/Debug-iphonesimulator/RNScreens.build/Objects-normal/x86_64/RNSReactBaseView.d --serialize-diagnostics /Users/karelbraborec/Library/Developer/Xcode/DerivedData/revmeter-hbcnswmlqmbpnlazhhkncgeowiss/Build/Intermediates.noindex/Pods.build/Debug-iphonesimulator/RNScreens.build/Objects-normal/x86_64/RNSReactBaseView.dia -c /Users/karelbraborec/rev-meter/node_modules/react-native-screens/ios/bridging/RNSReactBaseView.mm -o /Users/karelbraborec/Library/Developer/Xcode/DerivedData/revmeter-hbcnswmlqmbpnlazhhkncgeowiss/Build/Intermediates.noindex/Pods.build/Debug-iphonesimulator/RNScreens.build/Objects-normal/x86_64/RNSReactBaseView.o -index-unit-output-path /Pods.build/Debug-iphonesimulator/RNScreens.build/Objects-normal/x86_64/RNSReactBaseView.o

CompileC /Users/karelbraborec/Library/Developer/Xcode/DerivedData/revmeter-hbcnswmlqmbpnlazhhkncgeowiss/Build/Intermediates.noindex/Pods.build/Debug-iphonesimulator/RNScreens.build/Objects-normal/x86_64/RNSPresentationSourceProvider.o /Users/karelbraborec/rev-meter/node_modules/react-native-screens/ios/gamma/modals/utils/RNSPresentationSourceProvider.mm normal x86_64 objective-c++ com.apple.compilers.llvm.clang.1_0.compiler (in target 'RNScreens' from project 'Pods')
    cd /Users/karelbraborec/rev-meter/ios/Pods
    
    Using response file: /Users/karelbraborec/Library/Developer/Xcode/DerivedData/revmeter-hbcnswmlqmbpnlazhhkncgeowiss/Build/Intermediates.noindex/Pods.build/Debug-iphonesimulator/RNScreens.build/Objects-normal/x86_64/af3fcb34312c57c0f52879cdce924b91-common-args.resp
    
    /Applications/Xcode.app/Contents/Developer/Toolchains/XcodeDefault.xctoolchain/usr/bin/clang -x objective-c++ -ivfsstatcache /Users/karelbraborec/Library/Developer/Xcode/DerivedData/SDKStatCaches.noindex/iphonesimulator26.5-23F81a-6cfe768891a92b912361537c460fe42b.sdkstatcache -target x86_64-apple-ios15.1-simulator -fmessage-length\=0 -fdiagnostics-show-note-include-stack -fmacro-backtrace-limit\=0 -fno-color-diagnostics -fmodules-prune-interval\=86400 -fmodules-prune-after\=345600 -fbuild-session-file\=/Users/karelbraborec/Library/Developer/Xcode/DerivedData/ModuleCache.noindex/Session.modulevalidation -fmodules-validate-once-per-build-session -Wnon-modular-include-in-framework-module -Werror\=non-modular-include-in-framework-module -Wno-trigraphs -Wno-missing-field-initializers -Wno-missing-prototypes -Werror\=return-type -Wdocumentation -Wunreachable-code -Wno-implicit-atomic-properties -Werror\=deprecated-objc-isa-usage -Wno-objc-interface-ivars -Werror\=objc-root-class -Wno-arc-repeated-use-of-weak -Wimplicit-retain-self -Wno-non-virtual-dtor -Wno-overloaded-virtual -Wno-exit-time-destructors -Wduplicate-method-match -Wno-missing-braces -Wparentheses -Wswitch -Wunused-function -Wno-unused-label -Wno-unused-parameter -Wunused-variable -Wunused-value -Wempty-body -Wuninitialized -Wconditional-uninitialized -Wno-unknown-pragmas -Wno-shadow -Wno-four-char-constants -Wno-conversion -Wconstant-conversion -Wint-conversion -Wbool-conversion -Wenum-conversion -Wno-float-conversion -Wnon-literal-null-conversion -Wobjc-literal-conversion -Wshorten-64-to-32 -Wno-newline-eof -Wno-selector -Wno-strict-selector-match -Wundeclared-selector -Wdeprecated-implementations -Wno-c++11-extensions -Wno-implicit-fallthrough -isysroot /Applications/Xcode.app/Contents/Developer/Platforms/iPhoneSimulator.platform/Developer/SDKs/iPhoneSimulator26.5.sdk -fstrict-aliasing -Wprotocol -Wdeprecated-declarations -Winvalid-offsetof -Wno-sign-conversion -Winfinite-recursion -Wmove -Wcomma -Wblock-capture-autoreleasing -Wstrict-prototypes -Wrange-loop-analysis -Wno-semicolon-before-method-body -Wunguarded-availability -index-store-path /Users/karelbraborec/Library/Developer/Xcode/DerivedData/revmeter-hbcnswmlqmbpnlazhhkncgeowiss/Index.noindex/DataStore @/Users/karelbraborec/Library/Developer/Xcode/DerivedData/revmeter-hbcnswmlqmbpnlazhhkncgeowiss/Build/Intermediates.noindex/Pods.build/Debug-iphonesimulator/RNScreens.build/Objects-normal/x86_64/af3fcb34312c57c0f52879cdce924b91-common-args.resp -DRCT_NEW_ARCH_ENABLED\=1 -include /Users/karelbraborec/rev-meter/ios/Pods/Target\ Support\ Files/RNScreens/RNScreens-prefix.pch -MMD -MT dependencies -MF /Users/karelbraborec/Library/Developer/Xcode/DerivedData/revmeter-hbcnswmlqmbpnlazhhkncgeowiss/Build/Intermediates.noindex/Pods.build/Debug-iphonesimulator/RNScreens.build/Objects-normal/x86_64/RNSPresentationSourceProvider.d --serialize-diagnostics /Users/karelbraborec/Library/Developer/Xcode/DerivedData/revmeter-hbcnswmlqmbpnlazhhkncgeowiss/Build/Intermediates.noindex/Pods.build/Debug-iphonesimulator/RNScreens.build/Objects-normal/x86_64/RNSPresentationSourceProvider.dia -c /Users/karelbraborec/rev-meter/node_modules/react-native-screens/ios/gamma/modals/utils/RNSPresentationSourceProvider.mm -o /Users/karelbraborec/Library/Developer/Xcode/DerivedData/revmeter-hbcnswmlqmbpnlazhhkncgeowiss/Build/Intermediates.noindex/Pods.build/Debug-iphonesimulator/RNScreens.build/Objects-normal/x86_64/RNSPresentationSourceProvider.o -index-unit-output-path /Pods.build/Debug-iphonesimulator/RNScreens.build/Objects-normal/x86_64/RNSPresentationSourceProvider.o

CompileC /Users/karelbraborec/Library/Developer/Xcode/DerivedData/revmeter-hbcnswmlqmbpnlazhhkncgeowiss/Build/Intermediates.noindex/Pods.build/Debug-iphonesimulator/RNScreens.build/Objects-normal/x86_64/RNSPercentDrivenInteractiveTransition.o /Users/karelbraborec/rev-meter/node_modules/react-native-screens/ios/RNSPercentDrivenInteractiveTransition.mm normal x86_64 objective-c++ com.apple.compilers.llvm.clang.1_0.compiler (in target 'RNScreens' from project 'Pods')
    cd /Users/karelbraborec/rev-meter/ios/Pods
    
    Using response file: /Users/karelbraborec/Library/Developer/Xcode/DerivedData/revmeter-hbcnswmlqmbpnlazhhkncgeowiss/Build/Intermediates.noindex/Pods.build/Debug-iphonesimulator/RNScreens.build/Objects-normal/x86_64/af3fcb34312c57c0f52879cdce924b91-common-args.resp
    
    /Applications/Xcode.app/Contents/Developer/Toolchains/XcodeDefault.xctoolchain/usr/bin/clang -x objective-c++ -ivfsstatcache /Users/karelbraborec/Library/Developer/Xcode/DerivedData/SDKStatCaches.noindex/iphonesimulator26.5-23F81a-6cfe768891a92b912361537c460fe42b.sdkstatcache -target x86_64-apple-ios15.1-simulator -fmessage-length\=0 -fdiagnostics-show-note-include-stack -fmacro-backtrace-limit\=0 -fno-color-diagnostics -fmodules-prune-interval\=86400 -fmodules-prune-after\=345600 -fbuild-session-file\=/Users/karelbraborec/Library/Developer/Xcode/DerivedData/ModuleCache.noindex/Session.modulevalidation -fmodules-validate-once-per-build-session -Wnon-modular-include-in-framework-module -Werror\=non-modular-include-in-framework-module -Wno-trigraphs -Wno-missing-field-initializers -Wno-missing-prototypes -Werror\=return-type -Wdocumentation -Wunreachable-code -Wno-implicit-atomic-properties -Werror\=deprecated-objc-isa-usage -Wno-objc-interface-ivars -Werror\=objc-root-class -Wno-arc-repeated-use-of-weak -Wimplicit-retain-self -Wno-non-virtual-dtor -Wno-overloaded-virtual -Wno-exit-time-destructors -Wduplicate-method-match -Wno-missing-braces -Wparentheses -Wswitch -Wunused-function -Wno-unused-label -Wno-unused-parameter -Wunused-variable -Wunused-value -Wempty-body -Wuninitialized -Wconditional-uninitialized -Wno-unknown-pragmas -Wno-shadow -Wno-four-char-constants -Wno-conversion -Wconstant-conversion -Wint-conversion -Wbool-conversion -Wenum-conversion -Wno-float-conversion -Wnon-literal-null-conversion -Wobjc-literal-conversion -Wshorten-64-to-32 -Wno-newline-eof -Wno-selector -Wno-strict-selector-match -Wundeclared-selector -Wdeprecated-implementations -Wno-c++11-extensions -Wno-implicit-fallthrough -isysroot /Applications/Xcode.app/Contents/Developer/Platforms/iPhoneSimulator.platform/Developer/SDKs/iPhoneSimulator26.5.sdk -fstrict-aliasing -Wprotocol -Wdeprecated-declarations -Winvalid-offsetof -Wno-sign-conversion -Winfinite-recursion -Wmove -Wcomma -Wblock-capture-autoreleasing -Wstrict-prototypes -Wrange-loop-analysis -Wno-semicolon-before-method-body -Wunguarded-availability -index-store-path /Users/karelbraborec/Library/Developer/Xcode/DerivedData/revmeter-hbcnswmlqmbpnlazhhkncgeowiss/Index.noindex/DataStore @/Users/karelbraborec/Library/Developer/Xcode/DerivedData/revmeter-hbcnswmlqmbpnlazhhkncgeowiss/Build/Intermediates.noindex/Pods.build/Debug-iphonesimulator/RNScreens.build/Objects-normal/x86_64/af3fcb34312c57c0f52879cdce924b91-common-args.resp -DRCT_NEW_ARCH_ENABLED\=1 -include /Users/karelbraborec/rev-meter/ios/Pods/Target\ Support\ Files/RNScreens/RNScreens-prefix.pch -MMD -MT dependencies -MF /Users/karelbraborec/Library/Developer/Xcode/DerivedData/revmeter-hbcnswmlqmbpnlazhhkncgeowiss/Build/Intermediates.noindex/Pods.build/Debug-iphonesimulator/RNScreens.build/Objects-normal/x86_64/RNSPercentDrivenInteractiveTransition.d --serialize-diagnostics /Users/karelbraborec/Library/Developer/Xcode/DerivedData/revmeter-hbcnswmlqmbpnlazhhkncgeowiss/Build/Intermediates.noindex/Pods.build/Debug-iphonesimulator/RNScreens.build/Objects-normal/x86_64/RNSPercentDrivenInteractiveTransition.dia -c /Users/karelbraborec/rev-meter/node_modules/react-native-screens/ios/RNSPercentDrivenInteractiveTransition.mm -o /Users/karelbraborec/Library/Developer/Xcode/DerivedData/revmeter-hbcnswmlqmbpnlazhhkncgeowiss/Build/Intermediates.noindex/Pods.build/Debug-iphonesimulator/RNScreens.build/Objects-normal/x86_64/RNSPercentDrivenInteractiveTransition.o -index-unit-output-path /Pods.build/Debug-iphonesimulator/RNScreens.build/Objects-normal/x86_64/RNSPercentDrivenInteractiveTransition.o

CompileC /Users/karelbraborec/Library/Developer/Xcode/DerivedData/revmeter-hbcnswmlqmbpnlazhhkncgeowiss/Build/Intermediates.noindex/Pods.build/Debug-iphonesimulator/RNScreens.build/Objects-normal/x86_64/RNSParentContainerItemRegistry.o /Users/karelbraborec/rev-meter/node_modules/react-native-screens/ios/helpers/container/RNSParentContainerItemRegistry.mm normal x86_64 objective-c++ com.apple.compilers.llvm.clang.1_0.compiler (in target 'RNScreens' from project 'Pods')
    cd /Users/karelbraborec/rev-meter/ios/Pods
    
    Using response file: /Users/karelbraborec/Library/Developer/Xcode/DerivedData/revmeter-hbcnswmlqmbpnlazhhkncgeowiss/Build/Intermediates.noindex/Pods.build/Debug-iphonesimulator/RNScreens.build/Objects-normal/x86_64/af3fcb34312c57c0f52879cdce924b91-common-args.resp
    
    /Applications/Xcode.app/Contents/Developer/Toolchains/XcodeDefault.xctoolchain/usr/bin/clang -x objective-c++ -ivfsstatcache /Users/karelbraborec/Library/Developer/Xcode/DerivedData/SDKStatCaches.noindex/iphonesimulator26.5-23F81a-6cfe768891a92b912361537c460fe42b.sdkstatcache -target x86_64-apple-ios15.1-simulator -fmessage-length\=0 -fdiagnostics-show-note-include-stack -fmacro-backtrace-limit\=0 -fno-color-diagnostics -fmodules-prune-interval\=86400 -fmodules-prune-after\=345600 -fbuild-session-file\=/Users/karelbraborec/Library/Developer/Xcode/DerivedData/ModuleCache.noindex/Session.modulevalidation -fmodules-validate-once-per-build-session -Wnon-modular-include-in-framework-module -Werror\=non-modular-include-in-framework-module -Wno-trigraphs -Wno-missing-field-initializers -Wno-missing-prototypes -Werror\=return-type -Wdocumentation -Wunreachable-code -Wno-implicit-atomic-properties -Werror\=deprecated-objc-isa-usage -Wno-objc-interface-ivars -Werror\=objc-root-class -Wno-arc-repeated-use-of-weak -Wimplicit-retain-self -Wno-non-virtual-dtor -Wno-overloaded-virtual -Wno-exit-time-destructors -Wduplicate-method-match -Wno-missing-braces -Wparentheses -Wswitch -Wunused-function -Wno-unused-label -Wno-unused-parameter -Wunused-variable -Wunused-value -Wempty-body -Wuninitialized -Wconditional-uninitialized -Wno-unknown-pragmas -Wno-shadow -Wno-four-char-constants -Wno-conversion -Wconstant-conversion -Wint-conversion -Wbool-conversion -Wenum-conversion -Wno-float-conversion -Wnon-literal-null-conversion -Wobjc-literal-conversion -Wshorten-64-to-32 -Wno-newline-eof -Wno-selector -Wno-strict-selector-match -Wundeclared-selector -Wdeprecated-implementations -Wno-c++11-extensions -Wno-implicit-fallthrough -isysroot /Applications/Xcode.app/Contents/Developer/Platforms/iPhoneSimulator.platform/Developer/SDKs/iPhoneSimulator26.5.sdk -fstrict-aliasing -Wprotocol -Wdeprecated-declarations -Winvalid-offsetof -Wno-sign-conversion -Winfinite-recursion -Wmove -Wcomma -Wblock-capture-autoreleasing -Wstrict-prototypes -Wrange-loop-analysis -Wno-semicolon-before-method-body -Wunguarded-availability -index-store-path /Users/karelbraborec/Library/Developer/Xcode/DerivedData/revmeter-hbcnswmlqmbpnlazhhkncgeowiss/Index.noindex/DataStore @/Users/karelbraborec/Library/Developer/Xcode/DerivedData/revmeter-hbcnswmlqmbpnlazhhkncgeowiss/Build/Intermediates.noindex/Pods.build/Debug-iphonesimulator/RNScreens.build/Objects-normal/x86_64/af3fcb34312c57c0f52879cdce924b91-common-args.resp -DRCT_NEW_ARCH_ENABLED\=1 -include /Users/karelbraborec/rev-meter/ios/Pods/Target\ Support\ Files/RNScreens/RNScreens-prefix.pch -MMD -MT dependencies -MF /Users/karelbraborec/Library/Developer/Xcode/DerivedData/revmeter-hbcnswmlqmbpnlazhhkncgeowiss/Build/Intermediates.noindex/Pods.build/Debug-iphonesimulator/RNScreens.build/Objects-normal/x86_64/RNSParentContainerItemRegistry.d --serialize-diagnostics /Users/karelbraborec/Library/Developer/Xcode/DerivedData/revmeter-hbcnswmlqmbpnlazhhkncgeowiss/Build/Intermediates.noindex/Pods.build/Debug-iphonesimulator/RNScreens.build/Objects-normal/x86_64/RNSParentContainerItemRegistry.dia -c /Users/karelbraborec/rev-meter/node_modules/react-native-screens/ios/helpers/container/RNSParentContainerItemRegistry.mm -o /Users/karelbraborec/Library/Developer/Xcode/DerivedData/revmeter-hbcnswmlqmbpnlazhhkncgeowiss/Build/Intermediates.noindex/Pods.build/Debug-iphonesimulator/RNScreens.build/Objects-normal/x86_64/RNSParentContainerItemRegistry.o -index-unit-output-path /Pods.build/Debug-iphonesimulator/RNScreens.build/Objects-normal/x86_64/RNSParentContainerItemRegistry.o

CompileC /Users/karelbraborec/Library/Developer/Xcode/DerivedData/revmeter-hbcnswmlqmbpnlazhhkncgeowiss/Build/Intermediates.noindex/Pods.build/Debug-iphonesimulator/RNScreens.build/Objects-normal/x86_64/RNSModule.o /Users/karelbraborec/rev-meter/node_modules/react-native-screens/ios/RNSModule.mm normal x86_64 objective-c++ com.apple.compilers.llvm.clang.1_0.compiler (in target 'RNScreens' from project 'Pods')
    cd /Users/karelbraborec/rev-meter/ios/Pods
    
    Using response file: /Users/karelbraborec/Library/Developer/Xcode/DerivedData/revmeter-hbcnswmlqmbpnlazhhkncgeowiss/Build/Intermediates.noindex/Pods.build/Debug-iphonesimulator/RNScreens.build/Objects-normal/x86_64/af3fcb34312c57c0f52879cdce924b91-common-args.resp
    
    /Applications/Xcode.app/Contents/Developer/Toolchains/XcodeDefault.xctoolchain/usr/bin/clang -x objective-c++ -ivfsstatcache /Users/karelbraborec/Library/Developer/Xcode/DerivedData/SDKStatCaches.noindex/iphonesimulator26.5-23F81a-6cfe768891a92b912361537c460fe42b.sdkstatcache -target x86_64-apple-ios15.1-simulator -fmessage-length\=0 -fdiagnostics-show-note-include-stack -fmacro-backtrace-limit\=0 -fno-color-diagnostics -fmodules-prune-interval\=86400 -fmodules-prune-after\=345600 -fbuild-session-file\=/Users/karelbraborec/Library/Developer/Xcode/DerivedData/ModuleCache.noindex/Session.modulevalidation -fmodules-validate-once-per-build-session -Wnon-modular-include-in-framework-module -Werror\=non-modular-include-in-framework-module -Wno-trigraphs -Wno-missing-field-initializers -Wno-missing-prototypes -Werror\=return-type -Wdocumentation -Wunreachable-code -Wno-implicit-atomic-properties -Werror\=deprecated-objc-isa-usage -Wno-objc-interface-ivars -Werror\=objc-root-class -Wno-arc-repeated-use-of-weak -Wimplicit-retain-self -Wno-non-virtual-dtor -Wno-overloaded-virtual -Wno-exit-time-destructors -Wduplicate-method-match -Wno-missing-braces -Wparentheses -Wswitch -Wunused-function -Wno-unused-label -Wno-unused-parameter -Wunused-variable -Wunused-value -Wempty-body -Wuninitialized -Wconditional-uninitialized -Wno-unknown-pragmas -Wno-shadow -Wno-four-char-constants -Wno-conversion -Wconstant-conversion -Wint-conversion -Wbool-conversion -Wenum-conversion -Wno-float-conversion -Wnon-literal-null-conversion -Wobjc-literal-conversion -Wshorten-64-to-32 -Wno-newline-eof -Wno-selector -Wno-strict-selector-match -Wundeclared-selector -Wdeprecated-implementations -Wno-c++11-extensions -Wno-implicit-fallthrough -isysroot /Applications/Xcode.app/Contents/Developer/Platforms/iPhoneSimulator.platform/Developer/SDKs/iPhoneSimulator26.5.sdk -fstrict-aliasing -Wprotocol -Wdeprecated-declarations -Winvalid-offsetof -Wno-sign-conversion -Winfinite-recursion -Wmove -Wcomma -Wblock-capture-autoreleasing -Wstrict-prototypes -Wrange-loop-analysis -Wno-semicolon-before-method-body -Wunguarded-availability -index-store-path /Users/karelbraborec/Library/Developer/Xcode/DerivedData/revmeter-hbcnswmlqmbpnlazhhkncgeowiss/Index.noindex/DataStore @/Users/karelbraborec/Library/Developer/Xcode/DerivedData/revmeter-hbcnswmlqmbpnlazhhkncgeowiss/Build/Intermediates.noindex/Pods.build/Debug-iphonesimulator/RNScreens.build/Objects-normal/x86_64/af3fcb34312c57c0f52879cdce924b91-common-args.resp -DRCT_NEW_ARCH_ENABLED\=1 -include /Users/karelbraborec/rev-meter/ios/Pods/Target\ Support\ Files/RNScreens/RNScreens-prefix.pch -MMD -MT dependencies -MF /Users/karelbraborec/Library/Developer/Xcode/DerivedData/revmeter-hbcnswmlqmbpnlazhhkncgeowiss/Build/Intermediates.noindex/Pods.build/Debug-iphonesimulator/RNScreens.build/Objects-normal/x86_64/RNSModule.d --serialize-diagnostics /Users/karelbraborec/Library/Developer/Xcode/DerivedData/revmeter-hbcnswmlqmbpnlazhhkncgeowiss/Build/Intermediates.noindex/Pods.build/Debug-iphonesimulator/RNScreens.build/Objects-normal/x86_64/RNSModule.dia -c /Users/karelbraborec/rev-meter/node_modules/react-native-screens/ios/RNSModule.mm -o /Users/karelbraborec/Library/Developer/Xcode/DerivedData/revmeter-hbcnswmlqmbpnlazhhkncgeowiss/Build/Intermediates.noindex/Pods.build/Debug-iphonesimulator/RNScreens.build/Objects-normal/x86_64/RNSModule.o -index-unit-output-path /Pods.build/Debug-iphonesimulator/RNScreens.build/Objects-normal/x86_64/RNSModule.o

CompileC /Users/karelbraborec/Library/Developer/Xcode/DerivedData/revmeter-hbcnswmlqmbpnlazhhkncgeowiss/Build/Intermediates.noindex/Pods.build/Debug-iphonesimulator/RNScreens.build/Objects-normal/x86_64/RNSModalScreenShadowNode.o /Users/karelbraborec/rev-meter/node_modules/react-native-screens/common/cpp/react/renderer/components/rnscreens/RNSModalScreenShadowNode.cpp normal x86_64 c++ com.apple.compilers.llvm.clang.1_0.compiler (in target 'RNScreens' from project 'Pods')
    cd /Users/karelbraborec/rev-meter/ios/Pods
    
    Using response file: /Users/karelbraborec/Library/Developer/Xcode/DerivedData/revmeter-hbcnswmlqmbpnlazhhkncgeowiss/Build/Intermediates.noindex/Pods.build/Debug-iphonesimulator/RNScreens.build/Objects-normal/x86_64/82b82416624d2658e5098eb0a28c15c5-common-args.resp
    
    /Applications/Xcode.app/Contents/Developer/Toolchains/XcodeDefault.xctoolchain/usr/bin/clang -x c++ -ivfsstatcache /Users/karelbraborec/Library/Developer/Xcode/DerivedData/SDKStatCaches.noindex/iphonesimulator26.5-23F81a-6cfe768891a92b912361537c460fe42b.sdkstatcache -target x86_64-apple-ios15.1-simulator -fmessage-length\=0 -fdiagnostics-show-note-include-stack -fmacro-backtrace-limit\=0 -fno-color-diagnostics -fmodules-prune-interval\=86400 -fmodules-prune-after\=345600 -fbuild-session-file\=/Users/karelbraborec/Library/Developer/Xcode/DerivedData/ModuleCache.noindex/Session.modulevalidation -fmodules-validate-once-per-build-session -Wnon-modular-include-in-framework-module -Werror\=non-modular-include-in-framework-module -Wno-trigraphs -Wno-missing-field-initializers -Wno-missing-prototypes -Werror\=return-type -Wdocumentation -Wunreachable-code -Werror\=deprecated-objc-isa-usage -Werror\=objc-root-class -Wno-non-virtual-dtor -Wno-overloaded-virtual -Wno-exit-time-destructors -Wno-missing-braces -Wparentheses -Wswitch -Wunused-function -Wno-unused-label -Wno-unused-parameter -Wunused-variable -Wunused-value -Wempty-body -Wuninitialized -Wconditional-uninitialized -Wno-unknown-pragmas -Wno-shadow -Wno-four-char-constants -Wno-conversion -Wconstant-conversion -Wint-conversion -Wbool-conversion -Wenum-conversion -Wno-float-conversion -Wnon-literal-null-conversion -Wobjc-literal-conversion -Wshorten-64-to-32 -Wno-newline-eof -Wno-c++11-extensions -Wno-implicit-fallthrough -isysroot /Applications/Xcode.app/Contents/Developer/Platforms/iPhoneSimulator.platform/Developer/SDKs/iPhoneSimulator26.5.sdk -fstrict-aliasing -Wdeprecated-declarations -Winvalid-offsetof -Wno-sign-conversion -Winfinite-recursion -Wmove -Wcomma -Wblock-capture-autoreleasing -Wstrict-prototypes -Wrange-loop-analysis -Wno-semicolon-before-method-body -Wunguarded-availability -index-store-path /Users/karelbraborec/Library/Developer/Xcode/DerivedData/revmeter-hbcnswmlqmbpnlazhhkncgeowiss/Index.noindex/DataStore @/Users/karelbraborec/Library/Developer/Xcode/DerivedData/revmeter-hbcnswmlqmbpnlazhhkncgeowiss/Build/Intermediates.noindex/Pods.build/Debug-iphonesimulator/RNScreens.build/Objects-normal/x86_64/82b82416624d2658e5098eb0a28c15c5-common-args.resp -DRCT_NEW_ARCH_ENABLED\=1 -include /Users/karelbraborec/rev-meter/ios/Pods/Target\ Support\ Files/RNScreens/RNScreens-prefix.pch -MMD -MT dependencies -MF /Users/karelbraborec/Library/Developer/Xcode/DerivedData/revmeter-hbcnswmlqmbpnlazhhkncgeowiss/Build/Intermediates.noindex/Pods.build/Debug-iphonesimulator/RNScreens.build/Objects-normal/x86_64/RNSModalScreenShadowNode.d --serialize-diagnostics /Users/karelbraborec/Library/Developer/Xcode/DerivedData/revmeter-hbcnswmlqmbpnlazhhkncgeowiss/Build/Intermediates.noindex/Pods.build/Debug-iphonesimulator/RNScreens.build/Objects-normal/x86_64/RNSModalScreenShadowNode.dia -c /Users/karelbraborec/rev-meter/node_modules/react-native-screens/common/cpp/react/renderer/components/rnscreens/RNSModalScreenShadowNode.cpp -o /Users/karelbraborec/Library/Developer/Xcode/DerivedData/revmeter-hbcnswmlqmbpnlazhhkncgeowiss/Build/Intermediates.noindex/Pods.build/Debug-iphonesimulator/RNScreens.build/Objects-normal/x86_64/RNSModalScreenShadowNode.o -index-unit-output-path /Pods.build/Debug-iphonesimulator/RNScreens.build/Objects-normal/x86_64/RNSModalScreenShadowNode.o

CompileC /Users/karelbraborec/Library/Developer/Xcode/DerivedData/revmeter-hbcnswmlqmbpnlazhhkncgeowiss/Build/Intermediates.noindex/Pods.build/Debug-iphonesimulator/RNScreens.build/Objects-normal/x86_64/RNSModalScreen.o /Users/karelbraborec/rev-meter/node_modules/react-native-screens/ios/RNSModalScreen.mm normal x86_64 objective-c++ com.apple.compilers.llvm.clang.1_0.compiler (in target 'RNScreens' from project 'Pods')
    cd /Users/karelbraborec/rev-meter/ios/Pods
    
    Using response file: /Users/karelbraborec/Library/Developer/Xcode/DerivedData/revmeter-hbcnswmlqmbpnlazhhkncgeowiss/Build/Intermediates.noindex/Pods.build/Debug-iphonesimulator/RNScreens.build/Objects-normal/x86_64/af3fcb34312c57c0f52879cdce924b91-common-args.resp
    
    /Applications/Xcode.app/Contents/Developer/Toolchains/XcodeDefault.xctoolchain/usr/bin/clang -x objective-c++ -ivfsstatcache /Users/karelbraborec/Library/Developer/Xcode/DerivedData/SDKStatCaches.noindex/iphonesimulator26.5-23F81a-6cfe768891a92b912361537c460fe42b.sdkstatcache -target x86_64-apple-ios15.1-simulator -fmessage-length\=0 -fdiagnostics-show-note-include-stack -fmacro-backtrace-limit\=0 -fno-color-diagnostics -fmodules-prune-interval\=86400 -fmodules-prune-after\=345600 -fbuild-session-file\=/Users/karelbraborec/Library/Developer/Xcode/DerivedData/ModuleCache.noindex/Session.modulevalidation -fmodules-validate-once-per-build-session -Wnon-modular-include-in-framework-module -Werror\=non-modular-include-in-framework-module -Wno-trigraphs -Wno-missing-field-initializers -Wno-missing-prototypes -Werror\=return-type -Wdocumentation -Wunreachable-code -Wno-implicit-atomic-properties -Werror\=deprecated-objc-isa-usage -Wno-objc-interface-ivars -Werror\=objc-root-class -Wno-arc-repeated-use-of-weak -Wimplicit-retain-self -Wno-non-virtual-dtor -Wno-overloaded-virtual -Wno-exit-time-destructors -Wduplicate-method-match -Wno-missing-braces -Wparentheses -Wswitch -Wunused-function -Wno-unused-label -Wno-unused-parameter -Wunused-variable -Wunused-value -Wempty-body -Wuninitialized -Wconditional-uninitialized -Wno-unknown-pragmas -Wno-shadow -Wno-four-char-constants -Wno-conversion -Wconstant-conversion -Wint-conversion -Wbool-conversion -Wenum-conversion -Wno-float-conversion -Wnon-literal-null-conversion -Wobjc-literal-conversion -Wshorten-64-to-32 -Wno-newline-eof -Wno-selector -Wno-strict-selector-match -Wundeclared-selector -Wdeprecated-implementations -Wno-c++11-extensions -Wno-implicit-fallthrough -isysroot /Applications/Xcode.app/Contents/Developer/Platforms/iPhoneSimulator.platform/Developer/SDKs/iPhoneSimulator26.5.sdk -fstrict-aliasing -Wprotocol -Wdeprecated-declarations -Winvalid-offsetof -Wno-sign-conversion -Winfinite-recursion -Wmove -Wcomma -Wblock-capture-autoreleasing -Wstrict-prototypes -Wrange-loop-analysis -Wno-semicolon-before-method-body -Wunguarded-availability -index-store-path /Users/karelbraborec/Library/Developer/Xcode/DerivedData/revmeter-hbcnswmlqmbpnlazhhkncgeowiss/Index.noindex/DataStore @/Users/karelbraborec/Library/Developer/Xcode/DerivedData/revmeter-hbcnswmlqmbpnlazhhkncgeowiss/Build/Intermediates.noindex/Pods.build/Debug-iphonesimulator/RNScreens.build/Objects-normal/x86_64/af3fcb34312c57c0f52879cdce924b91-common-args.resp -DRCT_NEW_ARCH_ENABLED\=1 -include /Users/karelbraborec/rev-meter/ios/Pods/Target\ Support\ Files/RNScreens/RNScreens-prefix.pch -MMD -MT dependencies -MF /Users/karelbraborec/Library/Developer/Xcode/DerivedData/revmeter-hbcnswmlqmbpnlazhhkncgeowiss/Build/Intermediates.noindex/Pods.build/Debug-iphonesimulator/RNScreens.build/Objects-normal/x86_64/RNSModalScreen.d --serialize-diagnostics /Users/karelbraborec/Library/Developer/Xcode/DerivedData/revmeter-hbcnswmlqmbpnlazhhkncgeowiss/Build/Intermediates.noindex/Pods.build/Debug-iphonesimulator/RNScreens.build/Objects-normal/x86_64/RNSModalScreen.dia -c /Users/karelbraborec/rev-meter/node_modules/react-native-screens/ios/RNSModalScreen.mm -o /Users/karelbraborec/Library/Developer/Xcode/DerivedData/revmeter-hbcnswmlqmbpnlazhhkncgeowiss/Build/Intermediates.noindex/Pods.build/Debug-iphonesimulator/RNScreens.build/Objects-normal/x86_64/RNSModalScreen.o -index-unit-output-path /Pods.build/Debug-iphonesimulator/RNScreens.build/Objects-normal/x86_64/RNSModalScreen.o

CompileC /Users/karelbraborec/Library/Developer/Xcode/DerivedData/revmeter-hbcnswmlqmbpnlazhhkncgeowiss/Build/Intermediates.noindex/Pods.build/Debug-iphonesimulator/RNScreens.build/Objects-normal/x86_64/RNSImageLoadingHelper.o /Users/karelbraborec/rev-meter/node_modules/react-native-screens/ios/helpers/image/RNSImageLoadingHelper.mm normal x86_64 objective-c++ com.apple.compilers.llvm.clang.1_0.compiler (in target 'RNScreens' from project 'Pods')
    cd /Users/karelbraborec/rev-meter/ios/Pods
    
    Using response file: /Users/karelbraborec/Library/Developer/Xcode/DerivedData/revmeter-hbcnswmlqmbpnlazhhkncgeowiss/Build/Intermediates.noindex/Pods.build/Debug-iphonesimulator/RNScreens.build/Objects-normal/x86_64/af3fcb34312c57c0f52879cdce924b91-common-args.resp
    
    /Applications/Xcode.app/Contents/Developer/Toolchains/XcodeDefault.xctoolchain/usr/bin/clang -x objective-c++ -ivfsstatcache /Users/karelbraborec/Library/Developer/Xcode/DerivedData/SDKStatCaches.noindex/iphonesimulator26.5-23F81a-6cfe768891a92b912361537c460fe42b.sdkstatcache -target x86_64-apple-ios15.1-simulator -fmessage-length\=0 -fdiagnostics-show-note-include-stack -fmacro-backtrace-limit\=0 -fno-color-diagnostics -fmodules-prune-interval\=86400 -fmodules-prune-after\=345600 -fbuild-session-file\=/Users/karelbraborec/Library/Developer/Xcode/DerivedData/ModuleCache.noindex/Session.modulevalidation -fmodules-validate-once-per-build-session -Wnon-modular-include-in-framework-module -Werror\=non-modular-include-in-framework-module -Wno-trigraphs -Wno-missing-field-initializers -Wno-missing-prototypes -Werror\=return-type -Wdocumentation -Wunreachable-code -Wno-implicit-atomic-properties -Werror\=deprecated-objc-isa-usage -Wno-objc-interface-ivars -Werror\=objc-root-class -Wno-arc-repeated-use-of-weak -Wimplicit-retain-self -Wno-non-virtual-dtor -Wno-overloaded-virtual -Wno-exit-time-destructors -Wduplicate-method-match -Wno-missing-braces -Wparentheses -Wswitch -Wunused-function -Wno-unused-label -Wno-unused-parameter -Wunused-variable -Wunused-value -Wempty-body -Wuninitialized -Wconditional-uninitialized -Wno-unknown-pragmas -Wno-shadow -Wno-four-char-constants -Wno-conversion -Wconstant-conversion -Wint-conversion -Wbool-conversion -Wenum-conversion -Wno-float-conversion -Wnon-literal-null-conversion -Wobjc-literal-conversion -Wshorten-64-to-32 -Wno-newline-eof -Wno-selector -Wno-strict-selector-match -Wundeclared-selector -Wdeprecated-implementations -Wno-c++11-extensions -Wno-implicit-fallthrough -isysroot /Applications/Xcode.app/Contents/Developer/Platforms/iPhoneSimulator.platform/Developer/SDKs/iPhoneSimulator26.5.sdk -fstrict-aliasing -Wprotocol -Wdeprecated-declarations -Winvalid-offsetof -Wno-sign-conversion -Winfinite-recursion -Wmove -Wcomma -Wblock-capture-autoreleasing -Wstrict-prototypes -Wrange-loop-analysis -Wno-semicolon-before-method-body -Wunguarded-availability -index-store-path /Users/karelbraborec/Library/Developer/Xcode/DerivedData/revmeter-hbcnswmlqmbpnlazhhkncgeowiss/Index.noindex/DataStore @/Users/karelbraborec/Library/Developer/Xcode/DerivedData/revmeter-hbcnswmlqmbpnlazhhkncgeowiss/Build/Intermediates.noindex/Pods.build/Debug-iphonesimulator/RNScreens.build/Objects-normal/x86_64/af3fcb34312c57c0f52879cdce924b91-common-args.resp -DRCT_NEW_ARCH_ENABLED\=1 -include /Users/karelbraborec/rev-meter/ios/Pods/Target\ Support\ Files/RNScreens/RNScreens-prefix.pch -MMD -MT dependencies -MF /Users/karelbraborec/Library/Developer/Xcode/DerivedData/revmeter-hbcnswmlqmbpnlazhhkncgeowiss/Build/Intermediates.noindex/Pods.build/Debug-iphonesimulator/RNScreens.build/Objects-normal/x86_64/RNSImageLoadingHelper.d --serialize-diagnostics /Users/karelbraborec/Library/Developer/Xcode/DerivedData/revmeter-hbcnswmlqmbpnlazhhkncgeowiss/Build/Intermediates.noindex/Pods.build/Debug-iphonesimulator/RNScreens.build/Objects-normal/x86_64/RNSImageLoadingHelper.dia -c /Users/karelbraborec/rev-meter/node_modules/react-native-screens/ios/helpers/image/RNSImageLoadingHelper.mm -o /Users/karelbraborec/Library/Developer/Xcode/DerivedData/revmeter-hbcnswmlqmbpnlazhhkncgeowiss/Build/Intermediates.noindex/Pods.build/Debug-iphonesimulator/RNScreens.build/Objects-normal/x86_64/RNSImageLoadingHelper.o -index-unit-output-path /Pods.build/Debug-iphonesimulator/RNScreens.build/Objects-normal/x86_64/RNSImageLoadingHelper.o

CompileC /Users/karelbraborec/Library/Developer/Xcode/DerivedData/revmeter-hbcnswmlqmbpnlazhhkncgeowiss/Build/Intermediates.noindex/Pods.build/Debug-iphonesimulator/RNScreens.build/Objects-normal/x86_64/RNSHeaderHeightChangeEvent.o /Users/karelbraborec/rev-meter/node_modules/react-native-screens/ios/events/RNSHeaderHeightChangeEvent.mm normal x86_64 objective-c++ com.apple.compilers.llvm.clang.1_0.compiler (in target 'RNScreens' from project 'Pods')
    cd /Users/karelbraborec/rev-meter/ios/Pods
    
    Using response file: /Users/karelbraborec/Library/Developer/Xcode/DerivedData/revmeter-hbcnswmlqmbpnlazhhkncgeowiss/Build/Intermediates.noindex/Pods.build/Debug-iphonesimulator/RNScreens.build/Objects-normal/x86_64/af3fcb34312c57c0f52879cdce924b91-common-args.resp
    
    /Applications/Xcode.app/Contents/Developer/Toolchains/XcodeDefault.xctoolchain/usr/bin/clang -x objective-c++ -ivfsstatcache /Users/karelbraborec/Library/Developer/Xcode/DerivedData/SDKStatCaches.noindex/iphonesimulator26.5-23F81a-6cfe768891a92b912361537c460fe42b.sdkstatcache -target x86_64-apple-ios15.1-simulator -fmessage-length\=0 -fdiagnostics-show-note-include-stack -fmacro-backtrace-limit\=0 -fno-color-diagnostics -fmodules-prune-interval\=86400 -fmodules-prune-after\=345600 -fbuild-session-file\=/Users/karelbraborec/Library/Developer/Xcode/DerivedData/ModuleCache.noindex/Session.modulevalidation -fmodules-validate-once-per-build-session -Wnon-modular-include-in-framework-module -Werror\=non-modular-include-in-framework-module -Wno-trigraphs -Wno-missing-field-initializers -Wno-missing-prototypes -Werror\=return-type -Wdocumentation -Wunreachable-code -Wno-implicit-atomic-properties -Werror\=deprecated-objc-isa-usage -Wno-objc-interface-ivars -Werror\=objc-root-class -Wno-arc-repeated-use-of-weak -Wimplicit-retain-self -Wno-non-virtual-dtor -Wno-overloaded-virtual -Wno-exit-time-destructors -Wduplicate-method-match -Wno-missing-braces -Wparentheses -Wswitch -Wunused-function -Wno-unused-label -Wno-unused-parameter -Wunused-variable -Wunused-value -Wempty-body -Wuninitialized -Wconditional-uninitialized -Wno-unknown-pragmas -Wno-shadow -Wno-four-char-constants -Wno-conversion -Wconstant-conversion -Wint-conversion -Wbool-conversion -Wenum-conversion -Wno-float-conversion -Wnon-literal-null-conversion -Wobjc-literal-conversion -Wshorten-64-to-32 -Wno-newline-eof -Wno-selector -Wno-strict-selector-match -Wundeclared-selector -Wdeprecated-implementations -Wno-c++11-extensions -Wno-implicit-fallthrough -isysroot /Applications/Xcode.app/Contents/Developer/Platforms/iPhoneSimulator.platform/Developer/SDKs/iPhoneSimulator26.5.sdk -fstrict-aliasing -Wprotocol -Wdeprecated-declarations -Winvalid-offsetof -Wno-sign-conversion -Winfinite-recursion -Wmove -Wcomma -Wblock-capture-autoreleasing -Wstrict-prototypes -Wrange-loop-analysis -Wno-semicolon-before-method-body -Wunguarded-availability -index-store-path /Users/karelbraborec/Library/Developer/Xcode/DerivedData/revmeter-hbcnswmlqmbpnlazhhkncgeowiss/Index.noindex/DataStore @/Users/karelbraborec/Library/Developer/Xcode/DerivedData/revmeter-hbcnswmlqmbpnlazhhkncgeowiss/Build/Intermediates.noindex/Pods.build/Debug-iphonesimulator/RNScreens.build/Objects-normal/x86_64/af3fcb34312c57c0f52879cdce924b91-common-args.resp -DRCT_NEW_ARCH_ENABLED\=1 -include /Users/karelbraborec/rev-meter/ios/Pods/Target\ Support\ Files/RNScreens/RNScreens-prefix.pch -MMD -MT dependencies -MF /Users/karelbraborec/Library/Developer/Xcode/DerivedData/revmeter-hbcnswmlqmbpnlazhhkncgeowiss/Build/Intermediates.noindex/Pods.build/Debug-iphonesimulator/RNScreens.build/Objects-normal/x86_64/RNSHeaderHeightChangeEvent.d --serialize-diagnostics /Users/karelbraborec/Library/Developer/Xcode/DerivedData/revmeter-hbcnswmlqmbpnlazhhkncgeowiss/Build/Intermediates.noindex/Pods.build/Debug-iphonesimulator/RNScreens.build/Objects-normal/x86_64/RNSHeaderHeightChangeEvent.dia -c /Users/karelbraborec/rev-meter/node_modules/react-native-screens/ios/events/RNSHeaderHeightChangeEvent.mm -o /Users/karelbraborec/Library/Developer/Xcode/DerivedData/revmeter-hbcnswmlqmbpnlazhhkncgeowiss/Build/Intermediates.noindex/Pods.build/Debug-iphonesimulator/RNScreens.build/Objects-normal/x86_64/RNSHeaderHeightChangeEvent.o -index-unit-output-path /Pods.build/Debug-iphonesimulator/RNScreens.build/Objects-normal/x86_64/RNSHeaderHeightChangeEvent.o

CompileC /Users/karelbraborec/Library/Developer/Xcode/DerivedData/revmeter-hbcnswmlqmbpnlazhhkncgeowiss/Build/Intermediates.noindex/Pods.build/Debug-iphonesimulator/RNScreens.build/Objects-normal/x86_64/RNSFullWindowOverlayShadowNode.o /Users/karelbraborec/rev-meter/node_modules/react-native-screens/common/cpp/react/renderer/components/rnscreens/RNSFullWindowOverlayShadowNode.cpp normal x86_64 c++ com.apple.compilers.llvm.clang.1_0.compiler (in target 'RNScreens' from project 'Pods')
    cd /Users/karelbraborec/rev-meter/ios/Pods
    
    Using response file: /Users/karelbraborec/Library/Developer/Xcode/DerivedData/revmeter-hbcnswmlqmbpnlazhhkncgeowiss/Build/Intermediates.noindex/Pods.build/Debug-iphonesimulator/RNScreens.build/Objects-normal/x86_64/82b82416624d2658e5098eb0a28c15c5-common-args.resp
    
    /Applications/Xcode.app/Contents/Developer/Toolchains/XcodeDefault.xctoolchain/usr/bin/clang -x c++ -ivfsstatcache /Users/karelbraborec/Library/Developer/Xcode/DerivedData/SDKStatCaches.noindex/iphonesimulator26.5-23F81a-6cfe768891a92b912361537c460fe42b.sdkstatcache -target x86_64-apple-ios15.1-simulator -fmessage-length\=0 -fdiagnostics-show-note-include-stack -fmacro-backtrace-limit\=0 -fno-color-diagnostics -fmodules-prune-interval\=86400 -fmodules-prune-after\=345600 -fbuild-session-file\=/Users/karelbraborec/Library/Developer/Xcode/DerivedData/ModuleCache.noindex/Session.modulevalidation -fmodules-validate-once-per-build-session -Wnon-modular-include-in-framework-module -Werror\=non-modular-include-in-framework-module -Wno-trigraphs -Wno-missing-field-initializers -Wno-missing-prototypes -Werror\=return-type -Wdocumentation -Wunreachable-code -Werror\=deprecated-objc-isa-usage -Werror\=objc-root-class -Wno-non-virtual-dtor -Wno-overloaded-virtual -Wno-exit-time-destructors -Wno-missing-braces -Wparentheses -Wswitch -Wunused-function -Wno-unused-label -Wno-unused-parameter -Wunused-variable -Wunused-value -Wempty-body -Wuninitialized -Wconditional-uninitialized -Wno-unknown-pragmas -Wno-shadow -Wno-four-char-constants -Wno-conversion -Wconstant-conversion -Wint-conversion -Wbool-conversion -Wenum-conversion -Wno-float-conversion -Wnon-literal-null-conversion -Wobjc-literal-conversion -Wshorten-64-to-32 -Wno-newline-eof -Wno-c++11-extensions -Wno-implicit-fallthrough -isysroot /Applications/Xcode.app/Contents/Developer/Platforms/iPhoneSimulator.platform/Developer/SDKs/iPhoneSimulator26.5.sdk -fstrict-aliasing -Wdeprecated-declarations -Winvalid-offsetof -Wno-sign-conversion -Winfinite-recursion -Wmove -Wcomma -Wblock-capture-autoreleasing -Wstrict-prototypes -Wrange-loop-analysis -Wno-semicolon-before-method-body -Wunguarded-availability -index-store-path /Users/karelbraborec/Library/Developer/Xcode/DerivedData/revmeter-hbcnswmlqmbpnlazhhkncgeowiss/Index.noindex/DataStore @/Users/karelbraborec/Library/Developer/Xcode/DerivedData/revmeter-hbcnswmlqmbpnlazhhkncgeowiss/Build/Intermediates.noindex/Pods.build/Debug-iphonesimulator/RNScreens.build/Objects-normal/x86_64/82b82416624d2658e5098eb0a28c15c5-common-args.resp -DRCT_NEW_ARCH_ENABLED\=1 -include /Users/karelbraborec/rev-meter/ios/Pods/Target\ Support\ Files/RNScreens/RNScreens-prefix.pch -MMD -MT dependencies -MF /Users/karelbraborec/Library/Developer/Xcode/DerivedData/revmeter-hbcnswmlqmbpnlazhhkncgeowiss/Build/Intermediates.noindex/Pods.build/Debug-iphonesimulator/RNScreens.build/Objects-normal/x86_64/RNSFullWindowOverlayShadowNode.d --serialize-diagnostics /Users/karelbraborec/Library/Developer/Xcode/DerivedData/revmeter-hbcnswmlqmbpnlazhhkncgeowiss/Build/Intermediates.noindex/Pods.build/Debug-iphonesimulator/RNScreens.build/Objects-normal/x86_64/RNSFullWindowOverlayShadowNode.dia -c /Users/karelbraborec/rev-meter/node_modules/react-native-screens/common/cpp/react/renderer/components/rnscreens/RNSFullWindowOverlayShadowNode.cpp -o /Users/karelbraborec/Library/Developer/Xcode/DerivedData/revmeter-hbcnswmlqmbpnlazhhkncgeowiss/Build/Intermediates.noindex/Pods.build/Debug-iphonesimulator/RNScreens.build/Objects-normal/x86_64/RNSFullWindowOverlayShadowNode.o -index-unit-output-path /Pods.build/Debug-iphonesimulator/RNScreens.build/Objects-normal/x86_64/RNSFullWindowOverlayShadowNode.o

CompileC /Users/karelbraborec/Library/Developer/Xcode/DerivedData/revmeter-hbcnswmlqmbpnlazhhkncgeowiss/Build/Intermediates.noindex/Pods.build/Debug-iphonesimulator/RNScreens.build/Objects-normal/x86_64/RNSFullWindowOverlay.o /Users/karelbraborec/rev-meter/node_modules/react-native-screens/ios/RNSFullWindowOverlay.mm normal x86_64 objective-c++ com.apple.compilers.llvm.clang.1_0.compiler (in target 'RNScreens' from project 'Pods')
    cd /Users/karelbraborec/rev-meter/ios/Pods
    
    Using response file: /Users/karelbraborec/Library/Developer/Xcode/DerivedData/revmeter-hbcnswmlqmbpnlazhhkncgeowiss/Build/Intermediates.noindex/Pods.build/Debug-iphonesimulator/RNScreens.build/Objects-normal/x86_64/af3fcb34312c57c0f52879cdce924b91-common-args.resp
    
    /Applications/Xcode.app/Contents/Developer/Toolchains/XcodeDefault.xctoolchain/usr/bin/clang -x objective-c++ -ivfsstatcache /Users/karelbraborec/Library/Developer/Xcode/DerivedData/SDKStatCaches.noindex/iphonesimulator26.5-23F81a-6cfe768891a92b912361537c460fe42b.sdkstatcache -target x86_64-apple-ios15.1-simulator -fmessage-length\=0 -fdiagnostics-show-note-include-stack -fmacro-backtrace-limit\=0 -fno-color-diagnostics -fmodules-prune-interval\=86400 -fmodules-prune-after\=345600 -fbuild-session-file\=/Users/karelbraborec/Library/Developer/Xcode/DerivedData/ModuleCache.noindex/Session.modulevalidation -fmodules-validate-once-per-build-session -Wnon-modular-include-in-framework-module -Werror\=non-modular-include-in-framework-module -Wno-trigraphs -Wno-missing-field-initializers -Wno-missing-prototypes -Werror\=return-type -Wdocumentation -Wunreachable-code -Wno-implicit-atomic-properties -Werror\=deprecated-objc-isa-usage -Wno-objc-interface-ivars -Werror\=objc-root-class -Wno-arc-repeated-use-of-weak -Wimplicit-retain-self -Wno-non-virtual-dtor -Wno-overloaded-virtual -Wno-exit-time-destructors -Wduplicate-method-match -Wno-missing-braces -Wparentheses -Wswitch -Wunused-function -Wno-unused-label -Wno-unused-parameter -Wunused-variable -Wunused-value -Wempty-body -Wuninitialized -Wconditional-uninitialized -Wno-unknown-pragmas -Wno-shadow -Wno-four-char-constants -Wno-conversion -Wconstant-conversion -Wint-conversion -Wbool-conversion -Wenum-conversion -Wno-float-conversion -Wnon-literal-null-conversion -Wobjc-literal-conversion -Wshorten-64-to-32 -Wno-newline-eof -Wno-selector -Wno-strict-selector-match -Wundeclared-selector -Wdeprecated-implementations -Wno-c++11-extensions -Wno-implicit-fallthrough -isysroot /Applications/Xcode.app/Contents/Developer/Platforms/iPhoneSimulator.platform/Developer/SDKs/iPhoneSimulator26.5.sdk -fstrict-aliasing -Wprotocol -Wdeprecated-declarations -Winvalid-offsetof -Wno-sign-conversion -Winfinite-recursion -Wmove -Wcomma -Wblock-capture-autoreleasing -Wstrict-prototypes -Wrange-loop-analysis -Wno-semicolon-before-method-body -Wunguarded-availability -index-store-path /Users/karelbraborec/Library/Developer/Xcode/DerivedData/revmeter-hbcnswmlqmbpnlazhhkncgeowiss/Index.noindex/DataStore @/Users/karelbraborec/Library/Developer/Xcode/DerivedData/revmeter-hbcnswmlqmbpnlazhhkncgeowiss/Build/Intermediates.noindex/Pods.build/Debug-iphonesimulator/RNScreens.build/Objects-normal/x86_64/af3fcb34312c57c0f52879cdce924b91-common-args.resp -DRCT_NEW_ARCH_ENABLED\=1 -include /Users/karelbraborec/rev-meter/ios/Pods/Target\ Support\ Files/RNScreens/RNScreens-prefix.pch -MMD -MT dependencies -MF /Users/karelbraborec/Library/Developer/Xcode/DerivedData/revmeter-hbcnswmlqmbpnlazhhkncgeowiss/Build/Intermediates.noindex/Pods.build/Debug-iphonesimulator/RNScreens.build/Objects-normal/x86_64/RNSFullWindowOverlay.d --serialize-diagnostics /Users/karelbraborec/Library/Developer/Xcode/DerivedData/revmeter-hbcnswmlqmbpnlazhhkncgeowiss/Build/Intermediates.noindex/Pods.build/Debug-iphonesimulator/RNScreens.build/Objects-normal/x86_64/RNSFullWindowOverlay.dia -c /Users/karelbraborec/rev-meter/node_modules/react-native-screens/ios/RNSFullWindowOverlay.mm -o /Users/karelbraborec/Library/Developer/Xcode/DerivedData/revmeter-hbcnswmlqmbpnlazhhkncgeowiss/Build/Intermediates.noindex/Pods.build/Debug-iphonesimulator/RNScreens.build/Objects-normal/x86_64/RNSFullWindowOverlay.o -index-unit-output-path /Pods.build/Debug-iphonesimulator/RNScreens.build/Objects-normal/x86_64/RNSFullWindowOverlay.o

CompileC /Users/karelbraborec/Library/Developer/Xcode/DerivedData/revmeter-hbcnswmlqmbpnlazhhkncgeowiss/Build/Intermediates.noindex/Pods.build/Debug-iphonesimulator/RNScreens.build/Objects-normal/x86_64/RNSFormSheetUpdateCoordinator.o /Users/karelbraborec/rev-meter/node_modules/react-native-screens/ios/gamma/modals/form-sheet/RNSFormSheetUpdateCoordinator.mm normal x86_64 objective-c++ com.apple.compilers.llvm.clang.1_0.compiler (in target 'RNScreens' from project 'Pods')
    cd /Users/karelbraborec/rev-meter/ios/Pods
    
    Using response file: /Users/karelbraborec/Library/Developer/Xcode/DerivedData/revmeter-hbcnswmlqmbpnlazhhkncgeowiss/Build/Intermediates.noindex/Pods.build/Debug-iphonesimulator/RNScreens.build/Objects-normal/x86_64/af3fcb34312c57c0f52879cdce924b91-common-args.resp
    
    /Applications/Xcode.app/Contents/Developer/Toolchains/XcodeDefault.xctoolchain/usr/bin/clang -x objective-c++ -ivfsstatcache /Users/karelbraborec/Library/Developer/Xcode/DerivedData/SDKStatCaches.noindex/iphonesimulator26.5-23F81a-6cfe768891a92b912361537c460fe42b.sdkstatcache -target x86_64-apple-ios15.1-simulator -fmessage-length\=0 -fdiagnostics-show-note-include-stack -fmacro-backtrace-limit\=0 -fno-color-diagnostics -fmodules-prune-interval\=86400 -fmodules-prune-after\=345600 -fbuild-session-file\=/Users/karelbraborec/Library/Developer/Xcode/DerivedData/ModuleCache.noindex/Session.modulevalidation -fmodules-validate-once-per-build-session -Wnon-modular-include-in-framework-module -Werror\=non-modular-include-in-framework-module -Wno-trigraphs -Wno-missing-field-initializers -Wno-missing-prototypes -Werror\=return-type -Wdocumentation -Wunreachable-code -Wno-implicit-atomic-properties -Werror\=deprecated-objc-isa-usage -Wno-objc-interface-ivars -Werror\=objc-root-class -Wno-arc-repeated-use-of-weak -Wimplicit-retain-self -Wno-non-virtual-dtor -Wno-overloaded-virtual -Wno-exit-time-destructors -Wduplicate-method-match -Wno-missing-braces -Wparentheses -Wswitch -Wunused-function -Wno-unused-label -Wno-unused-parameter -Wunused-variable -Wunused-value -Wempty-body -Wuninitialized -Wconditional-uninitialized -Wno-unknown-pragmas -Wno-shadow -Wno-four-char-constants -Wno-conversion -Wconstant-conversion -Wint-conversion -Wbool-conversion -Wenum-conversion -Wno-float-conversion -Wnon-literal-null-conversion -Wobjc-literal-conversion -Wshorten-64-to-32 -Wno-newline-eof -Wno-selector -Wno-strict-selector-match -Wundeclared-selector -Wdeprecated-implementations -Wno-c++11-extensions -Wno-implicit-fallthrough -isysroot /Applications/Xcode.app/Contents/Developer/Platforms/iPhoneSimulator.platform/Developer/SDKs/iPhoneSimulator26.5.sdk -fstrict-aliasing -Wprotocol -Wdeprecated-declarations -Winvalid-offsetof -Wno-sign-conversion -Winfinite-recursion -Wmove -Wcomma -Wblock-capture-autoreleasing -Wstrict-prototypes -Wrange-loop-analysis -Wno-semicolon-before-method-body -Wunguarded-availability -index-store-path /Users/karelbraborec/Library/Developer/Xcode/DerivedData/revmeter-hbcnswmlqmbpnlazhhkncgeowiss/Index.noindex/DataStore @/Users/karelbraborec/Library/Developer/Xcode/DerivedData/revmeter-hbcnswmlqmbpnlazhhkncgeowiss/Build/Intermediates.noindex/Pods.build/Debug-iphonesimulator/RNScreens.build/Objects-normal/x86_64/af3fcb34312c57c0f52879cdce924b91-common-args.resp -DRCT_NEW_ARCH_ENABLED\=1 -include /Users/karelbraborec/rev-meter/ios/Pods/Target\ Support\ Files/RNScreens/RNScreens-prefix.pch -MMD -MT dependencies -MF /Users/karelbraborec/Library/Developer/Xcode/DerivedData/revmeter-hbcnswmlqmbpnlazhhkncgeowiss/Build/Intermediates.noindex/Pods.build/Debug-iphonesimulator/RNScreens.build/Objects-normal/x86_64/RNSFormSheetUpdateCoordinator.d --serialize-diagnostics /Users/karelbraborec/Library/Developer/Xcode/DerivedData/revmeter-hbcnswmlqmbpnlazhhkncgeowiss/Build/Intermediates.noindex/Pods.build/Debug-iphonesimulator/RNScreens.build/Objects-normal/x86_64/RNSFormSheetUpdateCoordinator.dia -c /Users/karelbraborec/rev-meter/node_modules/react-native-screens/ios/gamma/modals/form-sheet/RNSFormSheetUpdateCoordinator.mm -o /Users/karelbraborec/Library/Developer/Xcode/DerivedData/revmeter-hbcnswmlqmbpnlazhhkncgeowiss/Build/Intermediates.noindex/Pods.build/Debug-iphonesimulator/RNScreens.build/Objects-normal/x86_64/RNSFormSheetUpdateCoordinator.o -index-unit-output-path /Pods.build/Debug-iphonesimulator/RNScreens.build/Objects-normal/x86_64/RNSFormSheetUpdateCoordinator.o

CompileC /Users/karelbraborec/Library/Developer/Xcode/DerivedData/revmeter-hbcnswmlqmbpnlazhhkncgeowiss/Build/Intermediates.noindex/Pods.build/Debug-iphonesimulator/RNScreens.build/Objects-normal/x86_64/RNSFormSheetPresentationManager.o /Users/karelbraborec/rev-meter/node_modules/react-native-screens/ios/gamma/modals/form-sheet/RNSFormSheetPresentationManager.mm normal x86_64 objective-c++ com.apple.compilers.llvm.clang.1_0.compiler (in target 'RNScreens' from project 'Pods')
    cd /Users/karelbraborec/rev-meter/ios/Pods
    
    Using response file: /Users/karelbraborec/Library/Developer/Xcode/DerivedData/revmeter-hbcnswmlqmbpnlazhhkncgeowiss/Build/Intermediates.noindex/Pods.build/Debug-iphonesimulator/RNScreens.build/Objects-normal/x86_64/af3fcb34312c57c0f52879cdce924b91-common-args.resp
    
    /Applications/Xcode.app/Contents/Developer/Toolchains/XcodeDefault.xctoolchain/usr/bin/clang -x objective-c++ -ivfsstatcache /Users/karelbraborec/Library/Developer/Xcode/DerivedData/SDKStatCaches.noindex/iphonesimulator26.5-23F81a-6cfe768891a92b912361537c460fe42b.sdkstatcache -target x86_64-apple-ios15.1-simulator -fmessage-length\=0 -fdiagnostics-show-note-include-stack -fmacro-backtrace-limit\=0 -fno-color-diagnostics -fmodules-prune-interval\=86400 -fmodules-prune-after\=345600 -fbuild-session-file\=/Users/karelbraborec/Library/Developer/Xcode/DerivedData/ModuleCache.noindex/Session.modulevalidation -fmodules-validate-once-per-build-session -Wnon-modular-include-in-framework-module -Werror\=non-modular-include-in-framework-module -Wno-trigraphs -Wno-missing-field-initializers -Wno-missing-prototypes -Werror\=return-type -Wdocumentation -Wunreachable-code -Wno-implicit-atomic-properties -Werror\=deprecated-objc-isa-usage -Wno-objc-interface-ivars -Werror\=objc-root-class -Wno-arc-repeated-use-of-weak -Wimplicit-retain-self -Wno-non-virtual-dtor -Wno-overloaded-virtual -Wno-exit-time-destructors -Wduplicate-method-match -Wno-missing-braces -Wparentheses -Wswitch -Wunused-function -Wno-unused-label -Wno-unused-parameter -Wunused-variable -Wunused-value -Wempty-body -Wuninitialized -Wconditional-uninitialized -Wno-unknown-pragmas -Wno-shadow -Wno-four-char-constants -Wno-conversion -Wconstant-conversion -Wint-conversion -Wbool-conversion -Wenum-conversion -Wno-float-conversion -Wnon-literal-null-conversion -Wobjc-literal-conversion -Wshorten-64-to-32 -Wno-newline-eof -Wno-selector -Wno-strict-selector-match -Wundeclared-selector -Wdeprecated-implementations -Wno-c++11-extensions -Wno-implicit-fallthrough -isysroot /Applications/Xcode.app/Contents/Developer/Platforms/iPhoneSimulator.platform/Developer/SDKs/iPhoneSimulator26.5.sdk -fstrict-aliasing -Wprotocol -Wdeprecated-declarations -Winvalid-offsetof -Wno-sign-conversion -Winfinite-recursion -Wmove -Wcomma -Wblock-capture-autoreleasing -Wstrict-prototypes -Wrange-loop-analysis -Wno-semicolon-before-method-body -Wunguarded-availability -index-store-path /Users/karelbraborec/Library/Developer/Xcode/DerivedData/revmeter-hbcnswmlqmbpnlazhhkncgeowiss/Index.noindex/DataStore @/Users/karelbraborec/Library/Developer/Xcode/DerivedData/revmeter-hbcnswmlqmbpnlazhhkncgeowiss/Build/Intermediates.noindex/Pods.build/Debug-iphonesimulator/RNScreens.build/Objects-normal/x86_64/af3fcb34312c57c0f52879cdce924b91-common-args.resp -DRCT_NEW_ARCH_ENABLED\=1 -include /Users/karelbraborec/rev-meter/ios/Pods/Target\ Support\ Files/RNScreens/RNScreens-prefix.pch -MMD -MT dependencies -MF /Users/karelbraborec/Library/Developer/Xcode/DerivedData/revmeter-hbcnswmlqmbpnlazhhkncgeowiss/Build/Intermediates.noindex/Pods.build/Debug-iphonesimulator/RNScreens.build/Objects-normal/x86_64/RNSFormSheetPresentationManager.d --serialize-diagnostics /Users/karelbraborec/Library/Developer/Xcode/DerivedData/revmeter-hbcnswmlqmbpnlazhhkncgeowiss/Build/Intermediates.noindex/Pods.build/Debug-iphonesimulator/RNScreens.build/Objects-normal/x86_64/RNSFormSheetPresentationManager.dia -c /Users/karelbraborec/rev-meter/node_modules/react-native-screens/ios/gamma/modals/form-sheet/RNSFormSheetPresentationManager.mm -o /Users/karelbraborec/Library/Developer/Xcode/DerivedData/revmeter-hbcnswmlqmbpnlazhhkncgeowiss/Build/Intermediates.noindex/Pods.build/Debug-iphonesimulator/RNScreens.build/Objects-normal/x86_64/RNSFormSheetPresentationManager.o -index-unit-output-path /Pods.build/Debug-iphonesimulator/RNScreens.build/Objects-normal/x86_64/RNSFormSheetPresentationManager.o

CompileC /Users/karelbraborec/Library/Developer/Xcode/DerivedData/revmeter-hbcnswmlqmbpnlazhhkncgeowiss/Build/Intermediates.noindex/Pods.build/Debug-iphonesimulator/RNScreens.build/Objects-normal/x86_64/RNSFormSheetHostState.o /Users/karelbraborec/rev-meter/node_modules/react-native-screens/common/cpp/react/renderer/components/rnscreens/RNSFormSheetHostState.cpp normal x86_64 c++ com.apple.compilers.llvm.clang.1_0.compiler (in target 'RNScreens' from project 'Pods')
    cd /Users/karelbraborec/rev-meter/ios/Pods
    
    Using response file: /Users/karelbraborec/Library/Developer/Xcode/DerivedData/revmeter-hbcnswmlqmbpnlazhhkncgeowiss/Build/Intermediates.noindex/Pods.build/Debug-iphonesimulator/RNScreens.build/Objects-normal/x86_64/82b82416624d2658e5098eb0a28c15c5-common-args.resp
    
    /Applications/Xcode.app/Contents/Developer/Toolchains/XcodeDefault.xctoolchain/usr/bin/clang -x c++ -ivfsstatcache /Users/karelbraborec/Library/Developer/Xcode/DerivedData/SDKStatCaches.noindex/iphonesimulator26.5-23F81a-6cfe768891a92b912361537c460fe42b.sdkstatcache -target x86_64-apple-ios15.1-simulator -fmessage-length\=0 -fdiagnostics-show-note-include-stack -fmacro-backtrace-limit\=0 -fno-color-diagnostics -fmodules-prune-interval\=86400 -fmodules-prune-after\=345600 -fbuild-session-file\=/Users/karelbraborec/Library/Developer/Xcode/DerivedData/ModuleCache.noindex/Session.modulevalidation -fmodules-validate-once-per-build-session -Wnon-modular-include-in-framework-module -Werror\=non-modular-include-in-framework-module -Wno-trigraphs -Wno-missing-field-initializers -Wno-missing-prototypes -Werror\=return-type -Wdocumentation -Wunreachable-code -Werror\=deprecated-objc-isa-usage -Werror\=objc-root-class -Wno-non-virtual-dtor -Wno-overloaded-virtual -Wno-exit-time-destructors -Wno-missing-braces -Wparentheses -Wswitch -Wunused-function -Wno-unused-label -Wno-unused-parameter -Wunused-variable -Wunused-value -Wempty-body -Wuninitialized -Wconditional-uninitialized -Wno-unknown-pragmas -Wno-shadow -Wno-four-char-constants -Wno-conversion -Wconstant-conversion -Wint-conversion -Wbool-conversion -Wenum-conversion -Wno-float-conversion -Wnon-literal-null-conversion -Wobjc-literal-conversion -Wshorten-64-to-32 -Wno-newline-eof -Wno-c++11-extensions -Wno-implicit-fallthrough -isysroot /Applications/Xcode.app/Contents/Developer/Platforms/iPhoneSimulator.platform/Developer/SDKs/iPhoneSimulator26.5.sdk -fstrict-aliasing -Wdeprecated-declarations -Winvalid-offsetof -Wno-sign-conversion -Winfinite-recursion -Wmove -Wcomma -Wblock-capture-autoreleasing -Wstrict-prototypes -Wrange-loop-analysis -Wno-semicolon-before-method-body -Wunguarded-availability -index-store-path /Users/karelbraborec/Library/Developer/Xcode/DerivedData/revmeter-hbcnswmlqmbpnlazhhkncgeowiss/Index.noindex/DataStore @/Users/karelbraborec/Library/Developer/Xcode/DerivedData/revmeter-hbcnswmlqmbpnlazhhkncgeowiss/Build/Intermediates.noindex/Pods.build/Debug-iphonesimulator/RNScreens.build/Objects-normal/x86_64/82b82416624d2658e5098eb0a28c15c5-common-args.resp -DRCT_NEW_ARCH_ENABLED\=1 -include /Users/karelbraborec/rev-meter/ios/Pods/Target\ Support\ Files/RNScreens/RNScreens-prefix.pch -MMD -MT dependencies -MF /Users/karelbraborec/Library/Developer/Xcode/DerivedData/revmeter-hbcnswmlqmbpnlazhhkncgeowiss/Build/Intermediates.noindex/Pods.build/Debug-iphonesimulator/RNScreens.build/Objects-normal/x86_64/RNSFormSheetHostState.d --serialize-diagnostics /Users/karelbraborec/Library/Developer/Xcode/DerivedData/revmeter-hbcnswmlqmbpnlazhhkncgeowiss/Build/Intermediates.noindex/Pods.build/Debug-iphonesimulator/RNScreens.build/Objects-normal/x86_64/RNSFormSheetHostState.dia -c /Users/karelbraborec/rev-meter/node_modules/react-native-screens/common/cpp/react/renderer/components/rnscreens/RNSFormSheetHostState.cpp -o /Users/karelbraborec/Library/Developer/Xcode/DerivedData/revmeter-hbcnswmlqmbpnlazhhkncgeowiss/Build/Intermediates.noindex/Pods.build/Debug-iphonesimulator/RNScreens.build/Objects-normal/x86_64/RNSFormSheetHostState.o -index-unit-output-path /Pods.build/Debug-iphonesimulator/RNScreens.build/Objects-normal/x86_64/RNSFormSheetHostState.o

CompileC /Users/karelbraborec/Library/Developer/Xcode/DerivedData/revmeter-hbcnswmlqmbpnlazhhkncgeowiss/Build/Intermediates.noindex/Pods.build/Debug-iphonesimulator/RNScreens.build/Objects-normal/x86_64/RNSFormSheetHostShadowStateProxy.o /Users/karelbraborec/rev-meter/node_modules/react-native-screens/ios/gamma/modals/form-sheet/RNSFormSheetHostShadowStateProxy.mm normal x86_64 objective-c++ com.apple.compilers.llvm.clang.1_0.compiler (in target 'RNScreens' from project 'Pods')
    cd /Users/karelbraborec/rev-meter/ios/Pods
    
    Using response file: /Users/karelbraborec/Library/Developer/Xcode/DerivedData/revmeter-hbcnswmlqmbpnlazhhkncgeowiss/Build/Intermediates.noindex/Pods.build/Debug-iphonesimulator/RNScreens.build/Objects-normal/x86_64/af3fcb34312c57c0f52879cdce924b91-common-args.resp
    
    /Applications/Xcode.app/Contents/Developer/Toolchains/XcodeDefault.xctoolchain/usr/bin/clang -x objective-c++ -ivfsstatcache /Users/karelbraborec/Library/Developer/Xcode/DerivedData/SDKStatCaches.noindex/iphonesimulator26.5-23F81a-6cfe768891a92b912361537c460fe42b.sdkstatcache -target x86_64-apple-ios15.1-simulator -fmessage-length\=0 -fdiagnostics-show-note-include-stack -fmacro-backtrace-limit\=0 -fno-color-diagnostics -fmodules-prune-interval\=86400 -fmodules-prune-after\=345600 -fbuild-session-file\=/Users/karelbraborec/Library/Developer/Xcode/DerivedData/ModuleCache.noindex/Session.modulevalidation -fmodules-validate-once-per-build-session -Wnon-modular-include-in-framework-module -Werror\=non-modular-include-in-framework-module -Wno-trigraphs -Wno-missing-field-initializers -Wno-missing-prototypes -Werror\=return-type -Wdocumentation -Wunreachable-code -Wno-implicit-atomic-properties -Werror\=deprecated-objc-isa-usage -Wno-objc-interface-ivars -Werror\=objc-root-class -Wno-arc-repeated-use-of-weak -Wimplicit-retain-self -Wno-non-virtual-dtor -Wno-overloaded-virtual -Wno-exit-time-destructors -Wduplicate-method-match -Wno-missing-braces -Wparentheses -Wswitch -Wunused-function -Wno-unused-label -Wno-unused-parameter -Wunused-variable -Wunused-value -Wempty-body -Wuninitialized -Wconditional-uninitialized -Wno-unknown-pragmas -Wno-shadow -Wno-four-char-constants -Wno-conversion -Wconstant-conversion -Wint-conversion -Wbool-conversion -Wenum-conversion -Wno-float-conversion -Wnon-literal-null-conversion -Wobjc-literal-conversion -Wshorten-64-to-32 -Wno-newline-eof -Wno-selector -Wno-strict-selector-match -Wundeclared-selector -Wdeprecated-implementations -Wno-c++11-extensions -Wno-implicit-fallthrough -isysroot /Applications/Xcode.app/Contents/Developer/Platforms/iPhoneSimulator.platform/Developer/SDKs/iPhoneSimulator26.5.sdk -fstrict-aliasing -Wprotocol -Wdeprecated-declarations -Winvalid-offsetof -Wno-sign-conversion -Winfinite-recursion -Wmove -Wcomma -Wblock-capture-autoreleasing -Wstrict-prototypes -Wrange-loop-analysis -Wno-semicolon-before-method-body -Wunguarded-availability -index-store-path /Users/karelbraborec/Library/Developer/Xcode/DerivedData/revmeter-hbcnswmlqmbpnlazhhkncgeowiss/Index.noindex/DataStore @/Users/karelbraborec/Library/Developer/Xcode/DerivedData/revmeter-hbcnswmlqmbpnlazhhkncgeowiss/Build/Intermediates.noindex/Pods.build/Debug-iphonesimulator/RNScreens.build/Objects-normal/x86_64/af3fcb34312c57c0f52879cdce924b91-common-args.resp -DRCT_NEW_ARCH_ENABLED\=1 -include /Users/karelbraborec/rev-meter/ios/Pods/Target\ Support\ Files/RNScreens/RNScreens-prefix.pch -MMD -MT dependencies -MF /Users/karelbraborec/Library/Developer/Xcode/DerivedData/revmeter-hbcnswmlqmbpnlazhhkncgeowiss/Build/Intermediates.noindex/Pods.build/Debug-iphonesimulator/RNScreens.build/Objects-normal/x86_64/RNSFormSheetHostShadowStateProxy.d --serialize-diagnostics /Users/karelbraborec/Library/Developer/Xcode/DerivedData/revmeter-hbcnswmlqmbpnlazhhkncgeowiss/Build/Intermediates.noindex/Pods.build/Debug-iphonesimulator/RNScreens.build/Objects-normal/x86_64/RNSFormSheetHostShadowStateProxy.dia -c /Users/karelbraborec/rev-meter/node_modules/react-native-screens/ios/gamma/modals/form-sheet/RNSFormSheetHostShadowStateProxy.mm -o /Users/karelbraborec/Library/Developer/Xcode/DerivedData/revmeter-hbcnswmlqmbpnlazhhkncgeowiss/Build/Intermediates.noindex/Pods.build/Debug-iphonesimulator/RNScreens.build/Objects-normal/x86_64/RNSFormSheetHostShadowStateProxy.o -index-unit-output-path /Pods.build/Debug-iphonesimulator/RNScreens.build/Objects-normal/x86_64/RNSFormSheetHostShadowStateProxy.o

CompileC /Users/karelbraborec/Library/Developer/Xcode/DerivedData/revmeter-hbcnswmlqmbpnlazhhkncgeowiss/Build/Intermediates.noindex/Pods.build/Debug-iphonesimulator/RNScreens.build/Objects-normal/x86_64/RNSFormSheetHostShadowNode.o /Users/karelbraborec/rev-meter/node_modules/react-native-screens/common/cpp/react/renderer/components/rnscreens/RNSFormSheetHostShadowNode.cpp normal x86_64 c++ com.apple.compilers.llvm.clang.1_0.compiler (in target 'RNScreens' from project 'Pods')
    cd /Users/karelbraborec/rev-meter/ios/Pods
    
    Using response file: /Users/karelbraborec/Library/Developer/Xcode/DerivedData/revmeter-hbcnswmlqmbpnlazhhkncgeowiss/Build/Intermediates.noindex/Pods.build/Debug-iphonesimulator/RNScreens.build/Objects-normal/x86_64/82b82416624d2658e5098eb0a28c15c5-common-args.resp
    
    /Applications/Xcode.app/Contents/Developer/Toolchains/XcodeDefault.xctoolchain/usr/bin/clang -x c++ -ivfsstatcache /Users/karelbraborec/Library/Developer/Xcode/DerivedData/SDKStatCaches.noindex/iphonesimulator26.5-23F81a-6cfe768891a92b912361537c460fe42b.sdkstatcache -target x86_64-apple-ios15.1-simulator -fmessage-length\=0 -fdiagnostics-show-note-include-stack -fmacro-backtrace-limit\=0 -fno-color-diagnostics -fmodules-prune-interval\=86400 -fmodules-prune-after\=345600 -fbuild-session-file\=/Users/karelbraborec/Library/Developer/Xcode/DerivedData/ModuleCache.noindex/Session.modulevalidation -fmodules-validate-once-per-build-session -Wnon-modular-include-in-framework-module -Werror\=non-modular-include-in-framework-module -Wno-trigraphs -Wno-missing-field-initializers -Wno-missing-prototypes -Werror\=return-type -Wdocumentation -Wunreachable-code -Werror\=deprecated-objc-isa-usage -Werror\=objc-root-class -Wno-non-virtual-dtor -Wno-overloaded-virtual -Wno-exit-time-destructors -Wno-missing-braces -Wparentheses -Wswitch -Wunused-function -Wno-unused-label -Wno-unused-parameter -Wunused-variable -Wunused-value -Wempty-body -Wuninitialized -Wconditional-uninitialized -Wno-unknown-pragmas -Wno-shadow -Wno-four-char-constants -Wno-conversion -Wconstant-conversion -Wint-conversion -Wbool-conversion -Wenum-conversion -Wno-float-conversion -Wnon-literal-null-conversion -Wobjc-literal-conversion -Wshorten-64-to-32 -Wno-newline-eof -Wno-c++11-extensions -Wno-implicit-fallthrough -isysroot /Applications/Xcode.app/Contents/Developer/Platforms/iPhoneSimulator.platform/Developer/SDKs/iPhoneSimulator26.5.sdk -fstrict-aliasing -Wdeprecated-declarations -Winvalid-offsetof -Wno-sign-conversion -Winfinite-recursion -Wmove -Wcomma -Wblock-capture-autoreleasing -Wstrict-prototypes -Wrange-loop-analysis -Wno-semicolon-before-method-body -Wunguarded-availability -index-store-path /Users/karelbraborec/Library/Developer/Xcode/DerivedData/revmeter-hbcnswmlqmbpnlazhhkncgeowiss/Index.noindex/DataStore @/Users/karelbraborec/Library/Developer/Xcode/DerivedData/revmeter-hbcnswmlqmbpnlazhhkncgeowiss/Build/Intermediates.noindex/Pods.build/Debug-iphonesimulator/RNScreens.build/Objects-normal/x86_64/82b82416624d2658e5098eb0a28c15c5-common-args.resp -DRCT_NEW_ARCH_ENABLED\=1 -include /Users/karelbraborec/rev-meter/ios/Pods/Target\ Support\ Files/RNScreens/RNScreens-prefix.pch -MMD -MT dependencies -MF /Users/karelbraborec/Library/Developer/Xcode/DerivedData/revmeter-hbcnswmlqmbpnlazhhkncgeowiss/Build/Intermediates.noindex/Pods.build/Debug-iphonesimulator/RNScreens.build/Objects-normal/x86_64/RNSFormSheetHostShadowNode.d --serialize-diagnostics /Users/karelbraborec/Library/Developer/Xcode/DerivedData/revmeter-hbcnswmlqmbpnlazhhkncgeowiss/Build/Intermediates.noindex/Pods.build/Debug-iphonesimulator/RNScreens.build/Objects-normal/x86_64/RNSFormSheetHostShadowNode.dia -c /Users/karelbraborec/rev-meter/node_modules/react-native-screens/common/cpp/react/renderer/components/rnscreens/RNSFormSheetHostShadowNode.cpp -o /Users/karelbraborec/Library/Developer/Xcode/DerivedData/revmeter-hbcnswmlqmbpnlazhhkncgeowiss/Build/Intermediates.noindex/Pods.build/Debug-iphonesimulator/RNScreens.build/Objects-normal/x86_64/RNSFormSheetHostShadowNode.o -index-unit-output-path /Pods.build/Debug-iphonesimulator/RNScreens.build/Objects-normal/x86_64/RNSFormSheetHostShadowNode.o

CompileC /Users/karelbraborec/Library/Developer/Xcode/DerivedData/revmeter-hbcnswmlqmbpnlazhhkncgeowiss/Build/Intermediates.noindex/Pods.build/Debug-iphonesimulator/RNScreens.build/Objects-normal/x86_64/RNSFormSheetHostEventEmitter.o /Users/karelbraborec/rev-meter/node_modules/react-native-screens/ios/gamma/modals/form-sheet/RNSFormSheetHostEventEmitter.mm normal x86_64 objective-c++ com.apple.compilers.llvm.clang.1_0.compiler (in target 'RNScreens' from project 'Pods')
    cd /Users/karelbraborec/rev-meter/ios/Pods
    
    Using response file: /Users/karelbraborec/Library/Developer/Xcode/DerivedData/revmeter-hbcnswmlqmbpnlazhhkncgeowiss/Build/Intermediates.noindex/Pods.build/Debug-iphonesimulator/RNScreens.build/Objects-normal/x86_64/af3fcb34312c57c0f52879cdce924b91-common-args.resp
    
    /Applications/Xcode.app/Contents/Developer/Toolchains/XcodeDefault.xctoolchain/usr/bin/clang -x objective-c++ -ivfsstatcache /Users/karelbraborec/Library/Developer/Xcode/DerivedData/SDKStatCaches.noindex/iphonesimulator26.5-23F81a-6cfe768891a92b912361537c460fe42b.sdkstatcache -target x86_64-apple-ios15.1-simulator -fmessage-length\=0 -fdiagnostics-show-note-include-stack -fmacro-backtrace-limit\=0 -fno-color-diagnostics -fmodules-prune-interval\=86400 -fmodules-prune-after\=345600 -fbuild-session-file\=/Users/karelbraborec/Library/Developer/Xcode/DerivedData/ModuleCache.noindex/Session.modulevalidation -fmodules-validate-once-per-build-session -Wnon-modular-include-in-framework-module -Werror\=non-modular-include-in-framework-module -Wno-trigraphs -Wno-missing-field-initializers -Wno-missing-prototypes -Werror\=return-type -Wdocumentation -Wunreachable-code -Wno-implicit-atomic-properties -Werror\=deprecated-objc-isa-usage -Wno-objc-interface-ivars -Werror\=objc-root-class -Wno-arc-repeated-use-of-weak -Wimplicit-retain-self -Wno-non-virtual-dtor -Wno-overloaded-virtual -Wno-exit-time-destructors -Wduplicate-method-match -Wno-missing-braces -Wparentheses -Wswitch -Wunused-function -Wno-unused-label -Wno-unused-parameter -Wunused-variable -Wunused-value -Wempty-body -Wuninitialized -Wconditional-uninitialized -Wno-unknown-pragmas -Wno-shadow -Wno-four-char-constants -Wno-conversion -Wconstant-conversion -Wint-conversion -Wbool-conversion -Wenum-conversion -Wno-float-conversion -Wnon-literal-null-conversion -Wobjc-literal-conversion -Wshorten-64-to-32 -Wno-newline-eof -Wno-selector -Wno-strict-selector-match -Wundeclared-selector -Wdeprecated-implementations -Wno-c++11-extensions -Wno-implicit-fallthrough -isysroot /Applications/Xcode.app/Contents/Developer/Platforms/iPhoneSimulator.platform/Developer/SDKs/iPhoneSimulator26.5.sdk -fstrict-aliasing -Wprotocol -Wdeprecated-declarations -Winvalid-offsetof -Wno-sign-conversion -Winfinite-recursion -Wmove -Wcomma -Wblock-capture-autoreleasing -Wstrict-prototypes -Wrange-loop-analysis -Wno-semicolon-before-method-body -Wunguarded-availability -index-store-path /Users/karelbraborec/Library/Developer/Xcode/DerivedData/revmeter-hbcnswmlqmbpnlazhhkncgeowiss/Index.noindex/DataStore @/Users/karelbraborec/Library/Developer/Xcode/DerivedData/revmeter-hbcnswmlqmbpnlazhhkncgeowiss/Build/Intermediates.noindex/Pods.build/Debug-iphonesimulator/RNScreens.build/Objects-normal/x86_64/af3fcb34312c57c0f52879cdce924b91-common-args.resp -DRCT_NEW_ARCH_ENABLED\=1 -include /Users/karelbraborec/rev-meter/ios/Pods/Target\ Support\ Files/RNScreens/RNScreens-prefix.pch -MMD -MT dependencies -MF /Users/karelbraborec/Library/Developer/Xcode/DerivedData/revmeter-hbcnswmlqmbpnlazhhkncgeowiss/Build/Intermediates.noindex/Pods.build/Debug-iphonesimulator/RNScreens.build/Objects-normal/x86_64/RNSFormSheetHostEventEmitter.d --serialize-diagnostics /Users/karelbraborec/Library/Developer/Xcode/DerivedData/revmeter-hbcnswmlqmbpnlazhhkncgeowiss/Build/Intermediates.noindex/Pods.build/Debug-iphonesimulator/RNScreens.build/Objects-normal/x86_64/RNSFormSheetHostEventEmitter.dia -c /Users/karelbraborec/rev-meter/node_modules/react-native-screens/ios/gamma/modals/form-sheet/RNSFormSheetHostEventEmitter.mm -o /Users/karelbraborec/Library/Developer/Xcode/DerivedData/revmeter-hbcnswmlqmbpnlazhhkncgeowiss/Build/Intermediates.noindex/Pods.build/Debug-iphonesimulator/RNScreens.build/Objects-normal/x86_64/RNSFormSheetHostEventEmitter.o -index-unit-output-path /Pods.build/Debug-iphonesimulator/RNScreens.build/Objects-normal/x86_64/RNSFormSheetHostEventEmitter.o

CompileC /Users/karelbraborec/Library/Developer/Xcode/DerivedData/revmeter-hbcnswmlqmbpnlazhhkncgeowiss/Build/Intermediates.noindex/Pods.build/Debug-iphonesimulator/RNScreens.build/Objects-normal/x86_64/RNSFormSheetHostComponentView.o /Users/karelbraborec/rev-meter/node_modules/react-native-screens/ios/gamma/modals/form-sheet/RNSFormSheetHostComponentView.mm normal x86_64 objective-c++ com.apple.compilers.llvm.clang.1_0.compiler (in target 'RNScreens' from project 'Pods')
    cd /Users/karelbraborec/rev-meter/ios/Pods
    
    Using response file: /Users/karelbraborec/Library/Developer/Xcode/DerivedData/revmeter-hbcnswmlqmbpnlazhhkncgeowiss/Build/Intermediates.noindex/Pods.build/Debug-iphonesimulator/RNScreens.build/Objects-normal/x86_64/af3fcb34312c57c0f52879cdce924b91-common-args.resp
    
    /Applications/Xcode.app/Contents/Developer/Toolchains/XcodeDefault.xctoolchain/usr/bin/clang -x objective-c++ -ivfsstatcache /Users/karelbraborec/Library/Developer/Xcode/DerivedData/SDKStatCaches.noindex/iphonesimulator26.5-23F81a-6cfe768891a92b912361537c460fe42b.sdkstatcache -target x86_64-apple-ios15.1-simulator -fmessage-length\=0 -fdiagnostics-show-note-include-stack -fmacro-backtrace-limit\=0 -fno-color-diagnostics -fmodules-prune-interval\=86400 -fmodules-prune-after\=345600 -fbuild-session-file\=/Users/karelbraborec/Library/Developer/Xcode/DerivedData/ModuleCache.noindex/Session.modulevalidation -fmodules-validate-once-per-build-session -Wnon-modular-include-in-framework-module -Werror\=non-modular-include-in-framework-module -Wno-trigraphs -Wno-missing-field-initializers -Wno-missing-prototypes -Werror\=return-type -Wdocumentation -Wunreachable-code -Wno-implicit-atomic-properties -Werror\=deprecated-objc-isa-usage -Wno-objc-interface-ivars -Werror\=objc-root-class -Wno-arc-repeated-use-of-weak -Wimplicit-retain-self -Wno-non-virtual-dtor -Wno-overloaded-virtual -Wno-exit-time-destructors -Wduplicate-method-match -Wno-missing-braces -Wparentheses -Wswitch -Wunused-function -Wno-unused-label -Wno-unused-parameter -Wunused-variable -Wunused-value -Wempty-body -Wuninitialized -Wconditional-uninitialized -Wno-unknown-pragmas -Wno-shadow -Wno-four-char-constants -Wno-conversion -Wconstant-conversion -Wint-conversion -Wbool-conversion -Wenum-conversion -Wno-float-conversion -Wnon-literal-null-conversion -Wobjc-literal-conversion -Wshorten-64-to-32 -Wno-newline-eof -Wno-selector -Wno-strict-selector-match -Wundeclared-selector -Wdeprecated-implementations -Wno-c++11-extensions -Wno-implicit-fallthrough -isysroot /Applications/Xcode.app/Contents/Developer/Platforms/iPhoneSimulator.platform/Developer/SDKs/iPhoneSimulator26.5.sdk -fstrict-aliasing -Wprotocol -Wdeprecated-declarations -Winvalid-offsetof -Wno-sign-conversion -Winfinite-recursion -Wmove -Wcomma -Wblock-capture-autoreleasing -Wstrict-prototypes -Wrange-loop-analysis -Wno-semicolon-before-method-body -Wunguarded-availability -index-store-path /Users/karelbraborec/Library/Developer/Xcode/DerivedData/revmeter-hbcnswmlqmbpnlazhhkncgeowiss/Index.noindex/DataStore @/Users/karelbraborec/Library/Developer/Xcode/DerivedData/revmeter-hbcnswmlqmbpnlazhhkncgeowiss/Build/Intermediates.noindex/Pods.build/Debug-iphonesimulator/RNScreens.build/Objects-normal/x86_64/af3fcb34312c57c0f52879cdce924b91-common-args.resp -DRCT_NEW_ARCH_ENABLED\=1 -include /Users/karelbraborec/rev-meter/ios/Pods/Target\ Support\ Files/RNScreens/RNScreens-prefix.pch -MMD -MT dependencies -MF /Users/karelbraborec/Library/Developer/Xcode/DerivedData/revmeter-hbcnswmlqmbpnlazhhkncgeowiss/Build/Intermediates.noindex/Pods.build/Debug-iphonesimulator/RNScreens.build/Objects-normal/x86_64/RNSFormSheetHostComponentView.d --serialize-diagnostics /Users/karelbraborec/Library/Developer/Xcode/DerivedData/revmeter-hbcnswmlqmbpnlazhhkncgeowiss/Build/Intermediates.noindex/Pods.build/Debug-iphonesimulator/RNScreens.build/Objects-normal/x86_64/RNSFormSheetHostComponentView.dia -c /Users/karelbraborec/rev-meter/node_modules/react-native-screens/ios/gamma/modals/form-sheet/RNSFormSheetHostComponentView.mm -o /Users/karelbraborec/Library/Developer/Xcode/DerivedData/revmeter-hbcnswmlqmbpnlazhhkncgeowiss/Build/Intermediates.noindex/Pods.build/Debug-iphonesimulator/RNScreens.build/Objects-normal/x86_64/RNSFormSheetHostComponentView.o -index-unit-output-path /Pods.build/Debug-iphonesimulator/RNScreens.build/Objects-normal/x86_64/RNSFormSheetHostComponentView.o
In file included from /Users/karelbraborec/rev-meter/node_modules/react-native-screens/ios/gamma/modals/form-sheet/RNSFormSheetHostComponentView.mm:12:
In file included from /Users/karelbraborec/rev-meter/ios/Pods/Headers/Public/React-RCTFabric/React/RCTMountingTransactionObserving.h:10:
In file included from /Users/karelbraborec/rev-meter/ios/Pods/Headers/Public/React-Fabric/react/renderer/mounting/MountingTransaction.h:10:
/Users/karelbraborec/rev-meter/ios/Pods/Headers/Public/React-Fabric/react/renderer/mounting/ShadowViewMutation.h:46:7: warning: declaration is marked with '@deprecated' command but does not have a deprecation attribute [-Wdocumentation-deprecated-sync]
   46 |    * @deprecated Pass parentTag instead of parentShadowView.
      |      ~^~~~~~~~~~~~~~~~~~~~~~~~~~~~~~~~~~~~~~~~~~~~~~~~~~~~~~
/Users/karelbraborec/rev-meter/ios/Pods/Headers/Public/React-Fabric/react/renderer/mounting/ShadowViewMutation.h:48:3: note: add a deprecation attribute to the declaration to silence this warning
   48 |   static ShadowViewMutation InsertMutation(const ShadowView &parentShadowView, ShadowView childShadowView, int index)
      |   ^
      |   FMT_DEPRECATED 
/Users/karelbraborec/rev-meter/ios/Pods/Headers/Public/React-Fabric/react/renderer/mounting/ShadowViewMutation.h:60:7: warning: declaration is marked with '@deprecated' command but does not have a deprecation attribute [-Wdocumentation-deprecated-sync]
   60 |    * @deprecated Pass parentTag instead of parentShadowView.
      |      ~^~~~~~~~~~~~~~~~~~~~~~~~~~~~~~~~~~~~~~~~~~~~~~~~~~~~~~
/Users/karelbraborec/rev-meter/ios/Pods/Headers/Public/React-Fabric/react/renderer/mounting/ShadowViewMutation.h:62:3: note: add a deprecation attribute to the declaration to silence this warning
   62 |   static ShadowViewMutation RemoveMutation(const ShadowView &parentShadowView, ShadowView childShadowView, int index)
      |   ^
      |   FMT_DEPRECATED 
/Users/karelbraborec/rev-meter/ios/Pods/Headers/Public/React-Fabric/react/renderer/mounting/ShadowViewMutation.h:74:7: warning: declaration is marked with '@deprecated' command but does not have a deprecation attribute [-Wdocumentation-deprecated-sync]
   74 |    * @deprecated Pass parentTag instead of parentShadowView.
      |      ~^~~~~~~~~~~~~~~~~~~~~~~~~~~~~~~~~~~~~~~~~~~~~~~~~~~~~~
/Users/karelbraborec/rev-meter/ios/Pods/Headers/Public/React-Fabric/react/renderer/mounting/ShadowViewMutation.h:76:3: note: add a deprecation attribute to the declaration to silence this warning
   76 |   static ShadowViewMutation
      |   ^
      |   FMT_DEPRECATED 
3 warnings generated.

CompileC /Users/karelbraborec/Library/Developer/Xcode/DerivedData/revmeter-hbcnswmlqmbpnlazhhkncgeowiss/Build/Intermediates.noindex/Pods.build/Debug-iphonesimulator/RNScreens.build/Objects-normal/x86_64/RNSFormSheetDetentResolver.o /Users/karelbraborec/rev-meter/node_modules/react-native-screens/ios/gamma/modals/form-sheet/RNSFormSheetDetentResolver.mm normal x86_64 objective-c++ com.apple.compilers.llvm.clang.1_0.compiler (in target 'RNScreens' from project 'Pods')
    cd /Users/karelbraborec/rev-meter/ios/Pods
    
    Using response file: /Users/karelbraborec/Library/Developer/Xcode/DerivedData/revmeter-hbcnswmlqmbpnlazhhkncgeowiss/Build/Intermediates.noindex/Pods.build/Debug-iphonesimulator/RNScreens.build/Objects-normal/x86_64/af3fcb34312c57c0f52879cdce924b91-common-args.resp
    
    /Applications/Xcode.app/Contents/Developer/Toolchains/XcodeDefault.xctoolchain/usr/bin/clang -x objective-c++ -ivfsstatcache /Users/karelbraborec/Library/Developer/Xcode/DerivedData/SDKStatCaches.noindex/iphonesimulator26.5-23F81a-6cfe768891a92b912361537c460fe42b.sdkstatcache -target x86_64-apple-ios15.1-simulator -fmessage-length\=0 -fdiagnostics-show-note-include-stack -fmacro-backtrace-limit\=0 -fno-color-diagnostics -fmodules-prune-interval\=86400 -fmodules-prune-after\=345600 -fbuild-session-file\=/Users/karelbraborec/Library/Developer/Xcode/DerivedData/ModuleCache.noindex/Session.modulevalidation -fmodules-validate-once-per-build-session -Wnon-modular-include-in-framework-module -Werror\=non-modular-include-in-framework-module -Wno-trigraphs -Wno-missing-field-initializers -Wno-missing-prototypes -Werror\=return-type -Wdocumentation -Wunreachable-code -Wno-implicit-atomic-properties -Werror\=deprecated-objc-isa-usage -Wno-objc-interface-ivars -Werror\=objc-root-class -Wno-arc-repeated-use-of-weak -Wimplicit-retain-self -Wno-non-virtual-dtor -Wno-overloaded-virtual -Wno-exit-time-destructors -Wduplicate-method-match -Wno-missing-braces -Wparentheses -Wswitch -Wunused-function -Wno-unused-label -Wno-unused-parameter -Wunused-variable -Wunused-value -Wempty-body -Wuninitialized -Wconditional-uninitialized -Wno-unknown-pragmas -Wno-shadow -Wno-four-char-constants -Wno-conversion -Wconstant-conversion -Wint-conversion -Wbool-conversion -Wenum-conversion -Wno-float-conversion -Wnon-literal-null-conversion -Wobjc-literal-conversion -Wshorten-64-to-32 -Wno-newline-eof -Wno-selector -Wno-strict-selector-match -Wundeclared-selector -Wdeprecated-implementations -Wno-c++11-extensions -Wno-implicit-fallthrough -isysroot /Applications/Xcode.app/Contents/Developer/Platforms/iPhoneSimulator.platform/Developer/SDKs/iPhoneSimulator26.5.sdk -fstrict-aliasing -Wprotocol -Wdeprecated-declarations -Winvalid-offsetof -Wno-sign-conversion -Winfinite-recursion -Wmove -Wcomma -Wblock-capture-autoreleasing -Wstrict-prototypes -Wrange-loop-analysis -Wno-semicolon-before-method-body -Wunguarded-availability -index-store-path /Users/karelbraborec/Library/Developer/Xcode/DerivedData/revmeter-hbcnswmlqmbpnlazhhkncgeowiss/Index.noindex/DataStore @/Users/karelbraborec/Library/Developer/Xcode/DerivedData/revmeter-hbcnswmlqmbpnlazhhkncgeowiss/Build/Intermediates.noindex/Pods.build/Debug-iphonesimulator/RNScreens.build/Objects-normal/x86_64/af3fcb34312c57c0f52879cdce924b91-common-args.resp -DRCT_NEW_ARCH_ENABLED\=1 -include /Users/karelbraborec/rev-meter/ios/Pods/Target\ Support\ Files/RNScreens/RNScreens-prefix.pch -MMD -MT dependencies -MF /Users/karelbraborec/Library/Developer/Xcode/DerivedData/revmeter-hbcnswmlqmbpnlazhhkncgeowiss/Build/Intermediates.noindex/Pods.build/Debug-iphonesimulator/RNScreens.build/Objects-normal/x86_64/RNSFormSheetDetentResolver.d --serialize-diagnostics /Users/karelbraborec/Library/Developer/Xcode/DerivedData/revmeter-hbcnswmlqmbpnlazhhkncgeowiss/Build/Intermediates.noindex/Pods.build/Debug-iphonesimulator/RNScreens.build/Objects-normal/x86_64/RNSFormSheetDetentResolver.dia -c /Users/karelbraborec/rev-meter/node_modules/react-native-screens/ios/gamma/modals/form-sheet/RNSFormSheetDetentResolver.mm -o /Users/karelbraborec/Library/Developer/Xcode/DerivedData/revmeter-hbcnswmlqmbpnlazhhkncgeowiss/Build/Intermediates.noindex/Pods.build/Debug-iphonesimulator/RNScreens.build/Objects-normal/x86_64/RNSFormSheetDetentResolver.o -index-unit-output-path /Pods.build/Debug-iphonesimulator/RNScreens.build/Objects-normal/x86_64/RNSFormSheetDetentResolver.o

CompileC /Users/karelbraborec/Library/Developer/Xcode/DerivedData/revmeter-hbcnswmlqmbpnlazhhkncgeowiss/Build/Intermediates.noindex/Pods.build/Debug-iphonesimulator/RNScreens.build/Objects-normal/x86_64/RNSFormSheetContentWrapperComponentView.o /Users/karelbraborec/rev-meter/node_modules/react-native-screens/ios/gamma/modals/form-sheet/RNSFormSheetContentWrapperComponentView.mm normal x86_64 objective-c++ com.apple.compilers.llvm.clang.1_0.compiler (in target 'RNScreens' from project 'Pods')
    cd /Users/karelbraborec/rev-meter/ios/Pods
    
    Using response file: /Users/karelbraborec/Library/Developer/Xcode/DerivedData/revmeter-hbcnswmlqmbpnlazhhkncgeowiss/Build/Intermediates.noindex/Pods.build/Debug-iphonesimulator/RNScreens.build/Objects-normal/x86_64/af3fcb34312c57c0f52879cdce924b91-common-args.resp
    
    /Applications/Xcode.app/Contents/Developer/Toolchains/XcodeDefault.xctoolchain/usr/bin/clang -x objective-c++ -ivfsstatcache /Users/karelbraborec/Library/Developer/Xcode/DerivedData/SDKStatCaches.noindex/iphonesimulator26.5-23F81a-6cfe768891a92b912361537c460fe42b.sdkstatcache -target x86_64-apple-ios15.1-simulator -fmessage-length\=0 -fdiagnostics-show-note-include-stack -fmacro-backtrace-limit\=0 -fno-color-diagnostics -fmodules-prune-interval\=86400 -fmodules-prune-after\=345600 -fbuild-session-file\=/Users/karelbraborec/Library/Developer/Xcode/DerivedData/ModuleCache.noindex/Session.modulevalidation -fmodules-validate-once-per-build-session -Wnon-modular-include-in-framework-module -Werror\=non-modular-include-in-framework-module -Wno-trigraphs -Wno-missing-field-initializers -Wno-missing-prototypes -Werror\=return-type -Wdocumentation -Wunreachable-code -Wno-implicit-atomic-properties -Werror\=deprecated-objc-isa-usage -Wno-objc-interface-ivars -Werror\=objc-root-class -Wno-arc-repeated-use-of-weak -Wimplicit-retain-self -Wno-non-virtual-dtor -Wno-overloaded-virtual -Wno-exit-time-destructors -Wduplicate-method-match -Wno-missing-braces -Wparentheses -Wswitch -Wunused-function -Wno-unused-label -Wno-unused-parameter -Wunused-variable -Wunused-value -Wempty-body -Wuninitialized -Wconditional-uninitialized -Wno-unknown-pragmas -Wno-shadow -Wno-four-char-constants -Wno-conversion -Wconstant-conversion -Wint-conversion -Wbool-conversion -Wenum-conversion -Wno-float-conversion -Wnon-literal-null-conversion -Wobjc-literal-conversion -Wshorten-64-to-32 -Wno-newline-eof -Wno-selector -Wno-strict-selector-match -Wundeclared-selector -Wdeprecated-implementations -Wno-c++11-extensions -Wno-implicit-fallthrough -isysroot /Applications/Xcode.app/Contents/Developer/Platforms/iPhoneSimulator.platform/Developer/SDKs/iPhoneSimulator26.5.sdk -fstrict-aliasing -Wprotocol -Wdeprecated-declarations -Winvalid-offsetof -Wno-sign-conversion -Winfinite-recursion -Wmove -Wcomma -Wblock-capture-autoreleasing -Wstrict-prototypes -Wrange-loop-analysis -Wno-semicolon-before-method-body -Wunguarded-availability -index-store-path /Users/karelbraborec/Library/Developer/Xcode/DerivedData/revmeter-hbcnswmlqmbpnlazhhkncgeowiss/Index.noindex/DataStore @/Users/karelbraborec/Library/Developer/Xcode/DerivedData/revmeter-hbcnswmlqmbpnlazhhkncgeowiss/Build/Intermediates.noindex/Pods.build/Debug-iphonesimulator/RNScreens.build/Objects-normal/x86_64/af3fcb34312c57c0f52879cdce924b91-common-args.resp -DRCT_NEW_ARCH_ENABLED\=1 -include /Users/karelbraborec/rev-meter/ios/Pods/Target\ Support\ Files/RNScreens/RNScreens-prefix.pch -MMD -MT dependencies -MF /Users/karelbraborec/Library/Developer/Xcode/DerivedData/revmeter-hbcnswmlqmbpnlazhhkncgeowiss/Build/Intermediates.noindex/Pods.build/Debug-iphonesimulator/RNScreens.build/Objects-normal/x86_64/RNSFormSheetContentWrapperComponentView.d --serialize-diagnostics /Users/karelbraborec/Library/Developer/Xcode/DerivedData/revmeter-hbcnswmlqmbpnlazhhkncgeowiss/Build/Intermediates.noindex/Pods.build/Debug-iphonesimulator/RNScreens.build/Objects-normal/x86_64/RNSFormSheetContentWrapperComponentView.dia -c /Users/karelbraborec/rev-meter/node_modules/react-native-screens/ios/gamma/modals/form-sheet/RNSFormSheetContentWrapperComponentView.mm -o /Users/karelbraborec/Library/Developer/Xcode/DerivedData/revmeter-hbcnswmlqmbpnlazhhkncgeowiss/Build/Intermediates.noindex/Pods.build/Debug-iphonesimulator/RNScreens.build/Objects-normal/x86_64/RNSFormSheetContentWrapperComponentView.o -index-unit-output-path /Pods.build/Debug-iphonesimulator/RNScreens.build/Objects-normal/x86_64/RNSFormSheetContentWrapperComponentView.o

CompileC /Users/karelbraborec/Library/Developer/Xcode/DerivedData/revmeter-hbcnswmlqmbpnlazhhkncgeowiss/Build/Intermediates.noindex/Pods.build/Debug-iphonesimulator/RNScreens.build/Objects-normal/x86_64/RNSFormSheetContentView.o /Users/karelbraborec/rev-meter/node_modules/react-native-screens/ios/gamma/modals/form-sheet/RNSFormSheetContentView.mm normal x86_64 objective-c++ com.apple.compilers.llvm.clang.1_0.compiler (in target 'RNScreens' from project 'Pods')
    cd /Users/karelbraborec/rev-meter/ios/Pods
    
    Using response file: /Users/karelbraborec/Library/Developer/Xcode/DerivedData/revmeter-hbcnswmlqmbpnlazhhkncgeowiss/Build/Intermediates.noindex/Pods.build/Debug-iphonesimulator/RNScreens.build/Objects-normal/x86_64/af3fcb34312c57c0f52879cdce924b91-common-args.resp
    
    /Applications/Xcode.app/Contents/Developer/Toolchains/XcodeDefault.xctoolchain/usr/bin/clang -x objective-c++ -ivfsstatcache /Users/karelbraborec/Library/Developer/Xcode/DerivedData/SDKStatCaches.noindex/iphonesimulator26.5-23F81a-6cfe768891a92b912361537c460fe42b.sdkstatcache -target x86_64-apple-ios15.1-simulator -fmessage-length\=0 -fdiagnostics-show-note-include-stack -fmacro-backtrace-limit\=0 -fno-color-diagnostics -fmodules-prune-interval\=86400 -fmodules-prune-after\=345600 -fbuild-session-file\=/Users/karelbraborec/Library/Developer/Xcode/DerivedData/ModuleCache.noindex/Session.modulevalidation -fmodules-validate-once-per-build-session -Wnon-modular-include-in-framework-module -Werror\=non-modular-include-in-framework-module -Wno-trigraphs -Wno-missing-field-initializers -Wno-missing-prototypes -Werror\=return-type -Wdocumentation -Wunreachable-code -Wno-implicit-atomic-properties -Werror\=deprecated-objc-isa-usage -Wno-objc-interface-ivars -Werror\=objc-root-class -Wno-arc-repeated-use-of-weak -Wimplicit-retain-self -Wno-non-virtual-dtor -Wno-overloaded-virtual -Wno-exit-time-destructors -Wduplicate-method-match -Wno-missing-braces -Wparentheses -Wswitch -Wunused-function -Wno-unused-label -Wno-unused-parameter -Wunused-variable -Wunused-value -Wempty-body -Wuninitialized -Wconditional-uninitialized -Wno-unknown-pragmas -Wno-shadow -Wno-four-char-constants -Wno-conversion -Wconstant-conversion -Wint-conversion -Wbool-conversion -Wenum-conversion -Wno-float-conversion -Wnon-literal-null-conversion -Wobjc-literal-conversion -Wshorten-64-to-32 -Wno-newline-eof -Wno-selector -Wno-strict-selector-match -Wundeclared-selector -Wdeprecated-implementations -Wno-c++11-extensions -Wno-implicit-fallthrough -isysroot /Applications/Xcode.app/Contents/Developer/Platforms/iPhoneSimulator.platform/Developer/SDKs/iPhoneSimulator26.5.sdk -fstrict-aliasing -Wprotocol -Wdeprecated-declarations -Winvalid-offsetof -Wno-sign-conversion -Winfinite-recursion -Wmove -Wcomma -Wblock-capture-autoreleasing -Wstrict-prototypes -Wrange-loop-analysis -Wno-semicolon-before-method-body -Wunguarded-availability -index-store-path /Users/karelbraborec/Library/Developer/Xcode/DerivedData/revmeter-hbcnswmlqmbpnlazhhkncgeowiss/Index.noindex/DataStore @/Users/karelbraborec/Library/Developer/Xcode/DerivedData/revmeter-hbcnswmlqmbpnlazhhkncgeowiss/Build/Intermediates.noindex/Pods.build/Debug-iphonesimulator/RNScreens.build/Objects-normal/x86_64/af3fcb34312c57c0f52879cdce924b91-common-args.resp -DRCT_NEW_ARCH_ENABLED\=1 -include /Users/karelbraborec/rev-meter/ios/Pods/Target\ Support\ Files/RNScreens/RNScreens-prefix.pch -MMD -MT dependencies -MF /Users/karelbraborec/Library/Developer/Xcode/DerivedData/revmeter-hbcnswmlqmbpnlazhhkncgeowiss/Build/Intermediates.noindex/Pods.build/Debug-iphonesimulator/RNScreens.build/Objects-normal/x86_64/RNSFormSheetContentView.d --serialize-diagnostics /Users/karelbraborec/Library/Developer/Xcode/DerivedData/revmeter-hbcnswmlqmbpnlazhhkncgeowiss/Build/Intermediates.noindex/Pods.build/Debug-iphonesimulator/RNScreens.build/Objects-normal/x86_64/RNSFormSheetContentView.dia -c /Users/karelbraborec/rev-meter/node_modules/react-native-screens/ios/gamma/modals/form-sheet/RNSFormSheetContentView.mm -o /Users/karelbraborec/Library/Developer/Xcode/DerivedData/revmeter-hbcnswmlqmbpnlazhhkncgeowiss/Build/Intermediates.noindex/Pods.build/Debug-iphonesimulator/RNScreens.build/Objects-normal/x86_64/RNSFormSheetContentView.o -index-unit-output-path /Pods.build/Debug-iphonesimulator/RNScreens.build/Objects-normal/x86_64/RNSFormSheetContentView.o

CompileC /Users/karelbraborec/Library/Developer/Xcode/DerivedData/revmeter-hbcnswmlqmbpnlazhhkncgeowiss/Build/Intermediates.noindex/Pods.build/Debug-iphonesimulator/RNScreens.build/Objects-normal/x86_64/RNSFormSheetContentController.o /Users/karelbraborec/rev-meter/node_modules/react-native-screens/ios/gamma/modals/form-sheet/RNSFormSheetContentController.mm normal x86_64 objective-c++ com.apple.compilers.llvm.clang.1_0.compiler (in target 'RNScreens' from project 'Pods')
    cd /Users/karelbraborec/rev-meter/ios/Pods
    
    Using response file: /Users/karelbraborec/Library/Developer/Xcode/DerivedData/revmeter-hbcnswmlqmbpnlazhhkncgeowiss/Build/Intermediates.noindex/Pods.build/Debug-iphonesimulator/RNScreens.build/Objects-normal/x86_64/af3fcb34312c57c0f52879cdce924b91-common-args.resp
    
    /Applications/Xcode.app/Contents/Developer/Toolchains/XcodeDefault.xctoolchain/usr/bin/clang -x objective-c++ -ivfsstatcache /Users/karelbraborec/Library/Developer/Xcode/DerivedData/SDKStatCaches.noindex/iphonesimulator26.5-23F81a-6cfe768891a92b912361537c460fe42b.sdkstatcache -target x86_64-apple-ios15.1-simulator -fmessage-length\=0 -fdiagnostics-show-note-include-stack -fmacro-backtrace-limit\=0 -fno-color-diagnostics -fmodules-prune-interval\=86400 -fmodules-prune-after\=345600 -fbuild-session-file\=/Users/karelbraborec/Library/Developer/Xcode/DerivedData/ModuleCache.noindex/Session.modulevalidation -fmodules-validate-once-per-build-session -Wnon-modular-include-in-framework-module -Werror\=non-modular-include-in-framework-module -Wno-trigraphs -Wno-missing-field-initializers -Wno-missing-prototypes -Werror\=return-type -Wdocumentation -Wunreachable-code -Wno-implicit-atomic-properties -Werror\=deprecated-objc-isa-usage -Wno-objc-interface-ivars -Werror\=objc-root-class -Wno-arc-repeated-use-of-weak -Wimplicit-retain-self -Wno-non-virtual-dtor -Wno-overloaded-virtual -Wno-exit-time-destructors -Wduplicate-method-match -Wno-missing-braces -Wparentheses -Wswitch -Wunused-function -Wno-unused-label -Wno-unused-parameter -Wunused-variable -Wunused-value -Wempty-body -Wuninitialized -Wconditional-uninitialized -Wno-unknown-pragmas -Wno-shadow -Wno-four-char-constants -Wno-conversion -Wconstant-conversion -Wint-conversion -Wbool-conversion -Wenum-conversion -Wno-float-conversion -Wnon-literal-null-conversion -Wobjc-literal-conversion -Wshorten-64-to-32 -Wno-newline-eof -Wno-selector -Wno-strict-selector-match -Wundeclared-selector -Wdeprecated-implementations -Wno-c++11-extensions -Wno-implicit-fallthrough -isysroot /Applications/Xcode.app/Contents/Developer/Platforms/iPhoneSimulator.platform/Developer/SDKs/iPhoneSimulator26.5.sdk -fstrict-aliasing -Wprotocol -Wdeprecated-declarations -Winvalid-offsetof -Wno-sign-conversion -Winfinite-recursion -Wmove -Wcomma -Wblock-capture-autoreleasing -Wstrict-prototypes -Wrange-loop-analysis -Wno-semicolon-before-method-body -Wunguarded-availability -index-store-path /Users/karelbraborec/Library/Developer/Xcode/DerivedData/revmeter-hbcnswmlqmbpnlazhhkncgeowiss/Index.noindex/DataStore @/Users/karelbraborec/Library/Developer/Xcode/DerivedData/revmeter-hbcnswmlqmbpnlazhhkncgeowiss/Build/Intermediates.noindex/Pods.build/Debug-iphonesimulator/RNScreens.build/Objects-normal/x86_64/af3fcb34312c57c0f52879cdce924b91-common-args.resp -DRCT_NEW_ARCH_ENABLED\=1 -include /Users/karelbraborec/rev-meter/ios/Pods/Target\ Support\ Files/RNScreens/RNScreens-prefix.pch -MMD -MT dependencies -MF /Users/karelbraborec/Library/Developer/Xcode/DerivedData/revmeter-hbcnswmlqmbpnlazhhkncgeowiss/Build/Intermediates.noindex/Pods.build/Debug-iphonesimulator/RNScreens.build/Objects-normal/x86_64/RNSFormSheetContentController.d --serialize-diagnostics /Users/karelbraborec/Library/Developer/Xcode/DerivedData/revmeter-hbcnswmlqmbpnlazhhkncgeowiss/Build/Intermediates.noindex/Pods.build/Debug-iphonesimulator/RNScreens.build/Objects-normal/x86_64/RNSFormSheetContentController.dia -c /Users/karelbraborec/rev-meter/node_modules/react-native-screens/ios/gamma/modals/form-sheet/RNSFormSheetContentController.mm -o /Users/karelbraborec/Library/Developer/Xcode/DerivedData/revmeter-hbcnswmlqmbpnlazhhkncgeowiss/Build/Intermediates.noindex/Pods.build/Debug-iphonesimulator/RNScreens.build/Objects-normal/x86_64/RNSFormSheetContentController.o -index-unit-output-path /Pods.build/Debug-iphonesimulator/RNScreens.build/Objects-normal/x86_64/RNSFormSheetContentController.o

CompileC /Users/karelbraborec/Library/Developer/Xcode/DerivedData/revmeter-hbcnswmlqmbpnlazhhkncgeowiss/Build/Intermediates.noindex/Pods.build/Debug-iphonesimulator/RNScreens.build/Objects-normal/x86_64/RNSFormSheetConfigurationApplicator.o /Users/karelbraborec/rev-meter/node_modules/react-native-screens/ios/gamma/modals/form-sheet/RNSFormSheetConfigurationApplicator.mm normal x86_64 objective-c++ com.apple.compilers.llvm.clang.1_0.compiler (in target 'RNScreens' from project 'Pods')
    cd /Users/karelbraborec/rev-meter/ios/Pods
    
    Using response file: /Users/karelbraborec/Library/Developer/Xcode/DerivedData/revmeter-hbcnswmlqmbpnlazhhkncgeowiss/Build/Intermediates.noindex/Pods.build/Debug-iphonesimulator/RNScreens.build/Objects-normal/x86_64/af3fcb34312c57c0f52879cdce924b91-common-args.resp
    
    /Applications/Xcode.app/Contents/Developer/Toolchains/XcodeDefault.xctoolchain/usr/bin/clang -x objective-c++ -ivfsstatcache /Users/karelbraborec/Library/Developer/Xcode/DerivedData/SDKStatCaches.noindex/iphonesimulator26.5-23F81a-6cfe768891a92b912361537c460fe42b.sdkstatcache -target x86_64-apple-ios15.1-simulator -fmessage-length\=0 -fdiagnostics-show-note-include-stack -fmacro-backtrace-limit\=0 -fno-color-diagnostics -fmodules-prune-interval\=86400 -fmodules-prune-after\=345600 -fbuild-session-file\=/Users/karelbraborec/Library/Developer/Xcode/DerivedData/ModuleCache.noindex/Session.modulevalidation -fmodules-validate-once-per-build-session -Wnon-modular-include-in-framework-module -Werror\=non-modular-include-in-framework-module -Wno-trigraphs -Wno-missing-field-initializers -Wno-missing-prototypes -Werror\=return-type -Wdocumentation -Wunreachable-code -Wno-implicit-atomic-properties -Werror\=deprecated-objc-isa-usage -Wno-objc-interface-ivars -Werror\=objc-root-class -Wno-arc-repeated-use-of-weak -Wimplicit-retain-self -Wno-non-virtual-dtor -Wno-overloaded-virtual -Wno-exit-time-destructors -Wduplicate-method-match -Wno-missing-braces -Wparentheses -Wswitch -Wunused-function -Wno-unused-label -Wno-unused-parameter -Wunused-variable -Wunused-value -Wempty-body -Wuninitialized -Wconditional-uninitialized -Wno-unknown-pragmas -Wno-shadow -Wno-four-char-constants -Wno-conversion -Wconstant-conversion -Wint-conversion -Wbool-conversion -Wenum-conversion -Wno-float-conversion -Wnon-literal-null-conversion -Wobjc-literal-conversion -Wshorten-64-to-32 -Wno-newline-eof -Wno-selector -Wno-strict-selector-match -Wundeclared-selector -Wdeprecated-implementations -Wno-c++11-extensions -Wno-implicit-fallthrough -isysroot /Applications/Xcode.app/Contents/Developer/Platforms/iPhoneSimulator.platform/Developer/SDKs/iPhoneSimulator26.5.sdk -fstrict-aliasing -Wprotocol -Wdeprecated-declarations -Winvalid-offsetof -Wno-sign-conversion -Winfinite-recursion -Wmove -Wcomma -Wblock-capture-autoreleasing -Wstrict-prototypes -Wrange-loop-analysis -Wno-semicolon-before-method-body -Wunguarded-availability -index-store-path /Users/karelbraborec/Library/Developer/Xcode/DerivedData/revmeter-hbcnswmlqmbpnlazhhkncgeowiss/Index.noindex/DataStore @/Users/karelbraborec/Library/Developer/Xcode/DerivedData/revmeter-hbcnswmlqmbpnlazhhkncgeowiss/Build/Intermediates.noindex/Pods.build/Debug-iphonesimulator/RNScreens.build/Objects-normal/x86_64/af3fcb34312c57c0f52879cdce924b91-common-args.resp -DRCT_NEW_ARCH_ENABLED\=1 -include /Users/karelbraborec/rev-meter/ios/Pods/Target\ Support\ Files/RNScreens/RNScreens-prefix.pch -MMD -MT dependencies -MF /Users/karelbraborec/Library/Developer/Xcode/DerivedData/revmeter-hbcnswmlqmbpnlazhhkncgeowiss/Build/Intermediates.noindex/Pods.build/Debug-iphonesimulator/RNScreens.build/Objects-normal/x86_64/RNSFormSheetConfigurationApplicator.d --serialize-diagnostics /Users/karelbraborec/Library/Developer/Xcode/DerivedData/revmeter-hbcnswmlqmbpnlazhhkncgeowiss/Build/Intermediates.noindex/Pods.build/Debug-iphonesimulator/RNScreens.build/Objects-normal/x86_64/RNSFormSheetConfigurationApplicator.dia -c /Users/karelbraborec/rev-meter/node_modules/react-native-screens/ios/gamma/modals/form-sheet/RNSFormSheetConfigurationApplicator.mm -o /Users/karelbraborec/Library/Developer/Xcode/DerivedData/revmeter-hbcnswmlqmbpnlazhhkncgeowiss/Build/Intermediates.noindex/Pods.build/Debug-iphonesimulator/RNScreens.build/Objects-normal/x86_64/RNSFormSheetConfigurationApplicator.o -index-unit-output-path /Pods.build/Debug-iphonesimulator/RNScreens.build/Objects-normal/x86_64/RNSFormSheetConfigurationApplicator.o

CompileC /Users/karelbraborec/Library/Developer/Xcode/DerivedData/revmeter-hbcnswmlqmbpnlazhhkncgeowiss/Build/Intermediates.noindex/Pods.build/Debug-iphonesimulator/RNScreens.build/Objects-normal/x86_64/RNSConvert.o /Users/karelbraborec/rev-meter/node_modules/react-native-screens/ios/RNSConvert.mm normal x86_64 objective-c++ com.apple.compilers.llvm.clang.1_0.compiler (in target 'RNScreens' from project 'Pods')
    cd /Users/karelbraborec/rev-meter/ios/Pods
    
    Using response file: /Users/karelbraborec/Library/Developer/Xcode/DerivedData/revmeter-hbcnswmlqmbpnlazhhkncgeowiss/Build/Intermediates.noindex/Pods.build/Debug-iphonesimulator/RNScreens.build/Objects-normal/x86_64/af3fcb34312c57c0f52879cdce924b91-common-args.resp
    
    /Applications/Xcode.app/Contents/Developer/Toolchains/XcodeDefault.xctoolchain/usr/bin/clang -x objective-c++ -ivfsstatcache /Users/karelbraborec/Library/Developer/Xcode/DerivedData/SDKStatCaches.noindex/iphonesimulator26.5-23F81a-6cfe768891a92b912361537c460fe42b.sdkstatcache -target x86_64-apple-ios15.1-simulator -fmessage-length\=0 -fdiagnostics-show-note-include-stack -fmacro-backtrace-limit\=0 -fno-color-diagnostics -fmodules-prune-interval\=86400 -fmodules-prune-after\=345600 -fbuild-session-file\=/Users/karelbraborec/Library/Developer/Xcode/DerivedData/ModuleCache.noindex/Session.modulevalidation -fmodules-validate-once-per-build-session -Wnon-modular-include-in-framework-module -Werror\=non-modular-include-in-framework-module -Wno-trigraphs -Wno-missing-field-initializers -Wno-missing-prototypes -Werror\=return-type -Wdocumentation -Wunreachable-code -Wno-implicit-atomic-properties -Werror\=deprecated-objc-isa-usage -Wno-objc-interface-ivars -Werror\=objc-root-class -Wno-arc-repeated-use-of-weak -Wimplicit-retain-self -Wno-non-virtual-dtor -Wno-overloaded-virtual -Wno-exit-time-destructors -Wduplicate-method-match -Wno-missing-braces -Wparentheses -Wswitch -Wunused-function -Wno-unused-label -Wno-unused-parameter -Wunused-variable -Wunused-value -Wempty-body -Wuninitialized -Wconditional-uninitialized -Wno-unknown-pragmas -Wno-shadow -Wno-four-char-constants -Wno-conversion -Wconstant-conversion -Wint-conversion -Wbool-conversion -Wenum-conversion -Wno-float-conversion -Wnon-literal-null-conversion -Wobjc-literal-conversion -Wshorten-64-to-32 -Wno-newline-eof -Wno-selector -Wno-strict-selector-match -Wundeclared-selector -Wdeprecated-implementations -Wno-c++11-extensions -Wno-implicit-fallthrough -isysroot /Applications/Xcode.app/Contents/Developer/Platforms/iPhoneSimulator.platform/Developer/SDKs/iPhoneSimulator26.5.sdk -fstrict-aliasing -Wprotocol -Wdeprecated-declarations -Winvalid-offsetof -Wno-sign-conversion -Winfinite-recursion -Wmove -Wcomma -Wblock-capture-autoreleasing -Wstrict-prototypes -Wrange-loop-analysis -Wno-semicolon-before-method-body -Wunguarded-availability -index-store-path /Users/karelbraborec/Library/Developer/Xcode/DerivedData/revmeter-hbcnswmlqmbpnlazhhkncgeowiss/Index.noindex/DataStore @/Users/karelbraborec/Library/Developer/Xcode/DerivedData/revmeter-hbcnswmlqmbpnlazhhkncgeowiss/Build/Intermediates.noindex/Pods.build/Debug-iphonesimulator/RNScreens.build/Objects-normal/x86_64/af3fcb34312c57c0f52879cdce924b91-common-args.resp -DRCT_NEW_ARCH_ENABLED\=1 -include /Users/karelbraborec/rev-meter/ios/Pods/Target\ Support\ Files/RNScreens/RNScreens-prefix.pch -MMD -MT dependencies -MF /Users/karelbraborec/Library/Developer/Xcode/DerivedData/revmeter-hbcnswmlqmbpnlazhhkncgeowiss/Build/Intermediates.noindex/Pods.build/Debug-iphonesimulator/RNScreens.build/Objects-normal/x86_64/RNSConvert.d --serialize-diagnostics /Users/karelbraborec/Library/Developer/Xcode/DerivedData/revmeter-hbcnswmlqmbpnlazhhkncgeowiss/Build/Intermediates.noindex/Pods.build/Debug-iphonesimulator/RNScreens.build/Objects-normal/x86_64/RNSConvert.dia -c /Users/karelbraborec/rev-meter/node_modules/react-native-screens/ios/RNSConvert.mm -o /Users/karelbraborec/Library/Developer/Xcode/DerivedData/revmeter-hbcnswmlqmbpnlazhhkncgeowiss/Build/Intermediates.noindex/Pods.build/Debug-iphonesimulator/RNScreens.build/Objects-normal/x86_64/RNSConvert.o -index-unit-output-path /Pods.build/Debug-iphonesimulator/RNScreens.build/Objects-normal/x86_64/RNSConvert.o

CompileC /Users/karelbraborec/Library/Developer/Xcode/DerivedData/revmeter-hbcnswmlqmbpnlazhhkncgeowiss/Build/Intermediates.noindex/Pods.build/Debug-iphonesimulator/RNScreens.build/Objects-normal/x86_64/RNSConversions.o /Users/karelbraborec/rev-meter/node_modules/react-native-screens/ios/conversion/RNSConversions.mm normal x86_64 objective-c++ com.apple.compilers.llvm.clang.1_0.compiler (in target 'RNScreens' from project 'Pods')
    cd /Users/karelbraborec/rev-meter/ios/Pods
    
    Using response file: /Users/karelbraborec/Library/Developer/Xcode/DerivedData/revmeter-hbcnswmlqmbpnlazhhkncgeowiss/Build/Intermediates.noindex/Pods.build/Debug-iphonesimulator/RNScreens.build/Objects-normal/x86_64/af3fcb34312c57c0f52879cdce924b91-common-args.resp
    
    /Applications/Xcode.app/Contents/Developer/Toolchains/XcodeDefault.xctoolchain/usr/bin/clang -x objective-c++ -ivfsstatcache /Users/karelbraborec/Library/Developer/Xcode/DerivedData/SDKStatCaches.noindex/iphonesimulator26.5-23F81a-6cfe768891a92b912361537c460fe42b.sdkstatcache -target x86_64-apple-ios15.1-simulator -fmessage-length\=0 -fdiagnostics-show-note-include-stack -fmacro-backtrace-limit\=0 -fno-color-diagnostics -fmodules-prune-interval\=86400 -fmodules-prune-after\=345600 -fbuild-session-file\=/Users/karelbraborec/Library/Developer/Xcode/DerivedData/ModuleCache.noindex/Session.modulevalidation -fmodules-validate-once-per-build-session -Wnon-modular-include-in-framework-module -Werror\=non-modular-include-in-framework-module -Wno-trigraphs -Wno-missing-field-initializers -Wno-missing-prototypes -Werror\=return-type -Wdocumentation -Wunreachable-code -Wno-implicit-atomic-properties -Werror\=deprecated-objc-isa-usage -Wno-objc-interface-ivars -Werror\=objc-root-class -Wno-arc-repeated-use-of-weak -Wimplicit-retain-self -Wno-non-virtual-dtor -Wno-overloaded-virtual -Wno-exit-time-destructors -Wduplicate-method-match -Wno-missing-braces -Wparentheses -Wswitch -Wunused-function -Wno-unused-label -Wno-unused-parameter -Wunused-variable -Wunused-value -Wempty-body -Wuninitialized -Wconditional-uninitialized -Wno-unknown-pragmas -Wno-shadow -Wno-four-char-constants -Wno-conversion -Wconstant-conversion -Wint-conversion -Wbool-conversion -Wenum-conversion -Wno-float-conversion -Wnon-literal-null-conversion -Wobjc-literal-conversion -Wshorten-64-to-32 -Wno-newline-eof -Wno-selector -Wno-strict-selector-match -Wundeclared-selector -Wdeprecated-implementations -Wno-c++11-extensions -Wno-implicit-fallthrough -isysroot /Applications/Xcode.app/Contents/Developer/Platforms/iPhoneSimulator.platform/Developer/SDKs/iPhoneSimulator26.5.sdk -fstrict-aliasing -Wprotocol -Wdeprecated-declarations -Winvalid-offsetof -Wno-sign-conversion -Winfinite-recursion -Wmove -Wcomma -Wblock-capture-autoreleasing -Wstrict-prototypes -Wrange-loop-analysis -Wno-semicolon-before-method-body -Wunguarded-availability -index-store-path /Users/karelbraborec/Library/Developer/Xcode/DerivedData/revmeter-hbcnswmlqmbpnlazhhkncgeowiss/Index.noindex/DataStore @/Users/karelbraborec/Library/Developer/Xcode/DerivedData/revmeter-hbcnswmlqmbpnlazhhkncgeowiss/Build/Intermediates.noindex/Pods.build/Debug-iphonesimulator/RNScreens.build/Objects-normal/x86_64/af3fcb34312c57c0f52879cdce924b91-common-args.resp -DRCT_NEW_ARCH_ENABLED\=1 -include /Users/karelbraborec/rev-meter/ios/Pods/Target\ Support\ Files/RNScreens/RNScreens-prefix.pch -MMD -MT dependencies -MF /Users/karelbraborec/Library/Developer/Xcode/DerivedData/revmeter-hbcnswmlqmbpnlazhhkncgeowiss/Build/Intermediates.noindex/Pods.build/Debug-iphonesimulator/RNScreens.build/Objects-normal/x86_64/RNSConversions.d --serialize-diagnostics /Users/karelbraborec/Library/Developer/Xcode/DerivedData/revmeter-hbcnswmlqmbpnlazhhkncgeowiss/Build/Intermediates.noindex/Pods.build/Debug-iphonesimulator/RNScreens.build/Objects-normal/x86_64/RNSConversions.dia -c /Users/karelbraborec/rev-meter/node_modules/react-native-screens/ios/conversion/RNSConversions.mm -o /Users/karelbraborec/Library/Developer/Xcode/DerivedData/revmeter-hbcnswmlqmbpnlazhhkncgeowiss/Build/Intermediates.noindex/Pods.build/Debug-iphonesimulator/RNScreens.build/Objects-normal/x86_64/RNSConversions.o -index-unit-output-path /Pods.build/Debug-iphonesimulator/RNScreens.build/Objects-normal/x86_64/RNSConversions.o

CompileC /Users/karelbraborec/Library/Developer/Xcode/DerivedData/revmeter-hbcnswmlqmbpnlazhhkncgeowiss/Build/Intermediates.noindex/Pods.build/Debug-iphonesimulator/RNScreens.build/Objects-normal/x86_64/RNSConversions-Tabs.o /Users/karelbraborec/rev-meter/node_modules/react-native-screens/ios/conversion/RNSConversions-Tabs.mm normal x86_64 objective-c++ com.apple.compilers.llvm.clang.1_0.compiler (in target 'RNScreens' from project 'Pods')
    cd /Users/karelbraborec/rev-meter/ios/Pods
    
    Using response file: /Users/karelbraborec/Library/Developer/Xcode/DerivedData/revmeter-hbcnswmlqmbpnlazhhkncgeowiss/Build/Intermediates.noindex/Pods.build/Debug-iphonesimulator/RNScreens.build/Objects-normal/x86_64/af3fcb34312c57c0f52879cdce924b91-common-args.resp
    
    /Applications/Xcode.app/Contents/Developer/Toolchains/XcodeDefault.xctoolchain/usr/bin/clang -x objective-c++ -ivfsstatcache /Users/karelbraborec/Library/Developer/Xcode/DerivedData/SDKStatCaches.noindex/iphonesimulator26.5-23F81a-6cfe768891a92b912361537c460fe42b.sdkstatcache -target x86_64-apple-ios15.1-simulator -fmessage-length\=0 -fdiagnostics-show-note-include-stack -fmacro-backtrace-limit\=0 -fno-color-diagnostics -fmodules-prune-interval\=86400 -fmodules-prune-after\=345600 -fbuild-session-file\=/Users/karelbraborec/Library/Developer/Xcode/DerivedData/ModuleCache.noindex/Session.modulevalidation -fmodules-validate-once-per-build-session -Wnon-modular-include-in-framework-module -Werror\=non-modular-include-in-framework-module -Wno-trigraphs -Wno-missing-field-initializers -Wno-missing-prototypes -Werror\=return-type -Wdocumentation -Wunreachable-code -Wno-implicit-atomic-properties -Werror\=deprecated-objc-isa-usage -Wno-objc-interface-ivars -Werror\=objc-root-class -Wno-arc-repeated-use-of-weak -Wimplicit-retain-self -Wno-non-virtual-dtor -Wno-overloaded-virtual -Wno-exit-time-destructors -Wduplicate-method-match -Wno-missing-braces -Wparentheses -Wswitch -Wunused-function -Wno-unused-label -Wno-unused-parameter -Wunused-variable -Wunused-value -Wempty-body -Wuninitialized -Wconditional-uninitialized -Wno-unknown-pragmas -Wno-shadow -Wno-four-char-constants -Wno-conversion -Wconstant-conversion -Wint-conversion -Wbool-conversion -Wenum-conversion -Wno-float-conversion -Wnon-literal-null-conversion -Wobjc-literal-conversion -Wshorten-64-to-32 -Wno-newline-eof -Wno-selector -Wno-strict-selector-match -Wundeclared-selector -Wdeprecated-implementations -Wno-c++11-extensions -Wno-implicit-fallthrough -isysroot /Applications/Xcode.app/Contents/Developer/Platforms/iPhoneSimulator.platform/Developer/SDKs/iPhoneSimulator26.5.sdk -fstrict-aliasing -Wprotocol -Wdeprecated-declarations -Winvalid-offsetof -Wno-sign-conversion -Winfinite-recursion -Wmove -Wcomma -Wblock-capture-autoreleasing -Wstrict-prototypes -Wrange-loop-analysis -Wno-semicolon-before-method-body -Wunguarded-availability -index-store-path /Users/karelbraborec/Library/Developer/Xcode/DerivedData/revmeter-hbcnswmlqmbpnlazhhkncgeowiss/Index.noindex/DataStore @/Users/karelbraborec/Library/Developer/Xcode/DerivedData/revmeter-hbcnswmlqmbpnlazhhkncgeowiss/Build/Intermediates.noindex/Pods.build/Debug-iphonesimulator/RNScreens.build/Objects-normal/x86_64/af3fcb34312c57c0f52879cdce924b91-common-args.resp -DRCT_NEW_ARCH_ENABLED\=1 -include /Users/karelbraborec/rev-meter/ios/Pods/Target\ Support\ Files/RNScreens/RNScreens-prefix.pch -MMD -MT dependencies -MF /Users/karelbraborec/Library/Developer/Xcode/DerivedData/revmeter-hbcnswmlqmbpnlazhhkncgeowiss/Build/Intermediates.noindex/Pods.build/Debug-iphonesimulator/RNScreens.build/Objects-normal/x86_64/RNSConversions-Tabs.d --serialize-diagnostics /Users/karelbraborec/Library/Developer/Xcode/DerivedData/revmeter-hbcnswmlqmbpnlazhhkncgeowiss/Build/Intermediates.noindex/Pods.build/Debug-iphonesimulator/RNScreens.build/Objects-normal/x86_64/RNSConversions-Tabs.dia -c /Users/karelbraborec/rev-meter/node_modules/react-native-screens/ios/conversion/RNSConversions-Tabs.mm -o /Users/karelbraborec/Library/Developer/Xcode/DerivedData/revmeter-hbcnswmlqmbpnlazhhkncgeowiss/Build/Intermediates.noindex/Pods.build/Debug-iphonesimulator/RNScreens.build/Objects-normal/x86_64/RNSConversions-Tabs.o -index-unit-output-path /Pods.build/Debug-iphonesimulator/RNScreens.build/Objects-normal/x86_64/RNSConversions-Tabs.o
/Users/karelbraborec/rev-meter/node_modules/react-native-screens/ios/conversion/RNSConversions-Tabs.mm:330:11: warning: enumeration value 'RNSTabsScreenSystemItemNone' not handled in switch [-Wswitch]
  330 |   switch (systemItem) {
      |           ^~~~~~~~~~
/Users/karelbraborec/rev-meter/node_modules/react-native-screens/ios/conversion/RNSConversions-Tabs.mm:330:11: note: add missing switch cases
  330 |   switch (systemItem) {
      |           ^
  331 |     case RNSTabsScreenSystemItemBookmarks:
/Users/karelbraborec/rev-meter/node_modules/react-native-screens/ios/conversion/RNSConversions-Tabs.mm:356:100: warning: enum values with underlying type 'NSInteger' should not be used as format arguments; add an explicit cast to 'long' instead [-Wformat]
  356 |   RCTAssert(true, @"Attempt to convert unknown tabs screen systemItem to UITabBarSystemItem [%d]", systemItem);
      |                                                                                              ~~    ^~~~~~~~~~
      |                                                                                              %ld   static_cast<long>( )
In file included from /Users/karelbraborec/rev-meter/node_modules/react-native-screens/ios/conversion/RNSConversions-Tabs.mm:2:
In file included from /Users/karelbraborec/rev-meter/ios/Pods/Headers/Public/React-ImageManager/react/renderer/imagemanager/RCTImagePrimitivesConversions.h:10:
In file included from /Users/karelbraborec/rev-meter/ios/Pods/Headers/Public/React-Core/React/RCTConvert.h:16:
In file included from /Users/karelbraborec/rev-meter/ios/Pods/Headers/Public/React-Core/React/RCTLog.h:10:
/Users/karelbraborec/rev-meter/ios/Pods/Headers/Public/React-Core/React/RCTAssert.h:26:66: note: expanded from macro 'RCTAssert'
   26 |       _RCTAssertFormat(#condition, __FILE__, __LINE__, __func__, __VA_ARGS__);                       \
      |                                                                  ^~~~~~~~~~~
/Users/karelbraborec/rev-meter/node_modules/react-native-screens/ios/conversion/RNSConversions-Tabs.mm:356:100: warning: enum values with underlying type 'NSInteger' should not be used as format arguments; add an explicit cast to 'long' instead [-Wformat]
  356 |   RCTAssert(true, @"Attempt to convert unknown tabs screen systemItem to UITabBarSystemItem [%d]", systemItem);
      |                                                                                              ~~    ^~~~~~~~~~
      |                                                                                              %ld   static_cast<long>( )
In file included from /Users/karelbraborec/rev-meter/node_modules/react-native-screens/ios/conversion/RNSConversions-Tabs.mm:2:
In file included from /Users/karelbraborec/rev-meter/ios/Pods/Headers/Public/React-ImageManager/react/renderer/imagemanager/RCTImagePrimitivesConversions.h:10:
In file included from /Users/karelbraborec/rev-meter/ios/Pods/Headers/Public/React-Core/React/RCTConvert.h:16:
In file included from /Users/karelbraborec/rev-meter/ios/Pods/Headers/Public/React-Core/React/RCTLog.h:10:
/Users/karelbraborec/rev-meter/ios/Pods/Headers/Public/React-Core/React/RCTAssert.h:31:70: note: expanded from macro 'RCTAssert'
   31 |                                                          description:__VA_ARGS__];                   \
      |                                                                      ^~~~~~~~~~~
3 warnings generated.

CompileC /Users/karelbraborec/Library/Developer/Xcode/DerivedData/revmeter-hbcnswmlqmbpnlazhhkncgeowiss/Build/Intermediates.noindex/Pods.build/Debug-iphonesimulator/RNScreens.build/Objects-normal/x86_64/RNSConversions-Stack.o /Users/karelbraborec/rev-meter/node_modules/react-native-screens/ios/conversion/RNSConversions-Stack.mm normal x86_64 objective-c++ com.apple.compilers.llvm.clang.1_0.compiler (in target 'RNScreens' from project 'Pods')
    cd /Users/karelbraborec/rev-meter/ios/Pods
    
    Using response file: /Users/karelbraborec/Library/Developer/Xcode/DerivedData/revmeter-hbcnswmlqmbpnlazhhkncgeowiss/Build/Intermediates.noindex/Pods.build/Debug-iphonesimulator/RNScreens.build/Objects-normal/x86_64/af3fcb34312c57c0f52879cdce924b91-common-args.resp
    
    /Applications/Xcode.app/Contents/Developer/Toolchains/XcodeDefault.xctoolchain/usr/bin/clang -x objective-c++ -ivfsstatcache /Users/karelbraborec/Library/Developer/Xcode/DerivedData/SDKStatCaches.noindex/iphonesimulator26.5-23F81a-6cfe768891a92b912361537c460fe42b.sdkstatcache -target x86_64-apple-ios15.1-simulator -fmessage-length\=0 -fdiagnostics-show-note-include-stack -fmacro-backtrace-limit\=0 -fno-color-diagnostics -fmodules-prune-interval\=86400 -fmodules-prune-after\=345600 -fbuild-session-file\=/Users/karelbraborec/Library/Developer/Xcode/DerivedData/ModuleCache.noindex/Session.modulevalidation -fmodules-validate-once-per-build-session -Wnon-modular-include-in-framework-module -Werror\=non-modular-include-in-framework-module -Wno-trigraphs -Wno-missing-field-initializers -Wno-missing-prototypes -Werror\=return-type -Wdocumentation -Wunreachable-code -Wno-implicit-atomic-properties -Werror\=deprecated-objc-isa-usage -Wno-objc-interface-ivars -Werror\=objc-root-class -Wno-arc-repeated-use-of-weak -Wimplicit-retain-self -Wno-non-virtual-dtor -Wno-overloaded-virtual -Wno-exit-time-destructors -Wduplicate-method-match -Wno-missing-braces -Wparentheses -Wswitch -Wunused-function -Wno-unused-label -Wno-unused-parameter -Wunused-variable -Wunused-value -Wempty-body -Wuninitialized -Wconditional-uninitialized -Wno-unknown-pragmas -Wno-shadow -Wno-four-char-constants -Wno-conversion -Wconstant-conversion -Wint-conversion -Wbool-conversion -Wenum-conversion -Wno-float-conversion -Wnon-literal-null-conversion -Wobjc-literal-conversion -Wshorten-64-to-32 -Wno-newline-eof -Wno-selector -Wno-strict-selector-match -Wundeclared-selector -Wdeprecated-implementations -Wno-c++11-extensions -Wno-implicit-fallthrough -isysroot /Applications/Xcode.app/Contents/Developer/Platforms/iPhoneSimulator.platform/Developer/SDKs/iPhoneSimulator26.5.sdk -fstrict-aliasing -Wprotocol -Wdeprecated-declarations -Winvalid-offsetof -Wno-sign-conversion -Winfinite-recursion -Wmove -Wcomma -Wblock-capture-autoreleasing -Wstrict-prototypes -Wrange-loop-analysis -Wno-semicolon-before-method-body -Wunguarded-availability -index-store-path /Users/karelbraborec/Library/Developer/Xcode/DerivedData/revmeter-hbcnswmlqmbpnlazhhkncgeowiss/Index.noindex/DataStore @/Users/karelbraborec/Library/Developer/Xcode/DerivedData/revmeter-hbcnswmlqmbpnlazhhkncgeowiss/Build/Intermediates.noindex/Pods.build/Debug-iphonesimulator/RNScreens.build/Objects-normal/x86_64/af3fcb34312c57c0f52879cdce924b91-common-args.resp -DRCT_NEW_ARCH_ENABLED\=1 -include /Users/karelbraborec/rev-meter/ios/Pods/Target\ Support\ Files/RNScreens/RNScreens-prefix.pch -MMD -MT dependencies -MF /Users/karelbraborec/Library/Developer/Xcode/DerivedData/revmeter-hbcnswmlqmbpnlazhhkncgeowiss/Build/Intermediates.noindex/Pods.build/Debug-iphonesimulator/RNScreens.build/Objects-normal/x86_64/RNSConversions-Stack.d --serialize-diagnostics /Users/karelbraborec/Library/Developer/Xcode/DerivedData/revmeter-hbcnswmlqmbpnlazhhkncgeowiss/Build/Intermediates.noindex/Pods.build/Debug-iphonesimulator/RNScreens.build/Objects-normal/x86_64/RNSConversions-Stack.dia -c /Users/karelbraborec/rev-meter/node_modules/react-native-screens/ios/conversion/RNSConversions-Stack.mm -o /Users/karelbraborec/Library/Developer/Xcode/DerivedData/revmeter-hbcnswmlqmbpnlazhhkncgeowiss/Build/Intermediates.noindex/Pods.build/Debug-iphonesimulator/RNScreens.build/Objects-normal/x86_64/RNSConversions-Stack.o -index-unit-output-path /Pods.build/Debug-iphonesimulator/RNScreens.build/Objects-normal/x86_64/RNSConversions-Stack.o

CompileC /Users/karelbraborec/Library/Developer/Xcode/DerivedData/revmeter-hbcnswmlqmbpnlazhhkncgeowiss/Build/Intermediates.noindex/Pods.build/Debug-iphonesimulator/RNScreens.build/Objects-normal/x86_64/RNSConversions-SplitView.o /Users/karelbraborec/rev-meter/node_modules/react-native-screens/ios/conversion/RNSConversions-SplitView.mm normal x86_64 objective-c++ com.apple.compilers.llvm.clang.1_0.compiler (in target 'RNScreens' from project 'Pods')
    cd /Users/karelbraborec/rev-meter/ios/Pods
    
    Using response file: /Users/karelbraborec/Library/Developer/Xcode/DerivedData/revmeter-hbcnswmlqmbpnlazhhkncgeowiss/Build/Intermediates.noindex/Pods.build/Debug-iphonesimulator/RNScreens.build/Objects-normal/x86_64/af3fcb34312c57c0f52879cdce924b91-common-args.resp
    
    /Applications/Xcode.app/Contents/Developer/Toolchains/XcodeDefault.xctoolchain/usr/bin/clang -x objective-c++ -ivfsstatcache /Users/karelbraborec/Library/Developer/Xcode/DerivedData/SDKStatCaches.noindex/iphonesimulator26.5-23F81a-6cfe768891a92b912361537c460fe42b.sdkstatcache -target x86_64-apple-ios15.1-simulator -fmessage-length\=0 -fdiagnostics-show-note-include-stack -fmacro-backtrace-limit\=0 -fno-color-diagnostics -fmodules-prune-interval\=86400 -fmodules-prune-after\=345600 -fbuild-session-file\=/Users/karelbraborec/Library/Developer/Xcode/DerivedData/ModuleCache.noindex/Session.modulevalidation -fmodules-validate-once-per-build-session -Wnon-modular-include-in-framework-module -Werror\=non-modular-include-in-framework-module -Wno-trigraphs -Wno-missing-field-initializers -Wno-missing-prototypes -Werror\=return-type -Wdocumentation -Wunreachable-code -Wno-implicit-atomic-properties -Werror\=deprecated-objc-isa-usage -Wno-objc-interface-ivars -Werror\=objc-root-class -Wno-arc-repeated-use-of-weak -Wimplicit-retain-self -Wno-non-virtual-dtor -Wno-overloaded-virtual -Wno-exit-time-destructors -Wduplicate-method-match -Wno-missing-braces -Wparentheses -Wswitch -Wunused-function -Wno-unused-label -Wno-unused-parameter -Wunused-variable -Wunused-value -Wempty-body -Wuninitialized -Wconditional-uninitialized -Wno-unknown-pragmas -Wno-shadow -Wno-four-char-constants -Wno-conversion -Wconstant-conversion -Wint-conversion -Wbool-conversion -Wenum-conversion -Wno-float-conversion -Wnon-literal-null-conversion -Wobjc-literal-conversion -Wshorten-64-to-32 -Wno-newline-eof -Wno-selector -Wno-strict-selector-match -Wundeclared-selector -Wdeprecated-implementations -Wno-c++11-extensions -Wno-implicit-fallthrough -isysroot /Applications/Xcode.app/Contents/Developer/Platforms/iPhoneSimulator.platform/Developer/SDKs/iPhoneSimulator26.5.sdk -fstrict-aliasing -Wprotocol -Wdeprecated-declarations -Winvalid-offsetof -Wno-sign-conversion -Winfinite-recursion -Wmove -Wcomma -Wblock-capture-autoreleasing -Wstrict-prototypes -Wrange-loop-analysis -Wno-semicolon-before-method-body -Wunguarded-availability -index-store-path /Users/karelbraborec/Library/Developer/Xcode/DerivedData/revmeter-hbcnswmlqmbpnlazhhkncgeowiss/Index.noindex/DataStore @/Users/karelbraborec/Library/Developer/Xcode/DerivedData/revmeter-hbcnswmlqmbpnlazhhkncgeowiss/Build/Intermediates.noindex/Pods.build/Debug-iphonesimulator/RNScreens.build/Objects-normal/x86_64/af3fcb34312c57c0f52879cdce924b91-common-args.resp -DRCT_NEW_ARCH_ENABLED\=1 -include /Users/karelbraborec/rev-meter/ios/Pods/Target\ Support\ Files/RNScreens/RNScreens-prefix.pch -MMD -MT dependencies -MF /Users/karelbraborec/Library/Developer/Xcode/DerivedData/revmeter-hbcnswmlqmbpnlazhhkncgeowiss/Build/Intermediates.noindex/Pods.build/Debug-iphonesimulator/RNScreens.build/Objects-normal/x86_64/RNSConversions-SplitView.d --serialize-diagnostics /Users/karelbraborec/Library/Developer/Xcode/DerivedData/revmeter-hbcnswmlqmbpnlazhhkncgeowiss/Build/Intermediates.noindex/Pods.build/Debug-iphonesimulator/RNScreens.build/Objects-normal/x86_64/RNSConversions-SplitView.dia -c /Users/karelbraborec/rev-meter/node_modules/react-native-screens/ios/conversion/RNSConversions-SplitView.mm -o /Users/karelbraborec/Library/Developer/Xcode/DerivedData/revmeter-hbcnswmlqmbpnlazhhkncgeowiss/Build/Intermediates.noindex/Pods.build/Debug-iphonesimulator/RNScreens.build/Objects-normal/x86_64/RNSConversions-SplitView.o -index-unit-output-path /Pods.build/Debug-iphonesimulator/RNScreens.build/Objects-normal/x86_64/RNSConversions-SplitView.o

CompileC /Users/karelbraborec/Library/Developer/Xcode/DerivedData/revmeter-hbcnswmlqmbpnlazhhkncgeowiss/Build/Intermediates.noindex/Pods.build/Debug-iphonesimulator/RNScreens.build/Objects-normal/x86_64/RNSConversions-ScrollViewMarker.o /Users/karelbraborec/rev-meter/node_modules/react-native-screens/ios/conversion/RNSConversions-ScrollViewMarker.mm normal x86_64 objective-c++ com.apple.compilers.llvm.clang.1_0.compiler (in target 'RNScreens' from project 'Pods')
    cd /Users/karelbraborec/rev-meter/ios/Pods
    
    Using response file: /Users/karelbraborec/Library/Developer/Xcode/DerivedData/revmeter-hbcnswmlqmbpnlazhhkncgeowiss/Build/Intermediates.noindex/Pods.build/Debug-iphonesimulator/RNScreens.build/Objects-normal/x86_64/af3fcb34312c57c0f52879cdce924b91-common-args.resp
    
    /Applications/Xcode.app/Contents/Developer/Toolchains/XcodeDefault.xctoolchain/usr/bin/clang -x objective-c++ -ivfsstatcache /Users/karelbraborec/Library/Developer/Xcode/DerivedData/SDKStatCaches.noindex/iphonesimulator26.5-23F81a-6cfe768891a92b912361537c460fe42b.sdkstatcache -target x86_64-apple-ios15.1-simulator -fmessage-length\=0 -fdiagnostics-show-note-include-stack -fmacro-backtrace-limit\=0 -fno-color-diagnostics -fmodules-prune-interval\=86400 -fmodules-prune-after\=345600 -fbuild-session-file\=/Users/karelbraborec/Library/Developer/Xcode/DerivedData/ModuleCache.noindex/Session.modulevalidation -fmodules-validate-once-per-build-session -Wnon-modular-include-in-framework-module -Werror\=non-modular-include-in-framework-module -Wno-trigraphs -Wno-missing-field-initializers -Wno-missing-prototypes -Werror\=return-type -Wdocumentation -Wunreachable-code -Wno-implicit-atomic-properties -Werror\=deprecated-objc-isa-usage -Wno-objc-interface-ivars -Werror\=objc-root-class -Wno-arc-repeated-use-of-weak -Wimplicit-retain-self -Wno-non-virtual-dtor -Wno-overloaded-virtual -Wno-exit-time-destructors -Wduplicate-method-match -Wno-missing-braces -Wparentheses -Wswitch -Wunused-function -Wno-unused-label -Wno-unused-parameter -Wunused-variable -Wunused-value -Wempty-body -Wuninitialized -Wconditional-uninitialized -Wno-unknown-pragmas -Wno-shadow -Wno-four-char-constants -Wno-conversion -Wconstant-conversion -Wint-conversion -Wbool-conversion -Wenum-conversion -Wno-float-conversion -Wnon-literal-null-conversion -Wobjc-literal-conversion -Wshorten-64-to-32 -Wno-newline-eof -Wno-selector -Wno-strict-selector-match -Wundeclared-selector -Wdeprecated-implementations -Wno-c++11-extensions -Wno-implicit-fallthrough -isysroot /Applications/Xcode.app/Contents/Developer/Platforms/iPhoneSimulator.platform/Developer/SDKs/iPhoneSimulator26.5.sdk -fstrict-aliasing -Wprotocol -Wdeprecated-declarations -Winvalid-offsetof -Wno-sign-conversion -Winfinite-recursion -Wmove -Wcomma -Wblock-capture-autoreleasing -Wstrict-prototypes -Wrange-loop-analysis -Wno-semicolon-before-method-body -Wunguarded-availability -index-store-path /Users/karelbraborec/Library/Developer/Xcode/DerivedData/revmeter-hbcnswmlqmbpnlazhhkncgeowiss/Index.noindex/DataStore @/Users/karelbraborec/Library/Developer/Xcode/DerivedData/revmeter-hbcnswmlqmbpnlazhhkncgeowiss/Build/Intermediates.noindex/Pods.build/Debug-iphonesimulator/RNScreens.build/Objects-normal/x86_64/af3fcb34312c57c0f52879cdce924b91-common-args.resp -DRCT_NEW_ARCH_ENABLED\=1 -include /Users/karelbraborec/rev-meter/ios/Pods/Target\ Support\ Files/RNScreens/RNScreens-prefix.pch -MMD -MT dependencies -MF /Users/karelbraborec/Library/Developer/Xcode/DerivedData/revmeter-hbcnswmlqmbpnlazhhkncgeowiss/Build/Intermediates.noindex/Pods.build/Debug-iphonesimulator/RNScreens.build/Objects-normal/x86_64/RNSConversions-ScrollViewMarker.d --serialize-diagnostics /Users/karelbraborec/Library/Developer/Xcode/DerivedData/revmeter-hbcnswmlqmbpnlazhhkncgeowiss/Build/Intermediates.noindex/Pods.build/Debug-iphonesimulator/RNScreens.build/Objects-normal/x86_64/RNSConversions-ScrollViewMarker.dia -c /Users/karelbraborec/rev-meter/node_modules/react-native-screens/ios/conversion/RNSConversions-ScrollViewMarker.mm -o /Users/karelbraborec/Library/Developer/Xcode/DerivedData/revmeter-hbcnswmlqmbpnlazhhkncgeowiss/Build/Intermediates.noindex/Pods.build/Debug-iphonesimulator/RNScreens.build/Objects-normal/x86_64/RNSConversions-ScrollViewMarker.o -index-unit-output-path /Pods.build/Debug-iphonesimulator/RNScreens.build/Objects-normal/x86_64/RNSConversions-ScrollViewMarker.o

CompileC /Users/karelbraborec/Library/Developer/Xcode/DerivedData/revmeter-hbcnswmlqmbpnlazhhkncgeowiss/Build/Intermediates.noindex/Pods.build/Debug-iphonesimulator/RNScreens.build/Objects-normal/x86_64/RNSConversions-Fabric.o /Users/karelbraborec/rev-meter/node_modules/react-native-screens/ios/conversion/RNSConversions-Fabric.mm normal x86_64 objective-c++ com.apple.compilers.llvm.clang.1_0.compiler (in target 'RNScreens' from project 'Pods')
    cd /Users/karelbraborec/rev-meter/ios/Pods
    
    Using response file: /Users/karelbraborec/Library/Developer/Xcode/DerivedData/revmeter-hbcnswmlqmbpnlazhhkncgeowiss/Build/Intermediates.noindex/Pods.build/Debug-iphonesimulator/RNScreens.build/Objects-normal/x86_64/af3fcb34312c57c0f52879cdce924b91-common-args.resp
    
    /Applications/Xcode.app/Contents/Developer/Toolchains/XcodeDefault.xctoolchain/usr/bin/clang -x objective-c++ -ivfsstatcache /Users/karelbraborec/Library/Developer/Xcode/DerivedData/SDKStatCaches.noindex/iphonesimulator26.5-23F81a-6cfe768891a92b912361537c460fe42b.sdkstatcache -target x86_64-apple-ios15.1-simulator -fmessage-length\=0 -fdiagnostics-show-note-include-stack -fmacro-backtrace-limit\=0 -fno-color-diagnostics -fmodules-prune-interval\=86400 -fmodules-prune-after\=345600 -fbuild-session-file\=/Users/karelbraborec/Library/Developer/Xcode/DerivedData/ModuleCache.noindex/Session.modulevalidation -fmodules-validate-once-per-build-session -Wnon-modular-include-in-framework-module -Werror\=non-modular-include-in-framework-module -Wno-trigraphs -Wno-missing-field-initializers -Wno-missing-prototypes -Werror\=return-type -Wdocumentation -Wunreachable-code -Wno-implicit-atomic-properties -Werror\=deprecated-objc-isa-usage -Wno-objc-interface-ivars -Werror\=objc-root-class -Wno-arc-repeated-use-of-weak -Wimplicit-retain-self -Wno-non-virtual-dtor -Wno-overloaded-virtual -Wno-exit-time-destructors -Wduplicate-method-match -Wno-missing-braces -Wparentheses -Wswitch -Wunused-function -Wno-unused-label -Wno-unused-parameter -Wunused-variable -Wunused-value -Wempty-body -Wuninitialized -Wconditional-uninitialized -Wno-unknown-pragmas -Wno-shadow -Wno-four-char-constants -Wno-conversion -Wconstant-conversion -Wint-conversion -Wbool-conversion -Wenum-conversion -Wno-float-conversion -Wnon-literal-null-conversion -Wobjc-literal-conversion -Wshorten-64-to-32 -Wno-newline-eof -Wno-selector -Wno-strict-selector-match -Wundeclared-selector -Wdeprecated-implementations -Wno-c++11-extensions -Wno-implicit-fallthrough -isysroot /Applications/Xcode.app/Contents/Developer/Platforms/iPhoneSimulator.platform/Developer/SDKs/iPhoneSimulator26.5.sdk -fstrict-aliasing -Wprotocol -Wdeprecated-declarations -Winvalid-offsetof -Wno-sign-conversion -Winfinite-recursion -Wmove -Wcomma -Wblock-capture-autoreleasing -Wstrict-prototypes -Wrange-loop-analysis -Wno-semicolon-before-method-body -Wunguarded-availability -index-store-path /Users/karelbraborec/Library/Developer/Xcode/DerivedData/revmeter-hbcnswmlqmbpnlazhhkncgeowiss/Index.noindex/DataStore @/Users/karelbraborec/Library/Developer/Xcode/DerivedData/revmeter-hbcnswmlqmbpnlazhhkncgeowiss/Build/Intermediates.noindex/Pods.build/Debug-iphonesimulator/RNScreens.build/Objects-normal/x86_64/af3fcb34312c57c0f52879cdce924b91-common-args.resp -DRCT_NEW_ARCH_ENABLED\=1 -include /Users/karelbraborec/rev-meter/ios/Pods/Target\ Support\ Files/RNScreens/RNScreens-prefix.pch -MMD -MT dependencies -MF /Users/karelbraborec/Library/Developer/Xcode/DerivedData/revmeter-hbcnswmlqmbpnlazhhkncgeowiss/Build/Intermediates.noindex/Pods.build/Debug-iphonesimulator/RNScreens.build/Objects-normal/x86_64/RNSConversions-Fabric.d --serialize-diagnostics /Users/karelbraborec/Library/Developer/Xcode/DerivedData/revmeter-hbcnswmlqmbpnlazhhkncgeowiss/Build/Intermediates.noindex/Pods.build/Debug-iphonesimulator/RNScreens.build/Objects-normal/x86_64/RNSConversions-Fabric.dia -c /Users/karelbraborec/rev-meter/node_modules/react-native-screens/ios/conversion/RNSConversions-Fabric.mm -o /Users/karelbraborec/Library/Developer/Xcode/DerivedData/revmeter-hbcnswmlqmbpnlazhhkncgeowiss/Build/Intermediates.noindex/Pods.build/Debug-iphonesimulator/RNScreens.build/Objects-normal/x86_64/RNSConversions-Fabric.o -index-unit-output-path /Pods.build/Debug-iphonesimulator/RNScreens.build/Objects-normal/x86_64/RNSConversions-Fabric.o

CompileC /Users/karelbraborec/Library/Developer/Xcode/DerivedData/revmeter-hbcnswmlqmbpnlazhhkncgeowiss/Build/Intermediates.noindex/Pods.build/Debug-iphonesimulator/RNScreens.build/Objects-normal/x86_64/RNSContainerItemSupport.o /Users/karelbraborec/rev-meter/node_modules/react-native-screens/ios/helpers/container/RNSContainerItemSupport.mm normal x86_64 objective-c++ com.apple.compilers.llvm.clang.1_0.compiler (in target 'RNScreens' from project 'Pods')
    cd /Users/karelbraborec/rev-meter/ios/Pods
    
    Using response file: /Users/karelbraborec/Library/Developer/Xcode/DerivedData/revmeter-hbcnswmlqmbpnlazhhkncgeowiss/Build/Intermediates.noindex/Pods.build/Debug-iphonesimulator/RNScreens.build/Objects-normal/x86_64/af3fcb34312c57c0f52879cdce924b91-common-args.resp
    
    /Applications/Xcode.app/Contents/Developer/Toolchains/XcodeDefault.xctoolchain/usr/bin/clang -x objective-c++ -ivfsstatcache /Users/karelbraborec/Library/Developer/Xcode/DerivedData/SDKStatCaches.noindex/iphonesimulator26.5-23F81a-6cfe768891a92b912361537c460fe42b.sdkstatcache -target x86_64-apple-ios15.1-simulator -fmessage-length\=0 -fdiagnostics-show-note-include-stack -fmacro-backtrace-limit\=0 -fno-color-diagnostics -fmodules-prune-interval\=86400 -fmodules-prune-after\=345600 -fbuild-session-file\=/Users/karelbraborec/Library/Developer/Xcode/DerivedData/ModuleCache.noindex/Session.modulevalidation -fmodules-validate-once-per-build-session -Wnon-modular-include-in-framework-module -Werror\=non-modular-include-in-framework-module -Wno-trigraphs -Wno-missing-field-initializers -Wno-missing-prototypes -Werror\=return-type -Wdocumentation -Wunreachable-code -Wno-implicit-atomic-properties -Werror\=deprecated-objc-isa-usage -Wno-objc-interface-ivars -Werror\=objc-root-class -Wno-arc-repeated-use-of-weak -Wimplicit-retain-self -Wno-non-virtual-dtor -Wno-overloaded-virtual -Wno-exit-time-destructors -Wduplicate-method-match -Wno-missing-braces -Wparentheses -Wswitch -Wunused-function -Wno-unused-label -Wno-unused-parameter -Wunused-variable -Wunused-value -Wempty-body -Wuninitialized -Wconditional-uninitialized -Wno-unknown-pragmas -Wno-shadow -Wno-four-char-constants -Wno-conversion -Wconstant-conversion -Wint-conversion -Wbool-conversion -Wenum-conversion -Wno-float-conversion -Wnon-literal-null-conversion -Wobjc-literal-conversion -Wshorten-64-to-32 -Wno-newline-eof -Wno-selector -Wno-strict-selector-match -Wundeclared-selector -Wdeprecated-implementations -Wno-c++11-extensions -Wno-implicit-fallthrough -isysroot /Applications/Xcode.app/Contents/Developer/Platforms/iPhoneSimulator.platform/Developer/SDKs/iPhoneSimulator26.5.sdk -fstrict-aliasing -Wprotocol -Wdeprecated-declarations -Winvalid-offsetof -Wno-sign-conversion -Winfinite-recursion -Wmove -Wcomma -Wblock-capture-autoreleasing -Wstrict-prototypes -Wrange-loop-analysis -Wno-semicolon-before-method-body -Wunguarded-availability -index-store-path /Users/karelbraborec/Library/Developer/Xcode/DerivedData/revmeter-hbcnswmlqmbpnlazhhkncgeowiss/Index.noindex/DataStore @/Users/karelbraborec/Library/Developer/Xcode/DerivedData/revmeter-hbcnswmlqmbpnlazhhkncgeowiss/Build/Intermediates.noindex/Pods.build/Debug-iphonesimulator/RNScreens.build/Objects-normal/x86_64/af3fcb34312c57c0f52879cdce924b91-common-args.resp -DRCT_NEW_ARCH_ENABLED\=1 -include /Users/karelbraborec/rev-meter/ios/Pods/Target\ Support\ Files/RNScreens/RNScreens-prefix.pch -MMD -MT dependencies -MF /Users/karelbraborec/Library/Developer/Xcode/DerivedData/revmeter-hbcnswmlqmbpnlazhhkncgeowiss/Build/Intermediates.noindex/Pods.build/Debug-iphonesimulator/RNScreens.build/Objects-normal/x86_64/RNSContainerItemSupport.d --serialize-diagnostics /Users/karelbraborec/Library/Developer/Xcode/DerivedData/revmeter-hbcnswmlqmbpnlazhhkncgeowiss/Build/Intermediates.noindex/Pods.build/Debug-iphonesimulator/RNScreens.build/Objects-normal/x86_64/RNSContainerItemSupport.dia -c /Users/karelbraborec/rev-meter/node_modules/react-native-screens/ios/helpers/container/RNSContainerItemSupport.mm -o /Users/karelbraborec/Library/Developer/Xcode/DerivedData/revmeter-hbcnswmlqmbpnlazhhkncgeowiss/Build/Intermediates.noindex/Pods.build/Debug-iphonesimulator/RNScreens.build/Objects-normal/x86_64/RNSContainerItemSupport.o -index-unit-output-path /Pods.build/Debug-iphonesimulator/RNScreens.build/Objects-normal/x86_64/RNSContainerItemSupport.o

CompileC /Users/karelbraborec/Library/Developer/Xcode/DerivedData/revmeter-hbcnswmlqmbpnlazhhkncgeowiss/Build/Intermediates.noindex/Pods.build/Debug-iphonesimulator/RNScreens.build/Objects-normal/x86_64/RNSContainerHelpers.o /Users/karelbraborec/rev-meter/node_modules/react-native-screens/ios/helpers/container/RNSContainerHelpers.mm normal x86_64 objective-c++ com.apple.compilers.llvm.clang.1_0.compiler (in target 'RNScreens' from project 'Pods')
    cd /Users/karelbraborec/rev-meter/ios/Pods
    
    Using response file: /Users/karelbraborec/Library/Developer/Xcode/DerivedData/revmeter-hbcnswmlqmbpnlazhhkncgeowiss/Build/Intermediates.noindex/Pods.build/Debug-iphonesimulator/RNScreens.build/Objects-normal/x86_64/af3fcb34312c57c0f52879cdce924b91-common-args.resp
    
    /Applications/Xcode.app/Contents/Developer/Toolchains/XcodeDefault.xctoolchain/usr/bin/clang -x objective-c++ -ivfsstatcache /Users/karelbraborec/Library/Developer/Xcode/DerivedData/SDKStatCaches.noindex/iphonesimulator26.5-23F81a-6cfe768891a92b912361537c460fe42b.sdkstatcache -target x86_64-apple-ios15.1-simulator -fmessage-length\=0 -fdiagnostics-show-note-include-stack -fmacro-backtrace-limit\=0 -fno-color-diagnostics -fmodules-prune-interval\=86400 -fmodules-prune-after\=345600 -fbuild-session-file\=/Users/karelbraborec/Library/Developer/Xcode/DerivedData/ModuleCache.noindex/Session.modulevalidation -fmodules-validate-once-per-build-session -Wnon-modular-include-in-framework-module -Werror\=non-modular-include-in-framework-module -Wno-trigraphs -Wno-missing-field-initializers -Wno-missing-prototypes -Werror\=return-type -Wdocumentation -Wunreachable-code -Wno-implicit-atomic-properties -Werror\=deprecated-objc-isa-usage -Wno-objc-interface-ivars -Werror\=objc-root-class -Wno-arc-repeated-use-of-weak -Wimplicit-retain-self -Wno-non-virtual-dtor -Wno-overloaded-virtual -Wno-exit-time-destructors -Wduplicate-method-match -Wno-missing-braces -Wparentheses -Wswitch -Wunused-function -Wno-unused-label -Wno-unused-parameter -Wunused-variable -Wunused-value -Wempty-body -Wuninitialized -Wconditional-uninitialized -Wno-unknown-pragmas -Wno-shadow -Wno-four-char-constants -Wno-conversion -Wconstant-conversion -Wint-conversion -Wbool-conversion -Wenum-conversion -Wno-float-conversion -Wnon-literal-null-conversion -Wobjc-literal-conversion -Wshorten-64-to-32 -Wno-newline-eof -Wno-selector -Wno-strict-selector-match -Wundeclared-selector -Wdeprecated-implementations -Wno-c++11-extensions -Wno-implicit-fallthrough -isysroot /Applications/Xcode.app/Contents/Developer/Platforms/iPhoneSimulator.platform/Developer/SDKs/iPhoneSimulator26.5.sdk -fstrict-aliasing -Wprotocol -Wdeprecated-declarations -Winvalid-offsetof -Wno-sign-conversion -Winfinite-recursion -Wmove -Wcomma -Wblock-capture-autoreleasing -Wstrict-prototypes -Wrange-loop-analysis -Wno-semicolon-before-method-body -Wunguarded-availability -index-store-path /Users/karelbraborec/Library/Developer/Xcode/DerivedData/revmeter-hbcnswmlqmbpnlazhhkncgeowiss/Index.noindex/DataStore @/Users/karelbraborec/Library/Developer/Xcode/DerivedData/revmeter-hbcnswmlqmbpnlazhhkncgeowiss/Build/Intermediates.noindex/Pods.build/Debug-iphonesimulator/RNScreens.build/Objects-normal/x86_64/af3fcb34312c57c0f52879cdce924b91-common-args.resp -DRCT_NEW_ARCH_ENABLED\=1 -include /Users/karelbraborec/rev-meter/ios/Pods/Target\ Support\ Files/RNScreens/RNScreens-prefix.pch -MMD -MT dependencies -MF /Users/karelbraborec/Library/Developer/Xcode/DerivedData/revmeter-hbcnswmlqmbpnlazhhkncgeowiss/Build/Intermediates.noindex/Pods.build/Debug-iphonesimulator/RNScreens.build/Objects-normal/x86_64/RNSContainerHelpers.d --serialize-diagnostics /Users/karelbraborec/Library/Developer/Xcode/DerivedData/revmeter-hbcnswmlqmbpnlazhhkncgeowiss/Build/Intermediates.noindex/Pods.build/Debug-iphonesimulator/RNScreens.build/Objects-normal/x86_64/RNSContainerHelpers.dia -c /Users/karelbraborec/rev-meter/node_modules/react-native-screens/ios/helpers/container/RNSContainerHelpers.mm -o /Users/karelbraborec/Library/Developer/Xcode/DerivedData/revmeter-hbcnswmlqmbpnlazhhkncgeowiss/Build/Intermediates.noindex/Pods.build/Debug-iphonesimulator/RNScreens.build/Objects-normal/x86_64/RNSContainerHelpers.o -index-unit-output-path /Pods.build/Debug-iphonesimulator/RNScreens.build/Objects-normal/x86_64/RNSContainerHelpers.o

CompileC /Users/karelbraborec/Library/Developer/Xcode/DerivedData/revmeter-hbcnswmlqmbpnlazhhkncgeowiss/Build/Intermediates.noindex/Pods.build/Debug-iphonesimulator/RNScreens.build/Objects-normal/x86_64/RNSBarButtonItem.o /Users/karelbraborec/rev-meter/node_modules/react-native-screens/ios/RNSBarButtonItem.mm normal x86_64 objective-c++ com.apple.compilers.llvm.clang.1_0.compiler (in target 'RNScreens' from project 'Pods')
    cd /Users/karelbraborec/rev-meter/ios/Pods
    
    Using response file: /Users/karelbraborec/Library/Developer/Xcode/DerivedData/revmeter-hbcnswmlqmbpnlazhhkncgeowiss/Build/Intermediates.noindex/Pods.build/Debug-iphonesimulator/RNScreens.build/Objects-normal/x86_64/af3fcb34312c57c0f52879cdce924b91-common-args.resp
    
    /Applications/Xcode.app/Contents/Developer/Toolchains/XcodeDefault.xctoolchain/usr/bin/clang -x objective-c++ -ivfsstatcache /Users/karelbraborec/Library/Developer/Xcode/DerivedData/SDKStatCaches.noindex/iphonesimulator26.5-23F81a-6cfe768891a92b912361537c460fe42b.sdkstatcache -target x86_64-apple-ios15.1-simulator -fmessage-length\=0 -fdiagnostics-show-note-include-stack -fmacro-backtrace-limit\=0 -fno-color-diagnostics -fmodules-prune-interval\=86400 -fmodules-prune-after\=345600 -fbuild-session-file\=/Users/karelbraborec/Library/Developer/Xcode/DerivedData/ModuleCache.noindex/Session.modulevalidation -fmodules-validate-once-per-build-session -Wnon-modular-include-in-framework-module -Werror\=non-modular-include-in-framework-module -Wno-trigraphs -Wno-missing-field-initializers -Wno-missing-prototypes -Werror\=return-type -Wdocumentation -Wunreachable-code -Wno-implicit-atomic-properties -Werror\=deprecated-objc-isa-usage -Wno-objc-interface-ivars -Werror\=objc-root-class -Wno-arc-repeated-use-of-weak -Wimplicit-retain-self -Wno-non-virtual-dtor -Wno-overloaded-virtual -Wno-exit-time-destructors -Wduplicate-method-match -Wno-missing-braces -Wparentheses -Wswitch -Wunused-function -Wno-unused-label -Wno-unused-parameter -Wunused-variable -Wunused-value -Wempty-body -Wuninitialized -Wconditional-uninitialized -Wno-unknown-pragmas -Wno-shadow -Wno-four-char-constants -Wno-conversion -Wconstant-conversion -Wint-conversion -Wbool-conversion -Wenum-conversion -Wno-float-conversion -Wnon-literal-null-conversion -Wobjc-literal-conversion -Wshorten-64-to-32 -Wno-newline-eof -Wno-selector -Wno-strict-selector-match -Wundeclared-selector -Wdeprecated-implementations -Wno-c++11-extensions -Wno-implicit-fallthrough -isysroot /Applications/Xcode.app/Contents/Developer/Platforms/iPhoneSimulator.platform/Developer/SDKs/iPhoneSimulator26.5.sdk -fstrict-aliasing -Wprotocol -Wdeprecated-declarations -Winvalid-offsetof -Wno-sign-conversion -Winfinite-recursion -Wmove -Wcomma -Wblock-capture-autoreleasing -Wstrict-prototypes -Wrange-loop-analysis -Wno-semicolon-before-method-body -Wunguarded-availability -index-store-path /Users/karelbraborec/Library/Developer/Xcode/DerivedData/revmeter-hbcnswmlqmbpnlazhhkncgeowiss/Index.noindex/DataStore @/Users/karelbraborec/Library/Developer/Xcode/DerivedData/revmeter-hbcnswmlqmbpnlazhhkncgeowiss/Build/Intermediates.noindex/Pods.build/Debug-iphonesimulator/RNScreens.build/Objects-normal/x86_64/af3fcb34312c57c0f52879cdce924b91-common-args.resp -DRCT_NEW_ARCH_ENABLED\=1 -include /Users/karelbraborec/rev-meter/ios/Pods/Target\ Support\ Files/RNScreens/RNScreens-prefix.pch -MMD -MT dependencies -MF /Users/karelbraborec/Library/Developer/Xcode/DerivedData/revmeter-hbcnswmlqmbpnlazhhkncgeowiss/Build/Intermediates.noindex/Pods.build/Debug-iphonesimulator/RNScreens.build/Objects-normal/x86_64/RNSBarButtonItem.d --serialize-diagnostics /Users/karelbraborec/Library/Developer/Xcode/DerivedData/revmeter-hbcnswmlqmbpnlazhhkncgeowiss/Build/Intermediates.noindex/Pods.build/Debug-iphonesimulator/RNScreens.build/Objects-normal/x86_64/RNSBarButtonItem.dia -c /Users/karelbraborec/rev-meter/node_modules/react-native-screens/ios/RNSBarButtonItem.mm -o /Users/karelbraborec/Library/Developer/Xcode/DerivedData/revmeter-hbcnswmlqmbpnlazhhkncgeowiss/Build/Intermediates.noindex/Pods.build/Debug-iphonesimulator/RNScreens.build/Objects-normal/x86_64/RNSBarButtonItem.o -index-unit-output-path /Pods.build/Debug-iphonesimulator/RNScreens.build/Objects-normal/x86_64/RNSBarButtonItem.o

CompileC /Users/karelbraborec/Library/Developer/Xcode/DerivedData/revmeter-hbcnswmlqmbpnlazhhkncgeowiss/Build/Intermediates.noindex/Pods.build/Debug-iphonesimulator/RNScreens.build/Objects-normal/x86_64/RNSBackBarButtonItem.o /Users/karelbraborec/rev-meter/node_modules/react-native-screens/ios/utils/RNSBackBarButtonItem.mm normal x86_64 objective-c++ com.apple.compilers.llvm.clang.1_0.compiler (in target 'RNScreens' from project 'Pods')
    cd /Users/karelbraborec/rev-meter/ios/Pods
    
    Using response file: /Users/karelbraborec/Library/Developer/Xcode/DerivedData/revmeter-hbcnswmlqmbpnlazhhkncgeowiss/Build/Intermediates.noindex/Pods.build/Debug-iphonesimulator/RNScreens.build/Objects-normal/x86_64/af3fcb34312c57c0f52879cdce924b91-common-args.resp
    
    /Applications/Xcode.app/Contents/Developer/Toolchains/XcodeDefault.xctoolchain/usr/bin/clang -x objective-c++ -ivfsstatcache /Users/karelbraborec/Library/Developer/Xcode/DerivedData/SDKStatCaches.noindex/iphonesimulator26.5-23F81a-6cfe768891a92b912361537c460fe42b.sdkstatcache -target x86_64-apple-ios15.1-simulator -fmessage-length\=0 -fdiagnostics-show-note-include-stack -fmacro-backtrace-limit\=0 -fno-color-diagnostics -fmodules-prune-interval\=86400 -fmodules-prune-after\=345600 -fbuild-session-file\=/Users/karelbraborec/Library/Developer/Xcode/DerivedData/ModuleCache.noindex/Session.modulevalidation -fmodules-validate-once-per-build-session -Wnon-modular-include-in-framework-module -Werror\=non-modular-include-in-framework-module -Wno-trigraphs -Wno-missing-field-initializers -Wno-missing-prototypes -Werror\=return-type -Wdocumentation -Wunreachable-code -Wno-implicit-atomic-properties -Werror\=deprecated-objc-isa-usage -Wno-objc-interface-ivars -Werror\=objc-root-class -Wno-arc-repeated-use-of-weak -Wimplicit-retain-self -Wno-non-virtual-dtor -Wno-overloaded-virtual -Wno-exit-time-destructors -Wduplicate-method-match -Wno-missing-braces -Wparentheses -Wswitch -Wunused-function -Wno-unused-label -Wno-unused-parameter -Wunused-variable -Wunused-value -Wempty-body -Wuninitialized -Wconditional-uninitialized -Wno-unknown-pragmas -Wno-shadow -Wno-four-char-constants -Wno-conversion -Wconstant-conversion -Wint-conversion -Wbool-conversion -Wenum-conversion -Wno-float-conversion -Wnon-literal-null-conversion -Wobjc-literal-conversion -Wshorten-64-to-32 -Wno-newline-eof -Wno-selector -Wno-strict-selector-match -Wundeclared-selector -Wdeprecated-implementations -Wno-c++11-extensions -Wno-implicit-fallthrough -isysroot /Applications/Xcode.app/Contents/Developer/Platforms/iPhoneSimulator.platform/Developer/SDKs/iPhoneSimulator26.5.sdk -fstrict-aliasing -Wprotocol -Wdeprecated-declarations -Winvalid-offsetof -Wno-sign-conversion -Winfinite-recursion -Wmove -Wcomma -Wblock-capture-autoreleasing -Wstrict-prototypes -Wrange-loop-analysis -Wno-semicolon-before-method-body -Wunguarded-availability -index-store-path /Users/karelbraborec/Library/Developer/Xcode/DerivedData/revmeter-hbcnswmlqmbpnlazhhkncgeowiss/Index.noindex/DataStore @/Users/karelbraborec/Library/Developer/Xcode/DerivedData/revmeter-hbcnswmlqmbpnlazhhkncgeowiss/Build/Intermediates.noindex/Pods.build/Debug-iphonesimulator/RNScreens.build/Objects-normal/x86_64/af3fcb34312c57c0f52879cdce924b91-common-args.resp -DRCT_NEW_ARCH_ENABLED\=1 -include /Users/karelbraborec/rev-meter/ios/Pods/Target\ Support\ Files/RNScreens/RNScreens-prefix.pch -MMD -MT dependencies -MF /Users/karelbraborec/Library/Developer/Xcode/DerivedData/revmeter-hbcnswmlqmbpnlazhhkncgeowiss/Build/Intermediates.noindex/Pods.build/Debug-iphonesimulator/RNScreens.build/Objects-normal/x86_64/RNSBackBarButtonItem.d --serialize-diagnostics /Users/karelbraborec/Library/Developer/Xcode/DerivedData/revmeter-hbcnswmlqmbpnlazhhkncgeowiss/Build/Intermediates.noindex/Pods.build/Debug-iphonesimulator/RNScreens.build/Objects-normal/x86_64/RNSBackBarButtonItem.dia -c /Users/karelbraborec/rev-meter/node_modules/react-native-screens/ios/utils/RNSBackBarButtonItem.mm -o /Users/karelbraborec/Library/Developer/Xcode/DerivedData/revmeter-hbcnswmlqmbpnlazhhkncgeowiss/Build/Intermediates.noindex/Pods.build/Debug-iphonesimulator/RNScreens.build/Objects-normal/x86_64/RNSBackBarButtonItem.o -index-unit-output-path /Pods.build/Debug-iphonesimulator/RNScreens.build/Objects-normal/x86_64/RNSBackBarButtonItem.o

CompileC /Users/karelbraborec/Library/Developer/Xcode/DerivedData/revmeter-hbcnswmlqmbpnlazhhkncgeowiss/Build/Intermediates.noindex/Pods.build/Debug-iphonesimulator/RNScreens.build/Objects-normal/x86_64/RCTSurfaceTouchHandler+RNSUtility.o /Users/karelbraborec/rev-meter/node_modules/react-native-screens/ios/utils/RCTSurfaceTouchHandler+RNSUtility.mm normal x86_64 objective-c++ com.apple.compilers.llvm.clang.1_0.compiler (in target 'RNScreens' from project 'Pods')
    cd /Users/karelbraborec/rev-meter/ios/Pods
    
    Using response file: /Users/karelbraborec/Library/Developer/Xcode/DerivedData/revmeter-hbcnswmlqmbpnlazhhkncgeowiss/Build/Intermediates.noindex/Pods.build/Debug-iphonesimulator/RNScreens.build/Objects-normal/x86_64/af3fcb34312c57c0f52879cdce924b91-common-args.resp
    
    /Applications/Xcode.app/Contents/Developer/Toolchains/XcodeDefault.xctoolchain/usr/bin/clang -x objective-c++ -ivfsstatcache /Users/karelbraborec/Library/Developer/Xcode/DerivedData/SDKStatCaches.noindex/iphonesimulator26.5-23F81a-6cfe768891a92b912361537c460fe42b.sdkstatcache -target x86_64-apple-ios15.1-simulator -fmessage-length\=0 -fdiagnostics-show-note-include-stack -fmacro-backtrace-limit\=0 -fno-color-diagnostics -fmodules-prune-interval\=86400 -fmodules-prune-after\=345600 -fbuild-session-file\=/Users/karelbraborec/Library/Developer/Xcode/DerivedData/ModuleCache.noindex/Session.modulevalidation -fmodules-validate-once-per-build-session -Wnon-modular-include-in-framework-module -Werror\=non-modular-include-in-framework-module -Wno-trigraphs -Wno-missing-field-initializers -Wno-missing-prototypes -Werror\=return-type -Wdocumentation -Wunreachable-code -Wno-implicit-atomic-properties -Werror\=deprecated-objc-isa-usage -Wno-objc-interface-ivars -Werror\=objc-root-class -Wno-arc-repeated-use-of-weak -Wimplicit-retain-self -Wno-non-virtual-dtor -Wno-overloaded-virtual -Wno-exit-time-destructors -Wduplicate-method-match -Wno-missing-braces -Wparentheses -Wswitch -Wunused-function -Wno-unused-label -Wno-unused-parameter -Wunused-variable -Wunused-value -Wempty-body -Wuninitialized -Wconditional-uninitialized -Wno-unknown-pragmas -Wno-shadow -Wno-four-char-constants -Wno-conversion -Wconstant-conversion -Wint-conversion -Wbool-conversion -Wenum-conversion -Wno-float-conversion -Wnon-literal-null-conversion -Wobjc-literal-conversion -Wshorten-64-to-32 -Wno-newline-eof -Wno-selector -Wno-strict-selector-match -Wundeclared-selector -Wdeprecated-implementations -Wno-c++11-extensions -Wno-implicit-fallthrough -isysroot /Applications/Xcode.app/Contents/Developer/Platforms/iPhoneSimulator.platform/Developer/SDKs/iPhoneSimulator26.5.sdk -fstrict-aliasing -Wprotocol -Wdeprecated-declarations -Winvalid-offsetof -Wno-sign-conversion -Winfinite-recursion -Wmove -Wcomma -Wblock-capture-autoreleasing -Wstrict-prototypes -Wrange-loop-analysis -Wno-semicolon-before-method-body -Wunguarded-availability -index-store-path /Users/karelbraborec/Library/Developer/Xcode/DerivedData/revmeter-hbcnswmlqmbpnlazhhkncgeowiss/Index.noindex/DataStore @/Users/karelbraborec/Library/Developer/Xcode/DerivedData/revmeter-hbcnswmlqmbpnlazhhkncgeowiss/Build/Intermediates.noindex/Pods.build/Debug-iphonesimulator/RNScreens.build/Objects-normal/x86_64/af3fcb34312c57c0f52879cdce924b91-common-args.resp -DRCT_NEW_ARCH_ENABLED\=1 -include /Users/karelbraborec/rev-meter/ios/Pods/Target\ Support\ Files/RNScreens/RNScreens-prefix.pch -MMD -MT dependencies -MF /Users/karelbraborec/Library/Developer/Xcode/DerivedData/revmeter-hbcnswmlqmbpnlazhhkncgeowiss/Build/Intermediates.noindex/Pods.build/Debug-iphonesimulator/RNScreens.build/Objects-normal/x86_64/RCTSurfaceTouchHandler+RNSUtility.d --serialize-diagnostics /Users/karelbraborec/Library/Developer/Xcode/DerivedData/revmeter-hbcnswmlqmbpnlazhhkncgeowiss/Build/Intermediates.noindex/Pods.build/Debug-iphonesimulator/RNScreens.build/Objects-normal/x86_64/RCTSurfaceTouchHandler+RNSUtility.dia -c /Users/karelbraborec/rev-meter/node_modules/react-native-screens/ios/utils/RCTSurfaceTouchHandler+RNSUtility.mm -o /Users/karelbraborec/Library/Developer/Xcode/DerivedData/revmeter-hbcnswmlqmbpnlazhhkncgeowiss/Build/Intermediates.noindex/Pods.build/Debug-iphonesimulator/RNScreens.build/Objects-normal/x86_64/RCTSurfaceTouchHandler+RNSUtility.o -index-unit-output-path /Pods.build/Debug-iphonesimulator/RNScreens.build/Objects-normal/x86_64/RCTSurfaceTouchHandler+RNSUtility.o

CompileC /Users/karelbraborec/Library/Developer/Xcode/DerivedData/revmeter-hbcnswmlqmbpnlazhhkncgeowiss/Build/Intermediates.noindex/Pods.build/Debug-iphonesimulator/RNScreens.build/Objects-normal/x86_64/RCTImageComponentView+RNSScreenStackHeaderConfig.o /Users/karelbraborec/rev-meter/node_modules/react-native-screens/ios/RCTImageComponentView+RNSScreenStackHeaderConfig.mm normal x86_64 objective-c++ com.apple.compilers.llvm.clang.1_0.compiler (in target 'RNScreens' from project 'Pods')
    cd /Users/karelbraborec/rev-meter/ios/Pods
    
    Using response file: /Users/karelbraborec/Library/Developer/Xcode/DerivedData/revmeter-hbcnswmlqmbpnlazhhkncgeowiss/Build/Intermediates.noindex/Pods.build/Debug-iphonesimulator/RNScreens.build/Objects-normal/x86_64/af3fcb34312c57c0f52879cdce924b91-common-args.resp
    
    /Applications/Xcode.app/Contents/Developer/Toolchains/XcodeDefault.xctoolchain/usr/bin/clang -x objective-c++ -ivfsstatcache /Users/karelbraborec/Library/Developer/Xcode/DerivedData/SDKStatCaches.noindex/iphonesimulator26.5-23F81a-6cfe768891a92b912361537c460fe42b.sdkstatcache -target x86_64-apple-ios15.1-simulator -fmessage-length\=0 -fdiagnostics-show-note-include-stack -fmacro-backtrace-limit\=0 -fno-color-diagnostics -fmodules-prune-interval\=86400 -fmodules-prune-after\=345600 -fbuild-session-file\=/Users/karelbraborec/Library/Developer/Xcode/DerivedData/ModuleCache.noindex/Session.modulevalidation -fmodules-validate-once-per-build-session -Wnon-modular-include-in-framework-module -Werror\=non-modular-include-in-framework-module -Wno-trigraphs -Wno-missing-field-initializers -Wno-missing-prototypes -Werror\=return-type -Wdocumentation -Wunreachable-code -Wno-implicit-atomic-properties -Werror\=deprecated-objc-isa-usage -Wno-objc-interface-ivars -Werror\=objc-root-class -Wno-arc-repeated-use-of-weak -Wimplicit-retain-self -Wno-non-virtual-dtor -Wno-overloaded-virtual -Wno-exit-time-destructors -Wduplicate-method-match -Wno-missing-braces -Wparentheses -Wswitch -Wunused-function -Wno-unused-label -Wno-unused-parameter -Wunused-variable -Wunused-value -Wempty-body -Wuninitialized -Wconditional-uninitialized -Wno-unknown-pragmas -Wno-shadow -Wno-four-char-constants -Wno-conversion -Wconstant-conversion -Wint-conversion -Wbool-conversion -Wenum-conversion -Wno-float-conversion -Wnon-literal-null-conversion -Wobjc-literal-conversion -Wshorten-64-to-32 -Wno-newline-eof -Wno-selector -Wno-strict-selector-match -Wundeclared-selector -Wdeprecated-implementations -Wno-c++11-extensions -Wno-implicit-fallthrough -isysroot /Applications/Xcode.app/Contents/Developer/Platforms/iPhoneSimulator.platform/Developer/SDKs/iPhoneSimulator26.5.sdk -fstrict-aliasing -Wprotocol -Wdeprecated-declarations -Winvalid-offsetof -Wno-sign-conversion -Winfinite-recursion -Wmove -Wcomma -Wblock-capture-autoreleasing -Wstrict-prototypes -Wrange-loop-analysis -Wno-semicolon-before-method-body -Wunguarded-availability -index-store-path /Users/karelbraborec/Library/Developer/Xcode/DerivedData/revmeter-hbcnswmlqmbpnlazhhkncgeowiss/Index.noindex/DataStore @/Users/karelbraborec/Library/Developer/Xcode/DerivedData/revmeter-hbcnswmlqmbpnlazhhkncgeowiss/Build/Intermediates.noindex/Pods.build/Debug-iphonesimulator/RNScreens.build/Objects-normal/x86_64/af3fcb34312c57c0f52879cdce924b91-common-args.resp -DRCT_NEW_ARCH_ENABLED\=1 -include /Users/karelbraborec/rev-meter/ios/Pods/Target\ Support\ Files/RNScreens/RNScreens-prefix.pch -MMD -MT dependencies -MF /Users/karelbraborec/Library/Developer/Xcode/DerivedData/revmeter-hbcnswmlqmbpnlazhhkncgeowiss/Build/Intermediates.noindex/Pods.build/Debug-iphonesimulator/RNScreens.build/Objects-normal/x86_64/RCTImageComponentView+RNSScreenStackHeaderConfig.d --serialize-diagnostics /Users/karelbraborec/Library/Developer/Xcode/DerivedData/revmeter-hbcnswmlqmbpnlazhhkncgeowiss/Build/Intermediates.noindex/Pods.build/Debug-iphonesimulator/RNScreens.build/Objects-normal/x86_64/RCTImageComponentView+RNSScreenStackHeaderConfig.dia -c /Users/karelbraborec/rev-meter/node_modules/react-native-screens/ios/RCTImageComponentView+RNSScreenStackHeaderConfig.mm -o /Users/karelbraborec/Library/Developer/Xcode/DerivedData/revmeter-hbcnswmlqmbpnlazhhkncgeowiss/Build/Intermediates.noindex/Pods.build/Debug-iphonesimulator/RNScreens.build/Objects-normal/x86_64/RCTImageComponentView+RNSScreenStackHeaderConfig.o -index-unit-output-path /Pods.build/Debug-iphonesimulator/RNScreens.build/Objects-normal/x86_64/RCTImageComponentView+RNSScreenStackHeaderConfig.o

CompileC /Users/karelbraborec/Library/Developer/Xcode/DerivedData/revmeter-hbcnswmlqmbpnlazhhkncgeowiss/Build/Intermediates.noindex/Pods.build/Debug-iphonesimulator/RNScreens.build/Objects-normal/x86_64/RCTConvert+RNSTabs.o /Users/karelbraborec/rev-meter/node_modules/react-native-screens/ios/tabs/RCTConvert+RNSTabs.mm normal x86_64 objective-c++ com.apple.compilers.llvm.clang.1_0.compiler (in target 'RNScreens' from project 'Pods')
    cd /Users/karelbraborec/rev-meter/ios/Pods
    
    Using response file: /Users/karelbraborec/Library/Developer/Xcode/DerivedData/revmeter-hbcnswmlqmbpnlazhhkncgeowiss/Build/Intermediates.noindex/Pods.build/Debug-iphonesimulator/RNScreens.build/Objects-normal/x86_64/af3fcb34312c57c0f52879cdce924b91-common-args.resp
    
    /Applications/Xcode.app/Contents/Developer/Toolchains/XcodeDefault.xctoolchain/usr/bin/clang -x objective-c++ -ivfsstatcache /Users/karelbraborec/Library/Developer/Xcode/DerivedData/SDKStatCaches.noindex/iphonesimulator26.5-23F81a-6cfe768891a92b912361537c460fe42b.sdkstatcache -target x86_64-apple-ios15.1-simulator -fmessage-length\=0 -fdiagnostics-show-note-include-stack -fmacro-backtrace-limit\=0 -fno-color-diagnostics -fmodules-prune-interval\=86400 -fmodules-prune-after\=345600 -fbuild-session-file\=/Users/karelbraborec/Library/Developer/Xcode/DerivedData/ModuleCache.noindex/Session.modulevalidation -fmodules-validate-once-per-build-session -Wnon-modular-include-in-framework-module -Werror\=non-modular-include-in-framework-module -Wno-trigraphs -Wno-missing-field-initializers -Wno-missing-prototypes -Werror\=return-type -Wdocumentation -Wunreachable-code -Wno-implicit-atomic-properties -Werror\=deprecated-objc-isa-usage -Wno-objc-interface-ivars -Werror\=objc-root-class -Wno-arc-repeated-use-of-weak -Wimplicit-retain-self -Wno-non-virtual-dtor -Wno-overloaded-virtual -Wno-exit-time-destructors -Wduplicate-method-match -Wno-missing-braces -Wparentheses -Wswitch -Wunused-function -Wno-unused-label -Wno-unused-parameter -Wunused-variable -Wunused-value -Wempty-body -Wuninitialized -Wconditional-uninitialized -Wno-unknown-pragmas -Wno-shadow -Wno-four-char-constants -Wno-conversion -Wconstant-conversion -Wint-conversion -Wbool-conversion -Wenum-conversion -Wno-float-conversion -Wnon-literal-null-conversion -Wobjc-literal-conversion -Wshorten-64-to-32 -Wno-newline-eof -Wno-selector -Wno-strict-selector-match -Wundeclared-selector -Wdeprecated-implementations -Wno-c++11-extensions -Wno-implicit-fallthrough -isysroot /Applications/Xcode.app/Contents/Developer/Platforms/iPhoneSimulator.platform/Developer/SDKs/iPhoneSimulator26.5.sdk -fstrict-aliasing -Wprotocol -Wdeprecated-declarations -Winvalid-offsetof -Wno-sign-conversion -Winfinite-recursion -Wmove -Wcomma -Wblock-capture-autoreleasing -Wstrict-prototypes -Wrange-loop-analysis -Wno-semicolon-before-method-body -Wunguarded-availability -index-store-path /Users/karelbraborec/Library/Developer/Xcode/DerivedData/revmeter-hbcnswmlqmbpnlazhhkncgeowiss/Index.noindex/DataStore @/Users/karelbraborec/Library/Developer/Xcode/DerivedData/revmeter-hbcnswmlqmbpnlazhhkncgeowiss/Build/Intermediates.noindex/Pods.build/Debug-iphonesimulator/RNScreens.build/Objects-normal/x86_64/af3fcb34312c57c0f52879cdce924b91-common-args.resp -DRCT_NEW_ARCH_ENABLED\=1 -include /Users/karelbraborec/rev-meter/ios/Pods/Target\ Support\ Files/RNScreens/RNScreens-prefix.pch -MMD -MT dependencies -MF /Users/karelbraborec/Library/Developer/Xcode/DerivedData/revmeter-hbcnswmlqmbpnlazhhkncgeowiss/Build/Intermediates.noindex/Pods.build/Debug-iphonesimulator/RNScreens.build/Objects-normal/x86_64/RCTConvert+RNSTabs.d --serialize-diagnostics /Users/karelbraborec/Library/Developer/Xcode/DerivedData/revmeter-hbcnswmlqmbpnlazhhkncgeowiss/Build/Intermediates.noindex/Pods.build/Debug-iphonesimulator/RNScreens.build/Objects-normal/x86_64/RCTConvert+RNSTabs.dia -c /Users/karelbraborec/rev-meter/node_modules/react-native-screens/ios/tabs/RCTConvert+RNSTabs.mm -o /Users/karelbraborec/Library/Developer/Xcode/DerivedData/revmeter-hbcnswmlqmbpnlazhhkncgeowiss/Build/Intermediates.noindex/Pods.build/Debug-iphonesimulator/RNScreens.build/Objects-normal/x86_64/RCTConvert+RNSTabs.o -index-unit-output-path /Pods.build/Debug-iphonesimulator/RNScreens.build/Objects-normal/x86_64/RCTConvert+RNSTabs.o

CompileC /Users/karelbraborec/Library/Developer/Xcode/DerivedData/revmeter-hbcnswmlqmbpnlazhhkncgeowiss/Build/Intermediates.noindex/Pods.build/Debug-iphonesimulator/RNScreens.build/Objects-normal/x86_64/NSString+RNSUtility.o /Users/karelbraborec/rev-meter/node_modules/react-native-screens/ios/utils/NSString+RNSUtility.mm normal x86_64 objective-c++ com.apple.compilers.llvm.clang.1_0.compiler (in target 'RNScreens' from project 'Pods')
    cd /Users/karelbraborec/rev-meter/ios/Pods
    
    Using response file: /Users/karelbraborec/Library/Developer/Xcode/DerivedData/revmeter-hbcnswmlqmbpnlazhhkncgeowiss/Build/Intermediates.noindex/Pods.build/Debug-iphonesimulator/RNScreens.build/Objects-normal/x86_64/af3fcb34312c57c0f52879cdce924b91-common-args.resp
    
    /Applications/Xcode.app/Contents/Developer/Toolchains/XcodeDefault.xctoolchain/usr/bin/clang -x objective-c++ -ivfsstatcache /Users/karelbraborec/Library/Developer/Xcode/DerivedData/SDKStatCaches.noindex/iphonesimulator26.5-23F81a-6cfe768891a92b912361537c460fe42b.sdkstatcache -target x86_64-apple-ios15.1-simulator -fmessage-length\=0 -fdiagnostics-show-note-include-stack -fmacro-backtrace-limit\=0 -fno-color-diagnostics -fmodules-prune-interval\=86400 -fmodules-prune-after\=345600 -fbuild-session-file\=/Users/karelbraborec/Library/Developer/Xcode/DerivedData/ModuleCache.noindex/Session.modulevalidation -fmodules-validate-once-per-build-session -Wnon-modular-include-in-framework-module -Werror\=non-modular-include-in-framework-module -Wno-trigraphs -Wno-missing-field-initializers -Wno-missing-prototypes -Werror\=return-type -Wdocumentation -Wunreachable-code -Wno-implicit-atomic-properties -Werror\=deprecated-objc-isa-usage -Wno-objc-interface-ivars -Werror\=objc-root-class -Wno-arc-repeated-use-of-weak -Wimplicit-retain-self -Wno-non-virtual-dtor -Wno-overloaded-virtual -Wno-exit-time-destructors -Wduplicate-method-match -Wno-missing-braces -Wparentheses -Wswitch -Wunused-function -Wno-unused-label -Wno-unused-parameter -Wunused-variable -Wunused-value -Wempty-body -Wuninitialized -Wconditional-uninitialized -Wno-unknown-pragmas -Wno-shadow -Wno-four-char-constants -Wno-conversion -Wconstant-conversion -Wint-conversion -Wbool-conversion -Wenum-conversion -Wno-float-conversion -Wnon-literal-null-conversion -Wobjc-literal-conversion -Wshorten-64-to-32 -Wno-newline-eof -Wno-selector -Wno-strict-selector-match -Wundeclared-selector -Wdeprecated-implementations -Wno-c++11-extensions -Wno-implicit-fallthrough -isysroot /Applications/Xcode.app/Contents/Developer/Platforms/iPhoneSimulator.platform/Developer/SDKs/iPhoneSimulator26.5.sdk -fstrict-aliasing -Wprotocol -Wdeprecated-declarations -Winvalid-offsetof -Wno-sign-conversion -Winfinite-recursion -Wmove -Wcomma -Wblock-capture-autoreleasing -Wstrict-prototypes -Wrange-loop-analysis -Wno-semicolon-before-method-body -Wunguarded-availability -index-store-path /Users/karelbraborec/Library/Developer/Xcode/DerivedData/revmeter-hbcnswmlqmbpnlazhhkncgeowiss/Index.noindex/DataStore @/Users/karelbraborec/Library/Developer/Xcode/DerivedData/revmeter-hbcnswmlqmbpnlazhhkncgeowiss/Build/Intermediates.noindex/Pods.build/Debug-iphonesimulator/RNScreens.build/Objects-normal/x86_64/af3fcb34312c57c0f52879cdce924b91-common-args.resp -DRCT_NEW_ARCH_ENABLED\=1 -include /Users/karelbraborec/rev-meter/ios/Pods/Target\ Support\ Files/RNScreens/RNScreens-prefix.pch -MMD -MT dependencies -MF /Users/karelbraborec/Library/Developer/Xcode/DerivedData/revmeter-hbcnswmlqmbpnlazhhkncgeowiss/Build/Intermediates.noindex/Pods.build/Debug-iphonesimulator/RNScreens.build/Objects-normal/x86_64/NSString+RNSUtility.d --serialize-diagnostics /Users/karelbraborec/Library/Developer/Xcode/DerivedData/revmeter-hbcnswmlqmbpnlazhhkncgeowiss/Build/Intermediates.noindex/Pods.build/Debug-iphonesimulator/RNScreens.build/Objects-normal/x86_64/NSString+RNSUtility.dia -c /Users/karelbraborec/rev-meter/node_modules/react-native-screens/ios/utils/NSString+RNSUtility.mm -o /Users/karelbraborec/Library/Developer/Xcode/DerivedData/revmeter-hbcnswmlqmbpnlazhhkncgeowiss/Build/Intermediates.noindex/Pods.build/Debug-iphonesimulator/RNScreens.build/Objects-normal/x86_64/NSString+RNSUtility.o -index-unit-output-path /Pods.build/Debug-iphonesimulator/RNScreens.build/Objects-normal/x86_64/NSString+RNSUtility.o

CompileC /Users/karelbraborec/Library/Developer/Xcode/DerivedData/revmeter-hbcnswmlqmbpnlazhhkncgeowiss/Build/Intermediates.noindex/Pods.build/Debug-iphonesimulator/RNScreens.build/Objects-normal/arm64/UIWindow+RNScreens.o /Users/karelbraborec/rev-meter/node_modules/react-native-screens/ios/UIWindow+RNScreens.mm normal arm64 objective-c++ com.apple.compilers.llvm.clang.1_0.compiler (in target 'RNScreens' from project 'Pods')
    cd /Users/karelbraborec/rev-meter/ios/Pods
    
    Using response file: /Users/karelbraborec/Library/Developer/Xcode/DerivedData/revmeter-hbcnswmlqmbpnlazhhkncgeowiss/Build/Intermediates.noindex/Pods.build/Debug-iphonesimulator/RNScreens.build/Objects-normal/arm64/af3fcb34312c57c0f52879cdce924b91-common-args.resp
    
    /Applications/Xcode.app/Contents/Developer/Toolchains/XcodeDefault.xctoolchain/usr/bin/clang -x objective-c++ -ivfsstatcache /Users/karelbraborec/Library/Developer/Xcode/DerivedData/SDKStatCaches.noindex/iphonesimulator26.5-23F81a-6cfe768891a92b912361537c460fe42b.sdkstatcache -target arm64-apple-ios15.1-simulator -fmessage-length\=0 -fdiagnostics-show-note-include-stack -fmacro-backtrace-limit\=0 -fno-color-diagnostics -fmodules-prune-interval\=86400 -fmodules-prune-after\=345600 -fbuild-session-file\=/Users/karelbraborec/Library/Developer/Xcode/DerivedData/ModuleCache.noindex/Session.modulevalidation -fmodules-validate-once-per-build-session -Wnon-modular-include-in-framework-module -Werror\=non-modular-include-in-framework-module -Wno-trigraphs -Wno-missing-field-initializers -Wno-missing-prototypes -Werror\=return-type -Wdocumentation -Wunreachable-code -Wno-implicit-atomic-properties -Werror\=deprecated-objc-isa-usage -Wno-objc-interface-ivars -Werror\=objc-root-class -Wno-arc-repeated-use-of-weak -Wimplicit-retain-self -Wno-non-virtual-dtor -Wno-overloaded-virtual -Wno-exit-time-destructors -Wduplicate-method-match -Wno-missing-braces -Wparentheses -Wswitch -Wunused-function -Wno-unused-label -Wno-unused-parameter -Wunused-variable -Wunused-value -Wempty-body -Wuninitialized -Wconditional-uninitialized -Wno-unknown-pragmas -Wno-shadow -Wno-four-char-constants -Wno-conversion -Wconstant-conversion -Wint-conversion -Wbool-conversion -Wenum-conversion -Wno-float-conversion -Wnon-literal-null-conversion -Wobjc-literal-conversion -Wshorten-64-to-32 -Wno-newline-eof -Wno-selector -Wno-strict-selector-match -Wundeclared-selector -Wdeprecated-implementations -Wno-c++11-extensions -Wno-implicit-fallthrough -isysroot /Applications/Xcode.app/Contents/Developer/Platforms/iPhoneSimulator.platform/Developer/SDKs/iPhoneSimulator26.5.sdk -fstrict-aliasing -Wprotocol -Wdeprecated-declarations -Winvalid-offsetof -Wno-sign-conversion -Winfinite-recursion -Wmove -Wcomma -Wblock-capture-autoreleasing -Wstrict-prototypes -Wrange-loop-analysis -Wno-semicolon-before-method-body -Wunguarded-availability -index-store-path /Users/karelbraborec/Library/Developer/Xcode/DerivedData/revmeter-hbcnswmlqmbpnlazhhkncgeowiss/Index.noindex/DataStore @/Users/karelbraborec/Library/Developer/Xcode/DerivedData/revmeter-hbcnswmlqmbpnlazhhkncgeowiss/Build/Intermediates.noindex/Pods.build/Debug-iphonesimulator/RNScreens.build/Objects-normal/arm64/af3fcb34312c57c0f52879cdce924b91-common-args.resp -DRCT_NEW_ARCH_ENABLED\=1 -include /Users/karelbraborec/rev-meter/ios/Pods/Target\ Support\ Files/RNScreens/RNScreens-prefix.pch -MMD -MT dependencies -MF /Users/karelbraborec/Library/Developer/Xcode/DerivedData/revmeter-hbcnswmlqmbpnlazhhkncgeowiss/Build/Intermediates.noindex/Pods.build/Debug-iphonesimulator/RNScreens.build/Objects-normal/arm64/UIWindow+RNScreens.d --serialize-diagnostics /Users/karelbraborec/Library/Developer/Xcode/DerivedData/revmeter-hbcnswmlqmbpnlazhhkncgeowiss/Build/Intermediates.noindex/Pods.build/Debug-iphonesimulator/RNScreens.build/Objects-normal/arm64/UIWindow+RNScreens.dia -c /Users/karelbraborec/rev-meter/node_modules/react-native-screens/ios/UIWindow+RNScreens.mm -o /Users/karelbraborec/Library/Developer/Xcode/DerivedData/revmeter-hbcnswmlqmbpnlazhhkncgeowiss/Build/Intermediates.noindex/Pods.build/Debug-iphonesimulator/RNScreens.build/Objects-normal/arm64/UIWindow+RNScreens.o -index-unit-output-path /Pods.build/Debug-iphonesimulator/RNScreens.build/Objects-normal/arm64/UIWindow+RNScreens.o

CompileC /Users/karelbraborec/Library/Developer/Xcode/DerivedData/revmeter-hbcnswmlqmbpnlazhhkncgeowiss/Build/Intermediates.noindex/Pods.build/Debug-iphonesimulator/RNScreens.build/Objects-normal/arm64/UIViewController+RNScreens.o /Users/karelbraborec/rev-meter/node_modules/react-native-screens/ios/UIViewController+RNScreens.mm normal arm64 objective-c++ com.apple.compilers.llvm.clang.1_0.compiler (in target 'RNScreens' from project 'Pods')
    cd /Users/karelbraborec/rev-meter/ios/Pods
    
    Using response file: /Users/karelbraborec/Library/Developer/Xcode/DerivedData/revmeter-hbcnswmlqmbpnlazhhkncgeowiss/Build/Intermediates.noindex/Pods.build/Debug-iphonesimulator/RNScreens.build/Objects-normal/arm64/af3fcb34312c57c0f52879cdce924b91-common-args.resp
    
    /Applications/Xcode.app/Contents/Developer/Toolchains/XcodeDefault.xctoolchain/usr/bin/clang -x objective-c++ -ivfsstatcache /Users/karelbraborec/Library/Developer/Xcode/DerivedData/SDKStatCaches.noindex/iphonesimulator26.5-23F81a-6cfe768891a92b912361537c460fe42b.sdkstatcache -target arm64-apple-ios15.1-simulator -fmessage-length\=0 -fdiagnostics-show-note-include-stack -fmacro-backtrace-limit\=0 -fno-color-diagnostics -fmodules-prune-interval\=86400 -fmodules-prune-after\=345600 -fbuild-session-file\=/Users/karelbraborec/Library/Developer/Xcode/DerivedData/ModuleCache.noindex/Session.modulevalidation -fmodules-validate-once-per-build-session -Wnon-modular-include-in-framework-module -Werror\=non-modular-include-in-framework-module -Wno-trigraphs -Wno-missing-field-initializers -Wno-missing-prototypes -Werror\=return-type -Wdocumentation -Wunreachable-code -Wno-implicit-atomic-properties -Werror\=deprecated-objc-isa-usage -Wno-objc-interface-ivars -Werror\=objc-root-class -Wno-arc-repeated-use-of-weak -Wimplicit-retain-self -Wno-non-virtual-dtor -Wno-overloaded-virtual -Wno-exit-time-destructors -Wduplicate-method-match -Wno-missing-braces -Wparentheses -Wswitch -Wunused-function -Wno-unused-label -Wno-unused-parameter -Wunused-variable -Wunused-value -Wempty-body -Wuninitialized -Wconditional-uninitialized -Wno-unknown-pragmas -Wno-shadow -Wno-four-char-constants -Wno-conversion -Wconstant-conversion -Wint-conversion -Wbool-conversion -Wenum-conversion -Wno-float-conversion -Wnon-literal-null-conversion -Wobjc-literal-conversion -Wshorten-64-to-32 -Wno-newline-eof -Wno-selector -Wno-strict-selector-match -Wundeclared-selector -Wdeprecated-implementations -Wno-c++11-extensions -Wno-implicit-fallthrough -isysroot /Applications/Xcode.app/Contents/Developer/Platforms/iPhoneSimulator.platform/Developer/SDKs/iPhoneSimulator26.5.sdk -fstrict-aliasing -Wprotocol -Wdeprecated-declarations -Winvalid-offsetof -Wno-sign-conversion -Winfinite-recursion -Wmove -Wcomma -Wblock-capture-autoreleasing -Wstrict-prototypes -Wrange-loop-analysis -Wno-semicolon-before-method-body -Wunguarded-availability -index-store-path /Users/karelbraborec/Library/Developer/Xcode/DerivedData/revmeter-hbcnswmlqmbpnlazhhkncgeowiss/Index.noindex/DataStore @/Users/karelbraborec/Library/Developer/Xcode/DerivedData/revmeter-hbcnswmlqmbpnlazhhkncgeowiss/Build/Intermediates.noindex/Pods.build/Debug-iphonesimulator/RNScreens.build/Objects-normal/arm64/af3fcb34312c57c0f52879cdce924b91-common-args.resp -DRCT_NEW_ARCH_ENABLED\=1 -include /Users/karelbraborec/rev-meter/ios/Pods/Target\ Support\ Files/RNScreens/RNScreens-prefix.pch -MMD -MT dependencies -MF /Users/karelbraborec/Library/Developer/Xcode/DerivedData/revmeter-hbcnswmlqmbpnlazhhkncgeowiss/Build/Intermediates.noindex/Pods.build/Debug-iphonesimulator/RNScreens.build/Objects-normal/arm64/UIViewController+RNScreens.d --serialize-diagnostics /Users/karelbraborec/Library/Developer/Xcode/DerivedData/revmeter-hbcnswmlqmbpnlazhhkncgeowiss/Build/Intermediates.noindex/Pods.build/Debug-iphonesimulator/RNScreens.build/Objects-normal/arm64/UIViewController+RNScreens.dia -c /Users/karelbraborec/rev-meter/node_modules/react-native-screens/ios/UIViewController+RNScreens.mm -o /Users/karelbraborec/Library/Developer/Xcode/DerivedData/revmeter-hbcnswmlqmbpnlazhhkncgeowiss/Build/Intermediates.noindex/Pods.build/Debug-iphonesimulator/RNScreens.build/Objects-normal/arm64/UIViewController+RNScreens.o -index-unit-output-path /Pods.build/Debug-iphonesimulator/RNScreens.build/Objects-normal/arm64/UIViewController+RNScreens.o

CompileC /Users/karelbraborec/Library/Developer/Xcode/DerivedData/revmeter-hbcnswmlqmbpnlazhhkncgeowiss/Build/Intermediates.noindex/Pods.build/Debug-iphonesimulator/RNScreens.build/Objects-normal/arm64/UIView+RNSUtility.o /Users/karelbraborec/rev-meter/node_modules/react-native-screens/ios/utils/UIView+RNSUtility.mm normal arm64 objective-c++ com.apple.compilers.llvm.clang.1_0.compiler (in target 'RNScreens' from project 'Pods')
    cd /Users/karelbraborec/rev-meter/ios/Pods
    
    Using response file: /Users/karelbraborec/Library/Developer/Xcode/DerivedData/revmeter-hbcnswmlqmbpnlazhhkncgeowiss/Build/Intermediates.noindex/Pods.build/Debug-iphonesimulator/RNScreens.build/Objects-normal/arm64/af3fcb34312c57c0f52879cdce924b91-common-args.resp
    
    /Applications/Xcode.app/Contents/Developer/Toolchains/XcodeDefault.xctoolchain/usr/bin/clang -x objective-c++ -ivfsstatcache /Users/karelbraborec/Library/Developer/Xcode/DerivedData/SDKStatCaches.noindex/iphonesimulator26.5-23F81a-6cfe768891a92b912361537c460fe42b.sdkstatcache -target arm64-apple-ios15.1-simulator -fmessage-length\=0 -fdiagnostics-show-note-include-stack -fmacro-backtrace-limit\=0 -fno-color-diagnostics -fmodules-prune-interval\=86400 -fmodules-prune-after\=345600 -fbuild-session-file\=/Users/karelbraborec/Library/Developer/Xcode/DerivedData/ModuleCache.noindex/Session.modulevalidation -fmodules-validate-once-per-build-session -Wnon-modular-include-in-framework-module -Werror\=non-modular-include-in-framework-module -Wno-trigraphs -Wno-missing-field-initializers -Wno-missing-prototypes -Werror\=return-type -Wdocumentation -Wunreachable-code -Wno-implicit-atomic-properties -Werror\=deprecated-objc-isa-usage -Wno-objc-interface-ivars -Werror\=objc-root-class -Wno-arc-repeated-use-of-weak -Wimplicit-retain-self -Wno-non-virtual-dtor -Wno-overloaded-virtual -Wno-exit-time-destructors -Wduplicate-method-match -Wno-missing-braces -Wparentheses -Wswitch -Wunused-function -Wno-unused-label -Wno-unused-parameter -Wunused-variable -Wunused-value -Wempty-body -Wuninitialized -Wconditional-uninitialized -Wno-unknown-pragmas -Wno-shadow -Wno-four-char-constants -Wno-conversion -Wconstant-conversion -Wint-conversion -Wbool-conversion -Wenum-conversion -Wno-float-conversion -Wnon-literal-null-conversion -Wobjc-literal-conversion -Wshorten-64-to-32 -Wno-newline-eof -Wno-selector -Wno-strict-selector-match -Wundeclared-selector -Wdeprecated-implementations -Wno-c++11-extensions -Wno-implicit-fallthrough -isysroot /Applications/Xcode.app/Contents/Developer/Platforms/iPhoneSimulator.platform/Developer/SDKs/iPhoneSimulator26.5.sdk -fstrict-aliasing -Wprotocol -Wdeprecated-declarations -Winvalid-offsetof -Wno-sign-conversion -Winfinite-recursion -Wmove -Wcomma -Wblock-capture-autoreleasing -Wstrict-prototypes -Wrange-loop-analysis -Wno-semicolon-before-method-body -Wunguarded-availability -index-store-path /Users/karelbraborec/Library/Developer/Xcode/DerivedData/revmeter-hbcnswmlqmbpnlazhhkncgeowiss/Index.noindex/DataStore @/Users/karelbraborec/Library/Developer/Xcode/DerivedData/revmeter-hbcnswmlqmbpnlazhhkncgeowiss/Build/Intermediates.noindex/Pods.build/Debug-iphonesimulator/RNScreens.build/Objects-normal/arm64/af3fcb34312c57c0f52879cdce924b91-common-args.resp -DRCT_NEW_ARCH_ENABLED\=1 -include /Users/karelbraborec/rev-meter/ios/Pods/Target\ Support\ Files/RNScreens/RNScreens-prefix.pch -MMD -MT dependencies -MF /Users/karelbraborec/Library/Developer/Xcode/DerivedData/revmeter-hbcnswmlqmbpnlazhhkncgeowiss/Build/Intermediates.noindex/Pods.build/Debug-iphonesimulator/RNScreens.build/Objects-normal/arm64/UIView+RNSUtility.d --serialize-diagnostics /Users/karelbraborec/Library/Developer/Xcode/DerivedData/revmeter-hbcnswmlqmbpnlazhhkncgeowiss/Build/Intermediates.noindex/Pods.build/Debug-iphonesimulator/RNScreens.build/Objects-normal/arm64/UIView+RNSUtility.dia -c /Users/karelbraborec/rev-meter/node_modules/react-native-screens/ios/utils/UIView+RNSUtility.mm -o /Users/karelbraborec/Library/Developer/Xcode/DerivedData/revmeter-hbcnswmlqmbpnlazhhkncgeowiss/Build/Intermediates.noindex/Pods.build/Debug-iphonesimulator/RNScreens.build/Objects-normal/arm64/UIView+RNSUtility.o -index-unit-output-path /Pods.build/Debug-iphonesimulator/RNScreens.build/Objects-normal/arm64/UIView+RNSUtility.o

CompileC /Users/karelbraborec/Library/Developer/Xcode/DerivedData/revmeter-hbcnswmlqmbpnlazhhkncgeowiss/Build/Intermediates.noindex/Pods.build/Debug-iphonesimulator/RNScreens.build/Objects-normal/arm64/UIScrollView+RNScreens.o /Users/karelbraborec/rev-meter/node_modules/react-native-screens/ios/UIScrollView+RNScreens.mm normal arm64 objective-c++ com.apple.compilers.llvm.clang.1_0.compiler (in target 'RNScreens' from project 'Pods')
    cd /Users/karelbraborec/rev-meter/ios/Pods
    
    Using response file: /Users/karelbraborec/Library/Developer/Xcode/DerivedData/revmeter-hbcnswmlqmbpnlazhhkncgeowiss/Build/Intermediates.noindex/Pods.build/Debug-iphonesimulator/RNScreens.build/Objects-normal/arm64/af3fcb34312c57c0f52879cdce924b91-common-args.resp
    
    /Applications/Xcode.app/Contents/Developer/Toolchains/XcodeDefault.xctoolchain/usr/bin/clang -x objective-c++ -ivfsstatcache /Users/karelbraborec/Library/Developer/Xcode/DerivedData/SDKStatCaches.noindex/iphonesimulator26.5-23F81a-6cfe768891a92b912361537c460fe42b.sdkstatcache -target arm64-apple-ios15.1-simulator -fmessage-length\=0 -fdiagnostics-show-note-include-stack -fmacro-backtrace-limit\=0 -fno-color-diagnostics -fmodules-prune-interval\=86400 -fmodules-prune-after\=345600 -fbuild-session-file\=/Users/karelbraborec/Library/Developer/Xcode/DerivedData/ModuleCache.noindex/Session.modulevalidation -fmodules-validate-once-per-build-session -Wnon-modular-include-in-framework-module -Werror\=non-modular-include-in-framework-module -Wno-trigraphs -Wno-missing-field-initializers -Wno-missing-prototypes -Werror\=return-type -Wdocumentation -Wunreachable-code -Wno-implicit-atomic-properties -Werror\=deprecated-objc-isa-usage -Wno-objc-interface-ivars -Werror\=objc-root-class -Wno-arc-repeated-use-of-weak -Wimplicit-retain-self -Wno-non-virtual-dtor -Wno-overloaded-virtual -Wno-exit-time-destructors -Wduplicate-method-match -Wno-missing-braces -Wparentheses -Wswitch -Wunused-function -Wno-unused-label -Wno-unused-parameter -Wunused-variable -Wunused-value -Wempty-body -Wuninitialized -Wconditional-uninitialized -Wno-unknown-pragmas -Wno-shadow -Wno-four-char-constants -Wno-conversion -Wconstant-conversion -Wint-conversion -Wbool-conversion -Wenum-conversion -Wno-float-conversion -Wnon-literal-null-conversion -Wobjc-literal-conversion -Wshorten-64-to-32 -Wno-newline-eof -Wno-selector -Wno-strict-selector-match -Wundeclared-selector -Wdeprecated-implementations -Wno-c++11-extensions -Wno-implicit-fallthrough -isysroot /Applications/Xcode.app/Contents/Developer/Platforms/iPhoneSimulator.platform/Developer/SDKs/iPhoneSimulator26.5.sdk -fstrict-aliasing -Wprotocol -Wdeprecated-declarations -Winvalid-offsetof -Wno-sign-conversion -Winfinite-recursion -Wmove -Wcomma -Wblock-capture-autoreleasing -Wstrict-prototypes -Wrange-loop-analysis -Wno-semicolon-before-method-body -Wunguarded-availability -index-store-path /Users/karelbraborec/Library/Developer/Xcode/DerivedData/revmeter-hbcnswmlqmbpnlazhhkncgeowiss/Index.noindex/DataStore @/Users/karelbraborec/Library/Developer/Xcode/DerivedData/revmeter-hbcnswmlqmbpnlazhhkncgeowiss/Build/Intermediates.noindex/Pods.build/Debug-iphonesimulator/RNScreens.build/Objects-normal/arm64/af3fcb34312c57c0f52879cdce924b91-common-args.resp -DRCT_NEW_ARCH_ENABLED\=1 -include /Users/karelbraborec/rev-meter/ios/Pods/Target\ Support\ Files/RNScreens/RNScreens-prefix.pch -MMD -MT dependencies -MF /Users/karelbraborec/Library/Developer/Xcode/DerivedData/revmeter-hbcnswmlqmbpnlazhhkncgeowiss/Build/Intermediates.noindex/Pods.build/Debug-iphonesimulator/RNScreens.build/Objects-normal/arm64/UIScrollView+RNScreens.d --serialize-diagnostics /Users/karelbraborec/Library/Developer/Xcode/DerivedData/revmeter-hbcnswmlqmbpnlazhhkncgeowiss/Build/Intermediates.noindex/Pods.build/Debug-iphonesimulator/RNScreens.build/Objects-normal/arm64/UIScrollView+RNScreens.dia -c /Users/karelbraborec/rev-meter/node_modules/react-native-screens/ios/UIScrollView+RNScreens.mm -o /Users/karelbraborec/Library/Developer/Xcode/DerivedData/revmeter-hbcnswmlqmbpnlazhhkncgeowiss/Build/Intermediates.noindex/Pods.build/Debug-iphonesimulator/RNScreens.build/Objects-normal/arm64/UIScrollView+RNScreens.o -index-unit-output-path /Pods.build/Debug-iphonesimulator/RNScreens.build/Objects-normal/arm64/UIScrollView+RNScreens.o

CompileC /Users/karelbraborec/Library/Developer/Xcode/DerivedData/revmeter-hbcnswmlqmbpnlazhhkncgeowiss/Build/Intermediates.noindex/Pods.build/Debug-iphonesimulator/RNScreens.build/Objects-normal/arm64/UINavigationBar+RNSUtility.o /Users/karelbraborec/rev-meter/node_modules/react-native-screens/ios/utils/UINavigationBar+RNSUtility.mm normal arm64 objective-c++ com.apple.compilers.llvm.clang.1_0.compiler (in target 'RNScreens' from project 'Pods')
    cd /Users/karelbraborec/rev-meter/ios/Pods
    
    Using response file: /Users/karelbraborec/Library/Developer/Xcode/DerivedData/revmeter-hbcnswmlqmbpnlazhhkncgeowiss/Build/Intermediates.noindex/Pods.build/Debug-iphonesimulator/RNScreens.build/Objects-normal/arm64/af3fcb34312c57c0f52879cdce924b91-common-args.resp
    
    /Applications/Xcode.app/Contents/Developer/Toolchains/XcodeDefault.xctoolchain/usr/bin/clang -x objective-c++ -ivfsstatcache /Users/karelbraborec/Library/Developer/Xcode/DerivedData/SDKStatCaches.noindex/iphonesimulator26.5-23F81a-6cfe768891a92b912361537c460fe42b.sdkstatcache -target arm64-apple-ios15.1-simulator -fmessage-length\=0 -fdiagnostics-show-note-include-stack -fmacro-backtrace-limit\=0 -fno-color-diagnostics -fmodules-prune-interval\=86400 -fmodules-prune-after\=345600 -fbuild-session-file\=/Users/karelbraborec/Library/Developer/Xcode/DerivedData/ModuleCache.noindex/Session.modulevalidation -fmodules-validate-once-per-build-session -Wnon-modular-include-in-framework-module -Werror\=non-modular-include-in-framework-module -Wno-trigraphs -Wno-missing-field-initializers -Wno-missing-prototypes -Werror\=return-type -Wdocumentation -Wunreachable-code -Wno-implicit-atomic-properties -Werror\=deprecated-objc-isa-usage -Wno-objc-interface-ivars -Werror\=objc-root-class -Wno-arc-repeated-use-of-weak -Wimplicit-retain-self -Wno-non-virtual-dtor -Wno-overloaded-virtual -Wno-exit-time-destructors -Wduplicate-method-match -Wno-missing-braces -Wparentheses -Wswitch -Wunused-function -Wno-unused-label -Wno-unused-parameter -Wunused-variable -Wunused-value -Wempty-body -Wuninitialized -Wconditional-uninitialized -Wno-unknown-pragmas -Wno-shadow -Wno-four-char-constants -Wno-conversion -Wconstant-conversion -Wint-conversion -Wbool-conversion -Wenum-conversion -Wno-float-conversion -Wnon-literal-null-conversion -Wobjc-literal-conversion -Wshorten-64-to-32 -Wno-newline-eof -Wno-selector -Wno-strict-selector-match -Wundeclared-selector -Wdeprecated-implementations -Wno-c++11-extensions -Wno-implicit-fallthrough -isysroot /Applications/Xcode.app/Contents/Developer/Platforms/iPhoneSimulator.platform/Developer/SDKs/iPhoneSimulator26.5.sdk -fstrict-aliasing -Wprotocol -Wdeprecated-declarations -Winvalid-offsetof -Wno-sign-conversion -Winfinite-recursion -Wmove -Wcomma -Wblock-capture-autoreleasing -Wstrict-prototypes -Wrange-loop-analysis -Wno-semicolon-before-method-body -Wunguarded-availability -index-store-path /Users/karelbraborec/Library/Developer/Xcode/DerivedData/revmeter-hbcnswmlqmbpnlazhhkncgeowiss/Index.noindex/DataStore @/Users/karelbraborec/Library/Developer/Xcode/DerivedData/revmeter-hbcnswmlqmbpnlazhhkncgeowiss/Build/Intermediates.noindex/Pods.build/Debug-iphonesimulator/RNScreens.build/Objects-normal/arm64/af3fcb34312c57c0f52879cdce924b91-common-args.resp -DRCT_NEW_ARCH_ENABLED\=1 -include /Users/karelbraborec/rev-meter/ios/Pods/Target\ Support\ Files/RNScreens/RNScreens-prefix.pch -MMD -MT dependencies -MF /Users/karelbraborec/Library/Developer/Xcode/DerivedData/revmeter-hbcnswmlqmbpnlazhhkncgeowiss/Build/Intermediates.noindex/Pods.build/Debug-iphonesimulator/RNScreens.build/Objects-normal/arm64/UINavigationBar+RNSUtility.d --serialize-diagnostics /Users/karelbraborec/Library/Developer/Xcode/DerivedData/revmeter-hbcnswmlqmbpnlazhhkncgeowiss/Build/Intermediates.noindex/Pods.build/Debug-iphonesimulator/RNScreens.build/Objects-normal/arm64/UINavigationBar+RNSUtility.dia -c /Users/karelbraborec/rev-meter/node_modules/react-native-screens/ios/utils/UINavigationBar+RNSUtility.mm -o /Users/karelbraborec/Library/Developer/Xcode/DerivedData/revmeter-hbcnswmlqmbpnlazhhkncgeowiss/Build/Intermediates.noindex/Pods.build/Debug-iphonesimulator/RNScreens.build/Objects-normal/arm64/UINavigationBar+RNSUtility.o -index-unit-output-path /Pods.build/Debug-iphonesimulator/RNScreens.build/Objects-normal/arm64/UINavigationBar+RNSUtility.o

CompileC /Users/karelbraborec/Library/Developer/Xcode/DerivedData/revmeter-hbcnswmlqmbpnlazhhkncgeowiss/Build/Intermediates.noindex/Pods.build/Debug-iphonesimulator/RNScreens.build/Objects-normal/arm64/RNScreensTurboModule.o /Users/karelbraborec/rev-meter/node_modules/react-native-screens/cpp/RNScreensTurboModule.cpp normal arm64 c++ com.apple.compilers.llvm.clang.1_0.compiler (in target 'RNScreens' from project 'Pods')
    cd /Users/karelbraborec/rev-meter/ios/Pods
    
    Using response file: /Users/karelbraborec/Library/Developer/Xcode/DerivedData/revmeter-hbcnswmlqmbpnlazhhkncgeowiss/Build/Intermediates.noindex/Pods.build/Debug-iphonesimulator/RNScreens.build/Objects-normal/arm64/82b82416624d2658e5098eb0a28c15c5-common-args.resp
    
    /Applications/Xcode.app/Contents/Developer/Toolchains/XcodeDefault.xctoolchain/usr/bin/clang -x c++ -ivfsstatcache /Users/karelbraborec/Library/Developer/Xcode/DerivedData/SDKStatCaches.noindex/iphonesimulator26.5-23F81a-6cfe768891a92b912361537c460fe42b.sdkstatcache -target arm64-apple-ios15.1-simulator -fmessage-length\=0 -fdiagnostics-show-note-include-stack -fmacro-backtrace-limit\=0 -fno-color-diagnostics -fmodules-prune-interval\=86400 -fmodules-prune-after\=345600 -fbuild-session-file\=/Users/karelbraborec/Library/Developer/Xcode/DerivedData/ModuleCache.noindex/Session.modulevalidation -fmodules-validate-once-per-build-session -Wnon-modular-include-in-framework-module -Werror\=non-modular-include-in-framework-module -Wno-trigraphs -Wno-missing-field-initializers -Wno-missing-prototypes -Werror\=return-type -Wdocumentation -Wunreachable-code -Werror\=deprecated-objc-isa-usage -Werror\=objc-root-class -Wno-non-virtual-dtor -Wno-overloaded-virtual -Wno-exit-time-destructors -Wno-missing-braces -Wparentheses -Wswitch -Wunused-function -Wno-unused-label -Wno-unused-parameter -Wunused-variable -Wunused-value -Wempty-body -Wuninitialized -Wconditional-uninitialized -Wno-unknown-pragmas -Wno-shadow -Wno-four-char-constants -Wno-conversion -Wconstant-conversion -Wint-conversion -Wbool-conversion -Wenum-conversion -Wno-float-conversion -Wnon-literal-null-conversion -Wobjc-literal-conversion -Wshorten-64-to-32 -Wno-newline-eof -Wno-c++11-extensions -Wno-implicit-fallthrough -isysroot /Applications/Xcode.app/Contents/Developer/Platforms/iPhoneSimulator.platform/Developer/SDKs/iPhoneSimulator26.5.sdk -fstrict-aliasing -Wdeprecated-declarations -Winvalid-offsetof -Wno-sign-conversion -Winfinite-recursion -Wmove -Wcomma -Wblock-capture-autoreleasing -Wstrict-prototypes -Wrange-loop-analysis -Wno-semicolon-before-method-body -Wunguarded-availability -index-store-path /Users/karelbraborec/Library/Developer/Xcode/DerivedData/revmeter-hbcnswmlqmbpnlazhhkncgeowiss/Index.noindex/DataStore @/Users/karelbraborec/Library/Developer/Xcode/DerivedData/revmeter-hbcnswmlqmbpnlazhhkncgeowiss/Build/Intermediates.noindex/Pods.build/Debug-iphonesimulator/RNScreens.build/Objects-normal/arm64/82b82416624d2658e5098eb0a28c15c5-common-args.resp -DRCT_NEW_ARCH_ENABLED\=1 -include /Users/karelbraborec/rev-meter/ios/Pods/Target\ Support\ Files/RNScreens/RNScreens-prefix.pch -MMD -MT dependencies -MF /Users/karelbraborec/Library/Developer/Xcode/DerivedData/revmeter-hbcnswmlqmbpnlazhhkncgeowiss/Build/Intermediates.noindex/Pods.build/Debug-iphonesimulator/RNScreens.build/Objects-normal/arm64/RNScreensTurboModule.d --serialize-diagnostics /Users/karelbraborec/Library/Developer/Xcode/DerivedData/revmeter-hbcnswmlqmbpnlazhhkncgeowiss/Build/Intermediates.noindex/Pods.build/Debug-iphonesimulator/RNScreens.build/Objects-normal/arm64/RNScreensTurboModule.dia -c /Users/karelbraborec/rev-meter/node_modules/react-native-screens/cpp/RNScreensTurboModule.cpp -o /Users/karelbraborec/Library/Developer/Xcode/DerivedData/revmeter-hbcnswmlqmbpnlazhhkncgeowiss/Build/Intermediates.noindex/Pods.build/Debug-iphonesimulator/RNScreens.build/Objects-normal/arm64/RNScreensTurboModule.o -index-unit-output-path /Pods.build/Debug-iphonesimulator/RNScreens.build/Objects-normal/arm64/RNScreensTurboModule.o

CompileC /Users/karelbraborec/Library/Developer/Xcode/DerivedData/revmeter-hbcnswmlqmbpnlazhhkncgeowiss/Build/Intermediates.noindex/Pods.build/Debug-iphonesimulator/RNScreens.build/Objects-normal/arm64/RNSTabsScreenViewController.o /Users/karelbraborec/rev-meter/node_modules/react-native-screens/ios/tabs/screen/RNSTabsScreenViewController.mm normal arm64 objective-c++ com.apple.compilers.llvm.clang.1_0.compiler (in target 'RNScreens' from project 'Pods')
    cd /Users/karelbraborec/rev-meter/ios/Pods
    
    Using response file: /Users/karelbraborec/Library/Developer/Xcode/DerivedData/revmeter-hbcnswmlqmbpnlazhhkncgeowiss/Build/Intermediates.noindex/Pods.build/Debug-iphonesimulator/RNScreens.build/Objects-normal/arm64/af3fcb34312c57c0f52879cdce924b91-common-args.resp
    
    /Applications/Xcode.app/Contents/Developer/Toolchains/XcodeDefault.xctoolchain/usr/bin/clang -x objective-c++ -ivfsstatcache /Users/karelbraborec/Library/Developer/Xcode/DerivedData/SDKStatCaches.noindex/iphonesimulator26.5-23F81a-6cfe768891a92b912361537c460fe42b.sdkstatcache -target arm64-apple-ios15.1-simulator -fmessage-length\=0 -fdiagnostics-show-note-include-stack -fmacro-backtrace-limit\=0 -fno-color-diagnostics -fmodules-prune-interval\=86400 -fmodules-prune-after\=345600 -fbuild-session-file\=/Users/karelbraborec/Library/Developer/Xcode/DerivedData/ModuleCache.noindex/Session.modulevalidation -fmodules-validate-once-per-build-session -Wnon-modular-include-in-framework-module -Werror\=non-modular-include-in-framework-module -Wno-trigraphs -Wno-missing-field-initializers -Wno-missing-prototypes -Werror\=return-type -Wdocumentation -Wunreachable-code -Wno-implicit-atomic-properties -Werror\=deprecated-objc-isa-usage -Wno-objc-interface-ivars -Werror\=objc-root-class -Wno-arc-repeated-use-of-weak -Wimplicit-retain-self -Wno-non-virtual-dtor -Wno-overloaded-virtual -Wno-exit-time-destructors -Wduplicate-method-match -Wno-missing-braces -Wparentheses -Wswitch -Wunused-function -Wno-unused-label -Wno-unused-parameter -Wunused-variable -Wunused-value -Wempty-body -Wuninitialized -Wconditional-uninitialized -Wno-unknown-pragmas -Wno-shadow -Wno-four-char-constants -Wno-conversion -Wconstant-conversion -Wint-conversion -Wbool-conversion -Wenum-conversion -Wno-float-conversion -Wnon-literal-null-conversion -Wobjc-literal-conversion -Wshorten-64-to-32 -Wno-newline-eof -Wno-selector -Wno-strict-selector-match -Wundeclared-selector -Wdeprecated-implementations -Wno-c++11-extensions -Wno-implicit-fallthrough -isysroot /Applications/Xcode.app/Contents/Developer/Platforms/iPhoneSimulator.platform/Developer/SDKs/iPhoneSimulator26.5.sdk -fstrict-aliasing -Wprotocol -Wdeprecated-declarations -Winvalid-offsetof -Wno-sign-conversion -Winfinite-recursion -Wmove -Wcomma -Wblock-capture-autoreleasing -Wstrict-prototypes -Wrange-loop-analysis -Wno-semicolon-before-method-body -Wunguarded-availability -index-store-path /Users/karelbraborec/Library/Developer/Xcode/DerivedData/revmeter-hbcnswmlqmbpnlazhhkncgeowiss/Index.noindex/DataStore @/Users/karelbraborec/Library/Developer/Xcode/DerivedData/revmeter-hbcnswmlqmbpnlazhhkncgeowiss/Build/Intermediates.noindex/Pods.build/Debug-iphonesimulator/RNScreens.build/Objects-normal/arm64/af3fcb34312c57c0f52879cdce924b91-common-args.resp -DRCT_NEW_ARCH_ENABLED\=1 -include /Users/karelbraborec/rev-meter/ios/Pods/Target\ Support\ Files/RNScreens/RNScreens-prefix.pch -MMD -MT dependencies -MF /Users/karelbraborec/Library/Developer/Xcode/DerivedData/revmeter-hbcnswmlqmbpnlazhhkncgeowiss/Build/Intermediates.noindex/Pods.build/Debug-iphonesimulator/RNScreens.build/Objects-normal/arm64/RNSTabsScreenViewController.d --serialize-diagnostics /Users/karelbraborec/Library/Developer/Xcode/DerivedData/revmeter-hbcnswmlqmbpnlazhhkncgeowiss/Build/Intermediates.noindex/Pods.build/Debug-iphonesimulator/RNScreens.build/Objects-normal/arm64/RNSTabsScreenViewController.dia -c /Users/karelbraborec/rev-meter/node_modules/react-native-screens/ios/tabs/screen/RNSTabsScreenViewController.mm -o /Users/karelbraborec/Library/Developer/Xcode/DerivedData/revmeter-hbcnswmlqmbpnlazhhkncgeowiss/Build/Intermediates.noindex/Pods.build/Debug-iphonesimulator/RNScreens.build/Objects-normal/arm64/RNSTabsScreenViewController.o -index-unit-output-path /Pods.build/Debug-iphonesimulator/RNScreens.build/Objects-normal/arm64/RNSTabsScreenViewController.o

CompileC /Users/karelbraborec/Library/Developer/Xcode/DerivedData/revmeter-hbcnswmlqmbpnlazhhkncgeowiss/Build/Intermediates.noindex/Pods.build/Debug-iphonesimulator/RNScreens.build/Objects-normal/arm64/RNSTabsScreenEventEmitter.o /Users/karelbraborec/rev-meter/node_modules/react-native-screens/ios/tabs/screen/RNSTabsScreenEventEmitter.mm normal arm64 objective-c++ com.apple.compilers.llvm.clang.1_0.compiler (in target 'RNScreens' from project 'Pods')
    cd /Users/karelbraborec/rev-meter/ios/Pods
    
    Using response file: /Users/karelbraborec/Library/Developer/Xcode/DerivedData/revmeter-hbcnswmlqmbpnlazhhkncgeowiss/Build/Intermediates.noindex/Pods.build/Debug-iphonesimulator/RNScreens.build/Objects-normal/arm64/af3fcb34312c57c0f52879cdce924b91-common-args.resp
    
    /Applications/Xcode.app/Contents/Developer/Toolchains/XcodeDefault.xctoolchain/usr/bin/clang -x objective-c++ -ivfsstatcache /Users/karelbraborec/Library/Developer/Xcode/DerivedData/SDKStatCaches.noindex/iphonesimulator26.5-23F81a-6cfe768891a92b912361537c460fe42b.sdkstatcache -target arm64-apple-ios15.1-simulator -fmessage-length\=0 -fdiagnostics-show-note-include-stack -fmacro-backtrace-limit\=0 -fno-color-diagnostics -fmodules-prune-interval\=86400 -fmodules-prune-after\=345600 -fbuild-session-file\=/Users/karelbraborec/Library/Developer/Xcode/DerivedData/ModuleCache.noindex/Session.modulevalidation -fmodules-validate-once-per-build-session -Wnon-modular-include-in-framework-module -Werror\=non-modular-include-in-framework-module -Wno-trigraphs -Wno-missing-field-initializers -Wno-missing-prototypes -Werror\=return-type -Wdocumentation -Wunreachable-code -Wno-implicit-atomic-properties -Werror\=deprecated-objc-isa-usage -Wno-objc-interface-ivars -Werror\=objc-root-class -Wno-arc-repeated-use-of-weak -Wimplicit-retain-self -Wno-non-virtual-dtor -Wno-overloaded-virtual -Wno-exit-time-destructors -Wduplicate-method-match -Wno-missing-braces -Wparentheses -Wswitch -Wunused-function -Wno-unused-label -Wno-unused-parameter -Wunused-variable -Wunused-value -Wempty-body -Wuninitialized -Wconditional-uninitialized -Wno-unknown-pragmas -Wno-shadow -Wno-four-char-constants -Wno-conversion -Wconstant-conversion -Wint-conversion -Wbool-conversion -Wenum-conversion -Wno-float-conversion -Wnon-literal-null-conversion -Wobjc-literal-conversion -Wshorten-64-to-32 -Wno-newline-eof -Wno-selector -Wno-strict-selector-match -Wundeclared-selector -Wdeprecated-implementations -Wno-c++11-extensions -Wno-implicit-fallthrough -isysroot /Applications/Xcode.app/Contents/Developer/Platforms/iPhoneSimulator.platform/Developer/SDKs/iPhoneSimulator26.5.sdk -fstrict-aliasing -Wprotocol -Wdeprecated-declarations -Winvalid-offsetof -Wno-sign-conversion -Winfinite-recursion -Wmove -Wcomma -Wblock-capture-autoreleasing -Wstrict-prototypes -Wrange-loop-analysis -Wno-semicolon-before-method-body -Wunguarded-availability -index-store-path /Users/karelbraborec/Library/Developer/Xcode/DerivedData/revmeter-hbcnswmlqmbpnlazhhkncgeowiss/Index.noindex/DataStore @/Users/karelbraborec/Library/Developer/Xcode/DerivedData/revmeter-hbcnswmlqmbpnlazhhkncgeowiss/Build/Intermediates.noindex/Pods.build/Debug-iphonesimulator/RNScreens.build/Objects-normal/arm64/af3fcb34312c57c0f52879cdce924b91-common-args.resp -DRCT_NEW_ARCH_ENABLED\=1 -include /Users/karelbraborec/rev-meter/ios/Pods/Target\ Support\ Files/RNScreens/RNScreens-prefix.pch -MMD -MT dependencies -MF /Users/karelbraborec/Library/Developer/Xcode/DerivedData/revmeter-hbcnswmlqmbpnlazhhkncgeowiss/Build/Intermediates.noindex/Pods.build/Debug-iphonesimulator/RNScreens.build/Objects-normal/arm64/RNSTabsScreenEventEmitter.d --serialize-diagnostics /Users/karelbraborec/Library/Developer/Xcode/DerivedData/revmeter-hbcnswmlqmbpnlazhhkncgeowiss/Build/Intermediates.noindex/Pods.build/Debug-iphonesimulator/RNScreens.build/Objects-normal/arm64/RNSTabsScreenEventEmitter.dia -c /Users/karelbraborec/rev-meter/node_modules/react-native-screens/ios/tabs/screen/RNSTabsScreenEventEmitter.mm -o /Users/karelbraborec/Library/Developer/Xcode/DerivedData/revmeter-hbcnswmlqmbpnlazhhkncgeowiss/Build/Intermediates.noindex/Pods.build/Debug-iphonesimulator/RNScreens.build/Objects-normal/arm64/RNSTabsScreenEventEmitter.o -index-unit-output-path /Pods.build/Debug-iphonesimulator/RNScreens.build/Objects-normal/arm64/RNSTabsScreenEventEmitter.o

CompileC /Users/karelbraborec/Library/Developer/Xcode/DerivedData/revmeter-hbcnswmlqmbpnlazhhkncgeowiss/Build/Intermediates.noindex/Pods.build/Debug-iphonesimulator/RNScreens.build/Objects-normal/arm64/RNSTabsScreenComponentView.o /Users/karelbraborec/rev-meter/node_modules/react-native-screens/ios/tabs/screen/RNSTabsScreenComponentView.mm normal arm64 objective-c++ com.apple.compilers.llvm.clang.1_0.compiler (in target 'RNScreens' from project 'Pods')
    cd /Users/karelbraborec/rev-meter/ios/Pods
    
    Using response file: /Users/karelbraborec/Library/Developer/Xcode/DerivedData/revmeter-hbcnswmlqmbpnlazhhkncgeowiss/Build/Intermediates.noindex/Pods.build/Debug-iphonesimulator/RNScreens.build/Objects-normal/arm64/af3fcb34312c57c0f52879cdce924b91-common-args.resp
    
    /Applications/Xcode.app/Contents/Developer/Toolchains/XcodeDefault.xctoolchain/usr/bin/clang -x objective-c++ -ivfsstatcache /Users/karelbraborec/Library/Developer/Xcode/DerivedData/SDKStatCaches.noindex/iphonesimulator26.5-23F81a-6cfe768891a92b912361537c460fe42b.sdkstatcache -target arm64-apple-ios15.1-simulator -fmessage-length\=0 -fdiagnostics-show-note-include-stack -fmacro-backtrace-limit\=0 -fno-color-diagnostics -fmodules-prune-interval\=86400 -fmodules-prune-after\=345600 -fbuild-session-file\=/Users/karelbraborec/Library/Developer/Xcode/DerivedData/ModuleCache.noindex/Session.modulevalidation -fmodules-validate-once-per-build-session -Wnon-modular-include-in-framework-module -Werror\=non-modular-include-in-framework-module -Wno-trigraphs -Wno-missing-field-initializers -Wno-missing-prototypes -Werror\=return-type -Wdocumentation -Wunreachable-code -Wno-implicit-atomic-properties -Werror\=deprecated-objc-isa-usage -Wno-objc-interface-ivars -Werror\=objc-root-class -Wno-arc-repeated-use-of-weak -Wimplicit-retain-self -Wno-non-virtual-dtor -Wno-overloaded-virtual -Wno-exit-time-destructors -Wduplicate-method-match -Wno-missing-braces -Wparentheses -Wswitch -Wunused-function -Wno-unused-label -Wno-unused-parameter -Wunused-variable -Wunused-value -Wempty-body -Wuninitialized -Wconditional-uninitialized -Wno-unknown-pragmas -Wno-shadow -Wno-four-char-constants -Wno-conversion -Wconstant-conversion -Wint-conversion -Wbool-conversion -Wenum-conversion -Wno-float-conversion -Wnon-literal-null-conversion -Wobjc-literal-conversion -Wshorten-64-to-32 -Wno-newline-eof -Wno-selector -Wno-strict-selector-match -Wundeclared-selector -Wdeprecated-implementations -Wno-c++11-extensions -Wno-implicit-fallthrough -isysroot /Applications/Xcode.app/Contents/Developer/Platforms/iPhoneSimulator.platform/Developer/SDKs/iPhoneSimulator26.5.sdk -fstrict-aliasing -Wprotocol -Wdeprecated-declarations -Winvalid-offsetof -Wno-sign-conversion -Winfinite-recursion -Wmove -Wcomma -Wblock-capture-autoreleasing -Wstrict-prototypes -Wrange-loop-analysis -Wno-semicolon-before-method-body -Wunguarded-availability -index-store-path /Users/karelbraborec/Library/Developer/Xcode/DerivedData/revmeter-hbcnswmlqmbpnlazhhkncgeowiss/Index.noindex/DataStore @/Users/karelbraborec/Library/Developer/Xcode/DerivedData/revmeter-hbcnswmlqmbpnlazhhkncgeowiss/Build/Intermediates.noindex/Pods.build/Debug-iphonesimulator/RNScreens.build/Objects-normal/arm64/af3fcb34312c57c0f52879cdce924b91-common-args.resp -DRCT_NEW_ARCH_ENABLED\=1 -include /Users/karelbraborec/rev-meter/ios/Pods/Target\ Support\ Files/RNScreens/RNScreens-prefix.pch -MMD -MT dependencies -MF /Users/karelbraborec/Library/Developer/Xcode/DerivedData/revmeter-hbcnswmlqmbpnlazhhkncgeowiss/Build/Intermediates.noindex/Pods.build/Debug-iphonesimulator/RNScreens.build/Objects-normal/arm64/RNSTabsScreenComponentView.d --serialize-diagnostics /Users/karelbraborec/Library/Developer/Xcode/DerivedData/revmeter-hbcnswmlqmbpnlazhhkncgeowiss/Build/Intermediates.noindex/Pods.build/Debug-iphonesimulator/RNScreens.build/Objects-normal/arm64/RNSTabsScreenComponentView.dia -c /Users/karelbraborec/rev-meter/node_modules/react-native-screens/ios/tabs/screen/RNSTabsScreenComponentView.mm -o /Users/karelbraborec/Library/Developer/Xcode/DerivedData/revmeter-hbcnswmlqmbpnlazhhkncgeowiss/Build/Intermediates.noindex/Pods.build/Debug-iphonesimulator/RNScreens.build/Objects-normal/arm64/RNSTabsScreenComponentView.o -index-unit-output-path /Pods.build/Debug-iphonesimulator/RNScreens.build/Objects-normal/arm64/RNSTabsScreenComponentView.o

CompileC /Users/karelbraborec/Library/Developer/Xcode/DerivedData/revmeter-hbcnswmlqmbpnlazhhkncgeowiss/Build/Intermediates.noindex/Pods.build/Debug-iphonesimulator/RNScreens.build/Objects-normal/arm64/RNSTabsNavigationStateObserverRegistry.o /Users/karelbraborec/rev-meter/node_modules/react-native-screens/ios/tabs/host/RNSTabsNavigationStateObserverRegistry.mm normal arm64 objective-c++ com.apple.compilers.llvm.clang.1_0.compiler (in target 'RNScreens' from project 'Pods')
    cd /Users/karelbraborec/rev-meter/ios/Pods
    
    Using response file: /Users/karelbraborec/Library/Developer/Xcode/DerivedData/revmeter-hbcnswmlqmbpnlazhhkncgeowiss/Build/Intermediates.noindex/Pods.build/Debug-iphonesimulator/RNScreens.build/Objects-normal/arm64/af3fcb34312c57c0f52879cdce924b91-common-args.resp
    
    /Applications/Xcode.app/Contents/Developer/Toolchains/XcodeDefault.xctoolchain/usr/bin/clang -x objective-c++ -ivfsstatcache /Users/karelbraborec/Library/Developer/Xcode/DerivedData/SDKStatCaches.noindex/iphonesimulator26.5-23F81a-6cfe768891a92b912361537c460fe42b.sdkstatcache -target arm64-apple-ios15.1-simulator -fmessage-length\=0 -fdiagnostics-show-note-include-stack -fmacro-backtrace-limit\=0 -fno-color-diagnostics -fmodules-prune-interval\=86400 -fmodules-prune-after\=345600 -fbuild-session-file\=/Users/karelbraborec/Library/Developer/Xcode/DerivedData/ModuleCache.noindex/Session.modulevalidation -fmodules-validate-once-per-build-session -Wnon-modular-include-in-framework-module -Werror\=non-modular-include-in-framework-module -Wno-trigraphs -Wno-missing-field-initializers -Wno-missing-prototypes -Werror\=return-type -Wdocumentation -Wunreachable-code -Wno-implicit-atomic-properties -Werror\=deprecated-objc-isa-usage -Wno-objc-interface-ivars -Werror\=objc-root-class -Wno-arc-repeated-use-of-weak -Wimplicit-retain-self -Wno-non-virtual-dtor -Wno-overloaded-virtual -Wno-exit-time-destructors -Wduplicate-method-match -Wno-missing-braces -Wparentheses -Wswitch -Wunused-function -Wno-unused-label -Wno-unused-parameter -Wunused-variable -Wunused-value -Wempty-body -Wuninitialized -Wconditional-uninitialized -Wno-unknown-pragmas -Wno-shadow -Wno-four-char-constants -Wno-conversion -Wconstant-conversion -Wint-conversion -Wbool-conversion -Wenum-conversion -Wno-float-conversion -Wnon-literal-null-conversion -Wobjc-literal-conversion -Wshorten-64-to-32 -Wno-newline-eof -Wno-selector -Wno-strict-selector-match -Wundeclared-selector -Wdeprecated-implementations -Wno-c++11-extensions -Wno-implicit-fallthrough -isysroot /Applications/Xcode.app/Contents/Developer/Platforms/iPhoneSimulator.platform/Developer/SDKs/iPhoneSimulator26.5.sdk -fstrict-aliasing -Wprotocol -Wdeprecated-declarations -Winvalid-offsetof -Wno-sign-conversion -Winfinite-recursion -Wmove -Wcomma -Wblock-capture-autoreleasing -Wstrict-prototypes -Wrange-loop-analysis -Wno-semicolon-before-method-body -Wunguarded-availability -index-store-path /Users/karelbraborec/Library/Developer/Xcode/DerivedData/revmeter-hbcnswmlqmbpnlazhhkncgeowiss/Index.noindex/DataStore @/Users/karelbraborec/Library/Developer/Xcode/DerivedData/revmeter-hbcnswmlqmbpnlazhhkncgeowiss/Build/Intermediates.noindex/Pods.build/Debug-iphonesimulator/RNScreens.build/Objects-normal/arm64/af3fcb34312c57c0f52879cdce924b91-common-args.resp -DRCT_NEW_ARCH_ENABLED\=1 -include /Users/karelbraborec/rev-meter/ios/Pods/Target\ Support\ Files/RNScreens/RNScreens-prefix.pch -MMD -MT dependencies -MF /Users/karelbraborec/Library/Developer/Xcode/DerivedData/revmeter-hbcnswmlqmbpnlazhhkncgeowiss/Build/Intermediates.noindex/Pods.build/Debug-iphonesimulator/RNScreens.build/Objects-normal/arm64/RNSTabsNavigationStateObserverRegistry.d --serialize-diagnostics /Users/karelbraborec/Library/Developer/Xcode/DerivedData/revmeter-hbcnswmlqmbpnlazhhkncgeowiss/Build/Intermediates.noindex/Pods.build/Debug-iphonesimulator/RNScreens.build/Objects-normal/arm64/RNSTabsNavigationStateObserverRegistry.dia -c /Users/karelbraborec/rev-meter/node_modules/react-native-screens/ios/tabs/host/RNSTabsNavigationStateObserverRegistry.mm -o /Users/karelbraborec/Library/Developer/Xcode/DerivedData/revmeter-hbcnswmlqmbpnlazhhkncgeowiss/Build/Intermediates.noindex/Pods.build/Debug-iphonesimulator/RNScreens.build/Objects-normal/arm64/RNSTabsNavigationStateObserverRegistry.o -index-unit-output-path /Pods.build/Debug-iphonesimulator/RNScreens.build/Objects-normal/arm64/RNSTabsNavigationStateObserverRegistry.o

CompileC /Users/karelbraborec/Library/Developer/Xcode/DerivedData/revmeter-hbcnswmlqmbpnlazhhkncgeowiss/Build/Intermediates.noindex/Pods.build/Debug-iphonesimulator/RNScreens.build/Objects-normal/arm64/RNSTabsNavigationState.o /Users/karelbraborec/rev-meter/node_modules/react-native-screens/ios/tabs/host/RNSTabsNavigationState.mm normal arm64 objective-c++ com.apple.compilers.llvm.clang.1_0.compiler (in target 'RNScreens' from project 'Pods')
    cd /Users/karelbraborec/rev-meter/ios/Pods
    
    Using response file: /Users/karelbraborec/Library/Developer/Xcode/DerivedData/revmeter-hbcnswmlqmbpnlazhhkncgeowiss/Build/Intermediates.noindex/Pods.build/Debug-iphonesimulator/RNScreens.build/Objects-normal/arm64/af3fcb34312c57c0f52879cdce924b91-common-args.resp
    
    /Applications/Xcode.app/Contents/Developer/Toolchains/XcodeDefault.xctoolchain/usr/bin/clang -x objective-c++ -ivfsstatcache /Users/karelbraborec/Library/Developer/Xcode/DerivedData/SDKStatCaches.noindex/iphonesimulator26.5-23F81a-6cfe768891a92b912361537c460fe42b.sdkstatcache -target arm64-apple-ios15.1-simulator -fmessage-length\=0 -fdiagnostics-show-note-include-stack -fmacro-backtrace-limit\=0 -fno-color-diagnostics -fmodules-prune-interval\=86400 -fmodules-prune-after\=345600 -fbuild-session-file\=/Users/karelbraborec/Library/Developer/Xcode/DerivedData/ModuleCache.noindex/Session.modulevalidation -fmodules-validate-once-per-build-session -Wnon-modular-include-in-framework-module -Werror\=non-modular-include-in-framework-module -Wno-trigraphs -Wno-missing-field-initializers -Wno-missing-prototypes -Werror\=return-type -Wdocumentation -Wunreachable-code -Wno-implicit-atomic-properties -Werror\=deprecated-objc-isa-usage -Wno-objc-interface-ivars -Werror\=objc-root-class -Wno-arc-repeated-use-of-weak -Wimplicit-retain-self -Wno-non-virtual-dtor -Wno-overloaded-virtual -Wno-exit-time-destructors -Wduplicate-method-match -Wno-missing-braces -Wparentheses -Wswitch -Wunused-function -Wno-unused-label -Wno-unused-parameter -Wunused-variable -Wunused-value -Wempty-body -Wuninitialized -Wconditional-uninitialized -Wno-unknown-pragmas -Wno-shadow -Wno-four-char-constants -Wno-conversion -Wconstant-conversion -Wint-conversion -Wbool-conversion -Wenum-conversion -Wno-float-conversion -Wnon-literal-null-conversion -Wobjc-literal-conversion -Wshorten-64-to-32 -Wno-newline-eof -Wno-selector -Wno-strict-selector-match -Wundeclared-selector -Wdeprecated-implementations -Wno-c++11-extensions -Wno-implicit-fallthrough -isysroot /Applications/Xcode.app/Contents/Developer/Platforms/iPhoneSimulator.platform/Developer/SDKs/iPhoneSimulator26.5.sdk -fstrict-aliasing -Wprotocol -Wdeprecated-declarations -Winvalid-offsetof -Wno-sign-conversion -Winfinite-recursion -Wmove -Wcomma -Wblock-capture-autoreleasing -Wstrict-prototypes -Wrange-loop-analysis -Wno-semicolon-before-method-body -Wunguarded-availability -index-store-path /Users/karelbraborec/Library/Developer/Xcode/DerivedData/revmeter-hbcnswmlqmbpnlazhhkncgeowiss/Index.noindex/DataStore @/Users/karelbraborec/Library/Developer/Xcode/DerivedData/revmeter-hbcnswmlqmbpnlazhhkncgeowiss/Build/Intermediates.noindex/Pods.build/Debug-iphonesimulator/RNScreens.build/Objects-normal/arm64/af3fcb34312c57c0f52879cdce924b91-common-args.resp -DRCT_NEW_ARCH_ENABLED\=1 -include /Users/karelbraborec/rev-meter/ios/Pods/Target\ Support\ Files/RNScreens/RNScreens-prefix.pch -MMD -MT dependencies -MF /Users/karelbraborec/Library/Developer/Xcode/DerivedData/revmeter-hbcnswmlqmbpnlazhhkncgeowiss/Build/Intermediates.noindex/Pods.build/Debug-iphonesimulator/RNScreens.build/Objects-normal/arm64/RNSTabsNavigationState.d --serialize-diagnostics /Users/karelbraborec/Library/Developer/Xcode/DerivedData/revmeter-hbcnswmlqmbpnlazhhkncgeowiss/Build/Intermediates.noindex/Pods.build/Debug-iphonesimulator/RNScreens.build/Objects-normal/arm64/RNSTabsNavigationState.dia -c /Users/karelbraborec/rev-meter/node_modules/react-native-screens/ios/tabs/host/RNSTabsNavigationState.mm -o /Users/karelbraborec/Library/Developer/Xcode/DerivedData/revmeter-hbcnswmlqmbpnlazhhkncgeowiss/Build/Intermediates.noindex/Pods.build/Debug-iphonesimulator/RNScreens.build/Objects-normal/arm64/RNSTabsNavigationState.o -index-unit-output-path /Pods.build/Debug-iphonesimulator/RNScreens.build/Objects-normal/arm64/RNSTabsNavigationState.o

CompileC /Users/karelbraborec/Library/Developer/Xcode/DerivedData/revmeter-hbcnswmlqmbpnlazhhkncgeowiss/Build/Intermediates.noindex/Pods.build/Debug-iphonesimulator/RNScreens.build/Objects-normal/arm64/RNSTabsHostState.o /Users/karelbraborec/rev-meter/node_modules/react-native-screens/common/cpp/react/renderer/components/rnscreens/RNSTabsHostState.cpp normal arm64 c++ com.apple.compilers.llvm.clang.1_0.compiler (in target 'RNScreens' from project 'Pods')
    cd /Users/karelbraborec/rev-meter/ios/Pods
    
    Using response file: /Users/karelbraborec/Library/Developer/Xcode/DerivedData/revmeter-hbcnswmlqmbpnlazhhkncgeowiss/Build/Intermediates.noindex/Pods.build/Debug-iphonesimulator/RNScreens.build/Objects-normal/arm64/82b82416624d2658e5098eb0a28c15c5-common-args.resp
    
    /Applications/Xcode.app/Contents/Developer/Toolchains/XcodeDefault.xctoolchain/usr/bin/clang -x c++ -ivfsstatcache /Users/karelbraborec/Library/Developer/Xcode/DerivedData/SDKStatCaches.noindex/iphonesimulator26.5-23F81a-6cfe768891a92b912361537c460fe42b.sdkstatcache -target arm64-apple-ios15.1-simulator -fmessage-length\=0 -fdiagnostics-show-note-include-stack -fmacro-backtrace-limit\=0 -fno-color-diagnostics -fmodules-prune-interval\=86400 -fmodules-prune-after\=345600 -fbuild-session-file\=/Users/karelbraborec/Library/Developer/Xcode/DerivedData/ModuleCache.noindex/Session.modulevalidation -fmodules-validate-once-per-build-session -Wnon-modular-include-in-framework-module -Werror\=non-modular-include-in-framework-module -Wno-trigraphs -Wno-missing-field-initializers -Wno-missing-prototypes -Werror\=return-type -Wdocumentation -Wunreachable-code -Werror\=deprecated-objc-isa-usage -Werror\=objc-root-class -Wno-non-virtual-dtor -Wno-overloaded-virtual -Wno-exit-time-destructors -Wno-missing-braces -Wparentheses -Wswitch -Wunused-function -Wno-unused-label -Wno-unused-parameter -Wunused-variable -Wunused-value -Wempty-body -Wuninitialized -Wconditional-uninitialized -Wno-unknown-pragmas -Wno-shadow -Wno-four-char-constants -Wno-conversion -Wconstant-conversion -Wint-conversion -Wbool-conversion -Wenum-conversion -Wno-float-conversion -Wnon-literal-null-conversion -Wobjc-literal-conversion -Wshorten-64-to-32 -Wno-newline-eof -Wno-c++11-extensions -Wno-implicit-fallthrough -isysroot /Applications/Xcode.app/Contents/Developer/Platforms/iPhoneSimulator.platform/Developer/SDKs/iPhoneSimulator26.5.sdk -fstrict-aliasing -Wdeprecated-declarations -Winvalid-offsetof -Wno-sign-conversion -Winfinite-recursion -Wmove -Wcomma -Wblock-capture-autoreleasing -Wstrict-prototypes -Wrange-loop-analysis -Wno-semicolon-before-method-body -Wunguarded-availability -index-store-path /Users/karelbraborec/Library/Developer/Xcode/DerivedData/revmeter-hbcnswmlqmbpnlazhhkncgeowiss/Index.noindex/DataStore @/Users/karelbraborec/Library/Developer/Xcode/DerivedData/revmeter-hbcnswmlqmbpnlazhhkncgeowiss/Build/Intermediates.noindex/Pods.build/Debug-iphonesimulator/RNScreens.build/Objects-normal/arm64/82b82416624d2658e5098eb0a28c15c5-common-args.resp -DRCT_NEW_ARCH_ENABLED\=1 -include /Users/karelbraborec/rev-meter/ios/Pods/Target\ Support\ Files/RNScreens/RNScreens-prefix.pch -MMD -MT dependencies -MF /Users/karelbraborec/Library/Developer/Xcode/DerivedData/revmeter-hbcnswmlqmbpnlazhhkncgeowiss/Build/Intermediates.noindex/Pods.build/Debug-iphonesimulator/RNScreens.build/Objects-normal/arm64/RNSTabsHostState.d --serialize-diagnostics /Users/karelbraborec/Library/Developer/Xcode/DerivedData/revmeter-hbcnswmlqmbpnlazhhkncgeowiss/Build/Intermediates.noindex/Pods.build/Debug-iphonesimulator/RNScreens.build/Objects-normal/arm64/RNSTabsHostState.dia -c /Users/karelbraborec/rev-meter/node_modules/react-native-screens/common/cpp/react/renderer/components/rnscreens/RNSTabsHostState.cpp -o /Users/karelbraborec/Library/Developer/Xcode/DerivedData/revmeter-hbcnswmlqmbpnlazhhkncgeowiss/Build/Intermediates.noindex/Pods.build/Debug-iphonesimulator/RNScreens.build/Objects-normal/arm64/RNSTabsHostState.o -index-unit-output-path /Pods.build/Debug-iphonesimulator/RNScreens.build/Objects-normal/arm64/RNSTabsHostState.o

CompileC /Users/karelbraborec/Library/Developer/Xcode/DerivedData/revmeter-hbcnswmlqmbpnlazhhkncgeowiss/Build/Intermediates.noindex/Pods.build/Debug-iphonesimulator/RNScreens.build/Objects-normal/arm64/RNSTabsHostShadowNode.o /Users/karelbraborec/rev-meter/node_modules/react-native-screens/common/cpp/react/renderer/components/rnscreens/RNSTabsHostShadowNode.cpp normal arm64 c++ com.apple.compilers.llvm.clang.1_0.compiler (in target 'RNScreens' from project 'Pods')
    cd /Users/karelbraborec/rev-meter/ios/Pods
    
    Using response file: /Users/karelbraborec/Library/Developer/Xcode/DerivedData/revmeter-hbcnswmlqmbpnlazhhkncgeowiss/Build/Intermediates.noindex/Pods.build/Debug-iphonesimulator/RNScreens.build/Objects-normal/arm64/82b82416624d2658e5098eb0a28c15c5-common-args.resp
    
    /Applications/Xcode.app/Contents/Developer/Toolchains/XcodeDefault.xctoolchain/usr/bin/clang -x c++ -ivfsstatcache /Users/karelbraborec/Library/Developer/Xcode/DerivedData/SDKStatCaches.noindex/iphonesimulator26.5-23F81a-6cfe768891a92b912361537c460fe42b.sdkstatcache -target arm64-apple-ios15.1-simulator -fmessage-length\=0 -fdiagnostics-show-note-include-stack -fmacro-backtrace-limit\=0 -fno-color-diagnostics -fmodules-prune-interval\=86400 -fmodules-prune-after\=345600 -fbuild-session-file\=/Users/karelbraborec/Library/Developer/Xcode/DerivedData/ModuleCache.noindex/Session.modulevalidation -fmodules-validate-once-per-build-session -Wnon-modular-include-in-framework-module -Werror\=non-modular-include-in-framework-module -Wno-trigraphs -Wno-missing-field-initializers -Wno-missing-prototypes -Werror\=return-type -Wdocumentation -Wunreachable-code -Werror\=deprecated-objc-isa-usage -Werror\=objc-root-class -Wno-non-virtual-dtor -Wno-overloaded-virtual -Wno-exit-time-destructors -Wno-missing-braces -Wparentheses -Wswitch -Wunused-function -Wno-unused-label -Wno-unused-parameter -Wunused-variable -Wunused-value -Wempty-body -Wuninitialized -Wconditional-uninitialized -Wno-unknown-pragmas -Wno-shadow -Wno-four-char-constants -Wno-conversion -Wconstant-conversion -Wint-conversion -Wbool-conversion -Wenum-conversion -Wno-float-conversion -Wnon-literal-null-conversion -Wobjc-literal-conversion -Wshorten-64-to-32 -Wno-newline-eof -Wno-c++11-extensions -Wno-implicit-fallthrough -isysroot /Applications/Xcode.app/Contents/Developer/Platforms/iPhoneSimulator.platform/Developer/SDKs/iPhoneSimulator26.5.sdk -fstrict-aliasing -Wdeprecated-declarations -Winvalid-offsetof -Wno-sign-conversion -Winfinite-recursion -Wmove -Wcomma -Wblock-capture-autoreleasing -Wstrict-prototypes -Wrange-loop-analysis -Wno-semicolon-before-method-body -Wunguarded-availability -index-store-path /Users/karelbraborec/Library/Developer/Xcode/DerivedData/revmeter-hbcnswmlqmbpnlazhhkncgeowiss/Index.noindex/DataStore @/Users/karelbraborec/Library/Developer/Xcode/DerivedData/revmeter-hbcnswmlqmbpnlazhhkncgeowiss/Build/Intermediates.noindex/Pods.build/Debug-iphonesimulator/RNScreens.build/Objects-normal/arm64/82b82416624d2658e5098eb0a28c15c5-common-args.resp -DRCT_NEW_ARCH_ENABLED\=1 -include /Users/karelbraborec/rev-meter/ios/Pods/Target\ Support\ Files/RNScreens/RNScreens-prefix.pch -MMD -MT dependencies -MF /Users/karelbraborec/Library/Developer/Xcode/DerivedData/revmeter-hbcnswmlqmbpnlazhhkncgeowiss/Build/Intermediates.noindex/Pods.build/Debug-iphonesimulator/RNScreens.build/Objects-normal/arm64/RNSTabsHostShadowNode.d --serialize-diagnostics /Users/karelbraborec/Library/Developer/Xcode/DerivedData/revmeter-hbcnswmlqmbpnlazhhkncgeowiss/Build/Intermediates.noindex/Pods.build/Debug-iphonesimulator/RNScreens.build/Objects-normal/arm64/RNSTabsHostShadowNode.dia -c /Users/karelbraborec/rev-meter/node_modules/react-native-screens/common/cpp/react/renderer/components/rnscreens/RNSTabsHostShadowNode.cpp -o /Users/karelbraborec/Library/Developer/Xcode/DerivedData/revmeter-hbcnswmlqmbpnlazhhkncgeowiss/Build/Intermediates.noindex/Pods.build/Debug-iphonesimulator/RNScreens.build/Objects-normal/arm64/RNSTabsHostShadowNode.o -index-unit-output-path /Pods.build/Debug-iphonesimulator/RNScreens.build/Objects-normal/arm64/RNSTabsHostShadowNode.o

CompileC /Users/karelbraborec/Library/Developer/Xcode/DerivedData/revmeter-hbcnswmlqmbpnlazhhkncgeowiss/Build/Intermediates.noindex/Pods.build/Debug-iphonesimulator/RNScreens.build/Objects-normal/arm64/RNSTabsHostEventEmitter.o /Users/karelbraborec/rev-meter/node_modules/react-native-screens/ios/tabs/host/RNSTabsHostEventEmitter.mm normal arm64 objective-c++ com.apple.compilers.llvm.clang.1_0.compiler (in target 'RNScreens' from project 'Pods')
    cd /Users/karelbraborec/rev-meter/ios/Pods
    
    Using response file: /Users/karelbraborec/Library/Developer/Xcode/DerivedData/revmeter-hbcnswmlqmbpnlazhhkncgeowiss/Build/Intermediates.noindex/Pods.build/Debug-iphonesimulator/RNScreens.build/Objects-normal/arm64/af3fcb34312c57c0f52879cdce924b91-common-args.resp
    
    /Applications/Xcode.app/Contents/Developer/Toolchains/XcodeDefault.xctoolchain/usr/bin/clang -x objective-c++ -ivfsstatcache /Users/karelbraborec/Library/Developer/Xcode/DerivedData/SDKStatCaches.noindex/iphonesimulator26.5-23F81a-6cfe768891a92b912361537c460fe42b.sdkstatcache -target arm64-apple-ios15.1-simulator -fmessage-length\=0 -fdiagnostics-show-note-include-stack -fmacro-backtrace-limit\=0 -fno-color-diagnostics -fmodules-prune-interval\=86400 -fmodules-prune-after\=345600 -fbuild-session-file\=/Users/karelbraborec/Library/Developer/Xcode/DerivedData/ModuleCache.noindex/Session.modulevalidation -fmodules-validate-once-per-build-session -Wnon-modular-include-in-framework-module -Werror\=non-modular-include-in-framework-module -Wno-trigraphs -Wno-missing-field-initializers -Wno-missing-prototypes -Werror\=return-type -Wdocumentation -Wunreachable-code -Wno-implicit-atomic-properties -Werror\=deprecated-objc-isa-usage -Wno-objc-interface-ivars -Werror\=objc-root-class -Wno-arc-repeated-use-of-weak -Wimplicit-retain-self -Wno-non-virtual-dtor -Wno-overloaded-virtual -Wno-exit-time-destructors -Wduplicate-method-match -Wno-missing-braces -Wparentheses -Wswitch -Wunused-function -Wno-unused-label -Wno-unused-parameter -Wunused-variable -Wunused-value -Wempty-body -Wuninitialized -Wconditional-uninitialized -Wno-unknown-pragmas -Wno-shadow -Wno-four-char-constants -Wno-conversion -Wconstant-conversion -Wint-conversion -Wbool-conversion -Wenum-conversion -Wno-float-conversion -Wnon-literal-null-conversion -Wobjc-literal-conversion -Wshorten-64-to-32 -Wno-newline-eof -Wno-selector -Wno-strict-selector-match -Wundeclared-selector -Wdeprecated-implementations -Wno-c++11-extensions -Wno-implicit-fallthrough -isysroot /Applications/Xcode.app/Contents/Developer/Platforms/iPhoneSimulator.platform/Developer/SDKs/iPhoneSimulator26.5.sdk -fstrict-aliasing -Wprotocol -Wdeprecated-declarations -Winvalid-offsetof -Wno-sign-conversion -Winfinite-recursion -Wmove -Wcomma -Wblock-capture-autoreleasing -Wstrict-prototypes -Wrange-loop-analysis -Wno-semicolon-before-method-body -Wunguarded-availability -index-store-path /Users/karelbraborec/Library/Developer/Xcode/DerivedData/revmeter-hbcnswmlqmbpnlazhhkncgeowiss/Index.noindex/DataStore @/Users/karelbraborec/Library/Developer/Xcode/DerivedData/revmeter-hbcnswmlqmbpnlazhhkncgeowiss/Build/Intermediates.noindex/Pods.build/Debug-iphonesimulator/RNScreens.build/Objects-normal/arm64/af3fcb34312c57c0f52879cdce924b91-common-args.resp -DRCT_NEW_ARCH_ENABLED\=1 -include /Users/karelbraborec/rev-meter/ios/Pods/Target\ Support\ Files/RNScreens/RNScreens-prefix.pch -MMD -MT dependencies -MF /Users/karelbraborec/Library/Developer/Xcode/DerivedData/revmeter-hbcnswmlqmbpnlazhhkncgeowiss/Build/Intermediates.noindex/Pods.build/Debug-iphonesimulator/RNScreens.build/Objects-normal/arm64/RNSTabsHostEventEmitter.d --serialize-diagnostics /Users/karelbraborec/Library/Developer/Xcode/DerivedData/revmeter-hbcnswmlqmbpnlazhhkncgeowiss/Build/Intermediates.noindex/Pods.build/Debug-iphonesimulator/RNScreens.build/Objects-normal/arm64/RNSTabsHostEventEmitter.dia -c /Users/karelbraborec/rev-meter/node_modules/react-native-screens/ios/tabs/host/RNSTabsHostEventEmitter.mm -o /Users/karelbraborec/Library/Developer/Xcode/DerivedData/revmeter-hbcnswmlqmbpnlazhhkncgeowiss/Build/Intermediates.noindex/Pods.build/Debug-iphonesimulator/RNScreens.build/Objects-normal/arm64/RNSTabsHostEventEmitter.o -index-unit-output-path /Pods.build/Debug-iphonesimulator/RNScreens.build/Objects-normal/arm64/RNSTabsHostEventEmitter.o
